2025-09-24 15:43:17,954 - INFO - [2016postVFP] MISSING_CENTRAL: ZG1E2Mu/Central/jets/1/mass in Skim_TriLep_DYJets10to50.root
2025-09-24 15:43:17,972 - INFO - [2016postVFP] MISSING_CENTRAL: ZG1E2Mu/Central/jets/1/mass in Skim_TriLep_TTG.root
2025-09-24 15:43:18,008 - INFO - [2016postVFP] MISSING_FILE: /Users/choij/Sync/workspace/ChargedHiggsAnalysisV3/SKNanoOutput/CRPromptSelector/Run1E2Mu_RunSyst/2016postVFP/Skim_TriLep_WZTo3LNu_amcatnlo.root
2025-09-24 15:43:28,886 - INFO - [2016postVFP] MISSING_CENTRAL: ZG1E2Mu/Central/jets/1/mass in Skim_TriLep_DYJets10to50.root
2025-09-24 15:43:28,887 - INFO - [2016postVFP] MISSING_CENTRAL: ZG1E2Mu/Central/jets/1/mass in Skim_TriLep_TTG.root
2025-09-24 15:43:28,888 - INFO - [2016postVFP] MISSING_FILE: /Users/choij/Sync/workspace/ChargedHiggsAnalysisV3/SKNanoOutput/CRPromptSelector/Run1E2Mu_RunSyst/2016postVFP/Skim_TriLep_WZTo3LNu_amcatnlo.root
2025-10-02 21:10:22,933 - INFO - [2016postVFP] MISSING_CENTRAL: ZG1E2Mu/Central/jets/1/mass in Skim_TriLep_DYJets10to50.root
2025-10-02 21:10:23,155 - INFO - [2016postVFP] MISSING_CENTRAL: ZG1E2Mu/Central/jets/1/mass in Skim_TriLep_TTG.root
2025-10-02 21:10:23,738 - INFO - [2016postVFP] MISSING_FILE: /data9/Users/choij/Sync/workspace/ChargedHiggsAnalysisV3/SKNanoOutput/CRPromptSelector/Run1E2Mu_RunSyst/2016postVFP/Skim_TriLep_WZTo3LNu_amcatnlo.root
2025-10-02 21:10:30,322 - INFO - [2016postVFP] MISSING_CENTRAL: ZG1E2Mu/Central/jets/1/mass in Skim_TriLep_DYJets10to50.root
2025-10-02 21:10:30,325 - INFO - [2016postVFP] MISSING_CENTRAL: ZG1E2Mu/Central/jets/1/mass in Skim_TriLep_TTG.root
2025-10-02 21:10:30,330 - INFO - [2016postVFP] MISSING_FILE: /data9/Users/choij/Sync/workspace/ChargedHiggsAnalysisV3/SKNanoOutput/CRPromptSelector/Run1E2Mu_RunSyst/2016postVFP/Skim_TriLep_WZTo3LNu_amcatnlo.root
2025-10-02 23:56:32,777 - INFO - [2016postVFP] MISSING_CENTRAL: ZG1E2Mu/Central/jets/1/mass in Skim_TriLep_DYJets10to50.root
2025-10-02 23:56:32,783 - INFO - [2016postVFP] MISSING_CENTRAL: ZG1E2Mu/Central/jets/1/mass in Skim_TriLep_TTG.root
2025-10-02 23:56:32,821 - INFO - [2016postVFP] MISSING_FILE: /Users/choij/Sync/workspace/ChargedHiggsAnalysisV3/SKNanoOutput/CRPromptSelector/Run1E2Mu_RunSyst/2016postVFP/Skim_TriLep_WZTo3LNu_amcatnlo.root
2025-10-02 23:56:42,079 - INFO - [2016postVFP] MISSING_CENTRAL: ZG1E2Mu/Central/jets/1/mass in Skim_TriLep_DYJets10to50.root
2025-10-02 23:56:42,080 - INFO - [2016postVFP] MISSING_CENTRAL: ZG1E2Mu/Central/jets/1/mass in Skim_TriLep_TTG.root
2025-10-02 23:56:42,081 - INFO - [2016postVFP] MISSING_FILE: /Users/choij/Sync/workspace/ChargedHiggsAnalysisV3/SKNanoOutput/CRPromptSelector/Run1E2Mu_RunSyst/2016postVFP/Skim_TriLep_WZTo3LNu_amcatnlo.root
2025-11-07 13:25:54,051 - INFO - [2016postVFP] MISSING_CENTRAL: ZG1E2Mu/Central/jets/1/mass in Skim_TriLep_DYJets10to50.root
2025-11-07 13:25:54,068 - INFO - [2016postVFP] MISSING_CENTRAL: ZG1E2Mu/Central/jets/1/mass in Skim_TriLep_TTG.root
2025-11-07 13:25:54,119 - INFO - [2016postVFP] MISSING_FILE: /home/choij/Sync/workspace/ChargedHiggsAnalysisV3/SKNanoOutput/CRPromptSelector/Run1E2Mu_RunSyst/2016postVFP/Skim_TriLep_WZTo3LNu_amcatnlo.root
2025-11-07 13:25:59,584 - INFO - [2016postVFP] MISSING_CENTRAL: ZG1E2Mu/Central/jets/1/mass in Skim_TriLep_DYJets10to50.root
2025-11-07 13:25:59,585 - INFO - [2016postVFP] MISSING_CENTRAL: ZG1E2Mu/Central/jets/1/mass in Skim_TriLep_TTG.root
2025-11-07 13:25:59,587 - INFO - [2016postVFP] MISSING_FILE: /home/choij/Sync/workspace/ChargedHiggsAnalysisV3/SKNanoOutput/CRPromptSelector/Run1E2Mu_RunSyst/2016postVFP/Skim_TriLep_WZTo3LNu_amcatnlo.root
2025-11-07 13:28:21,976 - INFO - [2016postVFP] MISSING_CENTRAL: ZG1E2Mu/Central/jets/1/mass in Skim_TriLep_DYJets10to50.root
2025-11-07 13:28:21,985 - INFO - [2016postVFP] MISSING_CENTRAL: ZG1E2Mu/Central/jets/1/mass in Skim_TriLep_TTG.root
2025-11-07 13:28:22,016 - INFO - [2016postVFP] MISSING_FILE: /home/choij/Sync/workspace/ChargedHiggsAnalysisV3/SKNanoOutput/CRPromptSelector/Run1E2Mu_RunSyst/2016postVFP/Skim_TriLep_WZTo3LNu_amcatnlo.root
2025-11-07 13:28:27,041 - INFO - [2016postVFP] MISSING_CENTRAL: ZG1E2Mu/Central/jets/1/mass in Skim_TriLep_DYJets10to50.root
2025-11-07 13:28:27,042 - INFO - [2016postVFP] MISSING_CENTRAL: ZG1E2Mu/Central/jets/1/mass in Skim_TriLep_TTG.root
2025-11-07 13:28:27,045 - INFO - [2016postVFP] MISSING_FILE: /home/choij/Sync/workspace/ChargedHiggsAnalysisV3/SKNanoOutput/CRPromptSelector/Run1E2Mu_RunSyst/2016postVFP/Skim_TriLep_WZTo3LNu_amcatnlo.root
2025-11-07 13:44:45,622 - INFO - [2016postVFP] MISSING_CENTRAL: ZG1E2Mu/Central/jets/1/mass in Skim_TriLep_DYJets10to50.root
2025-11-07 13:44:45,630 - INFO - [2016postVFP] MISSING_CENTRAL: ZG1E2Mu/Central/jets/1/mass in Skim_TriLep_TTG.root
2025-11-07 13:44:45,659 - INFO - [2016postVFP] MISSING_FILE: /home/choij/Sync/workspace/ChargedHiggsAnalysisV3/SKNanoOutput/CRPromptSelector/Run1E2Mu_RunSyst/2016postVFP/Skim_TriLep_WZTo3LNu_amcatnlo.root
2025-11-07 13:44:50,624 - INFO - [2016postVFP] MISSING_CENTRAL: ZG1E2Mu/Central/jets/1/mass in Skim_TriLep_DYJets10to50.root
2025-11-07 13:44:50,625 - INFO - [2016postVFP] MISSING_CENTRAL: ZG1E2Mu/Central/jets/1/mass in Skim_TriLep_TTG.root
2025-11-07 13:44:50,628 - INFO - [2016postVFP] MISSING_FILE: /home/choij/Sync/workspace/ChargedHiggsAnalysisV3/SKNanoOutput/CRPromptSelector/Run1E2Mu_RunSyst/2016postVFP/Skim_TriLep_WZTo3LNu_amcatnlo.root
2025-11-07 14:01:07,300 - INFO - [2016postVFP] MISSING_CENTRAL: ZG1E2Mu/Central/jets/1/mass in Skim_TriLep_DYJets10to50.root
2025-11-07 14:01:07,308 - INFO - [2016postVFP] MISSING_CENTRAL: ZG1E2Mu/Central/jets/1/mass in Skim_TriLep_TTG.root
2025-11-07 14:01:07,336 - INFO - [2016postVFP] MISSING_FILE: /home/choij/Sync/workspace/ChargedHiggsAnalysisV3/SKNanoOutput/CRPromptSelector/Run1E2Mu_RunSyst/2016postVFP/Skim_TriLep_WZTo3LNu_amcatnlo.root
2025-11-07 14:01:12,421 - INFO - [2016postVFP] MISSING_CENTRAL: ZG1E2Mu/Central/jets/1/mass in Skim_TriLep_DYJets10to50.root
2025-11-07 14:01:12,423 - INFO - [2016postVFP] MISSING_CENTRAL: ZG1E2Mu/Central/jets/1/mass in Skim_TriLep_TTG.root
2025-11-07 14:01:12,425 - INFO - [2016postVFP] MISSING_FILE: /home/choij/Sync/workspace/ChargedHiggsAnalysisV3/SKNanoOutput/CRPromptSelector/Run1E2Mu_RunSyst/2016postVFP/Skim_TriLep_WZTo3LNu_amcatnlo.root
2025-11-10 05:51:12,785 - INFO - [2016postVFP] MISSING_CENTRAL: ZG1E2Mu/Central/jets/1/mass in Skim_TriLep_DYJets10to50.root
2025-11-10 05:51:12,803 - INFO - [2016postVFP] MISSING_CENTRAL: ZG1E2Mu/Central/jets/1/mass in Skim_TriLep_TTG.root
2025-11-10 05:51:12,863 - INFO - [2016postVFP] MISSING_FILE: /home/choij/Sync/workspace/ChargedHiggsAnalysisV3/SKNanoOutput/CRPromptSelector/Run1E2Mu_RunSyst/2016postVFP/Skim_TriLep_WZTo3LNu_amcatnlo.root
2025-11-10 05:51:20,228 - INFO - [2016postVFP] MISSING_CENTRAL: ZG1E2Mu/Central/jets/1/mass in Skim_TriLep_DYJets10to50.root
2025-11-10 05:51:20,229 - INFO - [2016postVFP] MISSING_CENTRAL: ZG1E2Mu/Central/jets/1/mass in Skim_TriLep_TTG.root
2025-11-10 05:51:20,232 - INFO - [2016postVFP] MISSING_FILE: /home/choij/Sync/workspace/ChargedHiggsAnalysisV3/SKNanoOutput/CRPromptSelector/Run1E2Mu_RunSyst/2016postVFP/Skim_TriLep_WZTo3LNu_amcatnlo.root
2025-11-10 12:16:08,426 - INFO - [2016postVFP] MISSING_CENTRAL: ZG1E2Mu/Central/jets/1/mass in Skim_TriLep_DYJets10to50.root
2025-11-10 12:16:08,432 - INFO - [2016postVFP] MISSING_CENTRAL: ZG1E2Mu/Central/jets/1/mass in Skim_TriLep_TTG.root
2025-11-10 12:16:08,457 - INFO - [2016postVFP] MISSING_FILE: /home/choij/Sync/workspace/ChargedHiggsAnalysisV3/SKNanoOutput/CRPromptSelector/Run1E2Mu_RunSyst/2016postVFP/Skim_TriLep_WZTo3LNu_amcatnlo.root
2025-11-10 12:16:13,531 - INFO - [2016postVFP] MISSING_CENTRAL: ZG1E2Mu/Central/jets/1/mass in Skim_TriLep_DYJets10to50.root
2025-11-10 12:16:13,533 - INFO - [2016postVFP] MISSING_CENTRAL: ZG1E2Mu/Central/jets/1/mass in Skim_TriLep_TTG.root
2025-11-10 12:16:13,535 - INFO - [2016postVFP] MISSING_FILE: /home/choij/Sync/workspace/ChargedHiggsAnalysisV3/SKNanoOutput/CRPromptSelector/Run1E2Mu_RunSyst/2016postVFP/Skim_TriLep_WZTo3LNu_amcatnlo.root
2025-11-13 11:04:53,686 - INFO - [2016postVFP] MISSING_CENTRAL: ZG1E2Mu/Central/jets/1/mass in Skim_TriLep_DYJets10to50.root
2025-11-13 11:04:54,136 - INFO - [2016postVFP] MISSING_CENTRAL: ZG1E2Mu/Central/jets/1/mass in Skim_TriLep_TTG.root
2025-11-13 11:04:54,727 - INFO - [2016postVFP] MISSING_FILE: /data9/Users/choij/Sync/workspace/ChargedHiggsAnalysisV3/SKNanoOutput/CRPromptSelector/Run1E2Mu_RunSyst/2016postVFP/Skim_TriLep_WZTo3LNu_amcatnlo.root
2025-11-13 11:04:59,663 - INFO - [2016postVFP] MISSING_CENTRAL: ZG1E2Mu/Central/jets/1/mass in Skim_TriLep_DYJets10to50.root
2025-11-13 11:04:59,667 - INFO - [2016postVFP] MISSING_CENTRAL: ZG1E2Mu/Central/jets/1/mass in Skim_TriLep_TTG.root
2025-11-13 11:04:59,674 - INFO - [2016postVFP] MISSING_FILE: /data9/Users/choij/Sync/workspace/ChargedHiggsAnalysisV3/SKNanoOutput/CRPromptSelector/Run1E2Mu_RunSyst/2016postVFP/Skim_TriLep_WZTo3LNu_amcatnlo.root
2025-11-19 00:16:31,765 - INFO - [2016postVFP] MISSING_CENTRAL: ZG1E2Mu/Central/jets/1/mass in Skim_TriLep_DYJets10to50.root
2025-11-19 00:16:31,779 - INFO - [2016postVFP] MISSING_CENTRAL: ZG1E2Mu/Central/jets/1/mass in Skim_TriLep_TTG.root
2025-11-19 00:16:31,831 - INFO - [2016postVFP] MISSING_FILE: /data9/Users/choij/Sync/workspace/ChargedHiggsAnalysisV3/SKNanoOutput/CRPromptSelector/Run1E2Mu_RunSyst/2016postVFP/Skim_TriLep_WZTo3LNu_amcatnlo.root
2025-11-19 00:16:36,470 - INFO - [2016postVFP] MISSING_CENTRAL: ZG1E2Mu/Central/jets/1/mass in Skim_TriLep_DYJets10to50.root
2025-11-19 00:16:36,473 - INFO - [2016postVFP] MISSING_CENTRAL: ZG1E2Mu/Central/jets/1/mass in Skim_TriLep_TTG.root
2025-11-19 00:16:36,479 - INFO - [2016postVFP] MISSING_FILE: /data9/Users/choij/Sync/workspace/ChargedHiggsAnalysisV3/SKNanoOutput/CRPromptSelector/Run1E2Mu_RunSyst/2016postVFP/Skim_TriLep_WZTo3LNu_amcatnlo.root
2025-11-19 15:41:36,942 - INFO - [2016postVFP] MISSING_CENTRAL: ZG1E2Mu/Central/jets/1/mass in Skim_TriLep_DYJets10to50.root
2025-11-19 15:41:36,951 - INFO - [2016postVFP] MISSING_CENTRAL: ZG1E2Mu/Central/jets/1/mass in Skim_TriLep_TTG.root
2025-11-19 15:41:36,988 - INFO - [2016postVFP] MISSING_FILE: /home/choij/Sync/workspace/ChargedHiggsAnalysisV3/SKNanoOutput/CRPromptSelector/Run1E2Mu_RunSyst/2016postVFP/Skim_TriLep_WZTo3LNu_amcatnlo.root
2025-11-19 15:41:42,852 - INFO - [2016postVFP] MISSING_CENTRAL: ZG1E2Mu/Central/jets/1/mass in Skim_TriLep_DYJets10to50.root
2025-11-19 15:41:42,853 - INFO - [2016postVFP] MISSING_CENTRAL: ZG1E2Mu/Central/jets/1/mass in Skim_TriLep_TTG.root
2025-11-19 15:41:42,855 - INFO - [2016postVFP] MISSING_FILE: /home/choij/Sync/workspace/ChargedHiggsAnalysisV3/SKNanoOutput/CRPromptSelector/Run1E2Mu_RunSyst/2016postVFP/Skim_TriLep_WZTo3LNu_amcatnlo.root
2025-11-19 16:18:27,986 - INFO - [2016postVFP] MISSING_CENTRAL: ZG1E2Mu/Central/jets/1/mass in Skim_TriLep_DYJets10to50.root
2025-11-19 16:18:27,994 - INFO - [2016postVFP] MISSING_CENTRAL: ZG1E2Mu/Central/jets/1/mass in Skim_TriLep_TTG.root
2025-11-19 16:18:28,023 - INFO - [2016postVFP] MISSING_FILE: /home/choij/Sync/workspace/ChargedHiggsAnalysisV3/SKNanoOutput/CRPromptSelector/Run1E2Mu_RunSyst/2016postVFP/Skim_TriLep_WZTo3LNu_amcatnlo.root
2025-11-19 16:18:33,079 - INFO - [2016postVFP] MISSING_CENTRAL: ZG1E2Mu/Central/jets/1/mass in Skim_TriLep_DYJets10to50.root
2025-11-19 16:18:33,080 - INFO - [2016postVFP] MISSING_CENTRAL: ZG1E2Mu/Central/jets/1/mass in Skim_TriLep_TTG.root
2025-11-19 16:18:33,082 - INFO - [2016postVFP] MISSING_FILE: /home/choij/Sync/workspace/ChargedHiggsAnalysisV3/SKNanoOutput/CRPromptSelector/Run1E2Mu_RunSyst/2016postVFP/Skim_TriLep_WZTo3LNu_amcatnlo.root
2025-12-17 12:24:48,887 - INFO - [2016postVFP] MISSING_CENTRAL: ZG1E2Mu/Central/jets/1/mass in Skim_TriLep_DYJets10to50.root
2025-12-17 12:24:48,901 - INFO - [2016postVFP] MISSING_CENTRAL: ZG1E2Mu/Central/jets/1/mass in Skim_TriLep_TTG.root
2025-12-17 12:24:55,188 - INFO - [2016postVFP] MISSING_CENTRAL: ZG1E2Mu/Central/jets/1/mass in Skim_TriLep_DYJets10to50.root
2025-12-17 12:24:55,189 - INFO - [2016postVFP] MISSING_CENTRAL: ZG1E2Mu/Central/jets/1/mass in Skim_TriLep_TTG.root
2025-12-17 16:06:42,209 - INFO - [2016postVFP] MISSING_CENTRAL: ZG1E2Mu/Central/jets/1/mass in Skim_TriLep_DYJets10to50.root
2025-12-17 16:06:42,210 - INFO - [2016postVFP] MISSING_CENTRAL: ZG1E2Mu/Central/jets/1/mass in Skim_TriLep_TTG.root
2025-12-17 16:06:48,350 - INFO - [2016postVFP] MISSING_CENTRAL: ZG1E2Mu/Central/jets/1/mass in Skim_TriLep_DYJets10to50.root
2025-12-17 16:06:48,351 - INFO - [2016postVFP] MISSING_CENTRAL: ZG1E2Mu/Central/jets/1/mass in Skim_TriLep_TTG.root
2025-12-17 22:32:08,274 - INFO - [2016postVFP] MISSING_CENTRAL: ZG1E2Mu/Central/jets/1/mass in Skim_TriLep_DYJets10to50.root
2025-12-17 22:32:08,276 - INFO - [2016postVFP] MISSING_CENTRAL: ZG1E2Mu/Central/jets/1/mass in Skim_TriLep_TTG.root
2025-12-17 22:32:14,444 - INFO - [2016postVFP] MISSING_CENTRAL: ZG1E2Mu/Central/jets/1/mass in Skim_TriLep_DYJets10to50.root
2025-12-17 22:32:14,445 - INFO - [2016postVFP] MISSING_CENTRAL: ZG1E2Mu/Central/jets/1/mass in Skim_TriLep_TTG.root
2025-12-18 14:11:13,832 - INFO - [2016postVFP] MISSING_CENTRAL: ZG1E2Mu/Central/jets/1/mass in Skim_TriLep_DYJets10to50.root
2025-12-18 14:11:13,833 - INFO - [2016postVFP] MISSING_CENTRAL: ZG1E2Mu/Central/jets/1/mass in Skim_TriLep_TTG.root
2025-12-18 14:11:18,112 - INFO - [2016postVFP] MISSING_CENTRAL: ZG1E2Mu/Central/jets/1/mass in Skim_TriLep_DYJets10to50.root
2025-12-18 14:11:18,113 - INFO - [2016postVFP] MISSING_CENTRAL: ZG1E2Mu/Central/jets/1/mass in Skim_TriLep_TTG.root
2025-12-18 14:15:18,159 - INFO - [2016postVFP] MISSING_CENTRAL: ZG1E2Mu/Central/jets/1/mass in Skim_TriLep_DYJets10to50.root
2025-12-18 14:15:18,165 - INFO - [2016postVFP] MISSING_CENTRAL: ZG1E2Mu/Central/jets/1/mass in Skim_TriLep_TTG.root
2025-12-18 14:15:23,011 - INFO - [2016postVFP] MISSING_CENTRAL: ZG1E2Mu/Central/jets/1/mass in Skim_TriLep_DYJets10to50.root
2025-12-18 14:15:23,017 - INFO - [2016postVFP] MISSING_CENTRAL: ZG1E2Mu/Central/jets/1/mass in Skim_TriLep_TTG.root
2025-12-18 14:30:49,396 - INFO - [2016postVFP] MISSING_CENTRAL: ZG1E2Mu/Central/jets/1/mass in Skim_TriLep_DYJets10to50.root
2025-12-18 14:30:49,397 - INFO - [2016postVFP] MISSING_CENTRAL: ZG1E2Mu/Central/jets/1/mass in Skim_TriLep_TTG.root
2025-12-18 14:30:54,849 - INFO - [2016postVFP] MISSING_CENTRAL: ZG1E2Mu/Central/jets/1/mass in Skim_TriLep_DYJets10to50.root
2025-12-18 14:30:54,850 - INFO - [2016postVFP] MISSING_CENTRAL: ZG1E2Mu/Central/jets/1/mass in Skim_TriLep_TTG.root
2026-01-07 11:41:04,762 - INFO - [2016postVFP] MISSING_FILE: /data9/Users/choij/Sync/workspace/ChargedHiggsAnalysisV3/SKNanoOutput/CRPromptSelector/Run1E2Mu/2016postVFP/Skim_TriLep_MuonEG_F.root
2026-01-07 11:41:04,762 - INFO - [2016postVFP] MISSING_FILE: /data9/Users/choij/Sync/workspace/ChargedHiggsAnalysisV3/SKNanoOutput/CRPromptSelector/Run1E2Mu/2016postVFP/Skim_TriLep_MuonEG_G.root
2026-01-07 11:41:04,762 - INFO - [2016postVFP] MISSING_FILE: /data9/Users/choij/Sync/workspace/ChargedHiggsAnalysisV3/SKNanoOutput/CRPromptSelector/Run1E2Mu/2016postVFP/Skim_TriLep_MuonEG_H.root
2026-01-07 11:41:08,863 - INFO - [2016postVFP] MISSING_FILE: /data9/Users/choij/Sync/workspace/ChargedHiggsAnalysisV3/SKNanoOutput/CRPromptSelector/Run1E2Mu/2016postVFP/Skim_TriLep_MuonEG_F.root
2026-01-07 11:41:08,863 - INFO - [2016postVFP] MISSING_FILE: /data9/Users/choij/Sync/workspace/ChargedHiggsAnalysisV3/SKNanoOutput/CRPromptSelector/Run1E2Mu/2016postVFP/Skim_TriLep_MuonEG_G.root
2026-01-07 11:41:08,863 - INFO - [2016postVFP] MISSING_FILE: /data9/Users/choij/Sync/workspace/ChargedHiggsAnalysisV3/SKNanoOutput/CRPromptSelector/Run1E2Mu/2016postVFP/Skim_TriLep_MuonEG_H.root
2026-01-07 18:38:15,993 - INFO - [2016postVFP] MISSING_CENTRAL: ZG1E2Mu/Central/jets/1/mass in Skim_TriLep_DYJets10to50.root
2026-01-07 18:38:15,994 - INFO - [2016postVFP] MISSING_CENTRAL: ZG1E2Mu/Central/jets/1/mass in Skim_TriLep_TTG.root
2026-01-07 18:38:20,843 - INFO - [2016postVFP] MISSING_CENTRAL: ZG1E2Mu/Central/jets/1/mass in Skim_TriLep_DYJets10to50.root
2026-01-07 18:38:20,844 - INFO - [2016postVFP] MISSING_CENTRAL: ZG1E2Mu/Central/jets/1/mass in Skim_TriLep_TTG.root
2026-01-09 12:11:34,640 - INFO - [2016postVFP] MISSING_CENTRAL: ZG1E2Mu/Central/jets/1/mass in Skim_TriLep_DYJets10to50.root
2026-01-09 12:11:34,641 - INFO - [2016postVFP] MISSING_CENTRAL: ZG1E2Mu/Central/jets/1/mass in Skim_TriLep_TTG.root
2026-01-09 12:11:39,616 - INFO - [2016postVFP] MISSING_CENTRAL: ZG1E2Mu/Central/jets/1/mass in Skim_TriLep_DYJets10to50.root
2026-01-09 12:11:39,616 - INFO - [2016postVFP] MISSING_CENTRAL: ZG1E2Mu/Central/jets/1/mass in Skim_TriLep_TTG.root
2026-01-11 09:31:39,137 - INFO - [2016postVFP] MISSING_CENTRAL: ZG1E2Mu/Central/jets/1/mass in Skim_TriLep_DYJets10to50.root
2026-01-11 09:31:39,138 - INFO - [2016postVFP] MISSING_CENTRAL: ZG1E2Mu/Central/jets/1/mass in Skim_TriLep_TTG.root
2026-01-11 09:31:44,281 - INFO - [2016postVFP] MISSING_CENTRAL: ZG1E2Mu/Central/jets/1/mass in Skim_TriLep_DYJets10to50.root
2026-01-11 09:31:44,282 - INFO - [2016postVFP] MISSING_CENTRAL: ZG1E2Mu/Central/jets/1/mass in Skim_TriLep_TTG.root
2026-01-12 13:40:12,136 - INFO - [2016postVFP] MISSING_CENTRAL: ZG1E2Mu/Central/jets/1/mass in Skim_TriLep_DYJets10to50.root
2026-01-12 13:40:12,137 - INFO - [2016postVFP] MISSING_CENTRAL: ZG1E2Mu/Central/jets/1/mass in Skim_TriLep_TTG.root
2026-01-12 13:40:17,271 - INFO - [2016postVFP] MISSING_CENTRAL: ZG1E2Mu/Central/jets/1/mass in Skim_TriLep_DYJets10to50.root
2026-01-12 13:40:17,272 - INFO - [2016postVFP] MISSING_CENTRAL: ZG1E2Mu/Central/jets/1/mass in Skim_TriLep_TTG.root
2026-01-16 18:55:34,602 - INFO - [2016postVFP] MISSING_CENTRAL: ZG1E2Mu/Central/jets/1/mass in Skim_TriLep_DYJets10to50.root
2026-01-16 18:55:34,603 - INFO - [2016postVFP] MISSING_CENTRAL: ZG1E2Mu/Central/jets/1/mass in Skim_TriLep_TTG.root
2026-01-16 18:55:39,796 - INFO - [2016postVFP] MISSING_CENTRAL: ZG1E2Mu/Central/jets/1/mass in Skim_TriLep_DYJets10to50.root
2026-01-16 18:55:39,796 - INFO - [2016postVFP] MISSING_CENTRAL: ZG1E2Mu/Central/jets/1/mass in Skim_TriLep_TTG.root
2026-01-28 14:59:02,134 - INFO - [2016postVFP] MISSING_CENTRAL: ZG1E2Mu/Central/jets/1/mass in Skim_TriLep_DYJets10to50.root
2026-01-28 14:59:02,135 - INFO - [2016postVFP] MISSING_CENTRAL: ZG1E2Mu/Central/jets/1/mass in Skim_TriLep_TTG.root
2026-01-28 14:59:07,066 - INFO - [2016postVFP] MISSING_CENTRAL: ZG1E2Mu/Central/jets/1/mass in Skim_TriLep_DYJets10to50.root
2026-01-28 14:59:07,067 - INFO - [2016postVFP] MISSING_CENTRAL: ZG1E2Mu/Central/jets/1/mass in Skim_TriLep_TTG.root
2026-01-28 15:11:38,390 - INFO - [2016postVFP] MISSING_CENTRAL: ZG1E2Mu/Central/jets/1/mass in Skim_TriLep_DYJets10to50.root
2026-01-28 15:11:38,391 - INFO - [2016postVFP] MISSING_CENTRAL: ZG1E2Mu/Central/jets/1/mass in Skim_TriLep_TTG.root
2026-01-28 15:11:43,295 - INFO - [2016postVFP] MISSING_CENTRAL: ZG1E2Mu/Central/jets/1/mass in Skim_TriLep_DYJets10to50.root
2026-01-28 15:11:43,296 - INFO - [2016postVFP] MISSING_CENTRAL: ZG1E2Mu/Central/jets/1/mass in Skim_TriLep_TTG.root
2026-01-28 17:16:29,805 - INFO - [2016postVFP] MISSING_CENTRAL: ZG1E2Mu/Central/jets/1/mass in Skim_TriLep_DYJets10to50.root
2026-01-28 17:16:29,806 - INFO - [2016postVFP] MISSING_CENTRAL: ZG1E2Mu/Central/jets/1/mass in Skim_TriLep_TTG.root
2026-01-28 17:16:35,260 - INFO - [2016postVFP] MISSING_CENTRAL: ZG1E2Mu/Central/jets/1/mass in Skim_TriLep_DYJets10to50.root
2026-01-28 17:16:35,261 - INFO - [2016postVFP] MISSING_CENTRAL: ZG1E2Mu/Central/jets/1/mass in Skim_TriLep_TTG.root
2026-01-28 19:50:10,842 - INFO - [2016postVFP] MISSING_CENTRAL: ZG1E2Mu/Central/jets/1/mass in Skim_TriLep_DYJets10to50.root
2026-01-28 19:50:10,842 - INFO - [2016postVFP] MISSING_CENTRAL: ZG1E2Mu/Central/jets/1/mass in Skim_TriLep_TTG.root
2026-01-28 19:50:15,950 - INFO - [2016postVFP] MISSING_CENTRAL: ZG1E2Mu/Central/jets/1/mass in Skim_TriLep_DYJets10to50.root
2026-01-28 19:50:15,951 - INFO - [2016postVFP] MISSING_CENTRAL: ZG1E2Mu/Central/jets/1/mass in Skim_TriLep_TTG.root
2026-01-29 07:07:42,485 - INFO - [2016postVFP] MISSING_CENTRAL: ZG1E2Mu/Central/jets/1/mass in Skim_TriLep_DYJets10to50.root
2026-01-29 07:07:42,485 - INFO - [2016postVFP] MISSING_CENTRAL: ZG1E2Mu/Central/jets/1/mass in Skim_TriLep_TTG.root
2026-01-29 07:07:47,393 - INFO - [2016postVFP] MISSING_CENTRAL: ZG1E2Mu/Central/jets/1/mass in Skim_TriLep_DYJets10to50.root
2026-01-29 07:07:47,393 - INFO - [2016postVFP] MISSING_CENTRAL: ZG1E2Mu/Central/jets/1/mass in Skim_TriLep_TTG.root
2026-03-02 11:59:39,429 - INFO - [2016postVFP] MISSING_CENTRAL: ZG1E2Mu/Central/jets/1/mass in Skim_TriLep_DYJets10to50.root
2026-03-02 11:59:39,429 - INFO - [2016postVFP] MISSING_CENTRAL: ZG1E2Mu/Central/jets/1/mass in Skim_TriLep_TTG.root
2026-03-02 11:59:44,131 - INFO - [2016postVFP] MISSING_CENTRAL: ZG1E2Mu/Central/jets/1/mass in Skim_TriLep_DYJets10to50.root
2026-03-02 11:59:44,132 - INFO - [2016postVFP] MISSING_CENTRAL: ZG1E2Mu/Central/jets/1/mass in Skim_TriLep_TTG.root
2026-04-10 20:10:00,195 - INFO - [2016postVFP] MISSING_CENTRAL: ZG1E2Mu/Central/jets/1/mass in Skim_TriLep_DYJets10to50.root
2026-04-10 20:10:00,196 - INFO - [2016postVFP] MISSING_CENTRAL: ZG1E2Mu/Central/jets/1/mass in Skim_TriLep_TTG.root
2026-04-10 20:10:04,754 - INFO - [2016postVFP] MISSING_CENTRAL: ZG1E2Mu/Central/jets/1/mass in Skim_TriLep_DYJets10to50.root
2026-04-10 20:10:04,755 - INFO - [2016postVFP] MISSING_CENTRAL: ZG1E2Mu/Central/jets/1/mass in Skim_TriLep_TTG.root
2026-04-10 20:12:00,219 - INFO - [2016postVFP] MISSING_CENTRAL: ZG1E2Mu/Central/jets/1/mass in Skim_TriLep_DYJets10to50.root
2026-04-10 20:12:00,220 - INFO - [2016postVFP] MISSING_CENTRAL: ZG1E2Mu/Central/jets/1/mass in Skim_TriLep_TTG.root
2026-04-10 20:12:04,862 - INFO - [2016postVFP] MISSING_CENTRAL: ZG1E2Mu/Central/jets/1/mass in Skim_TriLep_DYJets10to50.root
2026-04-10 20:12:04,863 - INFO - [2016postVFP] MISSING_CENTRAL: ZG1E2Mu/Central/jets/1/mass in Skim_TriLep_TTG.root
2026-04-12 11:26:37,560 - INFO - [2016postVFP] MISSING_CENTRAL: ZG1E2Mu/Central/jets/1/mass in Skim_TriLep_DYJets10to50.root
2026-04-12 11:26:37,561 - INFO - [2016postVFP] MISSING_CENTRAL: ZG1E2Mu/Central/jets/1/mass in Skim_TriLep_TTG.root
2026-04-12 11:26:42,204 - INFO - [2016postVFP] MISSING_CENTRAL: ZG1E2Mu/Central/jets/1/mass in Skim_TriLep_DYJets10to50.root
2026-04-12 11:26:42,204 - INFO - [2016postVFP] MISSING_CENTRAL: ZG1E2Mu/Central/jets/1/mass in Skim_TriLep_TTG.root
2026-04-12 11:55:42,777 - INFO - [2016postVFP] MISSING_CENTRAL: ZG1E2Mu/Central/jets/1/mass in Skim_TriLep_DYJets10to50.root
2026-04-12 11:55:42,777 - INFO - [2016postVFP] MISSING_CENTRAL: ZG1E2Mu/Central/jets/1/mass in Skim_TriLep_TTG.root
2026-04-12 11:55:47,222 - INFO - [2016postVFP] MISSING_CENTRAL: ZG1E2Mu/Central/jets/1/mass in Skim_TriLep_DYJets10to50.root
2026-04-12 11:55:47,222 - INFO - [2016postVFP] MISSING_CENTRAL: ZG1E2Mu/Central/jets/1/mass in Skim_TriLep_TTG.root
2026-04-12 12:09:15,769 - INFO - [2016postVFP] MISSING_CENTRAL: ZG1E2Mu/Central/jets/1/mass in Skim_TriLep_DYJets10to50.root
2026-04-12 12:09:15,770 - INFO - [2016postVFP] MISSING_CENTRAL: ZG1E2Mu/Central/jets/1/mass in Skim_TriLep_TTG.root
2026-04-12 12:09:20,641 - INFO - [2016postVFP] MISSING_CENTRAL: ZG1E2Mu/Central/jets/1/mass in Skim_TriLep_DYJets10to50.root
2026-04-12 12:09:20,642 - INFO - [2016postVFP] MISSING_CENTRAL: ZG1E2Mu/Central/jets/1/mass in Skim_TriLep_TTG.root
2026-04-12 12:28:55,306 - INFO - [2016postVFP] MISSING_CENTRAL: ZG1E2Mu/Central/jets/1/mass in Skim_TriLep_DYJets10to50.root
2026-04-12 12:28:55,307 - INFO - [2016postVFP] MISSING_CENTRAL: ZG1E2Mu/Central/jets/1/mass in Skim_TriLep_TTG.root
2026-04-12 12:28:59,819 - INFO - [2016postVFP] MISSING_CENTRAL: ZG1E2Mu/Central/jets/1/mass in Skim_TriLep_DYJets10to50.root
2026-04-12 12:28:59,820 - INFO - [2016postVFP] MISSING_CENTRAL: ZG1E2Mu/Central/jets/1/mass in Skim_TriLep_TTG.root
2026-04-12 13:11:44,858 - INFO - [2016postVFP] MISSING_CENTRAL: ZG1E2Mu/Central/jets/1/mass in Skim_TriLep_DYJets10to50.root
2026-04-12 13:11:44,859 - INFO - [2016postVFP] MISSING_CENTRAL: ZG1E2Mu/Central/jets/1/mass in Skim_TriLep_TTG.root
2026-04-12 13:11:49,668 - INFO - [2016postVFP] MISSING_CENTRAL: ZG1E2Mu/Central/jets/1/mass in Skim_TriLep_DYJets10to50.root
2026-04-12 13:11:49,669 - INFO - [2016postVFP] MISSING_CENTRAL: ZG1E2Mu/Central/jets/1/mass in Skim_TriLep_TTG.root
2026-04-12 20:36:43,794 - INFO - [2016postVFP] MISSING_CENTRAL: ZG1E2Mu/Central/jets/1/mass in Skim_TriLep_DYJets10to50.root
2026-04-12 20:36:43,794 - INFO - [2016postVFP] MISSING_CENTRAL: ZG1E2Mu/Central/jets/1/mass in Skim_TriLep_TTG.root
2026-04-12 20:36:49,062 - INFO - [2016postVFP] MISSING_CENTRAL: ZG1E2Mu/Central/jets/1/mass in Skim_TriLep_DYJets10to50.root
2026-04-12 20:36:49,062 - INFO - [2016postVFP] MISSING_CENTRAL: ZG1E2Mu/Central/jets/1/mass in Skim_TriLep_TTG.root
2026-04-12 21:08:30,229 - INFO - [2016postVFP] MISSING_CENTRAL: ZG1E2Mu/Central/jets/1/mass in Skim_TriLep_DYJets10to50.root
2026-04-12 21:08:30,229 - INFO - [2016postVFP] MISSING_CENTRAL: ZG1E2Mu/Central/jets/1/mass in Skim_TriLep_TTG.root
2026-04-12 21:08:34,822 - INFO - [2016postVFP] MISSING_CENTRAL: ZG1E2Mu/Central/jets/1/mass in Skim_TriLep_DYJets10to50.root
2026-04-12 21:08:34,823 - INFO - [2016postVFP] MISSING_CENTRAL: ZG1E2Mu/Central/jets/1/mass in Skim_TriLep_TTG.root
2026-04-13 12:45:53,314 - INFO - [2016postVFP] MISSING_CENTRAL: ZG1E2Mu/Central/jets/1/mass in Skim_TriLep_DYJets10to50.root
2026-04-13 12:45:53,315 - INFO - [2016postVFP] MISSING_CENTRAL: ZG1E2Mu/Central/jets/1/mass in Skim_TriLep_TTG.root
2026-04-13 12:45:57,892 - INFO - [2016postVFP] MISSING_CENTRAL: ZG1E2Mu/Central/jets/1/mass in Skim_TriLep_DYJets10to50.root
2026-04-13 12:45:57,892 - INFO - [2016postVFP] MISSING_CENTRAL: ZG1E2Mu/Central/jets/1/mass in Skim_TriLep_TTG.root
2026-06-12 14:02:17,109 - INFO - [2016postVFP] MISSING_CENTRAL: ZG1E2Mu/Central/jets/1/mass in Skim_TriLep_DYJets10to50.root
2026-06-12 14:02:17,110 - INFO - [2016postVFP] MISSING_CENTRAL: ZG1E2Mu/Central/jets/1/mass in Skim_TriLep_TTG.root
2026-06-12 14:02:21,636 - INFO - [2016postVFP] MISSING_CENTRAL: ZG1E2Mu/Central/jets/1/mass in Skim_TriLep_DYJets10to50.root
2026-06-12 14:02:21,637 - INFO - [2016postVFP] MISSING_CENTRAL: ZG1E2Mu/Central/jets/1/mass in Skim_TriLep_TTG.root
2026-06-12 14:23:20,535 - INFO - [2016postVFP] MISSING_CENTRAL: ZG1E2Mu/Central/jets/1/mass in Skim_TriLep_DYJets10to50.root
2026-06-12 14:23:20,536 - INFO - [2016postVFP] MISSING_CENTRAL: ZG1E2Mu/Central/jets/1/mass in Skim_TriLep_TTG.root
2026-06-12 14:23:25,108 - INFO - [2016postVFP] MISSING_CENTRAL: ZG1E2Mu/Central/jets/1/mass in Skim_TriLep_DYJets10to50.root
2026-06-12 14:23:25,108 - INFO - [2016postVFP] MISSING_CENTRAL: ZG1E2Mu/Central/jets/1/mass in Skim_TriLep_TTG.root
2026-06-18 00:13:52,943 - INFO - [2016postVFP] MISSING_CENTRAL: ZG1E2Mu/Central/jets/1/mass in Skim_TriLep_DYJets10to50.root
2026-06-18 00:13:52,944 - INFO - [2016postVFP] MISSING_CENTRAL: ZG1E2Mu/Central/jets/1/mass in Skim_TriLep_TTG.root
2026-06-18 00:13:58,009 - INFO - [2016postVFP] MISSING_CENTRAL: ZG1E2Mu/Central/jets/1/mass in Skim_TriLep_DYJets10to50.root
2026-06-18 00:13:58,010 - INFO - [2016postVFP] MISSING_CENTRAL: ZG1E2Mu/Central/jets/1/mass in Skim_TriLep_TTG.root
2026-06-18 00:17:30,770 - INFO - [2016postVFP] MISSING_CENTRAL: ZG1E2Mu/Central/jets/1/mass in Skim_TriLep_DYJets10to50.root
2026-06-18 00:17:30,770 - INFO - [2016postVFP] MISSING_CENTRAL: ZG1E2Mu/Central/jets/1/mass in Skim_TriLep_TTG.root
2026-06-18 00:17:35,792 - INFO - [2016postVFP] MISSING_CENTRAL: ZG1E2Mu/Central/jets/1/mass in Skim_TriLep_DYJets10to50.root
2026-06-18 00:17:35,793 - INFO - [2016postVFP] MISSING_CENTRAL: ZG1E2Mu/Central/jets/1/mass in Skim_TriLep_TTG.root
2026-06-29 16:41:26,042 - INFO - [2016postVFP] MISSING_CENTRAL: ZG1E2Mu/Central/jets/1/mass in Skim_TriLep_DYJets10to50.root
2026-06-29 16:41:26,044 - INFO - [2016postVFP] MISSING_CENTRAL: ZG1E2Mu/Central/jets/1/mass in Skim_TriLep_TTG.root
2026-06-29 16:41:30,981 - INFO - [2016postVFP] MISSING_CENTRAL: ZG1E2Mu/Central/jets/1/mass in Skim_TriLep_DYJets10to50.root
2026-06-29 16:41:30,982 - INFO - [2016postVFP] MISSING_CENTRAL: ZG1E2Mu/Central/jets/1/mass in Skim_TriLep_TTG.root
2026-07-01 05:30:34,966 - INFO - [2016postVFP] MISSING_CENTRAL: ZG1E2Mu/Central/jets/1/mass in Skim_TriLep_DYJets10to50.root
2026-07-01 05:30:34,967 - INFO - [2016postVFP] MISSING_CENTRAL: ZG1E2Mu/Central/jets/1/mass in Skim_TriLep_TTG.root
2026-07-01 05:30:38,093 - INFO - [2016postVFP] MISSING_CENTRAL: ZG1E2Mu/Central/jets/1/mass in Skim_TriLep_DYJets10to50.root
2026-07-01 05:30:38,094 - INFO - [2016postVFP] MISSING_CENTRAL: ZG1E2Mu/Central/jets/1/mass in Skim_TriLep_TTG.root
2026-07-01 05:57:31,027 - INFO - [2016postVFP] MISSING_FILE: /data9/Users/choij/Sync/workspace/ChargedHiggsAnalysisV3/SKNanoOutput/PromptAnalyzer/Run1E2Mu_RunCR_NoTreeMode/2016postVFP/Skim_TriLep_MuonEG_F.root
2026-07-01 05:57:31,028 - INFO - [2016postVFP] MISSING_FILE: /data9/Users/choij/Sync/workspace/ChargedHiggsAnalysisV3/SKNanoOutput/PromptAnalyzer/Run1E2Mu_RunCR_NoTreeMode/2016postVFP/Skim_TriLep_MuonEG_G.root
2026-07-01 05:57:31,028 - INFO - [2016postVFP] MISSING_FILE: /data9/Users/choij/Sync/workspace/ChargedHiggsAnalysisV3/SKNanoOutput/PromptAnalyzer/Run1E2Mu_RunCR_NoTreeMode/2016postVFP/Skim_TriLep_MuonEG_H.root
2026-07-01 05:57:33,645 - INFO - [2016postVFP] MISSING_FILE: /data9/Users/choij/Sync/workspace/ChargedHiggsAnalysisV3/SKNanoOutput/PromptAnalyzer/Run1E2Mu_RunCR_NoTreeMode/2016postVFP/Skim_TriLep_MuonEG_F.root
2026-07-01 05:57:33,645 - INFO - [2016postVFP] MISSING_FILE: /data9/Users/choij/Sync/workspace/ChargedHiggsAnalysisV3/SKNanoOutput/PromptAnalyzer/Run1E2Mu_RunCR_NoTreeMode/2016postVFP/Skim_TriLep_MuonEG_G.root
2026-07-01 05:57:33,646 - INFO - [2016postVFP] MISSING_FILE: /data9/Users/choij/Sync/workspace/ChargedHiggsAnalysisV3/SKNanoOutput/PromptAnalyzer/Run1E2Mu_RunCR_NoTreeMode/2016postVFP/Skim_TriLep_MuonEG_H.root
2026-07-01 15:23:41,711 - INFO - [2016postVFP] MISSING_CENTRAL: ZG1E2Mu/Central/jets/1/mass in Skim_TriLep_DYJets10to50.root
2026-07-01 15:23:41,713 - INFO - [2016postVFP] MISSING_CENTRAL: ZG1E2Mu/Central/jets/1/mass in Skim_TriLep_TTG.root
2026-07-01 15:23:44,916 - INFO - [2016postVFP] MISSING_CENTRAL: ZG1E2Mu/Central/jets/1/mass in Skim_TriLep_DYJets10to50.root
2026-07-01 15:23:44,917 - INFO - [2016postVFP] MISSING_CENTRAL: ZG1E2Mu/Central/jets/1/mass in Skim_TriLep_TTG.root
2026-07-01 17:31:52,696 - INFO - [2016postVFP] MISSING_CENTRAL: ZG1E2Mu/Central/jets/1/mass in Skim_TriLep_DYJets10to50.root
2026-07-01 17:31:52,698 - INFO - [2016postVFP] MISSING_CENTRAL: ZG1E2Mu/Central/jets/1/mass in Skim_TriLep_TTG.root
2026-07-01 17:31:57,343 - INFO - [2016postVFP] MISSING_CENTRAL: ZG1E2Mu/Central/jets/1/mass in Skim_TriLep_DYJets10to50.root
2026-07-01 17:31:57,344 - INFO - [2016postVFP] MISSING_CENTRAL: ZG1E2Mu/Central/jets/1/mass in Skim_TriLep_TTG.root
2026-07-21 19:22:28,806 - INFO - [2016postVFP] MISSING_CENTRAL: ZG1E2Mu/Central/jets/1/mass in Skim_TriLep_DYJets10to50.root
2026-07-21 19:22:28,807 - INFO - [2016postVFP] MISSING_CENTRAL: ZG1E2Mu/Central/jets/1/mass in Skim_TriLep_TTG.root
2026-07-21 19:22:34,716 - INFO - [2016postVFP] MISSING_CENTRAL: ZG1E2Mu/Central/jets/1/mass in Skim_TriLep_DYJets10to50.root
2026-07-21 19:22:34,717 - INFO - [2016postVFP] MISSING_CENTRAL: ZG1E2Mu/Central/jets/1/mass in Skim_TriLep_TTG.root
2026-08-18 18:08:17,466 - INFO - [2016postVFP] MISSING_FILE: /home/choij/Sync/workspace/ChargedHiggsAnalysisV3/SKNanoOutput/PromptAnalyzer/Run1E2Mu_RunCR_NoTreeMode/2016postVFP/Skim_TriLep_MuonEG_F.root
2026-08-18 18:08:17,467 - INFO - [2016postVFP] MISSING_FILE: /home/choij/Sync/workspace/ChargedHiggsAnalysisV3/SKNanoOutput/PromptAnalyzer/Run1E2Mu_RunCR_NoTreeMode/2016postVFP/Skim_TriLep_MuonEG_G.root
2026-08-18 18:08:17,467 - INFO - [2016postVFP] MISSING_FILE: /home/choij/Sync/workspace/ChargedHiggsAnalysisV3/SKNanoOutput/PromptAnalyzer/Run1E2Mu_RunCR_NoTreeMode/2016postVFP/Skim_TriLep_MuonEG_H.root
2026-08-18 18:08:20,538 - INFO - [2016postVFP] MISSING_FILE: /home/choij/Sync/workspace/ChargedHiggsAnalysisV3/SKNanoOutput/PromptAnalyzer/Run1E2Mu_RunCR_NoTreeMode/2016postVFP/Skim_TriLep_MuonEG_F.root
2026-08-18 18:08:20,538 - INFO - [2016postVFP] MISSING_FILE: /home/choij/Sync/workspace/ChargedHiggsAnalysisV3/SKNanoOutput/PromptAnalyzer/Run1E2Mu_RunCR_NoTreeMode/2016postVFP/Skim_TriLep_MuonEG_G.root
2026-08-18 18:08:20,538 - INFO - [2016postVFP] MISSING_FILE: /home/choij/Sync/workspace/ChargedHiggsAnalysisV3/SKNanoOutput/PromptAnalyzer/Run1E2Mu_RunCR_NoTreeMode/2016postVFP/Skim_TriLep_MuonEG_H.root
2026-08-19 10:00:18,384 - INFO - [2016postVFP] MISSING_CENTRAL: ZG1E2Mu/Central/jets/1/mass in Skim_TriLep_DYJets10to50.root
2026-08-19 10:00:18,385 - INFO - [2016postVFP] MISSING_CENTRAL: ZG1E2Mu/Central/jets/1/mass in Skim_TriLep_TTG.root
2026-08-19 10:00:23,472 - INFO - [2016postVFP] MISSING_CENTRAL: ZG1E2Mu/Central/jets/1/mass in Skim_TriLep_DYJets10to50.root
2026-08-19 10:00:23,472 - INFO - [2016postVFP] MISSING_CENTRAL: ZG1E2Mu/Central/jets/1/mass in Skim_TriLep_TTG.root
