2026-01-16 18:58:13,581 - INFO - [2017] MISSING_CENTRAL: SR3Mu/Central/bjets/3/py in Skim_TriLep_DoubleMuon_F.root
2026-01-16 18:58:13,625 - INFO - [2017] MISSING_CENTRAL: SR3Mu/Central/bjets/3/py in Skim_TriLep_DYJets.root
2026-01-16 18:58:13,626 - INFO - [2017] MISSING_CENTRAL: SR3Mu/Central/bjets/3/py in Skim_TriLep_DYJets10to50.root
2026-01-16 18:58:13,627 - INFO - [2017] MISSING_CENTRAL: SR3Mu/Central/bjets/3/py in Skim_TriLep_TTG.root
2026-01-16 18:58:13,627 - INFO - [2017] MISSING_CENTRAL: SR3Mu/Central/bjets/3/py in Skim_TriLep_WWG.root
2026-01-16 18:58:13,749 - INFO - [2017] MISSING_CENTRAL: SR3Mu/Central/bjets/3/py in Skim_TriLep_WWW.root
2026-01-16 18:58:13,815 - INFO - [2017] MISSING_CENTRAL: SR3Mu/Central/bjets/3/py in Skim_TriLep_VBFHToZZTo4L.root
2026-01-16 18:58:13,815 - INFO - [2017] MISSING_CENTRAL: SR3Mu/Central/bjets/3/py in Skim_TriLep_ggHToZZTo4L.root
2026-01-28 16:07:11,388 - INFO - [2017] MISSING_CENTRAL: SR3Mu/Central/bjets/3/py in Skim_TriLep_DYJets.root
2026-01-28 16:07:11,389 - INFO - [2017] MISSING_CENTRAL: SR3Mu/Central/bjets/3/py in Skim_TriLep_DYJets10to50.root
2026-01-28 16:07:11,389 - INFO - [2017] MISSING_CENTRAL: SR3Mu/Central/bjets/3/py in Skim_TriLep_TTG.root
2026-01-28 16:07:11,390 - INFO - [2017] MISSING_CENTRAL: SR3Mu/Central/bjets/3/py in Skim_TriLep_WWG.root
2026-01-28 16:07:11,592 - INFO - [2017] MISSING_CENTRAL: SR3Mu/Central/bjets/3/py in Skim_TriLep_WWW.root
2026-01-28 16:07:11,700 - INFO - [2017] MISSING_CENTRAL: SR3Mu/Central/bjets/3/py in Skim_TriLep_VBFHToZZTo4L.root
2026-01-28 16:07:11,701 - INFO - [2017] MISSING_CENTRAL: SR3Mu/Central/bjets/3/py in Skim_TriLep_ggHToZZTo4L.root
2026-01-28 17:18:38,843 - INFO - [2017] MISSING_CENTRAL: SR3Mu/Central/bjets/3/py in Skim_TriLep_DYJets.root
2026-01-28 17:18:38,844 - INFO - [2017] MISSING_CENTRAL: SR3Mu/Central/bjets/3/py in Skim_TriLep_DYJets10to50.root
2026-01-28 17:18:38,844 - INFO - [2017] MISSING_CENTRAL: SR3Mu/Central/bjets/3/py in Skim_TriLep_TTG.root
2026-01-28 17:18:38,845 - INFO - [2017] MISSING_CENTRAL: SR3Mu/Central/bjets/3/py in Skim_TriLep_WWG.root
2026-01-28 17:18:39,033 - INFO - [2017] MISSING_CENTRAL: SR3Mu/Central/bjets/3/py in Skim_TriLep_WWW.root
2026-01-28 17:18:39,136 - INFO - [2017] MISSING_CENTRAL: SR3Mu/Central/bjets/3/py in Skim_TriLep_VBFHToZZTo4L.root
2026-01-28 17:18:39,137 - INFO - [2017] MISSING_CENTRAL: SR3Mu/Central/bjets/3/py in Skim_TriLep_ggHToZZTo4L.root
2026-01-28 19:52:15,926 - INFO - [2017] MISSING_CENTRAL: SR3Mu/Central/bjets/3/py in Skim_TriLep_DYJets.root
2026-01-28 19:52:15,927 - INFO - [2017] MISSING_CENTRAL: SR3Mu/Central/bjets/3/py in Skim_TriLep_DYJets10to50.root
2026-01-28 19:52:15,928 - INFO - [2017] MISSING_CENTRAL: SR3Mu/Central/bjets/3/py in Skim_TriLep_TTG.root
2026-01-28 19:52:15,928 - INFO - [2017] MISSING_CENTRAL: SR3Mu/Central/bjets/3/py in Skim_TriLep_WWG.root
2026-01-28 19:52:16,139 - INFO - [2017] MISSING_CENTRAL: SR3Mu/Central/bjets/3/py in Skim_TriLep_WWW.root
2026-01-28 19:52:16,250 - INFO - [2017] MISSING_CENTRAL: SR3Mu/Central/bjets/3/py in Skim_TriLep_VBFHToZZTo4L.root
2026-01-28 19:52:16,251 - INFO - [2017] MISSING_CENTRAL: SR3Mu/Central/bjets/3/py in Skim_TriLep_ggHToZZTo4L.root
2026-01-29 07:09:41,046 - INFO - [2017] MISSING_CENTRAL: SR3Mu/Central/bjets/3/py in Skim_TriLep_DYJets.root
2026-01-29 07:09:41,047 - INFO - [2017] MISSING_CENTRAL: SR3Mu/Central/bjets/3/py in Skim_TriLep_DYJets10to50.root
2026-01-29 07:09:41,048 - INFO - [2017] MISSING_CENTRAL: SR3Mu/Central/bjets/3/py in Skim_TriLep_TTG.root
2026-01-29 07:09:41,048 - INFO - [2017] MISSING_CENTRAL: SR3Mu/Central/bjets/3/py in Skim_TriLep_WWG.root
2026-01-29 07:09:41,175 - INFO - [2017] MISSING_CENTRAL: SR3Mu/Central/bjets/3/py in Skim_TriLep_WWW.root
2026-01-29 07:09:41,240 - INFO - [2017] MISSING_CENTRAL: SR3Mu/Central/bjets/3/py in Skim_TriLep_VBFHToZZTo4L.root
2026-01-29 07:09:41,241 - INFO - [2017] MISSING_CENTRAL: SR3Mu/Central/bjets/3/py in Skim_TriLep_ggHToZZTo4L.root
2026-03-06 09:38:29,719 - INFO - [2017] MISSING_CENTRAL: SR3Mu/Central/bjets/3/py in Skim_TriLep_DYJets.root
2026-03-06 09:38:29,720 - INFO - [2017] MISSING_CENTRAL: SR3Mu/Central/bjets/3/py in Skim_TriLep_DYJets10to50.root
2026-03-06 09:38:29,721 - INFO - [2017] MISSING_CENTRAL: SR3Mu/Central/bjets/3/py in Skim_TriLep_TTG.root
2026-03-06 09:38:29,721 - INFO - [2017] MISSING_CENTRAL: SR3Mu/Central/bjets/3/py in Skim_TriLep_WWG.root
2026-03-06 09:38:29,843 - INFO - [2017] MISSING_CENTRAL: SR3Mu/Central/bjets/3/py in Skim_TriLep_WWW.root
2026-03-06 09:38:29,908 - INFO - [2017] MISSING_CENTRAL: SR3Mu/Central/bjets/3/py in Skim_TriLep_VBFHToZZTo4L.root
2026-03-06 09:38:29,908 - INFO - [2017] MISSING_CENTRAL: SR3Mu/Central/bjets/3/py in Skim_TriLep_ggHToZZTo4L.root
2026-03-06 19:44:18,688 - INFO - [2017] MISSING_CENTRAL: SR3Mu/Central/bjets/3/py in Skim_TriLep_DYJets.root
2026-03-06 19:44:18,689 - INFO - [2017] MISSING_CENTRAL: SR3Mu/Central/bjets/3/py in Skim_TriLep_DYJets10to50.root
2026-03-06 19:44:18,690 - INFO - [2017] MISSING_CENTRAL: SR3Mu/Central/bjets/3/py in Skim_TriLep_TTG.root
2026-03-06 19:44:18,690 - INFO - [2017] MISSING_CENTRAL: SR3Mu/Central/bjets/3/py in Skim_TriLep_WWG.root
2026-03-06 19:44:18,816 - INFO - [2017] MISSING_CENTRAL: SR3Mu/Central/bjets/3/py in Skim_TriLep_WWW.root
2026-03-06 19:44:18,882 - INFO - [2017] MISSING_CENTRAL: SR3Mu/Central/bjets/3/py in Skim_TriLep_VBFHToZZTo4L.root
2026-03-06 19:44:18,882 - INFO - [2017] MISSING_CENTRAL: SR3Mu/Central/bjets/3/py in Skim_TriLep_ggHToZZTo4L.root
2026-04-10 20:18:46,822 - INFO - [2017] MISSING_CENTRAL: SR3Mu/Central/bjets/3/py in Skim_TriLep_DYJets.root
2026-04-10 20:18:46,823 - INFO - [2017] MISSING_CENTRAL: SR3Mu/Central/bjets/3/py in Skim_TriLep_DYJets10to50.root
2026-04-10 20:18:46,823 - INFO - [2017] MISSING_CENTRAL: SR3Mu/Central/bjets/3/py in Skim_TriLep_TTG.root
2026-04-10 20:18:46,824 - INFO - [2017] MISSING_CENTRAL: SR3Mu/Central/bjets/3/py in Skim_TriLep_WWG.root
2026-04-10 20:18:46,948 - INFO - [2017] MISSING_CENTRAL: SR3Mu/Central/bjets/3/py in Skim_TriLep_WWW.root
2026-04-10 20:18:47,011 - INFO - [2017] MISSING_CENTRAL: SR3Mu/Central/bjets/3/py in Skim_TriLep_VBFHToZZTo4L.root
2026-04-10 20:18:47,012 - INFO - [2017] MISSING_CENTRAL: SR3Mu/Central/bjets/3/py in Skim_TriLep_ggHToZZTo4L.root
2026-04-12 11:33:48,469 - INFO - [2017] MISSING_CENTRAL: SR3Mu/Central/bjets/3/py in Skim_TriLep_DYJets.root
2026-04-12 11:33:48,470 - INFO - [2017] MISSING_CENTRAL: SR3Mu/Central/bjets/3/py in Skim_TriLep_DYJets10to50.root
2026-04-12 11:33:48,471 - INFO - [2017] MISSING_CENTRAL: SR3Mu/Central/bjets/3/py in Skim_TriLep_TTG.root
2026-04-12 11:33:48,471 - INFO - [2017] MISSING_CENTRAL: SR3Mu/Central/bjets/3/py in Skim_TriLep_WWG.root
2026-04-12 11:33:48,587 - INFO - [2017] MISSING_CENTRAL: SR3Mu/Central/bjets/3/py in Skim_TriLep_WWW.root
2026-04-12 11:33:48,634 - INFO - [2017] MISSING_CENTRAL: SR3Mu/Central/bjets/3/py in Skim_TriLep_VBFHToZZTo4L.root
2026-04-12 11:33:48,635 - INFO - [2017] MISSING_CENTRAL: SR3Mu/Central/bjets/3/py in Skim_TriLep_ggHToZZTo4L.root
2026-04-12 12:15:59,910 - INFO - [2017] MISSING_CENTRAL: SR3Mu/Central/bjets/3/py in Skim_TriLep_DYJets.root
2026-04-12 12:15:59,911 - INFO - [2017] MISSING_CENTRAL: SR3Mu/Central/bjets/3/py in Skim_TriLep_DYJets10to50.root
2026-04-12 12:15:59,912 - INFO - [2017] MISSING_CENTRAL: SR3Mu/Central/bjets/3/py in Skim_TriLep_TTG.root
2026-04-12 12:15:59,912 - INFO - [2017] MISSING_CENTRAL: SR3Mu/Central/bjets/3/py in Skim_TriLep_WWG.root
2026-04-12 12:16:00,033 - INFO - [2017] MISSING_CENTRAL: SR3Mu/Central/bjets/3/py in Skim_TriLep_WWW.root
2026-04-12 12:16:00,099 - INFO - [2017] MISSING_CENTRAL: SR3Mu/Central/bjets/3/py in Skim_TriLep_VBFHToZZTo4L.root
2026-04-12 12:16:00,100 - INFO - [2017] MISSING_CENTRAL: SR3Mu/Central/bjets/3/py in Skim_TriLep_ggHToZZTo4L.root
2026-04-12 12:35:37,787 - INFO - [2017] MISSING_CENTRAL: SR3Mu/Central/bjets/3/py in Skim_TriLep_DYJets.root
2026-04-12 12:35:37,788 - INFO - [2017] MISSING_CENTRAL: SR3Mu/Central/bjets/3/py in Skim_TriLep_DYJets10to50.root
2026-04-12 12:35:37,788 - INFO - [2017] MISSING_CENTRAL: SR3Mu/Central/bjets/3/py in Skim_TriLep_TTG.root
2026-04-12 12:35:37,789 - INFO - [2017] MISSING_CENTRAL: SR3Mu/Central/bjets/3/py in Skim_TriLep_WWG.root
2026-04-12 12:35:37,911 - INFO - [2017] MISSING_CENTRAL: SR3Mu/Central/bjets/3/py in Skim_TriLep_WWW.root
2026-04-12 12:35:37,979 - INFO - [2017] MISSING_CENTRAL: SR3Mu/Central/bjets/3/py in Skim_TriLep_VBFHToZZTo4L.root
2026-04-12 12:35:37,979 - INFO - [2017] MISSING_CENTRAL: SR3Mu/Central/bjets/3/py in Skim_TriLep_ggHToZZTo4L.root
2026-04-12 20:43:40,360 - INFO - [2017] MISSING_CENTRAL: SR3Mu/Central/bjets/3/py in Skim_TriLep_DYJets.root
2026-04-12 20:43:40,360 - INFO - [2017] MISSING_CENTRAL: SR3Mu/Central/bjets/3/py in Skim_TriLep_DYJets10to50.root
2026-04-12 20:43:40,361 - INFO - [2017] MISSING_CENTRAL: SR3Mu/Central/bjets/3/py in Skim_TriLep_TTG.root
2026-04-12 20:43:40,362 - INFO - [2017] MISSING_CENTRAL: SR3Mu/Central/bjets/3/py in Skim_TriLep_WWG.root
2026-04-12 20:43:40,478 - INFO - [2017] MISSING_CENTRAL: SR3Mu/Central/bjets/3/py in Skim_TriLep_WWW.root
2026-04-12 20:43:40,544 - INFO - [2017] MISSING_CENTRAL: SR3Mu/Central/bjets/3/py in Skim_TriLep_VBFHToZZTo4L.root
2026-04-12 20:43:40,545 - INFO - [2017] MISSING_CENTRAL: SR3Mu/Central/bjets/3/py in Skim_TriLep_ggHToZZTo4L.root
2026-04-12 21:15:19,562 - INFO - [2017] MISSING_CENTRAL: SR3Mu/Central/bjets/3/py in Skim_TriLep_DYJets.root
2026-04-12 21:15:19,562 - INFO - [2017] MISSING_CENTRAL: SR3Mu/Central/bjets/3/py in Skim_TriLep_DYJets10to50.root
2026-04-12 21:15:19,563 - INFO - [2017] MISSING_CENTRAL: SR3Mu/Central/bjets/3/py in Skim_TriLep_TTG.root
2026-04-12 21:15:19,564 - INFO - [2017] MISSING_CENTRAL: SR3Mu/Central/bjets/3/py in Skim_TriLep_WWG.root
2026-04-12 21:15:19,687 - INFO - [2017] MISSING_CENTRAL: SR3Mu/Central/bjets/3/py in Skim_TriLep_WWW.root
2026-04-12 21:15:19,753 - INFO - [2017] MISSING_CENTRAL: SR3Mu/Central/bjets/3/py in Skim_TriLep_VBFHToZZTo4L.root
2026-04-12 21:15:19,754 - INFO - [2017] MISSING_CENTRAL: SR3Mu/Central/bjets/3/py in Skim_TriLep_ggHToZZTo4L.root
2026-04-13 12:52:50,929 - INFO - [2017] MISSING_CENTRAL: SR3Mu/Central/bjets/3/py in Skim_TriLep_DYJets.root
2026-04-13 12:52:50,930 - INFO - [2017] MISSING_CENTRAL: SR3Mu/Central/bjets/3/py in Skim_TriLep_DYJets10to50.root
2026-04-13 12:52:50,930 - INFO - [2017] MISSING_CENTRAL: SR3Mu/Central/bjets/3/py in Skim_TriLep_TTG.root
2026-04-13 12:52:50,931 - INFO - [2017] MISSING_CENTRAL: SR3Mu/Central/bjets/3/py in Skim_TriLep_WWG.root
2026-04-13 12:52:51,083 - INFO - [2017] MISSING_CENTRAL: SR3Mu/Central/bjets/3/py in Skim_TriLep_WWW.root
2026-04-13 12:52:51,159 - INFO - [2017] MISSING_CENTRAL: SR3Mu/Central/bjets/3/py in Skim_TriLep_VBFHToZZTo4L.root
2026-04-13 12:52:51,160 - INFO - [2017] MISSING_CENTRAL: SR3Mu/Central/bjets/3/py in Skim_TriLep_ggHToZZTo4L.root
2026-04-16 17:29:16,589 - INFO - [2017] MISSING_CENTRAL: SR3Mu/Central/bjets/3/py in Skim_TriLep_DYJets.root
2026-04-16 17:29:16,590 - INFO - [2017] MISSING_CENTRAL: SR3Mu/Central/bjets/3/py in Skim_TriLep_DYJets10to50.root
2026-04-16 17:29:16,590 - INFO - [2017] MISSING_CENTRAL: SR3Mu/Central/bjets/3/py in Skim_TriLep_TTG.root
2026-04-16 17:29:16,591 - INFO - [2017] MISSING_CENTRAL: SR3Mu/Central/bjets/3/py in Skim_TriLep_WWG.root
2026-04-16 17:29:16,750 - INFO - [2017] MISSING_CENTRAL: SR3Mu/Central/bjets/3/py in Skim_TriLep_WWW.root
2026-04-16 17:29:16,836 - INFO - [2017] MISSING_CENTRAL: SR3Mu/Central/bjets/3/py in Skim_TriLep_VBFHToZZTo4L.root
2026-04-16 17:29:16,837 - INFO - [2017] MISSING_CENTRAL: SR3Mu/Central/bjets/3/py in Skim_TriLep_ggHToZZTo4L.root
2026-04-16 17:35:19,823 - INFO - [2017] MISSING_CENTRAL: SR3Mu/Central/bjets/3/py in Skim_TriLep_DYJets.root
2026-04-16 17:35:19,823 - INFO - [2017] MISSING_CENTRAL: SR3Mu/Central/bjets/3/py in Skim_TriLep_DYJets10to50.root
2026-04-16 17:35:19,824 - INFO - [2017] MISSING_CENTRAL: SR3Mu/Central/bjets/3/py in Skim_TriLep_TTG.root
2026-04-16 17:35:19,825 - INFO - [2017] MISSING_CENTRAL: SR3Mu/Central/bjets/3/py in Skim_TriLep_WWG.root
2026-04-16 17:35:20,074 - INFO - [2017] MISSING_CENTRAL: SR3Mu/Central/bjets/3/py in Skim_TriLep_WWW.root
2026-04-16 17:35:20,181 - INFO - [2017] MISSING_CENTRAL: SR3Mu/Central/bjets/3/py in Skim_TriLep_VBFHToZZTo4L.root
2026-04-16 17:35:20,182 - INFO - [2017] MISSING_CENTRAL: SR3Mu/Central/bjets/3/py in Skim_TriLep_ggHToZZTo4L.root
2026-04-28 15:09:55,110 - INFO - [2017] MISSING_CENTRAL: SR3Mu/Central/bjets/3/py in Skim_TriLep_DYJets.root
2026-04-28 15:09:55,111 - INFO - [2017] MISSING_CENTRAL: SR3Mu/Central/bjets/3/py in Skim_TriLep_DYJets10to50.root
2026-04-28 15:09:55,112 - INFO - [2017] MISSING_CENTRAL: SR3Mu/Central/bjets/3/py in Skim_TriLep_TTG.root
2026-04-28 15:09:55,112 - INFO - [2017] MISSING_CENTRAL: SR3Mu/Central/bjets/3/py in Skim_TriLep_WWG.root
2026-04-28 15:09:55,269 - INFO - [2017] MISSING_CENTRAL: SR3Mu/Central/bjets/3/py in Skim_TriLep_WWW.root
2026-04-28 15:09:55,355 - INFO - [2017] MISSING_CENTRAL: SR3Mu/Central/bjets/3/py in Skim_TriLep_VBFHToZZTo4L.root
2026-04-28 15:09:55,356 - INFO - [2017] MISSING_CENTRAL: SR3Mu/Central/bjets/3/py in Skim_TriLep_ggHToZZTo4L.root
2026-04-28 15:15:55,383 - INFO - [2017] MISSING_CENTRAL: SR3Mu/Central/bjets/3/py in Skim_TriLep_DYJets.root
2026-04-28 15:15:55,383 - INFO - [2017] MISSING_CENTRAL: SR3Mu/Central/bjets/3/py in Skim_TriLep_DYJets10to50.root
2026-04-28 15:15:55,384 - INFO - [2017] MISSING_CENTRAL: SR3Mu/Central/bjets/3/py in Skim_TriLep_TTG.root
2026-04-28 15:15:55,384 - INFO - [2017] MISSING_CENTRAL: SR3Mu/Central/bjets/3/py in Skim_TriLep_WWG.root
2026-04-28 15:15:55,537 - INFO - [2017] MISSING_CENTRAL: SR3Mu/Central/bjets/3/py in Skim_TriLep_WWW.root
2026-04-28 15:15:55,625 - INFO - [2017] MISSING_CENTRAL: SR3Mu/Central/bjets/3/py in Skim_TriLep_VBFHToZZTo4L.root
2026-04-28 15:15:55,626 - INFO - [2017] MISSING_CENTRAL: SR3Mu/Central/bjets/3/py in Skim_TriLep_ggHToZZTo4L.root
2026-05-04 16:59:19,803 - INFO - [2017] MISSING_CENTRAL: SR3Mu/Central/bjets/3/py in Skim_TriLep_DYJets.root
2026-05-04 16:59:19,804 - INFO - [2017] MISSING_CENTRAL: SR3Mu/Central/bjets/3/py in Skim_TriLep_DYJets10to50.root
2026-05-04 16:59:19,805 - INFO - [2017] MISSING_CENTRAL: SR3Mu/Central/bjets/3/py in Skim_TriLep_TTG.root
2026-05-04 16:59:19,805 - INFO - [2017] MISSING_CENTRAL: SR3Mu/Central/bjets/3/py in Skim_TriLep_WWG.root
2026-05-04 16:59:19,962 - INFO - [2017] MISSING_CENTRAL: SR3Mu/Central/bjets/3/py in Skim_TriLep_WWW.root
2026-05-04 16:59:20,052 - INFO - [2017] MISSING_CENTRAL: SR3Mu/Central/bjets/3/py in Skim_TriLep_VBFHToZZTo4L.root
2026-05-04 16:59:20,053 - INFO - [2017] MISSING_CENTRAL: SR3Mu/Central/bjets/3/py in Skim_TriLep_ggHToZZTo4L.root
2026-05-04 17:05:01,494 - INFO - [2017] MISSING_CENTRAL: SR3Mu/Central/bjets/3/py in Skim_TriLep_DYJets.root
2026-05-04 17:05:01,495 - INFO - [2017] MISSING_CENTRAL: SR3Mu/Central/bjets/3/py in Skim_TriLep_DYJets10to50.root
2026-05-04 17:05:01,495 - INFO - [2017] MISSING_CENTRAL: SR3Mu/Central/bjets/3/py in Skim_TriLep_TTG.root
2026-05-04 17:05:01,496 - INFO - [2017] MISSING_CENTRAL: SR3Mu/Central/bjets/3/py in Skim_TriLep_WWG.root
2026-05-04 17:05:01,649 - INFO - [2017] MISSING_CENTRAL: SR3Mu/Central/bjets/3/py in Skim_TriLep_WWW.root
2026-05-04 17:05:01,732 - INFO - [2017] MISSING_CENTRAL: SR3Mu/Central/bjets/3/py in Skim_TriLep_VBFHToZZTo4L.root
2026-05-04 17:05:01,733 - INFO - [2017] MISSING_CENTRAL: SR3Mu/Central/bjets/3/py in Skim_TriLep_ggHToZZTo4L.root
