2025-09-24 15:47:21,646 - INFO - [2017] MISSING_CENTRAL: SR3Mu/Central/jets/3/phi in Skim_TriLep_DYJets10to50.root
2025-09-24 15:47:21,665 - INFO - [2017] MISSING_CENTRAL: SR3Mu/Central/jets/3/phi in Skim_TriLep_WWG.root
2025-10-02 21:12:46,260 - INFO - [2017] MISSING_CENTRAL: SR3Mu/Central/jets/3/phi in Skim_TriLep_DYJets10to50.root
2025-10-02 21:12:46,283 - INFO - [2017] MISSING_CENTRAL: SR3Mu/Central/jets/3/phi in Skim_TriLep_WWG.root
2025-10-03 00:00:09,395 - INFO - [2017] MISSING_CENTRAL: SR3Mu/Central/jets/3/phi in Skim_TriLep_DYJets10to50.root
2025-10-03 00:00:09,404 - INFO - [2017] MISSING_CENTRAL: SR3Mu/Central/jets/3/phi in Skim_TriLep_WWG.root
2025-11-05 21:33:44,422 - INFO - [2017] MISSING_CENTRAL: SR3Mu/Central/jets/3/phi in Skim_TriLep_DYJets10to50.root
2025-11-05 21:33:44,450 - INFO - [2017] MISSING_CENTRAL: SR3Mu/Central/jets/3/phi in Skim_TriLep_WWG.root
2025-11-05 21:38:46,656 - INFO - [2017] MISSING_CENTRAL: SR3Mu/Central/jets/3/phi in Skim_TriLep_DYJets10to50.root
2025-11-05 21:38:46,669 - INFO - [2017] MISSING_CENTRAL: SR3Mu/Central/jets/3/phi in Skim_TriLep_WWG.root
2025-11-05 22:01:42,692 - INFO - [2017] MISSING_CENTRAL: SR3Mu/Central/jets/3/phi in Skim_TriLep_DYJets10to50.root
2025-11-05 22:01:42,723 - INFO - [2017] MISSING_CENTRAL: SR3Mu/Central/jets/3/phi in Skim_TriLep_WWG.root
2025-11-05 22:17:30,625 - INFO - [2017] MISSING_CENTRAL: SR3Mu/Central/jets/3/phi in Skim_TriLep_DYJets10to50.root
2025-11-05 22:17:30,668 - INFO - [2017] MISSING_CENTRAL: SR3Mu/Central/jets/3/phi in Skim_TriLep_WWG.root
2025-11-05 23:22:03,231 - INFO - [2017] MISSING_CENTRAL: SR3Mu/Central/jets/3/phi in Skim_TriLep_DYJets10to50.root
2025-11-05 23:22:03,250 - INFO - [2017] MISSING_CENTRAL: SR3Mu/Central/jets/3/phi in Skim_TriLep_WWG.root
2025-11-07 12:25:17,093 - INFO - [2017] MISSING_CENTRAL: SR3Mu/Central/jets/3/phi in Skim_TriLep_DYJets10to50.root
2025-11-07 12:25:17,108 - INFO - [2017] MISSING_CENTRAL: SR3Mu/Central/jets/3/phi in Skim_TriLep_WWG.root
2025-11-07 13:05:36,252 - INFO - [2017] MISSING_CENTRAL: SR3Mu/Central/jets/3/phi in Skim_TriLep_DYJets10to50.root
2025-11-07 13:05:36,268 - INFO - [2017] MISSING_CENTRAL: SR3Mu/Central/jets/3/phi in Skim_TriLep_WWG.root
2025-11-07 13:30:24,585 - INFO - [2017] MISSING_CENTRAL: SR3Mu/Central/jets/3/phi in Skim_TriLep_DYJets10to50.root
2025-11-07 13:30:24,625 - INFO - [2017] MISSING_CENTRAL: SR3Mu/Central/jets/3/phi in Skim_TriLep_WWG.root
2025-11-07 14:03:09,628 - INFO - [2017] MISSING_CENTRAL: SR3Mu/Central/jets/3/phi in Skim_TriLep_DYJets10to50.root
2025-11-07 14:03:09,683 - INFO - [2017] MISSING_CENTRAL: SR3Mu/Central/jets/3/phi in Skim_TriLep_WWG.root
2025-11-10 05:53:45,302 - INFO - [2017] MISSING_CENTRAL: SR3Mu/Central/jets/3/phi in Skim_TriLep_DYJets10to50.root
2025-11-10 05:53:45,316 - INFO - [2017] MISSING_CENTRAL: SR3Mu/Central/jets/3/phi in Skim_TriLep_WWG.root
2025-11-10 12:18:12,133 - INFO - [2017] MISSING_CENTRAL: SR3Mu/Central/jets/3/phi in Skim_TriLep_DYJets10to50.root
2025-11-10 12:18:12,190 - INFO - [2017] MISSING_CENTRAL: SR3Mu/Central/jets/3/phi in Skim_TriLep_WWG.root
2025-11-13 11:07:16,469 - INFO - [2017] MISSING_CENTRAL: SR3Mu/Central/jets/3/phi in Skim_TriLep_DYJets10to50.root
2025-11-13 11:07:16,485 - INFO - [2017] MISSING_CENTRAL: SR3Mu/Central/jets/3/phi in Skim_TriLep_WWG.root
2025-11-13 19:54:18,139 - INFO - [2017] MISSING_CENTRAL: SR3Mu/Central/jets/3/phi in Skim_TriLep_DYJets10to50.root
2025-11-13 19:54:18,153 - INFO - [2017] MISSING_CENTRAL: SR3Mu/Central/jets/3/phi in Skim_TriLep_WWG.root
2025-11-13 20:01:12,625 - INFO - [2017] MISSING_CENTRAL: SR3Mu/Central/jets/3/phi in Skim_TriLep_DYJets10to50.root
2025-11-13 20:01:12,640 - INFO - [2017] MISSING_CENTRAL: SR3Mu/Central/jets/3/phi in Skim_TriLep_WWG.root
2025-11-19 16:20:31,412 - INFO - [2017] MISSING_CENTRAL: SR3Mu/Central/jets/3/phi in Skim_TriLep_DYJets10to50.root
2025-11-19 16:20:31,449 - INFO - [2017] MISSING_CENTRAL: SR3Mu/Central/jets/3/phi in Skim_TriLep_WWG.root
2025-12-17 22:34:35,778 - INFO - [2017] MISSING_CENTRAL: SR3Mu/Central/jets/3/phi in Skim_TriLep_DYJets10to50.root
2025-12-17 22:34:35,785 - INFO - [2017] MISSING_CENTRAL: SR3Mu/Central/jets/3/phi in Skim_TriLep_WWG.root
2025-12-18 14:18:03,277 - INFO - [2017] MISSING_CENTRAL: SR3Mu/Central/jets/3/phi in Skim_TriLep_DYJets10to50.root
2025-12-18 14:18:03,310 - INFO - [2017] MISSING_CENTRAL: SR3Mu/Central/jets/3/phi in Skim_TriLep_WWG.root
2025-12-18 14:33:32,773 - INFO - [2017] MISSING_CENTRAL: SR3Mu/Central/jets/3/phi in Skim_TriLep_DYJets10to50.root
2025-12-18 14:33:32,795 - INFO - [2017] MISSING_CENTRAL: SR3Mu/Central/jets/3/phi in Skim_TriLep_WWG.root
2026-01-07 11:43:34,327 - INFO - [2017] MISSING_CENTRAL: SR3Mu/Central/jets/3/phi in Skim_TriLep_DYJets10to50.root
2026-01-07 11:43:34,334 - INFO - [2017] MISSING_CENTRAL: SR3Mu/Central/jets/3/phi in Skim_TriLep_WWG.root
2026-01-07 18:40:35,302 - INFO - [2017] MISSING_CENTRAL: SR3Mu/Central/jets/3/phi in Skim_TriLep_DYJets10to50.root
2026-01-07 18:40:35,314 - INFO - [2017] MISSING_CENTRAL: SR3Mu/Central/jets/3/phi in Skim_TriLep_WWG.root
2026-01-07 19:27:57,899 - INFO - [2017] MISSING_CENTRAL: SR3Mu/Central/jets/3/phi in Skim_TriLep_DYJets10to50.root
2026-01-07 19:27:57,912 - INFO - [2017] MISSING_CENTRAL: SR3Mu/Central/jets/3/phi in Skim_TriLep_WWG.root
2026-01-09 12:14:12,275 - INFO - [2017] MISSING_CENTRAL: SR3Mu/Central/jets/3/phi in Skim_TriLep_DYJets10to50.root
2026-01-09 12:14:12,284 - INFO - [2017] MISSING_CENTRAL: SR3Mu/Central/jets/3/phi in Skim_TriLep_WWG.root
2026-01-11 09:34:16,377 - INFO - [2017] MISSING_CENTRAL: SR3Mu/Central/jets/3/phi in Skim_TriLep_DYJets10to50.root
2026-01-11 09:34:16,407 - INFO - [2017] MISSING_CENTRAL: SR3Mu/Central/jets/3/phi in Skim_TriLep_WWG.root
2026-01-12 13:42:52,276 - INFO - [2017] MISSING_FILE: /home/choij/Sync/workspace/ChargedHiggsAnalysisV3/SKNanoOutput/MatrixSelector/Run3Mu/2017/Skim_TriLep_DoubleMuon_B.root
2026-01-12 13:42:52,278 - INFO - [2017] MISSING_FILE: /home/choij/Sync/workspace/ChargedHiggsAnalysisV3/SKNanoOutput/MatrixSelector/Run3Mu/2017/Skim_TriLep_DoubleMuon_C.root
2026-01-12 13:42:52,278 - INFO - [2017] MISSING_FILE: /home/choij/Sync/workspace/ChargedHiggsAnalysisV3/SKNanoOutput/MatrixSelector/Run3Mu/2017/Skim_TriLep_DoubleMuon_D.root
2026-01-12 13:42:52,278 - INFO - [2017] MISSING_FILE: /home/choij/Sync/workspace/ChargedHiggsAnalysisV3/SKNanoOutput/MatrixSelector/Run3Mu/2017/Skim_TriLep_DoubleMuon_E.root
2026-01-12 13:42:52,278 - INFO - [2017] MISSING_FILE: /home/choij/Sync/workspace/ChargedHiggsAnalysisV3/SKNanoOutput/MatrixSelector/Run3Mu/2017/Skim_TriLep_DoubleMuon_F.root
2026-01-12 13:42:52,309 - INFO - [2017] MISSING_CENTRAL: SR3Mu/Central/jets/3/phi in Skim_TriLep_DYJets10to50.root
2026-01-12 13:42:52,317 - INFO - [2017] MISSING_CENTRAL: SR3Mu/Central/jets/3/phi in Skim_TriLep_WWG.root
2026-01-16 18:58:07,940 - INFO - [2017] MISSING_CENTRAL: SR3Mu/Central/jets/3/phi in Skim_TriLep_DYJets10to50.root
2026-01-16 18:58:07,947 - INFO - [2017] MISSING_CENTRAL: SR3Mu/Central/jets/3/phi in Skim_TriLep_WWG.root
2026-01-28 16:07:04,735 - INFO - [2017] MISSING_CENTRAL: SR3Mu/Central/jets/3/phi in Skim_TriLep_DYJets10to50.root
2026-01-28 16:07:04,745 - INFO - [2017] MISSING_CENTRAL: SR3Mu/Central/jets/3/phi in Skim_TriLep_WWG.root
2026-01-28 17:18:32,758 - INFO - [2017] MISSING_CENTRAL: SR3Mu/Central/jets/3/phi in Skim_TriLep_DYJets10to50.root
2026-01-28 17:18:32,767 - INFO - [2017] MISSING_CENTRAL: SR3Mu/Central/jets/3/phi in Skim_TriLep_WWG.root
2026-01-28 19:52:10,000 - INFO - [2017] MISSING_CENTRAL: SR3Mu/Central/jets/3/phi in Skim_TriLep_DYJets10to50.root
2026-01-28 19:52:10,011 - INFO - [2017] MISSING_CENTRAL: SR3Mu/Central/jets/3/phi in Skim_TriLep_WWG.root
2026-01-29 07:09:35,211 - INFO - [2017] MISSING_CENTRAL: SR3Mu/Central/jets/3/phi in Skim_TriLep_DYJets10to50.root
2026-01-29 07:09:35,228 - INFO - [2017] MISSING_CENTRAL: SR3Mu/Central/jets/3/phi in Skim_TriLep_WWG.root
2026-03-06 09:38:23,902 - INFO - [2017] MISSING_CENTRAL: SR3Mu/Central/jets/3/phi in Skim_TriLep_DYJets10to50.root
2026-03-06 09:38:23,917 - INFO - [2017] MISSING_CENTRAL: SR3Mu/Central/jets/3/phi in Skim_TriLep_WWG.root
2026-03-06 19:44:13,117 - INFO - [2017] MISSING_CENTRAL: SR3Mu/Central/jets/3/phi in Skim_TriLep_DYJets10to50.root
2026-03-06 19:44:13,125 - INFO - [2017] MISSING_CENTRAL: SR3Mu/Central/jets/3/phi in Skim_TriLep_WWG.root
2026-04-10 20:18:41,298 - INFO - [2017] MISSING_CENTRAL: SR3Mu/Central/jets/3/phi in Skim_TriLep_DYJets10to50.root
2026-04-10 20:18:41,306 - INFO - [2017] MISSING_CENTRAL: SR3Mu/Central/jets/3/phi in Skim_TriLep_WWG.root
2026-04-12 11:33:42,662 - INFO - [2017] MISSING_CENTRAL: SR3Mu/Central/jets/3/phi in Skim_TriLep_DYJets10to50.root
2026-04-12 11:33:42,667 - INFO - [2017] MISSING_CENTRAL: SR3Mu/Central/jets/3/phi in Skim_TriLep_WWG.root
2026-04-12 12:15:54,784 - INFO - [2017] MISSING_CENTRAL: SR3Mu/Central/jets/3/phi in Skim_TriLep_DYJets10to50.root
2026-04-12 12:15:54,791 - INFO - [2017] MISSING_CENTRAL: SR3Mu/Central/jets/3/phi in Skim_TriLep_WWG.root
2026-04-12 12:35:32,656 - INFO - [2017] MISSING_CENTRAL: SR3Mu/Central/jets/3/phi in Skim_TriLep_DYJets10to50.root
2026-04-12 12:35:32,664 - INFO - [2017] MISSING_CENTRAL: SR3Mu/Central/jets/3/phi in Skim_TriLep_WWG.root
2026-04-12 20:43:35,373 - INFO - [2017] MISSING_CENTRAL: SR3Mu/Central/jets/3/phi in Skim_TriLep_DYJets10to50.root
2026-04-12 20:43:35,381 - INFO - [2017] MISSING_CENTRAL: SR3Mu/Central/jets/3/phi in Skim_TriLep_WWG.root
2026-04-12 21:15:14,174 - INFO - [2017] MISSING_CENTRAL: SR3Mu/Central/jets/3/phi in Skim_TriLep_DYJets10to50.root
2026-04-12 21:15:14,181 - INFO - [2017] MISSING_CENTRAL: SR3Mu/Central/jets/3/phi in Skim_TriLep_WWG.root
2026-04-13 12:52:45,529 - INFO - [2017] MISSING_CENTRAL: SR3Mu/Central/jets/3/phi in Skim_TriLep_DYJets10to50.root
2026-04-13 12:52:45,537 - INFO - [2017] MISSING_CENTRAL: SR3Mu/Central/jets/3/phi in Skim_TriLep_WWG.root
2026-04-16 17:29:11,180 - INFO - [2017] MISSING_CENTRAL: SR3Mu/Central/jets/3/phi in Skim_TriLep_DYJets10to50.root
2026-04-16 17:29:11,189 - INFO - [2017] MISSING_CENTRAL: SR3Mu/Central/jets/3/phi in Skim_TriLep_WWG.root
2026-04-16 17:35:14,837 - INFO - [2017] MISSING_CENTRAL: SR3Mu/Central/jets/3/phi in Skim_TriLep_DYJets10to50.root
2026-04-16 17:35:14,846 - INFO - [2017] MISSING_CENTRAL: SR3Mu/Central/jets/3/phi in Skim_TriLep_WWG.root
2026-04-28 15:09:49,622 - INFO - [2017] MISSING_CENTRAL: SR3Mu/Central/jets/3/phi in Skim_TriLep_DYJets10to50.root
2026-04-28 15:09:49,628 - INFO - [2017] MISSING_CENTRAL: SR3Mu/Central/jets/3/phi in Skim_TriLep_WWG.root
2026-04-28 15:15:50,051 - INFO - [2017] MISSING_CENTRAL: SR3Mu/Central/jets/3/phi in Skim_TriLep_DYJets10to50.root
2026-04-28 15:15:50,059 - INFO - [2017] MISSING_CENTRAL: SR3Mu/Central/jets/3/phi in Skim_TriLep_WWG.root
2026-05-04 16:59:14,495 - INFO - [2017] MISSING_CENTRAL: SR3Mu/Central/jets/3/phi in Skim_TriLep_DYJets10to50.root
2026-05-04 16:59:14,503 - INFO - [2017] MISSING_CENTRAL: SR3Mu/Central/jets/3/phi in Skim_TriLep_WWG.root
2026-05-04 17:04:56,601 - INFO - [2017] MISSING_CENTRAL: SR3Mu/Central/jets/3/phi in Skim_TriLep_DYJets10to50.root
2026-05-04 17:04:56,609 - INFO - [2017] MISSING_CENTRAL: SR3Mu/Central/jets/3/phi in Skim_TriLep_WWG.root
2026-05-28 15:35:46,139 - INFO - [2017] MISSING_CENTRAL: SR3Mu/Central/jets/3/phi in Skim_TriLep_DYJets10to50.root
2026-05-28 15:35:46,433 - INFO - [2017] MISSING_CENTRAL: SR3Mu/Central/jets/3/phi in Skim_TriLep_WWG.root
2026-05-28 15:41:51,399 - INFO - [2017] MISSING_CENTRAL: SR3Mu/Central/jets/3/phi in Skim_TriLep_DYJets10to50.root
2026-05-28 15:41:51,418 - INFO - [2017] MISSING_CENTRAL: SR3Mu/Central/jets/3/phi in Skim_TriLep_WWG.root
2026-05-29 15:26:51,317 - INFO - [2017] MISSING_CENTRAL: SR3Mu/Central/jets/3/phi in Skim_TriLep_DYJets10to50.root
2026-05-29 15:26:51,336 - INFO - [2017] MISSING_CENTRAL: SR3Mu/Central/jets/3/phi in Skim_TriLep_WWG.root
2026-05-29 15:32:44,730 - INFO - [2017] MISSING_CENTRAL: SR3Mu/Central/jets/3/phi in Skim_TriLep_DYJets10to50.root
2026-05-29 15:32:44,738 - INFO - [2017] MISSING_CENTRAL: SR3Mu/Central/jets/3/phi in Skim_TriLep_WWG.root
2026-05-29 18:18:06,712 - INFO - [2017] MISSING_CENTRAL: SR3Mu/Central/jets/3/phi in Skim_TriLep_DYJets10to50.root
2026-05-29 18:18:06,720 - INFO - [2017] MISSING_CENTRAL: SR3Mu/Central/jets/3/phi in Skim_TriLep_WWG.root
2026-05-29 18:23:52,799 - INFO - [2017] MISSING_CENTRAL: SR3Mu/Central/jets/3/phi in Skim_TriLep_DYJets10to50.root
2026-05-29 18:23:52,807 - INFO - [2017] MISSING_CENTRAL: SR3Mu/Central/jets/3/phi in Skim_TriLep_WWG.root
2026-06-12 14:03:01,016 - INFO - [2017] MISSING_CENTRAL: SR3Mu/Central/jets/3/phi in Skim_TriLep_DYJets10to50.root
2026-06-12 14:03:01,024 - INFO - [2017] MISSING_CENTRAL: SR3Mu/Central/jets/3/phi in Skim_TriLep_WWG.root
2026-06-12 14:24:05,386 - INFO - [2017] MISSING_CENTRAL: SR3Mu/Central/jets/3/phi in Skim_TriLep_DYJets10to50.root
2026-06-12 14:24:05,394 - INFO - [2017] MISSING_CENTRAL: SR3Mu/Central/jets/3/phi in Skim_TriLep_WWG.root
2026-06-18 00:14:40,888 - INFO - [2017] MISSING_CENTRAL: SR3Mu/Central/jets/3/phi in Skim_TriLep_DYJets10to50.root
2026-06-18 00:14:40,898 - INFO - [2017] MISSING_CENTRAL: SR3Mu/Central/jets/3/phi in Skim_TriLep_WWG.root
2026-06-18 00:18:17,376 - INFO - [2017] MISSING_CENTRAL: SR3Mu/Central/jets/3/phi in Skim_TriLep_DYJets10to50.root
2026-06-18 00:18:17,384 - INFO - [2017] MISSING_CENTRAL: SR3Mu/Central/jets/3/phi in Skim_TriLep_WWG.root
2026-07-01 17:32:42,313 - INFO - [2017] MISSING_CENTRAL: SR3Mu/Central/jets/3/phi in Skim_TriLep_DYJets10to50.root
2026-07-01 17:32:42,335 - INFO - [2017] MISSING_CENTRAL: SR3Mu/Central/jets/3/phi in Skim_TriLep_WWG.root
2026-07-21 19:24:08,377 - INFO - [2017] MISSING_CENTRAL: SR3Mu/Central/jets/3/phi in Skim_TriLep_DYJets10to50.root
2026-07-21 19:24:08,668 - INFO - [2017] MISSING_CENTRAL: SR3Mu/Central/jets/3/phi in Skim_TriLep_WWG.root
2026-08-18 18:09:48,191 - INFO - [2017] MISSING_CENTRAL: SR3Mu/Central/jets/3/phi in Skim_TriLep_DYJets10to50.root
2026-08-18 18:09:48,458 - INFO - [2017] MISSING_CENTRAL: SR3Mu/Central/jets/3/phi in Skim_TriLep_WWG.root
2026-08-19 10:02:02,996 - INFO - [2017] MISSING_CENTRAL: SR3Mu/Central/jets/3/phi in Skim_TriLep_DYJets10to50.root
2026-08-19 10:02:03,383 - INFO - [2017] MISSING_CENTRAL: SR3Mu/Central/jets/3/phi in Skim_TriLep_WWG.root
