2025-09-24 15:47:10,225 - INFO - [2017] MISSING_CENTRAL: SR3Mu/Central/muons/2/eta in Skim_TriLep_DYJets10to50.root
2025-09-24 15:47:10,234 - INFO - [2017] MISSING_CENTRAL: SR3Mu/Central/muons/2/eta in Skim_TriLep_WWG.root
2025-10-02 21:12:37,058 - INFO - [2017] MISSING_CENTRAL: SR3Mu/Central/muons/2/eta in Skim_TriLep_DYJets10to50.root
2025-10-02 21:12:37,505 - INFO - [2017] MISSING_CENTRAL: SR3Mu/Central/muons/2/eta in Skim_TriLep_WWG.root
2025-10-02 23:59:58,181 - INFO - [2017] MISSING_CENTRAL: SR3Mu/Central/muons/2/eta in Skim_TriLep_DYJets10to50.root
2025-10-02 23:59:58,202 - INFO - [2017] MISSING_CENTRAL: SR3Mu/Central/muons/2/eta in Skim_TriLep_WWG.root
2025-11-05 21:33:38,653 - INFO - [2017] MISSING_CENTRAL: SR3Mu/Central/muons/2/eta in Skim_TriLep_DYJets10to50.root
2025-11-05 21:33:38,667 - INFO - [2017] MISSING_CENTRAL: SR3Mu/Central/muons/2/eta in Skim_TriLep_WWG.root
2025-11-05 21:38:41,428 - INFO - [2017] MISSING_CENTRAL: SR3Mu/Central/muons/2/eta in Skim_TriLep_DYJets10to50.root
2025-11-05 21:38:41,442 - INFO - [2017] MISSING_CENTRAL: SR3Mu/Central/muons/2/eta in Skim_TriLep_WWG.root
2025-11-05 22:01:36,801 - INFO - [2017] MISSING_CENTRAL: SR3Mu/Central/muons/2/eta in Skim_TriLep_DYJets10to50.root
2025-11-05 22:01:36,825 - INFO - [2017] MISSING_CENTRAL: SR3Mu/Central/muons/2/eta in Skim_TriLep_WWG.root
2025-11-05 22:17:24,555 - INFO - [2017] MISSING_CENTRAL: SR3Mu/Central/muons/2/eta in Skim_TriLep_DYJets10to50.root
2025-11-05 22:17:24,570 - INFO - [2017] MISSING_CENTRAL: SR3Mu/Central/muons/2/eta in Skim_TriLep_WWG.root
2025-11-05 23:21:57,020 - INFO - [2017] MISSING_CENTRAL: SR3Mu/Central/muons/2/eta in Skim_TriLep_DYJets10to50.root
2025-11-05 23:21:57,033 - INFO - [2017] MISSING_CENTRAL: SR3Mu/Central/muons/2/eta in Skim_TriLep_WWG.root
2025-11-07 12:25:10,679 - INFO - [2017] MISSING_CENTRAL: SR3Mu/Central/muons/2/eta in Skim_TriLep_DYJets10to50.root
2025-11-07 12:25:10,693 - INFO - [2017] MISSING_CENTRAL: SR3Mu/Central/muons/2/eta in Skim_TriLep_WWG.root
2025-11-07 13:05:30,032 - INFO - [2017] MISSING_CENTRAL: SR3Mu/Central/muons/2/eta in Skim_TriLep_DYJets10to50.root
2025-11-07 13:05:30,045 - INFO - [2017] MISSING_CENTRAL: SR3Mu/Central/muons/2/eta in Skim_TriLep_WWG.root
2025-11-07 13:30:18,514 - INFO - [2017] MISSING_CENTRAL: SR3Mu/Central/muons/2/eta in Skim_TriLep_DYJets10to50.root
2025-11-07 13:30:18,527 - INFO - [2017] MISSING_CENTRAL: SR3Mu/Central/muons/2/eta in Skim_TriLep_WWG.root
2025-11-07 14:03:03,649 - INFO - [2017] MISSING_CENTRAL: SR3Mu/Central/muons/2/eta in Skim_TriLep_DYJets10to50.root
2025-11-07 14:03:03,662 - INFO - [2017] MISSING_CENTRAL: SR3Mu/Central/muons/2/eta in Skim_TriLep_WWG.root
2025-11-10 05:53:39,029 - INFO - [2017] MISSING_CENTRAL: SR3Mu/Central/muons/2/eta in Skim_TriLep_DYJets10to50.root
2025-11-10 05:53:39,043 - INFO - [2017] MISSING_CENTRAL: SR3Mu/Central/muons/2/eta in Skim_TriLep_WWG.root
2025-11-10 12:18:05,739 - INFO - [2017] MISSING_CENTRAL: SR3Mu/Central/muons/2/eta in Skim_TriLep_DYJets10to50.root
2025-11-10 12:18:05,774 - INFO - [2017] MISSING_CENTRAL: SR3Mu/Central/muons/2/eta in Skim_TriLep_WWG.root
2025-11-13 11:07:14,836 - INFO - [2017] MISSING_CENTRAL: SR3Mu/Central/muons/2/eta in Skim_TriLep_DYJets10to50.root
2025-11-13 11:07:15,512 - INFO - [2017] MISSING_CENTRAL: SR3Mu/Central/muons/2/eta in Skim_TriLep_WWG.root
2025-11-13 19:54:12,574 - INFO - [2017] MISSING_CENTRAL: SR3Mu/Central/muons/2/eta in Skim_TriLep_DYJets10to50.root
2025-11-13 19:54:12,586 - INFO - [2017] MISSING_CENTRAL: SR3Mu/Central/muons/2/eta in Skim_TriLep_WWG.root
2025-11-13 20:01:06,970 - INFO - [2017] MISSING_CENTRAL: SR3Mu/Central/muons/2/eta in Skim_TriLep_DYJets10to50.root
2025-11-13 20:01:06,984 - INFO - [2017] MISSING_CENTRAL: SR3Mu/Central/muons/2/eta in Skim_TriLep_WWG.root
2025-11-19 16:20:25,822 - INFO - [2017] MISSING_CENTRAL: SR3Mu/Central/muons/2/eta in Skim_TriLep_DYJets10to50.root
2025-11-19 16:20:25,836 - INFO - [2017] MISSING_CENTRAL: SR3Mu/Central/muons/2/eta in Skim_TriLep_WWG.root
2025-12-17 22:34:33,695 - INFO - [2017] MISSING_CENTRAL: SR3Mu/Central/muons/2/eta in Skim_TriLep_DYJets10to50.root
2025-12-17 22:34:34,125 - INFO - [2017] MISSING_CENTRAL: SR3Mu/Central/muons/2/eta in Skim_TriLep_WWG.root
2025-12-18 14:17:59,219 - INFO - [2017] MISSING_CENTRAL: SR3Mu/Central/muons/2/eta in Skim_TriLep_DYJets10to50.root
2025-12-18 14:17:59,231 - INFO - [2017] MISSING_CENTRAL: SR3Mu/Central/muons/2/eta in Skim_TriLep_WWG.root
2025-12-18 14:33:27,256 - INFO - [2017] MISSING_CENTRAL: SR3Mu/Central/muons/2/eta in Skim_TriLep_DYJets10to50.root
2025-12-18 14:33:27,295 - INFO - [2017] MISSING_CENTRAL: SR3Mu/Central/muons/2/eta in Skim_TriLep_WWG.root
2026-01-07 11:43:32,881 - INFO - [2017] MISSING_CENTRAL: SR3Mu/Central/muons/2/eta in Skim_TriLep_DYJets10to50.root
2026-01-07 11:43:33,286 - INFO - [2017] MISSING_CENTRAL: SR3Mu/Central/muons/2/eta in Skim_TriLep_WWG.root
2026-01-07 18:40:31,849 - INFO - [2017] MISSING_CENTRAL: SR3Mu/Central/muons/2/eta in Skim_TriLep_DYJets10to50.root
2026-01-07 18:40:31,858 - INFO - [2017] MISSING_CENTRAL: SR3Mu/Central/muons/2/eta in Skim_TriLep_WWG.root
2026-01-07 19:27:54,728 - INFO - [2017] MISSING_CENTRAL: SR3Mu/Central/muons/2/eta in Skim_TriLep_DYJets10to50.root
2026-01-07 19:27:54,741 - INFO - [2017] MISSING_CENTRAL: SR3Mu/Central/muons/2/eta in Skim_TriLep_WWG.root
2026-01-09 12:14:06,948 - INFO - [2017] MISSING_CENTRAL: SR3Mu/Central/muons/2/eta in Skim_TriLep_DYJets10to50.root
2026-01-09 12:14:06,955 - INFO - [2017] MISSING_CENTRAL: SR3Mu/Central/muons/2/eta in Skim_TriLep_WWG.root
2026-01-11 09:34:10,757 - INFO - [2017] MISSING_CENTRAL: SR3Mu/Central/muons/2/eta in Skim_TriLep_DYJets10to50.root
2026-01-11 09:34:10,765 - INFO - [2017] MISSING_CENTRAL: SR3Mu/Central/muons/2/eta in Skim_TriLep_WWG.root
2026-01-12 13:42:46,432 - INFO - [2017] MISSING_FILE: /home/choij/Sync/workspace/ChargedHiggsAnalysisV3/SKNanoOutput/MatrixSelector/Run3Mu/2017/Skim_TriLep_DoubleMuon_B.root
2026-01-12 13:42:46,433 - INFO - [2017] MISSING_FILE: /home/choij/Sync/workspace/ChargedHiggsAnalysisV3/SKNanoOutput/MatrixSelector/Run3Mu/2017/Skim_TriLep_DoubleMuon_C.root
2026-01-12 13:42:46,433 - INFO - [2017] MISSING_FILE: /home/choij/Sync/workspace/ChargedHiggsAnalysisV3/SKNanoOutput/MatrixSelector/Run3Mu/2017/Skim_TriLep_DoubleMuon_D.root
2026-01-12 13:42:46,433 - INFO - [2017] MISSING_FILE: /home/choij/Sync/workspace/ChargedHiggsAnalysisV3/SKNanoOutput/MatrixSelector/Run3Mu/2017/Skim_TriLep_DoubleMuon_E.root
2026-01-12 13:42:46,433 - INFO - [2017] MISSING_FILE: /home/choij/Sync/workspace/ChargedHiggsAnalysisV3/SKNanoOutput/MatrixSelector/Run3Mu/2017/Skim_TriLep_DoubleMuon_F.root
2026-01-12 13:42:46,457 - INFO - [2017] MISSING_CENTRAL: SR3Mu/Central/muons/2/eta in Skim_TriLep_DYJets10to50.root
2026-01-12 13:42:46,464 - INFO - [2017] MISSING_CENTRAL: SR3Mu/Central/muons/2/eta in Skim_TriLep_WWG.root
2026-01-16 18:58:04,507 - INFO - [2017] MISSING_CENTRAL: SR3Mu/Central/muons/2/eta in Skim_TriLep_DYJets10to50.root
2026-01-16 18:58:04,512 - INFO - [2017] MISSING_CENTRAL: SR3Mu/Central/muons/2/eta in Skim_TriLep_WWG.root
2026-01-28 16:07:01,608 - INFO - [2017] MISSING_CENTRAL: SR3Mu/Central/muons/2/eta in Skim_TriLep_DYJets10to50.root
2026-01-28 16:07:01,616 - INFO - [2017] MISSING_CENTRAL: SR3Mu/Central/muons/2/eta in Skim_TriLep_WWG.root
2026-01-28 17:18:29,176 - INFO - [2017] MISSING_CENTRAL: SR3Mu/Central/muons/2/eta in Skim_TriLep_DYJets10to50.root
2026-01-28 17:18:29,184 - INFO - [2017] MISSING_CENTRAL: SR3Mu/Central/muons/2/eta in Skim_TriLep_WWG.root
2026-01-28 19:52:06,597 - INFO - [2017] MISSING_CENTRAL: SR3Mu/Central/muons/2/eta in Skim_TriLep_DYJets10to50.root
2026-01-28 19:52:06,605 - INFO - [2017] MISSING_CENTRAL: SR3Mu/Central/muons/2/eta in Skim_TriLep_WWG.root
2026-01-29 07:09:32,123 - INFO - [2017] MISSING_CENTRAL: SR3Mu/Central/muons/2/eta in Skim_TriLep_DYJets10to50.root
2026-01-29 07:09:32,130 - INFO - [2017] MISSING_CENTRAL: SR3Mu/Central/muons/2/eta in Skim_TriLep_WWG.root
2026-03-06 09:38:20,877 - INFO - [2017] MISSING_CENTRAL: SR3Mu/Central/muons/2/eta in Skim_TriLep_DYJets10to50.root
2026-03-06 09:38:20,907 - INFO - [2017] MISSING_CENTRAL: SR3Mu/Central/muons/2/eta in Skim_TriLep_WWG.root
2026-03-06 19:44:10,134 - INFO - [2017] MISSING_CENTRAL: SR3Mu/Central/muons/2/eta in Skim_TriLep_DYJets10to50.root
2026-03-06 19:44:10,141 - INFO - [2017] MISSING_CENTRAL: SR3Mu/Central/muons/2/eta in Skim_TriLep_WWG.root
2026-04-10 20:18:38,158 - INFO - [2017] MISSING_CENTRAL: SR3Mu/Central/muons/2/eta in Skim_TriLep_DYJets10to50.root
2026-04-10 20:18:38,177 - INFO - [2017] MISSING_CENTRAL: SR3Mu/Central/muons/2/eta in Skim_TriLep_WWG.root
2026-04-12 11:33:39,285 - INFO - [2017] MISSING_CENTRAL: SR3Mu/Central/muons/2/eta in Skim_TriLep_DYJets10to50.root
2026-04-12 11:33:39,290 - INFO - [2017] MISSING_CENTRAL: SR3Mu/Central/muons/2/eta in Skim_TriLep_WWG.root
2026-04-12 12:15:51,727 - INFO - [2017] MISSING_CENTRAL: SR3Mu/Central/muons/2/eta in Skim_TriLep_DYJets10to50.root
2026-04-12 12:15:51,734 - INFO - [2017] MISSING_CENTRAL: SR3Mu/Central/muons/2/eta in Skim_TriLep_WWG.root
2026-04-12 12:35:29,698 - INFO - [2017] MISSING_CENTRAL: SR3Mu/Central/muons/2/eta in Skim_TriLep_DYJets10to50.root
2026-04-12 12:35:29,706 - INFO - [2017] MISSING_CENTRAL: SR3Mu/Central/muons/2/eta in Skim_TriLep_WWG.root
2026-04-12 20:43:32,065 - INFO - [2017] MISSING_CENTRAL: SR3Mu/Central/muons/2/eta in Skim_TriLep_DYJets10to50.root
2026-04-12 20:43:32,072 - INFO - [2017] MISSING_CENTRAL: SR3Mu/Central/muons/2/eta in Skim_TriLep_WWG.root
2026-04-12 21:15:11,309 - INFO - [2017] MISSING_CENTRAL: SR3Mu/Central/muons/2/eta in Skim_TriLep_DYJets10to50.root
2026-04-12 21:15:11,316 - INFO - [2017] MISSING_CENTRAL: SR3Mu/Central/muons/2/eta in Skim_TriLep_WWG.root
2026-04-13 12:52:42,386 - INFO - [2017] MISSING_CENTRAL: SR3Mu/Central/muons/2/eta in Skim_TriLep_DYJets10to50.root
2026-04-13 12:52:42,393 - INFO - [2017] MISSING_CENTRAL: SR3Mu/Central/muons/2/eta in Skim_TriLep_WWG.root
2026-04-16 17:29:07,986 - INFO - [2017] MISSING_CENTRAL: SR3Mu/Central/muons/2/eta in Skim_TriLep_DYJets10to50.root
2026-04-16 17:29:08,031 - INFO - [2017] MISSING_CENTRAL: SR3Mu/Central/muons/2/eta in Skim_TriLep_WWG.root
2026-04-16 17:35:11,255 - INFO - [2017] MISSING_CENTRAL: SR3Mu/Central/muons/2/eta in Skim_TriLep_DYJets10to50.root
2026-04-16 17:35:11,263 - INFO - [2017] MISSING_CENTRAL: SR3Mu/Central/muons/2/eta in Skim_TriLep_WWG.root
2026-04-28 15:09:46,541 - INFO - [2017] MISSING_CENTRAL: SR3Mu/Central/muons/2/eta in Skim_TriLep_DYJets10to50.root
2026-04-28 15:09:46,573 - INFO - [2017] MISSING_CENTRAL: SR3Mu/Central/muons/2/eta in Skim_TriLep_WWG.root
2026-04-28 15:15:47,135 - INFO - [2017] MISSING_CENTRAL: SR3Mu/Central/muons/2/eta in Skim_TriLep_DYJets10to50.root
2026-04-28 15:15:47,142 - INFO - [2017] MISSING_CENTRAL: SR3Mu/Central/muons/2/eta in Skim_TriLep_WWG.root
2026-05-04 16:59:11,488 - INFO - [2017] MISSING_CENTRAL: SR3Mu/Central/muons/2/eta in Skim_TriLep_DYJets10to50.root
2026-05-04 16:59:11,496 - INFO - [2017] MISSING_CENTRAL: SR3Mu/Central/muons/2/eta in Skim_TriLep_WWG.root
2026-05-04 17:04:53,603 - INFO - [2017] MISSING_CENTRAL: SR3Mu/Central/muons/2/eta in Skim_TriLep_DYJets10to50.root
2026-05-04 17:04:53,610 - INFO - [2017] MISSING_CENTRAL: SR3Mu/Central/muons/2/eta in Skim_TriLep_WWG.root
2026-05-28 15:35:46,139 - INFO - [2017] MISSING_CENTRAL: SR3Mu/Central/muons/2/eta in Skim_TriLep_DYJets10to50.root
2026-05-28 15:35:46,433 - INFO - [2017] MISSING_CENTRAL: SR3Mu/Central/muons/2/eta in Skim_TriLep_WWG.root
2026-05-28 15:41:50,499 - INFO - [2017] MISSING_CENTRAL: SR3Mu/Central/muons/2/eta in Skim_TriLep_DYJets10to50.root
2026-05-28 15:41:50,513 - INFO - [2017] MISSING_CENTRAL: SR3Mu/Central/muons/2/eta in Skim_TriLep_WWG.root
2026-05-29 15:26:48,448 - INFO - [2017] MISSING_CENTRAL: SR3Mu/Central/muons/2/eta in Skim_TriLep_DYJets10to50.root
2026-05-29 15:26:48,455 - INFO - [2017] MISSING_CENTRAL: SR3Mu/Central/muons/2/eta in Skim_TriLep_WWG.root
2026-05-29 15:32:41,838 - INFO - [2017] MISSING_CENTRAL: SR3Mu/Central/muons/2/eta in Skim_TriLep_DYJets10to50.root
2026-05-29 15:32:41,846 - INFO - [2017] MISSING_CENTRAL: SR3Mu/Central/muons/2/eta in Skim_TriLep_WWG.root
2026-05-29 18:18:03,938 - INFO - [2017] MISSING_CENTRAL: SR3Mu/Central/muons/2/eta in Skim_TriLep_DYJets10to50.root
2026-05-29 18:18:03,946 - INFO - [2017] MISSING_CENTRAL: SR3Mu/Central/muons/2/eta in Skim_TriLep_WWG.root
2026-05-29 18:23:49,602 - INFO - [2017] MISSING_CENTRAL: SR3Mu/Central/muons/2/eta in Skim_TriLep_DYJets10to50.root
2026-05-29 18:23:49,610 - INFO - [2017] MISSING_CENTRAL: SR3Mu/Central/muons/2/eta in Skim_TriLep_WWG.root
2026-06-12 14:02:58,140 - INFO - [2017] MISSING_CENTRAL: SR3Mu/Central/muons/2/eta in Skim_TriLep_DYJets10to50.root
2026-06-12 14:02:58,147 - INFO - [2017] MISSING_CENTRAL: SR3Mu/Central/muons/2/eta in Skim_TriLep_WWG.root
2026-06-12 14:24:02,469 - INFO - [2017] MISSING_CENTRAL: SR3Mu/Central/muons/2/eta in Skim_TriLep_DYJets10to50.root
2026-06-12 14:24:02,477 - INFO - [2017] MISSING_CENTRAL: SR3Mu/Central/muons/2/eta in Skim_TriLep_WWG.root
