2025-09-24 15:47:12,584 - INFO - [2017] MISSING_CENTRAL: SR3Mu/Central/muons/2/charge in Skim_TriLep_DYJets10to50.root
2025-09-24 15:47:12,590 - INFO - [2017] MISSING_CENTRAL: SR3Mu/Central/muons/2/charge in Skim_TriLep_WWG.root
2025-10-02 21:12:37,302 - INFO - [2017] MISSING_CENTRAL: SR3Mu/Central/muons/2/charge in Skim_TriLep_DYJets10to50.root
2025-10-02 21:12:37,507 - INFO - [2017] MISSING_CENTRAL: SR3Mu/Central/muons/2/charge in Skim_TriLep_WWG.root
2025-10-03 00:00:00,433 - INFO - [2017] MISSING_CENTRAL: SR3Mu/Central/muons/2/charge in Skim_TriLep_DYJets10to50.root
2025-10-03 00:00:00,439 - INFO - [2017] MISSING_CENTRAL: SR3Mu/Central/muons/2/charge in Skim_TriLep_WWG.root
2025-11-05 21:33:38,693 - INFO - [2017] MISSING_CENTRAL: SR3Mu/Central/muons/2/charge in Skim_TriLep_DYJets10to50.root
2025-11-05 21:33:38,705 - INFO - [2017] MISSING_CENTRAL: SR3Mu/Central/muons/2/charge in Skim_TriLep_WWG.root
2025-11-05 21:38:41,407 - INFO - [2017] MISSING_CENTRAL: SR3Mu/Central/muons/2/charge in Skim_TriLep_DYJets10to50.root
2025-11-05 21:38:41,418 - INFO - [2017] MISSING_CENTRAL: SR3Mu/Central/muons/2/charge in Skim_TriLep_WWG.root
2025-11-05 22:01:37,014 - INFO - [2017] MISSING_CENTRAL: SR3Mu/Central/muons/2/charge in Skim_TriLep_DYJets10to50.root
2025-11-05 22:01:37,025 - INFO - [2017] MISSING_CENTRAL: SR3Mu/Central/muons/2/charge in Skim_TriLep_WWG.root
2025-11-05 22:17:24,455 - INFO - [2017] MISSING_CENTRAL: SR3Mu/Central/muons/2/charge in Skim_TriLep_DYJets10to50.root
2025-11-05 22:17:24,467 - INFO - [2017] MISSING_CENTRAL: SR3Mu/Central/muons/2/charge in Skim_TriLep_WWG.root
2025-11-05 23:21:56,948 - INFO - [2017] MISSING_CENTRAL: SR3Mu/Central/muons/2/charge in Skim_TriLep_DYJets10to50.root
2025-11-05 23:21:56,960 - INFO - [2017] MISSING_CENTRAL: SR3Mu/Central/muons/2/charge in Skim_TriLep_WWG.root
2025-11-07 12:25:10,598 - INFO - [2017] MISSING_CENTRAL: SR3Mu/Central/muons/2/charge in Skim_TriLep_DYJets10to50.root
2025-11-07 12:25:10,639 - INFO - [2017] MISSING_CENTRAL: SR3Mu/Central/muons/2/charge in Skim_TriLep_WWG.root
2025-11-07 13:05:30,293 - INFO - [2017] MISSING_CENTRAL: SR3Mu/Central/muons/2/charge in Skim_TriLep_DYJets10to50.root
2025-11-07 13:05:30,304 - INFO - [2017] MISSING_CENTRAL: SR3Mu/Central/muons/2/charge in Skim_TriLep_WWG.root
2025-11-07 13:30:18,537 - INFO - [2017] MISSING_CENTRAL: SR3Mu/Central/muons/2/charge in Skim_TriLep_DYJets10to50.root
2025-11-07 13:30:18,549 - INFO - [2017] MISSING_CENTRAL: SR3Mu/Central/muons/2/charge in Skim_TriLep_WWG.root
2025-11-07 14:03:03,708 - INFO - [2017] MISSING_CENTRAL: SR3Mu/Central/muons/2/charge in Skim_TriLep_DYJets10to50.root
2025-11-07 14:03:03,719 - INFO - [2017] MISSING_CENTRAL: SR3Mu/Central/muons/2/charge in Skim_TriLep_WWG.root
2025-11-10 05:53:37,522 - INFO - [2017] MISSING_CENTRAL: SR3Mu/Central/muons/2/charge in Skim_TriLep_DYJets10to50.root
2025-11-10 05:53:37,535 - INFO - [2017] MISSING_CENTRAL: SR3Mu/Central/muons/2/charge in Skim_TriLep_WWG.root
2025-11-10 12:18:05,727 - INFO - [2017] MISSING_CENTRAL: SR3Mu/Central/muons/2/charge in Skim_TriLep_DYJets10to50.root
2025-11-10 12:18:05,770 - INFO - [2017] MISSING_CENTRAL: SR3Mu/Central/muons/2/charge in Skim_TriLep_WWG.root
2025-11-13 11:07:14,833 - INFO - [2017] MISSING_CENTRAL: SR3Mu/Central/muons/2/charge in Skim_TriLep_DYJets10to50.root
2025-11-13 11:07:15,511 - INFO - [2017] MISSING_CENTRAL: SR3Mu/Central/muons/2/charge in Skim_TriLep_WWG.root
2025-11-13 19:54:12,550 - INFO - [2017] MISSING_CENTRAL: SR3Mu/Central/muons/2/charge in Skim_TriLep_DYJets10to50.root
2025-11-13 19:54:12,559 - INFO - [2017] MISSING_CENTRAL: SR3Mu/Central/muons/2/charge in Skim_TriLep_WWG.root
2025-11-13 20:01:07,082 - INFO - [2017] MISSING_CENTRAL: SR3Mu/Central/muons/2/charge in Skim_TriLep_DYJets10to50.root
2025-11-13 20:01:07,093 - INFO - [2017] MISSING_CENTRAL: SR3Mu/Central/muons/2/charge in Skim_TriLep_WWG.root
2025-11-19 16:20:25,808 - INFO - [2017] MISSING_CENTRAL: SR3Mu/Central/muons/2/charge in Skim_TriLep_DYJets10to50.root
2025-11-19 16:20:25,818 - INFO - [2017] MISSING_CENTRAL: SR3Mu/Central/muons/2/charge in Skim_TriLep_WWG.root
2025-12-17 22:34:33,679 - INFO - [2017] MISSING_CENTRAL: SR3Mu/Central/muons/2/charge in Skim_TriLep_DYJets10to50.root
2025-12-17 22:34:34,123 - INFO - [2017] MISSING_CENTRAL: SR3Mu/Central/muons/2/charge in Skim_TriLep_WWG.root
2025-12-18 14:17:59,639 - INFO - [2017] MISSING_CENTRAL: SR3Mu/Central/muons/2/charge in Skim_TriLep_DYJets10to50.root
2025-12-18 14:17:59,665 - INFO - [2017] MISSING_CENTRAL: SR3Mu/Central/muons/2/charge in Skim_TriLep_WWG.root
2025-12-18 14:33:27,821 - INFO - [2017] MISSING_CENTRAL: SR3Mu/Central/muons/2/charge in Skim_TriLep_DYJets10to50.root
2025-12-18 14:33:27,835 - INFO - [2017] MISSING_CENTRAL: SR3Mu/Central/muons/2/charge in Skim_TriLep_WWG.root
2026-01-07 11:43:32,881 - INFO - [2017] MISSING_CENTRAL: SR3Mu/Central/muons/2/charge in Skim_TriLep_DYJets10to50.root
2026-01-07 11:43:33,286 - INFO - [2017] MISSING_CENTRAL: SR3Mu/Central/muons/2/charge in Skim_TriLep_WWG.root
2026-01-07 18:40:31,880 - INFO - [2017] MISSING_CENTRAL: SR3Mu/Central/muons/2/charge in Skim_TriLep_DYJets10to50.root
2026-01-07 18:40:31,890 - INFO - [2017] MISSING_CENTRAL: SR3Mu/Central/muons/2/charge in Skim_TriLep_WWG.root
2026-01-07 19:27:54,593 - INFO - [2017] MISSING_CENTRAL: SR3Mu/Central/muons/2/charge in Skim_TriLep_DYJets10to50.root
2026-01-07 19:27:54,602 - INFO - [2017] MISSING_CENTRAL: SR3Mu/Central/muons/2/charge in Skim_TriLep_WWG.root
2026-01-09 12:14:06,948 - INFO - [2017] MISSING_CENTRAL: SR3Mu/Central/muons/2/charge in Skim_TriLep_DYJets10to50.root
2026-01-09 12:14:06,954 - INFO - [2017] MISSING_CENTRAL: SR3Mu/Central/muons/2/charge in Skim_TriLep_WWG.root
2026-01-11 09:34:10,781 - INFO - [2017] MISSING_CENTRAL: SR3Mu/Central/muons/2/charge in Skim_TriLep_DYJets10to50.root
2026-01-11 09:34:10,787 - INFO - [2017] MISSING_CENTRAL: SR3Mu/Central/muons/2/charge in Skim_TriLep_WWG.root
2026-01-12 13:42:46,435 - INFO - [2017] MISSING_FILE: /home/choij/Sync/workspace/ChargedHiggsAnalysisV3/SKNanoOutput/MatrixSelector/Run3Mu/2017/Skim_TriLep_DoubleMuon_B.root
2026-01-12 13:42:46,436 - INFO - [2017] MISSING_FILE: /home/choij/Sync/workspace/ChargedHiggsAnalysisV3/SKNanoOutput/MatrixSelector/Run3Mu/2017/Skim_TriLep_DoubleMuon_C.root
2026-01-12 13:42:46,436 - INFO - [2017] MISSING_FILE: /home/choij/Sync/workspace/ChargedHiggsAnalysisV3/SKNanoOutput/MatrixSelector/Run3Mu/2017/Skim_TriLep_DoubleMuon_D.root
2026-01-12 13:42:46,436 - INFO - [2017] MISSING_FILE: /home/choij/Sync/workspace/ChargedHiggsAnalysisV3/SKNanoOutput/MatrixSelector/Run3Mu/2017/Skim_TriLep_DoubleMuon_E.root
2026-01-12 13:42:46,436 - INFO - [2017] MISSING_FILE: /home/choij/Sync/workspace/ChargedHiggsAnalysisV3/SKNanoOutput/MatrixSelector/Run3Mu/2017/Skim_TriLep_DoubleMuon_F.root
2026-01-12 13:42:46,458 - INFO - [2017] MISSING_CENTRAL: SR3Mu/Central/muons/2/charge in Skim_TriLep_DYJets10to50.root
2026-01-12 13:42:46,464 - INFO - [2017] MISSING_CENTRAL: SR3Mu/Central/muons/2/charge in Skim_TriLep_WWG.root
2026-01-16 18:58:04,312 - INFO - [2017] MISSING_CENTRAL: SR3Mu/Central/muons/2/charge in Skim_TriLep_DYJets10to50.root
2026-01-16 18:58:04,346 - INFO - [2017] MISSING_CENTRAL: SR3Mu/Central/muons/2/charge in Skim_TriLep_WWG.root
2026-01-28 16:07:01,330 - INFO - [2017] MISSING_CENTRAL: SR3Mu/Central/muons/2/charge in Skim_TriLep_DYJets10to50.root
2026-01-28 16:07:01,336 - INFO - [2017] MISSING_CENTRAL: SR3Mu/Central/muons/2/charge in Skim_TriLep_WWG.root
2026-01-28 17:18:29,232 - INFO - [2017] MISSING_CENTRAL: SR3Mu/Central/muons/2/charge in Skim_TriLep_DYJets10to50.root
2026-01-28 17:18:29,237 - INFO - [2017] MISSING_CENTRAL: SR3Mu/Central/muons/2/charge in Skim_TriLep_WWG.root
2026-01-28 19:52:06,554 - INFO - [2017] MISSING_CENTRAL: SR3Mu/Central/muons/2/charge in Skim_TriLep_DYJets10to50.root
2026-01-28 19:52:06,560 - INFO - [2017] MISSING_CENTRAL: SR3Mu/Central/muons/2/charge in Skim_TriLep_WWG.root
2026-01-29 07:09:32,132 - INFO - [2017] MISSING_CENTRAL: SR3Mu/Central/muons/2/charge in Skim_TriLep_DYJets10to50.root
2026-01-29 07:09:32,138 - INFO - [2017] MISSING_CENTRAL: SR3Mu/Central/muons/2/charge in Skim_TriLep_WWG.root
2026-03-06 09:38:20,894 - INFO - [2017] MISSING_CENTRAL: SR3Mu/Central/muons/2/charge in Skim_TriLep_DYJets10to50.root
2026-03-06 09:38:20,906 - INFO - [2017] MISSING_CENTRAL: SR3Mu/Central/muons/2/charge in Skim_TriLep_WWG.root
2026-03-06 19:44:10,099 - INFO - [2017] MISSING_CENTRAL: SR3Mu/Central/muons/2/charge in Skim_TriLep_DYJets10to50.root
2026-03-06 19:44:10,106 - INFO - [2017] MISSING_CENTRAL: SR3Mu/Central/muons/2/charge in Skim_TriLep_WWG.root
2026-04-10 20:18:38,156 - INFO - [2017] MISSING_CENTRAL: SR3Mu/Central/muons/2/charge in Skim_TriLep_DYJets10to50.root
2026-04-10 20:18:38,176 - INFO - [2017] MISSING_CENTRAL: SR3Mu/Central/muons/2/charge in Skim_TriLep_WWG.root
2026-04-12 11:33:39,285 - INFO - [2017] MISSING_CENTRAL: SR3Mu/Central/muons/2/charge in Skim_TriLep_DYJets10to50.root
2026-04-12 11:33:39,289 - INFO - [2017] MISSING_CENTRAL: SR3Mu/Central/muons/2/charge in Skim_TriLep_WWG.root
2026-04-12 12:15:51,553 - INFO - [2017] MISSING_CENTRAL: SR3Mu/Central/muons/2/charge in Skim_TriLep_DYJets10to50.root
2026-04-12 12:15:51,559 - INFO - [2017] MISSING_CENTRAL: SR3Mu/Central/muons/2/charge in Skim_TriLep_WWG.root
2026-04-12 12:35:29,692 - INFO - [2017] MISSING_CENTRAL: SR3Mu/Central/muons/2/charge in Skim_TriLep_DYJets10to50.root
2026-04-12 12:35:29,697 - INFO - [2017] MISSING_CENTRAL: SR3Mu/Central/muons/2/charge in Skim_TriLep_WWG.root
2026-04-12 20:43:31,991 - INFO - [2017] MISSING_CENTRAL: SR3Mu/Central/muons/2/charge in Skim_TriLep_DYJets10to50.root
2026-04-12 20:43:31,997 - INFO - [2017] MISSING_CENTRAL: SR3Mu/Central/muons/2/charge in Skim_TriLep_WWG.root
2026-04-12 21:15:11,328 - INFO - [2017] MISSING_CENTRAL: SR3Mu/Central/muons/2/charge in Skim_TriLep_DYJets10to50.root
2026-04-12 21:15:11,334 - INFO - [2017] MISSING_CENTRAL: SR3Mu/Central/muons/2/charge in Skim_TriLep_WWG.root
2026-04-13 12:52:42,056 - INFO - [2017] MISSING_CENTRAL: SR3Mu/Central/muons/2/charge in Skim_TriLep_DYJets10to50.root
2026-04-13 12:52:42,065 - INFO - [2017] MISSING_CENTRAL: SR3Mu/Central/muons/2/charge in Skim_TriLep_WWG.root
2026-04-16 17:29:08,088 - INFO - [2017] MISSING_CENTRAL: SR3Mu/Central/muons/2/charge in Skim_TriLep_DYJets10to50.root
2026-04-16 17:29:08,093 - INFO - [2017] MISSING_CENTRAL: SR3Mu/Central/muons/2/charge in Skim_TriLep_WWG.root
2026-04-16 17:35:11,211 - INFO - [2017] MISSING_CENTRAL: SR3Mu/Central/muons/2/charge in Skim_TriLep_DYJets10to50.root
2026-04-16 17:35:11,217 - INFO - [2017] MISSING_CENTRAL: SR3Mu/Central/muons/2/charge in Skim_TriLep_WWG.root
2026-04-28 15:09:46,541 - INFO - [2017] MISSING_CENTRAL: SR3Mu/Central/muons/2/charge in Skim_TriLep_DYJets10to50.root
2026-04-28 15:09:46,573 - INFO - [2017] MISSING_CENTRAL: SR3Mu/Central/muons/2/charge in Skim_TriLep_WWG.root
2026-04-28 15:15:47,144 - INFO - [2017] MISSING_CENTRAL: SR3Mu/Central/muons/2/charge in Skim_TriLep_DYJets10to50.root
2026-04-28 15:15:47,150 - INFO - [2017] MISSING_CENTRAL: SR3Mu/Central/muons/2/charge in Skim_TriLep_WWG.root
2026-05-04 16:59:11,531 - INFO - [2017] MISSING_CENTRAL: SR3Mu/Central/muons/2/charge in Skim_TriLep_DYJets10to50.root
2026-05-04 16:59:11,536 - INFO - [2017] MISSING_CENTRAL: SR3Mu/Central/muons/2/charge in Skim_TriLep_WWG.root
2026-05-04 17:04:53,601 - INFO - [2017] MISSING_CENTRAL: SR3Mu/Central/muons/2/charge in Skim_TriLep_DYJets10to50.root
2026-05-04 17:04:53,607 - INFO - [2017] MISSING_CENTRAL: SR3Mu/Central/muons/2/charge in Skim_TriLep_WWG.root
2026-05-28 15:35:46,139 - INFO - [2017] MISSING_CENTRAL: SR3Mu/Central/muons/2/charge in Skim_TriLep_DYJets10to50.root
2026-05-28 15:35:46,433 - INFO - [2017] MISSING_CENTRAL: SR3Mu/Central/muons/2/charge in Skim_TriLep_WWG.root
2026-05-28 15:41:50,554 - INFO - [2017] MISSING_CENTRAL: SR3Mu/Central/muons/2/charge in Skim_TriLep_DYJets10to50.root
2026-05-28 15:41:50,563 - INFO - [2017] MISSING_CENTRAL: SR3Mu/Central/muons/2/charge in Skim_TriLep_WWG.root
2026-05-29 15:26:48,462 - INFO - [2017] MISSING_CENTRAL: SR3Mu/Central/muons/2/charge in Skim_TriLep_DYJets10to50.root
2026-05-29 15:26:48,468 - INFO - [2017] MISSING_CENTRAL: SR3Mu/Central/muons/2/charge in Skim_TriLep_WWG.root
2026-05-29 15:32:41,823 - INFO - [2017] MISSING_CENTRAL: SR3Mu/Central/muons/2/charge in Skim_TriLep_DYJets10to50.root
2026-05-29 15:32:41,829 - INFO - [2017] MISSING_CENTRAL: SR3Mu/Central/muons/2/charge in Skim_TriLep_WWG.root
2026-05-29 18:18:03,809 - INFO - [2017] MISSING_CENTRAL: SR3Mu/Central/muons/2/charge in Skim_TriLep_DYJets10to50.root
2026-05-29 18:18:03,822 - INFO - [2017] MISSING_CENTRAL: SR3Mu/Central/muons/2/charge in Skim_TriLep_WWG.root
2026-05-29 18:23:49,624 - INFO - [2017] MISSING_CENTRAL: SR3Mu/Central/muons/2/charge in Skim_TriLep_DYJets10to50.root
2026-05-29 18:23:49,630 - INFO - [2017] MISSING_CENTRAL: SR3Mu/Central/muons/2/charge in Skim_TriLep_WWG.root
2026-06-12 14:02:58,136 - INFO - [2017] MISSING_CENTRAL: SR3Mu/Central/muons/2/charge in Skim_TriLep_DYJets10to50.root
2026-06-12 14:02:58,142 - INFO - [2017] MISSING_CENTRAL: SR3Mu/Central/muons/2/charge in Skim_TriLep_WWG.root
2026-06-12 14:24:02,468 - INFO - [2017] MISSING_CENTRAL: SR3Mu/Central/muons/2/charge in Skim_TriLep_DYJets10to50.root
2026-06-12 14:24:02,473 - INFO - [2017] MISSING_CENTRAL: SR3Mu/Central/muons/2/charge in Skim_TriLep_WWG.root
