2025-09-24 15:48:54,370 - INFO - [2018] MISSING_CENTRAL: ZG3Mu/Central/jets/2/pt in Skim_TriLep_DYJets10to50.root
2025-09-24 15:48:54,382 - INFO - [2018] MISSING_SYSTEMATIC: ZG3Mu/JetEn_Up/jets/2/pt in Skim_TriLep_TTG.root
2025-09-24 15:48:54,390 - INFO - [2018] MISSING_CENTRAL: ZG3Mu/Central/jets/2/pt in Skim_TriLep_WWG.root
2025-09-24 15:48:54,420 - INFO - [2018] MISSING_FILE: /Users/choij/Sync/workspace/ChargedHiggsAnalysisV3/SKNanoOutput/CRPromptSelector/Run3Mu_RunSyst/2018/Skim_TriLep_WZTo3LNu_amcatnlo.root
2025-09-24 15:49:04,152 - INFO - [2018] MISSING_CENTRAL: ZG3Mu/Central/jets/2/pt in Skim_TriLep_DYJets10to50.root
2025-09-24 15:49:04,153 - INFO - [2018] MISSING_CENTRAL: ZG3Mu/Central/jets/2/pt in Skim_TriLep_WWG.root
2025-09-24 15:49:04,154 - INFO - [2018] MISSING_FILE: /Users/choij/Sync/workspace/ChargedHiggsAnalysisV3/SKNanoOutput/CRPromptSelector/Run3Mu_RunSyst/2018/Skim_TriLep_WZTo3LNu_amcatnlo.root
2025-10-02 21:13:37,140 - INFO - [2018] MISSING_CENTRAL: ZG3Mu/Central/jets/2/pt in Skim_TriLep_DYJets10to50.root
2025-10-02 21:13:37,286 - INFO - [2018] MISSING_SYSTEMATIC: ZG3Mu/JetEn_Up/jets/2/pt in Skim_TriLep_TTG.root
2025-10-02 21:13:37,322 - INFO - [2018] MISSING_CENTRAL: ZG3Mu/Central/jets/2/pt in Skim_TriLep_WWG.root
2025-10-02 21:13:37,622 - INFO - [2018] MISSING_FILE: /data9/Users/choij/Sync/workspace/ChargedHiggsAnalysisV3/SKNanoOutput/CRPromptSelector/Run3Mu_RunSyst/2018/Skim_TriLep_WZTo3LNu_amcatnlo.root
2025-10-02 21:13:44,042 - INFO - [2018] MISSING_CENTRAL: ZG3Mu/Central/jets/2/pt in Skim_TriLep_DYJets10to50.root
2025-10-02 21:13:44,046 - INFO - [2018] MISSING_CENTRAL: ZG3Mu/Central/jets/2/pt in Skim_TriLep_WWG.root
2025-10-02 21:13:44,050 - INFO - [2018] MISSING_FILE: /data9/Users/choij/Sync/workspace/ChargedHiggsAnalysisV3/SKNanoOutput/CRPromptSelector/Run3Mu_RunSyst/2018/Skim_TriLep_WZTo3LNu_amcatnlo.root
2025-10-03 00:01:38,290 - INFO - [2018] MISSING_CENTRAL: ZG3Mu/Central/jets/2/pt in Skim_TriLep_DYJets10to50.root
2025-10-03 00:01:38,309 - INFO - [2018] MISSING_SYSTEMATIC: ZG3Mu/JetEn_Up/jets/2/pt in Skim_TriLep_TTG.root
2025-10-03 00:01:38,319 - INFO - [2018] MISSING_CENTRAL: ZG3Mu/Central/jets/2/pt in Skim_TriLep_WWG.root
2025-10-03 00:01:38,358 - INFO - [2018] MISSING_FILE: /Users/choij/Sync/workspace/ChargedHiggsAnalysisV3/SKNanoOutput/CRPromptSelector/Run3Mu_RunSyst/2018/Skim_TriLep_WZTo3LNu_amcatnlo.root
2025-10-03 00:01:47,198 - INFO - [2018] MISSING_CENTRAL: ZG3Mu/Central/jets/2/pt in Skim_TriLep_DYJets10to50.root
2025-10-03 00:01:47,199 - INFO - [2018] MISSING_CENTRAL: ZG3Mu/Central/jets/2/pt in Skim_TriLep_WWG.root
2025-10-03 00:01:47,200 - INFO - [2018] MISSING_FILE: /Users/choij/Sync/workspace/ChargedHiggsAnalysisV3/SKNanoOutput/CRPromptSelector/Run3Mu_RunSyst/2018/Skim_TriLep_WZTo3LNu_amcatnlo.root
2025-11-07 14:03:58,785 - INFO - [2018] MISSING_CENTRAL: ZG3Mu/Central/jets/2/pt in Skim_TriLep_DYJets10to50.root
2025-11-07 14:03:58,804 - INFO - [2018] MISSING_SYSTEMATIC: ZG3Mu/JetEn_Up/jets/2/pt in Skim_TriLep_TTG.root
2025-11-07 14:03:58,813 - INFO - [2018] MISSING_CENTRAL: ZG3Mu/Central/jets/2/pt in Skim_TriLep_WWG.root
2025-11-07 14:03:58,846 - INFO - [2018] MISSING_FILE: /home/choij/Sync/workspace/ChargedHiggsAnalysisV3/SKNanoOutput/CRPromptSelector/Run3Mu_RunSyst/2018/Skim_TriLep_WZTo3LNu_amcatnlo.root
2025-11-07 14:04:04,011 - INFO - [2018] MISSING_CENTRAL: ZG3Mu/Central/jets/2/pt in Skim_TriLep_DYJets10to50.root
2025-11-07 14:04:04,012 - INFO - [2018] MISSING_CENTRAL: ZG3Mu/Central/jets/2/pt in Skim_TriLep_WWG.root
2025-11-07 14:04:04,014 - INFO - [2018] MISSING_FILE: /home/choij/Sync/workspace/ChargedHiggsAnalysisV3/SKNanoOutput/CRPromptSelector/Run3Mu_RunSyst/2018/Skim_TriLep_WZTo3LNu_amcatnlo.root
2025-11-10 05:54:48,730 - INFO - [2018] MISSING_CENTRAL: ZG3Mu/Central/jets/2/pt in Skim_TriLep_DYJets10to50.root
2025-11-10 05:54:48,746 - INFO - [2018] MISSING_SYSTEMATIC: ZG3Mu/JetEn_Up/jets/2/pt in Skim_TriLep_TTG.root
2025-11-10 05:54:48,755 - INFO - [2018] MISSING_CENTRAL: ZG3Mu/Central/jets/2/pt in Skim_TriLep_WWG.root
2025-11-10 05:54:48,791 - INFO - [2018] MISSING_FILE: /home/choij/Sync/workspace/ChargedHiggsAnalysisV3/SKNanoOutput/CRPromptSelector/Run3Mu_RunSyst/2018/Skim_TriLep_WZTo3LNu_amcatnlo.root
2025-11-10 05:54:54,585 - INFO - [2018] MISSING_CENTRAL: ZG3Mu/Central/jets/2/pt in Skim_TriLep_DYJets10to50.root
2025-11-10 05:54:54,587 - INFO - [2018] MISSING_CENTRAL: ZG3Mu/Central/jets/2/pt in Skim_TriLep_WWG.root
2025-11-10 05:54:54,588 - INFO - [2018] MISSING_FILE: /home/choij/Sync/workspace/ChargedHiggsAnalysisV3/SKNanoOutput/CRPromptSelector/Run3Mu_RunSyst/2018/Skim_TriLep_WZTo3LNu_amcatnlo.root
2025-11-10 12:19:02,200 - INFO - [2018] MISSING_CENTRAL: ZG3Mu/Central/jets/2/pt in Skim_TriLep_DYJets10to50.root
2025-11-10 12:19:02,215 - INFO - [2018] MISSING_SYSTEMATIC: ZG3Mu/JetEn_Up/jets/2/pt in Skim_TriLep_TTG.root
2025-11-10 12:19:02,224 - INFO - [2018] MISSING_CENTRAL: ZG3Mu/Central/jets/2/pt in Skim_TriLep_WWG.root
2025-11-10 12:19:02,272 - INFO - [2018] MISSING_FILE: /home/choij/Sync/workspace/ChargedHiggsAnalysisV3/SKNanoOutput/CRPromptSelector/Run3Mu_RunSyst/2018/Skim_TriLep_WZTo3LNu_amcatnlo.root
2025-11-10 12:19:07,440 - INFO - [2018] MISSING_CENTRAL: ZG3Mu/Central/jets/2/pt in Skim_TriLep_DYJets10to50.root
2025-11-10 12:19:07,442 - INFO - [2018] MISSING_CENTRAL: ZG3Mu/Central/jets/2/pt in Skim_TriLep_WWG.root
2025-11-10 12:19:07,444 - INFO - [2018] MISSING_FILE: /home/choij/Sync/workspace/ChargedHiggsAnalysisV3/SKNanoOutput/CRPromptSelector/Run3Mu_RunSyst/2018/Skim_TriLep_WZTo3LNu_amcatnlo.root
2025-11-13 11:08:20,588 - INFO - [2018] MISSING_CENTRAL: ZG3Mu/Central/jets/2/pt in Skim_TriLep_DYJets10to50.root
2025-11-13 11:08:21,015 - INFO - [2018] MISSING_SYSTEMATIC: ZG3Mu/JetEn_Up/jets/2/pt in Skim_TriLep_TTG.root
2025-11-13 11:08:21,078 - INFO - [2018] MISSING_CENTRAL: ZG3Mu/Central/jets/2/pt in Skim_TriLep_WWG.root
2025-11-13 11:08:21,534 - INFO - [2018] MISSING_FILE: /data9/Users/choij/Sync/workspace/ChargedHiggsAnalysisV3/SKNanoOutput/CRPromptSelector/Run3Mu_RunSyst/2018/Skim_TriLep_WZTo3LNu_amcatnlo.root
2025-11-13 11:08:27,565 - INFO - [2018] MISSING_CENTRAL: ZG3Mu/Central/jets/2/pt in Skim_TriLep_DYJets10to50.root
2025-11-13 11:08:27,582 - INFO - [2018] MISSING_CENTRAL: ZG3Mu/Central/jets/2/pt in Skim_TriLep_WWG.root
2025-11-13 11:08:27,586 - INFO - [2018] MISSING_FILE: /data9/Users/choij/Sync/workspace/ChargedHiggsAnalysisV3/SKNanoOutput/CRPromptSelector/Run3Mu_RunSyst/2018/Skim_TriLep_WZTo3LNu_amcatnlo.root
2025-11-19 00:17:19,138 - INFO - [2018] MISSING_CENTRAL: ZG3Mu/Central/jets/2/pt in Skim_TriLep_DYJets10to50.root
2025-11-19 00:17:19,154 - INFO - [2018] MISSING_SYSTEMATIC: ZG3Mu/JetEn_Up/jets/2/pt in Skim_TriLep_TTG.root
2025-11-19 00:17:19,163 - INFO - [2018] MISSING_CENTRAL: ZG3Mu/Central/jets/2/pt in Skim_TriLep_WWG.root
2025-11-19 00:17:19,326 - INFO - [2018] MISSING_FILE: /data9/Users/choij/Sync/workspace/ChargedHiggsAnalysisV3/SKNanoOutput/CRPromptSelector/Run3Mu_RunSyst/2018/Skim_TriLep_WZTo3LNu_amcatnlo.root
2025-11-19 00:17:25,307 - INFO - [2018] MISSING_CENTRAL: ZG3Mu/Central/jets/2/pt in Skim_TriLep_DYJets10to50.root
2025-11-19 00:17:25,309 - INFO - [2018] MISSING_CENTRAL: ZG3Mu/Central/jets/2/pt in Skim_TriLep_WWG.root
2025-11-19 00:17:25,311 - INFO - [2018] MISSING_FILE: /data9/Users/choij/Sync/workspace/ChargedHiggsAnalysisV3/SKNanoOutput/CRPromptSelector/Run3Mu_RunSyst/2018/Skim_TriLep_WZTo3LNu_amcatnlo.root
2025-11-19 15:42:29,058 - INFO - [2018] MISSING_CENTRAL: ZG3Mu/Central/jets/2/pt in Skim_TriLep_DYJets10to50.root
2025-11-19 15:42:29,072 - INFO - [2018] MISSING_SYSTEMATIC: ZG3Mu/JetEn_Up/jets/2/pt in Skim_TriLep_TTG.root
2025-11-19 15:42:29,081 - INFO - [2018] MISSING_CENTRAL: ZG3Mu/Central/jets/2/pt in Skim_TriLep_WWG.root
2025-11-19 15:42:29,113 - INFO - [2018] MISSING_FILE: /home/choij/Sync/workspace/ChargedHiggsAnalysisV3/SKNanoOutput/CRPromptSelector/Run3Mu_RunSyst/2018/Skim_TriLep_WZTo3LNu_amcatnlo.root
2025-11-19 15:42:34,222 - INFO - [2018] MISSING_CENTRAL: ZG3Mu/Central/jets/2/pt in Skim_TriLep_DYJets10to50.root
2025-11-19 15:42:34,223 - INFO - [2018] MISSING_CENTRAL: ZG3Mu/Central/jets/2/pt in Skim_TriLep_WWG.root
2025-11-19 15:42:34,225 - INFO - [2018] MISSING_FILE: /home/choij/Sync/workspace/ChargedHiggsAnalysisV3/SKNanoOutput/CRPromptSelector/Run3Mu_RunSyst/2018/Skim_TriLep_WZTo3LNu_amcatnlo.root
2025-11-19 16:21:23,227 - INFO - [2018] MISSING_CENTRAL: ZG3Mu/Central/jets/2/pt in Skim_TriLep_DYJets10to50.root
2025-11-19 16:21:23,242 - INFO - [2018] MISSING_SYSTEMATIC: ZG3Mu/JetEn_Up/jets/2/pt in Skim_TriLep_TTG.root
2025-11-19 16:21:23,251 - INFO - [2018] MISSING_CENTRAL: ZG3Mu/Central/jets/2/pt in Skim_TriLep_WWG.root
2025-11-19 16:21:23,310 - INFO - [2018] MISSING_FILE: /home/choij/Sync/workspace/ChargedHiggsAnalysisV3/SKNanoOutput/CRPromptSelector/Run3Mu_RunSyst/2018/Skim_TriLep_WZTo3LNu_amcatnlo.root
2025-11-19 16:21:28,563 - INFO - [2018] MISSING_CENTRAL: ZG3Mu/Central/jets/2/pt in Skim_TriLep_DYJets10to50.root
2025-11-19 16:21:28,564 - INFO - [2018] MISSING_CENTRAL: ZG3Mu/Central/jets/2/pt in Skim_TriLep_WWG.root
2025-11-19 16:21:28,566 - INFO - [2018] MISSING_FILE: /home/choij/Sync/workspace/ChargedHiggsAnalysisV3/SKNanoOutput/CRPromptSelector/Run3Mu_RunSyst/2018/Skim_TriLep_WZTo3LNu_amcatnlo.root
2025-12-17 12:25:42,008 - INFO - [2018] MISSING_CENTRAL: ZG3Mu/Central/jets/2/pt in Skim_TriLep_DYJets10to50.root
2025-12-17 12:25:42,009 - INFO - [2018] MISSING_CENTRAL: ZG3Mu/Central/jets/2/pt in Skim_TriLep_TTG.root
2025-12-17 12:25:42,010 - INFO - [2018] MISSING_CENTRAL: ZG3Mu/Central/jets/2/pt in Skim_TriLep_WWG.root
2025-12-17 12:25:47,178 - INFO - [2018] MISSING_CENTRAL: ZG3Mu/Central/jets/2/pt in Skim_TriLep_DYJets10to50.root
2025-12-17 12:25:47,179 - INFO - [2018] MISSING_CENTRAL: ZG3Mu/Central/jets/2/pt in Skim_TriLep_TTG.root
2025-12-17 12:25:47,181 - INFO - [2018] MISSING_CENTRAL: ZG3Mu/Central/jets/2/pt in Skim_TriLep_WWG.root
2025-12-17 16:07:30,584 - INFO - [2018] MISSING_CENTRAL: ZG3Mu/Central/jets/2/pt in Skim_TriLep_DYJets10to50.root
2025-12-17 16:07:30,584 - INFO - [2018] MISSING_CENTRAL: ZG3Mu/Central/jets/2/pt in Skim_TriLep_TTG.root
2025-12-17 16:07:30,585 - INFO - [2018] MISSING_CENTRAL: ZG3Mu/Central/jets/2/pt in Skim_TriLep_WWG.root
2025-12-17 16:07:34,083 - INFO - [2018] MISSING_CENTRAL: ZG3Mu/Central/jets/2/pt in Skim_TriLep_DYJets10to50.root
2025-12-17 16:07:34,084 - INFO - [2018] MISSING_CENTRAL: ZG3Mu/Central/jets/2/pt in Skim_TriLep_TTG.root
2025-12-17 16:07:34,085 - INFO - [2018] MISSING_CENTRAL: ZG3Mu/Central/jets/2/pt in Skim_TriLep_WWG.root
2025-12-17 22:35:44,120 - INFO - [2018] MISSING_CENTRAL: ZG3Mu/Central/jets/2/pt in Skim_TriLep_DYJets10to50.root
2025-12-17 22:35:44,121 - INFO - [2018] MISSING_CENTRAL: ZG3Mu/Central/jets/2/pt in Skim_TriLep_TTG.root
2025-12-17 22:35:44,122 - INFO - [2018] MISSING_CENTRAL: ZG3Mu/Central/jets/2/pt in Skim_TriLep_WWG.root
2025-12-17 22:35:48,893 - INFO - [2018] MISSING_CENTRAL: ZG3Mu/Central/jets/2/pt in Skim_TriLep_DYJets10to50.root
2025-12-17 22:35:48,894 - INFO - [2018] MISSING_CENTRAL: ZG3Mu/Central/jets/2/pt in Skim_TriLep_TTG.root
2025-12-17 22:35:48,895 - INFO - [2018] MISSING_CENTRAL: ZG3Mu/Central/jets/2/pt in Skim_TriLep_WWG.root
2025-12-18 14:19:24,304 - INFO - [2018] MISSING_CENTRAL: ZG3Mu/Central/jets/2/pt in Skim_TriLep_DYJets10to50.root
2025-12-18 14:19:24,305 - INFO - [2018] MISSING_CENTRAL: ZG3Mu/Central/jets/2/pt in Skim_TriLep_TTG.root
2025-12-18 14:19:24,307 - INFO - [2018] MISSING_CENTRAL: ZG3Mu/Central/jets/2/pt in Skim_TriLep_WWG.root
2025-12-18 14:19:29,317 - INFO - [2018] MISSING_CENTRAL: ZG3Mu/Central/jets/2/pt in Skim_TriLep_DYJets10to50.root
2025-12-18 14:19:29,318 - INFO - [2018] MISSING_CENTRAL: ZG3Mu/Central/jets/2/pt in Skim_TriLep_TTG.root
2025-12-18 14:19:29,319 - INFO - [2018] MISSING_CENTRAL: ZG3Mu/Central/jets/2/pt in Skim_TriLep_WWG.root
2025-12-18 14:34:52,105 - INFO - [2018] MISSING_CENTRAL: ZG3Mu/Central/jets/2/pt in Skim_TriLep_DYJets10to50.root
2025-12-18 14:34:52,106 - INFO - [2018] MISSING_CENTRAL: ZG3Mu/Central/jets/2/pt in Skim_TriLep_TTG.root
2025-12-18 14:34:52,107 - INFO - [2018] MISSING_CENTRAL: ZG3Mu/Central/jets/2/pt in Skim_TriLep_WWG.root
2025-12-18 14:34:57,072 - INFO - [2018] MISSING_CENTRAL: ZG3Mu/Central/jets/2/pt in Skim_TriLep_DYJets10to50.root
2025-12-18 14:34:57,073 - INFO - [2018] MISSING_CENTRAL: ZG3Mu/Central/jets/2/pt in Skim_TriLep_TTG.root
2025-12-18 14:34:57,102 - INFO - [2018] MISSING_CENTRAL: ZG3Mu/Central/jets/2/pt in Skim_TriLep_WWG.root
2026-01-07 11:44:55,760 - INFO - [2018] MISSING_FILE: /data9/Users/choij/Sync/workspace/ChargedHiggsAnalysisV3/SKNanoOutput/CRPromptSelector/Run3Mu/2018/Skim_TriLep_DoubleMuon_A.root
2026-01-07 11:44:55,760 - INFO - [2018] MISSING_FILE: /data9/Users/choij/Sync/workspace/ChargedHiggsAnalysisV3/SKNanoOutput/CRPromptSelector/Run3Mu/2018/Skim_TriLep_DoubleMuon_B.root
2026-01-07 11:44:55,761 - INFO - [2018] MISSING_FILE: /data9/Users/choij/Sync/workspace/ChargedHiggsAnalysisV3/SKNanoOutput/CRPromptSelector/Run3Mu/2018/Skim_TriLep_DoubleMuon_C.root
2026-01-07 11:44:55,761 - INFO - [2018] MISSING_FILE: /data9/Users/choij/Sync/workspace/ChargedHiggsAnalysisV3/SKNanoOutput/CRPromptSelector/Run3Mu/2018/Skim_TriLep_DoubleMuon_D.root
2026-01-07 11:44:59,365 - INFO - [2018] MISSING_FILE: /data9/Users/choij/Sync/workspace/ChargedHiggsAnalysisV3/SKNanoOutput/CRPromptSelector/Run3Mu/2018/Skim_TriLep_DoubleMuon_A.root
2026-01-07 11:44:59,366 - INFO - [2018] MISSING_FILE: /data9/Users/choij/Sync/workspace/ChargedHiggsAnalysisV3/SKNanoOutput/CRPromptSelector/Run3Mu/2018/Skim_TriLep_DoubleMuon_B.root
2026-01-07 11:44:59,366 - INFO - [2018] MISSING_FILE: /data9/Users/choij/Sync/workspace/ChargedHiggsAnalysisV3/SKNanoOutput/CRPromptSelector/Run3Mu/2018/Skim_TriLep_DoubleMuon_C.root
2026-01-07 11:44:59,366 - INFO - [2018] MISSING_FILE: /data9/Users/choij/Sync/workspace/ChargedHiggsAnalysisV3/SKNanoOutput/CRPromptSelector/Run3Mu/2018/Skim_TriLep_DoubleMuon_D.root
2026-01-07 18:41:43,929 - INFO - [2018] MISSING_CENTRAL: ZG3Mu/Central/jets/2/pt in Skim_TriLep_DYJets10to50.root
2026-01-07 18:41:43,931 - INFO - [2018] MISSING_CENTRAL: ZG3Mu/Central/jets/2/pt in Skim_TriLep_TTG.root
2026-01-07 18:41:43,932 - INFO - [2018] MISSING_CENTRAL: ZG3Mu/Central/jets/2/pt in Skim_TriLep_WWG.root
2026-01-07 18:41:50,009 - INFO - [2018] MISSING_CENTRAL: ZG3Mu/Central/jets/2/pt in Skim_TriLep_DYJets10to50.root
2026-01-07 18:41:50,010 - INFO - [2018] MISSING_CENTRAL: ZG3Mu/Central/jets/2/pt in Skim_TriLep_TTG.root
2026-01-07 18:41:50,011 - INFO - [2018] MISSING_CENTRAL: ZG3Mu/Central/jets/2/pt in Skim_TriLep_WWG.root
2026-01-09 12:15:30,575 - INFO - [2018] MISSING_CENTRAL: ZG3Mu/Central/jets/2/pt in Skim_TriLep_DYJets10to50.root
2026-01-09 12:15:30,576 - INFO - [2018] MISSING_CENTRAL: ZG3Mu/Central/jets/2/pt in Skim_TriLep_TTG.root
2026-01-09 12:15:30,576 - INFO - [2018] MISSING_CENTRAL: ZG3Mu/Central/jets/2/pt in Skim_TriLep_WWG.root
2026-01-09 12:15:35,615 - INFO - [2018] MISSING_CENTRAL: ZG3Mu/Central/jets/2/pt in Skim_TriLep_DYJets10to50.root
2026-01-09 12:15:35,615 - INFO - [2018] MISSING_CENTRAL: ZG3Mu/Central/jets/2/pt in Skim_TriLep_TTG.root
2026-01-09 12:15:35,616 - INFO - [2018] MISSING_CENTRAL: ZG3Mu/Central/jets/2/pt in Skim_TriLep_WWG.root
2026-01-11 09:35:34,568 - INFO - [2018] MISSING_CENTRAL: ZG3Mu/Central/jets/2/pt in Skim_TriLep_DYJets10to50.root
2026-01-11 09:35:34,569 - INFO - [2018] MISSING_CENTRAL: ZG3Mu/Central/jets/2/pt in Skim_TriLep_TTG.root
2026-01-11 09:35:34,570 - INFO - [2018] MISSING_CENTRAL: ZG3Mu/Central/jets/2/pt in Skim_TriLep_WWG.root
2026-01-11 09:35:39,550 - INFO - [2018] MISSING_CENTRAL: ZG3Mu/Central/jets/2/pt in Skim_TriLep_DYJets10to50.root
2026-01-11 09:35:39,550 - INFO - [2018] MISSING_CENTRAL: ZG3Mu/Central/jets/2/pt in Skim_TriLep_TTG.root
2026-01-11 09:35:39,551 - INFO - [2018] MISSING_CENTRAL: ZG3Mu/Central/jets/2/pt in Skim_TriLep_WWG.root
2026-01-12 13:44:11,215 - INFO - [2018] MISSING_CENTRAL: ZG3Mu/Central/jets/2/pt in Skim_TriLep_DYJets10to50.root
2026-01-12 13:44:11,215 - INFO - [2018] MISSING_CENTRAL: ZG3Mu/Central/jets/2/pt in Skim_TriLep_TTG.root
2026-01-12 13:44:11,216 - INFO - [2018] MISSING_CENTRAL: ZG3Mu/Central/jets/2/pt in Skim_TriLep_WWG.root
2026-01-12 13:44:16,284 - INFO - [2018] MISSING_CENTRAL: ZG3Mu/Central/jets/2/pt in Skim_TriLep_DYJets10to50.root
2026-01-12 13:44:16,284 - INFO - [2018] MISSING_CENTRAL: ZG3Mu/Central/jets/2/pt in Skim_TriLep_TTG.root
2026-01-12 13:44:16,285 - INFO - [2018] MISSING_CENTRAL: ZG3Mu/Central/jets/2/pt in Skim_TriLep_WWG.root
2026-01-16 18:59:24,867 - INFO - [2018] MISSING_CENTRAL: ZG3Mu/Central/jets/2/pt in Skim_TriLep_DYJets10to50.root
2026-01-16 18:59:24,867 - INFO - [2018] MISSING_CENTRAL: ZG3Mu/Central/jets/2/pt in Skim_TriLep_TTG.root
2026-01-16 18:59:24,868 - INFO - [2018] MISSING_CENTRAL: ZG3Mu/Central/jets/2/pt in Skim_TriLep_WWG.root
2026-01-16 18:59:30,134 - INFO - [2018] MISSING_CENTRAL: ZG3Mu/Central/jets/2/pt in Skim_TriLep_DYJets10to50.root
2026-01-16 18:59:30,134 - INFO - [2018] MISSING_CENTRAL: ZG3Mu/Central/jets/2/pt in Skim_TriLep_TTG.root
2026-01-16 18:59:30,135 - INFO - [2018] MISSING_CENTRAL: ZG3Mu/Central/jets/2/pt in Skim_TriLep_WWG.root
2026-01-28 14:59:51,224 - INFO - [2018] MISSING_CENTRAL: ZG3Mu/Central/jets/2/pt in Skim_TriLep_DYJets10to50.root
2026-01-28 14:59:51,225 - INFO - [2018] MISSING_CENTRAL: ZG3Mu/Central/jets/2/pt in Skim_TriLep_TTG.root
2026-01-28 14:59:51,226 - INFO - [2018] MISSING_CENTRAL: ZG3Mu/Central/jets/2/pt in Skim_TriLep_WWG.root
2026-01-28 14:59:56,129 - INFO - [2018] MISSING_CENTRAL: ZG3Mu/Central/jets/2/pt in Skim_TriLep_DYJets10to50.root
2026-01-28 14:59:56,130 - INFO - [2018] MISSING_CENTRAL: ZG3Mu/Central/jets/2/pt in Skim_TriLep_TTG.root
2026-01-28 14:59:56,130 - INFO - [2018] MISSING_CENTRAL: ZG3Mu/Central/jets/2/pt in Skim_TriLep_WWG.root
2026-01-28 15:12:26,950 - INFO - [2018] MISSING_CENTRAL: ZG3Mu/Central/jets/2/pt in Skim_TriLep_DYJets10to50.root
2026-01-28 15:12:26,950 - INFO - [2018] MISSING_CENTRAL: ZG3Mu/Central/jets/2/pt in Skim_TriLep_TTG.root
2026-01-28 15:12:26,951 - INFO - [2018] MISSING_CENTRAL: ZG3Mu/Central/jets/2/pt in Skim_TriLep_WWG.root
2026-01-28 15:12:32,129 - INFO - [2018] MISSING_CENTRAL: ZG3Mu/Central/jets/2/pt in Skim_TriLep_DYJets10to50.root
2026-01-28 15:12:32,130 - INFO - [2018] MISSING_CENTRAL: ZG3Mu/Central/jets/2/pt in Skim_TriLep_TTG.root
2026-01-28 15:12:32,131 - INFO - [2018] MISSING_CENTRAL: ZG3Mu/Central/jets/2/pt in Skim_TriLep_WWG.root
2026-01-28 17:19:28,620 - INFO - [2018] MISSING_CENTRAL: ZG3Mu/Central/jets/2/pt in Skim_TriLep_DYJets10to50.root
2026-01-28 17:19:28,620 - INFO - [2018] MISSING_CENTRAL: ZG3Mu/Central/jets/2/pt in Skim_TriLep_TTG.root
2026-01-28 17:19:28,621 - INFO - [2018] MISSING_CENTRAL: ZG3Mu/Central/jets/2/pt in Skim_TriLep_WWG.root
2026-01-28 17:19:33,702 - INFO - [2018] MISSING_CENTRAL: ZG3Mu/Central/jets/2/pt in Skim_TriLep_DYJets10to50.root
2026-01-28 17:19:33,702 - INFO - [2018] MISSING_CENTRAL: ZG3Mu/Central/jets/2/pt in Skim_TriLep_TTG.root
2026-01-28 17:19:33,702 - INFO - [2018] MISSING_CENTRAL: ZG3Mu/Central/jets/2/pt in Skim_TriLep_WWG.root
2026-01-28 19:53:04,864 - INFO - [2018] MISSING_CENTRAL: ZG3Mu/Central/jets/2/pt in Skim_TriLep_DYJets10to50.root
2026-01-28 19:53:04,864 - INFO - [2018] MISSING_CENTRAL: ZG3Mu/Central/jets/2/pt in Skim_TriLep_TTG.root
2026-01-28 19:53:04,865 - INFO - [2018] MISSING_CENTRAL: ZG3Mu/Central/jets/2/pt in Skim_TriLep_WWG.root
2026-01-28 19:53:10,056 - INFO - [2018] MISSING_CENTRAL: ZG3Mu/Central/jets/2/pt in Skim_TriLep_DYJets10to50.root
2026-01-28 19:53:10,057 - INFO - [2018] MISSING_CENTRAL: ZG3Mu/Central/jets/2/pt in Skim_TriLep_TTG.root
2026-01-28 19:53:10,057 - INFO - [2018] MISSING_CENTRAL: ZG3Mu/Central/jets/2/pt in Skim_TriLep_WWG.root
2026-01-29 07:10:27,003 - INFO - [2018] MISSING_CENTRAL: ZG3Mu/Central/jets/2/pt in Skim_TriLep_DYJets10to50.root
2026-01-29 07:10:27,003 - INFO - [2018] MISSING_CENTRAL: ZG3Mu/Central/jets/2/pt in Skim_TriLep_TTG.root
2026-01-29 07:10:27,004 - INFO - [2018] MISSING_CENTRAL: ZG3Mu/Central/jets/2/pt in Skim_TriLep_WWG.root
2026-01-29 07:10:31,810 - INFO - [2018] MISSING_CENTRAL: ZG3Mu/Central/jets/2/pt in Skim_TriLep_DYJets10to50.root
2026-01-29 07:10:31,810 - INFO - [2018] MISSING_CENTRAL: ZG3Mu/Central/jets/2/pt in Skim_TriLep_TTG.root
2026-01-29 07:10:31,811 - INFO - [2018] MISSING_CENTRAL: ZG3Mu/Central/jets/2/pt in Skim_TriLep_WWG.root
2026-03-02 12:00:27,757 - INFO - [2018] MISSING_CENTRAL: ZG3Mu/Central/jets/2/pt in Skim_TriLep_DYJets10to50.root
2026-03-02 12:00:27,758 - INFO - [2018] MISSING_CENTRAL: ZG3Mu/Central/jets/2/pt in Skim_TriLep_TTG.root
2026-03-02 12:00:27,758 - INFO - [2018] MISSING_CENTRAL: ZG3Mu/Central/jets/2/pt in Skim_TriLep_WWG.root
2026-03-02 12:00:32,796 - INFO - [2018] MISSING_CENTRAL: ZG3Mu/Central/jets/2/pt in Skim_TriLep_DYJets10to50.root
2026-03-02 12:00:32,797 - INFO - [2018] MISSING_CENTRAL: ZG3Mu/Central/jets/2/pt in Skim_TriLep_TTG.root
2026-03-02 12:00:32,797 - INFO - [2018] MISSING_CENTRAL: ZG3Mu/Central/jets/2/pt in Skim_TriLep_WWG.root
2026-03-12 21:27:41,864 - INFO - [2018] MISSING_CENTRAL: ZG3Mu/Central/jets/2/pt in Skim_TriLep_DYJets10to50.root
2026-03-12 21:27:41,865 - INFO - [2018] MISSING_CENTRAL: ZG3Mu/Central/jets/2/pt in Skim_TriLep_TTG.root
2026-03-12 21:27:41,866 - INFO - [2018] MISSING_CENTRAL: ZG3Mu/Central/jets/2/pt in Skim_TriLep_WWG.root
2026-03-12 21:27:46,671 - INFO - [2018] MISSING_CENTRAL: ZG3Mu/Central/jets/2/pt in Skim_TriLep_DYJets10to50.root
2026-03-12 21:27:46,671 - INFO - [2018] MISSING_CENTRAL: ZG3Mu/Central/jets/2/pt in Skim_TriLep_TTG.root
2026-03-12 21:27:46,672 - INFO - [2018] MISSING_CENTRAL: ZG3Mu/Central/jets/2/pt in Skim_TriLep_WWG.root
2026-03-12 21:32:10,060 - INFO - [2018] MISSING_CENTRAL: ZG3Mu/Central/jets/2/pt in Skim_TriLep_DYJets10to50.root
2026-03-12 21:32:10,060 - INFO - [2018] MISSING_CENTRAL: ZG3Mu/Central/jets/2/pt in Skim_TriLep_TTG.root
2026-03-12 21:32:10,061 - INFO - [2018] MISSING_CENTRAL: ZG3Mu/Central/jets/2/pt in Skim_TriLep_WWG.root
2026-03-12 21:32:14,771 - INFO - [2018] MISSING_CENTRAL: ZG3Mu/Central/jets/2/pt in Skim_TriLep_DYJets10to50.root
2026-03-12 21:32:14,772 - INFO - [2018] MISSING_CENTRAL: ZG3Mu/Central/jets/2/pt in Skim_TriLep_TTG.root
2026-03-12 21:32:14,772 - INFO - [2018] MISSING_CENTRAL: ZG3Mu/Central/jets/2/pt in Skim_TriLep_WWG.root
2026-04-10 20:10:44,699 - INFO - [2018] MISSING_CENTRAL: ZG3Mu/Central/jets/2/pt in Skim_TriLep_DYJets10to50.root
2026-04-10 20:10:44,699 - INFO - [2018] MISSING_CENTRAL: ZG3Mu/Central/jets/2/pt in Skim_TriLep_TTG.root
2026-04-10 20:10:44,700 - INFO - [2018] MISSING_CENTRAL: ZG3Mu/Central/jets/2/pt in Skim_TriLep_WWG.root
2026-04-10 20:10:49,207 - INFO - [2018] MISSING_CENTRAL: ZG3Mu/Central/jets/2/pt in Skim_TriLep_DYJets10to50.root
2026-04-10 20:10:49,208 - INFO - [2018] MISSING_CENTRAL: ZG3Mu/Central/jets/2/pt in Skim_TriLep_TTG.root
2026-04-10 20:10:49,208 - INFO - [2018] MISSING_CENTRAL: ZG3Mu/Central/jets/2/pt in Skim_TriLep_WWG.root
2026-04-10 20:12:44,643 - INFO - [2018] MISSING_CENTRAL: ZG3Mu/Central/jets/2/pt in Skim_TriLep_DYJets10to50.root
2026-04-10 20:12:44,644 - INFO - [2018] MISSING_CENTRAL: ZG3Mu/Central/jets/2/pt in Skim_TriLep_TTG.root
2026-04-10 20:12:44,644 - INFO - [2018] MISSING_CENTRAL: ZG3Mu/Central/jets/2/pt in Skim_TriLep_WWG.root
2026-04-10 20:12:48,984 - INFO - [2018] MISSING_CENTRAL: ZG3Mu/Central/jets/2/pt in Skim_TriLep_DYJets10to50.root
2026-04-10 20:12:48,985 - INFO - [2018] MISSING_CENTRAL: ZG3Mu/Central/jets/2/pt in Skim_TriLep_TTG.root
2026-04-10 20:12:48,985 - INFO - [2018] MISSING_CENTRAL: ZG3Mu/Central/jets/2/pt in Skim_TriLep_WWG.root
2026-04-12 11:27:24,720 - INFO - [2018] MISSING_CENTRAL: ZG3Mu/Central/jets/2/pt in Skim_TriLep_DYJets10to50.root
2026-04-12 11:27:24,724 - INFO - [2018] MISSING_CENTRAL: ZG3Mu/Central/jets/2/pt in Skim_TriLep_TTG.root
2026-04-12 11:27:24,724 - INFO - [2018] MISSING_CENTRAL: ZG3Mu/Central/jets/2/pt in Skim_TriLep_WWG.root
2026-04-12 11:27:29,333 - INFO - [2018] MISSING_CENTRAL: ZG3Mu/Central/jets/2/pt in Skim_TriLep_DYJets10to50.root
2026-04-12 11:27:29,334 - INFO - [2018] MISSING_CENTRAL: ZG3Mu/Central/jets/2/pt in Skim_TriLep_TTG.root
2026-04-12 11:27:29,334 - INFO - [2018] MISSING_CENTRAL: ZG3Mu/Central/jets/2/pt in Skim_TriLep_WWG.root
2026-04-12 11:56:27,172 - INFO - [2018] MISSING_CENTRAL: ZG3Mu/Central/jets/2/pt in Skim_TriLep_DYJets10to50.root
2026-04-12 11:56:27,173 - INFO - [2018] MISSING_CENTRAL: ZG3Mu/Central/jets/2/pt in Skim_TriLep_TTG.root
2026-04-12 11:56:27,173 - INFO - [2018] MISSING_CENTRAL: ZG3Mu/Central/jets/2/pt in Skim_TriLep_WWG.root
2026-04-12 11:56:31,620 - INFO - [2018] MISSING_CENTRAL: ZG3Mu/Central/jets/2/pt in Skim_TriLep_DYJets10to50.root
2026-04-12 11:56:31,620 - INFO - [2018] MISSING_CENTRAL: ZG3Mu/Central/jets/2/pt in Skim_TriLep_TTG.root
2026-04-12 11:56:31,621 - INFO - [2018] MISSING_CENTRAL: ZG3Mu/Central/jets/2/pt in Skim_TriLep_WWG.root
2026-04-12 12:10:00,117 - INFO - [2018] MISSING_CENTRAL: ZG3Mu/Central/jets/2/pt in Skim_TriLep_DYJets10to50.root
2026-04-12 12:10:00,118 - INFO - [2018] MISSING_CENTRAL: ZG3Mu/Central/jets/2/pt in Skim_TriLep_TTG.root
2026-04-12 12:10:00,118 - INFO - [2018] MISSING_CENTRAL: ZG3Mu/Central/jets/2/pt in Skim_TriLep_WWG.root
2026-04-12 12:10:04,587 - INFO - [2018] MISSING_CENTRAL: ZG3Mu/Central/jets/2/pt in Skim_TriLep_DYJets10to50.root
2026-04-12 12:10:04,588 - INFO - [2018] MISSING_CENTRAL: ZG3Mu/Central/jets/2/pt in Skim_TriLep_TTG.root
2026-04-12 12:10:04,588 - INFO - [2018] MISSING_CENTRAL: ZG3Mu/Central/jets/2/pt in Skim_TriLep_WWG.root
2026-04-12 12:29:39,577 - INFO - [2018] MISSING_CENTRAL: ZG3Mu/Central/jets/2/pt in Skim_TriLep_DYJets10to50.root
2026-04-12 12:29:39,578 - INFO - [2018] MISSING_CENTRAL: ZG3Mu/Central/jets/2/pt in Skim_TriLep_TTG.root
2026-04-12 12:29:39,578 - INFO - [2018] MISSING_CENTRAL: ZG3Mu/Central/jets/2/pt in Skim_TriLep_WWG.root
2026-04-12 12:29:43,937 - INFO - [2018] MISSING_CENTRAL: ZG3Mu/Central/jets/2/pt in Skim_TriLep_DYJets10to50.root
2026-04-12 12:29:43,938 - INFO - [2018] MISSING_CENTRAL: ZG3Mu/Central/jets/2/pt in Skim_TriLep_TTG.root
2026-04-12 12:29:43,938 - INFO - [2018] MISSING_CENTRAL: ZG3Mu/Central/jets/2/pt in Skim_TriLep_WWG.root
2026-04-12 20:37:30,741 - INFO - [2018] MISSING_CENTRAL: ZG3Mu/Central/jets/2/pt in Skim_TriLep_DYJets10to50.root
2026-04-12 20:37:30,748 - INFO - [2018] MISSING_CENTRAL: ZG3Mu/Central/jets/2/pt in Skim_TriLep_TTG.root
2026-04-12 20:37:30,748 - INFO - [2018] MISSING_CENTRAL: ZG3Mu/Central/jets/2/pt in Skim_TriLep_WWG.root
2026-04-12 20:37:35,191 - INFO - [2018] MISSING_CENTRAL: ZG3Mu/Central/jets/2/pt in Skim_TriLep_DYJets10to50.root
2026-04-12 20:37:35,191 - INFO - [2018] MISSING_CENTRAL: ZG3Mu/Central/jets/2/pt in Skim_TriLep_TTG.root
2026-04-12 20:37:35,192 - INFO - [2018] MISSING_CENTRAL: ZG3Mu/Central/jets/2/pt in Skim_TriLep_WWG.root
2026-04-12 21:09:15,524 - INFO - [2018] MISSING_CENTRAL: ZG3Mu/Central/jets/2/pt in Skim_TriLep_DYJets10to50.root
2026-04-12 21:09:15,525 - INFO - [2018] MISSING_CENTRAL: ZG3Mu/Central/jets/2/pt in Skim_TriLep_TTG.root
2026-04-12 21:09:15,525 - INFO - [2018] MISSING_CENTRAL: ZG3Mu/Central/jets/2/pt in Skim_TriLep_WWG.root
2026-04-12 21:09:19,986 - INFO - [2018] MISSING_CENTRAL: ZG3Mu/Central/jets/2/pt in Skim_TriLep_DYJets10to50.root
2026-04-12 21:09:19,987 - INFO - [2018] MISSING_CENTRAL: ZG3Mu/Central/jets/2/pt in Skim_TriLep_TTG.root
2026-04-12 21:09:19,987 - INFO - [2018] MISSING_CENTRAL: ZG3Mu/Central/jets/2/pt in Skim_TriLep_WWG.root
2026-04-13 12:46:39,073 - INFO - [2018] MISSING_CENTRAL: ZG3Mu/Central/jets/2/pt in Skim_TriLep_DYJets10to50.root
2026-04-13 12:46:39,074 - INFO - [2018] MISSING_CENTRAL: ZG3Mu/Central/jets/2/pt in Skim_TriLep_TTG.root
2026-04-13 12:46:39,074 - INFO - [2018] MISSING_CENTRAL: ZG3Mu/Central/jets/2/pt in Skim_TriLep_WWG.root
2026-04-13 12:46:43,321 - INFO - [2018] MISSING_CENTRAL: ZG3Mu/Central/jets/2/pt in Skim_TriLep_DYJets10to50.root
2026-04-13 12:46:43,321 - INFO - [2018] MISSING_CENTRAL: ZG3Mu/Central/jets/2/pt in Skim_TriLep_TTG.root
2026-04-13 12:46:43,322 - INFO - [2018] MISSING_CENTRAL: ZG3Mu/Central/jets/2/pt in Skim_TriLep_WWG.root
2026-06-12 14:04:28,442 - INFO - [2018] MISSING_CENTRAL: ZG3Mu/Central/jets/2/pt in Skim_TriLep_DYJets10to50.root
2026-06-12 14:04:28,442 - INFO - [2018] MISSING_CENTRAL: ZG3Mu/Central/jets/2/pt in Skim_TriLep_TTG.root
2026-06-12 14:04:28,442 - INFO - [2018] MISSING_CENTRAL: ZG3Mu/Central/jets/2/pt in Skim_TriLep_WWG.root
2026-06-12 14:04:32,939 - INFO - [2018] MISSING_CENTRAL: ZG3Mu/Central/jets/2/pt in Skim_TriLep_DYJets10to50.root
2026-06-12 14:04:32,940 - INFO - [2018] MISSING_CENTRAL: ZG3Mu/Central/jets/2/pt in Skim_TriLep_TTG.root
2026-06-12 14:04:32,940 - INFO - [2018] MISSING_CENTRAL: ZG3Mu/Central/jets/2/pt in Skim_TriLep_WWG.root
2026-06-12 14:26:18,949 - INFO - [2018] MISSING_CENTRAL: ZG3Mu/Central/jets/2/pt in Skim_TriLep_DYJets10to50.root
2026-06-12 14:26:18,949 - INFO - [2018] MISSING_CENTRAL: ZG3Mu/Central/jets/2/pt in Skim_TriLep_TTG.root
2026-06-12 14:26:18,950 - INFO - [2018] MISSING_CENTRAL: ZG3Mu/Central/jets/2/pt in Skim_TriLep_WWG.root
2026-06-12 14:26:23,474 - INFO - [2018] MISSING_CENTRAL: ZG3Mu/Central/jets/2/pt in Skim_TriLep_DYJets10to50.root
2026-06-12 14:26:23,475 - INFO - [2018] MISSING_CENTRAL: ZG3Mu/Central/jets/2/pt in Skim_TriLep_TTG.root
2026-06-12 14:26:23,475 - INFO - [2018] MISSING_CENTRAL: ZG3Mu/Central/jets/2/pt in Skim_TriLep_WWG.root
2026-06-18 00:20:36,030 - INFO - [2018] MISSING_CENTRAL: ZG3Mu/Central/jets/2/pt in Skim_TriLep_DYJets10to50.root
2026-06-18 00:20:36,031 - INFO - [2018] MISSING_CENTRAL: ZG3Mu/Central/jets/2/pt in Skim_TriLep_TTG.root
2026-06-18 00:20:36,031 - INFO - [2018] MISSING_CENTRAL: ZG3Mu/Central/jets/2/pt in Skim_TriLep_WWG.root
2026-06-18 00:20:40,801 - INFO - [2018] MISSING_CENTRAL: ZG3Mu/Central/jets/2/pt in Skim_TriLep_DYJets10to50.root
2026-06-18 00:20:40,801 - INFO - [2018] MISSING_CENTRAL: ZG3Mu/Central/jets/2/pt in Skim_TriLep_TTG.root
2026-06-18 00:20:40,802 - INFO - [2018] MISSING_CENTRAL: ZG3Mu/Central/jets/2/pt in Skim_TriLep_WWG.root
2026-06-29 16:42:46,848 - INFO - [2018] MISSING_CENTRAL: ZG3Mu/Central/jets/2/pt in Skim_TriLep_DYJets10to50.root
2026-06-29 16:42:46,849 - INFO - [2018] MISSING_CENTRAL: ZG3Mu/Central/jets/2/pt in Skim_TriLep_TTG.root
2026-06-29 16:42:46,850 - INFO - [2018] MISSING_CENTRAL: ZG3Mu/Central/jets/2/pt in Skim_TriLep_WWG.root
2026-06-29 16:42:52,337 - INFO - [2018] MISSING_CENTRAL: ZG3Mu/Central/jets/2/pt in Skim_TriLep_DYJets10to50.root
2026-06-29 16:42:52,338 - INFO - [2018] MISSING_CENTRAL: ZG3Mu/Central/jets/2/pt in Skim_TriLep_TTG.root
2026-06-29 16:42:52,338 - INFO - [2018] MISSING_CENTRAL: ZG3Mu/Central/jets/2/pt in Skim_TriLep_WWG.root
2026-07-01 05:31:30,729 - INFO - [2018] MISSING_CENTRAL: ZG3Mu/Central/jets/2/pt in Skim_TriLep_DYJets10to50.root
2026-07-01 05:31:30,730 - INFO - [2018] MISSING_CENTRAL: ZG3Mu/Central/jets/2/pt in Skim_TriLep_TTG.root
2026-07-01 05:31:30,731 - INFO - [2018] MISSING_CENTRAL: ZG3Mu/Central/jets/2/pt in Skim_TriLep_WWG.root
2026-07-01 05:31:34,635 - INFO - [2018] MISSING_CENTRAL: ZG3Mu/Central/jets/2/pt in Skim_TriLep_DYJets10to50.root
2026-07-01 05:31:34,636 - INFO - [2018] MISSING_CENTRAL: ZG3Mu/Central/jets/2/pt in Skim_TriLep_TTG.root
2026-07-01 05:31:34,637 - INFO - [2018] MISSING_CENTRAL: ZG3Mu/Central/jets/2/pt in Skim_TriLep_WWG.root
2026-07-01 05:58:08,102 - INFO - [2018] MISSING_FILE: /data9/Users/choij/Sync/workspace/ChargedHiggsAnalysisV3/SKNanoOutput/PromptAnalyzer/Run3Mu_RunCR_NoTreeMode/2018/Skim_TriLep_DoubleMuon_A.root
2026-07-01 05:58:08,103 - INFO - [2018] MISSING_FILE: /data9/Users/choij/Sync/workspace/ChargedHiggsAnalysisV3/SKNanoOutput/PromptAnalyzer/Run3Mu_RunCR_NoTreeMode/2018/Skim_TriLep_DoubleMuon_B.root
2026-07-01 05:58:08,103 - INFO - [2018] MISSING_FILE: /data9/Users/choij/Sync/workspace/ChargedHiggsAnalysisV3/SKNanoOutput/PromptAnalyzer/Run3Mu_RunCR_NoTreeMode/2018/Skim_TriLep_DoubleMuon_C.root
2026-07-01 05:58:08,103 - INFO - [2018] MISSING_FILE: /data9/Users/choij/Sync/workspace/ChargedHiggsAnalysisV3/SKNanoOutput/PromptAnalyzer/Run3Mu_RunCR_NoTreeMode/2018/Skim_TriLep_DoubleMuon_D.root
2026-07-01 05:58:10,739 - INFO - [2018] MISSING_FILE: /data9/Users/choij/Sync/workspace/ChargedHiggsAnalysisV3/SKNanoOutput/PromptAnalyzer/Run3Mu_RunCR_NoTreeMode/2018/Skim_TriLep_DoubleMuon_A.root
2026-07-01 05:58:10,739 - INFO - [2018] MISSING_FILE: /data9/Users/choij/Sync/workspace/ChargedHiggsAnalysisV3/SKNanoOutput/PromptAnalyzer/Run3Mu_RunCR_NoTreeMode/2018/Skim_TriLep_DoubleMuon_B.root
2026-07-01 05:58:10,739 - INFO - [2018] MISSING_FILE: /data9/Users/choij/Sync/workspace/ChargedHiggsAnalysisV3/SKNanoOutput/PromptAnalyzer/Run3Mu_RunCR_NoTreeMode/2018/Skim_TriLep_DoubleMuon_C.root
2026-07-01 05:58:10,739 - INFO - [2018] MISSING_FILE: /data9/Users/choij/Sync/workspace/ChargedHiggsAnalysisV3/SKNanoOutput/PromptAnalyzer/Run3Mu_RunCR_NoTreeMode/2018/Skim_TriLep_DoubleMuon_D.root
2026-07-01 15:24:35,936 - INFO - [2018] MISSING_CENTRAL: ZG3Mu/Central/jets/2/pt in Skim_TriLep_DYJets10to50.root
2026-07-01 15:24:35,937 - INFO - [2018] MISSING_CENTRAL: ZG3Mu/Central/jets/2/pt in Skim_TriLep_TTG.root
2026-07-01 15:24:35,938 - INFO - [2018] MISSING_CENTRAL: ZG3Mu/Central/jets/2/pt in Skim_TriLep_WWG.root
2026-07-01 15:24:40,473 - INFO - [2018] MISSING_CENTRAL: ZG3Mu/Central/jets/2/pt in Skim_TriLep_DYJets10to50.root
2026-07-01 15:24:40,473 - INFO - [2018] MISSING_CENTRAL: ZG3Mu/Central/jets/2/pt in Skim_TriLep_TTG.root
2026-07-01 15:24:40,474 - INFO - [2018] MISSING_CENTRAL: ZG3Mu/Central/jets/2/pt in Skim_TriLep_WWG.root
2026-07-01 17:35:02,989 - INFO - [2018] MISSING_CENTRAL: ZG3Mu/Central/jets/2/pt in Skim_TriLep_DYJets10to50.root
2026-07-01 17:35:02,990 - INFO - [2018] MISSING_CENTRAL: ZG3Mu/Central/jets/2/pt in Skim_TriLep_TTG.root
2026-07-01 17:35:02,990 - INFO - [2018] MISSING_CENTRAL: ZG3Mu/Central/jets/2/pt in Skim_TriLep_WWG.root
2026-07-01 17:35:06,950 - INFO - [2018] MISSING_CENTRAL: ZG3Mu/Central/jets/2/pt in Skim_TriLep_DYJets10to50.root
2026-07-01 17:35:06,950 - INFO - [2018] MISSING_CENTRAL: ZG3Mu/Central/jets/2/pt in Skim_TriLep_TTG.root
2026-07-01 17:35:06,951 - INFO - [2018] MISSING_CENTRAL: ZG3Mu/Central/jets/2/pt in Skim_TriLep_WWG.root
2026-07-21 19:28:58,037 - INFO - [2018] MISSING_CENTRAL: ZG3Mu/Central/jets/2/pt in Skim_TriLep_DYJets10to50.root
2026-07-21 19:28:58,038 - INFO - [2018] MISSING_CENTRAL: ZG3Mu/Central/jets/2/pt in Skim_TriLep_TTG.root
2026-07-21 19:28:58,039 - INFO - [2018] MISSING_CENTRAL: ZG3Mu/Central/jets/2/pt in Skim_TriLep_WWG.root
2026-07-21 19:29:03,792 - INFO - [2018] MISSING_CENTRAL: ZG3Mu/Central/jets/2/pt in Skim_TriLep_DYJets10to50.root
2026-07-21 19:29:03,792 - INFO - [2018] MISSING_CENTRAL: ZG3Mu/Central/jets/2/pt in Skim_TriLep_TTG.root
2026-07-21 19:29:03,793 - INFO - [2018] MISSING_CENTRAL: ZG3Mu/Central/jets/2/pt in Skim_TriLep_WWG.root
2026-08-18 18:14:12,377 - INFO - [2018] MISSING_FILE: /home/choij/Sync/workspace/ChargedHiggsAnalysisV3/SKNanoOutput/PromptAnalyzer/Run3Mu_RunCR_NoTreeMode/2018/Skim_TriLep_DoubleMuon_A.root
2026-08-18 18:14:12,377 - INFO - [2018] MISSING_FILE: /home/choij/Sync/workspace/ChargedHiggsAnalysisV3/SKNanoOutput/PromptAnalyzer/Run3Mu_RunCR_NoTreeMode/2018/Skim_TriLep_DoubleMuon_B.root
2026-08-18 18:14:12,377 - INFO - [2018] MISSING_FILE: /home/choij/Sync/workspace/ChargedHiggsAnalysisV3/SKNanoOutput/PromptAnalyzer/Run3Mu_RunCR_NoTreeMode/2018/Skim_TriLep_DoubleMuon_C.root
2026-08-18 18:14:12,377 - INFO - [2018] MISSING_FILE: /home/choij/Sync/workspace/ChargedHiggsAnalysisV3/SKNanoOutput/PromptAnalyzer/Run3Mu_RunCR_NoTreeMode/2018/Skim_TriLep_DoubleMuon_D.root
2026-08-18 18:14:15,481 - INFO - [2018] MISSING_FILE: /home/choij/Sync/workspace/ChargedHiggsAnalysisV3/SKNanoOutput/PromptAnalyzer/Run3Mu_RunCR_NoTreeMode/2018/Skim_TriLep_DoubleMuon_A.root
2026-08-18 18:14:15,481 - INFO - [2018] MISSING_FILE: /home/choij/Sync/workspace/ChargedHiggsAnalysisV3/SKNanoOutput/PromptAnalyzer/Run3Mu_RunCR_NoTreeMode/2018/Skim_TriLep_DoubleMuon_B.root
2026-08-18 18:14:15,481 - INFO - [2018] MISSING_FILE: /home/choij/Sync/workspace/ChargedHiggsAnalysisV3/SKNanoOutput/PromptAnalyzer/Run3Mu_RunCR_NoTreeMode/2018/Skim_TriLep_DoubleMuon_C.root
2026-08-18 18:14:15,481 - INFO - [2018] MISSING_FILE: /home/choij/Sync/workspace/ChargedHiggsAnalysisV3/SKNanoOutput/PromptAnalyzer/Run3Mu_RunCR_NoTreeMode/2018/Skim_TriLep_DoubleMuon_D.root
2026-08-19 10:06:38,690 - INFO - [2018] MISSING_CENTRAL: ZG3Mu/Central/jets/2/pt in Skim_TriLep_DYJets10to50.root
2026-08-19 10:06:38,691 - INFO - [2018] MISSING_CENTRAL: ZG3Mu/Central/jets/2/pt in Skim_TriLep_TTG.root
2026-08-19 10:06:38,692 - INFO - [2018] MISSING_CENTRAL: ZG3Mu/Central/jets/2/pt in Skim_TriLep_WWG.root
2026-08-19 10:06:43,511 - INFO - [2018] MISSING_CENTRAL: ZG3Mu/Central/jets/2/pt in Skim_TriLep_DYJets10to50.root
2026-08-19 10:06:43,512 - INFO - [2018] MISSING_CENTRAL: ZG3Mu/Central/jets/2/pt in Skim_TriLep_TTG.root
2026-08-19 10:06:43,512 - INFO - [2018] MISSING_CENTRAL: ZG3Mu/Central/jets/2/pt in Skim_TriLep_WWG.root
