2026-01-16 19:04:38,981 - INFO - [2022] MISSING_CENTRAL: TTZ2E1Mu/Central/bjets/3/energy in Skim_TriLep_MuonEG_D.root
2026-01-16 19:04:39,012 - INFO - [2022] MISSING_CENTRAL: TTZ2E1Mu/Central/bjets/3/energy in Skim_TriLep_MuonEG_D.root
2026-01-16 19:04:39,013 - INFO - [2022] MISSING_CENTRAL: TTZ2E1Mu/Central/bjets/3/energy in Skim_TriLep_DYJets.root
2026-01-16 19:04:39,013 - INFO - [2022] MISSING_CENTRAL: TTZ2E1Mu/Central/bjets/3/energy in Skim_TriLep_DYJets10to50.root
2026-01-16 19:04:39,014 - INFO - [2022] MISSING_CENTRAL: TTZ2E1Mu/Central/bjets/3/energy in Skim_TriLep_TTG_PTG10to100.root
2026-01-16 19:04:39,015 - INFO - [2022] MISSING_CENTRAL: TTZ2E1Mu/Central/bjets/3/energy in Skim_TriLep_TTG_PTG100to200.root
2026-01-16 19:04:39,015 - INFO - [2022] MISSING_CENTRAL: TTZ2E1Mu/Central/bjets/3/energy in Skim_TriLep_TTG_PTG200toInf.root
2026-01-16 19:04:39,016 - INFO - [2022] MISSING_CENTRAL: TTZ2E1Mu/Central/bjets/3/energy in Skim_TriLep_TTWToLNu.root
2026-01-16 19:04:39,016 - INFO - [2022] MISSING_CENTRAL: TTZ2E1Mu/Central/bjets/3/energy in Skim_TriLep_TTZ_M4to50.root
2026-01-16 19:04:39,042 - INFO - [2022] MISSING_CENTRAL: TTZ2E1Mu/Central/bjets/3/energy in Skim_TriLep_WZTo3LNu_powheg.root
2026-01-16 19:04:39,043 - INFO - [2022] MISSING_CENTRAL: TTZ2E1Mu/Central/bjets/3/energy in Skim_TriLep_ZZTo4L_powheg.root
2026-01-16 19:04:39,065 - INFO - [2022] MISSING_CENTRAL: TTZ2E1Mu/Central/bjets/3/energy in Skim_TriLep_WWW.root
2026-01-16 19:04:39,066 - INFO - [2022] MISSING_CENTRAL: TTZ2E1Mu/Central/bjets/3/energy in Skim_TriLep_WWZ.root
2026-01-16 19:04:39,066 - INFO - [2022] MISSING_CENTRAL: TTZ2E1Mu/Central/bjets/3/energy in Skim_TriLep_WZZ.root
2026-01-16 19:04:39,067 - INFO - [2022] MISSING_CENTRAL: TTZ2E1Mu/Central/bjets/3/energy in Skim_TriLep_ZZZ.root
2026-01-16 19:04:39,079 - INFO - [2022] MISSING_CENTRAL: TTZ2E1Mu/Central/bjets/3/energy in Skim_TriLep_VBFHToZZTo4L.root
2026-01-16 19:04:39,079 - INFO - [2022] MISSING_CENTRAL: TTZ2E1Mu/Central/bjets/3/energy in Skim_TriLep_ggHToZZTo4L.root
2026-01-28 17:02:54,852 - INFO - [2022] MISSING_CENTRAL: TTZ2E1Mu/Central/bjets/3/energy in Skim_TriLep_MuonEG_D.root
2026-01-28 17:02:54,895 - INFO - [2022] MISSING_CENTRAL: TTZ2E1Mu/Central/bjets/3/energy in Skim_TriLep_MuonEG_D.root
2026-01-28 17:02:54,896 - INFO - [2022] MISSING_CENTRAL: TTZ2E1Mu/Central/bjets/3/energy in Skim_TriLep_DYJets.root
2026-01-28 17:02:54,896 - INFO - [2022] MISSING_CENTRAL: TTZ2E1Mu/Central/bjets/3/energy in Skim_TriLep_DYJets10to50.root
2026-01-28 17:02:54,897 - INFO - [2022] MISSING_CENTRAL: TTZ2E1Mu/Central/bjets/3/energy in Skim_TriLep_TTG_PTG10to100.root
2026-01-28 17:02:54,897 - INFO - [2022] MISSING_CENTRAL: TTZ2E1Mu/Central/bjets/3/energy in Skim_TriLep_TTG_PTG100to200.root
2026-01-28 17:02:54,898 - INFO - [2022] MISSING_CENTRAL: TTZ2E1Mu/Central/bjets/3/energy in Skim_TriLep_TTG_PTG200toInf.root
2026-01-28 17:02:54,900 - INFO - [2022] MISSING_CENTRAL: TTZ2E1Mu/Central/bjets/3/energy in Skim_TriLep_TTWToLNu.root
2026-01-28 17:02:54,900 - INFO - [2022] MISSING_CENTRAL: TTZ2E1Mu/Central/bjets/3/energy in Skim_TriLep_TTZ_M4to50.root
2026-01-28 17:02:54,977 - INFO - [2022] MISSING_CENTRAL: TTZ2E1Mu/Central/bjets/3/energy in Skim_TriLep_WZTo3LNu_powheg.root
2026-01-28 17:02:54,978 - INFO - [2022] MISSING_CENTRAL: TTZ2E1Mu/Central/bjets/3/energy in Skim_TriLep_ZZTo4L_powheg.root
2026-01-28 17:02:55,000 - INFO - [2022] MISSING_CENTRAL: TTZ2E1Mu/Central/bjets/3/energy in Skim_TriLep_WWW.root
2026-01-28 17:02:55,001 - INFO - [2022] MISSING_CENTRAL: TTZ2E1Mu/Central/bjets/3/energy in Skim_TriLep_WWZ.root
2026-01-28 17:02:55,023 - INFO - [2022] MISSING_CENTRAL: TTZ2E1Mu/Central/bjets/3/energy in Skim_TriLep_ZZZ.root
2026-01-28 17:02:55,046 - INFO - [2022] MISSING_CENTRAL: TTZ2E1Mu/Central/bjets/3/energy in Skim_TriLep_VBFHToZZTo4L.root
2026-01-28 17:02:55,047 - INFO - [2022] MISSING_CENTRAL: TTZ2E1Mu/Central/bjets/3/energy in Skim_TriLep_ggHToZZTo4L.root
2026-01-28 17:23:40,820 - INFO - [2022] MISSING_CENTRAL: TTZ2E1Mu/Central/bjets/3/energy in Skim_TriLep_MuonEG_D.root
2026-01-28 17:23:40,853 - INFO - [2022] MISSING_CENTRAL: TTZ2E1Mu/Central/bjets/3/energy in Skim_TriLep_MuonEG_D.root
2026-01-28 17:23:40,854 - INFO - [2022] MISSING_CENTRAL: TTZ2E1Mu/Central/bjets/3/energy in Skim_TriLep_DYJets.root
2026-01-28 17:23:40,855 - INFO - [2022] MISSING_CENTRAL: TTZ2E1Mu/Central/bjets/3/energy in Skim_TriLep_DYJets10to50.root
2026-01-28 17:23:40,855 - INFO - [2022] MISSING_CENTRAL: TTZ2E1Mu/Central/bjets/3/energy in Skim_TriLep_TTG_PTG10to100.root
2026-01-28 17:23:40,856 - INFO - [2022] MISSING_CENTRAL: TTZ2E1Mu/Central/bjets/3/energy in Skim_TriLep_TTG_PTG100to200.root
2026-01-28 17:23:40,857 - INFO - [2022] MISSING_CENTRAL: TTZ2E1Mu/Central/bjets/3/energy in Skim_TriLep_TTG_PTG200toInf.root
2026-01-28 17:23:40,858 - INFO - [2022] MISSING_CENTRAL: TTZ2E1Mu/Central/bjets/3/energy in Skim_TriLep_TTWToLNu.root
2026-01-28 17:23:40,859 - INFO - [2022] MISSING_CENTRAL: TTZ2E1Mu/Central/bjets/3/energy in Skim_TriLep_TTZ_M4to50.root
2026-01-28 17:23:40,919 - INFO - [2022] MISSING_CENTRAL: TTZ2E1Mu/Central/bjets/3/energy in Skim_TriLep_WZTo3LNu_powheg.root
2026-01-28 17:23:40,919 - INFO - [2022] MISSING_CENTRAL: TTZ2E1Mu/Central/bjets/3/energy in Skim_TriLep_ZZTo4L_powheg.root
2026-01-28 17:23:40,936 - INFO - [2022] MISSING_CENTRAL: TTZ2E1Mu/Central/bjets/3/energy in Skim_TriLep_WWW.root
2026-01-28 17:23:40,937 - INFO - [2022] MISSING_CENTRAL: TTZ2E1Mu/Central/bjets/3/energy in Skim_TriLep_WWZ.root
2026-01-28 17:23:40,954 - INFO - [2022] MISSING_CENTRAL: TTZ2E1Mu/Central/bjets/3/energy in Skim_TriLep_ZZZ.root
2026-01-28 17:23:40,972 - INFO - [2022] MISSING_CENTRAL: TTZ2E1Mu/Central/bjets/3/energy in Skim_TriLep_VBFHToZZTo4L.root
2026-01-28 17:23:40,973 - INFO - [2022] MISSING_CENTRAL: TTZ2E1Mu/Central/bjets/3/energy in Skim_TriLep_ggHToZZTo4L.root
2026-01-28 19:57:11,749 - INFO - [2022] MISSING_CENTRAL: TTZ2E1Mu/Central/bjets/3/energy in Skim_TriLep_MuonEG_D.root
2026-01-28 19:57:11,781 - INFO - [2022] MISSING_CENTRAL: TTZ2E1Mu/Central/bjets/3/energy in Skim_TriLep_MuonEG_D.root
2026-01-28 19:57:11,781 - INFO - [2022] MISSING_CENTRAL: TTZ2E1Mu/Central/bjets/3/energy in Skim_TriLep_DYJets.root
2026-01-28 19:57:11,782 - INFO - [2022] MISSING_CENTRAL: TTZ2E1Mu/Central/bjets/3/energy in Skim_TriLep_DYJets10to50.root
2026-01-28 19:57:11,782 - INFO - [2022] MISSING_CENTRAL: TTZ2E1Mu/Central/bjets/3/energy in Skim_TriLep_TTG_PTG10to100.root
2026-01-28 19:57:11,783 - INFO - [2022] MISSING_CENTRAL: TTZ2E1Mu/Central/bjets/3/energy in Skim_TriLep_TTG_PTG100to200.root
2026-01-28 19:57:11,784 - INFO - [2022] MISSING_CENTRAL: TTZ2E1Mu/Central/bjets/3/energy in Skim_TriLep_TTG_PTG200toInf.root
2026-01-28 19:57:11,785 - INFO - [2022] MISSING_CENTRAL: TTZ2E1Mu/Central/bjets/3/energy in Skim_TriLep_TTWToLNu.root
2026-01-28 19:57:11,786 - INFO - [2022] MISSING_CENTRAL: TTZ2E1Mu/Central/bjets/3/energy in Skim_TriLep_TTZ_M4to50.root
2026-01-28 19:57:11,863 - INFO - [2022] MISSING_CENTRAL: TTZ2E1Mu/Central/bjets/3/energy in Skim_TriLep_WZTo3LNu_powheg.root
2026-01-28 19:57:11,864 - INFO - [2022] MISSING_CENTRAL: TTZ2E1Mu/Central/bjets/3/energy in Skim_TriLep_ZZTo4L_powheg.root
2026-01-28 19:57:11,887 - INFO - [2022] MISSING_CENTRAL: TTZ2E1Mu/Central/bjets/3/energy in Skim_TriLep_WWW.root
2026-01-28 19:57:11,888 - INFO - [2022] MISSING_CENTRAL: TTZ2E1Mu/Central/bjets/3/energy in Skim_TriLep_WWZ.root
2026-01-28 19:57:11,910 - INFO - [2022] MISSING_CENTRAL: TTZ2E1Mu/Central/bjets/3/energy in Skim_TriLep_ZZZ.root
2026-01-28 19:57:11,934 - INFO - [2022] MISSING_CENTRAL: TTZ2E1Mu/Central/bjets/3/energy in Skim_TriLep_VBFHToZZTo4L.root
2026-01-28 19:57:11,934 - INFO - [2022] MISSING_CENTRAL: TTZ2E1Mu/Central/bjets/3/energy in Skim_TriLep_ggHToZZTo4L.root
2026-01-29 07:14:15,489 - INFO - [2022] MISSING_CENTRAL: TTZ2E1Mu/Central/bjets/3/energy in Skim_TriLep_MuonEG_D.root
2026-01-29 07:14:15,522 - INFO - [2022] MISSING_CENTRAL: TTZ2E1Mu/Central/bjets/3/energy in Skim_TriLep_MuonEG_D.root
2026-01-29 07:14:15,522 - INFO - [2022] MISSING_CENTRAL: TTZ2E1Mu/Central/bjets/3/energy in Skim_TriLep_DYJets.root
2026-01-29 07:14:15,523 - INFO - [2022] MISSING_CENTRAL: TTZ2E1Mu/Central/bjets/3/energy in Skim_TriLep_DYJets10to50.root
2026-01-29 07:14:15,524 - INFO - [2022] MISSING_CENTRAL: TTZ2E1Mu/Central/bjets/3/energy in Skim_TriLep_TTG_PTG10to100.root
2026-01-29 07:14:15,524 - INFO - [2022] MISSING_CENTRAL: TTZ2E1Mu/Central/bjets/3/energy in Skim_TriLep_TTG_PTG100to200.root
2026-01-29 07:14:15,525 - INFO - [2022] MISSING_CENTRAL: TTZ2E1Mu/Central/bjets/3/energy in Skim_TriLep_TTG_PTG200toInf.root
2026-01-29 07:14:15,526 - INFO - [2022] MISSING_CENTRAL: TTZ2E1Mu/Central/bjets/3/energy in Skim_TriLep_TTWToLNu.root
2026-01-29 07:14:15,527 - INFO - [2022] MISSING_CENTRAL: TTZ2E1Mu/Central/bjets/3/energy in Skim_TriLep_TTZ_M4to50.root
2026-01-29 07:14:15,582 - INFO - [2022] MISSING_CENTRAL: TTZ2E1Mu/Central/bjets/3/energy in Skim_TriLep_WZTo3LNu_powheg.root
2026-01-29 07:14:15,583 - INFO - [2022] MISSING_CENTRAL: TTZ2E1Mu/Central/bjets/3/energy in Skim_TriLep_ZZTo4L_powheg.root
2026-01-29 07:14:15,598 - INFO - [2022] MISSING_CENTRAL: TTZ2E1Mu/Central/bjets/3/energy in Skim_TriLep_WWW.root
2026-01-29 07:14:15,599 - INFO - [2022] MISSING_CENTRAL: TTZ2E1Mu/Central/bjets/3/energy in Skim_TriLep_WWZ.root
2026-01-29 07:14:15,615 - INFO - [2022] MISSING_CENTRAL: TTZ2E1Mu/Central/bjets/3/energy in Skim_TriLep_ZZZ.root
2026-01-29 07:14:15,631 - INFO - [2022] MISSING_CENTRAL: TTZ2E1Mu/Central/bjets/3/energy in Skim_TriLep_VBFHToZZTo4L.root
2026-01-29 07:14:15,632 - INFO - [2022] MISSING_CENTRAL: TTZ2E1Mu/Central/bjets/3/energy in Skim_TriLep_ggHToZZTo4L.root
2026-03-06 09:41:45,394 - INFO - [2022] MISSING_CENTRAL: TTZ2E1Mu/Central/bjets/3/energy in Skim_TriLep_MuonEG_D.root
2026-03-06 09:41:45,421 - INFO - [2022] MISSING_CENTRAL: TTZ2E1Mu/Central/bjets/3/energy in Skim_TriLep_MuonEG_D.root
2026-03-06 09:41:45,422 - INFO - [2022] MISSING_CENTRAL: TTZ2E1Mu/Central/bjets/3/energy in Skim_TriLep_DYJets.root
2026-03-06 09:41:45,422 - INFO - [2022] MISSING_CENTRAL: TTZ2E1Mu/Central/bjets/3/energy in Skim_TriLep_DYJets10to50.root
2026-03-06 09:41:45,423 - INFO - [2022] MISSING_CENTRAL: TTZ2E1Mu/Central/bjets/3/energy in Skim_TriLep_TTG_PTG10to100.root
2026-03-06 09:41:45,423 - INFO - [2022] MISSING_CENTRAL: TTZ2E1Mu/Central/bjets/3/energy in Skim_TriLep_TTG_PTG100to200.root
2026-03-06 09:41:45,423 - INFO - [2022] MISSING_CENTRAL: TTZ2E1Mu/Central/bjets/3/energy in Skim_TriLep_TTG_PTG200toInf.root
2026-03-06 09:41:45,425 - INFO - [2022] MISSING_CENTRAL: TTZ2E1Mu/Central/bjets/3/energy in Skim_TriLep_TTWToLNu.root
2026-03-06 09:41:45,425 - INFO - [2022] MISSING_CENTRAL: TTZ2E1Mu/Central/bjets/3/energy in Skim_TriLep_TTZ_M4to50.root
2026-03-06 09:41:45,461 - INFO - [2022] MISSING_CENTRAL: TTZ2E1Mu/Central/bjets/3/energy in Skim_TriLep_WZTo3LNu_powheg.root
2026-03-06 09:41:45,462 - INFO - [2022] MISSING_CENTRAL: TTZ2E1Mu/Central/bjets/3/energy in Skim_TriLep_ZZTo4L_powheg.root
2026-03-06 09:41:45,472 - INFO - [2022] MISSING_CENTRAL: TTZ2E1Mu/Central/bjets/3/energy in Skim_TriLep_WWW.root
2026-03-06 09:41:45,473 - INFO - [2022] MISSING_CENTRAL: TTZ2E1Mu/Central/bjets/3/energy in Skim_TriLep_WWZ.root
2026-03-06 09:41:45,473 - INFO - [2022] MISSING_CENTRAL: TTZ2E1Mu/Central/bjets/3/energy in Skim_TriLep_WZZ.root
2026-03-06 09:41:45,474 - INFO - [2022] MISSING_CENTRAL: TTZ2E1Mu/Central/bjets/3/energy in Skim_TriLep_ZZZ.root
2026-03-06 09:41:45,485 - INFO - [2022] MISSING_CENTRAL: TTZ2E1Mu/Central/bjets/3/energy in Skim_TriLep_VBFHToZZTo4L.root
2026-03-06 09:41:45,486 - INFO - [2022] MISSING_CENTRAL: TTZ2E1Mu/Central/bjets/3/energy in Skim_TriLep_ggHToZZTo4L.root
2026-03-06 19:47:32,481 - INFO - [2022] MISSING_CENTRAL: TTZ2E1Mu/Central/bjets/3/energy in Skim_TriLep_MuonEG_D.root
2026-03-06 19:47:32,514 - INFO - [2022] MISSING_CENTRAL: TTZ2E1Mu/Central/bjets/3/energy in Skim_TriLep_MuonEG_D.root
2026-03-06 19:47:32,515 - INFO - [2022] MISSING_CENTRAL: TTZ2E1Mu/Central/bjets/3/energy in Skim_TriLep_DYJets.root
2026-03-06 19:47:32,515 - INFO - [2022] MISSING_CENTRAL: TTZ2E1Mu/Central/bjets/3/energy in Skim_TriLep_DYJets10to50.root
2026-03-06 19:47:32,516 - INFO - [2022] MISSING_CENTRAL: TTZ2E1Mu/Central/bjets/3/energy in Skim_TriLep_TTG_PTG10to100.root
2026-03-06 19:47:32,517 - INFO - [2022] MISSING_CENTRAL: TTZ2E1Mu/Central/bjets/3/energy in Skim_TriLep_TTG_PTG100to200.root
2026-03-06 19:47:32,517 - INFO - [2022] MISSING_CENTRAL: TTZ2E1Mu/Central/bjets/3/energy in Skim_TriLep_TTG_PTG200toInf.root
2026-03-06 19:47:32,519 - INFO - [2022] MISSING_CENTRAL: TTZ2E1Mu/Central/bjets/3/energy in Skim_TriLep_TTWToLNu.root
2026-03-06 19:47:32,519 - INFO - [2022] MISSING_CENTRAL: TTZ2E1Mu/Central/bjets/3/energy in Skim_TriLep_TTZ_M4to50.root
2026-03-06 19:47:32,572 - INFO - [2022] MISSING_CENTRAL: TTZ2E1Mu/Central/bjets/3/energy in Skim_TriLep_WZTo3LNu_powheg.root
2026-03-06 19:47:32,573 - INFO - [2022] MISSING_CENTRAL: TTZ2E1Mu/Central/bjets/3/energy in Skim_TriLep_ZZTo4L_powheg.root
2026-03-06 19:47:32,587 - INFO - [2022] MISSING_CENTRAL: TTZ2E1Mu/Central/bjets/3/energy in Skim_TriLep_WWW.root
2026-03-06 19:47:32,588 - INFO - [2022] MISSING_CENTRAL: TTZ2E1Mu/Central/bjets/3/energy in Skim_TriLep_WWZ.root
2026-03-06 19:47:32,589 - INFO - [2022] MISSING_CENTRAL: TTZ2E1Mu/Central/bjets/3/energy in Skim_TriLep_WZZ.root
2026-03-06 19:47:32,589 - INFO - [2022] MISSING_CENTRAL: TTZ2E1Mu/Central/bjets/3/energy in Skim_TriLep_ZZZ.root
2026-03-06 19:47:32,605 - INFO - [2022] MISSING_CENTRAL: TTZ2E1Mu/Central/bjets/3/energy in Skim_TriLep_VBFHToZZTo4L.root
2026-03-06 19:47:32,606 - INFO - [2022] MISSING_CENTRAL: TTZ2E1Mu/Central/bjets/3/energy in Skim_TriLep_ggHToZZTo4L.root
2026-04-10 20:22:29,592 - INFO - [2022] MISSING_CENTRAL: TTZ2E1Mu/Central/bjets/3/energy in Skim_TriLep_MuonEG_D.root
2026-04-10 20:22:29,625 - INFO - [2022] MISSING_CENTRAL: TTZ2E1Mu/Central/bjets/3/energy in Skim_TriLep_MuonEG_D.root
2026-04-10 20:22:29,625 - INFO - [2022] MISSING_CENTRAL: TTZ2E1Mu/Central/bjets/3/energy in Skim_TriLep_DYJets.root
2026-04-10 20:22:29,626 - INFO - [2022] MISSING_CENTRAL: TTZ2E1Mu/Central/bjets/3/energy in Skim_TriLep_DYJets10to50.root
2026-04-10 20:22:29,626 - INFO - [2022] MISSING_CENTRAL: TTZ2E1Mu/Central/bjets/3/energy in Skim_TriLep_TTG_PTG10to100.root
2026-04-10 20:22:29,627 - INFO - [2022] MISSING_CENTRAL: TTZ2E1Mu/Central/bjets/3/energy in Skim_TriLep_TTG_PTG100to200.root
2026-04-10 20:22:29,628 - INFO - [2022] MISSING_CENTRAL: TTZ2E1Mu/Central/bjets/3/energy in Skim_TriLep_TTG_PTG200toInf.root
2026-04-10 20:22:29,629 - INFO - [2022] MISSING_CENTRAL: TTZ2E1Mu/Central/bjets/3/energy in Skim_TriLep_TTWToLNu.root
2026-04-10 20:22:29,630 - INFO - [2022] MISSING_CENTRAL: TTZ2E1Mu/Central/bjets/3/energy in Skim_TriLep_TTZ_M4to50.root
2026-04-10 20:22:29,685 - INFO - [2022] MISSING_CENTRAL: TTZ2E1Mu/Central/bjets/3/energy in Skim_TriLep_WZTo3LNu_powheg.root
2026-04-10 20:22:29,686 - INFO - [2022] MISSING_CENTRAL: TTZ2E1Mu/Central/bjets/3/energy in Skim_TriLep_ZZTo4L_powheg.root
2026-04-10 20:22:29,701 - INFO - [2022] MISSING_CENTRAL: TTZ2E1Mu/Central/bjets/3/energy in Skim_TriLep_WWW.root
2026-04-10 20:22:29,701 - INFO - [2022] MISSING_CENTRAL: TTZ2E1Mu/Central/bjets/3/energy in Skim_TriLep_WWZ.root
2026-04-10 20:22:29,702 - INFO - [2022] MISSING_CENTRAL: TTZ2E1Mu/Central/bjets/3/energy in Skim_TriLep_WZZ.root
2026-04-10 20:22:29,703 - INFO - [2022] MISSING_CENTRAL: TTZ2E1Mu/Central/bjets/3/energy in Skim_TriLep_ZZZ.root
2026-04-10 20:22:29,719 - INFO - [2022] MISSING_CENTRAL: TTZ2E1Mu/Central/bjets/3/energy in Skim_TriLep_VBFHToZZTo4L.root
2026-04-10 20:22:29,719 - INFO - [2022] MISSING_CENTRAL: TTZ2E1Mu/Central/bjets/3/energy in Skim_TriLep_ggHToZZTo4L.root
2026-04-12 11:37:43,745 - INFO - [2022] MISSING_CENTRAL: TTZ2E1Mu/Central/bjets/3/energy in Skim_TriLep_MuonEG_D.root
2026-04-12 11:37:43,779 - INFO - [2022] MISSING_CENTRAL: TTZ2E1Mu/Central/bjets/3/energy in Skim_TriLep_MuonEG_D.root
2026-04-12 11:37:43,780 - INFO - [2022] MISSING_CENTRAL: TTZ2E1Mu/Central/bjets/3/energy in Skim_TriLep_DYJets.root
2026-04-12 11:37:43,780 - INFO - [2022] MISSING_CENTRAL: TTZ2E1Mu/Central/bjets/3/energy in Skim_TriLep_DYJets10to50.root
2026-04-12 11:37:43,781 - INFO - [2022] MISSING_CENTRAL: TTZ2E1Mu/Central/bjets/3/energy in Skim_TriLep_TTG_PTG10to100.root
2026-04-12 11:37:43,782 - INFO - [2022] MISSING_CENTRAL: TTZ2E1Mu/Central/bjets/3/energy in Skim_TriLep_TTG_PTG100to200.root
2026-04-12 11:37:43,782 - INFO - [2022] MISSING_CENTRAL: TTZ2E1Mu/Central/bjets/3/energy in Skim_TriLep_TTG_PTG200toInf.root
2026-04-12 11:37:43,784 - INFO - [2022] MISSING_CENTRAL: TTZ2E1Mu/Central/bjets/3/energy in Skim_TriLep_TTWToLNu.root
2026-04-12 11:37:43,785 - INFO - [2022] MISSING_CENTRAL: TTZ2E1Mu/Central/bjets/3/energy in Skim_TriLep_TTZ_M4to50.root
2026-04-12 11:37:43,840 - INFO - [2022] MISSING_CENTRAL: TTZ2E1Mu/Central/bjets/3/energy in Skim_TriLep_WZTo3LNu_powheg.root
2026-04-12 11:37:43,841 - INFO - [2022] MISSING_CENTRAL: TTZ2E1Mu/Central/bjets/3/energy in Skim_TriLep_ZZTo4L_powheg.root
2026-04-12 11:37:43,856 - INFO - [2022] MISSING_CENTRAL: TTZ2E1Mu/Central/bjets/3/energy in Skim_TriLep_WWW.root
2026-04-12 11:37:43,856 - INFO - [2022] MISSING_CENTRAL: TTZ2E1Mu/Central/bjets/3/energy in Skim_TriLep_WWZ.root
2026-04-12 11:37:43,857 - INFO - [2022] MISSING_CENTRAL: TTZ2E1Mu/Central/bjets/3/energy in Skim_TriLep_WZZ.root
2026-04-12 11:37:43,857 - INFO - [2022] MISSING_CENTRAL: TTZ2E1Mu/Central/bjets/3/energy in Skim_TriLep_ZZZ.root
2026-04-12 11:37:43,874 - INFO - [2022] MISSING_CENTRAL: TTZ2E1Mu/Central/bjets/3/energy in Skim_TriLep_VBFHToZZTo4L.root
2026-04-12 11:37:43,874 - INFO - [2022] MISSING_CENTRAL: TTZ2E1Mu/Central/bjets/3/energy in Skim_TriLep_ggHToZZTo4L.root
2026-04-12 12:19:38,305 - INFO - [2022] MISSING_CENTRAL: TTZ2E1Mu/Central/bjets/3/energy in Skim_TriLep_MuonEG_D.root
2026-04-12 12:19:38,339 - INFO - [2022] MISSING_CENTRAL: TTZ2E1Mu/Central/bjets/3/energy in Skim_TriLep_MuonEG_D.root
2026-04-12 12:19:38,340 - INFO - [2022] MISSING_CENTRAL: TTZ2E1Mu/Central/bjets/3/energy in Skim_TriLep_DYJets.root
2026-04-12 12:19:38,340 - INFO - [2022] MISSING_CENTRAL: TTZ2E1Mu/Central/bjets/3/energy in Skim_TriLep_DYJets10to50.root
2026-04-12 12:19:38,341 - INFO - [2022] MISSING_CENTRAL: TTZ2E1Mu/Central/bjets/3/energy in Skim_TriLep_TTG_PTG10to100.root
2026-04-12 12:19:38,342 - INFO - [2022] MISSING_CENTRAL: TTZ2E1Mu/Central/bjets/3/energy in Skim_TriLep_TTG_PTG100to200.root
2026-04-12 12:19:38,342 - INFO - [2022] MISSING_CENTRAL: TTZ2E1Mu/Central/bjets/3/energy in Skim_TriLep_TTG_PTG200toInf.root
2026-04-12 12:19:38,344 - INFO - [2022] MISSING_CENTRAL: TTZ2E1Mu/Central/bjets/3/energy in Skim_TriLep_TTWToLNu.root
2026-04-12 12:19:38,345 - INFO - [2022] MISSING_CENTRAL: TTZ2E1Mu/Central/bjets/3/energy in Skim_TriLep_TTZ_M4to50.root
2026-04-12 12:19:38,399 - INFO - [2022] MISSING_CENTRAL: TTZ2E1Mu/Central/bjets/3/energy in Skim_TriLep_WZTo3LNu_powheg.root
2026-04-12 12:19:38,400 - INFO - [2022] MISSING_CENTRAL: TTZ2E1Mu/Central/bjets/3/energy in Skim_TriLep_ZZTo4L_powheg.root
2026-04-12 12:19:38,416 - INFO - [2022] MISSING_CENTRAL: TTZ2E1Mu/Central/bjets/3/energy in Skim_TriLep_WWW.root
2026-04-12 12:19:38,417 - INFO - [2022] MISSING_CENTRAL: TTZ2E1Mu/Central/bjets/3/energy in Skim_TriLep_WWZ.root
2026-04-12 12:19:38,418 - INFO - [2022] MISSING_CENTRAL: TTZ2E1Mu/Central/bjets/3/energy in Skim_TriLep_WZZ.root
2026-04-12 12:19:38,418 - INFO - [2022] MISSING_CENTRAL: TTZ2E1Mu/Central/bjets/3/energy in Skim_TriLep_ZZZ.root
2026-04-12 12:19:38,435 - INFO - [2022] MISSING_CENTRAL: TTZ2E1Mu/Central/bjets/3/energy in Skim_TriLep_VBFHToZZTo4L.root
2026-04-12 12:19:38,436 - INFO - [2022] MISSING_CENTRAL: TTZ2E1Mu/Central/bjets/3/energy in Skim_TriLep_ggHToZZTo4L.root
2026-04-12 12:39:17,505 - INFO - [2022] MISSING_CENTRAL: TTZ2E1Mu/Central/bjets/3/energy in Skim_TriLep_MuonEG_D.root
2026-04-12 12:39:17,538 - INFO - [2022] MISSING_CENTRAL: TTZ2E1Mu/Central/bjets/3/energy in Skim_TriLep_MuonEG_D.root
2026-04-12 12:39:17,539 - INFO - [2022] MISSING_CENTRAL: TTZ2E1Mu/Central/bjets/3/energy in Skim_TriLep_DYJets.root
2026-04-12 12:39:17,539 - INFO - [2022] MISSING_CENTRAL: TTZ2E1Mu/Central/bjets/3/energy in Skim_TriLep_DYJets10to50.root
2026-04-12 12:39:17,540 - INFO - [2022] MISSING_CENTRAL: TTZ2E1Mu/Central/bjets/3/energy in Skim_TriLep_TTG_PTG10to100.root
2026-04-12 12:39:17,541 - INFO - [2022] MISSING_CENTRAL: TTZ2E1Mu/Central/bjets/3/energy in Skim_TriLep_TTG_PTG100to200.root
2026-04-12 12:39:17,541 - INFO - [2022] MISSING_CENTRAL: TTZ2E1Mu/Central/bjets/3/energy in Skim_TriLep_TTG_PTG200toInf.root
2026-04-12 12:39:17,543 - INFO - [2022] MISSING_CENTRAL: TTZ2E1Mu/Central/bjets/3/energy in Skim_TriLep_TTWToLNu.root
2026-04-12 12:39:17,544 - INFO - [2022] MISSING_CENTRAL: TTZ2E1Mu/Central/bjets/3/energy in Skim_TriLep_TTZ_M4to50.root
2026-04-12 12:39:17,598 - INFO - [2022] MISSING_CENTRAL: TTZ2E1Mu/Central/bjets/3/energy in Skim_TriLep_WZTo3LNu_powheg.root
2026-04-12 12:39:17,599 - INFO - [2022] MISSING_CENTRAL: TTZ2E1Mu/Central/bjets/3/energy in Skim_TriLep_ZZTo4L_powheg.root
2026-04-12 12:39:17,615 - INFO - [2022] MISSING_CENTRAL: TTZ2E1Mu/Central/bjets/3/energy in Skim_TriLep_WWW.root
2026-04-12 12:39:17,615 - INFO - [2022] MISSING_CENTRAL: TTZ2E1Mu/Central/bjets/3/energy in Skim_TriLep_WWZ.root
2026-04-12 12:39:17,616 - INFO - [2022] MISSING_CENTRAL: TTZ2E1Mu/Central/bjets/3/energy in Skim_TriLep_WZZ.root
2026-04-12 12:39:17,617 - INFO - [2022] MISSING_CENTRAL: TTZ2E1Mu/Central/bjets/3/energy in Skim_TriLep_ZZZ.root
2026-04-12 12:39:17,634 - INFO - [2022] MISSING_CENTRAL: TTZ2E1Mu/Central/bjets/3/energy in Skim_TriLep_VBFHToZZTo4L.root
2026-04-12 12:39:17,635 - INFO - [2022] MISSING_CENTRAL: TTZ2E1Mu/Central/bjets/3/energy in Skim_TriLep_ggHToZZTo4L.root
2026-04-12 20:47:24,546 - INFO - [2022] MISSING_CENTRAL: TTZ2E1Mu/Central/bjets/3/energy in Skim_TriLep_MuonEG_D.root
2026-04-12 20:47:24,570 - INFO - [2022] MISSING_CENTRAL: TTZ2E1Mu/Central/bjets/3/energy in Skim_TriLep_MuonEG_D.root
2026-04-12 20:47:24,571 - INFO - [2022] MISSING_CENTRAL: TTZ2E1Mu/Central/bjets/3/energy in Skim_TriLep_DYJets.root
2026-04-12 20:47:24,571 - INFO - [2022] MISSING_CENTRAL: TTZ2E1Mu/Central/bjets/3/energy in Skim_TriLep_DYJets10to50.root
2026-04-12 20:47:24,571 - INFO - [2022] MISSING_CENTRAL: TTZ2E1Mu/Central/bjets/3/energy in Skim_TriLep_TTG_PTG10to100.root
2026-04-12 20:47:24,572 - INFO - [2022] MISSING_CENTRAL: TTZ2E1Mu/Central/bjets/3/energy in Skim_TriLep_TTG_PTG100to200.root
2026-04-12 20:47:24,572 - INFO - [2022] MISSING_CENTRAL: TTZ2E1Mu/Central/bjets/3/energy in Skim_TriLep_TTG_PTG200toInf.root
2026-04-12 20:47:24,574 - INFO - [2022] MISSING_CENTRAL: TTZ2E1Mu/Central/bjets/3/energy in Skim_TriLep_TTWToLNu.root
2026-04-12 20:47:24,574 - INFO - [2022] MISSING_CENTRAL: TTZ2E1Mu/Central/bjets/3/energy in Skim_TriLep_TTZ_M4to50.root
2026-04-12 20:47:24,611 - INFO - [2022] MISSING_CENTRAL: TTZ2E1Mu/Central/bjets/3/energy in Skim_TriLep_WZTo3LNu_powheg.root
2026-04-12 20:47:24,611 - INFO - [2022] MISSING_CENTRAL: TTZ2E1Mu/Central/bjets/3/energy in Skim_TriLep_ZZTo4L_powheg.root
2026-04-12 20:47:24,622 - INFO - [2022] MISSING_CENTRAL: TTZ2E1Mu/Central/bjets/3/energy in Skim_TriLep_WWW.root
2026-04-12 20:47:24,623 - INFO - [2022] MISSING_CENTRAL: TTZ2E1Mu/Central/bjets/3/energy in Skim_TriLep_WWZ.root
2026-04-12 20:47:24,623 - INFO - [2022] MISSING_CENTRAL: TTZ2E1Mu/Central/bjets/3/energy in Skim_TriLep_WZZ.root
2026-04-12 20:47:24,624 - INFO - [2022] MISSING_CENTRAL: TTZ2E1Mu/Central/bjets/3/energy in Skim_TriLep_ZZZ.root
2026-04-12 20:47:24,635 - INFO - [2022] MISSING_CENTRAL: TTZ2E1Mu/Central/bjets/3/energy in Skim_TriLep_VBFHToZZTo4L.root
2026-04-12 20:47:24,636 - INFO - [2022] MISSING_CENTRAL: TTZ2E1Mu/Central/bjets/3/energy in Skim_TriLep_ggHToZZTo4L.root
2026-04-12 21:18:59,121 - INFO - [2022] MISSING_CENTRAL: TTZ2E1Mu/Central/bjets/3/energy in Skim_TriLep_MuonEG_D.root
2026-04-12 21:18:59,153 - INFO - [2022] MISSING_CENTRAL: TTZ2E1Mu/Central/bjets/3/energy in Skim_TriLep_MuonEG_D.root
2026-04-12 21:18:59,153 - INFO - [2022] MISSING_CENTRAL: TTZ2E1Mu/Central/bjets/3/energy in Skim_TriLep_DYJets.root
2026-04-12 21:18:59,154 - INFO - [2022] MISSING_CENTRAL: TTZ2E1Mu/Central/bjets/3/energy in Skim_TriLep_DYJets10to50.root
2026-04-12 21:18:59,154 - INFO - [2022] MISSING_CENTRAL: TTZ2E1Mu/Central/bjets/3/energy in Skim_TriLep_TTG_PTG10to100.root
2026-04-12 21:18:59,155 - INFO - [2022] MISSING_CENTRAL: TTZ2E1Mu/Central/bjets/3/energy in Skim_TriLep_TTG_PTG100to200.root
2026-04-12 21:18:59,156 - INFO - [2022] MISSING_CENTRAL: TTZ2E1Mu/Central/bjets/3/energy in Skim_TriLep_TTG_PTG200toInf.root
2026-04-12 21:18:59,157 - INFO - [2022] MISSING_CENTRAL: TTZ2E1Mu/Central/bjets/3/energy in Skim_TriLep_TTWToLNu.root
2026-04-12 21:18:59,158 - INFO - [2022] MISSING_CENTRAL: TTZ2E1Mu/Central/bjets/3/energy in Skim_TriLep_TTZ_M4to50.root
2026-04-12 21:18:59,212 - INFO - [2022] MISSING_CENTRAL: TTZ2E1Mu/Central/bjets/3/energy in Skim_TriLep_WZTo3LNu_powheg.root
2026-04-12 21:18:59,212 - INFO - [2022] MISSING_CENTRAL: TTZ2E1Mu/Central/bjets/3/energy in Skim_TriLep_ZZTo4L_powheg.root
2026-04-12 21:18:59,227 - INFO - [2022] MISSING_CENTRAL: TTZ2E1Mu/Central/bjets/3/energy in Skim_TriLep_WWW.root
2026-04-12 21:18:59,228 - INFO - [2022] MISSING_CENTRAL: TTZ2E1Mu/Central/bjets/3/energy in Skim_TriLep_WWZ.root
2026-04-12 21:18:59,228 - INFO - [2022] MISSING_CENTRAL: TTZ2E1Mu/Central/bjets/3/energy in Skim_TriLep_WZZ.root
2026-04-12 21:18:59,229 - INFO - [2022] MISSING_CENTRAL: TTZ2E1Mu/Central/bjets/3/energy in Skim_TriLep_ZZZ.root
2026-04-12 21:18:59,243 - INFO - [2022] MISSING_CENTRAL: TTZ2E1Mu/Central/bjets/3/energy in Skim_TriLep_VBFHToZZTo4L.root
2026-04-12 21:18:59,244 - INFO - [2022] MISSING_CENTRAL: TTZ2E1Mu/Central/bjets/3/energy in Skim_TriLep_ggHToZZTo4L.root
2026-04-13 12:56:41,290 - INFO - [2022] MISSING_CENTRAL: TTZ2E1Mu/Central/bjets/3/energy in Skim_TriLep_MuonEG_D.root
2026-04-13 12:56:41,317 - INFO - [2022] MISSING_CENTRAL: TTZ2E1Mu/Central/bjets/3/energy in Skim_TriLep_MuonEG_D.root
2026-04-13 12:56:41,318 - INFO - [2022] MISSING_CENTRAL: TTZ2E1Mu/Central/bjets/3/energy in Skim_TriLep_DYJets.root
2026-04-13 12:56:41,318 - INFO - [2022] MISSING_CENTRAL: TTZ2E1Mu/Central/bjets/3/energy in Skim_TriLep_DYJets10to50.root
2026-04-13 12:56:41,319 - INFO - [2022] MISSING_CENTRAL: TTZ2E1Mu/Central/bjets/3/energy in Skim_TriLep_TTG_PTG10to100.root
2026-04-13 12:56:41,319 - INFO - [2022] MISSING_CENTRAL: TTZ2E1Mu/Central/bjets/3/energy in Skim_TriLep_TTG_PTG100to200.root
2026-04-13 12:56:41,320 - INFO - [2022] MISSING_CENTRAL: TTZ2E1Mu/Central/bjets/3/energy in Skim_TriLep_TTG_PTG200toInf.root
2026-04-13 12:56:41,321 - INFO - [2022] MISSING_CENTRAL: TTZ2E1Mu/Central/bjets/3/energy in Skim_TriLep_TTWToLNu.root
2026-04-13 12:56:41,322 - INFO - [2022] MISSING_CENTRAL: TTZ2E1Mu/Central/bjets/3/energy in Skim_TriLep_TTZ_M4to50.root
2026-04-13 12:56:41,379 - INFO - [2022] MISSING_CENTRAL: TTZ2E1Mu/Central/bjets/3/energy in Skim_TriLep_WZTo3LNu_powheg.root
2026-04-13 12:56:41,379 - INFO - [2022] MISSING_CENTRAL: TTZ2E1Mu/Central/bjets/3/energy in Skim_TriLep_ZZTo4L_powheg.root
2026-04-13 12:56:41,399 - INFO - [2022] MISSING_CENTRAL: TTZ2E1Mu/Central/bjets/3/energy in Skim_TriLep_WWW.root
2026-04-13 12:56:41,400 - INFO - [2022] MISSING_CENTRAL: TTZ2E1Mu/Central/bjets/3/energy in Skim_TriLep_WWZ.root
2026-04-13 12:56:41,400 - INFO - [2022] MISSING_CENTRAL: TTZ2E1Mu/Central/bjets/3/energy in Skim_TriLep_WZZ.root
2026-04-13 12:56:41,401 - INFO - [2022] MISSING_CENTRAL: TTZ2E1Mu/Central/bjets/3/energy in Skim_TriLep_ZZZ.root
2026-04-13 12:56:41,422 - INFO - [2022] MISSING_CENTRAL: TTZ2E1Mu/Central/bjets/3/energy in Skim_TriLep_VBFHToZZTo4L.root
2026-04-13 12:56:41,423 - INFO - [2022] MISSING_CENTRAL: TTZ2E1Mu/Central/bjets/3/energy in Skim_TriLep_ggHToZZTo4L.root
2026-04-16 17:39:12,679 - INFO - [2022] MISSING_CENTRAL: TTZ2E1Mu/Central/bjets/3/energy in Skim_TriLep_MuonEG_D.root
2026-04-16 17:39:12,707 - INFO - [2022] MISSING_CENTRAL: TTZ2E1Mu/Central/bjets/3/energy in Skim_TriLep_MuonEG_D.root
2026-04-16 17:39:12,707 - INFO - [2022] MISSING_CENTRAL: TTZ2E1Mu/Central/bjets/3/energy in Skim_TriLep_DYJets.root
2026-04-16 17:39:12,708 - INFO - [2022] MISSING_CENTRAL: TTZ2E1Mu/Central/bjets/3/energy in Skim_TriLep_DYJets10to50.root
2026-04-16 17:39:12,708 - INFO - [2022] MISSING_CENTRAL: TTZ2E1Mu/Central/bjets/3/energy in Skim_TriLep_TTG_PTG10to100.root
2026-04-16 17:39:12,709 - INFO - [2022] MISSING_CENTRAL: TTZ2E1Mu/Central/bjets/3/energy in Skim_TriLep_TTG_PTG100to200.root
2026-04-16 17:39:12,709 - INFO - [2022] MISSING_CENTRAL: TTZ2E1Mu/Central/bjets/3/energy in Skim_TriLep_TTG_PTG200toInf.root
2026-04-16 17:39:12,711 - INFO - [2022] MISSING_CENTRAL: TTZ2E1Mu/Central/bjets/3/energy in Skim_TriLep_TTWToLNu.root
2026-04-16 17:39:12,712 - INFO - [2022] MISSING_CENTRAL: TTZ2E1Mu/Central/bjets/3/energy in Skim_TriLep_TTZ_M4to50.root
2026-04-16 17:39:12,786 - INFO - [2022] MISSING_CENTRAL: TTZ2E1Mu/Central/bjets/3/energy in Skim_TriLep_WZTo3LNu_powheg.root
2026-04-16 17:39:12,787 - INFO - [2022] MISSING_CENTRAL: TTZ2E1Mu/Central/bjets/3/energy in Skim_TriLep_ZZTo4L_powheg.root
2026-04-16 17:39:12,807 - INFO - [2022] MISSING_CENTRAL: TTZ2E1Mu/Central/bjets/3/energy in Skim_TriLep_WWW.root
2026-04-16 17:39:12,808 - INFO - [2022] MISSING_CENTRAL: TTZ2E1Mu/Central/bjets/3/energy in Skim_TriLep_WWZ.root
2026-04-16 17:39:12,809 - INFO - [2022] MISSING_CENTRAL: TTZ2E1Mu/Central/bjets/3/energy in Skim_TriLep_WZZ.root
2026-04-16 17:39:12,810 - INFO - [2022] MISSING_CENTRAL: TTZ2E1Mu/Central/bjets/3/energy in Skim_TriLep_ZZZ.root
2026-04-16 17:39:12,832 - INFO - [2022] MISSING_CENTRAL: TTZ2E1Mu/Central/bjets/3/energy in Skim_TriLep_VBFHToZZTo4L.root
2026-04-16 17:39:12,833 - INFO - [2022] MISSING_CENTRAL: TTZ2E1Mu/Central/bjets/3/energy in Skim_TriLep_ggHToZZTo4L.root
2026-05-04 17:08:44,381 - INFO - [2022] MISSING_CENTRAL: TTZ2E1Mu/Central/bjets/3/energy in Skim_TriLep_MuonEG_D.root
2026-05-04 17:08:44,409 - INFO - [2022] MISSING_CENTRAL: TTZ2E1Mu/Central/bjets/3/energy in Skim_TriLep_MuonEG_D.root
2026-05-04 17:08:44,409 - INFO - [2022] MISSING_CENTRAL: TTZ2E1Mu/Central/bjets/3/energy in Skim_TriLep_DYJets.root
2026-05-04 17:08:44,410 - INFO - [2022] MISSING_CENTRAL: TTZ2E1Mu/Central/bjets/3/energy in Skim_TriLep_DYJets10to50.root
2026-05-04 17:08:44,410 - INFO - [2022] MISSING_CENTRAL: TTZ2E1Mu/Central/bjets/3/energy in Skim_TriLep_TTG_PTG10to100.root
2026-05-04 17:08:44,411 - INFO - [2022] MISSING_CENTRAL: TTZ2E1Mu/Central/bjets/3/energy in Skim_TriLep_TTG_PTG100to200.root
2026-05-04 17:08:44,412 - INFO - [2022] MISSING_CENTRAL: TTZ2E1Mu/Central/bjets/3/energy in Skim_TriLep_TTG_PTG200toInf.root
2026-05-04 17:08:44,413 - INFO - [2022] MISSING_CENTRAL: TTZ2E1Mu/Central/bjets/3/energy in Skim_TriLep_TTWToLNu.root
2026-05-04 17:08:44,414 - INFO - [2022] MISSING_CENTRAL: TTZ2E1Mu/Central/bjets/3/energy in Skim_TriLep_TTZ_M4to50.root
2026-05-04 17:08:44,484 - INFO - [2022] MISSING_CENTRAL: TTZ2E1Mu/Central/bjets/3/energy in Skim_TriLep_WZTo3LNu_powheg.root
2026-05-04 17:08:44,484 - INFO - [2022] MISSING_CENTRAL: TTZ2E1Mu/Central/bjets/3/energy in Skim_TriLep_ZZTo4L_powheg.root
2026-05-04 17:08:44,505 - INFO - [2022] MISSING_CENTRAL: TTZ2E1Mu/Central/bjets/3/energy in Skim_TriLep_WWW.root
2026-05-04 17:08:44,506 - INFO - [2022] MISSING_CENTRAL: TTZ2E1Mu/Central/bjets/3/energy in Skim_TriLep_WWZ.root
2026-05-04 17:08:44,506 - INFO - [2022] MISSING_CENTRAL: TTZ2E1Mu/Central/bjets/3/energy in Skim_TriLep_WZZ.root
2026-05-04 17:08:44,507 - INFO - [2022] MISSING_CENTRAL: TTZ2E1Mu/Central/bjets/3/energy in Skim_TriLep_ZZZ.root
2026-05-04 17:08:44,529 - INFO - [2022] MISSING_CENTRAL: TTZ2E1Mu/Central/bjets/3/energy in Skim_TriLep_VBFHToZZTo4L.root
2026-05-04 17:08:44,530 - INFO - [2022] MISSING_CENTRAL: TTZ2E1Mu/Central/bjets/3/energy in Skim_TriLep_ggHToZZTo4L.root
2026-05-28 15:45:32,357 - INFO - [2022] MISSING_CENTRAL: TTZ2E1Mu/Central/bjets/3/energy in Skim_TriLep_MuonEG_D.root
2026-05-28 15:45:32,393 - INFO - [2022] MISSING_CENTRAL: TTZ2E1Mu/Central/bjets/3/energy in Skim_TriLep_MuonEG_D.root
2026-05-28 15:45:32,394 - INFO - [2022] MISSING_CENTRAL: TTZ2E1Mu/Central/bjets/3/energy in Skim_TriLep_DYJets.root
2026-05-28 15:45:32,395 - INFO - [2022] MISSING_CENTRAL: TTZ2E1Mu/Central/bjets/3/energy in Skim_TriLep_DYJets10to50.root
2026-05-28 15:45:32,396 - INFO - [2022] MISSING_CENTRAL: TTZ2E1Mu/Central/bjets/3/energy in Skim_TriLep_TTG_PTG10to100.root
2026-05-28 15:45:32,397 - INFO - [2022] MISSING_CENTRAL: TTZ2E1Mu/Central/bjets/3/energy in Skim_TriLep_TTG_PTG100to200.root
2026-05-28 15:45:32,398 - INFO - [2022] MISSING_CENTRAL: TTZ2E1Mu/Central/bjets/3/energy in Skim_TriLep_TTG_PTG200toInf.root
2026-05-28 15:45:32,401 - INFO - [2022] MISSING_CENTRAL: TTZ2E1Mu/Central/bjets/3/energy in Skim_TriLep_TTWToLNu.root
2026-05-28 15:45:32,402 - INFO - [2022] MISSING_CENTRAL: TTZ2E1Mu/Central/bjets/3/energy in Skim_TriLep_TTZ_M4to50.root
2026-05-28 15:45:32,520 - INFO - [2022] MISSING_CENTRAL: TTZ2E1Mu/Central/bjets/3/energy in Skim_TriLep_WZTo3LNu_powheg.root
2026-05-28 15:45:32,521 - INFO - [2022] MISSING_CENTRAL: TTZ2E1Mu/Central/bjets/3/energy in Skim_TriLep_ZZTo4L_powheg.root
2026-05-28 15:45:32,556 - INFO - [2022] MISSING_CENTRAL: TTZ2E1Mu/Central/bjets/3/energy in Skim_TriLep_WWW.root
2026-05-28 15:45:32,557 - INFO - [2022] MISSING_CENTRAL: TTZ2E1Mu/Central/bjets/3/energy in Skim_TriLep_WWZ.root
2026-05-28 15:45:32,558 - INFO - [2022] MISSING_CENTRAL: TTZ2E1Mu/Central/bjets/3/energy in Skim_TriLep_WZZ.root
2026-05-28 15:45:32,560 - INFO - [2022] MISSING_CENTRAL: TTZ2E1Mu/Central/bjets/3/energy in Skim_TriLep_ZZZ.root
2026-05-28 15:45:32,597 - INFO - [2022] MISSING_CENTRAL: TTZ2E1Mu/Central/bjets/3/energy in Skim_TriLep_VBFHToZZTo4L.root
2026-05-28 15:45:32,599 - INFO - [2022] MISSING_CENTRAL: TTZ2E1Mu/Central/bjets/3/energy in Skim_TriLep_ggHToZZTo4L.root
2026-05-29 15:36:30,049 - INFO - [2022] MISSING_CENTRAL: TTZ2E1Mu/Central/bjets/3/energy in Skim_TriLep_MuonEG_D.root
2026-05-29 15:36:30,076 - INFO - [2022] MISSING_CENTRAL: TTZ2E1Mu/Central/bjets/3/energy in Skim_TriLep_MuonEG_D.root
2026-05-29 15:36:30,077 - INFO - [2022] MISSING_CENTRAL: TTZ2E1Mu/Central/bjets/3/energy in Skim_TriLep_DYJets.root
2026-05-29 15:36:30,077 - INFO - [2022] MISSING_CENTRAL: TTZ2E1Mu/Central/bjets/3/energy in Skim_TriLep_DYJets10to50.root
2026-05-29 15:36:30,078 - INFO - [2022] MISSING_CENTRAL: TTZ2E1Mu/Central/bjets/3/energy in Skim_TriLep_TTG_PTG10to100.root
2026-05-29 15:36:30,079 - INFO - [2022] MISSING_CENTRAL: TTZ2E1Mu/Central/bjets/3/energy in Skim_TriLep_TTG_PTG100to200.root
2026-05-29 15:36:30,079 - INFO - [2022] MISSING_CENTRAL: TTZ2E1Mu/Central/bjets/3/energy in Skim_TriLep_TTG_PTG200toInf.root
2026-05-29 15:36:30,081 - INFO - [2022] MISSING_CENTRAL: TTZ2E1Mu/Central/bjets/3/energy in Skim_TriLep_TTWToLNu.root
2026-05-29 15:36:30,081 - INFO - [2022] MISSING_CENTRAL: TTZ2E1Mu/Central/bjets/3/energy in Skim_TriLep_TTZ_M4to50.root
2026-05-29 15:36:30,153 - INFO - [2022] MISSING_CENTRAL: TTZ2E1Mu/Central/bjets/3/energy in Skim_TriLep_WZTo3LNu_powheg.root
2026-05-29 15:36:30,154 - INFO - [2022] MISSING_CENTRAL: TTZ2E1Mu/Central/bjets/3/energy in Skim_TriLep_ZZTo4L_powheg.root
2026-05-29 15:36:30,173 - INFO - [2022] MISSING_CENTRAL: TTZ2E1Mu/Central/bjets/3/energy in Skim_TriLep_WWW.root
2026-05-29 15:36:30,174 - INFO - [2022] MISSING_CENTRAL: TTZ2E1Mu/Central/bjets/3/energy in Skim_TriLep_WWZ.root
2026-05-29 15:36:30,174 - INFO - [2022] MISSING_CENTRAL: TTZ2E1Mu/Central/bjets/3/energy in Skim_TriLep_WZZ.root
2026-05-29 15:36:30,175 - INFO - [2022] MISSING_CENTRAL: TTZ2E1Mu/Central/bjets/3/energy in Skim_TriLep_ZZZ.root
2026-05-29 15:36:30,196 - INFO - [2022] MISSING_CENTRAL: TTZ2E1Mu/Central/bjets/3/energy in Skim_TriLep_VBFHToZZTo4L.root
2026-05-29 15:36:30,196 - INFO - [2022] MISSING_CENTRAL: TTZ2E1Mu/Central/bjets/3/energy in Skim_TriLep_ggHToZZTo4L.root
2026-05-29 18:27:46,922 - INFO - [2022] MISSING_CENTRAL: TTZ2E1Mu/Central/bjets/3/energy in Skim_TriLep_MuonEG_D.root
2026-05-29 18:27:46,950 - INFO - [2022] MISSING_CENTRAL: TTZ2E1Mu/Central/bjets/3/energy in Skim_TriLep_MuonEG_D.root
2026-05-29 18:27:46,951 - INFO - [2022] MISSING_CENTRAL: TTZ2E1Mu/Central/bjets/3/energy in Skim_TriLep_DYJets.root
2026-05-29 18:27:46,952 - INFO - [2022] MISSING_CENTRAL: TTZ2E1Mu/Central/bjets/3/energy in Skim_TriLep_DYJets10to50.root
2026-05-29 18:27:46,952 - INFO - [2022] MISSING_CENTRAL: TTZ2E1Mu/Central/bjets/3/energy in Skim_TriLep_TTG_PTG10to100.root
2026-05-29 18:27:46,953 - INFO - [2022] MISSING_CENTRAL: TTZ2E1Mu/Central/bjets/3/energy in Skim_TriLep_TTG_PTG100to200.root
2026-05-29 18:27:46,953 - INFO - [2022] MISSING_CENTRAL: TTZ2E1Mu/Central/bjets/3/energy in Skim_TriLep_TTG_PTG200toInf.root
2026-05-29 18:27:46,955 - INFO - [2022] MISSING_CENTRAL: TTZ2E1Mu/Central/bjets/3/energy in Skim_TriLep_TTWToLNu.root
2026-05-29 18:27:46,956 - INFO - [2022] MISSING_CENTRAL: TTZ2E1Mu/Central/bjets/3/energy in Skim_TriLep_TTZ_M4to50.root
2026-05-29 18:27:47,023 - INFO - [2022] MISSING_CENTRAL: TTZ2E1Mu/Central/bjets/3/energy in Skim_TriLep_WZTo3LNu_powheg.root
2026-05-29 18:27:47,024 - INFO - [2022] MISSING_CENTRAL: TTZ2E1Mu/Central/bjets/3/energy in Skim_TriLep_ZZTo4L_powheg.root
2026-05-29 18:27:47,045 - INFO - [2022] MISSING_CENTRAL: TTZ2E1Mu/Central/bjets/3/energy in Skim_TriLep_WWW.root
2026-05-29 18:27:47,045 - INFO - [2022] MISSING_CENTRAL: TTZ2E1Mu/Central/bjets/3/energy in Skim_TriLep_WWZ.root
2026-05-29 18:27:47,046 - INFO - [2022] MISSING_CENTRAL: TTZ2E1Mu/Central/bjets/3/energy in Skim_TriLep_WZZ.root
2026-05-29 18:27:47,047 - INFO - [2022] MISSING_CENTRAL: TTZ2E1Mu/Central/bjets/3/energy in Skim_TriLep_ZZZ.root
2026-05-29 18:27:47,070 - INFO - [2022] MISSING_CENTRAL: TTZ2E1Mu/Central/bjets/3/energy in Skim_TriLep_VBFHToZZTo4L.root
2026-05-29 18:27:47,070 - INFO - [2022] MISSING_CENTRAL: TTZ2E1Mu/Central/bjets/3/energy in Skim_TriLep_ggHToZZTo4L.root
2026-06-12 14:07:13,422 - INFO - [2022] MISSING_CENTRAL: TTZ2E1Mu/Central/bjets/3/energy in Skim_TriLep_MuonEG_D.root
2026-06-12 14:07:13,450 - INFO - [2022] MISSING_CENTRAL: TTZ2E1Mu/Central/bjets/3/energy in Skim_TriLep_MuonEG_D.root
2026-06-12 14:07:13,450 - INFO - [2022] MISSING_CENTRAL: TTZ2E1Mu/Central/bjets/3/energy in Skim_TriLep_DYJets.root
2026-06-12 14:07:13,451 - INFO - [2022] MISSING_CENTRAL: TTZ2E1Mu/Central/bjets/3/energy in Skim_TriLep_DYJets10to50.root
2026-06-12 14:07:13,451 - INFO - [2022] MISSING_CENTRAL: TTZ2E1Mu/Central/bjets/3/energy in Skim_TriLep_TTG_PTG10to100.root
2026-06-12 14:07:13,452 - INFO - [2022] MISSING_CENTRAL: TTZ2E1Mu/Central/bjets/3/energy in Skim_TriLep_TTG_PTG100to200.root
2026-06-12 14:07:13,452 - INFO - [2022] MISSING_CENTRAL: TTZ2E1Mu/Central/bjets/3/energy in Skim_TriLep_TTG_PTG200toInf.root
2026-06-12 14:07:13,454 - INFO - [2022] MISSING_CENTRAL: TTZ2E1Mu/Central/bjets/3/energy in Skim_TriLep_TTWToLNu.root
2026-06-12 14:07:13,455 - INFO - [2022] MISSING_CENTRAL: TTZ2E1Mu/Central/bjets/3/energy in Skim_TriLep_TTZ_M4to50.root
2026-06-12 14:07:13,525 - INFO - [2022] MISSING_CENTRAL: TTZ2E1Mu/Central/bjets/3/energy in Skim_TriLep_WZTo3LNu_powheg.root
2026-06-12 14:07:13,526 - INFO - [2022] MISSING_CENTRAL: TTZ2E1Mu/Central/bjets/3/energy in Skim_TriLep_ZZTo4L_powheg.root
2026-06-12 14:07:13,546 - INFO - [2022] MISSING_CENTRAL: TTZ2E1Mu/Central/bjets/3/energy in Skim_TriLep_WWW.root
2026-06-12 14:07:13,546 - INFO - [2022] MISSING_CENTRAL: TTZ2E1Mu/Central/bjets/3/energy in Skim_TriLep_WWZ.root
2026-06-12 14:07:13,547 - INFO - [2022] MISSING_CENTRAL: TTZ2E1Mu/Central/bjets/3/energy in Skim_TriLep_WZZ.root
2026-06-12 14:07:13,547 - INFO - [2022] MISSING_CENTRAL: TTZ2E1Mu/Central/bjets/3/energy in Skim_TriLep_ZZZ.root
2026-06-12 14:07:13,568 - INFO - [2022] MISSING_CENTRAL: TTZ2E1Mu/Central/bjets/3/energy in Skim_TriLep_VBFHToZZTo4L.root
2026-06-12 14:07:13,569 - INFO - [2022] MISSING_CENTRAL: TTZ2E1Mu/Central/bjets/3/energy in Skim_TriLep_ggHToZZTo4L.root
2026-06-12 14:29:46,635 - INFO - [2022] MISSING_CENTRAL: TTZ2E1Mu/Central/bjets/3/energy in Skim_TriLep_MuonEG_D.root
2026-06-12 14:29:46,661 - INFO - [2022] MISSING_CENTRAL: TTZ2E1Mu/Central/bjets/3/energy in Skim_TriLep_MuonEG_D.root
2026-06-12 14:29:46,662 - INFO - [2022] MISSING_CENTRAL: TTZ2E1Mu/Central/bjets/3/energy in Skim_TriLep_DYJets.root
2026-06-12 14:29:46,662 - INFO - [2022] MISSING_CENTRAL: TTZ2E1Mu/Central/bjets/3/energy in Skim_TriLep_DYJets10to50.root
2026-06-12 14:29:46,663 - INFO - [2022] MISSING_CENTRAL: TTZ2E1Mu/Central/bjets/3/energy in Skim_TriLep_TTG_PTG10to100.root
2026-06-12 14:29:46,664 - INFO - [2022] MISSING_CENTRAL: TTZ2E1Mu/Central/bjets/3/energy in Skim_TriLep_TTG_PTG100to200.root
2026-06-12 14:29:46,664 - INFO - [2022] MISSING_CENTRAL: TTZ2E1Mu/Central/bjets/3/energy in Skim_TriLep_TTG_PTG200toInf.root
2026-06-12 14:29:46,666 - INFO - [2022] MISSING_CENTRAL: TTZ2E1Mu/Central/bjets/3/energy in Skim_TriLep_TTWToLNu.root
2026-06-12 14:29:46,666 - INFO - [2022] MISSING_CENTRAL: TTZ2E1Mu/Central/bjets/3/energy in Skim_TriLep_TTZ_M4to50.root
2026-06-12 14:29:46,733 - INFO - [2022] MISSING_CENTRAL: TTZ2E1Mu/Central/bjets/3/energy in Skim_TriLep_WZTo3LNu_powheg.root
2026-06-12 14:29:46,734 - INFO - [2022] MISSING_CENTRAL: TTZ2E1Mu/Central/bjets/3/energy in Skim_TriLep_ZZTo4L_powheg.root
2026-06-12 14:29:46,753 - INFO - [2022] MISSING_CENTRAL: TTZ2E1Mu/Central/bjets/3/energy in Skim_TriLep_WWW.root
2026-06-12 14:29:46,754 - INFO - [2022] MISSING_CENTRAL: TTZ2E1Mu/Central/bjets/3/energy in Skim_TriLep_WWZ.root
2026-06-12 14:29:46,754 - INFO - [2022] MISSING_CENTRAL: TTZ2E1Mu/Central/bjets/3/energy in Skim_TriLep_WZZ.root
2026-06-12 14:29:46,755 - INFO - [2022] MISSING_CENTRAL: TTZ2E1Mu/Central/bjets/3/energy in Skim_TriLep_ZZZ.root
2026-06-12 14:29:46,776 - INFO - [2022] MISSING_CENTRAL: TTZ2E1Mu/Central/bjets/3/energy in Skim_TriLep_VBFHToZZTo4L.root
2026-06-12 14:29:46,777 - INFO - [2022] MISSING_CENTRAL: TTZ2E1Mu/Central/bjets/3/energy in Skim_TriLep_ggHToZZTo4L.root
2026-06-18 00:24:16,021 - INFO - [2022] MISSING_CENTRAL: TTZ2E1Mu/Central/bjets/3/energy in Skim_TriLep_MuonEG_D.root
2026-06-18 00:24:16,048 - INFO - [2022] MISSING_CENTRAL: TTZ2E1Mu/Central/bjets/3/energy in Skim_TriLep_MuonEG_D.root
2026-06-18 00:24:16,049 - INFO - [2022] MISSING_CENTRAL: TTZ2E1Mu/Central/bjets/3/energy in Skim_TriLep_DYJets.root
2026-06-18 00:24:16,049 - INFO - [2022] MISSING_CENTRAL: TTZ2E1Mu/Central/bjets/3/energy in Skim_TriLep_DYJets10to50.root
2026-06-18 00:24:16,050 - INFO - [2022] MISSING_CENTRAL: TTZ2E1Mu/Central/bjets/3/energy in Skim_TriLep_TTG_PTG10to100.root
2026-06-18 00:24:16,050 - INFO - [2022] MISSING_CENTRAL: TTZ2E1Mu/Central/bjets/3/energy in Skim_TriLep_TTG_PTG100to200.root
2026-06-18 00:24:16,051 - INFO - [2022] MISSING_CENTRAL: TTZ2E1Mu/Central/bjets/3/energy in Skim_TriLep_TTG_PTG200toInf.root
2026-06-18 00:24:16,053 - INFO - [2022] MISSING_CENTRAL: TTZ2E1Mu/Central/bjets/3/energy in Skim_TriLep_TTWToLNu.root
2026-06-18 00:24:16,053 - INFO - [2022] MISSING_CENTRAL: TTZ2E1Mu/Central/bjets/3/energy in Skim_TriLep_TTZ_M4to50.root
2026-06-18 00:24:16,122 - INFO - [2022] MISSING_CENTRAL: TTZ2E1Mu/Central/bjets/3/energy in Skim_TriLep_WZTo3LNu_powheg.root
2026-06-18 00:24:16,123 - INFO - [2022] MISSING_CENTRAL: TTZ2E1Mu/Central/bjets/3/energy in Skim_TriLep_ZZTo4L_powheg.root
2026-06-18 00:24:16,143 - INFO - [2022] MISSING_CENTRAL: TTZ2E1Mu/Central/bjets/3/energy in Skim_TriLep_WWW.root
2026-06-18 00:24:16,143 - INFO - [2022] MISSING_CENTRAL: TTZ2E1Mu/Central/bjets/3/energy in Skim_TriLep_WWZ.root
2026-06-18 00:24:16,144 - INFO - [2022] MISSING_CENTRAL: TTZ2E1Mu/Central/bjets/3/energy in Skim_TriLep_WZZ.root
2026-06-18 00:24:16,145 - INFO - [2022] MISSING_CENTRAL: TTZ2E1Mu/Central/bjets/3/energy in Skim_TriLep_ZZZ.root
2026-06-18 00:24:16,166 - INFO - [2022] MISSING_CENTRAL: TTZ2E1Mu/Central/bjets/3/energy in Skim_TriLep_VBFHToZZTo4L.root
2026-06-18 00:24:16,167 - INFO - [2022] MISSING_CENTRAL: TTZ2E1Mu/Central/bjets/3/energy in Skim_TriLep_ggHToZZTo4L.root
