2025-12-18 14:24:59,013 - INFO - [2022] MISSING_CENTRAL: TTZ2E1Mu/Central/jets/3/py in Skim_TriLep_DYJets.root
2025-12-18 14:24:59,014 - INFO - [2022] MISSING_CENTRAL: TTZ2E1Mu/Central/jets/3/py in Skim_TriLep_DYJets10to50.root
2025-12-18 14:24:59,091 - INFO - [2022] MISSING_CENTRAL: TTZ2E1Mu/Central/jets/3/py in Skim_TriLep_TTG_PTG200toInf.root
2025-12-18 14:24:59,467 - INFO - [2022] MISSING_CENTRAL: TTZ2E1Mu/Central/jets/3/py in Skim_TriLep_VBFHToZZTo4L.root
2025-12-18 14:40:18,822 - INFO - [2022] MISSING_CENTRAL: TTZ2E1Mu/Central/jets/3/py in Skim_TriLep_DYJets.root
2025-12-18 14:40:18,823 - INFO - [2022] MISSING_CENTRAL: TTZ2E1Mu/Central/jets/3/py in Skim_TriLep_DYJets10to50.root
2025-12-18 14:40:19,002 - INFO - [2022] MISSING_CENTRAL: TTZ2E1Mu/Central/jets/3/py in Skim_TriLep_TTG_PTG200toInf.root
2025-12-18 14:40:19,676 - INFO - [2022] MISSING_CENTRAL: TTZ2E1Mu/Central/jets/3/py in Skim_TriLep_VBFHToZZTo4L.root
2025-12-18 21:34:49,950 - INFO - [2022] MISSING_CENTRAL: TTZ2E1Mu/Central/jets/3/py in Skim_TriLep_DYJets.root
2025-12-18 21:34:49,951 - INFO - [2022] MISSING_CENTRAL: TTZ2E1Mu/Central/jets/3/py in Skim_TriLep_DYJets10to50.root
2025-12-18 21:34:50,010 - INFO - [2022] MISSING_CENTRAL: TTZ2E1Mu/Central/jets/3/py in Skim_TriLep_TTG_PTG200toInf.root
2025-12-18 21:34:50,423 - INFO - [2022] MISSING_CENTRAL: TTZ2E1Mu/Central/jets/3/py in Skim_TriLep_VBFHToZZTo4L.root
2025-12-18 23:43:45,858 - INFO - [2022] MISSING_CENTRAL: TTZ2E1Mu/Central/jets/3/py in Skim_TriLep_DYJets.root
2025-12-18 23:43:45,859 - INFO - [2022] MISSING_CENTRAL: TTZ2E1Mu/Central/jets/3/py in Skim_TriLep_DYJets10to50.root
2025-12-18 23:43:45,921 - INFO - [2022] MISSING_CENTRAL: TTZ2E1Mu/Central/jets/3/py in Skim_TriLep_TTG_PTG200toInf.root
2025-12-18 23:43:46,155 - INFO - [2022] MISSING_CENTRAL: TTZ2E1Mu/Central/jets/3/py in Skim_TriLep_VBFHToZZTo4L.root
2026-01-07 11:23:44,087 - INFO - [2022] MISSING_CENTRAL: TTZ2E1Mu/Central/jets/3/py in Skim_TriLep_DYJets.root
2026-01-07 11:23:44,089 - INFO - [2022] MISSING_CENTRAL: TTZ2E1Mu/Central/jets/3/py in Skim_TriLep_DYJets10to50.root
2026-01-07 11:23:44,149 - INFO - [2022] MISSING_CENTRAL: TTZ2E1Mu/Central/jets/3/py in Skim_TriLep_TTG_PTG200toInf.root
2026-01-07 11:23:44,526 - INFO - [2022] MISSING_CENTRAL: TTZ2E1Mu/Central/jets/3/py in Skim_TriLep_VBFHToZZTo4L.root
2026-01-07 11:49:43,722 - INFO - [2022] MISSING_CENTRAL: TTZ2E1Mu/Central/jets/3/py in Skim_TriLep_DYJets.root
2026-01-07 11:49:43,734 - INFO - [2022] MISSING_CENTRAL: TTZ2E1Mu/Central/jets/3/py in Skim_TriLep_DYJets10to50.root
2026-01-07 11:49:43,793 - INFO - [2022] MISSING_CENTRAL: TTZ2E1Mu/Central/jets/3/py in Skim_TriLep_TTG_PTG200toInf.root
2026-01-07 11:49:44,127 - INFO - [2022] MISSING_CENTRAL: TTZ2E1Mu/Central/jets/3/py in Skim_TriLep_VBFHToZZTo4L.root
2026-01-07 18:46:29,070 - INFO - [2022] MISSING_CENTRAL: TTZ2E1Mu/Central/jets/3/py in Skim_TriLep_DYJets.root
2026-01-07 18:46:29,071 - INFO - [2022] MISSING_CENTRAL: TTZ2E1Mu/Central/jets/3/py in Skim_TriLep_DYJets10to50.root
2026-01-07 18:46:29,129 - INFO - [2022] MISSING_CENTRAL: TTZ2E1Mu/Central/jets/3/py in Skim_TriLep_TTG_PTG200toInf.root
2026-01-07 18:46:29,469 - INFO - [2022] MISSING_CENTRAL: TTZ2E1Mu/Central/jets/3/py in Skim_TriLep_VBFHToZZTo4L.root
2026-01-09 12:20:50,253 - INFO - [2022] MISSING_CENTRAL: TTZ2E1Mu/Central/jets/3/py in Skim_TriLep_DYJets.root
2026-01-09 12:20:50,254 - INFO - [2022] MISSING_CENTRAL: TTZ2E1Mu/Central/jets/3/py in Skim_TriLep_DYJets10to50.root
2026-01-09 12:20:50,286 - INFO - [2022] MISSING_CENTRAL: TTZ2E1Mu/Central/jets/3/py in Skim_TriLep_TTG_PTG200toInf.root
2026-01-09 12:20:50,491 - INFO - [2022] MISSING_CENTRAL: TTZ2E1Mu/Central/jets/3/py in Skim_TriLep_VBFHToZZTo4L.root
2026-01-11 09:40:53,299 - INFO - [2022] MISSING_CENTRAL: TTZ2E1Mu/Central/jets/3/py in Skim_TriLep_DYJets.root
2026-01-11 09:40:53,300 - INFO - [2022] MISSING_CENTRAL: TTZ2E1Mu/Central/jets/3/py in Skim_TriLep_DYJets10to50.root
2026-01-11 09:40:53,333 - INFO - [2022] MISSING_CENTRAL: TTZ2E1Mu/Central/jets/3/py in Skim_TriLep_TTG_PTG200toInf.root
2026-01-11 09:40:53,534 - INFO - [2022] MISSING_CENTRAL: TTZ2E1Mu/Central/jets/3/py in Skim_TriLep_VBFHToZZTo4L.root
2026-01-12 13:49:35,863 - INFO - [2022] MISSING_CENTRAL: TTZ2E1Mu/Central/jets/3/py in Skim_TriLep_DYJets.root
2026-01-12 13:49:35,864 - INFO - [2022] MISSING_CENTRAL: TTZ2E1Mu/Central/jets/3/py in Skim_TriLep_DYJets10to50.root
2026-01-12 13:49:35,901 - INFO - [2022] MISSING_CENTRAL: TTZ2E1Mu/Central/jets/3/py in Skim_TriLep_TTG_PTG200toInf.root
2026-01-12 13:49:36,139 - INFO - [2022] MISSING_CENTRAL: TTZ2E1Mu/Central/jets/3/py in Skim_TriLep_VBFHToZZTo4L.root
2026-01-16 19:04:35,933 - INFO - [2022] MISSING_CENTRAL: TTZ2E1Mu/Central/jets/3/py in Skim_TriLep_DYJets.root
2026-01-16 19:04:35,934 - INFO - [2022] MISSING_CENTRAL: TTZ2E1Mu/Central/jets/3/py in Skim_TriLep_DYJets10to50.root
2026-01-16 19:04:35,968 - INFO - [2022] MISSING_CENTRAL: TTZ2E1Mu/Central/jets/3/py in Skim_TriLep_TTG_PTG200toInf.root
2026-01-16 19:04:36,172 - INFO - [2022] MISSING_CENTRAL: TTZ2E1Mu/Central/jets/3/py in Skim_TriLep_VBFHToZZTo4L.root
2026-01-28 17:02:51,642 - INFO - [2022] MISSING_CENTRAL: TTZ2E1Mu/Central/jets/3/py in Skim_TriLep_DYJets.root
2026-01-28 17:02:51,643 - INFO - [2022] MISSING_CENTRAL: TTZ2E1Mu/Central/jets/3/py in Skim_TriLep_DYJets10to50.root
2026-01-28 17:02:51,693 - INFO - [2022] MISSING_CENTRAL: TTZ2E1Mu/Central/jets/3/py in Skim_TriLep_TTG_PTG200toInf.root
2026-01-28 17:02:52,113 - INFO - [2022] MISSING_CENTRAL: TTZ2E1Mu/Central/jets/3/py in Skim_TriLep_VBFHToZZTo4L.root
2026-01-28 17:23:37,617 - INFO - [2022] MISSING_CENTRAL: TTZ2E1Mu/Central/jets/3/py in Skim_TriLep_DYJets.root
2026-01-28 17:23:37,618 - INFO - [2022] MISSING_CENTRAL: TTZ2E1Mu/Central/jets/3/py in Skim_TriLep_DYJets10to50.root
2026-01-28 17:23:37,671 - INFO - [2022] MISSING_CENTRAL: TTZ2E1Mu/Central/jets/3/py in Skim_TriLep_TTG_PTG200toInf.root
2026-01-28 17:23:37,986 - INFO - [2022] MISSING_CENTRAL: TTZ2E1Mu/Central/jets/3/py in Skim_TriLep_VBFHToZZTo4L.root
2026-01-28 19:57:08,756 - INFO - [2022] MISSING_CENTRAL: TTZ2E1Mu/Central/jets/3/py in Skim_TriLep_DYJets.root
2026-01-28 19:57:08,757 - INFO - [2022] MISSING_CENTRAL: TTZ2E1Mu/Central/jets/3/py in Skim_TriLep_DYJets10to50.root
2026-01-28 19:57:08,808 - INFO - [2022] MISSING_CENTRAL: TTZ2E1Mu/Central/jets/3/py in Skim_TriLep_TTG_PTG200toInf.root
2026-01-28 19:57:09,119 - INFO - [2022] MISSING_CENTRAL: TTZ2E1Mu/Central/jets/3/py in Skim_TriLep_VBFHToZZTo4L.root
2026-01-29 07:14:12,645 - INFO - [2022] MISSING_CENTRAL: TTZ2E1Mu/Central/jets/3/py in Skim_TriLep_DYJets.root
2026-01-29 07:14:12,646 - INFO - [2022] MISSING_CENTRAL: TTZ2E1Mu/Central/jets/3/py in Skim_TriLep_DYJets10to50.root
2026-01-29 07:14:12,680 - INFO - [2022] MISSING_CENTRAL: TTZ2E1Mu/Central/jets/3/py in Skim_TriLep_TTG_PTG200toInf.root
2026-01-29 07:14:12,887 - INFO - [2022] MISSING_CENTRAL: TTZ2E1Mu/Central/jets/3/py in Skim_TriLep_VBFHToZZTo4L.root
2026-03-06 09:41:42,600 - INFO - [2022] MISSING_CENTRAL: TTZ2E1Mu/Central/jets/3/py in Skim_TriLep_DYJets.root
2026-03-06 09:41:42,601 - INFO - [2022] MISSING_CENTRAL: TTZ2E1Mu/Central/jets/3/py in Skim_TriLep_DYJets10to50.root
2026-03-06 09:41:42,620 - INFO - [2022] MISSING_CENTRAL: TTZ2E1Mu/Central/jets/3/py in Skim_TriLep_TTG_PTG100to200.root
2026-03-06 09:41:42,621 - INFO - [2022] MISSING_CENTRAL: TTZ2E1Mu/Central/jets/3/py in Skim_TriLep_TTG_PTG200toInf.root
2026-03-06 09:41:42,833 - INFO - [2022] MISSING_CENTRAL: TTZ2E1Mu/Central/jets/3/py in Skim_TriLep_VBFHToZZTo4L.root
2026-03-06 19:47:29,642 - INFO - [2022] MISSING_CENTRAL: TTZ2E1Mu/Central/jets/3/py in Skim_TriLep_DYJets.root
2026-03-06 19:47:29,645 - INFO - [2022] MISSING_CENTRAL: TTZ2E1Mu/Central/jets/3/py in Skim_TriLep_DYJets10to50.root
2026-03-06 19:47:29,676 - INFO - [2022] MISSING_CENTRAL: TTZ2E1Mu/Central/jets/3/py in Skim_TriLep_TTG_PTG100to200.root
2026-03-06 19:47:29,677 - INFO - [2022] MISSING_CENTRAL: TTZ2E1Mu/Central/jets/3/py in Skim_TriLep_TTG_PTG200toInf.root
2026-03-06 19:47:29,881 - INFO - [2022] MISSING_CENTRAL: TTZ2E1Mu/Central/jets/3/py in Skim_TriLep_VBFHToZZTo4L.root
2026-04-10 20:22:27,099 - INFO - [2022] MISSING_CENTRAL: TTZ2E1Mu/Central/jets/3/py in Skim_TriLep_DYJets.root
2026-04-10 20:22:27,100 - INFO - [2022] MISSING_CENTRAL: TTZ2E1Mu/Central/jets/3/py in Skim_TriLep_DYJets10to50.root
2026-04-10 20:22:27,121 - INFO - [2022] MISSING_CENTRAL: TTZ2E1Mu/Central/jets/3/py in Skim_TriLep_TTG_PTG100to200.root
2026-04-10 20:22:27,121 - INFO - [2022] MISSING_CENTRAL: TTZ2E1Mu/Central/jets/3/py in Skim_TriLep_TTG_PTG200toInf.root
2026-04-10 20:22:27,343 - INFO - [2022] MISSING_CENTRAL: TTZ2E1Mu/Central/jets/3/py in Skim_TriLep_VBFHToZZTo4L.root
2026-04-12 11:37:40,784 - INFO - [2022] MISSING_CENTRAL: TTZ2E1Mu/Central/jets/3/py in Skim_TriLep_DYJets.root
2026-04-12 11:37:40,785 - INFO - [2022] MISSING_CENTRAL: TTZ2E1Mu/Central/jets/3/py in Skim_TriLep_DYJets10to50.root
2026-04-12 11:37:40,802 - INFO - [2022] MISSING_CENTRAL: TTZ2E1Mu/Central/jets/3/py in Skim_TriLep_TTG_PTG100to200.root
2026-04-12 11:37:40,802 - INFO - [2022] MISSING_CENTRAL: TTZ2E1Mu/Central/jets/3/py in Skim_TriLep_TTG_PTG200toInf.root
2026-04-12 11:37:41,021 - INFO - [2022] MISSING_CENTRAL: TTZ2E1Mu/Central/jets/3/py in Skim_TriLep_VBFHToZZTo4L.root
2026-04-12 12:19:35,859 - INFO - [2022] MISSING_CENTRAL: TTZ2E1Mu/Central/jets/3/py in Skim_TriLep_DYJets.root
2026-04-12 12:19:35,859 - INFO - [2022] MISSING_CENTRAL: TTZ2E1Mu/Central/jets/3/py in Skim_TriLep_DYJets10to50.root
2026-04-12 12:19:35,879 - INFO - [2022] MISSING_CENTRAL: TTZ2E1Mu/Central/jets/3/py in Skim_TriLep_TTG_PTG100to200.root
2026-04-12 12:19:35,880 - INFO - [2022] MISSING_CENTRAL: TTZ2E1Mu/Central/jets/3/py in Skim_TriLep_TTG_PTG200toInf.root
2026-04-12 12:19:36,111 - INFO - [2022] MISSING_CENTRAL: TTZ2E1Mu/Central/jets/3/py in Skim_TriLep_VBFHToZZTo4L.root
2026-04-12 12:39:14,706 - INFO - [2022] MISSING_CENTRAL: TTZ2E1Mu/Central/jets/3/py in Skim_TriLep_DYJets.root
2026-04-12 12:39:14,706 - INFO - [2022] MISSING_CENTRAL: TTZ2E1Mu/Central/jets/3/py in Skim_TriLep_DYJets10to50.root
2026-04-12 12:39:14,727 - INFO - [2022] MISSING_CENTRAL: TTZ2E1Mu/Central/jets/3/py in Skim_TriLep_TTG_PTG100to200.root
2026-04-12 12:39:14,728 - INFO - [2022] MISSING_CENTRAL: TTZ2E1Mu/Central/jets/3/py in Skim_TriLep_TTG_PTG200toInf.root
2026-04-12 12:39:14,943 - INFO - [2022] MISSING_CENTRAL: TTZ2E1Mu/Central/jets/3/py in Skim_TriLep_VBFHToZZTo4L.root
2026-04-12 20:47:21,874 - INFO - [2022] MISSING_CENTRAL: TTZ2E1Mu/Central/jets/3/py in Skim_TriLep_DYJets.root
2026-04-12 20:47:21,875 - INFO - [2022] MISSING_CENTRAL: TTZ2E1Mu/Central/jets/3/py in Skim_TriLep_DYJets10to50.root
2026-04-12 20:47:21,899 - INFO - [2022] MISSING_CENTRAL: TTZ2E1Mu/Central/jets/3/py in Skim_TriLep_TTG_PTG100to200.root
2026-04-12 20:47:21,900 - INFO - [2022] MISSING_CENTRAL: TTZ2E1Mu/Central/jets/3/py in Skim_TriLep_TTG_PTG200toInf.root
2026-04-12 20:47:22,131 - INFO - [2022] MISSING_CENTRAL: TTZ2E1Mu/Central/jets/3/py in Skim_TriLep_VBFHToZZTo4L.root
2026-04-12 21:18:56,251 - INFO - [2022] MISSING_CENTRAL: TTZ2E1Mu/Central/jets/3/py in Skim_TriLep_DYJets.root
2026-04-12 21:18:56,252 - INFO - [2022] MISSING_CENTRAL: TTZ2E1Mu/Central/jets/3/py in Skim_TriLep_DYJets10to50.root
2026-04-12 21:18:56,273 - INFO - [2022] MISSING_CENTRAL: TTZ2E1Mu/Central/jets/3/py in Skim_TriLep_TTG_PTG100to200.root
2026-04-12 21:18:56,273 - INFO - [2022] MISSING_CENTRAL: TTZ2E1Mu/Central/jets/3/py in Skim_TriLep_TTG_PTG200toInf.root
2026-04-12 21:18:56,493 - INFO - [2022] MISSING_CENTRAL: TTZ2E1Mu/Central/jets/3/py in Skim_TriLep_VBFHToZZTo4L.root
2026-04-13 12:56:38,552 - INFO - [2022] MISSING_CENTRAL: TTZ2E1Mu/Central/jets/3/py in Skim_TriLep_DYJets.root
2026-04-13 12:56:38,553 - INFO - [2022] MISSING_CENTRAL: TTZ2E1Mu/Central/jets/3/py in Skim_TriLep_DYJets10to50.root
2026-04-13 12:56:38,576 - INFO - [2022] MISSING_CENTRAL: TTZ2E1Mu/Central/jets/3/py in Skim_TriLep_TTG_PTG100to200.root
2026-04-13 12:56:38,577 - INFO - [2022] MISSING_CENTRAL: TTZ2E1Mu/Central/jets/3/py in Skim_TriLep_TTG_PTG200toInf.root
2026-04-13 12:56:38,853 - INFO - [2022] MISSING_CENTRAL: TTZ2E1Mu/Central/jets/3/py in Skim_TriLep_VBFHToZZTo4L.root
2026-04-16 17:39:09,699 - INFO - [2022] MISSING_CENTRAL: TTZ2E1Mu/Central/jets/3/py in Skim_TriLep_DYJets.root
2026-04-16 17:39:09,700 - INFO - [2022] MISSING_CENTRAL: TTZ2E1Mu/Central/jets/3/py in Skim_TriLep_DYJets10to50.root
2026-04-16 17:39:09,724 - INFO - [2022] MISSING_CENTRAL: TTZ2E1Mu/Central/jets/3/py in Skim_TriLep_TTG_PTG100to200.root
2026-04-16 17:39:09,724 - INFO - [2022] MISSING_CENTRAL: TTZ2E1Mu/Central/jets/3/py in Skim_TriLep_TTG_PTG200toInf.root
2026-04-16 17:39:09,999 - INFO - [2022] MISSING_CENTRAL: TTZ2E1Mu/Central/jets/3/py in Skim_TriLep_VBFHToZZTo4L.root
2026-05-04 17:08:41,416 - INFO - [2022] MISSING_CENTRAL: TTZ2E1Mu/Central/jets/3/py in Skim_TriLep_DYJets.root
2026-05-04 17:08:41,417 - INFO - [2022] MISSING_CENTRAL: TTZ2E1Mu/Central/jets/3/py in Skim_TriLep_DYJets10to50.root
2026-05-04 17:08:41,442 - INFO - [2022] MISSING_CENTRAL: TTZ2E1Mu/Central/jets/3/py in Skim_TriLep_TTG_PTG100to200.root
2026-05-04 17:08:41,442 - INFO - [2022] MISSING_CENTRAL: TTZ2E1Mu/Central/jets/3/py in Skim_TriLep_TTG_PTG200toInf.root
2026-05-04 17:08:41,780 - INFO - [2022] MISSING_CENTRAL: TTZ2E1Mu/Central/jets/3/py in Skim_TriLep_VBFHToZZTo4L.root
2026-05-28 15:45:32,319 - INFO - [2022] MISSING_CENTRAL: TTZ2E1Mu/Central/jets/3/py in Skim_TriLep_DYJets.root
2026-05-28 15:45:32,320 - INFO - [2022] MISSING_CENTRAL: TTZ2E1Mu/Central/jets/3/py in Skim_TriLep_DYJets10to50.root
2026-05-28 15:45:32,357 - INFO - [2022] MISSING_CENTRAL: TTZ2E1Mu/Central/jets/3/py in Skim_TriLep_TTG_PTG100to200.root
2026-05-28 15:45:32,358 - INFO - [2022] MISSING_CENTRAL: TTZ2E1Mu/Central/jets/3/py in Skim_TriLep_TTG_PTG200toInf.root
2026-05-28 15:45:32,862 - INFO - [2022] MISSING_CENTRAL: TTZ2E1Mu/Central/jets/3/py in Skim_TriLep_VBFHToZZTo4L.root
