2025-09-24 16:05:18,340 - INFO - [2023BPix] MISSING_CENTRAL: ZG3Mu/Central/muons/1/pt in Skim_TriLep_DYJets10to50.root
2025-09-24 16:05:18,408 - INFO - [2023BPix] MISSING_CENTRAL: ZG3Mu/Central/muons/1/pt in Skim_TriLep_DYGTo2LG_MLL50_PTG200to400.root
2025-09-24 16:05:18,408 - INFO - [2023BPix] MISSING_CENTRAL: ZG3Mu/Central/muons/1/pt in Skim_TriLep_DYGTo2LG_MLL50_PTG400to600.root
2025-09-24 16:05:18,409 - INFO - [2023BPix] MISSING_CENTRAL: ZG3Mu/Central/muons/1/pt in Skim_TriLep_DYGTo2LG_MLL50_PTG600toInf.root
2025-09-24 16:05:18,409 - INFO - [2023BPix] MISSING_CENTRAL: ZG3Mu/Central/muons/1/pt in Skim_TriLep_TTG_PTG10to100.root
2025-09-24 16:05:18,409 - INFO - [2023BPix] MISSING_CENTRAL: ZG3Mu/Central/muons/1/pt in Skim_TriLep_TTG_PTG100to200.root
2025-09-24 16:05:18,409 - INFO - [2023BPix] MISSING_CENTRAL: ZG3Mu/Central/muons/1/pt in Skim_TriLep_TTG_PTG200toInf.root
2025-09-24 16:05:18,410 - INFO - [2023BPix] MISSING_CENTRAL: ZG3Mu/Central/muons/1/pt in Skim_TriLep_TTWToLNu.root
2025-09-24 16:05:18,474 - INFO - [2023BPix] MISSING_CENTRAL: ZG3Mu/Central/muons/1/pt in Skim_TriLep_tHq.root
2025-09-24 16:05:27,966 - INFO - [2023BPix] MISSING_CENTRAL: ZG3Mu/Central/muons/1/pt in Skim_TriLep_DYJets10to50.root
2025-09-24 16:05:27,968 - INFO - [2023BPix] MISSING_CENTRAL: ZG3Mu/Central/muons/1/pt in Skim_TriLep_DYGTo2LG_MLL50_PTG200to400.root
2025-09-24 16:05:27,968 - INFO - [2023BPix] MISSING_CENTRAL: ZG3Mu/Central/muons/1/pt in Skim_TriLep_DYGTo2LG_MLL50_PTG400to600.root
2025-09-24 16:05:27,969 - INFO - [2023BPix] MISSING_CENTRAL: ZG3Mu/Central/muons/1/pt in Skim_TriLep_DYGTo2LG_MLL50_PTG600toInf.root
2025-09-24 16:05:27,969 - INFO - [2023BPix] MISSING_CENTRAL: ZG3Mu/Central/muons/1/pt in Skim_TriLep_TTG_PTG10to100.root
2025-09-24 16:05:27,969 - INFO - [2023BPix] MISSING_CENTRAL: ZG3Mu/Central/muons/1/pt in Skim_TriLep_TTG_PTG100to200.root
2025-09-24 16:05:27,969 - INFO - [2023BPix] MISSING_CENTRAL: ZG3Mu/Central/muons/1/pt in Skim_TriLep_TTG_PTG200toInf.root
2025-09-24 16:05:27,969 - INFO - [2023BPix] MISSING_CENTRAL: ZG3Mu/Central/muons/1/pt in Skim_TriLep_TTWToLNu.root
2025-09-24 16:05:27,974 - INFO - [2023BPix] MISSING_CENTRAL: ZG3Mu/Central/muons/1/pt in Skim_TriLep_tHq.root
2025-10-02 21:22:24,086 - INFO - [2023BPix] MISSING_CENTRAL: ZG3Mu/Central/muons/1/pt in Skim_TriLep_DYJets10to50.root
2025-10-02 21:22:24,961 - INFO - [2023BPix] MISSING_CENTRAL: ZG3Mu/Central/muons/1/pt in Skim_TriLep_DYGTo2LG_MLL50_PTG200to400.root
2025-10-02 21:22:24,991 - INFO - [2023BPix] MISSING_CENTRAL: ZG3Mu/Central/muons/1/pt in Skim_TriLep_DYGTo2LG_MLL50_PTG400to600.root
2025-10-02 21:22:25,012 - INFO - [2023BPix] MISSING_CENTRAL: ZG3Mu/Central/muons/1/pt in Skim_TriLep_DYGTo2LG_MLL50_PTG600toInf.root
2025-10-02 21:22:25,023 - INFO - [2023BPix] MISSING_CENTRAL: ZG3Mu/Central/muons/1/pt in Skim_TriLep_TTG_PTG10to100.root
2025-10-02 21:22:25,053 - INFO - [2023BPix] MISSING_CENTRAL: ZG3Mu/Central/muons/1/pt in Skim_TriLep_TTG_PTG100to200.root
2025-10-02 21:22:25,055 - INFO - [2023BPix] MISSING_CENTRAL: ZG3Mu/Central/muons/1/pt in Skim_TriLep_TTG_PTG200toInf.root
2025-10-02 21:22:25,078 - INFO - [2023BPix] MISSING_CENTRAL: ZG3Mu/Central/muons/1/pt in Skim_TriLep_TTWToLNu.root
2025-10-02 21:22:25,886 - INFO - [2023BPix] MISSING_CENTRAL: ZG3Mu/Central/muons/1/pt in Skim_TriLep_tHq.root
2025-10-02 21:22:29,966 - INFO - [2023BPix] MISSING_CENTRAL: ZG3Mu/Central/muons/1/pt in Skim_TriLep_DYJets10to50.root
2025-10-02 21:22:29,971 - INFO - [2023BPix] MISSING_CENTRAL: ZG3Mu/Central/muons/1/pt in Skim_TriLep_DYGTo2LG_MLL50_PTG200to400.root
2025-10-02 21:22:29,972 - INFO - [2023BPix] MISSING_CENTRAL: ZG3Mu/Central/muons/1/pt in Skim_TriLep_DYGTo2LG_MLL50_PTG400to600.root
2025-10-02 21:22:29,972 - INFO - [2023BPix] MISSING_CENTRAL: ZG3Mu/Central/muons/1/pt in Skim_TriLep_DYGTo2LG_MLL50_PTG600toInf.root
2025-10-02 21:22:29,973 - INFO - [2023BPix] MISSING_CENTRAL: ZG3Mu/Central/muons/1/pt in Skim_TriLep_TTG_PTG10to100.root
2025-10-02 21:22:29,974 - INFO - [2023BPix] MISSING_CENTRAL: ZG3Mu/Central/muons/1/pt in Skim_TriLep_TTG_PTG100to200.root
2025-10-02 21:22:29,975 - INFO - [2023BPix] MISSING_CENTRAL: ZG3Mu/Central/muons/1/pt in Skim_TriLep_TTG_PTG200toInf.root
2025-10-02 21:22:29,976 - INFO - [2023BPix] MISSING_CENTRAL: ZG3Mu/Central/muons/1/pt in Skim_TriLep_TTWToLNu.root
2025-10-02 21:22:29,993 - INFO - [2023BPix] MISSING_CENTRAL: ZG3Mu/Central/muons/1/pt in Skim_TriLep_tHq.root
2025-10-03 00:36:01,963 - INFO - [2023BPix] MISSING_CENTRAL: ZG3Mu/Central/muons/1/pt in Skim_TriLep_DYJets10to50.root
2025-10-03 00:36:02,104 - INFO - [2023BPix] MISSING_CENTRAL: ZG3Mu/Central/muons/1/pt in Skim_TriLep_DYGTo2LG_MLL50_PTG200to400.root
2025-10-03 00:36:02,104 - INFO - [2023BPix] MISSING_CENTRAL: ZG3Mu/Central/muons/1/pt in Skim_TriLep_DYGTo2LG_MLL50_PTG400to600.root
2025-10-03 00:36:02,106 - INFO - [2023BPix] MISSING_CENTRAL: ZG3Mu/Central/muons/1/pt in Skim_TriLep_DYGTo2LG_MLL50_PTG600toInf.root
2025-10-03 00:36:02,106 - INFO - [2023BPix] MISSING_CENTRAL: ZG3Mu/Central/muons/1/pt in Skim_TriLep_TTG_PTG10to100.root
2025-10-03 00:36:02,107 - INFO - [2023BPix] MISSING_CENTRAL: ZG3Mu/Central/muons/1/pt in Skim_TriLep_TTG_PTG100to200.root
2025-10-03 00:36:02,108 - INFO - [2023BPix] MISSING_CENTRAL: ZG3Mu/Central/muons/1/pt in Skim_TriLep_TTG_PTG200toInf.root
2025-10-03 00:36:02,108 - INFO - [2023BPix] MISSING_CENTRAL: ZG3Mu/Central/muons/1/pt in Skim_TriLep_TTWToLNu.root
2025-10-03 00:36:02,261 - INFO - [2023BPix] MISSING_CENTRAL: ZG3Mu/Central/muons/1/pt in Skim_TriLep_tHq.root
2025-10-03 00:36:18,145 - INFO - [2023BPix] MISSING_CENTRAL: ZG3Mu/Central/muons/1/pt in Skim_TriLep_DYJets10to50.root
2025-10-03 00:36:18,151 - INFO - [2023BPix] MISSING_CENTRAL: ZG3Mu/Central/muons/1/pt in Skim_TriLep_DYGTo2LG_MLL50_PTG200to400.root
2025-10-03 00:36:18,151 - INFO - [2023BPix] MISSING_CENTRAL: ZG3Mu/Central/muons/1/pt in Skim_TriLep_DYGTo2LG_MLL50_PTG400to600.root
2025-10-03 00:36:18,152 - INFO - [2023BPix] MISSING_CENTRAL: ZG3Mu/Central/muons/1/pt in Skim_TriLep_DYGTo2LG_MLL50_PTG600toInf.root
2025-10-03 00:36:18,153 - INFO - [2023BPix] MISSING_CENTRAL: ZG3Mu/Central/muons/1/pt in Skim_TriLep_TTG_PTG10to100.root
2025-10-03 00:36:18,153 - INFO - [2023BPix] MISSING_CENTRAL: ZG3Mu/Central/muons/1/pt in Skim_TriLep_TTG_PTG100to200.root
2025-10-03 00:36:18,154 - INFO - [2023BPix] MISSING_CENTRAL: ZG3Mu/Central/muons/1/pt in Skim_TriLep_TTG_PTG200toInf.root
2025-10-03 00:36:18,156 - INFO - [2023BPix] MISSING_CENTRAL: ZG3Mu/Central/muons/1/pt in Skim_TriLep_TTWToLNu.root
2025-10-03 00:36:18,168 - INFO - [2023BPix] MISSING_CENTRAL: ZG3Mu/Central/muons/1/pt in Skim_TriLep_tHq.root
2025-11-07 13:13:19,106 - INFO - [2023BPix] MISSING_CENTRAL: ZG3Mu/Central/muons/1/pt in Skim_TriLep_DYJets10to50.root
2025-11-07 13:13:19,158 - INFO - [2023BPix] MISSING_CENTRAL: ZG3Mu/Central/muons/1/pt in Skim_TriLep_DYGTo2LG_MLL50_PTG200to400.root
2025-11-07 13:13:19,159 - INFO - [2023BPix] MISSING_CENTRAL: ZG3Mu/Central/muons/1/pt in Skim_TriLep_DYGTo2LG_MLL50_PTG400to600.root
2025-11-07 13:13:19,159 - INFO - [2023BPix] MISSING_CENTRAL: ZG3Mu/Central/muons/1/pt in Skim_TriLep_DYGTo2LG_MLL50_PTG600toInf.root
2025-11-07 13:13:19,160 - INFO - [2023BPix] MISSING_CENTRAL: ZG3Mu/Central/muons/1/pt in Skim_TriLep_TTG_PTG10to100.root
2025-11-07 13:13:19,160 - INFO - [2023BPix] MISSING_CENTRAL: ZG3Mu/Central/muons/1/pt in Skim_TriLep_TTG_PTG100to200.root
2025-11-07 13:13:19,160 - INFO - [2023BPix] MISSING_CENTRAL: ZG3Mu/Central/muons/1/pt in Skim_TriLep_TTG_PTG200toInf.root
2025-11-07 13:13:19,161 - INFO - [2023BPix] MISSING_CENTRAL: ZG3Mu/Central/muons/1/pt in Skim_TriLep_TTWToLNu.root
2025-11-07 13:13:19,212 - INFO - [2023BPix] MISSING_CENTRAL: ZG3Mu/Central/muons/1/pt in Skim_TriLep_tHq.root
2025-11-07 13:13:24,389 - INFO - [2023BPix] MISSING_CENTRAL: ZG3Mu/Central/muons/1/pt in Skim_TriLep_DYJets10to50.root
2025-11-07 13:13:24,392 - INFO - [2023BPix] MISSING_CENTRAL: ZG3Mu/Central/muons/1/pt in Skim_TriLep_DYGTo2LG_MLL50_PTG200to400.root
2025-11-07 13:13:24,393 - INFO - [2023BPix] MISSING_CENTRAL: ZG3Mu/Central/muons/1/pt in Skim_TriLep_DYGTo2LG_MLL50_PTG400to600.root
2025-11-07 13:13:24,393 - INFO - [2023BPix] MISSING_CENTRAL: ZG3Mu/Central/muons/1/pt in Skim_TriLep_DYGTo2LG_MLL50_PTG600toInf.root
2025-11-07 13:13:24,394 - INFO - [2023BPix] MISSING_CENTRAL: ZG3Mu/Central/muons/1/pt in Skim_TriLep_TTG_PTG10to100.root
2025-11-07 13:13:24,394 - INFO - [2023BPix] MISSING_CENTRAL: ZG3Mu/Central/muons/1/pt in Skim_TriLep_TTG_PTG100to200.root
2025-11-07 13:13:24,395 - INFO - [2023BPix] MISSING_CENTRAL: ZG3Mu/Central/muons/1/pt in Skim_TriLep_TTG_PTG200toInf.root
2025-11-07 13:13:24,395 - INFO - [2023BPix] MISSING_CENTRAL: ZG3Mu/Central/muons/1/pt in Skim_TriLep_TTWToLNu.root
2025-11-07 13:13:24,403 - INFO - [2023BPix] MISSING_CENTRAL: ZG3Mu/Central/muons/1/pt in Skim_TriLep_tHq.root
2025-11-07 14:10:52,166 - INFO - [2023BPix] MISSING_CENTRAL: ZG3Mu/Central/muons/1/pt in Skim_TriLep_DYJets10to50.root
2025-11-07 14:10:52,219 - INFO - [2023BPix] MISSING_CENTRAL: ZG3Mu/Central/muons/1/pt in Skim_TriLep_DYGTo2LG_MLL50_PTG200to400.root
2025-11-07 14:10:52,220 - INFO - [2023BPix] MISSING_CENTRAL: ZG3Mu/Central/muons/1/pt in Skim_TriLep_DYGTo2LG_MLL50_PTG400to600.root
2025-11-07 14:10:52,220 - INFO - [2023BPix] MISSING_CENTRAL: ZG3Mu/Central/muons/1/pt in Skim_TriLep_DYGTo2LG_MLL50_PTG600toInf.root
2025-11-07 14:10:52,221 - INFO - [2023BPix] MISSING_CENTRAL: ZG3Mu/Central/muons/1/pt in Skim_TriLep_TTG_PTG10to100.root
2025-11-07 14:10:52,221 - INFO - [2023BPix] MISSING_CENTRAL: ZG3Mu/Central/muons/1/pt in Skim_TriLep_TTG_PTG100to200.root
2025-11-07 14:10:52,222 - INFO - [2023BPix] MISSING_CENTRAL: ZG3Mu/Central/muons/1/pt in Skim_TriLep_TTG_PTG200toInf.root
2025-11-07 14:10:52,222 - INFO - [2023BPix] MISSING_CENTRAL: ZG3Mu/Central/muons/1/pt in Skim_TriLep_TTWToLNu.root
2025-11-07 14:10:52,285 - INFO - [2023BPix] MISSING_CENTRAL: ZG3Mu/Central/muons/1/pt in Skim_TriLep_tHq.root
2025-11-07 14:10:57,145 - INFO - [2023BPix] MISSING_CENTRAL: ZG3Mu/Central/muons/1/pt in Skim_TriLep_DYJets10to50.root
2025-11-07 14:10:57,148 - INFO - [2023BPix] MISSING_CENTRAL: ZG3Mu/Central/muons/1/pt in Skim_TriLep_DYGTo2LG_MLL50_PTG200to400.root
2025-11-07 14:10:57,148 - INFO - [2023BPix] MISSING_CENTRAL: ZG3Mu/Central/muons/1/pt in Skim_TriLep_DYGTo2LG_MLL50_PTG400to600.root
2025-11-07 14:10:57,148 - INFO - [2023BPix] MISSING_CENTRAL: ZG3Mu/Central/muons/1/pt in Skim_TriLep_DYGTo2LG_MLL50_PTG600toInf.root
2025-11-07 14:10:57,149 - INFO - [2023BPix] MISSING_CENTRAL: ZG3Mu/Central/muons/1/pt in Skim_TriLep_TTG_PTG10to100.root
2025-11-07 14:10:57,149 - INFO - [2023BPix] MISSING_CENTRAL: ZG3Mu/Central/muons/1/pt in Skim_TriLep_TTG_PTG100to200.root
2025-11-07 14:10:57,150 - INFO - [2023BPix] MISSING_CENTRAL: ZG3Mu/Central/muons/1/pt in Skim_TriLep_TTG_PTG200toInf.root
2025-11-07 14:10:57,150 - INFO - [2023BPix] MISSING_CENTRAL: ZG3Mu/Central/muons/1/pt in Skim_TriLep_TTWToLNu.root
2025-11-07 14:10:57,157 - INFO - [2023BPix] MISSING_CENTRAL: ZG3Mu/Central/muons/1/pt in Skim_TriLep_tHq.root
2025-11-10 12:27:06,213 - INFO - [2023BPix] MISSING_CENTRAL: ZG3Mu/Central/muons/1/pt in Skim_TriLep_DYJets10to50.root
2025-11-10 12:27:06,312 - INFO - [2023BPix] MISSING_CENTRAL: ZG3Mu/Central/muons/1/pt in Skim_TriLep_DYGTo2LG_MLL50_PTG200to400.root
2025-11-10 12:27:06,313 - INFO - [2023BPix] MISSING_CENTRAL: ZG3Mu/Central/muons/1/pt in Skim_TriLep_DYGTo2LG_MLL50_PTG400to600.root
2025-11-10 12:27:06,313 - INFO - [2023BPix] MISSING_CENTRAL: ZG3Mu/Central/muons/1/pt in Skim_TriLep_DYGTo2LG_MLL50_PTG600toInf.root
2025-11-10 12:27:06,314 - INFO - [2023BPix] MISSING_CENTRAL: ZG3Mu/Central/muons/1/pt in Skim_TriLep_TTG_PTG10to100.root
2025-11-10 12:27:06,314 - INFO - [2023BPix] MISSING_CENTRAL: ZG3Mu/Central/muons/1/pt in Skim_TriLep_TTG_PTG100to200.root
2025-11-10 12:27:06,315 - INFO - [2023BPix] MISSING_CENTRAL: ZG3Mu/Central/muons/1/pt in Skim_TriLep_TTG_PTG200toInf.root
2025-11-10 12:27:06,315 - INFO - [2023BPix] MISSING_CENTRAL: ZG3Mu/Central/muons/1/pt in Skim_TriLep_TTWToLNu.root
2025-11-10 12:27:06,410 - INFO - [2023BPix] MISSING_CENTRAL: ZG3Mu/Central/muons/1/pt in Skim_TriLep_tHq.root
2025-11-10 12:27:11,673 - INFO - [2023BPix] MISSING_CENTRAL: ZG3Mu/Central/muons/1/pt in Skim_TriLep_DYJets10to50.root
2025-11-10 12:27:11,677 - INFO - [2023BPix] MISSING_CENTRAL: ZG3Mu/Central/muons/1/pt in Skim_TriLep_DYGTo2LG_MLL50_PTG200to400.root
2025-11-10 12:27:11,677 - INFO - [2023BPix] MISSING_CENTRAL: ZG3Mu/Central/muons/1/pt in Skim_TriLep_DYGTo2LG_MLL50_PTG400to600.root
2025-11-10 12:27:11,678 - INFO - [2023BPix] MISSING_CENTRAL: ZG3Mu/Central/muons/1/pt in Skim_TriLep_DYGTo2LG_MLL50_PTG600toInf.root
2025-11-10 12:27:11,678 - INFO - [2023BPix] MISSING_CENTRAL: ZG3Mu/Central/muons/1/pt in Skim_TriLep_TTG_PTG10to100.root
2025-11-10 12:27:11,679 - INFO - [2023BPix] MISSING_CENTRAL: ZG3Mu/Central/muons/1/pt in Skim_TriLep_TTG_PTG100to200.root
2025-11-10 12:27:11,679 - INFO - [2023BPix] MISSING_CENTRAL: ZG3Mu/Central/muons/1/pt in Skim_TriLep_TTG_PTG200toInf.root
2025-11-10 12:27:11,680 - INFO - [2023BPix] MISSING_CENTRAL: ZG3Mu/Central/muons/1/pt in Skim_TriLep_TTWToLNu.root
2025-11-10 12:27:11,688 - INFO - [2023BPix] MISSING_CENTRAL: ZG3Mu/Central/muons/1/pt in Skim_TriLep_tHq.root
2025-11-13 11:17:28,431 - INFO - [2023BPix] MISSING_CENTRAL: ZG3Mu/Central/muons/1/pt in Skim_TriLep_DYJets10to50.root
2025-11-13 11:17:29,499 - INFO - [2023BPix] MISSING_CENTRAL: ZG3Mu/Central/muons/1/pt in Skim_TriLep_DYGTo2LG_MLL50_PTG200to400.root
2025-11-13 11:17:29,563 - INFO - [2023BPix] MISSING_CENTRAL: ZG3Mu/Central/muons/1/pt in Skim_TriLep_DYGTo2LG_MLL50_PTG400to600.root
2025-11-13 11:17:29,591 - INFO - [2023BPix] MISSING_CENTRAL: ZG3Mu/Central/muons/1/pt in Skim_TriLep_DYGTo2LG_MLL50_PTG600toInf.root
2025-11-13 11:17:29,601 - INFO - [2023BPix] MISSING_CENTRAL: ZG3Mu/Central/muons/1/pt in Skim_TriLep_TTG_PTG10to100.root
2025-11-13 11:17:29,645 - INFO - [2023BPix] MISSING_CENTRAL: ZG3Mu/Central/muons/1/pt in Skim_TriLep_TTG_PTG100to200.root
2025-11-13 11:17:29,653 - INFO - [2023BPix] MISSING_CENTRAL: ZG3Mu/Central/muons/1/pt in Skim_TriLep_TTG_PTG200toInf.root
2025-11-13 11:17:29,720 - INFO - [2023BPix] MISSING_CENTRAL: ZG3Mu/Central/muons/1/pt in Skim_TriLep_TTWToLNu.root
2025-11-13 11:17:30,895 - INFO - [2023BPix] MISSING_CENTRAL: ZG3Mu/Central/muons/1/pt in Skim_TriLep_tHq.root
2025-11-13 11:17:35,418 - INFO - [2023BPix] MISSING_CENTRAL: ZG3Mu/Central/muons/1/pt in Skim_TriLep_DYJets10to50.root
2025-11-13 11:17:35,425 - INFO - [2023BPix] MISSING_CENTRAL: ZG3Mu/Central/muons/1/pt in Skim_TriLep_DYGTo2LG_MLL50_PTG200to400.root
2025-11-13 11:17:35,426 - INFO - [2023BPix] MISSING_CENTRAL: ZG3Mu/Central/muons/1/pt in Skim_TriLep_DYGTo2LG_MLL50_PTG400to600.root
2025-11-13 11:17:35,427 - INFO - [2023BPix] MISSING_CENTRAL: ZG3Mu/Central/muons/1/pt in Skim_TriLep_DYGTo2LG_MLL50_PTG600toInf.root
2025-11-13 11:17:35,427 - INFO - [2023BPix] MISSING_CENTRAL: ZG3Mu/Central/muons/1/pt in Skim_TriLep_TTG_PTG10to100.root
2025-11-13 11:17:35,428 - INFO - [2023BPix] MISSING_CENTRAL: ZG3Mu/Central/muons/1/pt in Skim_TriLep_TTG_PTG100to200.root
2025-11-13 11:17:35,430 - INFO - [2023BPix] MISSING_CENTRAL: ZG3Mu/Central/muons/1/pt in Skim_TriLep_TTG_PTG200toInf.root
2025-11-13 11:17:35,431 - INFO - [2023BPix] MISSING_CENTRAL: ZG3Mu/Central/muons/1/pt in Skim_TriLep_TTWToLNu.root
2025-11-13 11:17:35,443 - INFO - [2023BPix] MISSING_CENTRAL: ZG3Mu/Central/muons/1/pt in Skim_TriLep_tHq.root
2025-11-19 00:19:57,188 - INFO - [2023BPix] MISSING_CENTRAL: ZG3Mu/Central/muons/1/pt in Skim_TriLep_DYJets10to50.root
2025-11-19 00:19:57,238 - INFO - [2023BPix] MISSING_CENTRAL: ZG3Mu/Central/muons/1/pt in Skim_TriLep_DYGTo2LG_MLL50_PTG200to400.root
2025-11-19 00:19:57,239 - INFO - [2023BPix] MISSING_CENTRAL: ZG3Mu/Central/muons/1/pt in Skim_TriLep_DYGTo2LG_MLL50_PTG400to600.root
2025-11-19 00:19:57,239 - INFO - [2023BPix] MISSING_CENTRAL: ZG3Mu/Central/muons/1/pt in Skim_TriLep_DYGTo2LG_MLL50_PTG600toInf.root
2025-11-19 00:19:57,240 - INFO - [2023BPix] MISSING_CENTRAL: ZG3Mu/Central/muons/1/pt in Skim_TriLep_TTG_PTG10to100.root
2025-11-19 00:19:57,240 - INFO - [2023BPix] MISSING_CENTRAL: ZG3Mu/Central/muons/1/pt in Skim_TriLep_TTG_PTG100to200.root
2025-11-19 00:19:57,241 - INFO - [2023BPix] MISSING_CENTRAL: ZG3Mu/Central/muons/1/pt in Skim_TriLep_TTG_PTG200toInf.root
2025-11-19 00:19:57,241 - INFO - [2023BPix] MISSING_CENTRAL: ZG3Mu/Central/muons/1/pt in Skim_TriLep_TTWToLNu.root
2025-11-19 00:19:57,270 - INFO - [2023BPix] MISSING_FILE: /data9/Users/choij/Sync/workspace/ChargedHiggsAnalysisV3/SKNanoOutput/CRPromptSelector/Run3Mu_RunSyst/2023BPix/Skim_TriLep_WZTo3LNu_powheg.root
2025-11-19 00:19:57,291 - INFO - [2023BPix] MISSING_CENTRAL: ZG3Mu/Central/muons/1/pt in Skim_TriLep_tHq.root
2025-11-19 00:20:00,606 - INFO - [2023BPix] MISSING_CENTRAL: ZG3Mu/Central/muons/1/pt in Skim_TriLep_DYJets10to50.root
2025-11-19 00:20:00,611 - INFO - [2023BPix] MISSING_CENTRAL: ZG3Mu/Central/muons/1/pt in Skim_TriLep_DYGTo2LG_MLL50_PTG200to400.root
2025-11-19 00:20:00,611 - INFO - [2023BPix] MISSING_CENTRAL: ZG3Mu/Central/muons/1/pt in Skim_TriLep_DYGTo2LG_MLL50_PTG400to600.root
2025-11-19 00:20:00,612 - INFO - [2023BPix] MISSING_CENTRAL: ZG3Mu/Central/muons/1/pt in Skim_TriLep_DYGTo2LG_MLL50_PTG600toInf.root
2025-11-19 00:20:00,613 - INFO - [2023BPix] MISSING_CENTRAL: ZG3Mu/Central/muons/1/pt in Skim_TriLep_TTG_PTG10to100.root
2025-11-19 00:20:00,613 - INFO - [2023BPix] MISSING_CENTRAL: ZG3Mu/Central/muons/1/pt in Skim_TriLep_TTG_PTG100to200.root
2025-11-19 00:20:00,614 - INFO - [2023BPix] MISSING_CENTRAL: ZG3Mu/Central/muons/1/pt in Skim_TriLep_TTG_PTG200toInf.root
2025-11-19 00:20:00,614 - INFO - [2023BPix] MISSING_CENTRAL: ZG3Mu/Central/muons/1/pt in Skim_TriLep_TTWToLNu.root
2025-11-19 00:20:00,616 - INFO - [2023BPix] MISSING_FILE: /data9/Users/choij/Sync/workspace/ChargedHiggsAnalysisV3/SKNanoOutput/CRPromptSelector/Run3Mu_RunSyst/2023BPix/Skim_TriLep_WZTo3LNu_powheg.root
2025-11-19 00:20:00,623 - INFO - [2023BPix] MISSING_CENTRAL: ZG3Mu/Central/muons/1/pt in Skim_TriLep_tHq.root
2025-11-19 15:45:13,651 - INFO - [2023BPix] MISSING_CENTRAL: ZG3Mu/Central/muons/1/pt in Skim_TriLep_DYJets10to50.root
2025-11-19 15:45:13,730 - INFO - [2023BPix] MISSING_CENTRAL: ZG3Mu/Central/muons/1/pt in Skim_TriLep_DYGTo2LG_MLL50_PTG200to400.root
2025-11-19 15:45:13,731 - INFO - [2023BPix] MISSING_CENTRAL: ZG3Mu/Central/muons/1/pt in Skim_TriLep_DYGTo2LG_MLL50_PTG400to600.root
2025-11-19 15:45:13,731 - INFO - [2023BPix] MISSING_CENTRAL: ZG3Mu/Central/muons/1/pt in Skim_TriLep_DYGTo2LG_MLL50_PTG600toInf.root
2025-11-19 15:45:13,731 - INFO - [2023BPix] MISSING_CENTRAL: ZG3Mu/Central/muons/1/pt in Skim_TriLep_TTG_PTG10to100.root
2025-11-19 15:45:13,732 - INFO - [2023BPix] MISSING_CENTRAL: ZG3Mu/Central/muons/1/pt in Skim_TriLep_TTG_PTG100to200.root
2025-11-19 15:45:13,732 - INFO - [2023BPix] MISSING_CENTRAL: ZG3Mu/Central/muons/1/pt in Skim_TriLep_TTG_PTG200toInf.root
2025-11-19 15:45:13,733 - INFO - [2023BPix] MISSING_CENTRAL: ZG3Mu/Central/muons/1/pt in Skim_TriLep_TTWToLNu.root
2025-11-19 15:45:13,806 - INFO - [2023BPix] MISSING_CENTRAL: ZG3Mu/Central/muons/1/pt in Skim_TriLep_tHq.root
2025-11-19 15:45:18,844 - INFO - [2023BPix] MISSING_CENTRAL: ZG3Mu/Central/muons/1/pt in Skim_TriLep_DYJets10to50.root
2025-11-19 15:45:18,848 - INFO - [2023BPix] MISSING_CENTRAL: ZG3Mu/Central/muons/1/pt in Skim_TriLep_DYGTo2LG_MLL50_PTG200to400.root
2025-11-19 15:45:18,848 - INFO - [2023BPix] MISSING_CENTRAL: ZG3Mu/Central/muons/1/pt in Skim_TriLep_DYGTo2LG_MLL50_PTG400to600.root
2025-11-19 15:45:18,848 - INFO - [2023BPix] MISSING_CENTRAL: ZG3Mu/Central/muons/1/pt in Skim_TriLep_DYGTo2LG_MLL50_PTG600toInf.root
2025-11-19 15:45:18,849 - INFO - [2023BPix] MISSING_CENTRAL: ZG3Mu/Central/muons/1/pt in Skim_TriLep_TTG_PTG10to100.root
2025-11-19 15:45:18,849 - INFO - [2023BPix] MISSING_CENTRAL: ZG3Mu/Central/muons/1/pt in Skim_TriLep_TTG_PTG100to200.root
2025-11-19 15:45:18,850 - INFO - [2023BPix] MISSING_CENTRAL: ZG3Mu/Central/muons/1/pt in Skim_TriLep_TTG_PTG200toInf.root
2025-11-19 15:45:18,850 - INFO - [2023BPix] MISSING_CENTRAL: ZG3Mu/Central/muons/1/pt in Skim_TriLep_TTWToLNu.root
2025-11-19 15:45:18,858 - INFO - [2023BPix] MISSING_CENTRAL: ZG3Mu/Central/muons/1/pt in Skim_TriLep_tHq.root
2025-11-19 16:29:34,090 - INFO - [2023BPix] MISSING_CENTRAL: ZG3Mu/Central/muons/1/pt in Skim_TriLep_DYJets10to50.root
2025-11-19 16:29:34,144 - INFO - [2023BPix] MISSING_CENTRAL: ZG3Mu/Central/muons/1/pt in Skim_TriLep_DYGTo2LG_MLL50_PTG200to400.root
2025-11-19 16:29:34,145 - INFO - [2023BPix] MISSING_CENTRAL: ZG3Mu/Central/muons/1/pt in Skim_TriLep_DYGTo2LG_MLL50_PTG400to600.root
2025-11-19 16:29:34,145 - INFO - [2023BPix] MISSING_CENTRAL: ZG3Mu/Central/muons/1/pt in Skim_TriLep_DYGTo2LG_MLL50_PTG600toInf.root
2025-11-19 16:29:34,146 - INFO - [2023BPix] MISSING_CENTRAL: ZG3Mu/Central/muons/1/pt in Skim_TriLep_TTG_PTG10to100.root
2025-11-19 16:29:34,146 - INFO - [2023BPix] MISSING_CENTRAL: ZG3Mu/Central/muons/1/pt in Skim_TriLep_TTG_PTG100to200.root
2025-11-19 16:29:34,147 - INFO - [2023BPix] MISSING_CENTRAL: ZG3Mu/Central/muons/1/pt in Skim_TriLep_TTG_PTG200toInf.root
2025-11-19 16:29:34,147 - INFO - [2023BPix] MISSING_CENTRAL: ZG3Mu/Central/muons/1/pt in Skim_TriLep_TTWToLNu.root
2025-11-19 16:29:34,209 - INFO - [2023BPix] MISSING_CENTRAL: ZG3Mu/Central/muons/1/pt in Skim_TriLep_tHq.root
2025-11-19 16:29:39,334 - INFO - [2023BPix] MISSING_CENTRAL: ZG3Mu/Central/muons/1/pt in Skim_TriLep_DYJets10to50.root
2025-11-19 16:29:39,338 - INFO - [2023BPix] MISSING_CENTRAL: ZG3Mu/Central/muons/1/pt in Skim_TriLep_DYGTo2LG_MLL50_PTG200to400.root
2025-11-19 16:29:39,338 - INFO - [2023BPix] MISSING_CENTRAL: ZG3Mu/Central/muons/1/pt in Skim_TriLep_DYGTo2LG_MLL50_PTG400to600.root
2025-11-19 16:29:39,339 - INFO - [2023BPix] MISSING_CENTRAL: ZG3Mu/Central/muons/1/pt in Skim_TriLep_DYGTo2LG_MLL50_PTG600toInf.root
2025-11-19 16:29:39,339 - INFO - [2023BPix] MISSING_CENTRAL: ZG3Mu/Central/muons/1/pt in Skim_TriLep_TTG_PTG10to100.root
2025-11-19 16:29:39,340 - INFO - [2023BPix] MISSING_CENTRAL: ZG3Mu/Central/muons/1/pt in Skim_TriLep_TTG_PTG100to200.root
2025-11-19 16:29:39,340 - INFO - [2023BPix] MISSING_CENTRAL: ZG3Mu/Central/muons/1/pt in Skim_TriLep_TTG_PTG200toInf.root
2025-11-19 16:29:39,340 - INFO - [2023BPix] MISSING_CENTRAL: ZG3Mu/Central/muons/1/pt in Skim_TriLep_TTWToLNu.root
2025-11-19 16:29:39,348 - INFO - [2023BPix] MISSING_CENTRAL: ZG3Mu/Central/muons/1/pt in Skim_TriLep_tHq.root
2025-12-17 12:28:31,097 - INFO - [2023BPix] MISSING_CENTRAL: ZG3Mu/Central/muons/1/pt in Skim_TriLep_DYJets10to50.root
2025-12-17 12:28:31,098 - INFO - [2023BPix] MISSING_CENTRAL: ZG3Mu/Central/muons/1/pt in Skim_TriLep_TTG_PTG10to100.root
2025-12-17 12:28:31,099 - INFO - [2023BPix] MISSING_CENTRAL: ZG3Mu/Central/muons/1/pt in Skim_TriLep_TTG_PTG100to200.root
2025-12-17 12:28:31,100 - INFO - [2023BPix] MISSING_CENTRAL: ZG3Mu/Central/muons/1/pt in Skim_TriLep_TTG_PTG200toInf.root
2025-12-17 12:28:31,102 - INFO - [2023BPix] MISSING_CENTRAL: ZG3Mu/Central/muons/1/pt in Skim_TriLep_TTWToLNu.root
2025-12-17 12:28:31,294 - INFO - [2023BPix] MISSING_CENTRAL: ZG3Mu/Central/muons/1/pt in Skim_TriLep_tHq.root
2025-12-17 12:28:35,408 - INFO - [2023BPix] MISSING_CENTRAL: ZG3Mu/Central/muons/1/pt in Skim_TriLep_DYJets10to50.root
2025-12-17 12:28:35,409 - INFO - [2023BPix] MISSING_CENTRAL: ZG3Mu/Central/muons/1/pt in Skim_TriLep_TTG_PTG10to100.root
2025-12-17 12:28:35,411 - INFO - [2023BPix] MISSING_CENTRAL: ZG3Mu/Central/muons/1/pt in Skim_TriLep_TTG_PTG100to200.root
2025-12-17 12:28:35,412 - INFO - [2023BPix] MISSING_CENTRAL: ZG3Mu/Central/muons/1/pt in Skim_TriLep_TTG_PTG200toInf.root
2025-12-17 12:28:35,413 - INFO - [2023BPix] MISSING_CENTRAL: ZG3Mu/Central/muons/1/pt in Skim_TriLep_TTWToLNu.root
2025-12-17 12:28:35,446 - INFO - [2023BPix] MISSING_CENTRAL: ZG3Mu/Central/muons/1/pt in Skim_TriLep_tHq.root
2025-12-17 16:10:03,298 - INFO - [2023BPix] MISSING_CENTRAL: ZG3Mu/Central/muons/1/pt in Skim_TriLep_DYJets10to50.root
2025-12-17 16:10:03,299 - INFO - [2023BPix] MISSING_CENTRAL: ZG3Mu/Central/muons/1/pt in Skim_TriLep_TTG_PTG10to100.root
2025-12-17 16:10:03,300 - INFO - [2023BPix] MISSING_CENTRAL: ZG3Mu/Central/muons/1/pt in Skim_TriLep_TTG_PTG100to200.root
2025-12-17 16:10:03,300 - INFO - [2023BPix] MISSING_CENTRAL: ZG3Mu/Central/muons/1/pt in Skim_TriLep_TTG_PTG200toInf.root
2025-12-17 16:10:03,301 - INFO - [2023BPix] MISSING_CENTRAL: ZG3Mu/Central/muons/1/pt in Skim_TriLep_TTWToLNu.root
2025-12-17 16:10:03,357 - INFO - [2023BPix] MISSING_CENTRAL: ZG3Mu/Central/muons/1/pt in Skim_TriLep_tHq.root
2025-12-17 16:10:06,665 - INFO - [2023BPix] MISSING_CENTRAL: ZG3Mu/Central/muons/1/pt in Skim_TriLep_DYJets10to50.root
2025-12-17 16:10:06,666 - INFO - [2023BPix] MISSING_CENTRAL: ZG3Mu/Central/muons/1/pt in Skim_TriLep_TTG_PTG10to100.root
2025-12-17 16:10:06,666 - INFO - [2023BPix] MISSING_CENTRAL: ZG3Mu/Central/muons/1/pt in Skim_TriLep_TTG_PTG100to200.root
2025-12-17 16:10:06,667 - INFO - [2023BPix] MISSING_CENTRAL: ZG3Mu/Central/muons/1/pt in Skim_TriLep_TTG_PTG200toInf.root
2025-12-17 16:10:06,667 - INFO - [2023BPix] MISSING_CENTRAL: ZG3Mu/Central/muons/1/pt in Skim_TriLep_TTWToLNu.root
2025-12-17 16:10:06,676 - INFO - [2023BPix] MISSING_CENTRAL: ZG3Mu/Central/muons/1/pt in Skim_TriLep_tHq.root
2025-12-17 22:44:38,169 - INFO - [2023BPix] MISSING_CENTRAL: ZG3Mu/Central/muons/1/pt in Skim_TriLep_DYJets10to50.root
2025-12-17 22:44:38,169 - INFO - [2023BPix] MISSING_CENTRAL: ZG3Mu/Central/muons/1/pt in Skim_TriLep_TTG_PTG10to100.root
2025-12-17 22:44:38,185 - INFO - [2023BPix] MISSING_CENTRAL: ZG3Mu/Central/muons/1/pt in Skim_TriLep_TTG_PTG100to200.root
2025-12-17 22:44:38,186 - INFO - [2023BPix] MISSING_CENTRAL: ZG3Mu/Central/muons/1/pt in Skim_TriLep_TTG_PTG200toInf.root
2025-12-17 22:44:38,186 - INFO - [2023BPix] MISSING_CENTRAL: ZG3Mu/Central/muons/1/pt in Skim_TriLep_TTWToLNu.root
2025-12-17 22:44:38,242 - INFO - [2023BPix] MISSING_CENTRAL: ZG3Mu/Central/muons/1/pt in Skim_TriLep_tHq.root
2025-12-17 22:44:42,553 - INFO - [2023BPix] MISSING_CENTRAL: ZG3Mu/Central/muons/1/pt in Skim_TriLep_DYJets10to50.root
2025-12-17 22:44:42,554 - INFO - [2023BPix] MISSING_CENTRAL: ZG3Mu/Central/muons/1/pt in Skim_TriLep_TTG_PTG10to100.root
2025-12-17 22:44:42,555 - INFO - [2023BPix] MISSING_CENTRAL: ZG3Mu/Central/muons/1/pt in Skim_TriLep_TTG_PTG100to200.root
2025-12-17 22:44:42,555 - INFO - [2023BPix] MISSING_CENTRAL: ZG3Mu/Central/muons/1/pt in Skim_TriLep_TTG_PTG200toInf.root
2025-12-17 22:44:42,556 - INFO - [2023BPix] MISSING_CENTRAL: ZG3Mu/Central/muons/1/pt in Skim_TriLep_TTWToLNu.root
2025-12-17 22:44:42,564 - INFO - [2023BPix] MISSING_CENTRAL: ZG3Mu/Central/muons/1/pt in Skim_TriLep_tHq.root
2025-12-18 14:45:50,864 - INFO - [2023BPix] MISSING_CENTRAL: ZG3Mu/Central/muons/1/pt in Skim_TriLep_DYJets10to50.root
2025-12-18 14:45:50,865 - INFO - [2023BPix] MISSING_CENTRAL: ZG3Mu/Central/muons/1/pt in Skim_TriLep_TTG_PTG10to100.root
2025-12-18 14:45:50,879 - INFO - [2023BPix] MISSING_CENTRAL: ZG3Mu/Central/muons/1/pt in Skim_TriLep_TTG_PTG100to200.root
2025-12-18 14:45:50,879 - INFO - [2023BPix] MISSING_CENTRAL: ZG3Mu/Central/muons/1/pt in Skim_TriLep_TTG_PTG200toInf.root
2025-12-18 14:45:50,880 - INFO - [2023BPix] MISSING_CENTRAL: ZG3Mu/Central/muons/1/pt in Skim_TriLep_TTWToLNu.root
2025-12-18 14:45:50,959 - INFO - [2023BPix] MISSING_CENTRAL: ZG3Mu/Central/muons/1/pt in Skim_TriLep_tHq.root
2025-12-18 14:45:56,050 - INFO - [2023BPix] MISSING_CENTRAL: ZG3Mu/Central/muons/1/pt in Skim_TriLep_DYJets10to50.root
2025-12-18 14:45:56,051 - INFO - [2023BPix] MISSING_CENTRAL: ZG3Mu/Central/muons/1/pt in Skim_TriLep_TTG_PTG10to100.root
2025-12-18 14:45:56,052 - INFO - [2023BPix] MISSING_CENTRAL: ZG3Mu/Central/muons/1/pt in Skim_TriLep_TTG_PTG100to200.root
2025-12-18 14:45:56,052 - INFO - [2023BPix] MISSING_CENTRAL: ZG3Mu/Central/muons/1/pt in Skim_TriLep_TTG_PTG200toInf.root
2025-12-18 14:45:56,053 - INFO - [2023BPix] MISSING_CENTRAL: ZG3Mu/Central/muons/1/pt in Skim_TriLep_TTWToLNu.root
2025-12-18 14:45:56,062 - INFO - [2023BPix] MISSING_CENTRAL: ZG3Mu/Central/muons/1/pt in Skim_TriLep_tHq.root
2026-01-07 11:54:41,435 - INFO - [2023BPix] MISSING_FILE: /data9/Users/choij/Sync/workspace/ChargedHiggsAnalysisV3/SKNanoOutput/CRPromptSelector/Run3Mu/2023BPix/Skim_TriLep_Muon0_D_v1.root
2026-01-07 11:54:41,435 - INFO - [2023BPix] MISSING_FILE: /data9/Users/choij/Sync/workspace/ChargedHiggsAnalysisV3/SKNanoOutput/CRPromptSelector/Run3Mu/2023BPix/Skim_TriLep_Muon0_D_v2.root
2026-01-07 11:54:41,435 - INFO - [2023BPix] MISSING_FILE: /data9/Users/choij/Sync/workspace/ChargedHiggsAnalysisV3/SKNanoOutput/CRPromptSelector/Run3Mu/2023BPix/Skim_TriLep_Muon1_D_v1.root
2026-01-07 11:54:41,460 - INFO - [2023BPix] MISSING_FILE: /data9/Users/choij/Sync/workspace/ChargedHiggsAnalysisV3/SKNanoOutput/CRPromptSelector/Run3Mu/2023BPix/Skim_TriLep_Muon1_D_v2.root
2026-01-07 11:54:45,554 - INFO - [2023BPix] MISSING_FILE: /data9/Users/choij/Sync/workspace/ChargedHiggsAnalysisV3/SKNanoOutput/CRPromptSelector/Run3Mu/2023BPix/Skim_TriLep_Muon0_D_v1.root
2026-01-07 11:54:45,554 - INFO - [2023BPix] MISSING_FILE: /data9/Users/choij/Sync/workspace/ChargedHiggsAnalysisV3/SKNanoOutput/CRPromptSelector/Run3Mu/2023BPix/Skim_TriLep_Muon0_D_v2.root
2026-01-07 11:54:45,554 - INFO - [2023BPix] MISSING_FILE: /data9/Users/choij/Sync/workspace/ChargedHiggsAnalysisV3/SKNanoOutput/CRPromptSelector/Run3Mu/2023BPix/Skim_TriLep_Muon1_D_v1.root
2026-01-07 11:54:45,554 - INFO - [2023BPix] MISSING_FILE: /data9/Users/choij/Sync/workspace/ChargedHiggsAnalysisV3/SKNanoOutput/CRPromptSelector/Run3Mu/2023BPix/Skim_TriLep_Muon1_D_v2.root
2026-01-07 18:51:12,658 - INFO - [2023BPix] MISSING_CENTRAL: ZG3Mu/Central/muons/1/pt in Skim_TriLep_DYJets10to50.root
2026-01-07 18:51:12,659 - INFO - [2023BPix] MISSING_CENTRAL: ZG3Mu/Central/muons/1/pt in Skim_TriLep_TTG_PTG10to100.root
2026-01-07 18:51:12,660 - INFO - [2023BPix] MISSING_CENTRAL: ZG3Mu/Central/muons/1/pt in Skim_TriLep_TTG_PTG100to200.root
2026-01-07 18:51:12,660 - INFO - [2023BPix] MISSING_CENTRAL: ZG3Mu/Central/muons/1/pt in Skim_TriLep_TTG_PTG200toInf.root
2026-01-07 18:51:12,661 - INFO - [2023BPix] MISSING_CENTRAL: ZG3Mu/Central/muons/1/pt in Skim_TriLep_TTWToLNu.root
2026-01-07 18:51:12,718 - INFO - [2023BPix] MISSING_CENTRAL: ZG3Mu/Central/muons/1/pt in Skim_TriLep_tHq.root
2026-01-07 18:51:17,544 - INFO - [2023BPix] MISSING_CENTRAL: ZG3Mu/Central/muons/1/pt in Skim_TriLep_DYJets10to50.root
2026-01-07 18:51:17,544 - INFO - [2023BPix] MISSING_CENTRAL: ZG3Mu/Central/muons/1/pt in Skim_TriLep_TTG_PTG10to100.root
2026-01-07 18:51:17,545 - INFO - [2023BPix] MISSING_CENTRAL: ZG3Mu/Central/muons/1/pt in Skim_TriLep_TTG_PTG100to200.root
2026-01-07 18:51:17,546 - INFO - [2023BPix] MISSING_CENTRAL: ZG3Mu/Central/muons/1/pt in Skim_TriLep_TTG_PTG200toInf.root
2026-01-07 18:51:17,546 - INFO - [2023BPix] MISSING_CENTRAL: ZG3Mu/Central/muons/1/pt in Skim_TriLep_TTWToLNu.root
2026-01-07 18:51:17,555 - INFO - [2023BPix] MISSING_CENTRAL: ZG3Mu/Central/muons/1/pt in Skim_TriLep_tHq.root
2026-01-09 12:26:11,870 - INFO - [2023BPix] MISSING_CENTRAL: ZG3Mu/Central/muons/1/pt in Skim_TriLep_DYJets10to50.root
2026-01-09 12:26:11,871 - INFO - [2023BPix] MISSING_CENTRAL: ZG3Mu/Central/muons/1/pt in Skim_TriLep_TTG_PTG10to100.root
2026-01-09 12:26:11,871 - INFO - [2023BPix] MISSING_CENTRAL: ZG3Mu/Central/muons/1/pt in Skim_TriLep_TTG_PTG100to200.root
2026-01-09 12:26:11,872 - INFO - [2023BPix] MISSING_CENTRAL: ZG3Mu/Central/muons/1/pt in Skim_TriLep_TTG_PTG200toInf.root
2026-01-09 12:26:11,872 - INFO - [2023BPix] MISSING_CENTRAL: ZG3Mu/Central/muons/1/pt in Skim_TriLep_TTWToLNu.root
2026-01-09 12:26:11,933 - INFO - [2023BPix] MISSING_CENTRAL: ZG3Mu/Central/muons/1/pt in Skim_TriLep_tHq.root
2026-01-09 12:26:16,775 - INFO - [2023BPix] MISSING_CENTRAL: ZG3Mu/Central/muons/1/pt in Skim_TriLep_DYJets10to50.root
2026-01-09 12:26:16,776 - INFO - [2023BPix] MISSING_CENTRAL: ZG3Mu/Central/muons/1/pt in Skim_TriLep_TTG_PTG10to100.root
2026-01-09 12:26:16,777 - INFO - [2023BPix] MISSING_CENTRAL: ZG3Mu/Central/muons/1/pt in Skim_TriLep_TTG_PTG100to200.root
2026-01-09 12:26:16,777 - INFO - [2023BPix] MISSING_CENTRAL: ZG3Mu/Central/muons/1/pt in Skim_TriLep_TTG_PTG200toInf.root
2026-01-09 12:26:16,777 - INFO - [2023BPix] MISSING_CENTRAL: ZG3Mu/Central/muons/1/pt in Skim_TriLep_TTWToLNu.root
2026-01-09 12:26:16,786 - INFO - [2023BPix] MISSING_CENTRAL: ZG3Mu/Central/muons/1/pt in Skim_TriLep_tHq.root
2026-01-11 09:46:12,895 - INFO - [2023BPix] MISSING_CENTRAL: ZG3Mu/Central/muons/1/pt in Skim_TriLep_DYJets10to50.root
2026-01-11 09:46:12,896 - INFO - [2023BPix] MISSING_CENTRAL: ZG3Mu/Central/muons/1/pt in Skim_TriLep_TTG_PTG10to100.root
2026-01-11 09:46:12,897 - INFO - [2023BPix] MISSING_CENTRAL: ZG3Mu/Central/muons/1/pt in Skim_TriLep_TTG_PTG100to200.root
2026-01-11 09:46:12,897 - INFO - [2023BPix] MISSING_CENTRAL: ZG3Mu/Central/muons/1/pt in Skim_TriLep_TTG_PTG200toInf.root
2026-01-11 09:46:12,898 - INFO - [2023BPix] MISSING_CENTRAL: ZG3Mu/Central/muons/1/pt in Skim_TriLep_TTWToLNu.root
2026-01-11 09:46:12,953 - INFO - [2023BPix] MISSING_CENTRAL: ZG3Mu/Central/muons/1/pt in Skim_TriLep_tHq.root
2026-01-11 09:46:17,840 - INFO - [2023BPix] MISSING_CENTRAL: ZG3Mu/Central/muons/1/pt in Skim_TriLep_DYJets10to50.root
2026-01-11 09:46:17,841 - INFO - [2023BPix] MISSING_CENTRAL: ZG3Mu/Central/muons/1/pt in Skim_TriLep_TTG_PTG10to100.root
2026-01-11 09:46:17,841 - INFO - [2023BPix] MISSING_CENTRAL: ZG3Mu/Central/muons/1/pt in Skim_TriLep_TTG_PTG100to200.root
2026-01-11 09:46:17,842 - INFO - [2023BPix] MISSING_CENTRAL: ZG3Mu/Central/muons/1/pt in Skim_TriLep_TTG_PTG200toInf.root
2026-01-11 09:46:17,842 - INFO - [2023BPix] MISSING_CENTRAL: ZG3Mu/Central/muons/1/pt in Skim_TriLep_TTWToLNu.root
2026-01-11 09:46:17,850 - INFO - [2023BPix] MISSING_CENTRAL: ZG3Mu/Central/muons/1/pt in Skim_TriLep_tHq.root
2026-01-12 13:55:03,982 - INFO - [2023BPix] MISSING_CENTRAL: ZG3Mu/Central/muons/1/pt in Skim_TriLep_DYJets10to50.root
2026-01-12 13:55:03,988 - INFO - [2023BPix] MISSING_CENTRAL: ZG3Mu/Central/muons/1/pt in Skim_TriLep_TTG_PTG10to100.root
2026-01-12 13:55:03,988 - INFO - [2023BPix] MISSING_CENTRAL: ZG3Mu/Central/muons/1/pt in Skim_TriLep_TTG_PTG100to200.root
2026-01-12 13:55:03,988 - INFO - [2023BPix] MISSING_CENTRAL: ZG3Mu/Central/muons/1/pt in Skim_TriLep_TTG_PTG200toInf.root
2026-01-12 13:55:03,989 - INFO - [2023BPix] MISSING_CENTRAL: ZG3Mu/Central/muons/1/pt in Skim_TriLep_TTWToLNu.root
2026-01-12 13:55:04,063 - INFO - [2023BPix] MISSING_CENTRAL: ZG3Mu/Central/muons/1/pt in Skim_TriLep_tHq.root
2026-01-12 13:55:09,105 - INFO - [2023BPix] MISSING_CENTRAL: ZG3Mu/Central/muons/1/pt in Skim_TriLep_DYJets10to50.root
2026-01-12 13:55:09,105 - INFO - [2023BPix] MISSING_CENTRAL: ZG3Mu/Central/muons/1/pt in Skim_TriLep_TTG_PTG10to100.root
2026-01-12 13:55:09,106 - INFO - [2023BPix] MISSING_CENTRAL: ZG3Mu/Central/muons/1/pt in Skim_TriLep_TTG_PTG100to200.root
2026-01-12 13:55:09,106 - INFO - [2023BPix] MISSING_CENTRAL: ZG3Mu/Central/muons/1/pt in Skim_TriLep_TTG_PTG200toInf.root
2026-01-12 13:55:09,107 - INFO - [2023BPix] MISSING_CENTRAL: ZG3Mu/Central/muons/1/pt in Skim_TriLep_TTWToLNu.root
2026-01-12 13:55:09,114 - INFO - [2023BPix] MISSING_CENTRAL: ZG3Mu/Central/muons/1/pt in Skim_TriLep_tHq.root
2026-01-16 19:09:46,404 - INFO - [2023BPix] MISSING_CENTRAL: ZG3Mu/Central/muons/1/pt in Skim_TriLep_DYJets10to50.root
2026-01-16 19:09:46,405 - INFO - [2023BPix] MISSING_CENTRAL: ZG3Mu/Central/muons/1/pt in Skim_TriLep_TTG_PTG10to100.root
2026-01-16 19:09:46,405 - INFO - [2023BPix] MISSING_CENTRAL: ZG3Mu/Central/muons/1/pt in Skim_TriLep_TTG_PTG100to200.root
2026-01-16 19:09:46,405 - INFO - [2023BPix] MISSING_CENTRAL: ZG3Mu/Central/muons/1/pt in Skim_TriLep_TTG_PTG200toInf.root
2026-01-16 19:09:46,406 - INFO - [2023BPix] MISSING_CENTRAL: ZG3Mu/Central/muons/1/pt in Skim_TriLep_TTWToLNu.root
2026-01-16 19:09:46,460 - INFO - [2023BPix] MISSING_CENTRAL: ZG3Mu/Central/muons/1/pt in Skim_TriLep_tHq.root
2026-01-16 19:09:51,192 - INFO - [2023BPix] MISSING_CENTRAL: ZG3Mu/Central/muons/1/pt in Skim_TriLep_DYJets10to50.root
2026-01-16 19:09:51,192 - INFO - [2023BPix] MISSING_CENTRAL: ZG3Mu/Central/muons/1/pt in Skim_TriLep_TTG_PTG10to100.root
2026-01-16 19:09:51,193 - INFO - [2023BPix] MISSING_CENTRAL: ZG3Mu/Central/muons/1/pt in Skim_TriLep_TTG_PTG100to200.root
2026-01-16 19:09:51,193 - INFO - [2023BPix] MISSING_CENTRAL: ZG3Mu/Central/muons/1/pt in Skim_TriLep_TTG_PTG200toInf.root
2026-01-16 19:09:51,194 - INFO - [2023BPix] MISSING_CENTRAL: ZG3Mu/Central/muons/1/pt in Skim_TriLep_TTWToLNu.root
2026-01-16 19:09:51,201 - INFO - [2023BPix] MISSING_CENTRAL: ZG3Mu/Central/muons/1/pt in Skim_TriLep_tHq.root
2026-01-28 17:06:56,547 - INFO - [2023BPix] MISSING_CENTRAL: ZG3Mu/Central/muons/1/pt in Skim_TriLep_DYJets10to50.root
2026-01-28 17:06:56,548 - INFO - [2023BPix] MISSING_CENTRAL: ZG3Mu/Central/muons/1/pt in Skim_TriLep_TTG_PTG10to100.root
2026-01-28 17:06:56,548 - INFO - [2023BPix] MISSING_CENTRAL: ZG3Mu/Central/muons/1/pt in Skim_TriLep_TTG_PTG100to200.root
2026-01-28 17:06:56,549 - INFO - [2023BPix] MISSING_CENTRAL: ZG3Mu/Central/muons/1/pt in Skim_TriLep_TTG_PTG200toInf.root
2026-01-28 17:06:56,549 - INFO - [2023BPix] MISSING_CENTRAL: ZG3Mu/Central/muons/1/pt in Skim_TriLep_TTWToLNu.root
2026-01-28 17:06:56,636 - INFO - [2023BPix] MISSING_CENTRAL: ZG3Mu/Central/muons/1/pt in Skim_TriLep_tHq.root
2026-01-28 17:07:01,999 - INFO - [2023BPix] MISSING_CENTRAL: ZG3Mu/Central/muons/1/pt in Skim_TriLep_DYJets10to50.root
2026-01-28 17:07:01,999 - INFO - [2023BPix] MISSING_CENTRAL: ZG3Mu/Central/muons/1/pt in Skim_TriLep_TTG_PTG10to100.root
2026-01-28 17:07:02,000 - INFO - [2023BPix] MISSING_CENTRAL: ZG3Mu/Central/muons/1/pt in Skim_TriLep_TTG_PTG100to200.root
2026-01-28 17:07:02,000 - INFO - [2023BPix] MISSING_CENTRAL: ZG3Mu/Central/muons/1/pt in Skim_TriLep_TTG_PTG200toInf.root
2026-01-28 17:07:02,001 - INFO - [2023BPix] MISSING_CENTRAL: ZG3Mu/Central/muons/1/pt in Skim_TriLep_TTWToLNu.root
2026-01-28 17:07:02,016 - INFO - [2023BPix] MISSING_CENTRAL: ZG3Mu/Central/muons/1/pt in Skim_TriLep_tHq.root
2026-01-28 17:27:32,620 - INFO - [2023BPix] MISSING_CENTRAL: ZG3Mu/Central/muons/1/pt in Skim_TriLep_DYJets10to50.root
2026-01-28 17:27:32,621 - INFO - [2023BPix] MISSING_CENTRAL: ZG3Mu/Central/muons/1/pt in Skim_TriLep_TTG_PTG10to100.root
2026-01-28 17:27:32,621 - INFO - [2023BPix] MISSING_CENTRAL: ZG3Mu/Central/muons/1/pt in Skim_TriLep_TTG_PTG100to200.root
2026-01-28 17:27:32,622 - INFO - [2023BPix] MISSING_CENTRAL: ZG3Mu/Central/muons/1/pt in Skim_TriLep_TTG_PTG200toInf.root
2026-01-28 17:27:32,623 - INFO - [2023BPix] MISSING_CENTRAL: ZG3Mu/Central/muons/1/pt in Skim_TriLep_TTWToLNu.root
2026-01-28 17:27:32,716 - INFO - [2023BPix] MISSING_CENTRAL: ZG3Mu/Central/muons/1/pt in Skim_TriLep_tHq.root
2026-01-28 17:27:37,574 - INFO - [2023BPix] MISSING_CENTRAL: ZG3Mu/Central/muons/1/pt in Skim_TriLep_DYJets10to50.root
2026-01-28 17:27:37,575 - INFO - [2023BPix] MISSING_CENTRAL: ZG3Mu/Central/muons/1/pt in Skim_TriLep_TTG_PTG10to100.root
2026-01-28 17:27:37,576 - INFO - [2023BPix] MISSING_CENTRAL: ZG3Mu/Central/muons/1/pt in Skim_TriLep_TTG_PTG100to200.root
2026-01-28 17:27:37,576 - INFO - [2023BPix] MISSING_CENTRAL: ZG3Mu/Central/muons/1/pt in Skim_TriLep_TTG_PTG200toInf.root
2026-01-28 17:27:37,576 - INFO - [2023BPix] MISSING_CENTRAL: ZG3Mu/Central/muons/1/pt in Skim_TriLep_TTWToLNu.root
2026-01-28 17:27:37,592 - INFO - [2023BPix] MISSING_CENTRAL: ZG3Mu/Central/muons/1/pt in Skim_TriLep_tHq.root
2026-01-28 20:01:13,842 - INFO - [2023BPix] MISSING_CENTRAL: ZG3Mu/Central/muons/1/pt in Skim_TriLep_DYJets10to50.root
2026-01-28 20:01:13,842 - INFO - [2023BPix] MISSING_CENTRAL: ZG3Mu/Central/muons/1/pt in Skim_TriLep_TTG_PTG10to100.root
2026-01-28 20:01:13,843 - INFO - [2023BPix] MISSING_CENTRAL: ZG3Mu/Central/muons/1/pt in Skim_TriLep_TTG_PTG100to200.root
2026-01-28 20:01:13,843 - INFO - [2023BPix] MISSING_CENTRAL: ZG3Mu/Central/muons/1/pt in Skim_TriLep_TTG_PTG200toInf.root
2026-01-28 20:01:13,843 - INFO - [2023BPix] MISSING_CENTRAL: ZG3Mu/Central/muons/1/pt in Skim_TriLep_TTWToLNu.root
2026-01-28 20:01:13,924 - INFO - [2023BPix] MISSING_CENTRAL: ZG3Mu/Central/muons/1/pt in Skim_TriLep_tHq.root
2026-01-28 20:01:18,708 - INFO - [2023BPix] MISSING_CENTRAL: ZG3Mu/Central/muons/1/pt in Skim_TriLep_DYJets10to50.root
2026-01-28 20:01:18,709 - INFO - [2023BPix] MISSING_CENTRAL: ZG3Mu/Central/muons/1/pt in Skim_TriLep_TTG_PTG10to100.root
2026-01-28 20:01:18,709 - INFO - [2023BPix] MISSING_CENTRAL: ZG3Mu/Central/muons/1/pt in Skim_TriLep_TTG_PTG100to200.root
2026-01-28 20:01:18,710 - INFO - [2023BPix] MISSING_CENTRAL: ZG3Mu/Central/muons/1/pt in Skim_TriLep_TTG_PTG200toInf.root
2026-01-28 20:01:18,710 - INFO - [2023BPix] MISSING_CENTRAL: ZG3Mu/Central/muons/1/pt in Skim_TriLep_TTWToLNu.root
2026-01-28 20:01:18,725 - INFO - [2023BPix] MISSING_CENTRAL: ZG3Mu/Central/muons/1/pt in Skim_TriLep_tHq.root
2026-01-29 07:17:56,638 - INFO - [2023BPix] MISSING_CENTRAL: ZG3Mu/Central/muons/1/pt in Skim_TriLep_DYJets10to50.root
2026-01-29 07:17:56,639 - INFO - [2023BPix] MISSING_CENTRAL: ZG3Mu/Central/muons/1/pt in Skim_TriLep_TTG_PTG10to100.root
2026-01-29 07:17:56,639 - INFO - [2023BPix] MISSING_CENTRAL: ZG3Mu/Central/muons/1/pt in Skim_TriLep_TTG_PTG100to200.root
2026-01-29 07:17:56,640 - INFO - [2023BPix] MISSING_CENTRAL: ZG3Mu/Central/muons/1/pt in Skim_TriLep_TTG_PTG200toInf.root
2026-01-29 07:17:56,640 - INFO - [2023BPix] MISSING_CENTRAL: ZG3Mu/Central/muons/1/pt in Skim_TriLep_TTWToLNu.root
2026-01-29 07:17:56,732 - INFO - [2023BPix] MISSING_CENTRAL: ZG3Mu/Central/muons/1/pt in Skim_TriLep_tHq.root
2026-01-29 07:18:01,326 - INFO - [2023BPix] MISSING_CENTRAL: ZG3Mu/Central/muons/1/pt in Skim_TriLep_DYJets10to50.root
2026-01-29 07:18:01,327 - INFO - [2023BPix] MISSING_CENTRAL: ZG3Mu/Central/muons/1/pt in Skim_TriLep_TTG_PTG10to100.root
2026-01-29 07:18:01,327 - INFO - [2023BPix] MISSING_CENTRAL: ZG3Mu/Central/muons/1/pt in Skim_TriLep_TTG_PTG100to200.root
2026-01-29 07:18:01,328 - INFO - [2023BPix] MISSING_CENTRAL: ZG3Mu/Central/muons/1/pt in Skim_TriLep_TTG_PTG200toInf.root
2026-01-29 07:18:01,328 - INFO - [2023BPix] MISSING_CENTRAL: ZG3Mu/Central/muons/1/pt in Skim_TriLep_TTWToLNu.root
2026-01-29 07:18:01,341 - INFO - [2023BPix] MISSING_CENTRAL: ZG3Mu/Central/muons/1/pt in Skim_TriLep_tHq.root
2026-03-02 12:03:06,320 - INFO - [2023BPix] MISSING_CENTRAL: ZG3Mu/Central/muons/1/pt in Skim_TriLep_DYJets10to50.root
2026-03-02 12:03:06,321 - INFO - [2023BPix] MISSING_CENTRAL: ZG3Mu/Central/muons/1/pt in Skim_TriLep_TTG_PTG10to100.root
2026-03-02 12:03:06,322 - INFO - [2023BPix] MISSING_CENTRAL: ZG3Mu/Central/muons/1/pt in Skim_TriLep_TTG_PTG100to200.root
2026-03-02 12:03:06,322 - INFO - [2023BPix] MISSING_CENTRAL: ZG3Mu/Central/muons/1/pt in Skim_TriLep_TTG_PTG200toInf.root
2026-03-02 12:03:06,323 - INFO - [2023BPix] MISSING_CENTRAL: ZG3Mu/Central/muons/1/pt in Skim_TriLep_TTWToLNu.root
2026-03-02 12:03:06,395 - INFO - [2023BPix] MISSING_CENTRAL: ZG3Mu/Central/muons/1/pt in Skim_TriLep_tHq.root
2026-03-02 12:03:11,073 - INFO - [2023BPix] MISSING_CENTRAL: ZG3Mu/Central/muons/1/pt in Skim_TriLep_DYJets10to50.root
2026-03-02 12:03:11,073 - INFO - [2023BPix] MISSING_CENTRAL: ZG3Mu/Central/muons/1/pt in Skim_TriLep_TTG_PTG10to100.root
2026-03-02 12:03:11,074 - INFO - [2023BPix] MISSING_CENTRAL: ZG3Mu/Central/muons/1/pt in Skim_TriLep_TTG_PTG100to200.root
2026-03-02 12:03:11,074 - INFO - [2023BPix] MISSING_CENTRAL: ZG3Mu/Central/muons/1/pt in Skim_TriLep_TTG_PTG200toInf.root
2026-03-02 12:03:11,075 - INFO - [2023BPix] MISSING_CENTRAL: ZG3Mu/Central/muons/1/pt in Skim_TriLep_TTWToLNu.root
2026-03-02 12:03:11,088 - INFO - [2023BPix] MISSING_CENTRAL: ZG3Mu/Central/muons/1/pt in Skim_TriLep_tHq.root
2026-04-10 20:15:09,561 - INFO - [2023BPix] MISSING_CENTRAL: ZG3Mu/Central/muons/1/pt in Skim_TriLep_DYJets10to50.root
2026-04-10 20:15:09,561 - INFO - [2023BPix] MISSING_CENTRAL: ZG3Mu/Central/muons/1/pt in Skim_TriLep_TTG_PTG10to100.root
2026-04-10 20:15:09,562 - INFO - [2023BPix] MISSING_CENTRAL: ZG3Mu/Central/muons/1/pt in Skim_TriLep_TTG_PTG100to200.root
2026-04-10 20:15:09,562 - INFO - [2023BPix] MISSING_CENTRAL: ZG3Mu/Central/muons/1/pt in Skim_TriLep_TTG_PTG200toInf.root
2026-04-10 20:15:09,563 - INFO - [2023BPix] MISSING_CENTRAL: ZG3Mu/Central/muons/1/pt in Skim_TriLep_TTWToLNu.root
2026-04-10 20:15:09,645 - INFO - [2023BPix] MISSING_CENTRAL: ZG3Mu/Central/muons/1/pt in Skim_TriLep_tHq.root
2026-04-10 20:15:13,965 - INFO - [2023BPix] MISSING_CENTRAL: ZG3Mu/Central/muons/1/pt in Skim_TriLep_DYJets10to50.root
2026-04-10 20:15:13,966 - INFO - [2023BPix] MISSING_CENTRAL: ZG3Mu/Central/muons/1/pt in Skim_TriLep_TTG_PTG10to100.root
2026-04-10 20:15:13,966 - INFO - [2023BPix] MISSING_CENTRAL: ZG3Mu/Central/muons/1/pt in Skim_TriLep_TTG_PTG100to200.root
2026-04-10 20:15:13,966 - INFO - [2023BPix] MISSING_CENTRAL: ZG3Mu/Central/muons/1/pt in Skim_TriLep_TTG_PTG200toInf.root
2026-04-10 20:15:13,967 - INFO - [2023BPix] MISSING_CENTRAL: ZG3Mu/Central/muons/1/pt in Skim_TriLep_TTWToLNu.root
2026-04-10 20:15:13,979 - INFO - [2023BPix] MISSING_CENTRAL: ZG3Mu/Central/muons/1/pt in Skim_TriLep_tHq.root
2026-04-12 11:29:58,189 - INFO - [2023BPix] MISSING_CENTRAL: ZG3Mu/Central/muons/1/pt in Skim_TriLep_DYJets10to50.root
2026-04-12 11:29:58,191 - INFO - [2023BPix] MISSING_CENTRAL: ZG3Mu/Central/muons/1/pt in Skim_TriLep_TTG_PTG10to100.root
2026-04-12 11:29:58,192 - INFO - [2023BPix] MISSING_CENTRAL: ZG3Mu/Central/muons/1/pt in Skim_TriLep_TTG_PTG100to200.root
2026-04-12 11:29:58,192 - INFO - [2023BPix] MISSING_CENTRAL: ZG3Mu/Central/muons/1/pt in Skim_TriLep_TTG_PTG200toInf.root
2026-04-12 11:29:58,193 - INFO - [2023BPix] MISSING_CENTRAL: ZG3Mu/Central/muons/1/pt in Skim_TriLep_TTWToLNu.root
2026-04-12 11:29:58,336 - INFO - [2023BPix] MISSING_CENTRAL: ZG3Mu/Central/muons/1/pt in Skim_TriLep_tHq.root
2026-04-12 11:30:03,230 - INFO - [2023BPix] MISSING_CENTRAL: ZG3Mu/Central/muons/1/pt in Skim_TriLep_DYJets10to50.root
2026-04-12 11:30:03,231 - INFO - [2023BPix] MISSING_CENTRAL: ZG3Mu/Central/muons/1/pt in Skim_TriLep_TTG_PTG10to100.root
2026-04-12 11:30:03,231 - INFO - [2023BPix] MISSING_CENTRAL: ZG3Mu/Central/muons/1/pt in Skim_TriLep_TTG_PTG100to200.root
2026-04-12 11:30:03,232 - INFO - [2023BPix] MISSING_CENTRAL: ZG3Mu/Central/muons/1/pt in Skim_TriLep_TTG_PTG200toInf.root
2026-04-12 11:30:03,232 - INFO - [2023BPix] MISSING_CENTRAL: ZG3Mu/Central/muons/1/pt in Skim_TriLep_TTWToLNu.root
2026-04-12 11:30:03,245 - INFO - [2023BPix] MISSING_CENTRAL: ZG3Mu/Central/muons/1/pt in Skim_TriLep_tHq.root
2026-04-12 12:12:24,991 - INFO - [2023BPix] MISSING_CENTRAL: ZG3Mu/Central/muons/1/pt in Skim_TriLep_DYJets10to50.root
2026-04-12 12:12:24,992 - INFO - [2023BPix] MISSING_CENTRAL: ZG3Mu/Central/muons/1/pt in Skim_TriLep_TTG_PTG10to100.root
2026-04-12 12:12:24,992 - INFO - [2023BPix] MISSING_CENTRAL: ZG3Mu/Central/muons/1/pt in Skim_TriLep_TTG_PTG100to200.root
2026-04-12 12:12:24,993 - INFO - [2023BPix] MISSING_CENTRAL: ZG3Mu/Central/muons/1/pt in Skim_TriLep_TTG_PTG200toInf.root
2026-04-12 12:12:24,993 - INFO - [2023BPix] MISSING_CENTRAL: ZG3Mu/Central/muons/1/pt in Skim_TriLep_TTWToLNu.root
2026-04-12 12:12:25,048 - INFO - [2023BPix] MISSING_CENTRAL: ZG3Mu/Central/muons/1/pt in Skim_TriLep_tHq.root
2026-04-12 12:12:29,316 - INFO - [2023BPix] MISSING_CENTRAL: ZG3Mu/Central/muons/1/pt in Skim_TriLep_DYJets10to50.root
2026-04-12 12:12:29,316 - INFO - [2023BPix] MISSING_CENTRAL: ZG3Mu/Central/muons/1/pt in Skim_TriLep_TTG_PTG10to100.root
2026-04-12 12:12:29,317 - INFO - [2023BPix] MISSING_CENTRAL: ZG3Mu/Central/muons/1/pt in Skim_TriLep_TTG_PTG100to200.root
2026-04-12 12:12:29,317 - INFO - [2023BPix] MISSING_CENTRAL: ZG3Mu/Central/muons/1/pt in Skim_TriLep_TTG_PTG200toInf.root
2026-04-12 12:12:29,318 - INFO - [2023BPix] MISSING_CENTRAL: ZG3Mu/Central/muons/1/pt in Skim_TriLep_TTWToLNu.root
2026-04-12 12:12:29,330 - INFO - [2023BPix] MISSING_CENTRAL: ZG3Mu/Central/muons/1/pt in Skim_TriLep_tHq.root
2026-04-12 12:32:04,333 - INFO - [2023BPix] MISSING_CENTRAL: ZG3Mu/Central/muons/1/pt in Skim_TriLep_DYJets10to50.root
2026-04-12 12:32:04,333 - INFO - [2023BPix] MISSING_CENTRAL: ZG3Mu/Central/muons/1/pt in Skim_TriLep_TTG_PTG10to100.root
2026-04-12 12:32:04,334 - INFO - [2023BPix] MISSING_CENTRAL: ZG3Mu/Central/muons/1/pt in Skim_TriLep_TTG_PTG100to200.root
2026-04-12 12:32:04,334 - INFO - [2023BPix] MISSING_CENTRAL: ZG3Mu/Central/muons/1/pt in Skim_TriLep_TTG_PTG200toInf.root
2026-04-12 12:32:04,335 - INFO - [2023BPix] MISSING_CENTRAL: ZG3Mu/Central/muons/1/pt in Skim_TriLep_TTWToLNu.root
2026-04-12 12:32:04,405 - INFO - [2023BPix] MISSING_CENTRAL: ZG3Mu/Central/muons/1/pt in Skim_TriLep_tHq.root
2026-04-12 12:32:08,723 - INFO - [2023BPix] MISSING_CENTRAL: ZG3Mu/Central/muons/1/pt in Skim_TriLep_DYJets10to50.root
2026-04-12 12:32:08,723 - INFO - [2023BPix] MISSING_CENTRAL: ZG3Mu/Central/muons/1/pt in Skim_TriLep_TTG_PTG10to100.root
2026-04-12 12:32:08,724 - INFO - [2023BPix] MISSING_CENTRAL: ZG3Mu/Central/muons/1/pt in Skim_TriLep_TTG_PTG100to200.root
2026-04-12 12:32:08,724 - INFO - [2023BPix] MISSING_CENTRAL: ZG3Mu/Central/muons/1/pt in Skim_TriLep_TTG_PTG200toInf.root
2026-04-12 12:32:08,725 - INFO - [2023BPix] MISSING_CENTRAL: ZG3Mu/Central/muons/1/pt in Skim_TriLep_TTWToLNu.root
2026-04-12 12:32:08,737 - INFO - [2023BPix] MISSING_CENTRAL: ZG3Mu/Central/muons/1/pt in Skim_TriLep_tHq.root
2026-04-12 20:40:04,082 - INFO - [2023BPix] MISSING_CENTRAL: ZG3Mu/Central/muons/1/pt in Skim_TriLep_DYJets10to50.root
2026-04-12 20:40:04,083 - INFO - [2023BPix] MISSING_CENTRAL: ZG3Mu/Central/muons/1/pt in Skim_TriLep_TTG_PTG10to100.root
2026-04-12 20:40:04,083 - INFO - [2023BPix] MISSING_CENTRAL: ZG3Mu/Central/muons/1/pt in Skim_TriLep_TTG_PTG100to200.root
2026-04-12 20:40:04,084 - INFO - [2023BPix] MISSING_CENTRAL: ZG3Mu/Central/muons/1/pt in Skim_TriLep_TTG_PTG200toInf.root
2026-04-12 20:40:04,084 - INFO - [2023BPix] MISSING_CENTRAL: ZG3Mu/Central/muons/1/pt in Skim_TriLep_TTWToLNu.root
2026-04-12 20:40:04,150 - INFO - [2023BPix] MISSING_CENTRAL: ZG3Mu/Central/muons/1/pt in Skim_TriLep_tHq.root
2026-04-12 20:40:08,307 - INFO - [2023BPix] MISSING_CENTRAL: ZG3Mu/Central/muons/1/pt in Skim_TriLep_DYJets10to50.root
2026-04-12 20:40:08,307 - INFO - [2023BPix] MISSING_CENTRAL: ZG3Mu/Central/muons/1/pt in Skim_TriLep_TTG_PTG10to100.root
2026-04-12 20:40:08,308 - INFO - [2023BPix] MISSING_CENTRAL: ZG3Mu/Central/muons/1/pt in Skim_TriLep_TTG_PTG100to200.root
2026-04-12 20:40:08,308 - INFO - [2023BPix] MISSING_CENTRAL: ZG3Mu/Central/muons/1/pt in Skim_TriLep_TTG_PTG200toInf.root
2026-04-12 20:40:08,309 - INFO - [2023BPix] MISSING_CENTRAL: ZG3Mu/Central/muons/1/pt in Skim_TriLep_TTWToLNu.root
2026-04-12 20:40:08,321 - INFO - [2023BPix] MISSING_CENTRAL: ZG3Mu/Central/muons/1/pt in Skim_TriLep_tHq.root
2026-04-12 21:11:41,975 - INFO - [2023BPix] MISSING_CENTRAL: ZG3Mu/Central/muons/1/pt in Skim_TriLep_DYJets10to50.root
2026-04-12 21:11:41,975 - INFO - [2023BPix] MISSING_CENTRAL: ZG3Mu/Central/muons/1/pt in Skim_TriLep_TTG_PTG10to100.root
2026-04-12 21:11:41,976 - INFO - [2023BPix] MISSING_CENTRAL: ZG3Mu/Central/muons/1/pt in Skim_TriLep_TTG_PTG100to200.root
2026-04-12 21:11:41,976 - INFO - [2023BPix] MISSING_CENTRAL: ZG3Mu/Central/muons/1/pt in Skim_TriLep_TTG_PTG200toInf.root
2026-04-12 21:11:41,977 - INFO - [2023BPix] MISSING_CENTRAL: ZG3Mu/Central/muons/1/pt in Skim_TriLep_TTWToLNu.root
2026-04-12 21:11:42,043 - INFO - [2023BPix] MISSING_CENTRAL: ZG3Mu/Central/muons/1/pt in Skim_TriLep_tHq.root
2026-04-12 21:11:46,396 - INFO - [2023BPix] MISSING_CENTRAL: ZG3Mu/Central/muons/1/pt in Skim_TriLep_DYJets10to50.root
2026-04-12 21:11:46,396 - INFO - [2023BPix] MISSING_CENTRAL: ZG3Mu/Central/muons/1/pt in Skim_TriLep_TTG_PTG10to100.root
2026-04-12 21:11:46,397 - INFO - [2023BPix] MISSING_CENTRAL: ZG3Mu/Central/muons/1/pt in Skim_TriLep_TTG_PTG100to200.root
2026-04-12 21:11:46,397 - INFO - [2023BPix] MISSING_CENTRAL: ZG3Mu/Central/muons/1/pt in Skim_TriLep_TTG_PTG200toInf.root
2026-04-12 21:11:46,397 - INFO - [2023BPix] MISSING_CENTRAL: ZG3Mu/Central/muons/1/pt in Skim_TriLep_TTWToLNu.root
2026-04-12 21:11:46,413 - INFO - [2023BPix] MISSING_CENTRAL: ZG3Mu/Central/muons/1/pt in Skim_TriLep_tHq.root
2026-04-13 12:49:08,030 - INFO - [2023BPix] MISSING_CENTRAL: ZG3Mu/Central/muons/1/pt in Skim_TriLep_DYJets10to50.root
2026-04-13 12:49:08,031 - INFO - [2023BPix] MISSING_CENTRAL: ZG3Mu/Central/muons/1/pt in Skim_TriLep_TTG_PTG10to100.root
2026-04-13 12:49:08,031 - INFO - [2023BPix] MISSING_CENTRAL: ZG3Mu/Central/muons/1/pt in Skim_TriLep_TTG_PTG100to200.root
2026-04-13 12:49:08,032 - INFO - [2023BPix] MISSING_CENTRAL: ZG3Mu/Central/muons/1/pt in Skim_TriLep_TTG_PTG200toInf.root
2026-04-13 12:49:08,032 - INFO - [2023BPix] MISSING_CENTRAL: ZG3Mu/Central/muons/1/pt in Skim_TriLep_TTWToLNu.root
2026-04-13 12:49:08,109 - INFO - [2023BPix] MISSING_CENTRAL: ZG3Mu/Central/muons/1/pt in Skim_TriLep_tHq.root
2026-04-13 12:49:12,370 - INFO - [2023BPix] MISSING_CENTRAL: ZG3Mu/Central/muons/1/pt in Skim_TriLep_DYJets10to50.root
2026-04-13 12:49:12,370 - INFO - [2023BPix] MISSING_CENTRAL: ZG3Mu/Central/muons/1/pt in Skim_TriLep_TTG_PTG10to100.root
2026-04-13 12:49:12,371 - INFO - [2023BPix] MISSING_CENTRAL: ZG3Mu/Central/muons/1/pt in Skim_TriLep_TTG_PTG100to200.root
2026-04-13 12:49:12,371 - INFO - [2023BPix] MISSING_CENTRAL: ZG3Mu/Central/muons/1/pt in Skim_TriLep_TTG_PTG200toInf.root
2026-04-13 12:49:12,372 - INFO - [2023BPix] MISSING_CENTRAL: ZG3Mu/Central/muons/1/pt in Skim_TriLep_TTWToLNu.root
2026-04-13 12:49:12,384 - INFO - [2023BPix] MISSING_CENTRAL: ZG3Mu/Central/muons/1/pt in Skim_TriLep_tHq.root
2026-06-12 14:10:11,444 - INFO - [2023BPix] MISSING_CENTRAL: ZG3Mu/Central/muons/1/pt in Skim_TriLep_DYJets10to50.root
2026-06-12 14:10:11,445 - INFO - [2023BPix] MISSING_CENTRAL: ZG3Mu/Central/muons/1/pt in Skim_TriLep_TTG_PTG10to100.root
2026-06-12 14:10:11,445 - INFO - [2023BPix] MISSING_CENTRAL: ZG3Mu/Central/muons/1/pt in Skim_TriLep_TTG_PTG100to200.root
2026-06-12 14:10:11,446 - INFO - [2023BPix] MISSING_CENTRAL: ZG3Mu/Central/muons/1/pt in Skim_TriLep_TTG_PTG200toInf.root
2026-06-12 14:10:11,446 - INFO - [2023BPix] MISSING_CENTRAL: ZG3Mu/Central/muons/1/pt in Skim_TriLep_TTWToLNu.root
2026-06-12 14:10:11,522 - INFO - [2023BPix] MISSING_CENTRAL: ZG3Mu/Central/muons/1/pt in Skim_TriLep_tHq.root
2026-06-12 14:10:15,883 - INFO - [2023BPix] MISSING_CENTRAL: ZG3Mu/Central/muons/1/pt in Skim_TriLep_DYJets10to50.root
2026-06-12 14:10:15,884 - INFO - [2023BPix] MISSING_CENTRAL: ZG3Mu/Central/muons/1/pt in Skim_TriLep_TTG_PTG10to100.root
2026-06-12 14:10:15,884 - INFO - [2023BPix] MISSING_CENTRAL: ZG3Mu/Central/muons/1/pt in Skim_TriLep_TTG_PTG100to200.root
2026-06-12 14:10:15,885 - INFO - [2023BPix] MISSING_CENTRAL: ZG3Mu/Central/muons/1/pt in Skim_TriLep_TTG_PTG200toInf.root
2026-06-12 14:10:15,885 - INFO - [2023BPix] MISSING_CENTRAL: ZG3Mu/Central/muons/1/pt in Skim_TriLep_TTWToLNu.root
2026-06-12 14:10:15,898 - INFO - [2023BPix] MISSING_CENTRAL: ZG3Mu/Central/muons/1/pt in Skim_TriLep_tHq.root
2026-06-12 14:33:42,768 - INFO - [2023BPix] MISSING_CENTRAL: ZG3Mu/Central/muons/1/pt in Skim_TriLep_DYJets10to50.root
2026-06-12 14:33:42,768 - INFO - [2023BPix] MISSING_CENTRAL: ZG3Mu/Central/muons/1/pt in Skim_TriLep_TTG_PTG10to100.root
2026-06-12 14:33:42,769 - INFO - [2023BPix] MISSING_CENTRAL: ZG3Mu/Central/muons/1/pt in Skim_TriLep_TTG_PTG100to200.root
2026-06-12 14:33:42,769 - INFO - [2023BPix] MISSING_CENTRAL: ZG3Mu/Central/muons/1/pt in Skim_TriLep_TTG_PTG200toInf.root
2026-06-12 14:33:42,770 - INFO - [2023BPix] MISSING_CENTRAL: ZG3Mu/Central/muons/1/pt in Skim_TriLep_TTWToLNu.root
2026-06-12 14:33:42,848 - INFO - [2023BPix] MISSING_CENTRAL: ZG3Mu/Central/muons/1/pt in Skim_TriLep_tHq.root
2026-06-12 14:33:47,170 - INFO - [2023BPix] MISSING_CENTRAL: ZG3Mu/Central/muons/1/pt in Skim_TriLep_DYJets10to50.root
2026-06-12 14:33:47,170 - INFO - [2023BPix] MISSING_CENTRAL: ZG3Mu/Central/muons/1/pt in Skim_TriLep_TTG_PTG10to100.root
2026-06-12 14:33:47,171 - INFO - [2023BPix] MISSING_CENTRAL: ZG3Mu/Central/muons/1/pt in Skim_TriLep_TTG_PTG100to200.root
2026-06-12 14:33:47,171 - INFO - [2023BPix] MISSING_CENTRAL: ZG3Mu/Central/muons/1/pt in Skim_TriLep_TTG_PTG200toInf.root
2026-06-12 14:33:47,172 - INFO - [2023BPix] MISSING_CENTRAL: ZG3Mu/Central/muons/1/pt in Skim_TriLep_TTWToLNu.root
2026-06-12 14:33:47,185 - INFO - [2023BPix] MISSING_CENTRAL: ZG3Mu/Central/muons/1/pt in Skim_TriLep_tHq.root
2026-06-18 00:28:24,980 - INFO - [2023BPix] MISSING_CENTRAL: ZG3Mu/Central/muons/1/pt in Skim_TriLep_DYJets10to50.root
2026-06-18 00:28:24,982 - INFO - [2023BPix] MISSING_CENTRAL: ZG3Mu/Central/muons/1/pt in Skim_TriLep_TTG_PTG10to100.root
2026-06-18 00:28:24,983 - INFO - [2023BPix] MISSING_CENTRAL: ZG3Mu/Central/muons/1/pt in Skim_TriLep_TTG_PTG100to200.root
2026-06-18 00:28:24,983 - INFO - [2023BPix] MISSING_CENTRAL: ZG3Mu/Central/muons/1/pt in Skim_TriLep_TTG_PTG200toInf.root
2026-06-18 00:28:24,985 - INFO - [2023BPix] MISSING_CENTRAL: ZG3Mu/Central/muons/1/pt in Skim_TriLep_TTWToLNu.root
2026-06-18 00:28:25,103 - INFO - [2023BPix] MISSING_CENTRAL: ZG3Mu/Central/muons/1/pt in Skim_TriLep_tHq.root
2026-06-18 00:28:29,844 - INFO - [2023BPix] MISSING_CENTRAL: ZG3Mu/Central/muons/1/pt in Skim_TriLep_DYJets10to50.root
2026-06-18 00:28:29,844 - INFO - [2023BPix] MISSING_CENTRAL: ZG3Mu/Central/muons/1/pt in Skim_TriLep_TTG_PTG10to100.root
2026-06-18 00:28:29,845 - INFO - [2023BPix] MISSING_CENTRAL: ZG3Mu/Central/muons/1/pt in Skim_TriLep_TTG_PTG100to200.root
2026-06-18 00:28:29,845 - INFO - [2023BPix] MISSING_CENTRAL: ZG3Mu/Central/muons/1/pt in Skim_TriLep_TTG_PTG200toInf.root
2026-06-18 00:28:29,846 - INFO - [2023BPix] MISSING_CENTRAL: ZG3Mu/Central/muons/1/pt in Skim_TriLep_TTWToLNu.root
2026-06-18 00:28:29,859 - INFO - [2023BPix] MISSING_CENTRAL: ZG3Mu/Central/muons/1/pt in Skim_TriLep_tHq.root
2026-06-29 16:39:07,380 - INFO - [2023BPix] MISSING_CENTRAL: ZG3Mu/Central/muons/1/pt in Skim_TriLep_DYJets10to50.root
2026-06-29 16:39:07,418 - INFO - [2023BPix] MISSING_CENTRAL: ZG3Mu/Central/muons/1/pt in Skim_TriLep_TTG_PTG10to100.root
2026-06-29 16:39:07,437 - INFO - [2023BPix] MISSING_CENTRAL: ZG3Mu/Central/muons/1/pt in Skim_TriLep_TTG_PTG100to200.root
2026-06-29 16:39:07,450 - INFO - [2023BPix] MISSING_CENTRAL: ZG3Mu/Central/muons/1/pt in Skim_TriLep_TTG_PTG200toInf.root
2026-06-29 16:39:07,491 - INFO - [2023BPix] MISSING_CENTRAL: ZG3Mu/Central/muons/1/pt in Skim_TriLep_TTWToLNu.root
2026-06-29 16:39:08,622 - INFO - [2023BPix] MISSING_CENTRAL: ZG3Mu/Central/muons/1/pt in Skim_TriLep_tHq.root
2026-06-29 16:39:08,622 - INFO - [2023BPix] MISSING_FILE: /data9/Users/choij/Sync/workspace/ChargedHiggsAnalysisV3/SKNanoOutput/PromptAnalyzer/Run3Mu_RunSyst_RunCR_NoTreeMode/2023BPix/Skim_TriLep_tHW.root
2026-06-29 16:39:08,622 - INFO - [2023BPix] MISSING_FILE: /data9/Users/choij/Sync/workspace/ChargedHiggsAnalysisV3/SKNanoOutput/PromptAnalyzer/Run3Mu_RunSyst_RunCR_NoTreeMode/2023BPix/Skim_TriLep_tWZ_thadWlep.root
2026-06-29 16:39:08,622 - INFO - [2023BPix] MISSING_FILE: /data9/Users/choij/Sync/workspace/ChargedHiggsAnalysisV3/SKNanoOutput/PromptAnalyzer/Run3Mu_RunSyst_RunCR_NoTreeMode/2023BPix/Skim_TriLep_tWZ_tlepWhad.root
2026-06-29 16:39:08,623 - INFO - [2023BPix] MISSING_FILE: /data9/Users/choij/Sync/workspace/ChargedHiggsAnalysisV3/SKNanoOutput/PromptAnalyzer/Run3Mu_RunSyst_RunCR_NoTreeMode/2023BPix/Skim_TriLep_tWZ_tlepWlep.root
2026-06-29 16:39:12,757 - INFO - [2023BPix] MISSING_CENTRAL: ZG3Mu/Central/muons/1/pt in Skim_TriLep_DYJets10to50.root
2026-06-29 16:39:12,758 - INFO - [2023BPix] MISSING_CENTRAL: ZG3Mu/Central/muons/1/pt in Skim_TriLep_TTG_PTG10to100.root
2026-06-29 16:39:12,759 - INFO - [2023BPix] MISSING_CENTRAL: ZG3Mu/Central/muons/1/pt in Skim_TriLep_TTG_PTG100to200.root
2026-06-29 16:39:12,759 - INFO - [2023BPix] MISSING_CENTRAL: ZG3Mu/Central/muons/1/pt in Skim_TriLep_TTG_PTG200toInf.root
2026-06-29 16:39:12,760 - INFO - [2023BPix] MISSING_CENTRAL: ZG3Mu/Central/muons/1/pt in Skim_TriLep_TTWToLNu.root
2026-06-29 16:39:12,777 - INFO - [2023BPix] MISSING_CENTRAL: ZG3Mu/Central/muons/1/pt in Skim_TriLep_tHq.root
2026-06-29 16:39:12,777 - INFO - [2023BPix] MISSING_FILE: /data9/Users/choij/Sync/workspace/ChargedHiggsAnalysisV3/SKNanoOutput/PromptAnalyzer/Run3Mu_RunSyst_RunCR_NoTreeMode/2023BPix/Skim_TriLep_tHW.root
2026-06-29 16:39:12,778 - INFO - [2023BPix] MISSING_FILE: /data9/Users/choij/Sync/workspace/ChargedHiggsAnalysisV3/SKNanoOutput/PromptAnalyzer/Run3Mu_RunSyst_RunCR_NoTreeMode/2023BPix/Skim_TriLep_tWZ_thadWlep.root
2026-06-29 16:39:12,778 - INFO - [2023BPix] MISSING_FILE: /data9/Users/choij/Sync/workspace/ChargedHiggsAnalysisV3/SKNanoOutput/PromptAnalyzer/Run3Mu_RunSyst_RunCR_NoTreeMode/2023BPix/Skim_TriLep_tWZ_tlepWhad.root
2026-06-29 16:39:12,778 - INFO - [2023BPix] MISSING_FILE: /data9/Users/choij/Sync/workspace/ChargedHiggsAnalysisV3/SKNanoOutput/PromptAnalyzer/Run3Mu_RunSyst_RunCR_NoTreeMode/2023BPix/Skim_TriLep_tWZ_tlepWlep.root
2026-07-01 05:34:05,829 - INFO - [2023BPix] MISSING_CENTRAL: ZG3Mu/Central/muons/1/pt in Skim_TriLep_DYJets10to50.root
2026-07-01 05:34:05,830 - INFO - [2023BPix] MISSING_CENTRAL: ZG3Mu/Central/muons/1/pt in Skim_TriLep_TTG_PTG10to100.root
2026-07-01 05:34:05,831 - INFO - [2023BPix] MISSING_CENTRAL: ZG3Mu/Central/muons/1/pt in Skim_TriLep_TTG_PTG100to200.root
2026-07-01 05:34:05,832 - INFO - [2023BPix] MISSING_CENTRAL: ZG3Mu/Central/muons/1/pt in Skim_TriLep_TTG_PTG200toInf.root
2026-07-01 05:34:05,833 - INFO - [2023BPix] MISSING_CENTRAL: ZG3Mu/Central/muons/1/pt in Skim_TriLep_TTWToLNu.root
2026-07-01 05:34:06,073 - INFO - [2023BPix] MISSING_CENTRAL: ZG3Mu/Central/muons/1/pt in Skim_TriLep_tHq.root
2026-07-01 05:34:10,581 - INFO - [2023BPix] MISSING_CENTRAL: ZG3Mu/Central/muons/1/pt in Skim_TriLep_DYJets10to50.root
2026-07-01 05:34:10,582 - INFO - [2023BPix] MISSING_CENTRAL: ZG3Mu/Central/muons/1/pt in Skim_TriLep_TTG_PTG10to100.root
2026-07-01 05:34:10,584 - INFO - [2023BPix] MISSING_CENTRAL: ZG3Mu/Central/muons/1/pt in Skim_TriLep_TTG_PTG100to200.root
2026-07-01 05:34:10,585 - INFO - [2023BPix] MISSING_CENTRAL: ZG3Mu/Central/muons/1/pt in Skim_TriLep_TTG_PTG200toInf.root
2026-07-01 05:34:10,586 - INFO - [2023BPix] MISSING_CENTRAL: ZG3Mu/Central/muons/1/pt in Skim_TriLep_TTWToLNu.root
2026-07-01 05:34:10,610 - INFO - [2023BPix] MISSING_CENTRAL: ZG3Mu/Central/muons/1/pt in Skim_TriLep_tHq.root
2026-07-01 05:59:44,326 - INFO - [2023BPix] MISSING_FILE: /data9/Users/choij/Sync/workspace/ChargedHiggsAnalysisV3/SKNanoOutput/PromptAnalyzer/Run3Mu_RunCR_NoTreeMode/2023BPix/Skim_TriLep_Muon0_D_v1.root
2026-07-01 05:59:44,326 - INFO - [2023BPix] MISSING_FILE: /data9/Users/choij/Sync/workspace/ChargedHiggsAnalysisV3/SKNanoOutput/PromptAnalyzer/Run3Mu_RunCR_NoTreeMode/2023BPix/Skim_TriLep_Muon0_D_v2.root
2026-07-01 05:59:44,326 - INFO - [2023BPix] MISSING_FILE: /data9/Users/choij/Sync/workspace/ChargedHiggsAnalysisV3/SKNanoOutput/PromptAnalyzer/Run3Mu_RunCR_NoTreeMode/2023BPix/Skim_TriLep_Muon1_D_v1.root
2026-07-01 05:59:44,326 - INFO - [2023BPix] MISSING_FILE: /data9/Users/choij/Sync/workspace/ChargedHiggsAnalysisV3/SKNanoOutput/PromptAnalyzer/Run3Mu_RunCR_NoTreeMode/2023BPix/Skim_TriLep_Muon1_D_v2.root
2026-07-01 05:59:47,007 - INFO - [2023BPix] MISSING_FILE: /data9/Users/choij/Sync/workspace/ChargedHiggsAnalysisV3/SKNanoOutput/PromptAnalyzer/Run3Mu_RunCR_NoTreeMode/2023BPix/Skim_TriLep_Muon0_D_v1.root
2026-07-01 05:59:47,007 - INFO - [2023BPix] MISSING_FILE: /data9/Users/choij/Sync/workspace/ChargedHiggsAnalysisV3/SKNanoOutput/PromptAnalyzer/Run3Mu_RunCR_NoTreeMode/2023BPix/Skim_TriLep_Muon0_D_v2.root
2026-07-01 05:59:47,007 - INFO - [2023BPix] MISSING_FILE: /data9/Users/choij/Sync/workspace/ChargedHiggsAnalysisV3/SKNanoOutput/PromptAnalyzer/Run3Mu_RunCR_NoTreeMode/2023BPix/Skim_TriLep_Muon1_D_v1.root
2026-07-01 05:59:47,008 - INFO - [2023BPix] MISSING_FILE: /data9/Users/choij/Sync/workspace/ChargedHiggsAnalysisV3/SKNanoOutput/PromptAnalyzer/Run3Mu_RunCR_NoTreeMode/2023BPix/Skim_TriLep_Muon1_D_v2.root
2026-07-01 06:51:46,210 - INFO - [2023BPix] MISSING_CENTRAL: ZG3Mu/Central/muons/1/pt in Skim_TriLep_DYJets10to50.root
2026-07-01 06:51:46,211 - INFO - [2023BPix] MISSING_CENTRAL: ZG3Mu/Central/muons/1/pt in Skim_TriLep_TTG_PTG10to100.root
2026-07-01 06:51:46,213 - INFO - [2023BPix] MISSING_CENTRAL: ZG3Mu/Central/muons/1/pt in Skim_TriLep_TTG_PTG100to200.root
2026-07-01 06:51:46,214 - INFO - [2023BPix] MISSING_CENTRAL: ZG3Mu/Central/muons/1/pt in Skim_TriLep_TTG_PTG200toInf.root
2026-07-01 06:51:46,215 - INFO - [2023BPix] MISSING_CENTRAL: ZG3Mu/Central/muons/1/pt in Skim_TriLep_TTWToLNu.root
2026-07-01 06:51:46,293 - INFO - [2023BPix] MISSING_CENTRAL: ZG3Mu/Central/muons/1/pt in Skim_TriLep_tHq.root
2026-07-01 06:51:50,076 - INFO - [2023BPix] MISSING_CENTRAL: ZG3Mu/Central/muons/1/pt in Skim_TriLep_DYJets10to50.root
2026-07-01 06:51:50,077 - INFO - [2023BPix] MISSING_CENTRAL: ZG3Mu/Central/muons/1/pt in Skim_TriLep_TTG_PTG10to100.root
2026-07-01 06:51:50,078 - INFO - [2023BPix] MISSING_CENTRAL: ZG3Mu/Central/muons/1/pt in Skim_TriLep_TTG_PTG100to200.root
2026-07-01 06:51:50,079 - INFO - [2023BPix] MISSING_CENTRAL: ZG3Mu/Central/muons/1/pt in Skim_TriLep_TTG_PTG200toInf.root
2026-07-01 06:51:50,079 - INFO - [2023BPix] MISSING_CENTRAL: ZG3Mu/Central/muons/1/pt in Skim_TriLep_TTWToLNu.root
2026-07-01 06:51:50,095 - INFO - [2023BPix] MISSING_CENTRAL: ZG3Mu/Central/muons/1/pt in Skim_TriLep_tHq.root
2026-07-01 15:27:01,566 - INFO - [2023BPix] MISSING_CENTRAL: ZG3Mu/Central/muons/1/pt in Skim_TriLep_DYJets10to50.root
2026-07-01 15:27:01,567 - INFO - [2023BPix] MISSING_CENTRAL: ZG3Mu/Central/muons/1/pt in Skim_TriLep_TTG_PTG10to100.root
2026-07-01 15:27:01,569 - INFO - [2023BPix] MISSING_CENTRAL: ZG3Mu/Central/muons/1/pt in Skim_TriLep_TTG_PTG100to200.root
2026-07-01 15:27:01,570 - INFO - [2023BPix] MISSING_CENTRAL: ZG3Mu/Central/muons/1/pt in Skim_TriLep_TTG_PTG200toInf.root
2026-07-01 15:27:01,572 - INFO - [2023BPix] MISSING_CENTRAL: ZG3Mu/Central/muons/1/pt in Skim_TriLep_TTWToLNu.root
2026-07-01 15:27:01,704 - INFO - [2023BPix] MISSING_CENTRAL: ZG3Mu/Central/muons/1/pt in Skim_TriLep_tHq.root
2026-07-01 15:27:05,421 - INFO - [2023BPix] MISSING_CENTRAL: ZG3Mu/Central/muons/1/pt in Skim_TriLep_DYJets10to50.root
2026-07-01 15:27:05,422 - INFO - [2023BPix] MISSING_CENTRAL: ZG3Mu/Central/muons/1/pt in Skim_TriLep_TTG_PTG10to100.root
2026-07-01 15:27:05,423 - INFO - [2023BPix] MISSING_CENTRAL: ZG3Mu/Central/muons/1/pt in Skim_TriLep_TTG_PTG100to200.root
2026-07-01 15:27:05,425 - INFO - [2023BPix] MISSING_CENTRAL: ZG3Mu/Central/muons/1/pt in Skim_TriLep_TTG_PTG200toInf.root
2026-07-01 15:27:05,426 - INFO - [2023BPix] MISSING_CENTRAL: ZG3Mu/Central/muons/1/pt in Skim_TriLep_TTWToLNu.root
2026-07-01 15:27:05,444 - INFO - [2023BPix] MISSING_CENTRAL: ZG3Mu/Central/muons/1/pt in Skim_TriLep_tHq.root
2026-07-01 17:43:01,504 - INFO - [2023BPix] MISSING_CENTRAL: ZG3Mu/Central/muons/1/pt in Skim_TriLep_DYJets10to50.root
2026-07-01 17:43:01,505 - INFO - [2023BPix] MISSING_CENTRAL: ZG3Mu/Central/muons/1/pt in Skim_TriLep_TTG_PTG10to100.root
2026-07-01 17:43:01,506 - INFO - [2023BPix] MISSING_CENTRAL: ZG3Mu/Central/muons/1/pt in Skim_TriLep_TTG_PTG100to200.root
2026-07-01 17:43:01,506 - INFO - [2023BPix] MISSING_CENTRAL: ZG3Mu/Central/muons/1/pt in Skim_TriLep_TTG_PTG200toInf.root
2026-07-01 17:43:01,507 - INFO - [2023BPix] MISSING_CENTRAL: ZG3Mu/Central/muons/1/pt in Skim_TriLep_TTWToLNu.root
2026-07-01 17:43:01,671 - INFO - [2023BPix] MISSING_CENTRAL: ZG3Mu/Central/muons/1/pt in Skim_TriLep_tHq.root
2026-07-01 17:43:05,853 - INFO - [2023BPix] MISSING_CENTRAL: ZG3Mu/Central/muons/1/pt in Skim_TriLep_DYJets10to50.root
2026-07-01 17:43:05,854 - INFO - [2023BPix] MISSING_CENTRAL: ZG3Mu/Central/muons/1/pt in Skim_TriLep_TTG_PTG10to100.root
2026-07-01 17:43:05,855 - INFO - [2023BPix] MISSING_CENTRAL: ZG3Mu/Central/muons/1/pt in Skim_TriLep_TTG_PTG100to200.root
2026-07-01 17:43:05,856 - INFO - [2023BPix] MISSING_CENTRAL: ZG3Mu/Central/muons/1/pt in Skim_TriLep_TTG_PTG200toInf.root
2026-07-01 17:43:05,857 - INFO - [2023BPix] MISSING_CENTRAL: ZG3Mu/Central/muons/1/pt in Skim_TriLep_TTWToLNu.root
2026-07-01 17:43:05,880 - INFO - [2023BPix] MISSING_CENTRAL: ZG3Mu/Central/muons/1/pt in Skim_TriLep_tHq.root
2026-07-21 19:41:52,472 - INFO - [2023BPix] MISSING_CENTRAL: ZG3Mu/Central/muons/1/pt in Skim_TriLep_DYJets10to50.root
2026-07-21 19:41:52,472 - INFO - [2023BPix] MISSING_CENTRAL: ZG3Mu/Central/muons/1/pt in Skim_TriLep_TTG_PTG10to100.root
2026-07-21 19:41:52,473 - INFO - [2023BPix] MISSING_CENTRAL: ZG3Mu/Central/muons/1/pt in Skim_TriLep_TTG_PTG100to200.root
2026-07-21 19:41:52,473 - INFO - [2023BPix] MISSING_CENTRAL: ZG3Mu/Central/muons/1/pt in Skim_TriLep_TTG_PTG200toInf.root
2026-07-21 19:41:52,474 - INFO - [2023BPix] MISSING_CENTRAL: ZG3Mu/Central/muons/1/pt in Skim_TriLep_TTWToLNu.root
2026-07-21 19:41:52,809 - INFO - [2023BPix] MISSING_CENTRAL: ZG3Mu/Central/muons/1/pt in Skim_TriLep_tHq.root
2026-07-21 19:41:57,847 - INFO - [2023BPix] MISSING_CENTRAL: ZG3Mu/Central/muons/1/pt in Skim_TriLep_DYJets10to50.root
2026-07-21 19:41:57,848 - INFO - [2023BPix] MISSING_CENTRAL: ZG3Mu/Central/muons/1/pt in Skim_TriLep_TTG_PTG10to100.root
2026-07-21 19:41:57,849 - INFO - [2023BPix] MISSING_CENTRAL: ZG3Mu/Central/muons/1/pt in Skim_TriLep_TTG_PTG100to200.root
2026-07-21 19:41:57,849 - INFO - [2023BPix] MISSING_CENTRAL: ZG3Mu/Central/muons/1/pt in Skim_TriLep_TTG_PTG200toInf.root
2026-07-21 19:41:57,850 - INFO - [2023BPix] MISSING_CENTRAL: ZG3Mu/Central/muons/1/pt in Skim_TriLep_TTWToLNu.root
2026-07-21 19:41:57,959 - INFO - [2023BPix] MISSING_CENTRAL: ZG3Mu/Central/muons/1/pt in Skim_TriLep_tHq.root
