2025-09-24 15:56:13,829 - INFO - [2022] MISSING_CENTRAL: SR1E2Mu/Central/bjets/1/mass in Skim_TriLep_DYJets.root
2025-09-24 15:56:13,829 - INFO - [2022] MISSING_CENTRAL: SR1E2Mu/Central/bjets/1/mass in Skim_TriLep_DYJets10to50.root
2025-09-24 15:56:13,846 - INFO - [2022] MISSING_CENTRAL: SR1E2Mu/Central/bjets/1/mass in Skim_TriLep_DYGTo2LG_MLL4to50_PTG200toInf.root
2025-09-24 15:56:13,919 - INFO - [2022] MISSING_CENTRAL: SR1E2Mu/Central/bjets/1/mass in Skim_TriLep_WWW.root
2025-10-02 21:17:24,545 - INFO - [2022] MISSING_CENTRAL: SR1E2Mu/Central/bjets/1/mass in Skim_TriLep_DYJets.root
2025-10-02 21:17:24,548 - INFO - [2022] MISSING_CENTRAL: SR1E2Mu/Central/bjets/1/mass in Skim_TriLep_DYJets10to50.root
2025-10-02 21:17:24,582 - INFO - [2022] MISSING_CENTRAL: SR1E2Mu/Central/bjets/1/mass in Skim_TriLep_DYGTo2LG_MLL4to50_PTG200toInf.root
2025-10-02 21:17:24,879 - INFO - [2022] MISSING_CENTRAL: SR1E2Mu/Central/bjets/1/mass in Skim_TriLep_WWW.root
2025-10-03 00:24:06,817 - INFO - [2022] MISSING_CENTRAL: SR1E2Mu/Central/bjets/1/mass in Skim_TriLep_DYJets.root
2025-10-03 00:24:06,818 - INFO - [2022] MISSING_CENTRAL: SR1E2Mu/Central/bjets/1/mass in Skim_TriLep_DYJets10to50.root
2025-10-03 00:24:06,830 - INFO - [2022] MISSING_CENTRAL: SR1E2Mu/Central/bjets/1/mass in Skim_TriLep_DYGTo2LG_MLL4to50_PTG200toInf.root
2025-10-03 00:24:06,936 - INFO - [2022] MISSING_CENTRAL: SR1E2Mu/Central/bjets/1/mass in Skim_TriLep_WWW.root
2025-11-07 13:09:39,867 - INFO - [2022] MISSING_FILE: /home/choij/Sync/workspace/ChargedHiggsAnalysisV3/SKNanoOutput/PromptSelector/Run1E2Mu/2022/Skim_TriLep_MuonEG_C.root
2025-11-07 13:09:39,867 - INFO - [2022] MISSING_FILE: /home/choij/Sync/workspace/ChargedHiggsAnalysisV3/SKNanoOutput/PromptSelector/Run1E2Mu/2022/Skim_TriLep_MuonEG_D.root
2025-11-07 14:07:20,160 - INFO - [2022] MISSING_FILE: /home/choij/Sync/workspace/ChargedHiggsAnalysisV3/SKNanoOutput/PromptSelector/Run1E2Mu/2022/Skim_TriLep_MuonEG_C.root
2025-11-07 14:07:20,160 - INFO - [2022] MISSING_FILE: /home/choij/Sync/workspace/ChargedHiggsAnalysisV3/SKNanoOutput/PromptSelector/Run1E2Mu/2022/Skim_TriLep_MuonEG_D.root
2025-11-10 12:22:35,193 - INFO - [2022] MISSING_CENTRAL: SR1E2Mu/Central/bjets/1/mass in Skim_TriLep_DYJets.root
2025-11-10 12:22:35,194 - INFO - [2022] MISSING_CENTRAL: SR1E2Mu/Central/bjets/1/mass in Skim_TriLep_DYJets10to50.root
2025-11-10 12:22:35,213 - INFO - [2022] MISSING_CENTRAL: SR1E2Mu/Central/bjets/1/mass in Skim_TriLep_DYGTo2LG_MLL4to50_PTG200toInf.root
2025-11-10 12:22:35,318 - INFO - [2022] MISSING_CENTRAL: SR1E2Mu/Central/bjets/1/mass in Skim_TriLep_WWW.root
2025-11-13 11:12:16,122 - INFO - [2022] MISSING_CENTRAL: SR1E2Mu/Central/bjets/1/mass in Skim_TriLep_DYJets.root
2025-11-13 11:12:16,128 - INFO - [2022] MISSING_CENTRAL: SR1E2Mu/Central/bjets/1/mass in Skim_TriLep_DYJets10to50.root
2025-11-13 11:12:16,160 - INFO - [2022] MISSING_CENTRAL: SR1E2Mu/Central/bjets/1/mass in Skim_TriLep_DYGTo2LG_MLL4to50_PTG200toInf.root
2025-11-13 11:12:16,522 - INFO - [2022] MISSING_CENTRAL: SR1E2Mu/Central/bjets/1/mass in Skim_TriLep_WWW.root
2025-11-19 16:24:59,035 - INFO - [2022] MISSING_CENTRAL: SR1E2Mu/Central/bjets/1/mass in Skim_TriLep_DYJets.root
2025-11-19 16:24:59,035 - INFO - [2022] MISSING_CENTRAL: SR1E2Mu/Central/bjets/1/mass in Skim_TriLep_DYJets10to50.root
2025-11-19 16:24:59,054 - INFO - [2022] MISSING_CENTRAL: SR1E2Mu/Central/bjets/1/mass in Skim_TriLep_DYGTo2LG_MLL4to50_PTG200toInf.root
2025-11-19 16:24:59,162 - INFO - [2022] MISSING_CENTRAL: SR1E2Mu/Central/bjets/1/mass in Skim_TriLep_WWW.root
2025-12-17 22:39:33,086 - INFO - [2022] MISSING_CENTRAL: SR1E2Mu/Central/bjets/1/mass in Skim_TriLep_DYJets10to50.root
2025-12-17 22:39:33,245 - INFO - [2022] MISSING_CENTRAL: SR1E2Mu/Central/bjets/1/mass in Skim_TriLep_WWW.root
2025-12-18 14:24:16,220 - INFO - [2022] MISSING_CENTRAL: SR1E2Mu/Central/bjets/1/mass in Skim_TriLep_DYJets10to50.root
2025-12-18 14:24:16,427 - INFO - [2022] MISSING_CENTRAL: SR1E2Mu/Central/bjets/1/mass in Skim_TriLep_WWW.root
2025-12-18 14:39:40,415 - INFO - [2022] MISSING_CENTRAL: SR1E2Mu/Central/bjets/1/mass in Skim_TriLep_DYJets10to50.root
2025-12-18 14:39:40,622 - INFO - [2022] MISSING_CENTRAL: SR1E2Mu/Central/bjets/1/mass in Skim_TriLep_WWW.root
2026-01-07 11:49:09,389 - INFO - [2022] MISSING_CENTRAL: SR1E2Mu/Central/bjets/1/mass in Skim_TriLep_DYJets10to50.root
2026-01-07 11:49:09,590 - INFO - [2022] MISSING_CENTRAL: SR1E2Mu/Central/bjets/1/mass in Skim_TriLep_WWW.root
2026-01-07 18:45:55,637 - INFO - [2022] MISSING_CENTRAL: SR1E2Mu/Central/bjets/1/mass in Skim_TriLep_DYJets10to50.root
2026-01-07 18:45:55,891 - INFO - [2022] MISSING_CENTRAL: SR1E2Mu/Central/bjets/1/mass in Skim_TriLep_WWW.root
2026-01-07 19:29:30,857 - INFO - [2022] MISSING_CENTRAL: SR1E2Mu/Central/bjets/1/mass in Skim_TriLep_DYJets10to50.root
2026-01-07 19:29:30,986 - INFO - [2022] MISSING_CENTRAL: SR1E2Mu/Central/bjets/1/mass in Skim_TriLep_WWW.root
2026-01-09 12:20:12,119 - INFO - [2022] MISSING_CENTRAL: SR1E2Mu/Central/bjets/1/mass in Skim_TriLep_DYJets10to50.root
2026-01-09 12:20:12,204 - INFO - [2022] MISSING_CENTRAL: SR1E2Mu/Central/bjets/1/mass in Skim_TriLep_WWW.root
2026-01-11 09:40:15,624 - INFO - [2022] MISSING_CENTRAL: SR1E2Mu/Central/bjets/1/mass in Skim_TriLep_DYJets10to50.root
2026-01-11 09:40:15,706 - INFO - [2022] MISSING_CENTRAL: SR1E2Mu/Central/bjets/1/mass in Skim_TriLep_WWW.root
2026-01-12 13:48:58,002 - INFO - [2022] MISSING_FILE: /home/choij/Sync/workspace/ChargedHiggsAnalysisV3/SKNanoOutput/MatrixSelector/Run1E2Mu/2022/Skim_TriLep_MuonEG_C.root
2026-01-12 13:48:58,002 - INFO - [2022] MISSING_FILE: /home/choij/Sync/workspace/ChargedHiggsAnalysisV3/SKNanoOutput/MatrixSelector/Run1E2Mu/2022/Skim_TriLep_MuonEG_D.root
2026-01-12 13:48:58,025 - INFO - [2022] MISSING_CENTRAL: SR1E2Mu/Central/bjets/1/mass in Skim_TriLep_DYJets10to50.root
2026-01-12 13:48:58,105 - INFO - [2022] MISSING_CENTRAL: SR1E2Mu/Central/bjets/1/mass in Skim_TriLep_WWW.root
2026-01-16 19:03:57,588 - INFO - [2022] MISSING_CENTRAL: SR1E2Mu/Central/bjets/1/mass in Skim_TriLep_DYJets10to50.root
2026-01-16 19:03:57,672 - INFO - [2022] MISSING_CENTRAL: SR1E2Mu/Central/bjets/1/mass in Skim_TriLep_WWW.root
2026-01-28 17:02:23,978 - INFO - [2022] MISSING_CENTRAL: SR1E2Mu/Central/bjets/1/mass in Skim_TriLep_DYJets10to50.root
2026-01-28 17:02:24,079 - INFO - [2022] MISSING_CENTRAL: SR1E2Mu/Central/bjets/1/mass in Skim_TriLep_WWW.root
2026-01-28 17:23:10,671 - INFO - [2022] MISSING_CENTRAL: SR1E2Mu/Central/bjets/1/mass in Skim_TriLep_DYJets10to50.root
2026-01-28 17:23:10,811 - INFO - [2022] MISSING_CENTRAL: SR1E2Mu/Central/bjets/1/mass in Skim_TriLep_WWW.root
2026-01-28 19:56:42,649 - INFO - [2022] MISSING_CENTRAL: SR1E2Mu/Central/bjets/1/mass in Skim_TriLep_DYJets10to50.root
2026-01-28 19:56:42,750 - INFO - [2022] MISSING_CENTRAL: SR1E2Mu/Central/bjets/1/mass in Skim_TriLep_WWW.root
2026-01-29 07:13:46,802 - INFO - [2022] MISSING_CENTRAL: SR1E2Mu/Central/bjets/1/mass in Skim_TriLep_DYJets10to50.root
2026-01-29 07:13:46,883 - INFO - [2022] MISSING_CENTRAL: SR1E2Mu/Central/bjets/1/mass in Skim_TriLep_WWW.root
2026-03-06 09:41:17,052 - INFO - [2022] MISSING_CENTRAL: SR1E2Mu/Central/bjets/1/mass in Skim_TriLep_DYJets10to50.root
2026-03-06 09:41:17,135 - INFO - [2022] MISSING_CENTRAL: SR1E2Mu/Central/bjets/1/mass in Skim_TriLep_WWW.root
2026-03-06 19:47:04,552 - INFO - [2022] MISSING_CENTRAL: SR1E2Mu/Central/bjets/1/mass in Skim_TriLep_DYJets10to50.root
2026-03-06 19:47:04,636 - INFO - [2022] MISSING_CENTRAL: SR1E2Mu/Central/bjets/1/mass in Skim_TriLep_WWW.root
2026-04-10 20:22:02,137 - INFO - [2022] MISSING_CENTRAL: SR1E2Mu/Central/bjets/1/mass in Skim_TriLep_DYJets10to50.root
2026-04-10 20:22:02,231 - INFO - [2022] MISSING_CENTRAL: SR1E2Mu/Central/bjets/1/mass in Skim_TriLep_WWW.root
2026-04-12 11:37:14,781 - INFO - [2022] MISSING_CENTRAL: SR1E2Mu/Central/bjets/1/mass in Skim_TriLep_DYJets10to50.root
2026-04-12 11:37:14,898 - INFO - [2022] MISSING_CENTRAL: SR1E2Mu/Central/bjets/1/mass in Skim_TriLep_WWW.root
2026-04-12 12:19:11,726 - INFO - [2022] MISSING_CENTRAL: SR1E2Mu/Central/bjets/1/mass in Skim_TriLep_DYJets10to50.root
2026-04-12 12:19:11,807 - INFO - [2022] MISSING_CENTRAL: SR1E2Mu/Central/bjets/1/mass in Skim_TriLep_WWW.root
2026-04-12 12:38:50,842 - INFO - [2022] MISSING_CENTRAL: SR1E2Mu/Central/bjets/1/mass in Skim_TriLep_DYJets10to50.root
2026-04-12 12:38:50,930 - INFO - [2022] MISSING_CENTRAL: SR1E2Mu/Central/bjets/1/mass in Skim_TriLep_WWW.root
2026-04-12 20:46:57,562 - INFO - [2022] MISSING_CENTRAL: SR1E2Mu/Central/bjets/1/mass in Skim_TriLep_DYJets10to50.root
2026-04-12 20:46:57,661 - INFO - [2022] MISSING_CENTRAL: SR1E2Mu/Central/bjets/1/mass in Skim_TriLep_WWW.root
2026-04-12 21:18:32,423 - INFO - [2022] MISSING_CENTRAL: SR1E2Mu/Central/bjets/1/mass in Skim_TriLep_DYJets10to50.root
2026-04-12 21:18:32,508 - INFO - [2022] MISSING_CENTRAL: SR1E2Mu/Central/bjets/1/mass in Skim_TriLep_WWW.root
2026-04-13 12:56:13,190 - INFO - [2022] MISSING_CENTRAL: SR1E2Mu/Central/bjets/1/mass in Skim_TriLep_DYJets10to50.root
2026-04-13 12:56:13,295 - INFO - [2022] MISSING_CENTRAL: SR1E2Mu/Central/bjets/1/mass in Skim_TriLep_WWW.root
2026-04-16 17:30:36,418 - INFO - [2022] MISSING_CENTRAL: SR1E2Mu/Central/bjets/1/mass in Skim_TriLep_DYJets10to50.root
2026-04-16 17:30:36,512 - INFO - [2022] MISSING_CENTRAL: SR1E2Mu/Central/bjets/1/mass in Skim_TriLep_WWW.root
2026-04-16 17:38:44,449 - INFO - [2022] MISSING_CENTRAL: SR1E2Mu/Central/bjets/1/mass in Skim_TriLep_DYJets10to50.root
2026-04-16 17:38:44,544 - INFO - [2022] MISSING_CENTRAL: SR1E2Mu/Central/bjets/1/mass in Skim_TriLep_WWW.root
2026-04-28 15:11:14,926 - INFO - [2022] MISSING_CENTRAL: SR1E2Mu/Central/bjets/1/mass in Skim_TriLep_DYJets10to50.root
2026-04-28 15:11:15,027 - INFO - [2022] MISSING_CENTRAL: SR1E2Mu/Central/bjets/1/mass in Skim_TriLep_WWW.root
2026-05-04 17:00:36,639 - INFO - [2022] MISSING_CENTRAL: SR1E2Mu/Central/bjets/1/mass in Skim_TriLep_DYJets10to50.root
2026-05-04 17:00:36,725 - INFO - [2022] MISSING_CENTRAL: SR1E2Mu/Central/bjets/1/mass in Skim_TriLep_WWW.root
2026-05-04 17:08:17,144 - INFO - [2022] MISSING_CENTRAL: SR1E2Mu/Central/bjets/1/mass in Skim_TriLep_DYJets10to50.root
2026-05-04 17:08:17,251 - INFO - [2022] MISSING_CENTRAL: SR1E2Mu/Central/bjets/1/mass in Skim_TriLep_WWW.root
2026-05-28 15:37:18,781 - INFO - [2022] MISSING_CENTRAL: SR1E2Mu/Central/bjets/1/mass in Skim_TriLep_DYJets10to50.root
2026-05-28 15:37:18,895 - INFO - [2022] MISSING_CENTRAL: SR1E2Mu/Central/bjets/1/mass in Skim_TriLep_WWW.root
2026-05-28 15:45:05,842 - INFO - [2022] MISSING_CENTRAL: SR1E2Mu/Central/bjets/1/mass in Skim_TriLep_DYJets10to50.root
2026-05-28 15:45:06,020 - INFO - [2022] MISSING_CENTRAL: SR1E2Mu/Central/bjets/1/mass in Skim_TriLep_WWW.root
2026-05-29 15:28:15,561 - INFO - [2022] MISSING_CENTRAL: SR1E2Mu/Central/bjets/1/mass in Skim_TriLep_DYJets10to50.root
2026-05-29 15:28:15,674 - INFO - [2022] MISSING_CENTRAL: SR1E2Mu/Central/bjets/1/mass in Skim_TriLep_WWW.root
2026-05-29 15:36:03,667 - INFO - [2022] MISSING_CENTRAL: SR1E2Mu/Central/bjets/1/mass in Skim_TriLep_DYJets10to50.root
2026-05-29 15:36:03,770 - INFO - [2022] MISSING_CENTRAL: SR1E2Mu/Central/bjets/1/mass in Skim_TriLep_WWW.root
2026-05-29 18:19:29,672 - INFO - [2022] MISSING_CENTRAL: SR1E2Mu/Central/bjets/1/mass in Skim_TriLep_DYJets10to50.root
2026-05-29 18:19:29,767 - INFO - [2022] MISSING_CENTRAL: SR1E2Mu/Central/bjets/1/mass in Skim_TriLep_WWW.root
2026-05-29 18:27:19,944 - INFO - [2022] MISSING_CENTRAL: SR1E2Mu/Central/bjets/1/mass in Skim_TriLep_DYJets10to50.root
2026-05-29 18:27:20,038 - INFO - [2022] MISSING_CENTRAL: SR1E2Mu/Central/bjets/1/mass in Skim_TriLep_WWW.root
2026-06-12 14:06:11,069 - INFO - [2022] MISSING_CENTRAL: SR1E2Mu/Central/bjets/1/mass in Skim_TriLep_DYJets10to50.root
2026-06-12 14:06:11,165 - INFO - [2022] MISSING_CENTRAL: SR1E2Mu/Central/bjets/1/mass in Skim_TriLep_WWW.root
2026-06-12 14:28:25,684 - INFO - [2022] MISSING_CENTRAL: SR1E2Mu/Central/bjets/1/mass in Skim_TriLep_DYJets10to50.root
2026-06-12 14:28:25,780 - INFO - [2022] MISSING_CENTRAL: SR1E2Mu/Central/bjets/1/mass in Skim_TriLep_WWW.root
2026-06-18 00:22:50,226 - INFO - [2022] MISSING_CENTRAL: SR1E2Mu/Central/bjets/1/mass in Skim_TriLep_DYJets10to50.root
2026-06-18 00:22:50,331 - INFO - [2022] MISSING_CENTRAL: SR1E2Mu/Central/bjets/1/mass in Skim_TriLep_WWW.root
2026-07-01 17:37:10,155 - INFO - [2022] MISSING_CENTRAL: SR1E2Mu/Central/bjets/1/mass in Skim_TriLep_DYJets10to50.root
2026-07-01 17:37:10,465 - INFO - [2022] MISSING_CENTRAL: SR1E2Mu/Central/bjets/1/mass in Skim_TriLep_WWW.root
2026-07-21 19:32:39,953 - INFO - [2022] MISSING_CENTRAL: SR1E2Mu/Central/bjets/1/mass in Skim_TriLep_DYJets10to50.root
2026-07-21 19:32:41,419 - INFO - [2022] MISSING_CENTRAL: SR1E2Mu/Central/bjets/1/mass in Skim_TriLep_WWW.root
2026-08-18 18:18:13,683 - INFO - [2022] MISSING_CENTRAL: SR1E2Mu/Central/bjets/1/mass in Skim_TriLep_DYJets10to50.root
2026-08-18 18:18:16,648 - INFO - [2022] MISSING_CENTRAL: SR1E2Mu/Central/bjets/1/mass in Skim_TriLep_WWW.root
2026-08-19 10:10:44,191 - INFO - [2022] MISSING_CENTRAL: SR1E2Mu/Central/bjets/1/mass in Skim_TriLep_DYJets10to50.root
2026-08-19 10:10:46,550 - INFO - [2022] MISSING_CENTRAL: SR1E2Mu/Central/bjets/1/mass in Skim_TriLep_WWW.root
