2025-09-24 15:55:59,605 - INFO - [2022] MISSING_CENTRAL: SR1E2Mu/Central/electrons/1/pz in Skim_TriLep_DYJets.root
2025-09-24 15:55:59,605 - INFO - [2022] MISSING_CENTRAL: SR1E2Mu/Central/electrons/1/pz in Skim_TriLep_DYJets10to50.root
2025-09-24 15:55:59,777 - INFO - [2022] MISSING_CENTRAL: SR1E2Mu/Central/electrons/1/pz in Skim_TriLep_DYGTo2LG_MLL4to50_PTG200toInf.root
2025-09-24 15:56:00,345 - INFO - [2022] MISSING_CENTRAL: SR1E2Mu/Central/electrons/1/pz in Skim_TriLep_WWW.root
2025-10-02 21:17:14,665 - INFO - [2022] MISSING_CENTRAL: SR1E2Mu/Central/electrons/1/pz in Skim_TriLep_DYJets.root
2025-10-02 21:17:14,666 - INFO - [2022] MISSING_CENTRAL: SR1E2Mu/Central/electrons/1/pz in Skim_TriLep_DYJets10to50.root
2025-10-02 21:17:15,081 - INFO - [2022] MISSING_CENTRAL: SR1E2Mu/Central/electrons/1/pz in Skim_TriLep_DYGTo2LG_MLL4to50_PTG200toInf.root
2025-10-02 21:17:17,432 - INFO - [2022] MISSING_CENTRAL: SR1E2Mu/Central/electrons/1/pz in Skim_TriLep_WWW.root
2025-10-03 00:23:54,076 - INFO - [2022] MISSING_CENTRAL: SR1E2Mu/Central/electrons/1/pz in Skim_TriLep_DYJets.root
2025-10-03 00:23:54,077 - INFO - [2022] MISSING_CENTRAL: SR1E2Mu/Central/electrons/1/pz in Skim_TriLep_DYJets10to50.root
2025-10-03 00:23:54,239 - INFO - [2022] MISSING_CENTRAL: SR1E2Mu/Central/electrons/1/pz in Skim_TriLep_DYGTo2LG_MLL4to50_PTG200toInf.root
2025-10-03 00:23:54,718 - INFO - [2022] MISSING_CENTRAL: SR1E2Mu/Central/electrons/1/pz in Skim_TriLep_WWW.root
2025-11-07 13:09:36,819 - INFO - [2022] MISSING_FILE: /home/choij/Sync/workspace/ChargedHiggsAnalysisV3/SKNanoOutput/PromptSelector/Run1E2Mu/2022/Skim_TriLep_MuonEG_C.root
2025-11-07 13:09:36,819 - INFO - [2022] MISSING_FILE: /home/choij/Sync/workspace/ChargedHiggsAnalysisV3/SKNanoOutput/PromptSelector/Run1E2Mu/2022/Skim_TriLep_MuonEG_D.root
2025-11-07 14:07:17,590 - INFO - [2022] MISSING_FILE: /home/choij/Sync/workspace/ChargedHiggsAnalysisV3/SKNanoOutput/PromptSelector/Run1E2Mu/2022/Skim_TriLep_MuonEG_C.root
2025-11-07 14:07:17,592 - INFO - [2022] MISSING_FILE: /home/choij/Sync/workspace/ChargedHiggsAnalysisV3/SKNanoOutput/PromptSelector/Run1E2Mu/2022/Skim_TriLep_MuonEG_D.root
2025-11-10 12:22:31,748 - INFO - [2022] MISSING_CENTRAL: SR1E2Mu/Central/electrons/1/pz in Skim_TriLep_DYJets.root
2025-11-10 12:22:31,748 - INFO - [2022] MISSING_CENTRAL: SR1E2Mu/Central/electrons/1/pz in Skim_TriLep_DYJets10to50.root
2025-11-10 12:22:31,779 - INFO - [2022] MISSING_CENTRAL: SR1E2Mu/Central/electrons/1/pz in Skim_TriLep_DYGTo2LG_MLL4to50_PTG200toInf.root
2025-11-10 12:22:31,977 - INFO - [2022] MISSING_CENTRAL: SR1E2Mu/Central/electrons/1/pz in Skim_TriLep_WWW.root
2025-11-13 11:12:07,079 - INFO - [2022] MISSING_CENTRAL: SR1E2Mu/Central/electrons/1/pz in Skim_TriLep_DYJets.root
2025-11-13 11:12:07,080 - INFO - [2022] MISSING_CENTRAL: SR1E2Mu/Central/electrons/1/pz in Skim_TriLep_DYJets10to50.root
2025-11-13 11:12:07,326 - INFO - [2022] MISSING_CENTRAL: SR1E2Mu/Central/electrons/1/pz in Skim_TriLep_DYGTo2LG_MLL4to50_PTG200toInf.root
2025-11-13 11:12:09,781 - INFO - [2022] MISSING_CENTRAL: SR1E2Mu/Central/electrons/1/pz in Skim_TriLep_WWW.root
2025-11-19 16:24:54,982 - INFO - [2022] MISSING_CENTRAL: SR1E2Mu/Central/electrons/1/pz in Skim_TriLep_DYJets.root
2025-11-19 16:24:54,983 - INFO - [2022] MISSING_CENTRAL: SR1E2Mu/Central/electrons/1/pz in Skim_TriLep_DYJets10to50.root
2025-11-19 16:24:55,029 - INFO - [2022] MISSING_CENTRAL: SR1E2Mu/Central/electrons/1/pz in Skim_TriLep_DYGTo2LG_MLL4to50_PTG200toInf.root
2025-11-19 16:24:55,312 - INFO - [2022] MISSING_CENTRAL: SR1E2Mu/Central/electrons/1/pz in Skim_TriLep_WWW.root
2025-12-17 22:39:22,063 - INFO - [2022] MISSING_CENTRAL: SR1E2Mu/Central/electrons/1/pz in Skim_TriLep_DYJets10to50.root
2025-12-17 22:39:25,847 - INFO - [2022] MISSING_CENTRAL: SR1E2Mu/Central/electrons/1/pz in Skim_TriLep_WWW.root
2025-12-18 14:24:10,536 - INFO - [2022] MISSING_CENTRAL: SR1E2Mu/Central/electrons/1/pz in Skim_TriLep_DYJets10to50.root
2025-12-18 14:24:11,019 - INFO - [2022] MISSING_CENTRAL: SR1E2Mu/Central/electrons/1/pz in Skim_TriLep_WWW.root
2025-12-18 14:39:34,074 - INFO - [2022] MISSING_CENTRAL: SR1E2Mu/Central/electrons/1/pz in Skim_TriLep_DYJets10to50.root
2025-12-18 14:39:34,430 - INFO - [2022] MISSING_CENTRAL: SR1E2Mu/Central/electrons/1/pz in Skim_TriLep_WWW.root
2026-01-07 11:49:02,896 - INFO - [2022] MISSING_CENTRAL: SR1E2Mu/Central/electrons/1/pz in Skim_TriLep_DYJets10to50.root
2026-01-07 11:49:04,092 - INFO - [2022] MISSING_CENTRAL: SR1E2Mu/Central/electrons/1/pz in Skim_TriLep_WWW.root
2026-01-07 18:45:50,139 - INFO - [2022] MISSING_CENTRAL: SR1E2Mu/Central/electrons/1/pz in Skim_TriLep_DYJets10to50.root
2026-01-07 18:45:50,363 - INFO - [2022] MISSING_CENTRAL: SR1E2Mu/Central/electrons/1/pz in Skim_TriLep_WWW.root
2026-01-07 19:29:25,188 - INFO - [2022] MISSING_CENTRAL: SR1E2Mu/Central/electrons/1/pz in Skim_TriLep_DYJets10to50.root
2026-01-07 19:29:25,477 - INFO - [2022] MISSING_CENTRAL: SR1E2Mu/Central/electrons/1/pz in Skim_TriLep_WWW.root
2026-01-09 12:20:08,638 - INFO - [2022] MISSING_CENTRAL: SR1E2Mu/Central/electrons/1/pz in Skim_TriLep_DYJets10to50.root
2026-01-09 12:20:08,811 - INFO - [2022] MISSING_CENTRAL: SR1E2Mu/Central/electrons/1/pz in Skim_TriLep_WWW.root
2026-01-11 09:40:12,221 - INFO - [2022] MISSING_CENTRAL: SR1E2Mu/Central/electrons/1/pz in Skim_TriLep_DYJets10to50.root
2026-01-11 09:40:12,393 - INFO - [2022] MISSING_CENTRAL: SR1E2Mu/Central/electrons/1/pz in Skim_TriLep_WWW.root
2026-01-12 13:48:54,174 - INFO - [2022] MISSING_FILE: /home/choij/Sync/workspace/ChargedHiggsAnalysisV3/SKNanoOutput/MatrixSelector/Run1E2Mu/2022/Skim_TriLep_MuonEG_C.root
2026-01-12 13:48:54,175 - INFO - [2022] MISSING_FILE: /home/choij/Sync/workspace/ChargedHiggsAnalysisV3/SKNanoOutput/MatrixSelector/Run1E2Mu/2022/Skim_TriLep_MuonEG_D.root
2026-01-12 13:48:54,207 - INFO - [2022] MISSING_CENTRAL: SR1E2Mu/Central/electrons/1/pz in Skim_TriLep_DYJets10to50.root
2026-01-12 13:48:54,385 - INFO - [2022] MISSING_CENTRAL: SR1E2Mu/Central/electrons/1/pz in Skim_TriLep_WWW.root
2026-01-16 19:03:54,608 - INFO - [2022] MISSING_CENTRAL: SR1E2Mu/Central/electrons/1/pz in Skim_TriLep_DYJets10to50.root
2026-01-16 19:03:54,783 - INFO - [2022] MISSING_CENTRAL: SR1E2Mu/Central/electrons/1/pz in Skim_TriLep_WWW.root
2026-01-28 17:02:20,651 - INFO - [2022] MISSING_CENTRAL: SR1E2Mu/Central/electrons/1/pz in Skim_TriLep_DYJets10to50.root
2026-01-28 17:02:20,913 - INFO - [2022] MISSING_CENTRAL: SR1E2Mu/Central/electrons/1/pz in Skim_TriLep_WWW.root
2026-01-28 17:23:07,277 - INFO - [2022] MISSING_CENTRAL: SR1E2Mu/Central/electrons/1/pz in Skim_TriLep_DYJets10to50.root
2026-01-28 17:23:07,548 - INFO - [2022] MISSING_CENTRAL: SR1E2Mu/Central/electrons/1/pz in Skim_TriLep_WWW.root
2026-01-28 19:56:39,627 - INFO - [2022] MISSING_CENTRAL: SR1E2Mu/Central/electrons/1/pz in Skim_TriLep_DYJets10to50.root
2026-01-28 19:56:39,894 - INFO - [2022] MISSING_CENTRAL: SR1E2Mu/Central/electrons/1/pz in Skim_TriLep_WWW.root
2026-01-29 07:13:43,834 - INFO - [2022] MISSING_CENTRAL: SR1E2Mu/Central/electrons/1/pz in Skim_TriLep_DYJets10to50.root
2026-01-29 07:13:44,007 - INFO - [2022] MISSING_CENTRAL: SR1E2Mu/Central/electrons/1/pz in Skim_TriLep_WWW.root
2026-03-06 09:41:14,217 - INFO - [2022] MISSING_CENTRAL: SR1E2Mu/Central/electrons/1/pz in Skim_TriLep_DYJets10to50.root
2026-03-06 09:41:14,392 - INFO - [2022] MISSING_CENTRAL: SR1E2Mu/Central/electrons/1/pz in Skim_TriLep_WWW.root
2026-03-06 19:47:01,640 - INFO - [2022] MISSING_CENTRAL: SR1E2Mu/Central/electrons/1/pz in Skim_TriLep_DYJets10to50.root
2026-03-06 19:47:01,818 - INFO - [2022] MISSING_CENTRAL: SR1E2Mu/Central/electrons/1/pz in Skim_TriLep_WWW.root
2026-04-10 20:21:59,202 - INFO - [2022] MISSING_CENTRAL: SR1E2Mu/Central/electrons/1/pz in Skim_TriLep_DYJets10to50.root
2026-04-10 20:21:59,378 - INFO - [2022] MISSING_CENTRAL: SR1E2Mu/Central/electrons/1/pz in Skim_TriLep_WWW.root
2026-04-12 11:37:11,881 - INFO - [2022] MISSING_CENTRAL: SR1E2Mu/Central/electrons/1/pz in Skim_TriLep_DYJets10to50.root
2026-04-12 11:37:12,084 - INFO - [2022] MISSING_CENTRAL: SR1E2Mu/Central/electrons/1/pz in Skim_TriLep_WWW.root
2026-04-12 12:19:08,721 - INFO - [2022] MISSING_CENTRAL: SR1E2Mu/Central/electrons/1/pz in Skim_TriLep_DYJets10to50.root
2026-04-12 12:19:08,905 - INFO - [2022] MISSING_CENTRAL: SR1E2Mu/Central/electrons/1/pz in Skim_TriLep_WWW.root
2026-04-12 12:38:47,613 - INFO - [2022] MISSING_CENTRAL: SR1E2Mu/Central/electrons/1/pz in Skim_TriLep_DYJets10to50.root
2026-04-12 12:38:47,799 - INFO - [2022] MISSING_CENTRAL: SR1E2Mu/Central/electrons/1/pz in Skim_TriLep_WWW.root
2026-04-12 20:46:53,981 - INFO - [2022] MISSING_CENTRAL: SR1E2Mu/Central/electrons/1/pz in Skim_TriLep_DYJets10to50.root
2026-04-12 20:46:54,162 - INFO - [2022] MISSING_CENTRAL: SR1E2Mu/Central/electrons/1/pz in Skim_TriLep_WWW.root
2026-04-12 21:18:29,343 - INFO - [2022] MISSING_CENTRAL: SR1E2Mu/Central/electrons/1/pz in Skim_TriLep_DYJets10to50.root
2026-04-12 21:18:29,527 - INFO - [2022] MISSING_CENTRAL: SR1E2Mu/Central/electrons/1/pz in Skim_TriLep_WWW.root
2026-04-13 12:56:10,295 - INFO - [2022] MISSING_CENTRAL: SR1E2Mu/Central/electrons/1/pz in Skim_TriLep_DYJets10to50.root
2026-04-13 12:56:10,534 - INFO - [2022] MISSING_CENTRAL: SR1E2Mu/Central/electrons/1/pz in Skim_TriLep_WWW.root
2026-04-16 17:30:33,301 - INFO - [2022] MISSING_CENTRAL: SR1E2Mu/Central/electrons/1/pz in Skim_TriLep_DYJets10to50.root
2026-04-16 17:30:33,553 - INFO - [2022] MISSING_CENTRAL: SR1E2Mu/Central/electrons/1/pz in Skim_TriLep_WWW.root
2026-04-16 17:38:41,329 - INFO - [2022] MISSING_CENTRAL: SR1E2Mu/Central/electrons/1/pz in Skim_TriLep_DYJets10to50.root
2026-04-16 17:38:41,563 - INFO - [2022] MISSING_CENTRAL: SR1E2Mu/Central/electrons/1/pz in Skim_TriLep_WWW.root
2026-04-28 15:11:12,055 - INFO - [2022] MISSING_CENTRAL: SR1E2Mu/Central/electrons/1/pz in Skim_TriLep_DYJets10to50.root
2026-04-28 15:11:12,285 - INFO - [2022] MISSING_CENTRAL: SR1E2Mu/Central/electrons/1/pz in Skim_TriLep_WWW.root
2026-05-04 17:00:33,536 - INFO - [2022] MISSING_CENTRAL: SR1E2Mu/Central/electrons/1/pz in Skim_TriLep_DYJets10to50.root
2026-05-04 17:00:33,770 - INFO - [2022] MISSING_CENTRAL: SR1E2Mu/Central/electrons/1/pz in Skim_TriLep_WWW.root
2026-05-04 17:08:14,191 - INFO - [2022] MISSING_CENTRAL: SR1E2Mu/Central/electrons/1/pz in Skim_TriLep_DYJets10to50.root
2026-05-04 17:08:14,424 - INFO - [2022] MISSING_CENTRAL: SR1E2Mu/Central/electrons/1/pz in Skim_TriLep_WWW.root
2026-05-28 15:37:11,381 - INFO - [2022] MISSING_CENTRAL: SR1E2Mu/Central/electrons/1/pz in Skim_TriLep_DYJets10to50.root
2026-05-28 15:37:13,261 - INFO - [2022] MISSING_CENTRAL: SR1E2Mu/Central/electrons/1/pz in Skim_TriLep_WWW.root
2026-05-28 15:45:02,019 - INFO - [2022] MISSING_CENTRAL: SR1E2Mu/Central/electrons/1/pz in Skim_TriLep_DYJets10to50.root
2026-05-28 15:45:02,447 - INFO - [2022] MISSING_CENTRAL: SR1E2Mu/Central/electrons/1/pz in Skim_TriLep_WWW.root
2026-05-29 15:28:12,316 - INFO - [2022] MISSING_CENTRAL: SR1E2Mu/Central/electrons/1/pz in Skim_TriLep_DYJets10to50.root
2026-05-29 15:28:12,549 - INFO - [2022] MISSING_CENTRAL: SR1E2Mu/Central/electrons/1/pz in Skim_TriLep_WWW.root
2026-05-29 15:36:00,704 - INFO - [2022] MISSING_CENTRAL: SR1E2Mu/Central/electrons/1/pz in Skim_TriLep_DYJets10to50.root
2026-05-29 15:36:00,927 - INFO - [2022] MISSING_CENTRAL: SR1E2Mu/Central/electrons/1/pz in Skim_TriLep_WWW.root
2026-05-29 18:19:26,700 - INFO - [2022] MISSING_CENTRAL: SR1E2Mu/Central/electrons/1/pz in Skim_TriLep_DYJets10to50.root
2026-05-29 18:19:26,928 - INFO - [2022] MISSING_CENTRAL: SR1E2Mu/Central/electrons/1/pz in Skim_TriLep_WWW.root
2026-05-29 18:27:17,038 - INFO - [2022] MISSING_CENTRAL: SR1E2Mu/Central/electrons/1/pz in Skim_TriLep_DYJets10to50.root
2026-05-29 18:27:17,268 - INFO - [2022] MISSING_CENTRAL: SR1E2Mu/Central/electrons/1/pz in Skim_TriLep_WWW.root
2026-06-12 14:06:08,033 - INFO - [2022] MISSING_CENTRAL: SR1E2Mu/Central/electrons/1/pz in Skim_TriLep_DYJets10to50.root
2026-06-12 14:06:08,257 - INFO - [2022] MISSING_CENTRAL: SR1E2Mu/Central/electrons/1/pz in Skim_TriLep_WWW.root
2026-06-12 14:28:22,673 - INFO - [2022] MISSING_CENTRAL: SR1E2Mu/Central/electrons/1/pz in Skim_TriLep_DYJets10to50.root
2026-06-12 14:28:22,892 - INFO - [2022] MISSING_CENTRAL: SR1E2Mu/Central/electrons/1/pz in Skim_TriLep_WWW.root
2026-06-18 00:22:47,242 - INFO - [2022] MISSING_CENTRAL: SR1E2Mu/Central/electrons/1/pz in Skim_TriLep_DYJets10to50.root
2026-06-18 00:22:47,486 - INFO - [2022] MISSING_CENTRAL: SR1E2Mu/Central/electrons/1/pz in Skim_TriLep_WWW.root
2026-07-01 17:37:01,236 - INFO - [2022] MISSING_CENTRAL: SR1E2Mu/Central/electrons/1/pz in Skim_TriLep_DYJets10to50.root
2026-07-01 17:37:04,801 - INFO - [2022] MISSING_CENTRAL: SR1E2Mu/Central/electrons/1/pz in Skim_TriLep_WWW.root
2026-07-21 19:32:31,511 - INFO - [2022] MISSING_CENTRAL: SR1E2Mu/Central/electrons/1/pz in Skim_TriLep_DYJets10to50.root
2026-07-21 19:32:32,282 - INFO - [2022] MISSING_CENTRAL: SR1E2Mu/Central/electrons/1/pz in Skim_TriLep_WWW.root
2026-08-18 18:18:04,231 - INFO - [2022] MISSING_CENTRAL: SR1E2Mu/Central/electrons/1/pz in Skim_TriLep_DYJets10to50.root
2026-08-18 18:18:05,453 - INFO - [2022] MISSING_CENTRAL: SR1E2Mu/Central/electrons/1/pz in Skim_TriLep_WWW.root
2026-08-19 10:10:33,256 - INFO - [2022] MISSING_CENTRAL: SR1E2Mu/Central/electrons/1/pz in Skim_TriLep_DYJets10to50.root
2026-08-19 10:10:35,058 - INFO - [2022] MISSING_CENTRAL: SR1E2Mu/Central/electrons/1/pz in Skim_TriLep_WWW.root
