2025-09-24 15:56:09,333 - INFO - [2022] MISSING_CENTRAL: SR1E2Mu/Central/jets/3/pz in Skim_TriLep_DYJets.root
2025-09-24 15:56:09,333 - INFO - [2022] MISSING_CENTRAL: SR1E2Mu/Central/jets/3/pz in Skim_TriLep_DYJets10to50.root
2025-09-24 15:56:09,335 - INFO - [2022] MISSING_CENTRAL: SR1E2Mu/Central/jets/3/pz in Skim_TriLep_DYGTo2LG_MLL4to50_PTG10to100.root
2025-09-24 15:56:09,336 - INFO - [2022] MISSING_CENTRAL: SR1E2Mu/Central/jets/3/pz in Skim_TriLep_DYGTo2LG_MLL4to50_PTG100to200.root
2025-09-24 15:56:09,338 - INFO - [2022] MISSING_CENTRAL: SR1E2Mu/Central/jets/3/pz in Skim_TriLep_DYGTo2LG_MLL4to50_PTG200toInf.root
2025-09-24 15:56:09,353 - INFO - [2022] MISSING_CENTRAL: SR1E2Mu/Central/jets/3/pz in Skim_TriLep_DYGTo2LG_MLL50_PTG100to200.root
2025-09-24 15:56:09,353 - INFO - [2022] MISSING_CENTRAL: SR1E2Mu/Central/jets/3/pz in Skim_TriLep_DYGTo2LG_MLL50_PTG200toInf.root
2025-09-24 15:56:09,795 - INFO - [2022] MISSING_CENTRAL: SR1E2Mu/Central/jets/3/pz in Skim_TriLep_WWW.root
2025-10-02 21:17:23,349 - INFO - [2022] MISSING_CENTRAL: SR1E2Mu/Central/jets/3/pz in Skim_TriLep_DYJets.root
2025-10-02 21:17:23,356 - INFO - [2022] MISSING_CENTRAL: SR1E2Mu/Central/jets/3/pz in Skim_TriLep_DYJets10to50.root
2025-10-02 21:17:23,358 - INFO - [2022] MISSING_CENTRAL: SR1E2Mu/Central/jets/3/pz in Skim_TriLep_DYGTo2LG_MLL4to50_PTG10to100.root
2025-10-02 21:17:23,367 - INFO - [2022] MISSING_CENTRAL: SR1E2Mu/Central/jets/3/pz in Skim_TriLep_DYGTo2LG_MLL4to50_PTG100to200.root
2025-10-02 21:17:23,374 - INFO - [2022] MISSING_CENTRAL: SR1E2Mu/Central/jets/3/pz in Skim_TriLep_DYGTo2LG_MLL4to50_PTG200toInf.root
2025-10-02 21:17:23,487 - INFO - [2022] MISSING_CENTRAL: SR1E2Mu/Central/jets/3/pz in Skim_TriLep_DYGTo2LG_MLL50_PTG100to200.root
2025-10-02 21:17:23,489 - INFO - [2022] MISSING_CENTRAL: SR1E2Mu/Central/jets/3/pz in Skim_TriLep_DYGTo2LG_MLL50_PTG200toInf.root
2025-10-02 21:17:24,237 - INFO - [2022] MISSING_CENTRAL: SR1E2Mu/Central/jets/3/pz in Skim_TriLep_WWW.root
2025-10-03 00:24:03,744 - INFO - [2022] MISSING_CENTRAL: SR1E2Mu/Central/jets/3/pz in Skim_TriLep_DYJets.root
2025-10-03 00:24:03,745 - INFO - [2022] MISSING_CENTRAL: SR1E2Mu/Central/jets/3/pz in Skim_TriLep_DYJets10to50.root
2025-10-03 00:24:03,746 - INFO - [2022] MISSING_CENTRAL: SR1E2Mu/Central/jets/3/pz in Skim_TriLep_DYGTo2LG_MLL4to50_PTG10to100.root
2025-10-03 00:24:03,746 - INFO - [2022] MISSING_CENTRAL: SR1E2Mu/Central/jets/3/pz in Skim_TriLep_DYGTo2LG_MLL4to50_PTG100to200.root
2025-10-03 00:24:03,746 - INFO - [2022] MISSING_CENTRAL: SR1E2Mu/Central/jets/3/pz in Skim_TriLep_DYGTo2LG_MLL4to50_PTG200toInf.root
2025-10-03 00:24:03,775 - INFO - [2022] MISSING_CENTRAL: SR1E2Mu/Central/jets/3/pz in Skim_TriLep_DYGTo2LG_MLL50_PTG100to200.root
2025-10-03 00:24:03,775 - INFO - [2022] MISSING_CENTRAL: SR1E2Mu/Central/jets/3/pz in Skim_TriLep_DYGTo2LG_MLL50_PTG200toInf.root
2025-10-03 00:24:04,027 - INFO - [2022] MISSING_CENTRAL: SR1E2Mu/Central/jets/3/pz in Skim_TriLep_WWW.root
2025-11-07 13:09:39,685 - INFO - [2022] MISSING_FILE: /home/choij/Sync/workspace/ChargedHiggsAnalysisV3/SKNanoOutput/PromptSelector/Run1E2Mu/2022/Skim_TriLep_MuonEG_C.root
2025-11-07 13:09:39,685 - INFO - [2022] MISSING_FILE: /home/choij/Sync/workspace/ChargedHiggsAnalysisV3/SKNanoOutput/PromptSelector/Run1E2Mu/2022/Skim_TriLep_MuonEG_D.root
2025-11-07 14:07:19,863 - INFO - [2022] MISSING_FILE: /home/choij/Sync/workspace/ChargedHiggsAnalysisV3/SKNanoOutput/PromptSelector/Run1E2Mu/2022/Skim_TriLep_MuonEG_C.root
2025-11-07 14:07:19,866 - INFO - [2022] MISSING_FILE: /home/choij/Sync/workspace/ChargedHiggsAnalysisV3/SKNanoOutput/PromptSelector/Run1E2Mu/2022/Skim_TriLep_MuonEG_D.root
2025-11-10 12:22:34,907 - INFO - [2022] MISSING_CENTRAL: SR1E2Mu/Central/jets/3/pz in Skim_TriLep_DYJets.root
2025-11-10 12:22:34,908 - INFO - [2022] MISSING_CENTRAL: SR1E2Mu/Central/jets/3/pz in Skim_TriLep_DYJets10to50.root
2025-11-10 12:22:34,910 - INFO - [2022] MISSING_CENTRAL: SR1E2Mu/Central/jets/3/pz in Skim_TriLep_DYGTo2LG_MLL4to50_PTG10to100.root
2025-11-10 12:22:34,911 - INFO - [2022] MISSING_CENTRAL: SR1E2Mu/Central/jets/3/pz in Skim_TriLep_DYGTo2LG_MLL4to50_PTG100to200.root
2025-11-10 12:22:34,912 - INFO - [2022] MISSING_CENTRAL: SR1E2Mu/Central/jets/3/pz in Skim_TriLep_DYGTo2LG_MLL4to50_PTG200toInf.root
2025-11-10 12:22:34,931 - INFO - [2022] MISSING_CENTRAL: SR1E2Mu/Central/jets/3/pz in Skim_TriLep_DYGTo2LG_MLL50_PTG100to200.root
2025-11-10 12:22:34,932 - INFO - [2022] MISSING_CENTRAL: SR1E2Mu/Central/jets/3/pz in Skim_TriLep_DYGTo2LG_MLL50_PTG200toInf.root
2025-11-10 12:22:35,148 - INFO - [2022] MISSING_CENTRAL: SR1E2Mu/Central/jets/3/pz in Skim_TriLep_WWW.root
2025-11-13 11:12:15,856 - INFO - [2022] MISSING_CENTRAL: SR1E2Mu/Central/jets/3/pz in Skim_TriLep_DYJets.root
2025-11-13 11:12:15,859 - INFO - [2022] MISSING_CENTRAL: SR1E2Mu/Central/jets/3/pz in Skim_TriLep_DYJets10to50.root
2025-11-13 11:12:15,861 - INFO - [2022] MISSING_CENTRAL: SR1E2Mu/Central/jets/3/pz in Skim_TriLep_DYGTo2LG_MLL4to50_PTG10to100.root
2025-11-13 11:12:15,864 - INFO - [2022] MISSING_CENTRAL: SR1E2Mu/Central/jets/3/pz in Skim_TriLep_DYGTo2LG_MLL4to50_PTG100to200.root
2025-11-13 11:12:15,867 - INFO - [2022] MISSING_CENTRAL: SR1E2Mu/Central/jets/3/pz in Skim_TriLep_DYGTo2LG_MLL4to50_PTG200toInf.root
2025-11-13 11:12:15,927 - INFO - [2022] MISSING_CENTRAL: SR1E2Mu/Central/jets/3/pz in Skim_TriLep_DYGTo2LG_MLL50_PTG100to200.root
2025-11-13 11:12:15,929 - INFO - [2022] MISSING_CENTRAL: SR1E2Mu/Central/jets/3/pz in Skim_TriLep_DYGTo2LG_MLL50_PTG200toInf.root
2025-11-13 11:12:16,456 - INFO - [2022] MISSING_CENTRAL: SR1E2Mu/Central/jets/3/pz in Skim_TriLep_WWW.root
2025-11-19 16:24:58,371 - INFO - [2022] MISSING_CENTRAL: SR1E2Mu/Central/jets/3/pz in Skim_TriLep_DYJets.root
2025-11-19 16:24:58,374 - INFO - [2022] MISSING_CENTRAL: SR1E2Mu/Central/jets/3/pz in Skim_TriLep_DYJets10to50.root
2025-11-19 16:24:58,375 - INFO - [2022] MISSING_CENTRAL: SR1E2Mu/Central/jets/3/pz in Skim_TriLep_DYGTo2LG_MLL4to50_PTG10to100.root
2025-11-19 16:24:58,377 - INFO - [2022] MISSING_CENTRAL: SR1E2Mu/Central/jets/3/pz in Skim_TriLep_DYGTo2LG_MLL4to50_PTG100to200.root
2025-11-19 16:24:58,378 - INFO - [2022] MISSING_CENTRAL: SR1E2Mu/Central/jets/3/pz in Skim_TriLep_DYGTo2LG_MLL4to50_PTG200toInf.root
2025-11-19 16:24:58,413 - INFO - [2022] MISSING_CENTRAL: SR1E2Mu/Central/jets/3/pz in Skim_TriLep_DYGTo2LG_MLL50_PTG100to200.root
2025-11-19 16:24:58,415 - INFO - [2022] MISSING_CENTRAL: SR1E2Mu/Central/jets/3/pz in Skim_TriLep_DYGTo2LG_MLL50_PTG200toInf.root
2025-11-19 16:24:58,688 - INFO - [2022] MISSING_CENTRAL: SR1E2Mu/Central/jets/3/pz in Skim_TriLep_WWW.root
2025-12-17 22:39:32,939 - INFO - [2022] MISSING_CENTRAL: SR1E2Mu/Central/jets/3/pz in Skim_TriLep_DYJets10to50.root
2025-12-17 22:39:33,223 - INFO - [2022] MISSING_CENTRAL: SR1E2Mu/Central/jets/3/pz in Skim_TriLep_WWW.root
2025-12-18 14:24:14,943 - INFO - [2022] MISSING_CENTRAL: SR1E2Mu/Central/jets/3/pz in Skim_TriLep_DYJets10to50.root
2025-12-18 14:24:15,528 - INFO - [2022] MISSING_CENTRAL: SR1E2Mu/Central/jets/3/pz in Skim_TriLep_WWW.root
2025-12-18 14:39:39,340 - INFO - [2022] MISSING_CENTRAL: SR1E2Mu/Central/jets/3/pz in Skim_TriLep_DYJets10to50.root
2025-12-18 14:39:40,274 - INFO - [2022] MISSING_CENTRAL: SR1E2Mu/Central/jets/3/pz in Skim_TriLep_WWW.root
2026-01-07 11:49:09,456 - INFO - [2022] MISSING_CENTRAL: SR1E2Mu/Central/jets/3/pz in Skim_TriLep_DYJets10to50.root
2026-01-07 11:49:09,736 - INFO - [2022] MISSING_CENTRAL: SR1E2Mu/Central/jets/3/pz in Skim_TriLep_WWW.root
2026-01-07 18:45:55,219 - INFO - [2022] MISSING_CENTRAL: SR1E2Mu/Central/jets/3/pz in Skim_TriLep_DYJets10to50.root
2026-01-07 18:45:55,866 - INFO - [2022] MISSING_CENTRAL: SR1E2Mu/Central/jets/3/pz in Skim_TriLep_WWW.root
2026-01-07 19:29:30,564 - INFO - [2022] MISSING_CENTRAL: SR1E2Mu/Central/jets/3/pz in Skim_TriLep_DYJets10to50.root
2026-01-07 19:29:30,985 - INFO - [2022] MISSING_CENTRAL: SR1E2Mu/Central/jets/3/pz in Skim_TriLep_WWW.root
2026-01-09 12:20:11,680 - INFO - [2022] MISSING_CENTRAL: SR1E2Mu/Central/jets/3/pz in Skim_TriLep_DYJets10to50.root
2026-01-09 12:20:11,898 - INFO - [2022] MISSING_CENTRAL: SR1E2Mu/Central/jets/3/pz in Skim_TriLep_WWW.root
2026-01-11 09:40:15,324 - INFO - [2022] MISSING_CENTRAL: SR1E2Mu/Central/jets/3/pz in Skim_TriLep_DYJets10to50.root
2026-01-11 09:40:15,498 - INFO - [2022] MISSING_CENTRAL: SR1E2Mu/Central/jets/3/pz in Skim_TriLep_WWW.root
2026-01-12 13:48:57,539 - INFO - [2022] MISSING_FILE: /home/choij/Sync/workspace/ChargedHiggsAnalysisV3/SKNanoOutput/MatrixSelector/Run1E2Mu/2022/Skim_TriLep_MuonEG_C.root
2026-01-12 13:48:57,539 - INFO - [2022] MISSING_FILE: /home/choij/Sync/workspace/ChargedHiggsAnalysisV3/SKNanoOutput/MatrixSelector/Run1E2Mu/2022/Skim_TriLep_MuonEG_D.root
2026-01-12 13:48:57,573 - INFO - [2022] MISSING_CENTRAL: SR1E2Mu/Central/jets/3/pz in Skim_TriLep_DYJets10to50.root
2026-01-12 13:48:57,749 - INFO - [2022] MISSING_CENTRAL: SR1E2Mu/Central/jets/3/pz in Skim_TriLep_WWW.root
2026-01-16 19:03:57,781 - INFO - [2022] MISSING_CENTRAL: SR1E2Mu/Central/jets/3/pz in Skim_TriLep_DYJets10to50.root
2026-01-16 19:03:57,960 - INFO - [2022] MISSING_CENTRAL: SR1E2Mu/Central/jets/3/pz in Skim_TriLep_WWW.root
2026-01-28 17:02:23,596 - INFO - [2022] MISSING_CENTRAL: SR1E2Mu/Central/jets/3/pz in Skim_TriLep_DYJets.root
2026-01-28 17:02:23,597 - INFO - [2022] MISSING_CENTRAL: SR1E2Mu/Central/jets/3/pz in Skim_TriLep_DYJets10to50.root
2026-01-28 17:02:23,909 - INFO - [2022] MISSING_CENTRAL: SR1E2Mu/Central/jets/3/pz in Skim_TriLep_WWW.root
2026-01-28 17:23:10,360 - INFO - [2022] MISSING_CENTRAL: SR1E2Mu/Central/jets/3/pz in Skim_TriLep_DYJets.root
2026-01-28 17:23:10,360 - INFO - [2022] MISSING_CENTRAL: SR1E2Mu/Central/jets/3/pz in Skim_TriLep_DYJets10to50.root
2026-01-28 17:23:10,675 - INFO - [2022] MISSING_CENTRAL: SR1E2Mu/Central/jets/3/pz in Skim_TriLep_WWW.root
2026-01-28 19:56:42,181 - INFO - [2022] MISSING_CENTRAL: SR1E2Mu/Central/jets/3/pz in Skim_TriLep_DYJets.root
2026-01-28 19:56:42,182 - INFO - [2022] MISSING_CENTRAL: SR1E2Mu/Central/jets/3/pz in Skim_TriLep_DYJets10to50.root
2026-01-28 19:56:42,500 - INFO - [2022] MISSING_CENTRAL: SR1E2Mu/Central/jets/3/pz in Skim_TriLep_WWW.root
2026-01-29 07:13:46,618 - INFO - [2022] MISSING_CENTRAL: SR1E2Mu/Central/jets/3/pz in Skim_TriLep_DYJets.root
2026-01-29 07:13:46,619 - INFO - [2022] MISSING_CENTRAL: SR1E2Mu/Central/jets/3/pz in Skim_TriLep_DYJets10to50.root
2026-01-29 07:13:46,828 - INFO - [2022] MISSING_CENTRAL: SR1E2Mu/Central/jets/3/pz in Skim_TriLep_WWW.root
2026-03-06 09:41:17,085 - INFO - [2022] MISSING_CENTRAL: SR1E2Mu/Central/jets/3/pz in Skim_TriLep_DYJets.root
2026-03-06 09:41:17,086 - INFO - [2022] MISSING_CENTRAL: SR1E2Mu/Central/jets/3/pz in Skim_TriLep_DYJets10to50.root
2026-03-06 09:41:17,300 - INFO - [2022] MISSING_CENTRAL: SR1E2Mu/Central/jets/3/pz in Skim_TriLep_WWW.root
2026-03-06 19:47:04,554 - INFO - [2022] MISSING_CENTRAL: SR1E2Mu/Central/jets/3/pz in Skim_TriLep_DYJets.root
2026-03-06 19:47:04,554 - INFO - [2022] MISSING_CENTRAL: SR1E2Mu/Central/jets/3/pz in Skim_TriLep_DYJets10to50.root
2026-03-06 19:47:04,756 - INFO - [2022] MISSING_CENTRAL: SR1E2Mu/Central/jets/3/pz in Skim_TriLep_WWW.root
2026-04-10 20:22:01,974 - INFO - [2022] MISSING_CENTRAL: SR1E2Mu/Central/jets/3/pz in Skim_TriLep_DYJets.root
2026-04-10 20:22:01,974 - INFO - [2022] MISSING_CENTRAL: SR1E2Mu/Central/jets/3/pz in Skim_TriLep_DYJets10to50.root
2026-04-10 20:22:02,183 - INFO - [2022] MISSING_CENTRAL: SR1E2Mu/Central/jets/3/pz in Skim_TriLep_WWW.root
2026-04-12 11:37:14,507 - INFO - [2022] MISSING_CENTRAL: SR1E2Mu/Central/jets/3/pz in Skim_TriLep_DYJets.root
2026-04-12 11:37:14,508 - INFO - [2022] MISSING_CENTRAL: SR1E2Mu/Central/jets/3/pz in Skim_TriLep_DYJets10to50.root
2026-04-12 11:37:14,723 - INFO - [2022] MISSING_CENTRAL: SR1E2Mu/Central/jets/3/pz in Skim_TriLep_WWW.root
2026-04-12 12:19:11,515 - INFO - [2022] MISSING_CENTRAL: SR1E2Mu/Central/jets/3/pz in Skim_TriLep_DYJets.root
2026-04-12 12:19:11,516 - INFO - [2022] MISSING_CENTRAL: SR1E2Mu/Central/jets/3/pz in Skim_TriLep_DYJets10to50.root
2026-04-12 12:19:11,734 - INFO - [2022] MISSING_CENTRAL: SR1E2Mu/Central/jets/3/pz in Skim_TriLep_WWW.root
2026-04-12 12:38:50,506 - INFO - [2022] MISSING_CENTRAL: SR1E2Mu/Central/jets/3/pz in Skim_TriLep_DYJets.root
2026-04-12 12:38:50,507 - INFO - [2022] MISSING_CENTRAL: SR1E2Mu/Central/jets/3/pz in Skim_TriLep_DYJets10to50.root
2026-04-12 12:38:50,719 - INFO - [2022] MISSING_CENTRAL: SR1E2Mu/Central/jets/3/pz in Skim_TriLep_WWW.root
2026-04-12 20:46:56,992 - INFO - [2022] MISSING_CENTRAL: SR1E2Mu/Central/jets/3/pz in Skim_TriLep_DYJets.root
2026-04-12 20:46:56,993 - INFO - [2022] MISSING_CENTRAL: SR1E2Mu/Central/jets/3/pz in Skim_TriLep_DYJets10to50.root
2026-04-12 20:46:57,191 - INFO - [2022] MISSING_CENTRAL: SR1E2Mu/Central/jets/3/pz in Skim_TriLep_WWW.root
2026-04-12 21:18:32,060 - INFO - [2022] MISSING_CENTRAL: SR1E2Mu/Central/jets/3/pz in Skim_TriLep_DYJets.root
2026-04-12 21:18:32,061 - INFO - [2022] MISSING_CENTRAL: SR1E2Mu/Central/jets/3/pz in Skim_TriLep_DYJets10to50.root
2026-04-12 21:18:32,275 - INFO - [2022] MISSING_CENTRAL: SR1E2Mu/Central/jets/3/pz in Skim_TriLep_WWW.root
2026-04-13 12:56:13,083 - INFO - [2022] MISSING_CENTRAL: SR1E2Mu/Central/jets/3/pz in Skim_TriLep_DYJets.root
2026-04-13 12:56:13,084 - INFO - [2022] MISSING_CENTRAL: SR1E2Mu/Central/jets/3/pz in Skim_TriLep_DYJets10to50.root
2026-04-13 12:56:13,348 - INFO - [2022] MISSING_CENTRAL: SR1E2Mu/Central/jets/3/pz in Skim_TriLep_WWW.root
2026-04-16 17:30:36,059 - INFO - [2022] MISSING_CENTRAL: SR1E2Mu/Central/jets/3/pz in Skim_TriLep_DYJets.root
2026-04-16 17:30:36,059 - INFO - [2022] MISSING_CENTRAL: SR1E2Mu/Central/jets/3/pz in Skim_TriLep_DYJets10to50.root
2026-04-16 17:30:36,328 - INFO - [2022] MISSING_CENTRAL: SR1E2Mu/Central/jets/3/pz in Skim_TriLep_WWW.root
2026-04-16 17:38:43,985 - INFO - [2022] MISSING_CENTRAL: SR1E2Mu/Central/jets/3/pz in Skim_TriLep_DYJets.root
2026-04-16 17:38:43,986 - INFO - [2022] MISSING_CENTRAL: SR1E2Mu/Central/jets/3/pz in Skim_TriLep_DYJets10to50.root
2026-04-16 17:38:44,244 - INFO - [2022] MISSING_CENTRAL: SR1E2Mu/Central/jets/3/pz in Skim_TriLep_WWW.root
2026-04-28 15:11:14,795 - INFO - [2022] MISSING_CENTRAL: SR1E2Mu/Central/jets/3/pz in Skim_TriLep_DYJets.root
2026-04-28 15:11:14,796 - INFO - [2022] MISSING_CENTRAL: SR1E2Mu/Central/jets/3/pz in Skim_TriLep_DYJets10to50.root
2026-04-28 15:11:15,076 - INFO - [2022] MISSING_CENTRAL: SR1E2Mu/Central/jets/3/pz in Skim_TriLep_WWW.root
2026-05-04 17:00:36,081 - INFO - [2022] MISSING_CENTRAL: SR1E2Mu/Central/jets/3/pz in Skim_TriLep_DYJets.root
2026-05-04 17:00:36,082 - INFO - [2022] MISSING_CENTRAL: SR1E2Mu/Central/jets/3/pz in Skim_TriLep_DYJets10to50.root
2026-05-04 17:00:36,345 - INFO - [2022] MISSING_CENTRAL: SR1E2Mu/Central/jets/3/pz in Skim_TriLep_WWW.root
2026-05-04 17:08:16,894 - INFO - [2022] MISSING_CENTRAL: SR1E2Mu/Central/jets/3/pz in Skim_TriLep_DYJets.root
2026-05-04 17:08:16,895 - INFO - [2022] MISSING_CENTRAL: SR1E2Mu/Central/jets/3/pz in Skim_TriLep_DYJets10to50.root
2026-05-04 17:08:17,174 - INFO - [2022] MISSING_CENTRAL: SR1E2Mu/Central/jets/3/pz in Skim_TriLep_WWW.root
2026-05-28 15:37:18,481 - INFO - [2022] MISSING_CENTRAL: SR1E2Mu/Central/jets/3/pz in Skim_TriLep_DYJets.root
2026-05-28 15:37:18,483 - INFO - [2022] MISSING_CENTRAL: SR1E2Mu/Central/jets/3/pz in Skim_TriLep_DYJets10to50.root
2026-05-28 15:37:18,971 - INFO - [2022] MISSING_CENTRAL: SR1E2Mu/Central/jets/3/pz in Skim_TriLep_WWW.root
2026-05-28 15:45:06,082 - INFO - [2022] MISSING_CENTRAL: SR1E2Mu/Central/jets/3/pz in Skim_TriLep_DYJets.root
2026-05-28 15:45:06,083 - INFO - [2022] MISSING_CENTRAL: SR1E2Mu/Central/jets/3/pz in Skim_TriLep_DYJets10to50.root
2026-05-28 15:45:06,533 - INFO - [2022] MISSING_CENTRAL: SR1E2Mu/Central/jets/3/pz in Skim_TriLep_WWW.root
2026-05-29 15:28:15,400 - INFO - [2022] MISSING_CENTRAL: SR1E2Mu/Central/jets/3/pz in Skim_TriLep_DYJets.root
2026-05-29 15:28:15,401 - INFO - [2022] MISSING_CENTRAL: SR1E2Mu/Central/jets/3/pz in Skim_TriLep_DYJets10to50.root
2026-05-29 15:28:15,643 - INFO - [2022] MISSING_CENTRAL: SR1E2Mu/Central/jets/3/pz in Skim_TriLep_WWW.root
2026-05-29 15:36:03,289 - INFO - [2022] MISSING_CENTRAL: SR1E2Mu/Central/jets/3/pz in Skim_TriLep_DYJets.root
2026-05-29 15:36:03,290 - INFO - [2022] MISSING_CENTRAL: SR1E2Mu/Central/jets/3/pz in Skim_TriLep_DYJets10to50.root
2026-05-29 15:36:03,553 - INFO - [2022] MISSING_CENTRAL: SR1E2Mu/Central/jets/3/pz in Skim_TriLep_WWW.root
2026-05-29 18:19:29,386 - INFO - [2022] MISSING_CENTRAL: SR1E2Mu/Central/jets/3/pz in Skim_TriLep_DYJets.root
2026-05-29 18:19:29,386 - INFO - [2022] MISSING_CENTRAL: SR1E2Mu/Central/jets/3/pz in Skim_TriLep_DYJets10to50.root
2026-05-29 18:19:29,646 - INFO - [2022] MISSING_CENTRAL: SR1E2Mu/Central/jets/3/pz in Skim_TriLep_WWW.root
2026-05-29 18:27:19,846 - INFO - [2022] MISSING_CENTRAL: SR1E2Mu/Central/jets/3/pz in Skim_TriLep_DYJets.root
2026-05-29 18:27:19,847 - INFO - [2022] MISSING_CENTRAL: SR1E2Mu/Central/jets/3/pz in Skim_TriLep_DYJets10to50.root
2026-05-29 18:27:20,112 - INFO - [2022] MISSING_CENTRAL: SR1E2Mu/Central/jets/3/pz in Skim_TriLep_WWW.root
2026-06-12 14:06:10,720 - INFO - [2022] MISSING_CENTRAL: SR1E2Mu/Central/jets/3/pz in Skim_TriLep_DYJets.root
2026-06-12 14:06:10,720 - INFO - [2022] MISSING_CENTRAL: SR1E2Mu/Central/jets/3/pz in Skim_TriLep_DYJets10to50.root
2026-06-12 14:06:10,985 - INFO - [2022] MISSING_CENTRAL: SR1E2Mu/Central/jets/3/pz in Skim_TriLep_WWW.root
2026-06-12 14:28:25,349 - INFO - [2022] MISSING_CENTRAL: SR1E2Mu/Central/jets/3/pz in Skim_TriLep_DYJets.root
2026-06-12 14:28:25,350 - INFO - [2022] MISSING_CENTRAL: SR1E2Mu/Central/jets/3/pz in Skim_TriLep_DYJets10to50.root
2026-06-12 14:28:25,611 - INFO - [2022] MISSING_CENTRAL: SR1E2Mu/Central/jets/3/pz in Skim_TriLep_WWW.root
