2026-07-03 14:39:40,436 - INFO - [2022] MISSING_CENTRAL: SR1E2Mu/Central/NMinusOne/njet_ge2/n_jets in Skim_TriLep_DYJets10to50.root
2026-07-21 19:45:26,870 - INFO - [2022] MISSING_SYSTEMATIC: SR1E2Mu/PileupReweight_Up/NMinusOne/njet_ge2/n_jets in Skim_TriLep_DYJets.root
2026-07-21 19:45:26,870 - INFO - [2022] MISSING_SYSTEMATIC: SR1E2Mu/PileupReweight_Down/NMinusOne/njet_ge2/n_jets in Skim_TriLep_DYJets.root
2026-07-21 19:45:26,871 - INFO - [2022] MISSING_SYSTEMATIC: SR1E2Mu/MuonIDSF_Up/NMinusOne/njet_ge2/n_jets in Skim_TriLep_DYJets.root
2026-07-21 19:45:26,871 - INFO - [2022] MISSING_SYSTEMATIC: SR1E2Mu/MuonIDSF_Down/NMinusOne/njet_ge2/n_jets in Skim_TriLep_DYJets.root
2026-07-21 19:45:26,872 - INFO - [2022] MISSING_SYSTEMATIC: SR1E2Mu/ElectronIDSF_Up/NMinusOne/njet_ge2/n_jets in Skim_TriLep_DYJets.root
2026-07-21 19:45:26,872 - INFO - [2022] MISSING_SYSTEMATIC: SR1E2Mu/ElectronIDSF_Down/NMinusOne/njet_ge2/n_jets in Skim_TriLep_DYJets.root
2026-07-21 19:45:26,872 - INFO - [2022] MISSING_SYSTEMATIC: SR1E2Mu/EMuTrigSF_Up/NMinusOne/njet_ge2/n_jets in Skim_TriLep_DYJets.root
2026-07-21 19:45:26,872 - INFO - [2022] MISSING_SYSTEMATIC: SR1E2Mu/EMuTrigSF_Down/NMinusOne/njet_ge2/n_jets in Skim_TriLep_DYJets.root
2026-07-21 19:45:26,873 - INFO - [2022] MISSING_SYSTEMATIC: SR1E2Mu/JetEn_Up/NMinusOne/njet_ge2/n_jets in Skim_TriLep_DYJets.root
2026-07-21 19:45:26,873 - INFO - [2022] MISSING_SYSTEMATIC: SR1E2Mu/JetEn_Down/NMinusOne/njet_ge2/n_jets in Skim_TriLep_DYJets.root
2026-07-21 19:45:26,873 - INFO - [2022] MISSING_SYSTEMATIC: SR1E2Mu/JetRes_Up/NMinusOne/njet_ge2/n_jets in Skim_TriLep_DYJets.root
2026-07-21 19:45:26,873 - INFO - [2022] MISSING_SYSTEMATIC: SR1E2Mu/JetRes_Down/NMinusOne/njet_ge2/n_jets in Skim_TriLep_DYJets.root
2026-07-21 19:45:26,874 - INFO - [2022] MISSING_SYSTEMATIC: SR1E2Mu/MuonEn_Up/NMinusOne/njet_ge2/n_jets in Skim_TriLep_DYJets.root
2026-07-21 19:45:26,874 - INFO - [2022] MISSING_SYSTEMATIC: SR1E2Mu/MuonEn_Down/NMinusOne/njet_ge2/n_jets in Skim_TriLep_DYJets.root
2026-07-21 19:45:26,875 - INFO - [2022] MISSING_SYSTEMATIC: SR1E2Mu/ElectronEn_Up/NMinusOne/njet_ge2/n_jets in Skim_TriLep_DYJets.root
2026-07-21 19:45:26,875 - INFO - [2022] MISSING_SYSTEMATIC: SR1E2Mu/ElectronEn_Down/NMinusOne/njet_ge2/n_jets in Skim_TriLep_DYJets.root
2026-07-21 19:45:26,875 - INFO - [2022] MISSING_SYSTEMATIC: SR1E2Mu/ElectronRes_Up/NMinusOne/njet_ge2/n_jets in Skim_TriLep_DYJets.root
2026-07-21 19:45:26,875 - INFO - [2022] MISSING_SYSTEMATIC: SR1E2Mu/ElectronRes_Down/NMinusOne/njet_ge2/n_jets in Skim_TriLep_DYJets.root
2026-07-21 19:45:26,876 - INFO - [2022] MISSING_SYSTEMATIC: SR1E2Mu/UnclusteredEn_Up/NMinusOne/njet_ge2/n_jets in Skim_TriLep_DYJets.root
2026-07-21 19:45:26,876 - INFO - [2022] MISSING_SYSTEMATIC: SR1E2Mu/UnclusteredEn_Down/NMinusOne/njet_ge2/n_jets in Skim_TriLep_DYJets.root
2026-07-21 19:45:26,877 - INFO - [2022] MISSING_SYSTEMATIC: SR1E2Mu/BtagSF_HFcorr_Up/NMinusOne/njet_ge2/n_jets in Skim_TriLep_DYJets.root
2026-07-21 19:45:26,877 - INFO - [2022] MISSING_SYSTEMATIC: SR1E2Mu/BtagSF_HFcorr_Down/NMinusOne/njet_ge2/n_jets in Skim_TriLep_DYJets.root
2026-07-21 19:45:26,877 - INFO - [2022] MISSING_SYSTEMATIC: SR1E2Mu/BtagSF_HFuncorr_Up/NMinusOne/njet_ge2/n_jets in Skim_TriLep_DYJets.root
2026-07-21 19:45:26,877 - INFO - [2022] MISSING_SYSTEMATIC: SR1E2Mu/BtagSF_HFuncorr_Down/NMinusOne/njet_ge2/n_jets in Skim_TriLep_DYJets.root
2026-07-21 19:45:26,878 - INFO - [2022] MISSING_SYSTEMATIC: SR1E2Mu/BtagSF_LFcorr_Up/NMinusOne/njet_ge2/n_jets in Skim_TriLep_DYJets.root
2026-07-21 19:45:26,878 - INFO - [2022] MISSING_SYSTEMATIC: SR1E2Mu/BtagSF_LFcorr_Down/NMinusOne/njet_ge2/n_jets in Skim_TriLep_DYJets.root
2026-07-21 19:45:26,878 - INFO - [2022] MISSING_SYSTEMATIC: SR1E2Mu/BtagSF_LFuncorr_Up/NMinusOne/njet_ge2/n_jets in Skim_TriLep_DYJets.root
2026-07-21 19:45:26,879 - INFO - [2022] MISSING_SYSTEMATIC: SR1E2Mu/BtagSF_LFuncorr_Down/NMinusOne/njet_ge2/n_jets in Skim_TriLep_DYJets.root
2026-07-21 19:45:26,879 - INFO - [2022] MISSING_SYSTEMATIC: SR1E2Mu/WZNjetsSF_Up/NMinusOne/njet_ge2/n_jets in Skim_TriLep_DYJets.root
2026-07-21 19:45:26,879 - INFO - [2022] MISSING_SYSTEMATIC: SR1E2Mu/WZNjetsSF_Down/NMinusOne/njet_ge2/n_jets in Skim_TriLep_DYJets.root
2026-07-21 19:45:26,880 - INFO - [2022] MISSING_CENTRAL: SR1E2Mu/Central/NMinusOne/njet_ge2/n_jets in Skim_TriLep_DYJets10to50.root
2026-07-21 19:45:26,884 - INFO - [2022] MISSING_SYSTEMATIC: SR1E2Mu/PileupReweight_Up/NMinusOne/njet_ge2/n_jets in Skim_TriLep_TTG_PTG10to100.root
2026-07-21 19:45:26,885 - INFO - [2022] MISSING_SYSTEMATIC: SR1E2Mu/PileupReweight_Down/NMinusOne/njet_ge2/n_jets in Skim_TriLep_TTG_PTG10to100.root
2026-07-21 19:45:26,885 - INFO - [2022] MISSING_SYSTEMATIC: SR1E2Mu/MuonIDSF_Up/NMinusOne/njet_ge2/n_jets in Skim_TriLep_TTG_PTG10to100.root
2026-07-21 19:45:26,885 - INFO - [2022] MISSING_SYSTEMATIC: SR1E2Mu/MuonIDSF_Down/NMinusOne/njet_ge2/n_jets in Skim_TriLep_TTG_PTG10to100.root
2026-07-21 19:45:26,886 - INFO - [2022] MISSING_SYSTEMATIC: SR1E2Mu/ElectronIDSF_Up/NMinusOne/njet_ge2/n_jets in Skim_TriLep_TTG_PTG10to100.root
2026-07-21 19:45:26,886 - INFO - [2022] MISSING_SYSTEMATIC: SR1E2Mu/ElectronIDSF_Down/NMinusOne/njet_ge2/n_jets in Skim_TriLep_TTG_PTG10to100.root
2026-07-21 19:45:26,886 - INFO - [2022] MISSING_SYSTEMATIC: SR1E2Mu/EMuTrigSF_Up/NMinusOne/njet_ge2/n_jets in Skim_TriLep_TTG_PTG10to100.root
2026-07-21 19:45:26,886 - INFO - [2022] MISSING_SYSTEMATIC: SR1E2Mu/EMuTrigSF_Down/NMinusOne/njet_ge2/n_jets in Skim_TriLep_TTG_PTG10to100.root
2026-07-21 19:45:26,887 - INFO - [2022] MISSING_SYSTEMATIC: SR1E2Mu/JetEn_Up/NMinusOne/njet_ge2/n_jets in Skim_TriLep_TTG_PTG10to100.root
2026-07-21 19:45:26,887 - INFO - [2022] MISSING_SYSTEMATIC: SR1E2Mu/JetEn_Down/NMinusOne/njet_ge2/n_jets in Skim_TriLep_TTG_PTG10to100.root
2026-07-21 19:45:26,888 - INFO - [2022] MISSING_SYSTEMATIC: SR1E2Mu/JetRes_Up/NMinusOne/njet_ge2/n_jets in Skim_TriLep_TTG_PTG10to100.root
2026-07-21 19:45:26,888 - INFO - [2022] MISSING_SYSTEMATIC: SR1E2Mu/JetRes_Down/NMinusOne/njet_ge2/n_jets in Skim_TriLep_TTG_PTG10to100.root
2026-07-21 19:45:26,888 - INFO - [2022] MISSING_SYSTEMATIC: SR1E2Mu/MuonEn_Up/NMinusOne/njet_ge2/n_jets in Skim_TriLep_TTG_PTG10to100.root
2026-07-21 19:45:26,888 - INFO - [2022] MISSING_SYSTEMATIC: SR1E2Mu/MuonEn_Down/NMinusOne/njet_ge2/n_jets in Skim_TriLep_TTG_PTG10to100.root
2026-07-21 19:45:26,889 - INFO - [2022] MISSING_SYSTEMATIC: SR1E2Mu/ElectronEn_Up/NMinusOne/njet_ge2/n_jets in Skim_TriLep_TTG_PTG10to100.root
2026-07-21 19:45:26,889 - INFO - [2022] MISSING_SYSTEMATIC: SR1E2Mu/ElectronEn_Down/NMinusOne/njet_ge2/n_jets in Skim_TriLep_TTG_PTG10to100.root
2026-07-21 19:45:26,890 - INFO - [2022] MISSING_SYSTEMATIC: SR1E2Mu/ElectronRes_Up/NMinusOne/njet_ge2/n_jets in Skim_TriLep_TTG_PTG10to100.root
2026-07-21 19:45:26,890 - INFO - [2022] MISSING_SYSTEMATIC: SR1E2Mu/ElectronRes_Down/NMinusOne/njet_ge2/n_jets in Skim_TriLep_TTG_PTG10to100.root
2026-07-21 19:45:26,890 - INFO - [2022] MISSING_SYSTEMATIC: SR1E2Mu/UnclusteredEn_Up/NMinusOne/njet_ge2/n_jets in Skim_TriLep_TTG_PTG10to100.root
2026-07-21 19:45:26,890 - INFO - [2022] MISSING_SYSTEMATIC: SR1E2Mu/UnclusteredEn_Down/NMinusOne/njet_ge2/n_jets in Skim_TriLep_TTG_PTG10to100.root
2026-07-21 19:45:26,891 - INFO - [2022] MISSING_SYSTEMATIC: SR1E2Mu/BtagSF_HFcorr_Up/NMinusOne/njet_ge2/n_jets in Skim_TriLep_TTG_PTG10to100.root
2026-07-21 19:45:26,891 - INFO - [2022] MISSING_SYSTEMATIC: SR1E2Mu/BtagSF_HFcorr_Down/NMinusOne/njet_ge2/n_jets in Skim_TriLep_TTG_PTG10to100.root
2026-07-21 19:45:26,892 - INFO - [2022] MISSING_SYSTEMATIC: SR1E2Mu/BtagSF_HFuncorr_Up/NMinusOne/njet_ge2/n_jets in Skim_TriLep_TTG_PTG10to100.root
2026-07-21 19:45:26,892 - INFO - [2022] MISSING_SYSTEMATIC: SR1E2Mu/BtagSF_HFuncorr_Down/NMinusOne/njet_ge2/n_jets in Skim_TriLep_TTG_PTG10to100.root
2026-07-21 19:45:26,892 - INFO - [2022] MISSING_SYSTEMATIC: SR1E2Mu/BtagSF_LFcorr_Up/NMinusOne/njet_ge2/n_jets in Skim_TriLep_TTG_PTG10to100.root
2026-07-21 19:45:26,892 - INFO - [2022] MISSING_SYSTEMATIC: SR1E2Mu/BtagSF_LFcorr_Down/NMinusOne/njet_ge2/n_jets in Skim_TriLep_TTG_PTG10to100.root
2026-07-21 19:45:26,893 - INFO - [2022] MISSING_SYSTEMATIC: SR1E2Mu/BtagSF_LFuncorr_Up/NMinusOne/njet_ge2/n_jets in Skim_TriLep_TTG_PTG10to100.root
2026-07-21 19:45:26,893 - INFO - [2022] MISSING_SYSTEMATIC: SR1E2Mu/BtagSF_LFuncorr_Down/NMinusOne/njet_ge2/n_jets in Skim_TriLep_TTG_PTG10to100.root
2026-07-21 19:45:26,894 - INFO - [2022] MISSING_SYSTEMATIC: SR1E2Mu/WZNjetsSF_Up/NMinusOne/njet_ge2/n_jets in Skim_TriLep_TTG_PTG10to100.root
2026-07-21 19:45:26,894 - INFO - [2022] MISSING_SYSTEMATIC: SR1E2Mu/WZNjetsSF_Down/NMinusOne/njet_ge2/n_jets in Skim_TriLep_TTG_PTG10to100.root
2026-07-21 19:45:26,895 - INFO - [2022] MISSING_SYSTEMATIC: SR1E2Mu/PileupReweight_Up/NMinusOne/njet_ge2/n_jets in Skim_TriLep_TTG_PTG100to200.root
2026-07-21 19:45:26,895 - INFO - [2022] MISSING_SYSTEMATIC: SR1E2Mu/PileupReweight_Down/NMinusOne/njet_ge2/n_jets in Skim_TriLep_TTG_PTG100to200.root
2026-07-21 19:45:26,895 - INFO - [2022] MISSING_SYSTEMATIC: SR1E2Mu/MuonIDSF_Up/NMinusOne/njet_ge2/n_jets in Skim_TriLep_TTG_PTG100to200.root
2026-07-21 19:45:26,895 - INFO - [2022] MISSING_SYSTEMATIC: SR1E2Mu/MuonIDSF_Down/NMinusOne/njet_ge2/n_jets in Skim_TriLep_TTG_PTG100to200.root
2026-07-21 19:45:26,896 - INFO - [2022] MISSING_SYSTEMATIC: SR1E2Mu/ElectronIDSF_Up/NMinusOne/njet_ge2/n_jets in Skim_TriLep_TTG_PTG100to200.root
2026-07-21 19:45:26,896 - INFO - [2022] MISSING_SYSTEMATIC: SR1E2Mu/ElectronIDSF_Down/NMinusOne/njet_ge2/n_jets in Skim_TriLep_TTG_PTG100to200.root
2026-07-21 19:45:26,897 - INFO - [2022] MISSING_SYSTEMATIC: SR1E2Mu/EMuTrigSF_Up/NMinusOne/njet_ge2/n_jets in Skim_TriLep_TTG_PTG100to200.root
2026-07-21 19:45:26,897 - INFO - [2022] MISSING_SYSTEMATIC: SR1E2Mu/EMuTrigSF_Down/NMinusOne/njet_ge2/n_jets in Skim_TriLep_TTG_PTG100to200.root
2026-07-21 19:45:26,897 - INFO - [2022] MISSING_SYSTEMATIC: SR1E2Mu/JetEn_Up/NMinusOne/njet_ge2/n_jets in Skim_TriLep_TTG_PTG100to200.root
2026-07-21 19:45:26,897 - INFO - [2022] MISSING_SYSTEMATIC: SR1E2Mu/JetEn_Down/NMinusOne/njet_ge2/n_jets in Skim_TriLep_TTG_PTG100to200.root
2026-07-21 19:45:26,898 - INFO - [2022] MISSING_SYSTEMATIC: SR1E2Mu/JetRes_Up/NMinusOne/njet_ge2/n_jets in Skim_TriLep_TTG_PTG100to200.root
2026-07-21 19:45:26,898 - INFO - [2022] MISSING_SYSTEMATIC: SR1E2Mu/JetRes_Down/NMinusOne/njet_ge2/n_jets in Skim_TriLep_TTG_PTG100to200.root
2026-07-21 19:45:26,899 - INFO - [2022] MISSING_SYSTEMATIC: SR1E2Mu/MuonEn_Up/NMinusOne/njet_ge2/n_jets in Skim_TriLep_TTG_PTG100to200.root
2026-07-21 19:45:26,899 - INFO - [2022] MISSING_SYSTEMATIC: SR1E2Mu/MuonEn_Down/NMinusOne/njet_ge2/n_jets in Skim_TriLep_TTG_PTG100to200.root
2026-07-21 19:45:26,899 - INFO - [2022] MISSING_SYSTEMATIC: SR1E2Mu/ElectronEn_Up/NMinusOne/njet_ge2/n_jets in Skim_TriLep_TTG_PTG100to200.root
2026-07-21 19:45:26,899 - INFO - [2022] MISSING_SYSTEMATIC: SR1E2Mu/ElectronEn_Down/NMinusOne/njet_ge2/n_jets in Skim_TriLep_TTG_PTG100to200.root
2026-07-21 19:45:26,900 - INFO - [2022] MISSING_SYSTEMATIC: SR1E2Mu/ElectronRes_Up/NMinusOne/njet_ge2/n_jets in Skim_TriLep_TTG_PTG100to200.root
2026-07-21 19:45:26,900 - INFO - [2022] MISSING_SYSTEMATIC: SR1E2Mu/ElectronRes_Down/NMinusOne/njet_ge2/n_jets in Skim_TriLep_TTG_PTG100to200.root
2026-07-21 19:45:26,901 - INFO - [2022] MISSING_SYSTEMATIC: SR1E2Mu/UnclusteredEn_Up/NMinusOne/njet_ge2/n_jets in Skim_TriLep_TTG_PTG100to200.root
2026-07-21 19:45:26,901 - INFO - [2022] MISSING_SYSTEMATIC: SR1E2Mu/UnclusteredEn_Down/NMinusOne/njet_ge2/n_jets in Skim_TriLep_TTG_PTG100to200.root
2026-07-21 19:45:26,901 - INFO - [2022] MISSING_SYSTEMATIC: SR1E2Mu/BtagSF_HFcorr_Up/NMinusOne/njet_ge2/n_jets in Skim_TriLep_TTG_PTG100to200.root
2026-07-21 19:45:26,901 - INFO - [2022] MISSING_SYSTEMATIC: SR1E2Mu/BtagSF_HFcorr_Down/NMinusOne/njet_ge2/n_jets in Skim_TriLep_TTG_PTG100to200.root
2026-07-21 19:45:26,902 - INFO - [2022] MISSING_SYSTEMATIC: SR1E2Mu/BtagSF_HFuncorr_Up/NMinusOne/njet_ge2/n_jets in Skim_TriLep_TTG_PTG100to200.root
2026-07-21 19:45:26,902 - INFO - [2022] MISSING_SYSTEMATIC: SR1E2Mu/BtagSF_HFuncorr_Down/NMinusOne/njet_ge2/n_jets in Skim_TriLep_TTG_PTG100to200.root
2026-07-21 19:45:26,903 - INFO - [2022] MISSING_SYSTEMATIC: SR1E2Mu/BtagSF_LFcorr_Up/NMinusOne/njet_ge2/n_jets in Skim_TriLep_TTG_PTG100to200.root
2026-07-21 19:45:26,903 - INFO - [2022] MISSING_SYSTEMATIC: SR1E2Mu/BtagSF_LFcorr_Down/NMinusOne/njet_ge2/n_jets in Skim_TriLep_TTG_PTG100to200.root
2026-07-21 19:45:26,903 - INFO - [2022] MISSING_SYSTEMATIC: SR1E2Mu/BtagSF_LFuncorr_Up/NMinusOne/njet_ge2/n_jets in Skim_TriLep_TTG_PTG100to200.root
2026-07-21 19:45:26,903 - INFO - [2022] MISSING_SYSTEMATIC: SR1E2Mu/BtagSF_LFuncorr_Down/NMinusOne/njet_ge2/n_jets in Skim_TriLep_TTG_PTG100to200.root
2026-07-21 19:45:26,904 - INFO - [2022] MISSING_SYSTEMATIC: SR1E2Mu/WZNjetsSF_Up/NMinusOne/njet_ge2/n_jets in Skim_TriLep_TTG_PTG100to200.root
2026-07-21 19:45:26,904 - INFO - [2022] MISSING_SYSTEMATIC: SR1E2Mu/WZNjetsSF_Down/NMinusOne/njet_ge2/n_jets in Skim_TriLep_TTG_PTG100to200.root
2026-07-21 19:45:26,905 - INFO - [2022] MISSING_SYSTEMATIC: SR1E2Mu/PileupReweight_Up/NMinusOne/njet_ge2/n_jets in Skim_TriLep_TTG_PTG200toInf.root
2026-07-21 19:45:26,905 - INFO - [2022] MISSING_SYSTEMATIC: SR1E2Mu/PileupReweight_Down/NMinusOne/njet_ge2/n_jets in Skim_TriLep_TTG_PTG200toInf.root
2026-07-21 19:45:26,906 - INFO - [2022] MISSING_SYSTEMATIC: SR1E2Mu/MuonIDSF_Up/NMinusOne/njet_ge2/n_jets in Skim_TriLep_TTG_PTG200toInf.root
2026-07-21 19:45:26,906 - INFO - [2022] MISSING_SYSTEMATIC: SR1E2Mu/MuonIDSF_Down/NMinusOne/njet_ge2/n_jets in Skim_TriLep_TTG_PTG200toInf.root
2026-07-21 19:45:26,906 - INFO - [2022] MISSING_SYSTEMATIC: SR1E2Mu/ElectronIDSF_Up/NMinusOne/njet_ge2/n_jets in Skim_TriLep_TTG_PTG200toInf.root
2026-07-21 19:45:26,906 - INFO - [2022] MISSING_SYSTEMATIC: SR1E2Mu/ElectronIDSF_Down/NMinusOne/njet_ge2/n_jets in Skim_TriLep_TTG_PTG200toInf.root
2026-07-21 19:45:26,907 - INFO - [2022] MISSING_SYSTEMATIC: SR1E2Mu/EMuTrigSF_Up/NMinusOne/njet_ge2/n_jets in Skim_TriLep_TTG_PTG200toInf.root
2026-07-21 19:45:26,907 - INFO - [2022] MISSING_SYSTEMATIC: SR1E2Mu/EMuTrigSF_Down/NMinusOne/njet_ge2/n_jets in Skim_TriLep_TTG_PTG200toInf.root
2026-07-21 19:45:26,908 - INFO - [2022] MISSING_SYSTEMATIC: SR1E2Mu/JetEn_Up/NMinusOne/njet_ge2/n_jets in Skim_TriLep_TTG_PTG200toInf.root
2026-07-21 19:45:26,908 - INFO - [2022] MISSING_SYSTEMATIC: SR1E2Mu/JetEn_Down/NMinusOne/njet_ge2/n_jets in Skim_TriLep_TTG_PTG200toInf.root
2026-07-21 19:45:26,908 - INFO - [2022] MISSING_SYSTEMATIC: SR1E2Mu/JetRes_Up/NMinusOne/njet_ge2/n_jets in Skim_TriLep_TTG_PTG200toInf.root
2026-07-21 19:45:26,908 - INFO - [2022] MISSING_SYSTEMATIC: SR1E2Mu/JetRes_Down/NMinusOne/njet_ge2/n_jets in Skim_TriLep_TTG_PTG200toInf.root
2026-07-21 19:45:26,909 - INFO - [2022] MISSING_SYSTEMATIC: SR1E2Mu/MuonEn_Up/NMinusOne/njet_ge2/n_jets in Skim_TriLep_TTG_PTG200toInf.root
2026-07-21 19:45:26,909 - INFO - [2022] MISSING_SYSTEMATIC: SR1E2Mu/MuonEn_Down/NMinusOne/njet_ge2/n_jets in Skim_TriLep_TTG_PTG200toInf.root
2026-07-21 19:45:26,910 - INFO - [2022] MISSING_SYSTEMATIC: SR1E2Mu/ElectronEn_Up/NMinusOne/njet_ge2/n_jets in Skim_TriLep_TTG_PTG200toInf.root
2026-07-21 19:45:26,910 - INFO - [2022] MISSING_SYSTEMATIC: SR1E2Mu/ElectronEn_Down/NMinusOne/njet_ge2/n_jets in Skim_TriLep_TTG_PTG200toInf.root
2026-07-21 19:45:26,910 - INFO - [2022] MISSING_SYSTEMATIC: SR1E2Mu/ElectronRes_Up/NMinusOne/njet_ge2/n_jets in Skim_TriLep_TTG_PTG200toInf.root
2026-07-21 19:45:26,910 - INFO - [2022] MISSING_SYSTEMATIC: SR1E2Mu/ElectronRes_Down/NMinusOne/njet_ge2/n_jets in Skim_TriLep_TTG_PTG200toInf.root
2026-07-21 19:45:26,911 - INFO - [2022] MISSING_SYSTEMATIC: SR1E2Mu/UnclusteredEn_Up/NMinusOne/njet_ge2/n_jets in Skim_TriLep_TTG_PTG200toInf.root
2026-07-21 19:45:26,911 - INFO - [2022] MISSING_SYSTEMATIC: SR1E2Mu/UnclusteredEn_Down/NMinusOne/njet_ge2/n_jets in Skim_TriLep_TTG_PTG200toInf.root
2026-07-21 19:45:26,912 - INFO - [2022] MISSING_SYSTEMATIC: SR1E2Mu/BtagSF_HFcorr_Up/NMinusOne/njet_ge2/n_jets in Skim_TriLep_TTG_PTG200toInf.root
2026-07-21 19:45:26,912 - INFO - [2022] MISSING_SYSTEMATIC: SR1E2Mu/BtagSF_HFcorr_Down/NMinusOne/njet_ge2/n_jets in Skim_TriLep_TTG_PTG200toInf.root
2026-07-21 19:45:26,912 - INFO - [2022] MISSING_SYSTEMATIC: SR1E2Mu/BtagSF_HFuncorr_Up/NMinusOne/njet_ge2/n_jets in Skim_TriLep_TTG_PTG200toInf.root
2026-07-21 19:45:26,912 - INFO - [2022] MISSING_SYSTEMATIC: SR1E2Mu/BtagSF_HFuncorr_Down/NMinusOne/njet_ge2/n_jets in Skim_TriLep_TTG_PTG200toInf.root
2026-07-21 19:45:26,913 - INFO - [2022] MISSING_SYSTEMATIC: SR1E2Mu/BtagSF_LFcorr_Up/NMinusOne/njet_ge2/n_jets in Skim_TriLep_TTG_PTG200toInf.root
2026-07-21 19:45:26,913 - INFO - [2022] MISSING_SYSTEMATIC: SR1E2Mu/BtagSF_LFcorr_Down/NMinusOne/njet_ge2/n_jets in Skim_TriLep_TTG_PTG200toInf.root
2026-07-21 19:45:26,913 - INFO - [2022] MISSING_SYSTEMATIC: SR1E2Mu/BtagSF_LFuncorr_Up/NMinusOne/njet_ge2/n_jets in Skim_TriLep_TTG_PTG200toInf.root
2026-07-21 19:45:26,914 - INFO - [2022] MISSING_SYSTEMATIC: SR1E2Mu/BtagSF_LFuncorr_Down/NMinusOne/njet_ge2/n_jets in Skim_TriLep_TTG_PTG200toInf.root
2026-07-21 19:45:26,914 - INFO - [2022] MISSING_SYSTEMATIC: SR1E2Mu/WZNjetsSF_Up/NMinusOne/njet_ge2/n_jets in Skim_TriLep_TTG_PTG200toInf.root
2026-07-21 19:45:26,914 - INFO - [2022] MISSING_SYSTEMATIC: SR1E2Mu/WZNjetsSF_Down/NMinusOne/njet_ge2/n_jets in Skim_TriLep_TTG_PTG200toInf.root
2026-07-21 19:45:26,916 - INFO - [2022] MISSING_SYSTEMATIC: SR1E2Mu/PileupReweight_Up/NMinusOne/njet_ge2/n_jets in Skim_TriLep_TTWToLNu.root
2026-07-21 19:45:26,916 - INFO - [2022] MISSING_SYSTEMATIC: SR1E2Mu/PileupReweight_Down/NMinusOne/njet_ge2/n_jets in Skim_TriLep_TTWToLNu.root
2026-07-21 19:45:26,916 - INFO - [2022] MISSING_SYSTEMATIC: SR1E2Mu/MuonIDSF_Up/NMinusOne/njet_ge2/n_jets in Skim_TriLep_TTWToLNu.root
2026-07-21 19:45:26,916 - INFO - [2022] MISSING_SYSTEMATIC: SR1E2Mu/MuonIDSF_Down/NMinusOne/njet_ge2/n_jets in Skim_TriLep_TTWToLNu.root
2026-07-21 19:45:26,917 - INFO - [2022] MISSING_SYSTEMATIC: SR1E2Mu/ElectronIDSF_Up/NMinusOne/njet_ge2/n_jets in Skim_TriLep_TTWToLNu.root
2026-07-21 19:45:26,917 - INFO - [2022] MISSING_SYSTEMATIC: SR1E2Mu/ElectronIDSF_Down/NMinusOne/njet_ge2/n_jets in Skim_TriLep_TTWToLNu.root
2026-07-21 19:45:26,918 - INFO - [2022] MISSING_SYSTEMATIC: SR1E2Mu/EMuTrigSF_Up/NMinusOne/njet_ge2/n_jets in Skim_TriLep_TTWToLNu.root
2026-07-21 19:45:26,918 - INFO - [2022] MISSING_SYSTEMATIC: SR1E2Mu/EMuTrigSF_Down/NMinusOne/njet_ge2/n_jets in Skim_TriLep_TTWToLNu.root
2026-07-21 19:45:26,918 - INFO - [2022] MISSING_SYSTEMATIC: SR1E2Mu/JetEn_Up/NMinusOne/njet_ge2/n_jets in Skim_TriLep_TTWToLNu.root
2026-07-21 19:45:26,918 - INFO - [2022] MISSING_SYSTEMATIC: SR1E2Mu/JetEn_Down/NMinusOne/njet_ge2/n_jets in Skim_TriLep_TTWToLNu.root
2026-07-21 19:45:26,919 - INFO - [2022] MISSING_SYSTEMATIC: SR1E2Mu/JetRes_Up/NMinusOne/njet_ge2/n_jets in Skim_TriLep_TTWToLNu.root
2026-07-21 19:45:26,919 - INFO - [2022] MISSING_SYSTEMATIC: SR1E2Mu/JetRes_Down/NMinusOne/njet_ge2/n_jets in Skim_TriLep_TTWToLNu.root
2026-07-21 19:45:26,920 - INFO - [2022] MISSING_SYSTEMATIC: SR1E2Mu/MuonEn_Up/NMinusOne/njet_ge2/n_jets in Skim_TriLep_TTWToLNu.root
2026-07-21 19:45:26,920 - INFO - [2022] MISSING_SYSTEMATIC: SR1E2Mu/MuonEn_Down/NMinusOne/njet_ge2/n_jets in Skim_TriLep_TTWToLNu.root
2026-07-21 19:45:26,920 - INFO - [2022] MISSING_SYSTEMATIC: SR1E2Mu/ElectronEn_Up/NMinusOne/njet_ge2/n_jets in Skim_TriLep_TTWToLNu.root
2026-07-21 19:45:26,920 - INFO - [2022] MISSING_SYSTEMATIC: SR1E2Mu/ElectronEn_Down/NMinusOne/njet_ge2/n_jets in Skim_TriLep_TTWToLNu.root
2026-07-21 19:45:26,921 - INFO - [2022] MISSING_SYSTEMATIC: SR1E2Mu/ElectronRes_Up/NMinusOne/njet_ge2/n_jets in Skim_TriLep_TTWToLNu.root
2026-07-21 19:45:26,921 - INFO - [2022] MISSING_SYSTEMATIC: SR1E2Mu/ElectronRes_Down/NMinusOne/njet_ge2/n_jets in Skim_TriLep_TTWToLNu.root
2026-07-21 19:45:26,922 - INFO - [2022] MISSING_SYSTEMATIC: SR1E2Mu/UnclusteredEn_Up/NMinusOne/njet_ge2/n_jets in Skim_TriLep_TTWToLNu.root
2026-07-21 19:45:26,922 - INFO - [2022] MISSING_SYSTEMATIC: SR1E2Mu/UnclusteredEn_Down/NMinusOne/njet_ge2/n_jets in Skim_TriLep_TTWToLNu.root
2026-07-21 19:45:26,922 - INFO - [2022] MISSING_SYSTEMATIC: SR1E2Mu/BtagSF_HFcorr_Up/NMinusOne/njet_ge2/n_jets in Skim_TriLep_TTWToLNu.root
2026-07-21 19:45:26,922 - INFO - [2022] MISSING_SYSTEMATIC: SR1E2Mu/BtagSF_HFcorr_Down/NMinusOne/njet_ge2/n_jets in Skim_TriLep_TTWToLNu.root
2026-07-21 19:45:26,923 - INFO - [2022] MISSING_SYSTEMATIC: SR1E2Mu/BtagSF_HFuncorr_Up/NMinusOne/njet_ge2/n_jets in Skim_TriLep_TTWToLNu.root
2026-07-21 19:45:26,923 - INFO - [2022] MISSING_SYSTEMATIC: SR1E2Mu/BtagSF_HFuncorr_Down/NMinusOne/njet_ge2/n_jets in Skim_TriLep_TTWToLNu.root
2026-07-21 19:45:26,923 - INFO - [2022] MISSING_SYSTEMATIC: SR1E2Mu/BtagSF_LFcorr_Up/NMinusOne/njet_ge2/n_jets in Skim_TriLep_TTWToLNu.root
2026-07-21 19:45:26,923 - INFO - [2022] MISSING_SYSTEMATIC: SR1E2Mu/BtagSF_LFcorr_Down/NMinusOne/njet_ge2/n_jets in Skim_TriLep_TTWToLNu.root
2026-07-21 19:45:26,924 - INFO - [2022] MISSING_SYSTEMATIC: SR1E2Mu/BtagSF_LFuncorr_Up/NMinusOne/njet_ge2/n_jets in Skim_TriLep_TTWToLNu.root
2026-07-21 19:45:26,924 - INFO - [2022] MISSING_SYSTEMATIC: SR1E2Mu/BtagSF_LFuncorr_Down/NMinusOne/njet_ge2/n_jets in Skim_TriLep_TTWToLNu.root
2026-07-21 19:45:26,925 - INFO - [2022] MISSING_SYSTEMATIC: SR1E2Mu/WZNjetsSF_Up/NMinusOne/njet_ge2/n_jets in Skim_TriLep_TTWToLNu.root
2026-07-21 19:45:26,925 - INFO - [2022] MISSING_SYSTEMATIC: SR1E2Mu/WZNjetsSF_Down/NMinusOne/njet_ge2/n_jets in Skim_TriLep_TTWToLNu.root
2026-07-21 19:45:26,926 - INFO - [2022] MISSING_SYSTEMATIC: SR1E2Mu/PileupReweight_Up/NMinusOne/njet_ge2/n_jets in Skim_TriLep_TTZ_M4to50.root
2026-07-21 19:45:26,926 - INFO - [2022] MISSING_SYSTEMATIC: SR1E2Mu/PileupReweight_Down/NMinusOne/njet_ge2/n_jets in Skim_TriLep_TTZ_M4to50.root
2026-07-21 19:45:26,926 - INFO - [2022] MISSING_SYSTEMATIC: SR1E2Mu/MuonIDSF_Up/NMinusOne/njet_ge2/n_jets in Skim_TriLep_TTZ_M4to50.root
2026-07-21 19:45:26,926 - INFO - [2022] MISSING_SYSTEMATIC: SR1E2Mu/MuonIDSF_Down/NMinusOne/njet_ge2/n_jets in Skim_TriLep_TTZ_M4to50.root
2026-07-21 19:45:26,927 - INFO - [2022] MISSING_SYSTEMATIC: SR1E2Mu/ElectronIDSF_Up/NMinusOne/njet_ge2/n_jets in Skim_TriLep_TTZ_M4to50.root
2026-07-21 19:45:26,927 - INFO - [2022] MISSING_SYSTEMATIC: SR1E2Mu/ElectronIDSF_Down/NMinusOne/njet_ge2/n_jets in Skim_TriLep_TTZ_M4to50.root
2026-07-21 19:45:26,928 - INFO - [2022] MISSING_SYSTEMATIC: SR1E2Mu/EMuTrigSF_Up/NMinusOne/njet_ge2/n_jets in Skim_TriLep_TTZ_M4to50.root
2026-07-21 19:45:26,928 - INFO - [2022] MISSING_SYSTEMATIC: SR1E2Mu/EMuTrigSF_Down/NMinusOne/njet_ge2/n_jets in Skim_TriLep_TTZ_M4to50.root
2026-07-21 19:45:26,928 - INFO - [2022] MISSING_SYSTEMATIC: SR1E2Mu/JetEn_Up/NMinusOne/njet_ge2/n_jets in Skim_TriLep_TTZ_M4to50.root
2026-07-21 19:45:26,928 - INFO - [2022] MISSING_SYSTEMATIC: SR1E2Mu/JetEn_Down/NMinusOne/njet_ge2/n_jets in Skim_TriLep_TTZ_M4to50.root
2026-07-21 19:45:26,929 - INFO - [2022] MISSING_SYSTEMATIC: SR1E2Mu/JetRes_Up/NMinusOne/njet_ge2/n_jets in Skim_TriLep_TTZ_M4to50.root
2026-07-21 19:45:26,929 - INFO - [2022] MISSING_SYSTEMATIC: SR1E2Mu/JetRes_Down/NMinusOne/njet_ge2/n_jets in Skim_TriLep_TTZ_M4to50.root
2026-07-21 19:45:26,930 - INFO - [2022] MISSING_SYSTEMATIC: SR1E2Mu/MuonEn_Up/NMinusOne/njet_ge2/n_jets in Skim_TriLep_TTZ_M4to50.root
2026-07-21 19:45:26,930 - INFO - [2022] MISSING_SYSTEMATIC: SR1E2Mu/MuonEn_Down/NMinusOne/njet_ge2/n_jets in Skim_TriLep_TTZ_M4to50.root
2026-07-21 19:45:26,930 - INFO - [2022] MISSING_SYSTEMATIC: SR1E2Mu/ElectronEn_Up/NMinusOne/njet_ge2/n_jets in Skim_TriLep_TTZ_M4to50.root
2026-07-21 19:45:26,930 - INFO - [2022] MISSING_SYSTEMATIC: SR1E2Mu/ElectronEn_Down/NMinusOne/njet_ge2/n_jets in Skim_TriLep_TTZ_M4to50.root
2026-07-21 19:45:26,931 - INFO - [2022] MISSING_SYSTEMATIC: SR1E2Mu/ElectronRes_Up/NMinusOne/njet_ge2/n_jets in Skim_TriLep_TTZ_M4to50.root
2026-07-21 19:45:26,931 - INFO - [2022] MISSING_SYSTEMATIC: SR1E2Mu/ElectronRes_Down/NMinusOne/njet_ge2/n_jets in Skim_TriLep_TTZ_M4to50.root
2026-07-21 19:45:26,931 - INFO - [2022] MISSING_SYSTEMATIC: SR1E2Mu/UnclusteredEn_Up/NMinusOne/njet_ge2/n_jets in Skim_TriLep_TTZ_M4to50.root
2026-07-21 19:45:26,931 - INFO - [2022] MISSING_SYSTEMATIC: SR1E2Mu/UnclusteredEn_Down/NMinusOne/njet_ge2/n_jets in Skim_TriLep_TTZ_M4to50.root
2026-07-21 19:45:26,932 - INFO - [2022] MISSING_SYSTEMATIC: SR1E2Mu/BtagSF_HFcorr_Up/NMinusOne/njet_ge2/n_jets in Skim_TriLep_TTZ_M4to50.root
2026-07-21 19:45:26,932 - INFO - [2022] MISSING_SYSTEMATIC: SR1E2Mu/BtagSF_HFcorr_Down/NMinusOne/njet_ge2/n_jets in Skim_TriLep_TTZ_M4to50.root
2026-07-21 19:45:26,933 - INFO - [2022] MISSING_SYSTEMATIC: SR1E2Mu/BtagSF_HFuncorr_Up/NMinusOne/njet_ge2/n_jets in Skim_TriLep_TTZ_M4to50.root
2026-07-21 19:45:26,933 - INFO - [2022] MISSING_SYSTEMATIC: SR1E2Mu/BtagSF_HFuncorr_Down/NMinusOne/njet_ge2/n_jets in Skim_TriLep_TTZ_M4to50.root
2026-07-21 19:45:26,933 - INFO - [2022] MISSING_SYSTEMATIC: SR1E2Mu/BtagSF_LFcorr_Up/NMinusOne/njet_ge2/n_jets in Skim_TriLep_TTZ_M4to50.root
2026-07-21 19:45:26,933 - INFO - [2022] MISSING_SYSTEMATIC: SR1E2Mu/BtagSF_LFcorr_Down/NMinusOne/njet_ge2/n_jets in Skim_TriLep_TTZ_M4to50.root
2026-07-21 19:45:26,934 - INFO - [2022] MISSING_SYSTEMATIC: SR1E2Mu/BtagSF_LFuncorr_Up/NMinusOne/njet_ge2/n_jets in Skim_TriLep_TTZ_M4to50.root
2026-07-21 19:45:26,934 - INFO - [2022] MISSING_SYSTEMATIC: SR1E2Mu/BtagSF_LFuncorr_Down/NMinusOne/njet_ge2/n_jets in Skim_TriLep_TTZ_M4to50.root
2026-07-21 19:45:26,935 - INFO - [2022] MISSING_SYSTEMATIC: SR1E2Mu/WZNjetsSF_Up/NMinusOne/njet_ge2/n_jets in Skim_TriLep_TTZ_M4to50.root
2026-07-21 19:45:26,935 - INFO - [2022] MISSING_SYSTEMATIC: SR1E2Mu/WZNjetsSF_Down/NMinusOne/njet_ge2/n_jets in Skim_TriLep_TTZ_M4to50.root
2026-07-21 19:45:26,936 - INFO - [2022] MISSING_SYSTEMATIC: SR1E2Mu/PileupReweight_Up/NMinusOne/njet_ge2/n_jets in Skim_TriLep_TTZ_M50.root
2026-07-21 19:45:26,936 - INFO - [2022] MISSING_SYSTEMATIC: SR1E2Mu/PileupReweight_Down/NMinusOne/njet_ge2/n_jets in Skim_TriLep_TTZ_M50.root
2026-07-21 19:45:26,936 - INFO - [2022] MISSING_SYSTEMATIC: SR1E2Mu/MuonIDSF_Up/NMinusOne/njet_ge2/n_jets in Skim_TriLep_TTZ_M50.root
2026-07-21 19:45:26,936 - INFO - [2022] MISSING_SYSTEMATIC: SR1E2Mu/MuonIDSF_Down/NMinusOne/njet_ge2/n_jets in Skim_TriLep_TTZ_M50.root
2026-07-21 19:45:26,937 - INFO - [2022] MISSING_SYSTEMATIC: SR1E2Mu/ElectronIDSF_Up/NMinusOne/njet_ge2/n_jets in Skim_TriLep_TTZ_M50.root
2026-07-21 19:45:26,937 - INFO - [2022] MISSING_SYSTEMATIC: SR1E2Mu/ElectronIDSF_Down/NMinusOne/njet_ge2/n_jets in Skim_TriLep_TTZ_M50.root
2026-07-21 19:45:26,938 - INFO - [2022] MISSING_SYSTEMATIC: SR1E2Mu/EMuTrigSF_Up/NMinusOne/njet_ge2/n_jets in Skim_TriLep_TTZ_M50.root
2026-07-21 19:45:26,938 - INFO - [2022] MISSING_SYSTEMATIC: SR1E2Mu/EMuTrigSF_Down/NMinusOne/njet_ge2/n_jets in Skim_TriLep_TTZ_M50.root
2026-07-21 19:45:26,938 - INFO - [2022] MISSING_SYSTEMATIC: SR1E2Mu/JetEn_Up/NMinusOne/njet_ge2/n_jets in Skim_TriLep_TTZ_M50.root
2026-07-21 19:45:26,938 - INFO - [2022] MISSING_SYSTEMATIC: SR1E2Mu/JetEn_Down/NMinusOne/njet_ge2/n_jets in Skim_TriLep_TTZ_M50.root
2026-07-21 19:45:26,939 - INFO - [2022] MISSING_SYSTEMATIC: SR1E2Mu/JetRes_Up/NMinusOne/njet_ge2/n_jets in Skim_TriLep_TTZ_M50.root
2026-07-21 19:45:26,939 - INFO - [2022] MISSING_SYSTEMATIC: SR1E2Mu/JetRes_Down/NMinusOne/njet_ge2/n_jets in Skim_TriLep_TTZ_M50.root
2026-07-21 19:45:26,939 - INFO - [2022] MISSING_SYSTEMATIC: SR1E2Mu/MuonEn_Up/NMinusOne/njet_ge2/n_jets in Skim_TriLep_TTZ_M50.root
2026-07-21 19:45:26,939 - INFO - [2022] MISSING_SYSTEMATIC: SR1E2Mu/MuonEn_Down/NMinusOne/njet_ge2/n_jets in Skim_TriLep_TTZ_M50.root
2026-07-21 19:45:26,940 - INFO - [2022] MISSING_SYSTEMATIC: SR1E2Mu/ElectronEn_Up/NMinusOne/njet_ge2/n_jets in Skim_TriLep_TTZ_M50.root
2026-07-21 19:45:26,940 - INFO - [2022] MISSING_SYSTEMATIC: SR1E2Mu/ElectronEn_Down/NMinusOne/njet_ge2/n_jets in Skim_TriLep_TTZ_M50.root
2026-07-21 19:45:26,941 - INFO - [2022] MISSING_SYSTEMATIC: SR1E2Mu/ElectronRes_Up/NMinusOne/njet_ge2/n_jets in Skim_TriLep_TTZ_M50.root
2026-07-21 19:45:26,941 - INFO - [2022] MISSING_SYSTEMATIC: SR1E2Mu/ElectronRes_Down/NMinusOne/njet_ge2/n_jets in Skim_TriLep_TTZ_M50.root
2026-07-21 19:45:26,941 - INFO - [2022] MISSING_SYSTEMATIC: SR1E2Mu/UnclusteredEn_Up/NMinusOne/njet_ge2/n_jets in Skim_TriLep_TTZ_M50.root
2026-07-21 19:45:26,941 - INFO - [2022] MISSING_SYSTEMATIC: SR1E2Mu/UnclusteredEn_Down/NMinusOne/njet_ge2/n_jets in Skim_TriLep_TTZ_M50.root
2026-07-21 19:45:26,942 - INFO - [2022] MISSING_SYSTEMATIC: SR1E2Mu/BtagSF_HFcorr_Up/NMinusOne/njet_ge2/n_jets in Skim_TriLep_TTZ_M50.root
2026-07-21 19:45:26,942 - INFO - [2022] MISSING_SYSTEMATIC: SR1E2Mu/BtagSF_HFcorr_Down/NMinusOne/njet_ge2/n_jets in Skim_TriLep_TTZ_M50.root
2026-07-21 19:45:26,943 - INFO - [2022] MISSING_SYSTEMATIC: SR1E2Mu/BtagSF_HFuncorr_Up/NMinusOne/njet_ge2/n_jets in Skim_TriLep_TTZ_M50.root
2026-07-21 19:45:26,943 - INFO - [2022] MISSING_SYSTEMATIC: SR1E2Mu/BtagSF_HFuncorr_Down/NMinusOne/njet_ge2/n_jets in Skim_TriLep_TTZ_M50.root
2026-07-21 19:45:26,943 - INFO - [2022] MISSING_SYSTEMATIC: SR1E2Mu/BtagSF_LFcorr_Up/NMinusOne/njet_ge2/n_jets in Skim_TriLep_TTZ_M50.root
2026-07-21 19:45:26,943 - INFO - [2022] MISSING_SYSTEMATIC: SR1E2Mu/BtagSF_LFcorr_Down/NMinusOne/njet_ge2/n_jets in Skim_TriLep_TTZ_M50.root
2026-07-21 19:45:26,944 - INFO - [2022] MISSING_SYSTEMATIC: SR1E2Mu/BtagSF_LFuncorr_Up/NMinusOne/njet_ge2/n_jets in Skim_TriLep_TTZ_M50.root
2026-07-21 19:45:26,944 - INFO - [2022] MISSING_SYSTEMATIC: SR1E2Mu/BtagSF_LFuncorr_Down/NMinusOne/njet_ge2/n_jets in Skim_TriLep_TTZ_M50.root
2026-07-21 19:45:26,944 - INFO - [2022] MISSING_SYSTEMATIC: SR1E2Mu/WZNjetsSF_Up/NMinusOne/njet_ge2/n_jets in Skim_TriLep_TTZ_M50.root
2026-07-21 19:45:26,944 - INFO - [2022] MISSING_SYSTEMATIC: SR1E2Mu/WZNjetsSF_Down/NMinusOne/njet_ge2/n_jets in Skim_TriLep_TTZ_M50.root
2026-07-21 19:45:26,945 - INFO - [2022] MISSING_SYSTEMATIC: SR1E2Mu/PileupReweight_Up/NMinusOne/njet_ge2/n_jets in Skim_TriLep_TTHToNonbb.root
2026-07-21 19:45:26,945 - INFO - [2022] MISSING_SYSTEMATIC: SR1E2Mu/PileupReweight_Down/NMinusOne/njet_ge2/n_jets in Skim_TriLep_TTHToNonbb.root
2026-07-21 19:45:26,946 - INFO - [2022] MISSING_SYSTEMATIC: SR1E2Mu/MuonIDSF_Up/NMinusOne/njet_ge2/n_jets in Skim_TriLep_TTHToNonbb.root
2026-07-21 19:45:26,946 - INFO - [2022] MISSING_SYSTEMATIC: SR1E2Mu/MuonIDSF_Down/NMinusOne/njet_ge2/n_jets in Skim_TriLep_TTHToNonbb.root
2026-07-21 19:45:26,947 - INFO - [2022] MISSING_SYSTEMATIC: SR1E2Mu/ElectronIDSF_Up/NMinusOne/njet_ge2/n_jets in Skim_TriLep_TTHToNonbb.root
2026-07-21 19:45:26,947 - INFO - [2022] MISSING_SYSTEMATIC: SR1E2Mu/ElectronIDSF_Down/NMinusOne/njet_ge2/n_jets in Skim_TriLep_TTHToNonbb.root
2026-07-21 19:45:26,947 - INFO - [2022] MISSING_SYSTEMATIC: SR1E2Mu/EMuTrigSF_Up/NMinusOne/njet_ge2/n_jets in Skim_TriLep_TTHToNonbb.root
2026-07-21 19:45:26,947 - INFO - [2022] MISSING_SYSTEMATIC: SR1E2Mu/EMuTrigSF_Down/NMinusOne/njet_ge2/n_jets in Skim_TriLep_TTHToNonbb.root
2026-07-21 19:45:26,948 - INFO - [2022] MISSING_SYSTEMATIC: SR1E2Mu/JetEn_Up/NMinusOne/njet_ge2/n_jets in Skim_TriLep_TTHToNonbb.root
2026-07-21 19:45:26,948 - INFO - [2022] MISSING_SYSTEMATIC: SR1E2Mu/JetEn_Down/NMinusOne/njet_ge2/n_jets in Skim_TriLep_TTHToNonbb.root
2026-07-21 19:45:26,949 - INFO - [2022] MISSING_SYSTEMATIC: SR1E2Mu/JetRes_Up/NMinusOne/njet_ge2/n_jets in Skim_TriLep_TTHToNonbb.root
2026-07-21 19:45:26,949 - INFO - [2022] MISSING_SYSTEMATIC: SR1E2Mu/JetRes_Down/NMinusOne/njet_ge2/n_jets in Skim_TriLep_TTHToNonbb.root
2026-07-21 19:45:26,949 - INFO - [2022] MISSING_SYSTEMATIC: SR1E2Mu/MuonEn_Up/NMinusOne/njet_ge2/n_jets in Skim_TriLep_TTHToNonbb.root
2026-07-21 19:45:26,949 - INFO - [2022] MISSING_SYSTEMATIC: SR1E2Mu/MuonEn_Down/NMinusOne/njet_ge2/n_jets in Skim_TriLep_TTHToNonbb.root
2026-07-21 19:45:26,950 - INFO - [2022] MISSING_SYSTEMATIC: SR1E2Mu/ElectronEn_Up/NMinusOne/njet_ge2/n_jets in Skim_TriLep_TTHToNonbb.root
2026-07-21 19:45:26,950 - INFO - [2022] MISSING_SYSTEMATIC: SR1E2Mu/ElectronEn_Down/NMinusOne/njet_ge2/n_jets in Skim_TriLep_TTHToNonbb.root
2026-07-21 19:45:26,950 - INFO - [2022] MISSING_SYSTEMATIC: SR1E2Mu/ElectronRes_Up/NMinusOne/njet_ge2/n_jets in Skim_TriLep_TTHToNonbb.root
2026-07-21 19:45:26,950 - INFO - [2022] MISSING_SYSTEMATIC: SR1E2Mu/ElectronRes_Down/NMinusOne/njet_ge2/n_jets in Skim_TriLep_TTHToNonbb.root
2026-07-21 19:45:26,951 - INFO - [2022] MISSING_SYSTEMATIC: SR1E2Mu/UnclusteredEn_Up/NMinusOne/njet_ge2/n_jets in Skim_TriLep_TTHToNonbb.root
2026-07-21 19:45:26,951 - INFO - [2022] MISSING_SYSTEMATIC: SR1E2Mu/UnclusteredEn_Down/NMinusOne/njet_ge2/n_jets in Skim_TriLep_TTHToNonbb.root
2026-07-21 19:45:26,952 - INFO - [2022] MISSING_SYSTEMATIC: SR1E2Mu/BtagSF_HFcorr_Up/NMinusOne/njet_ge2/n_jets in Skim_TriLep_TTHToNonbb.root
2026-07-21 19:45:26,952 - INFO - [2022] MISSING_SYSTEMATIC: SR1E2Mu/BtagSF_HFcorr_Down/NMinusOne/njet_ge2/n_jets in Skim_TriLep_TTHToNonbb.root
2026-07-21 19:45:26,952 - INFO - [2022] MISSING_SYSTEMATIC: SR1E2Mu/BtagSF_HFuncorr_Up/NMinusOne/njet_ge2/n_jets in Skim_TriLep_TTHToNonbb.root
2026-07-21 19:45:26,952 - INFO - [2022] MISSING_SYSTEMATIC: SR1E2Mu/BtagSF_HFuncorr_Down/NMinusOne/njet_ge2/n_jets in Skim_TriLep_TTHToNonbb.root
2026-07-21 19:45:26,953 - INFO - [2022] MISSING_SYSTEMATIC: SR1E2Mu/BtagSF_LFcorr_Up/NMinusOne/njet_ge2/n_jets in Skim_TriLep_TTHToNonbb.root
2026-07-21 19:45:26,953 - INFO - [2022] MISSING_SYSTEMATIC: SR1E2Mu/BtagSF_LFcorr_Down/NMinusOne/njet_ge2/n_jets in Skim_TriLep_TTHToNonbb.root
2026-07-21 19:45:26,954 - INFO - [2022] MISSING_SYSTEMATIC: SR1E2Mu/BtagSF_LFuncorr_Up/NMinusOne/njet_ge2/n_jets in Skim_TriLep_TTHToNonbb.root
2026-07-21 19:45:26,954 - INFO - [2022] MISSING_SYSTEMATIC: SR1E2Mu/BtagSF_LFuncorr_Down/NMinusOne/njet_ge2/n_jets in Skim_TriLep_TTHToNonbb.root
2026-07-21 19:45:26,954 - INFO - [2022] MISSING_SYSTEMATIC: SR1E2Mu/WZNjetsSF_Up/NMinusOne/njet_ge2/n_jets in Skim_TriLep_TTHToNonbb.root
2026-07-21 19:45:26,954 - INFO - [2022] MISSING_SYSTEMATIC: SR1E2Mu/WZNjetsSF_Down/NMinusOne/njet_ge2/n_jets in Skim_TriLep_TTHToNonbb.root
2026-07-21 19:45:26,955 - INFO - [2022] MISSING_SYSTEMATIC: SR1E2Mu/PileupReweight_Up/NMinusOne/njet_ge2/n_jets in Skim_TriLep_tZq.root
2026-07-21 19:45:26,955 - INFO - [2022] MISSING_SYSTEMATIC: SR1E2Mu/PileupReweight_Down/NMinusOne/njet_ge2/n_jets in Skim_TriLep_tZq.root
2026-07-21 19:45:26,956 - INFO - [2022] MISSING_SYSTEMATIC: SR1E2Mu/MuonIDSF_Up/NMinusOne/njet_ge2/n_jets in Skim_TriLep_tZq.root
2026-07-21 19:45:26,956 - INFO - [2022] MISSING_SYSTEMATIC: SR1E2Mu/MuonIDSF_Down/NMinusOne/njet_ge2/n_jets in Skim_TriLep_tZq.root
2026-07-21 19:45:26,957 - INFO - [2022] MISSING_SYSTEMATIC: SR1E2Mu/ElectronIDSF_Up/NMinusOne/njet_ge2/n_jets in Skim_TriLep_tZq.root
2026-07-21 19:45:26,957 - INFO - [2022] MISSING_SYSTEMATIC: SR1E2Mu/ElectronIDSF_Down/NMinusOne/njet_ge2/n_jets in Skim_TriLep_tZq.root
2026-07-21 19:45:26,957 - INFO - [2022] MISSING_SYSTEMATIC: SR1E2Mu/EMuTrigSF_Up/NMinusOne/njet_ge2/n_jets in Skim_TriLep_tZq.root
2026-07-21 19:45:26,957 - INFO - [2022] MISSING_SYSTEMATIC: SR1E2Mu/EMuTrigSF_Down/NMinusOne/njet_ge2/n_jets in Skim_TriLep_tZq.root
2026-07-21 19:45:26,958 - INFO - [2022] MISSING_SYSTEMATIC: SR1E2Mu/JetEn_Up/NMinusOne/njet_ge2/n_jets in Skim_TriLep_tZq.root
2026-07-21 19:45:26,958 - INFO - [2022] MISSING_SYSTEMATIC: SR1E2Mu/JetEn_Down/NMinusOne/njet_ge2/n_jets in Skim_TriLep_tZq.root
2026-07-21 19:45:26,958 - INFO - [2022] MISSING_SYSTEMATIC: SR1E2Mu/JetRes_Up/NMinusOne/njet_ge2/n_jets in Skim_TriLep_tZq.root
2026-07-21 19:45:26,958 - INFO - [2022] MISSING_SYSTEMATIC: SR1E2Mu/JetRes_Down/NMinusOne/njet_ge2/n_jets in Skim_TriLep_tZq.root
2026-07-21 19:45:26,959 - INFO - [2022] MISSING_SYSTEMATIC: SR1E2Mu/MuonEn_Up/NMinusOne/njet_ge2/n_jets in Skim_TriLep_tZq.root
2026-07-21 19:45:26,959 - INFO - [2022] MISSING_SYSTEMATIC: SR1E2Mu/MuonEn_Down/NMinusOne/njet_ge2/n_jets in Skim_TriLep_tZq.root
2026-07-21 19:45:26,960 - INFO - [2022] MISSING_SYSTEMATIC: SR1E2Mu/ElectronEn_Up/NMinusOne/njet_ge2/n_jets in Skim_TriLep_tZq.root
2026-07-21 19:45:26,960 - INFO - [2022] MISSING_SYSTEMATIC: SR1E2Mu/ElectronEn_Down/NMinusOne/njet_ge2/n_jets in Skim_TriLep_tZq.root
2026-07-21 19:45:26,960 - INFO - [2022] MISSING_SYSTEMATIC: SR1E2Mu/ElectronRes_Up/NMinusOne/njet_ge2/n_jets in Skim_TriLep_tZq.root
2026-07-21 19:45:26,960 - INFO - [2022] MISSING_SYSTEMATIC: SR1E2Mu/ElectronRes_Down/NMinusOne/njet_ge2/n_jets in Skim_TriLep_tZq.root
2026-07-21 19:45:26,961 - INFO - [2022] MISSING_SYSTEMATIC: SR1E2Mu/UnclusteredEn_Up/NMinusOne/njet_ge2/n_jets in Skim_TriLep_tZq.root
2026-07-21 19:45:26,961 - INFO - [2022] MISSING_SYSTEMATIC: SR1E2Mu/UnclusteredEn_Down/NMinusOne/njet_ge2/n_jets in Skim_TriLep_tZq.root
2026-07-21 19:45:26,961 - INFO - [2022] MISSING_SYSTEMATIC: SR1E2Mu/BtagSF_HFcorr_Up/NMinusOne/njet_ge2/n_jets in Skim_TriLep_tZq.root
2026-07-21 19:45:26,962 - INFO - [2022] MISSING_SYSTEMATIC: SR1E2Mu/BtagSF_HFcorr_Down/NMinusOne/njet_ge2/n_jets in Skim_TriLep_tZq.root
2026-07-21 19:45:26,962 - INFO - [2022] MISSING_SYSTEMATIC: SR1E2Mu/BtagSF_HFuncorr_Up/NMinusOne/njet_ge2/n_jets in Skim_TriLep_tZq.root
2026-07-21 19:45:26,962 - INFO - [2022] MISSING_SYSTEMATIC: SR1E2Mu/BtagSF_HFuncorr_Down/NMinusOne/njet_ge2/n_jets in Skim_TriLep_tZq.root
2026-07-21 19:45:26,963 - INFO - [2022] MISSING_SYSTEMATIC: SR1E2Mu/BtagSF_LFcorr_Up/NMinusOne/njet_ge2/n_jets in Skim_TriLep_tZq.root
2026-07-21 19:45:26,963 - INFO - [2022] MISSING_SYSTEMATIC: SR1E2Mu/BtagSF_LFcorr_Down/NMinusOne/njet_ge2/n_jets in Skim_TriLep_tZq.root
2026-07-21 19:45:26,963 - INFO - [2022] MISSING_SYSTEMATIC: SR1E2Mu/BtagSF_LFuncorr_Up/NMinusOne/njet_ge2/n_jets in Skim_TriLep_tZq.root
2026-07-21 19:45:26,963 - INFO - [2022] MISSING_SYSTEMATIC: SR1E2Mu/BtagSF_LFuncorr_Down/NMinusOne/njet_ge2/n_jets in Skim_TriLep_tZq.root
2026-07-21 19:45:26,964 - INFO - [2022] MISSING_SYSTEMATIC: SR1E2Mu/WZNjetsSF_Up/NMinusOne/njet_ge2/n_jets in Skim_TriLep_tZq.root
2026-07-21 19:45:26,964 - INFO - [2022] MISSING_SYSTEMATIC: SR1E2Mu/WZNjetsSF_Down/NMinusOne/njet_ge2/n_jets in Skim_TriLep_tZq.root
2026-07-21 19:45:26,965 - INFO - [2022] MISSING_SYSTEMATIC: SR1E2Mu/PileupReweight_Up/NMinusOne/njet_ge2/n_jets in Skim_TriLep_WZTo3LNu_powheg.root
2026-07-21 19:45:26,965 - INFO - [2022] MISSING_SYSTEMATIC: SR1E2Mu/PileupReweight_Down/NMinusOne/njet_ge2/n_jets in Skim_TriLep_WZTo3LNu_powheg.root
2026-07-21 19:45:26,966 - INFO - [2022] MISSING_SYSTEMATIC: SR1E2Mu/MuonIDSF_Up/NMinusOne/njet_ge2/n_jets in Skim_TriLep_WZTo3LNu_powheg.root
2026-07-21 19:45:26,966 - INFO - [2022] MISSING_SYSTEMATIC: SR1E2Mu/MuonIDSF_Down/NMinusOne/njet_ge2/n_jets in Skim_TriLep_WZTo3LNu_powheg.root
2026-07-21 19:45:26,966 - INFO - [2022] MISSING_SYSTEMATIC: SR1E2Mu/ElectronIDSF_Up/NMinusOne/njet_ge2/n_jets in Skim_TriLep_WZTo3LNu_powheg.root
2026-07-21 19:45:26,966 - INFO - [2022] MISSING_SYSTEMATIC: SR1E2Mu/ElectronIDSF_Down/NMinusOne/njet_ge2/n_jets in Skim_TriLep_WZTo3LNu_powheg.root
2026-07-21 19:45:26,967 - INFO - [2022] MISSING_SYSTEMATIC: SR1E2Mu/EMuTrigSF_Up/NMinusOne/njet_ge2/n_jets in Skim_TriLep_WZTo3LNu_powheg.root
2026-07-21 19:45:26,967 - INFO - [2022] MISSING_SYSTEMATIC: SR1E2Mu/EMuTrigSF_Down/NMinusOne/njet_ge2/n_jets in Skim_TriLep_WZTo3LNu_powheg.root
2026-07-21 19:45:26,968 - INFO - [2022] MISSING_SYSTEMATIC: SR1E2Mu/JetEn_Up/NMinusOne/njet_ge2/n_jets in Skim_TriLep_WZTo3LNu_powheg.root
2026-07-21 19:45:26,968 - INFO - [2022] MISSING_SYSTEMATIC: SR1E2Mu/JetEn_Down/NMinusOne/njet_ge2/n_jets in Skim_TriLep_WZTo3LNu_powheg.root
2026-07-21 19:45:26,968 - INFO - [2022] MISSING_SYSTEMATIC: SR1E2Mu/JetRes_Up/NMinusOne/njet_ge2/n_jets in Skim_TriLep_WZTo3LNu_powheg.root
2026-07-21 19:45:26,968 - INFO - [2022] MISSING_SYSTEMATIC: SR1E2Mu/JetRes_Down/NMinusOne/njet_ge2/n_jets in Skim_TriLep_WZTo3LNu_powheg.root
2026-07-21 19:45:26,969 - INFO - [2022] MISSING_SYSTEMATIC: SR1E2Mu/MuonEn_Up/NMinusOne/njet_ge2/n_jets in Skim_TriLep_WZTo3LNu_powheg.root
2026-07-21 19:45:26,969 - INFO - [2022] MISSING_SYSTEMATIC: SR1E2Mu/MuonEn_Down/NMinusOne/njet_ge2/n_jets in Skim_TriLep_WZTo3LNu_powheg.root
2026-07-21 19:45:26,970 - INFO - [2022] MISSING_SYSTEMATIC: SR1E2Mu/ElectronEn_Up/NMinusOne/njet_ge2/n_jets in Skim_TriLep_WZTo3LNu_powheg.root
2026-07-21 19:45:26,970 - INFO - [2022] MISSING_SYSTEMATIC: SR1E2Mu/ElectronEn_Down/NMinusOne/njet_ge2/n_jets in Skim_TriLep_WZTo3LNu_powheg.root
2026-07-21 19:45:26,970 - INFO - [2022] MISSING_SYSTEMATIC: SR1E2Mu/ElectronRes_Up/NMinusOne/njet_ge2/n_jets in Skim_TriLep_WZTo3LNu_powheg.root
2026-07-21 19:45:26,970 - INFO - [2022] MISSING_SYSTEMATIC: SR1E2Mu/ElectronRes_Down/NMinusOne/njet_ge2/n_jets in Skim_TriLep_WZTo3LNu_powheg.root
2026-07-21 19:45:26,971 - INFO - [2022] MISSING_SYSTEMATIC: SR1E2Mu/UnclusteredEn_Up/NMinusOne/njet_ge2/n_jets in Skim_TriLep_WZTo3LNu_powheg.root
2026-07-21 19:45:26,971 - INFO - [2022] MISSING_SYSTEMATIC: SR1E2Mu/UnclusteredEn_Down/NMinusOne/njet_ge2/n_jets in Skim_TriLep_WZTo3LNu_powheg.root
2026-07-21 19:45:26,972 - INFO - [2022] MISSING_SYSTEMATIC: SR1E2Mu/BtagSF_HFcorr_Up/NMinusOne/njet_ge2/n_jets in Skim_TriLep_WZTo3LNu_powheg.root
2026-07-21 19:45:26,972 - INFO - [2022] MISSING_SYSTEMATIC: SR1E2Mu/BtagSF_HFcorr_Down/NMinusOne/njet_ge2/n_jets in Skim_TriLep_WZTo3LNu_powheg.root
2026-07-21 19:45:26,972 - INFO - [2022] MISSING_SYSTEMATIC: SR1E2Mu/BtagSF_HFuncorr_Up/NMinusOne/njet_ge2/n_jets in Skim_TriLep_WZTo3LNu_powheg.root
2026-07-21 19:45:26,972 - INFO - [2022] MISSING_SYSTEMATIC: SR1E2Mu/BtagSF_HFuncorr_Down/NMinusOne/njet_ge2/n_jets in Skim_TriLep_WZTo3LNu_powheg.root
2026-07-21 19:45:26,973 - INFO - [2022] MISSING_SYSTEMATIC: SR1E2Mu/BtagSF_LFcorr_Up/NMinusOne/njet_ge2/n_jets in Skim_TriLep_WZTo3LNu_powheg.root
2026-07-21 19:45:26,973 - INFO - [2022] MISSING_SYSTEMATIC: SR1E2Mu/BtagSF_LFcorr_Down/NMinusOne/njet_ge2/n_jets in Skim_TriLep_WZTo3LNu_powheg.root
2026-07-21 19:45:26,973 - INFO - [2022] MISSING_SYSTEMATIC: SR1E2Mu/BtagSF_LFuncorr_Up/NMinusOne/njet_ge2/n_jets in Skim_TriLep_WZTo3LNu_powheg.root
2026-07-21 19:45:26,973 - INFO - [2022] MISSING_SYSTEMATIC: SR1E2Mu/BtagSF_LFuncorr_Down/NMinusOne/njet_ge2/n_jets in Skim_TriLep_WZTo3LNu_powheg.root
2026-07-21 19:45:26,974 - INFO - [2022] MISSING_SYSTEMATIC: SR1E2Mu/WZNjetsSF_Up/NMinusOne/njet_ge2/n_jets in Skim_TriLep_WZTo3LNu_powheg.root
2026-07-21 19:45:26,974 - INFO - [2022] MISSING_SYSTEMATIC: SR1E2Mu/WZNjetsSF_Down/NMinusOne/njet_ge2/n_jets in Skim_TriLep_WZTo3LNu_powheg.root
2026-07-21 19:45:26,975 - INFO - [2022] MISSING_SYSTEMATIC: SR1E2Mu/PileupReweight_Up/NMinusOne/njet_ge2/n_jets in Skim_TriLep_ZZTo4L_powheg.root
2026-07-21 19:45:26,975 - INFO - [2022] MISSING_SYSTEMATIC: SR1E2Mu/PileupReweight_Down/NMinusOne/njet_ge2/n_jets in Skim_TriLep_ZZTo4L_powheg.root
2026-07-21 19:45:26,976 - INFO - [2022] MISSING_SYSTEMATIC: SR1E2Mu/MuonIDSF_Up/NMinusOne/njet_ge2/n_jets in Skim_TriLep_ZZTo4L_powheg.root
2026-07-21 19:45:26,976 - INFO - [2022] MISSING_SYSTEMATIC: SR1E2Mu/MuonIDSF_Down/NMinusOne/njet_ge2/n_jets in Skim_TriLep_ZZTo4L_powheg.root
2026-07-21 19:45:26,976 - INFO - [2022] MISSING_SYSTEMATIC: SR1E2Mu/ElectronIDSF_Up/NMinusOne/njet_ge2/n_jets in Skim_TriLep_ZZTo4L_powheg.root
2026-07-21 19:45:26,976 - INFO - [2022] MISSING_SYSTEMATIC: SR1E2Mu/ElectronIDSF_Down/NMinusOne/njet_ge2/n_jets in Skim_TriLep_ZZTo4L_powheg.root
2026-07-21 19:45:26,977 - INFO - [2022] MISSING_SYSTEMATIC: SR1E2Mu/EMuTrigSF_Up/NMinusOne/njet_ge2/n_jets in Skim_TriLep_ZZTo4L_powheg.root
2026-07-21 19:45:26,977 - INFO - [2022] MISSING_SYSTEMATIC: SR1E2Mu/EMuTrigSF_Down/NMinusOne/njet_ge2/n_jets in Skim_TriLep_ZZTo4L_powheg.root
2026-07-21 19:45:26,978 - INFO - [2022] MISSING_SYSTEMATIC: SR1E2Mu/JetEn_Up/NMinusOne/njet_ge2/n_jets in Skim_TriLep_ZZTo4L_powheg.root
2026-07-21 19:45:26,978 - INFO - [2022] MISSING_SYSTEMATIC: SR1E2Mu/JetEn_Down/NMinusOne/njet_ge2/n_jets in Skim_TriLep_ZZTo4L_powheg.root
2026-07-21 19:45:26,978 - INFO - [2022] MISSING_SYSTEMATIC: SR1E2Mu/JetRes_Up/NMinusOne/njet_ge2/n_jets in Skim_TriLep_ZZTo4L_powheg.root
2026-07-21 19:45:26,978 - INFO - [2022] MISSING_SYSTEMATIC: SR1E2Mu/JetRes_Down/NMinusOne/njet_ge2/n_jets in Skim_TriLep_ZZTo4L_powheg.root
2026-07-21 19:45:26,979 - INFO - [2022] MISSING_SYSTEMATIC: SR1E2Mu/MuonEn_Up/NMinusOne/njet_ge2/n_jets in Skim_TriLep_ZZTo4L_powheg.root
2026-07-21 19:45:26,979 - INFO - [2022] MISSING_SYSTEMATIC: SR1E2Mu/MuonEn_Down/NMinusOne/njet_ge2/n_jets in Skim_TriLep_ZZTo4L_powheg.root
2026-07-21 19:45:26,980 - INFO - [2022] MISSING_SYSTEMATIC: SR1E2Mu/ElectronEn_Up/NMinusOne/njet_ge2/n_jets in Skim_TriLep_ZZTo4L_powheg.root
2026-07-21 19:45:26,980 - INFO - [2022] MISSING_SYSTEMATIC: SR1E2Mu/ElectronEn_Down/NMinusOne/njet_ge2/n_jets in Skim_TriLep_ZZTo4L_powheg.root
2026-07-21 19:45:26,980 - INFO - [2022] MISSING_SYSTEMATIC: SR1E2Mu/ElectronRes_Up/NMinusOne/njet_ge2/n_jets in Skim_TriLep_ZZTo4L_powheg.root
2026-07-21 19:45:26,980 - INFO - [2022] MISSING_SYSTEMATIC: SR1E2Mu/ElectronRes_Down/NMinusOne/njet_ge2/n_jets in Skim_TriLep_ZZTo4L_powheg.root
2026-07-21 19:45:26,981 - INFO - [2022] MISSING_SYSTEMATIC: SR1E2Mu/UnclusteredEn_Up/NMinusOne/njet_ge2/n_jets in Skim_TriLep_ZZTo4L_powheg.root
2026-07-21 19:45:26,981 - INFO - [2022] MISSING_SYSTEMATIC: SR1E2Mu/UnclusteredEn_Down/NMinusOne/njet_ge2/n_jets in Skim_TriLep_ZZTo4L_powheg.root
2026-07-21 19:45:26,982 - INFO - [2022] MISSING_SYSTEMATIC: SR1E2Mu/BtagSF_HFcorr_Up/NMinusOne/njet_ge2/n_jets in Skim_TriLep_ZZTo4L_powheg.root
2026-07-21 19:45:26,982 - INFO - [2022] MISSING_SYSTEMATIC: SR1E2Mu/BtagSF_HFcorr_Down/NMinusOne/njet_ge2/n_jets in Skim_TriLep_ZZTo4L_powheg.root
2026-07-21 19:45:26,982 - INFO - [2022] MISSING_SYSTEMATIC: SR1E2Mu/BtagSF_HFuncorr_Up/NMinusOne/njet_ge2/n_jets in Skim_TriLep_ZZTo4L_powheg.root
2026-07-21 19:45:26,982 - INFO - [2022] MISSING_SYSTEMATIC: SR1E2Mu/BtagSF_HFuncorr_Down/NMinusOne/njet_ge2/n_jets in Skim_TriLep_ZZTo4L_powheg.root
2026-07-21 19:45:26,983 - INFO - [2022] MISSING_SYSTEMATIC: SR1E2Mu/BtagSF_LFcorr_Up/NMinusOne/njet_ge2/n_jets in Skim_TriLep_ZZTo4L_powheg.root
2026-07-21 19:45:26,983 - INFO - [2022] MISSING_SYSTEMATIC: SR1E2Mu/BtagSF_LFcorr_Down/NMinusOne/njet_ge2/n_jets in Skim_TriLep_ZZTo4L_powheg.root
2026-07-21 19:45:26,983 - INFO - [2022] MISSING_SYSTEMATIC: SR1E2Mu/BtagSF_LFuncorr_Up/NMinusOne/njet_ge2/n_jets in Skim_TriLep_ZZTo4L_powheg.root
2026-07-21 19:45:26,983 - INFO - [2022] MISSING_SYSTEMATIC: SR1E2Mu/BtagSF_LFuncorr_Down/NMinusOne/njet_ge2/n_jets in Skim_TriLep_ZZTo4L_powheg.root
2026-07-21 19:45:26,984 - INFO - [2022] MISSING_SYSTEMATIC: SR1E2Mu/WZNjetsSF_Up/NMinusOne/njet_ge2/n_jets in Skim_TriLep_ZZTo4L_powheg.root
2026-07-21 19:45:26,984 - INFO - [2022] MISSING_SYSTEMATIC: SR1E2Mu/WZNjetsSF_Down/NMinusOne/njet_ge2/n_jets in Skim_TriLep_ZZTo4L_powheg.root
2026-07-21 19:45:26,985 - INFO - [2022] MISSING_SYSTEMATIC: SR1E2Mu/PileupReweight_Up/NMinusOne/njet_ge2/n_jets in Skim_TriLep_tHq.root
2026-07-21 19:45:26,985 - INFO - [2022] MISSING_SYSTEMATIC: SR1E2Mu/PileupReweight_Down/NMinusOne/njet_ge2/n_jets in Skim_TriLep_tHq.root
2026-07-21 19:45:26,986 - INFO - [2022] MISSING_SYSTEMATIC: SR1E2Mu/MuonIDSF_Up/NMinusOne/njet_ge2/n_jets in Skim_TriLep_tHq.root
2026-07-21 19:45:26,986 - INFO - [2022] MISSING_SYSTEMATIC: SR1E2Mu/MuonIDSF_Down/NMinusOne/njet_ge2/n_jets in Skim_TriLep_tHq.root
2026-07-21 19:45:26,986 - INFO - [2022] MISSING_SYSTEMATIC: SR1E2Mu/ElectronIDSF_Up/NMinusOne/njet_ge2/n_jets in Skim_TriLep_tHq.root
2026-07-21 19:45:26,986 - INFO - [2022] MISSING_SYSTEMATIC: SR1E2Mu/ElectronIDSF_Down/NMinusOne/njet_ge2/n_jets in Skim_TriLep_tHq.root
2026-07-21 19:45:26,987 - INFO - [2022] MISSING_SYSTEMATIC: SR1E2Mu/EMuTrigSF_Up/NMinusOne/njet_ge2/n_jets in Skim_TriLep_tHq.root
2026-07-21 19:45:26,987 - INFO - [2022] MISSING_SYSTEMATIC: SR1E2Mu/EMuTrigSF_Down/NMinusOne/njet_ge2/n_jets in Skim_TriLep_tHq.root
2026-07-21 19:45:26,987 - INFO - [2022] MISSING_SYSTEMATIC: SR1E2Mu/JetEn_Up/NMinusOne/njet_ge2/n_jets in Skim_TriLep_tHq.root
2026-07-21 19:45:26,988 - INFO - [2022] MISSING_SYSTEMATIC: SR1E2Mu/JetEn_Down/NMinusOne/njet_ge2/n_jets in Skim_TriLep_tHq.root
2026-07-21 19:45:26,988 - INFO - [2022] MISSING_SYSTEMATIC: SR1E2Mu/JetRes_Up/NMinusOne/njet_ge2/n_jets in Skim_TriLep_tHq.root
2026-07-21 19:45:26,988 - INFO - [2022] MISSING_SYSTEMATIC: SR1E2Mu/JetRes_Down/NMinusOne/njet_ge2/n_jets in Skim_TriLep_tHq.root
2026-07-21 19:45:26,989 - INFO - [2022] MISSING_SYSTEMATIC: SR1E2Mu/MuonEn_Up/NMinusOne/njet_ge2/n_jets in Skim_TriLep_tHq.root
2026-07-21 19:45:26,989 - INFO - [2022] MISSING_SYSTEMATIC: SR1E2Mu/MuonEn_Down/NMinusOne/njet_ge2/n_jets in Skim_TriLep_tHq.root
2026-07-21 19:45:26,989 - INFO - [2022] MISSING_SYSTEMATIC: SR1E2Mu/ElectronEn_Up/NMinusOne/njet_ge2/n_jets in Skim_TriLep_tHq.root
2026-07-21 19:45:26,989 - INFO - [2022] MISSING_SYSTEMATIC: SR1E2Mu/ElectronEn_Down/NMinusOne/njet_ge2/n_jets in Skim_TriLep_tHq.root
2026-07-21 19:45:26,990 - INFO - [2022] MISSING_SYSTEMATIC: SR1E2Mu/ElectronRes_Up/NMinusOne/njet_ge2/n_jets in Skim_TriLep_tHq.root
2026-07-21 19:45:26,990 - INFO - [2022] MISSING_SYSTEMATIC: SR1E2Mu/ElectronRes_Down/NMinusOne/njet_ge2/n_jets in Skim_TriLep_tHq.root
2026-07-21 19:45:26,991 - INFO - [2022] MISSING_SYSTEMATIC: SR1E2Mu/UnclusteredEn_Up/NMinusOne/njet_ge2/n_jets in Skim_TriLep_tHq.root
2026-07-21 19:45:26,991 - INFO - [2022] MISSING_SYSTEMATIC: SR1E2Mu/UnclusteredEn_Down/NMinusOne/njet_ge2/n_jets in Skim_TriLep_tHq.root
2026-07-21 19:45:26,991 - INFO - [2022] MISSING_SYSTEMATIC: SR1E2Mu/BtagSF_HFcorr_Up/NMinusOne/njet_ge2/n_jets in Skim_TriLep_tHq.root
2026-07-21 19:45:26,991 - INFO - [2022] MISSING_SYSTEMATIC: SR1E2Mu/BtagSF_HFcorr_Down/NMinusOne/njet_ge2/n_jets in Skim_TriLep_tHq.root
2026-07-21 19:45:26,992 - INFO - [2022] MISSING_SYSTEMATIC: SR1E2Mu/BtagSF_HFuncorr_Up/NMinusOne/njet_ge2/n_jets in Skim_TriLep_tHq.root
2026-07-21 19:45:26,992 - INFO - [2022] MISSING_SYSTEMATIC: SR1E2Mu/BtagSF_HFuncorr_Down/NMinusOne/njet_ge2/n_jets in Skim_TriLep_tHq.root
2026-07-21 19:45:26,992 - INFO - [2022] MISSING_SYSTEMATIC: SR1E2Mu/BtagSF_LFcorr_Up/NMinusOne/njet_ge2/n_jets in Skim_TriLep_tHq.root
2026-07-21 19:45:26,992 - INFO - [2022] MISSING_SYSTEMATIC: SR1E2Mu/BtagSF_LFcorr_Down/NMinusOne/njet_ge2/n_jets in Skim_TriLep_tHq.root
2026-07-21 19:45:26,993 - INFO - [2022] MISSING_SYSTEMATIC: SR1E2Mu/BtagSF_LFuncorr_Up/NMinusOne/njet_ge2/n_jets in Skim_TriLep_tHq.root
2026-07-21 19:45:26,993 - INFO - [2022] MISSING_SYSTEMATIC: SR1E2Mu/BtagSF_LFuncorr_Down/NMinusOne/njet_ge2/n_jets in Skim_TriLep_tHq.root
2026-07-21 19:45:26,994 - INFO - [2022] MISSING_SYSTEMATIC: SR1E2Mu/WZNjetsSF_Up/NMinusOne/njet_ge2/n_jets in Skim_TriLep_tHq.root
2026-07-21 19:45:26,994 - INFO - [2022] MISSING_SYSTEMATIC: SR1E2Mu/WZNjetsSF_Down/NMinusOne/njet_ge2/n_jets in Skim_TriLep_tHq.root
2026-07-21 19:45:26,995 - INFO - [2022] MISSING_SYSTEMATIC: SR1E2Mu/PileupReweight_Up/NMinusOne/njet_ge2/n_jets in Skim_TriLep_tHW.root
2026-07-21 19:45:26,995 - INFO - [2022] MISSING_SYSTEMATIC: SR1E2Mu/PileupReweight_Down/NMinusOne/njet_ge2/n_jets in Skim_TriLep_tHW.root
2026-07-21 19:45:26,995 - INFO - [2022] MISSING_SYSTEMATIC: SR1E2Mu/MuonIDSF_Up/NMinusOne/njet_ge2/n_jets in Skim_TriLep_tHW.root
2026-07-21 19:45:26,995 - INFO - [2022] MISSING_SYSTEMATIC: SR1E2Mu/MuonIDSF_Down/NMinusOne/njet_ge2/n_jets in Skim_TriLep_tHW.root
2026-07-21 19:45:26,996 - INFO - [2022] MISSING_SYSTEMATIC: SR1E2Mu/ElectronIDSF_Up/NMinusOne/njet_ge2/n_jets in Skim_TriLep_tHW.root
2026-07-21 19:45:26,996 - INFO - [2022] MISSING_SYSTEMATIC: SR1E2Mu/ElectronIDSF_Down/NMinusOne/njet_ge2/n_jets in Skim_TriLep_tHW.root
2026-07-21 19:45:26,996 - INFO - [2022] MISSING_SYSTEMATIC: SR1E2Mu/EMuTrigSF_Up/NMinusOne/njet_ge2/n_jets in Skim_TriLep_tHW.root
2026-07-21 19:45:26,996 - INFO - [2022] MISSING_SYSTEMATIC: SR1E2Mu/EMuTrigSF_Down/NMinusOne/njet_ge2/n_jets in Skim_TriLep_tHW.root
2026-07-21 19:45:26,997 - INFO - [2022] MISSING_SYSTEMATIC: SR1E2Mu/JetEn_Up/NMinusOne/njet_ge2/n_jets in Skim_TriLep_tHW.root
2026-07-21 19:45:26,997 - INFO - [2022] MISSING_SYSTEMATIC: SR1E2Mu/JetEn_Down/NMinusOne/njet_ge2/n_jets in Skim_TriLep_tHW.root
2026-07-21 19:45:26,998 - INFO - [2022] MISSING_SYSTEMATIC: SR1E2Mu/JetRes_Up/NMinusOne/njet_ge2/n_jets in Skim_TriLep_tHW.root
2026-07-21 19:45:26,998 - INFO - [2022] MISSING_SYSTEMATIC: SR1E2Mu/JetRes_Down/NMinusOne/njet_ge2/n_jets in Skim_TriLep_tHW.root
2026-07-21 19:45:26,998 - INFO - [2022] MISSING_SYSTEMATIC: SR1E2Mu/MuonEn_Up/NMinusOne/njet_ge2/n_jets in Skim_TriLep_tHW.root
2026-07-21 19:45:26,998 - INFO - [2022] MISSING_SYSTEMATIC: SR1E2Mu/MuonEn_Down/NMinusOne/njet_ge2/n_jets in Skim_TriLep_tHW.root
2026-07-21 19:45:26,999 - INFO - [2022] MISSING_SYSTEMATIC: SR1E2Mu/ElectronEn_Up/NMinusOne/njet_ge2/n_jets in Skim_TriLep_tHW.root
2026-07-21 19:45:26,999 - INFO - [2022] MISSING_SYSTEMATIC: SR1E2Mu/ElectronEn_Down/NMinusOne/njet_ge2/n_jets in Skim_TriLep_tHW.root
2026-07-21 19:45:26,999 - INFO - [2022] MISSING_SYSTEMATIC: SR1E2Mu/ElectronRes_Up/NMinusOne/njet_ge2/n_jets in Skim_TriLep_tHW.root
2026-07-21 19:45:26,999 - INFO - [2022] MISSING_SYSTEMATIC: SR1E2Mu/ElectronRes_Down/NMinusOne/njet_ge2/n_jets in Skim_TriLep_tHW.root
2026-07-21 19:45:27,000 - INFO - [2022] MISSING_SYSTEMATIC: SR1E2Mu/UnclusteredEn_Up/NMinusOne/njet_ge2/n_jets in Skim_TriLep_tHW.root
2026-07-21 19:45:27,000 - INFO - [2022] MISSING_SYSTEMATIC: SR1E2Mu/UnclusteredEn_Down/NMinusOne/njet_ge2/n_jets in Skim_TriLep_tHW.root
2026-07-21 19:45:27,001 - INFO - [2022] MISSING_SYSTEMATIC: SR1E2Mu/BtagSF_HFcorr_Up/NMinusOne/njet_ge2/n_jets in Skim_TriLep_tHW.root
2026-07-21 19:45:27,001 - INFO - [2022] MISSING_SYSTEMATIC: SR1E2Mu/BtagSF_HFcorr_Down/NMinusOne/njet_ge2/n_jets in Skim_TriLep_tHW.root
2026-07-21 19:45:27,001 - INFO - [2022] MISSING_SYSTEMATIC: SR1E2Mu/BtagSF_HFuncorr_Up/NMinusOne/njet_ge2/n_jets in Skim_TriLep_tHW.root
2026-07-21 19:45:27,001 - INFO - [2022] MISSING_SYSTEMATIC: SR1E2Mu/BtagSF_HFuncorr_Down/NMinusOne/njet_ge2/n_jets in Skim_TriLep_tHW.root
2026-07-21 19:45:27,002 - INFO - [2022] MISSING_SYSTEMATIC: SR1E2Mu/BtagSF_LFcorr_Up/NMinusOne/njet_ge2/n_jets in Skim_TriLep_tHW.root
2026-07-21 19:45:27,002 - INFO - [2022] MISSING_SYSTEMATIC: SR1E2Mu/BtagSF_LFcorr_Down/NMinusOne/njet_ge2/n_jets in Skim_TriLep_tHW.root
2026-07-21 19:45:27,002 - INFO - [2022] MISSING_SYSTEMATIC: SR1E2Mu/BtagSF_LFuncorr_Up/NMinusOne/njet_ge2/n_jets in Skim_TriLep_tHW.root
2026-07-21 19:45:27,003 - INFO - [2022] MISSING_SYSTEMATIC: SR1E2Mu/BtagSF_LFuncorr_Down/NMinusOne/njet_ge2/n_jets in Skim_TriLep_tHW.root
2026-07-21 19:45:27,003 - INFO - [2022] MISSING_SYSTEMATIC: SR1E2Mu/WZNjetsSF_Up/NMinusOne/njet_ge2/n_jets in Skim_TriLep_tHW.root
2026-07-21 19:45:27,003 - INFO - [2022] MISSING_SYSTEMATIC: SR1E2Mu/WZNjetsSF_Down/NMinusOne/njet_ge2/n_jets in Skim_TriLep_tHW.root
2026-07-21 19:45:27,004 - INFO - [2022] MISSING_SYSTEMATIC: SR1E2Mu/PileupReweight_Up/NMinusOne/njet_ge2/n_jets in Skim_TriLep_tWZ_thadWlep.root
2026-07-21 19:45:27,004 - INFO - [2022] MISSING_SYSTEMATIC: SR1E2Mu/PileupReweight_Down/NMinusOne/njet_ge2/n_jets in Skim_TriLep_tWZ_thadWlep.root
2026-07-21 19:45:27,005 - INFO - [2022] MISSING_SYSTEMATIC: SR1E2Mu/MuonIDSF_Up/NMinusOne/njet_ge2/n_jets in Skim_TriLep_tWZ_thadWlep.root
2026-07-21 19:45:27,005 - INFO - [2022] MISSING_SYSTEMATIC: SR1E2Mu/MuonIDSF_Down/NMinusOne/njet_ge2/n_jets in Skim_TriLep_tWZ_thadWlep.root
2026-07-21 19:45:27,005 - INFO - [2022] MISSING_SYSTEMATIC: SR1E2Mu/ElectronIDSF_Up/NMinusOne/njet_ge2/n_jets in Skim_TriLep_tWZ_thadWlep.root
2026-07-21 19:45:27,005 - INFO - [2022] MISSING_SYSTEMATIC: SR1E2Mu/ElectronIDSF_Down/NMinusOne/njet_ge2/n_jets in Skim_TriLep_tWZ_thadWlep.root
2026-07-21 19:45:27,006 - INFO - [2022] MISSING_SYSTEMATIC: SR1E2Mu/EMuTrigSF_Up/NMinusOne/njet_ge2/n_jets in Skim_TriLep_tWZ_thadWlep.root
2026-07-21 19:45:27,006 - INFO - [2022] MISSING_SYSTEMATIC: SR1E2Mu/EMuTrigSF_Down/NMinusOne/njet_ge2/n_jets in Skim_TriLep_tWZ_thadWlep.root
2026-07-21 19:45:27,007 - INFO - [2022] MISSING_SYSTEMATIC: SR1E2Mu/JetEn_Up/NMinusOne/njet_ge2/n_jets in Skim_TriLep_tWZ_thadWlep.root
2026-07-21 19:45:27,007 - INFO - [2022] MISSING_SYSTEMATIC: SR1E2Mu/JetEn_Down/NMinusOne/njet_ge2/n_jets in Skim_TriLep_tWZ_thadWlep.root
2026-07-21 19:45:27,007 - INFO - [2022] MISSING_SYSTEMATIC: SR1E2Mu/JetRes_Up/NMinusOne/njet_ge2/n_jets in Skim_TriLep_tWZ_thadWlep.root
2026-07-21 19:45:27,007 - INFO - [2022] MISSING_SYSTEMATIC: SR1E2Mu/JetRes_Down/NMinusOne/njet_ge2/n_jets in Skim_TriLep_tWZ_thadWlep.root
2026-07-21 19:45:27,008 - INFO - [2022] MISSING_SYSTEMATIC: SR1E2Mu/MuonEn_Up/NMinusOne/njet_ge2/n_jets in Skim_TriLep_tWZ_thadWlep.root
2026-07-21 19:45:27,008 - INFO - [2022] MISSING_SYSTEMATIC: SR1E2Mu/MuonEn_Down/NMinusOne/njet_ge2/n_jets in Skim_TriLep_tWZ_thadWlep.root
2026-07-21 19:45:27,009 - INFO - [2022] MISSING_SYSTEMATIC: SR1E2Mu/ElectronEn_Up/NMinusOne/njet_ge2/n_jets in Skim_TriLep_tWZ_thadWlep.root
2026-07-21 19:45:27,009 - INFO - [2022] MISSING_SYSTEMATIC: SR1E2Mu/ElectronEn_Down/NMinusOne/njet_ge2/n_jets in Skim_TriLep_tWZ_thadWlep.root
2026-07-21 19:45:27,009 - INFO - [2022] MISSING_SYSTEMATIC: SR1E2Mu/ElectronRes_Up/NMinusOne/njet_ge2/n_jets in Skim_TriLep_tWZ_thadWlep.root
2026-07-21 19:45:27,009 - INFO - [2022] MISSING_SYSTEMATIC: SR1E2Mu/ElectronRes_Down/NMinusOne/njet_ge2/n_jets in Skim_TriLep_tWZ_thadWlep.root
2026-07-21 19:45:27,010 - INFO - [2022] MISSING_SYSTEMATIC: SR1E2Mu/UnclusteredEn_Up/NMinusOne/njet_ge2/n_jets in Skim_TriLep_tWZ_thadWlep.root
2026-07-21 19:45:27,010 - INFO - [2022] MISSING_SYSTEMATIC: SR1E2Mu/UnclusteredEn_Down/NMinusOne/njet_ge2/n_jets in Skim_TriLep_tWZ_thadWlep.root
2026-07-21 19:45:27,010 - INFO - [2022] MISSING_SYSTEMATIC: SR1E2Mu/BtagSF_HFcorr_Up/NMinusOne/njet_ge2/n_jets in Skim_TriLep_tWZ_thadWlep.root
2026-07-21 19:45:27,011 - INFO - [2022] MISSING_SYSTEMATIC: SR1E2Mu/BtagSF_HFcorr_Down/NMinusOne/njet_ge2/n_jets in Skim_TriLep_tWZ_thadWlep.root
2026-07-21 19:45:27,011 - INFO - [2022] MISSING_SYSTEMATIC: SR1E2Mu/BtagSF_HFuncorr_Up/NMinusOne/njet_ge2/n_jets in Skim_TriLep_tWZ_thadWlep.root
2026-07-21 19:45:27,011 - INFO - [2022] MISSING_SYSTEMATIC: SR1E2Mu/BtagSF_HFuncorr_Down/NMinusOne/njet_ge2/n_jets in Skim_TriLep_tWZ_thadWlep.root
2026-07-21 19:45:27,012 - INFO - [2022] MISSING_SYSTEMATIC: SR1E2Mu/BtagSF_LFcorr_Up/NMinusOne/njet_ge2/n_jets in Skim_TriLep_tWZ_thadWlep.root
2026-07-21 19:45:27,012 - INFO - [2022] MISSING_SYSTEMATIC: SR1E2Mu/BtagSF_LFcorr_Down/NMinusOne/njet_ge2/n_jets in Skim_TriLep_tWZ_thadWlep.root
2026-07-21 19:45:27,012 - INFO - [2022] MISSING_SYSTEMATIC: SR1E2Mu/BtagSF_LFuncorr_Up/NMinusOne/njet_ge2/n_jets in Skim_TriLep_tWZ_thadWlep.root
2026-07-21 19:45:27,012 - INFO - [2022] MISSING_SYSTEMATIC: SR1E2Mu/BtagSF_LFuncorr_Down/NMinusOne/njet_ge2/n_jets in Skim_TriLep_tWZ_thadWlep.root
2026-07-21 19:45:27,013 - INFO - [2022] MISSING_SYSTEMATIC: SR1E2Mu/WZNjetsSF_Up/NMinusOne/njet_ge2/n_jets in Skim_TriLep_tWZ_thadWlep.root
2026-07-21 19:45:27,013 - INFO - [2022] MISSING_SYSTEMATIC: SR1E2Mu/WZNjetsSF_Down/NMinusOne/njet_ge2/n_jets in Skim_TriLep_tWZ_thadWlep.root
2026-07-21 19:45:27,014 - INFO - [2022] MISSING_SYSTEMATIC: SR1E2Mu/PileupReweight_Up/NMinusOne/njet_ge2/n_jets in Skim_TriLep_tWZ_tlepWhad.root
2026-07-21 19:45:27,014 - INFO - [2022] MISSING_SYSTEMATIC: SR1E2Mu/PileupReweight_Down/NMinusOne/njet_ge2/n_jets in Skim_TriLep_tWZ_tlepWhad.root
2026-07-21 19:45:27,015 - INFO - [2022] MISSING_SYSTEMATIC: SR1E2Mu/MuonIDSF_Up/NMinusOne/njet_ge2/n_jets in Skim_TriLep_tWZ_tlepWhad.root
2026-07-21 19:45:27,015 - INFO - [2022] MISSING_SYSTEMATIC: SR1E2Mu/MuonIDSF_Down/NMinusOne/njet_ge2/n_jets in Skim_TriLep_tWZ_tlepWhad.root
2026-07-21 19:45:27,015 - INFO - [2022] MISSING_SYSTEMATIC: SR1E2Mu/ElectronIDSF_Up/NMinusOne/njet_ge2/n_jets in Skim_TriLep_tWZ_tlepWhad.root
2026-07-21 19:45:27,015 - INFO - [2022] MISSING_SYSTEMATIC: SR1E2Mu/ElectronIDSF_Down/NMinusOne/njet_ge2/n_jets in Skim_TriLep_tWZ_tlepWhad.root
2026-07-21 19:45:27,016 - INFO - [2022] MISSING_SYSTEMATIC: SR1E2Mu/EMuTrigSF_Up/NMinusOne/njet_ge2/n_jets in Skim_TriLep_tWZ_tlepWhad.root
2026-07-21 19:45:27,016 - INFO - [2022] MISSING_SYSTEMATIC: SR1E2Mu/EMuTrigSF_Down/NMinusOne/njet_ge2/n_jets in Skim_TriLep_tWZ_tlepWhad.root
2026-07-21 19:45:27,017 - INFO - [2022] MISSING_SYSTEMATIC: SR1E2Mu/JetEn_Up/NMinusOne/njet_ge2/n_jets in Skim_TriLep_tWZ_tlepWhad.root
2026-07-21 19:45:27,017 - INFO - [2022] MISSING_SYSTEMATIC: SR1E2Mu/JetEn_Down/NMinusOne/njet_ge2/n_jets in Skim_TriLep_tWZ_tlepWhad.root
2026-07-21 19:45:27,017 - INFO - [2022] MISSING_SYSTEMATIC: SR1E2Mu/JetRes_Up/NMinusOne/njet_ge2/n_jets in Skim_TriLep_tWZ_tlepWhad.root
2026-07-21 19:45:27,017 - INFO - [2022] MISSING_SYSTEMATIC: SR1E2Mu/JetRes_Down/NMinusOne/njet_ge2/n_jets in Skim_TriLep_tWZ_tlepWhad.root
2026-07-21 19:45:27,018 - INFO - [2022] MISSING_SYSTEMATIC: SR1E2Mu/MuonEn_Up/NMinusOne/njet_ge2/n_jets in Skim_TriLep_tWZ_tlepWhad.root
2026-07-21 19:45:27,018 - INFO - [2022] MISSING_SYSTEMATIC: SR1E2Mu/MuonEn_Down/NMinusOne/njet_ge2/n_jets in Skim_TriLep_tWZ_tlepWhad.root
2026-07-21 19:45:27,019 - INFO - [2022] MISSING_SYSTEMATIC: SR1E2Mu/ElectronEn_Up/NMinusOne/njet_ge2/n_jets in Skim_TriLep_tWZ_tlepWhad.root
2026-07-21 19:45:27,019 - INFO - [2022] MISSING_SYSTEMATIC: SR1E2Mu/ElectronEn_Down/NMinusOne/njet_ge2/n_jets in Skim_TriLep_tWZ_tlepWhad.root
2026-07-21 19:45:27,019 - INFO - [2022] MISSING_SYSTEMATIC: SR1E2Mu/ElectronRes_Up/NMinusOne/njet_ge2/n_jets in Skim_TriLep_tWZ_tlepWhad.root
2026-07-21 19:45:27,019 - INFO - [2022] MISSING_SYSTEMATIC: SR1E2Mu/ElectronRes_Down/NMinusOne/njet_ge2/n_jets in Skim_TriLep_tWZ_tlepWhad.root
2026-07-21 19:45:27,020 - INFO - [2022] MISSING_SYSTEMATIC: SR1E2Mu/UnclusteredEn_Up/NMinusOne/njet_ge2/n_jets in Skim_TriLep_tWZ_tlepWhad.root
2026-07-21 19:45:27,020 - INFO - [2022] MISSING_SYSTEMATIC: SR1E2Mu/UnclusteredEn_Down/NMinusOne/njet_ge2/n_jets in Skim_TriLep_tWZ_tlepWhad.root
2026-07-21 19:45:27,020 - INFO - [2022] MISSING_SYSTEMATIC: SR1E2Mu/BtagSF_HFcorr_Up/NMinusOne/njet_ge2/n_jets in Skim_TriLep_tWZ_tlepWhad.root
2026-07-21 19:45:27,020 - INFO - [2022] MISSING_SYSTEMATIC: SR1E2Mu/BtagSF_HFcorr_Down/NMinusOne/njet_ge2/n_jets in Skim_TriLep_tWZ_tlepWhad.root
2026-07-21 19:45:27,021 - INFO - [2022] MISSING_SYSTEMATIC: SR1E2Mu/BtagSF_HFuncorr_Up/NMinusOne/njet_ge2/n_jets in Skim_TriLep_tWZ_tlepWhad.root
2026-07-21 19:45:27,021 - INFO - [2022] MISSING_SYSTEMATIC: SR1E2Mu/BtagSF_HFuncorr_Down/NMinusOne/njet_ge2/n_jets in Skim_TriLep_tWZ_tlepWhad.root
2026-07-21 19:45:27,022 - INFO - [2022] MISSING_SYSTEMATIC: SR1E2Mu/BtagSF_LFcorr_Up/NMinusOne/njet_ge2/n_jets in Skim_TriLep_tWZ_tlepWhad.root
2026-07-21 19:45:27,022 - INFO - [2022] MISSING_SYSTEMATIC: SR1E2Mu/BtagSF_LFcorr_Down/NMinusOne/njet_ge2/n_jets in Skim_TriLep_tWZ_tlepWhad.root
2026-07-21 19:45:27,022 - INFO - [2022] MISSING_SYSTEMATIC: SR1E2Mu/BtagSF_LFuncorr_Up/NMinusOne/njet_ge2/n_jets in Skim_TriLep_tWZ_tlepWhad.root
2026-07-21 19:45:27,022 - INFO - [2022] MISSING_SYSTEMATIC: SR1E2Mu/BtagSF_LFuncorr_Down/NMinusOne/njet_ge2/n_jets in Skim_TriLep_tWZ_tlepWhad.root
2026-07-21 19:45:27,023 - INFO - [2022] MISSING_SYSTEMATIC: SR1E2Mu/WZNjetsSF_Up/NMinusOne/njet_ge2/n_jets in Skim_TriLep_tWZ_tlepWhad.root
2026-07-21 19:45:27,023 - INFO - [2022] MISSING_SYSTEMATIC: SR1E2Mu/WZNjetsSF_Down/NMinusOne/njet_ge2/n_jets in Skim_TriLep_tWZ_tlepWhad.root
2026-07-21 19:45:27,024 - INFO - [2022] MISSING_SYSTEMATIC: SR1E2Mu/PileupReweight_Up/NMinusOne/njet_ge2/n_jets in Skim_TriLep_tWZ_tlepWlep.root
2026-07-21 19:45:27,024 - INFO - [2022] MISSING_SYSTEMATIC: SR1E2Mu/PileupReweight_Down/NMinusOne/njet_ge2/n_jets in Skim_TriLep_tWZ_tlepWlep.root
2026-07-21 19:45:27,025 - INFO - [2022] MISSING_SYSTEMATIC: SR1E2Mu/MuonIDSF_Up/NMinusOne/njet_ge2/n_jets in Skim_TriLep_tWZ_tlepWlep.root
2026-07-21 19:45:27,025 - INFO - [2022] MISSING_SYSTEMATIC: SR1E2Mu/MuonIDSF_Down/NMinusOne/njet_ge2/n_jets in Skim_TriLep_tWZ_tlepWlep.root
2026-07-21 19:45:27,025 - INFO - [2022] MISSING_SYSTEMATIC: SR1E2Mu/ElectronIDSF_Up/NMinusOne/njet_ge2/n_jets in Skim_TriLep_tWZ_tlepWlep.root
2026-07-21 19:45:27,025 - INFO - [2022] MISSING_SYSTEMATIC: SR1E2Mu/ElectronIDSF_Down/NMinusOne/njet_ge2/n_jets in Skim_TriLep_tWZ_tlepWlep.root
2026-07-21 19:45:27,026 - INFO - [2022] MISSING_SYSTEMATIC: SR1E2Mu/EMuTrigSF_Up/NMinusOne/njet_ge2/n_jets in Skim_TriLep_tWZ_tlepWlep.root
2026-07-21 19:45:27,026 - INFO - [2022] MISSING_SYSTEMATIC: SR1E2Mu/EMuTrigSF_Down/NMinusOne/njet_ge2/n_jets in Skim_TriLep_tWZ_tlepWlep.root
2026-07-21 19:45:27,027 - INFO - [2022] MISSING_SYSTEMATIC: SR1E2Mu/JetEn_Up/NMinusOne/njet_ge2/n_jets in Skim_TriLep_tWZ_tlepWlep.root
2026-07-21 19:45:27,027 - INFO - [2022] MISSING_SYSTEMATIC: SR1E2Mu/JetEn_Down/NMinusOne/njet_ge2/n_jets in Skim_TriLep_tWZ_tlepWlep.root
2026-07-21 19:45:27,027 - INFO - [2022] MISSING_SYSTEMATIC: SR1E2Mu/JetRes_Up/NMinusOne/njet_ge2/n_jets in Skim_TriLep_tWZ_tlepWlep.root
2026-07-21 19:45:27,027 - INFO - [2022] MISSING_SYSTEMATIC: SR1E2Mu/JetRes_Down/NMinusOne/njet_ge2/n_jets in Skim_TriLep_tWZ_tlepWlep.root
2026-07-21 19:45:27,028 - INFO - [2022] MISSING_SYSTEMATIC: SR1E2Mu/MuonEn_Up/NMinusOne/njet_ge2/n_jets in Skim_TriLep_tWZ_tlepWlep.root
2026-07-21 19:45:27,028 - INFO - [2022] MISSING_SYSTEMATIC: SR1E2Mu/MuonEn_Down/NMinusOne/njet_ge2/n_jets in Skim_TriLep_tWZ_tlepWlep.root
2026-07-21 19:45:27,028 - INFO - [2022] MISSING_SYSTEMATIC: SR1E2Mu/ElectronEn_Up/NMinusOne/njet_ge2/n_jets in Skim_TriLep_tWZ_tlepWlep.root
2026-07-21 19:45:27,029 - INFO - [2022] MISSING_SYSTEMATIC: SR1E2Mu/ElectronEn_Down/NMinusOne/njet_ge2/n_jets in Skim_TriLep_tWZ_tlepWlep.root
2026-07-21 19:45:27,029 - INFO - [2022] MISSING_SYSTEMATIC: SR1E2Mu/ElectronRes_Up/NMinusOne/njet_ge2/n_jets in Skim_TriLep_tWZ_tlepWlep.root
2026-07-21 19:45:27,029 - INFO - [2022] MISSING_SYSTEMATIC: SR1E2Mu/ElectronRes_Down/NMinusOne/njet_ge2/n_jets in Skim_TriLep_tWZ_tlepWlep.root
2026-07-21 19:45:27,030 - INFO - [2022] MISSING_SYSTEMATIC: SR1E2Mu/UnclusteredEn_Up/NMinusOne/njet_ge2/n_jets in Skim_TriLep_tWZ_tlepWlep.root
2026-07-21 19:45:27,030 - INFO - [2022] MISSING_SYSTEMATIC: SR1E2Mu/UnclusteredEn_Down/NMinusOne/njet_ge2/n_jets in Skim_TriLep_tWZ_tlepWlep.root
2026-07-21 19:45:27,030 - INFO - [2022] MISSING_SYSTEMATIC: SR1E2Mu/BtagSF_HFcorr_Up/NMinusOne/njet_ge2/n_jets in Skim_TriLep_tWZ_tlepWlep.root
2026-07-21 19:45:27,030 - INFO - [2022] MISSING_SYSTEMATIC: SR1E2Mu/BtagSF_HFcorr_Down/NMinusOne/njet_ge2/n_jets in Skim_TriLep_tWZ_tlepWlep.root
2026-07-21 19:45:27,031 - INFO - [2022] MISSING_SYSTEMATIC: SR1E2Mu/BtagSF_HFuncorr_Up/NMinusOne/njet_ge2/n_jets in Skim_TriLep_tWZ_tlepWlep.root
2026-07-21 19:45:27,031 - INFO - [2022] MISSING_SYSTEMATIC: SR1E2Mu/BtagSF_HFuncorr_Down/NMinusOne/njet_ge2/n_jets in Skim_TriLep_tWZ_tlepWlep.root
2026-07-21 19:45:27,032 - INFO - [2022] MISSING_SYSTEMATIC: SR1E2Mu/BtagSF_LFcorr_Up/NMinusOne/njet_ge2/n_jets in Skim_TriLep_tWZ_tlepWlep.root
2026-07-21 19:45:27,032 - INFO - [2022] MISSING_SYSTEMATIC: SR1E2Mu/BtagSF_LFcorr_Down/NMinusOne/njet_ge2/n_jets in Skim_TriLep_tWZ_tlepWlep.root
2026-07-21 19:45:27,032 - INFO - [2022] MISSING_SYSTEMATIC: SR1E2Mu/BtagSF_LFuncorr_Up/NMinusOne/njet_ge2/n_jets in Skim_TriLep_tWZ_tlepWlep.root
2026-07-21 19:45:27,032 - INFO - [2022] MISSING_SYSTEMATIC: SR1E2Mu/BtagSF_LFuncorr_Down/NMinusOne/njet_ge2/n_jets in Skim_TriLep_tWZ_tlepWlep.root
2026-07-21 19:45:27,033 - INFO - [2022] MISSING_SYSTEMATIC: SR1E2Mu/WZNjetsSF_Up/NMinusOne/njet_ge2/n_jets in Skim_TriLep_tWZ_tlepWlep.root
2026-07-21 19:45:27,033 - INFO - [2022] MISSING_SYSTEMATIC: SR1E2Mu/WZNjetsSF_Down/NMinusOne/njet_ge2/n_jets in Skim_TriLep_tWZ_tlepWlep.root
2026-07-21 19:45:27,034 - INFO - [2022] MISSING_SYSTEMATIC: SR1E2Mu/PileupReweight_Up/NMinusOne/njet_ge2/n_jets in Skim_TriLep_WWW.root
2026-07-21 19:45:27,034 - INFO - [2022] MISSING_SYSTEMATIC: SR1E2Mu/PileupReweight_Down/NMinusOne/njet_ge2/n_jets in Skim_TriLep_WWW.root
2026-07-21 19:45:27,034 - INFO - [2022] MISSING_SYSTEMATIC: SR1E2Mu/MuonIDSF_Up/NMinusOne/njet_ge2/n_jets in Skim_TriLep_WWW.root
2026-07-21 19:45:27,034 - INFO - [2022] MISSING_SYSTEMATIC: SR1E2Mu/MuonIDSF_Down/NMinusOne/njet_ge2/n_jets in Skim_TriLep_WWW.root
2026-07-21 19:45:27,035 - INFO - [2022] MISSING_SYSTEMATIC: SR1E2Mu/ElectronIDSF_Up/NMinusOne/njet_ge2/n_jets in Skim_TriLep_WWW.root
2026-07-21 19:45:27,035 - INFO - [2022] MISSING_SYSTEMATIC: SR1E2Mu/ElectronIDSF_Down/NMinusOne/njet_ge2/n_jets in Skim_TriLep_WWW.root
2026-07-21 19:45:27,035 - INFO - [2022] MISSING_SYSTEMATIC: SR1E2Mu/EMuTrigSF_Up/NMinusOne/njet_ge2/n_jets in Skim_TriLep_WWW.root
2026-07-21 19:45:27,035 - INFO - [2022] MISSING_SYSTEMATIC: SR1E2Mu/EMuTrigSF_Down/NMinusOne/njet_ge2/n_jets in Skim_TriLep_WWW.root
2026-07-21 19:45:27,036 - INFO - [2022] MISSING_SYSTEMATIC: SR1E2Mu/JetEn_Up/NMinusOne/njet_ge2/n_jets in Skim_TriLep_WWW.root
2026-07-21 19:45:27,036 - INFO - [2022] MISSING_SYSTEMATIC: SR1E2Mu/JetEn_Down/NMinusOne/njet_ge2/n_jets in Skim_TriLep_WWW.root
2026-07-21 19:45:27,037 - INFO - [2022] MISSING_SYSTEMATIC: SR1E2Mu/JetRes_Up/NMinusOne/njet_ge2/n_jets in Skim_TriLep_WWW.root
2026-07-21 19:45:27,037 - INFO - [2022] MISSING_SYSTEMATIC: SR1E2Mu/JetRes_Down/NMinusOne/njet_ge2/n_jets in Skim_TriLep_WWW.root
2026-07-21 19:45:27,037 - INFO - [2022] MISSING_SYSTEMATIC: SR1E2Mu/MuonEn_Up/NMinusOne/njet_ge2/n_jets in Skim_TriLep_WWW.root
2026-07-21 19:45:27,037 - INFO - [2022] MISSING_SYSTEMATIC: SR1E2Mu/MuonEn_Down/NMinusOne/njet_ge2/n_jets in Skim_TriLep_WWW.root
2026-07-21 19:45:27,038 - INFO - [2022] MISSING_SYSTEMATIC: SR1E2Mu/ElectronEn_Up/NMinusOne/njet_ge2/n_jets in Skim_TriLep_WWW.root
2026-07-21 19:45:27,038 - INFO - [2022] MISSING_SYSTEMATIC: SR1E2Mu/ElectronEn_Down/NMinusOne/njet_ge2/n_jets in Skim_TriLep_WWW.root
2026-07-21 19:45:27,038 - INFO - [2022] MISSING_SYSTEMATIC: SR1E2Mu/ElectronRes_Up/NMinusOne/njet_ge2/n_jets in Skim_TriLep_WWW.root
2026-07-21 19:45:27,038 - INFO - [2022] MISSING_SYSTEMATIC: SR1E2Mu/ElectronRes_Down/NMinusOne/njet_ge2/n_jets in Skim_TriLep_WWW.root
2026-07-21 19:45:27,039 - INFO - [2022] MISSING_SYSTEMATIC: SR1E2Mu/UnclusteredEn_Up/NMinusOne/njet_ge2/n_jets in Skim_TriLep_WWW.root
2026-07-21 19:45:27,039 - INFO - [2022] MISSING_SYSTEMATIC: SR1E2Mu/UnclusteredEn_Down/NMinusOne/njet_ge2/n_jets in Skim_TriLep_WWW.root
2026-07-21 19:45:27,039 - INFO - [2022] MISSING_SYSTEMATIC: SR1E2Mu/BtagSF_HFcorr_Up/NMinusOne/njet_ge2/n_jets in Skim_TriLep_WWW.root
2026-07-21 19:45:27,039 - INFO - [2022] MISSING_SYSTEMATIC: SR1E2Mu/BtagSF_HFcorr_Down/NMinusOne/njet_ge2/n_jets in Skim_TriLep_WWW.root
2026-07-21 19:45:27,040 - INFO - [2022] MISSING_SYSTEMATIC: SR1E2Mu/BtagSF_HFuncorr_Up/NMinusOne/njet_ge2/n_jets in Skim_TriLep_WWW.root
2026-07-21 19:45:27,040 - INFO - [2022] MISSING_SYSTEMATIC: SR1E2Mu/BtagSF_HFuncorr_Down/NMinusOne/njet_ge2/n_jets in Skim_TriLep_WWW.root
2026-07-21 19:45:27,040 - INFO - [2022] MISSING_SYSTEMATIC: SR1E2Mu/BtagSF_LFcorr_Up/NMinusOne/njet_ge2/n_jets in Skim_TriLep_WWW.root
2026-07-21 19:45:27,040 - INFO - [2022] MISSING_SYSTEMATIC: SR1E2Mu/BtagSF_LFcorr_Down/NMinusOne/njet_ge2/n_jets in Skim_TriLep_WWW.root
2026-07-21 19:45:27,041 - INFO - [2022] MISSING_SYSTEMATIC: SR1E2Mu/BtagSF_LFuncorr_Up/NMinusOne/njet_ge2/n_jets in Skim_TriLep_WWW.root
2026-07-21 19:45:27,041 - INFO - [2022] MISSING_SYSTEMATIC: SR1E2Mu/BtagSF_LFuncorr_Down/NMinusOne/njet_ge2/n_jets in Skim_TriLep_WWW.root
2026-07-21 19:45:27,041 - INFO - [2022] MISSING_SYSTEMATIC: SR1E2Mu/WZNjetsSF_Up/NMinusOne/njet_ge2/n_jets in Skim_TriLep_WWW.root
2026-07-21 19:45:27,041 - INFO - [2022] MISSING_SYSTEMATIC: SR1E2Mu/WZNjetsSF_Down/NMinusOne/njet_ge2/n_jets in Skim_TriLep_WWW.root
2026-07-21 19:45:27,042 - INFO - [2022] MISSING_SYSTEMATIC: SR1E2Mu/PileupReweight_Up/NMinusOne/njet_ge2/n_jets in Skim_TriLep_WWZ.root
2026-07-21 19:45:27,042 - INFO - [2022] MISSING_SYSTEMATIC: SR1E2Mu/PileupReweight_Down/NMinusOne/njet_ge2/n_jets in Skim_TriLep_WWZ.root
2026-07-21 19:45:27,043 - INFO - [2022] MISSING_SYSTEMATIC: SR1E2Mu/MuonIDSF_Up/NMinusOne/njet_ge2/n_jets in Skim_TriLep_WWZ.root
2026-07-21 19:45:27,043 - INFO - [2022] MISSING_SYSTEMATIC: SR1E2Mu/MuonIDSF_Down/NMinusOne/njet_ge2/n_jets in Skim_TriLep_WWZ.root
2026-07-21 19:45:27,043 - INFO - [2022] MISSING_SYSTEMATIC: SR1E2Mu/ElectronIDSF_Up/NMinusOne/njet_ge2/n_jets in Skim_TriLep_WWZ.root
2026-07-21 19:45:27,044 - INFO - [2022] MISSING_SYSTEMATIC: SR1E2Mu/ElectronIDSF_Down/NMinusOne/njet_ge2/n_jets in Skim_TriLep_WWZ.root
2026-07-21 19:45:27,044 - INFO - [2022] MISSING_SYSTEMATIC: SR1E2Mu/EMuTrigSF_Up/NMinusOne/njet_ge2/n_jets in Skim_TriLep_WWZ.root
2026-07-21 19:45:27,044 - INFO - [2022] MISSING_SYSTEMATIC: SR1E2Mu/EMuTrigSF_Down/NMinusOne/njet_ge2/n_jets in Skim_TriLep_WWZ.root
2026-07-21 19:45:27,045 - INFO - [2022] MISSING_SYSTEMATIC: SR1E2Mu/JetEn_Up/NMinusOne/njet_ge2/n_jets in Skim_TriLep_WWZ.root
2026-07-21 19:45:27,045 - INFO - [2022] MISSING_SYSTEMATIC: SR1E2Mu/JetEn_Down/NMinusOne/njet_ge2/n_jets in Skim_TriLep_WWZ.root
2026-07-21 19:45:27,045 - INFO - [2022] MISSING_SYSTEMATIC: SR1E2Mu/JetRes_Up/NMinusOne/njet_ge2/n_jets in Skim_TriLep_WWZ.root
2026-07-21 19:45:27,045 - INFO - [2022] MISSING_SYSTEMATIC: SR1E2Mu/JetRes_Down/NMinusOne/njet_ge2/n_jets in Skim_TriLep_WWZ.root
2026-07-21 19:45:27,046 - INFO - [2022] MISSING_SYSTEMATIC: SR1E2Mu/MuonEn_Up/NMinusOne/njet_ge2/n_jets in Skim_TriLep_WWZ.root
2026-07-21 19:45:27,046 - INFO - [2022] MISSING_SYSTEMATIC: SR1E2Mu/MuonEn_Down/NMinusOne/njet_ge2/n_jets in Skim_TriLep_WWZ.root
2026-07-21 19:45:27,047 - INFO - [2022] MISSING_SYSTEMATIC: SR1E2Mu/ElectronEn_Up/NMinusOne/njet_ge2/n_jets in Skim_TriLep_WWZ.root
2026-07-21 19:45:27,047 - INFO - [2022] MISSING_SYSTEMATIC: SR1E2Mu/ElectronEn_Down/NMinusOne/njet_ge2/n_jets in Skim_TriLep_WWZ.root
2026-07-21 19:45:27,047 - INFO - [2022] MISSING_SYSTEMATIC: SR1E2Mu/ElectronRes_Up/NMinusOne/njet_ge2/n_jets in Skim_TriLep_WWZ.root
2026-07-21 19:45:27,047 - INFO - [2022] MISSING_SYSTEMATIC: SR1E2Mu/ElectronRes_Down/NMinusOne/njet_ge2/n_jets in Skim_TriLep_WWZ.root
2026-07-21 19:45:27,048 - INFO - [2022] MISSING_SYSTEMATIC: SR1E2Mu/UnclusteredEn_Up/NMinusOne/njet_ge2/n_jets in Skim_TriLep_WWZ.root
2026-07-21 19:45:27,048 - INFO - [2022] MISSING_SYSTEMATIC: SR1E2Mu/UnclusteredEn_Down/NMinusOne/njet_ge2/n_jets in Skim_TriLep_WWZ.root
2026-07-21 19:45:27,048 - INFO - [2022] MISSING_SYSTEMATIC: SR1E2Mu/BtagSF_HFcorr_Up/NMinusOne/njet_ge2/n_jets in Skim_TriLep_WWZ.root
2026-07-21 19:45:27,048 - INFO - [2022] MISSING_SYSTEMATIC: SR1E2Mu/BtagSF_HFcorr_Down/NMinusOne/njet_ge2/n_jets in Skim_TriLep_WWZ.root
2026-07-21 19:45:27,049 - INFO - [2022] MISSING_SYSTEMATIC: SR1E2Mu/BtagSF_HFuncorr_Up/NMinusOne/njet_ge2/n_jets in Skim_TriLep_WWZ.root
2026-07-21 19:45:27,049 - INFO - [2022] MISSING_SYSTEMATIC: SR1E2Mu/BtagSF_HFuncorr_Down/NMinusOne/njet_ge2/n_jets in Skim_TriLep_WWZ.root
2026-07-21 19:45:27,050 - INFO - [2022] MISSING_SYSTEMATIC: SR1E2Mu/BtagSF_LFcorr_Up/NMinusOne/njet_ge2/n_jets in Skim_TriLep_WWZ.root
2026-07-21 19:45:27,050 - INFO - [2022] MISSING_SYSTEMATIC: SR1E2Mu/BtagSF_LFcorr_Down/NMinusOne/njet_ge2/n_jets in Skim_TriLep_WWZ.root
2026-07-21 19:45:27,050 - INFO - [2022] MISSING_SYSTEMATIC: SR1E2Mu/BtagSF_LFuncorr_Up/NMinusOne/njet_ge2/n_jets in Skim_TriLep_WWZ.root
2026-07-21 19:45:27,050 - INFO - [2022] MISSING_SYSTEMATIC: SR1E2Mu/BtagSF_LFuncorr_Down/NMinusOne/njet_ge2/n_jets in Skim_TriLep_WWZ.root
2026-07-21 19:45:27,051 - INFO - [2022] MISSING_SYSTEMATIC: SR1E2Mu/WZNjetsSF_Up/NMinusOne/njet_ge2/n_jets in Skim_TriLep_WWZ.root
2026-07-21 19:45:27,051 - INFO - [2022] MISSING_SYSTEMATIC: SR1E2Mu/WZNjetsSF_Down/NMinusOne/njet_ge2/n_jets in Skim_TriLep_WWZ.root
2026-07-21 19:45:27,052 - INFO - [2022] MISSING_SYSTEMATIC: SR1E2Mu/PileupReweight_Up/NMinusOne/njet_ge2/n_jets in Skim_TriLep_WZZ.root
2026-07-21 19:45:27,052 - INFO - [2022] MISSING_SYSTEMATIC: SR1E2Mu/PileupReweight_Down/NMinusOne/njet_ge2/n_jets in Skim_TriLep_WZZ.root
2026-07-21 19:45:27,052 - INFO - [2022] MISSING_SYSTEMATIC: SR1E2Mu/MuonIDSF_Up/NMinusOne/njet_ge2/n_jets in Skim_TriLep_WZZ.root
2026-07-21 19:45:27,053 - INFO - [2022] MISSING_SYSTEMATIC: SR1E2Mu/MuonIDSF_Down/NMinusOne/njet_ge2/n_jets in Skim_TriLep_WZZ.root
2026-07-21 19:45:27,053 - INFO - [2022] MISSING_SYSTEMATIC: SR1E2Mu/ElectronIDSF_Up/NMinusOne/njet_ge2/n_jets in Skim_TriLep_WZZ.root
2026-07-21 19:45:27,053 - INFO - [2022] MISSING_SYSTEMATIC: SR1E2Mu/ElectronIDSF_Down/NMinusOne/njet_ge2/n_jets in Skim_TriLep_WZZ.root
2026-07-21 19:45:27,054 - INFO - [2022] MISSING_SYSTEMATIC: SR1E2Mu/EMuTrigSF_Up/NMinusOne/njet_ge2/n_jets in Skim_TriLep_WZZ.root
2026-07-21 19:45:27,054 - INFO - [2022] MISSING_SYSTEMATIC: SR1E2Mu/EMuTrigSF_Down/NMinusOne/njet_ge2/n_jets in Skim_TriLep_WZZ.root
2026-07-21 19:45:27,054 - INFO - [2022] MISSING_SYSTEMATIC: SR1E2Mu/JetEn_Up/NMinusOne/njet_ge2/n_jets in Skim_TriLep_WZZ.root
2026-07-21 19:45:27,054 - INFO - [2022] MISSING_SYSTEMATIC: SR1E2Mu/JetEn_Down/NMinusOne/njet_ge2/n_jets in Skim_TriLep_WZZ.root
2026-07-21 19:45:27,055 - INFO - [2022] MISSING_SYSTEMATIC: SR1E2Mu/JetRes_Up/NMinusOne/njet_ge2/n_jets in Skim_TriLep_WZZ.root
2026-07-21 19:45:27,055 - INFO - [2022] MISSING_SYSTEMATIC: SR1E2Mu/JetRes_Down/NMinusOne/njet_ge2/n_jets in Skim_TriLep_WZZ.root
2026-07-21 19:45:27,056 - INFO - [2022] MISSING_SYSTEMATIC: SR1E2Mu/MuonEn_Up/NMinusOne/njet_ge2/n_jets in Skim_TriLep_WZZ.root
2026-07-21 19:45:27,056 - INFO - [2022] MISSING_SYSTEMATIC: SR1E2Mu/MuonEn_Down/NMinusOne/njet_ge2/n_jets in Skim_TriLep_WZZ.root
2026-07-21 19:45:27,056 - INFO - [2022] MISSING_SYSTEMATIC: SR1E2Mu/ElectronEn_Up/NMinusOne/njet_ge2/n_jets in Skim_TriLep_WZZ.root
2026-07-21 19:45:27,056 - INFO - [2022] MISSING_SYSTEMATIC: SR1E2Mu/ElectronEn_Down/NMinusOne/njet_ge2/n_jets in Skim_TriLep_WZZ.root
2026-07-21 19:45:27,057 - INFO - [2022] MISSING_SYSTEMATIC: SR1E2Mu/ElectronRes_Up/NMinusOne/njet_ge2/n_jets in Skim_TriLep_WZZ.root
2026-07-21 19:45:27,057 - INFO - [2022] MISSING_SYSTEMATIC: SR1E2Mu/ElectronRes_Down/NMinusOne/njet_ge2/n_jets in Skim_TriLep_WZZ.root
2026-07-21 19:45:27,057 - INFO - [2022] MISSING_SYSTEMATIC: SR1E2Mu/UnclusteredEn_Up/NMinusOne/njet_ge2/n_jets in Skim_TriLep_WZZ.root
2026-07-21 19:45:27,057 - INFO - [2022] MISSING_SYSTEMATIC: SR1E2Mu/UnclusteredEn_Down/NMinusOne/njet_ge2/n_jets in Skim_TriLep_WZZ.root
2026-07-21 19:45:27,058 - INFO - [2022] MISSING_SYSTEMATIC: SR1E2Mu/BtagSF_HFcorr_Up/NMinusOne/njet_ge2/n_jets in Skim_TriLep_WZZ.root
2026-07-21 19:45:27,058 - INFO - [2022] MISSING_SYSTEMATIC: SR1E2Mu/BtagSF_HFcorr_Down/NMinusOne/njet_ge2/n_jets in Skim_TriLep_WZZ.root
2026-07-21 19:45:27,059 - INFO - [2022] MISSING_SYSTEMATIC: SR1E2Mu/BtagSF_HFuncorr_Up/NMinusOne/njet_ge2/n_jets in Skim_TriLep_WZZ.root
2026-07-21 19:45:27,059 - INFO - [2022] MISSING_SYSTEMATIC: SR1E2Mu/BtagSF_HFuncorr_Down/NMinusOne/njet_ge2/n_jets in Skim_TriLep_WZZ.root
2026-07-21 19:45:27,059 - INFO - [2022] MISSING_SYSTEMATIC: SR1E2Mu/BtagSF_LFcorr_Up/NMinusOne/njet_ge2/n_jets in Skim_TriLep_WZZ.root
2026-07-21 19:45:27,059 - INFO - [2022] MISSING_SYSTEMATIC: SR1E2Mu/BtagSF_LFcorr_Down/NMinusOne/njet_ge2/n_jets in Skim_TriLep_WZZ.root
2026-07-21 19:45:27,060 - INFO - [2022] MISSING_SYSTEMATIC: SR1E2Mu/BtagSF_LFuncorr_Up/NMinusOne/njet_ge2/n_jets in Skim_TriLep_WZZ.root
2026-07-21 19:45:27,060 - INFO - [2022] MISSING_SYSTEMATIC: SR1E2Mu/BtagSF_LFuncorr_Down/NMinusOne/njet_ge2/n_jets in Skim_TriLep_WZZ.root
2026-07-21 19:45:27,060 - INFO - [2022] MISSING_SYSTEMATIC: SR1E2Mu/WZNjetsSF_Up/NMinusOne/njet_ge2/n_jets in Skim_TriLep_WZZ.root
2026-07-21 19:45:27,061 - INFO - [2022] MISSING_SYSTEMATIC: SR1E2Mu/WZNjetsSF_Down/NMinusOne/njet_ge2/n_jets in Skim_TriLep_WZZ.root
2026-07-21 19:45:27,061 - INFO - [2022] MISSING_SYSTEMATIC: SR1E2Mu/PileupReweight_Up/NMinusOne/njet_ge2/n_jets in Skim_TriLep_ZZZ.root
2026-07-21 19:45:27,062 - INFO - [2022] MISSING_SYSTEMATIC: SR1E2Mu/PileupReweight_Down/NMinusOne/njet_ge2/n_jets in Skim_TriLep_ZZZ.root
2026-07-21 19:45:27,062 - INFO - [2022] MISSING_SYSTEMATIC: SR1E2Mu/MuonIDSF_Up/NMinusOne/njet_ge2/n_jets in Skim_TriLep_ZZZ.root
2026-07-21 19:45:27,062 - INFO - [2022] MISSING_SYSTEMATIC: SR1E2Mu/MuonIDSF_Down/NMinusOne/njet_ge2/n_jets in Skim_TriLep_ZZZ.root
2026-07-21 19:45:27,063 - INFO - [2022] MISSING_SYSTEMATIC: SR1E2Mu/ElectronIDSF_Up/NMinusOne/njet_ge2/n_jets in Skim_TriLep_ZZZ.root
2026-07-21 19:45:27,063 - INFO - [2022] MISSING_SYSTEMATIC: SR1E2Mu/ElectronIDSF_Down/NMinusOne/njet_ge2/n_jets in Skim_TriLep_ZZZ.root
2026-07-21 19:45:27,063 - INFO - [2022] MISSING_SYSTEMATIC: SR1E2Mu/EMuTrigSF_Up/NMinusOne/njet_ge2/n_jets in Skim_TriLep_ZZZ.root
2026-07-21 19:45:27,063 - INFO - [2022] MISSING_SYSTEMATIC: SR1E2Mu/EMuTrigSF_Down/NMinusOne/njet_ge2/n_jets in Skim_TriLep_ZZZ.root
2026-07-21 19:45:27,064 - INFO - [2022] MISSING_SYSTEMATIC: SR1E2Mu/JetEn_Up/NMinusOne/njet_ge2/n_jets in Skim_TriLep_ZZZ.root
2026-07-21 19:45:27,064 - INFO - [2022] MISSING_SYSTEMATIC: SR1E2Mu/JetEn_Down/NMinusOne/njet_ge2/n_jets in Skim_TriLep_ZZZ.root
2026-07-21 19:45:27,065 - INFO - [2022] MISSING_SYSTEMATIC: SR1E2Mu/JetRes_Up/NMinusOne/njet_ge2/n_jets in Skim_TriLep_ZZZ.root
2026-07-21 19:45:27,065 - INFO - [2022] MISSING_SYSTEMATIC: SR1E2Mu/JetRes_Down/NMinusOne/njet_ge2/n_jets in Skim_TriLep_ZZZ.root
2026-07-21 19:45:27,065 - INFO - [2022] MISSING_SYSTEMATIC: SR1E2Mu/MuonEn_Up/NMinusOne/njet_ge2/n_jets in Skim_TriLep_ZZZ.root
2026-07-21 19:45:27,065 - INFO - [2022] MISSING_SYSTEMATIC: SR1E2Mu/MuonEn_Down/NMinusOne/njet_ge2/n_jets in Skim_TriLep_ZZZ.root
2026-07-21 19:45:27,066 - INFO - [2022] MISSING_SYSTEMATIC: SR1E2Mu/ElectronEn_Up/NMinusOne/njet_ge2/n_jets in Skim_TriLep_ZZZ.root
2026-07-21 19:45:27,066 - INFO - [2022] MISSING_SYSTEMATIC: SR1E2Mu/ElectronEn_Down/NMinusOne/njet_ge2/n_jets in Skim_TriLep_ZZZ.root
2026-07-21 19:45:27,066 - INFO - [2022] MISSING_SYSTEMATIC: SR1E2Mu/ElectronRes_Up/NMinusOne/njet_ge2/n_jets in Skim_TriLep_ZZZ.root
2026-07-21 19:45:27,066 - INFO - [2022] MISSING_SYSTEMATIC: SR1E2Mu/ElectronRes_Down/NMinusOne/njet_ge2/n_jets in Skim_TriLep_ZZZ.root
2026-07-21 19:45:27,067 - INFO - [2022] MISSING_SYSTEMATIC: SR1E2Mu/UnclusteredEn_Up/NMinusOne/njet_ge2/n_jets in Skim_TriLep_ZZZ.root
2026-07-21 19:45:27,067 - INFO - [2022] MISSING_SYSTEMATIC: SR1E2Mu/UnclusteredEn_Down/NMinusOne/njet_ge2/n_jets in Skim_TriLep_ZZZ.root
2026-07-21 19:45:27,068 - INFO - [2022] MISSING_SYSTEMATIC: SR1E2Mu/BtagSF_HFcorr_Up/NMinusOne/njet_ge2/n_jets in Skim_TriLep_ZZZ.root
2026-07-21 19:45:27,068 - INFO - [2022] MISSING_SYSTEMATIC: SR1E2Mu/BtagSF_HFcorr_Down/NMinusOne/njet_ge2/n_jets in Skim_TriLep_ZZZ.root
2026-07-21 19:45:27,068 - INFO - [2022] MISSING_SYSTEMATIC: SR1E2Mu/BtagSF_HFuncorr_Up/NMinusOne/njet_ge2/n_jets in Skim_TriLep_ZZZ.root
2026-07-21 19:45:27,068 - INFO - [2022] MISSING_SYSTEMATIC: SR1E2Mu/BtagSF_HFuncorr_Down/NMinusOne/njet_ge2/n_jets in Skim_TriLep_ZZZ.root
2026-07-21 19:45:27,069 - INFO - [2022] MISSING_SYSTEMATIC: SR1E2Mu/BtagSF_LFcorr_Up/NMinusOne/njet_ge2/n_jets in Skim_TriLep_ZZZ.root
2026-07-21 19:45:27,069 - INFO - [2022] MISSING_SYSTEMATIC: SR1E2Mu/BtagSF_LFcorr_Down/NMinusOne/njet_ge2/n_jets in Skim_TriLep_ZZZ.root
2026-07-21 19:45:27,070 - INFO - [2022] MISSING_SYSTEMATIC: SR1E2Mu/BtagSF_LFuncorr_Up/NMinusOne/njet_ge2/n_jets in Skim_TriLep_ZZZ.root
2026-07-21 19:45:27,070 - INFO - [2022] MISSING_SYSTEMATIC: SR1E2Mu/BtagSF_LFuncorr_Down/NMinusOne/njet_ge2/n_jets in Skim_TriLep_ZZZ.root
2026-07-21 19:45:27,070 - INFO - [2022] MISSING_SYSTEMATIC: SR1E2Mu/WZNjetsSF_Up/NMinusOne/njet_ge2/n_jets in Skim_TriLep_ZZZ.root
2026-07-21 19:45:27,070 - INFO - [2022] MISSING_SYSTEMATIC: SR1E2Mu/WZNjetsSF_Down/NMinusOne/njet_ge2/n_jets in Skim_TriLep_ZZZ.root
2026-07-21 19:45:27,071 - INFO - [2022] MISSING_SYSTEMATIC: SR1E2Mu/PileupReweight_Up/NMinusOne/njet_ge2/n_jets in Skim_TriLep_TTTT.root
2026-07-21 19:45:27,071 - INFO - [2022] MISSING_SYSTEMATIC: SR1E2Mu/PileupReweight_Down/NMinusOne/njet_ge2/n_jets in Skim_TriLep_TTTT.root
2026-07-21 19:45:27,072 - INFO - [2022] MISSING_SYSTEMATIC: SR1E2Mu/MuonIDSF_Up/NMinusOne/njet_ge2/n_jets in Skim_TriLep_TTTT.root
2026-07-21 19:45:27,072 - INFO - [2022] MISSING_SYSTEMATIC: SR1E2Mu/MuonIDSF_Down/NMinusOne/njet_ge2/n_jets in Skim_TriLep_TTTT.root
2026-07-21 19:45:27,072 - INFO - [2022] MISSING_SYSTEMATIC: SR1E2Mu/ElectronIDSF_Up/NMinusOne/njet_ge2/n_jets in Skim_TriLep_TTTT.root
2026-07-21 19:45:27,072 - INFO - [2022] MISSING_SYSTEMATIC: SR1E2Mu/ElectronIDSF_Down/NMinusOne/njet_ge2/n_jets in Skim_TriLep_TTTT.root
2026-07-21 19:45:27,073 - INFO - [2022] MISSING_SYSTEMATIC: SR1E2Mu/EMuTrigSF_Up/NMinusOne/njet_ge2/n_jets in Skim_TriLep_TTTT.root
2026-07-21 19:45:27,073 - INFO - [2022] MISSING_SYSTEMATIC: SR1E2Mu/EMuTrigSF_Down/NMinusOne/njet_ge2/n_jets in Skim_TriLep_TTTT.root
2026-07-21 19:45:27,074 - INFO - [2022] MISSING_SYSTEMATIC: SR1E2Mu/JetEn_Up/NMinusOne/njet_ge2/n_jets in Skim_TriLep_TTTT.root
2026-07-21 19:45:27,074 - INFO - [2022] MISSING_SYSTEMATIC: SR1E2Mu/JetEn_Down/NMinusOne/njet_ge2/n_jets in Skim_TriLep_TTTT.root
2026-07-21 19:45:27,074 - INFO - [2022] MISSING_SYSTEMATIC: SR1E2Mu/JetRes_Up/NMinusOne/njet_ge2/n_jets in Skim_TriLep_TTTT.root
2026-07-21 19:45:27,074 - INFO - [2022] MISSING_SYSTEMATIC: SR1E2Mu/JetRes_Down/NMinusOne/njet_ge2/n_jets in Skim_TriLep_TTTT.root
2026-07-21 19:45:27,075 - INFO - [2022] MISSING_SYSTEMATIC: SR1E2Mu/MuonEn_Up/NMinusOne/njet_ge2/n_jets in Skim_TriLep_TTTT.root
2026-07-21 19:45:27,075 - INFO - [2022] MISSING_SYSTEMATIC: SR1E2Mu/MuonEn_Down/NMinusOne/njet_ge2/n_jets in Skim_TriLep_TTTT.root
2026-07-21 19:45:27,075 - INFO - [2022] MISSING_SYSTEMATIC: SR1E2Mu/ElectronEn_Up/NMinusOne/njet_ge2/n_jets in Skim_TriLep_TTTT.root
2026-07-21 19:45:27,076 - INFO - [2022] MISSING_SYSTEMATIC: SR1E2Mu/ElectronEn_Down/NMinusOne/njet_ge2/n_jets in Skim_TriLep_TTTT.root
2026-07-21 19:45:27,076 - INFO - [2022] MISSING_SYSTEMATIC: SR1E2Mu/ElectronRes_Up/NMinusOne/njet_ge2/n_jets in Skim_TriLep_TTTT.root
2026-07-21 19:45:27,076 - INFO - [2022] MISSING_SYSTEMATIC: SR1E2Mu/ElectronRes_Down/NMinusOne/njet_ge2/n_jets in Skim_TriLep_TTTT.root
2026-07-21 19:45:27,077 - INFO - [2022] MISSING_SYSTEMATIC: SR1E2Mu/UnclusteredEn_Up/NMinusOne/njet_ge2/n_jets in Skim_TriLep_TTTT.root
2026-07-21 19:45:27,077 - INFO - [2022] MISSING_SYSTEMATIC: SR1E2Mu/UnclusteredEn_Down/NMinusOne/njet_ge2/n_jets in Skim_TriLep_TTTT.root
2026-07-21 19:45:27,077 - INFO - [2022] MISSING_SYSTEMATIC: SR1E2Mu/BtagSF_HFcorr_Up/NMinusOne/njet_ge2/n_jets in Skim_TriLep_TTTT.root
2026-07-21 19:45:27,077 - INFO - [2022] MISSING_SYSTEMATIC: SR1E2Mu/BtagSF_HFcorr_Down/NMinusOne/njet_ge2/n_jets in Skim_TriLep_TTTT.root
2026-07-21 19:45:27,078 - INFO - [2022] MISSING_SYSTEMATIC: SR1E2Mu/BtagSF_HFuncorr_Up/NMinusOne/njet_ge2/n_jets in Skim_TriLep_TTTT.root
2026-07-21 19:45:27,078 - INFO - [2022] MISSING_SYSTEMATIC: SR1E2Mu/BtagSF_HFuncorr_Down/NMinusOne/njet_ge2/n_jets in Skim_TriLep_TTTT.root
2026-07-21 19:45:27,079 - INFO - [2022] MISSING_SYSTEMATIC: SR1E2Mu/BtagSF_LFcorr_Up/NMinusOne/njet_ge2/n_jets in Skim_TriLep_TTTT.root
2026-07-21 19:45:27,079 - INFO - [2022] MISSING_SYSTEMATIC: SR1E2Mu/BtagSF_LFcorr_Down/NMinusOne/njet_ge2/n_jets in Skim_TriLep_TTTT.root
2026-07-21 19:45:27,079 - INFO - [2022] MISSING_SYSTEMATIC: SR1E2Mu/BtagSF_LFuncorr_Up/NMinusOne/njet_ge2/n_jets in Skim_TriLep_TTTT.root
2026-07-21 19:45:27,079 - INFO - [2022] MISSING_SYSTEMATIC: SR1E2Mu/BtagSF_LFuncorr_Down/NMinusOne/njet_ge2/n_jets in Skim_TriLep_TTTT.root
2026-07-21 19:45:27,080 - INFO - [2022] MISSING_SYSTEMATIC: SR1E2Mu/WZNjetsSF_Up/NMinusOne/njet_ge2/n_jets in Skim_TriLep_TTTT.root
2026-07-21 19:45:27,080 - INFO - [2022] MISSING_SYSTEMATIC: SR1E2Mu/WZNjetsSF_Down/NMinusOne/njet_ge2/n_jets in Skim_TriLep_TTTT.root
2026-07-21 19:45:27,081 - INFO - [2022] MISSING_SYSTEMATIC: SR1E2Mu/PileupReweight_Up/NMinusOne/njet_ge2/n_jets in Skim_TriLep_VBFHToZZTo4L.root
2026-07-21 19:45:27,081 - INFO - [2022] MISSING_SYSTEMATIC: SR1E2Mu/PileupReweight_Down/NMinusOne/njet_ge2/n_jets in Skim_TriLep_VBFHToZZTo4L.root
2026-07-21 19:45:27,082 - INFO - [2022] MISSING_SYSTEMATIC: SR1E2Mu/MuonIDSF_Up/NMinusOne/njet_ge2/n_jets in Skim_TriLep_VBFHToZZTo4L.root
2026-07-21 19:45:27,082 - INFO - [2022] MISSING_SYSTEMATIC: SR1E2Mu/MuonIDSF_Down/NMinusOne/njet_ge2/n_jets in Skim_TriLep_VBFHToZZTo4L.root
2026-07-21 19:45:27,082 - INFO - [2022] MISSING_SYSTEMATIC: SR1E2Mu/ElectronIDSF_Up/NMinusOne/njet_ge2/n_jets in Skim_TriLep_VBFHToZZTo4L.root
2026-07-21 19:45:27,082 - INFO - [2022] MISSING_SYSTEMATIC: SR1E2Mu/ElectronIDSF_Down/NMinusOne/njet_ge2/n_jets in Skim_TriLep_VBFHToZZTo4L.root
2026-07-21 19:45:27,083 - INFO - [2022] MISSING_SYSTEMATIC: SR1E2Mu/EMuTrigSF_Up/NMinusOne/njet_ge2/n_jets in Skim_TriLep_VBFHToZZTo4L.root
2026-07-21 19:45:27,083 - INFO - [2022] MISSING_SYSTEMATIC: SR1E2Mu/EMuTrigSF_Down/NMinusOne/njet_ge2/n_jets in Skim_TriLep_VBFHToZZTo4L.root
2026-07-21 19:45:27,083 - INFO - [2022] MISSING_SYSTEMATIC: SR1E2Mu/JetEn_Up/NMinusOne/njet_ge2/n_jets in Skim_TriLep_VBFHToZZTo4L.root
2026-07-21 19:45:27,083 - INFO - [2022] MISSING_SYSTEMATIC: SR1E2Mu/JetEn_Down/NMinusOne/njet_ge2/n_jets in Skim_TriLep_VBFHToZZTo4L.root
2026-07-21 19:45:27,084 - INFO - [2022] MISSING_SYSTEMATIC: SR1E2Mu/JetRes_Up/NMinusOne/njet_ge2/n_jets in Skim_TriLep_VBFHToZZTo4L.root
2026-07-21 19:45:27,084 - INFO - [2022] MISSING_SYSTEMATIC: SR1E2Mu/JetRes_Down/NMinusOne/njet_ge2/n_jets in Skim_TriLep_VBFHToZZTo4L.root
2026-07-21 19:45:27,085 - INFO - [2022] MISSING_SYSTEMATIC: SR1E2Mu/MuonEn_Up/NMinusOne/njet_ge2/n_jets in Skim_TriLep_VBFHToZZTo4L.root
2026-07-21 19:45:27,085 - INFO - [2022] MISSING_SYSTEMATIC: SR1E2Mu/MuonEn_Down/NMinusOne/njet_ge2/n_jets in Skim_TriLep_VBFHToZZTo4L.root
2026-07-21 19:45:27,085 - INFO - [2022] MISSING_SYSTEMATIC: SR1E2Mu/ElectronEn_Up/NMinusOne/njet_ge2/n_jets in Skim_TriLep_VBFHToZZTo4L.root
2026-07-21 19:45:27,085 - INFO - [2022] MISSING_SYSTEMATIC: SR1E2Mu/ElectronEn_Down/NMinusOne/njet_ge2/n_jets in Skim_TriLep_VBFHToZZTo4L.root
2026-07-21 19:45:27,086 - INFO - [2022] MISSING_SYSTEMATIC: SR1E2Mu/ElectronRes_Up/NMinusOne/njet_ge2/n_jets in Skim_TriLep_VBFHToZZTo4L.root
2026-07-21 19:45:27,086 - INFO - [2022] MISSING_SYSTEMATIC: SR1E2Mu/ElectronRes_Down/NMinusOne/njet_ge2/n_jets in Skim_TriLep_VBFHToZZTo4L.root
2026-07-21 19:45:27,087 - INFO - [2022] MISSING_SYSTEMATIC: SR1E2Mu/UnclusteredEn_Up/NMinusOne/njet_ge2/n_jets in Skim_TriLep_VBFHToZZTo4L.root
2026-07-21 19:45:27,087 - INFO - [2022] MISSING_SYSTEMATIC: SR1E2Mu/UnclusteredEn_Down/NMinusOne/njet_ge2/n_jets in Skim_TriLep_VBFHToZZTo4L.root
2026-07-21 19:45:27,087 - INFO - [2022] MISSING_SYSTEMATIC: SR1E2Mu/BtagSF_HFcorr_Up/NMinusOne/njet_ge2/n_jets in Skim_TriLep_VBFHToZZTo4L.root
2026-07-21 19:45:27,087 - INFO - [2022] MISSING_SYSTEMATIC: SR1E2Mu/BtagSF_HFcorr_Down/NMinusOne/njet_ge2/n_jets in Skim_TriLep_VBFHToZZTo4L.root
2026-07-21 19:45:27,088 - INFO - [2022] MISSING_SYSTEMATIC: SR1E2Mu/BtagSF_HFuncorr_Up/NMinusOne/njet_ge2/n_jets in Skim_TriLep_VBFHToZZTo4L.root
2026-07-21 19:45:27,088 - INFO - [2022] MISSING_SYSTEMATIC: SR1E2Mu/BtagSF_HFuncorr_Down/NMinusOne/njet_ge2/n_jets in Skim_TriLep_VBFHToZZTo4L.root
2026-07-21 19:45:27,089 - INFO - [2022] MISSING_SYSTEMATIC: SR1E2Mu/BtagSF_LFcorr_Up/NMinusOne/njet_ge2/n_jets in Skim_TriLep_VBFHToZZTo4L.root
2026-07-21 19:45:27,089 - INFO - [2022] MISSING_SYSTEMATIC: SR1E2Mu/BtagSF_LFcorr_Down/NMinusOne/njet_ge2/n_jets in Skim_TriLep_VBFHToZZTo4L.root
2026-07-21 19:45:27,089 - INFO - [2022] MISSING_SYSTEMATIC: SR1E2Mu/BtagSF_LFuncorr_Up/NMinusOne/njet_ge2/n_jets in Skim_TriLep_VBFHToZZTo4L.root
2026-07-21 19:45:27,089 - INFO - [2022] MISSING_SYSTEMATIC: SR1E2Mu/BtagSF_LFuncorr_Down/NMinusOne/njet_ge2/n_jets in Skim_TriLep_VBFHToZZTo4L.root
2026-07-21 19:45:27,090 - INFO - [2022] MISSING_SYSTEMATIC: SR1E2Mu/WZNjetsSF_Up/NMinusOne/njet_ge2/n_jets in Skim_TriLep_VBFHToZZTo4L.root
2026-07-21 19:45:27,090 - INFO - [2022] MISSING_SYSTEMATIC: SR1E2Mu/WZNjetsSF_Down/NMinusOne/njet_ge2/n_jets in Skim_TriLep_VBFHToZZTo4L.root
2026-07-21 19:45:27,091 - INFO - [2022] MISSING_SYSTEMATIC: SR1E2Mu/PileupReweight_Up/NMinusOne/njet_ge2/n_jets in Skim_TriLep_ggHToZZTo4L.root
2026-07-21 19:45:27,091 - INFO - [2022] MISSING_SYSTEMATIC: SR1E2Mu/PileupReweight_Down/NMinusOne/njet_ge2/n_jets in Skim_TriLep_ggHToZZTo4L.root
2026-07-21 19:45:27,092 - INFO - [2022] MISSING_SYSTEMATIC: SR1E2Mu/MuonIDSF_Up/NMinusOne/njet_ge2/n_jets in Skim_TriLep_ggHToZZTo4L.root
2026-07-21 19:45:27,092 - INFO - [2022] MISSING_SYSTEMATIC: SR1E2Mu/MuonIDSF_Down/NMinusOne/njet_ge2/n_jets in Skim_TriLep_ggHToZZTo4L.root
2026-07-21 19:45:27,092 - INFO - [2022] MISSING_SYSTEMATIC: SR1E2Mu/ElectronIDSF_Up/NMinusOne/njet_ge2/n_jets in Skim_TriLep_ggHToZZTo4L.root
2026-07-21 19:45:27,092 - INFO - [2022] MISSING_SYSTEMATIC: SR1E2Mu/ElectronIDSF_Down/NMinusOne/njet_ge2/n_jets in Skim_TriLep_ggHToZZTo4L.root
2026-07-21 19:45:27,093 - INFO - [2022] MISSING_SYSTEMATIC: SR1E2Mu/EMuTrigSF_Up/NMinusOne/njet_ge2/n_jets in Skim_TriLep_ggHToZZTo4L.root
2026-07-21 19:45:27,093 - INFO - [2022] MISSING_SYSTEMATIC: SR1E2Mu/EMuTrigSF_Down/NMinusOne/njet_ge2/n_jets in Skim_TriLep_ggHToZZTo4L.root
2026-07-21 19:45:27,093 - INFO - [2022] MISSING_SYSTEMATIC: SR1E2Mu/JetEn_Up/NMinusOne/njet_ge2/n_jets in Skim_TriLep_ggHToZZTo4L.root
2026-07-21 19:45:27,093 - INFO - [2022] MISSING_SYSTEMATIC: SR1E2Mu/JetEn_Down/NMinusOne/njet_ge2/n_jets in Skim_TriLep_ggHToZZTo4L.root
2026-07-21 19:45:27,094 - INFO - [2022] MISSING_SYSTEMATIC: SR1E2Mu/JetRes_Up/NMinusOne/njet_ge2/n_jets in Skim_TriLep_ggHToZZTo4L.root
2026-07-21 19:45:27,094 - INFO - [2022] MISSING_SYSTEMATIC: SR1E2Mu/JetRes_Down/NMinusOne/njet_ge2/n_jets in Skim_TriLep_ggHToZZTo4L.root
2026-07-21 19:45:27,095 - INFO - [2022] MISSING_SYSTEMATIC: SR1E2Mu/MuonEn_Up/NMinusOne/njet_ge2/n_jets in Skim_TriLep_ggHToZZTo4L.root
2026-07-21 19:45:27,095 - INFO - [2022] MISSING_SYSTEMATIC: SR1E2Mu/MuonEn_Down/NMinusOne/njet_ge2/n_jets in Skim_TriLep_ggHToZZTo4L.root
2026-07-21 19:45:27,095 - INFO - [2022] MISSING_SYSTEMATIC: SR1E2Mu/ElectronEn_Up/NMinusOne/njet_ge2/n_jets in Skim_TriLep_ggHToZZTo4L.root
2026-07-21 19:45:27,095 - INFO - [2022] MISSING_SYSTEMATIC: SR1E2Mu/ElectronEn_Down/NMinusOne/njet_ge2/n_jets in Skim_TriLep_ggHToZZTo4L.root
2026-07-21 19:45:27,096 - INFO - [2022] MISSING_SYSTEMATIC: SR1E2Mu/ElectronRes_Up/NMinusOne/njet_ge2/n_jets in Skim_TriLep_ggHToZZTo4L.root
2026-07-21 19:45:27,096 - INFO - [2022] MISSING_SYSTEMATIC: SR1E2Mu/ElectronRes_Down/NMinusOne/njet_ge2/n_jets in Skim_TriLep_ggHToZZTo4L.root
2026-07-21 19:45:27,097 - INFO - [2022] MISSING_SYSTEMATIC: SR1E2Mu/UnclusteredEn_Up/NMinusOne/njet_ge2/n_jets in Skim_TriLep_ggHToZZTo4L.root
2026-07-21 19:45:27,097 - INFO - [2022] MISSING_SYSTEMATIC: SR1E2Mu/UnclusteredEn_Down/NMinusOne/njet_ge2/n_jets in Skim_TriLep_ggHToZZTo4L.root
2026-07-21 19:45:27,097 - INFO - [2022] MISSING_SYSTEMATIC: SR1E2Mu/BtagSF_HFcorr_Up/NMinusOne/njet_ge2/n_jets in Skim_TriLep_ggHToZZTo4L.root
2026-07-21 19:45:27,097 - INFO - [2022] MISSING_SYSTEMATIC: SR1E2Mu/BtagSF_HFcorr_Down/NMinusOne/njet_ge2/n_jets in Skim_TriLep_ggHToZZTo4L.root
2026-07-21 19:45:27,098 - INFO - [2022] MISSING_SYSTEMATIC: SR1E2Mu/BtagSF_HFuncorr_Up/NMinusOne/njet_ge2/n_jets in Skim_TriLep_ggHToZZTo4L.root
2026-07-21 19:45:27,098 - INFO - [2022] MISSING_SYSTEMATIC: SR1E2Mu/BtagSF_HFuncorr_Down/NMinusOne/njet_ge2/n_jets in Skim_TriLep_ggHToZZTo4L.root
2026-07-21 19:45:27,099 - INFO - [2022] MISSING_SYSTEMATIC: SR1E2Mu/BtagSF_LFcorr_Up/NMinusOne/njet_ge2/n_jets in Skim_TriLep_ggHToZZTo4L.root
2026-07-21 19:45:27,099 - INFO - [2022] MISSING_SYSTEMATIC: SR1E2Mu/BtagSF_LFcorr_Down/NMinusOne/njet_ge2/n_jets in Skim_TriLep_ggHToZZTo4L.root
2026-07-21 19:45:27,099 - INFO - [2022] MISSING_SYSTEMATIC: SR1E2Mu/BtagSF_LFuncorr_Up/NMinusOne/njet_ge2/n_jets in Skim_TriLep_ggHToZZTo4L.root
2026-07-21 19:45:27,099 - INFO - [2022] MISSING_SYSTEMATIC: SR1E2Mu/BtagSF_LFuncorr_Down/NMinusOne/njet_ge2/n_jets in Skim_TriLep_ggHToZZTo4L.root
2026-07-21 19:45:27,100 - INFO - [2022] MISSING_SYSTEMATIC: SR1E2Mu/WZNjetsSF_Up/NMinusOne/njet_ge2/n_jets in Skim_TriLep_ggHToZZTo4L.root
2026-07-21 19:45:27,100 - INFO - [2022] MISSING_SYSTEMATIC: SR1E2Mu/WZNjetsSF_Down/NMinusOne/njet_ge2/n_jets in Skim_TriLep_ggHToZZTo4L.root
