2025-09-24 15:41:58,753 - INFO - [2016preVFP] MISSING_CENTRAL: SR3Mu/Central/jets/3/eta in Skim_TriLep_DYJets.root
2025-09-24 15:41:58,753 - INFO - [2016preVFP] MISSING_CENTRAL: SR3Mu/Central/jets/3/eta in Skim_TriLep_DYJets10to50.root
2025-09-24 15:41:58,764 - INFO - [2016preVFP] MISSING_CENTRAL: SR3Mu/Central/jets/3/eta in Skim_TriLep_WWG.root
2025-10-02 21:09:34,675 - INFO - [2016preVFP] MISSING_CENTRAL: SR3Mu/Central/jets/3/eta in Skim_TriLep_DYJets.root
2025-10-02 21:09:34,676 - INFO - [2016preVFP] MISSING_CENTRAL: SR3Mu/Central/jets/3/eta in Skim_TriLep_DYJets10to50.root
2025-10-02 21:09:34,693 - INFO - [2016preVFP] MISSING_CENTRAL: SR3Mu/Central/jets/3/eta in Skim_TriLep_WWG.root
2025-10-02 23:55:19,136 - INFO - [2016preVFP] MISSING_CENTRAL: SR3Mu/Central/jets/3/eta in Skim_TriLep_DYJets.root
2025-10-02 23:55:19,138 - INFO - [2016preVFP] MISSING_CENTRAL: SR3Mu/Central/jets/3/eta in Skim_TriLep_DYJets10to50.root
2025-10-02 23:55:19,146 - INFO - [2016preVFP] MISSING_CENTRAL: SR3Mu/Central/jets/3/eta in Skim_TriLep_WWG.root
2025-11-05 20:28:28,917 - INFO - [2016preVFP] MISSING_CENTRAL: SR3Mu/Central/jets/3/eta in Skim_TriLep_DYJets.root
2025-11-05 20:28:28,918 - INFO - [2016preVFP] MISSING_CENTRAL: SR3Mu/Central/jets/3/eta in Skim_TriLep_DYJets10to50.root
2025-11-05 20:28:28,935 - INFO - [2016preVFP] MISSING_CENTRAL: SR3Mu/Central/jets/3/eta in Skim_TriLep_WWG.root
2025-11-05 21:32:44,119 - INFO - [2016preVFP] MISSING_CENTRAL: SR3Mu/Central/jets/3/eta in Skim_TriLep_DYJets.root
2025-11-05 21:32:44,120 - INFO - [2016preVFP] MISSING_CENTRAL: SR3Mu/Central/jets/3/eta in Skim_TriLep_DYJets10to50.root
2025-11-05 21:32:44,138 - INFO - [2016preVFP] MISSING_CENTRAL: SR3Mu/Central/jets/3/eta in Skim_TriLep_WWG.root
2025-11-05 21:36:40,875 - INFO - [2016preVFP] MISSING_CENTRAL: SR3Mu/Central/jets/3/eta in Skim_TriLep_DYJets.root
2025-11-05 21:36:40,876 - INFO - [2016preVFP] MISSING_CENTRAL: SR3Mu/Central/jets/3/eta in Skim_TriLep_DYJets10to50.root
2025-11-05 21:36:40,893 - INFO - [2016preVFP] MISSING_CENTRAL: SR3Mu/Central/jets/3/eta in Skim_TriLep_WWG.root
2025-11-05 21:37:45,550 - INFO - [2016preVFP] MISSING_CENTRAL: SR3Mu/Central/jets/3/eta in Skim_TriLep_DYJets.root
2025-11-05 21:37:45,551 - INFO - [2016preVFP] MISSING_CENTRAL: SR3Mu/Central/jets/3/eta in Skim_TriLep_DYJets10to50.root
2025-11-05 21:37:45,568 - INFO - [2016preVFP] MISSING_CENTRAL: SR3Mu/Central/jets/3/eta in Skim_TriLep_WWG.root
2025-11-05 21:59:48,666 - INFO - [2016preVFP] MISSING_CENTRAL: SR3Mu/Central/jets/3/eta in Skim_TriLep_DYJets.root
2025-11-05 21:59:48,667 - INFO - [2016preVFP] MISSING_CENTRAL: SR3Mu/Central/jets/3/eta in Skim_TriLep_DYJets10to50.root
2025-11-05 21:59:48,684 - INFO - [2016preVFP] MISSING_CENTRAL: SR3Mu/Central/jets/3/eta in Skim_TriLep_WWG.root
2025-11-05 22:15:34,451 - INFO - [2016preVFP] MISSING_CENTRAL: SR3Mu/Central/jets/3/eta in Skim_TriLep_DYJets.root
2025-11-05 22:15:34,452 - INFO - [2016preVFP] MISSING_CENTRAL: SR3Mu/Central/jets/3/eta in Skim_TriLep_DYJets10to50.root
2025-11-05 22:15:34,485 - INFO - [2016preVFP] MISSING_CENTRAL: SR3Mu/Central/jets/3/eta in Skim_TriLep_WWG.root
2025-11-05 23:20:11,958 - INFO - [2016preVFP] MISSING_CENTRAL: SR3Mu/Central/jets/3/eta in Skim_TriLep_DYJets.root
2025-11-05 23:20:11,958 - INFO - [2016preVFP] MISSING_CENTRAL: SR3Mu/Central/jets/3/eta in Skim_TriLep_DYJets10to50.root
2025-11-05 23:20:11,976 - INFO - [2016preVFP] MISSING_CENTRAL: SR3Mu/Central/jets/3/eta in Skim_TriLep_WWG.root
2025-11-07 12:23:28,118 - INFO - [2016preVFP] MISSING_CENTRAL: SR3Mu/Central/jets/3/eta in Skim_TriLep_DYJets.root
2025-11-07 12:23:28,119 - INFO - [2016preVFP] MISSING_CENTRAL: SR3Mu/Central/jets/3/eta in Skim_TriLep_DYJets10to50.root
2025-11-07 12:23:28,147 - INFO - [2016preVFP] MISSING_CENTRAL: SR3Mu/Central/jets/3/eta in Skim_TriLep_WWG.root
2025-11-07 13:03:31,693 - INFO - [2016preVFP] MISSING_CENTRAL: SR3Mu/Central/jets/3/eta in Skim_TriLep_DYJets.root
2025-11-07 13:03:31,693 - INFO - [2016preVFP] MISSING_CENTRAL: SR3Mu/Central/jets/3/eta in Skim_TriLep_DYJets10to50.root
2025-11-07 13:03:31,721 - INFO - [2016preVFP] MISSING_CENTRAL: SR3Mu/Central/jets/3/eta in Skim_TriLep_WWG.root
2025-11-07 13:25:15,009 - INFO - [2016preVFP] MISSING_CENTRAL: SR3Mu/Central/jets/3/eta in Skim_TriLep_DYJets.root
2025-11-07 13:25:15,013 - INFO - [2016preVFP] MISSING_CENTRAL: SR3Mu/Central/jets/3/eta in Skim_TriLep_DYJets10to50.root
2025-11-07 13:25:15,047 - INFO - [2016preVFP] MISSING_CENTRAL: SR3Mu/Central/jets/3/eta in Skim_TriLep_WWG.root
2025-11-07 13:27:43,207 - INFO - [2016preVFP] MISSING_CENTRAL: SR3Mu/Central/jets/3/eta in Skim_TriLep_DYJets.root
2025-11-07 13:27:43,209 - INFO - [2016preVFP] MISSING_CENTRAL: SR3Mu/Central/jets/3/eta in Skim_TriLep_DYJets10to50.root
2025-11-07 13:27:43,237 - INFO - [2016preVFP] MISSING_CENTRAL: SR3Mu/Central/jets/3/eta in Skim_TriLep_WWG.root
2025-11-07 13:44:06,134 - INFO - [2016preVFP] MISSING_CENTRAL: SR3Mu/Central/jets/3/eta in Skim_TriLep_DYJets.root
2025-11-07 13:44:06,134 - INFO - [2016preVFP] MISSING_CENTRAL: SR3Mu/Central/jets/3/eta in Skim_TriLep_DYJets10to50.root
2025-11-07 13:44:06,152 - INFO - [2016preVFP] MISSING_CENTRAL: SR3Mu/Central/jets/3/eta in Skim_TriLep_WWG.root
2025-11-07 13:52:03,276 - INFO - [2016preVFP] MISSING_CENTRAL: SR3Mu/Central/jets/3/eta in Skim_TriLep_DYJets.root
2025-11-07 13:52:03,277 - INFO - [2016preVFP] MISSING_CENTRAL: SR3Mu/Central/jets/3/eta in Skim_TriLep_DYJets10to50.root
2025-11-07 13:52:03,308 - INFO - [2016preVFP] MISSING_CENTRAL: SR3Mu/Central/jets/3/eta in Skim_TriLep_WWG.root
2025-11-07 14:00:28,808 - INFO - [2016preVFP] MISSING_CENTRAL: SR3Mu/Central/jets/3/eta in Skim_TriLep_DYJets.root
2025-11-07 14:00:28,809 - INFO - [2016preVFP] MISSING_CENTRAL: SR3Mu/Central/jets/3/eta in Skim_TriLep_DYJets10to50.root
2025-11-07 14:00:28,822 - INFO - [2016preVFP] MISSING_CENTRAL: SR3Mu/Central/jets/3/eta in Skim_TriLep_WWG.root
2025-11-10 05:50:25,606 - INFO - [2016preVFP] MISSING_CENTRAL: SR3Mu/Central/jets/3/eta in Skim_TriLep_DYJets.root
2025-11-10 05:50:25,610 - INFO - [2016preVFP] MISSING_CENTRAL: SR3Mu/Central/jets/3/eta in Skim_TriLep_DYJets10to50.root
2025-11-10 05:50:25,647 - INFO - [2016preVFP] MISSING_CENTRAL: SR3Mu/Central/jets/3/eta in Skim_TriLep_WWG.root
2025-11-10 12:15:30,027 - INFO - [2016preVFP] MISSING_CENTRAL: SR3Mu/Central/jets/3/eta in Skim_TriLep_DYJets.root
2025-11-10 12:15:30,028 - INFO - [2016preVFP] MISSING_CENTRAL: SR3Mu/Central/jets/3/eta in Skim_TriLep_DYJets10to50.root
2025-11-10 12:15:30,047 - INFO - [2016preVFP] MISSING_CENTRAL: SR3Mu/Central/jets/3/eta in Skim_TriLep_WWG.root
2025-11-13 11:03:58,830 - INFO - [2016preVFP] MISSING_CENTRAL: SR3Mu/Central/jets/3/eta in Skim_TriLep_DYJets.root
2025-11-13 11:03:58,831 - INFO - [2016preVFP] MISSING_CENTRAL: SR3Mu/Central/jets/3/eta in Skim_TriLep_DYJets10to50.root
2025-11-13 11:03:58,851 - INFO - [2016preVFP] MISSING_CENTRAL: SR3Mu/Central/jets/3/eta in Skim_TriLep_WWG.root
2025-11-13 19:53:45,051 - INFO - [2016preVFP] MISSING_CENTRAL: SR3Mu/Central/jets/3/eta in Skim_TriLep_DYJets.root
2025-11-13 19:53:45,052 - INFO - [2016preVFP] MISSING_CENTRAL: SR3Mu/Central/jets/3/eta in Skim_TriLep_DYJets10to50.root
2025-11-13 19:53:45,069 - INFO - [2016preVFP] MISSING_CENTRAL: SR3Mu/Central/jets/3/eta in Skim_TriLep_WWG.root
2025-11-13 20:00:39,898 - INFO - [2016preVFP] MISSING_CENTRAL: SR3Mu/Central/jets/3/eta in Skim_TriLep_DYJets.root
2025-11-13 20:00:39,899 - INFO - [2016preVFP] MISSING_CENTRAL: SR3Mu/Central/jets/3/eta in Skim_TriLep_DYJets10to50.root
2025-11-13 20:00:39,935 - INFO - [2016preVFP] MISSING_CENTRAL: SR3Mu/Central/jets/3/eta in Skim_TriLep_WWG.root
2025-11-19 16:17:48,024 - INFO - [2016preVFP] MISSING_CENTRAL: SR3Mu/Central/jets/3/eta in Skim_TriLep_DYJets.root
2025-11-19 16:17:48,025 - INFO - [2016preVFP] MISSING_CENTRAL: SR3Mu/Central/jets/3/eta in Skim_TriLep_DYJets10to50.root
2025-11-19 16:17:48,042 - INFO - [2016preVFP] MISSING_CENTRAL: SR3Mu/Central/jets/3/eta in Skim_TriLep_WWG.root
2025-12-17 22:31:13,476 - INFO - [2016preVFP] MISSING_CENTRAL: SR3Mu/Central/jets/3/eta in Skim_TriLep_DYJets10to50.root
2025-12-17 22:31:13,476 - INFO - [2016preVFP] MISSING_FILE: /data9/Users/choij/Sync/workspace/ChargedHiggsAnalysisV3/SKNanoOutput/PromptSelector/Run3Mu_RunSyst/2016preVFP/Skim_TriLep_ZGToLLG.root
2025-12-17 22:31:13,484 - INFO - [2016preVFP] MISSING_CENTRAL: SR3Mu/Central/jets/3/eta in Skim_TriLep_WWG.root
2025-12-18 14:10:02,488 - INFO - [2016preVFP] MISSING_CENTRAL: SR3Mu/Central/jets/3/eta in Skim_TriLep_DYJets10to50.root
2025-12-18 14:10:02,489 - INFO - [2016preVFP] MISSING_FILE: /data9/Users/choij/Sync/workspace/ChargedHiggsAnalysisV3/SKNanoOutput/PromptSelector/Run3Mu_RunSyst/2016preVFP/Skim_TriLep_ZGToLLG.root
2025-12-18 14:10:02,520 - INFO - [2016preVFP] MISSING_CENTRAL: SR3Mu/Central/jets/3/eta in Skim_TriLep_WWG.root
2025-12-18 14:14:07,449 - INFO - [2016preVFP] MISSING_CENTRAL: SR3Mu/Central/jets/3/eta in Skim_TriLep_DYJets10to50.root
2025-12-18 14:14:07,449 - INFO - [2016preVFP] MISSING_FILE: /data9/Users/choij/Sync/workspace/ChargedHiggsAnalysisV3/SKNanoOutput/PromptSelector/Run3Mu_RunSyst/2016preVFP/Skim_TriLep_ZGToLLG.root
2025-12-18 14:14:07,485 - INFO - [2016preVFP] MISSING_CENTRAL: SR3Mu/Central/jets/3/eta in Skim_TriLep_WWG.root
2025-12-18 14:29:39,269 - INFO - [2016preVFP] MISSING_CENTRAL: SR3Mu/Central/jets/3/eta in Skim_TriLep_DYJets10to50.root
2025-12-18 14:29:39,269 - INFO - [2016preVFP] MISSING_FILE: /data9/Users/choij/Sync/workspace/ChargedHiggsAnalysisV3/SKNanoOutput/PromptSelector/Run3Mu_RunSyst/2016preVFP/Skim_TriLep_ZGToLLG.root
2025-12-18 14:29:39,294 - INFO - [2016preVFP] MISSING_CENTRAL: SR3Mu/Central/jets/3/eta in Skim_TriLep_WWG.root
2026-01-07 11:39:52,021 - INFO - [2016preVFP] MISSING_CENTRAL: SR3Mu/Central/jets/3/eta in Skim_TriLep_DYJets10to50.root
2026-01-07 11:39:52,021 - INFO - [2016preVFP] MISSING_FILE: /data9/Users/choij/Sync/workspace/ChargedHiggsAnalysisV3/SKNanoOutput/PromptSelector/Run3Mu_RunSyst/2016preVFP/Skim_TriLep_ZGToLLG.root
2026-01-07 11:39:52,029 - INFO - [2016preVFP] MISSING_CENTRAL: SR3Mu/Central/jets/3/eta in Skim_TriLep_WWG.root
2026-01-07 18:37:17,537 - INFO - [2016preVFP] MISSING_CENTRAL: SR3Mu/Central/jets/3/eta in Skim_TriLep_DYJets10to50.root
2026-01-07 18:37:17,538 - INFO - [2016preVFP] MISSING_FILE: /data9/Users/choij/Sync/workspace/ChargedHiggsAnalysisV3/SKNanoOutput/PromptSelector/Run3Mu_RunSyst/2016preVFP/Skim_TriLep_ZGToLLG.root
2026-01-07 18:37:17,550 - INFO - [2016preVFP] MISSING_CENTRAL: SR3Mu/Central/jets/3/eta in Skim_TriLep_WWG.root
2026-01-07 19:26:51,215 - INFO - [2016preVFP] MISSING_CENTRAL: SR3Mu/Central/jets/3/eta in Skim_TriLep_DYJets10to50.root
2026-01-07 19:26:51,215 - INFO - [2016preVFP] MISSING_FILE: /data9/Users/choij/Sync/workspace/ChargedHiggsAnalysisV3/SKNanoOutput/PromptSelector/Run3Mu_RunSyst/2016preVFP/Skim_TriLep_ZGToLLG.root
2026-01-07 19:26:51,229 - INFO - [2016preVFP] MISSING_CENTRAL: SR3Mu/Central/jets/3/eta in Skim_TriLep_WWG.root
2026-01-09 12:10:26,936 - INFO - [2016preVFP] MISSING_CENTRAL: SR3Mu/Central/jets/3/eta in Skim_TriLep_DYJets10to50.root
2026-01-09 12:10:26,937 - INFO - [2016preVFP] MISSING_FILE: /home/choij/Sync/workspace/ChargedHiggsAnalysisV3/SKNanoOutput/PromptSelector/Run3Mu_RunSyst/2016preVFP/Skim_TriLep_ZGToLLG.root
2026-01-09 12:10:26,945 - INFO - [2016preVFP] MISSING_CENTRAL: SR3Mu/Central/jets/3/eta in Skim_TriLep_WWG.root
2026-01-11 09:30:31,392 - INFO - [2016preVFP] MISSING_CENTRAL: SR3Mu/Central/jets/3/eta in Skim_TriLep_DYJets10to50.root
2026-01-11 09:30:31,397 - INFO - [2016preVFP] MISSING_FILE: /home/choij/Sync/workspace/ChargedHiggsAnalysisV3/SKNanoOutput/PromptSelector/Run3Mu_RunSyst/2016preVFP/Skim_TriLep_ZGToLLG.root
2026-01-11 09:30:31,415 - INFO - [2016preVFP] MISSING_CENTRAL: SR3Mu/Central/jets/3/eta in Skim_TriLep_WWG.root
2026-01-12 13:39:02,426 - INFO - [2016preVFP] MISSING_FILE: /home/choij/Sync/workspace/ChargedHiggsAnalysisV3/SKNanoOutput/MatrixSelector/Run3Mu/2016preVFP/Skim_TriLep_DoubleMuon_B.root
2026-01-12 13:39:02,429 - INFO - [2016preVFP] MISSING_FILE: /home/choij/Sync/workspace/ChargedHiggsAnalysisV3/SKNanoOutput/MatrixSelector/Run3Mu/2016preVFP/Skim_TriLep_DoubleMuon_C.root
2026-01-12 13:39:02,429 - INFO - [2016preVFP] MISSING_FILE: /home/choij/Sync/workspace/ChargedHiggsAnalysisV3/SKNanoOutput/MatrixSelector/Run3Mu/2016preVFP/Skim_TriLep_DoubleMuon_D.root
2026-01-12 13:39:02,429 - INFO - [2016preVFP] MISSING_FILE: /home/choij/Sync/workspace/ChargedHiggsAnalysisV3/SKNanoOutput/MatrixSelector/Run3Mu/2016preVFP/Skim_TriLep_DoubleMuon_E.root
2026-01-12 13:39:02,429 - INFO - [2016preVFP] MISSING_FILE: /home/choij/Sync/workspace/ChargedHiggsAnalysisV3/SKNanoOutput/MatrixSelector/Run3Mu/2016preVFP/Skim_TriLep_DoubleMuon_F.root
2026-01-12 13:39:02,464 - INFO - [2016preVFP] MISSING_CENTRAL: SR3Mu/Central/jets/3/eta in Skim_TriLep_DYJets10to50.root
2026-01-12 13:39:02,464 - INFO - [2016preVFP] MISSING_FILE: /home/choij/Sync/workspace/ChargedHiggsAnalysisV3/SKNanoOutput/PromptSelector/Run3Mu_RunSyst/2016preVFP/Skim_TriLep_ZGToLLG.root
2026-01-12 13:39:02,471 - INFO - [2016preVFP] MISSING_CENTRAL: SR3Mu/Central/jets/3/eta in Skim_TriLep_WWG.root
2026-01-16 18:54:28,556 - INFO - [2016preVFP] MISSING_CENTRAL: SR3Mu/Central/jets/3/eta in Skim_TriLep_DYJets10to50.root
2026-01-16 18:54:28,556 - INFO - [2016preVFP] MISSING_FILE: /home/choij/Sync/workspace/ChargedHiggsAnalysisV3/SKNanoOutput/PromptSelector/Run3Mu_RunSyst/2016preVFP/Skim_TriLep_ZGToLLG.root
2026-01-16 18:54:28,564 - INFO - [2016preVFP] MISSING_CENTRAL: SR3Mu/Central/jets/3/eta in Skim_TriLep_WWG.root
2026-01-28 16:05:00,221 - INFO - [2016preVFP] MISSING_CENTRAL: SR3Mu/Central/jets/3/eta in Skim_TriLep_DYJets10to50.root
2026-01-28 16:05:00,229 - INFO - [2016preVFP] MISSING_CENTRAL: SR3Mu/Central/jets/3/eta in Skim_TriLep_WWG.root
2026-01-28 17:15:44,263 - INFO - [2016preVFP] MISSING_CENTRAL: SR3Mu/Central/jets/3/eta in Skim_TriLep_DYJets10to50.root
2026-01-28 17:15:44,271 - INFO - [2016preVFP] MISSING_CENTRAL: SR3Mu/Central/jets/3/eta in Skim_TriLep_WWG.root
2026-01-28 19:49:26,146 - INFO - [2016preVFP] MISSING_CENTRAL: SR3Mu/Central/jets/3/eta in Skim_TriLep_DYJets10to50.root
2026-01-28 19:49:26,154 - INFO - [2016preVFP] MISSING_CENTRAL: SR3Mu/Central/jets/3/eta in Skim_TriLep_WWG.root
2026-01-29 07:07:00,756 - INFO - [2016preVFP] MISSING_CENTRAL: SR3Mu/Central/jets/3/eta in Skim_TriLep_DYJets10to50.root
2026-01-29 07:07:00,764 - INFO - [2016preVFP] MISSING_CENTRAL: SR3Mu/Central/jets/3/eta in Skim_TriLep_WWG.root
2026-03-06 09:36:28,448 - INFO - [2016preVFP] MISSING_CENTRAL: SR3Mu/Central/jets/3/eta in Skim_TriLep_DYJets10to50.root
2026-03-06 09:36:28,456 - INFO - [2016preVFP] MISSING_CENTRAL: SR3Mu/Central/jets/3/eta in Skim_TriLep_WWG.root
2026-03-06 19:42:20,518 - INFO - [2016preVFP] MISSING_CENTRAL: SR3Mu/Central/jets/3/eta in Skim_TriLep_DYJets10to50.root
2026-03-06 19:42:20,526 - INFO - [2016preVFP] MISSING_CENTRAL: SR3Mu/Central/jets/3/eta in Skim_TriLep_WWG.root
2026-04-10 20:16:49,511 - INFO - [2016preVFP] MISSING_CENTRAL: SR3Mu/Central/jets/3/eta in Skim_TriLep_DYJets10to50.root
2026-04-10 20:16:49,516 - INFO - [2016preVFP] MISSING_CENTRAL: SR3Mu/Central/jets/3/eta in Skim_TriLep_WWG.root
2026-04-12 11:31:44,366 - INFO - [2016preVFP] MISSING_CENTRAL: SR3Mu/Central/jets/3/eta in Skim_TriLep_DYJets10to50.root
2026-04-12 11:31:44,374 - INFO - [2016preVFP] MISSING_CENTRAL: SR3Mu/Central/jets/3/eta in Skim_TriLep_WWG.root
2026-04-12 12:14:05,029 - INFO - [2016preVFP] MISSING_CENTRAL: SR3Mu/Central/jets/3/eta in Skim_TriLep_DYJets10to50.root
2026-04-12 12:14:05,036 - INFO - [2016preVFP] MISSING_CENTRAL: SR3Mu/Central/jets/3/eta in Skim_TriLep_WWG.root
2026-04-12 12:33:43,753 - INFO - [2016preVFP] MISSING_CENTRAL: SR3Mu/Central/jets/3/eta in Skim_TriLep_DYJets10to50.root
2026-04-12 12:33:43,761 - INFO - [2016preVFP] MISSING_CENTRAL: SR3Mu/Central/jets/3/eta in Skim_TriLep_WWG.root
2026-04-12 20:41:44,718 - INFO - [2016preVFP] MISSING_CENTRAL: SR3Mu/Central/jets/3/eta in Skim_TriLep_DYJets10to50.root
2026-04-12 20:41:44,725 - INFO - [2016preVFP] MISSING_CENTRAL: SR3Mu/Central/jets/3/eta in Skim_TriLep_WWG.root
2026-04-12 21:13:22,689 - INFO - [2016preVFP] MISSING_CENTRAL: SR3Mu/Central/jets/3/eta in Skim_TriLep_DYJets10to50.root
2026-04-12 21:13:22,696 - INFO - [2016preVFP] MISSING_CENTRAL: SR3Mu/Central/jets/3/eta in Skim_TriLep_WWG.root
2026-04-13 12:50:51,646 - INFO - [2016preVFP] MISSING_CENTRAL: SR3Mu/Central/jets/3/eta in Skim_TriLep_DYJets10to50.root
2026-04-13 12:50:51,652 - INFO - [2016preVFP] MISSING_CENTRAL: SR3Mu/Central/jets/3/eta in Skim_TriLep_WWG.root
2026-04-16 17:28:21,025 - INFO - [2016preVFP] MISSING_CENTRAL: SR3Mu/Central/jets/3/eta in Skim_TriLep_DYJets10to50.root
2026-04-16 17:28:21,032 - INFO - [2016preVFP] MISSING_CENTRAL: SR3Mu/Central/jets/3/eta in Skim_TriLep_WWG.root
2026-04-16 17:33:20,634 - INFO - [2016preVFP] MISSING_CENTRAL: SR3Mu/Central/jets/3/eta in Skim_TriLep_DYJets10to50.root
2026-04-16 17:33:20,641 - INFO - [2016preVFP] MISSING_CENTRAL: SR3Mu/Central/jets/3/eta in Skim_TriLep_WWG.root
2026-04-28 15:08:58,257 - INFO - [2016preVFP] MISSING_CENTRAL: SR3Mu/Central/jets/3/eta in Skim_TriLep_DYJets10to50.root
2026-04-28 15:08:58,264 - INFO - [2016preVFP] MISSING_CENTRAL: SR3Mu/Central/jets/3/eta in Skim_TriLep_WWG.root
2026-04-28 15:13:58,165 - INFO - [2016preVFP] MISSING_CENTRAL: SR3Mu/Central/jets/3/eta in Skim_TriLep_DYJets10to50.root
2026-04-28 15:13:58,172 - INFO - [2016preVFP] MISSING_CENTRAL: SR3Mu/Central/jets/3/eta in Skim_TriLep_WWG.root
2026-05-04 16:58:25,630 - INFO - [2016preVFP] MISSING_CENTRAL: SR3Mu/Central/jets/3/eta in Skim_TriLep_DYJets10to50.root
2026-05-04 16:58:25,637 - INFO - [2016preVFP] MISSING_CENTRAL: SR3Mu/Central/jets/3/eta in Skim_TriLep_WWG.root
2026-05-04 17:03:08,579 - INFO - [2016preVFP] MISSING_CENTRAL: SR3Mu/Central/jets/3/eta in Skim_TriLep_DYJets10to50.root
2026-05-04 17:03:08,586 - INFO - [2016preVFP] MISSING_CENTRAL: SR3Mu/Central/jets/3/eta in Skim_TriLep_WWG.root
