2025-09-24 15:42:10,952 - INFO - [2016preVFP] MISSING_CENTRAL: SR3Mu/Central/METv/py in Skim_TriLep_DYJets10to50.root
2025-09-24 15:42:10,983 - INFO - [2016preVFP] MISSING_CENTRAL: SR3Mu/Central/METv/py in Skim_TriLep_WWG.root
2025-10-02 21:09:43,442 - INFO - [2016preVFP] MISSING_CENTRAL: SR3Mu/Central/METv/py in Skim_TriLep_DYJets10to50.root
2025-10-02 21:09:43,491 - INFO - [2016preVFP] MISSING_CENTRAL: SR3Mu/Central/METv/py in Skim_TriLep_WWG.root
2025-10-02 23:55:31,400 - INFO - [2016preVFP] MISSING_CENTRAL: SR3Mu/Central/METv/py in Skim_TriLep_DYJets10to50.root
2025-10-02 23:55:31,454 - INFO - [2016preVFP] MISSING_CENTRAL: SR3Mu/Central/METv/py in Skim_TriLep_WWG.root
2025-11-05 21:32:50,338 - INFO - [2016preVFP] MISSING_CENTRAL: SR3Mu/Central/METv/py in Skim_TriLep_DYJets.root
2025-11-05 21:32:50,339 - INFO - [2016preVFP] MISSING_CENTRAL: SR3Mu/Central/METv/py in Skim_TriLep_DYJets10to50.root
2025-11-05 21:32:50,373 - INFO - [2016preVFP] MISSING_CENTRAL: SR3Mu/Central/METv/py in Skim_TriLep_WWG.root
2025-11-05 21:36:46,921 - INFO - [2016preVFP] MISSING_CENTRAL: SR3Mu/Central/METv/py in Skim_TriLep_DYJets.root
2025-11-05 21:36:46,922 - INFO - [2016preVFP] MISSING_CENTRAL: SR3Mu/Central/METv/py in Skim_TriLep_DYJets10to50.root
2025-11-05 21:36:46,955 - INFO - [2016preVFP] MISSING_CENTRAL: SR3Mu/Central/METv/py in Skim_TriLep_WWG.root
2025-11-05 21:37:51,967 - INFO - [2016preVFP] MISSING_CENTRAL: SR3Mu/Central/METv/py in Skim_TriLep_DYJets.root
2025-11-05 21:37:51,967 - INFO - [2016preVFP] MISSING_CENTRAL: SR3Mu/Central/METv/py in Skim_TriLep_DYJets10to50.root
2025-11-05 21:37:52,032 - INFO - [2016preVFP] MISSING_CENTRAL: SR3Mu/Central/METv/py in Skim_TriLep_WWG.root
2025-11-05 21:59:54,885 - INFO - [2016preVFP] MISSING_CENTRAL: SR3Mu/Central/METv/py in Skim_TriLep_DYJets.root
2025-11-05 21:59:54,886 - INFO - [2016preVFP] MISSING_CENTRAL: SR3Mu/Central/METv/py in Skim_TriLep_DYJets10to50.root
2025-11-05 21:59:54,918 - INFO - [2016preVFP] MISSING_CENTRAL: SR3Mu/Central/METv/py in Skim_TriLep_WWG.root
2025-11-05 22:15:38,542 - INFO - [2016preVFP] MISSING_CENTRAL: SR3Mu/Central/METv/py in Skim_TriLep_DYJets.root
2025-11-05 22:15:38,542 - INFO - [2016preVFP] MISSING_CENTRAL: SR3Mu/Central/METv/py in Skim_TriLep_DYJets10to50.root
2025-11-05 22:15:38,578 - INFO - [2016preVFP] MISSING_CENTRAL: SR3Mu/Central/METv/py in Skim_TriLep_WWG.root
2025-11-05 23:20:15,658 - INFO - [2016preVFP] MISSING_CENTRAL: SR3Mu/Central/METv/py in Skim_TriLep_DYJets.root
2025-11-05 23:20:15,658 - INFO - [2016preVFP] MISSING_CENTRAL: SR3Mu/Central/METv/py in Skim_TriLep_DYJets10to50.root
2025-11-05 23:20:15,690 - INFO - [2016preVFP] MISSING_CENTRAL: SR3Mu/Central/METv/py in Skim_TriLep_WWG.root
2025-11-07 12:23:31,390 - INFO - [2016preVFP] MISSING_CENTRAL: SR3Mu/Central/METv/py in Skim_TriLep_DYJets.root
2025-11-07 12:23:31,391 - INFO - [2016preVFP] MISSING_CENTRAL: SR3Mu/Central/METv/py in Skim_TriLep_DYJets10to50.root
2025-11-07 12:23:31,423 - INFO - [2016preVFP] MISSING_CENTRAL: SR3Mu/Central/METv/py in Skim_TriLep_WWG.root
2025-11-07 13:03:35,473 - INFO - [2016preVFP] MISSING_CENTRAL: SR3Mu/Central/METv/py in Skim_TriLep_DYJets.root
2025-11-07 13:03:35,483 - INFO - [2016preVFP] MISSING_CENTRAL: SR3Mu/Central/METv/py in Skim_TriLep_DYJets10to50.root
2025-11-07 13:03:35,529 - INFO - [2016preVFP] MISSING_CENTRAL: SR3Mu/Central/METv/py in Skim_TriLep_WWG.root
2025-11-07 13:25:18,864 - INFO - [2016preVFP] MISSING_CENTRAL: SR3Mu/Central/METv/py in Skim_TriLep_DYJets.root
2025-11-07 13:25:18,867 - INFO - [2016preVFP] MISSING_CENTRAL: SR3Mu/Central/METv/py in Skim_TriLep_DYJets10to50.root
2025-11-07 13:25:18,903 - INFO - [2016preVFP] MISSING_CENTRAL: SR3Mu/Central/METv/py in Skim_TriLep_WWG.root
2025-11-07 13:27:46,976 - INFO - [2016preVFP] MISSING_CENTRAL: SR3Mu/Central/METv/py in Skim_TriLep_DYJets.root
2025-11-07 13:27:46,977 - INFO - [2016preVFP] MISSING_CENTRAL: SR3Mu/Central/METv/py in Skim_TriLep_DYJets10to50.root
2025-11-07 13:27:47,010 - INFO - [2016preVFP] MISSING_CENTRAL: SR3Mu/Central/METv/py in Skim_TriLep_WWG.root
2025-11-07 13:44:09,962 - INFO - [2016preVFP] MISSING_CENTRAL: SR3Mu/Central/METv/py in Skim_TriLep_DYJets.root
2025-11-07 13:44:09,962 - INFO - [2016preVFP] MISSING_CENTRAL: SR3Mu/Central/METv/py in Skim_TriLep_DYJets10to50.root
2025-11-07 13:44:10,035 - INFO - [2016preVFP] MISSING_CENTRAL: SR3Mu/Central/METv/py in Skim_TriLep_WWG.root
2025-11-07 13:52:06,833 - INFO - [2016preVFP] MISSING_CENTRAL: SR3Mu/Central/METv/py in Skim_TriLep_DYJets.root
2025-11-07 13:52:06,833 - INFO - [2016preVFP] MISSING_CENTRAL: SR3Mu/Central/METv/py in Skim_TriLep_DYJets10to50.root
2025-11-07 13:52:06,866 - INFO - [2016preVFP] MISSING_CENTRAL: SR3Mu/Central/METv/py in Skim_TriLep_WWG.root
2025-11-07 14:00:32,559 - INFO - [2016preVFP] MISSING_CENTRAL: SR3Mu/Central/METv/py in Skim_TriLep_DYJets.root
2025-11-07 14:00:32,559 - INFO - [2016preVFP] MISSING_CENTRAL: SR3Mu/Central/METv/py in Skim_TriLep_DYJets10to50.root
2025-11-07 14:00:32,613 - INFO - [2016preVFP] MISSING_CENTRAL: SR3Mu/Central/METv/py in Skim_TriLep_WWG.root
2025-11-10 05:50:30,435 - INFO - [2016preVFP] MISSING_CENTRAL: SR3Mu/Central/METv/py in Skim_TriLep_DYJets.root
2025-11-10 05:50:30,437 - INFO - [2016preVFP] MISSING_CENTRAL: SR3Mu/Central/METv/py in Skim_TriLep_DYJets10to50.root
2025-11-10 05:50:30,503 - INFO - [2016preVFP] MISSING_CENTRAL: SR3Mu/Central/METv/py in Skim_TriLep_WWG.root
2025-11-10 12:15:33,435 - INFO - [2016preVFP] MISSING_CENTRAL: SR3Mu/Central/METv/py in Skim_TriLep_DYJets.root
2025-11-10 12:15:33,436 - INFO - [2016preVFP] MISSING_CENTRAL: SR3Mu/Central/METv/py in Skim_TriLep_DYJets10to50.root
2025-11-10 12:15:33,469 - INFO - [2016preVFP] MISSING_CENTRAL: SR3Mu/Central/METv/py in Skim_TriLep_WWG.root
2025-11-13 11:04:07,348 - INFO - [2016preVFP] MISSING_CENTRAL: SR3Mu/Central/METv/py in Skim_TriLep_DYJets.root
2025-11-13 11:04:07,349 - INFO - [2016preVFP] MISSING_CENTRAL: SR3Mu/Central/METv/py in Skim_TriLep_DYJets10to50.root
2025-11-13 11:04:07,401 - INFO - [2016preVFP] MISSING_CENTRAL: SR3Mu/Central/METv/py in Skim_TriLep_WWG.root
2025-11-13 19:53:49,575 - INFO - [2016preVFP] MISSING_CENTRAL: SR3Mu/Central/METv/py in Skim_TriLep_DYJets.root
2025-11-13 19:53:49,576 - INFO - [2016preVFP] MISSING_CENTRAL: SR3Mu/Central/METv/py in Skim_TriLep_DYJets10to50.root
2025-11-13 19:53:49,635 - INFO - [2016preVFP] MISSING_CENTRAL: SR3Mu/Central/METv/py in Skim_TriLep_WWG.root
2025-11-13 20:00:44,139 - INFO - [2016preVFP] MISSING_CENTRAL: SR3Mu/Central/METv/py in Skim_TriLep_DYJets.root
2025-11-13 20:00:44,145 - INFO - [2016preVFP] MISSING_CENTRAL: SR3Mu/Central/METv/py in Skim_TriLep_DYJets10to50.root
2025-11-13 20:00:44,191 - INFO - [2016preVFP] MISSING_CENTRAL: SR3Mu/Central/METv/py in Skim_TriLep_WWG.root
2025-11-19 16:17:52,444 - INFO - [2016preVFP] MISSING_CENTRAL: SR3Mu/Central/METv/py in Skim_TriLep_DYJets.root
2025-11-19 16:17:52,444 - INFO - [2016preVFP] MISSING_CENTRAL: SR3Mu/Central/METv/py in Skim_TriLep_DYJets10to50.root
2025-11-19 16:17:52,478 - INFO - [2016preVFP] MISSING_CENTRAL: SR3Mu/Central/METv/py in Skim_TriLep_WWG.root
2025-12-17 22:31:22,492 - INFO - [2016preVFP] MISSING_CENTRAL: SR3Mu/Central/METv/py in Skim_TriLep_DYJets10to50.root
2025-12-17 22:31:22,495 - INFO - [2016preVFP] MISSING_FILE: /data9/Users/choij/Sync/workspace/ChargedHiggsAnalysisV3/SKNanoOutput/PromptSelector/Run3Mu_RunSyst/2016preVFP/Skim_TriLep_ZGToLLG.root
2025-12-17 22:31:22,565 - INFO - [2016preVFP] MISSING_CENTRAL: SR3Mu/Central/METv/py in Skim_TriLep_WWG.root
2025-12-18 14:10:06,371 - INFO - [2016preVFP] MISSING_CENTRAL: SR3Mu/Central/METv/py in Skim_TriLep_DYJets10to50.root
2025-12-18 14:10:06,372 - INFO - [2016preVFP] MISSING_FILE: /data9/Users/choij/Sync/workspace/ChargedHiggsAnalysisV3/SKNanoOutput/PromptSelector/Run3Mu_RunSyst/2016preVFP/Skim_TriLep_ZGToLLG.root
2025-12-18 14:10:06,436 - INFO - [2016preVFP] MISSING_CENTRAL: SR3Mu/Central/METv/py in Skim_TriLep_WWG.root
2025-12-18 14:14:11,074 - INFO - [2016preVFP] MISSING_CENTRAL: SR3Mu/Central/METv/py in Skim_TriLep_DYJets10to50.root
2025-12-18 14:14:11,075 - INFO - [2016preVFP] MISSING_FILE: /data9/Users/choij/Sync/workspace/ChargedHiggsAnalysisV3/SKNanoOutput/PromptSelector/Run3Mu_RunSyst/2016preVFP/Skim_TriLep_ZGToLLG.root
2025-12-18 14:14:11,103 - INFO - [2016preVFP] MISSING_CENTRAL: SR3Mu/Central/METv/py in Skim_TriLep_WWG.root
2025-12-18 14:29:42,206 - INFO - [2016preVFP] MISSING_CENTRAL: SR3Mu/Central/METv/py in Skim_TriLep_DYJets10to50.root
2025-12-18 14:29:42,207 - INFO - [2016preVFP] MISSING_FILE: /data9/Users/choij/Sync/workspace/ChargedHiggsAnalysisV3/SKNanoOutput/PromptSelector/Run3Mu_RunSyst/2016preVFP/Skim_TriLep_ZGToLLG.root
2025-12-18 14:29:42,238 - INFO - [2016preVFP] MISSING_CENTRAL: SR3Mu/Central/METv/py in Skim_TriLep_WWG.root
2026-01-07 11:40:00,560 - INFO - [2016preVFP] MISSING_CENTRAL: SR3Mu/Central/METv/py in Skim_TriLep_DYJets10to50.root
2026-01-07 11:40:00,560 - INFO - [2016preVFP] MISSING_FILE: /data9/Users/choij/Sync/workspace/ChargedHiggsAnalysisV3/SKNanoOutput/PromptSelector/Run3Mu_RunSyst/2016preVFP/Skim_TriLep_ZGToLLG.root
2026-01-07 11:40:00,587 - INFO - [2016preVFP] MISSING_CENTRAL: SR3Mu/Central/METv/py in Skim_TriLep_WWG.root
2026-01-07 18:37:19,961 - INFO - [2016preVFP] MISSING_CENTRAL: SR3Mu/Central/METv/py in Skim_TriLep_DYJets10to50.root
2026-01-07 18:37:19,961 - INFO - [2016preVFP] MISSING_FILE: /data9/Users/choij/Sync/workspace/ChargedHiggsAnalysisV3/SKNanoOutput/PromptSelector/Run3Mu_RunSyst/2016preVFP/Skim_TriLep_ZGToLLG.root
2026-01-07 18:37:20,013 - INFO - [2016preVFP] MISSING_CENTRAL: SR3Mu/Central/METv/py in Skim_TriLep_WWG.root
2026-01-07 19:26:53,717 - INFO - [2016preVFP] MISSING_CENTRAL: SR3Mu/Central/METv/py in Skim_TriLep_DYJets10to50.root
2026-01-07 19:26:53,718 - INFO - [2016preVFP] MISSING_FILE: /data9/Users/choij/Sync/workspace/ChargedHiggsAnalysisV3/SKNanoOutput/PromptSelector/Run3Mu_RunSyst/2016preVFP/Skim_TriLep_ZGToLLG.root
2026-01-07 19:26:53,741 - INFO - [2016preVFP] MISSING_CENTRAL: SR3Mu/Central/METv/py in Skim_TriLep_WWG.root
2026-01-09 12:10:31,312 - INFO - [2016preVFP] MISSING_CENTRAL: SR3Mu/Central/METv/py in Skim_TriLep_DYJets10to50.root
2026-01-09 12:10:31,313 - INFO - [2016preVFP] MISSING_FILE: /home/choij/Sync/workspace/ChargedHiggsAnalysisV3/SKNanoOutput/PromptSelector/Run3Mu_RunSyst/2016preVFP/Skim_TriLep_ZGToLLG.root
2026-01-09 12:10:31,328 - INFO - [2016preVFP] MISSING_CENTRAL: SR3Mu/Central/METv/py in Skim_TriLep_WWG.root
2026-01-11 09:30:35,560 - INFO - [2016preVFP] MISSING_CENTRAL: SR3Mu/Central/METv/py in Skim_TriLep_DYJets10to50.root
2026-01-11 09:30:35,561 - INFO - [2016preVFP] MISSING_FILE: /home/choij/Sync/workspace/ChargedHiggsAnalysisV3/SKNanoOutput/PromptSelector/Run3Mu_RunSyst/2016preVFP/Skim_TriLep_ZGToLLG.root
2026-01-11 09:30:35,576 - INFO - [2016preVFP] MISSING_CENTRAL: SR3Mu/Central/METv/py in Skim_TriLep_WWG.root
2026-01-12 13:39:06,780 - INFO - [2016preVFP] MISSING_FILE: /home/choij/Sync/workspace/ChargedHiggsAnalysisV3/SKNanoOutput/MatrixSelector/Run3Mu/2016preVFP/Skim_TriLep_DoubleMuon_B.root
2026-01-12 13:39:06,780 - INFO - [2016preVFP] MISSING_FILE: /home/choij/Sync/workspace/ChargedHiggsAnalysisV3/SKNanoOutput/MatrixSelector/Run3Mu/2016preVFP/Skim_TriLep_DoubleMuon_C.root
2026-01-12 13:39:06,780 - INFO - [2016preVFP] MISSING_FILE: /home/choij/Sync/workspace/ChargedHiggsAnalysisV3/SKNanoOutput/MatrixSelector/Run3Mu/2016preVFP/Skim_TriLep_DoubleMuon_D.root
2026-01-12 13:39:06,781 - INFO - [2016preVFP] MISSING_FILE: /home/choij/Sync/workspace/ChargedHiggsAnalysisV3/SKNanoOutput/MatrixSelector/Run3Mu/2016preVFP/Skim_TriLep_DoubleMuon_E.root
2026-01-12 13:39:06,781 - INFO - [2016preVFP] MISSING_FILE: /home/choij/Sync/workspace/ChargedHiggsAnalysisV3/SKNanoOutput/MatrixSelector/Run3Mu/2016preVFP/Skim_TriLep_DoubleMuon_F.root
2026-01-12 13:39:06,813 - INFO - [2016preVFP] MISSING_CENTRAL: SR3Mu/Central/METv/py in Skim_TriLep_DYJets10to50.root
2026-01-12 13:39:06,813 - INFO - [2016preVFP] MISSING_FILE: /home/choij/Sync/workspace/ChargedHiggsAnalysisV3/SKNanoOutput/PromptSelector/Run3Mu_RunSyst/2016preVFP/Skim_TriLep_ZGToLLG.root
2026-01-12 13:39:06,829 - INFO - [2016preVFP] MISSING_CENTRAL: SR3Mu/Central/METv/py in Skim_TriLep_WWG.root
2026-01-16 18:54:34,572 - INFO - [2016preVFP] MISSING_CENTRAL: SR3Mu/Central/METv/py in Skim_TriLep_DYJets10to50.root
2026-01-16 18:54:34,573 - INFO - [2016preVFP] MISSING_FILE: /home/choij/Sync/workspace/ChargedHiggsAnalysisV3/SKNanoOutput/PromptSelector/Run3Mu_RunSyst/2016preVFP/Skim_TriLep_ZGToLLG.root
2026-01-16 18:54:34,588 - INFO - [2016preVFP] MISSING_CENTRAL: SR3Mu/Central/METv/py in Skim_TriLep_WWG.root
2026-01-28 16:05:06,535 - INFO - [2016preVFP] MISSING_CENTRAL: SR3Mu/Central/METv/py in Skim_TriLep_DYJets10to50.root
2026-01-28 16:05:06,560 - INFO - [2016preVFP] MISSING_CENTRAL: SR3Mu/Central/METv/py in Skim_TriLep_WWG.root
2026-01-28 17:15:50,850 - INFO - [2016preVFP] MISSING_CENTRAL: SR3Mu/Central/METv/py in Skim_TriLep_DYJets10to50.root
2026-01-28 17:15:50,874 - INFO - [2016preVFP] MISSING_CENTRAL: SR3Mu/Central/METv/py in Skim_TriLep_WWG.root
2026-01-28 19:49:32,300 - INFO - [2016preVFP] MISSING_CENTRAL: SR3Mu/Central/METv/py in Skim_TriLep_DYJets10to50.root
2026-01-28 19:49:32,325 - INFO - [2016preVFP] MISSING_CENTRAL: SR3Mu/Central/METv/py in Skim_TriLep_WWG.root
2026-01-29 07:07:06,630 - INFO - [2016preVFP] MISSING_CENTRAL: SR3Mu/Central/METv/py in Skim_TriLep_DYJets10to50.root
2026-01-29 07:07:06,645 - INFO - [2016preVFP] MISSING_CENTRAL: SR3Mu/Central/METv/py in Skim_TriLep_WWG.root
2026-03-06 09:36:34,227 - INFO - [2016preVFP] MISSING_CENTRAL: SR3Mu/Central/METv/py in Skim_TriLep_DYJets10to50.root
2026-03-06 09:36:34,242 - INFO - [2016preVFP] MISSING_CENTRAL: SR3Mu/Central/METv/py in Skim_TriLep_WWG.root
2026-03-06 19:42:26,220 - INFO - [2016preVFP] MISSING_CENTRAL: SR3Mu/Central/METv/py in Skim_TriLep_DYJets10to50.root
2026-03-06 19:42:26,235 - INFO - [2016preVFP] MISSING_CENTRAL: SR3Mu/Central/METv/py in Skim_TriLep_WWG.root
2026-04-10 20:16:55,066 - INFO - [2016preVFP] MISSING_CENTRAL: SR3Mu/Central/METv/py in Skim_TriLep_DYJets10to50.root
2026-04-10 20:16:55,081 - INFO - [2016preVFP] MISSING_CENTRAL: SR3Mu/Central/METv/py in Skim_TriLep_WWG.root
2026-04-12 11:31:50,655 - INFO - [2016preVFP] MISSING_CENTRAL: SR3Mu/Central/METv/py in Skim_TriLep_DYJets10to50.root
2026-04-12 11:31:50,669 - INFO - [2016preVFP] MISSING_CENTRAL: SR3Mu/Central/METv/py in Skim_TriLep_WWG.root
2026-04-12 12:14:10,582 - INFO - [2016preVFP] MISSING_CENTRAL: SR3Mu/Central/METv/py in Skim_TriLep_DYJets10to50.root
2026-04-12 12:14:10,599 - INFO - [2016preVFP] MISSING_CENTRAL: SR3Mu/Central/METv/py in Skim_TriLep_WWG.root
2026-04-12 12:33:49,139 - INFO - [2016preVFP] MISSING_CENTRAL: SR3Mu/Central/METv/py in Skim_TriLep_DYJets10to50.root
2026-04-12 12:33:49,154 - INFO - [2016preVFP] MISSING_CENTRAL: SR3Mu/Central/METv/py in Skim_TriLep_WWG.root
2026-04-12 20:41:50,104 - INFO - [2016preVFP] MISSING_CENTRAL: SR3Mu/Central/METv/py in Skim_TriLep_DYJets10to50.root
2026-04-12 20:41:50,119 - INFO - [2016preVFP] MISSING_CENTRAL: SR3Mu/Central/METv/py in Skim_TriLep_WWG.root
2026-04-12 21:13:28,153 - INFO - [2016preVFP] MISSING_CENTRAL: SR3Mu/Central/METv/py in Skim_TriLep_DYJets10to50.root
2026-04-12 21:13:28,168 - INFO - [2016preVFP] MISSING_CENTRAL: SR3Mu/Central/METv/py in Skim_TriLep_WWG.root
2026-04-13 12:50:57,361 - INFO - [2016preVFP] MISSING_CENTRAL: SR3Mu/Central/METv/py in Skim_TriLep_DYJets10to50.root
2026-04-13 12:50:57,384 - INFO - [2016preVFP] MISSING_CENTRAL: SR3Mu/Central/METv/py in Skim_TriLep_WWG.root
2026-04-16 17:28:26,511 - INFO - [2016preVFP] MISSING_CENTRAL: SR3Mu/Central/METv/py in Skim_TriLep_DYJets10to50.root
2026-04-16 17:28:26,530 - INFO - [2016preVFP] MISSING_CENTRAL: SR3Mu/Central/METv/py in Skim_TriLep_WWG.root
2026-04-16 17:33:26,000 - INFO - [2016preVFP] MISSING_CENTRAL: SR3Mu/Central/METv/py in Skim_TriLep_DYJets10to50.root
2026-04-16 17:33:26,020 - INFO - [2016preVFP] MISSING_CENTRAL: SR3Mu/Central/METv/py in Skim_TriLep_WWG.root
2026-04-28 15:09:03,776 - INFO - [2016preVFP] MISSING_CENTRAL: SR3Mu/Central/METv/py in Skim_TriLep_DYJets10to50.root
2026-04-28 15:09:03,795 - INFO - [2016preVFP] MISSING_CENTRAL: SR3Mu/Central/METv/py in Skim_TriLep_WWG.root
2026-04-28 15:14:03,725 - INFO - [2016preVFP] MISSING_CENTRAL: SR3Mu/Central/METv/py in Skim_TriLep_DYJets10to50.root
2026-04-28 15:14:03,744 - INFO - [2016preVFP] MISSING_CENTRAL: SR3Mu/Central/METv/py in Skim_TriLep_WWG.root
2026-05-04 16:58:31,219 - INFO - [2016preVFP] MISSING_CENTRAL: SR3Mu/Central/METv/py in Skim_TriLep_DYJets10to50.root
2026-05-04 16:58:31,237 - INFO - [2016preVFP] MISSING_CENTRAL: SR3Mu/Central/METv/py in Skim_TriLep_WWG.root
2026-05-04 17:03:13,852 - INFO - [2016preVFP] MISSING_CENTRAL: SR3Mu/Central/METv/py in Skim_TriLep_DYJets10to50.root
2026-05-04 17:03:13,877 - INFO - [2016preVFP] MISSING_CENTRAL: SR3Mu/Central/METv/py in Skim_TriLep_WWG.root
2026-05-28 15:34:59,716 - INFO - [2016preVFP] MISSING_CENTRAL: SR3Mu/Central/METv/py in Skim_TriLep_DYJets10to50.root
2026-05-28 15:34:59,744 - INFO - [2016preVFP] MISSING_CENTRAL: SR3Mu/Central/METv/py in Skim_TriLep_WWG.root
2026-05-28 15:40:08,736 - INFO - [2016preVFP] MISSING_CENTRAL: SR3Mu/Central/METv/py in Skim_TriLep_DYJets10to50.root
2026-05-28 15:40:08,776 - INFO - [2016preVFP] MISSING_CENTRAL: SR3Mu/Central/METv/py in Skim_TriLep_WWG.root
2026-05-29 15:24:58,648 - INFO - [2016preVFP] MISSING_CENTRAL: SR3Mu/Central/METv/py in Skim_TriLep_DYJets10to50.root
2026-05-29 15:24:58,669 - INFO - [2016preVFP] MISSING_CENTRAL: SR3Mu/Central/METv/py in Skim_TriLep_WWG.root
2026-05-29 15:26:07,659 - INFO - [2016preVFP] MISSING_CENTRAL: SR3Mu/Central/METv/py in Skim_TriLep_DYJets10to50.root
2026-05-29 15:26:07,679 - INFO - [2016preVFP] MISSING_CENTRAL: SR3Mu/Central/METv/py in Skim_TriLep_WWG.root
2026-05-29 15:31:02,259 - INFO - [2016preVFP] MISSING_CENTRAL: SR3Mu/Central/METv/py in Skim_TriLep_DYJets10to50.root
2026-05-29 15:31:02,278 - INFO - [2016preVFP] MISSING_CENTRAL: SR3Mu/Central/METv/py in Skim_TriLep_WWG.root
2026-05-29 18:17:22,856 - INFO - [2016preVFP] MISSING_CENTRAL: SR3Mu/Central/METv/py in Skim_TriLep_DYJets10to50.root
2026-05-29 18:17:22,875 - INFO - [2016preVFP] MISSING_CENTRAL: SR3Mu/Central/METv/py in Skim_TriLep_WWG.root
2026-05-29 18:22:08,974 - INFO - [2016preVFP] MISSING_CENTRAL: SR3Mu/Central/METv/py in Skim_TriLep_DYJets10to50.root
2026-05-29 18:22:08,993 - INFO - [2016preVFP] MISSING_CENTRAL: SR3Mu/Central/METv/py in Skim_TriLep_WWG.root
2026-06-12 14:01:18,875 - INFO - [2016preVFP] MISSING_CENTRAL: SR3Mu/Central/METv/py in Skim_TriLep_DYJets10to50.root
2026-06-12 14:01:18,894 - INFO - [2016preVFP] MISSING_CENTRAL: SR3Mu/Central/METv/py in Skim_TriLep_WWG.root
2026-06-12 14:21:43,650 - INFO - [2016preVFP] MISSING_CENTRAL: SR3Mu/Central/METv/py in Skim_TriLep_DYJets10to50.root
2026-06-12 14:21:43,669 - INFO - [2016preVFP] MISSING_CENTRAL: SR3Mu/Central/METv/py in Skim_TriLep_WWG.root
2026-06-18 00:12:14,102 - INFO - [2016preVFP] MISSING_CENTRAL: SR3Mu/Central/METv/py in Skim_TriLep_DYJets10to50.root
2026-06-18 00:12:14,122 - INFO - [2016preVFP] MISSING_CENTRAL: SR3Mu/Central/METv/py in Skim_TriLep_WWG.root
2026-06-18 00:15:50,275 - INFO - [2016preVFP] MISSING_CENTRAL: SR3Mu/Central/METv/py in Skim_TriLep_DYJets10to50.root
2026-06-18 00:15:50,294 - INFO - [2016preVFP] MISSING_CENTRAL: SR3Mu/Central/METv/py in Skim_TriLep_WWG.root
