2025-09-24 15:41:49,185 - INFO - [2016preVFP] MISSING_CENTRAL: SR3Mu/Central/muons/3/pt in Skim_TriLep_DYJets10to50.root
2025-09-24 15:41:49,204 - INFO - [2016preVFP] MISSING_CENTRAL: SR3Mu/Central/muons/3/pt in Skim_TriLep_WWG.root
2025-10-02 21:09:33,192 - INFO - [2016preVFP] MISSING_CENTRAL: SR3Mu/Central/muons/3/pt in Skim_TriLep_DYJets10to50.root
2025-10-02 21:09:33,763 - INFO - [2016preVFP] MISSING_CENTRAL: SR3Mu/Central/muons/3/pt in Skim_TriLep_WWG.root
2025-10-02 23:55:11,161 - INFO - [2016preVFP] MISSING_CENTRAL: SR3Mu/Central/muons/3/pt in Skim_TriLep_DYJets10to50.root
2025-10-02 23:55:11,215 - INFO - [2016preVFP] MISSING_CENTRAL: SR3Mu/Central/muons/3/pt in Skim_TriLep_WWG.root
2025-11-05 20:28:25,715 - INFO - [2016preVFP] MISSING_CENTRAL: SR3Mu/Central/muons/3/pt in Skim_TriLep_DYJets.root
2025-11-05 20:28:25,716 - INFO - [2016preVFP] MISSING_CENTRAL: SR3Mu/Central/muons/3/pt in Skim_TriLep_DYJets10to50.root
2025-11-05 20:28:25,743 - INFO - [2016preVFP] MISSING_CENTRAL: SR3Mu/Central/muons/3/pt in Skim_TriLep_WWG.root
2025-11-05 21:32:40,777 - INFO - [2016preVFP] MISSING_CENTRAL: SR3Mu/Central/muons/3/pt in Skim_TriLep_DYJets.root
2025-11-05 21:32:40,777 - INFO - [2016preVFP] MISSING_CENTRAL: SR3Mu/Central/muons/3/pt in Skim_TriLep_DYJets10to50.root
2025-11-05 21:32:40,804 - INFO - [2016preVFP] MISSING_CENTRAL: SR3Mu/Central/muons/3/pt in Skim_TriLep_WWG.root
2025-11-05 21:36:37,357 - INFO - [2016preVFP] MISSING_CENTRAL: SR3Mu/Central/muons/3/pt in Skim_TriLep_DYJets.root
2025-11-05 21:36:37,357 - INFO - [2016preVFP] MISSING_CENTRAL: SR3Mu/Central/muons/3/pt in Skim_TriLep_DYJets10to50.root
2025-11-05 21:36:37,386 - INFO - [2016preVFP] MISSING_CENTRAL: SR3Mu/Central/muons/3/pt in Skim_TriLep_WWG.root
2025-11-05 21:37:42,104 - INFO - [2016preVFP] MISSING_CENTRAL: SR3Mu/Central/muons/3/pt in Skim_TriLep_DYJets.root
2025-11-05 21:37:42,104 - INFO - [2016preVFP] MISSING_CENTRAL: SR3Mu/Central/muons/3/pt in Skim_TriLep_DYJets10to50.root
2025-11-05 21:37:42,132 - INFO - [2016preVFP] MISSING_CENTRAL: SR3Mu/Central/muons/3/pt in Skim_TriLep_WWG.root
2025-11-05 21:59:45,426 - INFO - [2016preVFP] MISSING_CENTRAL: SR3Mu/Central/muons/3/pt in Skim_TriLep_DYJets.root
2025-11-05 21:59:45,427 - INFO - [2016preVFP] MISSING_CENTRAL: SR3Mu/Central/muons/3/pt in Skim_TriLep_DYJets10to50.root
2025-11-05 21:59:45,454 - INFO - [2016preVFP] MISSING_CENTRAL: SR3Mu/Central/muons/3/pt in Skim_TriLep_WWG.root
2025-11-05 22:15:28,689 - INFO - [2016preVFP] MISSING_CENTRAL: SR3Mu/Central/muons/3/pt in Skim_TriLep_DYJets.root
2025-11-05 22:15:28,689 - INFO - [2016preVFP] MISSING_CENTRAL: SR3Mu/Central/muons/3/pt in Skim_TriLep_DYJets10to50.root
2025-11-05 22:15:28,715 - INFO - [2016preVFP] MISSING_CENTRAL: SR3Mu/Central/muons/3/pt in Skim_TriLep_WWG.root
2025-11-05 23:20:06,125 - INFO - [2016preVFP] MISSING_CENTRAL: SR3Mu/Central/muons/3/pt in Skim_TriLep_DYJets.root
2025-11-05 23:20:06,125 - INFO - [2016preVFP] MISSING_CENTRAL: SR3Mu/Central/muons/3/pt in Skim_TriLep_DYJets10to50.root
2025-11-05 23:20:06,153 - INFO - [2016preVFP] MISSING_CENTRAL: SR3Mu/Central/muons/3/pt in Skim_TriLep_WWG.root
2025-11-07 12:23:21,484 - INFO - [2016preVFP] MISSING_CENTRAL: SR3Mu/Central/muons/3/pt in Skim_TriLep_DYJets.root
2025-11-07 12:23:21,485 - INFO - [2016preVFP] MISSING_CENTRAL: SR3Mu/Central/muons/3/pt in Skim_TriLep_DYJets10to50.root
2025-11-07 12:23:21,521 - INFO - [2016preVFP] MISSING_CENTRAL: SR3Mu/Central/muons/3/pt in Skim_TriLep_WWG.root
2025-11-07 13:03:26,057 - INFO - [2016preVFP] MISSING_CENTRAL: SR3Mu/Central/muons/3/pt in Skim_TriLep_DYJets.root
2025-11-07 13:03:26,058 - INFO - [2016preVFP] MISSING_CENTRAL: SR3Mu/Central/muons/3/pt in Skim_TriLep_DYJets10to50.root
2025-11-07 13:03:26,085 - INFO - [2016preVFP] MISSING_CENTRAL: SR3Mu/Central/muons/3/pt in Skim_TriLep_WWG.root
2025-11-07 13:25:09,334 - INFO - [2016preVFP] MISSING_CENTRAL: SR3Mu/Central/muons/3/pt in Skim_TriLep_DYJets.root
2025-11-07 13:25:09,334 - INFO - [2016preVFP] MISSING_CENTRAL: SR3Mu/Central/muons/3/pt in Skim_TriLep_DYJets10to50.root
2025-11-07 13:25:09,362 - INFO - [2016preVFP] MISSING_CENTRAL: SR3Mu/Central/muons/3/pt in Skim_TriLep_WWG.root
2025-11-07 13:27:37,331 - INFO - [2016preVFP] MISSING_CENTRAL: SR3Mu/Central/muons/3/pt in Skim_TriLep_DYJets.root
2025-11-07 13:27:37,332 - INFO - [2016preVFP] MISSING_CENTRAL: SR3Mu/Central/muons/3/pt in Skim_TriLep_DYJets10to50.root
2025-11-07 13:27:37,359 - INFO - [2016preVFP] MISSING_CENTRAL: SR3Mu/Central/muons/3/pt in Skim_TriLep_WWG.root
2025-11-07 13:44:00,344 - INFO - [2016preVFP] MISSING_CENTRAL: SR3Mu/Central/muons/3/pt in Skim_TriLep_DYJets.root
2025-11-07 13:44:00,344 - INFO - [2016preVFP] MISSING_CENTRAL: SR3Mu/Central/muons/3/pt in Skim_TriLep_DYJets10to50.root
2025-11-07 13:44:00,372 - INFO - [2016preVFP] MISSING_CENTRAL: SR3Mu/Central/muons/3/pt in Skim_TriLep_WWG.root
2025-11-07 13:51:57,306 - INFO - [2016preVFP] MISSING_CENTRAL: SR3Mu/Central/muons/3/pt in Skim_TriLep_DYJets.root
2025-11-07 13:51:57,307 - INFO - [2016preVFP] MISSING_CENTRAL: SR3Mu/Central/muons/3/pt in Skim_TriLep_DYJets10to50.root
2025-11-07 13:51:57,332 - INFO - [2016preVFP] MISSING_CENTRAL: SR3Mu/Central/muons/3/pt in Skim_TriLep_WWG.root
2025-11-07 14:00:22,998 - INFO - [2016preVFP] MISSING_CENTRAL: SR3Mu/Central/muons/3/pt in Skim_TriLep_DYJets.root
2025-11-07 14:00:22,998 - INFO - [2016preVFP] MISSING_CENTRAL: SR3Mu/Central/muons/3/pt in Skim_TriLep_DYJets10to50.root
2025-11-07 14:00:23,026 - INFO - [2016preVFP] MISSING_CENTRAL: SR3Mu/Central/muons/3/pt in Skim_TriLep_WWG.root
2025-11-10 05:50:18,001 - INFO - [2016preVFP] MISSING_CENTRAL: SR3Mu/Central/muons/3/pt in Skim_TriLep_DYJets.root
2025-11-10 05:50:18,001 - INFO - [2016preVFP] MISSING_CENTRAL: SR3Mu/Central/muons/3/pt in Skim_TriLep_DYJets10to50.root
2025-11-10 05:50:18,034 - INFO - [2016preVFP] MISSING_CENTRAL: SR3Mu/Central/muons/3/pt in Skim_TriLep_WWG.root
2025-11-10 12:15:23,754 - INFO - [2016preVFP] MISSING_CENTRAL: SR3Mu/Central/muons/3/pt in Skim_TriLep_DYJets.root
2025-11-10 12:15:23,754 - INFO - [2016preVFP] MISSING_CENTRAL: SR3Mu/Central/muons/3/pt in Skim_TriLep_DYJets10to50.root
2025-11-10 12:15:23,780 - INFO - [2016preVFP] MISSING_CENTRAL: SR3Mu/Central/muons/3/pt in Skim_TriLep_WWG.root
2025-11-13 11:03:57,148 - INFO - [2016preVFP] MISSING_CENTRAL: SR3Mu/Central/muons/3/pt in Skim_TriLep_DYJets.root
2025-11-13 11:03:57,149 - INFO - [2016preVFP] MISSING_CENTRAL: SR3Mu/Central/muons/3/pt in Skim_TriLep_DYJets10to50.root
2025-11-13 11:03:57,977 - INFO - [2016preVFP] MISSING_CENTRAL: SR3Mu/Central/muons/3/pt in Skim_TriLep_WWG.root
2025-11-13 19:53:39,420 - INFO - [2016preVFP] MISSING_CENTRAL: SR3Mu/Central/muons/3/pt in Skim_TriLep_DYJets.root
2025-11-13 19:53:39,421 - INFO - [2016preVFP] MISSING_CENTRAL: SR3Mu/Central/muons/3/pt in Skim_TriLep_DYJets10to50.root
2025-11-13 19:53:39,500 - INFO - [2016preVFP] MISSING_CENTRAL: SR3Mu/Central/muons/3/pt in Skim_TriLep_WWG.root
2025-11-13 20:00:34,426 - INFO - [2016preVFP] MISSING_CENTRAL: SR3Mu/Central/muons/3/pt in Skim_TriLep_DYJets.root
2025-11-13 20:00:34,426 - INFO - [2016preVFP] MISSING_CENTRAL: SR3Mu/Central/muons/3/pt in Skim_TriLep_DYJets10to50.root
2025-11-13 20:00:34,453 - INFO - [2016preVFP] MISSING_CENTRAL: SR3Mu/Central/muons/3/pt in Skim_TriLep_WWG.root
2025-11-19 16:17:42,770 - INFO - [2016preVFP] MISSING_CENTRAL: SR3Mu/Central/muons/3/pt in Skim_TriLep_DYJets.root
2025-11-19 16:17:42,771 - INFO - [2016preVFP] MISSING_CENTRAL: SR3Mu/Central/muons/3/pt in Skim_TriLep_DYJets10to50.root
2025-11-19 16:17:42,799 - INFO - [2016preVFP] MISSING_CENTRAL: SR3Mu/Central/muons/3/pt in Skim_TriLep_WWG.root
2025-12-17 22:31:11,638 - INFO - [2016preVFP] MISSING_CENTRAL: SR3Mu/Central/muons/3/pt in Skim_TriLep_DYJets10to50.root
2025-12-17 22:31:11,639 - INFO - [2016preVFP] MISSING_FILE: /data9/Users/choij/Sync/workspace/ChargedHiggsAnalysisV3/SKNanoOutput/PromptSelector/Run3Mu_RunSyst/2016preVFP/Skim_TriLep_ZGToLLG.root
2025-12-17 22:31:12,151 - INFO - [2016preVFP] MISSING_CENTRAL: SR3Mu/Central/muons/3/pt in Skim_TriLep_WWG.root
2025-12-18 14:09:59,143 - INFO - [2016preVFP] MISSING_CENTRAL: SR3Mu/Central/muons/3/pt in Skim_TriLep_DYJets10to50.root
2025-12-18 14:09:59,143 - INFO - [2016preVFP] MISSING_FILE: /data9/Users/choij/Sync/workspace/ChargedHiggsAnalysisV3/SKNanoOutput/PromptSelector/Run3Mu_RunSyst/2016preVFP/Skim_TriLep_ZGToLLG.root
2025-12-18 14:09:59,169 - INFO - [2016preVFP] MISSING_CENTRAL: SR3Mu/Central/muons/3/pt in Skim_TriLep_WWG.root
2025-12-18 14:14:05,301 - INFO - [2016preVFP] MISSING_CENTRAL: SR3Mu/Central/muons/3/pt in Skim_TriLep_DYJets10to50.root
2025-12-18 14:14:05,301 - INFO - [2016preVFP] MISSING_FILE: /data9/Users/choij/Sync/workspace/ChargedHiggsAnalysisV3/SKNanoOutput/PromptSelector/Run3Mu_RunSyst/2016preVFP/Skim_TriLep_ZGToLLG.root
2025-12-18 14:14:05,325 - INFO - [2016preVFP] MISSING_CENTRAL: SR3Mu/Central/muons/3/pt in Skim_TriLep_WWG.root
2025-12-18 14:29:35,648 - INFO - [2016preVFP] MISSING_CENTRAL: SR3Mu/Central/muons/3/pt in Skim_TriLep_DYJets10to50.root
2025-12-18 14:29:35,648 - INFO - [2016preVFP] MISSING_FILE: /data9/Users/choij/Sync/workspace/ChargedHiggsAnalysisV3/SKNanoOutput/PromptSelector/Run3Mu_RunSyst/2016preVFP/Skim_TriLep_ZGToLLG.root
2025-12-18 14:29:35,684 - INFO - [2016preVFP] MISSING_CENTRAL: SR3Mu/Central/muons/3/pt in Skim_TriLep_WWG.root
2026-01-07 11:39:50,332 - INFO - [2016preVFP] MISSING_CENTRAL: SR3Mu/Central/muons/3/pt in Skim_TriLep_DYJets10to50.root
2026-01-07 11:39:50,333 - INFO - [2016preVFP] MISSING_FILE: /data9/Users/choij/Sync/workspace/ChargedHiggsAnalysisV3/SKNanoOutput/PromptSelector/Run3Mu_RunSyst/2016preVFP/Skim_TriLep_ZGToLLG.root
2026-01-07 11:39:50,353 - INFO - [2016preVFP] MISSING_CENTRAL: SR3Mu/Central/muons/3/pt in Skim_TriLep_WWG.root
2026-01-07 18:37:14,032 - INFO - [2016preVFP] MISSING_CENTRAL: SR3Mu/Central/muons/3/pt in Skim_TriLep_DYJets10to50.root
2026-01-07 18:37:14,032 - INFO - [2016preVFP] MISSING_FILE: /data9/Users/choij/Sync/workspace/ChargedHiggsAnalysisV3/SKNanoOutput/PromptSelector/Run3Mu_RunSyst/2016preVFP/Skim_TriLep_ZGToLLG.root
2026-01-07 18:37:14,053 - INFO - [2016preVFP] MISSING_CENTRAL: SR3Mu/Central/muons/3/pt in Skim_TriLep_WWG.root
2026-01-07 19:26:48,045 - INFO - [2016preVFP] MISSING_CENTRAL: SR3Mu/Central/muons/3/pt in Skim_TriLep_DYJets10to50.root
2026-01-07 19:26:48,045 - INFO - [2016preVFP] MISSING_FILE: /data9/Users/choij/Sync/workspace/ChargedHiggsAnalysisV3/SKNanoOutput/PromptSelector/Run3Mu_RunSyst/2016preVFP/Skim_TriLep_ZGToLLG.root
2026-01-07 19:26:48,066 - INFO - [2016preVFP] MISSING_CENTRAL: SR3Mu/Central/muons/3/pt in Skim_TriLep_WWG.root
2026-01-09 12:10:21,702 - INFO - [2016preVFP] MISSING_CENTRAL: SR3Mu/Central/muons/3/pt in Skim_TriLep_DYJets10to50.root
2026-01-09 12:10:21,703 - INFO - [2016preVFP] MISSING_FILE: /home/choij/Sync/workspace/ChargedHiggsAnalysisV3/SKNanoOutput/PromptSelector/Run3Mu_RunSyst/2016preVFP/Skim_TriLep_ZGToLLG.root
2026-01-09 12:10:21,713 - INFO - [2016preVFP] MISSING_CENTRAL: SR3Mu/Central/muons/3/pt in Skim_TriLep_WWG.root
2026-01-11 09:30:25,855 - INFO - [2016preVFP] MISSING_CENTRAL: SR3Mu/Central/muons/3/pt in Skim_TriLep_DYJets10to50.root
2026-01-11 09:30:25,855 - INFO - [2016preVFP] MISSING_FILE: /home/choij/Sync/workspace/ChargedHiggsAnalysisV3/SKNanoOutput/PromptSelector/Run3Mu_RunSyst/2016preVFP/Skim_TriLep_ZGToLLG.root
2026-01-11 09:30:25,867 - INFO - [2016preVFP] MISSING_CENTRAL: SR3Mu/Central/muons/3/pt in Skim_TriLep_WWG.root
2026-01-12 13:38:56,854 - INFO - [2016preVFP] MISSING_FILE: /home/choij/Sync/workspace/ChargedHiggsAnalysisV3/SKNanoOutput/MatrixSelector/Run3Mu/2016preVFP/Skim_TriLep_DoubleMuon_B.root
2026-01-12 13:38:56,855 - INFO - [2016preVFP] MISSING_FILE: /home/choij/Sync/workspace/ChargedHiggsAnalysisV3/SKNanoOutput/MatrixSelector/Run3Mu/2016preVFP/Skim_TriLep_DoubleMuon_C.root
2026-01-12 13:38:56,855 - INFO - [2016preVFP] MISSING_FILE: /home/choij/Sync/workspace/ChargedHiggsAnalysisV3/SKNanoOutput/MatrixSelector/Run3Mu/2016preVFP/Skim_TriLep_DoubleMuon_D.root
2026-01-12 13:38:56,855 - INFO - [2016preVFP] MISSING_FILE: /home/choij/Sync/workspace/ChargedHiggsAnalysisV3/SKNanoOutput/MatrixSelector/Run3Mu/2016preVFP/Skim_TriLep_DoubleMuon_E.root
2026-01-12 13:38:56,855 - INFO - [2016preVFP] MISSING_FILE: /home/choij/Sync/workspace/ChargedHiggsAnalysisV3/SKNanoOutput/MatrixSelector/Run3Mu/2016preVFP/Skim_TriLep_DoubleMuon_F.root
2026-01-12 13:38:56,883 - INFO - [2016preVFP] MISSING_CENTRAL: SR3Mu/Central/muons/3/pt in Skim_TriLep_DYJets10to50.root
2026-01-12 13:38:56,883 - INFO - [2016preVFP] MISSING_FILE: /home/choij/Sync/workspace/ChargedHiggsAnalysisV3/SKNanoOutput/PromptSelector/Run3Mu_RunSyst/2016preVFP/Skim_TriLep_ZGToLLG.root
2026-01-12 13:38:56,895 - INFO - [2016preVFP] MISSING_CENTRAL: SR3Mu/Central/muons/3/pt in Skim_TriLep_WWG.root
2026-01-16 18:54:25,314 - INFO - [2016preVFP] MISSING_CENTRAL: SR3Mu/Central/muons/3/pt in Skim_TriLep_DYJets10to50.root
2026-01-16 18:54:25,314 - INFO - [2016preVFP] MISSING_FILE: /home/choij/Sync/workspace/ChargedHiggsAnalysisV3/SKNanoOutput/PromptSelector/Run3Mu_RunSyst/2016preVFP/Skim_TriLep_ZGToLLG.root
2026-01-16 18:54:25,327 - INFO - [2016preVFP] MISSING_CENTRAL: SR3Mu/Central/muons/3/pt in Skim_TriLep_WWG.root
2026-01-28 16:04:57,045 - INFO - [2016preVFP] MISSING_CENTRAL: SR3Mu/Central/muons/3/pt in Skim_TriLep_DYJets10to50.root
2026-01-28 16:04:57,062 - INFO - [2016preVFP] MISSING_CENTRAL: SR3Mu/Central/muons/3/pt in Skim_TriLep_WWG.root
2026-01-28 17:15:41,035 - INFO - [2016preVFP] MISSING_CENTRAL: SR3Mu/Central/muons/3/pt in Skim_TriLep_DYJets10to50.root
2026-01-28 17:15:41,053 - INFO - [2016preVFP] MISSING_CENTRAL: SR3Mu/Central/muons/3/pt in Skim_TriLep_WWG.root
2026-01-28 19:49:23,063 - INFO - [2016preVFP] MISSING_CENTRAL: SR3Mu/Central/muons/3/pt in Skim_TriLep_DYJets10to50.root
2026-01-28 19:49:23,079 - INFO - [2016preVFP] MISSING_CENTRAL: SR3Mu/Central/muons/3/pt in Skim_TriLep_WWG.root
2026-01-29 07:06:57,625 - INFO - [2016preVFP] MISSING_CENTRAL: SR3Mu/Central/muons/3/pt in Skim_TriLep_DYJets10to50.root
2026-01-29 07:06:57,634 - INFO - [2016preVFP] MISSING_CENTRAL: SR3Mu/Central/muons/3/pt in Skim_TriLep_WWG.root
2026-03-06 09:36:25,256 - INFO - [2016preVFP] MISSING_CENTRAL: SR3Mu/Central/muons/3/pt in Skim_TriLep_DYJets10to50.root
2026-03-06 09:36:25,279 - INFO - [2016preVFP] MISSING_CENTRAL: SR3Mu/Central/muons/3/pt in Skim_TriLep_WWG.root
2026-03-06 19:42:17,452 - INFO - [2016preVFP] MISSING_CENTRAL: SR3Mu/Central/muons/3/pt in Skim_TriLep_DYJets10to50.root
2026-03-06 19:42:17,465 - INFO - [2016preVFP] MISSING_CENTRAL: SR3Mu/Central/muons/3/pt in Skim_TriLep_WWG.root
2026-04-10 20:16:46,487 - INFO - [2016preVFP] MISSING_CENTRAL: SR3Mu/Central/muons/3/pt in Skim_TriLep_DYJets10to50.root
2026-04-10 20:16:46,497 - INFO - [2016preVFP] MISSING_CENTRAL: SR3Mu/Central/muons/3/pt in Skim_TriLep_WWG.root
2026-04-12 11:31:41,405 - INFO - [2016preVFP] MISSING_CENTRAL: SR3Mu/Central/muons/3/pt in Skim_TriLep_DYJets10to50.root
2026-04-12 11:31:41,414 - INFO - [2016preVFP] MISSING_CENTRAL: SR3Mu/Central/muons/3/pt in Skim_TriLep_WWG.root
2026-04-12 12:14:02,351 - INFO - [2016preVFP] MISSING_CENTRAL: SR3Mu/Central/muons/3/pt in Skim_TriLep_DYJets10to50.root
2026-04-12 12:14:02,363 - INFO - [2016preVFP] MISSING_CENTRAL: SR3Mu/Central/muons/3/pt in Skim_TriLep_WWG.root
2026-04-12 12:33:40,934 - INFO - [2016preVFP] MISSING_CENTRAL: SR3Mu/Central/muons/3/pt in Skim_TriLep_DYJets10to50.root
2026-04-12 12:33:40,947 - INFO - [2016preVFP] MISSING_CENTRAL: SR3Mu/Central/muons/3/pt in Skim_TriLep_WWG.root
2026-04-12 20:41:41,804 - INFO - [2016preVFP] MISSING_CENTRAL: SR3Mu/Central/muons/3/pt in Skim_TriLep_DYJets10to50.root
2026-04-12 20:41:41,817 - INFO - [2016preVFP] MISSING_CENTRAL: SR3Mu/Central/muons/3/pt in Skim_TriLep_WWG.root
2026-04-12 21:13:20,084 - INFO - [2016preVFP] MISSING_CENTRAL: SR3Mu/Central/muons/3/pt in Skim_TriLep_DYJets10to50.root
2026-04-12 21:13:20,096 - INFO - [2016preVFP] MISSING_CENTRAL: SR3Mu/Central/muons/3/pt in Skim_TriLep_WWG.root
2026-04-13 12:50:48,595 - INFO - [2016preVFP] MISSING_CENTRAL: SR3Mu/Central/muons/3/pt in Skim_TriLep_DYJets10to50.root
2026-04-13 12:50:48,610 - INFO - [2016preVFP] MISSING_CENTRAL: SR3Mu/Central/muons/3/pt in Skim_TriLep_WWG.root
2026-04-16 17:28:18,113 - INFO - [2016preVFP] MISSING_CENTRAL: SR3Mu/Central/muons/3/pt in Skim_TriLep_DYJets10to50.root
2026-04-16 17:28:18,127 - INFO - [2016preVFP] MISSING_CENTRAL: SR3Mu/Central/muons/3/pt in Skim_TriLep_WWG.root
2026-04-16 17:33:17,593 - INFO - [2016preVFP] MISSING_CENTRAL: SR3Mu/Central/muons/3/pt in Skim_TriLep_DYJets10to50.root
2026-04-16 17:33:17,609 - INFO - [2016preVFP] MISSING_CENTRAL: SR3Mu/Central/muons/3/pt in Skim_TriLep_WWG.root
2026-04-28 15:08:55,233 - INFO - [2016preVFP] MISSING_CENTRAL: SR3Mu/Central/muons/3/pt in Skim_TriLep_DYJets10to50.root
2026-04-28 15:08:55,247 - INFO - [2016preVFP] MISSING_CENTRAL: SR3Mu/Central/muons/3/pt in Skim_TriLep_WWG.root
2026-04-28 15:13:55,296 - INFO - [2016preVFP] MISSING_CENTRAL: SR3Mu/Central/muons/3/pt in Skim_TriLep_DYJets10to50.root
2026-04-28 15:13:55,311 - INFO - [2016preVFP] MISSING_CENTRAL: SR3Mu/Central/muons/3/pt in Skim_TriLep_WWG.root
2026-05-04 16:58:22,833 - INFO - [2016preVFP] MISSING_CENTRAL: SR3Mu/Central/muons/3/pt in Skim_TriLep_DYJets10to50.root
2026-05-04 16:58:22,847 - INFO - [2016preVFP] MISSING_CENTRAL: SR3Mu/Central/muons/3/pt in Skim_TriLep_WWG.root
2026-05-04 17:03:05,557 - INFO - [2016preVFP] MISSING_CENTRAL: SR3Mu/Central/muons/3/pt in Skim_TriLep_DYJets10to50.root
2026-05-04 17:03:05,571 - INFO - [2016preVFP] MISSING_CENTRAL: SR3Mu/Central/muons/3/pt in Skim_TriLep_WWG.root
2026-05-28 15:34:51,248 - INFO - [2016preVFP] MISSING_CENTRAL: SR3Mu/Central/muons/3/pt in Skim_TriLep_DYJets10to50.root
2026-05-28 15:34:51,523 - INFO - [2016preVFP] MISSING_CENTRAL: SR3Mu/Central/muons/3/pt in Skim_TriLep_WWG.root
2026-05-28 15:40:04,489 - INFO - [2016preVFP] MISSING_CENTRAL: SR3Mu/Central/muons/3/pt in Skim_TriLep_DYJets10to50.root
2026-05-28 15:40:04,515 - INFO - [2016preVFP] MISSING_CENTRAL: SR3Mu/Central/muons/3/pt in Skim_TriLep_WWG.root
2026-05-29 15:24:50,309 - INFO - [2016preVFP] MISSING_CENTRAL: SR3Mu/Central/muons/3/pt in Skim_TriLep_DYJets10to50.root
2026-05-29 15:24:50,324 - INFO - [2016preVFP] MISSING_CENTRAL: SR3Mu/Central/muons/3/pt in Skim_TriLep_WWG.root
2026-05-29 15:25:59,457 - INFO - [2016preVFP] MISSING_CENTRAL: SR3Mu/Central/muons/3/pt in Skim_TriLep_DYJets10to50.root
2026-05-29 15:25:59,472 - INFO - [2016preVFP] MISSING_CENTRAL: SR3Mu/Central/muons/3/pt in Skim_TriLep_WWG.root
2026-05-29 15:30:54,082 - INFO - [2016preVFP] MISSING_CENTRAL: SR3Mu/Central/muons/3/pt in Skim_TriLep_DYJets10to50.root
2026-05-29 15:30:54,097 - INFO - [2016preVFP] MISSING_CENTRAL: SR3Mu/Central/muons/3/pt in Skim_TriLep_WWG.root
2026-05-29 18:17:14,673 - INFO - [2016preVFP] MISSING_CENTRAL: SR3Mu/Central/muons/3/pt in Skim_TriLep_DYJets10to50.root
2026-05-29 18:17:14,688 - INFO - [2016preVFP] MISSING_CENTRAL: SR3Mu/Central/muons/3/pt in Skim_TriLep_WWG.root
2026-05-29 18:22:00,751 - INFO - [2016preVFP] MISSING_CENTRAL: SR3Mu/Central/muons/3/pt in Skim_TriLep_DYJets10to50.root
2026-05-29 18:22:00,766 - INFO - [2016preVFP] MISSING_CENTRAL: SR3Mu/Central/muons/3/pt in Skim_TriLep_WWG.root
2026-06-12 14:01:10,559 - INFO - [2016preVFP] MISSING_CENTRAL: SR3Mu/Central/muons/3/pt in Skim_TriLep_DYJets10to50.root
2026-06-12 14:01:10,573 - INFO - [2016preVFP] MISSING_CENTRAL: SR3Mu/Central/muons/3/pt in Skim_TriLep_WWG.root
2026-06-12 14:21:35,348 - INFO - [2016preVFP] MISSING_CENTRAL: SR3Mu/Central/muons/3/pt in Skim_TriLep_DYJets10to50.root
2026-06-12 14:21:35,363 - INFO - [2016preVFP] MISSING_CENTRAL: SR3Mu/Central/muons/3/pt in Skim_TriLep_WWG.root
2026-06-18 00:12:04,951 - INFO - [2016preVFP] MISSING_CENTRAL: SR3Mu/Central/muons/3/pt in Skim_TriLep_DYJets10to50.root
2026-06-18 00:12:04,962 - INFO - [2016preVFP] MISSING_CENTRAL: SR3Mu/Central/muons/3/pt in Skim_TriLep_WWG.root
2026-06-18 00:15:41,325 - INFO - [2016preVFP] MISSING_CENTRAL: SR3Mu/Central/muons/3/pt in Skim_TriLep_DYJets10to50.root
2026-06-18 00:15:41,339 - INFO - [2016preVFP] MISSING_CENTRAL: SR3Mu/Central/muons/3/pt in Skim_TriLep_WWG.root
2026-07-01 17:29:51,967 - INFO - [2016preVFP] MISSING_CENTRAL: SR3Mu/Central/muons/3/pt in Skim_TriLep_DYJets10to50.root
2026-07-01 17:29:52,029 - INFO - [2016preVFP] MISSING_CENTRAL: SR3Mu/Central/muons/3/pt in Skim_TriLep_WWG.root
2026-07-21 19:18:35,007 - INFO - [2016preVFP] MISSING_CENTRAL: SR3Mu/Central/muons/3/pt in Skim_TriLep_DYJets10to50.root
2026-07-21 19:18:35,088 - INFO - [2016preVFP] MISSING_CENTRAL: SR3Mu/Central/muons/3/pt in Skim_TriLep_WWG.root
