2026-07-03 14:39:03,733 - INFO - [2016preVFP] MISSING_CENTRAL: SR3Mu/Central/NMinusOne/nbjet_ge1/pair_lowM/mass in Skim_TriLep_DYJets10to50.root
2026-07-21 19:45:03,449 - INFO - [2016preVFP] MISSING_SYSTEMATIC: SR3Mu/L1Prefire_Up/NMinusOne/nbjet_ge1/pair_lowM/mass in Skim_TriLep_DYJets.root
2026-07-21 19:45:03,449 - INFO - [2016preVFP] MISSING_SYSTEMATIC: SR3Mu/L1Prefire_Down/NMinusOne/nbjet_ge1/pair_lowM/mass in Skim_TriLep_DYJets.root
2026-07-21 19:45:03,449 - INFO - [2016preVFP] MISSING_SYSTEMATIC: SR3Mu/PileupReweight_Up/NMinusOne/nbjet_ge1/pair_lowM/mass in Skim_TriLep_DYJets.root
2026-07-21 19:45:03,449 - INFO - [2016preVFP] MISSING_SYSTEMATIC: SR3Mu/PileupReweight_Down/NMinusOne/nbjet_ge1/pair_lowM/mass in Skim_TriLep_DYJets.root
2026-07-21 19:45:03,450 - INFO - [2016preVFP] MISSING_SYSTEMATIC: SR3Mu/PileupJetIDSF_Up/NMinusOne/nbjet_ge1/pair_lowM/mass in Skim_TriLep_DYJets.root
2026-07-21 19:45:03,450 - INFO - [2016preVFP] MISSING_SYSTEMATIC: SR3Mu/PileupJetIDSF_Down/NMinusOne/nbjet_ge1/pair_lowM/mass in Skim_TriLep_DYJets.root
2026-07-21 19:45:03,451 - INFO - [2016preVFP] MISSING_SYSTEMATIC: SR3Mu/MuonIDSF_Up/NMinusOne/nbjet_ge1/pair_lowM/mass in Skim_TriLep_DYJets.root
2026-07-21 19:45:03,451 - INFO - [2016preVFP] MISSING_SYSTEMATIC: SR3Mu/MuonIDSF_Down/NMinusOne/nbjet_ge1/pair_lowM/mass in Skim_TriLep_DYJets.root
2026-07-21 19:45:03,451 - INFO - [2016preVFP] MISSING_SYSTEMATIC: SR3Mu/DblMuTrigSF_Up/NMinusOne/nbjet_ge1/pair_lowM/mass in Skim_TriLep_DYJets.root
2026-07-21 19:45:03,451 - INFO - [2016preVFP] MISSING_SYSTEMATIC: SR3Mu/DblMuTrigSF_Down/NMinusOne/nbjet_ge1/pair_lowM/mass in Skim_TriLep_DYJets.root
2026-07-21 19:45:03,452 - INFO - [2016preVFP] MISSING_SYSTEMATIC: SR3Mu/JetEn_Up/NMinusOne/nbjet_ge1/pair_lowM/mass in Skim_TriLep_DYJets.root
2026-07-21 19:45:03,452 - INFO - [2016preVFP] MISSING_SYSTEMATIC: SR3Mu/JetEn_Down/NMinusOne/nbjet_ge1/pair_lowM/mass in Skim_TriLep_DYJets.root
2026-07-21 19:45:03,452 - INFO - [2016preVFP] MISSING_SYSTEMATIC: SR3Mu/JetRes_Up/NMinusOne/nbjet_ge1/pair_lowM/mass in Skim_TriLep_DYJets.root
2026-07-21 19:45:03,453 - INFO - [2016preVFP] MISSING_SYSTEMATIC: SR3Mu/JetRes_Down/NMinusOne/nbjet_ge1/pair_lowM/mass in Skim_TriLep_DYJets.root
2026-07-21 19:45:03,453 - INFO - [2016preVFP] MISSING_SYSTEMATIC: SR3Mu/MuonEn_Up/NMinusOne/nbjet_ge1/pair_lowM/mass in Skim_TriLep_DYJets.root
2026-07-21 19:45:03,453 - INFO - [2016preVFP] MISSING_SYSTEMATIC: SR3Mu/MuonEn_Down/NMinusOne/nbjet_ge1/pair_lowM/mass in Skim_TriLep_DYJets.root
2026-07-21 19:45:03,454 - INFO - [2016preVFP] MISSING_SYSTEMATIC: SR3Mu/ElectronEn_Up/NMinusOne/nbjet_ge1/pair_lowM/mass in Skim_TriLep_DYJets.root
2026-07-21 19:45:03,454 - INFO - [2016preVFP] MISSING_SYSTEMATIC: SR3Mu/ElectronEn_Down/NMinusOne/nbjet_ge1/pair_lowM/mass in Skim_TriLep_DYJets.root
2026-07-21 19:45:03,454 - INFO - [2016preVFP] MISSING_SYSTEMATIC: SR3Mu/ElectronRes_Up/NMinusOne/nbjet_ge1/pair_lowM/mass in Skim_TriLep_DYJets.root
2026-07-21 19:45:03,454 - INFO - [2016preVFP] MISSING_SYSTEMATIC: SR3Mu/ElectronRes_Down/NMinusOne/nbjet_ge1/pair_lowM/mass in Skim_TriLep_DYJets.root
2026-07-21 19:45:03,455 - INFO - [2016preVFP] MISSING_SYSTEMATIC: SR3Mu/UnclusteredEn_Up/NMinusOne/nbjet_ge1/pair_lowM/mass in Skim_TriLep_DYJets.root
2026-07-21 19:45:03,455 - INFO - [2016preVFP] MISSING_SYSTEMATIC: SR3Mu/UnclusteredEn_Down/NMinusOne/nbjet_ge1/pair_lowM/mass in Skim_TriLep_DYJets.root
2026-07-21 19:45:03,456 - INFO - [2016preVFP] MISSING_SYSTEMATIC: SR3Mu/BtagSF_HFcorr_Up/NMinusOne/nbjet_ge1/pair_lowM/mass in Skim_TriLep_DYJets.root
2026-07-21 19:45:03,456 - INFO - [2016preVFP] MISSING_SYSTEMATIC: SR3Mu/BtagSF_HFcorr_Down/NMinusOne/nbjet_ge1/pair_lowM/mass in Skim_TriLep_DYJets.root
2026-07-21 19:45:03,456 - INFO - [2016preVFP] MISSING_SYSTEMATIC: SR3Mu/BtagSF_HFuncorr_Up/NMinusOne/nbjet_ge1/pair_lowM/mass in Skim_TriLep_DYJets.root
2026-07-21 19:45:03,456 - INFO - [2016preVFP] MISSING_SYSTEMATIC: SR3Mu/BtagSF_HFuncorr_Down/NMinusOne/nbjet_ge1/pair_lowM/mass in Skim_TriLep_DYJets.root
2026-07-21 19:45:03,457 - INFO - [2016preVFP] MISSING_SYSTEMATIC: SR3Mu/BtagSF_LFcorr_Up/NMinusOne/nbjet_ge1/pair_lowM/mass in Skim_TriLep_DYJets.root
2026-07-21 19:45:03,457 - INFO - [2016preVFP] MISSING_SYSTEMATIC: SR3Mu/BtagSF_LFcorr_Down/NMinusOne/nbjet_ge1/pair_lowM/mass in Skim_TriLep_DYJets.root
2026-07-21 19:45:03,458 - INFO - [2016preVFP] MISSING_SYSTEMATIC: SR3Mu/BtagSF_LFuncorr_Up/NMinusOne/nbjet_ge1/pair_lowM/mass in Skim_TriLep_DYJets.root
2026-07-21 19:45:03,458 - INFO - [2016preVFP] MISSING_SYSTEMATIC: SR3Mu/BtagSF_LFuncorr_Down/NMinusOne/nbjet_ge1/pair_lowM/mass in Skim_TriLep_DYJets.root
2026-07-21 19:45:03,458 - INFO - [2016preVFP] MISSING_CENTRAL: SR3Mu/Central/NMinusOne/nbjet_ge1/pair_lowM/mass in Skim_TriLep_DYJets10to50.root
2026-07-21 19:45:03,492 - INFO - [2016preVFP] MISSING_SYSTEMATIC: SR3Mu/L1Prefire_Up/NMinusOne/nbjet_ge1/pair_lowM/mass in Skim_TriLep_TTG.root
2026-07-21 19:45:03,492 - INFO - [2016preVFP] MISSING_SYSTEMATIC: SR3Mu/L1Prefire_Down/NMinusOne/nbjet_ge1/pair_lowM/mass in Skim_TriLep_TTG.root
2026-07-21 19:45:03,493 - INFO - [2016preVFP] MISSING_SYSTEMATIC: SR3Mu/PileupReweight_Up/NMinusOne/nbjet_ge1/pair_lowM/mass in Skim_TriLep_TTG.root
2026-07-21 19:45:03,493 - INFO - [2016preVFP] MISSING_SYSTEMATIC: SR3Mu/PileupReweight_Down/NMinusOne/nbjet_ge1/pair_lowM/mass in Skim_TriLep_TTG.root
2026-07-21 19:45:03,494 - INFO - [2016preVFP] MISSING_SYSTEMATIC: SR3Mu/PileupJetIDSF_Up/NMinusOne/nbjet_ge1/pair_lowM/mass in Skim_TriLep_TTG.root
2026-07-21 19:45:03,494 - INFO - [2016preVFP] MISSING_SYSTEMATIC: SR3Mu/PileupJetIDSF_Down/NMinusOne/nbjet_ge1/pair_lowM/mass in Skim_TriLep_TTG.root
2026-07-21 19:45:03,494 - INFO - [2016preVFP] MISSING_SYSTEMATIC: SR3Mu/MuonIDSF_Up/NMinusOne/nbjet_ge1/pair_lowM/mass in Skim_TriLep_TTG.root
2026-07-21 19:45:03,494 - INFO - [2016preVFP] MISSING_SYSTEMATIC: SR3Mu/MuonIDSF_Down/NMinusOne/nbjet_ge1/pair_lowM/mass in Skim_TriLep_TTG.root
2026-07-21 19:45:03,495 - INFO - [2016preVFP] MISSING_SYSTEMATIC: SR3Mu/DblMuTrigSF_Up/NMinusOne/nbjet_ge1/pair_lowM/mass in Skim_TriLep_TTG.root
2026-07-21 19:45:03,495 - INFO - [2016preVFP] MISSING_SYSTEMATIC: SR3Mu/DblMuTrigSF_Down/NMinusOne/nbjet_ge1/pair_lowM/mass in Skim_TriLep_TTG.root
2026-07-21 19:45:03,495 - INFO - [2016preVFP] MISSING_SYSTEMATIC: SR3Mu/JetEn_Up/NMinusOne/nbjet_ge1/pair_lowM/mass in Skim_TriLep_TTG.root
2026-07-21 19:45:03,495 - INFO - [2016preVFP] MISSING_SYSTEMATIC: SR3Mu/JetEn_Down/NMinusOne/nbjet_ge1/pair_lowM/mass in Skim_TriLep_TTG.root
2026-07-21 19:45:03,496 - INFO - [2016preVFP] MISSING_SYSTEMATIC: SR3Mu/JetRes_Up/NMinusOne/nbjet_ge1/pair_lowM/mass in Skim_TriLep_TTG.root
2026-07-21 19:45:03,496 - INFO - [2016preVFP] MISSING_SYSTEMATIC: SR3Mu/JetRes_Down/NMinusOne/nbjet_ge1/pair_lowM/mass in Skim_TriLep_TTG.root
2026-07-21 19:45:03,497 - INFO - [2016preVFP] MISSING_SYSTEMATIC: SR3Mu/MuonEn_Up/NMinusOne/nbjet_ge1/pair_lowM/mass in Skim_TriLep_TTG.root
2026-07-21 19:45:03,497 - INFO - [2016preVFP] MISSING_SYSTEMATIC: SR3Mu/MuonEn_Down/NMinusOne/nbjet_ge1/pair_lowM/mass in Skim_TriLep_TTG.root
2026-07-21 19:45:03,497 - INFO - [2016preVFP] MISSING_SYSTEMATIC: SR3Mu/ElectronEn_Up/NMinusOne/nbjet_ge1/pair_lowM/mass in Skim_TriLep_TTG.root
2026-07-21 19:45:03,497 - INFO - [2016preVFP] MISSING_SYSTEMATIC: SR3Mu/ElectronEn_Down/NMinusOne/nbjet_ge1/pair_lowM/mass in Skim_TriLep_TTG.root
2026-07-21 19:45:03,498 - INFO - [2016preVFP] MISSING_SYSTEMATIC: SR3Mu/ElectronRes_Up/NMinusOne/nbjet_ge1/pair_lowM/mass in Skim_TriLep_TTG.root
2026-07-21 19:45:03,498 - INFO - [2016preVFP] MISSING_SYSTEMATIC: SR3Mu/ElectronRes_Down/NMinusOne/nbjet_ge1/pair_lowM/mass in Skim_TriLep_TTG.root
2026-07-21 19:45:03,499 - INFO - [2016preVFP] MISSING_SYSTEMATIC: SR3Mu/UnclusteredEn_Up/NMinusOne/nbjet_ge1/pair_lowM/mass in Skim_TriLep_TTG.root
2026-07-21 19:45:03,499 - INFO - [2016preVFP] MISSING_SYSTEMATIC: SR3Mu/UnclusteredEn_Down/NMinusOne/nbjet_ge1/pair_lowM/mass in Skim_TriLep_TTG.root
2026-07-21 19:45:03,499 - INFO - [2016preVFP] MISSING_SYSTEMATIC: SR3Mu/BtagSF_HFcorr_Up/NMinusOne/nbjet_ge1/pair_lowM/mass in Skim_TriLep_TTG.root
2026-07-21 19:45:03,499 - INFO - [2016preVFP] MISSING_SYSTEMATIC: SR3Mu/BtagSF_HFcorr_Down/NMinusOne/nbjet_ge1/pair_lowM/mass in Skim_TriLep_TTG.root
2026-07-21 19:45:03,500 - INFO - [2016preVFP] MISSING_SYSTEMATIC: SR3Mu/BtagSF_HFuncorr_Up/NMinusOne/nbjet_ge1/pair_lowM/mass in Skim_TriLep_TTG.root
2026-07-21 19:45:03,500 - INFO - [2016preVFP] MISSING_SYSTEMATIC: SR3Mu/BtagSF_HFuncorr_Down/NMinusOne/nbjet_ge1/pair_lowM/mass in Skim_TriLep_TTG.root
2026-07-21 19:45:03,500 - INFO - [2016preVFP] MISSING_SYSTEMATIC: SR3Mu/BtagSF_LFcorr_Up/NMinusOne/nbjet_ge1/pair_lowM/mass in Skim_TriLep_TTG.root
2026-07-21 19:45:03,500 - INFO - [2016preVFP] MISSING_SYSTEMATIC: SR3Mu/BtagSF_LFcorr_Down/NMinusOne/nbjet_ge1/pair_lowM/mass in Skim_TriLep_TTG.root
2026-07-21 19:45:03,501 - INFO - [2016preVFP] MISSING_SYSTEMATIC: SR3Mu/BtagSF_LFuncorr_Up/NMinusOne/nbjet_ge1/pair_lowM/mass in Skim_TriLep_TTG.root
2026-07-21 19:45:03,501 - INFO - [2016preVFP] MISSING_SYSTEMATIC: SR3Mu/BtagSF_LFuncorr_Down/NMinusOne/nbjet_ge1/pair_lowM/mass in Skim_TriLep_TTG.root
2026-07-21 19:45:03,502 - INFO - [2016preVFP] MISSING_SYSTEMATIC: SR3Mu/L1Prefire_Up/NMinusOne/nbjet_ge1/pair_lowM/mass in Skim_TriLep_WWG.root
2026-07-21 19:45:03,502 - INFO - [2016preVFP] MISSING_SYSTEMATIC: SR3Mu/L1Prefire_Down/NMinusOne/nbjet_ge1/pair_lowM/mass in Skim_TriLep_WWG.root
2026-07-21 19:45:03,503 - INFO - [2016preVFP] MISSING_SYSTEMATIC: SR3Mu/PileupReweight_Up/NMinusOne/nbjet_ge1/pair_lowM/mass in Skim_TriLep_WWG.root
2026-07-21 19:45:03,503 - INFO - [2016preVFP] MISSING_SYSTEMATIC: SR3Mu/PileupReweight_Down/NMinusOne/nbjet_ge1/pair_lowM/mass in Skim_TriLep_WWG.root
2026-07-21 19:45:03,503 - INFO - [2016preVFP] MISSING_SYSTEMATIC: SR3Mu/PileupJetIDSF_Up/NMinusOne/nbjet_ge1/pair_lowM/mass in Skim_TriLep_WWG.root
2026-07-21 19:45:03,503 - INFO - [2016preVFP] MISSING_SYSTEMATIC: SR3Mu/PileupJetIDSF_Down/NMinusOne/nbjet_ge1/pair_lowM/mass in Skim_TriLep_WWG.root
2026-07-21 19:45:03,504 - INFO - [2016preVFP] MISSING_SYSTEMATIC: SR3Mu/MuonIDSF_Up/NMinusOne/nbjet_ge1/pair_lowM/mass in Skim_TriLep_WWG.root
2026-07-21 19:45:03,504 - INFO - [2016preVFP] MISSING_SYSTEMATIC: SR3Mu/MuonIDSF_Down/NMinusOne/nbjet_ge1/pair_lowM/mass in Skim_TriLep_WWG.root
2026-07-21 19:45:03,504 - INFO - [2016preVFP] MISSING_SYSTEMATIC: SR3Mu/DblMuTrigSF_Up/NMinusOne/nbjet_ge1/pair_lowM/mass in Skim_TriLep_WWG.root
2026-07-21 19:45:03,504 - INFO - [2016preVFP] MISSING_SYSTEMATIC: SR3Mu/DblMuTrigSF_Down/NMinusOne/nbjet_ge1/pair_lowM/mass in Skim_TriLep_WWG.root
2026-07-21 19:45:03,505 - INFO - [2016preVFP] MISSING_SYSTEMATIC: SR3Mu/JetEn_Up/NMinusOne/nbjet_ge1/pair_lowM/mass in Skim_TriLep_WWG.root
2026-07-21 19:45:03,505 - INFO - [2016preVFP] MISSING_SYSTEMATIC: SR3Mu/JetEn_Down/NMinusOne/nbjet_ge1/pair_lowM/mass in Skim_TriLep_WWG.root
2026-07-21 19:45:03,505 - INFO - [2016preVFP] MISSING_SYSTEMATIC: SR3Mu/JetRes_Up/NMinusOne/nbjet_ge1/pair_lowM/mass in Skim_TriLep_WWG.root
2026-07-21 19:45:03,505 - INFO - [2016preVFP] MISSING_SYSTEMATIC: SR3Mu/JetRes_Down/NMinusOne/nbjet_ge1/pair_lowM/mass in Skim_TriLep_WWG.root
2026-07-21 19:45:03,506 - INFO - [2016preVFP] MISSING_SYSTEMATIC: SR3Mu/MuonEn_Up/NMinusOne/nbjet_ge1/pair_lowM/mass in Skim_TriLep_WWG.root
2026-07-21 19:45:03,506 - INFO - [2016preVFP] MISSING_SYSTEMATIC: SR3Mu/MuonEn_Down/NMinusOne/nbjet_ge1/pair_lowM/mass in Skim_TriLep_WWG.root
2026-07-21 19:45:03,506 - INFO - [2016preVFP] MISSING_SYSTEMATIC: SR3Mu/ElectronEn_Up/NMinusOne/nbjet_ge1/pair_lowM/mass in Skim_TriLep_WWG.root
2026-07-21 19:45:03,506 - INFO - [2016preVFP] MISSING_SYSTEMATIC: SR3Mu/ElectronEn_Down/NMinusOne/nbjet_ge1/pair_lowM/mass in Skim_TriLep_WWG.root
2026-07-21 19:45:03,507 - INFO - [2016preVFP] MISSING_SYSTEMATIC: SR3Mu/ElectronRes_Up/NMinusOne/nbjet_ge1/pair_lowM/mass in Skim_TriLep_WWG.root
2026-07-21 19:45:03,507 - INFO - [2016preVFP] MISSING_SYSTEMATIC: SR3Mu/ElectronRes_Down/NMinusOne/nbjet_ge1/pair_lowM/mass in Skim_TriLep_WWG.root
2026-07-21 19:45:03,507 - INFO - [2016preVFP] MISSING_SYSTEMATIC: SR3Mu/UnclusteredEn_Up/NMinusOne/nbjet_ge1/pair_lowM/mass in Skim_TriLep_WWG.root
2026-07-21 19:45:03,507 - INFO - [2016preVFP] MISSING_SYSTEMATIC: SR3Mu/UnclusteredEn_Down/NMinusOne/nbjet_ge1/pair_lowM/mass in Skim_TriLep_WWG.root
2026-07-21 19:45:03,508 - INFO - [2016preVFP] MISSING_SYSTEMATIC: SR3Mu/BtagSF_HFcorr_Up/NMinusOne/nbjet_ge1/pair_lowM/mass in Skim_TriLep_WWG.root
2026-07-21 19:45:03,508 - INFO - [2016preVFP] MISSING_SYSTEMATIC: SR3Mu/BtagSF_HFcorr_Down/NMinusOne/nbjet_ge1/pair_lowM/mass in Skim_TriLep_WWG.root
2026-07-21 19:45:03,508 - INFO - [2016preVFP] MISSING_SYSTEMATIC: SR3Mu/BtagSF_HFuncorr_Up/NMinusOne/nbjet_ge1/pair_lowM/mass in Skim_TriLep_WWG.root
2026-07-21 19:45:03,508 - INFO - [2016preVFP] MISSING_SYSTEMATIC: SR3Mu/BtagSF_HFuncorr_Down/NMinusOne/nbjet_ge1/pair_lowM/mass in Skim_TriLep_WWG.root
2026-07-21 19:45:03,509 - INFO - [2016preVFP] MISSING_SYSTEMATIC: SR3Mu/BtagSF_LFcorr_Up/NMinusOne/nbjet_ge1/pair_lowM/mass in Skim_TriLep_WWG.root
2026-07-21 19:45:03,509 - INFO - [2016preVFP] MISSING_SYSTEMATIC: SR3Mu/BtagSF_LFcorr_Down/NMinusOne/nbjet_ge1/pair_lowM/mass in Skim_TriLep_WWG.root
2026-07-21 19:45:03,509 - INFO - [2016preVFP] MISSING_SYSTEMATIC: SR3Mu/BtagSF_LFuncorr_Up/NMinusOne/nbjet_ge1/pair_lowM/mass in Skim_TriLep_WWG.root
2026-07-21 19:45:03,509 - INFO - [2016preVFP] MISSING_SYSTEMATIC: SR3Mu/BtagSF_LFuncorr_Down/NMinusOne/nbjet_ge1/pair_lowM/mass in Skim_TriLep_WWG.root
2026-07-21 19:45:03,511 - INFO - [2016preVFP] MISSING_SYSTEMATIC: SR3Mu/L1Prefire_Up/NMinusOne/nbjet_ge1/pair_lowM/mass in Skim_TriLep_TTWToLNu.root
2026-07-21 19:45:03,511 - INFO - [2016preVFP] MISSING_SYSTEMATIC: SR3Mu/L1Prefire_Down/NMinusOne/nbjet_ge1/pair_lowM/mass in Skim_TriLep_TTWToLNu.root
2026-07-21 19:45:03,511 - INFO - [2016preVFP] MISSING_SYSTEMATIC: SR3Mu/PileupReweight_Up/NMinusOne/nbjet_ge1/pair_lowM/mass in Skim_TriLep_TTWToLNu.root
2026-07-21 19:45:03,511 - INFO - [2016preVFP] MISSING_SYSTEMATIC: SR3Mu/PileupReweight_Down/NMinusOne/nbjet_ge1/pair_lowM/mass in Skim_TriLep_TTWToLNu.root
2026-07-21 19:45:03,512 - INFO - [2016preVFP] MISSING_SYSTEMATIC: SR3Mu/PileupJetIDSF_Up/NMinusOne/nbjet_ge1/pair_lowM/mass in Skim_TriLep_TTWToLNu.root
2026-07-21 19:45:03,512 - INFO - [2016preVFP] MISSING_SYSTEMATIC: SR3Mu/PileupJetIDSF_Down/NMinusOne/nbjet_ge1/pair_lowM/mass in Skim_TriLep_TTWToLNu.root
2026-07-21 19:45:03,512 - INFO - [2016preVFP] MISSING_SYSTEMATIC: SR3Mu/MuonIDSF_Up/NMinusOne/nbjet_ge1/pair_lowM/mass in Skim_TriLep_TTWToLNu.root
2026-07-21 19:45:03,512 - INFO - [2016preVFP] MISSING_SYSTEMATIC: SR3Mu/MuonIDSF_Down/NMinusOne/nbjet_ge1/pair_lowM/mass in Skim_TriLep_TTWToLNu.root
2026-07-21 19:45:03,513 - INFO - [2016preVFP] MISSING_SYSTEMATIC: SR3Mu/DblMuTrigSF_Up/NMinusOne/nbjet_ge1/pair_lowM/mass in Skim_TriLep_TTWToLNu.root
2026-07-21 19:45:03,513 - INFO - [2016preVFP] MISSING_SYSTEMATIC: SR3Mu/DblMuTrigSF_Down/NMinusOne/nbjet_ge1/pair_lowM/mass in Skim_TriLep_TTWToLNu.root
2026-07-21 19:45:03,514 - INFO - [2016preVFP] MISSING_SYSTEMATIC: SR3Mu/JetEn_Up/NMinusOne/nbjet_ge1/pair_lowM/mass in Skim_TriLep_TTWToLNu.root
2026-07-21 19:45:03,514 - INFO - [2016preVFP] MISSING_SYSTEMATIC: SR3Mu/JetEn_Down/NMinusOne/nbjet_ge1/pair_lowM/mass in Skim_TriLep_TTWToLNu.root
2026-07-21 19:45:03,514 - INFO - [2016preVFP] MISSING_SYSTEMATIC: SR3Mu/JetRes_Up/NMinusOne/nbjet_ge1/pair_lowM/mass in Skim_TriLep_TTWToLNu.root
2026-07-21 19:45:03,514 - INFO - [2016preVFP] MISSING_SYSTEMATIC: SR3Mu/JetRes_Down/NMinusOne/nbjet_ge1/pair_lowM/mass in Skim_TriLep_TTWToLNu.root
2026-07-21 19:45:03,515 - INFO - [2016preVFP] MISSING_SYSTEMATIC: SR3Mu/MuonEn_Up/NMinusOne/nbjet_ge1/pair_lowM/mass in Skim_TriLep_TTWToLNu.root
2026-07-21 19:45:03,515 - INFO - [2016preVFP] MISSING_SYSTEMATIC: SR3Mu/MuonEn_Down/NMinusOne/nbjet_ge1/pair_lowM/mass in Skim_TriLep_TTWToLNu.root
2026-07-21 19:45:03,516 - INFO - [2016preVFP] MISSING_SYSTEMATIC: SR3Mu/ElectronEn_Up/NMinusOne/nbjet_ge1/pair_lowM/mass in Skim_TriLep_TTWToLNu.root
2026-07-21 19:45:03,516 - INFO - [2016preVFP] MISSING_SYSTEMATIC: SR3Mu/ElectronEn_Down/NMinusOne/nbjet_ge1/pair_lowM/mass in Skim_TriLep_TTWToLNu.root
2026-07-21 19:45:03,516 - INFO - [2016preVFP] MISSING_SYSTEMATIC: SR3Mu/ElectronRes_Up/NMinusOne/nbjet_ge1/pair_lowM/mass in Skim_TriLep_TTWToLNu.root
2026-07-21 19:45:03,516 - INFO - [2016preVFP] MISSING_SYSTEMATIC: SR3Mu/ElectronRes_Down/NMinusOne/nbjet_ge1/pair_lowM/mass in Skim_TriLep_TTWToLNu.root
2026-07-21 19:45:03,517 - INFO - [2016preVFP] MISSING_SYSTEMATIC: SR3Mu/UnclusteredEn_Up/NMinusOne/nbjet_ge1/pair_lowM/mass in Skim_TriLep_TTWToLNu.root
2026-07-21 19:45:03,517 - INFO - [2016preVFP] MISSING_SYSTEMATIC: SR3Mu/UnclusteredEn_Down/NMinusOne/nbjet_ge1/pair_lowM/mass in Skim_TriLep_TTWToLNu.root
2026-07-21 19:45:03,518 - INFO - [2016preVFP] MISSING_SYSTEMATIC: SR3Mu/BtagSF_HFcorr_Up/NMinusOne/nbjet_ge1/pair_lowM/mass in Skim_TriLep_TTWToLNu.root
2026-07-21 19:45:03,518 - INFO - [2016preVFP] MISSING_SYSTEMATIC: SR3Mu/BtagSF_HFcorr_Down/NMinusOne/nbjet_ge1/pair_lowM/mass in Skim_TriLep_TTWToLNu.root
2026-07-21 19:45:03,518 - INFO - [2016preVFP] MISSING_SYSTEMATIC: SR3Mu/BtagSF_HFuncorr_Up/NMinusOne/nbjet_ge1/pair_lowM/mass in Skim_TriLep_TTWToLNu.root
2026-07-21 19:45:03,518 - INFO - [2016preVFP] MISSING_SYSTEMATIC: SR3Mu/BtagSF_HFuncorr_Down/NMinusOne/nbjet_ge1/pair_lowM/mass in Skim_TriLep_TTWToLNu.root
2026-07-21 19:45:03,519 - INFO - [2016preVFP] MISSING_SYSTEMATIC: SR3Mu/BtagSF_LFcorr_Up/NMinusOne/nbjet_ge1/pair_lowM/mass in Skim_TriLep_TTWToLNu.root
2026-07-21 19:45:03,519 - INFO - [2016preVFP] MISSING_SYSTEMATIC: SR3Mu/BtagSF_LFcorr_Down/NMinusOne/nbjet_ge1/pair_lowM/mass in Skim_TriLep_TTWToLNu.root
2026-07-21 19:45:03,520 - INFO - [2016preVFP] MISSING_SYSTEMATIC: SR3Mu/BtagSF_LFuncorr_Up/NMinusOne/nbjet_ge1/pair_lowM/mass in Skim_TriLep_TTWToLNu.root
2026-07-21 19:45:03,520 - INFO - [2016preVFP] MISSING_SYSTEMATIC: SR3Mu/BtagSF_LFuncorr_Down/NMinusOne/nbjet_ge1/pair_lowM/mass in Skim_TriLep_TTWToLNu.root
2026-07-21 19:45:03,521 - INFO - [2016preVFP] MISSING_SYSTEMATIC: SR3Mu/L1Prefire_Up/NMinusOne/nbjet_ge1/pair_lowM/mass in Skim_TriLep_TTZToLLNuNu.root
2026-07-21 19:45:03,521 - INFO - [2016preVFP] MISSING_SYSTEMATIC: SR3Mu/L1Prefire_Down/NMinusOne/nbjet_ge1/pair_lowM/mass in Skim_TriLep_TTZToLLNuNu.root
2026-07-21 19:45:03,521 - INFO - [2016preVFP] MISSING_SYSTEMATIC: SR3Mu/PileupReweight_Up/NMinusOne/nbjet_ge1/pair_lowM/mass in Skim_TriLep_TTZToLLNuNu.root
2026-07-21 19:45:03,521 - INFO - [2016preVFP] MISSING_SYSTEMATIC: SR3Mu/PileupReweight_Down/NMinusOne/nbjet_ge1/pair_lowM/mass in Skim_TriLep_TTZToLLNuNu.root
2026-07-21 19:45:03,522 - INFO - [2016preVFP] MISSING_SYSTEMATIC: SR3Mu/PileupJetIDSF_Up/NMinusOne/nbjet_ge1/pair_lowM/mass in Skim_TriLep_TTZToLLNuNu.root
2026-07-21 19:45:03,522 - INFO - [2016preVFP] MISSING_SYSTEMATIC: SR3Mu/PileupJetIDSF_Down/NMinusOne/nbjet_ge1/pair_lowM/mass in Skim_TriLep_TTZToLLNuNu.root
2026-07-21 19:45:03,523 - INFO - [2016preVFP] MISSING_SYSTEMATIC: SR3Mu/MuonIDSF_Up/NMinusOne/nbjet_ge1/pair_lowM/mass in Skim_TriLep_TTZToLLNuNu.root
2026-07-21 19:45:03,523 - INFO - [2016preVFP] MISSING_SYSTEMATIC: SR3Mu/MuonIDSF_Down/NMinusOne/nbjet_ge1/pair_lowM/mass in Skim_TriLep_TTZToLLNuNu.root
2026-07-21 19:45:03,523 - INFO - [2016preVFP] MISSING_SYSTEMATIC: SR3Mu/DblMuTrigSF_Up/NMinusOne/nbjet_ge1/pair_lowM/mass in Skim_TriLep_TTZToLLNuNu.root
2026-07-21 19:45:03,523 - INFO - [2016preVFP] MISSING_SYSTEMATIC: SR3Mu/DblMuTrigSF_Down/NMinusOne/nbjet_ge1/pair_lowM/mass in Skim_TriLep_TTZToLLNuNu.root
2026-07-21 19:45:03,524 - INFO - [2016preVFP] MISSING_SYSTEMATIC: SR3Mu/JetEn_Up/NMinusOne/nbjet_ge1/pair_lowM/mass in Skim_TriLep_TTZToLLNuNu.root
2026-07-21 19:45:03,524 - INFO - [2016preVFP] MISSING_SYSTEMATIC: SR3Mu/JetEn_Down/NMinusOne/nbjet_ge1/pair_lowM/mass in Skim_TriLep_TTZToLLNuNu.root
2026-07-21 19:45:03,525 - INFO - [2016preVFP] MISSING_SYSTEMATIC: SR3Mu/JetRes_Up/NMinusOne/nbjet_ge1/pair_lowM/mass in Skim_TriLep_TTZToLLNuNu.root
2026-07-21 19:45:03,525 - INFO - [2016preVFP] MISSING_SYSTEMATIC: SR3Mu/JetRes_Down/NMinusOne/nbjet_ge1/pair_lowM/mass in Skim_TriLep_TTZToLLNuNu.root
2026-07-21 19:45:03,525 - INFO - [2016preVFP] MISSING_SYSTEMATIC: SR3Mu/MuonEn_Up/NMinusOne/nbjet_ge1/pair_lowM/mass in Skim_TriLep_TTZToLLNuNu.root
2026-07-21 19:45:03,525 - INFO - [2016preVFP] MISSING_SYSTEMATIC: SR3Mu/MuonEn_Down/NMinusOne/nbjet_ge1/pair_lowM/mass in Skim_TriLep_TTZToLLNuNu.root
2026-07-21 19:45:03,526 - INFO - [2016preVFP] MISSING_SYSTEMATIC: SR3Mu/ElectronEn_Up/NMinusOne/nbjet_ge1/pair_lowM/mass in Skim_TriLep_TTZToLLNuNu.root
2026-07-21 19:45:03,526 - INFO - [2016preVFP] MISSING_SYSTEMATIC: SR3Mu/ElectronEn_Down/NMinusOne/nbjet_ge1/pair_lowM/mass in Skim_TriLep_TTZToLLNuNu.root
2026-07-21 19:45:03,527 - INFO - [2016preVFP] MISSING_SYSTEMATIC: SR3Mu/ElectronRes_Up/NMinusOne/nbjet_ge1/pair_lowM/mass in Skim_TriLep_TTZToLLNuNu.root
2026-07-21 19:45:03,527 - INFO - [2016preVFP] MISSING_SYSTEMATIC: SR3Mu/ElectronRes_Down/NMinusOne/nbjet_ge1/pair_lowM/mass in Skim_TriLep_TTZToLLNuNu.root
2026-07-21 19:45:03,528 - INFO - [2016preVFP] MISSING_SYSTEMATIC: SR3Mu/UnclusteredEn_Up/NMinusOne/nbjet_ge1/pair_lowM/mass in Skim_TriLep_TTZToLLNuNu.root
2026-07-21 19:45:03,528 - INFO - [2016preVFP] MISSING_SYSTEMATIC: SR3Mu/UnclusteredEn_Down/NMinusOne/nbjet_ge1/pair_lowM/mass in Skim_TriLep_TTZToLLNuNu.root
2026-07-21 19:45:03,528 - INFO - [2016preVFP] MISSING_SYSTEMATIC: SR3Mu/BtagSF_HFcorr_Up/NMinusOne/nbjet_ge1/pair_lowM/mass in Skim_TriLep_TTZToLLNuNu.root
2026-07-21 19:45:03,528 - INFO - [2016preVFP] MISSING_SYSTEMATIC: SR3Mu/BtagSF_HFcorr_Down/NMinusOne/nbjet_ge1/pair_lowM/mass in Skim_TriLep_TTZToLLNuNu.root
2026-07-21 19:45:03,529 - INFO - [2016preVFP] MISSING_SYSTEMATIC: SR3Mu/BtagSF_HFuncorr_Up/NMinusOne/nbjet_ge1/pair_lowM/mass in Skim_TriLep_TTZToLLNuNu.root
2026-07-21 19:45:03,529 - INFO - [2016preVFP] MISSING_SYSTEMATIC: SR3Mu/BtagSF_HFuncorr_Down/NMinusOne/nbjet_ge1/pair_lowM/mass in Skim_TriLep_TTZToLLNuNu.root
2026-07-21 19:45:03,530 - INFO - [2016preVFP] MISSING_SYSTEMATIC: SR3Mu/BtagSF_LFcorr_Up/NMinusOne/nbjet_ge1/pair_lowM/mass in Skim_TriLep_TTZToLLNuNu.root
2026-07-21 19:45:03,530 - INFO - [2016preVFP] MISSING_SYSTEMATIC: SR3Mu/BtagSF_LFcorr_Down/NMinusOne/nbjet_ge1/pair_lowM/mass in Skim_TriLep_TTZToLLNuNu.root
2026-07-21 19:45:03,530 - INFO - [2016preVFP] MISSING_SYSTEMATIC: SR3Mu/BtagSF_LFuncorr_Up/NMinusOne/nbjet_ge1/pair_lowM/mass in Skim_TriLep_TTZToLLNuNu.root
2026-07-21 19:45:03,530 - INFO - [2016preVFP] MISSING_SYSTEMATIC: SR3Mu/BtagSF_LFuncorr_Down/NMinusOne/nbjet_ge1/pair_lowM/mass in Skim_TriLep_TTZToLLNuNu.root
2026-07-21 19:45:03,531 - INFO - [2016preVFP] MISSING_SYSTEMATIC: SR3Mu/L1Prefire_Up/NMinusOne/nbjet_ge1/pair_lowM/mass in Skim_TriLep_TTHToNonbb.root
2026-07-21 19:45:03,531 - INFO - [2016preVFP] MISSING_SYSTEMATIC: SR3Mu/L1Prefire_Down/NMinusOne/nbjet_ge1/pair_lowM/mass in Skim_TriLep_TTHToNonbb.root
2026-07-21 19:45:03,532 - INFO - [2016preVFP] MISSING_SYSTEMATIC: SR3Mu/PileupReweight_Up/NMinusOne/nbjet_ge1/pair_lowM/mass in Skim_TriLep_TTHToNonbb.root
2026-07-21 19:45:03,532 - INFO - [2016preVFP] MISSING_SYSTEMATIC: SR3Mu/PileupReweight_Down/NMinusOne/nbjet_ge1/pair_lowM/mass in Skim_TriLep_TTHToNonbb.root
2026-07-21 19:45:03,533 - INFO - [2016preVFP] MISSING_SYSTEMATIC: SR3Mu/PileupJetIDSF_Up/NMinusOne/nbjet_ge1/pair_lowM/mass in Skim_TriLep_TTHToNonbb.root
2026-07-21 19:45:03,533 - INFO - [2016preVFP] MISSING_SYSTEMATIC: SR3Mu/PileupJetIDSF_Down/NMinusOne/nbjet_ge1/pair_lowM/mass in Skim_TriLep_TTHToNonbb.root
2026-07-21 19:45:03,533 - INFO - [2016preVFP] MISSING_SYSTEMATIC: SR3Mu/MuonIDSF_Up/NMinusOne/nbjet_ge1/pair_lowM/mass in Skim_TriLep_TTHToNonbb.root
2026-07-21 19:45:03,533 - INFO - [2016preVFP] MISSING_SYSTEMATIC: SR3Mu/MuonIDSF_Down/NMinusOne/nbjet_ge1/pair_lowM/mass in Skim_TriLep_TTHToNonbb.root
2026-07-21 19:45:03,534 - INFO - [2016preVFP] MISSING_SYSTEMATIC: SR3Mu/DblMuTrigSF_Up/NMinusOne/nbjet_ge1/pair_lowM/mass in Skim_TriLep_TTHToNonbb.root
2026-07-21 19:45:03,534 - INFO - [2016preVFP] MISSING_SYSTEMATIC: SR3Mu/DblMuTrigSF_Down/NMinusOne/nbjet_ge1/pair_lowM/mass in Skim_TriLep_TTHToNonbb.root
2026-07-21 19:45:03,535 - INFO - [2016preVFP] MISSING_SYSTEMATIC: SR3Mu/JetEn_Up/NMinusOne/nbjet_ge1/pair_lowM/mass in Skim_TriLep_TTHToNonbb.root
2026-07-21 19:45:03,535 - INFO - [2016preVFP] MISSING_SYSTEMATIC: SR3Mu/JetEn_Down/NMinusOne/nbjet_ge1/pair_lowM/mass in Skim_TriLep_TTHToNonbb.root
2026-07-21 19:45:03,535 - INFO - [2016preVFP] MISSING_SYSTEMATIC: SR3Mu/JetRes_Up/NMinusOne/nbjet_ge1/pair_lowM/mass in Skim_TriLep_TTHToNonbb.root
2026-07-21 19:45:03,535 - INFO - [2016preVFP] MISSING_SYSTEMATIC: SR3Mu/JetRes_Down/NMinusOne/nbjet_ge1/pair_lowM/mass in Skim_TriLep_TTHToNonbb.root
2026-07-21 19:45:03,536 - INFO - [2016preVFP] MISSING_SYSTEMATIC: SR3Mu/MuonEn_Up/NMinusOne/nbjet_ge1/pair_lowM/mass in Skim_TriLep_TTHToNonbb.root
2026-07-21 19:45:03,536 - INFO - [2016preVFP] MISSING_SYSTEMATIC: SR3Mu/MuonEn_Down/NMinusOne/nbjet_ge1/pair_lowM/mass in Skim_TriLep_TTHToNonbb.root
2026-07-21 19:45:03,537 - INFO - [2016preVFP] MISSING_SYSTEMATIC: SR3Mu/ElectronEn_Up/NMinusOne/nbjet_ge1/pair_lowM/mass in Skim_TriLep_TTHToNonbb.root
2026-07-21 19:45:03,537 - INFO - [2016preVFP] MISSING_SYSTEMATIC: SR3Mu/ElectronEn_Down/NMinusOne/nbjet_ge1/pair_lowM/mass in Skim_TriLep_TTHToNonbb.root
2026-07-21 19:45:03,537 - INFO - [2016preVFP] MISSING_SYSTEMATIC: SR3Mu/ElectronRes_Up/NMinusOne/nbjet_ge1/pair_lowM/mass in Skim_TriLep_TTHToNonbb.root
2026-07-21 19:45:03,537 - INFO - [2016preVFP] MISSING_SYSTEMATIC: SR3Mu/ElectronRes_Down/NMinusOne/nbjet_ge1/pair_lowM/mass in Skim_TriLep_TTHToNonbb.root
2026-07-21 19:45:03,538 - INFO - [2016preVFP] MISSING_SYSTEMATIC: SR3Mu/UnclusteredEn_Up/NMinusOne/nbjet_ge1/pair_lowM/mass in Skim_TriLep_TTHToNonbb.root
2026-07-21 19:45:03,538 - INFO - [2016preVFP] MISSING_SYSTEMATIC: SR3Mu/UnclusteredEn_Down/NMinusOne/nbjet_ge1/pair_lowM/mass in Skim_TriLep_TTHToNonbb.root
2026-07-21 19:45:03,539 - INFO - [2016preVFP] MISSING_SYSTEMATIC: SR3Mu/BtagSF_HFcorr_Up/NMinusOne/nbjet_ge1/pair_lowM/mass in Skim_TriLep_TTHToNonbb.root
2026-07-21 19:45:03,539 - INFO - [2016preVFP] MISSING_SYSTEMATIC: SR3Mu/BtagSF_HFcorr_Down/NMinusOne/nbjet_ge1/pair_lowM/mass in Skim_TriLep_TTHToNonbb.root
2026-07-21 19:45:03,539 - INFO - [2016preVFP] MISSING_SYSTEMATIC: SR3Mu/BtagSF_HFuncorr_Up/NMinusOne/nbjet_ge1/pair_lowM/mass in Skim_TriLep_TTHToNonbb.root
2026-07-21 19:45:03,539 - INFO - [2016preVFP] MISSING_SYSTEMATIC: SR3Mu/BtagSF_HFuncorr_Down/NMinusOne/nbjet_ge1/pair_lowM/mass in Skim_TriLep_TTHToNonbb.root
2026-07-21 19:45:03,540 - INFO - [2016preVFP] MISSING_SYSTEMATIC: SR3Mu/BtagSF_LFcorr_Up/NMinusOne/nbjet_ge1/pair_lowM/mass in Skim_TriLep_TTHToNonbb.root
2026-07-21 19:45:03,540 - INFO - [2016preVFP] MISSING_SYSTEMATIC: SR3Mu/BtagSF_LFcorr_Down/NMinusOne/nbjet_ge1/pair_lowM/mass in Skim_TriLep_TTHToNonbb.root
2026-07-21 19:45:03,541 - INFO - [2016preVFP] MISSING_SYSTEMATIC: SR3Mu/BtagSF_LFuncorr_Up/NMinusOne/nbjet_ge1/pair_lowM/mass in Skim_TriLep_TTHToNonbb.root
2026-07-21 19:45:03,541 - INFO - [2016preVFP] MISSING_SYSTEMATIC: SR3Mu/BtagSF_LFuncorr_Down/NMinusOne/nbjet_ge1/pair_lowM/mass in Skim_TriLep_TTHToNonbb.root
2026-07-21 19:45:03,542 - INFO - [2016preVFP] MISSING_SYSTEMATIC: SR3Mu/L1Prefire_Up/NMinusOne/nbjet_ge1/pair_lowM/mass in Skim_TriLep_tZq.root
2026-07-21 19:45:03,542 - INFO - [2016preVFP] MISSING_SYSTEMATIC: SR3Mu/L1Prefire_Down/NMinusOne/nbjet_ge1/pair_lowM/mass in Skim_TriLep_tZq.root
2026-07-21 19:45:03,542 - INFO - [2016preVFP] MISSING_SYSTEMATIC: SR3Mu/PileupReweight_Up/NMinusOne/nbjet_ge1/pair_lowM/mass in Skim_TriLep_tZq.root
2026-07-21 19:45:03,542 - INFO - [2016preVFP] MISSING_SYSTEMATIC: SR3Mu/PileupReweight_Down/NMinusOne/nbjet_ge1/pair_lowM/mass in Skim_TriLep_tZq.root
2026-07-21 19:45:03,543 - INFO - [2016preVFP] MISSING_SYSTEMATIC: SR3Mu/PileupJetIDSF_Up/NMinusOne/nbjet_ge1/pair_lowM/mass in Skim_TriLep_tZq.root
2026-07-21 19:45:03,543 - INFO - [2016preVFP] MISSING_SYSTEMATIC: SR3Mu/PileupJetIDSF_Down/NMinusOne/nbjet_ge1/pair_lowM/mass in Skim_TriLep_tZq.root
2026-07-21 19:45:03,544 - INFO - [2016preVFP] MISSING_SYSTEMATIC: SR3Mu/MuonIDSF_Up/NMinusOne/nbjet_ge1/pair_lowM/mass in Skim_TriLep_tZq.root
2026-07-21 19:45:03,544 - INFO - [2016preVFP] MISSING_SYSTEMATIC: SR3Mu/MuonIDSF_Down/NMinusOne/nbjet_ge1/pair_lowM/mass in Skim_TriLep_tZq.root
2026-07-21 19:45:03,544 - INFO - [2016preVFP] MISSING_SYSTEMATIC: SR3Mu/DblMuTrigSF_Up/NMinusOne/nbjet_ge1/pair_lowM/mass in Skim_TriLep_tZq.root
2026-07-21 19:45:03,544 - INFO - [2016preVFP] MISSING_SYSTEMATIC: SR3Mu/DblMuTrigSF_Down/NMinusOne/nbjet_ge1/pair_lowM/mass in Skim_TriLep_tZq.root
2026-07-21 19:45:03,545 - INFO - [2016preVFP] MISSING_SYSTEMATIC: SR3Mu/JetEn_Up/NMinusOne/nbjet_ge1/pair_lowM/mass in Skim_TriLep_tZq.root
2026-07-21 19:45:03,545 - INFO - [2016preVFP] MISSING_SYSTEMATIC: SR3Mu/JetEn_Down/NMinusOne/nbjet_ge1/pair_lowM/mass in Skim_TriLep_tZq.root
2026-07-21 19:45:03,546 - INFO - [2016preVFP] MISSING_SYSTEMATIC: SR3Mu/JetRes_Up/NMinusOne/nbjet_ge1/pair_lowM/mass in Skim_TriLep_tZq.root
2026-07-21 19:45:03,546 - INFO - [2016preVFP] MISSING_SYSTEMATIC: SR3Mu/JetRes_Down/NMinusOne/nbjet_ge1/pair_lowM/mass in Skim_TriLep_tZq.root
2026-07-21 19:45:03,546 - INFO - [2016preVFP] MISSING_SYSTEMATIC: SR3Mu/MuonEn_Up/NMinusOne/nbjet_ge1/pair_lowM/mass in Skim_TriLep_tZq.root
2026-07-21 19:45:03,546 - INFO - [2016preVFP] MISSING_SYSTEMATIC: SR3Mu/MuonEn_Down/NMinusOne/nbjet_ge1/pair_lowM/mass in Skim_TriLep_tZq.root
2026-07-21 19:45:03,547 - INFO - [2016preVFP] MISSING_SYSTEMATIC: SR3Mu/ElectronEn_Up/NMinusOne/nbjet_ge1/pair_lowM/mass in Skim_TriLep_tZq.root
2026-07-21 19:45:03,547 - INFO - [2016preVFP] MISSING_SYSTEMATIC: SR3Mu/ElectronEn_Down/NMinusOne/nbjet_ge1/pair_lowM/mass in Skim_TriLep_tZq.root
2026-07-21 19:45:03,547 - INFO - [2016preVFP] MISSING_SYSTEMATIC: SR3Mu/ElectronRes_Up/NMinusOne/nbjet_ge1/pair_lowM/mass in Skim_TriLep_tZq.root
2026-07-21 19:45:03,547 - INFO - [2016preVFP] MISSING_SYSTEMATIC: SR3Mu/ElectronRes_Down/NMinusOne/nbjet_ge1/pair_lowM/mass in Skim_TriLep_tZq.root
2026-07-21 19:45:03,548 - INFO - [2016preVFP] MISSING_SYSTEMATIC: SR3Mu/UnclusteredEn_Up/NMinusOne/nbjet_ge1/pair_lowM/mass in Skim_TriLep_tZq.root
2026-07-21 19:45:03,548 - INFO - [2016preVFP] MISSING_SYSTEMATIC: SR3Mu/UnclusteredEn_Down/NMinusOne/nbjet_ge1/pair_lowM/mass in Skim_TriLep_tZq.root
2026-07-21 19:45:03,549 - INFO - [2016preVFP] MISSING_SYSTEMATIC: SR3Mu/BtagSF_HFcorr_Up/NMinusOne/nbjet_ge1/pair_lowM/mass in Skim_TriLep_tZq.root
2026-07-21 19:45:03,549 - INFO - [2016preVFP] MISSING_SYSTEMATIC: SR3Mu/BtagSF_HFcorr_Down/NMinusOne/nbjet_ge1/pair_lowM/mass in Skim_TriLep_tZq.root
2026-07-21 19:45:03,549 - INFO - [2016preVFP] MISSING_SYSTEMATIC: SR3Mu/BtagSF_HFuncorr_Up/NMinusOne/nbjet_ge1/pair_lowM/mass in Skim_TriLep_tZq.root
2026-07-21 19:45:03,549 - INFO - [2016preVFP] MISSING_SYSTEMATIC: SR3Mu/BtagSF_HFuncorr_Down/NMinusOne/nbjet_ge1/pair_lowM/mass in Skim_TriLep_tZq.root
2026-07-21 19:45:03,550 - INFO - [2016preVFP] MISSING_SYSTEMATIC: SR3Mu/BtagSF_LFcorr_Up/NMinusOne/nbjet_ge1/pair_lowM/mass in Skim_TriLep_tZq.root
2026-07-21 19:45:03,550 - INFO - [2016preVFP] MISSING_SYSTEMATIC: SR3Mu/BtagSF_LFcorr_Down/NMinusOne/nbjet_ge1/pair_lowM/mass in Skim_TriLep_tZq.root
2026-07-21 19:45:03,550 - INFO - [2016preVFP] MISSING_SYSTEMATIC: SR3Mu/BtagSF_LFuncorr_Up/NMinusOne/nbjet_ge1/pair_lowM/mass in Skim_TriLep_tZq.root
2026-07-21 19:45:03,551 - INFO - [2016preVFP] MISSING_SYSTEMATIC: SR3Mu/BtagSF_LFuncorr_Down/NMinusOne/nbjet_ge1/pair_lowM/mass in Skim_TriLep_tZq.root
2026-07-21 19:45:03,552 - INFO - [2016preVFP] MISSING_SYSTEMATIC: SR3Mu/L1Prefire_Up/NMinusOne/nbjet_ge1/pair_lowM/mass in Skim_TriLep_WZTo3LNu_amcatnlo.root
2026-07-21 19:45:03,552 - INFO - [2016preVFP] MISSING_SYSTEMATIC: SR3Mu/L1Prefire_Down/NMinusOne/nbjet_ge1/pair_lowM/mass in Skim_TriLep_WZTo3LNu_amcatnlo.root
2026-07-21 19:45:03,552 - INFO - [2016preVFP] MISSING_SYSTEMATIC: SR3Mu/PileupReweight_Up/NMinusOne/nbjet_ge1/pair_lowM/mass in Skim_TriLep_WZTo3LNu_amcatnlo.root
2026-07-21 19:45:03,552 - INFO - [2016preVFP] MISSING_SYSTEMATIC: SR3Mu/PileupReweight_Down/NMinusOne/nbjet_ge1/pair_lowM/mass in Skim_TriLep_WZTo3LNu_amcatnlo.root
2026-07-21 19:45:03,553 - INFO - [2016preVFP] MISSING_SYSTEMATIC: SR3Mu/PileupJetIDSF_Up/NMinusOne/nbjet_ge1/pair_lowM/mass in Skim_TriLep_WZTo3LNu_amcatnlo.root
2026-07-21 19:45:03,553 - INFO - [2016preVFP] MISSING_SYSTEMATIC: SR3Mu/PileupJetIDSF_Down/NMinusOne/nbjet_ge1/pair_lowM/mass in Skim_TriLep_WZTo3LNu_amcatnlo.root
2026-07-21 19:45:03,554 - INFO - [2016preVFP] MISSING_SYSTEMATIC: SR3Mu/MuonIDSF_Up/NMinusOne/nbjet_ge1/pair_lowM/mass in Skim_TriLep_WZTo3LNu_amcatnlo.root
2026-07-21 19:45:03,554 - INFO - [2016preVFP] MISSING_SYSTEMATIC: SR3Mu/MuonIDSF_Down/NMinusOne/nbjet_ge1/pair_lowM/mass in Skim_TriLep_WZTo3LNu_amcatnlo.root
2026-07-21 19:45:03,554 - INFO - [2016preVFP] MISSING_SYSTEMATIC: SR3Mu/DblMuTrigSF_Up/NMinusOne/nbjet_ge1/pair_lowM/mass in Skim_TriLep_WZTo3LNu_amcatnlo.root
2026-07-21 19:45:03,554 - INFO - [2016preVFP] MISSING_SYSTEMATIC: SR3Mu/DblMuTrigSF_Down/NMinusOne/nbjet_ge1/pair_lowM/mass in Skim_TriLep_WZTo3LNu_amcatnlo.root
2026-07-21 19:45:03,555 - INFO - [2016preVFP] MISSING_SYSTEMATIC: SR3Mu/JetEn_Up/NMinusOne/nbjet_ge1/pair_lowM/mass in Skim_TriLep_WZTo3LNu_amcatnlo.root
2026-07-21 19:45:03,555 - INFO - [2016preVFP] MISSING_SYSTEMATIC: SR3Mu/JetEn_Down/NMinusOne/nbjet_ge1/pair_lowM/mass in Skim_TriLep_WZTo3LNu_amcatnlo.root
2026-07-21 19:45:03,556 - INFO - [2016preVFP] MISSING_SYSTEMATIC: SR3Mu/JetRes_Up/NMinusOne/nbjet_ge1/pair_lowM/mass in Skim_TriLep_WZTo3LNu_amcatnlo.root
2026-07-21 19:45:03,556 - INFO - [2016preVFP] MISSING_SYSTEMATIC: SR3Mu/JetRes_Down/NMinusOne/nbjet_ge1/pair_lowM/mass in Skim_TriLep_WZTo3LNu_amcatnlo.root
2026-07-21 19:45:03,556 - INFO - [2016preVFP] MISSING_SYSTEMATIC: SR3Mu/MuonEn_Up/NMinusOne/nbjet_ge1/pair_lowM/mass in Skim_TriLep_WZTo3LNu_amcatnlo.root
2026-07-21 19:45:03,556 - INFO - [2016preVFP] MISSING_SYSTEMATIC: SR3Mu/MuonEn_Down/NMinusOne/nbjet_ge1/pair_lowM/mass in Skim_TriLep_WZTo3LNu_amcatnlo.root
2026-07-21 19:45:03,557 - INFO - [2016preVFP] MISSING_SYSTEMATIC: SR3Mu/ElectronEn_Up/NMinusOne/nbjet_ge1/pair_lowM/mass in Skim_TriLep_WZTo3LNu_amcatnlo.root
2026-07-21 19:45:03,557 - INFO - [2016preVFP] MISSING_SYSTEMATIC: SR3Mu/ElectronEn_Down/NMinusOne/nbjet_ge1/pair_lowM/mass in Skim_TriLep_WZTo3LNu_amcatnlo.root
2026-07-21 19:45:03,558 - INFO - [2016preVFP] MISSING_SYSTEMATIC: SR3Mu/ElectronRes_Up/NMinusOne/nbjet_ge1/pair_lowM/mass in Skim_TriLep_WZTo3LNu_amcatnlo.root
2026-07-21 19:45:03,558 - INFO - [2016preVFP] MISSING_SYSTEMATIC: SR3Mu/ElectronRes_Down/NMinusOne/nbjet_ge1/pair_lowM/mass in Skim_TriLep_WZTo3LNu_amcatnlo.root
2026-07-21 19:45:03,558 - INFO - [2016preVFP] MISSING_SYSTEMATIC: SR3Mu/UnclusteredEn_Up/NMinusOne/nbjet_ge1/pair_lowM/mass in Skim_TriLep_WZTo3LNu_amcatnlo.root
2026-07-21 19:45:03,558 - INFO - [2016preVFP] MISSING_SYSTEMATIC: SR3Mu/UnclusteredEn_Down/NMinusOne/nbjet_ge1/pair_lowM/mass in Skim_TriLep_WZTo3LNu_amcatnlo.root
2026-07-21 19:45:03,559 - INFO - [2016preVFP] MISSING_SYSTEMATIC: SR3Mu/BtagSF_HFcorr_Up/NMinusOne/nbjet_ge1/pair_lowM/mass in Skim_TriLep_WZTo3LNu_amcatnlo.root
2026-07-21 19:45:03,559 - INFO - [2016preVFP] MISSING_SYSTEMATIC: SR3Mu/BtagSF_HFcorr_Down/NMinusOne/nbjet_ge1/pair_lowM/mass in Skim_TriLep_WZTo3LNu_amcatnlo.root
2026-07-21 19:45:03,560 - INFO - [2016preVFP] MISSING_SYSTEMATIC: SR3Mu/BtagSF_HFuncorr_Up/NMinusOne/nbjet_ge1/pair_lowM/mass in Skim_TriLep_WZTo3LNu_amcatnlo.root
2026-07-21 19:45:03,560 - INFO - [2016preVFP] MISSING_SYSTEMATIC: SR3Mu/BtagSF_HFuncorr_Down/NMinusOne/nbjet_ge1/pair_lowM/mass in Skim_TriLep_WZTo3LNu_amcatnlo.root
2026-07-21 19:45:03,560 - INFO - [2016preVFP] MISSING_SYSTEMATIC: SR3Mu/BtagSF_LFcorr_Up/NMinusOne/nbjet_ge1/pair_lowM/mass in Skim_TriLep_WZTo3LNu_amcatnlo.root
2026-07-21 19:45:03,560 - INFO - [2016preVFP] MISSING_SYSTEMATIC: SR3Mu/BtagSF_LFcorr_Down/NMinusOne/nbjet_ge1/pair_lowM/mass in Skim_TriLep_WZTo3LNu_amcatnlo.root
2026-07-21 19:45:03,561 - INFO - [2016preVFP] MISSING_SYSTEMATIC: SR3Mu/BtagSF_LFuncorr_Up/NMinusOne/nbjet_ge1/pair_lowM/mass in Skim_TriLep_WZTo3LNu_amcatnlo.root
2026-07-21 19:45:03,561 - INFO - [2016preVFP] MISSING_SYSTEMATIC: SR3Mu/BtagSF_LFuncorr_Down/NMinusOne/nbjet_ge1/pair_lowM/mass in Skim_TriLep_WZTo3LNu_amcatnlo.root
2026-07-21 19:45:03,565 - INFO - [2016preVFP] MISSING_SYSTEMATIC: SR3Mu/L1Prefire_Up/NMinusOne/nbjet_ge1/pair_lowM/mass in Skim_TriLep_ZZTo4L_powheg.root
2026-07-21 19:45:03,565 - INFO - [2016preVFP] MISSING_SYSTEMATIC: SR3Mu/L1Prefire_Down/NMinusOne/nbjet_ge1/pair_lowM/mass in Skim_TriLep_ZZTo4L_powheg.root
2026-07-21 19:45:03,566 - INFO - [2016preVFP] MISSING_SYSTEMATIC: SR3Mu/PileupReweight_Up/NMinusOne/nbjet_ge1/pair_lowM/mass in Skim_TriLep_ZZTo4L_powheg.root
2026-07-21 19:45:03,566 - INFO - [2016preVFP] MISSING_SYSTEMATIC: SR3Mu/PileupReweight_Down/NMinusOne/nbjet_ge1/pair_lowM/mass in Skim_TriLep_ZZTo4L_powheg.root
2026-07-21 19:45:03,567 - INFO - [2016preVFP] MISSING_SYSTEMATIC: SR3Mu/PileupJetIDSF_Up/NMinusOne/nbjet_ge1/pair_lowM/mass in Skim_TriLep_ZZTo4L_powheg.root
2026-07-21 19:45:03,567 - INFO - [2016preVFP] MISSING_SYSTEMATIC: SR3Mu/PileupJetIDSF_Down/NMinusOne/nbjet_ge1/pair_lowM/mass in Skim_TriLep_ZZTo4L_powheg.root
2026-07-21 19:45:03,567 - INFO - [2016preVFP] MISSING_SYSTEMATIC: SR3Mu/MuonIDSF_Up/NMinusOne/nbjet_ge1/pair_lowM/mass in Skim_TriLep_ZZTo4L_powheg.root
2026-07-21 19:45:03,567 - INFO - [2016preVFP] MISSING_SYSTEMATIC: SR3Mu/MuonIDSF_Down/NMinusOne/nbjet_ge1/pair_lowM/mass in Skim_TriLep_ZZTo4L_powheg.root
2026-07-21 19:45:03,568 - INFO - [2016preVFP] MISSING_SYSTEMATIC: SR3Mu/DblMuTrigSF_Up/NMinusOne/nbjet_ge1/pair_lowM/mass in Skim_TriLep_ZZTo4L_powheg.root
2026-07-21 19:45:03,568 - INFO - [2016preVFP] MISSING_SYSTEMATIC: SR3Mu/DblMuTrigSF_Down/NMinusOne/nbjet_ge1/pair_lowM/mass in Skim_TriLep_ZZTo4L_powheg.root
2026-07-21 19:45:03,568 - INFO - [2016preVFP] MISSING_SYSTEMATIC: SR3Mu/JetEn_Up/NMinusOne/nbjet_ge1/pair_lowM/mass in Skim_TriLep_ZZTo4L_powheg.root
2026-07-21 19:45:03,569 - INFO - [2016preVFP] MISSING_SYSTEMATIC: SR3Mu/JetEn_Down/NMinusOne/nbjet_ge1/pair_lowM/mass in Skim_TriLep_ZZTo4L_powheg.root
2026-07-21 19:45:03,569 - INFO - [2016preVFP] MISSING_SYSTEMATIC: SR3Mu/JetRes_Up/NMinusOne/nbjet_ge1/pair_lowM/mass in Skim_TriLep_ZZTo4L_powheg.root
2026-07-21 19:45:03,569 - INFO - [2016preVFP] MISSING_SYSTEMATIC: SR3Mu/JetRes_Down/NMinusOne/nbjet_ge1/pair_lowM/mass in Skim_TriLep_ZZTo4L_powheg.root
2026-07-21 19:45:03,570 - INFO - [2016preVFP] MISSING_SYSTEMATIC: SR3Mu/MuonEn_Up/NMinusOne/nbjet_ge1/pair_lowM/mass in Skim_TriLep_ZZTo4L_powheg.root
2026-07-21 19:45:03,570 - INFO - [2016preVFP] MISSING_SYSTEMATIC: SR3Mu/MuonEn_Down/NMinusOne/nbjet_ge1/pair_lowM/mass in Skim_TriLep_ZZTo4L_powheg.root
2026-07-21 19:45:03,571 - INFO - [2016preVFP] MISSING_SYSTEMATIC: SR3Mu/ElectronEn_Up/NMinusOne/nbjet_ge1/pair_lowM/mass in Skim_TriLep_ZZTo4L_powheg.root
2026-07-21 19:45:03,571 - INFO - [2016preVFP] MISSING_SYSTEMATIC: SR3Mu/ElectronEn_Down/NMinusOne/nbjet_ge1/pair_lowM/mass in Skim_TriLep_ZZTo4L_powheg.root
2026-07-21 19:45:03,571 - INFO - [2016preVFP] MISSING_SYSTEMATIC: SR3Mu/ElectronRes_Up/NMinusOne/nbjet_ge1/pair_lowM/mass in Skim_TriLep_ZZTo4L_powheg.root
2026-07-21 19:45:03,571 - INFO - [2016preVFP] MISSING_SYSTEMATIC: SR3Mu/ElectronRes_Down/NMinusOne/nbjet_ge1/pair_lowM/mass in Skim_TriLep_ZZTo4L_powheg.root
2026-07-21 19:45:03,572 - INFO - [2016preVFP] MISSING_SYSTEMATIC: SR3Mu/UnclusteredEn_Up/NMinusOne/nbjet_ge1/pair_lowM/mass in Skim_TriLep_ZZTo4L_powheg.root
2026-07-21 19:45:03,572 - INFO - [2016preVFP] MISSING_SYSTEMATIC: SR3Mu/UnclusteredEn_Down/NMinusOne/nbjet_ge1/pair_lowM/mass in Skim_TriLep_ZZTo4L_powheg.root
2026-07-21 19:45:03,573 - INFO - [2016preVFP] MISSING_SYSTEMATIC: SR3Mu/BtagSF_HFcorr_Up/NMinusOne/nbjet_ge1/pair_lowM/mass in Skim_TriLep_ZZTo4L_powheg.root
2026-07-21 19:45:03,573 - INFO - [2016preVFP] MISSING_SYSTEMATIC: SR3Mu/BtagSF_HFcorr_Down/NMinusOne/nbjet_ge1/pair_lowM/mass in Skim_TriLep_ZZTo4L_powheg.root
2026-07-21 19:45:03,573 - INFO - [2016preVFP] MISSING_SYSTEMATIC: SR3Mu/BtagSF_HFuncorr_Up/NMinusOne/nbjet_ge1/pair_lowM/mass in Skim_TriLep_ZZTo4L_powheg.root
2026-07-21 19:45:03,573 - INFO - [2016preVFP] MISSING_SYSTEMATIC: SR3Mu/BtagSF_HFuncorr_Down/NMinusOne/nbjet_ge1/pair_lowM/mass in Skim_TriLep_ZZTo4L_powheg.root
2026-07-21 19:45:03,574 - INFO - [2016preVFP] MISSING_SYSTEMATIC: SR3Mu/BtagSF_LFcorr_Up/NMinusOne/nbjet_ge1/pair_lowM/mass in Skim_TriLep_ZZTo4L_powheg.root
2026-07-21 19:45:03,574 - INFO - [2016preVFP] MISSING_SYSTEMATIC: SR3Mu/BtagSF_LFcorr_Down/NMinusOne/nbjet_ge1/pair_lowM/mass in Skim_TriLep_ZZTo4L_powheg.root
2026-07-21 19:45:03,575 - INFO - [2016preVFP] MISSING_SYSTEMATIC: SR3Mu/BtagSF_LFuncorr_Up/NMinusOne/nbjet_ge1/pair_lowM/mass in Skim_TriLep_ZZTo4L_powheg.root
2026-07-21 19:45:03,575 - INFO - [2016preVFP] MISSING_SYSTEMATIC: SR3Mu/BtagSF_LFuncorr_Down/NMinusOne/nbjet_ge1/pair_lowM/mass in Skim_TriLep_ZZTo4L_powheg.root
2026-07-21 19:45:03,600 - INFO - [2016preVFP] MISSING_SYSTEMATIC: SR3Mu/L1Prefire_Up/NMinusOne/nbjet_ge1/pair_lowM/mass in Skim_TriLep_tHq.root
2026-07-21 19:45:03,600 - INFO - [2016preVFP] MISSING_SYSTEMATIC: SR3Mu/L1Prefire_Down/NMinusOne/nbjet_ge1/pair_lowM/mass in Skim_TriLep_tHq.root
2026-07-21 19:45:03,601 - INFO - [2016preVFP] MISSING_SYSTEMATIC: SR3Mu/PileupReweight_Up/NMinusOne/nbjet_ge1/pair_lowM/mass in Skim_TriLep_tHq.root
2026-07-21 19:45:03,601 - INFO - [2016preVFP] MISSING_SYSTEMATIC: SR3Mu/PileupReweight_Down/NMinusOne/nbjet_ge1/pair_lowM/mass in Skim_TriLep_tHq.root
2026-07-21 19:45:03,601 - INFO - [2016preVFP] MISSING_SYSTEMATIC: SR3Mu/PileupJetIDSF_Up/NMinusOne/nbjet_ge1/pair_lowM/mass in Skim_TriLep_tHq.root
2026-07-21 19:45:03,601 - INFO - [2016preVFP] MISSING_SYSTEMATIC: SR3Mu/PileupJetIDSF_Down/NMinusOne/nbjet_ge1/pair_lowM/mass in Skim_TriLep_tHq.root
2026-07-21 19:45:03,602 - INFO - [2016preVFP] MISSING_SYSTEMATIC: SR3Mu/MuonIDSF_Up/NMinusOne/nbjet_ge1/pair_lowM/mass in Skim_TriLep_tHq.root
2026-07-21 19:45:03,602 - INFO - [2016preVFP] MISSING_SYSTEMATIC: SR3Mu/MuonIDSF_Down/NMinusOne/nbjet_ge1/pair_lowM/mass in Skim_TriLep_tHq.root
2026-07-21 19:45:03,603 - INFO - [2016preVFP] MISSING_SYSTEMATIC: SR3Mu/DblMuTrigSF_Up/NMinusOne/nbjet_ge1/pair_lowM/mass in Skim_TriLep_tHq.root
2026-07-21 19:45:03,603 - INFO - [2016preVFP] MISSING_SYSTEMATIC: SR3Mu/DblMuTrigSF_Down/NMinusOne/nbjet_ge1/pair_lowM/mass in Skim_TriLep_tHq.root
2026-07-21 19:45:03,603 - INFO - [2016preVFP] MISSING_SYSTEMATIC: SR3Mu/JetEn_Up/NMinusOne/nbjet_ge1/pair_lowM/mass in Skim_TriLep_tHq.root
2026-07-21 19:45:03,603 - INFO - [2016preVFP] MISSING_SYSTEMATIC: SR3Mu/JetEn_Down/NMinusOne/nbjet_ge1/pair_lowM/mass in Skim_TriLep_tHq.root
2026-07-21 19:45:03,604 - INFO - [2016preVFP] MISSING_SYSTEMATIC: SR3Mu/JetRes_Up/NMinusOne/nbjet_ge1/pair_lowM/mass in Skim_TriLep_tHq.root
2026-07-21 19:45:03,604 - INFO - [2016preVFP] MISSING_SYSTEMATIC: SR3Mu/JetRes_Down/NMinusOne/nbjet_ge1/pair_lowM/mass in Skim_TriLep_tHq.root
2026-07-21 19:45:03,605 - INFO - [2016preVFP] MISSING_SYSTEMATIC: SR3Mu/MuonEn_Up/NMinusOne/nbjet_ge1/pair_lowM/mass in Skim_TriLep_tHq.root
2026-07-21 19:45:03,605 - INFO - [2016preVFP] MISSING_SYSTEMATIC: SR3Mu/MuonEn_Down/NMinusOne/nbjet_ge1/pair_lowM/mass in Skim_TriLep_tHq.root
2026-07-21 19:45:03,605 - INFO - [2016preVFP] MISSING_SYSTEMATIC: SR3Mu/ElectronEn_Up/NMinusOne/nbjet_ge1/pair_lowM/mass in Skim_TriLep_tHq.root
2026-07-21 19:45:03,605 - INFO - [2016preVFP] MISSING_SYSTEMATIC: SR3Mu/ElectronEn_Down/NMinusOne/nbjet_ge1/pair_lowM/mass in Skim_TriLep_tHq.root
2026-07-21 19:45:03,606 - INFO - [2016preVFP] MISSING_SYSTEMATIC: SR3Mu/ElectronRes_Up/NMinusOne/nbjet_ge1/pair_lowM/mass in Skim_TriLep_tHq.root
2026-07-21 19:45:03,606 - INFO - [2016preVFP] MISSING_SYSTEMATIC: SR3Mu/ElectronRes_Down/NMinusOne/nbjet_ge1/pair_lowM/mass in Skim_TriLep_tHq.root
2026-07-21 19:45:03,606 - INFO - [2016preVFP] MISSING_SYSTEMATIC: SR3Mu/UnclusteredEn_Up/NMinusOne/nbjet_ge1/pair_lowM/mass in Skim_TriLep_tHq.root
2026-07-21 19:45:03,607 - INFO - [2016preVFP] MISSING_SYSTEMATIC: SR3Mu/UnclusteredEn_Down/NMinusOne/nbjet_ge1/pair_lowM/mass in Skim_TriLep_tHq.root
2026-07-21 19:45:03,607 - INFO - [2016preVFP] MISSING_SYSTEMATIC: SR3Mu/BtagSF_HFcorr_Up/NMinusOne/nbjet_ge1/pair_lowM/mass in Skim_TriLep_tHq.root
2026-07-21 19:45:03,607 - INFO - [2016preVFP] MISSING_SYSTEMATIC: SR3Mu/BtagSF_HFcorr_Down/NMinusOne/nbjet_ge1/pair_lowM/mass in Skim_TriLep_tHq.root
2026-07-21 19:45:03,608 - INFO - [2016preVFP] MISSING_SYSTEMATIC: SR3Mu/BtagSF_HFuncorr_Up/NMinusOne/nbjet_ge1/pair_lowM/mass in Skim_TriLep_tHq.root
2026-07-21 19:45:03,608 - INFO - [2016preVFP] MISSING_SYSTEMATIC: SR3Mu/BtagSF_HFuncorr_Down/NMinusOne/nbjet_ge1/pair_lowM/mass in Skim_TriLep_tHq.root
2026-07-21 19:45:03,608 - INFO - [2016preVFP] MISSING_SYSTEMATIC: SR3Mu/BtagSF_LFcorr_Up/NMinusOne/nbjet_ge1/pair_lowM/mass in Skim_TriLep_tHq.root
2026-07-21 19:45:03,608 - INFO - [2016preVFP] MISSING_SYSTEMATIC: SR3Mu/BtagSF_LFcorr_Down/NMinusOne/nbjet_ge1/pair_lowM/mass in Skim_TriLep_tHq.root
2026-07-21 19:45:03,609 - INFO - [2016preVFP] MISSING_SYSTEMATIC: SR3Mu/BtagSF_LFuncorr_Up/NMinusOne/nbjet_ge1/pair_lowM/mass in Skim_TriLep_tHq.root
2026-07-21 19:45:03,609 - INFO - [2016preVFP] MISSING_SYSTEMATIC: SR3Mu/BtagSF_LFuncorr_Down/NMinusOne/nbjet_ge1/pair_lowM/mass in Skim_TriLep_tHq.root
2026-07-21 19:45:03,665 - INFO - [2016preVFP] MISSING_SYSTEMATIC: SR3Mu/L1Prefire_Up/NMinusOne/nbjet_ge1/pair_lowM/mass in Skim_TriLep_tHW.root
2026-07-21 19:45:03,665 - INFO - [2016preVFP] MISSING_SYSTEMATIC: SR3Mu/L1Prefire_Down/NMinusOne/nbjet_ge1/pair_lowM/mass in Skim_TriLep_tHW.root
2026-07-21 19:45:03,666 - INFO - [2016preVFP] MISSING_SYSTEMATIC: SR3Mu/PileupReweight_Up/NMinusOne/nbjet_ge1/pair_lowM/mass in Skim_TriLep_tHW.root
2026-07-21 19:45:03,666 - INFO - [2016preVFP] MISSING_SYSTEMATIC: SR3Mu/PileupReweight_Down/NMinusOne/nbjet_ge1/pair_lowM/mass in Skim_TriLep_tHW.root
2026-07-21 19:45:03,666 - INFO - [2016preVFP] MISSING_SYSTEMATIC: SR3Mu/PileupJetIDSF_Up/NMinusOne/nbjet_ge1/pair_lowM/mass in Skim_TriLep_tHW.root
2026-07-21 19:45:03,666 - INFO - [2016preVFP] MISSING_SYSTEMATIC: SR3Mu/PileupJetIDSF_Down/NMinusOne/nbjet_ge1/pair_lowM/mass in Skim_TriLep_tHW.root
2026-07-21 19:45:03,667 - INFO - [2016preVFP] MISSING_SYSTEMATIC: SR3Mu/MuonIDSF_Up/NMinusOne/nbjet_ge1/pair_lowM/mass in Skim_TriLep_tHW.root
2026-07-21 19:45:03,667 - INFO - [2016preVFP] MISSING_SYSTEMATIC: SR3Mu/MuonIDSF_Down/NMinusOne/nbjet_ge1/pair_lowM/mass in Skim_TriLep_tHW.root
2026-07-21 19:45:03,668 - INFO - [2016preVFP] MISSING_SYSTEMATIC: SR3Mu/DblMuTrigSF_Up/NMinusOne/nbjet_ge1/pair_lowM/mass in Skim_TriLep_tHW.root
2026-07-21 19:45:03,668 - INFO - [2016preVFP] MISSING_SYSTEMATIC: SR3Mu/DblMuTrigSF_Down/NMinusOne/nbjet_ge1/pair_lowM/mass in Skim_TriLep_tHW.root
2026-07-21 19:45:03,668 - INFO - [2016preVFP] MISSING_SYSTEMATIC: SR3Mu/JetEn_Up/NMinusOne/nbjet_ge1/pair_lowM/mass in Skim_TriLep_tHW.root
2026-07-21 19:45:03,668 - INFO - [2016preVFP] MISSING_SYSTEMATIC: SR3Mu/JetEn_Down/NMinusOne/nbjet_ge1/pair_lowM/mass in Skim_TriLep_tHW.root
2026-07-21 19:45:03,669 - INFO - [2016preVFP] MISSING_SYSTEMATIC: SR3Mu/JetRes_Up/NMinusOne/nbjet_ge1/pair_lowM/mass in Skim_TriLep_tHW.root
2026-07-21 19:45:03,669 - INFO - [2016preVFP] MISSING_SYSTEMATIC: SR3Mu/JetRes_Down/NMinusOne/nbjet_ge1/pair_lowM/mass in Skim_TriLep_tHW.root
2026-07-21 19:45:03,670 - INFO - [2016preVFP] MISSING_SYSTEMATIC: SR3Mu/MuonEn_Up/NMinusOne/nbjet_ge1/pair_lowM/mass in Skim_TriLep_tHW.root
2026-07-21 19:45:03,670 - INFO - [2016preVFP] MISSING_SYSTEMATIC: SR3Mu/MuonEn_Down/NMinusOne/nbjet_ge1/pair_lowM/mass in Skim_TriLep_tHW.root
2026-07-21 19:45:03,670 - INFO - [2016preVFP] MISSING_SYSTEMATIC: SR3Mu/ElectronEn_Up/NMinusOne/nbjet_ge1/pair_lowM/mass in Skim_TriLep_tHW.root
2026-07-21 19:45:03,670 - INFO - [2016preVFP] MISSING_SYSTEMATIC: SR3Mu/ElectronEn_Down/NMinusOne/nbjet_ge1/pair_lowM/mass in Skim_TriLep_tHW.root
2026-07-21 19:45:03,671 - INFO - [2016preVFP] MISSING_SYSTEMATIC: SR3Mu/ElectronRes_Up/NMinusOne/nbjet_ge1/pair_lowM/mass in Skim_TriLep_tHW.root
2026-07-21 19:45:03,671 - INFO - [2016preVFP] MISSING_SYSTEMATIC: SR3Mu/ElectronRes_Down/NMinusOne/nbjet_ge1/pair_lowM/mass in Skim_TriLep_tHW.root
2026-07-21 19:45:03,671 - INFO - [2016preVFP] MISSING_SYSTEMATIC: SR3Mu/UnclusteredEn_Up/NMinusOne/nbjet_ge1/pair_lowM/mass in Skim_TriLep_tHW.root
2026-07-21 19:45:03,672 - INFO - [2016preVFP] MISSING_SYSTEMATIC: SR3Mu/UnclusteredEn_Down/NMinusOne/nbjet_ge1/pair_lowM/mass in Skim_TriLep_tHW.root
2026-07-21 19:45:03,672 - INFO - [2016preVFP] MISSING_SYSTEMATIC: SR3Mu/BtagSF_HFcorr_Up/NMinusOne/nbjet_ge1/pair_lowM/mass in Skim_TriLep_tHW.root
2026-07-21 19:45:03,672 - INFO - [2016preVFP] MISSING_SYSTEMATIC: SR3Mu/BtagSF_HFcorr_Down/NMinusOne/nbjet_ge1/pair_lowM/mass in Skim_TriLep_tHW.root
2026-07-21 19:45:03,673 - INFO - [2016preVFP] MISSING_SYSTEMATIC: SR3Mu/BtagSF_HFuncorr_Up/NMinusOne/nbjet_ge1/pair_lowM/mass in Skim_TriLep_tHW.root
2026-07-21 19:45:03,673 - INFO - [2016preVFP] MISSING_SYSTEMATIC: SR3Mu/BtagSF_HFuncorr_Down/NMinusOne/nbjet_ge1/pair_lowM/mass in Skim_TriLep_tHW.root
2026-07-21 19:45:03,673 - INFO - [2016preVFP] MISSING_SYSTEMATIC: SR3Mu/BtagSF_LFcorr_Up/NMinusOne/nbjet_ge1/pair_lowM/mass in Skim_TriLep_tHW.root
2026-07-21 19:45:03,673 - INFO - [2016preVFP] MISSING_SYSTEMATIC: SR3Mu/BtagSF_LFcorr_Down/NMinusOne/nbjet_ge1/pair_lowM/mass in Skim_TriLep_tHW.root
2026-07-21 19:45:03,674 - INFO - [2016preVFP] MISSING_SYSTEMATIC: SR3Mu/BtagSF_LFuncorr_Up/NMinusOne/nbjet_ge1/pair_lowM/mass in Skim_TriLep_tHW.root
2026-07-21 19:45:03,674 - INFO - [2016preVFP] MISSING_SYSTEMATIC: SR3Mu/BtagSF_LFuncorr_Down/NMinusOne/nbjet_ge1/pair_lowM/mass in Skim_TriLep_tHW.root
2026-07-21 19:45:03,691 - INFO - [2016preVFP] MISSING_SYSTEMATIC: SR3Mu/L1Prefire_Up/NMinusOne/nbjet_ge1/pair_lowM/mass in Skim_TriLep_tWZ_thadWlep.root
2026-07-21 19:45:03,691 - INFO - [2016preVFP] MISSING_SYSTEMATIC: SR3Mu/L1Prefire_Down/NMinusOne/nbjet_ge1/pair_lowM/mass in Skim_TriLep_tWZ_thadWlep.root
2026-07-21 19:45:03,692 - INFO - [2016preVFP] MISSING_SYSTEMATIC: SR3Mu/PileupReweight_Up/NMinusOne/nbjet_ge1/pair_lowM/mass in Skim_TriLep_tWZ_thadWlep.root
2026-07-21 19:45:03,692 - INFO - [2016preVFP] MISSING_SYSTEMATIC: SR3Mu/PileupReweight_Down/NMinusOne/nbjet_ge1/pair_lowM/mass in Skim_TriLep_tWZ_thadWlep.root
2026-07-21 19:45:03,692 - INFO - [2016preVFP] MISSING_SYSTEMATIC: SR3Mu/PileupJetIDSF_Up/NMinusOne/nbjet_ge1/pair_lowM/mass in Skim_TriLep_tWZ_thadWlep.root
2026-07-21 19:45:03,692 - INFO - [2016preVFP] MISSING_SYSTEMATIC: SR3Mu/PileupJetIDSF_Down/NMinusOne/nbjet_ge1/pair_lowM/mass in Skim_TriLep_tWZ_thadWlep.root
2026-07-21 19:45:03,693 - INFO - [2016preVFP] MISSING_SYSTEMATIC: SR3Mu/MuonIDSF_Up/NMinusOne/nbjet_ge1/pair_lowM/mass in Skim_TriLep_tWZ_thadWlep.root
2026-07-21 19:45:03,693 - INFO - [2016preVFP] MISSING_SYSTEMATIC: SR3Mu/MuonIDSF_Down/NMinusOne/nbjet_ge1/pair_lowM/mass in Skim_TriLep_tWZ_thadWlep.root
2026-07-21 19:45:03,694 - INFO - [2016preVFP] MISSING_SYSTEMATIC: SR3Mu/DblMuTrigSF_Up/NMinusOne/nbjet_ge1/pair_lowM/mass in Skim_TriLep_tWZ_thadWlep.root
2026-07-21 19:45:03,694 - INFO - [2016preVFP] MISSING_SYSTEMATIC: SR3Mu/DblMuTrigSF_Down/NMinusOne/nbjet_ge1/pair_lowM/mass in Skim_TriLep_tWZ_thadWlep.root
2026-07-21 19:45:03,695 - INFO - [2016preVFP] MISSING_SYSTEMATIC: SR3Mu/JetEn_Up/NMinusOne/nbjet_ge1/pair_lowM/mass in Skim_TriLep_tWZ_thadWlep.root
2026-07-21 19:45:03,695 - INFO - [2016preVFP] MISSING_SYSTEMATIC: SR3Mu/JetEn_Down/NMinusOne/nbjet_ge1/pair_lowM/mass in Skim_TriLep_tWZ_thadWlep.root
2026-07-21 19:45:03,695 - INFO - [2016preVFP] MISSING_SYSTEMATIC: SR3Mu/JetRes_Up/NMinusOne/nbjet_ge1/pair_lowM/mass in Skim_TriLep_tWZ_thadWlep.root
2026-07-21 19:45:03,695 - INFO - [2016preVFP] MISSING_SYSTEMATIC: SR3Mu/JetRes_Down/NMinusOne/nbjet_ge1/pair_lowM/mass in Skim_TriLep_tWZ_thadWlep.root
2026-07-21 19:45:03,696 - INFO - [2016preVFP] MISSING_SYSTEMATIC: SR3Mu/MuonEn_Up/NMinusOne/nbjet_ge1/pair_lowM/mass in Skim_TriLep_tWZ_thadWlep.root
2026-07-21 19:45:03,696 - INFO - [2016preVFP] MISSING_SYSTEMATIC: SR3Mu/MuonEn_Down/NMinusOne/nbjet_ge1/pair_lowM/mass in Skim_TriLep_tWZ_thadWlep.root
2026-07-21 19:45:03,697 - INFO - [2016preVFP] MISSING_SYSTEMATIC: SR3Mu/ElectronEn_Up/NMinusOne/nbjet_ge1/pair_lowM/mass in Skim_TriLep_tWZ_thadWlep.root
2026-07-21 19:45:03,697 - INFO - [2016preVFP] MISSING_SYSTEMATIC: SR3Mu/ElectronEn_Down/NMinusOne/nbjet_ge1/pair_lowM/mass in Skim_TriLep_tWZ_thadWlep.root
2026-07-21 19:45:03,697 - INFO - [2016preVFP] MISSING_SYSTEMATIC: SR3Mu/ElectronRes_Up/NMinusOne/nbjet_ge1/pair_lowM/mass in Skim_TriLep_tWZ_thadWlep.root
2026-07-21 19:45:03,697 - INFO - [2016preVFP] MISSING_SYSTEMATIC: SR3Mu/ElectronRes_Down/NMinusOne/nbjet_ge1/pair_lowM/mass in Skim_TriLep_tWZ_thadWlep.root
2026-07-21 19:45:03,698 - INFO - [2016preVFP] MISSING_SYSTEMATIC: SR3Mu/UnclusteredEn_Up/NMinusOne/nbjet_ge1/pair_lowM/mass in Skim_TriLep_tWZ_thadWlep.root
2026-07-21 19:45:03,698 - INFO - [2016preVFP] MISSING_SYSTEMATIC: SR3Mu/UnclusteredEn_Down/NMinusOne/nbjet_ge1/pair_lowM/mass in Skim_TriLep_tWZ_thadWlep.root
2026-07-21 19:45:03,698 - INFO - [2016preVFP] MISSING_SYSTEMATIC: SR3Mu/BtagSF_HFcorr_Up/NMinusOne/nbjet_ge1/pair_lowM/mass in Skim_TriLep_tWZ_thadWlep.root
2026-07-21 19:45:03,699 - INFO - [2016preVFP] MISSING_SYSTEMATIC: SR3Mu/BtagSF_HFcorr_Down/NMinusOne/nbjet_ge1/pair_lowM/mass in Skim_TriLep_tWZ_thadWlep.root
2026-07-21 19:45:03,699 - INFO - [2016preVFP] MISSING_SYSTEMATIC: SR3Mu/BtagSF_HFuncorr_Up/NMinusOne/nbjet_ge1/pair_lowM/mass in Skim_TriLep_tWZ_thadWlep.root
2026-07-21 19:45:03,699 - INFO - [2016preVFP] MISSING_SYSTEMATIC: SR3Mu/BtagSF_HFuncorr_Down/NMinusOne/nbjet_ge1/pair_lowM/mass in Skim_TriLep_tWZ_thadWlep.root
2026-07-21 19:45:03,700 - INFO - [2016preVFP] MISSING_SYSTEMATIC: SR3Mu/BtagSF_LFcorr_Up/NMinusOne/nbjet_ge1/pair_lowM/mass in Skim_TriLep_tWZ_thadWlep.root
2026-07-21 19:45:03,700 - INFO - [2016preVFP] MISSING_SYSTEMATIC: SR3Mu/BtagSF_LFcorr_Down/NMinusOne/nbjet_ge1/pair_lowM/mass in Skim_TriLep_tWZ_thadWlep.root
2026-07-21 19:45:03,700 - INFO - [2016preVFP] MISSING_SYSTEMATIC: SR3Mu/BtagSF_LFuncorr_Up/NMinusOne/nbjet_ge1/pair_lowM/mass in Skim_TriLep_tWZ_thadWlep.root
2026-07-21 19:45:03,701 - INFO - [2016preVFP] MISSING_SYSTEMATIC: SR3Mu/BtagSF_LFuncorr_Down/NMinusOne/nbjet_ge1/pair_lowM/mass in Skim_TriLep_tWZ_thadWlep.root
2026-07-21 19:45:03,702 - INFO - [2016preVFP] MISSING_SYSTEMATIC: SR3Mu/L1Prefire_Up/NMinusOne/nbjet_ge1/pair_lowM/mass in Skim_TriLep_tWZ_tlepWhad.root
2026-07-21 19:45:03,702 - INFO - [2016preVFP] MISSING_SYSTEMATIC: SR3Mu/L1Prefire_Down/NMinusOne/nbjet_ge1/pair_lowM/mass in Skim_TriLep_tWZ_tlepWhad.root
2026-07-21 19:45:03,702 - INFO - [2016preVFP] MISSING_SYSTEMATIC: SR3Mu/PileupReweight_Up/NMinusOne/nbjet_ge1/pair_lowM/mass in Skim_TriLep_tWZ_tlepWhad.root
2026-07-21 19:45:03,702 - INFO - [2016preVFP] MISSING_SYSTEMATIC: SR3Mu/PileupReweight_Down/NMinusOne/nbjet_ge1/pair_lowM/mass in Skim_TriLep_tWZ_tlepWhad.root
2026-07-21 19:45:03,703 - INFO - [2016preVFP] MISSING_SYSTEMATIC: SR3Mu/PileupJetIDSF_Up/NMinusOne/nbjet_ge1/pair_lowM/mass in Skim_TriLep_tWZ_tlepWhad.root
2026-07-21 19:45:03,703 - INFO - [2016preVFP] MISSING_SYSTEMATIC: SR3Mu/PileupJetIDSF_Down/NMinusOne/nbjet_ge1/pair_lowM/mass in Skim_TriLep_tWZ_tlepWhad.root
2026-07-21 19:45:03,704 - INFO - [2016preVFP] MISSING_SYSTEMATIC: SR3Mu/MuonIDSF_Up/NMinusOne/nbjet_ge1/pair_lowM/mass in Skim_TriLep_tWZ_tlepWhad.root
2026-07-21 19:45:03,704 - INFO - [2016preVFP] MISSING_SYSTEMATIC: SR3Mu/MuonIDSF_Down/NMinusOne/nbjet_ge1/pair_lowM/mass in Skim_TriLep_tWZ_tlepWhad.root
2026-07-21 19:45:03,704 - INFO - [2016preVFP] MISSING_SYSTEMATIC: SR3Mu/DblMuTrigSF_Up/NMinusOne/nbjet_ge1/pair_lowM/mass in Skim_TriLep_tWZ_tlepWhad.root
2026-07-21 19:45:03,704 - INFO - [2016preVFP] MISSING_SYSTEMATIC: SR3Mu/DblMuTrigSF_Down/NMinusOne/nbjet_ge1/pair_lowM/mass in Skim_TriLep_tWZ_tlepWhad.root
2026-07-21 19:45:03,705 - INFO - [2016preVFP] MISSING_SYSTEMATIC: SR3Mu/JetEn_Up/NMinusOne/nbjet_ge1/pair_lowM/mass in Skim_TriLep_tWZ_tlepWhad.root
2026-07-21 19:45:03,705 - INFO - [2016preVFP] MISSING_SYSTEMATIC: SR3Mu/JetEn_Down/NMinusOne/nbjet_ge1/pair_lowM/mass in Skim_TriLep_tWZ_tlepWhad.root
2026-07-21 19:45:03,706 - INFO - [2016preVFP] MISSING_SYSTEMATIC: SR3Mu/JetRes_Up/NMinusOne/nbjet_ge1/pair_lowM/mass in Skim_TriLep_tWZ_tlepWhad.root
2026-07-21 19:45:03,706 - INFO - [2016preVFP] MISSING_SYSTEMATIC: SR3Mu/JetRes_Down/NMinusOne/nbjet_ge1/pair_lowM/mass in Skim_TriLep_tWZ_tlepWhad.root
2026-07-21 19:45:03,706 - INFO - [2016preVFP] MISSING_SYSTEMATIC: SR3Mu/MuonEn_Up/NMinusOne/nbjet_ge1/pair_lowM/mass in Skim_TriLep_tWZ_tlepWhad.root
2026-07-21 19:45:03,706 - INFO - [2016preVFP] MISSING_SYSTEMATIC: SR3Mu/MuonEn_Down/NMinusOne/nbjet_ge1/pair_lowM/mass in Skim_TriLep_tWZ_tlepWhad.root
2026-07-21 19:45:03,707 - INFO - [2016preVFP] MISSING_SYSTEMATIC: SR3Mu/ElectronEn_Up/NMinusOne/nbjet_ge1/pair_lowM/mass in Skim_TriLep_tWZ_tlepWhad.root
2026-07-21 19:45:03,707 - INFO - [2016preVFP] MISSING_SYSTEMATIC: SR3Mu/ElectronEn_Down/NMinusOne/nbjet_ge1/pair_lowM/mass in Skim_TriLep_tWZ_tlepWhad.root
2026-07-21 19:45:03,708 - INFO - [2016preVFP] MISSING_SYSTEMATIC: SR3Mu/ElectronRes_Up/NMinusOne/nbjet_ge1/pair_lowM/mass in Skim_TriLep_tWZ_tlepWhad.root
2026-07-21 19:45:03,708 - INFO - [2016preVFP] MISSING_SYSTEMATIC: SR3Mu/ElectronRes_Down/NMinusOne/nbjet_ge1/pair_lowM/mass in Skim_TriLep_tWZ_tlepWhad.root
2026-07-21 19:45:03,708 - INFO - [2016preVFP] MISSING_SYSTEMATIC: SR3Mu/UnclusteredEn_Up/NMinusOne/nbjet_ge1/pair_lowM/mass in Skim_TriLep_tWZ_tlepWhad.root
2026-07-21 19:45:03,708 - INFO - [2016preVFP] MISSING_SYSTEMATIC: SR3Mu/UnclusteredEn_Down/NMinusOne/nbjet_ge1/pair_lowM/mass in Skim_TriLep_tWZ_tlepWhad.root
2026-07-21 19:45:03,709 - INFO - [2016preVFP] MISSING_SYSTEMATIC: SR3Mu/BtagSF_HFcorr_Up/NMinusOne/nbjet_ge1/pair_lowM/mass in Skim_TriLep_tWZ_tlepWhad.root
2026-07-21 19:45:03,709 - INFO - [2016preVFP] MISSING_SYSTEMATIC: SR3Mu/BtagSF_HFcorr_Down/NMinusOne/nbjet_ge1/pair_lowM/mass in Skim_TriLep_tWZ_tlepWhad.root
2026-07-21 19:45:03,710 - INFO - [2016preVFP] MISSING_SYSTEMATIC: SR3Mu/BtagSF_HFuncorr_Up/NMinusOne/nbjet_ge1/pair_lowM/mass in Skim_TriLep_tWZ_tlepWhad.root
2026-07-21 19:45:03,710 - INFO - [2016preVFP] MISSING_SYSTEMATIC: SR3Mu/BtagSF_HFuncorr_Down/NMinusOne/nbjet_ge1/pair_lowM/mass in Skim_TriLep_tWZ_tlepWhad.root
2026-07-21 19:45:03,710 - INFO - [2016preVFP] MISSING_SYSTEMATIC: SR3Mu/BtagSF_LFcorr_Up/NMinusOne/nbjet_ge1/pair_lowM/mass in Skim_TriLep_tWZ_tlepWhad.root
2026-07-21 19:45:03,710 - INFO - [2016preVFP] MISSING_SYSTEMATIC: SR3Mu/BtagSF_LFcorr_Down/NMinusOne/nbjet_ge1/pair_lowM/mass in Skim_TriLep_tWZ_tlepWhad.root
2026-07-21 19:45:03,711 - INFO - [2016preVFP] MISSING_SYSTEMATIC: SR3Mu/BtagSF_LFuncorr_Up/NMinusOne/nbjet_ge1/pair_lowM/mass in Skim_TriLep_tWZ_tlepWhad.root
2026-07-21 19:45:03,711 - INFO - [2016preVFP] MISSING_SYSTEMATIC: SR3Mu/BtagSF_LFuncorr_Down/NMinusOne/nbjet_ge1/pair_lowM/mass in Skim_TriLep_tWZ_tlepWhad.root
2026-07-21 19:45:03,712 - INFO - [2016preVFP] MISSING_SYSTEMATIC: SR3Mu/L1Prefire_Up/NMinusOne/nbjet_ge1/pair_lowM/mass in Skim_TriLep_tWZ_tlepWlep.root
2026-07-21 19:45:03,712 - INFO - [2016preVFP] MISSING_SYSTEMATIC: SR3Mu/L1Prefire_Down/NMinusOne/nbjet_ge1/pair_lowM/mass in Skim_TriLep_tWZ_tlepWlep.root
2026-07-21 19:45:03,713 - INFO - [2016preVFP] MISSING_SYSTEMATIC: SR3Mu/PileupReweight_Up/NMinusOne/nbjet_ge1/pair_lowM/mass in Skim_TriLep_tWZ_tlepWlep.root
2026-07-21 19:45:03,713 - INFO - [2016preVFP] MISSING_SYSTEMATIC: SR3Mu/PileupReweight_Down/NMinusOne/nbjet_ge1/pair_lowM/mass in Skim_TriLep_tWZ_tlepWlep.root
2026-07-21 19:45:03,714 - INFO - [2016preVFP] MISSING_SYSTEMATIC: SR3Mu/PileupJetIDSF_Up/NMinusOne/nbjet_ge1/pair_lowM/mass in Skim_TriLep_tWZ_tlepWlep.root
2026-07-21 19:45:03,714 - INFO - [2016preVFP] MISSING_SYSTEMATIC: SR3Mu/PileupJetIDSF_Down/NMinusOne/nbjet_ge1/pair_lowM/mass in Skim_TriLep_tWZ_tlepWlep.root
2026-07-21 19:45:03,714 - INFO - [2016preVFP] MISSING_SYSTEMATIC: SR3Mu/MuonIDSF_Up/NMinusOne/nbjet_ge1/pair_lowM/mass in Skim_TriLep_tWZ_tlepWlep.root
2026-07-21 19:45:03,714 - INFO - [2016preVFP] MISSING_SYSTEMATIC: SR3Mu/MuonIDSF_Down/NMinusOne/nbjet_ge1/pair_lowM/mass in Skim_TriLep_tWZ_tlepWlep.root
2026-07-21 19:45:03,715 - INFO - [2016preVFP] MISSING_SYSTEMATIC: SR3Mu/DblMuTrigSF_Up/NMinusOne/nbjet_ge1/pair_lowM/mass in Skim_TriLep_tWZ_tlepWlep.root
2026-07-21 19:45:03,715 - INFO - [2016preVFP] MISSING_SYSTEMATIC: SR3Mu/DblMuTrigSF_Down/NMinusOne/nbjet_ge1/pair_lowM/mass in Skim_TriLep_tWZ_tlepWlep.root
2026-07-21 19:45:03,716 - INFO - [2016preVFP] MISSING_SYSTEMATIC: SR3Mu/JetEn_Up/NMinusOne/nbjet_ge1/pair_lowM/mass in Skim_TriLep_tWZ_tlepWlep.root
2026-07-21 19:45:03,716 - INFO - [2016preVFP] MISSING_SYSTEMATIC: SR3Mu/JetEn_Down/NMinusOne/nbjet_ge1/pair_lowM/mass in Skim_TriLep_tWZ_tlepWlep.root
2026-07-21 19:45:03,716 - INFO - [2016preVFP] MISSING_SYSTEMATIC: SR3Mu/JetRes_Up/NMinusOne/nbjet_ge1/pair_lowM/mass in Skim_TriLep_tWZ_tlepWlep.root
2026-07-21 19:45:03,716 - INFO - [2016preVFP] MISSING_SYSTEMATIC: SR3Mu/JetRes_Down/NMinusOne/nbjet_ge1/pair_lowM/mass in Skim_TriLep_tWZ_tlepWlep.root
2026-07-21 19:45:03,717 - INFO - [2016preVFP] MISSING_SYSTEMATIC: SR3Mu/MuonEn_Up/NMinusOne/nbjet_ge1/pair_lowM/mass in Skim_TriLep_tWZ_tlepWlep.root
2026-07-21 19:45:03,717 - INFO - [2016preVFP] MISSING_SYSTEMATIC: SR3Mu/MuonEn_Down/NMinusOne/nbjet_ge1/pair_lowM/mass in Skim_TriLep_tWZ_tlepWlep.root
2026-07-21 19:45:03,717 - INFO - [2016preVFP] MISSING_SYSTEMATIC: SR3Mu/ElectronEn_Up/NMinusOne/nbjet_ge1/pair_lowM/mass in Skim_TriLep_tWZ_tlepWlep.root
2026-07-21 19:45:03,718 - INFO - [2016preVFP] MISSING_SYSTEMATIC: SR3Mu/ElectronEn_Down/NMinusOne/nbjet_ge1/pair_lowM/mass in Skim_TriLep_tWZ_tlepWlep.root
2026-07-21 19:45:03,718 - INFO - [2016preVFP] MISSING_SYSTEMATIC: SR3Mu/ElectronRes_Up/NMinusOne/nbjet_ge1/pair_lowM/mass in Skim_TriLep_tWZ_tlepWlep.root
2026-07-21 19:45:03,718 - INFO - [2016preVFP] MISSING_SYSTEMATIC: SR3Mu/ElectronRes_Down/NMinusOne/nbjet_ge1/pair_lowM/mass in Skim_TriLep_tWZ_tlepWlep.root
2026-07-21 19:45:03,719 - INFO - [2016preVFP] MISSING_SYSTEMATIC: SR3Mu/UnclusteredEn_Up/NMinusOne/nbjet_ge1/pair_lowM/mass in Skim_TriLep_tWZ_tlepWlep.root
2026-07-21 19:45:03,719 - INFO - [2016preVFP] MISSING_SYSTEMATIC: SR3Mu/UnclusteredEn_Down/NMinusOne/nbjet_ge1/pair_lowM/mass in Skim_TriLep_tWZ_tlepWlep.root
2026-07-21 19:45:03,719 - INFO - [2016preVFP] MISSING_SYSTEMATIC: SR3Mu/BtagSF_HFcorr_Up/NMinusOne/nbjet_ge1/pair_lowM/mass in Skim_TriLep_tWZ_tlepWlep.root
2026-07-21 19:45:03,720 - INFO - [2016preVFP] MISSING_SYSTEMATIC: SR3Mu/BtagSF_HFcorr_Down/NMinusOne/nbjet_ge1/pair_lowM/mass in Skim_TriLep_tWZ_tlepWlep.root
2026-07-21 19:45:03,720 - INFO - [2016preVFP] MISSING_SYSTEMATIC: SR3Mu/BtagSF_HFuncorr_Up/NMinusOne/nbjet_ge1/pair_lowM/mass in Skim_TriLep_tWZ_tlepWlep.root
2026-07-21 19:45:03,720 - INFO - [2016preVFP] MISSING_SYSTEMATIC: SR3Mu/BtagSF_HFuncorr_Down/NMinusOne/nbjet_ge1/pair_lowM/mass in Skim_TriLep_tWZ_tlepWlep.root
2026-07-21 19:45:03,721 - INFO - [2016preVFP] MISSING_SYSTEMATIC: SR3Mu/BtagSF_LFcorr_Up/NMinusOne/nbjet_ge1/pair_lowM/mass in Skim_TriLep_tWZ_tlepWlep.root
2026-07-21 19:45:03,721 - INFO - [2016preVFP] MISSING_SYSTEMATIC: SR3Mu/BtagSF_LFcorr_Down/NMinusOne/nbjet_ge1/pair_lowM/mass in Skim_TriLep_tWZ_tlepWlep.root
2026-07-21 19:45:03,721 - INFO - [2016preVFP] MISSING_SYSTEMATIC: SR3Mu/BtagSF_LFuncorr_Up/NMinusOne/nbjet_ge1/pair_lowM/mass in Skim_TriLep_tWZ_tlepWlep.root
2026-07-21 19:45:03,721 - INFO - [2016preVFP] MISSING_SYSTEMATIC: SR3Mu/BtagSF_LFuncorr_Down/NMinusOne/nbjet_ge1/pair_lowM/mass in Skim_TriLep_tWZ_tlepWlep.root
2026-07-21 19:45:03,751 - INFO - [2016preVFP] MISSING_SYSTEMATIC: SR3Mu/L1Prefire_Up/NMinusOne/nbjet_ge1/pair_lowM/mass in Skim_TriLep_WWW.root
2026-07-21 19:45:03,751 - INFO - [2016preVFP] MISSING_SYSTEMATIC: SR3Mu/L1Prefire_Down/NMinusOne/nbjet_ge1/pair_lowM/mass in Skim_TriLep_WWW.root
2026-07-21 19:45:03,752 - INFO - [2016preVFP] MISSING_SYSTEMATIC: SR3Mu/PileupReweight_Up/NMinusOne/nbjet_ge1/pair_lowM/mass in Skim_TriLep_WWW.root
2026-07-21 19:45:03,752 - INFO - [2016preVFP] MISSING_SYSTEMATIC: SR3Mu/PileupReweight_Down/NMinusOne/nbjet_ge1/pair_lowM/mass in Skim_TriLep_WWW.root
2026-07-21 19:45:03,752 - INFO - [2016preVFP] MISSING_SYSTEMATIC: SR3Mu/PileupJetIDSF_Up/NMinusOne/nbjet_ge1/pair_lowM/mass in Skim_TriLep_WWW.root
2026-07-21 19:45:03,752 - INFO - [2016preVFP] MISSING_SYSTEMATIC: SR3Mu/PileupJetIDSF_Down/NMinusOne/nbjet_ge1/pair_lowM/mass in Skim_TriLep_WWW.root
2026-07-21 19:45:03,753 - INFO - [2016preVFP] MISSING_SYSTEMATIC: SR3Mu/MuonIDSF_Up/NMinusOne/nbjet_ge1/pair_lowM/mass in Skim_TriLep_WWW.root
2026-07-21 19:45:03,753 - INFO - [2016preVFP] MISSING_SYSTEMATIC: SR3Mu/MuonIDSF_Down/NMinusOne/nbjet_ge1/pair_lowM/mass in Skim_TriLep_WWW.root
2026-07-21 19:45:03,754 - INFO - [2016preVFP] MISSING_SYSTEMATIC: SR3Mu/DblMuTrigSF_Up/NMinusOne/nbjet_ge1/pair_lowM/mass in Skim_TriLep_WWW.root
2026-07-21 19:45:03,754 - INFO - [2016preVFP] MISSING_SYSTEMATIC: SR3Mu/DblMuTrigSF_Down/NMinusOne/nbjet_ge1/pair_lowM/mass in Skim_TriLep_WWW.root
2026-07-21 19:45:03,754 - INFO - [2016preVFP] MISSING_SYSTEMATIC: SR3Mu/JetEn_Up/NMinusOne/nbjet_ge1/pair_lowM/mass in Skim_TriLep_WWW.root
2026-07-21 19:45:03,754 - INFO - [2016preVFP] MISSING_SYSTEMATIC: SR3Mu/JetEn_Down/NMinusOne/nbjet_ge1/pair_lowM/mass in Skim_TriLep_WWW.root
2026-07-21 19:45:03,755 - INFO - [2016preVFP] MISSING_SYSTEMATIC: SR3Mu/JetRes_Up/NMinusOne/nbjet_ge1/pair_lowM/mass in Skim_TriLep_WWW.root
2026-07-21 19:45:03,755 - INFO - [2016preVFP] MISSING_SYSTEMATIC: SR3Mu/JetRes_Down/NMinusOne/nbjet_ge1/pair_lowM/mass in Skim_TriLep_WWW.root
2026-07-21 19:45:03,756 - INFO - [2016preVFP] MISSING_SYSTEMATIC: SR3Mu/MuonEn_Up/NMinusOne/nbjet_ge1/pair_lowM/mass in Skim_TriLep_WWW.root
2026-07-21 19:45:03,756 - INFO - [2016preVFP] MISSING_SYSTEMATIC: SR3Mu/MuonEn_Down/NMinusOne/nbjet_ge1/pair_lowM/mass in Skim_TriLep_WWW.root
2026-07-21 19:45:03,756 - INFO - [2016preVFP] MISSING_SYSTEMATIC: SR3Mu/ElectronEn_Up/NMinusOne/nbjet_ge1/pair_lowM/mass in Skim_TriLep_WWW.root
2026-07-21 19:45:03,756 - INFO - [2016preVFP] MISSING_SYSTEMATIC: SR3Mu/ElectronEn_Down/NMinusOne/nbjet_ge1/pair_lowM/mass in Skim_TriLep_WWW.root
2026-07-21 19:45:03,757 - INFO - [2016preVFP] MISSING_SYSTEMATIC: SR3Mu/ElectronRes_Up/NMinusOne/nbjet_ge1/pair_lowM/mass in Skim_TriLep_WWW.root
2026-07-21 19:45:03,757 - INFO - [2016preVFP] MISSING_SYSTEMATIC: SR3Mu/ElectronRes_Down/NMinusOne/nbjet_ge1/pair_lowM/mass in Skim_TriLep_WWW.root
2026-07-21 19:45:03,757 - INFO - [2016preVFP] MISSING_SYSTEMATIC: SR3Mu/UnclusteredEn_Up/NMinusOne/nbjet_ge1/pair_lowM/mass in Skim_TriLep_WWW.root
2026-07-21 19:45:03,757 - INFO - [2016preVFP] MISSING_SYSTEMATIC: SR3Mu/UnclusteredEn_Down/NMinusOne/nbjet_ge1/pair_lowM/mass in Skim_TriLep_WWW.root
2026-07-21 19:45:03,758 - INFO - [2016preVFP] MISSING_SYSTEMATIC: SR3Mu/BtagSF_HFcorr_Up/NMinusOne/nbjet_ge1/pair_lowM/mass in Skim_TriLep_WWW.root
2026-07-21 19:45:03,758 - INFO - [2016preVFP] MISSING_SYSTEMATIC: SR3Mu/BtagSF_HFcorr_Down/NMinusOne/nbjet_ge1/pair_lowM/mass in Skim_TriLep_WWW.root
2026-07-21 19:45:03,759 - INFO - [2016preVFP] MISSING_SYSTEMATIC: SR3Mu/BtagSF_HFuncorr_Up/NMinusOne/nbjet_ge1/pair_lowM/mass in Skim_TriLep_WWW.root
2026-07-21 19:45:03,759 - INFO - [2016preVFP] MISSING_SYSTEMATIC: SR3Mu/BtagSF_HFuncorr_Down/NMinusOne/nbjet_ge1/pair_lowM/mass in Skim_TriLep_WWW.root
2026-07-21 19:45:03,759 - INFO - [2016preVFP] MISSING_SYSTEMATIC: SR3Mu/BtagSF_LFcorr_Up/NMinusOne/nbjet_ge1/pair_lowM/mass in Skim_TriLep_WWW.root
2026-07-21 19:45:03,759 - INFO - [2016preVFP] MISSING_SYSTEMATIC: SR3Mu/BtagSF_LFcorr_Down/NMinusOne/nbjet_ge1/pair_lowM/mass in Skim_TriLep_WWW.root
2026-07-21 19:45:03,760 - INFO - [2016preVFP] MISSING_SYSTEMATIC: SR3Mu/BtagSF_LFuncorr_Up/NMinusOne/nbjet_ge1/pair_lowM/mass in Skim_TriLep_WWW.root
2026-07-21 19:45:03,760 - INFO - [2016preVFP] MISSING_SYSTEMATIC: SR3Mu/BtagSF_LFuncorr_Down/NMinusOne/nbjet_ge1/pair_lowM/mass in Skim_TriLep_WWW.root
2026-07-21 19:45:03,770 - INFO - [2016preVFP] MISSING_SYSTEMATIC: SR3Mu/L1Prefire_Up/NMinusOne/nbjet_ge1/pair_lowM/mass in Skim_TriLep_WWZ.root
2026-07-21 19:45:03,770 - INFO - [2016preVFP] MISSING_SYSTEMATIC: SR3Mu/L1Prefire_Down/NMinusOne/nbjet_ge1/pair_lowM/mass in Skim_TriLep_WWZ.root
2026-07-21 19:45:03,771 - INFO - [2016preVFP] MISSING_SYSTEMATIC: SR3Mu/PileupReweight_Up/NMinusOne/nbjet_ge1/pair_lowM/mass in Skim_TriLep_WWZ.root
2026-07-21 19:45:03,771 - INFO - [2016preVFP] MISSING_SYSTEMATIC: SR3Mu/PileupReweight_Down/NMinusOne/nbjet_ge1/pair_lowM/mass in Skim_TriLep_WWZ.root
2026-07-21 19:45:03,772 - INFO - [2016preVFP] MISSING_SYSTEMATIC: SR3Mu/PileupJetIDSF_Up/NMinusOne/nbjet_ge1/pair_lowM/mass in Skim_TriLep_WWZ.root
2026-07-21 19:45:03,772 - INFO - [2016preVFP] MISSING_SYSTEMATIC: SR3Mu/PileupJetIDSF_Down/NMinusOne/nbjet_ge1/pair_lowM/mass in Skim_TriLep_WWZ.root
2026-07-21 19:45:03,773 - INFO - [2016preVFP] MISSING_SYSTEMATIC: SR3Mu/MuonIDSF_Up/NMinusOne/nbjet_ge1/pair_lowM/mass in Skim_TriLep_WWZ.root
2026-07-21 19:45:03,773 - INFO - [2016preVFP] MISSING_SYSTEMATIC: SR3Mu/MuonIDSF_Down/NMinusOne/nbjet_ge1/pair_lowM/mass in Skim_TriLep_WWZ.root
2026-07-21 19:45:03,774 - INFO - [2016preVFP] MISSING_SYSTEMATIC: SR3Mu/DblMuTrigSF_Up/NMinusOne/nbjet_ge1/pair_lowM/mass in Skim_TriLep_WWZ.root
2026-07-21 19:45:03,774 - INFO - [2016preVFP] MISSING_SYSTEMATIC: SR3Mu/DblMuTrigSF_Down/NMinusOne/nbjet_ge1/pair_lowM/mass in Skim_TriLep_WWZ.root
2026-07-21 19:45:03,775 - INFO - [2016preVFP] MISSING_SYSTEMATIC: SR3Mu/JetEn_Up/NMinusOne/nbjet_ge1/pair_lowM/mass in Skim_TriLep_WWZ.root
2026-07-21 19:45:03,775 - INFO - [2016preVFP] MISSING_SYSTEMATIC: SR3Mu/JetEn_Down/NMinusOne/nbjet_ge1/pair_lowM/mass in Skim_TriLep_WWZ.root
2026-07-21 19:45:03,776 - INFO - [2016preVFP] MISSING_SYSTEMATIC: SR3Mu/JetRes_Up/NMinusOne/nbjet_ge1/pair_lowM/mass in Skim_TriLep_WWZ.root
2026-07-21 19:45:03,776 - INFO - [2016preVFP] MISSING_SYSTEMATIC: SR3Mu/JetRes_Down/NMinusOne/nbjet_ge1/pair_lowM/mass in Skim_TriLep_WWZ.root
2026-07-21 19:45:03,777 - INFO - [2016preVFP] MISSING_SYSTEMATIC: SR3Mu/MuonEn_Up/NMinusOne/nbjet_ge1/pair_lowM/mass in Skim_TriLep_WWZ.root
2026-07-21 19:45:03,777 - INFO - [2016preVFP] MISSING_SYSTEMATIC: SR3Mu/MuonEn_Down/NMinusOne/nbjet_ge1/pair_lowM/mass in Skim_TriLep_WWZ.root
2026-07-21 19:45:03,778 - INFO - [2016preVFP] MISSING_SYSTEMATIC: SR3Mu/ElectronEn_Up/NMinusOne/nbjet_ge1/pair_lowM/mass in Skim_TriLep_WWZ.root
2026-07-21 19:45:03,778 - INFO - [2016preVFP] MISSING_SYSTEMATIC: SR3Mu/ElectronEn_Down/NMinusOne/nbjet_ge1/pair_lowM/mass in Skim_TriLep_WWZ.root
2026-07-21 19:45:03,779 - INFO - [2016preVFP] MISSING_SYSTEMATIC: SR3Mu/ElectronRes_Up/NMinusOne/nbjet_ge1/pair_lowM/mass in Skim_TriLep_WWZ.root
2026-07-21 19:45:03,779 - INFO - [2016preVFP] MISSING_SYSTEMATIC: SR3Mu/ElectronRes_Down/NMinusOne/nbjet_ge1/pair_lowM/mass in Skim_TriLep_WWZ.root
2026-07-21 19:45:03,780 - INFO - [2016preVFP] MISSING_SYSTEMATIC: SR3Mu/UnclusteredEn_Up/NMinusOne/nbjet_ge1/pair_lowM/mass in Skim_TriLep_WWZ.root
2026-07-21 19:45:03,780 - INFO - [2016preVFP] MISSING_SYSTEMATIC: SR3Mu/UnclusteredEn_Down/NMinusOne/nbjet_ge1/pair_lowM/mass in Skim_TriLep_WWZ.root
2026-07-21 19:45:03,781 - INFO - [2016preVFP] MISSING_SYSTEMATIC: SR3Mu/BtagSF_HFcorr_Up/NMinusOne/nbjet_ge1/pair_lowM/mass in Skim_TriLep_WWZ.root
2026-07-21 19:45:03,781 - INFO - [2016preVFP] MISSING_SYSTEMATIC: SR3Mu/BtagSF_HFcorr_Down/NMinusOne/nbjet_ge1/pair_lowM/mass in Skim_TriLep_WWZ.root
2026-07-21 19:45:03,782 - INFO - [2016preVFP] MISSING_SYSTEMATIC: SR3Mu/BtagSF_HFuncorr_Up/NMinusOne/nbjet_ge1/pair_lowM/mass in Skim_TriLep_WWZ.root
2026-07-21 19:45:03,782 - INFO - [2016preVFP] MISSING_SYSTEMATIC: SR3Mu/BtagSF_HFuncorr_Down/NMinusOne/nbjet_ge1/pair_lowM/mass in Skim_TriLep_WWZ.root
2026-07-21 19:45:03,783 - INFO - [2016preVFP] MISSING_SYSTEMATIC: SR3Mu/BtagSF_LFcorr_Up/NMinusOne/nbjet_ge1/pair_lowM/mass in Skim_TriLep_WWZ.root
2026-07-21 19:45:03,783 - INFO - [2016preVFP] MISSING_SYSTEMATIC: SR3Mu/BtagSF_LFcorr_Down/NMinusOne/nbjet_ge1/pair_lowM/mass in Skim_TriLep_WWZ.root
2026-07-21 19:45:03,784 - INFO - [2016preVFP] MISSING_SYSTEMATIC: SR3Mu/BtagSF_LFuncorr_Up/NMinusOne/nbjet_ge1/pair_lowM/mass in Skim_TriLep_WWZ.root
2026-07-21 19:45:03,784 - INFO - [2016preVFP] MISSING_SYSTEMATIC: SR3Mu/BtagSF_LFuncorr_Down/NMinusOne/nbjet_ge1/pair_lowM/mass in Skim_TriLep_WWZ.root
2026-07-21 19:45:03,798 - INFO - [2016preVFP] MISSING_SYSTEMATIC: SR3Mu/L1Prefire_Up/NMinusOne/nbjet_ge1/pair_lowM/mass in Skim_TriLep_WZZ.root
2026-07-21 19:45:03,798 - INFO - [2016preVFP] MISSING_SYSTEMATIC: SR3Mu/L1Prefire_Down/NMinusOne/nbjet_ge1/pair_lowM/mass in Skim_TriLep_WZZ.root
2026-07-21 19:45:03,799 - INFO - [2016preVFP] MISSING_SYSTEMATIC: SR3Mu/PileupReweight_Up/NMinusOne/nbjet_ge1/pair_lowM/mass in Skim_TriLep_WZZ.root
2026-07-21 19:45:03,799 - INFO - [2016preVFP] MISSING_SYSTEMATIC: SR3Mu/PileupReweight_Down/NMinusOne/nbjet_ge1/pair_lowM/mass in Skim_TriLep_WZZ.root
2026-07-21 19:45:03,800 - INFO - [2016preVFP] MISSING_SYSTEMATIC: SR3Mu/PileupJetIDSF_Up/NMinusOne/nbjet_ge1/pair_lowM/mass in Skim_TriLep_WZZ.root
2026-07-21 19:45:03,800 - INFO - [2016preVFP] MISSING_SYSTEMATIC: SR3Mu/PileupJetIDSF_Down/NMinusOne/nbjet_ge1/pair_lowM/mass in Skim_TriLep_WZZ.root
2026-07-21 19:45:03,801 - INFO - [2016preVFP] MISSING_SYSTEMATIC: SR3Mu/MuonIDSF_Up/NMinusOne/nbjet_ge1/pair_lowM/mass in Skim_TriLep_WZZ.root
2026-07-21 19:45:03,801 - INFO - [2016preVFP] MISSING_SYSTEMATIC: SR3Mu/MuonIDSF_Down/NMinusOne/nbjet_ge1/pair_lowM/mass in Skim_TriLep_WZZ.root
2026-07-21 19:45:03,802 - INFO - [2016preVFP] MISSING_SYSTEMATIC: SR3Mu/DblMuTrigSF_Up/NMinusOne/nbjet_ge1/pair_lowM/mass in Skim_TriLep_WZZ.root
2026-07-21 19:45:03,802 - INFO - [2016preVFP] MISSING_SYSTEMATIC: SR3Mu/DblMuTrigSF_Down/NMinusOne/nbjet_ge1/pair_lowM/mass in Skim_TriLep_WZZ.root
2026-07-21 19:45:03,803 - INFO - [2016preVFP] MISSING_SYSTEMATIC: SR3Mu/JetEn_Up/NMinusOne/nbjet_ge1/pair_lowM/mass in Skim_TriLep_WZZ.root
2026-07-21 19:45:03,803 - INFO - [2016preVFP] MISSING_SYSTEMATIC: SR3Mu/JetEn_Down/NMinusOne/nbjet_ge1/pair_lowM/mass in Skim_TriLep_WZZ.root
2026-07-21 19:45:03,804 - INFO - [2016preVFP] MISSING_SYSTEMATIC: SR3Mu/JetRes_Up/NMinusOne/nbjet_ge1/pair_lowM/mass in Skim_TriLep_WZZ.root
2026-07-21 19:45:03,804 - INFO - [2016preVFP] MISSING_SYSTEMATIC: SR3Mu/JetRes_Down/NMinusOne/nbjet_ge1/pair_lowM/mass in Skim_TriLep_WZZ.root
2026-07-21 19:45:03,805 - INFO - [2016preVFP] MISSING_SYSTEMATIC: SR3Mu/MuonEn_Up/NMinusOne/nbjet_ge1/pair_lowM/mass in Skim_TriLep_WZZ.root
2026-07-21 19:45:03,806 - INFO - [2016preVFP] MISSING_SYSTEMATIC: SR3Mu/MuonEn_Down/NMinusOne/nbjet_ge1/pair_lowM/mass in Skim_TriLep_WZZ.root
2026-07-21 19:45:03,807 - INFO - [2016preVFP] MISSING_SYSTEMATIC: SR3Mu/ElectronEn_Up/NMinusOne/nbjet_ge1/pair_lowM/mass in Skim_TriLep_WZZ.root
2026-07-21 19:45:03,807 - INFO - [2016preVFP] MISSING_SYSTEMATIC: SR3Mu/ElectronEn_Down/NMinusOne/nbjet_ge1/pair_lowM/mass in Skim_TriLep_WZZ.root
2026-07-21 19:45:03,808 - INFO - [2016preVFP] MISSING_SYSTEMATIC: SR3Mu/ElectronRes_Up/NMinusOne/nbjet_ge1/pair_lowM/mass in Skim_TriLep_WZZ.root
2026-07-21 19:45:03,808 - INFO - [2016preVFP] MISSING_SYSTEMATIC: SR3Mu/ElectronRes_Down/NMinusOne/nbjet_ge1/pair_lowM/mass in Skim_TriLep_WZZ.root
2026-07-21 19:45:03,809 - INFO - [2016preVFP] MISSING_SYSTEMATIC: SR3Mu/UnclusteredEn_Up/NMinusOne/nbjet_ge1/pair_lowM/mass in Skim_TriLep_WZZ.root
2026-07-21 19:45:03,809 - INFO - [2016preVFP] MISSING_SYSTEMATIC: SR3Mu/UnclusteredEn_Down/NMinusOne/nbjet_ge1/pair_lowM/mass in Skim_TriLep_WZZ.root
2026-07-21 19:45:03,810 - INFO - [2016preVFP] MISSING_SYSTEMATIC: SR3Mu/BtagSF_HFcorr_Up/NMinusOne/nbjet_ge1/pair_lowM/mass in Skim_TriLep_WZZ.root
2026-07-21 19:45:03,810 - INFO - [2016preVFP] MISSING_SYSTEMATIC: SR3Mu/BtagSF_HFcorr_Down/NMinusOne/nbjet_ge1/pair_lowM/mass in Skim_TriLep_WZZ.root
2026-07-21 19:45:03,811 - INFO - [2016preVFP] MISSING_SYSTEMATIC: SR3Mu/BtagSF_HFuncorr_Up/NMinusOne/nbjet_ge1/pair_lowM/mass in Skim_TriLep_WZZ.root
2026-07-21 19:45:03,811 - INFO - [2016preVFP] MISSING_SYSTEMATIC: SR3Mu/BtagSF_HFuncorr_Down/NMinusOne/nbjet_ge1/pair_lowM/mass in Skim_TriLep_WZZ.root
2026-07-21 19:45:03,812 - INFO - [2016preVFP] MISSING_SYSTEMATIC: SR3Mu/BtagSF_LFcorr_Up/NMinusOne/nbjet_ge1/pair_lowM/mass in Skim_TriLep_WZZ.root
2026-07-21 19:45:03,812 - INFO - [2016preVFP] MISSING_SYSTEMATIC: SR3Mu/BtagSF_LFcorr_Down/NMinusOne/nbjet_ge1/pair_lowM/mass in Skim_TriLep_WZZ.root
2026-07-21 19:45:03,813 - INFO - [2016preVFP] MISSING_SYSTEMATIC: SR3Mu/BtagSF_LFuncorr_Up/NMinusOne/nbjet_ge1/pair_lowM/mass in Skim_TriLep_WZZ.root
2026-07-21 19:45:03,813 - INFO - [2016preVFP] MISSING_SYSTEMATIC: SR3Mu/BtagSF_LFuncorr_Down/NMinusOne/nbjet_ge1/pair_lowM/mass in Skim_TriLep_WZZ.root
2026-07-21 19:45:03,844 - INFO - [2016preVFP] MISSING_SYSTEMATIC: SR3Mu/L1Prefire_Up/NMinusOne/nbjet_ge1/pair_lowM/mass in Skim_TriLep_ZZZ.root
2026-07-21 19:45:03,844 - INFO - [2016preVFP] MISSING_SYSTEMATIC: SR3Mu/L1Prefire_Down/NMinusOne/nbjet_ge1/pair_lowM/mass in Skim_TriLep_ZZZ.root
2026-07-21 19:45:03,845 - INFO - [2016preVFP] MISSING_SYSTEMATIC: SR3Mu/PileupReweight_Up/NMinusOne/nbjet_ge1/pair_lowM/mass in Skim_TriLep_ZZZ.root
2026-07-21 19:45:03,845 - INFO - [2016preVFP] MISSING_SYSTEMATIC: SR3Mu/PileupReweight_Down/NMinusOne/nbjet_ge1/pair_lowM/mass in Skim_TriLep_ZZZ.root
2026-07-21 19:45:03,846 - INFO - [2016preVFP] MISSING_SYSTEMATIC: SR3Mu/PileupJetIDSF_Up/NMinusOne/nbjet_ge1/pair_lowM/mass in Skim_TriLep_ZZZ.root
2026-07-21 19:45:03,846 - INFO - [2016preVFP] MISSING_SYSTEMATIC: SR3Mu/PileupJetIDSF_Down/NMinusOne/nbjet_ge1/pair_lowM/mass in Skim_TriLep_ZZZ.root
2026-07-21 19:45:03,847 - INFO - [2016preVFP] MISSING_SYSTEMATIC: SR3Mu/MuonIDSF_Up/NMinusOne/nbjet_ge1/pair_lowM/mass in Skim_TriLep_ZZZ.root
2026-07-21 19:45:03,847 - INFO - [2016preVFP] MISSING_SYSTEMATIC: SR3Mu/MuonIDSF_Down/NMinusOne/nbjet_ge1/pair_lowM/mass in Skim_TriLep_ZZZ.root
2026-07-21 19:45:03,848 - INFO - [2016preVFP] MISSING_SYSTEMATIC: SR3Mu/DblMuTrigSF_Up/NMinusOne/nbjet_ge1/pair_lowM/mass in Skim_TriLep_ZZZ.root
2026-07-21 19:45:03,848 - INFO - [2016preVFP] MISSING_SYSTEMATIC: SR3Mu/DblMuTrigSF_Down/NMinusOne/nbjet_ge1/pair_lowM/mass in Skim_TriLep_ZZZ.root
2026-07-21 19:45:03,849 - INFO - [2016preVFP] MISSING_SYSTEMATIC: SR3Mu/JetEn_Up/NMinusOne/nbjet_ge1/pair_lowM/mass in Skim_TriLep_ZZZ.root
2026-07-21 19:45:03,850 - INFO - [2016preVFP] MISSING_SYSTEMATIC: SR3Mu/JetEn_Down/NMinusOne/nbjet_ge1/pair_lowM/mass in Skim_TriLep_ZZZ.root
2026-07-21 19:45:03,851 - INFO - [2016preVFP] MISSING_SYSTEMATIC: SR3Mu/JetRes_Up/NMinusOne/nbjet_ge1/pair_lowM/mass in Skim_TriLep_ZZZ.root
2026-07-21 19:45:03,851 - INFO - [2016preVFP] MISSING_SYSTEMATIC: SR3Mu/JetRes_Down/NMinusOne/nbjet_ge1/pair_lowM/mass in Skim_TriLep_ZZZ.root
2026-07-21 19:45:03,852 - INFO - [2016preVFP] MISSING_SYSTEMATIC: SR3Mu/MuonEn_Up/NMinusOne/nbjet_ge1/pair_lowM/mass in Skim_TriLep_ZZZ.root
2026-07-21 19:45:03,852 - INFO - [2016preVFP] MISSING_SYSTEMATIC: SR3Mu/MuonEn_Down/NMinusOne/nbjet_ge1/pair_lowM/mass in Skim_TriLep_ZZZ.root
2026-07-21 19:45:03,853 - INFO - [2016preVFP] MISSING_SYSTEMATIC: SR3Mu/ElectronEn_Up/NMinusOne/nbjet_ge1/pair_lowM/mass in Skim_TriLep_ZZZ.root
2026-07-21 19:45:03,853 - INFO - [2016preVFP] MISSING_SYSTEMATIC: SR3Mu/ElectronEn_Down/NMinusOne/nbjet_ge1/pair_lowM/mass in Skim_TriLep_ZZZ.root
2026-07-21 19:45:03,854 - INFO - [2016preVFP] MISSING_SYSTEMATIC: SR3Mu/ElectronRes_Up/NMinusOne/nbjet_ge1/pair_lowM/mass in Skim_TriLep_ZZZ.root
2026-07-21 19:45:03,854 - INFO - [2016preVFP] MISSING_SYSTEMATIC: SR3Mu/ElectronRes_Down/NMinusOne/nbjet_ge1/pair_lowM/mass in Skim_TriLep_ZZZ.root
2026-07-21 19:45:03,855 - INFO - [2016preVFP] MISSING_SYSTEMATIC: SR3Mu/UnclusteredEn_Up/NMinusOne/nbjet_ge1/pair_lowM/mass in Skim_TriLep_ZZZ.root
2026-07-21 19:45:03,855 - INFO - [2016preVFP] MISSING_SYSTEMATIC: SR3Mu/UnclusteredEn_Down/NMinusOne/nbjet_ge1/pair_lowM/mass in Skim_TriLep_ZZZ.root
2026-07-21 19:45:03,856 - INFO - [2016preVFP] MISSING_SYSTEMATIC: SR3Mu/BtagSF_HFcorr_Up/NMinusOne/nbjet_ge1/pair_lowM/mass in Skim_TriLep_ZZZ.root
2026-07-21 19:45:03,856 - INFO - [2016preVFP] MISSING_SYSTEMATIC: SR3Mu/BtagSF_HFcorr_Down/NMinusOne/nbjet_ge1/pair_lowM/mass in Skim_TriLep_ZZZ.root
2026-07-21 19:45:03,857 - INFO - [2016preVFP] MISSING_SYSTEMATIC: SR3Mu/BtagSF_HFuncorr_Up/NMinusOne/nbjet_ge1/pair_lowM/mass in Skim_TriLep_ZZZ.root
2026-07-21 19:45:03,857 - INFO - [2016preVFP] MISSING_SYSTEMATIC: SR3Mu/BtagSF_HFuncorr_Down/NMinusOne/nbjet_ge1/pair_lowM/mass in Skim_TriLep_ZZZ.root
2026-07-21 19:45:03,858 - INFO - [2016preVFP] MISSING_SYSTEMATIC: SR3Mu/BtagSF_LFcorr_Up/NMinusOne/nbjet_ge1/pair_lowM/mass in Skim_TriLep_ZZZ.root
2026-07-21 19:45:03,858 - INFO - [2016preVFP] MISSING_SYSTEMATIC: SR3Mu/BtagSF_LFcorr_Down/NMinusOne/nbjet_ge1/pair_lowM/mass in Skim_TriLep_ZZZ.root
2026-07-21 19:45:03,858 - INFO - [2016preVFP] MISSING_SYSTEMATIC: SR3Mu/BtagSF_LFuncorr_Up/NMinusOne/nbjet_ge1/pair_lowM/mass in Skim_TriLep_ZZZ.root
2026-07-21 19:45:03,859 - INFO - [2016preVFP] MISSING_SYSTEMATIC: SR3Mu/BtagSF_LFuncorr_Down/NMinusOne/nbjet_ge1/pair_lowM/mass in Skim_TriLep_ZZZ.root
2026-07-21 19:45:03,911 - INFO - [2016preVFP] MISSING_SYSTEMATIC: SR3Mu/L1Prefire_Up/NMinusOne/nbjet_ge1/pair_lowM/mass in Skim_TriLep_TTTT.root
2026-07-21 19:45:03,911 - INFO - [2016preVFP] MISSING_SYSTEMATIC: SR3Mu/L1Prefire_Down/NMinusOne/nbjet_ge1/pair_lowM/mass in Skim_TriLep_TTTT.root
2026-07-21 19:45:03,913 - INFO - [2016preVFP] MISSING_SYSTEMATIC: SR3Mu/PileupReweight_Up/NMinusOne/nbjet_ge1/pair_lowM/mass in Skim_TriLep_TTTT.root
2026-07-21 19:45:03,913 - INFO - [2016preVFP] MISSING_SYSTEMATIC: SR3Mu/PileupReweight_Down/NMinusOne/nbjet_ge1/pair_lowM/mass in Skim_TriLep_TTTT.root
2026-07-21 19:45:03,914 - INFO - [2016preVFP] MISSING_SYSTEMATIC: SR3Mu/PileupJetIDSF_Up/NMinusOne/nbjet_ge1/pair_lowM/mass in Skim_TriLep_TTTT.root
2026-07-21 19:45:03,915 - INFO - [2016preVFP] MISSING_SYSTEMATIC: SR3Mu/PileupJetIDSF_Down/NMinusOne/nbjet_ge1/pair_lowM/mass in Skim_TriLep_TTTT.root
2026-07-21 19:45:03,916 - INFO - [2016preVFP] MISSING_SYSTEMATIC: SR3Mu/MuonIDSF_Up/NMinusOne/nbjet_ge1/pair_lowM/mass in Skim_TriLep_TTTT.root
2026-07-21 19:45:03,916 - INFO - [2016preVFP] MISSING_SYSTEMATIC: SR3Mu/MuonIDSF_Down/NMinusOne/nbjet_ge1/pair_lowM/mass in Skim_TriLep_TTTT.root
2026-07-21 19:45:03,918 - INFO - [2016preVFP] MISSING_SYSTEMATIC: SR3Mu/DblMuTrigSF_Up/NMinusOne/nbjet_ge1/pair_lowM/mass in Skim_TriLep_TTTT.root
2026-07-21 19:45:03,918 - INFO - [2016preVFP] MISSING_SYSTEMATIC: SR3Mu/DblMuTrigSF_Down/NMinusOne/nbjet_ge1/pair_lowM/mass in Skim_TriLep_TTTT.root
2026-07-21 19:45:03,920 - INFO - [2016preVFP] MISSING_SYSTEMATIC: SR3Mu/JetEn_Up/NMinusOne/nbjet_ge1/pair_lowM/mass in Skim_TriLep_TTTT.root
2026-07-21 19:45:03,920 - INFO - [2016preVFP] MISSING_SYSTEMATIC: SR3Mu/JetEn_Down/NMinusOne/nbjet_ge1/pair_lowM/mass in Skim_TriLep_TTTT.root
2026-07-21 19:45:03,921 - INFO - [2016preVFP] MISSING_SYSTEMATIC: SR3Mu/JetRes_Up/NMinusOne/nbjet_ge1/pair_lowM/mass in Skim_TriLep_TTTT.root
2026-07-21 19:45:03,922 - INFO - [2016preVFP] MISSING_SYSTEMATIC: SR3Mu/JetRes_Down/NMinusOne/nbjet_ge1/pair_lowM/mass in Skim_TriLep_TTTT.root
2026-07-21 19:45:03,923 - INFO - [2016preVFP] MISSING_SYSTEMATIC: SR3Mu/MuonEn_Up/NMinusOne/nbjet_ge1/pair_lowM/mass in Skim_TriLep_TTTT.root
2026-07-21 19:45:03,923 - INFO - [2016preVFP] MISSING_SYSTEMATIC: SR3Mu/MuonEn_Down/NMinusOne/nbjet_ge1/pair_lowM/mass in Skim_TriLep_TTTT.root
2026-07-21 19:45:03,925 - INFO - [2016preVFP] MISSING_SYSTEMATIC: SR3Mu/ElectronEn_Up/NMinusOne/nbjet_ge1/pair_lowM/mass in Skim_TriLep_TTTT.root
2026-07-21 19:45:03,925 - INFO - [2016preVFP] MISSING_SYSTEMATIC: SR3Mu/ElectronEn_Down/NMinusOne/nbjet_ge1/pair_lowM/mass in Skim_TriLep_TTTT.root
2026-07-21 19:45:03,926 - INFO - [2016preVFP] MISSING_SYSTEMATIC: SR3Mu/ElectronRes_Up/NMinusOne/nbjet_ge1/pair_lowM/mass in Skim_TriLep_TTTT.root
2026-07-21 19:45:03,926 - INFO - [2016preVFP] MISSING_SYSTEMATIC: SR3Mu/ElectronRes_Down/NMinusOne/nbjet_ge1/pair_lowM/mass in Skim_TriLep_TTTT.root
2026-07-21 19:45:03,928 - INFO - [2016preVFP] MISSING_SYSTEMATIC: SR3Mu/UnclusteredEn_Up/NMinusOne/nbjet_ge1/pair_lowM/mass in Skim_TriLep_TTTT.root
2026-07-21 19:45:03,928 - INFO - [2016preVFP] MISSING_SYSTEMATIC: SR3Mu/UnclusteredEn_Down/NMinusOne/nbjet_ge1/pair_lowM/mass in Skim_TriLep_TTTT.root
2026-07-21 19:45:03,930 - INFO - [2016preVFP] MISSING_SYSTEMATIC: SR3Mu/BtagSF_HFcorr_Up/NMinusOne/nbjet_ge1/pair_lowM/mass in Skim_TriLep_TTTT.root
2026-07-21 19:45:03,930 - INFO - [2016preVFP] MISSING_SYSTEMATIC: SR3Mu/BtagSF_HFcorr_Down/NMinusOne/nbjet_ge1/pair_lowM/mass in Skim_TriLep_TTTT.root
2026-07-21 19:45:03,931 - INFO - [2016preVFP] MISSING_SYSTEMATIC: SR3Mu/BtagSF_HFuncorr_Up/NMinusOne/nbjet_ge1/pair_lowM/mass in Skim_TriLep_TTTT.root
2026-07-21 19:45:03,931 - INFO - [2016preVFP] MISSING_SYSTEMATIC: SR3Mu/BtagSF_HFuncorr_Down/NMinusOne/nbjet_ge1/pair_lowM/mass in Skim_TriLep_TTTT.root
2026-07-21 19:45:03,933 - INFO - [2016preVFP] MISSING_SYSTEMATIC: SR3Mu/BtagSF_LFcorr_Up/NMinusOne/nbjet_ge1/pair_lowM/mass in Skim_TriLep_TTTT.root
2026-07-21 19:45:03,933 - INFO - [2016preVFP] MISSING_SYSTEMATIC: SR3Mu/BtagSF_LFcorr_Down/NMinusOne/nbjet_ge1/pair_lowM/mass in Skim_TriLep_TTTT.root
2026-07-21 19:45:03,934 - INFO - [2016preVFP] MISSING_SYSTEMATIC: SR3Mu/BtagSF_LFuncorr_Up/NMinusOne/nbjet_ge1/pair_lowM/mass in Skim_TriLep_TTTT.root
2026-07-21 19:45:03,935 - INFO - [2016preVFP] MISSING_SYSTEMATIC: SR3Mu/BtagSF_LFuncorr_Down/NMinusOne/nbjet_ge1/pair_lowM/mass in Skim_TriLep_TTTT.root
2026-07-21 19:45:03,937 - INFO - [2016preVFP] MISSING_SYSTEMATIC: SR3Mu/L1Prefire_Up/NMinusOne/nbjet_ge1/pair_lowM/mass in Skim_TriLep_VBFHToZZTo4L.root
2026-07-21 19:45:03,937 - INFO - [2016preVFP] MISSING_SYSTEMATIC: SR3Mu/L1Prefire_Down/NMinusOne/nbjet_ge1/pair_lowM/mass in Skim_TriLep_VBFHToZZTo4L.root
2026-07-21 19:45:03,939 - INFO - [2016preVFP] MISSING_SYSTEMATIC: SR3Mu/PileupReweight_Up/NMinusOne/nbjet_ge1/pair_lowM/mass in Skim_TriLep_VBFHToZZTo4L.root
2026-07-21 19:45:03,939 - INFO - [2016preVFP] MISSING_SYSTEMATIC: SR3Mu/PileupReweight_Down/NMinusOne/nbjet_ge1/pair_lowM/mass in Skim_TriLep_VBFHToZZTo4L.root
2026-07-21 19:45:03,940 - INFO - [2016preVFP] MISSING_SYSTEMATIC: SR3Mu/PileupJetIDSF_Up/NMinusOne/nbjet_ge1/pair_lowM/mass in Skim_TriLep_VBFHToZZTo4L.root
2026-07-21 19:45:03,941 - INFO - [2016preVFP] MISSING_SYSTEMATIC: SR3Mu/PileupJetIDSF_Down/NMinusOne/nbjet_ge1/pair_lowM/mass in Skim_TriLep_VBFHToZZTo4L.root
2026-07-21 19:45:03,942 - INFO - [2016preVFP] MISSING_SYSTEMATIC: SR3Mu/MuonIDSF_Up/NMinusOne/nbjet_ge1/pair_lowM/mass in Skim_TriLep_VBFHToZZTo4L.root
2026-07-21 19:45:03,942 - INFO - [2016preVFP] MISSING_SYSTEMATIC: SR3Mu/MuonIDSF_Down/NMinusOne/nbjet_ge1/pair_lowM/mass in Skim_TriLep_VBFHToZZTo4L.root
2026-07-21 19:45:03,943 - INFO - [2016preVFP] MISSING_SYSTEMATIC: SR3Mu/DblMuTrigSF_Up/NMinusOne/nbjet_ge1/pair_lowM/mass in Skim_TriLep_VBFHToZZTo4L.root
2026-07-21 19:45:03,943 - INFO - [2016preVFP] MISSING_SYSTEMATIC: SR3Mu/DblMuTrigSF_Down/NMinusOne/nbjet_ge1/pair_lowM/mass in Skim_TriLep_VBFHToZZTo4L.root
2026-07-21 19:45:03,945 - INFO - [2016preVFP] MISSING_SYSTEMATIC: SR3Mu/JetEn_Up/NMinusOne/nbjet_ge1/pair_lowM/mass in Skim_TriLep_VBFHToZZTo4L.root
2026-07-21 19:45:03,945 - INFO - [2016preVFP] MISSING_SYSTEMATIC: SR3Mu/JetEn_Down/NMinusOne/nbjet_ge1/pair_lowM/mass in Skim_TriLep_VBFHToZZTo4L.root
2026-07-21 19:45:03,946 - INFO - [2016preVFP] MISSING_SYSTEMATIC: SR3Mu/JetRes_Up/NMinusOne/nbjet_ge1/pair_lowM/mass in Skim_TriLep_VBFHToZZTo4L.root
2026-07-21 19:45:03,946 - INFO - [2016preVFP] MISSING_SYSTEMATIC: SR3Mu/JetRes_Down/NMinusOne/nbjet_ge1/pair_lowM/mass in Skim_TriLep_VBFHToZZTo4L.root
2026-07-21 19:45:03,947 - INFO - [2016preVFP] MISSING_SYSTEMATIC: SR3Mu/MuonEn_Up/NMinusOne/nbjet_ge1/pair_lowM/mass in Skim_TriLep_VBFHToZZTo4L.root
2026-07-21 19:45:03,947 - INFO - [2016preVFP] MISSING_SYSTEMATIC: SR3Mu/MuonEn_Down/NMinusOne/nbjet_ge1/pair_lowM/mass in Skim_TriLep_VBFHToZZTo4L.root
2026-07-21 19:45:03,948 - INFO - [2016preVFP] MISSING_SYSTEMATIC: SR3Mu/ElectronEn_Up/NMinusOne/nbjet_ge1/pair_lowM/mass in Skim_TriLep_VBFHToZZTo4L.root
2026-07-21 19:45:03,948 - INFO - [2016preVFP] MISSING_SYSTEMATIC: SR3Mu/ElectronEn_Down/NMinusOne/nbjet_ge1/pair_lowM/mass in Skim_TriLep_VBFHToZZTo4L.root
2026-07-21 19:45:03,949 - INFO - [2016preVFP] MISSING_SYSTEMATIC: SR3Mu/ElectronRes_Up/NMinusOne/nbjet_ge1/pair_lowM/mass in Skim_TriLep_VBFHToZZTo4L.root
2026-07-21 19:45:03,949 - INFO - [2016preVFP] MISSING_SYSTEMATIC: SR3Mu/ElectronRes_Down/NMinusOne/nbjet_ge1/pair_lowM/mass in Skim_TriLep_VBFHToZZTo4L.root
2026-07-21 19:45:03,950 - INFO - [2016preVFP] MISSING_SYSTEMATIC: SR3Mu/UnclusteredEn_Up/NMinusOne/nbjet_ge1/pair_lowM/mass in Skim_TriLep_VBFHToZZTo4L.root
2026-07-21 19:45:03,950 - INFO - [2016preVFP] MISSING_SYSTEMATIC: SR3Mu/UnclusteredEn_Down/NMinusOne/nbjet_ge1/pair_lowM/mass in Skim_TriLep_VBFHToZZTo4L.root
2026-07-21 19:45:03,951 - INFO - [2016preVFP] MISSING_SYSTEMATIC: SR3Mu/BtagSF_HFcorr_Up/NMinusOne/nbjet_ge1/pair_lowM/mass in Skim_TriLep_VBFHToZZTo4L.root
2026-07-21 19:45:03,951 - INFO - [2016preVFP] MISSING_SYSTEMATIC: SR3Mu/BtagSF_HFcorr_Down/NMinusOne/nbjet_ge1/pair_lowM/mass in Skim_TriLep_VBFHToZZTo4L.root
2026-07-21 19:45:03,952 - INFO - [2016preVFP] MISSING_SYSTEMATIC: SR3Mu/BtagSF_HFuncorr_Up/NMinusOne/nbjet_ge1/pair_lowM/mass in Skim_TriLep_VBFHToZZTo4L.root
2026-07-21 19:45:03,952 - INFO - [2016preVFP] MISSING_SYSTEMATIC: SR3Mu/BtagSF_HFuncorr_Down/NMinusOne/nbjet_ge1/pair_lowM/mass in Skim_TriLep_VBFHToZZTo4L.root
2026-07-21 19:45:03,953 - INFO - [2016preVFP] MISSING_SYSTEMATIC: SR3Mu/BtagSF_LFcorr_Up/NMinusOne/nbjet_ge1/pair_lowM/mass in Skim_TriLep_VBFHToZZTo4L.root
2026-07-21 19:45:03,953 - INFO - [2016preVFP] MISSING_SYSTEMATIC: SR3Mu/BtagSF_LFcorr_Down/NMinusOne/nbjet_ge1/pair_lowM/mass in Skim_TriLep_VBFHToZZTo4L.root
2026-07-21 19:45:03,954 - INFO - [2016preVFP] MISSING_SYSTEMATIC: SR3Mu/BtagSF_LFuncorr_Up/NMinusOne/nbjet_ge1/pair_lowM/mass in Skim_TriLep_VBFHToZZTo4L.root
2026-07-21 19:45:03,954 - INFO - [2016preVFP] MISSING_SYSTEMATIC: SR3Mu/BtagSF_LFuncorr_Down/NMinusOne/nbjet_ge1/pair_lowM/mass in Skim_TriLep_VBFHToZZTo4L.root
2026-07-21 19:45:03,956 - INFO - [2016preVFP] MISSING_SYSTEMATIC: SR3Mu/L1Prefire_Up/NMinusOne/nbjet_ge1/pair_lowM/mass in Skim_TriLep_ggHToZZTo4L.root
2026-07-21 19:45:03,956 - INFO - [2016preVFP] MISSING_SYSTEMATIC: SR3Mu/L1Prefire_Down/NMinusOne/nbjet_ge1/pair_lowM/mass in Skim_TriLep_ggHToZZTo4L.root
2026-07-21 19:45:03,957 - INFO - [2016preVFP] MISSING_SYSTEMATIC: SR3Mu/PileupReweight_Up/NMinusOne/nbjet_ge1/pair_lowM/mass in Skim_TriLep_ggHToZZTo4L.root
2026-07-21 19:45:03,957 - INFO - [2016preVFP] MISSING_SYSTEMATIC: SR3Mu/PileupReweight_Down/NMinusOne/nbjet_ge1/pair_lowM/mass in Skim_TriLep_ggHToZZTo4L.root
2026-07-21 19:45:03,958 - INFO - [2016preVFP] MISSING_SYSTEMATIC: SR3Mu/PileupJetIDSF_Up/NMinusOne/nbjet_ge1/pair_lowM/mass in Skim_TriLep_ggHToZZTo4L.root
2026-07-21 19:45:03,958 - INFO - [2016preVFP] MISSING_SYSTEMATIC: SR3Mu/PileupJetIDSF_Down/NMinusOne/nbjet_ge1/pair_lowM/mass in Skim_TriLep_ggHToZZTo4L.root
2026-07-21 19:45:03,959 - INFO - [2016preVFP] MISSING_SYSTEMATIC: SR3Mu/MuonIDSF_Up/NMinusOne/nbjet_ge1/pair_lowM/mass in Skim_TriLep_ggHToZZTo4L.root
2026-07-21 19:45:03,959 - INFO - [2016preVFP] MISSING_SYSTEMATIC: SR3Mu/MuonIDSF_Down/NMinusOne/nbjet_ge1/pair_lowM/mass in Skim_TriLep_ggHToZZTo4L.root
2026-07-21 19:45:03,960 - INFO - [2016preVFP] MISSING_SYSTEMATIC: SR3Mu/DblMuTrigSF_Up/NMinusOne/nbjet_ge1/pair_lowM/mass in Skim_TriLep_ggHToZZTo4L.root
2026-07-21 19:45:03,960 - INFO - [2016preVFP] MISSING_SYSTEMATIC: SR3Mu/DblMuTrigSF_Down/NMinusOne/nbjet_ge1/pair_lowM/mass in Skim_TriLep_ggHToZZTo4L.root
2026-07-21 19:45:03,960 - INFO - [2016preVFP] MISSING_SYSTEMATIC: SR3Mu/JetEn_Up/NMinusOne/nbjet_ge1/pair_lowM/mass in Skim_TriLep_ggHToZZTo4L.root
2026-07-21 19:45:03,960 - INFO - [2016preVFP] MISSING_SYSTEMATIC: SR3Mu/JetEn_Down/NMinusOne/nbjet_ge1/pair_lowM/mass in Skim_TriLep_ggHToZZTo4L.root
2026-07-21 19:45:03,961 - INFO - [2016preVFP] MISSING_SYSTEMATIC: SR3Mu/JetRes_Up/NMinusOne/nbjet_ge1/pair_lowM/mass in Skim_TriLep_ggHToZZTo4L.root
2026-07-21 19:45:03,961 - INFO - [2016preVFP] MISSING_SYSTEMATIC: SR3Mu/JetRes_Down/NMinusOne/nbjet_ge1/pair_lowM/mass in Skim_TriLep_ggHToZZTo4L.root
2026-07-21 19:45:03,962 - INFO - [2016preVFP] MISSING_SYSTEMATIC: SR3Mu/MuonEn_Up/NMinusOne/nbjet_ge1/pair_lowM/mass in Skim_TriLep_ggHToZZTo4L.root
2026-07-21 19:45:03,962 - INFO - [2016preVFP] MISSING_SYSTEMATIC: SR3Mu/MuonEn_Down/NMinusOne/nbjet_ge1/pair_lowM/mass in Skim_TriLep_ggHToZZTo4L.root
2026-07-21 19:45:03,962 - INFO - [2016preVFP] MISSING_SYSTEMATIC: SR3Mu/ElectronEn_Up/NMinusOne/nbjet_ge1/pair_lowM/mass in Skim_TriLep_ggHToZZTo4L.root
2026-07-21 19:45:03,962 - INFO - [2016preVFP] MISSING_SYSTEMATIC: SR3Mu/ElectronEn_Down/NMinusOne/nbjet_ge1/pair_lowM/mass in Skim_TriLep_ggHToZZTo4L.root
2026-07-21 19:45:03,963 - INFO - [2016preVFP] MISSING_SYSTEMATIC: SR3Mu/ElectronRes_Up/NMinusOne/nbjet_ge1/pair_lowM/mass in Skim_TriLep_ggHToZZTo4L.root
2026-07-21 19:45:03,963 - INFO - [2016preVFP] MISSING_SYSTEMATIC: SR3Mu/ElectronRes_Down/NMinusOne/nbjet_ge1/pair_lowM/mass in Skim_TriLep_ggHToZZTo4L.root
2026-07-21 19:45:03,964 - INFO - [2016preVFP] MISSING_SYSTEMATIC: SR3Mu/UnclusteredEn_Up/NMinusOne/nbjet_ge1/pair_lowM/mass in Skim_TriLep_ggHToZZTo4L.root
2026-07-21 19:45:03,964 - INFO - [2016preVFP] MISSING_SYSTEMATIC: SR3Mu/UnclusteredEn_Down/NMinusOne/nbjet_ge1/pair_lowM/mass in Skim_TriLep_ggHToZZTo4L.root
2026-07-21 19:45:03,964 - INFO - [2016preVFP] MISSING_SYSTEMATIC: SR3Mu/BtagSF_HFcorr_Up/NMinusOne/nbjet_ge1/pair_lowM/mass in Skim_TriLep_ggHToZZTo4L.root
2026-07-21 19:45:03,964 - INFO - [2016preVFP] MISSING_SYSTEMATIC: SR3Mu/BtagSF_HFcorr_Down/NMinusOne/nbjet_ge1/pair_lowM/mass in Skim_TriLep_ggHToZZTo4L.root
2026-07-21 19:45:03,965 - INFO - [2016preVFP] MISSING_SYSTEMATIC: SR3Mu/BtagSF_HFuncorr_Up/NMinusOne/nbjet_ge1/pair_lowM/mass in Skim_TriLep_ggHToZZTo4L.root
2026-07-21 19:45:03,965 - INFO - [2016preVFP] MISSING_SYSTEMATIC: SR3Mu/BtagSF_HFuncorr_Down/NMinusOne/nbjet_ge1/pair_lowM/mass in Skim_TriLep_ggHToZZTo4L.root
2026-07-21 19:45:03,966 - INFO - [2016preVFP] MISSING_SYSTEMATIC: SR3Mu/BtagSF_LFcorr_Up/NMinusOne/nbjet_ge1/pair_lowM/mass in Skim_TriLep_ggHToZZTo4L.root
2026-07-21 19:45:03,966 - INFO - [2016preVFP] MISSING_SYSTEMATIC: SR3Mu/BtagSF_LFcorr_Down/NMinusOne/nbjet_ge1/pair_lowM/mass in Skim_TriLep_ggHToZZTo4L.root
2026-07-21 19:45:03,966 - INFO - [2016preVFP] MISSING_SYSTEMATIC: SR3Mu/BtagSF_LFuncorr_Up/NMinusOne/nbjet_ge1/pair_lowM/mass in Skim_TriLep_ggHToZZTo4L.root
2026-07-21 19:45:03,966 - INFO - [2016preVFP] MISSING_SYSTEMATIC: SR3Mu/BtagSF_LFuncorr_Down/NMinusOne/nbjet_ge1/pair_lowM/mass in Skim_TriLep_ggHToZZTo4L.root
