2025-11-13 19:53:49,509 - INFO - [2016preVFP] MISSING_CENTRAL: SR3Mu/Central/pair_lowM/pt in Skim_TriLep_DYJets.root
2025-11-13 19:53:49,509 - INFO - [2016preVFP] MISSING_CENTRAL: SR3Mu/Central/pair_lowM/pt in Skim_TriLep_DYJets10to50.root
2025-11-13 19:53:49,553 - INFO - [2016preVFP] MISSING_CENTRAL: SR3Mu/Central/pair_lowM/pt in Skim_TriLep_WWG.root
2025-11-13 20:00:44,308 - INFO - [2016preVFP] MISSING_CENTRAL: SR3Mu/Central/pair_lowM/pt in Skim_TriLep_DYJets.root
2025-11-13 20:00:44,308 - INFO - [2016preVFP] MISSING_CENTRAL: SR3Mu/Central/pair_lowM/pt in Skim_TriLep_DYJets10to50.root
2025-11-13 20:00:44,333 - INFO - [2016preVFP] MISSING_CENTRAL: SR3Mu/Central/pair_lowM/pt in Skim_TriLep_WWG.root
2025-11-19 16:17:52,631 - INFO - [2016preVFP] MISSING_CENTRAL: SR3Mu/Central/pair_lowM/pt in Skim_TriLep_DYJets.root
2025-11-19 16:17:52,632 - INFO - [2016preVFP] MISSING_CENTRAL: SR3Mu/Central/pair_lowM/pt in Skim_TriLep_DYJets10to50.root
2025-11-19 16:17:52,657 - INFO - [2016preVFP] MISSING_CENTRAL: SR3Mu/Central/pair_lowM/pt in Skim_TriLep_WWG.root
2025-12-17 22:31:22,326 - INFO - [2016preVFP] MISSING_CENTRAL: SR3Mu/Central/pair_lowM/pt in Skim_TriLep_DYJets10to50.root
2025-12-17 22:31:22,326 - INFO - [2016preVFP] MISSING_FILE: /data9/Users/choij/Sync/workspace/ChargedHiggsAnalysisV3/SKNanoOutput/PromptSelector/Run3Mu_RunSyst/2016preVFP/Skim_TriLep_ZGToLLG.root
2025-12-17 22:31:22,346 - INFO - [2016preVFP] MISSING_CENTRAL: SR3Mu/Central/pair_lowM/pt in Skim_TriLep_WWG.root
2025-12-18 14:10:05,154 - INFO - [2016preVFP] MISSING_CENTRAL: SR3Mu/Central/pair_lowM/pt in Skim_TriLep_DYJets10to50.root
2025-12-18 14:10:05,154 - INFO - [2016preVFP] MISSING_FILE: /data9/Users/choij/Sync/workspace/ChargedHiggsAnalysisV3/SKNanoOutput/PromptSelector/Run3Mu_RunSyst/2016preVFP/Skim_TriLep_ZGToLLG.root
2025-12-18 14:10:05,185 - INFO - [2016preVFP] MISSING_CENTRAL: SR3Mu/Central/pair_lowM/pt in Skim_TriLep_WWG.root
2025-12-18 14:14:10,885 - INFO - [2016preVFP] MISSING_CENTRAL: SR3Mu/Central/pair_lowM/pt in Skim_TriLep_DYJets10to50.root
2025-12-18 14:14:10,885 - INFO - [2016preVFP] MISSING_FILE: /data9/Users/choij/Sync/workspace/ChargedHiggsAnalysisV3/SKNanoOutput/PromptSelector/Run3Mu_RunSyst/2016preVFP/Skim_TriLep_ZGToLLG.root
2025-12-18 14:14:10,924 - INFO - [2016preVFP] MISSING_CENTRAL: SR3Mu/Central/pair_lowM/pt in Skim_TriLep_WWG.root
2025-12-18 14:29:42,117 - INFO - [2016preVFP] MISSING_CENTRAL: SR3Mu/Central/pair_lowM/pt in Skim_TriLep_DYJets10to50.root
2025-12-18 14:29:42,117 - INFO - [2016preVFP] MISSING_FILE: /data9/Users/choij/Sync/workspace/ChargedHiggsAnalysisV3/SKNanoOutput/PromptSelector/Run3Mu_RunSyst/2016preVFP/Skim_TriLep_ZGToLLG.root
2025-12-18 14:29:42,164 - INFO - [2016preVFP] MISSING_CENTRAL: SR3Mu/Central/pair_lowM/pt in Skim_TriLep_WWG.root
2026-01-07 11:40:00,410 - INFO - [2016preVFP] MISSING_CENTRAL: SR3Mu/Central/pair_lowM/pt in Skim_TriLep_DYJets10to50.root
2026-01-07 11:40:00,410 - INFO - [2016preVFP] MISSING_FILE: /data9/Users/choij/Sync/workspace/ChargedHiggsAnalysisV3/SKNanoOutput/PromptSelector/Run3Mu_RunSyst/2016preVFP/Skim_TriLep_ZGToLLG.root
2026-01-07 11:40:00,467 - INFO - [2016preVFP] MISSING_CENTRAL: SR3Mu/Central/pair_lowM/pt in Skim_TriLep_WWG.root
2026-01-07 18:37:19,796 - INFO - [2016preVFP] MISSING_CENTRAL: SR3Mu/Central/pair_lowM/pt in Skim_TriLep_DYJets10to50.root
2026-01-07 18:37:19,796 - INFO - [2016preVFP] MISSING_FILE: /data9/Users/choij/Sync/workspace/ChargedHiggsAnalysisV3/SKNanoOutput/PromptSelector/Run3Mu_RunSyst/2016preVFP/Skim_TriLep_ZGToLLG.root
2026-01-07 18:37:19,837 - INFO - [2016preVFP] MISSING_CENTRAL: SR3Mu/Central/pair_lowM/pt in Skim_TriLep_WWG.root
2026-01-07 19:26:53,777 - INFO - [2016preVFP] MISSING_CENTRAL: SR3Mu/Central/pair_lowM/pt in Skim_TriLep_DYJets10to50.root
2026-01-07 19:26:53,777 - INFO - [2016preVFP] MISSING_FILE: /data9/Users/choij/Sync/workspace/ChargedHiggsAnalysisV3/SKNanoOutput/PromptSelector/Run3Mu_RunSyst/2016preVFP/Skim_TriLep_ZGToLLG.root
2026-01-07 19:26:53,797 - INFO - [2016preVFP] MISSING_CENTRAL: SR3Mu/Central/pair_lowM/pt in Skim_TriLep_WWG.root
2026-01-09 12:10:31,403 - INFO - [2016preVFP] MISSING_CENTRAL: SR3Mu/Central/pair_lowM/pt in Skim_TriLep_DYJets10to50.root
2026-01-09 12:10:31,403 - INFO - [2016preVFP] MISSING_FILE: /home/choij/Sync/workspace/ChargedHiggsAnalysisV3/SKNanoOutput/PromptSelector/Run3Mu_RunSyst/2016preVFP/Skim_TriLep_ZGToLLG.root
2026-01-09 12:10:31,415 - INFO - [2016preVFP] MISSING_CENTRAL: SR3Mu/Central/pair_lowM/pt in Skim_TriLep_WWG.root
2026-01-11 09:30:35,546 - INFO - [2016preVFP] MISSING_CENTRAL: SR3Mu/Central/pair_lowM/pt in Skim_TriLep_DYJets10to50.root
2026-01-11 09:30:35,546 - INFO - [2016preVFP] MISSING_FILE: /home/choij/Sync/workspace/ChargedHiggsAnalysisV3/SKNanoOutput/PromptSelector/Run3Mu_RunSyst/2016preVFP/Skim_TriLep_ZGToLLG.root
2026-01-11 09:30:35,557 - INFO - [2016preVFP] MISSING_CENTRAL: SR3Mu/Central/pair_lowM/pt in Skim_TriLep_WWG.root
2026-01-12 13:39:06,865 - INFO - [2016preVFP] MISSING_FILE: /home/choij/Sync/workspace/ChargedHiggsAnalysisV3/SKNanoOutput/MatrixSelector/Run3Mu/2016preVFP/Skim_TriLep_DoubleMuon_B.root
2026-01-12 13:39:06,865 - INFO - [2016preVFP] MISSING_FILE: /home/choij/Sync/workspace/ChargedHiggsAnalysisV3/SKNanoOutput/MatrixSelector/Run3Mu/2016preVFP/Skim_TriLep_DoubleMuon_C.root
2026-01-12 13:39:06,866 - INFO - [2016preVFP] MISSING_FILE: /home/choij/Sync/workspace/ChargedHiggsAnalysisV3/SKNanoOutput/MatrixSelector/Run3Mu/2016preVFP/Skim_TriLep_DoubleMuon_D.root
2026-01-12 13:39:06,866 - INFO - [2016preVFP] MISSING_FILE: /home/choij/Sync/workspace/ChargedHiggsAnalysisV3/SKNanoOutput/MatrixSelector/Run3Mu/2016preVFP/Skim_TriLep_DoubleMuon_E.root
2026-01-12 13:39:06,866 - INFO - [2016preVFP] MISSING_FILE: /home/choij/Sync/workspace/ChargedHiggsAnalysisV3/SKNanoOutput/MatrixSelector/Run3Mu/2016preVFP/Skim_TriLep_DoubleMuon_F.root
2026-01-12 13:39:06,893 - INFO - [2016preVFP] MISSING_CENTRAL: SR3Mu/Central/pair_lowM/pt in Skim_TriLep_DYJets10to50.root
2026-01-12 13:39:06,894 - INFO - [2016preVFP] MISSING_FILE: /home/choij/Sync/workspace/ChargedHiggsAnalysisV3/SKNanoOutput/PromptSelector/Run3Mu_RunSyst/2016preVFP/Skim_TriLep_ZGToLLG.root
2026-01-12 13:39:06,905 - INFO - [2016preVFP] MISSING_CENTRAL: SR3Mu/Central/pair_lowM/pt in Skim_TriLep_WWG.root
2026-01-16 18:54:34,745 - INFO - [2016preVFP] MISSING_CENTRAL: SR3Mu/Central/pair_lowM/pt in Skim_TriLep_DYJets10to50.root
2026-01-16 18:54:34,745 - INFO - [2016preVFP] MISSING_FILE: /home/choij/Sync/workspace/ChargedHiggsAnalysisV3/SKNanoOutput/PromptSelector/Run3Mu_RunSyst/2016preVFP/Skim_TriLep_ZGToLLG.root
2026-01-16 18:54:34,757 - INFO - [2016preVFP] MISSING_CENTRAL: SR3Mu/Central/pair_lowM/pt in Skim_TriLep_WWG.root
2026-01-28 16:05:06,686 - INFO - [2016preVFP] MISSING_CENTRAL: SR3Mu/Central/pair_lowM/pt in Skim_TriLep_DYJets10to50.root
2026-01-28 16:05:06,711 - INFO - [2016preVFP] MISSING_CENTRAL: SR3Mu/Central/pair_lowM/pt in Skim_TriLep_WWG.root
2026-01-28 17:15:50,691 - INFO - [2016preVFP] MISSING_CENTRAL: SR3Mu/Central/pair_lowM/pt in Skim_TriLep_DYJets10to50.root
2026-01-28 17:15:50,716 - INFO - [2016preVFP] MISSING_CENTRAL: SR3Mu/Central/pair_lowM/pt in Skim_TriLep_WWG.root
2026-01-28 19:49:32,246 - INFO - [2016preVFP] MISSING_CENTRAL: SR3Mu/Central/pair_lowM/pt in Skim_TriLep_DYJets10to50.root
2026-01-28 19:49:32,269 - INFO - [2016preVFP] MISSING_CENTRAL: SR3Mu/Central/pair_lowM/pt in Skim_TriLep_WWG.root
2026-01-29 07:07:06,569 - INFO - [2016preVFP] MISSING_CENTRAL: SR3Mu/Central/pair_lowM/pt in Skim_TriLep_DYJets10to50.root
2026-01-29 07:07:06,584 - INFO - [2016preVFP] MISSING_CENTRAL: SR3Mu/Central/pair_lowM/pt in Skim_TriLep_WWG.root
2026-03-06 09:36:34,235 - INFO - [2016preVFP] MISSING_CENTRAL: SR3Mu/Central/pair_lowM/pt in Skim_TriLep_DYJets10to50.root
2026-03-06 09:36:34,250 - INFO - [2016preVFP] MISSING_CENTRAL: SR3Mu/Central/pair_lowM/pt in Skim_TriLep_WWG.root
2026-03-06 19:42:26,357 - INFO - [2016preVFP] MISSING_CENTRAL: SR3Mu/Central/pair_lowM/pt in Skim_TriLep_DYJets10to50.root
2026-03-06 19:42:26,373 - INFO - [2016preVFP] MISSING_CENTRAL: SR3Mu/Central/pair_lowM/pt in Skim_TriLep_WWG.root
2026-04-10 20:16:55,073 - INFO - [2016preVFP] MISSING_CENTRAL: SR3Mu/Central/pair_lowM/pt in Skim_TriLep_DYJets10to50.root
2026-04-10 20:16:55,089 - INFO - [2016preVFP] MISSING_CENTRAL: SR3Mu/Central/pair_lowM/pt in Skim_TriLep_WWG.root
2026-04-12 11:31:50,354 - INFO - [2016preVFP] MISSING_CENTRAL: SR3Mu/Central/pair_lowM/pt in Skim_TriLep_DYJets10to50.root
2026-04-12 11:31:50,372 - INFO - [2016preVFP] MISSING_CENTRAL: SR3Mu/Central/pair_lowM/pt in Skim_TriLep_WWG.root
2026-04-12 12:14:10,562 - INFO - [2016preVFP] MISSING_CENTRAL: SR3Mu/Central/pair_lowM/pt in Skim_TriLep_DYJets10to50.root
2026-04-12 12:14:10,576 - INFO - [2016preVFP] MISSING_CENTRAL: SR3Mu/Central/pair_lowM/pt in Skim_TriLep_WWG.root
2026-04-12 12:33:49,173 - INFO - [2016preVFP] MISSING_CENTRAL: SR3Mu/Central/pair_lowM/pt in Skim_TriLep_DYJets10to50.root
2026-04-12 12:33:49,188 - INFO - [2016preVFP] MISSING_CENTRAL: SR3Mu/Central/pair_lowM/pt in Skim_TriLep_WWG.root
2026-04-12 20:41:50,155 - INFO - [2016preVFP] MISSING_CENTRAL: SR3Mu/Central/pair_lowM/pt in Skim_TriLep_DYJets10to50.root
2026-04-12 20:41:50,171 - INFO - [2016preVFP] MISSING_CENTRAL: SR3Mu/Central/pair_lowM/pt in Skim_TriLep_WWG.root
2026-04-12 21:13:28,355 - INFO - [2016preVFP] MISSING_CENTRAL: SR3Mu/Central/pair_lowM/pt in Skim_TriLep_DYJets10to50.root
2026-04-12 21:13:28,370 - INFO - [2016preVFP] MISSING_CENTRAL: SR3Mu/Central/pair_lowM/pt in Skim_TriLep_WWG.root
2026-04-13 12:50:57,364 - INFO - [2016preVFP] MISSING_CENTRAL: SR3Mu/Central/pair_lowM/pt in Skim_TriLep_DYJets10to50.root
2026-04-13 12:50:57,385 - INFO - [2016preVFP] MISSING_CENTRAL: SR3Mu/Central/pair_lowM/pt in Skim_TriLep_WWG.root
2026-04-16 17:28:26,548 - INFO - [2016preVFP] MISSING_CENTRAL: SR3Mu/Central/pair_lowM/pt in Skim_TriLep_DYJets10to50.root
2026-04-16 17:28:26,567 - INFO - [2016preVFP] MISSING_CENTRAL: SR3Mu/Central/pair_lowM/pt in Skim_TriLep_WWG.root
2026-04-16 17:33:25,921 - INFO - [2016preVFP] MISSING_CENTRAL: SR3Mu/Central/pair_lowM/pt in Skim_TriLep_DYJets10to50.root
2026-04-16 17:33:25,941 - INFO - [2016preVFP] MISSING_CENTRAL: SR3Mu/Central/pair_lowM/pt in Skim_TriLep_WWG.root
2026-04-28 15:09:03,862 - INFO - [2016preVFP] MISSING_CENTRAL: SR3Mu/Central/pair_lowM/pt in Skim_TriLep_DYJets10to50.root
2026-04-28 15:09:03,881 - INFO - [2016preVFP] MISSING_CENTRAL: SR3Mu/Central/pair_lowM/pt in Skim_TriLep_WWG.root
2026-04-28 15:14:03,769 - INFO - [2016preVFP] MISSING_CENTRAL: SR3Mu/Central/pair_lowM/pt in Skim_TriLep_DYJets10to50.root
2026-04-28 15:14:03,790 - INFO - [2016preVFP] MISSING_CENTRAL: SR3Mu/Central/pair_lowM/pt in Skim_TriLep_WWG.root
2026-05-04 16:58:31,092 - INFO - [2016preVFP] MISSING_CENTRAL: SR3Mu/Central/pair_lowM/pt in Skim_TriLep_DYJets10to50.root
2026-05-04 16:58:31,111 - INFO - [2016preVFP] MISSING_CENTRAL: SR3Mu/Central/pair_lowM/pt in Skim_TriLep_WWG.root
2026-05-04 17:03:13,799 - INFO - [2016preVFP] MISSING_CENTRAL: SR3Mu/Central/pair_lowM/pt in Skim_TriLep_DYJets10to50.root
2026-05-04 17:03:13,819 - INFO - [2016preVFP] MISSING_CENTRAL: SR3Mu/Central/pair_lowM/pt in Skim_TriLep_WWG.root
2026-05-28 15:34:59,789 - INFO - [2016preVFP] MISSING_CENTRAL: SR3Mu/Central/pair_lowM/pt in Skim_TriLep_DYJets10to50.root
2026-05-28 15:34:59,820 - INFO - [2016preVFP] MISSING_CENTRAL: SR3Mu/Central/pair_lowM/pt in Skim_TriLep_WWG.root
2026-05-28 15:40:09,029 - INFO - [2016preVFP] MISSING_CENTRAL: SR3Mu/Central/pair_lowM/pt in Skim_TriLep_DYJets10to50.root
2026-05-28 15:40:09,065 - INFO - [2016preVFP] MISSING_CENTRAL: SR3Mu/Central/pair_lowM/pt in Skim_TriLep_WWG.root
2026-05-29 15:24:58,669 - INFO - [2016preVFP] MISSING_CENTRAL: SR3Mu/Central/pair_lowM/pt in Skim_TriLep_DYJets10to50.root
2026-05-29 15:24:58,688 - INFO - [2016preVFP] MISSING_CENTRAL: SR3Mu/Central/pair_lowM/pt in Skim_TriLep_WWG.root
2026-05-29 15:26:07,652 - INFO - [2016preVFP] MISSING_CENTRAL: SR3Mu/Central/pair_lowM/pt in Skim_TriLep_DYJets10to50.root
2026-05-29 15:26:07,671 - INFO - [2016preVFP] MISSING_CENTRAL: SR3Mu/Central/pair_lowM/pt in Skim_TriLep_WWG.root
2026-05-29 15:31:02,316 - INFO - [2016preVFP] MISSING_CENTRAL: SR3Mu/Central/pair_lowM/pt in Skim_TriLep_DYJets10to50.root
2026-05-29 15:31:02,335 - INFO - [2016preVFP] MISSING_CENTRAL: SR3Mu/Central/pair_lowM/pt in Skim_TriLep_WWG.root
2026-05-29 18:17:22,967 - INFO - [2016preVFP] MISSING_CENTRAL: SR3Mu/Central/pair_lowM/pt in Skim_TriLep_DYJets10to50.root
2026-05-29 18:17:22,983 - INFO - [2016preVFP] MISSING_CENTRAL: SR3Mu/Central/pair_lowM/pt in Skim_TriLep_WWG.root
2026-05-29 18:22:09,005 - INFO - [2016preVFP] MISSING_CENTRAL: SR3Mu/Central/pair_lowM/pt in Skim_TriLep_DYJets10to50.root
2026-05-29 18:22:09,023 - INFO - [2016preVFP] MISSING_CENTRAL: SR3Mu/Central/pair_lowM/pt in Skim_TriLep_WWG.root
2026-06-12 14:01:18,962 - INFO - [2016preVFP] MISSING_CENTRAL: SR3Mu/Central/pair_lowM/pt in Skim_TriLep_DYJets10to50.root
2026-06-12 14:01:18,981 - INFO - [2016preVFP] MISSING_CENTRAL: SR3Mu/Central/pair_lowM/pt in Skim_TriLep_WWG.root
2026-06-12 14:21:43,724 - INFO - [2016preVFP] MISSING_CENTRAL: SR3Mu/Central/pair_lowM/pt in Skim_TriLep_DYJets10to50.root
2026-06-12 14:21:43,743 - INFO - [2016preVFP] MISSING_CENTRAL: SR3Mu/Central/pair_lowM/pt in Skim_TriLep_WWG.root
2026-06-18 00:12:13,963 - INFO - [2016preVFP] MISSING_CENTRAL: SR3Mu/Central/pair_lowM/pt in Skim_TriLep_DYJets10to50.root
2026-06-18 00:12:13,982 - INFO - [2016preVFP] MISSING_CENTRAL: SR3Mu/Central/pair_lowM/pt in Skim_TriLep_WWG.root
2026-06-18 00:15:50,041 - INFO - [2016preVFP] MISSING_CENTRAL: SR3Mu/Central/pair_lowM/pt in Skim_TriLep_DYJets10to50.root
2026-06-18 00:15:50,060 - INFO - [2016preVFP] MISSING_CENTRAL: SR3Mu/Central/pair_lowM/pt in Skim_TriLep_WWG.root
2026-07-01 17:30:01,798 - INFO - [2016preVFP] MISSING_CENTRAL: SR3Mu/Central/pair_lowM/pt in Skim_TriLep_DYJets10to50.root
2026-07-01 17:30:01,834 - INFO - [2016preVFP] MISSING_CENTRAL: SR3Mu/Central/pair_lowM/pt in Skim_TriLep_WWG.root
2026-07-21 19:19:01,935 - INFO - [2016preVFP] MISSING_CENTRAL: SR3Mu/Central/pair_lowM/pt in Skim_TriLep_DYJets10to50.root
2026-07-21 19:19:01,955 - INFO - [2016preVFP] MISSING_CENTRAL: SR3Mu/Central/pair_lowM/pt in Skim_TriLep_WWG.root
