2025-12-18 14:22:37,907 - INFO - [2016preVFP] MISSING_CENTRAL: TTZ2E1Mu/Central/jets/4/py in Skim_TriLep_DYJets.root
2025-12-18 14:22:37,908 - INFO - [2016preVFP] MISSING_CENTRAL: TTZ2E1Mu/Central/jets/4/py in Skim_TriLep_DYJets10to50.root
2025-12-18 14:22:37,941 - INFO - [2016preVFP] MISSING_CENTRAL: TTZ2E1Mu/Central/jets/4/py in Skim_TriLep_WWG.root
2025-12-18 14:22:38,530 - INFO - [2016postVFP] MISSING_CENTRAL: TTZ2E1Mu/Central/jets/4/py in Skim_TriLep_DYJets.root
2025-12-18 14:22:38,535 - INFO - [2016postVFP] MISSING_CENTRAL: TTZ2E1Mu/Central/jets/4/py in Skim_TriLep_DYJets10to50.root
2025-12-18 14:22:38,603 - INFO - [2016postVFP] MISSING_CENTRAL: TTZ2E1Mu/Central/jets/4/py in Skim_TriLep_WWG.root
2025-12-18 14:22:39,248 - INFO - [2017] MISSING_CENTRAL: TTZ2E1Mu/Central/jets/4/py in Skim_TriLep_DYJets.root
2025-12-18 14:22:39,249 - INFO - [2017] MISSING_CENTRAL: TTZ2E1Mu/Central/jets/4/py in Skim_TriLep_DYJets10to50.root
2025-12-18 14:22:39,337 - INFO - [2017] MISSING_CENTRAL: TTZ2E1Mu/Central/jets/4/py in Skim_TriLep_WWG.root
2025-12-18 14:22:39,779 - INFO - [2018] MISSING_CENTRAL: TTZ2E1Mu/Central/jets/4/py in Skim_TriLep_DYJets.root
2025-12-18 14:22:39,782 - INFO - [2018] MISSING_CENTRAL: TTZ2E1Mu/Central/jets/4/py in Skim_TriLep_DYJets10to50.root
2025-12-18 14:22:39,814 - INFO - [2018] MISSING_CENTRAL: TTZ2E1Mu/Central/jets/4/py in Skim_TriLep_WWG.root
2025-12-18 14:38:02,071 - INFO - [2016preVFP] MISSING_CENTRAL: TTZ2E1Mu/Central/jets/4/py in Skim_TriLep_DYJets.root
2025-12-18 14:38:02,072 - INFO - [2016preVFP] MISSING_CENTRAL: TTZ2E1Mu/Central/jets/4/py in Skim_TriLep_DYJets10to50.root
2025-12-18 14:38:02,110 - INFO - [2016preVFP] MISSING_CENTRAL: TTZ2E1Mu/Central/jets/4/py in Skim_TriLep_WWG.root
2025-12-18 14:38:02,914 - INFO - [2016postVFP] MISSING_CENTRAL: TTZ2E1Mu/Central/jets/4/py in Skim_TriLep_DYJets.root
2025-12-18 14:38:02,916 - INFO - [2016postVFP] MISSING_CENTRAL: TTZ2E1Mu/Central/jets/4/py in Skim_TriLep_DYJets10to50.root
2025-12-18 14:38:02,981 - INFO - [2016postVFP] MISSING_CENTRAL: TTZ2E1Mu/Central/jets/4/py in Skim_TriLep_WWG.root
2025-12-18 14:38:03,816 - INFO - [2017] MISSING_CENTRAL: TTZ2E1Mu/Central/jets/4/py in Skim_TriLep_DYJets.root
2025-12-18 14:38:03,819 - INFO - [2017] MISSING_CENTRAL: TTZ2E1Mu/Central/jets/4/py in Skim_TriLep_DYJets10to50.root
2025-12-18 14:38:03,871 - INFO - [2017] MISSING_CENTRAL: TTZ2E1Mu/Central/jets/4/py in Skim_TriLep_WWG.root
2025-12-18 14:38:04,562 - INFO - [2018] MISSING_CENTRAL: TTZ2E1Mu/Central/jets/4/py in Skim_TriLep_DYJets.root
2025-12-18 14:38:04,564 - INFO - [2018] MISSING_CENTRAL: TTZ2E1Mu/Central/jets/4/py in Skim_TriLep_DYJets10to50.root
2025-12-18 14:38:04,607 - INFO - [2018] MISSING_CENTRAL: TTZ2E1Mu/Central/jets/4/py in Skim_TriLep_WWG.root
2025-12-18 21:34:30,802 - INFO - [2016preVFP] MISSING_CENTRAL: TTZ2E1Mu/Central/jets/4/py in Skim_TriLep_DYJets.root
2025-12-18 21:34:30,803 - INFO - [2016preVFP] MISSING_CENTRAL: TTZ2E1Mu/Central/jets/4/py in Skim_TriLep_DYJets10to50.root
2025-12-18 21:34:30,879 - INFO - [2016preVFP] MISSING_CENTRAL: TTZ2E1Mu/Central/jets/4/py in Skim_TriLep_WWG.root
2025-12-18 21:34:31,599 - INFO - [2016postVFP] MISSING_CENTRAL: TTZ2E1Mu/Central/jets/4/py in Skim_TriLep_DYJets.root
2025-12-18 21:34:31,600 - INFO - [2016postVFP] MISSING_CENTRAL: TTZ2E1Mu/Central/jets/4/py in Skim_TriLep_DYJets10to50.root
2025-12-18 21:34:31,631 - INFO - [2016postVFP] MISSING_CENTRAL: TTZ2E1Mu/Central/jets/4/py in Skim_TriLep_WWG.root
2025-12-18 21:34:32,338 - INFO - [2017] MISSING_CENTRAL: TTZ2E1Mu/Central/jets/4/py in Skim_TriLep_DYJets.root
2025-12-18 21:34:32,344 - INFO - [2017] MISSING_CENTRAL: TTZ2E1Mu/Central/jets/4/py in Skim_TriLep_DYJets10to50.root
2025-12-18 21:34:32,441 - INFO - [2017] MISSING_CENTRAL: TTZ2E1Mu/Central/jets/4/py in Skim_TriLep_WWG.root
2025-12-18 21:34:32,891 - INFO - [2018] MISSING_CENTRAL: TTZ2E1Mu/Central/jets/4/py in Skim_TriLep_DYJets.root
2025-12-18 21:34:32,893 - INFO - [2018] MISSING_CENTRAL: TTZ2E1Mu/Central/jets/4/py in Skim_TriLep_DYJets10to50.root
2025-12-18 21:34:32,924 - INFO - [2018] MISSING_CENTRAL: TTZ2E1Mu/Central/jets/4/py in Skim_TriLep_WWG.root
2025-12-18 23:43:25,091 - INFO - [2016preVFP] MISSING_CENTRAL: TTZ2E1Mu/Central/jets/4/py in Skim_TriLep_DYJets.root
2025-12-18 23:43:25,093 - INFO - [2016preVFP] MISSING_CENTRAL: TTZ2E1Mu/Central/jets/4/py in Skim_TriLep_DYJets10to50.root
2025-12-18 23:43:25,132 - INFO - [2016preVFP] MISSING_CENTRAL: TTZ2E1Mu/Central/jets/4/py in Skim_TriLep_WWG.root
2025-12-18 23:43:25,428 - INFO - [2016postVFP] MISSING_CENTRAL: TTZ2E1Mu/Central/jets/4/py in Skim_TriLep_DYJets.root
2025-12-18 23:43:25,428 - INFO - [2016postVFP] MISSING_CENTRAL: TTZ2E1Mu/Central/jets/4/py in Skim_TriLep_DYJets10to50.root
2025-12-18 23:43:25,449 - INFO - [2016postVFP] MISSING_CENTRAL: TTZ2E1Mu/Central/jets/4/py in Skim_TriLep_WWG.root
2025-12-18 23:43:25,777 - INFO - [2017] MISSING_CENTRAL: TTZ2E1Mu/Central/jets/4/py in Skim_TriLep_DYJets.root
2025-12-18 23:43:25,778 - INFO - [2017] MISSING_CENTRAL: TTZ2E1Mu/Central/jets/4/py in Skim_TriLep_DYJets10to50.root
2025-12-18 23:43:25,797 - INFO - [2017] MISSING_CENTRAL: TTZ2E1Mu/Central/jets/4/py in Skim_TriLep_WWG.root
2025-12-18 23:43:26,073 - INFO - [2018] MISSING_CENTRAL: TTZ2E1Mu/Central/jets/4/py in Skim_TriLep_DYJets.root
2025-12-18 23:43:26,074 - INFO - [2018] MISSING_CENTRAL: TTZ2E1Mu/Central/jets/4/py in Skim_TriLep_DYJets10to50.root
2025-12-18 23:43:26,093 - INFO - [2018] MISSING_CENTRAL: TTZ2E1Mu/Central/jets/4/py in Skim_TriLep_WWG.root
2026-01-07 11:23:18,369 - INFO - [2016preVFP] MISSING_CENTRAL: TTZ2E1Mu/Central/jets/4/py in Skim_TriLep_DYJets.root
2026-01-07 11:23:18,370 - INFO - [2016preVFP] MISSING_CENTRAL: TTZ2E1Mu/Central/jets/4/py in Skim_TriLep_DYJets10to50.root
2026-01-07 11:23:18,422 - INFO - [2016preVFP] MISSING_CENTRAL: TTZ2E1Mu/Central/jets/4/py in Skim_TriLep_WWG.root
2026-01-07 11:23:19,035 - INFO - [2016postVFP] MISSING_CENTRAL: TTZ2E1Mu/Central/jets/4/py in Skim_TriLep_DYJets.root
2026-01-07 11:23:19,037 - INFO - [2016postVFP] MISSING_CENTRAL: TTZ2E1Mu/Central/jets/4/py in Skim_TriLep_DYJets10to50.root
2026-01-07 11:23:19,075 - INFO - [2016postVFP] MISSING_CENTRAL: TTZ2E1Mu/Central/jets/4/py in Skim_TriLep_WWG.root
2026-01-07 11:23:19,963 - INFO - [2017] MISSING_CENTRAL: TTZ2E1Mu/Central/jets/4/py in Skim_TriLep_DYJets.root
2026-01-07 11:23:19,965 - INFO - [2017] MISSING_CENTRAL: TTZ2E1Mu/Central/jets/4/py in Skim_TriLep_DYJets10to50.root
2026-01-07 11:23:20,001 - INFO - [2017] MISSING_CENTRAL: TTZ2E1Mu/Central/jets/4/py in Skim_TriLep_WWG.root
2026-01-07 11:23:20,642 - INFO - [2018] MISSING_CENTRAL: TTZ2E1Mu/Central/jets/4/py in Skim_TriLep_DYJets.root
2026-01-07 11:23:20,644 - INFO - [2018] MISSING_CENTRAL: TTZ2E1Mu/Central/jets/4/py in Skim_TriLep_DYJets10to50.root
2026-01-07 11:23:20,683 - INFO - [2018] MISSING_CENTRAL: TTZ2E1Mu/Central/jets/4/py in Skim_TriLep_WWG.root
2026-01-07 11:47:43,550 - INFO - [2016preVFP] MISSING_CENTRAL: TTZ2E1Mu/Central/jets/4/py in Skim_TriLep_DYJets.root
2026-01-07 11:47:43,551 - INFO - [2016preVFP] MISSING_CENTRAL: TTZ2E1Mu/Central/jets/4/py in Skim_TriLep_DYJets10to50.root
2026-01-07 11:47:43,599 - INFO - [2016preVFP] MISSING_CENTRAL: TTZ2E1Mu/Central/jets/4/py in Skim_TriLep_WWG.root
2026-01-07 11:47:44,312 - INFO - [2016postVFP] MISSING_CENTRAL: TTZ2E1Mu/Central/jets/4/py in Skim_TriLep_DYJets.root
2026-01-07 11:47:44,313 - INFO - [2016postVFP] MISSING_CENTRAL: TTZ2E1Mu/Central/jets/4/py in Skim_TriLep_DYJets10to50.root
2026-01-07 11:47:44,343 - INFO - [2016postVFP] MISSING_CENTRAL: TTZ2E1Mu/Central/jets/4/py in Skim_TriLep_WWG.root
2026-01-07 11:47:45,110 - INFO - [2017] MISSING_CENTRAL: TTZ2E1Mu/Central/jets/4/py in Skim_TriLep_DYJets.root
2026-01-07 11:47:45,113 - INFO - [2017] MISSING_CENTRAL: TTZ2E1Mu/Central/jets/4/py in Skim_TriLep_DYJets10to50.root
2026-01-07 11:47:45,156 - INFO - [2017] MISSING_CENTRAL: TTZ2E1Mu/Central/jets/4/py in Skim_TriLep_WWG.root
2026-01-07 11:47:45,690 - INFO - [2018] MISSING_CENTRAL: TTZ2E1Mu/Central/jets/4/py in Skim_TriLep_DYJets.root
2026-01-07 11:47:45,692 - INFO - [2018] MISSING_CENTRAL: TTZ2E1Mu/Central/jets/4/py in Skim_TriLep_DYJets10to50.root
2026-01-07 11:47:45,723 - INFO - [2018] MISSING_CENTRAL: TTZ2E1Mu/Central/jets/4/py in Skim_TriLep_WWG.root
2026-01-07 18:44:28,587 - INFO - [2016preVFP] MISSING_CENTRAL: TTZ2E1Mu/Central/jets/4/py in Skim_TriLep_DYJets.root
2026-01-07 18:44:28,591 - INFO - [2016preVFP] MISSING_CENTRAL: TTZ2E1Mu/Central/jets/4/py in Skim_TriLep_DYJets10to50.root
2026-01-07 18:44:28,632 - INFO - [2016preVFP] MISSING_CENTRAL: TTZ2E1Mu/Central/jets/4/py in Skim_TriLep_WWG.root
2026-01-07 18:44:29,181 - INFO - [2016postVFP] MISSING_CENTRAL: TTZ2E1Mu/Central/jets/4/py in Skim_TriLep_DYJets.root
2026-01-07 18:44:29,182 - INFO - [2016postVFP] MISSING_CENTRAL: TTZ2E1Mu/Central/jets/4/py in Skim_TriLep_DYJets10to50.root
2026-01-07 18:44:29,212 - INFO - [2016postVFP] MISSING_CENTRAL: TTZ2E1Mu/Central/jets/4/py in Skim_TriLep_WWG.root
2026-01-07 18:44:30,032 - INFO - [2017] MISSING_CENTRAL: TTZ2E1Mu/Central/jets/4/py in Skim_TriLep_DYJets.root
2026-01-07 18:44:30,033 - INFO - [2017] MISSING_CENTRAL: TTZ2E1Mu/Central/jets/4/py in Skim_TriLep_DYJets10to50.root
2026-01-07 18:44:30,068 - INFO - [2017] MISSING_CENTRAL: TTZ2E1Mu/Central/jets/4/py in Skim_TriLep_WWG.root
2026-01-07 18:44:30,642 - INFO - [2018] MISSING_CENTRAL: TTZ2E1Mu/Central/jets/4/py in Skim_TriLep_DYJets.root
2026-01-07 18:44:30,643 - INFO - [2018] MISSING_CENTRAL: TTZ2E1Mu/Central/jets/4/py in Skim_TriLep_DYJets10to50.root
2026-01-07 18:44:30,675 - INFO - [2018] MISSING_CENTRAL: TTZ2E1Mu/Central/jets/4/py in Skim_TriLep_WWG.root
2026-01-09 12:18:36,715 - INFO - [2016preVFP] MISSING_CENTRAL: TTZ2E1Mu/Central/jets/4/py in Skim_TriLep_DYJets.root
2026-01-09 12:18:36,719 - INFO - [2016preVFP] MISSING_CENTRAL: TTZ2E1Mu/Central/jets/4/py in Skim_TriLep_DYJets10to50.root
2026-01-09 12:18:36,762 - INFO - [2016preVFP] MISSING_CENTRAL: TTZ2E1Mu/Central/jets/4/py in Skim_TriLep_WWG.root
2026-01-09 12:18:37,069 - INFO - [2016postVFP] MISSING_CENTRAL: TTZ2E1Mu/Central/jets/4/py in Skim_TriLep_DYJets.root
2026-01-09 12:18:37,070 - INFO - [2016postVFP] MISSING_CENTRAL: TTZ2E1Mu/Central/jets/4/py in Skim_TriLep_DYJets10to50.root
2026-01-09 12:18:37,087 - INFO - [2016postVFP] MISSING_CENTRAL: TTZ2E1Mu/Central/jets/4/py in Skim_TriLep_WWG.root
2026-01-09 12:18:37,410 - INFO - [2017] MISSING_CENTRAL: TTZ2E1Mu/Central/jets/4/py in Skim_TriLep_DYJets.root
2026-01-09 12:18:37,411 - INFO - [2017] MISSING_CENTRAL: TTZ2E1Mu/Central/jets/4/py in Skim_TriLep_DYJets10to50.root
2026-01-09 12:18:37,430 - INFO - [2017] MISSING_CENTRAL: TTZ2E1Mu/Central/jets/4/py in Skim_TriLep_WWG.root
2026-01-09 12:18:37,660 - INFO - [2018] MISSING_CENTRAL: TTZ2E1Mu/Central/jets/4/py in Skim_TriLep_DYJets.root
2026-01-09 12:18:37,660 - INFO - [2018] MISSING_CENTRAL: TTZ2E1Mu/Central/jets/4/py in Skim_TriLep_DYJets10to50.root
2026-01-09 12:18:37,678 - INFO - [2018] MISSING_CENTRAL: TTZ2E1Mu/Central/jets/4/py in Skim_TriLep_WWG.root
2026-01-11 09:38:41,017 - INFO - [2016preVFP] MISSING_CENTRAL: TTZ2E1Mu/Central/jets/4/py in Skim_TriLep_DYJets.root
2026-01-11 09:38:41,018 - INFO - [2016preVFP] MISSING_CENTRAL: TTZ2E1Mu/Central/jets/4/py in Skim_TriLep_DYJets10to50.root
2026-01-11 09:38:41,041 - INFO - [2016preVFP] MISSING_CENTRAL: TTZ2E1Mu/Central/jets/4/py in Skim_TriLep_WWG.root
2026-01-11 09:38:41,292 - INFO - [2016postVFP] MISSING_CENTRAL: TTZ2E1Mu/Central/jets/4/py in Skim_TriLep_DYJets.root
2026-01-11 09:38:41,293 - INFO - [2016postVFP] MISSING_CENTRAL: TTZ2E1Mu/Central/jets/4/py in Skim_TriLep_DYJets10to50.root
2026-01-11 09:38:41,312 - INFO - [2016postVFP] MISSING_CENTRAL: TTZ2E1Mu/Central/jets/4/py in Skim_TriLep_WWG.root
2026-01-11 09:38:41,585 - INFO - [2017] MISSING_CENTRAL: TTZ2E1Mu/Central/jets/4/py in Skim_TriLep_DYJets.root
2026-01-11 09:38:41,586 - INFO - [2017] MISSING_CENTRAL: TTZ2E1Mu/Central/jets/4/py in Skim_TriLep_DYJets10to50.root
2026-01-11 09:38:41,605 - INFO - [2017] MISSING_CENTRAL: TTZ2E1Mu/Central/jets/4/py in Skim_TriLep_WWG.root
2026-01-11 09:38:41,864 - INFO - [2018] MISSING_CENTRAL: TTZ2E1Mu/Central/jets/4/py in Skim_TriLep_DYJets.root
2026-01-11 09:38:41,864 - INFO - [2018] MISSING_CENTRAL: TTZ2E1Mu/Central/jets/4/py in Skim_TriLep_DYJets10to50.root
2026-01-11 09:38:41,885 - INFO - [2018] MISSING_CENTRAL: TTZ2E1Mu/Central/jets/4/py in Skim_TriLep_WWG.root
2026-01-12 13:47:20,446 - INFO - [2016preVFP] MISSING_CENTRAL: TTZ2E1Mu/Central/jets/4/py in Skim_TriLep_DYJets.root
2026-01-12 13:47:20,448 - INFO - [2016preVFP] MISSING_CENTRAL: TTZ2E1Mu/Central/jets/4/py in Skim_TriLep_DYJets10to50.root
2026-01-12 13:47:20,487 - INFO - [2016preVFP] MISSING_CENTRAL: TTZ2E1Mu/Central/jets/4/py in Skim_TriLep_WWG.root
2026-01-12 13:47:20,775 - INFO - [2016postVFP] MISSING_CENTRAL: TTZ2E1Mu/Central/jets/4/py in Skim_TriLep_DYJets.root
2026-01-12 13:47:20,776 - INFO - [2016postVFP] MISSING_CENTRAL: TTZ2E1Mu/Central/jets/4/py in Skim_TriLep_DYJets10to50.root
2026-01-12 13:47:20,794 - INFO - [2016postVFP] MISSING_CENTRAL: TTZ2E1Mu/Central/jets/4/py in Skim_TriLep_WWG.root
2026-01-12 13:47:21,109 - INFO - [2017] MISSING_CENTRAL: TTZ2E1Mu/Central/jets/4/py in Skim_TriLep_DYJets.root
2026-01-12 13:47:21,110 - INFO - [2017] MISSING_CENTRAL: TTZ2E1Mu/Central/jets/4/py in Skim_TriLep_DYJets10to50.root
2026-01-12 13:47:21,129 - INFO - [2017] MISSING_CENTRAL: TTZ2E1Mu/Central/jets/4/py in Skim_TriLep_WWG.root
2026-01-12 13:47:21,397 - INFO - [2018] MISSING_FILE: /home/choij/Sync/workspace/ChargedHiggsAnalysisV3/SKNanoOutput/MatrixSelector/Run2E1Mu/2018/Skim_TriLep_MuonEG_A.root
2026-01-12 13:47:21,401 - INFO - [2018] MISSING_FILE: /home/choij/Sync/workspace/ChargedHiggsAnalysisV3/SKNanoOutput/MatrixSelector/Run2E1Mu/2018/Skim_TriLep_MuonEG_D.root
2026-01-12 13:47:21,401 - INFO - [2018] MISSING_CENTRAL: TTZ2E1Mu/Central/jets/4/py in Skim_TriLep_DYJets.root
2026-01-12 13:47:21,402 - INFO - [2018] MISSING_CENTRAL: TTZ2E1Mu/Central/jets/4/py in Skim_TriLep_DYJets10to50.root
2026-01-12 13:47:21,422 - INFO - [2018] MISSING_CENTRAL: TTZ2E1Mu/Central/jets/4/py in Skim_TriLep_WWG.root
2026-01-12 22:00:12,486 - INFO - [2016preVFP] MISSING_CENTRAL: TTZ2E1Mu/Central/jets/4/py in Skim_TriLep_DYJets.root
2026-01-12 22:00:12,488 - INFO - [2016preVFP] MISSING_CENTRAL: TTZ2E1Mu/Central/jets/4/py in Skim_TriLep_DYJets10to50.root
2026-01-12 22:00:12,524 - INFO - [2016preVFP] MISSING_CENTRAL: TTZ2E1Mu/Central/jets/4/py in Skim_TriLep_WWG.root
2026-01-12 22:00:13,444 - INFO - [2016postVFP] MISSING_CENTRAL: TTZ2E1Mu/Central/jets/4/py in Skim_TriLep_DYJets.root
2026-01-12 22:00:13,445 - INFO - [2016postVFP] MISSING_CENTRAL: TTZ2E1Mu/Central/jets/4/py in Skim_TriLep_DYJets10to50.root
2026-01-12 22:00:13,475 - INFO - [2016postVFP] MISSING_CENTRAL: TTZ2E1Mu/Central/jets/4/py in Skim_TriLep_WWG.root
2026-01-12 22:00:14,076 - INFO - [2017] MISSING_CENTRAL: TTZ2E1Mu/Central/jets/4/py in Skim_TriLep_DYJets.root
2026-01-12 22:00:14,077 - INFO - [2017] MISSING_CENTRAL: TTZ2E1Mu/Central/jets/4/py in Skim_TriLep_DYJets10to50.root
2026-01-12 22:00:14,110 - INFO - [2017] MISSING_CENTRAL: TTZ2E1Mu/Central/jets/4/py in Skim_TriLep_WWG.root
2026-01-12 22:00:14,553 - INFO - [2018] MISSING_CENTRAL: TTZ2E1Mu/Central/jets/4/py in Skim_TriLep_DYJets.root
2026-01-12 22:00:14,556 - INFO - [2018] MISSING_CENTRAL: TTZ2E1Mu/Central/jets/4/py in Skim_TriLep_DYJets10to50.root
2026-01-12 22:00:14,589 - INFO - [2018] MISSING_CENTRAL: TTZ2E1Mu/Central/jets/4/py in Skim_TriLep_WWG.root
2026-01-12 22:47:53,570 - INFO - [2016preVFP] MISSING_CENTRAL: TTZ2E1Mu/Central/jets/4/py in Skim_TriLep_DYJets.root
2026-01-12 22:47:53,571 - INFO - [2016preVFP] MISSING_CENTRAL: TTZ2E1Mu/Central/jets/4/py in Skim_TriLep_DYJets10to50.root
2026-01-12 22:47:53,605 - INFO - [2016preVFP] MISSING_CENTRAL: TTZ2E1Mu/Central/jets/4/py in Skim_TriLep_WWG.root
2026-01-12 22:47:54,257 - INFO - [2016postVFP] MISSING_CENTRAL: TTZ2E1Mu/Central/jets/4/py in Skim_TriLep_DYJets.root
2026-01-12 22:47:54,258 - INFO - [2016postVFP] MISSING_CENTRAL: TTZ2E1Mu/Central/jets/4/py in Skim_TriLep_DYJets10to50.root
2026-01-12 22:47:54,309 - INFO - [2016postVFP] MISSING_CENTRAL: TTZ2E1Mu/Central/jets/4/py in Skim_TriLep_WWG.root
2026-01-12 22:47:55,223 - INFO - [2017] MISSING_CENTRAL: TTZ2E1Mu/Central/jets/4/py in Skim_TriLep_DYJets.root
2026-01-12 22:47:55,225 - INFO - [2017] MISSING_CENTRAL: TTZ2E1Mu/Central/jets/4/py in Skim_TriLep_DYJets10to50.root
2026-01-12 22:47:55,260 - INFO - [2017] MISSING_CENTRAL: TTZ2E1Mu/Central/jets/4/py in Skim_TriLep_WWG.root
2026-01-12 22:47:55,891 - INFO - [2018] MISSING_CENTRAL: TTZ2E1Mu/Central/jets/4/py in Skim_TriLep_DYJets.root
2026-01-12 22:47:55,893 - INFO - [2018] MISSING_CENTRAL: TTZ2E1Mu/Central/jets/4/py in Skim_TriLep_DYJets10to50.root
2026-01-12 22:47:55,923 - INFO - [2018] MISSING_CENTRAL: TTZ2E1Mu/Central/jets/4/py in Skim_TriLep_WWG.root
2026-01-12 22:56:23,723 - INFO - [2016preVFP] MISSING_CENTRAL: TTZ2E1Mu/Central/jets/4/py in Skim_TriLep_DYJets.root
2026-01-12 22:56:23,724 - INFO - [2016preVFP] MISSING_CENTRAL: TTZ2E1Mu/Central/jets/4/py in Skim_TriLep_DYJets10to50.root
2026-01-12 22:56:23,809 - INFO - [2016preVFP] MISSING_CENTRAL: TTZ2E1Mu/Central/jets/4/py in Skim_TriLep_WWG.root
2026-01-12 22:56:24,512 - INFO - [2016postVFP] MISSING_CENTRAL: TTZ2E1Mu/Central/jets/4/py in Skim_TriLep_DYJets.root
2026-01-12 22:56:24,514 - INFO - [2016postVFP] MISSING_CENTRAL: TTZ2E1Mu/Central/jets/4/py in Skim_TriLep_DYJets10to50.root
2026-01-12 22:56:24,564 - INFO - [2016postVFP] MISSING_CENTRAL: TTZ2E1Mu/Central/jets/4/py in Skim_TriLep_WWG.root
2026-01-12 22:56:25,021 - INFO - [2017] MISSING_CENTRAL: TTZ2E1Mu/Central/jets/4/py in Skim_TriLep_DYJets.root
2026-01-12 22:56:25,022 - INFO - [2017] MISSING_CENTRAL: TTZ2E1Mu/Central/jets/4/py in Skim_TriLep_DYJets10to50.root
2026-01-12 22:56:25,061 - INFO - [2017] MISSING_CENTRAL: TTZ2E1Mu/Central/jets/4/py in Skim_TriLep_WWG.root
2026-01-12 22:56:25,811 - INFO - [2018] MISSING_CENTRAL: TTZ2E1Mu/Central/jets/4/py in Skim_TriLep_DYJets.root
2026-01-12 22:56:25,812 - INFO - [2018] MISSING_CENTRAL: TTZ2E1Mu/Central/jets/4/py in Skim_TriLep_DYJets10to50.root
2026-01-12 22:56:25,875 - INFO - [2018] MISSING_CENTRAL: TTZ2E1Mu/Central/jets/4/py in Skim_TriLep_WWG.root
2026-01-12 23:02:33,676 - INFO - [2016preVFP] MISSING_CENTRAL: TTZ2E1Mu/Central/jets/4/py in Skim_TriLep_DYJets.root
2026-01-12 23:02:33,677 - INFO - [2016preVFP] MISSING_CENTRAL: TTZ2E1Mu/Central/jets/4/py in Skim_TriLep_DYJets10to50.root
2026-01-12 23:02:33,749 - INFO - [2016preVFP] MISSING_CENTRAL: TTZ2E1Mu/Central/jets/4/py in Skim_TriLep_WWG.root
2026-01-12 23:02:34,605 - INFO - [2016postVFP] MISSING_CENTRAL: TTZ2E1Mu/Central/jets/4/py in Skim_TriLep_DYJets.root
2026-01-12 23:02:34,606 - INFO - [2016postVFP] MISSING_CENTRAL: TTZ2E1Mu/Central/jets/4/py in Skim_TriLep_DYJets10to50.root
2026-01-12 23:02:34,654 - INFO - [2016postVFP] MISSING_CENTRAL: TTZ2E1Mu/Central/jets/4/py in Skim_TriLep_WWG.root
2026-01-12 23:02:35,354 - INFO - [2017] MISSING_CENTRAL: TTZ2E1Mu/Central/jets/4/py in Skim_TriLep_DYJets.root
2026-01-12 23:02:35,356 - INFO - [2017] MISSING_CENTRAL: TTZ2E1Mu/Central/jets/4/py in Skim_TriLep_DYJets10to50.root
2026-01-12 23:02:35,396 - INFO - [2017] MISSING_CENTRAL: TTZ2E1Mu/Central/jets/4/py in Skim_TriLep_WWG.root
2026-01-12 23:02:35,993 - INFO - [2018] MISSING_CENTRAL: TTZ2E1Mu/Central/jets/4/py in Skim_TriLep_DYJets.root
2026-01-12 23:02:35,996 - INFO - [2018] MISSING_CENTRAL: TTZ2E1Mu/Central/jets/4/py in Skim_TriLep_DYJets10to50.root
2026-01-12 23:02:36,060 - INFO - [2018] MISSING_CENTRAL: TTZ2E1Mu/Central/jets/4/py in Skim_TriLep_WWG.root
2026-01-12 23:05:42,322 - INFO - [2016preVFP] MISSING_CENTRAL: TTZ2E1Mu/Central/jets/4/py in Skim_TriLep_DYJets.root
2026-01-12 23:05:42,323 - INFO - [2016preVFP] MISSING_CENTRAL: TTZ2E1Mu/Central/jets/4/py in Skim_TriLep_DYJets10to50.root
2026-01-12 23:05:42,448 - INFO - [2016preVFP] MISSING_CENTRAL: TTZ2E1Mu/Central/jets/4/py in Skim_TriLep_WWG.root
2026-01-12 23:05:43,201 - INFO - [2016postVFP] MISSING_CENTRAL: TTZ2E1Mu/Central/jets/4/py in Skim_TriLep_DYJets.root
2026-01-12 23:05:43,202 - INFO - [2016postVFP] MISSING_CENTRAL: TTZ2E1Mu/Central/jets/4/py in Skim_TriLep_DYJets10to50.root
2026-01-12 23:05:43,267 - INFO - [2016postVFP] MISSING_CENTRAL: TTZ2E1Mu/Central/jets/4/py in Skim_TriLep_WWG.root
2026-01-12 23:05:43,966 - INFO - [2017] MISSING_CENTRAL: TTZ2E1Mu/Central/jets/4/py in Skim_TriLep_DYJets.root
2026-01-12 23:05:43,967 - INFO - [2017] MISSING_CENTRAL: TTZ2E1Mu/Central/jets/4/py in Skim_TriLep_DYJets10to50.root
2026-01-12 23:05:44,059 - INFO - [2017] MISSING_CENTRAL: TTZ2E1Mu/Central/jets/4/py in Skim_TriLep_WWG.root
2026-01-12 23:05:44,843 - INFO - [2018] MISSING_CENTRAL: TTZ2E1Mu/Central/jets/4/py in Skim_TriLep_DYJets.root
2026-01-12 23:05:44,844 - INFO - [2018] MISSING_CENTRAL: TTZ2E1Mu/Central/jets/4/py in Skim_TriLep_DYJets10to50.root
2026-01-12 23:05:44,925 - INFO - [2018] MISSING_CENTRAL: TTZ2E1Mu/Central/jets/4/py in Skim_TriLep_WWG.root
2026-01-13 14:58:29,007 - INFO - [2016preVFP] MISSING_CENTRAL: TTZ2E1Mu/Central/jets/4/py in Skim_TriLep_DYJets.root
2026-01-13 14:58:29,009 - INFO - [2016preVFP] MISSING_CENTRAL: TTZ2E1Mu/Central/jets/4/py in Skim_TriLep_DYJets10to50.root
2026-01-13 14:58:29,069 - INFO - [2016preVFP] MISSING_CENTRAL: TTZ2E1Mu/Central/jets/4/py in Skim_TriLep_WWG.root
2026-01-13 14:58:29,622 - INFO - [2016postVFP] MISSING_CENTRAL: TTZ2E1Mu/Central/jets/4/py in Skim_TriLep_DYJets.root
2026-01-13 14:58:29,626 - INFO - [2016postVFP] MISSING_CENTRAL: TTZ2E1Mu/Central/jets/4/py in Skim_TriLep_DYJets10to50.root
2026-01-13 14:58:29,658 - INFO - [2016postVFP] MISSING_CENTRAL: TTZ2E1Mu/Central/jets/4/py in Skim_TriLep_WWG.root
2026-01-13 14:58:30,169 - INFO - [2017] MISSING_CENTRAL: TTZ2E1Mu/Central/jets/4/py in Skim_TriLep_DYJets.root
2026-01-13 14:58:30,183 - INFO - [2017] MISSING_CENTRAL: TTZ2E1Mu/Central/jets/4/py in Skim_TriLep_DYJets10to50.root
2026-01-13 14:58:30,218 - INFO - [2017] MISSING_CENTRAL: TTZ2E1Mu/Central/jets/4/py in Skim_TriLep_WWG.root
2026-01-13 14:58:30,715 - INFO - [2018] MISSING_CENTRAL: TTZ2E1Mu/Central/jets/4/py in Skim_TriLep_DYJets.root
2026-01-13 14:58:30,719 - INFO - [2018] MISSING_CENTRAL: TTZ2E1Mu/Central/jets/4/py in Skim_TriLep_DYJets10to50.root
2026-01-13 14:58:30,754 - INFO - [2018] MISSING_CENTRAL: TTZ2E1Mu/Central/jets/4/py in Skim_TriLep_WWG.root
2026-01-16 19:02:26,198 - INFO - [2016preVFP] MISSING_CENTRAL: TTZ2E1Mu/Central/jets/4/py in Skim_TriLep_DYJets.root
2026-01-16 19:02:26,199 - INFO - [2016preVFP] MISSING_CENTRAL: TTZ2E1Mu/Central/jets/4/py in Skim_TriLep_DYJets10to50.root
2026-01-16 19:02:26,220 - INFO - [2016preVFP] MISSING_CENTRAL: TTZ2E1Mu/Central/jets/4/py in Skim_TriLep_WWG.root
2026-01-16 19:02:26,465 - INFO - [2016postVFP] MISSING_CENTRAL: TTZ2E1Mu/Central/jets/4/py in Skim_TriLep_DYJets.root
2026-01-16 19:02:26,466 - INFO - [2016postVFP] MISSING_CENTRAL: TTZ2E1Mu/Central/jets/4/py in Skim_TriLep_DYJets10to50.root
2026-01-16 19:02:26,484 - INFO - [2016postVFP] MISSING_CENTRAL: TTZ2E1Mu/Central/jets/4/py in Skim_TriLep_WWG.root
2026-01-16 19:02:26,748 - INFO - [2017] MISSING_CENTRAL: TTZ2E1Mu/Central/jets/4/py in Skim_TriLep_DYJets.root
2026-01-16 19:02:26,749 - INFO - [2017] MISSING_CENTRAL: TTZ2E1Mu/Central/jets/4/py in Skim_TriLep_DYJets10to50.root
2026-01-16 19:02:26,768 - INFO - [2017] MISSING_CENTRAL: TTZ2E1Mu/Central/jets/4/py in Skim_TriLep_WWG.root
2026-01-16 19:02:27,046 - INFO - [2018] MISSING_CENTRAL: TTZ2E1Mu/Central/jets/4/py in Skim_TriLep_DYJets.root
2026-01-16 19:02:27,047 - INFO - [2018] MISSING_CENTRAL: TTZ2E1Mu/Central/jets/4/py in Skim_TriLep_DYJets10to50.root
2026-01-16 19:02:27,066 - INFO - [2018] MISSING_CENTRAL: TTZ2E1Mu/Central/jets/4/py in Skim_TriLep_WWG.root
2026-01-28 16:09:41,256 - INFO - [2016preVFP] MISSING_CENTRAL: TTZ2E1Mu/Central/jets/4/py in Skim_TriLep_DYJets.root
2026-01-28 16:09:41,257 - INFO - [2016preVFP] MISSING_CENTRAL: TTZ2E1Mu/Central/jets/4/py in Skim_TriLep_DYJets10to50.root
2026-01-28 16:09:41,284 - INFO - [2016preVFP] MISSING_CENTRAL: TTZ2E1Mu/Central/jets/4/py in Skim_TriLep_WWG.root
2026-01-28 16:09:41,680 - INFO - [2016postVFP] MISSING_CENTRAL: TTZ2E1Mu/Central/jets/4/py in Skim_TriLep_DYJets.root
2026-01-28 16:09:41,681 - INFO - [2016postVFP] MISSING_CENTRAL: TTZ2E1Mu/Central/jets/4/py in Skim_TriLep_DYJets10to50.root
2026-01-28 16:09:41,711 - INFO - [2016postVFP] MISSING_CENTRAL: TTZ2E1Mu/Central/jets/4/py in Skim_TriLep_WWG.root
2026-01-28 16:09:42,103 - INFO - [2017] MISSING_CENTRAL: TTZ2E1Mu/Central/jets/4/py in Skim_TriLep_DYJets.root
2026-01-28 16:09:42,104 - INFO - [2017] MISSING_CENTRAL: TTZ2E1Mu/Central/jets/4/py in Skim_TriLep_DYJets10to50.root
2026-01-28 16:09:42,129 - INFO - [2017] MISSING_CENTRAL: TTZ2E1Mu/Central/jets/4/py in Skim_TriLep_WWG.root
2026-01-28 16:09:42,518 - INFO - [2018] MISSING_CENTRAL: TTZ2E1Mu/Central/jets/4/py in Skim_TriLep_DYJets.root
2026-01-28 16:09:42,519 - INFO - [2018] MISSING_CENTRAL: TTZ2E1Mu/Central/jets/4/py in Skim_TriLep_DYJets10to50.root
2026-01-28 17:21:55,885 - INFO - [2016preVFP] MISSING_CENTRAL: TTZ2E1Mu/Central/jets/4/py in Skim_TriLep_DYJets.root
2026-01-28 17:21:55,886 - INFO - [2016preVFP] MISSING_CENTRAL: TTZ2E1Mu/Central/jets/4/py in Skim_TriLep_DYJets10to50.root
2026-01-28 17:21:55,916 - INFO - [2016preVFP] MISSING_CENTRAL: TTZ2E1Mu/Central/jets/4/py in Skim_TriLep_WWG.root
2026-01-28 17:21:56,294 - INFO - [2016postVFP] MISSING_CENTRAL: TTZ2E1Mu/Central/jets/4/py in Skim_TriLep_DYJets.root
2026-01-28 17:21:56,294 - INFO - [2016postVFP] MISSING_CENTRAL: TTZ2E1Mu/Central/jets/4/py in Skim_TriLep_DYJets10to50.root
2026-01-28 17:21:56,322 - INFO - [2016postVFP] MISSING_CENTRAL: TTZ2E1Mu/Central/jets/4/py in Skim_TriLep_WWG.root
2026-01-28 17:21:56,707 - INFO - [2017] MISSING_CENTRAL: TTZ2E1Mu/Central/jets/4/py in Skim_TriLep_DYJets.root
2026-01-28 17:21:56,708 - INFO - [2017] MISSING_CENTRAL: TTZ2E1Mu/Central/jets/4/py in Skim_TriLep_DYJets10to50.root
2026-01-28 17:21:56,737 - INFO - [2017] MISSING_CENTRAL: TTZ2E1Mu/Central/jets/4/py in Skim_TriLep_WWG.root
2026-01-28 17:21:57,137 - INFO - [2018] MISSING_CENTRAL: TTZ2E1Mu/Central/jets/4/py in Skim_TriLep_DYJets.root
2026-01-28 17:21:57,138 - INFO - [2018] MISSING_CENTRAL: TTZ2E1Mu/Central/jets/4/py in Skim_TriLep_DYJets10to50.root
2026-01-28 19:55:27,106 - INFO - [2016preVFP] MISSING_CENTRAL: TTZ2E1Mu/Central/jets/4/py in Skim_TriLep_DYJets.root
2026-01-28 19:55:27,107 - INFO - [2016preVFP] MISSING_CENTRAL: TTZ2E1Mu/Central/jets/4/py in Skim_TriLep_DYJets10to50.root
2026-01-28 19:55:27,138 - INFO - [2016preVFP] MISSING_CENTRAL: TTZ2E1Mu/Central/jets/4/py in Skim_TriLep_WWG.root
2026-01-28 19:55:27,509 - INFO - [2016postVFP] MISSING_CENTRAL: TTZ2E1Mu/Central/jets/4/py in Skim_TriLep_DYJets.root
2026-01-28 19:55:27,509 - INFO - [2016postVFP] MISSING_CENTRAL: TTZ2E1Mu/Central/jets/4/py in Skim_TriLep_DYJets10to50.root
2026-01-28 19:55:27,536 - INFO - [2016postVFP] MISSING_CENTRAL: TTZ2E1Mu/Central/jets/4/py in Skim_TriLep_WWG.root
2026-01-28 19:55:28,033 - INFO - [2017] MISSING_CENTRAL: TTZ2E1Mu/Central/jets/4/py in Skim_TriLep_DYJets.root
2026-01-28 19:55:28,034 - INFO - [2017] MISSING_CENTRAL: TTZ2E1Mu/Central/jets/4/py in Skim_TriLep_DYJets10to50.root
2026-01-28 19:55:28,065 - INFO - [2017] MISSING_CENTRAL: TTZ2E1Mu/Central/jets/4/py in Skim_TriLep_WWG.root
2026-01-28 19:55:28,503 - INFO - [2018] MISSING_CENTRAL: TTZ2E1Mu/Central/jets/4/py in Skim_TriLep_DYJets.root
2026-01-28 19:55:28,504 - INFO - [2018] MISSING_CENTRAL: TTZ2E1Mu/Central/jets/4/py in Skim_TriLep_DYJets10to50.root
2026-01-29 07:12:36,814 - INFO - [2016preVFP] MISSING_CENTRAL: TTZ2E1Mu/Central/jets/4/py in Skim_TriLep_DYJets.root
2026-01-29 07:12:36,815 - INFO - [2016preVFP] MISSING_CENTRAL: TTZ2E1Mu/Central/jets/4/py in Skim_TriLep_DYJets10to50.root
2026-01-29 07:12:36,837 - INFO - [2016preVFP] MISSING_CENTRAL: TTZ2E1Mu/Central/jets/4/py in Skim_TriLep_WWG.root
2026-01-29 07:12:37,091 - INFO - [2016postVFP] MISSING_CENTRAL: TTZ2E1Mu/Central/jets/4/py in Skim_TriLep_DYJets.root
2026-01-29 07:12:37,092 - INFO - [2016postVFP] MISSING_CENTRAL: TTZ2E1Mu/Central/jets/4/py in Skim_TriLep_DYJets10to50.root
2026-01-29 07:12:37,110 - INFO - [2016postVFP] MISSING_CENTRAL: TTZ2E1Mu/Central/jets/4/py in Skim_TriLep_WWG.root
2026-01-29 07:12:37,366 - INFO - [2017] MISSING_CENTRAL: TTZ2E1Mu/Central/jets/4/py in Skim_TriLep_DYJets.root
2026-01-29 07:12:37,366 - INFO - [2017] MISSING_CENTRAL: TTZ2E1Mu/Central/jets/4/py in Skim_TriLep_DYJets10to50.root
2026-01-29 07:12:37,385 - INFO - [2017] MISSING_CENTRAL: TTZ2E1Mu/Central/jets/4/py in Skim_TriLep_WWG.root
2026-01-29 07:12:37,651 - INFO - [2018] MISSING_CENTRAL: TTZ2E1Mu/Central/jets/4/py in Skim_TriLep_DYJets.root
2026-01-29 07:12:37,652 - INFO - [2018] MISSING_CENTRAL: TTZ2E1Mu/Central/jets/4/py in Skim_TriLep_DYJets10to50.root
2026-03-06 09:40:45,027 - INFO - [2016preVFP] MISSING_CENTRAL: TTZ2E1Mu/Central/jets/4/py in Skim_TriLep_DYJets.root
2026-03-06 09:40:45,028 - INFO - [2016preVFP] MISSING_CENTRAL: TTZ2E1Mu/Central/jets/4/py in Skim_TriLep_DYJets10to50.root
2026-03-06 09:40:45,048 - INFO - [2016preVFP] MISSING_CENTRAL: TTZ2E1Mu/Central/jets/4/py in Skim_TriLep_WWG.root
2026-03-06 09:40:45,302 - INFO - [2016postVFP] MISSING_CENTRAL: TTZ2E1Mu/Central/jets/4/py in Skim_TriLep_DYJets.root
2026-03-06 09:40:45,302 - INFO - [2016postVFP] MISSING_CENTRAL: TTZ2E1Mu/Central/jets/4/py in Skim_TriLep_DYJets10to50.root
2026-03-06 09:40:45,320 - INFO - [2016postVFP] MISSING_CENTRAL: TTZ2E1Mu/Central/jets/4/py in Skim_TriLep_WWG.root
2026-03-06 09:40:45,586 - INFO - [2017] MISSING_CENTRAL: TTZ2E1Mu/Central/jets/4/py in Skim_TriLep_DYJets.root
2026-03-06 09:40:45,587 - INFO - [2017] MISSING_CENTRAL: TTZ2E1Mu/Central/jets/4/py in Skim_TriLep_DYJets10to50.root
2026-03-06 09:40:45,606 - INFO - [2017] MISSING_CENTRAL: TTZ2E1Mu/Central/jets/4/py in Skim_TriLep_WWG.root
2026-03-06 09:40:45,873 - INFO - [2018] MISSING_CENTRAL: TTZ2E1Mu/Central/jets/4/py in Skim_TriLep_DYJets.root
2026-03-06 09:40:45,874 - INFO - [2018] MISSING_CENTRAL: TTZ2E1Mu/Central/jets/4/py in Skim_TriLep_DYJets10to50.root
2026-03-06 19:46:32,955 - INFO - [2016preVFP] MISSING_CENTRAL: TTZ2E1Mu/Central/jets/4/py in Skim_TriLep_DYJets.root
2026-03-06 19:46:32,956 - INFO - [2016preVFP] MISSING_CENTRAL: TTZ2E1Mu/Central/jets/4/py in Skim_TriLep_DYJets10to50.root
2026-03-06 19:46:32,976 - INFO - [2016preVFP] MISSING_CENTRAL: TTZ2E1Mu/Central/jets/4/py in Skim_TriLep_WWG.root
2026-03-06 19:46:33,263 - INFO - [2016postVFP] MISSING_CENTRAL: TTZ2E1Mu/Central/jets/4/py in Skim_TriLep_DYJets.root
2026-03-06 19:46:33,263 - INFO - [2016postVFP] MISSING_CENTRAL: TTZ2E1Mu/Central/jets/4/py in Skim_TriLep_DYJets10to50.root
2026-03-06 19:46:33,281 - INFO - [2016postVFP] MISSING_CENTRAL: TTZ2E1Mu/Central/jets/4/py in Skim_TriLep_WWG.root
2026-03-06 19:46:33,544 - INFO - [2017] MISSING_CENTRAL: TTZ2E1Mu/Central/jets/4/py in Skim_TriLep_DYJets.root
2026-03-06 19:46:33,545 - INFO - [2017] MISSING_CENTRAL: TTZ2E1Mu/Central/jets/4/py in Skim_TriLep_DYJets10to50.root
2026-03-06 19:46:33,565 - INFO - [2017] MISSING_CENTRAL: TTZ2E1Mu/Central/jets/4/py in Skim_TriLep_WWG.root
2026-03-06 19:46:33,824 - INFO - [2018] MISSING_CENTRAL: TTZ2E1Mu/Central/jets/4/py in Skim_TriLep_DYJets.root
2026-03-06 19:46:33,825 - INFO - [2018] MISSING_CENTRAL: TTZ2E1Mu/Central/jets/4/py in Skim_TriLep_DYJets10to50.root
2026-03-12 21:35:16,239 - INFO - [2016preVFP] MISSING_CENTRAL: TTZ2E1Mu/Central/jets/4/py in Skim_TriLep_DYJets.root
2026-03-12 21:35:16,239 - INFO - [2016preVFP] MISSING_CENTRAL: TTZ2E1Mu/Central/jets/4/py in Skim_TriLep_DYJets10to50.root
2026-03-12 21:35:16,262 - INFO - [2016preVFP] MISSING_CENTRAL: TTZ2E1Mu/Central/jets/4/py in Skim_TriLep_WWG.root
2026-03-12 21:35:16,521 - INFO - [2016postVFP] MISSING_CENTRAL: TTZ2E1Mu/Central/jets/4/py in Skim_TriLep_DYJets.root
2026-03-12 21:35:16,522 - INFO - [2016postVFP] MISSING_CENTRAL: TTZ2E1Mu/Central/jets/4/py in Skim_TriLep_DYJets10to50.root
2026-03-12 21:35:16,541 - INFO - [2016postVFP] MISSING_CENTRAL: TTZ2E1Mu/Central/jets/4/py in Skim_TriLep_WWG.root
2026-03-12 21:35:16,805 - INFO - [2017] MISSING_CENTRAL: TTZ2E1Mu/Central/jets/4/py in Skim_TriLep_DYJets.root
2026-03-12 21:35:16,806 - INFO - [2017] MISSING_CENTRAL: TTZ2E1Mu/Central/jets/4/py in Skim_TriLep_DYJets10to50.root
2026-03-12 21:35:16,824 - INFO - [2017] MISSING_CENTRAL: TTZ2E1Mu/Central/jets/4/py in Skim_TriLep_WWG.root
2026-03-12 21:35:17,095 - INFO - [2018] MISSING_CENTRAL: TTZ2E1Mu/Central/jets/4/py in Skim_TriLep_DYJets.root
2026-03-12 21:35:17,097 - INFO - [2018] MISSING_CENTRAL: TTZ2E1Mu/Central/jets/4/py in Skim_TriLep_DYJets10to50.root
2026-04-10 20:21:30,834 - INFO - [2016preVFP] MISSING_CENTRAL: TTZ2E1Mu/Central/jets/4/py in Skim_TriLep_DYJets.root
2026-04-10 20:21:30,835 - INFO - [2016preVFP] MISSING_CENTRAL: TTZ2E1Mu/Central/jets/4/py in Skim_TriLep_DYJets10to50.root
2026-04-10 20:21:30,857 - INFO - [2016preVFP] MISSING_CENTRAL: TTZ2E1Mu/Central/jets/4/py in Skim_TriLep_WWG.root
2026-04-10 20:21:31,144 - INFO - [2016postVFP] MISSING_CENTRAL: TTZ2E1Mu/Central/jets/4/py in Skim_TriLep_DYJets.root
2026-04-10 20:21:31,144 - INFO - [2016postVFP] MISSING_CENTRAL: TTZ2E1Mu/Central/jets/4/py in Skim_TriLep_DYJets10to50.root
2026-04-10 20:21:31,162 - INFO - [2016postVFP] MISSING_CENTRAL: TTZ2E1Mu/Central/jets/4/py in Skim_TriLep_WWG.root
2026-04-10 20:21:31,427 - INFO - [2017] MISSING_CENTRAL: TTZ2E1Mu/Central/jets/4/py in Skim_TriLep_DYJets.root
2026-04-10 20:21:31,428 - INFO - [2017] MISSING_CENTRAL: TTZ2E1Mu/Central/jets/4/py in Skim_TriLep_DYJets10to50.root
2026-04-10 20:21:31,447 - INFO - [2017] MISSING_CENTRAL: TTZ2E1Mu/Central/jets/4/py in Skim_TriLep_WWG.root
2026-04-10 20:21:31,712 - INFO - [2018] MISSING_CENTRAL: TTZ2E1Mu/Central/jets/4/py in Skim_TriLep_DYJets.root
2026-04-10 20:21:31,712 - INFO - [2018] MISSING_CENTRAL: TTZ2E1Mu/Central/jets/4/py in Skim_TriLep_DYJets10to50.root
2026-04-12 11:36:41,976 - INFO - [2016preVFP] MISSING_CENTRAL: TTZ2E1Mu/Central/jets/4/py in Skim_TriLep_DYJets.root
2026-04-12 11:36:41,977 - INFO - [2016preVFP] MISSING_CENTRAL: TTZ2E1Mu/Central/jets/4/py in Skim_TriLep_DYJets10to50.root
2026-04-12 11:36:41,996 - INFO - [2016preVFP] MISSING_CENTRAL: TTZ2E1Mu/Central/jets/4/py in Skim_TriLep_WWG.root
2026-04-12 11:36:42,232 - INFO - [2016postVFP] MISSING_CENTRAL: TTZ2E1Mu/Central/jets/4/py in Skim_TriLep_DYJets.root
2026-04-12 11:36:42,232 - INFO - [2016postVFP] MISSING_CENTRAL: TTZ2E1Mu/Central/jets/4/py in Skim_TriLep_DYJets10to50.root
2026-04-12 11:36:42,249 - INFO - [2016postVFP] MISSING_CENTRAL: TTZ2E1Mu/Central/jets/4/py in Skim_TriLep_WWG.root
2026-04-12 11:36:42,504 - INFO - [2017] MISSING_CENTRAL: TTZ2E1Mu/Central/jets/4/py in Skim_TriLep_DYJets.root
2026-04-12 11:36:42,504 - INFO - [2017] MISSING_CENTRAL: TTZ2E1Mu/Central/jets/4/py in Skim_TriLep_DYJets10to50.root
2026-04-12 11:36:42,523 - INFO - [2017] MISSING_CENTRAL: TTZ2E1Mu/Central/jets/4/py in Skim_TriLep_WWG.root
2026-04-12 11:36:42,784 - INFO - [2018] MISSING_CENTRAL: TTZ2E1Mu/Central/jets/4/py in Skim_TriLep_DYJets.root
2026-04-12 11:36:42,785 - INFO - [2018] MISSING_CENTRAL: TTZ2E1Mu/Central/jets/4/py in Skim_TriLep_DYJets10to50.root
2026-04-12 12:18:41,380 - INFO - [2016preVFP] MISSING_CENTRAL: TTZ2E1Mu/Central/jets/4/py in Skim_TriLep_DYJets.root
2026-04-12 12:18:41,381 - INFO - [2016preVFP] MISSING_CENTRAL: TTZ2E1Mu/Central/jets/4/py in Skim_TriLep_DYJets10to50.root
2026-04-12 12:18:41,403 - INFO - [2016preVFP] MISSING_CENTRAL: TTZ2E1Mu/Central/jets/4/py in Skim_TriLep_WWG.root
2026-04-12 12:18:41,652 - INFO - [2016postVFP] MISSING_CENTRAL: TTZ2E1Mu/Central/jets/4/py in Skim_TriLep_DYJets.root
2026-04-12 12:18:41,653 - INFO - [2016postVFP] MISSING_CENTRAL: TTZ2E1Mu/Central/jets/4/py in Skim_TriLep_DYJets10to50.root
2026-04-12 12:18:41,670 - INFO - [2016postVFP] MISSING_CENTRAL: TTZ2E1Mu/Central/jets/4/py in Skim_TriLep_WWG.root
2026-04-12 12:18:41,928 - INFO - [2017] MISSING_CENTRAL: TTZ2E1Mu/Central/jets/4/py in Skim_TriLep_DYJets.root
2026-04-12 12:18:41,929 - INFO - [2017] MISSING_CENTRAL: TTZ2E1Mu/Central/jets/4/py in Skim_TriLep_DYJets10to50.root
2026-04-12 12:18:41,948 - INFO - [2017] MISSING_CENTRAL: TTZ2E1Mu/Central/jets/4/py in Skim_TriLep_WWG.root
2026-04-12 12:18:42,221 - INFO - [2018] MISSING_CENTRAL: TTZ2E1Mu/Central/jets/4/py in Skim_TriLep_DYJets.root
2026-04-12 12:18:42,222 - INFO - [2018] MISSING_CENTRAL: TTZ2E1Mu/Central/jets/4/py in Skim_TriLep_DYJets10to50.root
2026-04-12 12:38:20,265 - INFO - [2016preVFP] MISSING_CENTRAL: TTZ2E1Mu/Central/jets/4/py in Skim_TriLep_DYJets.root
2026-04-12 12:38:20,265 - INFO - [2016preVFP] MISSING_CENTRAL: TTZ2E1Mu/Central/jets/4/py in Skim_TriLep_DYJets10to50.root
2026-04-12 12:38:20,286 - INFO - [2016preVFP] MISSING_CENTRAL: TTZ2E1Mu/Central/jets/4/py in Skim_TriLep_WWG.root
2026-04-12 12:38:20,530 - INFO - [2016postVFP] MISSING_CENTRAL: TTZ2E1Mu/Central/jets/4/py in Skim_TriLep_DYJets.root
2026-04-12 12:38:20,531 - INFO - [2016postVFP] MISSING_CENTRAL: TTZ2E1Mu/Central/jets/4/py in Skim_TriLep_DYJets10to50.root
2026-04-12 12:38:20,548 - INFO - [2016postVFP] MISSING_CENTRAL: TTZ2E1Mu/Central/jets/4/py in Skim_TriLep_WWG.root
2026-04-12 12:38:20,803 - INFO - [2017] MISSING_CENTRAL: TTZ2E1Mu/Central/jets/4/py in Skim_TriLep_DYJets.root
2026-04-12 12:38:20,804 - INFO - [2017] MISSING_CENTRAL: TTZ2E1Mu/Central/jets/4/py in Skim_TriLep_DYJets10to50.root
2026-04-12 12:38:20,823 - INFO - [2017] MISSING_CENTRAL: TTZ2E1Mu/Central/jets/4/py in Skim_TriLep_WWG.root
2026-04-12 12:38:21,102 - INFO - [2018] MISSING_CENTRAL: TTZ2E1Mu/Central/jets/4/py in Skim_TriLep_DYJets.root
2026-04-12 12:38:21,103 - INFO - [2018] MISSING_CENTRAL: TTZ2E1Mu/Central/jets/4/py in Skim_TriLep_DYJets10to50.root
2026-04-12 20:46:26,117 - INFO - [2016preVFP] MISSING_CENTRAL: TTZ2E1Mu/Central/jets/4/py in Skim_TriLep_DYJets.root
2026-04-12 20:46:26,117 - INFO - [2016preVFP] MISSING_CENTRAL: TTZ2E1Mu/Central/jets/4/py in Skim_TriLep_DYJets10to50.root
2026-04-12 20:46:26,138 - INFO - [2016preVFP] MISSING_CENTRAL: TTZ2E1Mu/Central/jets/4/py in Skim_TriLep_WWG.root
2026-04-12 20:46:26,394 - INFO - [2016postVFP] MISSING_CENTRAL: TTZ2E1Mu/Central/jets/4/py in Skim_TriLep_DYJets.root
2026-04-12 20:46:26,395 - INFO - [2016postVFP] MISSING_CENTRAL: TTZ2E1Mu/Central/jets/4/py in Skim_TriLep_DYJets10to50.root
2026-04-12 20:46:26,413 - INFO - [2016postVFP] MISSING_CENTRAL: TTZ2E1Mu/Central/jets/4/py in Skim_TriLep_WWG.root
2026-04-12 20:46:26,681 - INFO - [2017] MISSING_CENTRAL: TTZ2E1Mu/Central/jets/4/py in Skim_TriLep_DYJets.root
2026-04-12 20:46:26,681 - INFO - [2017] MISSING_CENTRAL: TTZ2E1Mu/Central/jets/4/py in Skim_TriLep_DYJets10to50.root
2026-04-12 20:46:26,700 - INFO - [2017] MISSING_CENTRAL: TTZ2E1Mu/Central/jets/4/py in Skim_TriLep_WWG.root
2026-04-12 20:46:26,967 - INFO - [2018] MISSING_CENTRAL: TTZ2E1Mu/Central/jets/4/py in Skim_TriLep_DYJets.root
2026-04-12 20:46:26,968 - INFO - [2018] MISSING_CENTRAL: TTZ2E1Mu/Central/jets/4/py in Skim_TriLep_DYJets10to50.root
2026-04-12 21:18:01,717 - INFO - [2016preVFP] MISSING_CENTRAL: TTZ2E1Mu/Central/jets/4/py in Skim_TriLep_DYJets.root
2026-04-12 21:18:01,717 - INFO - [2016preVFP] MISSING_CENTRAL: TTZ2E1Mu/Central/jets/4/py in Skim_TriLep_DYJets10to50.root
2026-04-12 21:18:01,738 - INFO - [2016preVFP] MISSING_CENTRAL: TTZ2E1Mu/Central/jets/4/py in Skim_TriLep_WWG.root
2026-04-12 21:18:01,990 - INFO - [2016postVFP] MISSING_CENTRAL: TTZ2E1Mu/Central/jets/4/py in Skim_TriLep_DYJets.root
2026-04-12 21:18:01,991 - INFO - [2016postVFP] MISSING_CENTRAL: TTZ2E1Mu/Central/jets/4/py in Skim_TriLep_DYJets10to50.root
2026-04-12 21:18:02,009 - INFO - [2016postVFP] MISSING_CENTRAL: TTZ2E1Mu/Central/jets/4/py in Skim_TriLep_WWG.root
2026-04-12 21:18:02,278 - INFO - [2017] MISSING_CENTRAL: TTZ2E1Mu/Central/jets/4/py in Skim_TriLep_DYJets.root
2026-04-12 21:18:02,279 - INFO - [2017] MISSING_CENTRAL: TTZ2E1Mu/Central/jets/4/py in Skim_TriLep_DYJets10to50.root
2026-04-12 21:18:02,298 - INFO - [2017] MISSING_CENTRAL: TTZ2E1Mu/Central/jets/4/py in Skim_TriLep_WWG.root
2026-04-12 21:18:02,573 - INFO - [2018] MISSING_CENTRAL: TTZ2E1Mu/Central/jets/4/py in Skim_TriLep_DYJets.root
2026-04-12 21:18:02,574 - INFO - [2018] MISSING_CENTRAL: TTZ2E1Mu/Central/jets/4/py in Skim_TriLep_DYJets10to50.root
2026-04-13 12:55:40,822 - INFO - [2016preVFP] MISSING_CENTRAL: TTZ2E1Mu/Central/jets/4/py in Skim_TriLep_DYJets.root
2026-04-13 12:55:40,823 - INFO - [2016preVFP] MISSING_CENTRAL: TTZ2E1Mu/Central/jets/4/py in Skim_TriLep_DYJets10to50.root
2026-04-13 12:55:40,848 - INFO - [2016preVFP] MISSING_CENTRAL: TTZ2E1Mu/Central/jets/4/py in Skim_TriLep_WWG.root
2026-04-13 12:55:41,171 - INFO - [2016postVFP] MISSING_CENTRAL: TTZ2E1Mu/Central/jets/4/py in Skim_TriLep_DYJets.root
2026-04-13 12:55:41,171 - INFO - [2016postVFP] MISSING_CENTRAL: TTZ2E1Mu/Central/jets/4/py in Skim_TriLep_DYJets10to50.root
2026-04-13 12:55:41,194 - INFO - [2016postVFP] MISSING_CENTRAL: TTZ2E1Mu/Central/jets/4/py in Skim_TriLep_WWG.root
2026-04-13 12:55:41,525 - INFO - [2017] MISSING_CENTRAL: TTZ2E1Mu/Central/jets/4/py in Skim_TriLep_DYJets.root
2026-04-13 12:55:41,526 - INFO - [2017] MISSING_CENTRAL: TTZ2E1Mu/Central/jets/4/py in Skim_TriLep_DYJets10to50.root
2026-04-13 12:55:41,549 - INFO - [2017] MISSING_CENTRAL: TTZ2E1Mu/Central/jets/4/py in Skim_TriLep_WWG.root
2026-04-13 12:55:41,890 - INFO - [2018] MISSING_CENTRAL: TTZ2E1Mu/Central/jets/4/py in Skim_TriLep_DYJets.root
2026-04-13 12:55:41,891 - INFO - [2018] MISSING_CENTRAL: TTZ2E1Mu/Central/jets/4/py in Skim_TriLep_DYJets10to50.root
2026-04-16 17:38:11,946 - INFO - [2016preVFP] MISSING_CENTRAL: TTZ2E1Mu/Central/jets/4/py in Skim_TriLep_DYJets.root
2026-04-16 17:38:11,947 - INFO - [2016preVFP] MISSING_CENTRAL: TTZ2E1Mu/Central/jets/4/py in Skim_TriLep_DYJets10to50.root
2026-04-16 17:38:11,972 - INFO - [2016preVFP] MISSING_CENTRAL: TTZ2E1Mu/Central/jets/4/py in Skim_TriLep_WWG.root
2026-04-16 17:38:12,278 - INFO - [2016postVFP] MISSING_CENTRAL: TTZ2E1Mu/Central/jets/4/py in Skim_TriLep_DYJets.root
2026-04-16 17:38:12,279 - INFO - [2016postVFP] MISSING_CENTRAL: TTZ2E1Mu/Central/jets/4/py in Skim_TriLep_DYJets10to50.root
2026-04-16 17:38:12,300 - INFO - [2016postVFP] MISSING_CENTRAL: TTZ2E1Mu/Central/jets/4/py in Skim_TriLep_WWG.root
2026-04-16 17:38:12,617 - INFO - [2017] MISSING_CENTRAL: TTZ2E1Mu/Central/jets/4/py in Skim_TriLep_DYJets.root
2026-04-16 17:38:12,618 - INFO - [2017] MISSING_CENTRAL: TTZ2E1Mu/Central/jets/4/py in Skim_TriLep_DYJets10to50.root
2026-04-16 17:38:12,641 - INFO - [2017] MISSING_CENTRAL: TTZ2E1Mu/Central/jets/4/py in Skim_TriLep_WWG.root
2026-04-16 17:38:12,999 - INFO - [2018] MISSING_CENTRAL: TTZ2E1Mu/Central/jets/4/py in Skim_TriLep_DYJets.root
2026-04-16 17:38:12,999 - INFO - [2018] MISSING_CENTRAL: TTZ2E1Mu/Central/jets/4/py in Skim_TriLep_DYJets10to50.root
2026-04-28 15:20:41,104 - INFO - [2016preVFP] MISSING_CENTRAL: TTZ2E1Mu/Central/jets/4/py in Skim_TriLep_DYJets.root
2026-04-28 15:20:41,104 - INFO - [2016preVFP] MISSING_CENTRAL: TTZ2E1Mu/Central/jets/4/py in Skim_TriLep_DYJets10to50.root
2026-04-28 15:20:41,128 - INFO - [2016preVFP] MISSING_CENTRAL: TTZ2E1Mu/Central/jets/4/py in Skim_TriLep_WWG.root
2026-04-28 15:20:41,426 - INFO - [2016postVFP] MISSING_CENTRAL: TTZ2E1Mu/Central/jets/4/py in Skim_TriLep_DYJets.root
2026-04-28 15:20:41,426 - INFO - [2016postVFP] MISSING_CENTRAL: TTZ2E1Mu/Central/jets/4/py in Skim_TriLep_DYJets10to50.root
2026-04-28 15:20:41,444 - INFO - [2016postVFP] MISSING_CENTRAL: TTZ2E1Mu/Central/jets/4/py in Skim_TriLep_WWG.root
2026-04-28 15:20:41,752 - INFO - [2017] MISSING_CENTRAL: TTZ2E1Mu/Central/jets/4/py in Skim_TriLep_DYJets.root
2026-04-28 15:20:41,752 - INFO - [2017] MISSING_CENTRAL: TTZ2E1Mu/Central/jets/4/py in Skim_TriLep_DYJets10to50.root
2026-04-28 15:20:41,774 - INFO - [2017] MISSING_CENTRAL: TTZ2E1Mu/Central/jets/4/py in Skim_TriLep_WWG.root
2026-04-28 15:20:42,091 - INFO - [2018] MISSING_CENTRAL: TTZ2E1Mu/Central/jets/4/py in Skim_TriLep_DYJets.root
2026-04-28 15:20:42,092 - INFO - [2018] MISSING_CENTRAL: TTZ2E1Mu/Central/jets/4/py in Skim_TriLep_DYJets10to50.root
2026-04-28 20:33:49,890 - INFO - [2016preVFP] MISSING_CENTRAL: TTZ2E1Mu/Central/jets/4/py in Skim_TriLep_DYJets.root
2026-04-28 20:33:49,890 - INFO - [2016preVFP] MISSING_CENTRAL: TTZ2E1Mu/Central/jets/4/py in Skim_TriLep_DYJets10to50.root
2026-04-28 20:33:49,914 - INFO - [2016preVFP] MISSING_CENTRAL: TTZ2E1Mu/Central/jets/4/py in Skim_TriLep_WWG.root
2026-04-28 20:33:50,208 - INFO - [2016postVFP] MISSING_CENTRAL: TTZ2E1Mu/Central/jets/4/py in Skim_TriLep_DYJets.root
2026-04-28 20:33:50,209 - INFO - [2016postVFP] MISSING_CENTRAL: TTZ2E1Mu/Central/jets/4/py in Skim_TriLep_DYJets10to50.root
2026-04-28 20:33:50,229 - INFO - [2016postVFP] MISSING_CENTRAL: TTZ2E1Mu/Central/jets/4/py in Skim_TriLep_WWG.root
2026-04-28 20:33:50,535 - INFO - [2017] MISSING_CENTRAL: TTZ2E1Mu/Central/jets/4/py in Skim_TriLep_DYJets.root
2026-04-28 20:33:50,535 - INFO - [2017] MISSING_CENTRAL: TTZ2E1Mu/Central/jets/4/py in Skim_TriLep_DYJets10to50.root
2026-04-28 20:33:50,557 - INFO - [2017] MISSING_CENTRAL: TTZ2E1Mu/Central/jets/4/py in Skim_TriLep_WWG.root
2026-04-28 20:33:50,867 - INFO - [2018] MISSING_CENTRAL: TTZ2E1Mu/Central/jets/4/py in Skim_TriLep_DYJets.root
2026-04-28 20:33:50,868 - INFO - [2018] MISSING_CENTRAL: TTZ2E1Mu/Central/jets/4/py in Skim_TriLep_DYJets10to50.root
2026-05-04 15:40:25,153 - INFO - [2016preVFP] MISSING_CENTRAL: TTZ2E1Mu/Central/jets/4/py in Skim_TriLep_DYJets.root
2026-05-04 15:40:25,154 - INFO - [2016preVFP] MISSING_CENTRAL: TTZ2E1Mu/Central/jets/4/py in Skim_TriLep_DYJets10to50.root
2026-05-04 15:40:25,178 - INFO - [2016preVFP] MISSING_CENTRAL: TTZ2E1Mu/Central/jets/4/py in Skim_TriLep_WWG.root
2026-05-04 15:40:25,513 - INFO - [2016postVFP] MISSING_CENTRAL: TTZ2E1Mu/Central/jets/4/py in Skim_TriLep_DYJets.root
2026-05-04 15:40:25,514 - INFO - [2016postVFP] MISSING_CENTRAL: TTZ2E1Mu/Central/jets/4/py in Skim_TriLep_DYJets10to50.root
2026-05-04 15:40:25,535 - INFO - [2016postVFP] MISSING_CENTRAL: TTZ2E1Mu/Central/jets/4/py in Skim_TriLep_WWG.root
2026-05-04 15:40:25,899 - INFO - [2017] MISSING_CENTRAL: TTZ2E1Mu/Central/jets/4/py in Skim_TriLep_DYJets.root
2026-05-04 15:40:25,899 - INFO - [2017] MISSING_CENTRAL: TTZ2E1Mu/Central/jets/4/py in Skim_TriLep_DYJets10to50.root
2026-05-04 15:40:25,923 - INFO - [2017] MISSING_CENTRAL: TTZ2E1Mu/Central/jets/4/py in Skim_TriLep_WWG.root
2026-05-04 15:40:26,259 - INFO - [2018] MISSING_CENTRAL: TTZ2E1Mu/Central/jets/4/py in Skim_TriLep_DYJets.root
2026-05-04 15:40:26,260 - INFO - [2018] MISSING_CENTRAL: TTZ2E1Mu/Central/jets/4/py in Skim_TriLep_DYJets10to50.root
2026-05-04 16:04:28,527 - INFO - [2016preVFP] MISSING_CENTRAL: TTZ2E1Mu/Central/jets/4/py in Skim_TriLep_DYJets.root
2026-05-04 16:04:28,528 - INFO - [2016preVFP] MISSING_CENTRAL: TTZ2E1Mu/Central/jets/4/py in Skim_TriLep_DYJets10to50.root
2026-05-04 16:04:28,551 - INFO - [2016preVFP] MISSING_CENTRAL: TTZ2E1Mu/Central/jets/4/py in Skim_TriLep_WWG.root
2026-05-04 16:04:28,850 - INFO - [2016postVFP] MISSING_CENTRAL: TTZ2E1Mu/Central/jets/4/py in Skim_TriLep_DYJets.root
2026-05-04 16:04:28,851 - INFO - [2016postVFP] MISSING_CENTRAL: TTZ2E1Mu/Central/jets/4/py in Skim_TriLep_DYJets10to50.root
2026-05-04 16:04:28,872 - INFO - [2016postVFP] MISSING_CENTRAL: TTZ2E1Mu/Central/jets/4/py in Skim_TriLep_WWG.root
2026-05-04 16:04:29,189 - INFO - [2017] MISSING_CENTRAL: TTZ2E1Mu/Central/jets/4/py in Skim_TriLep_DYJets.root
2026-05-04 16:04:29,190 - INFO - [2017] MISSING_CENTRAL: TTZ2E1Mu/Central/jets/4/py in Skim_TriLep_DYJets10to50.root
2026-05-04 16:04:29,212 - INFO - [2017] MISSING_CENTRAL: TTZ2E1Mu/Central/jets/4/py in Skim_TriLep_WWG.root
2026-05-04 16:04:29,535 - INFO - [2018] MISSING_CENTRAL: TTZ2E1Mu/Central/jets/4/py in Skim_TriLep_DYJets.root
2026-05-04 16:04:29,535 - INFO - [2018] MISSING_CENTRAL: TTZ2E1Mu/Central/jets/4/py in Skim_TriLep_DYJets10to50.root
2026-05-04 17:07:45,787 - INFO - [2016preVFP] MISSING_CENTRAL: TTZ2E1Mu/Central/jets/4/py in Skim_TriLep_DYJets.root
2026-05-04 17:07:45,788 - INFO - [2016preVFP] MISSING_CENTRAL: TTZ2E1Mu/Central/jets/4/py in Skim_TriLep_DYJets10to50.root
2026-05-04 17:07:45,812 - INFO - [2016preVFP] MISSING_CENTRAL: TTZ2E1Mu/Central/jets/4/py in Skim_TriLep_WWG.root
2026-05-04 17:07:46,110 - INFO - [2016postVFP] MISSING_CENTRAL: TTZ2E1Mu/Central/jets/4/py in Skim_TriLep_DYJets.root
2026-05-04 17:07:46,110 - INFO - [2016postVFP] MISSING_CENTRAL: TTZ2E1Mu/Central/jets/4/py in Skim_TriLep_DYJets10to50.root
2026-05-04 17:07:46,131 - INFO - [2016postVFP] MISSING_CENTRAL: TTZ2E1Mu/Central/jets/4/py in Skim_TriLep_WWG.root
2026-05-04 17:07:46,436 - INFO - [2017] MISSING_CENTRAL: TTZ2E1Mu/Central/jets/4/py in Skim_TriLep_DYJets.root
2026-05-04 17:07:46,436 - INFO - [2017] MISSING_CENTRAL: TTZ2E1Mu/Central/jets/4/py in Skim_TriLep_DYJets10to50.root
2026-05-04 17:07:46,457 - INFO - [2017] MISSING_CENTRAL: TTZ2E1Mu/Central/jets/4/py in Skim_TriLep_WWG.root
2026-05-04 17:07:46,769 - INFO - [2018] MISSING_CENTRAL: TTZ2E1Mu/Central/jets/4/py in Skim_TriLep_DYJets.root
2026-05-04 17:07:46,770 - INFO - [2018] MISSING_CENTRAL: TTZ2E1Mu/Central/jets/4/py in Skim_TriLep_DYJets10to50.root
2026-05-28 15:44:36,892 - INFO - [2016preVFP] MISSING_CENTRAL: TTZ2E1Mu/Central/jets/4/py in Skim_TriLep_DYJets.root
2026-05-28 15:44:36,893 - INFO - [2016preVFP] MISSING_CENTRAL: TTZ2E1Mu/Central/jets/4/py in Skim_TriLep_DYJets10to50.root
2026-05-28 15:44:36,932 - INFO - [2016preVFP] MISSING_CENTRAL: TTZ2E1Mu/Central/jets/4/py in Skim_TriLep_WWG.root
2026-05-28 15:44:37,412 - INFO - [2016postVFP] MISSING_CENTRAL: TTZ2E1Mu/Central/jets/4/py in Skim_TriLep_DYJets.root
2026-05-28 15:44:37,413 - INFO - [2016postVFP] MISSING_CENTRAL: TTZ2E1Mu/Central/jets/4/py in Skim_TriLep_DYJets10to50.root
2026-05-28 15:44:37,448 - INFO - [2016postVFP] MISSING_CENTRAL: TTZ2E1Mu/Central/jets/4/py in Skim_TriLep_WWG.root
2026-05-28 15:44:37,964 - INFO - [2017] MISSING_CENTRAL: TTZ2E1Mu/Central/jets/4/py in Skim_TriLep_DYJets.root
2026-05-28 15:44:37,966 - INFO - [2017] MISSING_CENTRAL: TTZ2E1Mu/Central/jets/4/py in Skim_TriLep_DYJets10to50.root
2026-05-28 15:44:38,003 - INFO - [2017] MISSING_CENTRAL: TTZ2E1Mu/Central/jets/4/py in Skim_TriLep_WWG.root
2026-05-28 15:44:38,508 - INFO - [2018] MISSING_CENTRAL: TTZ2E1Mu/Central/jets/4/py in Skim_TriLep_DYJets.root
2026-05-28 15:44:38,509 - INFO - [2018] MISSING_CENTRAL: TTZ2E1Mu/Central/jets/4/py in Skim_TriLep_DYJets10to50.root
2026-05-29 15:21:32,907 - INFO - [2016preVFP] MISSING_CENTRAL: TTZ2E1Mu/Central/jets/4/py in Skim_TriLep_DYJets.root
2026-05-29 15:21:32,908 - INFO - [2016preVFP] MISSING_CENTRAL: TTZ2E1Mu/Central/jets/4/py in Skim_TriLep_DYJets10to50.root
2026-05-29 15:21:32,932 - INFO - [2016preVFP] MISSING_CENTRAL: TTZ2E1Mu/Central/jets/4/py in Skim_TriLep_WWG.root
2026-05-29 15:21:33,250 - INFO - [2016postVFP] MISSING_CENTRAL: TTZ2E1Mu/Central/jets/4/py in Skim_TriLep_DYJets.root
2026-05-29 15:21:33,251 - INFO - [2016postVFP] MISSING_CENTRAL: TTZ2E1Mu/Central/jets/4/py in Skim_TriLep_DYJets10to50.root
2026-05-29 15:21:33,273 - INFO - [2016postVFP] MISSING_CENTRAL: TTZ2E1Mu/Central/jets/4/py in Skim_TriLep_WWG.root
2026-05-29 15:21:33,594 - INFO - [2017] MISSING_CENTRAL: TTZ2E1Mu/Central/jets/4/py in Skim_TriLep_DYJets.root
2026-05-29 15:21:33,594 - INFO - [2017] MISSING_CENTRAL: TTZ2E1Mu/Central/jets/4/py in Skim_TriLep_DYJets10to50.root
2026-05-29 15:21:33,616 - INFO - [2017] MISSING_CENTRAL: TTZ2E1Mu/Central/jets/4/py in Skim_TriLep_WWG.root
2026-05-29 15:21:33,928 - INFO - [2018] MISSING_CENTRAL: TTZ2E1Mu/Central/jets/4/py in Skim_TriLep_DYJets.root
2026-05-29 15:21:33,928 - INFO - [2018] MISSING_CENTRAL: TTZ2E1Mu/Central/jets/4/py in Skim_TriLep_DYJets10to50.root
2026-05-29 15:35:33,052 - INFO - [2016preVFP] MISSING_CENTRAL: TTZ2E1Mu/Central/jets/4/py in Skim_TriLep_DYJets.root
2026-05-29 15:35:33,053 - INFO - [2016preVFP] MISSING_CENTRAL: TTZ2E1Mu/Central/jets/4/py in Skim_TriLep_DYJets10to50.root
2026-05-29 15:35:33,079 - INFO - [2016preVFP] MISSING_CENTRAL: TTZ2E1Mu/Central/jets/4/py in Skim_TriLep_WWG.root
2026-05-29 15:35:33,404 - INFO - [2016postVFP] MISSING_CENTRAL: TTZ2E1Mu/Central/jets/4/py in Skim_TriLep_DYJets.root
2026-05-29 15:35:33,405 - INFO - [2016postVFP] MISSING_CENTRAL: TTZ2E1Mu/Central/jets/4/py in Skim_TriLep_DYJets10to50.root
2026-05-29 15:35:33,428 - INFO - [2016postVFP] MISSING_CENTRAL: TTZ2E1Mu/Central/jets/4/py in Skim_TriLep_WWG.root
2026-05-29 15:35:33,763 - INFO - [2017] MISSING_CENTRAL: TTZ2E1Mu/Central/jets/4/py in Skim_TriLep_DYJets.root
2026-05-29 15:35:33,764 - INFO - [2017] MISSING_CENTRAL: TTZ2E1Mu/Central/jets/4/py in Skim_TriLep_DYJets10to50.root
2026-05-29 15:35:33,787 - INFO - [2017] MISSING_CENTRAL: TTZ2E1Mu/Central/jets/4/py in Skim_TriLep_WWG.root
2026-05-29 15:35:34,120 - INFO - [2018] MISSING_CENTRAL: TTZ2E1Mu/Central/jets/4/py in Skim_TriLep_DYJets.root
2026-05-29 15:35:34,122 - INFO - [2018] MISSING_CENTRAL: TTZ2E1Mu/Central/jets/4/py in Skim_TriLep_DYJets10to50.root
2026-05-29 18:26:48,444 - INFO - [2016preVFP] MISSING_CENTRAL: TTZ2E1Mu/Central/jets/4/py in Skim_TriLep_DYJets.root
2026-05-29 18:26:48,445 - INFO - [2016preVFP] MISSING_CENTRAL: TTZ2E1Mu/Central/jets/4/py in Skim_TriLep_DYJets10to50.root
2026-05-29 18:26:48,470 - INFO - [2016preVFP] MISSING_CENTRAL: TTZ2E1Mu/Central/jets/4/py in Skim_TriLep_WWG.root
2026-05-29 18:26:48,784 - INFO - [2016postVFP] MISSING_CENTRAL: TTZ2E1Mu/Central/jets/4/py in Skim_TriLep_DYJets.root
2026-05-29 18:26:48,785 - INFO - [2016postVFP] MISSING_CENTRAL: TTZ2E1Mu/Central/jets/4/py in Skim_TriLep_DYJets10to50.root
2026-05-29 18:26:48,808 - INFO - [2016postVFP] MISSING_CENTRAL: TTZ2E1Mu/Central/jets/4/py in Skim_TriLep_WWG.root
2026-05-29 18:26:49,136 - INFO - [2017] MISSING_CENTRAL: TTZ2E1Mu/Central/jets/4/py in Skim_TriLep_DYJets.root
2026-05-29 18:26:49,137 - INFO - [2017] MISSING_CENTRAL: TTZ2E1Mu/Central/jets/4/py in Skim_TriLep_DYJets10to50.root
2026-05-29 18:26:49,159 - INFO - [2017] MISSING_CENTRAL: TTZ2E1Mu/Central/jets/4/py in Skim_TriLep_WWG.root
2026-05-29 18:26:49,492 - INFO - [2018] MISSING_CENTRAL: TTZ2E1Mu/Central/jets/4/py in Skim_TriLep_DYJets.root
2026-05-29 18:26:49,492 - INFO - [2018] MISSING_CENTRAL: TTZ2E1Mu/Central/jets/4/py in Skim_TriLep_DYJets10to50.root
2026-06-03 21:09:20,350 - INFO - [2016preVFP] MISSING_CENTRAL: TTZ2E1Mu/Central/jets/4/py in Skim_TriLep_DYJets.root
2026-06-03 21:09:20,351 - INFO - [2016preVFP] MISSING_CENTRAL: TTZ2E1Mu/Central/jets/4/py in Skim_TriLep_DYJets10to50.root
2026-06-03 21:09:20,375 - INFO - [2016preVFP] MISSING_CENTRAL: TTZ2E1Mu/Central/jets/4/py in Skim_TriLep_WWG.root
2026-06-03 21:09:20,668 - INFO - [2016postVFP] MISSING_CENTRAL: TTZ2E1Mu/Central/jets/4/py in Skim_TriLep_DYJets.root
2026-06-03 21:09:20,669 - INFO - [2016postVFP] MISSING_CENTRAL: TTZ2E1Mu/Central/jets/4/py in Skim_TriLep_DYJets10to50.root
2026-06-03 21:09:20,689 - INFO - [2016postVFP] MISSING_CENTRAL: TTZ2E1Mu/Central/jets/4/py in Skim_TriLep_WWG.root
2026-06-03 21:09:20,994 - INFO - [2017] MISSING_CENTRAL: TTZ2E1Mu/Central/jets/4/py in Skim_TriLep_DYJets.root
2026-06-03 21:09:20,995 - INFO - [2017] MISSING_CENTRAL: TTZ2E1Mu/Central/jets/4/py in Skim_TriLep_DYJets10to50.root
2026-06-03 21:09:21,017 - INFO - [2017] MISSING_CENTRAL: TTZ2E1Mu/Central/jets/4/py in Skim_TriLep_WWG.root
2026-06-03 21:09:21,333 - INFO - [2018] MISSING_CENTRAL: TTZ2E1Mu/Central/jets/4/py in Skim_TriLep_DYJets.root
2026-06-03 21:09:21,334 - INFO - [2018] MISSING_CENTRAL: TTZ2E1Mu/Central/jets/4/py in Skim_TriLep_DYJets10to50.root
2026-06-12 13:58:33,331 - INFO - [2016preVFP] MISSING_CENTRAL: TTZ2E1Mu/Central/jets/4/py in Skim_TriLep_DYJets.root
2026-06-12 13:58:33,332 - INFO - [2016preVFP] MISSING_CENTRAL: TTZ2E1Mu/Central/jets/4/py in Skim_TriLep_DYJets10to50.root
2026-06-12 13:58:33,357 - INFO - [2016preVFP] MISSING_CENTRAL: TTZ2E1Mu/Central/jets/4/py in Skim_TriLep_WWG.root
2026-06-12 13:58:33,675 - INFO - [2016postVFP] MISSING_CENTRAL: TTZ2E1Mu/Central/jets/4/py in Skim_TriLep_DYJets.root
2026-06-12 13:58:33,676 - INFO - [2016postVFP] MISSING_CENTRAL: TTZ2E1Mu/Central/jets/4/py in Skim_TriLep_DYJets10to50.root
2026-06-12 13:58:33,698 - INFO - [2016postVFP] MISSING_CENTRAL: TTZ2E1Mu/Central/jets/4/py in Skim_TriLep_WWG.root
2026-06-12 13:58:34,016 - INFO - [2017] MISSING_CENTRAL: TTZ2E1Mu/Central/jets/4/py in Skim_TriLep_DYJets.root
2026-06-12 13:58:34,017 - INFO - [2017] MISSING_CENTRAL: TTZ2E1Mu/Central/jets/4/py in Skim_TriLep_DYJets10to50.root
2026-06-12 13:58:34,039 - INFO - [2017] MISSING_CENTRAL: TTZ2E1Mu/Central/jets/4/py in Skim_TriLep_WWG.root
2026-06-12 13:58:34,353 - INFO - [2018] MISSING_CENTRAL: TTZ2E1Mu/Central/jets/4/py in Skim_TriLep_DYJets.root
2026-06-12 13:58:34,354 - INFO - [2018] MISSING_CENTRAL: TTZ2E1Mu/Central/jets/4/py in Skim_TriLep_DYJets10to50.root
2026-06-12 14:05:57,894 - INFO - [2016preVFP] MISSING_CENTRAL: TTZ2E1Mu/Central/jets/4/py in Skim_TriLep_DYJets.root
2026-06-12 14:05:57,895 - INFO - [2016preVFP] MISSING_CENTRAL: TTZ2E1Mu/Central/jets/4/py in Skim_TriLep_DYJets10to50.root
2026-06-12 14:05:57,920 - INFO - [2016preVFP] MISSING_CENTRAL: TTZ2E1Mu/Central/jets/4/py in Skim_TriLep_WWG.root
2026-06-12 14:05:58,217 - INFO - [2016postVFP] MISSING_CENTRAL: TTZ2E1Mu/Central/jets/4/py in Skim_TriLep_DYJets.root
2026-06-12 14:05:58,218 - INFO - [2016postVFP] MISSING_CENTRAL: TTZ2E1Mu/Central/jets/4/py in Skim_TriLep_DYJets10to50.root
2026-06-12 14:05:58,239 - INFO - [2016postVFP] MISSING_CENTRAL: TTZ2E1Mu/Central/jets/4/py in Skim_TriLep_WWG.root
2026-06-12 14:05:58,552 - INFO - [2017] MISSING_CENTRAL: TTZ2E1Mu/Central/jets/4/py in Skim_TriLep_DYJets.root
2026-06-12 14:05:58,553 - INFO - [2017] MISSING_CENTRAL: TTZ2E1Mu/Central/jets/4/py in Skim_TriLep_DYJets10to50.root
2026-06-12 14:05:58,575 - INFO - [2017] MISSING_CENTRAL: TTZ2E1Mu/Central/jets/4/py in Skim_TriLep_WWG.root
2026-06-12 14:05:58,914 - INFO - [2018] MISSING_CENTRAL: TTZ2E1Mu/Central/jets/4/py in Skim_TriLep_DYJets.root
2026-06-12 14:05:58,915 - INFO - [2018] MISSING_CENTRAL: TTZ2E1Mu/Central/jets/4/py in Skim_TriLep_DYJets10to50.root
2026-06-12 14:28:12,604 - INFO - [2016preVFP] MISSING_CENTRAL: TTZ2E1Mu/Central/jets/4/py in Skim_TriLep_DYJets.root
2026-06-12 14:28:12,605 - INFO - [2016preVFP] MISSING_CENTRAL: TTZ2E1Mu/Central/jets/4/py in Skim_TriLep_DYJets10to50.root
2026-06-12 14:28:12,631 - INFO - [2016preVFP] MISSING_CENTRAL: TTZ2E1Mu/Central/jets/4/py in Skim_TriLep_WWG.root
2026-06-12 14:28:12,925 - INFO - [2016postVFP] MISSING_CENTRAL: TTZ2E1Mu/Central/jets/4/py in Skim_TriLep_DYJets.root
2026-06-12 14:28:12,926 - INFO - [2016postVFP] MISSING_CENTRAL: TTZ2E1Mu/Central/jets/4/py in Skim_TriLep_DYJets10to50.root
2026-06-12 14:28:12,946 - INFO - [2016postVFP] MISSING_CENTRAL: TTZ2E1Mu/Central/jets/4/py in Skim_TriLep_WWG.root
2026-06-12 14:28:13,263 - INFO - [2017] MISSING_CENTRAL: TTZ2E1Mu/Central/jets/4/py in Skim_TriLep_DYJets.root
2026-06-12 14:28:13,264 - INFO - [2017] MISSING_CENTRAL: TTZ2E1Mu/Central/jets/4/py in Skim_TriLep_DYJets10to50.root
2026-06-12 14:28:13,286 - INFO - [2017] MISSING_CENTRAL: TTZ2E1Mu/Central/jets/4/py in Skim_TriLep_WWG.root
2026-06-12 14:28:13,602 - INFO - [2018] MISSING_CENTRAL: TTZ2E1Mu/Central/jets/4/py in Skim_TriLep_DYJets.root
2026-06-12 14:28:13,603 - INFO - [2018] MISSING_CENTRAL: TTZ2E1Mu/Central/jets/4/py in Skim_TriLep_DYJets10to50.root
2026-06-18 00:22:36,323 - INFO - [2016preVFP] MISSING_CENTRAL: TTZ2E1Mu/Central/jets/4/py in Skim_TriLep_DYJets.root
2026-06-18 00:22:36,324 - INFO - [2016preVFP] MISSING_CENTRAL: TTZ2E1Mu/Central/jets/4/py in Skim_TriLep_DYJets10to50.root
2026-06-18 00:22:36,348 - INFO - [2016preVFP] MISSING_CENTRAL: TTZ2E1Mu/Central/jets/4/py in Skim_TriLep_WWG.root
2026-06-18 00:22:36,653 - INFO - [2016postVFP] MISSING_CENTRAL: TTZ2E1Mu/Central/jets/4/py in Skim_TriLep_DYJets.root
2026-06-18 00:22:36,654 - INFO - [2016postVFP] MISSING_CENTRAL: TTZ2E1Mu/Central/jets/4/py in Skim_TriLep_DYJets10to50.root
2026-06-18 00:22:36,676 - INFO - [2016postVFP] MISSING_CENTRAL: TTZ2E1Mu/Central/jets/4/py in Skim_TriLep_WWG.root
2026-06-18 00:22:36,995 - INFO - [2017] MISSING_CENTRAL: TTZ2E1Mu/Central/jets/4/py in Skim_TriLep_DYJets.root
2026-06-18 00:22:36,996 - INFO - [2017] MISSING_CENTRAL: TTZ2E1Mu/Central/jets/4/py in Skim_TriLep_DYJets10to50.root
2026-06-18 00:22:37,018 - INFO - [2017] MISSING_CENTRAL: TTZ2E1Mu/Central/jets/4/py in Skim_TriLep_WWG.root
2026-06-18 00:22:37,343 - INFO - [2018] MISSING_CENTRAL: TTZ2E1Mu/Central/jets/4/py in Skim_TriLep_DYJets.root
2026-06-18 00:22:37,344 - INFO - [2018] MISSING_CENTRAL: TTZ2E1Mu/Central/jets/4/py in Skim_TriLep_DYJets10to50.root
2026-07-01 17:36:51,805 - INFO - [2016preVFP] MISSING_CENTRAL: TTZ2E1Mu/Central/jets/4/py in Skim_TriLep_DYJets.root
2026-07-01 17:36:51,808 - INFO - [2016preVFP] MISSING_CENTRAL: TTZ2E1Mu/Central/jets/4/py in Skim_TriLep_DYJets10to50.root
2026-07-01 17:36:51,851 - INFO - [2016preVFP] MISSING_CENTRAL: TTZ2E1Mu/Central/jets/4/py in Skim_TriLep_WWG.root
2026-07-01 17:36:52,559 - INFO - [2016postVFP] MISSING_CENTRAL: TTZ2E1Mu/Central/jets/4/py in Skim_TriLep_DYJets.root
2026-07-01 17:36:52,561 - INFO - [2016postVFP] MISSING_CENTRAL: TTZ2E1Mu/Central/jets/4/py in Skim_TriLep_DYJets10to50.root
2026-07-01 17:36:52,596 - INFO - [2016postVFP] MISSING_CENTRAL: TTZ2E1Mu/Central/jets/4/py in Skim_TriLep_WWG.root
2026-07-01 17:36:53,333 - INFO - [2017] MISSING_CENTRAL: TTZ2E1Mu/Central/jets/4/py in Skim_TriLep_DYJets.root
2026-07-01 17:36:53,335 - INFO - [2017] MISSING_CENTRAL: TTZ2E1Mu/Central/jets/4/py in Skim_TriLep_DYJets10to50.root
2026-07-01 17:36:53,382 - INFO - [2017] MISSING_CENTRAL: TTZ2E1Mu/Central/jets/4/py in Skim_TriLep_WWG.root
2026-07-01 17:36:54,190 - INFO - [2018] MISSING_CENTRAL: TTZ2E1Mu/Central/jets/4/py in Skim_TriLep_DYJets.root
2026-07-01 17:36:54,192 - INFO - [2018] MISSING_CENTRAL: TTZ2E1Mu/Central/jets/4/py in Skim_TriLep_DYJets10to50.root
2026-07-01 17:49:16,364 - INFO - [2016preVFP] MISSING_CENTRAL: TTZ2E1Mu/Central/jets/4/py in Skim_TriLep_DYJets.root
2026-07-01 17:49:16,366 - INFO - [2016preVFP] MISSING_CENTRAL: TTZ2E1Mu/Central/jets/4/py in Skim_TriLep_DYJets10to50.root
2026-07-01 17:49:16,412 - INFO - [2016preVFP] MISSING_CENTRAL: TTZ2E1Mu/Central/jets/4/py in Skim_TriLep_WWG.root
2026-07-01 17:49:17,147 - INFO - [2016postVFP] MISSING_CENTRAL: TTZ2E1Mu/Central/jets/4/py in Skim_TriLep_DYJets.root
2026-07-01 17:49:17,149 - INFO - [2016postVFP] MISSING_CENTRAL: TTZ2E1Mu/Central/jets/4/py in Skim_TriLep_DYJets10to50.root
2026-07-01 17:49:17,189 - INFO - [2016postVFP] MISSING_CENTRAL: TTZ2E1Mu/Central/jets/4/py in Skim_TriLep_WWG.root
2026-07-01 17:49:17,919 - INFO - [2017] MISSING_CENTRAL: TTZ2E1Mu/Central/jets/4/py in Skim_TriLep_DYJets.root
2026-07-01 17:49:17,921 - INFO - [2017] MISSING_CENTRAL: TTZ2E1Mu/Central/jets/4/py in Skim_TriLep_DYJets10to50.root
2026-07-01 17:49:17,959 - INFO - [2017] MISSING_CENTRAL: TTZ2E1Mu/Central/jets/4/py in Skim_TriLep_WWG.root
2026-07-01 17:49:18,659 - INFO - [2018] MISSING_CENTRAL: TTZ2E1Mu/Central/jets/4/py in Skim_TriLep_DYJets.root
2026-07-01 17:49:18,661 - INFO - [2018] MISSING_CENTRAL: TTZ2E1Mu/Central/jets/4/py in Skim_TriLep_DYJets10to50.root
2026-07-01 17:51:14,821 - INFO - [2016preVFP] MISSING_CENTRAL: TTZ2E1Mu/Central/jets/4/py in Skim_TriLep_DYJets.root
2026-07-01 17:51:14,822 - INFO - [2016preVFP] MISSING_CENTRAL: TTZ2E1Mu/Central/jets/4/py in Skim_TriLep_DYJets10to50.root
2026-07-01 17:51:14,859 - INFO - [2016preVFP] MISSING_CENTRAL: TTZ2E1Mu/Central/jets/4/py in Skim_TriLep_WWG.root
2026-07-01 17:51:15,513 - INFO - [2016postVFP] MISSING_CENTRAL: TTZ2E1Mu/Central/jets/4/py in Skim_TriLep_DYJets.root
2026-07-01 17:51:15,515 - INFO - [2016postVFP] MISSING_CENTRAL: TTZ2E1Mu/Central/jets/4/py in Skim_TriLep_DYJets10to50.root
2026-07-01 17:51:15,551 - INFO - [2016postVFP] MISSING_CENTRAL: TTZ2E1Mu/Central/jets/4/py in Skim_TriLep_WWG.root
2026-07-01 17:51:16,227 - INFO - [2017] MISSING_CENTRAL: TTZ2E1Mu/Central/jets/4/py in Skim_TriLep_DYJets.root
2026-07-01 17:51:16,228 - INFO - [2017] MISSING_CENTRAL: TTZ2E1Mu/Central/jets/4/py in Skim_TriLep_DYJets10to50.root
2026-07-01 17:51:16,266 - INFO - [2017] MISSING_CENTRAL: TTZ2E1Mu/Central/jets/4/py in Skim_TriLep_WWG.root
2026-07-01 17:51:16,958 - INFO - [2018] MISSING_CENTRAL: TTZ2E1Mu/Central/jets/4/py in Skim_TriLep_DYJets.root
2026-07-01 17:51:16,959 - INFO - [2018] MISSING_CENTRAL: TTZ2E1Mu/Central/jets/4/py in Skim_TriLep_DYJets10to50.root
2026-07-21 19:32:14,181 - INFO - [2016preVFP] MISSING_CENTRAL: TTZ2E1Mu/Central/jets/4/py in Skim_TriLep_DYJets.root
2026-07-21 19:32:14,182 - INFO - [2016preVFP] MISSING_CENTRAL: TTZ2E1Mu/Central/jets/4/py in Skim_TriLep_DYJets10to50.root
2026-07-21 19:32:14,207 - INFO - [2016preVFP] MISSING_CENTRAL: TTZ2E1Mu/Central/jets/4/py in Skim_TriLep_WWG.root
2026-07-21 19:32:14,666 - INFO - [2016postVFP] MISSING_CENTRAL: TTZ2E1Mu/Central/jets/4/py in Skim_TriLep_DYJets.root
2026-07-21 19:32:14,666 - INFO - [2016postVFP] MISSING_CENTRAL: TTZ2E1Mu/Central/jets/4/py in Skim_TriLep_DYJets10to50.root
2026-07-21 19:32:14,692 - INFO - [2016postVFP] MISSING_CENTRAL: TTZ2E1Mu/Central/jets/4/py in Skim_TriLep_WWG.root
2026-07-21 19:32:15,181 - INFO - [2017] MISSING_CENTRAL: TTZ2E1Mu/Central/jets/4/py in Skim_TriLep_DYJets.root
2026-07-21 19:32:15,182 - INFO - [2017] MISSING_CENTRAL: TTZ2E1Mu/Central/jets/4/py in Skim_TriLep_DYJets10to50.root
2026-07-21 19:32:15,209 - INFO - [2017] MISSING_CENTRAL: TTZ2E1Mu/Central/jets/4/py in Skim_TriLep_WWG.root
2026-07-21 19:32:15,743 - INFO - [2018] MISSING_CENTRAL: TTZ2E1Mu/Central/jets/4/py in Skim_TriLep_DYJets.root
2026-07-21 19:32:15,743 - INFO - [2018] MISSING_CENTRAL: TTZ2E1Mu/Central/jets/4/py in Skim_TriLep_DYJets10to50.root
