2025-12-18 14:22:36,674 - INFO - [2016preVFP] MISSING_CENTRAL: TTZ2E1Mu/Central/jets/4/px in Skim_TriLep_DYJets.root
2025-12-18 14:22:36,675 - INFO - [2016preVFP] MISSING_CENTRAL: TTZ2E1Mu/Central/jets/4/px in Skim_TriLep_DYJets10to50.root
2025-12-18 14:22:36,737 - INFO - [2016preVFP] MISSING_CENTRAL: TTZ2E1Mu/Central/jets/4/px in Skim_TriLep_WWG.root
2025-12-18 14:22:37,452 - INFO - [2016postVFP] MISSING_CENTRAL: TTZ2E1Mu/Central/jets/4/px in Skim_TriLep_DYJets.root
2025-12-18 14:22:37,455 - INFO - [2016postVFP] MISSING_CENTRAL: TTZ2E1Mu/Central/jets/4/px in Skim_TriLep_DYJets10to50.root
2025-12-18 14:22:37,486 - INFO - [2016postVFP] MISSING_CENTRAL: TTZ2E1Mu/Central/jets/4/px in Skim_TriLep_WWG.root
2025-12-18 14:22:38,183 - INFO - [2017] MISSING_CENTRAL: TTZ2E1Mu/Central/jets/4/px in Skim_TriLep_DYJets.root
2025-12-18 14:22:38,185 - INFO - [2017] MISSING_CENTRAL: TTZ2E1Mu/Central/jets/4/px in Skim_TriLep_DYJets10to50.root
2025-12-18 14:22:38,218 - INFO - [2017] MISSING_CENTRAL: TTZ2E1Mu/Central/jets/4/px in Skim_TriLep_WWG.root
2025-12-18 14:22:38,902 - INFO - [2018] MISSING_CENTRAL: TTZ2E1Mu/Central/jets/4/px in Skim_TriLep_DYJets.root
2025-12-18 14:22:38,906 - INFO - [2018] MISSING_CENTRAL: TTZ2E1Mu/Central/jets/4/px in Skim_TriLep_DYJets10to50.root
2025-12-18 14:22:38,983 - INFO - [2018] MISSING_CENTRAL: TTZ2E1Mu/Central/jets/4/px in Skim_TriLep_WWG.root
2025-12-18 14:38:01,838 - INFO - [2016preVFP] MISSING_CENTRAL: TTZ2E1Mu/Central/jets/4/px in Skim_TriLep_DYJets.root
2025-12-18 14:38:01,849 - INFO - [2016preVFP] MISSING_CENTRAL: TTZ2E1Mu/Central/jets/4/px in Skim_TriLep_DYJets10to50.root
2025-12-18 14:38:01,929 - INFO - [2016preVFP] MISSING_CENTRAL: TTZ2E1Mu/Central/jets/4/px in Skim_TriLep_WWG.root
2025-12-18 14:38:02,799 - INFO - [2016postVFP] MISSING_CENTRAL: TTZ2E1Mu/Central/jets/4/px in Skim_TriLep_DYJets.root
2025-12-18 14:38:02,801 - INFO - [2016postVFP] MISSING_CENTRAL: TTZ2E1Mu/Central/jets/4/px in Skim_TriLep_DYJets10to50.root
2025-12-18 14:38:02,871 - INFO - [2016postVFP] MISSING_CENTRAL: TTZ2E1Mu/Central/jets/4/px in Skim_TriLep_WWG.root
2025-12-18 14:38:03,435 - INFO - [2017] MISSING_CENTRAL: TTZ2E1Mu/Central/jets/4/px in Skim_TriLep_DYJets.root
2025-12-18 14:38:03,436 - INFO - [2017] MISSING_CENTRAL: TTZ2E1Mu/Central/jets/4/px in Skim_TriLep_DYJets10to50.root
2025-12-18 14:38:03,492 - INFO - [2017] MISSING_CENTRAL: TTZ2E1Mu/Central/jets/4/px in Skim_TriLep_WWG.root
2025-12-18 14:38:04,034 - INFO - [2018] MISSING_CENTRAL: TTZ2E1Mu/Central/jets/4/px in Skim_TriLep_DYJets.root
2025-12-18 14:38:04,037 - INFO - [2018] MISSING_CENTRAL: TTZ2E1Mu/Central/jets/4/px in Skim_TriLep_DYJets10to50.root
2025-12-18 14:38:04,072 - INFO - [2018] MISSING_CENTRAL: TTZ2E1Mu/Central/jets/4/px in Skim_TriLep_WWG.root
2025-12-18 21:34:30,563 - INFO - [2016preVFP] MISSING_CENTRAL: TTZ2E1Mu/Central/jets/4/px in Skim_TriLep_DYJets.root
2025-12-18 21:34:30,564 - INFO - [2016preVFP] MISSING_CENTRAL: TTZ2E1Mu/Central/jets/4/px in Skim_TriLep_DYJets10to50.root
2025-12-18 21:34:30,600 - INFO - [2016preVFP] MISSING_CENTRAL: TTZ2E1Mu/Central/jets/4/px in Skim_TriLep_WWG.root
2025-12-18 21:34:31,320 - INFO - [2016postVFP] MISSING_CENTRAL: TTZ2E1Mu/Central/jets/4/px in Skim_TriLep_DYJets.root
2025-12-18 21:34:31,321 - INFO - [2016postVFP] MISSING_CENTRAL: TTZ2E1Mu/Central/jets/4/px in Skim_TriLep_DYJets10to50.root
2025-12-18 21:34:31,349 - INFO - [2016postVFP] MISSING_CENTRAL: TTZ2E1Mu/Central/jets/4/px in Skim_TriLep_WWG.root
2025-12-18 21:34:32,018 - INFO - [2017] MISSING_CENTRAL: TTZ2E1Mu/Central/jets/4/px in Skim_TriLep_DYJets.root
2025-12-18 21:34:32,019 - INFO - [2017] MISSING_CENTRAL: TTZ2E1Mu/Central/jets/4/px in Skim_TriLep_DYJets10to50.root
2025-12-18 21:34:32,080 - INFO - [2017] MISSING_CENTRAL: TTZ2E1Mu/Central/jets/4/px in Skim_TriLep_WWG.root
2025-12-18 21:34:32,763 - INFO - [2018] MISSING_CENTRAL: TTZ2E1Mu/Central/jets/4/px in Skim_TriLep_DYJets.root
2025-12-18 21:34:32,765 - INFO - [2018] MISSING_CENTRAL: TTZ2E1Mu/Central/jets/4/px in Skim_TriLep_DYJets10to50.root
2025-12-18 21:34:32,796 - INFO - [2018] MISSING_CENTRAL: TTZ2E1Mu/Central/jets/4/px in Skim_TriLep_WWG.root
2025-12-18 23:43:25,056 - INFO - [2016preVFP] MISSING_CENTRAL: TTZ2E1Mu/Central/jets/4/px in Skim_TriLep_DYJets.root
2025-12-18 23:43:25,057 - INFO - [2016preVFP] MISSING_CENTRAL: TTZ2E1Mu/Central/jets/4/px in Skim_TriLep_DYJets10to50.root
2025-12-18 23:43:25,078 - INFO - [2016preVFP] MISSING_CENTRAL: TTZ2E1Mu/Central/jets/4/px in Skim_TriLep_WWG.root
2025-12-18 23:43:25,379 - INFO - [2016postVFP] MISSING_CENTRAL: TTZ2E1Mu/Central/jets/4/px in Skim_TriLep_DYJets.root
2025-12-18 23:43:25,380 - INFO - [2016postVFP] MISSING_CENTRAL: TTZ2E1Mu/Central/jets/4/px in Skim_TriLep_DYJets10to50.root
2025-12-18 23:43:25,397 - INFO - [2016postVFP] MISSING_CENTRAL: TTZ2E1Mu/Central/jets/4/px in Skim_TriLep_WWG.root
2025-12-18 23:43:25,687 - INFO - [2017] MISSING_CENTRAL: TTZ2E1Mu/Central/jets/4/px in Skim_TriLep_DYJets.root
2025-12-18 23:43:25,687 - INFO - [2017] MISSING_CENTRAL: TTZ2E1Mu/Central/jets/4/px in Skim_TriLep_DYJets10to50.root
2025-12-18 23:43:25,714 - INFO - [2017] MISSING_CENTRAL: TTZ2E1Mu/Central/jets/4/px in Skim_TriLep_WWG.root
2025-12-18 23:43:26,057 - INFO - [2018] MISSING_CENTRAL: TTZ2E1Mu/Central/jets/4/px in Skim_TriLep_DYJets.root
2025-12-18 23:43:26,058 - INFO - [2018] MISSING_CENTRAL: TTZ2E1Mu/Central/jets/4/px in Skim_TriLep_DYJets10to50.root
2025-12-18 23:43:26,078 - INFO - [2018] MISSING_CENTRAL: TTZ2E1Mu/Central/jets/4/px in Skim_TriLep_WWG.root
2026-01-07 11:23:18,027 - INFO - [2016preVFP] MISSING_CENTRAL: TTZ2E1Mu/Central/jets/4/px in Skim_TriLep_DYJets.root
2026-01-07 11:23:18,028 - INFO - [2016preVFP] MISSING_CENTRAL: TTZ2E1Mu/Central/jets/4/px in Skim_TriLep_DYJets10to50.root
2026-01-07 11:23:18,159 - INFO - [2016preVFP] MISSING_CENTRAL: TTZ2E1Mu/Central/jets/4/px in Skim_TriLep_WWG.root
2026-01-07 11:23:18,824 - INFO - [2016postVFP] MISSING_CENTRAL: TTZ2E1Mu/Central/jets/4/px in Skim_TriLep_DYJets.root
2026-01-07 11:23:18,826 - INFO - [2016postVFP] MISSING_CENTRAL: TTZ2E1Mu/Central/jets/4/px in Skim_TriLep_DYJets10to50.root
2026-01-07 11:23:18,867 - INFO - [2016postVFP] MISSING_CENTRAL: TTZ2E1Mu/Central/jets/4/px in Skim_TriLep_WWG.root
2026-01-07 11:23:19,895 - INFO - [2017] MISSING_CENTRAL: TTZ2E1Mu/Central/jets/4/px in Skim_TriLep_DYJets.root
2026-01-07 11:23:19,897 - INFO - [2017] MISSING_CENTRAL: TTZ2E1Mu/Central/jets/4/px in Skim_TriLep_DYJets10to50.root
2026-01-07 11:23:19,930 - INFO - [2017] MISSING_CENTRAL: TTZ2E1Mu/Central/jets/4/px in Skim_TriLep_WWG.root
2026-01-07 11:23:20,473 - INFO - [2018] MISSING_CENTRAL: TTZ2E1Mu/Central/jets/4/px in Skim_TriLep_DYJets.root
2026-01-07 11:23:20,483 - INFO - [2018] MISSING_CENTRAL: TTZ2E1Mu/Central/jets/4/px in Skim_TriLep_DYJets10to50.root
2026-01-07 11:23:20,518 - INFO - [2018] MISSING_CENTRAL: TTZ2E1Mu/Central/jets/4/px in Skim_TriLep_WWG.root
2026-01-07 11:47:43,594 - INFO - [2016preVFP] MISSING_CENTRAL: TTZ2E1Mu/Central/jets/4/px in Skim_TriLep_DYJets.root
2026-01-07 11:47:43,602 - INFO - [2016preVFP] MISSING_CENTRAL: TTZ2E1Mu/Central/jets/4/px in Skim_TriLep_DYJets10to50.root
2026-01-07 11:47:43,694 - INFO - [2016preVFP] MISSING_CENTRAL: TTZ2E1Mu/Central/jets/4/px in Skim_TriLep_WWG.root
2026-01-07 11:47:44,382 - INFO - [2016postVFP] MISSING_CENTRAL: TTZ2E1Mu/Central/jets/4/px in Skim_TriLep_DYJets.root
2026-01-07 11:47:44,383 - INFO - [2016postVFP] MISSING_CENTRAL: TTZ2E1Mu/Central/jets/4/px in Skim_TriLep_DYJets10to50.root
2026-01-07 11:47:44,415 - INFO - [2016postVFP] MISSING_CENTRAL: TTZ2E1Mu/Central/jets/4/px in Skim_TriLep_WWG.root
2026-01-07 11:47:45,246 - INFO - [2017] MISSING_CENTRAL: TTZ2E1Mu/Central/jets/4/px in Skim_TriLep_DYJets.root
2026-01-07 11:47:45,256 - INFO - [2017] MISSING_CENTRAL: TTZ2E1Mu/Central/jets/4/px in Skim_TriLep_DYJets10to50.root
2026-01-07 11:47:45,315 - INFO - [2017] MISSING_CENTRAL: TTZ2E1Mu/Central/jets/4/px in Skim_TriLep_WWG.root
2026-01-07 11:47:45,808 - INFO - [2018] MISSING_CENTRAL: TTZ2E1Mu/Central/jets/4/px in Skim_TriLep_DYJets.root
2026-01-07 11:47:45,810 - INFO - [2018] MISSING_CENTRAL: TTZ2E1Mu/Central/jets/4/px in Skim_TriLep_DYJets10to50.root
2026-01-07 11:47:45,846 - INFO - [2018] MISSING_CENTRAL: TTZ2E1Mu/Central/jets/4/px in Skim_TriLep_WWG.root
2026-01-07 18:44:28,379 - INFO - [2016preVFP] MISSING_CENTRAL: TTZ2E1Mu/Central/jets/4/px in Skim_TriLep_DYJets.root
2026-01-07 18:44:28,380 - INFO - [2016preVFP] MISSING_CENTRAL: TTZ2E1Mu/Central/jets/4/px in Skim_TriLep_DYJets10to50.root
2026-01-07 18:44:28,414 - INFO - [2016preVFP] MISSING_CENTRAL: TTZ2E1Mu/Central/jets/4/px in Skim_TriLep_WWG.root
2026-01-07 18:44:29,060 - INFO - [2016postVFP] MISSING_CENTRAL: TTZ2E1Mu/Central/jets/4/px in Skim_TriLep_DYJets.root
2026-01-07 18:44:29,061 - INFO - [2016postVFP] MISSING_CENTRAL: TTZ2E1Mu/Central/jets/4/px in Skim_TriLep_DYJets10to50.root
2026-01-07 18:44:29,093 - INFO - [2016postVFP] MISSING_CENTRAL: TTZ2E1Mu/Central/jets/4/px in Skim_TriLep_WWG.root
2026-01-07 18:44:29,952 - INFO - [2017] MISSING_CENTRAL: TTZ2E1Mu/Central/jets/4/px in Skim_TriLep_DYJets.root
2026-01-07 18:44:29,957 - INFO - [2017] MISSING_CENTRAL: TTZ2E1Mu/Central/jets/4/px in Skim_TriLep_DYJets10to50.root
2026-01-07 18:44:29,992 - INFO - [2017] MISSING_CENTRAL: TTZ2E1Mu/Central/jets/4/px in Skim_TriLep_WWG.root
2026-01-07 18:44:30,574 - INFO - [2018] MISSING_CENTRAL: TTZ2E1Mu/Central/jets/4/px in Skim_TriLep_DYJets.root
2026-01-07 18:44:30,575 - INFO - [2018] MISSING_CENTRAL: TTZ2E1Mu/Central/jets/4/px in Skim_TriLep_DYJets10to50.root
2026-01-07 18:44:30,608 - INFO - [2018] MISSING_CENTRAL: TTZ2E1Mu/Central/jets/4/px in Skim_TriLep_WWG.root
2026-01-09 12:18:36,915 - INFO - [2016preVFP] MISSING_CENTRAL: TTZ2E1Mu/Central/jets/4/px in Skim_TriLep_DYJets.root
2026-01-09 12:18:36,917 - INFO - [2016preVFP] MISSING_CENTRAL: TTZ2E1Mu/Central/jets/4/px in Skim_TriLep_DYJets10to50.root
2026-01-09 12:18:36,971 - INFO - [2016preVFP] MISSING_CENTRAL: TTZ2E1Mu/Central/jets/4/px in Skim_TriLep_WWG.root
2026-01-09 12:18:37,268 - INFO - [2016postVFP] MISSING_CENTRAL: TTZ2E1Mu/Central/jets/4/px in Skim_TriLep_DYJets.root
2026-01-09 12:18:37,268 - INFO - [2016postVFP] MISSING_CENTRAL: TTZ2E1Mu/Central/jets/4/px in Skim_TriLep_DYJets10to50.root
2026-01-09 12:18:37,286 - INFO - [2016postVFP] MISSING_CENTRAL: TTZ2E1Mu/Central/jets/4/px in Skim_TriLep_WWG.root
2026-01-09 12:18:37,593 - INFO - [2017] MISSING_CENTRAL: TTZ2E1Mu/Central/jets/4/px in Skim_TriLep_DYJets.root
2026-01-09 12:18:37,594 - INFO - [2017] MISSING_CENTRAL: TTZ2E1Mu/Central/jets/4/px in Skim_TriLep_DYJets10to50.root
2026-01-09 12:18:37,613 - INFO - [2017] MISSING_CENTRAL: TTZ2E1Mu/Central/jets/4/px in Skim_TriLep_WWG.root
2026-01-09 12:18:37,935 - INFO - [2018] MISSING_CENTRAL: TTZ2E1Mu/Central/jets/4/px in Skim_TriLep_DYJets.root
2026-01-09 12:18:37,935 - INFO - [2018] MISSING_CENTRAL: TTZ2E1Mu/Central/jets/4/px in Skim_TriLep_DYJets10to50.root
2026-01-09 12:18:37,954 - INFO - [2018] MISSING_CENTRAL: TTZ2E1Mu/Central/jets/4/px in Skim_TriLep_WWG.root
2026-01-11 09:38:40,837 - INFO - [2016preVFP] MISSING_CENTRAL: TTZ2E1Mu/Central/jets/4/px in Skim_TriLep_DYJets.root
2026-01-11 09:38:40,838 - INFO - [2016preVFP] MISSING_CENTRAL: TTZ2E1Mu/Central/jets/4/px in Skim_TriLep_DYJets10to50.root
2026-01-11 09:38:40,859 - INFO - [2016preVFP] MISSING_CENTRAL: TTZ2E1Mu/Central/jets/4/px in Skim_TriLep_WWG.root
2026-01-11 09:38:41,115 - INFO - [2016postVFP] MISSING_CENTRAL: TTZ2E1Mu/Central/jets/4/px in Skim_TriLep_DYJets.root
2026-01-11 09:38:41,116 - INFO - [2016postVFP] MISSING_CENTRAL: TTZ2E1Mu/Central/jets/4/px in Skim_TriLep_DYJets10to50.root
2026-01-11 09:38:41,134 - INFO - [2016postVFP] MISSING_CENTRAL: TTZ2E1Mu/Central/jets/4/px in Skim_TriLep_WWG.root
2026-01-11 09:38:41,423 - INFO - [2017] MISSING_CENTRAL: TTZ2E1Mu/Central/jets/4/px in Skim_TriLep_DYJets.root
2026-01-11 09:38:41,424 - INFO - [2017] MISSING_CENTRAL: TTZ2E1Mu/Central/jets/4/px in Skim_TriLep_DYJets10to50.root
2026-01-11 09:38:41,444 - INFO - [2017] MISSING_CENTRAL: TTZ2E1Mu/Central/jets/4/px in Skim_TriLep_WWG.root
2026-01-11 09:38:41,711 - INFO - [2018] MISSING_CENTRAL: TTZ2E1Mu/Central/jets/4/px in Skim_TriLep_DYJets.root
2026-01-11 09:38:41,712 - INFO - [2018] MISSING_CENTRAL: TTZ2E1Mu/Central/jets/4/px in Skim_TriLep_DYJets10to50.root
2026-01-11 09:38:41,730 - INFO - [2018] MISSING_CENTRAL: TTZ2E1Mu/Central/jets/4/px in Skim_TriLep_WWG.root
2026-01-12 13:47:20,549 - INFO - [2016preVFP] MISSING_CENTRAL: TTZ2E1Mu/Central/jets/4/px in Skim_TriLep_DYJets.root
2026-01-12 13:47:20,552 - INFO - [2016preVFP] MISSING_CENTRAL: TTZ2E1Mu/Central/jets/4/px in Skim_TriLep_DYJets10to50.root
2026-01-12 13:47:20,572 - INFO - [2016preVFP] MISSING_CENTRAL: TTZ2E1Mu/Central/jets/4/px in Skim_TriLep_WWG.root
2026-01-12 13:47:20,868 - INFO - [2016postVFP] MISSING_CENTRAL: TTZ2E1Mu/Central/jets/4/px in Skim_TriLep_DYJets.root
2026-01-12 13:47:20,875 - INFO - [2016postVFP] MISSING_CENTRAL: TTZ2E1Mu/Central/jets/4/px in Skim_TriLep_DYJets10to50.root
2026-01-12 13:47:20,925 - INFO - [2016postVFP] MISSING_CENTRAL: TTZ2E1Mu/Central/jets/4/px in Skim_TriLep_WWG.root
2026-01-12 13:47:21,189 - INFO - [2017] MISSING_CENTRAL: TTZ2E1Mu/Central/jets/4/px in Skim_TriLep_DYJets.root
2026-01-12 13:47:21,190 - INFO - [2017] MISSING_CENTRAL: TTZ2E1Mu/Central/jets/4/px in Skim_TriLep_DYJets10to50.root
2026-01-12 13:47:21,209 - INFO - [2017] MISSING_CENTRAL: TTZ2E1Mu/Central/jets/4/px in Skim_TriLep_WWG.root
2026-01-12 13:47:21,468 - INFO - [2018] MISSING_FILE: /home/choij/Sync/workspace/ChargedHiggsAnalysisV3/SKNanoOutput/MatrixSelector/Run2E1Mu/2018/Skim_TriLep_MuonEG_A.root
2026-01-12 13:47:21,472 - INFO - [2018] MISSING_FILE: /home/choij/Sync/workspace/ChargedHiggsAnalysisV3/SKNanoOutput/MatrixSelector/Run2E1Mu/2018/Skim_TriLep_MuonEG_D.root
2026-01-12 13:47:21,472 - INFO - [2018] MISSING_CENTRAL: TTZ2E1Mu/Central/jets/4/px in Skim_TriLep_DYJets.root
2026-01-12 13:47:21,473 - INFO - [2018] MISSING_CENTRAL: TTZ2E1Mu/Central/jets/4/px in Skim_TriLep_DYJets10to50.root
2026-01-12 13:47:21,492 - INFO - [2018] MISSING_CENTRAL: TTZ2E1Mu/Central/jets/4/px in Skim_TriLep_WWG.root
2026-01-12 22:00:12,629 - INFO - [2016preVFP] MISSING_CENTRAL: TTZ2E1Mu/Central/jets/4/px in Skim_TriLep_DYJets.root
2026-01-12 22:00:12,630 - INFO - [2016preVFP] MISSING_CENTRAL: TTZ2E1Mu/Central/jets/4/px in Skim_TriLep_DYJets10to50.root
2026-01-12 22:00:12,724 - INFO - [2016preVFP] MISSING_CENTRAL: TTZ2E1Mu/Central/jets/4/px in Skim_TriLep_WWG.root
2026-01-12 22:00:13,733 - INFO - [2016postVFP] MISSING_CENTRAL: TTZ2E1Mu/Central/jets/4/px in Skim_TriLep_DYJets.root
2026-01-12 22:00:13,734 - INFO - [2016postVFP] MISSING_CENTRAL: TTZ2E1Mu/Central/jets/4/px in Skim_TriLep_DYJets10to50.root
2026-01-12 22:00:13,766 - INFO - [2016postVFP] MISSING_CENTRAL: TTZ2E1Mu/Central/jets/4/px in Skim_TriLep_WWG.root
2026-01-12 22:00:14,230 - INFO - [2017] MISSING_CENTRAL: TTZ2E1Mu/Central/jets/4/px in Skim_TriLep_DYJets.root
2026-01-12 22:00:14,241 - INFO - [2017] MISSING_CENTRAL: TTZ2E1Mu/Central/jets/4/px in Skim_TriLep_DYJets10to50.root
2026-01-12 22:00:14,292 - INFO - [2017] MISSING_CENTRAL: TTZ2E1Mu/Central/jets/4/px in Skim_TriLep_WWG.root
2026-01-12 22:00:14,801 - INFO - [2018] MISSING_CENTRAL: TTZ2E1Mu/Central/jets/4/px in Skim_TriLep_DYJets.root
2026-01-12 22:00:14,804 - INFO - [2018] MISSING_CENTRAL: TTZ2E1Mu/Central/jets/4/px in Skim_TriLep_DYJets10to50.root
2026-01-12 22:00:14,850 - INFO - [2018] MISSING_CENTRAL: TTZ2E1Mu/Central/jets/4/px in Skim_TriLep_WWG.root
2026-01-12 22:37:13,655 - INFO - [2016preVFP] MISSING_CENTRAL: TTZ2E1Mu/Central/jets/4/px in Skim_TriLep_DYJets.root
2026-01-12 22:37:13,655 - INFO - [2016preVFP] MISSING_CENTRAL: TTZ2E1Mu/Central/jets/4/px in Skim_TriLep_DYJets10to50.root
2026-01-12 22:37:13,675 - INFO - [2016preVFP] MISSING_CENTRAL: TTZ2E1Mu/Central/jets/4/px in Skim_TriLep_WWG.root
2026-01-12 22:37:13,979 - INFO - [2016postVFP] MISSING_CENTRAL: TTZ2E1Mu/Central/jets/4/px in Skim_TriLep_DYJets.root
2026-01-12 22:37:13,980 - INFO - [2016postVFP] MISSING_CENTRAL: TTZ2E1Mu/Central/jets/4/px in Skim_TriLep_DYJets10to50.root
2026-01-12 22:37:13,996 - INFO - [2016postVFP] MISSING_CENTRAL: TTZ2E1Mu/Central/jets/4/px in Skim_TriLep_WWG.root
2026-01-12 22:37:14,251 - INFO - [2017] MISSING_CENTRAL: TTZ2E1Mu/Central/jets/4/px in Skim_TriLep_DYJets.root
2026-01-12 22:37:14,252 - INFO - [2017] MISSING_CENTRAL: TTZ2E1Mu/Central/jets/4/px in Skim_TriLep_DYJets10to50.root
2026-01-12 22:37:14,270 - INFO - [2017] MISSING_CENTRAL: TTZ2E1Mu/Central/jets/4/px in Skim_TriLep_WWG.root
2026-01-12 22:37:14,525 - INFO - [2018] MISSING_CENTRAL: TTZ2E1Mu/Central/jets/4/px in Skim_TriLep_DYJets.root
2026-01-12 22:37:14,526 - INFO - [2018] MISSING_CENTRAL: TTZ2E1Mu/Central/jets/4/px in Skim_TriLep_DYJets10to50.root
2026-01-12 22:37:14,555 - INFO - [2018] MISSING_CENTRAL: TTZ2E1Mu/Central/jets/4/px in Skim_TriLep_WWG.root
2026-01-12 22:47:53,568 - INFO - [2016preVFP] MISSING_CENTRAL: TTZ2E1Mu/Central/jets/4/px in Skim_TriLep_DYJets.root
2026-01-12 22:47:53,569 - INFO - [2016preVFP] MISSING_CENTRAL: TTZ2E1Mu/Central/jets/4/px in Skim_TriLep_DYJets10to50.root
2026-01-12 22:47:53,635 - INFO - [2016preVFP] MISSING_CENTRAL: TTZ2E1Mu/Central/jets/4/px in Skim_TriLep_WWG.root
2026-01-12 22:47:54,319 - INFO - [2016postVFP] MISSING_CENTRAL: TTZ2E1Mu/Central/jets/4/px in Skim_TriLep_DYJets.root
2026-01-12 22:47:54,320 - INFO - [2016postVFP] MISSING_CENTRAL: TTZ2E1Mu/Central/jets/4/px in Skim_TriLep_DYJets10to50.root
2026-01-12 22:47:54,370 - INFO - [2016postVFP] MISSING_CENTRAL: TTZ2E1Mu/Central/jets/4/px in Skim_TriLep_WWG.root
2026-01-12 22:47:55,088 - INFO - [2017] MISSING_CENTRAL: TTZ2E1Mu/Central/jets/4/px in Skim_TriLep_DYJets.root
2026-01-12 22:47:55,091 - INFO - [2017] MISSING_CENTRAL: TTZ2E1Mu/Central/jets/4/px in Skim_TriLep_DYJets10to50.root
2026-01-12 22:47:55,162 - INFO - [2017] MISSING_CENTRAL: TTZ2E1Mu/Central/jets/4/px in Skim_TriLep_WWG.root
2026-01-12 22:47:55,814 - INFO - [2018] MISSING_CENTRAL: TTZ2E1Mu/Central/jets/4/px in Skim_TriLep_DYJets.root
2026-01-12 22:47:55,816 - INFO - [2018] MISSING_CENTRAL: TTZ2E1Mu/Central/jets/4/px in Skim_TriLep_DYJets10to50.root
2026-01-12 22:47:55,852 - INFO - [2018] MISSING_CENTRAL: TTZ2E1Mu/Central/jets/4/px in Skim_TriLep_WWG.root
2026-01-12 22:56:23,939 - INFO - [2016preVFP] MISSING_CENTRAL: TTZ2E1Mu/Central/jets/4/px in Skim_TriLep_DYJets.root
2026-01-12 22:56:23,946 - INFO - [2016preVFP] MISSING_CENTRAL: TTZ2E1Mu/Central/jets/4/px in Skim_TriLep_DYJets10to50.root
2026-01-12 22:56:24,061 - INFO - [2016preVFP] MISSING_CENTRAL: TTZ2E1Mu/Central/jets/4/px in Skim_TriLep_WWG.root
2026-01-12 22:56:24,728 - INFO - [2016postVFP] MISSING_CENTRAL: TTZ2E1Mu/Central/jets/4/px in Skim_TriLep_DYJets.root
2026-01-12 22:56:24,729 - INFO - [2016postVFP] MISSING_CENTRAL: TTZ2E1Mu/Central/jets/4/px in Skim_TriLep_DYJets10to50.root
2026-01-12 22:56:24,773 - INFO - [2016postVFP] MISSING_CENTRAL: TTZ2E1Mu/Central/jets/4/px in Skim_TriLep_WWG.root
2026-01-12 22:56:25,639 - INFO - [2017] MISSING_CENTRAL: TTZ2E1Mu/Central/jets/4/px in Skim_TriLep_DYJets.root
2026-01-12 22:56:25,641 - INFO - [2017] MISSING_CENTRAL: TTZ2E1Mu/Central/jets/4/px in Skim_TriLep_DYJets10to50.root
2026-01-12 22:56:25,697 - INFO - [2017] MISSING_CENTRAL: TTZ2E1Mu/Central/jets/4/px in Skim_TriLep_WWG.root
2026-01-12 22:56:26,502 - INFO - [2018] MISSING_CENTRAL: TTZ2E1Mu/Central/jets/4/px in Skim_TriLep_DYJets.root
2026-01-12 22:56:26,504 - INFO - [2018] MISSING_CENTRAL: TTZ2E1Mu/Central/jets/4/px in Skim_TriLep_DYJets10to50.root
2026-01-12 22:56:26,546 - INFO - [2018] MISSING_CENTRAL: TTZ2E1Mu/Central/jets/4/px in Skim_TriLep_WWG.root
2026-01-12 23:02:31,638 - INFO - [2016preVFP] MISSING_CENTRAL: TTZ2E1Mu/Central/jets/4/px in Skim_TriLep_DYJets.root
2026-01-12 23:02:31,641 - INFO - [2016preVFP] MISSING_CENTRAL: TTZ2E1Mu/Central/jets/4/px in Skim_TriLep_DYJets10to50.root
2026-01-12 23:02:31,681 - INFO - [2016preVFP] MISSING_CENTRAL: TTZ2E1Mu/Central/jets/4/px in Skim_TriLep_WWG.root
2026-01-12 23:02:32,333 - INFO - [2016postVFP] MISSING_CENTRAL: TTZ2E1Mu/Central/jets/4/px in Skim_TriLep_DYJets.root
2026-01-12 23:02:32,339 - INFO - [2016postVFP] MISSING_CENTRAL: TTZ2E1Mu/Central/jets/4/px in Skim_TriLep_DYJets10to50.root
2026-01-12 23:02:32,371 - INFO - [2016postVFP] MISSING_CENTRAL: TTZ2E1Mu/Central/jets/4/px in Skim_TriLep_WWG.root
2026-01-12 23:02:33,002 - INFO - [2017] MISSING_CENTRAL: TTZ2E1Mu/Central/jets/4/px in Skim_TriLep_DYJets.root
2026-01-12 23:02:33,003 - INFO - [2017] MISSING_CENTRAL: TTZ2E1Mu/Central/jets/4/px in Skim_TriLep_DYJets10to50.root
2026-01-12 23:02:33,050 - INFO - [2017] MISSING_CENTRAL: TTZ2E1Mu/Central/jets/4/px in Skim_TriLep_WWG.root
2026-01-12 23:02:33,606 - INFO - [2018] MISSING_CENTRAL: TTZ2E1Mu/Central/jets/4/px in Skim_TriLep_DYJets.root
2026-01-12 23:02:33,608 - INFO - [2018] MISSING_CENTRAL: TTZ2E1Mu/Central/jets/4/px in Skim_TriLep_DYJets10to50.root
2026-01-12 23:02:33,673 - INFO - [2018] MISSING_CENTRAL: TTZ2E1Mu/Central/jets/4/px in Skim_TriLep_WWG.root
2026-01-12 23:05:43,348 - INFO - [2016preVFP] MISSING_CENTRAL: TTZ2E1Mu/Central/jets/4/px in Skim_TriLep_DYJets.root
2026-01-12 23:05:43,350 - INFO - [2016preVFP] MISSING_CENTRAL: TTZ2E1Mu/Central/jets/4/px in Skim_TriLep_DYJets10to50.root
2026-01-12 23:05:43,401 - INFO - [2016preVFP] MISSING_CENTRAL: TTZ2E1Mu/Central/jets/4/px in Skim_TriLep_WWG.root
2026-01-12 23:05:44,371 - INFO - [2016postVFP] MISSING_CENTRAL: TTZ2E1Mu/Central/jets/4/px in Skim_TriLep_DYJets.root
2026-01-12 23:05:44,377 - INFO - [2016postVFP] MISSING_CENTRAL: TTZ2E1Mu/Central/jets/4/px in Skim_TriLep_DYJets10to50.root
2026-01-12 23:05:44,486 - INFO - [2016postVFP] MISSING_CENTRAL: TTZ2E1Mu/Central/jets/4/px in Skim_TriLep_WWG.root
2026-01-12 23:05:45,561 - INFO - [2017] MISSING_CENTRAL: TTZ2E1Mu/Central/jets/4/px in Skim_TriLep_DYJets.root
2026-01-12 23:05:45,563 - INFO - [2017] MISSING_CENTRAL: TTZ2E1Mu/Central/jets/4/px in Skim_TriLep_DYJets10to50.root
2026-01-12 23:05:45,620 - INFO - [2017] MISSING_CENTRAL: TTZ2E1Mu/Central/jets/4/px in Skim_TriLep_WWG.root
2026-01-12 23:05:46,448 - INFO - [2018] MISSING_CENTRAL: TTZ2E1Mu/Central/jets/4/px in Skim_TriLep_DYJets.root
2026-01-12 23:05:46,449 - INFO - [2018] MISSING_CENTRAL: TTZ2E1Mu/Central/jets/4/px in Skim_TriLep_DYJets10to50.root
2026-01-12 23:05:46,481 - INFO - [2018] MISSING_CENTRAL: TTZ2E1Mu/Central/jets/4/px in Skim_TriLep_WWG.root
2026-01-13 14:58:28,268 - INFO - [2016preVFP] MISSING_CENTRAL: TTZ2E1Mu/Central/jets/4/px in Skim_TriLep_DYJets.root
2026-01-13 14:58:28,270 - INFO - [2016preVFP] MISSING_CENTRAL: TTZ2E1Mu/Central/jets/4/px in Skim_TriLep_DYJets10to50.root
2026-01-13 14:58:28,344 - INFO - [2016preVFP] MISSING_CENTRAL: TTZ2E1Mu/Central/jets/4/px in Skim_TriLep_WWG.root
2026-01-13 14:58:29,261 - INFO - [2016postVFP] MISSING_CENTRAL: TTZ2E1Mu/Central/jets/4/px in Skim_TriLep_DYJets.root
2026-01-13 14:58:29,262 - INFO - [2016postVFP] MISSING_CENTRAL: TTZ2E1Mu/Central/jets/4/px in Skim_TriLep_DYJets10to50.root
2026-01-13 14:58:29,294 - INFO - [2016postVFP] MISSING_CENTRAL: TTZ2E1Mu/Central/jets/4/px in Skim_TriLep_WWG.root
2026-01-13 14:58:29,880 - INFO - [2017] MISSING_CENTRAL: TTZ2E1Mu/Central/jets/4/px in Skim_TriLep_DYJets.root
2026-01-13 14:58:29,882 - INFO - [2017] MISSING_CENTRAL: TTZ2E1Mu/Central/jets/4/px in Skim_TriLep_DYJets10to50.root
2026-01-13 14:58:29,918 - INFO - [2017] MISSING_CENTRAL: TTZ2E1Mu/Central/jets/4/px in Skim_TriLep_WWG.root
2026-01-13 14:58:30,401 - INFO - [2018] MISSING_CENTRAL: TTZ2E1Mu/Central/jets/4/px in Skim_TriLep_DYJets.root
2026-01-13 14:58:30,403 - INFO - [2018] MISSING_CENTRAL: TTZ2E1Mu/Central/jets/4/px in Skim_TriLep_DYJets10to50.root
2026-01-13 14:58:30,436 - INFO - [2018] MISSING_CENTRAL: TTZ2E1Mu/Central/jets/4/px in Skim_TriLep_WWG.root
2026-01-16 19:02:26,142 - INFO - [2016preVFP] MISSING_CENTRAL: TTZ2E1Mu/Central/jets/4/px in Skim_TriLep_DYJets.root
2026-01-16 19:02:26,142 - INFO - [2016preVFP] MISSING_CENTRAL: TTZ2E1Mu/Central/jets/4/px in Skim_TriLep_DYJets10to50.root
2026-01-16 19:02:26,164 - INFO - [2016preVFP] MISSING_CENTRAL: TTZ2E1Mu/Central/jets/4/px in Skim_TriLep_WWG.root
2026-01-16 19:02:26,422 - INFO - [2016postVFP] MISSING_CENTRAL: TTZ2E1Mu/Central/jets/4/px in Skim_TriLep_DYJets.root
2026-01-16 19:02:26,422 - INFO - [2016postVFP] MISSING_CENTRAL: TTZ2E1Mu/Central/jets/4/px in Skim_TriLep_DYJets10to50.root
2026-01-16 19:02:26,441 - INFO - [2016postVFP] MISSING_CENTRAL: TTZ2E1Mu/Central/jets/4/px in Skim_TriLep_WWG.root
2026-01-16 19:02:26,705 - INFO - [2017] MISSING_CENTRAL: TTZ2E1Mu/Central/jets/4/px in Skim_TriLep_DYJets.root
2026-01-16 19:02:26,706 - INFO - [2017] MISSING_CENTRAL: TTZ2E1Mu/Central/jets/4/px in Skim_TriLep_DYJets10to50.root
2026-01-16 19:02:26,725 - INFO - [2017] MISSING_CENTRAL: TTZ2E1Mu/Central/jets/4/px in Skim_TriLep_WWG.root
2026-01-16 19:02:27,019 - INFO - [2018] MISSING_CENTRAL: TTZ2E1Mu/Central/jets/4/px in Skim_TriLep_DYJets.root
2026-01-16 19:02:27,019 - INFO - [2018] MISSING_CENTRAL: TTZ2E1Mu/Central/jets/4/px in Skim_TriLep_DYJets10to50.root
2026-01-16 19:02:27,040 - INFO - [2018] MISSING_CENTRAL: TTZ2E1Mu/Central/jets/4/px in Skim_TriLep_WWG.root
2026-01-28 16:09:41,176 - INFO - [2016preVFP] MISSING_CENTRAL: TTZ2E1Mu/Central/jets/4/px in Skim_TriLep_DYJets.root
2026-01-28 16:09:41,176 - INFO - [2016preVFP] MISSING_CENTRAL: TTZ2E1Mu/Central/jets/4/px in Skim_TriLep_DYJets10to50.root
2026-01-28 16:09:41,205 - INFO - [2016preVFP] MISSING_CENTRAL: TTZ2E1Mu/Central/jets/4/px in Skim_TriLep_WWG.root
2026-01-28 16:09:41,619 - INFO - [2016postVFP] MISSING_CENTRAL: TTZ2E1Mu/Central/jets/4/px in Skim_TriLep_DYJets.root
2026-01-28 16:09:41,619 - INFO - [2016postVFP] MISSING_CENTRAL: TTZ2E1Mu/Central/jets/4/px in Skim_TriLep_DYJets10to50.root
2026-01-28 16:09:41,648 - INFO - [2016postVFP] MISSING_CENTRAL: TTZ2E1Mu/Central/jets/4/px in Skim_TriLep_WWG.root
2026-01-28 16:09:42,093 - INFO - [2017] MISSING_CENTRAL: TTZ2E1Mu/Central/jets/4/px in Skim_TriLep_DYJets.root
2026-01-28 16:09:42,093 - INFO - [2017] MISSING_CENTRAL: TTZ2E1Mu/Central/jets/4/px in Skim_TriLep_DYJets10to50.root
2026-01-28 16:09:42,123 - INFO - [2017] MISSING_CENTRAL: TTZ2E1Mu/Central/jets/4/px in Skim_TriLep_WWG.root
2026-01-28 16:09:42,564 - INFO - [2018] MISSING_CENTRAL: TTZ2E1Mu/Central/jets/4/px in Skim_TriLep_DYJets.root
2026-01-28 16:09:42,569 - INFO - [2018] MISSING_CENTRAL: TTZ2E1Mu/Central/jets/4/px in Skim_TriLep_DYJets10to50.root
2026-01-28 17:21:55,918 - INFO - [2016preVFP] MISSING_CENTRAL: TTZ2E1Mu/Central/jets/4/px in Skim_TriLep_DYJets.root
2026-01-28 17:21:55,919 - INFO - [2016preVFP] MISSING_CENTRAL: TTZ2E1Mu/Central/jets/4/px in Skim_TriLep_DYJets10to50.root
2026-01-28 17:21:55,948 - INFO - [2016preVFP] MISSING_CENTRAL: TTZ2E1Mu/Central/jets/4/px in Skim_TriLep_WWG.root
2026-01-28 17:21:56,322 - INFO - [2016postVFP] MISSING_CENTRAL: TTZ2E1Mu/Central/jets/4/px in Skim_TriLep_DYJets.root
2026-01-28 17:21:56,323 - INFO - [2016postVFP] MISSING_CENTRAL: TTZ2E1Mu/Central/jets/4/px in Skim_TriLep_DYJets10to50.root
2026-01-28 17:21:56,351 - INFO - [2016postVFP] MISSING_CENTRAL: TTZ2E1Mu/Central/jets/4/px in Skim_TriLep_WWG.root
2026-01-28 17:21:56,750 - INFO - [2017] MISSING_CENTRAL: TTZ2E1Mu/Central/jets/4/px in Skim_TriLep_DYJets.root
2026-01-28 17:21:56,751 - INFO - [2017] MISSING_CENTRAL: TTZ2E1Mu/Central/jets/4/px in Skim_TriLep_DYJets10to50.root
2026-01-28 17:21:56,778 - INFO - [2017] MISSING_CENTRAL: TTZ2E1Mu/Central/jets/4/px in Skim_TriLep_WWG.root
2026-01-28 17:21:57,181 - INFO - [2018] MISSING_CENTRAL: TTZ2E1Mu/Central/jets/4/px in Skim_TriLep_DYJets.root
2026-01-28 17:21:57,182 - INFO - [2018] MISSING_CENTRAL: TTZ2E1Mu/Central/jets/4/px in Skim_TriLep_DYJets10to50.root
2026-01-28 19:55:26,988 - INFO - [2016preVFP] MISSING_CENTRAL: TTZ2E1Mu/Central/jets/4/px in Skim_TriLep_DYJets.root
2026-01-28 19:55:26,989 - INFO - [2016preVFP] MISSING_CENTRAL: TTZ2E1Mu/Central/jets/4/px in Skim_TriLep_DYJets10to50.root
2026-01-28 19:55:27,020 - INFO - [2016preVFP] MISSING_CENTRAL: TTZ2E1Mu/Central/jets/4/px in Skim_TriLep_WWG.root
2026-01-28 19:55:27,440 - INFO - [2016postVFP] MISSING_CENTRAL: TTZ2E1Mu/Central/jets/4/px in Skim_TriLep_DYJets.root
2026-01-28 19:55:27,441 - INFO - [2016postVFP] MISSING_CENTRAL: TTZ2E1Mu/Central/jets/4/px in Skim_TriLep_DYJets10to50.root
2026-01-28 19:55:27,470 - INFO - [2016postVFP] MISSING_CENTRAL: TTZ2E1Mu/Central/jets/4/px in Skim_TriLep_WWG.root
2026-01-28 19:55:27,864 - INFO - [2017] MISSING_CENTRAL: TTZ2E1Mu/Central/jets/4/px in Skim_TriLep_DYJets.root
2026-01-28 19:55:27,866 - INFO - [2017] MISSING_CENTRAL: TTZ2E1Mu/Central/jets/4/px in Skim_TriLep_DYJets10to50.root
2026-01-28 19:55:27,895 - INFO - [2017] MISSING_CENTRAL: TTZ2E1Mu/Central/jets/4/px in Skim_TriLep_WWG.root
2026-01-28 19:55:28,372 - INFO - [2018] MISSING_CENTRAL: TTZ2E1Mu/Central/jets/4/px in Skim_TriLep_DYJets.root
2026-01-28 19:55:28,373 - INFO - [2018] MISSING_CENTRAL: TTZ2E1Mu/Central/jets/4/px in Skim_TriLep_DYJets10to50.root
2026-01-29 07:12:36,807 - INFO - [2016preVFP] MISSING_CENTRAL: TTZ2E1Mu/Central/jets/4/px in Skim_TriLep_DYJets.root
2026-01-29 07:12:36,808 - INFO - [2016preVFP] MISSING_CENTRAL: TTZ2E1Mu/Central/jets/4/px in Skim_TriLep_DYJets10to50.root
2026-01-29 07:12:36,829 - INFO - [2016preVFP] MISSING_CENTRAL: TTZ2E1Mu/Central/jets/4/px in Skim_TriLep_WWG.root
2026-01-29 07:12:37,080 - INFO - [2016postVFP] MISSING_CENTRAL: TTZ2E1Mu/Central/jets/4/px in Skim_TriLep_DYJets.root
2026-01-29 07:12:37,081 - INFO - [2016postVFP] MISSING_CENTRAL: TTZ2E1Mu/Central/jets/4/px in Skim_TriLep_DYJets10to50.root
2026-01-29 07:12:37,100 - INFO - [2016postVFP] MISSING_CENTRAL: TTZ2E1Mu/Central/jets/4/px in Skim_TriLep_WWG.root
2026-01-29 07:12:37,358 - INFO - [2017] MISSING_CENTRAL: TTZ2E1Mu/Central/jets/4/px in Skim_TriLep_DYJets.root
2026-01-29 07:12:37,359 - INFO - [2017] MISSING_CENTRAL: TTZ2E1Mu/Central/jets/4/px in Skim_TriLep_DYJets10to50.root
2026-01-29 07:12:37,378 - INFO - [2017] MISSING_CENTRAL: TTZ2E1Mu/Central/jets/4/px in Skim_TriLep_WWG.root
2026-01-29 07:12:37,650 - INFO - [2018] MISSING_CENTRAL: TTZ2E1Mu/Central/jets/4/px in Skim_TriLep_DYJets.root
2026-01-29 07:12:37,651 - INFO - [2018] MISSING_CENTRAL: TTZ2E1Mu/Central/jets/4/px in Skim_TriLep_DYJets10to50.root
2026-03-06 09:40:44,966 - INFO - [2016preVFP] MISSING_CENTRAL: TTZ2E1Mu/Central/jets/4/px in Skim_TriLep_DYJets.root
2026-03-06 09:40:44,968 - INFO - [2016preVFP] MISSING_CENTRAL: TTZ2E1Mu/Central/jets/4/px in Skim_TriLep_DYJets10to50.root
2026-03-06 09:40:44,988 - INFO - [2016preVFP] MISSING_CENTRAL: TTZ2E1Mu/Central/jets/4/px in Skim_TriLep_WWG.root
2026-03-06 09:40:45,237 - INFO - [2016postVFP] MISSING_CENTRAL: TTZ2E1Mu/Central/jets/4/px in Skim_TriLep_DYJets.root
2026-03-06 09:40:45,237 - INFO - [2016postVFP] MISSING_CENTRAL: TTZ2E1Mu/Central/jets/4/px in Skim_TriLep_DYJets10to50.root
2026-03-06 09:40:45,255 - INFO - [2016postVFP] MISSING_CENTRAL: TTZ2E1Mu/Central/jets/4/px in Skim_TriLep_WWG.root
2026-03-06 09:40:45,531 - INFO - [2017] MISSING_CENTRAL: TTZ2E1Mu/Central/jets/4/px in Skim_TriLep_DYJets.root
2026-03-06 09:40:45,532 - INFO - [2017] MISSING_CENTRAL: TTZ2E1Mu/Central/jets/4/px in Skim_TriLep_DYJets10to50.root
2026-03-06 09:40:45,553 - INFO - [2017] MISSING_CENTRAL: TTZ2E1Mu/Central/jets/4/px in Skim_TriLep_WWG.root
2026-03-06 09:40:45,834 - INFO - [2018] MISSING_CENTRAL: TTZ2E1Mu/Central/jets/4/px in Skim_TriLep_DYJets.root
2026-03-06 09:40:45,835 - INFO - [2018] MISSING_CENTRAL: TTZ2E1Mu/Central/jets/4/px in Skim_TriLep_DYJets10to50.root
2026-03-06 19:46:32,826 - INFO - [2016preVFP] MISSING_CENTRAL: TTZ2E1Mu/Central/jets/4/px in Skim_TriLep_DYJets.root
2026-03-06 19:46:32,827 - INFO - [2016preVFP] MISSING_CENTRAL: TTZ2E1Mu/Central/jets/4/px in Skim_TriLep_DYJets10to50.root
2026-03-06 19:46:32,850 - INFO - [2016preVFP] MISSING_CENTRAL: TTZ2E1Mu/Central/jets/4/px in Skim_TriLep_WWG.root
2026-03-06 19:46:33,106 - INFO - [2016postVFP] MISSING_CENTRAL: TTZ2E1Mu/Central/jets/4/px in Skim_TriLep_DYJets.root
2026-03-06 19:46:33,107 - INFO - [2016postVFP] MISSING_CENTRAL: TTZ2E1Mu/Central/jets/4/px in Skim_TriLep_DYJets10to50.root
2026-03-06 19:46:33,125 - INFO - [2016postVFP] MISSING_CENTRAL: TTZ2E1Mu/Central/jets/4/px in Skim_TriLep_WWG.root
2026-03-06 19:46:33,385 - INFO - [2017] MISSING_CENTRAL: TTZ2E1Mu/Central/jets/4/px in Skim_TriLep_DYJets.root
2026-03-06 19:46:33,386 - INFO - [2017] MISSING_CENTRAL: TTZ2E1Mu/Central/jets/4/px in Skim_TriLep_DYJets10to50.root
2026-03-06 19:46:33,404 - INFO - [2017] MISSING_CENTRAL: TTZ2E1Mu/Central/jets/4/px in Skim_TriLep_WWG.root
2026-03-06 19:46:33,682 - INFO - [2018] MISSING_CENTRAL: TTZ2E1Mu/Central/jets/4/px in Skim_TriLep_DYJets.root
2026-03-06 19:46:33,683 - INFO - [2018] MISSING_CENTRAL: TTZ2E1Mu/Central/jets/4/px in Skim_TriLep_DYJets10to50.root
2026-03-12 21:35:16,201 - INFO - [2016preVFP] MISSING_CENTRAL: TTZ2E1Mu/Central/jets/4/px in Skim_TriLep_DYJets.root
2026-03-12 21:35:16,202 - INFO - [2016preVFP] MISSING_CENTRAL: TTZ2E1Mu/Central/jets/4/px in Skim_TriLep_DYJets10to50.root
2026-03-12 21:35:16,223 - INFO - [2016preVFP] MISSING_CENTRAL: TTZ2E1Mu/Central/jets/4/px in Skim_TriLep_WWG.root
2026-03-12 21:35:16,483 - INFO - [2016postVFP] MISSING_CENTRAL: TTZ2E1Mu/Central/jets/4/px in Skim_TriLep_DYJets.root
2026-03-12 21:35:16,484 - INFO - [2016postVFP] MISSING_CENTRAL: TTZ2E1Mu/Central/jets/4/px in Skim_TriLep_DYJets10to50.root
2026-03-12 21:35:16,501 - INFO - [2016postVFP] MISSING_CENTRAL: TTZ2E1Mu/Central/jets/4/px in Skim_TriLep_WWG.root
2026-03-12 21:35:16,760 - INFO - [2017] MISSING_CENTRAL: TTZ2E1Mu/Central/jets/4/px in Skim_TriLep_DYJets.root
2026-03-12 21:35:16,761 - INFO - [2017] MISSING_CENTRAL: TTZ2E1Mu/Central/jets/4/px in Skim_TriLep_DYJets10to50.root
2026-03-12 21:35:16,781 - INFO - [2017] MISSING_CENTRAL: TTZ2E1Mu/Central/jets/4/px in Skim_TriLep_WWG.root
2026-03-12 21:35:17,052 - INFO - [2018] MISSING_CENTRAL: TTZ2E1Mu/Central/jets/4/px in Skim_TriLep_DYJets.root
2026-03-12 21:35:17,053 - INFO - [2018] MISSING_CENTRAL: TTZ2E1Mu/Central/jets/4/px in Skim_TriLep_DYJets10to50.root
2026-04-10 20:21:30,779 - INFO - [2016preVFP] MISSING_CENTRAL: TTZ2E1Mu/Central/jets/4/px in Skim_TriLep_DYJets.root
2026-04-10 20:21:30,780 - INFO - [2016preVFP] MISSING_CENTRAL: TTZ2E1Mu/Central/jets/4/px in Skim_TriLep_DYJets10to50.root
2026-04-10 20:21:30,800 - INFO - [2016preVFP] MISSING_CENTRAL: TTZ2E1Mu/Central/jets/4/px in Skim_TriLep_WWG.root
2026-04-10 20:21:31,123 - INFO - [2016postVFP] MISSING_CENTRAL: TTZ2E1Mu/Central/jets/4/px in Skim_TriLep_DYJets.root
2026-04-10 20:21:31,123 - INFO - [2016postVFP] MISSING_CENTRAL: TTZ2E1Mu/Central/jets/4/px in Skim_TriLep_DYJets10to50.root
2026-04-10 20:21:31,141 - INFO - [2016postVFP] MISSING_CENTRAL: TTZ2E1Mu/Central/jets/4/px in Skim_TriLep_WWG.root
2026-04-10 20:21:31,394 - INFO - [2017] MISSING_CENTRAL: TTZ2E1Mu/Central/jets/4/px in Skim_TriLep_DYJets.root
2026-04-10 20:21:31,395 - INFO - [2017] MISSING_CENTRAL: TTZ2E1Mu/Central/jets/4/px in Skim_TriLep_DYJets10to50.root
2026-04-10 20:21:31,425 - INFO - [2017] MISSING_CENTRAL: TTZ2E1Mu/Central/jets/4/px in Skim_TriLep_WWG.root
2026-04-10 20:21:31,703 - INFO - [2018] MISSING_CENTRAL: TTZ2E1Mu/Central/jets/4/px in Skim_TriLep_DYJets.root
2026-04-10 20:21:31,704 - INFO - [2018] MISSING_CENTRAL: TTZ2E1Mu/Central/jets/4/px in Skim_TriLep_DYJets10to50.root
2026-04-12 11:36:41,838 - INFO - [2016preVFP] MISSING_CENTRAL: TTZ2E1Mu/Central/jets/4/px in Skim_TriLep_DYJets.root
2026-04-12 11:36:41,839 - INFO - [2016preVFP] MISSING_CENTRAL: TTZ2E1Mu/Central/jets/4/px in Skim_TriLep_DYJets10to50.root
2026-04-12 11:36:41,863 - INFO - [2016preVFP] MISSING_CENTRAL: TTZ2E1Mu/Central/jets/4/px in Skim_TriLep_WWG.root
2026-04-12 11:36:42,111 - INFO - [2016postVFP] MISSING_CENTRAL: TTZ2E1Mu/Central/jets/4/px in Skim_TriLep_DYJets.root
2026-04-12 11:36:42,112 - INFO - [2016postVFP] MISSING_CENTRAL: TTZ2E1Mu/Central/jets/4/px in Skim_TriLep_DYJets10to50.root
2026-04-12 11:36:42,130 - INFO - [2016postVFP] MISSING_CENTRAL: TTZ2E1Mu/Central/jets/4/px in Skim_TriLep_WWG.root
2026-04-12 11:36:42,452 - INFO - [2017] MISSING_CENTRAL: TTZ2E1Mu/Central/jets/4/px in Skim_TriLep_DYJets.root
2026-04-12 11:36:42,453 - INFO - [2017] MISSING_CENTRAL: TTZ2E1Mu/Central/jets/4/px in Skim_TriLep_DYJets10to50.root
2026-04-12 11:36:42,472 - INFO - [2017] MISSING_CENTRAL: TTZ2E1Mu/Central/jets/4/px in Skim_TriLep_WWG.root
2026-04-12 11:36:42,743 - INFO - [2018] MISSING_CENTRAL: TTZ2E1Mu/Central/jets/4/px in Skim_TriLep_DYJets.root
2026-04-12 11:36:42,743 - INFO - [2018] MISSING_CENTRAL: TTZ2E1Mu/Central/jets/4/px in Skim_TriLep_DYJets10to50.root
2026-04-12 12:18:41,275 - INFO - [2016preVFP] MISSING_CENTRAL: TTZ2E1Mu/Central/jets/4/px in Skim_TriLep_DYJets.root
2026-04-12 12:18:41,275 - INFO - [2016preVFP] MISSING_CENTRAL: TTZ2E1Mu/Central/jets/4/px in Skim_TriLep_DYJets10to50.root
2026-04-12 12:18:41,297 - INFO - [2016preVFP] MISSING_CENTRAL: TTZ2E1Mu/Central/jets/4/px in Skim_TriLep_WWG.root
2026-04-12 12:18:41,544 - INFO - [2016postVFP] MISSING_CENTRAL: TTZ2E1Mu/Central/jets/4/px in Skim_TriLep_DYJets.root
2026-04-12 12:18:41,545 - INFO - [2016postVFP] MISSING_CENTRAL: TTZ2E1Mu/Central/jets/4/px in Skim_TriLep_DYJets10to50.root
2026-04-12 12:18:41,558 - INFO - [2016postVFP] MISSING_CENTRAL: TTZ2E1Mu/Central/jets/4/px in Skim_TriLep_WWG.root
2026-04-12 12:18:41,818 - INFO - [2017] MISSING_CENTRAL: TTZ2E1Mu/Central/jets/4/px in Skim_TriLep_DYJets.root
2026-04-12 12:18:41,818 - INFO - [2017] MISSING_CENTRAL: TTZ2E1Mu/Central/jets/4/px in Skim_TriLep_DYJets10to50.root
2026-04-12 12:18:41,837 - INFO - [2017] MISSING_CENTRAL: TTZ2E1Mu/Central/jets/4/px in Skim_TriLep_WWG.root
2026-04-12 12:18:42,107 - INFO - [2018] MISSING_CENTRAL: TTZ2E1Mu/Central/jets/4/px in Skim_TriLep_DYJets.root
2026-04-12 12:18:42,108 - INFO - [2018] MISSING_CENTRAL: TTZ2E1Mu/Central/jets/4/px in Skim_TriLep_DYJets10to50.root
2026-04-12 12:38:20,252 - INFO - [2016preVFP] MISSING_CENTRAL: TTZ2E1Mu/Central/jets/4/px in Skim_TriLep_DYJets.root
2026-04-12 12:38:20,252 - INFO - [2016preVFP] MISSING_CENTRAL: TTZ2E1Mu/Central/jets/4/px in Skim_TriLep_DYJets10to50.root
2026-04-12 12:38:20,273 - INFO - [2016preVFP] MISSING_CENTRAL: TTZ2E1Mu/Central/jets/4/px in Skim_TriLep_WWG.root
2026-04-12 12:38:20,528 - INFO - [2016postVFP] MISSING_CENTRAL: TTZ2E1Mu/Central/jets/4/px in Skim_TriLep_DYJets.root
2026-04-12 12:38:20,529 - INFO - [2016postVFP] MISSING_CENTRAL: TTZ2E1Mu/Central/jets/4/px in Skim_TriLep_DYJets10to50.root
2026-04-12 12:38:20,547 - INFO - [2016postVFP] MISSING_CENTRAL: TTZ2E1Mu/Central/jets/4/px in Skim_TriLep_WWG.root
2026-04-12 12:38:20,808 - INFO - [2017] MISSING_CENTRAL: TTZ2E1Mu/Central/jets/4/px in Skim_TriLep_DYJets.root
2026-04-12 12:38:20,808 - INFO - [2017] MISSING_CENTRAL: TTZ2E1Mu/Central/jets/4/px in Skim_TriLep_DYJets10to50.root
2026-04-12 12:38:20,827 - INFO - [2017] MISSING_CENTRAL: TTZ2E1Mu/Central/jets/4/px in Skim_TriLep_WWG.root
2026-04-12 12:38:21,090 - INFO - [2018] MISSING_CENTRAL: TTZ2E1Mu/Central/jets/4/px in Skim_TriLep_DYJets.root
2026-04-12 12:38:21,091 - INFO - [2018] MISSING_CENTRAL: TTZ2E1Mu/Central/jets/4/px in Skim_TriLep_DYJets10to50.root
2026-04-12 20:46:26,045 - INFO - [2016preVFP] MISSING_CENTRAL: TTZ2E1Mu/Central/jets/4/px in Skim_TriLep_DYJets.root
2026-04-12 20:46:26,046 - INFO - [2016preVFP] MISSING_CENTRAL: TTZ2E1Mu/Central/jets/4/px in Skim_TriLep_DYJets10to50.root
2026-04-12 20:46:26,067 - INFO - [2016preVFP] MISSING_CENTRAL: TTZ2E1Mu/Central/jets/4/px in Skim_TriLep_WWG.root
2026-04-12 20:46:26,325 - INFO - [2016postVFP] MISSING_CENTRAL: TTZ2E1Mu/Central/jets/4/px in Skim_TriLep_DYJets.root
2026-04-12 20:46:26,326 - INFO - [2016postVFP] MISSING_CENTRAL: TTZ2E1Mu/Central/jets/4/px in Skim_TriLep_DYJets10to50.root
2026-04-12 20:46:26,344 - INFO - [2016postVFP] MISSING_CENTRAL: TTZ2E1Mu/Central/jets/4/px in Skim_TriLep_WWG.root
2026-04-12 20:46:26,607 - INFO - [2017] MISSING_CENTRAL: TTZ2E1Mu/Central/jets/4/px in Skim_TriLep_DYJets.root
2026-04-12 20:46:26,607 - INFO - [2017] MISSING_CENTRAL: TTZ2E1Mu/Central/jets/4/px in Skim_TriLep_DYJets10to50.root
2026-04-12 20:46:26,626 - INFO - [2017] MISSING_CENTRAL: TTZ2E1Mu/Central/jets/4/px in Skim_TriLep_WWG.root
2026-04-12 20:46:26,884 - INFO - [2018] MISSING_CENTRAL: TTZ2E1Mu/Central/jets/4/px in Skim_TriLep_DYJets.root
2026-04-12 20:46:26,884 - INFO - [2018] MISSING_CENTRAL: TTZ2E1Mu/Central/jets/4/px in Skim_TriLep_DYJets10to50.root
2026-04-12 21:18:01,634 - INFO - [2016preVFP] MISSING_CENTRAL: TTZ2E1Mu/Central/jets/4/px in Skim_TriLep_DYJets.root
2026-04-12 21:18:01,635 - INFO - [2016preVFP] MISSING_CENTRAL: TTZ2E1Mu/Central/jets/4/px in Skim_TriLep_DYJets10to50.root
2026-04-12 21:18:01,656 - INFO - [2016preVFP] MISSING_CENTRAL: TTZ2E1Mu/Central/jets/4/px in Skim_TriLep_WWG.root
2026-04-12 21:18:01,913 - INFO - [2016postVFP] MISSING_CENTRAL: TTZ2E1Mu/Central/jets/4/px in Skim_TriLep_DYJets.root
2026-04-12 21:18:01,913 - INFO - [2016postVFP] MISSING_CENTRAL: TTZ2E1Mu/Central/jets/4/px in Skim_TriLep_DYJets10to50.root
2026-04-12 21:18:01,931 - INFO - [2016postVFP] MISSING_CENTRAL: TTZ2E1Mu/Central/jets/4/px in Skim_TriLep_WWG.root
2026-04-12 21:18:02,190 - INFO - [2017] MISSING_CENTRAL: TTZ2E1Mu/Central/jets/4/px in Skim_TriLep_DYJets.root
2026-04-12 21:18:02,191 - INFO - [2017] MISSING_CENTRAL: TTZ2E1Mu/Central/jets/4/px in Skim_TriLep_DYJets10to50.root
2026-04-12 21:18:02,209 - INFO - [2017] MISSING_CENTRAL: TTZ2E1Mu/Central/jets/4/px in Skim_TriLep_WWG.root
2026-04-12 21:18:02,479 - INFO - [2018] MISSING_CENTRAL: TTZ2E1Mu/Central/jets/4/px in Skim_TriLep_DYJets.root
2026-04-12 21:18:02,480 - INFO - [2018] MISSING_CENTRAL: TTZ2E1Mu/Central/jets/4/px in Skim_TriLep_DYJets10to50.root
2026-04-13 12:55:40,756 - INFO - [2016preVFP] MISSING_CENTRAL: TTZ2E1Mu/Central/jets/4/px in Skim_TriLep_DYJets.root
2026-04-13 12:55:40,757 - INFO - [2016preVFP] MISSING_CENTRAL: TTZ2E1Mu/Central/jets/4/px in Skim_TriLep_DYJets10to50.root
2026-04-13 12:55:40,778 - INFO - [2016preVFP] MISSING_CENTRAL: TTZ2E1Mu/Central/jets/4/px in Skim_TriLep_WWG.root
2026-04-13 12:55:41,082 - INFO - [2016postVFP] MISSING_CENTRAL: TTZ2E1Mu/Central/jets/4/px in Skim_TriLep_DYJets.root
2026-04-13 12:55:41,082 - INFO - [2016postVFP] MISSING_CENTRAL: TTZ2E1Mu/Central/jets/4/px in Skim_TriLep_DYJets10to50.root
2026-04-13 12:55:41,106 - INFO - [2016postVFP] MISSING_CENTRAL: TTZ2E1Mu/Central/jets/4/px in Skim_TriLep_WWG.root
2026-04-13 12:55:41,440 - INFO - [2017] MISSING_CENTRAL: TTZ2E1Mu/Central/jets/4/px in Skim_TriLep_DYJets.root
2026-04-13 12:55:41,441 - INFO - [2017] MISSING_CENTRAL: TTZ2E1Mu/Central/jets/4/px in Skim_TriLep_DYJets10to50.root
2026-04-13 12:55:41,464 - INFO - [2017] MISSING_CENTRAL: TTZ2E1Mu/Central/jets/4/px in Skim_TriLep_WWG.root
2026-04-13 12:55:41,806 - INFO - [2018] MISSING_CENTRAL: TTZ2E1Mu/Central/jets/4/px in Skim_TriLep_DYJets.root
2026-04-13 12:55:41,807 - INFO - [2018] MISSING_CENTRAL: TTZ2E1Mu/Central/jets/4/px in Skim_TriLep_DYJets10to50.root
2026-04-16 17:38:11,589 - INFO - [2016preVFP] MISSING_CENTRAL: TTZ2E1Mu/Central/jets/4/px in Skim_TriLep_DYJets.root
2026-04-16 17:38:11,590 - INFO - [2016preVFP] MISSING_CENTRAL: TTZ2E1Mu/Central/jets/4/px in Skim_TriLep_DYJets10to50.root
2026-04-16 17:38:11,627 - INFO - [2016preVFP] MISSING_CENTRAL: TTZ2E1Mu/Central/jets/4/px in Skim_TriLep_WWG.root
2026-04-16 17:38:11,933 - INFO - [2016postVFP] MISSING_CENTRAL: TTZ2E1Mu/Central/jets/4/px in Skim_TriLep_DYJets.root
2026-04-16 17:38:11,933 - INFO - [2016postVFP] MISSING_CENTRAL: TTZ2E1Mu/Central/jets/4/px in Skim_TriLep_DYJets10to50.root
2026-04-16 17:38:11,955 - INFO - [2016postVFP] MISSING_CENTRAL: TTZ2E1Mu/Central/jets/4/px in Skim_TriLep_WWG.root
2026-04-16 17:38:12,284 - INFO - [2017] MISSING_CENTRAL: TTZ2E1Mu/Central/jets/4/px in Skim_TriLep_DYJets.root
2026-04-16 17:38:12,285 - INFO - [2017] MISSING_CENTRAL: TTZ2E1Mu/Central/jets/4/px in Skim_TriLep_DYJets10to50.root
2026-04-16 17:38:12,307 - INFO - [2017] MISSING_CENTRAL: TTZ2E1Mu/Central/jets/4/px in Skim_TriLep_WWG.root
2026-04-16 17:38:12,617 - INFO - [2018] MISSING_CENTRAL: TTZ2E1Mu/Central/jets/4/px in Skim_TriLep_DYJets.root
2026-04-16 17:38:12,618 - INFO - [2018] MISSING_CENTRAL: TTZ2E1Mu/Central/jets/4/px in Skim_TriLep_DYJets10to50.root
2026-04-28 15:20:41,096 - INFO - [2016preVFP] MISSING_CENTRAL: TTZ2E1Mu/Central/jets/4/px in Skim_TriLep_DYJets.root
2026-04-28 15:20:41,097 - INFO - [2016preVFP] MISSING_CENTRAL: TTZ2E1Mu/Central/jets/4/px in Skim_TriLep_DYJets10to50.root
2026-04-28 15:20:41,122 - INFO - [2016preVFP] MISSING_CENTRAL: TTZ2E1Mu/Central/jets/4/px in Skim_TriLep_WWG.root
2026-04-28 15:20:41,443 - INFO - [2016postVFP] MISSING_CENTRAL: TTZ2E1Mu/Central/jets/4/px in Skim_TriLep_DYJets.root
2026-04-28 15:20:41,444 - INFO - [2016postVFP] MISSING_CENTRAL: TTZ2E1Mu/Central/jets/4/px in Skim_TriLep_DYJets10to50.root
2026-04-28 15:20:41,466 - INFO - [2016postVFP] MISSING_CENTRAL: TTZ2E1Mu/Central/jets/4/px in Skim_TriLep_WWG.root
2026-04-28 15:20:41,785 - INFO - [2017] MISSING_CENTRAL: TTZ2E1Mu/Central/jets/4/px in Skim_TriLep_DYJets.root
2026-04-28 15:20:41,786 - INFO - [2017] MISSING_CENTRAL: TTZ2E1Mu/Central/jets/4/px in Skim_TriLep_DYJets10to50.root
2026-04-28 15:20:41,808 - INFO - [2017] MISSING_CENTRAL: TTZ2E1Mu/Central/jets/4/px in Skim_TriLep_WWG.root
2026-04-28 15:20:42,128 - INFO - [2018] MISSING_CENTRAL: TTZ2E1Mu/Central/jets/4/px in Skim_TriLep_DYJets.root
2026-04-28 15:20:42,129 - INFO - [2018] MISSING_CENTRAL: TTZ2E1Mu/Central/jets/4/px in Skim_TriLep_DYJets10to50.root
2026-04-28 20:33:49,841 - INFO - [2016preVFP] MISSING_CENTRAL: TTZ2E1Mu/Central/jets/4/px in Skim_TriLep_DYJets.root
2026-04-28 20:33:49,842 - INFO - [2016preVFP] MISSING_CENTRAL: TTZ2E1Mu/Central/jets/4/px in Skim_TriLep_DYJets10to50.root
2026-04-28 20:33:49,866 - INFO - [2016preVFP] MISSING_CENTRAL: TTZ2E1Mu/Central/jets/4/px in Skim_TriLep_WWG.root
2026-04-28 20:33:50,167 - INFO - [2016postVFP] MISSING_CENTRAL: TTZ2E1Mu/Central/jets/4/px in Skim_TriLep_DYJets.root
2026-04-28 20:33:50,167 - INFO - [2016postVFP] MISSING_CENTRAL: TTZ2E1Mu/Central/jets/4/px in Skim_TriLep_DYJets10to50.root
2026-04-28 20:33:50,189 - INFO - [2016postVFP] MISSING_CENTRAL: TTZ2E1Mu/Central/jets/4/px in Skim_TriLep_WWG.root
2026-04-28 20:33:50,491 - INFO - [2017] MISSING_CENTRAL: TTZ2E1Mu/Central/jets/4/px in Skim_TriLep_DYJets.root
2026-04-28 20:33:50,492 - INFO - [2017] MISSING_CENTRAL: TTZ2E1Mu/Central/jets/4/px in Skim_TriLep_DYJets10to50.root
2026-04-28 20:33:50,513 - INFO - [2017] MISSING_CENTRAL: TTZ2E1Mu/Central/jets/4/px in Skim_TriLep_WWG.root
2026-04-28 20:33:50,827 - INFO - [2018] MISSING_CENTRAL: TTZ2E1Mu/Central/jets/4/px in Skim_TriLep_DYJets.root
2026-04-28 20:33:50,828 - INFO - [2018] MISSING_CENTRAL: TTZ2E1Mu/Central/jets/4/px in Skim_TriLep_DYJets10to50.root
2026-05-04 15:40:25,086 - INFO - [2016preVFP] MISSING_CENTRAL: TTZ2E1Mu/Central/jets/4/px in Skim_TriLep_DYJets.root
2026-05-04 15:40:25,087 - INFO - [2016preVFP] MISSING_CENTRAL: TTZ2E1Mu/Central/jets/4/px in Skim_TriLep_DYJets10to50.root
2026-05-04 15:40:25,111 - INFO - [2016preVFP] MISSING_CENTRAL: TTZ2E1Mu/Central/jets/4/px in Skim_TriLep_WWG.root
2026-05-04 15:40:25,440 - INFO - [2016postVFP] MISSING_CENTRAL: TTZ2E1Mu/Central/jets/4/px in Skim_TriLep_DYJets.root
2026-05-04 15:40:25,441 - INFO - [2016postVFP] MISSING_CENTRAL: TTZ2E1Mu/Central/jets/4/px in Skim_TriLep_DYJets10to50.root
2026-05-04 15:40:25,463 - INFO - [2016postVFP] MISSING_CENTRAL: TTZ2E1Mu/Central/jets/4/px in Skim_TriLep_WWG.root
2026-05-04 15:40:25,771 - INFO - [2017] MISSING_CENTRAL: TTZ2E1Mu/Central/jets/4/px in Skim_TriLep_DYJets.root
2026-05-04 15:40:25,772 - INFO - [2017] MISSING_CENTRAL: TTZ2E1Mu/Central/jets/4/px in Skim_TriLep_DYJets10to50.root
2026-05-04 15:40:25,792 - INFO - [2017] MISSING_CENTRAL: TTZ2E1Mu/Central/jets/4/px in Skim_TriLep_WWG.root
2026-05-04 15:40:26,147 - INFO - [2018] MISSING_CENTRAL: TTZ2E1Mu/Central/jets/4/px in Skim_TriLep_DYJets.root
2026-05-04 15:40:26,148 - INFO - [2018] MISSING_CENTRAL: TTZ2E1Mu/Central/jets/4/px in Skim_TriLep_DYJets10to50.root
2026-05-04 16:04:28,530 - INFO - [2016preVFP] MISSING_CENTRAL: TTZ2E1Mu/Central/jets/4/px in Skim_TriLep_DYJets.root
2026-05-04 16:04:28,531 - INFO - [2016preVFP] MISSING_CENTRAL: TTZ2E1Mu/Central/jets/4/px in Skim_TriLep_DYJets10to50.root
2026-05-04 16:04:28,557 - INFO - [2016preVFP] MISSING_CENTRAL: TTZ2E1Mu/Central/jets/4/px in Skim_TriLep_WWG.root
2026-05-04 16:04:28,883 - INFO - [2016postVFP] MISSING_CENTRAL: TTZ2E1Mu/Central/jets/4/px in Skim_TriLep_DYJets.root
2026-05-04 16:04:28,884 - INFO - [2016postVFP] MISSING_CENTRAL: TTZ2E1Mu/Central/jets/4/px in Skim_TriLep_DYJets10to50.root
2026-05-04 16:04:28,906 - INFO - [2016postVFP] MISSING_CENTRAL: TTZ2E1Mu/Central/jets/4/px in Skim_TriLep_WWG.root
2026-05-04 16:04:29,286 - INFO - [2017] MISSING_CENTRAL: TTZ2E1Mu/Central/jets/4/px in Skim_TriLep_DYJets.root
2026-05-04 16:04:29,287 - INFO - [2017] MISSING_CENTRAL: TTZ2E1Mu/Central/jets/4/px in Skim_TriLep_DYJets10to50.root
2026-05-04 16:04:29,307 - INFO - [2017] MISSING_CENTRAL: TTZ2E1Mu/Central/jets/4/px in Skim_TriLep_WWG.root
2026-05-04 16:04:29,630 - INFO - [2018] MISSING_CENTRAL: TTZ2E1Mu/Central/jets/4/px in Skim_TriLep_DYJets.root
2026-05-04 16:04:29,631 - INFO - [2018] MISSING_CENTRAL: TTZ2E1Mu/Central/jets/4/px in Skim_TriLep_DYJets10to50.root
2026-05-04 17:07:45,758 - INFO - [2016preVFP] MISSING_CENTRAL: TTZ2E1Mu/Central/jets/4/px in Skim_TriLep_DYJets.root
2026-05-04 17:07:45,759 - INFO - [2016preVFP] MISSING_CENTRAL: TTZ2E1Mu/Central/jets/4/px in Skim_TriLep_DYJets10to50.root
2026-05-04 17:07:45,784 - INFO - [2016preVFP] MISSING_CENTRAL: TTZ2E1Mu/Central/jets/4/px in Skim_TriLep_WWG.root
2026-05-04 17:07:46,091 - INFO - [2016postVFP] MISSING_CENTRAL: TTZ2E1Mu/Central/jets/4/px in Skim_TriLep_DYJets.root
2026-05-04 17:07:46,092 - INFO - [2016postVFP] MISSING_CENTRAL: TTZ2E1Mu/Central/jets/4/px in Skim_TriLep_DYJets10to50.root
2026-05-04 17:07:46,113 - INFO - [2016postVFP] MISSING_CENTRAL: TTZ2E1Mu/Central/jets/4/px in Skim_TriLep_WWG.root
2026-05-04 17:07:46,426 - INFO - [2017] MISSING_CENTRAL: TTZ2E1Mu/Central/jets/4/px in Skim_TriLep_DYJets.root
2026-05-04 17:07:46,427 - INFO - [2017] MISSING_CENTRAL: TTZ2E1Mu/Central/jets/4/px in Skim_TriLep_DYJets10to50.root
2026-05-04 17:07:46,449 - INFO - [2017] MISSING_CENTRAL: TTZ2E1Mu/Central/jets/4/px in Skim_TriLep_WWG.root
2026-05-04 17:07:46,819 - INFO - [2018] MISSING_CENTRAL: TTZ2E1Mu/Central/jets/4/px in Skim_TriLep_DYJets.root
2026-05-04 17:07:46,820 - INFO - [2018] MISSING_CENTRAL: TTZ2E1Mu/Central/jets/4/px in Skim_TriLep_DYJets10to50.root
2026-05-28 15:44:37,024 - INFO - [2016preVFP] MISSING_CENTRAL: TTZ2E1Mu/Central/jets/4/px in Skim_TriLep_DYJets.root
2026-05-28 15:44:37,026 - INFO - [2016preVFP] MISSING_CENTRAL: TTZ2E1Mu/Central/jets/4/px in Skim_TriLep_DYJets10to50.root
2026-05-28 15:44:37,067 - INFO - [2016preVFP] MISSING_CENTRAL: TTZ2E1Mu/Central/jets/4/px in Skim_TriLep_WWG.root
2026-05-28 15:44:37,590 - INFO - [2016postVFP] MISSING_CENTRAL: TTZ2E1Mu/Central/jets/4/px in Skim_TriLep_DYJets.root
2026-05-28 15:44:37,591 - INFO - [2016postVFP] MISSING_CENTRAL: TTZ2E1Mu/Central/jets/4/px in Skim_TriLep_DYJets10to50.root
2026-05-28 15:44:37,628 - INFO - [2016postVFP] MISSING_CENTRAL: TTZ2E1Mu/Central/jets/4/px in Skim_TriLep_WWG.root
2026-05-28 15:44:38,159 - INFO - [2017] MISSING_CENTRAL: TTZ2E1Mu/Central/jets/4/px in Skim_TriLep_DYJets.root
2026-05-28 15:44:38,161 - INFO - [2017] MISSING_CENTRAL: TTZ2E1Mu/Central/jets/4/px in Skim_TriLep_DYJets10to50.root
2026-05-28 15:44:38,198 - INFO - [2017] MISSING_CENTRAL: TTZ2E1Mu/Central/jets/4/px in Skim_TriLep_WWG.root
2026-05-28 15:44:38,761 - INFO - [2018] MISSING_CENTRAL: TTZ2E1Mu/Central/jets/4/px in Skim_TriLep_DYJets.root
2026-05-28 15:44:38,763 - INFO - [2018] MISSING_CENTRAL: TTZ2E1Mu/Central/jets/4/px in Skim_TriLep_DYJets10to50.root
2026-05-29 15:21:32,856 - INFO - [2016preVFP] MISSING_CENTRAL: TTZ2E1Mu/Central/jets/4/px in Skim_TriLep_DYJets.root
2026-05-29 15:21:32,865 - INFO - [2016preVFP] MISSING_CENTRAL: TTZ2E1Mu/Central/jets/4/px in Skim_TriLep_DYJets10to50.root
2026-05-29 15:21:32,891 - INFO - [2016preVFP] MISSING_CENTRAL: TTZ2E1Mu/Central/jets/4/px in Skim_TriLep_WWG.root
2026-05-29 15:21:33,196 - INFO - [2016postVFP] MISSING_CENTRAL: TTZ2E1Mu/Central/jets/4/px in Skim_TriLep_DYJets.root
2026-05-29 15:21:33,197 - INFO - [2016postVFP] MISSING_CENTRAL: TTZ2E1Mu/Central/jets/4/px in Skim_TriLep_DYJets10to50.root
2026-05-29 15:21:33,219 - INFO - [2016postVFP] MISSING_CENTRAL: TTZ2E1Mu/Central/jets/4/px in Skim_TriLep_WWG.root
2026-05-29 15:21:33,545 - INFO - [2017] MISSING_CENTRAL: TTZ2E1Mu/Central/jets/4/px in Skim_TriLep_DYJets.root
2026-05-29 15:21:33,545 - INFO - [2017] MISSING_CENTRAL: TTZ2E1Mu/Central/jets/4/px in Skim_TriLep_DYJets10to50.root
2026-05-29 15:21:33,568 - INFO - [2017] MISSING_CENTRAL: TTZ2E1Mu/Central/jets/4/px in Skim_TriLep_WWG.root
2026-05-29 15:21:33,900 - INFO - [2018] MISSING_CENTRAL: TTZ2E1Mu/Central/jets/4/px in Skim_TriLep_DYJets.root
2026-05-29 15:21:33,901 - INFO - [2018] MISSING_CENTRAL: TTZ2E1Mu/Central/jets/4/px in Skim_TriLep_DYJets10to50.root
2026-05-29 15:35:32,932 - INFO - [2016preVFP] MISSING_CENTRAL: TTZ2E1Mu/Central/jets/4/px in Skim_TriLep_DYJets.root
2026-05-29 15:35:32,933 - INFO - [2016preVFP] MISSING_CENTRAL: TTZ2E1Mu/Central/jets/4/px in Skim_TriLep_DYJets10to50.root
2026-05-29 15:35:32,959 - INFO - [2016preVFP] MISSING_CENTRAL: TTZ2E1Mu/Central/jets/4/px in Skim_TriLep_WWG.root
2026-05-29 15:35:33,280 - INFO - [2016postVFP] MISSING_CENTRAL: TTZ2E1Mu/Central/jets/4/px in Skim_TriLep_DYJets.root
2026-05-29 15:35:33,281 - INFO - [2016postVFP] MISSING_CENTRAL: TTZ2E1Mu/Central/jets/4/px in Skim_TriLep_DYJets10to50.root
2026-05-29 15:35:33,303 - INFO - [2016postVFP] MISSING_CENTRAL: TTZ2E1Mu/Central/jets/4/px in Skim_TriLep_WWG.root
2026-05-29 15:35:33,625 - INFO - [2017] MISSING_CENTRAL: TTZ2E1Mu/Central/jets/4/px in Skim_TriLep_DYJets.root
2026-05-29 15:35:33,626 - INFO - [2017] MISSING_CENTRAL: TTZ2E1Mu/Central/jets/4/px in Skim_TriLep_DYJets10to50.root
2026-05-29 15:35:33,648 - INFO - [2017] MISSING_CENTRAL: TTZ2E1Mu/Central/jets/4/px in Skim_TriLep_WWG.root
2026-05-29 15:35:33,981 - INFO - [2018] MISSING_CENTRAL: TTZ2E1Mu/Central/jets/4/px in Skim_TriLep_DYJets.root
2026-05-29 15:35:33,982 - INFO - [2018] MISSING_CENTRAL: TTZ2E1Mu/Central/jets/4/px in Skim_TriLep_DYJets10to50.root
2026-05-29 18:26:48,429 - INFO - [2016preVFP] MISSING_CENTRAL: TTZ2E1Mu/Central/jets/4/px in Skim_TriLep_DYJets.root
2026-05-29 18:26:48,430 - INFO - [2016preVFP] MISSING_CENTRAL: TTZ2E1Mu/Central/jets/4/px in Skim_TriLep_DYJets10to50.root
2026-05-29 18:26:48,456 - INFO - [2016preVFP] MISSING_CENTRAL: TTZ2E1Mu/Central/jets/4/px in Skim_TriLep_WWG.root
2026-05-29 18:26:48,782 - INFO - [2016postVFP] MISSING_CENTRAL: TTZ2E1Mu/Central/jets/4/px in Skim_TriLep_DYJets.root
2026-05-29 18:26:48,783 - INFO - [2016postVFP] MISSING_CENTRAL: TTZ2E1Mu/Central/jets/4/px in Skim_TriLep_DYJets10to50.root
2026-05-29 18:26:48,805 - INFO - [2016postVFP] MISSING_CENTRAL: TTZ2E1Mu/Central/jets/4/px in Skim_TriLep_WWG.root
2026-05-29 18:26:49,134 - INFO - [2017] MISSING_CENTRAL: TTZ2E1Mu/Central/jets/4/px in Skim_TriLep_DYJets.root
2026-05-29 18:26:49,134 - INFO - [2017] MISSING_CENTRAL: TTZ2E1Mu/Central/jets/4/px in Skim_TriLep_DYJets10to50.root
2026-05-29 18:26:49,157 - INFO - [2017] MISSING_CENTRAL: TTZ2E1Mu/Central/jets/4/px in Skim_TriLep_WWG.root
2026-05-29 18:26:49,489 - INFO - [2018] MISSING_CENTRAL: TTZ2E1Mu/Central/jets/4/px in Skim_TriLep_DYJets.root
2026-05-29 18:26:49,489 - INFO - [2018] MISSING_CENTRAL: TTZ2E1Mu/Central/jets/4/px in Skim_TriLep_DYJets10to50.root
2026-06-03 21:09:20,337 - INFO - [2016preVFP] MISSING_CENTRAL: TTZ2E1Mu/Central/jets/4/px in Skim_TriLep_DYJets.root
2026-06-03 21:09:20,338 - INFO - [2016preVFP] MISSING_CENTRAL: TTZ2E1Mu/Central/jets/4/px in Skim_TriLep_DYJets10to50.root
2026-06-03 21:09:20,362 - INFO - [2016preVFP] MISSING_CENTRAL: TTZ2E1Mu/Central/jets/4/px in Skim_TriLep_WWG.root
2026-06-03 21:09:20,659 - INFO - [2016postVFP] MISSING_CENTRAL: TTZ2E1Mu/Central/jets/4/px in Skim_TriLep_DYJets.root
2026-06-03 21:09:20,660 - INFO - [2016postVFP] MISSING_CENTRAL: TTZ2E1Mu/Central/jets/4/px in Skim_TriLep_DYJets10to50.root
2026-06-03 21:09:20,680 - INFO - [2016postVFP] MISSING_CENTRAL: TTZ2E1Mu/Central/jets/4/px in Skim_TriLep_WWG.root
2026-06-03 21:09:20,992 - INFO - [2017] MISSING_CENTRAL: TTZ2E1Mu/Central/jets/4/px in Skim_TriLep_DYJets.root
2026-06-03 21:09:20,993 - INFO - [2017] MISSING_CENTRAL: TTZ2E1Mu/Central/jets/4/px in Skim_TriLep_DYJets10to50.root
2026-06-03 21:09:21,015 - INFO - [2017] MISSING_CENTRAL: TTZ2E1Mu/Central/jets/4/px in Skim_TriLep_WWG.root
2026-06-03 21:09:21,339 - INFO - [2018] MISSING_CENTRAL: TTZ2E1Mu/Central/jets/4/px in Skim_TriLep_DYJets.root
2026-06-03 21:09:21,340 - INFO - [2018] MISSING_CENTRAL: TTZ2E1Mu/Central/jets/4/px in Skim_TriLep_DYJets10to50.root
