2026-01-16 19:08:55,324 - INFO - [2023] MISSING_CENTRAL: TTZ2E1Mu/Central/bjets/2/py in Skim_TriLep_MuonEG_C_v3.root
2026-01-16 19:08:55,373 - INFO - [2023] MISSING_CENTRAL: TTZ2E1Mu/Central/bjets/2/py in Skim_TriLep_DYJets.root
2026-01-16 19:08:55,373 - INFO - [2023] MISSING_CENTRAL: TTZ2E1Mu/Central/bjets/2/py in Skim_TriLep_DYJets10to50.root
2026-01-16 19:08:55,533 - INFO - [2023] MISSING_CENTRAL: TTZ2E1Mu/Central/bjets/2/py in Skim_TriLep_WWW.root
2026-01-16 19:08:55,606 - INFO - [2023] MISSING_CENTRAL: TTZ2E1Mu/Central/bjets/2/py in Skim_TriLep_ggHToZZTo4L.root
2026-01-28 17:06:21,637 - INFO - [2023] MISSING_CENTRAL: TTZ2E1Mu/Central/bjets/2/py in Skim_TriLep_MuonEG_C_v3.root
2026-01-28 17:06:21,685 - INFO - [2023] MISSING_CENTRAL: TTZ2E1Mu/Central/bjets/2/py in Skim_TriLep_DYJets.root
2026-01-28 17:06:21,686 - INFO - [2023] MISSING_CENTRAL: TTZ2E1Mu/Central/bjets/2/py in Skim_TriLep_DYJets10to50.root
2026-01-28 17:06:21,935 - INFO - [2023] MISSING_CENTRAL: TTZ2E1Mu/Central/bjets/2/py in Skim_TriLep_WWW.root
2026-01-28 17:06:22,046 - INFO - [2023] MISSING_CENTRAL: TTZ2E1Mu/Central/bjets/2/py in Skim_TriLep_ggHToZZTo4L.root
2026-01-28 17:26:59,483 - INFO - [2023] MISSING_CENTRAL: TTZ2E1Mu/Central/bjets/2/py in Skim_TriLep_MuonEG_C_v3.root
2026-01-28 17:26:59,519 - INFO - [2023] MISSING_CENTRAL: TTZ2E1Mu/Central/bjets/2/py in Skim_TriLep_DYJets.root
2026-01-28 17:26:59,520 - INFO - [2023] MISSING_CENTRAL: TTZ2E1Mu/Central/bjets/2/py in Skim_TriLep_DYJets10to50.root
2026-01-28 17:26:59,765 - INFO - [2023] MISSING_CENTRAL: TTZ2E1Mu/Central/bjets/2/py in Skim_TriLep_WWW.root
2026-01-28 17:26:59,873 - INFO - [2023] MISSING_CENTRAL: TTZ2E1Mu/Central/bjets/2/py in Skim_TriLep_ggHToZZTo4L.root
2026-01-28 20:00:39,338 - INFO - [2023] MISSING_CENTRAL: TTZ2E1Mu/Central/bjets/2/py in Skim_TriLep_MuonEG_C_v3.root
2026-01-28 20:00:39,386 - INFO - [2023] MISSING_CENTRAL: TTZ2E1Mu/Central/bjets/2/py in Skim_TriLep_DYJets.root
2026-01-28 20:00:39,387 - INFO - [2023] MISSING_CENTRAL: TTZ2E1Mu/Central/bjets/2/py in Skim_TriLep_DYJets10to50.root
2026-01-28 20:00:39,652 - INFO - [2023] MISSING_CENTRAL: TTZ2E1Mu/Central/bjets/2/py in Skim_TriLep_WWW.root
2026-01-28 20:00:39,759 - INFO - [2023] MISSING_CENTRAL: TTZ2E1Mu/Central/bjets/2/py in Skim_TriLep_ggHToZZTo4L.root
2026-01-29 07:17:24,977 - INFO - [2023] MISSING_CENTRAL: TTZ2E1Mu/Central/bjets/2/py in Skim_TriLep_MuonEG_C_v3.root
2026-01-29 07:17:25,024 - INFO - [2023] MISSING_CENTRAL: TTZ2E1Mu/Central/bjets/2/py in Skim_TriLep_DYJets.root
2026-01-29 07:17:25,025 - INFO - [2023] MISSING_CENTRAL: TTZ2E1Mu/Central/bjets/2/py in Skim_TriLep_DYJets10to50.root
2026-01-29 07:17:25,169 - INFO - [2023] MISSING_CENTRAL: TTZ2E1Mu/Central/bjets/2/py in Skim_TriLep_WWW.root
2026-01-29 07:17:25,240 - INFO - [2023] MISSING_CENTRAL: TTZ2E1Mu/Central/bjets/2/py in Skim_TriLep_ggHToZZTo4L.root
2026-03-06 09:43:36,994 - INFO - [2023] MISSING_CENTRAL: TTZ2E1Mu/Central/bjets/2/py in Skim_TriLep_MuonEG_C_v3.root
2026-03-06 09:43:37,039 - INFO - [2023] MISSING_CENTRAL: TTZ2E1Mu/Central/bjets/2/py in Skim_TriLep_DYJets.root
2026-03-06 09:43:37,040 - INFO - [2023] MISSING_CENTRAL: TTZ2E1Mu/Central/bjets/2/py in Skim_TriLep_DYJets10to50.root
2026-03-06 09:43:37,241 - INFO - [2023] MISSING_CENTRAL: TTZ2E1Mu/Central/bjets/2/py in Skim_TriLep_WWW.root
2026-03-06 09:43:37,385 - INFO - [2023] MISSING_CENTRAL: TTZ2E1Mu/Central/bjets/2/py in Skim_TriLep_ggHToZZTo4L.root
2026-03-06 19:49:23,149 - INFO - [2023] MISSING_CENTRAL: TTZ2E1Mu/Central/bjets/2/py in Skim_TriLep_MuonEG_C_v3.root
2026-03-06 19:49:23,197 - INFO - [2023] MISSING_CENTRAL: TTZ2E1Mu/Central/bjets/2/py in Skim_TriLep_DYJets.root
2026-03-06 19:49:23,198 - INFO - [2023] MISSING_CENTRAL: TTZ2E1Mu/Central/bjets/2/py in Skim_TriLep_DYJets10to50.root
2026-03-06 19:49:23,365 - INFO - [2023] MISSING_CENTRAL: TTZ2E1Mu/Central/bjets/2/py in Skim_TriLep_WWW.root
2026-03-06 19:49:23,436 - INFO - [2023] MISSING_CENTRAL: TTZ2E1Mu/Central/bjets/2/py in Skim_TriLep_ggHToZZTo4L.root
2026-04-10 20:24:19,127 - INFO - [2023] MISSING_CENTRAL: TTZ2E1Mu/Central/bjets/2/py in Skim_TriLep_MuonEG_C_v3.root
2026-04-10 20:24:19,171 - INFO - [2023] MISSING_CENTRAL: TTZ2E1Mu/Central/bjets/2/py in Skim_TriLep_DYJets.root
2026-04-10 20:24:19,171 - INFO - [2023] MISSING_CENTRAL: TTZ2E1Mu/Central/bjets/2/py in Skim_TriLep_DYJets10to50.root
2026-04-10 20:24:19,346 - INFO - [2023] MISSING_CENTRAL: TTZ2E1Mu/Central/bjets/2/py in Skim_TriLep_WWW.root
2026-04-10 20:24:19,423 - INFO - [2023] MISSING_CENTRAL: TTZ2E1Mu/Central/bjets/2/py in Skim_TriLep_ggHToZZTo4L.root
2026-04-12 11:39:38,921 - INFO - [2023] MISSING_CENTRAL: TTZ2E1Mu/Central/bjets/2/py in Skim_TriLep_MuonEG_C_v3.root
2026-04-12 11:39:38,965 - INFO - [2023] MISSING_CENTRAL: TTZ2E1Mu/Central/bjets/2/py in Skim_TriLep_DYJets.root
2026-04-12 11:39:38,965 - INFO - [2023] MISSING_CENTRAL: TTZ2E1Mu/Central/bjets/2/py in Skim_TriLep_DYJets10to50.root
2026-04-12 11:39:39,142 - INFO - [2023] MISSING_CENTRAL: TTZ2E1Mu/Central/bjets/2/py in Skim_TriLep_WWW.root
2026-04-12 11:39:39,221 - INFO - [2023] MISSING_CENTRAL: TTZ2E1Mu/Central/bjets/2/py in Skim_TriLep_ggHToZZTo4L.root
2026-04-12 12:21:25,266 - INFO - [2023] MISSING_CENTRAL: TTZ2E1Mu/Central/bjets/2/py in Skim_TriLep_MuonEG_C_v3.root
2026-04-12 12:21:25,312 - INFO - [2023] MISSING_CENTRAL: TTZ2E1Mu/Central/bjets/2/py in Skim_TriLep_DYJets.root
2026-04-12 12:21:25,312 - INFO - [2023] MISSING_CENTRAL: TTZ2E1Mu/Central/bjets/2/py in Skim_TriLep_DYJets10to50.root
2026-04-12 12:21:25,492 - INFO - [2023] MISSING_CENTRAL: TTZ2E1Mu/Central/bjets/2/py in Skim_TriLep_WWW.root
2026-04-12 12:21:25,573 - INFO - [2023] MISSING_CENTRAL: TTZ2E1Mu/Central/bjets/2/py in Skim_TriLep_ggHToZZTo4L.root
2026-04-12 12:41:04,189 - INFO - [2023] MISSING_CENTRAL: TTZ2E1Mu/Central/bjets/2/py in Skim_TriLep_MuonEG_C_v3.root
2026-04-12 12:41:04,228 - INFO - [2023] MISSING_CENTRAL: TTZ2E1Mu/Central/bjets/2/py in Skim_TriLep_DYJets.root
2026-04-12 12:41:04,229 - INFO - [2023] MISSING_CENTRAL: TTZ2E1Mu/Central/bjets/2/py in Skim_TriLep_DYJets10to50.root
2026-04-12 12:41:04,407 - INFO - [2023] MISSING_CENTRAL: TTZ2E1Mu/Central/bjets/2/py in Skim_TriLep_WWW.root
2026-04-12 12:41:04,470 - INFO - [2023] MISSING_CENTRAL: TTZ2E1Mu/Central/bjets/2/py in Skim_TriLep_ggHToZZTo4L.root
2026-04-12 20:49:13,227 - INFO - [2023] MISSING_CENTRAL: TTZ2E1Mu/Central/bjets/2/py in Skim_TriLep_MuonEG_C_v3.root
2026-04-12 20:49:13,274 - INFO - [2023] MISSING_CENTRAL: TTZ2E1Mu/Central/bjets/2/py in Skim_TriLep_DYJets.root
2026-04-12 20:49:13,275 - INFO - [2023] MISSING_CENTRAL: TTZ2E1Mu/Central/bjets/2/py in Skim_TriLep_DYJets10to50.root
2026-04-12 20:49:13,442 - INFO - [2023] MISSING_CENTRAL: TTZ2E1Mu/Central/bjets/2/py in Skim_TriLep_WWW.root
2026-04-12 20:49:13,497 - INFO - [2023] MISSING_CENTRAL: TTZ2E1Mu/Central/bjets/2/py in Skim_TriLep_ggHToZZTo4L.root
2026-04-12 21:20:47,379 - INFO - [2023] MISSING_CENTRAL: TTZ2E1Mu/Central/bjets/2/py in Skim_TriLep_MuonEG_C_v3.root
2026-04-12 21:20:47,425 - INFO - [2023] MISSING_CENTRAL: TTZ2E1Mu/Central/bjets/2/py in Skim_TriLep_DYJets.root
2026-04-12 21:20:47,426 - INFO - [2023] MISSING_CENTRAL: TTZ2E1Mu/Central/bjets/2/py in Skim_TriLep_DYJets10to50.root
2026-04-12 21:20:47,570 - INFO - [2023] MISSING_CENTRAL: TTZ2E1Mu/Central/bjets/2/py in Skim_TriLep_WWW.root
2026-04-12 21:20:47,627 - INFO - [2023] MISSING_CENTRAL: TTZ2E1Mu/Central/bjets/2/py in Skim_TriLep_ggHToZZTo4L.root
2026-04-13 12:58:33,603 - INFO - [2023] MISSING_CENTRAL: TTZ2E1Mu/Central/bjets/2/py in Skim_TriLep_MuonEG_C_v3.root
2026-04-13 12:58:33,640 - INFO - [2023] MISSING_CENTRAL: TTZ2E1Mu/Central/bjets/2/py in Skim_TriLep_DYJets.root
2026-04-13 12:58:33,640 - INFO - [2023] MISSING_CENTRAL: TTZ2E1Mu/Central/bjets/2/py in Skim_TriLep_DYJets10to50.root
2026-04-13 12:58:33,799 - INFO - [2023] MISSING_CENTRAL: TTZ2E1Mu/Central/bjets/2/py in Skim_TriLep_WWW.root
2026-04-13 12:58:33,869 - INFO - [2023] MISSING_CENTRAL: TTZ2E1Mu/Central/bjets/2/py in Skim_TriLep_ggHToZZTo4L.root
2026-04-16 17:41:05,457 - INFO - [2023] MISSING_CENTRAL: TTZ2E1Mu/Central/bjets/2/py in Skim_TriLep_MuonEG_C_v3.root
2026-04-16 17:41:05,500 - INFO - [2023] MISSING_CENTRAL: TTZ2E1Mu/Central/bjets/2/py in Skim_TriLep_DYJets.root
2026-04-16 17:41:05,501 - INFO - [2023] MISSING_CENTRAL: TTZ2E1Mu/Central/bjets/2/py in Skim_TriLep_DYJets10to50.root
2026-04-16 17:41:05,717 - INFO - [2023] MISSING_CENTRAL: TTZ2E1Mu/Central/bjets/2/py in Skim_TriLep_WWW.root
2026-04-16 17:41:05,813 - INFO - [2023] MISSING_CENTRAL: TTZ2E1Mu/Central/bjets/2/py in Skim_TriLep_ggHToZZTo4L.root
2026-05-04 17:10:31,610 - INFO - [2023] MISSING_CENTRAL: TTZ2E1Mu/Central/bjets/2/py in Skim_TriLep_MuonEG_C_v3.root
2026-05-04 17:10:31,658 - INFO - [2023] MISSING_CENTRAL: TTZ2E1Mu/Central/bjets/2/py in Skim_TriLep_DYJets.root
2026-05-04 17:10:31,658 - INFO - [2023] MISSING_CENTRAL: TTZ2E1Mu/Central/bjets/2/py in Skim_TriLep_DYJets10to50.root
2026-05-04 17:10:31,882 - INFO - [2023] MISSING_CENTRAL: TTZ2E1Mu/Central/bjets/2/py in Skim_TriLep_WWW.root
2026-05-04 17:10:31,982 - INFO - [2023] MISSING_CENTRAL: TTZ2E1Mu/Central/bjets/2/py in Skim_TriLep_ggHToZZTo4L.root
2026-05-28 15:47:19,327 - INFO - [2023] MISSING_CENTRAL: TTZ2E1Mu/Central/bjets/2/py in Skim_TriLep_MuonEG_C_v3.root
2026-05-28 15:47:19,384 - INFO - [2023] MISSING_CENTRAL: TTZ2E1Mu/Central/bjets/2/py in Skim_TriLep_DYJets.root
2026-05-28 15:47:19,385 - INFO - [2023] MISSING_CENTRAL: TTZ2E1Mu/Central/bjets/2/py in Skim_TriLep_DYJets10to50.root
2026-05-28 15:47:19,602 - INFO - [2023] MISSING_CENTRAL: TTZ2E1Mu/Central/bjets/2/py in Skim_TriLep_WWW.root
2026-05-28 15:47:19,697 - INFO - [2023] MISSING_CENTRAL: TTZ2E1Mu/Central/bjets/2/py in Skim_TriLep_ggHToZZTo4L.root
2026-05-29 15:38:15,360 - INFO - [2023] MISSING_CENTRAL: TTZ2E1Mu/Central/bjets/2/py in Skim_TriLep_MuonEG_C_v3.root
2026-05-29 15:38:15,403 - INFO - [2023] MISSING_CENTRAL: TTZ2E1Mu/Central/bjets/2/py in Skim_TriLep_DYJets.root
2026-05-29 15:38:15,404 - INFO - [2023] MISSING_CENTRAL: TTZ2E1Mu/Central/bjets/2/py in Skim_TriLep_DYJets10to50.root
2026-05-29 15:38:15,627 - INFO - [2023] MISSING_CENTRAL: TTZ2E1Mu/Central/bjets/2/py in Skim_TriLep_WWW.root
2026-05-29 15:38:15,722 - INFO - [2023] MISSING_CENTRAL: TTZ2E1Mu/Central/bjets/2/py in Skim_TriLep_ggHToZZTo4L.root
2026-05-29 18:29:36,698 - INFO - [2023] MISSING_CENTRAL: TTZ2E1Mu/Central/bjets/2/py in Skim_TriLep_MuonEG_C_v3.root
2026-05-29 18:29:36,738 - INFO - [2023] MISSING_CENTRAL: TTZ2E1Mu/Central/bjets/2/py in Skim_TriLep_DYJets.root
2026-05-29 18:29:36,739 - INFO - [2023] MISSING_CENTRAL: TTZ2E1Mu/Central/bjets/2/py in Skim_TriLep_DYJets10to50.root
2026-05-29 18:29:36,892 - INFO - [2023] MISSING_CENTRAL: TTZ2E1Mu/Central/bjets/2/py in Skim_TriLep_WWW.root
2026-05-29 18:29:36,960 - INFO - [2023] MISSING_CENTRAL: TTZ2E1Mu/Central/bjets/2/py in Skim_TriLep_ggHToZZTo4L.root
2026-06-12 14:09:35,117 - INFO - [2023] MISSING_CENTRAL: TTZ2E1Mu/Central/bjets/2/py in Skim_TriLep_MuonEG_C_v3.root
2026-06-12 14:09:35,153 - INFO - [2023] MISSING_CENTRAL: TTZ2E1Mu/Central/bjets/2/py in Skim_TriLep_DYJets.root
2026-06-12 14:09:35,153 - INFO - [2023] MISSING_CENTRAL: TTZ2E1Mu/Central/bjets/2/py in Skim_TriLep_DYJets10to50.root
2026-06-12 14:09:35,306 - INFO - [2023] MISSING_CENTRAL: TTZ2E1Mu/Central/bjets/2/py in Skim_TriLep_WWW.root
2026-06-12 14:09:35,374 - INFO - [2023] MISSING_CENTRAL: TTZ2E1Mu/Central/bjets/2/py in Skim_TriLep_ggHToZZTo4L.root
2026-06-12 14:32:47,917 - INFO - [2023] MISSING_CENTRAL: TTZ2E1Mu/Central/bjets/2/py in Skim_TriLep_MuonEG_C_v3.root
2026-06-12 14:32:47,956 - INFO - [2023] MISSING_CENTRAL: TTZ2E1Mu/Central/bjets/2/py in Skim_TriLep_DYJets.root
2026-06-12 14:32:47,956 - INFO - [2023] MISSING_CENTRAL: TTZ2E1Mu/Central/bjets/2/py in Skim_TriLep_DYJets10to50.root
2026-06-12 14:32:48,110 - INFO - [2023] MISSING_CENTRAL: TTZ2E1Mu/Central/bjets/2/py in Skim_TriLep_WWW.root
2026-06-12 14:32:48,178 - INFO - [2023] MISSING_CENTRAL: TTZ2E1Mu/Central/bjets/2/py in Skim_TriLep_ggHToZZTo4L.root
2026-06-18 00:27:27,456 - INFO - [2023] MISSING_CENTRAL: TTZ2E1Mu/Central/bjets/2/py in Skim_TriLep_MuonEG_C_v3.root
2026-06-18 00:27:27,495 - INFO - [2023] MISSING_CENTRAL: TTZ2E1Mu/Central/bjets/2/py in Skim_TriLep_DYJets.root
2026-06-18 00:27:27,495 - INFO - [2023] MISSING_CENTRAL: TTZ2E1Mu/Central/bjets/2/py in Skim_TriLep_DYJets10to50.root
2026-06-18 00:27:27,655 - INFO - [2023] MISSING_CENTRAL: TTZ2E1Mu/Central/bjets/2/py in Skim_TriLep_WWW.root
2026-06-18 00:27:27,727 - INFO - [2023] MISSING_CENTRAL: TTZ2E1Mu/Central/bjets/2/py in Skim_TriLep_ggHToZZTo4L.root
