2025-12-18 14:44:53,650 - INFO - [2023] MISSING_CENTRAL: TTZ2E1Mu/Central/jets/3/py in Skim_TriLep_MuonEG_C_v3.root
2025-12-18 14:44:53,740 - INFO - [2023] MISSING_CENTRAL: TTZ2E1Mu/Central/jets/3/py in Skim_TriLep_DYJets.root
2025-12-18 14:44:53,741 - INFO - [2023] MISSING_CENTRAL: TTZ2E1Mu/Central/jets/3/py in Skim_TriLep_DYJets10to50.root
2025-12-18 14:44:53,790 - INFO - [2023] MISSING_CENTRAL: TTZ2E1Mu/Central/jets/3/py in Skim_TriLep_TTG_PTG100to200.root
2025-12-18 14:44:53,795 - INFO - [2023] MISSING_CENTRAL: TTZ2E1Mu/Central/jets/3/py in Skim_TriLep_TTG_PTG200toInf.root
2025-12-18 14:44:54,279 - INFO - [2023] MISSING_CENTRAL: TTZ2E1Mu/Central/jets/3/py in Skim_TriLep_WWW.root
2025-12-18 14:44:54,557 - INFO - [2023] MISSING_CENTRAL: TTZ2E1Mu/Central/jets/3/py in Skim_TriLep_ggHToZZTo4L.root
2025-12-18 21:35:22,071 - INFO - [2023] MISSING_CENTRAL: TTZ2E1Mu/Central/jets/3/py in Skim_TriLep_MuonEG_C_v3.root
2025-12-18 21:35:22,209 - INFO - [2023] MISSING_CENTRAL: TTZ2E1Mu/Central/jets/3/py in Skim_TriLep_DYJets.root
2025-12-18 21:35:22,210 - INFO - [2023] MISSING_CENTRAL: TTZ2E1Mu/Central/jets/3/py in Skim_TriLep_DYJets10to50.root
2025-12-18 21:35:22,240 - INFO - [2023] MISSING_CENTRAL: TTZ2E1Mu/Central/jets/3/py in Skim_TriLep_TTG_PTG100to200.root
2025-12-18 21:35:22,241 - INFO - [2023] MISSING_CENTRAL: TTZ2E1Mu/Central/jets/3/py in Skim_TriLep_TTG_PTG200toInf.root
2025-12-18 21:35:22,445 - INFO - [2023] MISSING_CENTRAL: TTZ2E1Mu/Central/jets/3/py in Skim_TriLep_WWW.root
2025-12-18 21:35:22,574 - INFO - [2023] MISSING_CENTRAL: TTZ2E1Mu/Central/jets/3/py in Skim_TriLep_ggHToZZTo4L.root
2025-12-18 23:44:23,595 - INFO - [2023] MISSING_CENTRAL: TTZ2E1Mu/Central/jets/3/py in Skim_TriLep_MuonEG_C_v3.root
2025-12-18 23:44:23,643 - INFO - [2023] MISSING_CENTRAL: TTZ2E1Mu/Central/jets/3/py in Skim_TriLep_DYJets.root
2025-12-18 23:44:23,643 - INFO - [2023] MISSING_CENTRAL: TTZ2E1Mu/Central/jets/3/py in Skim_TriLep_DYJets10to50.root
2025-12-18 23:44:23,662 - INFO - [2023] MISSING_CENTRAL: TTZ2E1Mu/Central/jets/3/py in Skim_TriLep_TTG_PTG100to200.root
2025-12-18 23:44:23,663 - INFO - [2023] MISSING_CENTRAL: TTZ2E1Mu/Central/jets/3/py in Skim_TriLep_TTG_PTG200toInf.root
2025-12-18 23:44:23,880 - INFO - [2023] MISSING_CENTRAL: TTZ2E1Mu/Central/jets/3/py in Skim_TriLep_WWW.root
2025-12-18 23:44:23,963 - INFO - [2023] MISSING_CENTRAL: TTZ2E1Mu/Central/jets/3/py in Skim_TriLep_ggHToZZTo4L.root
2026-01-07 11:24:24,705 - INFO - [2023] MISSING_CENTRAL: TTZ2E1Mu/Central/jets/3/py in Skim_TriLep_MuonEG_C_v3.root
2026-01-07 11:24:24,842 - INFO - [2023] MISSING_CENTRAL: TTZ2E1Mu/Central/jets/3/py in Skim_TriLep_DYJets.root
2026-01-07 11:24:24,843 - INFO - [2023] MISSING_CENTRAL: TTZ2E1Mu/Central/jets/3/py in Skim_TriLep_DYJets10to50.root
2026-01-07 11:24:24,902 - INFO - [2023] MISSING_CENTRAL: TTZ2E1Mu/Central/jets/3/py in Skim_TriLep_TTG_PTG100to200.root
2026-01-07 11:24:24,905 - INFO - [2023] MISSING_CENTRAL: TTZ2E1Mu/Central/jets/3/py in Skim_TriLep_TTG_PTG200toInf.root
2026-01-07 11:24:25,213 - INFO - [2023] MISSING_CENTRAL: TTZ2E1Mu/Central/jets/3/py in Skim_TriLep_WWW.root
2026-01-07 11:24:25,397 - INFO - [2023] MISSING_CENTRAL: TTZ2E1Mu/Central/jets/3/py in Skim_TriLep_ggHToZZTo4L.root
2026-01-07 11:53:47,039 - INFO - [2023] MISSING_CENTRAL: TTZ2E1Mu/Central/jets/3/py in Skim_TriLep_MuonEG_C_v3.root
2026-01-07 11:53:47,107 - INFO - [2023] MISSING_CENTRAL: TTZ2E1Mu/Central/jets/3/py in Skim_TriLep_DYJets.root
2026-01-07 11:53:47,111 - INFO - [2023] MISSING_CENTRAL: TTZ2E1Mu/Central/jets/3/py in Skim_TriLep_DYJets10to50.root
2026-01-07 11:53:47,141 - INFO - [2023] MISSING_CENTRAL: TTZ2E1Mu/Central/jets/3/py in Skim_TriLep_TTG_PTG100to200.root
2026-01-07 11:53:47,142 - INFO - [2023] MISSING_CENTRAL: TTZ2E1Mu/Central/jets/3/py in Skim_TriLep_TTG_PTG200toInf.root
2026-01-07 11:53:47,356 - INFO - [2023] MISSING_CENTRAL: TTZ2E1Mu/Central/jets/3/py in Skim_TriLep_WWW.root
2026-01-07 11:53:47,486 - INFO - [2023] MISSING_CENTRAL: TTZ2E1Mu/Central/jets/3/py in Skim_TriLep_ggHToZZTo4L.root
2026-01-07 18:50:22,895 - INFO - [2023] MISSING_CENTRAL: TTZ2E1Mu/Central/jets/3/py in Skim_TriLep_MuonEG_C_v3.root
2026-01-07 18:50:22,956 - INFO - [2023] MISSING_CENTRAL: TTZ2E1Mu/Central/jets/3/py in Skim_TriLep_DYJets.root
2026-01-07 18:50:22,957 - INFO - [2023] MISSING_CENTRAL: TTZ2E1Mu/Central/jets/3/py in Skim_TriLep_DYJets10to50.root
2026-01-07 18:50:22,989 - INFO - [2023] MISSING_CENTRAL: TTZ2E1Mu/Central/jets/3/py in Skim_TriLep_TTG_PTG100to200.root
2026-01-07 18:50:22,992 - INFO - [2023] MISSING_CENTRAL: TTZ2E1Mu/Central/jets/3/py in Skim_TriLep_TTG_PTG200toInf.root
2026-01-07 18:50:23,217 - INFO - [2023] MISSING_CENTRAL: TTZ2E1Mu/Central/jets/3/py in Skim_TriLep_WWW.root
2026-01-07 18:50:23,360 - INFO - [2023] MISSING_CENTRAL: TTZ2E1Mu/Central/jets/3/py in Skim_TriLep_ggHToZZTo4L.root
2026-01-09 12:25:15,869 - INFO - [2023] MISSING_CENTRAL: TTZ2E1Mu/Central/jets/3/py in Skim_TriLep_MuonEG_C_v3.root
2026-01-09 12:25:15,915 - INFO - [2023] MISSING_CENTRAL: TTZ2E1Mu/Central/jets/3/py in Skim_TriLep_DYJets.root
2026-01-09 12:25:15,916 - INFO - [2023] MISSING_CENTRAL: TTZ2E1Mu/Central/jets/3/py in Skim_TriLep_DYJets10to50.root
2026-01-09 12:25:15,933 - INFO - [2023] MISSING_CENTRAL: TTZ2E1Mu/Central/jets/3/py in Skim_TriLep_TTG_PTG100to200.root
2026-01-09 12:25:15,934 - INFO - [2023] MISSING_CENTRAL: TTZ2E1Mu/Central/jets/3/py in Skim_TriLep_TTG_PTG200toInf.root
2026-01-09 12:25:16,045 - INFO - [2023] MISSING_CENTRAL: TTZ2E1Mu/Central/jets/3/py in Skim_TriLep_WWW.root
2026-01-09 12:25:16,119 - INFO - [2023] MISSING_CENTRAL: TTZ2E1Mu/Central/jets/3/py in Skim_TriLep_ggHToZZTo4L.root
2026-01-11 09:45:16,465 - INFO - [2023] MISSING_CENTRAL: TTZ2E1Mu/Central/jets/3/py in Skim_TriLep_MuonEG_C_v3.root
2026-01-11 09:45:16,512 - INFO - [2023] MISSING_CENTRAL: TTZ2E1Mu/Central/jets/3/py in Skim_TriLep_DYJets.root
2026-01-11 09:45:16,512 - INFO - [2023] MISSING_CENTRAL: TTZ2E1Mu/Central/jets/3/py in Skim_TriLep_DYJets10to50.root
2026-01-11 09:45:16,533 - INFO - [2023] MISSING_CENTRAL: TTZ2E1Mu/Central/jets/3/py in Skim_TriLep_TTG_PTG100to200.root
2026-01-11 09:45:16,534 - INFO - [2023] MISSING_CENTRAL: TTZ2E1Mu/Central/jets/3/py in Skim_TriLep_TTG_PTG200toInf.root
2026-01-11 09:45:16,657 - INFO - [2023] MISSING_CENTRAL: TTZ2E1Mu/Central/jets/3/py in Skim_TriLep_WWW.root
2026-01-11 09:45:16,734 - INFO - [2023] MISSING_CENTRAL: TTZ2E1Mu/Central/jets/3/py in Skim_TriLep_ggHToZZTo4L.root
2026-01-12 13:54:05,658 - INFO - [2023] MISSING_CENTRAL: TTZ2E1Mu/Central/jets/3/py in Skim_TriLep_MuonEG_C_v3.root
2026-01-12 13:54:05,705 - INFO - [2023] MISSING_CENTRAL: TTZ2E1Mu/Central/jets/3/py in Skim_TriLep_DYJets.root
2026-01-12 13:54:05,705 - INFO - [2023] MISSING_CENTRAL: TTZ2E1Mu/Central/jets/3/py in Skim_TriLep_DYJets10to50.root
2026-01-12 13:54:05,725 - INFO - [2023] MISSING_CENTRAL: TTZ2E1Mu/Central/jets/3/py in Skim_TriLep_TTG_PTG100to200.root
2026-01-12 13:54:05,726 - INFO - [2023] MISSING_CENTRAL: TTZ2E1Mu/Central/jets/3/py in Skim_TriLep_TTG_PTG200toInf.root
2026-01-12 13:54:05,846 - INFO - [2023] MISSING_CENTRAL: TTZ2E1Mu/Central/jets/3/py in Skim_TriLep_WWW.root
2026-01-12 13:54:05,924 - INFO - [2023] MISSING_CENTRAL: TTZ2E1Mu/Central/jets/3/py in Skim_TriLep_ggHToZZTo4L.root
2026-01-16 19:08:52,966 - INFO - [2023] MISSING_CENTRAL: TTZ2E1Mu/Central/jets/3/py in Skim_TriLep_MuonEG_C_v3.root
2026-01-16 19:08:53,011 - INFO - [2023] MISSING_CENTRAL: TTZ2E1Mu/Central/jets/3/py in Skim_TriLep_DYJets.root
2026-01-16 19:08:53,012 - INFO - [2023] MISSING_CENTRAL: TTZ2E1Mu/Central/jets/3/py in Skim_TriLep_DYJets10to50.root
2026-01-16 19:08:53,032 - INFO - [2023] MISSING_CENTRAL: TTZ2E1Mu/Central/jets/3/py in Skim_TriLep_TTG_PTG100to200.root
2026-01-16 19:08:53,032 - INFO - [2023] MISSING_CENTRAL: TTZ2E1Mu/Central/jets/3/py in Skim_TriLep_TTG_PTG200toInf.root
2026-01-16 19:08:53,161 - INFO - [2023] MISSING_CENTRAL: TTZ2E1Mu/Central/jets/3/py in Skim_TriLep_WWW.root
2026-01-16 19:08:53,241 - INFO - [2023] MISSING_CENTRAL: TTZ2E1Mu/Central/jets/3/py in Skim_TriLep_ggHToZZTo4L.root
2026-01-28 17:06:19,333 - INFO - [2023] MISSING_CENTRAL: TTZ2E1Mu/Central/jets/3/py in Skim_TriLep_MuonEG_C_v3.root
2026-01-28 17:06:19,377 - INFO - [2023] MISSING_CENTRAL: TTZ2E1Mu/Central/jets/3/py in Skim_TriLep_DYJets.root
2026-01-28 17:06:19,378 - INFO - [2023] MISSING_CENTRAL: TTZ2E1Mu/Central/jets/3/py in Skim_TriLep_DYJets10to50.root
2026-01-28 17:06:19,402 - INFO - [2023] MISSING_CENTRAL: TTZ2E1Mu/Central/jets/3/py in Skim_TriLep_TTG_PTG100to200.root
2026-01-28 17:06:19,403 - INFO - [2023] MISSING_CENTRAL: TTZ2E1Mu/Central/jets/3/py in Skim_TriLep_TTG_PTG200toInf.root
2026-01-28 17:06:19,610 - INFO - [2023] MISSING_CENTRAL: TTZ2E1Mu/Central/jets/3/py in Skim_TriLep_WWW.root
2026-01-28 17:06:19,738 - INFO - [2023] MISSING_CENTRAL: TTZ2E1Mu/Central/jets/3/py in Skim_TriLep_ggHToZZTo4L.root
2026-01-28 17:26:57,002 - INFO - [2023] MISSING_CENTRAL: TTZ2E1Mu/Central/jets/3/py in Skim_TriLep_MuonEG_C_v3.root
2026-01-28 17:26:57,101 - INFO - [2023] MISSING_CENTRAL: TTZ2E1Mu/Central/jets/3/py in Skim_TriLep_DYJets.root
2026-01-28 17:26:57,104 - INFO - [2023] MISSING_CENTRAL: TTZ2E1Mu/Central/jets/3/py in Skim_TriLep_DYJets10to50.root
2026-01-28 17:26:57,133 - INFO - [2023] MISSING_CENTRAL: TTZ2E1Mu/Central/jets/3/py in Skim_TriLep_TTG_PTG100to200.root
2026-01-28 17:26:57,134 - INFO - [2023] MISSING_CENTRAL: TTZ2E1Mu/Central/jets/3/py in Skim_TriLep_TTG_PTG200toInf.root
2026-01-28 17:26:57,325 - INFO - [2023] MISSING_CENTRAL: TTZ2E1Mu/Central/jets/3/py in Skim_TriLep_WWW.root
2026-01-28 17:26:57,442 - INFO - [2023] MISSING_CENTRAL: TTZ2E1Mu/Central/jets/3/py in Skim_TriLep_ggHToZZTo4L.root
2026-01-28 20:00:36,960 - INFO - [2023] MISSING_CENTRAL: TTZ2E1Mu/Central/jets/3/py in Skim_TriLep_MuonEG_C_v3.root
2026-01-28 20:00:37,011 - INFO - [2023] MISSING_CENTRAL: TTZ2E1Mu/Central/jets/3/py in Skim_TriLep_DYJets.root
2026-01-28 20:00:37,012 - INFO - [2023] MISSING_CENTRAL: TTZ2E1Mu/Central/jets/3/py in Skim_TriLep_DYJets10to50.root
2026-01-28 20:00:37,042 - INFO - [2023] MISSING_CENTRAL: TTZ2E1Mu/Central/jets/3/py in Skim_TriLep_TTG_PTG100to200.root
2026-01-28 20:00:37,043 - INFO - [2023] MISSING_CENTRAL: TTZ2E1Mu/Central/jets/3/py in Skim_TriLep_TTG_PTG200toInf.root
2026-01-28 20:00:37,258 - INFO - [2023] MISSING_CENTRAL: TTZ2E1Mu/Central/jets/3/py in Skim_TriLep_WWW.root
2026-01-28 20:00:37,377 - INFO - [2023] MISSING_CENTRAL: TTZ2E1Mu/Central/jets/3/py in Skim_TriLep_ggHToZZTo4L.root
2026-01-29 07:17:22,980 - INFO - [2023] MISSING_CENTRAL: TTZ2E1Mu/Central/jets/3/py in Skim_TriLep_MuonEG_C_v3.root
2026-01-29 07:17:23,028 - INFO - [2023] MISSING_CENTRAL: TTZ2E1Mu/Central/jets/3/py in Skim_TriLep_DYJets.root
2026-01-29 07:17:23,028 - INFO - [2023] MISSING_CENTRAL: TTZ2E1Mu/Central/jets/3/py in Skim_TriLep_DYJets10to50.root
2026-01-29 07:17:23,047 - INFO - [2023] MISSING_CENTRAL: TTZ2E1Mu/Central/jets/3/py in Skim_TriLep_TTG_PTG100to200.root
2026-01-29 07:17:23,048 - INFO - [2023] MISSING_CENTRAL: TTZ2E1Mu/Central/jets/3/py in Skim_TriLep_TTG_PTG200toInf.root
2026-01-29 07:17:23,180 - INFO - [2023] MISSING_CENTRAL: TTZ2E1Mu/Central/jets/3/py in Skim_TriLep_WWW.root
2026-01-29 07:17:23,258 - INFO - [2023] MISSING_CENTRAL: TTZ2E1Mu/Central/jets/3/py in Skim_TriLep_ggHToZZTo4L.root
2026-03-06 09:43:34,886 - INFO - [2023] MISSING_CENTRAL: TTZ2E1Mu/Central/jets/3/py in Skim_TriLep_MuonEG_C_v3.root
2026-03-06 09:43:34,935 - INFO - [2023] MISSING_CENTRAL: TTZ2E1Mu/Central/jets/3/py in Skim_TriLep_DYJets.root
2026-03-06 09:43:34,935 - INFO - [2023] MISSING_CENTRAL: TTZ2E1Mu/Central/jets/3/py in Skim_TriLep_DYJets10to50.root
2026-03-06 09:43:34,954 - INFO - [2023] MISSING_CENTRAL: TTZ2E1Mu/Central/jets/3/py in Skim_TriLep_TTG_PTG100to200.root
2026-03-06 09:43:34,955 - INFO - [2023] MISSING_CENTRAL: TTZ2E1Mu/Central/jets/3/py in Skim_TriLep_TTG_PTG200toInf.root
2026-03-06 09:43:35,116 - INFO - [2023] MISSING_CENTRAL: TTZ2E1Mu/Central/jets/3/py in Skim_TriLep_WWW.root
2026-03-06 09:43:35,199 - INFO - [2023] MISSING_CENTRAL: TTZ2E1Mu/Central/jets/3/py in Skim_TriLep_ggHToZZTo4L.root
2026-03-06 19:49:21,165 - INFO - [2023] MISSING_CENTRAL: TTZ2E1Mu/Central/jets/3/py in Skim_TriLep_MuonEG_C_v3.root
2026-03-06 19:49:21,220 - INFO - [2023] MISSING_CENTRAL: TTZ2E1Mu/Central/jets/3/py in Skim_TriLep_DYJets.root
2026-03-06 19:49:21,220 - INFO - [2023] MISSING_CENTRAL: TTZ2E1Mu/Central/jets/3/py in Skim_TriLep_DYJets10to50.root
2026-03-06 19:49:21,241 - INFO - [2023] MISSING_CENTRAL: TTZ2E1Mu/Central/jets/3/py in Skim_TriLep_TTG_PTG100to200.root
2026-03-06 19:49:21,241 - INFO - [2023] MISSING_CENTRAL: TTZ2E1Mu/Central/jets/3/py in Skim_TriLep_TTG_PTG200toInf.root
2026-03-06 19:49:21,380 - INFO - [2023] MISSING_CENTRAL: TTZ2E1Mu/Central/jets/3/py in Skim_TriLep_WWW.root
2026-03-06 19:49:21,457 - INFO - [2023] MISSING_CENTRAL: TTZ2E1Mu/Central/jets/3/py in Skim_TriLep_ggHToZZTo4L.root
2026-04-10 20:24:17,219 - INFO - [2023] MISSING_CENTRAL: TTZ2E1Mu/Central/jets/3/py in Skim_TriLep_MuonEG_C_v3.root
2026-04-10 20:24:17,267 - INFO - [2023] MISSING_CENTRAL: TTZ2E1Mu/Central/jets/3/py in Skim_TriLep_DYJets.root
2026-04-10 20:24:17,268 - INFO - [2023] MISSING_CENTRAL: TTZ2E1Mu/Central/jets/3/py in Skim_TriLep_DYJets10to50.root
2026-04-10 20:24:17,289 - INFO - [2023] MISSING_CENTRAL: TTZ2E1Mu/Central/jets/3/py in Skim_TriLep_TTG_PTG100to200.root
2026-04-10 20:24:17,290 - INFO - [2023] MISSING_CENTRAL: TTZ2E1Mu/Central/jets/3/py in Skim_TriLep_TTG_PTG200toInf.root
2026-04-10 20:24:17,431 - INFO - [2023] MISSING_CENTRAL: TTZ2E1Mu/Central/jets/3/py in Skim_TriLep_WWW.root
2026-04-10 20:24:17,515 - INFO - [2023] MISSING_CENTRAL: TTZ2E1Mu/Central/jets/3/py in Skim_TriLep_ggHToZZTo4L.root
2026-04-12 11:39:36,865 - INFO - [2023] MISSING_CENTRAL: TTZ2E1Mu/Central/jets/3/py in Skim_TriLep_MuonEG_C_v3.root
2026-04-12 11:39:36,910 - INFO - [2023] MISSING_CENTRAL: TTZ2E1Mu/Central/jets/3/py in Skim_TriLep_DYJets.root
2026-04-12 11:39:36,911 - INFO - [2023] MISSING_CENTRAL: TTZ2E1Mu/Central/jets/3/py in Skim_TriLep_DYJets10to50.root
2026-04-12 11:39:36,930 - INFO - [2023] MISSING_CENTRAL: TTZ2E1Mu/Central/jets/3/py in Skim_TriLep_TTG_PTG100to200.root
2026-04-12 11:39:36,931 - INFO - [2023] MISSING_CENTRAL: TTZ2E1Mu/Central/jets/3/py in Skim_TriLep_TTG_PTG200toInf.root
2026-04-12 11:39:37,065 - INFO - [2023] MISSING_CENTRAL: TTZ2E1Mu/Central/jets/3/py in Skim_TriLep_WWW.root
2026-04-12 11:39:37,147 - INFO - [2023] MISSING_CENTRAL: TTZ2E1Mu/Central/jets/3/py in Skim_TriLep_ggHToZZTo4L.root
2026-04-12 12:21:23,242 - INFO - [2023] MISSING_CENTRAL: TTZ2E1Mu/Central/jets/3/py in Skim_TriLep_MuonEG_C_v3.root
2026-04-12 12:21:23,289 - INFO - [2023] MISSING_CENTRAL: TTZ2E1Mu/Central/jets/3/py in Skim_TriLep_DYJets.root
2026-04-12 12:21:23,289 - INFO - [2023] MISSING_CENTRAL: TTZ2E1Mu/Central/jets/3/py in Skim_TriLep_DYJets10to50.root
2026-04-12 12:21:23,307 - INFO - [2023] MISSING_CENTRAL: TTZ2E1Mu/Central/jets/3/py in Skim_TriLep_TTG_PTG100to200.root
2026-04-12 12:21:23,308 - INFO - [2023] MISSING_CENTRAL: TTZ2E1Mu/Central/jets/3/py in Skim_TriLep_TTG_PTG200toInf.root
2026-04-12 12:21:23,434 - INFO - [2023] MISSING_CENTRAL: TTZ2E1Mu/Central/jets/3/py in Skim_TriLep_WWW.root
2026-04-12 12:21:23,517 - INFO - [2023] MISSING_CENTRAL: TTZ2E1Mu/Central/jets/3/py in Skim_TriLep_ggHToZZTo4L.root
2026-04-12 12:41:02,222 - INFO - [2023] MISSING_CENTRAL: TTZ2E1Mu/Central/jets/3/py in Skim_TriLep_MuonEG_C_v3.root
2026-04-12 12:41:02,271 - INFO - [2023] MISSING_CENTRAL: TTZ2E1Mu/Central/jets/3/py in Skim_TriLep_DYJets.root
2026-04-12 12:41:02,272 - INFO - [2023] MISSING_CENTRAL: TTZ2E1Mu/Central/jets/3/py in Skim_TriLep_DYJets10to50.root
2026-04-12 12:41:02,292 - INFO - [2023] MISSING_CENTRAL: TTZ2E1Mu/Central/jets/3/py in Skim_TriLep_TTG_PTG100to200.root
2026-04-12 12:41:02,293 - INFO - [2023] MISSING_CENTRAL: TTZ2E1Mu/Central/jets/3/py in Skim_TriLep_TTG_PTG200toInf.root
2026-04-12 12:41:02,427 - INFO - [2023] MISSING_CENTRAL: TTZ2E1Mu/Central/jets/3/py in Skim_TriLep_WWW.root
2026-04-12 12:41:02,508 - INFO - [2023] MISSING_CENTRAL: TTZ2E1Mu/Central/jets/3/py in Skim_TriLep_ggHToZZTo4L.root
2026-04-12 20:49:11,181 - INFO - [2023] MISSING_CENTRAL: TTZ2E1Mu/Central/jets/3/py in Skim_TriLep_MuonEG_C_v3.root
2026-04-12 20:49:11,226 - INFO - [2023] MISSING_CENTRAL: TTZ2E1Mu/Central/jets/3/py in Skim_TriLep_DYJets.root
2026-04-12 20:49:11,227 - INFO - [2023] MISSING_CENTRAL: TTZ2E1Mu/Central/jets/3/py in Skim_TriLep_DYJets10to50.root
2026-04-12 20:49:11,247 - INFO - [2023] MISSING_CENTRAL: TTZ2E1Mu/Central/jets/3/py in Skim_TriLep_TTG_PTG100to200.root
2026-04-12 20:49:11,247 - INFO - [2023] MISSING_CENTRAL: TTZ2E1Mu/Central/jets/3/py in Skim_TriLep_TTG_PTG200toInf.root
2026-04-12 20:49:11,375 - INFO - [2023] MISSING_CENTRAL: TTZ2E1Mu/Central/jets/3/py in Skim_TriLep_WWW.root
2026-04-12 20:49:11,462 - INFO - [2023] MISSING_CENTRAL: TTZ2E1Mu/Central/jets/3/py in Skim_TriLep_ggHToZZTo4L.root
2026-04-12 21:20:45,314 - INFO - [2023] MISSING_CENTRAL: TTZ2E1Mu/Central/jets/3/py in Skim_TriLep_MuonEG_C_v3.root
2026-04-12 21:20:45,365 - INFO - [2023] MISSING_CENTRAL: TTZ2E1Mu/Central/jets/3/py in Skim_TriLep_DYJets.root
2026-04-12 21:20:45,366 - INFO - [2023] MISSING_CENTRAL: TTZ2E1Mu/Central/jets/3/py in Skim_TriLep_DYJets10to50.root
2026-04-12 21:20:45,387 - INFO - [2023] MISSING_CENTRAL: TTZ2E1Mu/Central/jets/3/py in Skim_TriLep_TTG_PTG100to200.root
2026-04-12 21:20:45,387 - INFO - [2023] MISSING_CENTRAL: TTZ2E1Mu/Central/jets/3/py in Skim_TriLep_TTG_PTG200toInf.root
2026-04-12 21:20:45,529 - INFO - [2023] MISSING_CENTRAL: TTZ2E1Mu/Central/jets/3/py in Skim_TriLep_WWW.root
2026-04-12 21:20:45,614 - INFO - [2023] MISSING_CENTRAL: TTZ2E1Mu/Central/jets/3/py in Skim_TriLep_ggHToZZTo4L.root
2026-04-13 12:58:31,502 - INFO - [2023] MISSING_CENTRAL: TTZ2E1Mu/Central/jets/3/py in Skim_TriLep_MuonEG_C_v3.root
2026-04-13 12:58:31,546 - INFO - [2023] MISSING_CENTRAL: TTZ2E1Mu/Central/jets/3/py in Skim_TriLep_DYJets.root
2026-04-13 12:58:31,547 - INFO - [2023] MISSING_CENTRAL: TTZ2E1Mu/Central/jets/3/py in Skim_TriLep_DYJets10to50.root
2026-04-13 12:58:31,574 - INFO - [2023] MISSING_CENTRAL: TTZ2E1Mu/Central/jets/3/py in Skim_TriLep_TTG_PTG100to200.root
2026-04-13 12:58:31,575 - INFO - [2023] MISSING_CENTRAL: TTZ2E1Mu/Central/jets/3/py in Skim_TriLep_TTG_PTG200toInf.root
2026-04-13 12:58:31,800 - INFO - [2023] MISSING_CENTRAL: TTZ2E1Mu/Central/jets/3/py in Skim_TriLep_WWW.root
2026-04-13 12:58:31,918 - INFO - [2023] MISSING_CENTRAL: TTZ2E1Mu/Central/jets/3/py in Skim_TriLep_ggHToZZTo4L.root
2026-04-16 17:41:03,448 - INFO - [2023] MISSING_CENTRAL: TTZ2E1Mu/Central/jets/3/py in Skim_TriLep_MuonEG_C_v3.root
2026-04-16 17:41:03,493 - INFO - [2023] MISSING_CENTRAL: TTZ2E1Mu/Central/jets/3/py in Skim_TriLep_DYJets.root
2026-04-16 17:41:03,494 - INFO - [2023] MISSING_CENTRAL: TTZ2E1Mu/Central/jets/3/py in Skim_TriLep_DYJets10to50.root
2026-04-16 17:41:03,517 - INFO - [2023] MISSING_CENTRAL: TTZ2E1Mu/Central/jets/3/py in Skim_TriLep_TTG_PTG100to200.root
2026-04-16 17:41:03,517 - INFO - [2023] MISSING_CENTRAL: TTZ2E1Mu/Central/jets/3/py in Skim_TriLep_TTG_PTG200toInf.root
2026-04-16 17:41:03,690 - INFO - [2023] MISSING_CENTRAL: TTZ2E1Mu/Central/jets/3/py in Skim_TriLep_WWW.root
2026-04-16 17:41:03,798 - INFO - [2023] MISSING_CENTRAL: TTZ2E1Mu/Central/jets/3/py in Skim_TriLep_ggHToZZTo4L.root
2026-05-04 17:10:29,538 - INFO - [2023] MISSING_CENTRAL: TTZ2E1Mu/Central/jets/3/py in Skim_TriLep_MuonEG_C_v3.root
2026-05-04 17:10:29,582 - INFO - [2023] MISSING_CENTRAL: TTZ2E1Mu/Central/jets/3/py in Skim_TriLep_DYJets.root
2026-05-04 17:10:29,583 - INFO - [2023] MISSING_CENTRAL: TTZ2E1Mu/Central/jets/3/py in Skim_TriLep_DYJets10to50.root
2026-05-04 17:10:29,604 - INFO - [2023] MISSING_CENTRAL: TTZ2E1Mu/Central/jets/3/py in Skim_TriLep_TTG_PTG100to200.root
2026-05-04 17:10:29,604 - INFO - [2023] MISSING_CENTRAL: TTZ2E1Mu/Central/jets/3/py in Skim_TriLep_TTG_PTG200toInf.root
2026-05-04 17:10:29,767 - INFO - [2023] MISSING_CENTRAL: TTZ2E1Mu/Central/jets/3/py in Skim_TriLep_WWW.root
2026-05-04 17:10:29,868 - INFO - [2023] MISSING_CENTRAL: TTZ2E1Mu/Central/jets/3/py in Skim_TriLep_ggHToZZTo4L.root
2026-05-28 15:47:19,255 - INFO - [2023] MISSING_CENTRAL: TTZ2E1Mu/Central/jets/3/py in Skim_TriLep_MuonEG_C_v3.root
2026-05-28 15:47:19,315 - INFO - [2023] MISSING_CENTRAL: TTZ2E1Mu/Central/jets/3/py in Skim_TriLep_DYJets.root
2026-05-28 15:47:19,316 - INFO - [2023] MISSING_CENTRAL: TTZ2E1Mu/Central/jets/3/py in Skim_TriLep_DYJets10to50.root
2026-05-28 15:47:19,355 - INFO - [2023] MISSING_CENTRAL: TTZ2E1Mu/Central/jets/3/py in Skim_TriLep_TTG_PTG100to200.root
2026-05-28 15:47:19,356 - INFO - [2023] MISSING_CENTRAL: TTZ2E1Mu/Central/jets/3/py in Skim_TriLep_TTG_PTG200toInf.root
2026-05-28 15:47:19,642 - INFO - [2023] MISSING_CENTRAL: TTZ2E1Mu/Central/jets/3/py in Skim_TriLep_WWW.root
2026-05-28 15:47:19,817 - INFO - [2023] MISSING_CENTRAL: TTZ2E1Mu/Central/jets/3/py in Skim_TriLep_ggHToZZTo4L.root
2026-05-29 15:38:13,403 - INFO - [2023] MISSING_CENTRAL: TTZ2E1Mu/Central/jets/3/py in Skim_TriLep_MuonEG_C_v3.root
2026-05-29 15:38:13,447 - INFO - [2023] MISSING_CENTRAL: TTZ2E1Mu/Central/jets/3/py in Skim_TriLep_DYJets.root
2026-05-29 15:38:13,448 - INFO - [2023] MISSING_CENTRAL: TTZ2E1Mu/Central/jets/3/py in Skim_TriLep_DYJets10to50.root
2026-05-29 15:38:13,471 - INFO - [2023] MISSING_CENTRAL: TTZ2E1Mu/Central/jets/3/py in Skim_TriLep_TTG_PTG100to200.root
2026-05-29 15:38:13,472 - INFO - [2023] MISSING_CENTRAL: TTZ2E1Mu/Central/jets/3/py in Skim_TriLep_TTG_PTG200toInf.root
2026-05-29 15:38:13,634 - INFO - [2023] MISSING_CENTRAL: TTZ2E1Mu/Central/jets/3/py in Skim_TriLep_WWW.root
2026-05-29 15:38:13,734 - INFO - [2023] MISSING_CENTRAL: TTZ2E1Mu/Central/jets/3/py in Skim_TriLep_ggHToZZTo4L.root
2026-05-29 18:29:34,885 - INFO - [2023] MISSING_CENTRAL: TTZ2E1Mu/Central/jets/3/py in Skim_TriLep_MuonEG_C_v3.root
2026-05-29 18:29:34,930 - INFO - [2023] MISSING_CENTRAL: TTZ2E1Mu/Central/jets/3/py in Skim_TriLep_DYJets.root
2026-05-29 18:29:34,931 - INFO - [2023] MISSING_CENTRAL: TTZ2E1Mu/Central/jets/3/py in Skim_TriLep_DYJets10to50.root
2026-05-29 18:29:34,954 - INFO - [2023] MISSING_CENTRAL: TTZ2E1Mu/Central/jets/3/py in Skim_TriLep_TTG_PTG100to200.root
2026-05-29 18:29:34,954 - INFO - [2023] MISSING_CENTRAL: TTZ2E1Mu/Central/jets/3/py in Skim_TriLep_TTG_PTG200toInf.root
2026-05-29 18:29:35,128 - INFO - [2023] MISSING_CENTRAL: TTZ2E1Mu/Central/jets/3/py in Skim_TriLep_WWW.root
2026-05-29 18:29:35,230 - INFO - [2023] MISSING_CENTRAL: TTZ2E1Mu/Central/jets/3/py in Skim_TriLep_ggHToZZTo4L.root
2026-06-12 14:09:33,149 - INFO - [2023] MISSING_CENTRAL: TTZ2E1Mu/Central/jets/3/py in Skim_TriLep_MuonEG_C_v3.root
2026-06-12 14:09:33,192 - INFO - [2023] MISSING_CENTRAL: TTZ2E1Mu/Central/jets/3/py in Skim_TriLep_DYJets.root
2026-06-12 14:09:33,192 - INFO - [2023] MISSING_CENTRAL: TTZ2E1Mu/Central/jets/3/py in Skim_TriLep_DYJets10to50.root
2026-06-12 14:09:33,215 - INFO - [2023] MISSING_CENTRAL: TTZ2E1Mu/Central/jets/3/py in Skim_TriLep_TTG_PTG100to200.root
2026-06-12 14:09:33,216 - INFO - [2023] MISSING_CENTRAL: TTZ2E1Mu/Central/jets/3/py in Skim_TriLep_TTG_PTG200toInf.root
2026-06-12 14:09:33,372 - INFO - [2023] MISSING_CENTRAL: TTZ2E1Mu/Central/jets/3/py in Skim_TriLep_WWW.root
2026-06-12 14:09:33,469 - INFO - [2023] MISSING_CENTRAL: TTZ2E1Mu/Central/jets/3/py in Skim_TriLep_ggHToZZTo4L.root
2026-06-12 14:32:45,840 - INFO - [2023] MISSING_CENTRAL: TTZ2E1Mu/Central/jets/3/py in Skim_TriLep_MuonEG_C_v3.root
2026-06-12 14:32:45,884 - INFO - [2023] MISSING_CENTRAL: TTZ2E1Mu/Central/jets/3/py in Skim_TriLep_DYJets.root
2026-06-12 14:32:45,884 - INFO - [2023] MISSING_CENTRAL: TTZ2E1Mu/Central/jets/3/py in Skim_TriLep_DYJets10to50.root
2026-06-12 14:32:45,907 - INFO - [2023] MISSING_CENTRAL: TTZ2E1Mu/Central/jets/3/py in Skim_TriLep_TTG_PTG100to200.root
2026-06-12 14:32:45,908 - INFO - [2023] MISSING_CENTRAL: TTZ2E1Mu/Central/jets/3/py in Skim_TriLep_TTG_PTG200toInf.root
2026-06-12 14:32:46,075 - INFO - [2023] MISSING_CENTRAL: TTZ2E1Mu/Central/jets/3/py in Skim_TriLep_WWW.root
2026-06-12 14:32:46,174 - INFO - [2023] MISSING_CENTRAL: TTZ2E1Mu/Central/jets/3/py in Skim_TriLep_ggHToZZTo4L.root
