2026-01-16 19:10:43,615 - INFO - [2023BPix] MISSING_CENTRAL: SR3Mu/Central/bjets/3/px in Skim_TriLep_Muon0_D_v2.root
2026-01-16 19:10:43,616 - INFO - [2023BPix] MISSING_CENTRAL: SR3Mu/Central/bjets/3/px in Skim_TriLep_Muon1_D_v1.root
2026-01-16 19:10:43,616 - INFO - [2023BPix] MISSING_CENTRAL: SR3Mu/Central/bjets/3/px in Skim_TriLep_Muon1_D_v2.root
2026-01-16 19:10:43,639 - INFO - [2023BPix] MISSING_CENTRAL: SR3Mu/Central/bjets/3/px in Skim_TriLep_Muon0_D_v1.root
2026-01-16 19:10:43,639 - INFO - [2023BPix] MISSING_CENTRAL: SR3Mu/Central/bjets/3/px in Skim_TriLep_Muon0_D_v2.root
2026-01-16 19:10:43,640 - INFO - [2023BPix] MISSING_CENTRAL: SR3Mu/Central/bjets/3/px in Skim_TriLep_Muon1_D_v1.root
2026-01-16 19:10:43,640 - INFO - [2023BPix] MISSING_CENTRAL: SR3Mu/Central/bjets/3/px in Skim_TriLep_Muon1_D_v2.root
2026-01-16 19:10:43,641 - INFO - [2023BPix] MISSING_CENTRAL: SR3Mu/Central/bjets/3/px in Skim_TriLep_DYJets.root
2026-01-16 19:10:43,642 - INFO - [2023BPix] MISSING_CENTRAL: SR3Mu/Central/bjets/3/px in Skim_TriLep_DYJets10to50.root
2026-01-16 19:10:43,642 - INFO - [2023BPix] MISSING_CENTRAL: SR3Mu/Central/bjets/3/px in Skim_TriLep_TTG_PTG10to100.root
2026-01-16 19:10:43,643 - INFO - [2023BPix] MISSING_CENTRAL: SR3Mu/Central/bjets/3/px in Skim_TriLep_TTG_PTG100to200.root
2026-01-16 19:10:43,644 - INFO - [2023BPix] MISSING_CENTRAL: SR3Mu/Central/bjets/3/px in Skim_TriLep_TTG_PTG200toInf.root
2026-01-16 19:10:43,644 - INFO - [2023BPix] MISSING_CENTRAL: SR3Mu/Central/bjets/3/px in Skim_TriLep_TTWToLNu.root
2026-01-16 19:10:43,701 - INFO - [2023BPix] MISSING_CENTRAL: SR3Mu/Central/bjets/3/px in Skim_TriLep_WZTo3LNu_powheg.root
2026-01-16 19:10:43,730 - INFO - [2023BPix] MISSING_CENTRAL: SR3Mu/Central/bjets/3/px in Skim_TriLep_tHq.root
2026-01-16 19:10:43,731 - INFO - [2023BPix] MISSING_CENTRAL: SR3Mu/Central/bjets/3/px in Skim_TriLep_WWW.root
2026-01-16 19:10:43,731 - INFO - [2023BPix] MISSING_CENTRAL: SR3Mu/Central/bjets/3/px in Skim_TriLep_WWZ.root
2026-01-16 19:10:43,732 - INFO - [2023BPix] MISSING_CENTRAL: SR3Mu/Central/bjets/3/px in Skim_TriLep_WZZ.root
2026-01-16 19:10:43,733 - INFO - [2023BPix] MISSING_CENTRAL: SR3Mu/Central/bjets/3/px in Skim_TriLep_ZZZ.root
2026-01-16 19:10:43,748 - INFO - [2023BPix] MISSING_CENTRAL: SR3Mu/Central/bjets/3/px in Skim_TriLep_VBFHToZZTo4L.root
2026-01-16 19:10:43,749 - INFO - [2023BPix] MISSING_CENTRAL: SR3Mu/Central/bjets/3/px in Skim_TriLep_ggHToZZTo4L.root
2026-01-28 17:07:49,684 - INFO - [2023BPix] MISSING_CENTRAL: SR3Mu/Central/bjets/3/px in Skim_TriLep_Muon0_D_v2.root
2026-01-28 17:07:49,684 - INFO - [2023BPix] MISSING_CENTRAL: SR3Mu/Central/bjets/3/px in Skim_TriLep_Muon1_D_v1.root
2026-01-28 17:07:49,685 - INFO - [2023BPix] MISSING_CENTRAL: SR3Mu/Central/bjets/3/px in Skim_TriLep_Muon1_D_v2.root
2026-01-28 17:07:49,715 - INFO - [2023BPix] MISSING_CENTRAL: SR3Mu/Central/bjets/3/px in Skim_TriLep_Muon0_D_v1.root
2026-01-28 17:07:49,716 - INFO - [2023BPix] MISSING_CENTRAL: SR3Mu/Central/bjets/3/px in Skim_TriLep_Muon0_D_v2.root
2026-01-28 17:07:49,716 - INFO - [2023BPix] MISSING_CENTRAL: SR3Mu/Central/bjets/3/px in Skim_TriLep_Muon1_D_v1.root
2026-01-28 17:07:49,717 - INFO - [2023BPix] MISSING_CENTRAL: SR3Mu/Central/bjets/3/px in Skim_TriLep_Muon1_D_v2.root
2026-01-28 17:07:49,718 - INFO - [2023BPix] MISSING_CENTRAL: SR3Mu/Central/bjets/3/px in Skim_TriLep_DYJets.root
2026-01-28 17:07:49,718 - INFO - [2023BPix] MISSING_CENTRAL: SR3Mu/Central/bjets/3/px in Skim_TriLep_DYJets10to50.root
2026-01-28 17:07:49,719 - INFO - [2023BPix] MISSING_CENTRAL: SR3Mu/Central/bjets/3/px in Skim_TriLep_TTG_PTG10to100.root
2026-01-28 17:07:49,720 - INFO - [2023BPix] MISSING_CENTRAL: SR3Mu/Central/bjets/3/px in Skim_TriLep_TTG_PTG100to200.root
2026-01-28 17:07:49,721 - INFO - [2023BPix] MISSING_CENTRAL: SR3Mu/Central/bjets/3/px in Skim_TriLep_TTG_PTG200toInf.root
2026-01-28 17:07:49,722 - INFO - [2023BPix] MISSING_CENTRAL: SR3Mu/Central/bjets/3/px in Skim_TriLep_TTWToLNu.root
2026-01-28 17:07:49,824 - INFO - [2023BPix] MISSING_CENTRAL: SR3Mu/Central/bjets/3/px in Skim_TriLep_WZTo3LNu_powheg.root
2026-01-28 17:07:49,845 - INFO - [2023BPix] MISSING_CENTRAL: SR3Mu/Central/bjets/3/px in Skim_TriLep_tHq.root
2026-01-28 17:07:49,846 - INFO - [2023BPix] MISSING_CENTRAL: SR3Mu/Central/bjets/3/px in Skim_TriLep_WWW.root
2026-01-28 17:07:49,847 - INFO - [2023BPix] MISSING_CENTRAL: SR3Mu/Central/bjets/3/px in Skim_TriLep_WWZ.root
2026-01-28 17:07:49,848 - INFO - [2023BPix] MISSING_CENTRAL: SR3Mu/Central/bjets/3/px in Skim_TriLep_WZZ.root
2026-01-28 17:07:49,848 - INFO - [2023BPix] MISSING_CENTRAL: SR3Mu/Central/bjets/3/px in Skim_TriLep_ZZZ.root
2026-01-28 17:07:49,871 - INFO - [2023BPix] MISSING_CENTRAL: SR3Mu/Central/bjets/3/px in Skim_TriLep_VBFHToZZTo4L.root
2026-01-28 17:07:49,872 - INFO - [2023BPix] MISSING_CENTRAL: SR3Mu/Central/bjets/3/px in Skim_TriLep_ggHToZZTo4L.root
2026-01-28 17:28:23,711 - INFO - [2023BPix] MISSING_CENTRAL: SR3Mu/Central/bjets/3/px in Skim_TriLep_Muon0_D_v2.root
2026-01-28 17:28:23,712 - INFO - [2023BPix] MISSING_CENTRAL: SR3Mu/Central/bjets/3/px in Skim_TriLep_Muon1_D_v1.root
2026-01-28 17:28:23,712 - INFO - [2023BPix] MISSING_CENTRAL: SR3Mu/Central/bjets/3/px in Skim_TriLep_Muon1_D_v2.root
2026-01-28 17:28:23,736 - INFO - [2023BPix] MISSING_CENTRAL: SR3Mu/Central/bjets/3/px in Skim_TriLep_Muon0_D_v1.root
2026-01-28 17:28:23,737 - INFO - [2023BPix] MISSING_CENTRAL: SR3Mu/Central/bjets/3/px in Skim_TriLep_Muon0_D_v2.root
2026-01-28 17:28:23,739 - INFO - [2023BPix] MISSING_CENTRAL: SR3Mu/Central/bjets/3/px in Skim_TriLep_Muon1_D_v1.root
2026-01-28 17:28:23,740 - INFO - [2023BPix] MISSING_CENTRAL: SR3Mu/Central/bjets/3/px in Skim_TriLep_Muon1_D_v2.root
2026-01-28 17:28:23,741 - INFO - [2023BPix] MISSING_CENTRAL: SR3Mu/Central/bjets/3/px in Skim_TriLep_DYJets.root
2026-01-28 17:28:23,741 - INFO - [2023BPix] MISSING_CENTRAL: SR3Mu/Central/bjets/3/px in Skim_TriLep_DYJets10to50.root
2026-01-28 17:28:23,742 - INFO - [2023BPix] MISSING_CENTRAL: SR3Mu/Central/bjets/3/px in Skim_TriLep_TTG_PTG10to100.root
2026-01-28 17:28:23,742 - INFO - [2023BPix] MISSING_CENTRAL: SR3Mu/Central/bjets/3/px in Skim_TriLep_TTG_PTG100to200.root
2026-01-28 17:28:23,743 - INFO - [2023BPix] MISSING_CENTRAL: SR3Mu/Central/bjets/3/px in Skim_TriLep_TTG_PTG200toInf.root
2026-01-28 17:28:23,744 - INFO - [2023BPix] MISSING_CENTRAL: SR3Mu/Central/bjets/3/px in Skim_TriLep_TTWToLNu.root
2026-01-28 17:28:23,854 - INFO - [2023BPix] MISSING_CENTRAL: SR3Mu/Central/bjets/3/px in Skim_TriLep_WZTo3LNu_powheg.root
2026-01-28 17:28:23,878 - INFO - [2023BPix] MISSING_CENTRAL: SR3Mu/Central/bjets/3/px in Skim_TriLep_tHq.root
2026-01-28 17:28:23,879 - INFO - [2023BPix] MISSING_CENTRAL: SR3Mu/Central/bjets/3/px in Skim_TriLep_WWW.root
2026-01-28 17:28:23,879 - INFO - [2023BPix] MISSING_CENTRAL: SR3Mu/Central/bjets/3/px in Skim_TriLep_WWZ.root
2026-01-28 17:28:23,880 - INFO - [2023BPix] MISSING_CENTRAL: SR3Mu/Central/bjets/3/px in Skim_TriLep_WZZ.root
2026-01-28 17:28:23,880 - INFO - [2023BPix] MISSING_CENTRAL: SR3Mu/Central/bjets/3/px in Skim_TriLep_ZZZ.root
2026-01-28 17:28:23,905 - INFO - [2023BPix] MISSING_CENTRAL: SR3Mu/Central/bjets/3/px in Skim_TriLep_VBFHToZZTo4L.root
2026-01-28 17:28:23,906 - INFO - [2023BPix] MISSING_CENTRAL: SR3Mu/Central/bjets/3/px in Skim_TriLep_ggHToZZTo4L.root
2026-01-28 20:02:06,064 - INFO - [2023BPix] MISSING_CENTRAL: SR3Mu/Central/bjets/3/px in Skim_TriLep_Muon0_D_v2.root
2026-01-28 20:02:06,064 - INFO - [2023BPix] MISSING_CENTRAL: SR3Mu/Central/bjets/3/px in Skim_TriLep_Muon1_D_v1.root
2026-01-28 20:02:06,065 - INFO - [2023BPix] MISSING_CENTRAL: SR3Mu/Central/bjets/3/px in Skim_TriLep_Muon1_D_v2.root
2026-01-28 20:02:06,088 - INFO - [2023BPix] MISSING_CENTRAL: SR3Mu/Central/bjets/3/px in Skim_TriLep_Muon0_D_v1.root
2026-01-28 20:02:06,089 - INFO - [2023BPix] MISSING_CENTRAL: SR3Mu/Central/bjets/3/px in Skim_TriLep_Muon0_D_v2.root
2026-01-28 20:02:06,089 - INFO - [2023BPix] MISSING_CENTRAL: SR3Mu/Central/bjets/3/px in Skim_TriLep_Muon1_D_v1.root
2026-01-28 20:02:06,090 - INFO - [2023BPix] MISSING_CENTRAL: SR3Mu/Central/bjets/3/px in Skim_TriLep_Muon1_D_v2.root
2026-01-28 20:02:06,090 - INFO - [2023BPix] MISSING_CENTRAL: SR3Mu/Central/bjets/3/px in Skim_TriLep_DYJets.root
2026-01-28 20:02:06,091 - INFO - [2023BPix] MISSING_CENTRAL: SR3Mu/Central/bjets/3/px in Skim_TriLep_DYJets10to50.root
2026-01-28 20:02:06,092 - INFO - [2023BPix] MISSING_CENTRAL: SR3Mu/Central/bjets/3/px in Skim_TriLep_TTG_PTG10to100.root
2026-01-28 20:02:06,093 - INFO - [2023BPix] MISSING_CENTRAL: SR3Mu/Central/bjets/3/px in Skim_TriLep_TTG_PTG100to200.root
2026-01-28 20:02:06,093 - INFO - [2023BPix] MISSING_CENTRAL: SR3Mu/Central/bjets/3/px in Skim_TriLep_TTG_PTG200toInf.root
2026-01-28 20:02:06,094 - INFO - [2023BPix] MISSING_CENTRAL: SR3Mu/Central/bjets/3/px in Skim_TriLep_TTWToLNu.root
2026-01-28 20:02:06,200 - INFO - [2023BPix] MISSING_CENTRAL: SR3Mu/Central/bjets/3/px in Skim_TriLep_WZTo3LNu_powheg.root
2026-01-28 20:02:06,224 - INFO - [2023BPix] MISSING_CENTRAL: SR3Mu/Central/bjets/3/px in Skim_TriLep_tHq.root
2026-01-28 20:02:06,225 - INFO - [2023BPix] MISSING_CENTRAL: SR3Mu/Central/bjets/3/px in Skim_TriLep_WWW.root
2026-01-28 20:02:06,226 - INFO - [2023BPix] MISSING_CENTRAL: SR3Mu/Central/bjets/3/px in Skim_TriLep_WWZ.root
2026-01-28 20:02:06,226 - INFO - [2023BPix] MISSING_CENTRAL: SR3Mu/Central/bjets/3/px in Skim_TriLep_WZZ.root
2026-01-28 20:02:06,227 - INFO - [2023BPix] MISSING_CENTRAL: SR3Mu/Central/bjets/3/px in Skim_TriLep_ZZZ.root
2026-01-28 20:02:06,250 - INFO - [2023BPix] MISSING_CENTRAL: SR3Mu/Central/bjets/3/px in Skim_TriLep_VBFHToZZTo4L.root
2026-01-28 20:02:06,251 - INFO - [2023BPix] MISSING_CENTRAL: SR3Mu/Central/bjets/3/px in Skim_TriLep_ggHToZZTo4L.root
2026-01-29 07:18:45,771 - INFO - [2023BPix] MISSING_CENTRAL: SR3Mu/Central/bjets/3/px in Skim_TriLep_Muon0_D_v2.root
2026-01-29 07:18:45,772 - INFO - [2023BPix] MISSING_CENTRAL: SR3Mu/Central/bjets/3/px in Skim_TriLep_Muon1_D_v1.root
2026-01-29 07:18:45,773 - INFO - [2023BPix] MISSING_CENTRAL: SR3Mu/Central/bjets/3/px in Skim_TriLep_Muon1_D_v2.root
2026-01-29 07:18:45,796 - INFO - [2023BPix] MISSING_CENTRAL: SR3Mu/Central/bjets/3/px in Skim_TriLep_Muon0_D_v1.root
2026-01-29 07:18:45,796 - INFO - [2023BPix] MISSING_CENTRAL: SR3Mu/Central/bjets/3/px in Skim_TriLep_Muon0_D_v2.root
2026-01-29 07:18:45,797 - INFO - [2023BPix] MISSING_CENTRAL: SR3Mu/Central/bjets/3/px in Skim_TriLep_Muon1_D_v1.root
2026-01-29 07:18:45,797 - INFO - [2023BPix] MISSING_CENTRAL: SR3Mu/Central/bjets/3/px in Skim_TriLep_Muon1_D_v2.root
2026-01-29 07:18:45,798 - INFO - [2023BPix] MISSING_CENTRAL: SR3Mu/Central/bjets/3/px in Skim_TriLep_DYJets.root
2026-01-29 07:18:45,799 - INFO - [2023BPix] MISSING_CENTRAL: SR3Mu/Central/bjets/3/px in Skim_TriLep_DYJets10to50.root
2026-01-29 07:18:45,799 - INFO - [2023BPix] MISSING_CENTRAL: SR3Mu/Central/bjets/3/px in Skim_TriLep_TTG_PTG10to100.root
2026-01-29 07:18:45,800 - INFO - [2023BPix] MISSING_CENTRAL: SR3Mu/Central/bjets/3/px in Skim_TriLep_TTG_PTG100to200.root
2026-01-29 07:18:45,800 - INFO - [2023BPix] MISSING_CENTRAL: SR3Mu/Central/bjets/3/px in Skim_TriLep_TTG_PTG200toInf.root
2026-01-29 07:18:45,801 - INFO - [2023BPix] MISSING_CENTRAL: SR3Mu/Central/bjets/3/px in Skim_TriLep_TTWToLNu.root
2026-01-29 07:18:45,872 - INFO - [2023BPix] MISSING_CENTRAL: SR3Mu/Central/bjets/3/px in Skim_TriLep_WZTo3LNu_powheg.root
2026-01-29 07:18:45,888 - INFO - [2023BPix] MISSING_CENTRAL: SR3Mu/Central/bjets/3/px in Skim_TriLep_tHq.root
2026-01-29 07:18:45,889 - INFO - [2023BPix] MISSING_CENTRAL: SR3Mu/Central/bjets/3/px in Skim_TriLep_WWW.root
2026-01-29 07:18:45,890 - INFO - [2023BPix] MISSING_CENTRAL: SR3Mu/Central/bjets/3/px in Skim_TriLep_WWZ.root
2026-01-29 07:18:45,890 - INFO - [2023BPix] MISSING_CENTRAL: SR3Mu/Central/bjets/3/px in Skim_TriLep_WZZ.root
2026-01-29 07:18:45,891 - INFO - [2023BPix] MISSING_CENTRAL: SR3Mu/Central/bjets/3/px in Skim_TriLep_ZZZ.root
2026-01-29 07:18:45,907 - INFO - [2023BPix] MISSING_CENTRAL: SR3Mu/Central/bjets/3/px in Skim_TriLep_VBFHToZZTo4L.root
2026-01-29 07:18:45,908 - INFO - [2023BPix] MISSING_CENTRAL: SR3Mu/Central/bjets/3/px in Skim_TriLep_ggHToZZTo4L.root
2026-03-06 09:44:19,743 - INFO - [2023BPix] MISSING_CENTRAL: SR3Mu/Central/bjets/3/px in Skim_TriLep_Muon0_D_v2.root
2026-03-06 09:44:19,744 - INFO - [2023BPix] MISSING_CENTRAL: SR3Mu/Central/bjets/3/px in Skim_TriLep_Muon1_D_v1.root
2026-03-06 09:44:19,745 - INFO - [2023BPix] MISSING_CENTRAL: SR3Mu/Central/bjets/3/px in Skim_TriLep_Muon1_D_v2.root
2026-03-06 09:44:19,770 - INFO - [2023BPix] MISSING_CENTRAL: SR3Mu/Central/bjets/3/px in Skim_TriLep_Muon0_D_v1.root
2026-03-06 09:44:19,770 - INFO - [2023BPix] MISSING_CENTRAL: SR3Mu/Central/bjets/3/px in Skim_TriLep_Muon0_D_v2.root
2026-03-06 09:44:19,771 - INFO - [2023BPix] MISSING_CENTRAL: SR3Mu/Central/bjets/3/px in Skim_TriLep_Muon1_D_v1.root
2026-03-06 09:44:19,771 - INFO - [2023BPix] MISSING_CENTRAL: SR3Mu/Central/bjets/3/px in Skim_TriLep_Muon1_D_v2.root
2026-03-06 09:44:19,772 - INFO - [2023BPix] MISSING_CENTRAL: SR3Mu/Central/bjets/3/px in Skim_TriLep_DYJets.root
2026-03-06 09:44:19,773 - INFO - [2023BPix] MISSING_CENTRAL: SR3Mu/Central/bjets/3/px in Skim_TriLep_DYJets10to50.root
2026-03-06 09:44:19,773 - INFO - [2023BPix] MISSING_CENTRAL: SR3Mu/Central/bjets/3/px in Skim_TriLep_TTG_PTG10to100.root
2026-03-06 09:44:19,774 - INFO - [2023BPix] MISSING_CENTRAL: SR3Mu/Central/bjets/3/px in Skim_TriLep_TTG_PTG100to200.root
2026-03-06 09:44:19,775 - INFO - [2023BPix] MISSING_CENTRAL: SR3Mu/Central/bjets/3/px in Skim_TriLep_TTG_PTG200toInf.root
2026-03-06 09:44:19,775 - INFO - [2023BPix] MISSING_CENTRAL: SR3Mu/Central/bjets/3/px in Skim_TriLep_TTWToLNu.root
2026-03-06 09:44:19,856 - INFO - [2023BPix] MISSING_CENTRAL: SR3Mu/Central/bjets/3/px in Skim_TriLep_WZTo3LNu_powheg.root
2026-03-06 09:44:19,871 - INFO - [2023BPix] MISSING_CENTRAL: SR3Mu/Central/bjets/3/px in Skim_TriLep_tHq.root
2026-03-06 09:44:19,872 - INFO - [2023BPix] MISSING_CENTRAL: SR3Mu/Central/bjets/3/px in Skim_TriLep_WWW.root
2026-03-06 09:44:19,873 - INFO - [2023BPix] MISSING_CENTRAL: SR3Mu/Central/bjets/3/px in Skim_TriLep_WWZ.root
2026-03-06 09:44:19,873 - INFO - [2023BPix] MISSING_CENTRAL: SR3Mu/Central/bjets/3/px in Skim_TriLep_WZZ.root
2026-03-06 09:44:19,874 - INFO - [2023BPix] MISSING_CENTRAL: SR3Mu/Central/bjets/3/px in Skim_TriLep_ZZZ.root
2026-03-06 09:44:19,889 - INFO - [2023BPix] MISSING_CENTRAL: SR3Mu/Central/bjets/3/px in Skim_TriLep_VBFHToZZTo4L.root
2026-03-06 09:44:19,890 - INFO - [2023BPix] MISSING_CENTRAL: SR3Mu/Central/bjets/3/px in Skim_TriLep_ggHToZZTo4L.root
2026-03-06 19:50:05,729 - INFO - [2023BPix] MISSING_CENTRAL: SR3Mu/Central/bjets/3/px in Skim_TriLep_Muon0_D_v2.root
2026-03-06 19:50:05,729 - INFO - [2023BPix] MISSING_CENTRAL: SR3Mu/Central/bjets/3/px in Skim_TriLep_Muon1_D_v1.root
2026-03-06 19:50:05,730 - INFO - [2023BPix] MISSING_CENTRAL: SR3Mu/Central/bjets/3/px in Skim_TriLep_Muon1_D_v2.root
2026-03-06 19:50:05,753 - INFO - [2023BPix] MISSING_CENTRAL: SR3Mu/Central/bjets/3/px in Skim_TriLep_Muon0_D_v1.root
2026-03-06 19:50:05,754 - INFO - [2023BPix] MISSING_CENTRAL: SR3Mu/Central/bjets/3/px in Skim_TriLep_Muon0_D_v2.root
2026-03-06 19:50:05,754 - INFO - [2023BPix] MISSING_CENTRAL: SR3Mu/Central/bjets/3/px in Skim_TriLep_Muon1_D_v1.root
2026-03-06 19:50:05,755 - INFO - [2023BPix] MISSING_CENTRAL: SR3Mu/Central/bjets/3/px in Skim_TriLep_Muon1_D_v2.root
2026-03-06 19:50:05,756 - INFO - [2023BPix] MISSING_CENTRAL: SR3Mu/Central/bjets/3/px in Skim_TriLep_DYJets.root
2026-03-06 19:50:05,756 - INFO - [2023BPix] MISSING_CENTRAL: SR3Mu/Central/bjets/3/px in Skim_TriLep_DYJets10to50.root
2026-03-06 19:50:05,757 - INFO - [2023BPix] MISSING_CENTRAL: SR3Mu/Central/bjets/3/px in Skim_TriLep_TTG_PTG10to100.root
2026-03-06 19:50:05,758 - INFO - [2023BPix] MISSING_CENTRAL: SR3Mu/Central/bjets/3/px in Skim_TriLep_TTG_PTG100to200.root
2026-03-06 19:50:05,758 - INFO - [2023BPix] MISSING_CENTRAL: SR3Mu/Central/bjets/3/px in Skim_TriLep_TTG_PTG200toInf.root
2026-03-06 19:50:05,759 - INFO - [2023BPix] MISSING_CENTRAL: SR3Mu/Central/bjets/3/px in Skim_TriLep_TTWToLNu.root
2026-03-06 19:50:05,832 - INFO - [2023BPix] MISSING_CENTRAL: SR3Mu/Central/bjets/3/px in Skim_TriLep_WZTo3LNu_powheg.root
2026-03-06 19:50:05,847 - INFO - [2023BPix] MISSING_CENTRAL: SR3Mu/Central/bjets/3/px in Skim_TriLep_tHq.root
2026-03-06 19:50:05,848 - INFO - [2023BPix] MISSING_CENTRAL: SR3Mu/Central/bjets/3/px in Skim_TriLep_WWW.root
2026-03-06 19:50:05,849 - INFO - [2023BPix] MISSING_CENTRAL: SR3Mu/Central/bjets/3/px in Skim_TriLep_WWZ.root
2026-03-06 19:50:05,849 - INFO - [2023BPix] MISSING_CENTRAL: SR3Mu/Central/bjets/3/px in Skim_TriLep_WZZ.root
2026-03-06 19:50:05,850 - INFO - [2023BPix] MISSING_CENTRAL: SR3Mu/Central/bjets/3/px in Skim_TriLep_ZZZ.root
2026-03-06 19:50:05,866 - INFO - [2023BPix] MISSING_CENTRAL: SR3Mu/Central/bjets/3/px in Skim_TriLep_VBFHToZZTo4L.root
2026-03-06 19:50:05,867 - INFO - [2023BPix] MISSING_CENTRAL: SR3Mu/Central/bjets/3/px in Skim_TriLep_ggHToZZTo4L.root
2026-04-10 20:25:00,983 - INFO - [2023BPix] MISSING_CENTRAL: SR3Mu/Central/bjets/3/px in Skim_TriLep_Muon0_D_v2.root
2026-04-10 20:25:00,985 - INFO - [2023BPix] MISSING_CENTRAL: SR3Mu/Central/bjets/3/px in Skim_TriLep_Muon1_D_v1.root
2026-04-10 20:25:00,985 - INFO - [2023BPix] MISSING_CENTRAL: SR3Mu/Central/bjets/3/px in Skim_TriLep_Muon1_D_v2.root
2026-04-10 20:25:01,010 - INFO - [2023BPix] MISSING_CENTRAL: SR3Mu/Central/bjets/3/px in Skim_TriLep_Muon0_D_v1.root
2026-04-10 20:25:01,010 - INFO - [2023BPix] MISSING_CENTRAL: SR3Mu/Central/bjets/3/px in Skim_TriLep_Muon0_D_v2.root
2026-04-10 20:25:01,011 - INFO - [2023BPix] MISSING_CENTRAL: SR3Mu/Central/bjets/3/px in Skim_TriLep_Muon1_D_v1.root
2026-04-10 20:25:01,011 - INFO - [2023BPix] MISSING_CENTRAL: SR3Mu/Central/bjets/3/px in Skim_TriLep_Muon1_D_v2.root
2026-04-10 20:25:01,012 - INFO - [2023BPix] MISSING_CENTRAL: SR3Mu/Central/bjets/3/px in Skim_TriLep_DYJets.root
2026-04-10 20:25:01,013 - INFO - [2023BPix] MISSING_CENTRAL: SR3Mu/Central/bjets/3/px in Skim_TriLep_DYJets10to50.root
2026-04-10 20:25:01,013 - INFO - [2023BPix] MISSING_CENTRAL: SR3Mu/Central/bjets/3/px in Skim_TriLep_TTG_PTG10to100.root
2026-04-10 20:25:01,014 - INFO - [2023BPix] MISSING_CENTRAL: SR3Mu/Central/bjets/3/px in Skim_TriLep_TTG_PTG100to200.root
2026-04-10 20:25:01,014 - INFO - [2023BPix] MISSING_CENTRAL: SR3Mu/Central/bjets/3/px in Skim_TriLep_TTG_PTG200toInf.root
2026-04-10 20:25:01,015 - INFO - [2023BPix] MISSING_CENTRAL: SR3Mu/Central/bjets/3/px in Skim_TriLep_TTWToLNu.root
2026-04-10 20:25:01,091 - INFO - [2023BPix] MISSING_CENTRAL: SR3Mu/Central/bjets/3/px in Skim_TriLep_WZTo3LNu_powheg.root
2026-04-10 20:25:01,107 - INFO - [2023BPix] MISSING_CENTRAL: SR3Mu/Central/bjets/3/px in Skim_TriLep_tHq.root
2026-04-10 20:25:01,108 - INFO - [2023BPix] MISSING_CENTRAL: SR3Mu/Central/bjets/3/px in Skim_TriLep_WWW.root
2026-04-10 20:25:01,109 - INFO - [2023BPix] MISSING_CENTRAL: SR3Mu/Central/bjets/3/px in Skim_TriLep_WWZ.root
2026-04-10 20:25:01,109 - INFO - [2023BPix] MISSING_CENTRAL: SR3Mu/Central/bjets/3/px in Skim_TriLep_WZZ.root
2026-04-10 20:25:01,110 - INFO - [2023BPix] MISSING_CENTRAL: SR3Mu/Central/bjets/3/px in Skim_TriLep_ZZZ.root
2026-04-10 20:25:01,126 - INFO - [2023BPix] MISSING_CENTRAL: SR3Mu/Central/bjets/3/px in Skim_TriLep_VBFHToZZTo4L.root
2026-04-10 20:25:01,127 - INFO - [2023BPix] MISSING_CENTRAL: SR3Mu/Central/bjets/3/px in Skim_TriLep_ggHToZZTo4L.root
2026-04-12 11:40:22,724 - INFO - [2023BPix] MISSING_CENTRAL: SR3Mu/Central/bjets/3/px in Skim_TriLep_Muon0_D_v2.root
2026-04-12 11:40:22,725 - INFO - [2023BPix] MISSING_CENTRAL: SR3Mu/Central/bjets/3/px in Skim_TriLep_Muon1_D_v1.root
2026-04-12 11:40:22,726 - INFO - [2023BPix] MISSING_CENTRAL: SR3Mu/Central/bjets/3/px in Skim_TriLep_Muon1_D_v2.root
2026-04-12 11:40:22,750 - INFO - [2023BPix] MISSING_CENTRAL: SR3Mu/Central/bjets/3/px in Skim_TriLep_Muon0_D_v1.root
2026-04-12 11:40:22,751 - INFO - [2023BPix] MISSING_CENTRAL: SR3Mu/Central/bjets/3/px in Skim_TriLep_Muon0_D_v2.root
2026-04-12 11:40:22,752 - INFO - [2023BPix] MISSING_CENTRAL: SR3Mu/Central/bjets/3/px in Skim_TriLep_Muon1_D_v1.root
2026-04-12 11:40:22,752 - INFO - [2023BPix] MISSING_CENTRAL: SR3Mu/Central/bjets/3/px in Skim_TriLep_Muon1_D_v2.root
2026-04-12 11:40:22,753 - INFO - [2023BPix] MISSING_CENTRAL: SR3Mu/Central/bjets/3/px in Skim_TriLep_DYJets.root
2026-04-12 11:40:22,754 - INFO - [2023BPix] MISSING_CENTRAL: SR3Mu/Central/bjets/3/px in Skim_TriLep_DYJets10to50.root
2026-04-12 11:40:22,755 - INFO - [2023BPix] MISSING_CENTRAL: SR3Mu/Central/bjets/3/px in Skim_TriLep_TTG_PTG10to100.root
2026-04-12 11:40:22,755 - INFO - [2023BPix] MISSING_CENTRAL: SR3Mu/Central/bjets/3/px in Skim_TriLep_TTG_PTG100to200.root
2026-04-12 11:40:22,756 - INFO - [2023BPix] MISSING_CENTRAL: SR3Mu/Central/bjets/3/px in Skim_TriLep_TTG_PTG200toInf.root
2026-04-12 11:40:22,757 - INFO - [2023BPix] MISSING_CENTRAL: SR3Mu/Central/bjets/3/px in Skim_TriLep_TTWToLNu.root
2026-04-12 11:40:22,836 - INFO - [2023BPix] MISSING_CENTRAL: SR3Mu/Central/bjets/3/px in Skim_TriLep_WZTo3LNu_powheg.root
2026-04-12 11:40:22,852 - INFO - [2023BPix] MISSING_CENTRAL: SR3Mu/Central/bjets/3/px in Skim_TriLep_tHq.root
2026-04-12 11:40:22,853 - INFO - [2023BPix] MISSING_CENTRAL: SR3Mu/Central/bjets/3/px in Skim_TriLep_WWW.root
2026-04-12 11:40:22,854 - INFO - [2023BPix] MISSING_CENTRAL: SR3Mu/Central/bjets/3/px in Skim_TriLep_WWZ.root
2026-04-12 11:40:22,854 - INFO - [2023BPix] MISSING_CENTRAL: SR3Mu/Central/bjets/3/px in Skim_TriLep_WZZ.root
2026-04-12 11:40:22,855 - INFO - [2023BPix] MISSING_CENTRAL: SR3Mu/Central/bjets/3/px in Skim_TriLep_ZZZ.root
2026-04-12 11:40:22,885 - INFO - [2023BPix] MISSING_CENTRAL: SR3Mu/Central/bjets/3/px in Skim_TriLep_VBFHToZZTo4L.root
2026-04-12 11:40:22,886 - INFO - [2023BPix] MISSING_CENTRAL: SR3Mu/Central/bjets/3/px in Skim_TriLep_ggHToZZTo4L.root
2026-04-12 12:22:06,211 - INFO - [2023BPix] MISSING_CENTRAL: SR3Mu/Central/bjets/3/px in Skim_TriLep_Muon0_D_v2.root
2026-04-12 12:22:06,212 - INFO - [2023BPix] MISSING_CENTRAL: SR3Mu/Central/bjets/3/px in Skim_TriLep_Muon1_D_v1.root
2026-04-12 12:22:06,212 - INFO - [2023BPix] MISSING_CENTRAL: SR3Mu/Central/bjets/3/px in Skim_TriLep_Muon1_D_v2.root
2026-04-12 12:22:06,241 - INFO - [2023BPix] MISSING_CENTRAL: SR3Mu/Central/bjets/3/px in Skim_TriLep_Muon0_D_v1.root
2026-04-12 12:22:06,242 - INFO - [2023BPix] MISSING_CENTRAL: SR3Mu/Central/bjets/3/px in Skim_TriLep_Muon0_D_v2.root
2026-04-12 12:22:06,243 - INFO - [2023BPix] MISSING_CENTRAL: SR3Mu/Central/bjets/3/px in Skim_TriLep_Muon1_D_v1.root
2026-04-12 12:22:06,243 - INFO - [2023BPix] MISSING_CENTRAL: SR3Mu/Central/bjets/3/px in Skim_TriLep_Muon1_D_v2.root
2026-04-12 12:22:06,245 - INFO - [2023BPix] MISSING_CENTRAL: SR3Mu/Central/bjets/3/px in Skim_TriLep_DYJets.root
2026-04-12 12:22:06,245 - INFO - [2023BPix] MISSING_CENTRAL: SR3Mu/Central/bjets/3/px in Skim_TriLep_DYJets10to50.root
2026-04-12 12:22:06,246 - INFO - [2023BPix] MISSING_CENTRAL: SR3Mu/Central/bjets/3/px in Skim_TriLep_TTG_PTG10to100.root
2026-04-12 12:22:06,247 - INFO - [2023BPix] MISSING_CENTRAL: SR3Mu/Central/bjets/3/px in Skim_TriLep_TTG_PTG100to200.root
2026-04-12 12:22:06,248 - INFO - [2023BPix] MISSING_CENTRAL: SR3Mu/Central/bjets/3/px in Skim_TriLep_TTG_PTG200toInf.root
2026-04-12 12:22:06,249 - INFO - [2023BPix] MISSING_CENTRAL: SR3Mu/Central/bjets/3/px in Skim_TriLep_TTWToLNu.root
2026-04-12 12:22:06,329 - INFO - [2023BPix] MISSING_CENTRAL: SR3Mu/Central/bjets/3/px in Skim_TriLep_WZTo3LNu_powheg.root
2026-04-12 12:22:06,345 - INFO - [2023BPix] MISSING_CENTRAL: SR3Mu/Central/bjets/3/px in Skim_TriLep_tHq.root
2026-04-12 12:22:06,346 - INFO - [2023BPix] MISSING_CENTRAL: SR3Mu/Central/bjets/3/px in Skim_TriLep_WWW.root
2026-04-12 12:22:06,346 - INFO - [2023BPix] MISSING_CENTRAL: SR3Mu/Central/bjets/3/px in Skim_TriLep_WWZ.root
2026-04-12 12:22:06,347 - INFO - [2023BPix] MISSING_CENTRAL: SR3Mu/Central/bjets/3/px in Skim_TriLep_WZZ.root
2026-04-12 12:22:06,348 - INFO - [2023BPix] MISSING_CENTRAL: SR3Mu/Central/bjets/3/px in Skim_TriLep_ZZZ.root
2026-04-12 12:22:06,365 - INFO - [2023BPix] MISSING_CENTRAL: SR3Mu/Central/bjets/3/px in Skim_TriLep_VBFHToZZTo4L.root
2026-04-12 12:22:06,366 - INFO - [2023BPix] MISSING_CENTRAL: SR3Mu/Central/bjets/3/px in Skim_TriLep_ggHToZZTo4L.root
2026-04-12 12:41:45,161 - INFO - [2023BPix] MISSING_CENTRAL: SR3Mu/Central/bjets/3/px in Skim_TriLep_Muon0_D_v2.root
2026-04-12 12:41:45,162 - INFO - [2023BPix] MISSING_CENTRAL: SR3Mu/Central/bjets/3/px in Skim_TriLep_Muon1_D_v1.root
2026-04-12 12:41:45,162 - INFO - [2023BPix] MISSING_CENTRAL: SR3Mu/Central/bjets/3/px in Skim_TriLep_Muon1_D_v2.root
2026-04-12 12:41:45,182 - INFO - [2023BPix] MISSING_CENTRAL: SR3Mu/Central/bjets/3/px in Skim_TriLep_Muon0_D_v1.root
2026-04-12 12:41:45,183 - INFO - [2023BPix] MISSING_CENTRAL: SR3Mu/Central/bjets/3/px in Skim_TriLep_Muon0_D_v2.root
2026-04-12 12:41:45,184 - INFO - [2023BPix] MISSING_CENTRAL: SR3Mu/Central/bjets/3/px in Skim_TriLep_Muon1_D_v1.root
2026-04-12 12:41:45,184 - INFO - [2023BPix] MISSING_CENTRAL: SR3Mu/Central/bjets/3/px in Skim_TriLep_Muon1_D_v2.root
2026-04-12 12:41:45,185 - INFO - [2023BPix] MISSING_CENTRAL: SR3Mu/Central/bjets/3/px in Skim_TriLep_DYJets.root
2026-04-12 12:41:45,186 - INFO - [2023BPix] MISSING_CENTRAL: SR3Mu/Central/bjets/3/px in Skim_TriLep_DYJets10to50.root
2026-04-12 12:41:45,187 - INFO - [2023BPix] MISSING_CENTRAL: SR3Mu/Central/bjets/3/px in Skim_TriLep_TTG_PTG10to100.root
2026-04-12 12:41:45,187 - INFO - [2023BPix] MISSING_CENTRAL: SR3Mu/Central/bjets/3/px in Skim_TriLep_TTG_PTG100to200.root
2026-04-12 12:41:45,188 - INFO - [2023BPix] MISSING_CENTRAL: SR3Mu/Central/bjets/3/px in Skim_TriLep_TTG_PTG200toInf.root
2026-04-12 12:41:45,189 - INFO - [2023BPix] MISSING_CENTRAL: SR3Mu/Central/bjets/3/px in Skim_TriLep_TTWToLNu.root
2026-04-12 12:41:45,268 - INFO - [2023BPix] MISSING_CENTRAL: SR3Mu/Central/bjets/3/px in Skim_TriLep_WZTo3LNu_powheg.root
2026-04-12 12:41:45,284 - INFO - [2023BPix] MISSING_CENTRAL: SR3Mu/Central/bjets/3/px in Skim_TriLep_tHq.root
2026-04-12 12:41:45,285 - INFO - [2023BPix] MISSING_CENTRAL: SR3Mu/Central/bjets/3/px in Skim_TriLep_WWW.root
2026-04-12 12:41:45,286 - INFO - [2023BPix] MISSING_CENTRAL: SR3Mu/Central/bjets/3/px in Skim_TriLep_WWZ.root
2026-04-12 12:41:45,287 - INFO - [2023BPix] MISSING_CENTRAL: SR3Mu/Central/bjets/3/px in Skim_TriLep_WZZ.root
2026-04-12 12:41:45,287 - INFO - [2023BPix] MISSING_CENTRAL: SR3Mu/Central/bjets/3/px in Skim_TriLep_ZZZ.root
2026-04-12 12:41:45,305 - INFO - [2023BPix] MISSING_CENTRAL: SR3Mu/Central/bjets/3/px in Skim_TriLep_VBFHToZZTo4L.root
2026-04-12 12:41:45,306 - INFO - [2023BPix] MISSING_CENTRAL: SR3Mu/Central/bjets/3/px in Skim_TriLep_ggHToZZTo4L.root
2026-04-12 20:49:54,839 - INFO - [2023BPix] MISSING_CENTRAL: SR3Mu/Central/bjets/3/px in Skim_TriLep_Muon0_D_v2.root
2026-04-12 20:49:54,840 - INFO - [2023BPix] MISSING_CENTRAL: SR3Mu/Central/bjets/3/px in Skim_TriLep_Muon1_D_v1.root
2026-04-12 20:49:54,841 - INFO - [2023BPix] MISSING_CENTRAL: SR3Mu/Central/bjets/3/px in Skim_TriLep_Muon1_D_v2.root
2026-04-12 20:49:54,866 - INFO - [2023BPix] MISSING_CENTRAL: SR3Mu/Central/bjets/3/px in Skim_TriLep_Muon0_D_v1.root
2026-04-12 20:49:54,867 - INFO - [2023BPix] MISSING_CENTRAL: SR3Mu/Central/bjets/3/px in Skim_TriLep_Muon0_D_v2.root
2026-04-12 20:49:54,868 - INFO - [2023BPix] MISSING_CENTRAL: SR3Mu/Central/bjets/3/px in Skim_TriLep_Muon1_D_v1.root
2026-04-12 20:49:54,868 - INFO - [2023BPix] MISSING_CENTRAL: SR3Mu/Central/bjets/3/px in Skim_TriLep_Muon1_D_v2.root
2026-04-12 20:49:54,869 - INFO - [2023BPix] MISSING_CENTRAL: SR3Mu/Central/bjets/3/px in Skim_TriLep_DYJets.root
2026-04-12 20:49:54,870 - INFO - [2023BPix] MISSING_CENTRAL: SR3Mu/Central/bjets/3/px in Skim_TriLep_DYJets10to50.root
2026-04-12 20:49:54,871 - INFO - [2023BPix] MISSING_CENTRAL: SR3Mu/Central/bjets/3/px in Skim_TriLep_TTG_PTG10to100.root
2026-04-12 20:49:54,872 - INFO - [2023BPix] MISSING_CENTRAL: SR3Mu/Central/bjets/3/px in Skim_TriLep_TTG_PTG100to200.root
2026-04-12 20:49:54,872 - INFO - [2023BPix] MISSING_CENTRAL: SR3Mu/Central/bjets/3/px in Skim_TriLep_TTG_PTG200toInf.root
2026-04-12 20:49:54,873 - INFO - [2023BPix] MISSING_CENTRAL: SR3Mu/Central/bjets/3/px in Skim_TriLep_TTWToLNu.root
2026-04-12 20:49:54,950 - INFO - [2023BPix] MISSING_CENTRAL: SR3Mu/Central/bjets/3/px in Skim_TriLep_WZTo3LNu_powheg.root
2026-04-12 20:49:54,965 - INFO - [2023BPix] MISSING_CENTRAL: SR3Mu/Central/bjets/3/px in Skim_TriLep_tHq.root
2026-04-12 20:49:54,965 - INFO - [2023BPix] MISSING_CENTRAL: SR3Mu/Central/bjets/3/px in Skim_TriLep_WWW.root
2026-04-12 20:49:54,966 - INFO - [2023BPix] MISSING_CENTRAL: SR3Mu/Central/bjets/3/px in Skim_TriLep_WWZ.root
2026-04-12 20:49:54,967 - INFO - [2023BPix] MISSING_CENTRAL: SR3Mu/Central/bjets/3/px in Skim_TriLep_WZZ.root
2026-04-12 20:49:54,967 - INFO - [2023BPix] MISSING_CENTRAL: SR3Mu/Central/bjets/3/px in Skim_TriLep_ZZZ.root
2026-04-12 20:49:54,983 - INFO - [2023BPix] MISSING_CENTRAL: SR3Mu/Central/bjets/3/px in Skim_TriLep_VBFHToZZTo4L.root
2026-04-12 20:49:54,984 - INFO - [2023BPix] MISSING_CENTRAL: SR3Mu/Central/bjets/3/px in Skim_TriLep_ggHToZZTo4L.root
2026-04-12 21:21:28,304 - INFO - [2023BPix] MISSING_CENTRAL: SR3Mu/Central/bjets/3/px in Skim_TriLep_Muon0_D_v2.root
2026-04-12 21:21:28,304 - INFO - [2023BPix] MISSING_CENTRAL: SR3Mu/Central/bjets/3/px in Skim_TriLep_Muon1_D_v1.root
2026-04-12 21:21:28,305 - INFO - [2023BPix] MISSING_CENTRAL: SR3Mu/Central/bjets/3/px in Skim_TriLep_Muon1_D_v2.root
2026-04-12 21:21:28,329 - INFO - [2023BPix] MISSING_CENTRAL: SR3Mu/Central/bjets/3/px in Skim_TriLep_Muon0_D_v1.root
2026-04-12 21:21:28,329 - INFO - [2023BPix] MISSING_CENTRAL: SR3Mu/Central/bjets/3/px in Skim_TriLep_Muon0_D_v2.root
2026-04-12 21:21:28,330 - INFO - [2023BPix] MISSING_CENTRAL: SR3Mu/Central/bjets/3/px in Skim_TriLep_Muon1_D_v1.root
2026-04-12 21:21:28,330 - INFO - [2023BPix] MISSING_CENTRAL: SR3Mu/Central/bjets/3/px in Skim_TriLep_Muon1_D_v2.root
2026-04-12 21:21:28,331 - INFO - [2023BPix] MISSING_CENTRAL: SR3Mu/Central/bjets/3/px in Skim_TriLep_DYJets.root
2026-04-12 21:21:28,332 - INFO - [2023BPix] MISSING_CENTRAL: SR3Mu/Central/bjets/3/px in Skim_TriLep_DYJets10to50.root
2026-04-12 21:21:28,332 - INFO - [2023BPix] MISSING_CENTRAL: SR3Mu/Central/bjets/3/px in Skim_TriLep_TTG_PTG10to100.root
2026-04-12 21:21:28,333 - INFO - [2023BPix] MISSING_CENTRAL: SR3Mu/Central/bjets/3/px in Skim_TriLep_TTG_PTG100to200.root
2026-04-12 21:21:28,334 - INFO - [2023BPix] MISSING_CENTRAL: SR3Mu/Central/bjets/3/px in Skim_TriLep_TTG_PTG200toInf.root
2026-04-12 21:21:28,334 - INFO - [2023BPix] MISSING_CENTRAL: SR3Mu/Central/bjets/3/px in Skim_TriLep_TTWToLNu.root
2026-04-12 21:21:28,411 - INFO - [2023BPix] MISSING_CENTRAL: SR3Mu/Central/bjets/3/px in Skim_TriLep_WZTo3LNu_powheg.root
2026-04-12 21:21:28,426 - INFO - [2023BPix] MISSING_CENTRAL: SR3Mu/Central/bjets/3/px in Skim_TriLep_tHq.root
2026-04-12 21:21:28,427 - INFO - [2023BPix] MISSING_CENTRAL: SR3Mu/Central/bjets/3/px in Skim_TriLep_WWW.root
2026-04-12 21:21:28,427 - INFO - [2023BPix] MISSING_CENTRAL: SR3Mu/Central/bjets/3/px in Skim_TriLep_WWZ.root
2026-04-12 21:21:28,428 - INFO - [2023BPix] MISSING_CENTRAL: SR3Mu/Central/bjets/3/px in Skim_TriLep_WZZ.root
2026-04-12 21:21:28,429 - INFO - [2023BPix] MISSING_CENTRAL: SR3Mu/Central/bjets/3/px in Skim_TriLep_ZZZ.root
2026-04-12 21:21:28,445 - INFO - [2023BPix] MISSING_CENTRAL: SR3Mu/Central/bjets/3/px in Skim_TriLep_VBFHToZZTo4L.root
2026-04-12 21:21:28,446 - INFO - [2023BPix] MISSING_CENTRAL: SR3Mu/Central/bjets/3/px in Skim_TriLep_ggHToZZTo4L.root
2026-04-13 12:59:16,691 - INFO - [2023BPix] MISSING_CENTRAL: SR3Mu/Central/bjets/3/px in Skim_TriLep_Muon0_D_v2.root
2026-04-13 12:59:16,692 - INFO - [2023BPix] MISSING_CENTRAL: SR3Mu/Central/bjets/3/px in Skim_TriLep_Muon1_D_v1.root
2026-04-13 12:59:16,693 - INFO - [2023BPix] MISSING_CENTRAL: SR3Mu/Central/bjets/3/px in Skim_TriLep_Muon1_D_v2.root
2026-04-13 12:59:16,718 - INFO - [2023BPix] MISSING_CENTRAL: SR3Mu/Central/bjets/3/px in Skim_TriLep_Muon0_D_v1.root
2026-04-13 12:59:16,718 - INFO - [2023BPix] MISSING_CENTRAL: SR3Mu/Central/bjets/3/px in Skim_TriLep_Muon0_D_v2.root
2026-04-13 12:59:16,719 - INFO - [2023BPix] MISSING_CENTRAL: SR3Mu/Central/bjets/3/px in Skim_TriLep_Muon1_D_v1.root
2026-04-13 12:59:16,719 - INFO - [2023BPix] MISSING_CENTRAL: SR3Mu/Central/bjets/3/px in Skim_TriLep_Muon1_D_v2.root
2026-04-13 12:59:16,720 - INFO - [2023BPix] MISSING_CENTRAL: SR3Mu/Central/bjets/3/px in Skim_TriLep_DYJets.root
2026-04-13 12:59:16,721 - INFO - [2023BPix] MISSING_CENTRAL: SR3Mu/Central/bjets/3/px in Skim_TriLep_DYJets10to50.root
2026-04-13 12:59:16,721 - INFO - [2023BPix] MISSING_CENTRAL: SR3Mu/Central/bjets/3/px in Skim_TriLep_TTG_PTG10to100.root
2026-04-13 12:59:16,722 - INFO - [2023BPix] MISSING_CENTRAL: SR3Mu/Central/bjets/3/px in Skim_TriLep_TTG_PTG100to200.root
2026-04-13 12:59:16,723 - INFO - [2023BPix] MISSING_CENTRAL: SR3Mu/Central/bjets/3/px in Skim_TriLep_TTG_PTG200toInf.root
2026-04-13 12:59:16,723 - INFO - [2023BPix] MISSING_CENTRAL: SR3Mu/Central/bjets/3/px in Skim_TriLep_TTWToLNu.root
2026-04-13 12:59:16,817 - INFO - [2023BPix] MISSING_CENTRAL: SR3Mu/Central/bjets/3/px in Skim_TriLep_WZTo3LNu_powheg.root
2026-04-13 12:59:16,836 - INFO - [2023BPix] MISSING_CENTRAL: SR3Mu/Central/bjets/3/px in Skim_TriLep_tHq.root
2026-04-13 12:59:16,837 - INFO - [2023BPix] MISSING_CENTRAL: SR3Mu/Central/bjets/3/px in Skim_TriLep_WWW.root
2026-04-13 12:59:16,838 - INFO - [2023BPix] MISSING_CENTRAL: SR3Mu/Central/bjets/3/px in Skim_TriLep_WWZ.root
2026-04-13 12:59:16,838 - INFO - [2023BPix] MISSING_CENTRAL: SR3Mu/Central/bjets/3/px in Skim_TriLep_WZZ.root
2026-04-13 12:59:16,839 - INFO - [2023BPix] MISSING_CENTRAL: SR3Mu/Central/bjets/3/px in Skim_TriLep_ZZZ.root
2026-04-13 12:59:16,861 - INFO - [2023BPix] MISSING_CENTRAL: SR3Mu/Central/bjets/3/px in Skim_TriLep_VBFHToZZTo4L.root
2026-04-13 12:59:16,861 - INFO - [2023BPix] MISSING_CENTRAL: SR3Mu/Central/bjets/3/px in Skim_TriLep_ggHToZZTo4L.root
