2026-01-16 19:12:42,069 - INFO - [2023] MISSING_CENTRAL: SR1E2Mu/Central/bjets/2/pz in Skim_TriLep_MuonEG_C_v3.root
2026-01-16 19:12:42,086 - INFO - [2022] MISSING_CENTRAL: SR1E2Mu/Central/bjets/2/pz in Skim_TriLep_DYJets.root
2026-01-16 19:12:42,087 - INFO - [2022] MISSING_CENTRAL: SR1E2Mu/Central/bjets/2/pz in Skim_TriLep_DYJets10to50.root
2026-01-16 19:12:42,273 - INFO - [2022] MISSING_CENTRAL: SR1E2Mu/Central/bjets/2/pz in Skim_TriLep_WWW.root
2026-01-16 19:12:42,378 - INFO - [2022EE] MISSING_CENTRAL: SR1E2Mu/Central/bjets/2/pz in Skim_TriLep_DYJets.root
2026-01-16 19:12:42,378 - INFO - [2022EE] MISSING_CENTRAL: SR1E2Mu/Central/bjets/2/pz in Skim_TriLep_DYJets10to50.root
2026-01-16 19:12:42,567 - INFO - [2022EE] MISSING_CENTRAL: SR1E2Mu/Central/bjets/2/pz in Skim_TriLep_WWW.root
2026-01-16 19:12:42,689 - INFO - [2023] MISSING_CENTRAL: SR1E2Mu/Central/bjets/2/pz in Skim_TriLep_DYJets10to50.root
2026-01-16 19:12:42,892 - INFO - [2023] MISSING_CENTRAL: SR1E2Mu/Central/bjets/2/pz in Skim_TriLep_WWW.root
2026-01-16 19:12:43,016 - INFO - [2023BPix] MISSING_CENTRAL: SR1E2Mu/Central/bjets/2/pz in Skim_TriLep_DYJets10to50.root
2026-01-16 19:12:43,229 - INFO - [2023BPix] MISSING_CENTRAL: SR1E2Mu/Central/bjets/2/pz in Skim_TriLep_WWW.root
2026-01-16 19:12:43,230 - INFO - [2023BPix] MISSING_CENTRAL: SR1E2Mu/Central/bjets/2/pz in Skim_TriLep_WWZ.root
2026-01-21 13:02:01,401 - INFO - [2023] MISSING_CENTRAL: SR1E2Mu/Central/bjets/2/pz in Skim_TriLep_MuonEG_C_v3.root
2026-01-21 13:02:01,416 - INFO - [2022] MISSING_CENTRAL: SR1E2Mu/Central/bjets/2/pz in Skim_TriLep_DYJets.root
2026-01-21 13:02:01,416 - INFO - [2022] MISSING_CENTRAL: SR1E2Mu/Central/bjets/2/pz in Skim_TriLep_DYJets10to50.root
2026-01-21 13:02:01,598 - INFO - [2022] MISSING_CENTRAL: SR1E2Mu/Central/bjets/2/pz in Skim_TriLep_WWW.root
2026-01-21 13:02:01,694 - INFO - [2022EE] MISSING_CENTRAL: SR1E2Mu/Central/bjets/2/pz in Skim_TriLep_DYJets.root
2026-01-21 13:02:01,695 - INFO - [2022EE] MISSING_CENTRAL: SR1E2Mu/Central/bjets/2/pz in Skim_TriLep_DYJets10to50.root
2026-01-21 13:02:01,885 - INFO - [2022EE] MISSING_CENTRAL: SR1E2Mu/Central/bjets/2/pz in Skim_TriLep_WWW.root
2026-01-21 13:02:02,002 - INFO - [2023] MISSING_CENTRAL: SR1E2Mu/Central/bjets/2/pz in Skim_TriLep_DYJets10to50.root
2026-01-21 13:02:02,184 - INFO - [2023] MISSING_CENTRAL: SR1E2Mu/Central/bjets/2/pz in Skim_TriLep_WWW.root
2026-01-21 13:02:02,300 - INFO - [2023BPix] MISSING_CENTRAL: SR1E2Mu/Central/bjets/2/pz in Skim_TriLep_DYJets10to50.root
2026-01-21 13:02:02,484 - INFO - [2023BPix] MISSING_CENTRAL: SR1E2Mu/Central/bjets/2/pz in Skim_TriLep_WWW.root
2026-01-21 13:02:02,485 - INFO - [2023BPix] MISSING_CENTRAL: SR1E2Mu/Central/bjets/2/pz in Skim_TriLep_WWZ.root
2026-01-21 14:50:29,209 - INFO - [2023] MISSING_CENTRAL: SR1E2Mu/Central/bjets/2/pz in Skim_TriLep_MuonEG_C_v3.root
2026-01-21 14:50:29,225 - INFO - [2022] MISSING_CENTRAL: SR1E2Mu/Central/bjets/2/pz in Skim_TriLep_DYJets.root
2026-01-21 14:50:29,226 - INFO - [2022] MISSING_CENTRAL: SR1E2Mu/Central/bjets/2/pz in Skim_TriLep_DYJets10to50.root
2026-01-21 14:50:29,407 - INFO - [2022] MISSING_CENTRAL: SR1E2Mu/Central/bjets/2/pz in Skim_TriLep_WWW.root
2026-01-21 14:50:29,503 - INFO - [2022EE] MISSING_CENTRAL: SR1E2Mu/Central/bjets/2/pz in Skim_TriLep_DYJets.root
2026-01-21 14:50:29,504 - INFO - [2022EE] MISSING_CENTRAL: SR1E2Mu/Central/bjets/2/pz in Skim_TriLep_DYJets10to50.root
2026-01-21 14:50:29,694 - INFO - [2022EE] MISSING_CENTRAL: SR1E2Mu/Central/bjets/2/pz in Skim_TriLep_WWW.root
2026-01-21 14:50:29,813 - INFO - [2023] MISSING_CENTRAL: SR1E2Mu/Central/bjets/2/pz in Skim_TriLep_DYJets10to50.root
2026-01-21 14:50:30,000 - INFO - [2023] MISSING_CENTRAL: SR1E2Mu/Central/bjets/2/pz in Skim_TriLep_WWW.root
2026-01-21 14:50:30,136 - INFO - [2023BPix] MISSING_CENTRAL: SR1E2Mu/Central/bjets/2/pz in Skim_TriLep_DYJets10to50.root
2026-01-21 14:50:30,337 - INFO - [2023BPix] MISSING_CENTRAL: SR1E2Mu/Central/bjets/2/pz in Skim_TriLep_WWW.root
2026-01-21 14:50:30,338 - INFO - [2023BPix] MISSING_CENTRAL: SR1E2Mu/Central/bjets/2/pz in Skim_TriLep_WWZ.root
2026-01-28 17:09:30,643 - INFO - [2023] MISSING_CENTRAL: SR1E2Mu/Central/bjets/2/pz in Skim_TriLep_MuonEG_C_v3.root
2026-01-28 17:09:30,661 - INFO - [2022] MISSING_CENTRAL: SR1E2Mu/Central/bjets/2/pz in Skim_TriLep_DYJets.root
2026-01-28 17:09:30,662 - INFO - [2022] MISSING_CENTRAL: SR1E2Mu/Central/bjets/2/pz in Skim_TriLep_DYJets10to50.root
2026-01-28 17:09:30,977 - INFO - [2022] MISSING_CENTRAL: SR1E2Mu/Central/bjets/2/pz in Skim_TriLep_WWW.root
2026-01-28 17:09:31,130 - INFO - [2022EE] MISSING_CENTRAL: SR1E2Mu/Central/bjets/2/pz in Skim_TriLep_DYJets.root
2026-01-28 17:09:31,131 - INFO - [2022EE] MISSING_CENTRAL: SR1E2Mu/Central/bjets/2/pz in Skim_TriLep_DYJets10to50.root
2026-01-28 17:09:31,465 - INFO - [2022EE] MISSING_CENTRAL: SR1E2Mu/Central/bjets/2/pz in Skim_TriLep_WWW.root
2026-01-28 17:09:31,663 - INFO - [2023] MISSING_CENTRAL: SR1E2Mu/Central/bjets/2/pz in Skim_TriLep_DYJets10to50.root
2026-01-28 17:09:31,998 - INFO - [2023] MISSING_CENTRAL: SR1E2Mu/Central/bjets/2/pz in Skim_TriLep_WWW.root
2026-01-28 17:09:32,199 - INFO - [2023BPix] MISSING_CENTRAL: SR1E2Mu/Central/bjets/2/pz in Skim_TriLep_DYJets10to50.root
2026-01-28 17:09:32,456 - INFO - [2023BPix] MISSING_CENTRAL: SR1E2Mu/Central/bjets/2/pz in Skim_TriLep_WZTo3LNu_powheg.root
2026-01-28 17:09:32,511 - INFO - [2023BPix] MISSING_CENTRAL: SR1E2Mu/Central/bjets/2/pz in Skim_TriLep_WWW.root
2026-01-28 17:09:32,513 - INFO - [2023BPix] MISSING_CENTRAL: SR1E2Mu/Central/bjets/2/pz in Skim_TriLep_WWZ.root
2026-01-28 17:30:00,030 - INFO - [2023] MISSING_CENTRAL: SR1E2Mu/Central/bjets/2/pz in Skim_TriLep_MuonEG_C_v3.root
2026-01-28 17:30:00,048 - INFO - [2022] MISSING_CENTRAL: SR1E2Mu/Central/bjets/2/pz in Skim_TriLep_DYJets.root
2026-01-28 17:30:00,048 - INFO - [2022] MISSING_CENTRAL: SR1E2Mu/Central/bjets/2/pz in Skim_TriLep_DYJets10to50.root
2026-01-28 17:30:00,352 - INFO - [2022] MISSING_CENTRAL: SR1E2Mu/Central/bjets/2/pz in Skim_TriLep_WWW.root
2026-01-28 17:30:00,525 - INFO - [2022EE] MISSING_CENTRAL: SR1E2Mu/Central/bjets/2/pz in Skim_TriLep_DYJets.root
2026-01-28 17:30:00,526 - INFO - [2022EE] MISSING_CENTRAL: SR1E2Mu/Central/bjets/2/pz in Skim_TriLep_DYJets10to50.root
2026-01-28 17:30:00,831 - INFO - [2022EE] MISSING_CENTRAL: SR1E2Mu/Central/bjets/2/pz in Skim_TriLep_WWW.root
2026-01-28 17:30:01,053 - INFO - [2023] MISSING_CENTRAL: SR1E2Mu/Central/bjets/2/pz in Skim_TriLep_DYJets10to50.root
2026-01-28 17:30:01,366 - INFO - [2023] MISSING_CENTRAL: SR1E2Mu/Central/bjets/2/pz in Skim_TriLep_WWW.root
2026-01-28 17:30:01,573 - INFO - [2023BPix] MISSING_CENTRAL: SR1E2Mu/Central/bjets/2/pz in Skim_TriLep_DYJets10to50.root
2026-01-28 17:30:01,832 - INFO - [2023BPix] MISSING_CENTRAL: SR1E2Mu/Central/bjets/2/pz in Skim_TriLep_WZTo3LNu_powheg.root
2026-01-28 17:30:01,888 - INFO - [2023BPix] MISSING_CENTRAL: SR1E2Mu/Central/bjets/2/pz in Skim_TriLep_WWW.root
2026-01-28 17:30:01,889 - INFO - [2023BPix] MISSING_CENTRAL: SR1E2Mu/Central/bjets/2/pz in Skim_TriLep_WWZ.root
2026-01-28 20:03:50,838 - INFO - [2023] MISSING_CENTRAL: SR1E2Mu/Central/bjets/2/pz in Skim_TriLep_MuonEG_C_v3.root
2026-01-28 20:03:50,857 - INFO - [2022] MISSING_CENTRAL: SR1E2Mu/Central/bjets/2/pz in Skim_TriLep_DYJets.root
2026-01-28 20:03:50,858 - INFO - [2022] MISSING_CENTRAL: SR1E2Mu/Central/bjets/2/pz in Skim_TriLep_DYJets10to50.root
2026-01-28 20:03:51,163 - INFO - [2022] MISSING_CENTRAL: SR1E2Mu/Central/bjets/2/pz in Skim_TriLep_WWW.root
2026-01-28 20:03:51,350 - INFO - [2022EE] MISSING_CENTRAL: SR1E2Mu/Central/bjets/2/pz in Skim_TriLep_DYJets.root
2026-01-28 20:03:51,351 - INFO - [2022EE] MISSING_CENTRAL: SR1E2Mu/Central/bjets/2/pz in Skim_TriLep_DYJets10to50.root
2026-01-28 20:03:51,668 - INFO - [2022EE] MISSING_CENTRAL: SR1E2Mu/Central/bjets/2/pz in Skim_TriLep_WWW.root
2026-01-28 20:03:51,893 - INFO - [2023] MISSING_CENTRAL: SR1E2Mu/Central/bjets/2/pz in Skim_TriLep_DYJets10to50.root
2026-01-28 20:03:52,241 - INFO - [2023] MISSING_CENTRAL: SR1E2Mu/Central/bjets/2/pz in Skim_TriLep_WWW.root
2026-01-28 20:03:52,446 - INFO - [2023BPix] MISSING_CENTRAL: SR1E2Mu/Central/bjets/2/pz in Skim_TriLep_DYJets10to50.root
2026-01-28 20:03:52,680 - INFO - [2023BPix] MISSING_CENTRAL: SR1E2Mu/Central/bjets/2/pz in Skim_TriLep_WZTo3LNu_powheg.root
2026-01-28 20:03:52,738 - INFO - [2023BPix] MISSING_CENTRAL: SR1E2Mu/Central/bjets/2/pz in Skim_TriLep_WWW.root
2026-01-28 20:03:52,739 - INFO - [2023BPix] MISSING_CENTRAL: SR1E2Mu/Central/bjets/2/pz in Skim_TriLep_WWZ.root
2026-01-29 07:20:15,286 - INFO - [2023] MISSING_CENTRAL: SR1E2Mu/Central/bjets/2/pz in Skim_TriLep_MuonEG_C_v3.root
2026-01-29 07:20:15,304 - INFO - [2022] MISSING_CENTRAL: SR1E2Mu/Central/bjets/2/pz in Skim_TriLep_DYJets.root
2026-01-29 07:20:15,305 - INFO - [2022] MISSING_CENTRAL: SR1E2Mu/Central/bjets/2/pz in Skim_TriLep_DYJets10to50.root
2026-01-29 07:20:15,505 - INFO - [2022] MISSING_CENTRAL: SR1E2Mu/Central/bjets/2/pz in Skim_TriLep_WWW.root
2026-01-29 07:20:15,612 - INFO - [2022EE] MISSING_CENTRAL: SR1E2Mu/Central/bjets/2/pz in Skim_TriLep_DYJets.root
2026-01-29 07:20:15,612 - INFO - [2022EE] MISSING_CENTRAL: SR1E2Mu/Central/bjets/2/pz in Skim_TriLep_DYJets10to50.root
2026-01-29 07:20:15,811 - INFO - [2022EE] MISSING_CENTRAL: SR1E2Mu/Central/bjets/2/pz in Skim_TriLep_WWW.root
2026-01-29 07:20:15,941 - INFO - [2023] MISSING_CENTRAL: SR1E2Mu/Central/bjets/2/pz in Skim_TriLep_DYJets10to50.root
2026-01-29 07:20:16,152 - INFO - [2023] MISSING_CENTRAL: SR1E2Mu/Central/bjets/2/pz in Skim_TriLep_WWW.root
2026-01-29 07:20:16,285 - INFO - [2023BPix] MISSING_CENTRAL: SR1E2Mu/Central/bjets/2/pz in Skim_TriLep_DYJets10to50.root
2026-01-29 07:20:16,475 - INFO - [2023BPix] MISSING_CENTRAL: SR1E2Mu/Central/bjets/2/pz in Skim_TriLep_WZTo3LNu_powheg.root
2026-01-29 07:20:16,515 - INFO - [2023BPix] MISSING_CENTRAL: SR1E2Mu/Central/bjets/2/pz in Skim_TriLep_WWW.root
2026-01-29 07:20:16,516 - INFO - [2023BPix] MISSING_CENTRAL: SR1E2Mu/Central/bjets/2/pz in Skim_TriLep_WWZ.root
2026-03-06 09:45:08,225 - INFO - [2023] MISSING_CENTRAL: SR1E2Mu/Central/bjets/2/pz in Skim_TriLep_MuonEG_C_v3.root
2026-03-06 09:45:08,244 - INFO - [2022] MISSING_CENTRAL: SR1E2Mu/Central/bjets/2/pz in Skim_TriLep_DYJets.root
2026-03-06 09:45:08,245 - INFO - [2022] MISSING_CENTRAL: SR1E2Mu/Central/bjets/2/pz in Skim_TriLep_DYJets10to50.root
2026-03-06 09:45:08,448 - INFO - [2022] MISSING_CENTRAL: SR1E2Mu/Central/bjets/2/pz in Skim_TriLep_WWW.root
2026-03-06 09:45:08,573 - INFO - [2022EE] MISSING_CENTRAL: SR1E2Mu/Central/bjets/2/pz in Skim_TriLep_DYJets.root
2026-03-06 09:45:08,574 - INFO - [2022EE] MISSING_CENTRAL: SR1E2Mu/Central/bjets/2/pz in Skim_TriLep_DYJets10to50.root
2026-03-06 09:45:08,788 - INFO - [2022EE] MISSING_CENTRAL: SR1E2Mu/Central/bjets/2/pz in Skim_TriLep_WWW.root
2026-03-06 09:45:08,923 - INFO - [2023] MISSING_CENTRAL: SR1E2Mu/Central/bjets/2/pz in Skim_TriLep_DYJets10to50.root
2026-03-06 09:45:09,137 - INFO - [2023] MISSING_CENTRAL: SR1E2Mu/Central/bjets/2/pz in Skim_TriLep_WWW.root
2026-03-06 09:45:09,273 - INFO - [2023BPix] MISSING_CENTRAL: SR1E2Mu/Central/bjets/2/pz in Skim_TriLep_DYJets10to50.root
2026-03-06 09:45:09,430 - INFO - [2023BPix] MISSING_CENTRAL: SR1E2Mu/Central/bjets/2/pz in Skim_TriLep_WZTo3LNu_powheg.root
2026-03-06 09:45:09,468 - INFO - [2023BPix] MISSING_CENTRAL: SR1E2Mu/Central/bjets/2/pz in Skim_TriLep_WWW.root
2026-03-06 19:50:54,186 - INFO - [2023] MISSING_CENTRAL: SR1E2Mu/Central/bjets/2/pz in Skim_TriLep_MuonEG_C_v3.root
2026-03-06 19:50:54,203 - INFO - [2022] MISSING_CENTRAL: SR1E2Mu/Central/bjets/2/pz in Skim_TriLep_DYJets.root
2026-03-06 19:50:54,204 - INFO - [2022] MISSING_CENTRAL: SR1E2Mu/Central/bjets/2/pz in Skim_TriLep_DYJets10to50.root
2026-03-06 19:50:54,410 - INFO - [2022] MISSING_CENTRAL: SR1E2Mu/Central/bjets/2/pz in Skim_TriLep_WWW.root
2026-03-06 19:50:54,548 - INFO - [2022EE] MISSING_CENTRAL: SR1E2Mu/Central/bjets/2/pz in Skim_TriLep_DYJets.root
2026-03-06 19:50:54,549 - INFO - [2022EE] MISSING_CENTRAL: SR1E2Mu/Central/bjets/2/pz in Skim_TriLep_DYJets10to50.root
2026-03-06 19:50:54,767 - INFO - [2022EE] MISSING_CENTRAL: SR1E2Mu/Central/bjets/2/pz in Skim_TriLep_WWW.root
2026-03-06 19:50:54,897 - INFO - [2023] MISSING_CENTRAL: SR1E2Mu/Central/bjets/2/pz in Skim_TriLep_DYJets10to50.root
2026-03-06 19:50:55,115 - INFO - [2023] MISSING_CENTRAL: SR1E2Mu/Central/bjets/2/pz in Skim_TriLep_WWW.root
2026-03-06 19:50:55,253 - INFO - [2023BPix] MISSING_CENTRAL: SR1E2Mu/Central/bjets/2/pz in Skim_TriLep_DYJets10to50.root
2026-03-06 19:50:55,421 - INFO - [2023BPix] MISSING_CENTRAL: SR1E2Mu/Central/bjets/2/pz in Skim_TriLep_WZTo3LNu_powheg.root
2026-03-06 19:50:55,464 - INFO - [2023BPix] MISSING_CENTRAL: SR1E2Mu/Central/bjets/2/pz in Skim_TriLep_WWW.root
2026-04-10 20:25:47,954 - INFO - [2023] MISSING_CENTRAL: SR1E2Mu/Central/bjets/2/pz in Skim_TriLep_MuonEG_C_v3.root
2026-04-10 20:25:47,972 - INFO - [2022] MISSING_CENTRAL: SR1E2Mu/Central/bjets/2/pz in Skim_TriLep_DYJets.root
2026-04-10 20:25:47,973 - INFO - [2022] MISSING_CENTRAL: SR1E2Mu/Central/bjets/2/pz in Skim_TriLep_DYJets10to50.root
2026-04-10 20:25:48,175 - INFO - [2022] MISSING_CENTRAL: SR1E2Mu/Central/bjets/2/pz in Skim_TriLep_WWW.root
2026-04-10 20:25:48,282 - INFO - [2022EE] MISSING_CENTRAL: SR1E2Mu/Central/bjets/2/pz in Skim_TriLep_DYJets.root
2026-04-10 20:25:48,282 - INFO - [2022EE] MISSING_CENTRAL: SR1E2Mu/Central/bjets/2/pz in Skim_TriLep_DYJets10to50.root
2026-04-10 20:25:48,494 - INFO - [2022EE] MISSING_CENTRAL: SR1E2Mu/Central/bjets/2/pz in Skim_TriLep_WWW.root
2026-04-10 20:25:48,626 - INFO - [2023] MISSING_CENTRAL: SR1E2Mu/Central/bjets/2/pz in Skim_TriLep_DYJets10to50.root
2026-04-10 20:25:48,844 - INFO - [2023] MISSING_CENTRAL: SR1E2Mu/Central/bjets/2/pz in Skim_TriLep_WWW.root
2026-04-10 20:25:48,980 - INFO - [2023BPix] MISSING_CENTRAL: SR1E2Mu/Central/bjets/2/pz in Skim_TriLep_DYJets10to50.root
2026-04-10 20:25:49,143 - INFO - [2023BPix] MISSING_CENTRAL: SR1E2Mu/Central/bjets/2/pz in Skim_TriLep_WZTo3LNu_powheg.root
2026-04-10 20:25:49,184 - INFO - [2023BPix] MISSING_CENTRAL: SR1E2Mu/Central/bjets/2/pz in Skim_TriLep_WWW.root
2026-04-12 11:41:13,058 - INFO - [2023] MISSING_CENTRAL: SR1E2Mu/Central/bjets/2/pz in Skim_TriLep_MuonEG_C_v3.root
2026-04-12 11:41:13,078 - INFO - [2022] MISSING_CENTRAL: SR1E2Mu/Central/bjets/2/pz in Skim_TriLep_DYJets.root
2026-04-12 11:41:13,079 - INFO - [2022] MISSING_CENTRAL: SR1E2Mu/Central/bjets/2/pz in Skim_TriLep_DYJets10to50.root
2026-04-12 11:41:13,288 - INFO - [2022] MISSING_CENTRAL: SR1E2Mu/Central/bjets/2/pz in Skim_TriLep_WWW.root
2026-04-12 11:41:13,446 - INFO - [2022EE] MISSING_CENTRAL: SR1E2Mu/Central/bjets/2/pz in Skim_TriLep_DYJets.root
2026-04-12 11:41:13,447 - INFO - [2022EE] MISSING_CENTRAL: SR1E2Mu/Central/bjets/2/pz in Skim_TriLep_DYJets10to50.root
2026-04-12 11:41:13,715 - INFO - [2022EE] MISSING_CENTRAL: SR1E2Mu/Central/bjets/2/pz in Skim_TriLep_WWW.root
2026-04-12 11:41:13,850 - INFO - [2023] MISSING_CENTRAL: SR1E2Mu/Central/bjets/2/pz in Skim_TriLep_DYJets10to50.root
2026-04-12 11:41:14,105 - INFO - [2023] MISSING_CENTRAL: SR1E2Mu/Central/bjets/2/pz in Skim_TriLep_WWW.root
2026-04-12 11:41:14,273 - INFO - [2023BPix] MISSING_CENTRAL: SR1E2Mu/Central/bjets/2/pz in Skim_TriLep_DYJets10to50.root
2026-04-12 11:41:14,438 - INFO - [2023BPix] MISSING_CENTRAL: SR1E2Mu/Central/bjets/2/pz in Skim_TriLep_WZTo3LNu_powheg.root
2026-04-12 11:41:14,479 - INFO - [2023BPix] MISSING_CENTRAL: SR1E2Mu/Central/bjets/2/pz in Skim_TriLep_WWW.root
2026-04-12 12:22:53,414 - INFO - [2023] MISSING_CENTRAL: SR1E2Mu/Central/bjets/2/pz in Skim_TriLep_MuonEG_C_v3.root
2026-04-12 12:22:53,432 - INFO - [2022] MISSING_CENTRAL: SR1E2Mu/Central/bjets/2/pz in Skim_TriLep_DYJets.root
2026-04-12 12:22:53,433 - INFO - [2022] MISSING_CENTRAL: SR1E2Mu/Central/bjets/2/pz in Skim_TriLep_DYJets10to50.root
2026-04-12 12:22:53,642 - INFO - [2022] MISSING_CENTRAL: SR1E2Mu/Central/bjets/2/pz in Skim_TriLep_WWW.root
2026-04-12 12:22:53,758 - INFO - [2022EE] MISSING_CENTRAL: SR1E2Mu/Central/bjets/2/pz in Skim_TriLep_DYJets.root
2026-04-12 12:22:53,758 - INFO - [2022EE] MISSING_CENTRAL: SR1E2Mu/Central/bjets/2/pz in Skim_TriLep_DYJets10to50.root
2026-04-12 12:22:53,968 - INFO - [2022EE] MISSING_CENTRAL: SR1E2Mu/Central/bjets/2/pz in Skim_TriLep_WWW.root
2026-04-12 12:22:54,105 - INFO - [2023] MISSING_CENTRAL: SR1E2Mu/Central/bjets/2/pz in Skim_TriLep_DYJets10to50.root
2026-04-12 12:22:54,328 - INFO - [2023] MISSING_CENTRAL: SR1E2Mu/Central/bjets/2/pz in Skim_TriLep_WWW.root
2026-04-12 12:22:54,480 - INFO - [2023BPix] MISSING_CENTRAL: SR1E2Mu/Central/bjets/2/pz in Skim_TriLep_DYJets10to50.root
2026-04-12 12:22:54,647 - INFO - [2023BPix] MISSING_CENTRAL: SR1E2Mu/Central/bjets/2/pz in Skim_TriLep_WZTo3LNu_powheg.root
2026-04-12 12:22:54,689 - INFO - [2023BPix] MISSING_CENTRAL: SR1E2Mu/Central/bjets/2/pz in Skim_TriLep_WWW.root
2026-04-12 12:42:32,410 - INFO - [2023] MISSING_CENTRAL: SR1E2Mu/Central/bjets/2/pz in Skim_TriLep_MuonEG_C_v3.root
2026-04-12 12:42:32,427 - INFO - [2022] MISSING_CENTRAL: SR1E2Mu/Central/bjets/2/pz in Skim_TriLep_DYJets.root
2026-04-12 12:42:32,428 - INFO - [2022] MISSING_CENTRAL: SR1E2Mu/Central/bjets/2/pz in Skim_TriLep_DYJets10to50.root
2026-04-12 12:42:32,633 - INFO - [2022] MISSING_CENTRAL: SR1E2Mu/Central/bjets/2/pz in Skim_TriLep_WWW.root
2026-04-12 12:42:32,747 - INFO - [2022EE] MISSING_CENTRAL: SR1E2Mu/Central/bjets/2/pz in Skim_TriLep_DYJets.root
2026-04-12 12:42:32,751 - INFO - [2022EE] MISSING_CENTRAL: SR1E2Mu/Central/bjets/2/pz in Skim_TriLep_DYJets10to50.root
2026-04-12 12:42:33,021 - INFO - [2022EE] MISSING_CENTRAL: SR1E2Mu/Central/bjets/2/pz in Skim_TriLep_WWW.root
2026-04-12 12:42:33,157 - INFO - [2023] MISSING_CENTRAL: SR1E2Mu/Central/bjets/2/pz in Skim_TriLep_DYJets10to50.root
2026-04-12 12:42:33,420 - INFO - [2023] MISSING_CENTRAL: SR1E2Mu/Central/bjets/2/pz in Skim_TriLep_WWW.root
2026-04-12 12:42:33,558 - INFO - [2023BPix] MISSING_CENTRAL: SR1E2Mu/Central/bjets/2/pz in Skim_TriLep_DYJets10to50.root
2026-04-12 12:42:33,718 - INFO - [2023BPix] MISSING_CENTRAL: SR1E2Mu/Central/bjets/2/pz in Skim_TriLep_WZTo3LNu_powheg.root
2026-04-12 12:42:33,757 - INFO - [2023BPix] MISSING_CENTRAL: SR1E2Mu/Central/bjets/2/pz in Skim_TriLep_WWW.root
2026-04-12 20:50:42,909 - INFO - [2023] MISSING_CENTRAL: SR1E2Mu/Central/bjets/2/pz in Skim_TriLep_MuonEG_C_v3.root
2026-04-12 20:50:42,928 - INFO - [2022] MISSING_CENTRAL: SR1E2Mu/Central/bjets/2/pz in Skim_TriLep_DYJets.root
2026-04-12 20:50:42,929 - INFO - [2022] MISSING_CENTRAL: SR1E2Mu/Central/bjets/2/pz in Skim_TriLep_DYJets10to50.root
2026-04-12 20:50:43,142 - INFO - [2022] MISSING_CENTRAL: SR1E2Mu/Central/bjets/2/pz in Skim_TriLep_WWW.root
2026-04-12 20:50:43,255 - INFO - [2022EE] MISSING_CENTRAL: SR1E2Mu/Central/bjets/2/pz in Skim_TriLep_DYJets.root
2026-04-12 20:50:43,256 - INFO - [2022EE] MISSING_CENTRAL: SR1E2Mu/Central/bjets/2/pz in Skim_TriLep_DYJets10to50.root
2026-04-12 20:50:43,474 - INFO - [2022EE] MISSING_CENTRAL: SR1E2Mu/Central/bjets/2/pz in Skim_TriLep_WWW.root
2026-04-12 20:50:43,621 - INFO - [2023] MISSING_CENTRAL: SR1E2Mu/Central/bjets/2/pz in Skim_TriLep_DYJets10to50.root
2026-04-12 20:50:43,830 - INFO - [2023] MISSING_CENTRAL: SR1E2Mu/Central/bjets/2/pz in Skim_TriLep_WWW.root
2026-04-12 20:50:43,967 - INFO - [2023BPix] MISSING_CENTRAL: SR1E2Mu/Central/bjets/2/pz in Skim_TriLep_DYJets10to50.root
2026-04-12 20:50:44,196 - INFO - [2023BPix] MISSING_CENTRAL: SR1E2Mu/Central/bjets/2/pz in Skim_TriLep_WZTo3LNu_powheg.root
2026-04-12 20:50:44,240 - INFO - [2023BPix] MISSING_CENTRAL: SR1E2Mu/Central/bjets/2/pz in Skim_TriLep_WWW.root
2026-04-12 21:22:17,316 - INFO - [2023] MISSING_CENTRAL: SR1E2Mu/Central/bjets/2/pz in Skim_TriLep_MuonEG_C_v3.root
2026-04-12 21:22:17,335 - INFO - [2022] MISSING_CENTRAL: SR1E2Mu/Central/bjets/2/pz in Skim_TriLep_DYJets.root
2026-04-12 21:22:17,335 - INFO - [2022] MISSING_CENTRAL: SR1E2Mu/Central/bjets/2/pz in Skim_TriLep_DYJets10to50.root
2026-04-12 21:22:17,537 - INFO - [2022] MISSING_CENTRAL: SR1E2Mu/Central/bjets/2/pz in Skim_TriLep_WWW.root
2026-04-12 21:22:17,654 - INFO - [2022EE] MISSING_CENTRAL: SR1E2Mu/Central/bjets/2/pz in Skim_TriLep_DYJets.root
2026-04-12 21:22:17,655 - INFO - [2022EE] MISSING_CENTRAL: SR1E2Mu/Central/bjets/2/pz in Skim_TriLep_DYJets10to50.root
2026-04-12 21:22:17,867 - INFO - [2022EE] MISSING_CENTRAL: SR1E2Mu/Central/bjets/2/pz in Skim_TriLep_WWW.root
2026-04-12 21:22:18,004 - INFO - [2023] MISSING_CENTRAL: SR1E2Mu/Central/bjets/2/pz in Skim_TriLep_DYJets10to50.root
2026-04-12 21:22:18,216 - INFO - [2023] MISSING_CENTRAL: SR1E2Mu/Central/bjets/2/pz in Skim_TriLep_WWW.root
2026-04-12 21:22:18,388 - INFO - [2023BPix] MISSING_CENTRAL: SR1E2Mu/Central/bjets/2/pz in Skim_TriLep_DYJets10to50.root
2026-04-12 21:22:18,545 - INFO - [2023BPix] MISSING_CENTRAL: SR1E2Mu/Central/bjets/2/pz in Skim_TriLep_WZTo3LNu_powheg.root
2026-04-12 21:22:18,585 - INFO - [2023BPix] MISSING_CENTRAL: SR1E2Mu/Central/bjets/2/pz in Skim_TriLep_WWW.root
2026-04-13 13:00:06,547 - INFO - [2023] MISSING_CENTRAL: SR1E2Mu/Central/bjets/2/pz in Skim_TriLep_MuonEG_C_v3.root
2026-04-13 13:00:06,562 - INFO - [2022] MISSING_CENTRAL: SR1E2Mu/Central/bjets/2/pz in Skim_TriLep_DYJets.root
2026-04-13 13:00:06,563 - INFO - [2022] MISSING_CENTRAL: SR1E2Mu/Central/bjets/2/pz in Skim_TriLep_DYJets10to50.root
2026-04-13 13:00:06,824 - INFO - [2022] MISSING_CENTRAL: SR1E2Mu/Central/bjets/2/pz in Skim_TriLep_WWW.root
2026-04-13 13:00:06,969 - INFO - [2022EE] MISSING_CENTRAL: SR1E2Mu/Central/bjets/2/pz in Skim_TriLep_DYJets.root
2026-04-13 13:00:06,969 - INFO - [2022EE] MISSING_CENTRAL: SR1E2Mu/Central/bjets/2/pz in Skim_TriLep_DYJets10to50.root
2026-04-13 13:00:07,234 - INFO - [2022EE] MISSING_CENTRAL: SR1E2Mu/Central/bjets/2/pz in Skim_TriLep_WWW.root
2026-04-13 13:00:07,409 - INFO - [2023] MISSING_CENTRAL: SR1E2Mu/Central/bjets/2/pz in Skim_TriLep_DYJets10to50.root
2026-04-13 13:00:07,697 - INFO - [2023] MISSING_CENTRAL: SR1E2Mu/Central/bjets/2/pz in Skim_TriLep_WWW.root
2026-04-13 13:00:07,876 - INFO - [2023BPix] MISSING_CENTRAL: SR1E2Mu/Central/bjets/2/pz in Skim_TriLep_DYJets10to50.root
2026-04-13 13:00:08,079 - INFO - [2023BPix] MISSING_CENTRAL: SR1E2Mu/Central/bjets/2/pz in Skim_TriLep_WZTo3LNu_powheg.root
2026-04-13 13:00:08,129 - INFO - [2023BPix] MISSING_CENTRAL: SR1E2Mu/Central/bjets/2/pz in Skim_TriLep_WWW.root
2026-04-16 17:32:22,755 - INFO - [2023] MISSING_CENTRAL: SR1E2Mu/Central/bjets/2/pz in Skim_TriLep_MuonEG_C_v3.root
2026-04-16 17:32:22,770 - INFO - [2022] MISSING_CENTRAL: SR1E2Mu/Central/bjets/2/pz in Skim_TriLep_DYJets.root
2026-04-16 17:32:22,770 - INFO - [2022] MISSING_CENTRAL: SR1E2Mu/Central/bjets/2/pz in Skim_TriLep_DYJets10to50.root
2026-04-16 17:32:23,081 - INFO - [2022] MISSING_CENTRAL: SR1E2Mu/Central/bjets/2/pz in Skim_TriLep_WWW.root
2026-04-16 17:32:23,226 - INFO - [2022EE] MISSING_CENTRAL: SR1E2Mu/Central/bjets/2/pz in Skim_TriLep_DYJets.root
2026-04-16 17:32:23,227 - INFO - [2022EE] MISSING_CENTRAL: SR1E2Mu/Central/bjets/2/pz in Skim_TriLep_DYJets10to50.root
2026-04-16 17:32:23,497 - INFO - [2022EE] MISSING_CENTRAL: SR1E2Mu/Central/bjets/2/pz in Skim_TriLep_WWW.root
2026-04-16 17:32:23,659 - INFO - [2023] MISSING_CENTRAL: SR1E2Mu/Central/bjets/2/pz in Skim_TriLep_DYJets10to50.root
2026-04-16 17:32:23,932 - INFO - [2023] MISSING_CENTRAL: SR1E2Mu/Central/bjets/2/pz in Skim_TriLep_WWW.root
2026-04-16 17:32:24,101 - INFO - [2023BPix] MISSING_CENTRAL: SR1E2Mu/Central/bjets/2/pz in Skim_TriLep_DYJets10to50.root
2026-04-16 17:32:24,285 - INFO - [2023BPix] MISSING_CENTRAL: SR1E2Mu/Central/bjets/2/pz in Skim_TriLep_WZTo3LNu_powheg.root
2026-04-16 17:32:24,317 - INFO - [2023BPix] MISSING_CENTRAL: SR1E2Mu/Central/bjets/2/pz in Skim_TriLep_WWW.root
2026-04-16 17:42:38,656 - INFO - [2023] MISSING_CENTRAL: SR1E2Mu/Central/bjets/2/pz in Skim_TriLep_MuonEG_C_v3.root
2026-04-16 17:42:38,673 - INFO - [2022] MISSING_CENTRAL: SR1E2Mu/Central/bjets/2/pz in Skim_TriLep_DYJets.root
2026-04-16 17:42:38,674 - INFO - [2022] MISSING_CENTRAL: SR1E2Mu/Central/bjets/2/pz in Skim_TriLep_DYJets10to50.root
2026-04-16 17:42:38,956 - INFO - [2022] MISSING_CENTRAL: SR1E2Mu/Central/bjets/2/pz in Skim_TriLep_WWW.root
2026-04-16 17:42:39,108 - INFO - [2022EE] MISSING_CENTRAL: SR1E2Mu/Central/bjets/2/pz in Skim_TriLep_DYJets.root
2026-04-16 17:42:39,109 - INFO - [2022EE] MISSING_CENTRAL: SR1E2Mu/Central/bjets/2/pz in Skim_TriLep_DYJets10to50.root
2026-04-16 17:42:39,406 - INFO - [2022EE] MISSING_CENTRAL: SR1E2Mu/Central/bjets/2/pz in Skim_TriLep_WWW.root
2026-04-16 17:42:39,587 - INFO - [2023] MISSING_CENTRAL: SR1E2Mu/Central/bjets/2/pz in Skim_TriLep_DYJets10to50.root
2026-04-16 17:42:39,866 - INFO - [2023] MISSING_CENTRAL: SR1E2Mu/Central/bjets/2/pz in Skim_TriLep_WWW.root
2026-04-16 17:42:40,040 - INFO - [2023BPix] MISSING_CENTRAL: SR1E2Mu/Central/bjets/2/pz in Skim_TriLep_DYJets10to50.root
2026-04-16 17:42:40,216 - INFO - [2023BPix] MISSING_CENTRAL: SR1E2Mu/Central/bjets/2/pz in Skim_TriLep_WZTo3LNu_powheg.root
2026-04-16 17:42:40,267 - INFO - [2023BPix] MISSING_CENTRAL: SR1E2Mu/Central/bjets/2/pz in Skim_TriLep_WWW.root
2026-04-28 15:13:02,293 - INFO - [2023] MISSING_CENTRAL: SR1E2Mu/Central/bjets/2/pz in Skim_TriLep_MuonEG_C_v3.root
2026-04-28 15:13:02,307 - INFO - [2022] MISSING_CENTRAL: SR1E2Mu/Central/bjets/2/pz in Skim_TriLep_DYJets.root
2026-04-28 15:13:02,308 - INFO - [2022] MISSING_CENTRAL: SR1E2Mu/Central/bjets/2/pz in Skim_TriLep_DYJets10to50.root
2026-04-28 15:13:02,559 - INFO - [2022] MISSING_CENTRAL: SR1E2Mu/Central/bjets/2/pz in Skim_TriLep_WWW.root
2026-04-28 15:13:02,695 - INFO - [2022EE] MISSING_CENTRAL: SR1E2Mu/Central/bjets/2/pz in Skim_TriLep_DYJets.root
2026-04-28 15:13:02,696 - INFO - [2022EE] MISSING_CENTRAL: SR1E2Mu/Central/bjets/2/pz in Skim_TriLep_DYJets10to50.root
2026-04-28 15:13:02,964 - INFO - [2022EE] MISSING_CENTRAL: SR1E2Mu/Central/bjets/2/pz in Skim_TriLep_WWW.root
2026-04-28 15:13:03,134 - INFO - [2023] MISSING_CENTRAL: SR1E2Mu/Central/bjets/2/pz in Skim_TriLep_DYJets10to50.root
2026-04-28 15:13:03,392 - INFO - [2023] MISSING_CENTRAL: SR1E2Mu/Central/bjets/2/pz in Skim_TriLep_WWW.root
2026-04-28 15:13:03,636 - INFO - [2023BPix] MISSING_CENTRAL: SR1E2Mu/Central/bjets/2/pz in Skim_TriLep_DYJets10to50.root
2026-04-28 15:13:03,831 - INFO - [2023BPix] MISSING_CENTRAL: SR1E2Mu/Central/bjets/2/pz in Skim_TriLep_WZTo3LNu_powheg.root
2026-04-28 15:13:03,880 - INFO - [2023BPix] MISSING_CENTRAL: SR1E2Mu/Central/bjets/2/pz in Skim_TriLep_WWW.root
2026-04-28 15:19:18,153 - INFO - [2023] MISSING_CENTRAL: SR1E2Mu/Central/bjets/2/pz in Skim_TriLep_MuonEG_C_v3.root
2026-04-28 15:19:18,166 - INFO - [2022] MISSING_CENTRAL: SR1E2Mu/Central/bjets/2/pz in Skim_TriLep_DYJets.root
2026-04-28 15:19:18,167 - INFO - [2022] MISSING_CENTRAL: SR1E2Mu/Central/bjets/2/pz in Skim_TriLep_DYJets10to50.root
2026-04-28 15:19:18,423 - INFO - [2022] MISSING_CENTRAL: SR1E2Mu/Central/bjets/2/pz in Skim_TriLep_WWW.root
2026-04-28 15:19:18,556 - INFO - [2022EE] MISSING_CENTRAL: SR1E2Mu/Central/bjets/2/pz in Skim_TriLep_DYJets.root
2026-04-28 15:19:18,557 - INFO - [2022EE] MISSING_CENTRAL: SR1E2Mu/Central/bjets/2/pz in Skim_TriLep_DYJets10to50.root
2026-04-28 15:19:18,814 - INFO - [2022EE] MISSING_CENTRAL: SR1E2Mu/Central/bjets/2/pz in Skim_TriLep_WWW.root
2026-04-28 15:19:18,979 - INFO - [2023] MISSING_CENTRAL: SR1E2Mu/Central/bjets/2/pz in Skim_TriLep_DYJets10to50.root
2026-04-28 15:19:19,241 - INFO - [2023] MISSING_CENTRAL: SR1E2Mu/Central/bjets/2/pz in Skim_TriLep_WWW.root
2026-04-28 15:19:19,411 - INFO - [2023BPix] MISSING_CENTRAL: SR1E2Mu/Central/bjets/2/pz in Skim_TriLep_DYJets10to50.root
2026-04-28 15:19:19,619 - INFO - [2023BPix] MISSING_CENTRAL: SR1E2Mu/Central/bjets/2/pz in Skim_TriLep_WZTo3LNu_powheg.root
2026-04-28 15:19:19,670 - INFO - [2023BPix] MISSING_CENTRAL: SR1E2Mu/Central/bjets/2/pz in Skim_TriLep_WWW.root
2026-04-28 15:21:23,490 - INFO - [2023] MISSING_CENTRAL: SR1E2Mu/Central/bjets/2/pz in Skim_TriLep_MuonEG_C_v3.root
2026-04-28 15:21:23,505 - INFO - [2022] MISSING_CENTRAL: SR1E2Mu/Central/bjets/2/pz in Skim_TriLep_DYJets.root
2026-04-28 15:21:23,505 - INFO - [2022] MISSING_CENTRAL: SR1E2Mu/Central/bjets/2/pz in Skim_TriLep_DYJets10to50.root
2026-04-28 15:21:23,784 - INFO - [2022] MISSING_CENTRAL: SR1E2Mu/Central/bjets/2/pz in Skim_TriLep_WWW.root
2026-04-28 15:21:23,937 - INFO - [2022EE] MISSING_CENTRAL: SR1E2Mu/Central/bjets/2/pz in Skim_TriLep_DYJets.root
2026-04-28 15:21:23,937 - INFO - [2022EE] MISSING_CENTRAL: SR1E2Mu/Central/bjets/2/pz in Skim_TriLep_DYJets10to50.root
2026-04-28 15:21:24,216 - INFO - [2022EE] MISSING_CENTRAL: SR1E2Mu/Central/bjets/2/pz in Skim_TriLep_WWW.root
2026-04-28 15:21:24,397 - INFO - [2023] MISSING_CENTRAL: SR1E2Mu/Central/bjets/2/pz in Skim_TriLep_DYJets10to50.root
2026-04-28 15:21:24,679 - INFO - [2023] MISSING_CENTRAL: SR1E2Mu/Central/bjets/2/pz in Skim_TriLep_WWW.root
2026-04-28 15:21:24,852 - INFO - [2023BPix] MISSING_CENTRAL: SR1E2Mu/Central/bjets/2/pz in Skim_TriLep_DYJets10to50.root
2026-04-28 15:21:25,052 - INFO - [2023BPix] MISSING_CENTRAL: SR1E2Mu/Central/bjets/2/pz in Skim_TriLep_WZTo3LNu_powheg.root
2026-04-28 15:21:25,103 - INFO - [2023BPix] MISSING_CENTRAL: SR1E2Mu/Central/bjets/2/pz in Skim_TriLep_WWW.root
2026-04-28 20:32:29,874 - INFO - [2023] MISSING_CENTRAL: SR1E2Mu/Central/bjets/2/pz in Skim_TriLep_MuonEG_C_v3.root
2026-04-28 20:32:29,888 - INFO - [2022] MISSING_CENTRAL: SR1E2Mu/Central/bjets/2/pz in Skim_TriLep_DYJets.root
2026-04-28 20:32:29,888 - INFO - [2022] MISSING_CENTRAL: SR1E2Mu/Central/bjets/2/pz in Skim_TriLep_DYJets10to50.root
2026-04-28 20:32:30,130 - INFO - [2022] MISSING_CENTRAL: SR1E2Mu/Central/bjets/2/pz in Skim_TriLep_WWW.root
2026-04-28 20:32:30,267 - INFO - [2022EE] MISSING_CENTRAL: SR1E2Mu/Central/bjets/2/pz in Skim_TriLep_DYJets.root
2026-04-28 20:32:30,268 - INFO - [2022EE] MISSING_CENTRAL: SR1E2Mu/Central/bjets/2/pz in Skim_TriLep_DYJets10to50.root
2026-04-28 20:32:30,524 - INFO - [2022EE] MISSING_CENTRAL: SR1E2Mu/Central/bjets/2/pz in Skim_TriLep_WWW.root
2026-04-28 20:32:30,691 - INFO - [2023] MISSING_CENTRAL: SR1E2Mu/Central/bjets/2/pz in Skim_TriLep_DYJets10to50.root
2026-04-28 20:32:30,945 - INFO - [2023] MISSING_CENTRAL: SR1E2Mu/Central/bjets/2/pz in Skim_TriLep_WWW.root
2026-04-28 20:32:31,103 - INFO - [2023BPix] MISSING_CENTRAL: SR1E2Mu/Central/bjets/2/pz in Skim_TriLep_DYJets10to50.root
2026-04-28 20:32:31,291 - INFO - [2023BPix] MISSING_CENTRAL: SR1E2Mu/Central/bjets/2/pz in Skim_TriLep_WZTo3LNu_powheg.root
2026-04-28 20:32:31,338 - INFO - [2023BPix] MISSING_CENTRAL: SR1E2Mu/Central/bjets/2/pz in Skim_TriLep_WWW.root
2026-04-28 20:34:29,552 - INFO - [2023] MISSING_CENTRAL: SR1E2Mu/Central/bjets/2/pz in Skim_TriLep_MuonEG_C_v3.root
2026-04-28 20:34:29,567 - INFO - [2022] MISSING_CENTRAL: SR1E2Mu/Central/bjets/2/pz in Skim_TriLep_DYJets.root
2026-04-28 20:34:29,568 - INFO - [2022] MISSING_CENTRAL: SR1E2Mu/Central/bjets/2/pz in Skim_TriLep_DYJets10to50.root
2026-04-28 20:34:29,825 - INFO - [2022] MISSING_CENTRAL: SR1E2Mu/Central/bjets/2/pz in Skim_TriLep_WWW.root
2026-04-28 20:34:29,962 - INFO - [2022EE] MISSING_CENTRAL: SR1E2Mu/Central/bjets/2/pz in Skim_TriLep_DYJets.root
2026-04-28 20:34:29,962 - INFO - [2022EE] MISSING_CENTRAL: SR1E2Mu/Central/bjets/2/pz in Skim_TriLep_DYJets10to50.root
2026-04-28 20:34:30,216 - INFO - [2022EE] MISSING_CENTRAL: SR1E2Mu/Central/bjets/2/pz in Skim_TriLep_WWW.root
2026-04-28 20:34:30,400 - INFO - [2023] MISSING_CENTRAL: SR1E2Mu/Central/bjets/2/pz in Skim_TriLep_DYJets10to50.root
2026-04-28 20:34:30,678 - INFO - [2023] MISSING_CENTRAL: SR1E2Mu/Central/bjets/2/pz in Skim_TriLep_WWW.root
2026-04-28 20:34:30,858 - INFO - [2023BPix] MISSING_CENTRAL: SR1E2Mu/Central/bjets/2/pz in Skim_TriLep_DYJets10to50.root
2026-04-28 20:34:31,057 - INFO - [2023BPix] MISSING_CENTRAL: SR1E2Mu/Central/bjets/2/pz in Skim_TriLep_WZTo3LNu_powheg.root
2026-04-28 20:34:31,106 - INFO - [2023BPix] MISSING_CENTRAL: SR1E2Mu/Central/bjets/2/pz in Skim_TriLep_WWW.root
2026-05-04 15:38:56,931 - INFO - [2023] MISSING_CENTRAL: SR1E2Mu/Central/bjets/2/pz in Skim_TriLep_MuonEG_C_v3.root
2026-05-04 15:38:56,945 - INFO - [2022] MISSING_CENTRAL: SR1E2Mu/Central/bjets/2/pz in Skim_TriLep_DYJets.root
2026-05-04 15:38:56,945 - INFO - [2022] MISSING_CENTRAL: SR1E2Mu/Central/bjets/2/pz in Skim_TriLep_DYJets10to50.root
2026-05-04 15:38:57,198 - INFO - [2022] MISSING_CENTRAL: SR1E2Mu/Central/bjets/2/pz in Skim_TriLep_WWW.root
2026-05-04 15:38:57,335 - INFO - [2022EE] MISSING_CENTRAL: SR1E2Mu/Central/bjets/2/pz in Skim_TriLep_DYJets.root
2026-05-04 15:38:57,336 - INFO - [2022EE] MISSING_CENTRAL: SR1E2Mu/Central/bjets/2/pz in Skim_TriLep_DYJets10to50.root
2026-05-04 15:38:57,613 - INFO - [2022EE] MISSING_CENTRAL: SR1E2Mu/Central/bjets/2/pz in Skim_TriLep_WWW.root
2026-05-04 15:38:57,794 - INFO - [2023] MISSING_CENTRAL: SR1E2Mu/Central/bjets/2/pz in Skim_TriLep_DYJets10to50.root
2026-05-04 15:38:58,072 - INFO - [2023] MISSING_CENTRAL: SR1E2Mu/Central/bjets/2/pz in Skim_TriLep_WWW.root
2026-05-04 15:38:58,245 - INFO - [2023BPix] MISSING_CENTRAL: SR1E2Mu/Central/bjets/2/pz in Skim_TriLep_DYJets10to50.root
2026-05-04 15:38:58,441 - INFO - [2023BPix] MISSING_CENTRAL: SR1E2Mu/Central/bjets/2/pz in Skim_TriLep_WZTo3LNu_powheg.root
2026-05-04 15:38:58,489 - INFO - [2023BPix] MISSING_CENTRAL: SR1E2Mu/Central/bjets/2/pz in Skim_TriLep_WWW.root
2026-05-04 15:41:08,217 - INFO - [2023] MISSING_CENTRAL: SR1E2Mu/Central/bjets/2/pz in Skim_TriLep_MuonEG_C_v3.root
2026-05-04 15:41:08,232 - INFO - [2022] MISSING_CENTRAL: SR1E2Mu/Central/bjets/2/pz in Skim_TriLep_DYJets.root
2026-05-04 15:41:08,232 - INFO - [2022] MISSING_CENTRAL: SR1E2Mu/Central/bjets/2/pz in Skim_TriLep_DYJets10to50.root
2026-05-04 15:41:08,480 - INFO - [2022] MISSING_CENTRAL: SR1E2Mu/Central/bjets/2/pz in Skim_TriLep_WWW.root
2026-05-04 15:41:08,619 - INFO - [2022EE] MISSING_CENTRAL: SR1E2Mu/Central/bjets/2/pz in Skim_TriLep_DYJets.root
2026-05-04 15:41:08,620 - INFO - [2022EE] MISSING_CENTRAL: SR1E2Mu/Central/bjets/2/pz in Skim_TriLep_DYJets10to50.root
2026-05-04 15:41:08,890 - INFO - [2022EE] MISSING_CENTRAL: SR1E2Mu/Central/bjets/2/pz in Skim_TriLep_WWW.root
2026-05-04 15:41:09,060 - INFO - [2023] MISSING_CENTRAL: SR1E2Mu/Central/bjets/2/pz in Skim_TriLep_DYJets10to50.root
2026-05-04 15:41:09,330 - INFO - [2023] MISSING_CENTRAL: SR1E2Mu/Central/bjets/2/pz in Skim_TriLep_WWW.root
2026-05-04 15:41:09,500 - INFO - [2023BPix] MISSING_CENTRAL: SR1E2Mu/Central/bjets/2/pz in Skim_TriLep_DYJets10to50.root
2026-05-04 15:41:09,697 - INFO - [2023BPix] MISSING_CENTRAL: SR1E2Mu/Central/bjets/2/pz in Skim_TriLep_WZTo3LNu_powheg.root
2026-05-04 15:41:09,746 - INFO - [2023BPix] MISSING_CENTRAL: SR1E2Mu/Central/bjets/2/pz in Skim_TriLep_WWW.root
2026-05-04 16:03:06,981 - INFO - [2023] MISSING_CENTRAL: SR1E2Mu/Central/bjets/2/pz in Skim_TriLep_MuonEG_C_v3.root
2026-05-04 16:03:06,996 - INFO - [2022] MISSING_CENTRAL: SR1E2Mu/Central/bjets/2/pz in Skim_TriLep_DYJets.root
2026-05-04 16:03:06,997 - INFO - [2022] MISSING_CENTRAL: SR1E2Mu/Central/bjets/2/pz in Skim_TriLep_DYJets10to50.root
2026-05-04 16:03:07,247 - INFO - [2022] MISSING_CENTRAL: SR1E2Mu/Central/bjets/2/pz in Skim_TriLep_WWW.root
2026-05-04 16:03:07,387 - INFO - [2022EE] MISSING_CENTRAL: SR1E2Mu/Central/bjets/2/pz in Skim_TriLep_DYJets.root
2026-05-04 16:03:07,388 - INFO - [2022EE] MISSING_CENTRAL: SR1E2Mu/Central/bjets/2/pz in Skim_TriLep_DYJets10to50.root
2026-05-04 16:03:07,663 - INFO - [2022EE] MISSING_CENTRAL: SR1E2Mu/Central/bjets/2/pz in Skim_TriLep_WWW.root
2026-05-04 16:03:07,839 - INFO - [2023] MISSING_CENTRAL: SR1E2Mu/Central/bjets/2/pz in Skim_TriLep_DYJets10to50.root
2026-05-04 16:03:08,184 - INFO - [2023] MISSING_CENTRAL: SR1E2Mu/Central/bjets/2/pz in Skim_TriLep_WWW.root
2026-05-04 16:03:08,352 - INFO - [2023BPix] MISSING_CENTRAL: SR1E2Mu/Central/bjets/2/pz in Skim_TriLep_DYJets10to50.root
2026-05-04 16:03:08,539 - INFO - [2023BPix] MISSING_CENTRAL: SR1E2Mu/Central/bjets/2/pz in Skim_TriLep_WZTo3LNu_powheg.root
2026-05-04 16:03:08,586 - INFO - [2023BPix] MISSING_CENTRAL: SR1E2Mu/Central/bjets/2/pz in Skim_TriLep_WWW.root
2026-05-04 16:05:09,432 - INFO - [2023] MISSING_CENTRAL: SR1E2Mu/Central/bjets/2/pz in Skim_TriLep_MuonEG_C_v3.root
2026-05-04 16:05:09,447 - INFO - [2022] MISSING_CENTRAL: SR1E2Mu/Central/bjets/2/pz in Skim_TriLep_DYJets.root
2026-05-04 16:05:09,447 - INFO - [2022] MISSING_CENTRAL: SR1E2Mu/Central/bjets/2/pz in Skim_TriLep_DYJets10to50.root
2026-05-04 16:05:09,709 - INFO - [2022] MISSING_CENTRAL: SR1E2Mu/Central/bjets/2/pz in Skim_TriLep_WWW.root
2026-05-04 16:05:09,853 - INFO - [2022EE] MISSING_CENTRAL: SR1E2Mu/Central/bjets/2/pz in Skim_TriLep_DYJets.root
2026-05-04 16:05:09,854 - INFO - [2022EE] MISSING_CENTRAL: SR1E2Mu/Central/bjets/2/pz in Skim_TriLep_DYJets10to50.root
2026-05-04 16:05:10,133 - INFO - [2022EE] MISSING_CENTRAL: SR1E2Mu/Central/bjets/2/pz in Skim_TriLep_WWW.root
2026-05-04 16:05:10,350 - INFO - [2023] MISSING_CENTRAL: SR1E2Mu/Central/bjets/2/pz in Skim_TriLep_DYJets10to50.root
2026-05-04 16:05:10,621 - INFO - [2023] MISSING_CENTRAL: SR1E2Mu/Central/bjets/2/pz in Skim_TriLep_WWW.root
2026-05-04 16:05:10,799 - INFO - [2023BPix] MISSING_CENTRAL: SR1E2Mu/Central/bjets/2/pz in Skim_TriLep_DYJets10to50.root
2026-05-04 16:05:11,000 - INFO - [2023BPix] MISSING_CENTRAL: SR1E2Mu/Central/bjets/2/pz in Skim_TriLep_WZTo3LNu_powheg.root
2026-05-04 16:05:11,049 - INFO - [2023BPix] MISSING_CENTRAL: SR1E2Mu/Central/bjets/2/pz in Skim_TriLep_WWW.root
2026-05-04 17:02:14,874 - INFO - [2023] MISSING_CENTRAL: SR1E2Mu/Central/bjets/2/pz in Skim_TriLep_MuonEG_C_v3.root
2026-05-04 17:02:14,889 - INFO - [2022] MISSING_CENTRAL: SR1E2Mu/Central/bjets/2/pz in Skim_TriLep_DYJets.root
2026-05-04 17:02:14,889 - INFO - [2022] MISSING_CENTRAL: SR1E2Mu/Central/bjets/2/pz in Skim_TriLep_DYJets10to50.root
2026-05-04 17:02:15,150 - INFO - [2022] MISSING_CENTRAL: SR1E2Mu/Central/bjets/2/pz in Skim_TriLep_WWW.root
2026-05-04 17:02:15,288 - INFO - [2022EE] MISSING_CENTRAL: SR1E2Mu/Central/bjets/2/pz in Skim_TriLep_DYJets.root
2026-05-04 17:02:15,288 - INFO - [2022EE] MISSING_CENTRAL: SR1E2Mu/Central/bjets/2/pz in Skim_TriLep_DYJets10to50.root
2026-05-04 17:02:15,560 - INFO - [2022EE] MISSING_CENTRAL: SR1E2Mu/Central/bjets/2/pz in Skim_TriLep_WWW.root
2026-05-04 17:02:15,740 - INFO - [2023] MISSING_CENTRAL: SR1E2Mu/Central/bjets/2/pz in Skim_TriLep_DYJets10to50.root
2026-05-04 17:02:16,028 - INFO - [2023] MISSING_CENTRAL: SR1E2Mu/Central/bjets/2/pz in Skim_TriLep_WWW.root
2026-05-04 17:02:16,210 - INFO - [2023BPix] MISSING_CENTRAL: SR1E2Mu/Central/bjets/2/pz in Skim_TriLep_DYJets10to50.root
2026-05-04 17:02:16,413 - INFO - [2023BPix] MISSING_CENTRAL: SR1E2Mu/Central/bjets/2/pz in Skim_TriLep_WZTo3LNu_powheg.root
2026-05-04 17:02:16,462 - INFO - [2023BPix] MISSING_CENTRAL: SR1E2Mu/Central/bjets/2/pz in Skim_TriLep_WWW.root
2026-05-04 17:12:01,826 - INFO - [2023] MISSING_CENTRAL: SR1E2Mu/Central/bjets/2/pz in Skim_TriLep_MuonEG_C_v3.root
2026-05-04 17:12:01,840 - INFO - [2022] MISSING_CENTRAL: SR1E2Mu/Central/bjets/2/pz in Skim_TriLep_DYJets.root
2026-05-04 17:12:01,841 - INFO - [2022] MISSING_CENTRAL: SR1E2Mu/Central/bjets/2/pz in Skim_TriLep_DYJets10to50.root
2026-05-04 17:12:02,122 - INFO - [2022] MISSING_CENTRAL: SR1E2Mu/Central/bjets/2/pz in Skim_TriLep_WWW.root
2026-05-04 17:12:02,268 - INFO - [2022EE] MISSING_CENTRAL: SR1E2Mu/Central/bjets/2/pz in Skim_TriLep_DYJets.root
2026-05-04 17:12:02,268 - INFO - [2022EE] MISSING_CENTRAL: SR1E2Mu/Central/bjets/2/pz in Skim_TriLep_DYJets10to50.root
2026-05-04 17:12:02,561 - INFO - [2022EE] MISSING_CENTRAL: SR1E2Mu/Central/bjets/2/pz in Skim_TriLep_WWW.root
2026-05-04 17:12:02,733 - INFO - [2023] MISSING_CENTRAL: SR1E2Mu/Central/bjets/2/pz in Skim_TriLep_DYJets10to50.root
2026-05-04 17:12:03,006 - INFO - [2023] MISSING_CENTRAL: SR1E2Mu/Central/bjets/2/pz in Skim_TriLep_WWW.root
2026-05-04 17:12:03,176 - INFO - [2023BPix] MISSING_CENTRAL: SR1E2Mu/Central/bjets/2/pz in Skim_TriLep_DYJets10to50.root
2026-05-04 17:12:03,390 - INFO - [2023BPix] MISSING_CENTRAL: SR1E2Mu/Central/bjets/2/pz in Skim_TriLep_WZTo3LNu_powheg.root
2026-05-04 17:12:03,443 - INFO - [2023BPix] MISSING_CENTRAL: SR1E2Mu/Central/bjets/2/pz in Skim_TriLep_WWW.root
