2025-09-24 16:10:35,445 - INFO - [2023] MISSING_CENTRAL: SR1E2Mu/Central/bjets/2/phi in Skim_TriLep_MuonEG_C_v3.root
2025-09-24 16:10:35,463 - INFO - [2022] MISSING_CENTRAL: SR1E2Mu/Central/bjets/2/phi in Skim_TriLep_DYJets.root
2025-09-24 16:10:35,464 - INFO - [2022] MISSING_CENTRAL: SR1E2Mu/Central/bjets/2/phi in Skim_TriLep_DYJets10to50.root
2025-09-24 16:10:35,471 - INFO - [2022] MISSING_CENTRAL: SR1E2Mu/Central/bjets/2/phi in Skim_TriLep_DYGTo2LG_MLL4to50_PTG100to200.root
2025-09-24 16:10:35,471 - INFO - [2022] MISSING_CENTRAL: SR1E2Mu/Central/bjets/2/phi in Skim_TriLep_DYGTo2LG_MLL4to50_PTG200toInf.root
2025-09-24 16:10:35,478 - INFO - [2022] MISSING_CENTRAL: SR1E2Mu/Central/bjets/2/phi in Skim_TriLep_DYGTo2LG_MLL50_PTG100to200.root
2025-09-24 16:10:35,478 - INFO - [2022] MISSING_CENTRAL: SR1E2Mu/Central/bjets/2/phi in Skim_TriLep_DYGTo2LG_MLL50_PTG200toInf.root
2025-09-24 16:10:35,524 - INFO - [2022] MISSING_CENTRAL: SR1E2Mu/Central/bjets/2/phi in Skim_TriLep_WWW.root
2025-09-24 16:10:35,565 - INFO - [2022EE] MISSING_CENTRAL: SR1E2Mu/Central/bjets/2/phi in Skim_TriLep_DYJets.root
2025-09-24 16:10:35,566 - INFO - [2022EE] MISSING_CENTRAL: SR1E2Mu/Central/bjets/2/phi in Skim_TriLep_DYJets10to50.root
2025-09-24 16:10:35,574 - INFO - [2022EE] MISSING_CENTRAL: SR1E2Mu/Central/bjets/2/phi in Skim_TriLep_DYGTo2LG_MLL4to50_PTG100to200.root
2025-09-24 16:10:35,592 - INFO - [2022EE] MISSING_CENTRAL: SR1E2Mu/Central/bjets/2/phi in Skim_TriLep_DYGTo2LG_MLL50_PTG100to200.root
2025-09-24 16:10:35,695 - INFO - [2022EE] MISSING_CENTRAL: SR1E2Mu/Central/bjets/2/phi in Skim_TriLep_WWW.root
2025-09-24 16:10:35,805 - INFO - [2023] MISSING_CENTRAL: SR1E2Mu/Central/bjets/2/phi in Skim_TriLep_DYJets.root
2025-09-24 16:10:35,805 - INFO - [2023] MISSING_CENTRAL: SR1E2Mu/Central/bjets/2/phi in Skim_TriLep_DYJets10to50.root
2025-09-24 16:10:35,840 - INFO - [2023] MISSING_CENTRAL: SR1E2Mu/Central/bjets/2/phi in Skim_TriLep_DYGTo2LG_MLL4to50_PTG200toInf.root
2025-09-24 16:10:35,848 - INFO - [2023] MISSING_CENTRAL: SR1E2Mu/Central/bjets/2/phi in Skim_TriLep_DYGTo2LG_MLL50_PTG200to400.root
2025-09-24 16:10:35,958 - INFO - [2023] MISSING_CENTRAL: SR1E2Mu/Central/bjets/2/phi in Skim_TriLep_WWW.root
2025-09-24 16:10:35,991 - INFO - [2023BPix] MISSING_CENTRAL: SR1E2Mu/Central/bjets/2/phi in Skim_TriLep_DYJets.root
2025-09-24 16:10:35,991 - INFO - [2023BPix] MISSING_CENTRAL: SR1E2Mu/Central/bjets/2/phi in Skim_TriLep_DYJets10to50.root
2025-09-24 16:10:36,014 - INFO - [2023BPix] MISSING_CENTRAL: SR1E2Mu/Central/bjets/2/phi in Skim_TriLep_DYGTo2LG_MLL50_PTG100to200.root
2025-09-24 16:10:36,014 - INFO - [2023BPix] MISSING_CENTRAL: SR1E2Mu/Central/bjets/2/phi in Skim_TriLep_DYGTo2LG_MLL50_PTG200to400.root
2025-09-24 16:10:36,015 - INFO - [2023BPix] MISSING_CENTRAL: SR1E2Mu/Central/bjets/2/phi in Skim_TriLep_DYGTo2LG_MLL50_PTG400to600.root
2025-09-24 16:10:36,103 - INFO - [2023BPix] MISSING_CENTRAL: SR1E2Mu/Central/bjets/2/phi in Skim_TriLep_WZTo3LNu_powheg.root
2025-09-24 16:10:36,224 - INFO - [2023BPix] MISSING_CENTRAL: SR1E2Mu/Central/bjets/2/phi in Skim_TriLep_WWW.root
2025-09-24 16:10:36,225 - INFO - [2023BPix] MISSING_CENTRAL: SR1E2Mu/Central/bjets/2/phi in Skim_TriLep_WWZ.root
2025-10-02 21:24:47,391 - INFO - [2023] MISSING_CENTRAL: SR1E2Mu/Central/bjets/2/phi in Skim_TriLep_MuonEG_C_v3.root
2025-10-02 21:24:47,420 - INFO - [2022] MISSING_CENTRAL: SR1E2Mu/Central/bjets/2/phi in Skim_TriLep_DYJets.root
2025-10-02 21:24:47,423 - INFO - [2022] MISSING_CENTRAL: SR1E2Mu/Central/bjets/2/phi in Skim_TriLep_DYJets10to50.root
2025-10-02 21:24:47,457 - INFO - [2022] MISSING_CENTRAL: SR1E2Mu/Central/bjets/2/phi in Skim_TriLep_DYGTo2LG_MLL4to50_PTG100to200.root
2025-10-02 21:24:47,458 - INFO - [2022] MISSING_CENTRAL: SR1E2Mu/Central/bjets/2/phi in Skim_TriLep_DYGTo2LG_MLL4to50_PTG200toInf.root
2025-10-02 21:24:47,473 - INFO - [2022] MISSING_CENTRAL: SR1E2Mu/Central/bjets/2/phi in Skim_TriLep_DYGTo2LG_MLL50_PTG100to200.root
2025-10-02 21:24:47,474 - INFO - [2022] MISSING_CENTRAL: SR1E2Mu/Central/bjets/2/phi in Skim_TriLep_DYGTo2LG_MLL50_PTG200toInf.root
2025-10-02 21:24:47,681 - INFO - [2022] MISSING_CENTRAL: SR1E2Mu/Central/bjets/2/phi in Skim_TriLep_WWW.root
2025-10-02 21:24:47,848 - INFO - [2022EE] MISSING_CENTRAL: SR1E2Mu/Central/bjets/2/phi in Skim_TriLep_DYJets.root
2025-10-02 21:24:47,848 - INFO - [2022EE] MISSING_CENTRAL: SR1E2Mu/Central/bjets/2/phi in Skim_TriLep_DYJets10to50.root
2025-10-02 21:24:47,861 - INFO - [2022EE] MISSING_CENTRAL: SR1E2Mu/Central/bjets/2/phi in Skim_TriLep_DYGTo2LG_MLL4to50_PTG100to200.root
2025-10-02 21:24:47,884 - INFO - [2022EE] MISSING_CENTRAL: SR1E2Mu/Central/bjets/2/phi in Skim_TriLep_DYGTo2LG_MLL50_PTG100to200.root
2025-10-02 21:24:48,026 - INFO - [2022EE] MISSING_CENTRAL: SR1E2Mu/Central/bjets/2/phi in Skim_TriLep_WWW.root
2025-10-02 21:24:48,112 - INFO - [2023] MISSING_CENTRAL: SR1E2Mu/Central/bjets/2/phi in Skim_TriLep_DYJets.root
2025-10-02 21:24:48,115 - INFO - [2023] MISSING_CENTRAL: SR1E2Mu/Central/bjets/2/phi in Skim_TriLep_DYJets10to50.root
2025-10-02 21:24:48,154 - INFO - [2023] MISSING_CENTRAL: SR1E2Mu/Central/bjets/2/phi in Skim_TriLep_DYGTo2LG_MLL4to50_PTG200toInf.root
2025-10-02 21:24:48,189 - INFO - [2023] MISSING_CENTRAL: SR1E2Mu/Central/bjets/2/phi in Skim_TriLep_DYGTo2LG_MLL50_PTG200to400.root
2025-10-02 21:24:48,357 - INFO - [2023] MISSING_CENTRAL: SR1E2Mu/Central/bjets/2/phi in Skim_TriLep_WWW.root
2025-10-02 21:24:48,436 - INFO - [2023BPix] MISSING_CENTRAL: SR1E2Mu/Central/bjets/2/phi in Skim_TriLep_DYJets.root
2025-10-02 21:24:48,437 - INFO - [2023BPix] MISSING_CENTRAL: SR1E2Mu/Central/bjets/2/phi in Skim_TriLep_DYJets10to50.root
2025-10-02 21:24:48,487 - INFO - [2023BPix] MISSING_CENTRAL: SR1E2Mu/Central/bjets/2/phi in Skim_TriLep_DYGTo2LG_MLL50_PTG100to200.root
2025-10-02 21:24:48,489 - INFO - [2023BPix] MISSING_CENTRAL: SR1E2Mu/Central/bjets/2/phi in Skim_TriLep_DYGTo2LG_MLL50_PTG200to400.root
2025-10-02 21:24:48,491 - INFO - [2023BPix] MISSING_CENTRAL: SR1E2Mu/Central/bjets/2/phi in Skim_TriLep_DYGTo2LG_MLL50_PTG400to600.root
2025-10-02 21:24:48,604 - INFO - [2023BPix] MISSING_CENTRAL: SR1E2Mu/Central/bjets/2/phi in Skim_TriLep_WZTo3LNu_powheg.root
2025-10-02 21:24:48,647 - INFO - [2023BPix] MISSING_CENTRAL: SR1E2Mu/Central/bjets/2/phi in Skim_TriLep_WWW.root
2025-10-02 21:24:48,649 - INFO - [2023BPix] MISSING_CENTRAL: SR1E2Mu/Central/bjets/2/phi in Skim_TriLep_WWZ.root
2025-10-03 00:45:00,306 - INFO - [2023] MISSING_CENTRAL: SR1E2Mu/Central/bjets/2/phi in Skim_TriLep_MuonEG_C_v3.root
2025-10-03 00:45:00,327 - INFO - [2022] MISSING_CENTRAL: SR1E2Mu/Central/bjets/2/phi in Skim_TriLep_DYJets.root
2025-10-03 00:45:00,328 - INFO - [2022] MISSING_CENTRAL: SR1E2Mu/Central/bjets/2/phi in Skim_TriLep_DYJets10to50.root
2025-10-03 00:45:00,343 - INFO - [2022] MISSING_CENTRAL: SR1E2Mu/Central/bjets/2/phi in Skim_TriLep_DYGTo2LG_MLL4to50_PTG100to200.root
2025-10-03 00:45:00,343 - INFO - [2022] MISSING_CENTRAL: SR1E2Mu/Central/bjets/2/phi in Skim_TriLep_DYGTo2LG_MLL4to50_PTG200toInf.root
2025-10-03 00:45:00,367 - INFO - [2022] MISSING_CENTRAL: SR1E2Mu/Central/bjets/2/phi in Skim_TriLep_DYGTo2LG_MLL50_PTG100to200.root
2025-10-03 00:45:00,368 - INFO - [2022] MISSING_CENTRAL: SR1E2Mu/Central/bjets/2/phi in Skim_TriLep_DYGTo2LG_MLL50_PTG200toInf.root
2025-10-03 00:45:00,553 - INFO - [2022] MISSING_CENTRAL: SR1E2Mu/Central/bjets/2/phi in Skim_TriLep_WWW.root
2025-10-03 00:45:00,649 - INFO - [2022EE] MISSING_CENTRAL: SR1E2Mu/Central/bjets/2/phi in Skim_TriLep_DYJets.root
2025-10-03 00:45:00,650 - INFO - [2022EE] MISSING_CENTRAL: SR1E2Mu/Central/bjets/2/phi in Skim_TriLep_DYJets10to50.root
2025-10-03 00:45:00,661 - INFO - [2022EE] MISSING_CENTRAL: SR1E2Mu/Central/bjets/2/phi in Skim_TriLep_DYGTo2LG_MLL4to50_PTG100to200.root
2025-10-03 00:45:00,684 - INFO - [2022EE] MISSING_CENTRAL: SR1E2Mu/Central/bjets/2/phi in Skim_TriLep_DYGTo2LG_MLL50_PTG100to200.root
2025-10-03 00:45:00,966 - INFO - [2022EE] MISSING_CENTRAL: SR1E2Mu/Central/bjets/2/phi in Skim_TriLep_WWW.root
2025-10-03 00:45:01,111 - INFO - [2023] MISSING_CENTRAL: SR1E2Mu/Central/bjets/2/phi in Skim_TriLep_DYJets.root
2025-10-03 00:45:01,111 - INFO - [2023] MISSING_CENTRAL: SR1E2Mu/Central/bjets/2/phi in Skim_TriLep_DYJets10to50.root
2025-10-03 00:45:01,139 - INFO - [2023] MISSING_CENTRAL: SR1E2Mu/Central/bjets/2/phi in Skim_TriLep_DYGTo2LG_MLL4to50_PTG200toInf.root
2025-10-03 00:45:01,163 - INFO - [2023] MISSING_CENTRAL: SR1E2Mu/Central/bjets/2/phi in Skim_TriLep_DYGTo2LG_MLL50_PTG200to400.root
2025-10-03 00:45:01,478 - INFO - [2023] MISSING_CENTRAL: SR1E2Mu/Central/bjets/2/phi in Skim_TriLep_WWW.root
2025-10-03 00:45:01,611 - INFO - [2023BPix] MISSING_CENTRAL: SR1E2Mu/Central/bjets/2/phi in Skim_TriLep_DYJets.root
2025-10-03 00:45:01,612 - INFO - [2023BPix] MISSING_CENTRAL: SR1E2Mu/Central/bjets/2/phi in Skim_TriLep_DYJets10to50.root
2025-10-03 00:45:01,658 - INFO - [2023BPix] MISSING_CENTRAL: SR1E2Mu/Central/bjets/2/phi in Skim_TriLep_DYGTo2LG_MLL50_PTG100to200.root
2025-10-03 00:45:01,659 - INFO - [2023BPix] MISSING_CENTRAL: SR1E2Mu/Central/bjets/2/phi in Skim_TriLep_DYGTo2LG_MLL50_PTG200to400.root
2025-10-03 00:45:01,660 - INFO - [2023BPix] MISSING_CENTRAL: SR1E2Mu/Central/bjets/2/phi in Skim_TriLep_DYGTo2LG_MLL50_PTG400to600.root
2025-10-03 00:45:01,910 - INFO - [2023BPix] MISSING_CENTRAL: SR1E2Mu/Central/bjets/2/phi in Skim_TriLep_WZTo3LNu_powheg.root
2025-10-03 00:45:01,978 - INFO - [2023BPix] MISSING_CENTRAL: SR1E2Mu/Central/bjets/2/phi in Skim_TriLep_WWW.root
2025-10-03 00:45:01,979 - INFO - [2023BPix] MISSING_CENTRAL: SR1E2Mu/Central/bjets/2/phi in Skim_TriLep_WWZ.root
2025-11-07 13:15:23,441 - INFO - [2022] MISSING_FILE: /home/choij/Sync/workspace/ChargedHiggsAnalysisV3/SKNanoOutput/PromptSelector/Run1E2Mu/2022/Skim_TriLep_MuonEG_C.root
2025-11-07 13:15:23,446 - INFO - [2022] MISSING_FILE: /home/choij/Sync/workspace/ChargedHiggsAnalysisV3/SKNanoOutput/PromptSelector/Run1E2Mu/2022/Skim_TriLep_MuonEG_D.root
2025-11-07 13:15:23,446 - INFO - [2022EE] MISSING_FILE: /home/choij/Sync/workspace/ChargedHiggsAnalysisV3/SKNanoOutput/PromptSelector/Run1E2Mu/2022EE/Skim_TriLep_MuonEG_E.root
2025-11-07 13:15:23,447 - INFO - [2022EE] MISSING_FILE: /home/choij/Sync/workspace/ChargedHiggsAnalysisV3/SKNanoOutput/PromptSelector/Run1E2Mu/2022EE/Skim_TriLep_MuonEG_F.root
2025-11-07 13:15:23,447 - INFO - [2022EE] MISSING_FILE: /home/choij/Sync/workspace/ChargedHiggsAnalysisV3/SKNanoOutput/PromptSelector/Run1E2Mu/2022EE/Skim_TriLep_MuonEG_G.root
2025-11-07 13:15:23,447 - INFO - [2023] MISSING_FILE: /home/choij/Sync/workspace/ChargedHiggsAnalysisV3/SKNanoOutput/PromptSelector/Run1E2Mu/2023/Skim_TriLep_MuonEG_C_v1.root
2025-11-07 13:15:23,447 - INFO - [2023] MISSING_FILE: /home/choij/Sync/workspace/ChargedHiggsAnalysisV3/SKNanoOutput/PromptSelector/Run1E2Mu/2023/Skim_TriLep_MuonEG_C_v2.root
2025-11-07 13:15:23,448 - INFO - [2023] MISSING_FILE: /home/choij/Sync/workspace/ChargedHiggsAnalysisV3/SKNanoOutput/PromptSelector/Run1E2Mu/2023/Skim_TriLep_MuonEG_C_v3.root
2025-11-07 13:15:23,448 - INFO - [2023] MISSING_FILE: /home/choij/Sync/workspace/ChargedHiggsAnalysisV3/SKNanoOutput/PromptSelector/Run1E2Mu/2023/Skim_TriLep_MuonEG_C_v4.root
2025-11-07 13:15:23,448 - INFO - [2023BPix] MISSING_FILE: /home/choij/Sync/workspace/ChargedHiggsAnalysisV3/SKNanoOutput/PromptSelector/Run1E2Mu/2023BPix/Skim_TriLep_MuonEG_D_v1.root
2025-11-07 13:15:23,448 - INFO - [2023BPix] MISSING_FILE: /home/choij/Sync/workspace/ChargedHiggsAnalysisV3/SKNanoOutput/PromptSelector/Run1E2Mu/2023BPix/Skim_TriLep_MuonEG_D_v2.root
2025-11-07 14:12:54,788 - INFO - [2022] MISSING_FILE: /home/choij/Sync/workspace/ChargedHiggsAnalysisV3/SKNanoOutput/PromptSelector/Run1E2Mu/2022/Skim_TriLep_MuonEG_C.root
2025-11-07 14:12:54,788 - INFO - [2022] MISSING_FILE: /home/choij/Sync/workspace/ChargedHiggsAnalysisV3/SKNanoOutput/PromptSelector/Run1E2Mu/2022/Skim_TriLep_MuonEG_D.root
2025-11-07 14:12:54,788 - INFO - [2022EE] MISSING_FILE: /home/choij/Sync/workspace/ChargedHiggsAnalysisV3/SKNanoOutput/PromptSelector/Run1E2Mu/2022EE/Skim_TriLep_MuonEG_E.root
2025-11-07 14:12:54,788 - INFO - [2022EE] MISSING_FILE: /home/choij/Sync/workspace/ChargedHiggsAnalysisV3/SKNanoOutput/PromptSelector/Run1E2Mu/2022EE/Skim_TriLep_MuonEG_F.root
2025-11-07 14:12:54,789 - INFO - [2022EE] MISSING_FILE: /home/choij/Sync/workspace/ChargedHiggsAnalysisV3/SKNanoOutput/PromptSelector/Run1E2Mu/2022EE/Skim_TriLep_MuonEG_G.root
2025-11-07 14:12:54,789 - INFO - [2023] MISSING_FILE: /home/choij/Sync/workspace/ChargedHiggsAnalysisV3/SKNanoOutput/PromptSelector/Run1E2Mu/2023/Skim_TriLep_MuonEG_C_v1.root
2025-11-07 14:12:54,789 - INFO - [2023] MISSING_FILE: /home/choij/Sync/workspace/ChargedHiggsAnalysisV3/SKNanoOutput/PromptSelector/Run1E2Mu/2023/Skim_TriLep_MuonEG_C_v2.root
2025-11-07 14:12:54,789 - INFO - [2023] MISSING_FILE: /home/choij/Sync/workspace/ChargedHiggsAnalysisV3/SKNanoOutput/PromptSelector/Run1E2Mu/2023/Skim_TriLep_MuonEG_C_v3.root
2025-11-07 14:12:54,789 - INFO - [2023] MISSING_FILE: /home/choij/Sync/workspace/ChargedHiggsAnalysisV3/SKNanoOutput/PromptSelector/Run1E2Mu/2023/Skim_TriLep_MuonEG_C_v4.root
2025-11-07 14:12:54,790 - INFO - [2023BPix] MISSING_FILE: /home/choij/Sync/workspace/ChargedHiggsAnalysisV3/SKNanoOutput/PromptSelector/Run1E2Mu/2023BPix/Skim_TriLep_MuonEG_D_v1.root
2025-11-07 14:12:54,790 - INFO - [2023BPix] MISSING_FILE: /home/choij/Sync/workspace/ChargedHiggsAnalysisV3/SKNanoOutput/PromptSelector/Run1E2Mu/2023BPix/Skim_TriLep_MuonEG_D_v2.root
2025-11-10 12:29:41,401 - INFO - [2023] MISSING_CENTRAL: SR1E2Mu/Central/bjets/2/phi in Skim_TriLep_MuonEG_C_v3.root
2025-11-10 12:29:41,417 - INFO - [2022] MISSING_CENTRAL: SR1E2Mu/Central/bjets/2/phi in Skim_TriLep_DYJets.root
2025-11-10 12:29:41,417 - INFO - [2022] MISSING_CENTRAL: SR1E2Mu/Central/bjets/2/phi in Skim_TriLep_DYJets10to50.root
2025-11-10 12:29:41,428 - INFO - [2022] MISSING_CENTRAL: SR1E2Mu/Central/bjets/2/phi in Skim_TriLep_DYGTo2LG_MLL4to50_PTG100to200.root
2025-11-10 12:29:41,429 - INFO - [2022] MISSING_CENTRAL: SR1E2Mu/Central/bjets/2/phi in Skim_TriLep_DYGTo2LG_MLL4to50_PTG200toInf.root
2025-11-10 12:29:41,436 - INFO - [2022] MISSING_CENTRAL: SR1E2Mu/Central/bjets/2/phi in Skim_TriLep_DYGTo2LG_MLL50_PTG100to200.root
2025-11-10 12:29:41,437 - INFO - [2022] MISSING_CENTRAL: SR1E2Mu/Central/bjets/2/phi in Skim_TriLep_DYGTo2LG_MLL50_PTG200toInf.root
2025-11-10 12:29:41,513 - INFO - [2022] MISSING_CENTRAL: SR1E2Mu/Central/bjets/2/phi in Skim_TriLep_WWW.root
2025-11-10 12:29:41,556 - INFO - [2022EE] MISSING_CENTRAL: SR1E2Mu/Central/bjets/2/phi in Skim_TriLep_DYJets.root
2025-11-10 12:29:41,556 - INFO - [2022EE] MISSING_CENTRAL: SR1E2Mu/Central/bjets/2/phi in Skim_TriLep_DYJets10to50.root
2025-11-10 12:29:41,564 - INFO - [2022EE] MISSING_CENTRAL: SR1E2Mu/Central/bjets/2/phi in Skim_TriLep_DYGTo2LG_MLL4to50_PTG100to200.root
2025-11-10 12:29:41,579 - INFO - [2022EE] MISSING_CENTRAL: SR1E2Mu/Central/bjets/2/phi in Skim_TriLep_DYGTo2LG_MLL50_PTG100to200.root
2025-11-10 12:29:41,662 - INFO - [2022EE] MISSING_CENTRAL: SR1E2Mu/Central/bjets/2/phi in Skim_TriLep_WWW.root
2025-11-10 12:29:41,703 - INFO - [2023] MISSING_CENTRAL: SR1E2Mu/Central/bjets/2/phi in Skim_TriLep_DYJets.root
2025-11-10 12:29:41,704 - INFO - [2023] MISSING_CENTRAL: SR1E2Mu/Central/bjets/2/phi in Skim_TriLep_DYJets10to50.root
2025-11-10 12:29:41,719 - INFO - [2023] MISSING_CENTRAL: SR1E2Mu/Central/bjets/2/phi in Skim_TriLep_DYGTo2LG_MLL4to50_PTG200toInf.root
2025-11-10 12:29:41,739 - INFO - [2023] MISSING_CENTRAL: SR1E2Mu/Central/bjets/2/phi in Skim_TriLep_DYGTo2LG_MLL50_PTG200to400.root
2025-11-10 12:29:41,832 - INFO - [2023] MISSING_CENTRAL: SR1E2Mu/Central/bjets/2/phi in Skim_TriLep_WWW.root
2025-11-10 12:29:41,885 - INFO - [2023BPix] MISSING_CENTRAL: SR1E2Mu/Central/bjets/2/phi in Skim_TriLep_DYJets.root
2025-11-10 12:29:41,885 - INFO - [2023BPix] MISSING_CENTRAL: SR1E2Mu/Central/bjets/2/phi in Skim_TriLep_DYJets10to50.root
2025-11-10 12:29:41,919 - INFO - [2023BPix] MISSING_CENTRAL: SR1E2Mu/Central/bjets/2/phi in Skim_TriLep_DYGTo2LG_MLL50_PTG100to200.root
2025-11-10 12:29:41,921 - INFO - [2023BPix] MISSING_CENTRAL: SR1E2Mu/Central/bjets/2/phi in Skim_TriLep_DYGTo2LG_MLL50_PTG200to400.root
2025-11-10 12:29:41,922 - INFO - [2023BPix] MISSING_CENTRAL: SR1E2Mu/Central/bjets/2/phi in Skim_TriLep_DYGTo2LG_MLL50_PTG400to600.root
2025-11-10 12:29:42,039 - INFO - [2023BPix] MISSING_CENTRAL: SR1E2Mu/Central/bjets/2/phi in Skim_TriLep_WWW.root
2025-11-10 12:29:42,041 - INFO - [2023BPix] MISSING_CENTRAL: SR1E2Mu/Central/bjets/2/phi in Skim_TriLep_WWZ.root
2025-11-13 11:20:02,905 - INFO - [2023] MISSING_CENTRAL: SR1E2Mu/Central/bjets/2/phi in Skim_TriLep_MuonEG_C_v3.root
2025-11-13 11:20:02,946 - INFO - [2022] MISSING_CENTRAL: SR1E2Mu/Central/bjets/2/phi in Skim_TriLep_DYJets.root
2025-11-13 11:20:02,947 - INFO - [2022] MISSING_CENTRAL: SR1E2Mu/Central/bjets/2/phi in Skim_TriLep_DYJets10to50.root
2025-11-13 11:20:02,964 - INFO - [2022] MISSING_CENTRAL: SR1E2Mu/Central/bjets/2/phi in Skim_TriLep_DYGTo2LG_MLL4to50_PTG100to200.root
2025-11-13 11:20:02,965 - INFO - [2022] MISSING_CENTRAL: SR1E2Mu/Central/bjets/2/phi in Skim_TriLep_DYGTo2LG_MLL4to50_PTG200toInf.root
2025-11-13 11:20:02,990 - INFO - [2022] MISSING_CENTRAL: SR1E2Mu/Central/bjets/2/phi in Skim_TriLep_DYGTo2LG_MLL50_PTG100to200.root
2025-11-13 11:20:03,002 - INFO - [2022] MISSING_CENTRAL: SR1E2Mu/Central/bjets/2/phi in Skim_TriLep_DYGTo2LG_MLL50_PTG200toInf.root
2025-11-13 11:20:03,211 - INFO - [2022] MISSING_CENTRAL: SR1E2Mu/Central/bjets/2/phi in Skim_TriLep_WWW.root
2025-11-13 11:20:03,315 - INFO - [2022EE] MISSING_CENTRAL: SR1E2Mu/Central/bjets/2/phi in Skim_TriLep_DYJets.root
2025-11-13 11:20:03,316 - INFO - [2022EE] MISSING_CENTRAL: SR1E2Mu/Central/bjets/2/phi in Skim_TriLep_DYJets10to50.root
2025-11-13 11:20:03,329 - INFO - [2022EE] MISSING_CENTRAL: SR1E2Mu/Central/bjets/2/phi in Skim_TriLep_DYGTo2LG_MLL4to50_PTG100to200.root
2025-11-13 11:20:03,431 - INFO - [2022EE] MISSING_CENTRAL: SR1E2Mu/Central/bjets/2/phi in Skim_TriLep_DYGTo2LG_MLL50_PTG100to200.root
2025-11-13 11:20:03,679 - INFO - [2022EE] MISSING_CENTRAL: SR1E2Mu/Central/bjets/2/phi in Skim_TriLep_WWW.root
2025-11-13 11:20:03,757 - INFO - [2023] MISSING_CENTRAL: SR1E2Mu/Central/bjets/2/phi in Skim_TriLep_DYJets.root
2025-11-13 11:20:03,758 - INFO - [2023] MISSING_CENTRAL: SR1E2Mu/Central/bjets/2/phi in Skim_TriLep_DYJets10to50.root
2025-11-13 11:20:03,785 - INFO - [2023] MISSING_CENTRAL: SR1E2Mu/Central/bjets/2/phi in Skim_TriLep_DYGTo2LG_MLL4to50_PTG200toInf.root
2025-11-13 11:20:03,810 - INFO - [2023] MISSING_CENTRAL: SR1E2Mu/Central/bjets/2/phi in Skim_TriLep_DYGTo2LG_MLL50_PTG200to400.root
2025-11-13 11:20:04,022 - INFO - [2023] MISSING_CENTRAL: SR1E2Mu/Central/bjets/2/phi in Skim_TriLep_WWW.root
2025-11-13 11:20:04,115 - INFO - [2023BPix] MISSING_CENTRAL: SR1E2Mu/Central/bjets/2/phi in Skim_TriLep_DYJets.root
2025-11-13 11:20:04,117 - INFO - [2023BPix] MISSING_CENTRAL: SR1E2Mu/Central/bjets/2/phi in Skim_TriLep_DYJets10to50.root
2025-11-13 11:20:04,173 - INFO - [2023BPix] MISSING_CENTRAL: SR1E2Mu/Central/bjets/2/phi in Skim_TriLep_DYGTo2LG_MLL50_PTG100to200.root
2025-11-13 11:20:04,175 - INFO - [2023BPix] MISSING_CENTRAL: SR1E2Mu/Central/bjets/2/phi in Skim_TriLep_DYGTo2LG_MLL50_PTG200to400.root
2025-11-13 11:20:04,177 - INFO - [2023BPix] MISSING_CENTRAL: SR1E2Mu/Central/bjets/2/phi in Skim_TriLep_DYGTo2LG_MLL50_PTG400to600.root
2025-11-13 11:20:04,363 - INFO - [2023BPix] MISSING_CENTRAL: SR1E2Mu/Central/bjets/2/phi in Skim_TriLep_WWW.root
2025-11-13 11:20:04,365 - INFO - [2023BPix] MISSING_CENTRAL: SR1E2Mu/Central/bjets/2/phi in Skim_TriLep_WWZ.root
2025-11-19 16:32:07,731 - INFO - [2023] MISSING_CENTRAL: SR1E2Mu/Central/bjets/2/phi in Skim_TriLep_MuonEG_C_v3.root
2025-11-19 16:32:07,747 - INFO - [2022] MISSING_CENTRAL: SR1E2Mu/Central/bjets/2/phi in Skim_TriLep_DYJets.root
2025-11-19 16:32:07,748 - INFO - [2022] MISSING_CENTRAL: SR1E2Mu/Central/bjets/2/phi in Skim_TriLep_DYJets10to50.root
2025-11-19 16:32:07,758 - INFO - [2022] MISSING_CENTRAL: SR1E2Mu/Central/bjets/2/phi in Skim_TriLep_DYGTo2LG_MLL4to50_PTG100to200.root
2025-11-19 16:32:07,759 - INFO - [2022] MISSING_CENTRAL: SR1E2Mu/Central/bjets/2/phi in Skim_TriLep_DYGTo2LG_MLL4to50_PTG200toInf.root
2025-11-19 16:32:07,766 - INFO - [2022] MISSING_CENTRAL: SR1E2Mu/Central/bjets/2/phi in Skim_TriLep_DYGTo2LG_MLL50_PTG100to200.root
2025-11-19 16:32:07,767 - INFO - [2022] MISSING_CENTRAL: SR1E2Mu/Central/bjets/2/phi in Skim_TriLep_DYGTo2LG_MLL50_PTG200toInf.root
2025-11-19 16:32:07,841 - INFO - [2022] MISSING_CENTRAL: SR1E2Mu/Central/bjets/2/phi in Skim_TriLep_WWW.root
2025-11-19 16:32:07,885 - INFO - [2022EE] MISSING_CENTRAL: SR1E2Mu/Central/bjets/2/phi in Skim_TriLep_DYJets.root
2025-11-19 16:32:07,885 - INFO - [2022EE] MISSING_CENTRAL: SR1E2Mu/Central/bjets/2/phi in Skim_TriLep_DYJets10to50.root
2025-11-19 16:32:07,893 - INFO - [2022EE] MISSING_CENTRAL: SR1E2Mu/Central/bjets/2/phi in Skim_TriLep_DYGTo2LG_MLL4to50_PTG100to200.root
2025-11-19 16:32:07,908 - INFO - [2022EE] MISSING_CENTRAL: SR1E2Mu/Central/bjets/2/phi in Skim_TriLep_DYGTo2LG_MLL50_PTG100to200.root
2025-11-19 16:32:07,998 - INFO - [2022EE] MISSING_CENTRAL: SR1E2Mu/Central/bjets/2/phi in Skim_TriLep_WWW.root
2025-11-19 16:32:08,045 - INFO - [2023] MISSING_CENTRAL: SR1E2Mu/Central/bjets/2/phi in Skim_TriLep_DYJets.root
2025-11-19 16:32:08,046 - INFO - [2023] MISSING_CENTRAL: SR1E2Mu/Central/bjets/2/phi in Skim_TriLep_DYJets10to50.root
2025-11-19 16:32:08,061 - INFO - [2023] MISSING_CENTRAL: SR1E2Mu/Central/bjets/2/phi in Skim_TriLep_DYGTo2LG_MLL4to50_PTG200toInf.root
2025-11-19 16:32:08,077 - INFO - [2023] MISSING_CENTRAL: SR1E2Mu/Central/bjets/2/phi in Skim_TriLep_DYGTo2LG_MLL50_PTG200to400.root
2025-11-19 16:32:08,180 - INFO - [2023] MISSING_CENTRAL: SR1E2Mu/Central/bjets/2/phi in Skim_TriLep_WWW.root
2025-11-19 16:32:08,231 - INFO - [2023BPix] MISSING_CENTRAL: SR1E2Mu/Central/bjets/2/phi in Skim_TriLep_DYJets.root
2025-11-19 16:32:08,232 - INFO - [2023BPix] MISSING_CENTRAL: SR1E2Mu/Central/bjets/2/phi in Skim_TriLep_DYJets10to50.root
2025-11-19 16:32:08,265 - INFO - [2023BPix] MISSING_CENTRAL: SR1E2Mu/Central/bjets/2/phi in Skim_TriLep_DYGTo2LG_MLL50_PTG100to200.root
2025-11-19 16:32:08,266 - INFO - [2023BPix] MISSING_CENTRAL: SR1E2Mu/Central/bjets/2/phi in Skim_TriLep_DYGTo2LG_MLL50_PTG200to400.root
2025-11-19 16:32:08,267 - INFO - [2023BPix] MISSING_CENTRAL: SR1E2Mu/Central/bjets/2/phi in Skim_TriLep_DYGTo2LG_MLL50_PTG400to600.root
2025-11-19 16:32:08,372 - INFO - [2023BPix] MISSING_CENTRAL: SR1E2Mu/Central/bjets/2/phi in Skim_TriLep_WWW.root
2025-11-19 16:32:08,373 - INFO - [2023BPix] MISSING_CENTRAL: SR1E2Mu/Central/bjets/2/phi in Skim_TriLep_WWZ.root
2025-12-17 22:47:03,641 - INFO - [2023] MISSING_CENTRAL: SR1E2Mu/Central/bjets/2/phi in Skim_TriLep_MuonEG_C_v3.root
2025-12-17 22:47:03,689 - INFO - [2022] MISSING_CENTRAL: SR1E2Mu/Central/bjets/2/phi in Skim_TriLep_DYJets.root
2025-12-17 22:47:03,690 - INFO - [2022] MISSING_CENTRAL: SR1E2Mu/Central/bjets/2/phi in Skim_TriLep_DYJets10to50.root
2025-12-17 22:47:03,829 - INFO - [2022] MISSING_CENTRAL: SR1E2Mu/Central/bjets/2/phi in Skim_TriLep_WWW.root
2025-12-17 22:47:03,931 - INFO - [2022EE] MISSING_CENTRAL: SR1E2Mu/Central/bjets/2/phi in Skim_TriLep_DYJets.root
2025-12-17 22:47:03,936 - INFO - [2022EE] MISSING_CENTRAL: SR1E2Mu/Central/bjets/2/phi in Skim_TriLep_DYJets10to50.root
2025-12-17 22:47:04,380 - INFO - [2022EE] MISSING_CENTRAL: SR1E2Mu/Central/bjets/2/phi in Skim_TriLep_WWW.root
2025-12-17 22:47:04,483 - INFO - [2023] MISSING_CENTRAL: SR1E2Mu/Central/bjets/2/phi in Skim_TriLep_DYJets10to50.root
2025-12-17 22:47:04,684 - INFO - [2023] MISSING_CENTRAL: SR1E2Mu/Central/bjets/2/phi in Skim_TriLep_WWW.root
2025-12-17 22:47:04,789 - INFO - [2023BPix] MISSING_CENTRAL: SR1E2Mu/Central/bjets/2/phi in Skim_TriLep_DYJets10to50.root
2025-12-17 22:47:04,935 - INFO - [2023BPix] MISSING_CENTRAL: SR1E2Mu/Central/bjets/2/phi in Skim_TriLep_WWW.root
2025-12-17 22:47:04,937 - INFO - [2023BPix] MISSING_CENTRAL: SR1E2Mu/Central/bjets/2/phi in Skim_TriLep_WWZ.root
2025-12-18 14:48:57,227 - INFO - [2023] MISSING_CENTRAL: SR1E2Mu/Central/bjets/2/phi in Skim_TriLep_MuonEG_C_v3.root
2025-12-18 14:48:57,258 - INFO - [2022] MISSING_CENTRAL: SR1E2Mu/Central/bjets/2/phi in Skim_TriLep_DYJets.root
2025-12-18 14:48:57,260 - INFO - [2022] MISSING_CENTRAL: SR1E2Mu/Central/bjets/2/phi in Skim_TriLep_DYJets10to50.root
2025-12-18 14:48:57,652 - INFO - [2022] MISSING_CENTRAL: SR1E2Mu/Central/bjets/2/phi in Skim_TriLep_WWW.root
2025-12-18 14:48:57,741 - INFO - [2022EE] MISSING_CENTRAL: SR1E2Mu/Central/bjets/2/phi in Skim_TriLep_DYJets.root
2025-12-18 14:48:57,742 - INFO - [2022EE] MISSING_CENTRAL: SR1E2Mu/Central/bjets/2/phi in Skim_TriLep_DYJets10to50.root
2025-12-18 14:48:57,998 - INFO - [2022EE] MISSING_CENTRAL: SR1E2Mu/Central/bjets/2/phi in Skim_TriLep_WWW.root
2025-12-18 14:48:58,156 - INFO - [2023] MISSING_CENTRAL: SR1E2Mu/Central/bjets/2/phi in Skim_TriLep_DYJets10to50.root
2025-12-18 14:48:58,301 - INFO - [2023] MISSING_CENTRAL: SR1E2Mu/Central/bjets/2/phi in Skim_TriLep_WWW.root
2025-12-18 14:48:58,461 - INFO - [2023BPix] MISSING_CENTRAL: SR1E2Mu/Central/bjets/2/phi in Skim_TriLep_DYJets10to50.root
2025-12-18 14:48:58,623 - INFO - [2023BPix] MISSING_CENTRAL: SR1E2Mu/Central/bjets/2/phi in Skim_TriLep_WWW.root
2025-12-18 14:48:58,625 - INFO - [2023BPix] MISSING_CENTRAL: SR1E2Mu/Central/bjets/2/phi in Skim_TriLep_WWZ.root
2026-01-07 11:57:13,892 - INFO - [2023] MISSING_CENTRAL: SR1E2Mu/Central/bjets/2/phi in Skim_TriLep_MuonEG_C_v3.root
2026-01-07 11:57:13,917 - INFO - [2022] MISSING_CENTRAL: SR1E2Mu/Central/bjets/2/phi in Skim_TriLep_DYJets.root
2026-01-07 11:57:13,918 - INFO - [2022] MISSING_CENTRAL: SR1E2Mu/Central/bjets/2/phi in Skim_TriLep_DYJets10to50.root
2026-01-07 11:57:14,144 - INFO - [2022] MISSING_CENTRAL: SR1E2Mu/Central/bjets/2/phi in Skim_TriLep_WWW.root
2026-01-07 11:57:14,224 - INFO - [2022EE] MISSING_CENTRAL: SR1E2Mu/Central/bjets/2/phi in Skim_TriLep_DYJets.root
2026-01-07 11:57:14,225 - INFO - [2022EE] MISSING_CENTRAL: SR1E2Mu/Central/bjets/2/phi in Skim_TriLep_DYJets10to50.root
2026-01-07 11:57:14,498 - INFO - [2022EE] MISSING_CENTRAL: SR1E2Mu/Central/bjets/2/phi in Skim_TriLep_WWW.root
2026-01-07 11:57:14,817 - INFO - [2023] MISSING_CENTRAL: SR1E2Mu/Central/bjets/2/phi in Skim_TriLep_DYJets10to50.root
2026-01-07 11:57:14,955 - INFO - [2023] MISSING_CENTRAL: SR1E2Mu/Central/bjets/2/phi in Skim_TriLep_WWW.root
2026-01-07 11:57:15,048 - INFO - [2023BPix] MISSING_CENTRAL: SR1E2Mu/Central/bjets/2/phi in Skim_TriLep_DYJets10to50.root
2026-01-07 11:57:15,193 - INFO - [2023BPix] MISSING_CENTRAL: SR1E2Mu/Central/bjets/2/phi in Skim_TriLep_WWW.root
2026-01-07 11:57:15,195 - INFO - [2023BPix] MISSING_CENTRAL: SR1E2Mu/Central/bjets/2/phi in Skim_TriLep_WWZ.root
2026-01-07 18:53:52,559 - INFO - [2023] MISSING_CENTRAL: SR1E2Mu/Central/bjets/2/phi in Skim_TriLep_MuonEG_C_v3.root
2026-01-07 18:53:52,595 - INFO - [2022] MISSING_CENTRAL: SR1E2Mu/Central/bjets/2/phi in Skim_TriLep_DYJets.root
2026-01-07 18:53:52,596 - INFO - [2022] MISSING_CENTRAL: SR1E2Mu/Central/bjets/2/phi in Skim_TriLep_DYJets10to50.root
2026-01-07 18:53:53,013 - INFO - [2022] MISSING_CENTRAL: SR1E2Mu/Central/bjets/2/phi in Skim_TriLep_WWW.root
2026-01-07 18:53:53,086 - INFO - [2022EE] MISSING_CENTRAL: SR1E2Mu/Central/bjets/2/phi in Skim_TriLep_DYJets.root
2026-01-07 18:53:53,087 - INFO - [2022EE] MISSING_CENTRAL: SR1E2Mu/Central/bjets/2/phi in Skim_TriLep_DYJets10to50.root
2026-01-07 18:53:53,257 - INFO - [2022EE] MISSING_CENTRAL: SR1E2Mu/Central/bjets/2/phi in Skim_TriLep_WWW.root
2026-01-07 18:53:53,450 - INFO - [2023] MISSING_CENTRAL: SR1E2Mu/Central/bjets/2/phi in Skim_TriLep_DYJets10to50.root
2026-01-07 18:53:53,610 - INFO - [2023] MISSING_CENTRAL: SR1E2Mu/Central/bjets/2/phi in Skim_TriLep_WWW.root
2026-01-07 18:53:53,699 - INFO - [2023BPix] MISSING_CENTRAL: SR1E2Mu/Central/bjets/2/phi in Skim_TriLep_DYJets10to50.root
2026-01-07 18:53:53,919 - INFO - [2023BPix] MISSING_CENTRAL: SR1E2Mu/Central/bjets/2/phi in Skim_TriLep_WWW.root
2026-01-07 18:53:53,921 - INFO - [2023BPix] MISSING_CENTRAL: SR1E2Mu/Central/bjets/2/phi in Skim_TriLep_WWZ.root
2026-01-07 19:31:44,245 - INFO - [2023] MISSING_CENTRAL: SR1E2Mu/Central/bjets/2/phi in Skim_TriLep_MuonEG_C_v3.root
2026-01-07 19:31:44,311 - INFO - [2022] MISSING_CENTRAL: SR1E2Mu/Central/bjets/2/phi in Skim_TriLep_DYJets.root
2026-01-07 19:31:44,312 - INFO - [2022] MISSING_CENTRAL: SR1E2Mu/Central/bjets/2/phi in Skim_TriLep_DYJets10to50.root
2026-01-07 19:31:44,536 - INFO - [2022] MISSING_CENTRAL: SR1E2Mu/Central/bjets/2/phi in Skim_TriLep_WWW.root
2026-01-07 19:31:44,761 - INFO - [2022EE] MISSING_CENTRAL: SR1E2Mu/Central/bjets/2/phi in Skim_TriLep_DYJets.root
2026-01-07 19:31:44,764 - INFO - [2022EE] MISSING_CENTRAL: SR1E2Mu/Central/bjets/2/phi in Skim_TriLep_DYJets10to50.root
2026-01-07 19:31:44,964 - INFO - [2022EE] MISSING_CENTRAL: SR1E2Mu/Central/bjets/2/phi in Skim_TriLep_WWW.root
2026-01-07 19:31:45,096 - INFO - [2023] MISSING_CENTRAL: SR1E2Mu/Central/bjets/2/phi in Skim_TriLep_DYJets10to50.root
2026-01-07 19:31:45,360 - INFO - [2023] MISSING_CENTRAL: SR1E2Mu/Central/bjets/2/phi in Skim_TriLep_WWW.root
2026-01-07 19:31:45,496 - INFO - [2023BPix] MISSING_CENTRAL: SR1E2Mu/Central/bjets/2/phi in Skim_TriLep_DYJets10to50.root
2026-01-07 19:31:45,646 - INFO - [2023BPix] MISSING_CENTRAL: SR1E2Mu/Central/bjets/2/phi in Skim_TriLep_WWW.root
2026-01-07 19:31:45,647 - INFO - [2023BPix] MISSING_CENTRAL: SR1E2Mu/Central/bjets/2/phi in Skim_TriLep_WWZ.root
2026-01-09 12:29:12,061 - INFO - [2023] MISSING_CENTRAL: SR1E2Mu/Central/bjets/2/phi in Skim_TriLep_MuonEG_C_v3.root
2026-01-09 12:29:12,076 - INFO - [2022] MISSING_CENTRAL: SR1E2Mu/Central/bjets/2/phi in Skim_TriLep_DYJets.root
2026-01-09 12:29:12,077 - INFO - [2022] MISSING_CENTRAL: SR1E2Mu/Central/bjets/2/phi in Skim_TriLep_DYJets10to50.root
2026-01-09 12:29:12,157 - INFO - [2022] MISSING_CENTRAL: SR1E2Mu/Central/bjets/2/phi in Skim_TriLep_WWW.root
2026-01-09 12:29:12,199 - INFO - [2022EE] MISSING_CENTRAL: SR1E2Mu/Central/bjets/2/phi in Skim_TriLep_DYJets.root
2026-01-09 12:29:12,199 - INFO - [2022EE] MISSING_CENTRAL: SR1E2Mu/Central/bjets/2/phi in Skim_TriLep_DYJets10to50.root
2026-01-09 12:29:12,278 - INFO - [2022EE] MISSING_CENTRAL: SR1E2Mu/Central/bjets/2/phi in Skim_TriLep_WWW.root
2026-01-09 12:29:12,335 - INFO - [2023] MISSING_CENTRAL: SR1E2Mu/Central/bjets/2/phi in Skim_TriLep_DYJets10to50.root
2026-01-09 12:29:12,427 - INFO - [2023] MISSING_CENTRAL: SR1E2Mu/Central/bjets/2/phi in Skim_TriLep_WWW.root
2026-01-09 12:29:12,490 - INFO - [2023BPix] MISSING_CENTRAL: SR1E2Mu/Central/bjets/2/phi in Skim_TriLep_DYJets10to50.root
2026-01-09 12:29:12,599 - INFO - [2023BPix] MISSING_CENTRAL: SR1E2Mu/Central/bjets/2/phi in Skim_TriLep_WWW.root
2026-01-09 12:29:12,600 - INFO - [2023BPix] MISSING_CENTRAL: SR1E2Mu/Central/bjets/2/phi in Skim_TriLep_WWZ.root
2026-01-11 09:49:12,002 - INFO - [2023] MISSING_CENTRAL: SR1E2Mu/Central/bjets/2/phi in Skim_TriLep_MuonEG_C_v3.root
2026-01-11 09:49:12,018 - INFO - [2022] MISSING_CENTRAL: SR1E2Mu/Central/bjets/2/phi in Skim_TriLep_DYJets.root
2026-01-11 09:49:12,019 - INFO - [2022] MISSING_CENTRAL: SR1E2Mu/Central/bjets/2/phi in Skim_TriLep_DYJets10to50.root
2026-01-11 09:49:12,102 - INFO - [2022] MISSING_CENTRAL: SR1E2Mu/Central/bjets/2/phi in Skim_TriLep_WWW.root
2026-01-11 09:49:12,146 - INFO - [2022EE] MISSING_CENTRAL: SR1E2Mu/Central/bjets/2/phi in Skim_TriLep_DYJets.root
2026-01-11 09:49:12,147 - INFO - [2022EE] MISSING_CENTRAL: SR1E2Mu/Central/bjets/2/phi in Skim_TriLep_DYJets10to50.root
2026-01-11 09:49:12,221 - INFO - [2022EE] MISSING_CENTRAL: SR1E2Mu/Central/bjets/2/phi in Skim_TriLep_WWW.root
2026-01-11 09:49:12,271 - INFO - [2023] MISSING_CENTRAL: SR1E2Mu/Central/bjets/2/phi in Skim_TriLep_DYJets10to50.root
2026-01-11 09:49:12,386 - INFO - [2023] MISSING_CENTRAL: SR1E2Mu/Central/bjets/2/phi in Skim_TriLep_WWW.root
2026-01-11 09:49:12,471 - INFO - [2023BPix] MISSING_CENTRAL: SR1E2Mu/Central/bjets/2/phi in Skim_TriLep_DYJets10to50.root
2026-01-11 09:49:12,571 - INFO - [2023BPix] MISSING_CENTRAL: SR1E2Mu/Central/bjets/2/phi in Skim_TriLep_WWW.root
2026-01-11 09:49:12,573 - INFO - [2023BPix] MISSING_CENTRAL: SR1E2Mu/Central/bjets/2/phi in Skim_TriLep_WWZ.root
2026-01-12 13:58:08,637 - INFO - [2023] MISSING_CENTRAL: SR1E2Mu/Central/bjets/2/phi in Skim_TriLep_MuonEG_C_v3.root
2026-01-12 13:58:08,642 - INFO - [2022] MISSING_FILE: /home/choij/Sync/workspace/ChargedHiggsAnalysisV3/SKNanoOutput/MatrixSelector/Run1E2Mu/2022/Skim_TriLep_MuonEG_C.root
2026-01-12 13:58:08,642 - INFO - [2022] MISSING_FILE: /home/choij/Sync/workspace/ChargedHiggsAnalysisV3/SKNanoOutput/MatrixSelector/Run1E2Mu/2022/Skim_TriLep_MuonEG_D.root
2026-01-12 13:58:08,643 - INFO - [2022] MISSING_CENTRAL: SR1E2Mu/Central/bjets/2/phi in Skim_TriLep_DYJets.root
2026-01-12 13:58:08,643 - INFO - [2022] MISSING_CENTRAL: SR1E2Mu/Central/bjets/2/phi in Skim_TriLep_DYJets10to50.root
2026-01-12 13:58:08,787 - INFO - [2022] MISSING_CENTRAL: SR1E2Mu/Central/bjets/2/phi in Skim_TriLep_WWW.root
2026-01-12 13:58:08,827 - INFO - [2022EE] MISSING_FILE: /home/choij/Sync/workspace/ChargedHiggsAnalysisV3/SKNanoOutput/MatrixSelector/Run1E2Mu/2022EE/Skim_TriLep_MuonEG_E.root
2026-01-12 13:58:08,827 - INFO - [2022EE] MISSING_FILE: /home/choij/Sync/workspace/ChargedHiggsAnalysisV3/SKNanoOutput/MatrixSelector/Run1E2Mu/2022EE/Skim_TriLep_MuonEG_F.root
2026-01-12 13:58:08,827 - INFO - [2022EE] MISSING_FILE: /home/choij/Sync/workspace/ChargedHiggsAnalysisV3/SKNanoOutput/MatrixSelector/Run1E2Mu/2022EE/Skim_TriLep_MuonEG_G.root
2026-01-12 13:58:08,828 - INFO - [2022EE] MISSING_CENTRAL: SR1E2Mu/Central/bjets/2/phi in Skim_TriLep_DYJets.root
2026-01-12 13:58:08,828 - INFO - [2022EE] MISSING_CENTRAL: SR1E2Mu/Central/bjets/2/phi in Skim_TriLep_DYJets10to50.root
2026-01-12 13:58:08,913 - INFO - [2022EE] MISSING_CENTRAL: SR1E2Mu/Central/bjets/2/phi in Skim_TriLep_WWW.root
2026-01-12 13:58:08,960 - INFO - [2023] MISSING_FILE: /home/choij/Sync/workspace/ChargedHiggsAnalysisV3/SKNanoOutput/MatrixSelector/Run1E2Mu/2023/Skim_TriLep_MuonEG_C_v1.root
2026-01-12 13:58:08,961 - INFO - [2023] MISSING_FILE: /home/choij/Sync/workspace/ChargedHiggsAnalysisV3/SKNanoOutput/MatrixSelector/Run1E2Mu/2023/Skim_TriLep_MuonEG_C_v2.root
2026-01-12 13:58:08,961 - INFO - [2023] MISSING_FILE: /home/choij/Sync/workspace/ChargedHiggsAnalysisV3/SKNanoOutput/MatrixSelector/Run1E2Mu/2023/Skim_TriLep_MuonEG_C_v3.root
2026-01-12 13:58:08,961 - INFO - [2023] MISSING_FILE: /home/choij/Sync/workspace/ChargedHiggsAnalysisV3/SKNanoOutput/MatrixSelector/Run1E2Mu/2023/Skim_TriLep_MuonEG_C_v4.root
2026-01-12 13:58:08,969 - INFO - [2023] MISSING_CENTRAL: SR1E2Mu/Central/bjets/2/phi in Skim_TriLep_DYJets10to50.root
2026-01-12 13:58:09,056 - INFO - [2023] MISSING_CENTRAL: SR1E2Mu/Central/bjets/2/phi in Skim_TriLep_WWW.root
2026-01-12 13:58:09,106 - INFO - [2023BPix] MISSING_FILE: /home/choij/Sync/workspace/ChargedHiggsAnalysisV3/SKNanoOutput/MatrixSelector/Run1E2Mu/2023BPix/Skim_TriLep_MuonEG_D_v1.root
2026-01-12 13:58:09,107 - INFO - [2023BPix] MISSING_FILE: /home/choij/Sync/workspace/ChargedHiggsAnalysisV3/SKNanoOutput/MatrixSelector/Run1E2Mu/2023BPix/Skim_TriLep_MuonEG_D_v2.root
2026-01-12 13:58:09,120 - INFO - [2023BPix] MISSING_CENTRAL: SR1E2Mu/Central/bjets/2/phi in Skim_TriLep_DYJets10to50.root
2026-01-12 13:58:09,245 - INFO - [2023BPix] MISSING_CENTRAL: SR1E2Mu/Central/bjets/2/phi in Skim_TriLep_WWW.root
2026-01-12 13:58:09,247 - INFO - [2023BPix] MISSING_CENTRAL: SR1E2Mu/Central/bjets/2/phi in Skim_TriLep_WWZ.root
2026-01-16 19:12:40,514 - INFO - [2023] MISSING_CENTRAL: SR1E2Mu/Central/bjets/2/phi in Skim_TriLep_MuonEG_C_v3.root
2026-01-16 19:12:40,530 - INFO - [2022] MISSING_CENTRAL: SR1E2Mu/Central/bjets/2/phi in Skim_TriLep_DYJets.root
2026-01-16 19:12:40,531 - INFO - [2022] MISSING_CENTRAL: SR1E2Mu/Central/bjets/2/phi in Skim_TriLep_DYJets10to50.root
2026-01-16 19:12:40,611 - INFO - [2022] MISSING_CENTRAL: SR1E2Mu/Central/bjets/2/phi in Skim_TriLep_WWW.root
2026-01-16 19:12:40,653 - INFO - [2022EE] MISSING_CENTRAL: SR1E2Mu/Central/bjets/2/phi in Skim_TriLep_DYJets.root
2026-01-16 19:12:40,653 - INFO - [2022EE] MISSING_CENTRAL: SR1E2Mu/Central/bjets/2/phi in Skim_TriLep_DYJets10to50.root
2026-01-16 19:12:40,733 - INFO - [2022EE] MISSING_CENTRAL: SR1E2Mu/Central/bjets/2/phi in Skim_TriLep_WWW.root
2026-01-16 19:12:40,786 - INFO - [2023] MISSING_CENTRAL: SR1E2Mu/Central/bjets/2/phi in Skim_TriLep_DYJets10to50.root
2026-01-16 19:12:40,872 - INFO - [2023] MISSING_CENTRAL: SR1E2Mu/Central/bjets/2/phi in Skim_TriLep_WWW.root
2026-01-16 19:12:40,928 - INFO - [2023BPix] MISSING_CENTRAL: SR1E2Mu/Central/bjets/2/phi in Skim_TriLep_DYJets10to50.root
2026-01-16 19:12:41,019 - INFO - [2023BPix] MISSING_CENTRAL: SR1E2Mu/Central/bjets/2/phi in Skim_TriLep_WWW.root
2026-01-16 19:12:41,020 - INFO - [2023BPix] MISSING_CENTRAL: SR1E2Mu/Central/bjets/2/phi in Skim_TriLep_WWZ.root
2026-01-21 13:01:58,210 - INFO - [2023] MISSING_CENTRAL: SR1E2Mu/Central/bjets/2/phi in Skim_TriLep_MuonEG_C_v3.root
2026-01-21 13:01:58,228 - INFO - [2022] MISSING_CENTRAL: SR1E2Mu/Central/bjets/2/phi in Skim_TriLep_DYJets.root
2026-01-21 13:01:58,229 - INFO - [2022] MISSING_CENTRAL: SR1E2Mu/Central/bjets/2/phi in Skim_TriLep_DYJets10to50.root
2026-01-21 13:01:58,312 - INFO - [2022] MISSING_CENTRAL: SR1E2Mu/Central/bjets/2/phi in Skim_TriLep_WWW.root
2026-01-21 13:01:58,353 - INFO - [2022EE] MISSING_CENTRAL: SR1E2Mu/Central/bjets/2/phi in Skim_TriLep_DYJets.root
2026-01-21 13:01:58,354 - INFO - [2022EE] MISSING_CENTRAL: SR1E2Mu/Central/bjets/2/phi in Skim_TriLep_DYJets10to50.root
2026-01-21 13:01:58,433 - INFO - [2022EE] MISSING_CENTRAL: SR1E2Mu/Central/bjets/2/phi in Skim_TriLep_WWW.root
2026-01-21 13:01:58,485 - INFO - [2023] MISSING_CENTRAL: SR1E2Mu/Central/bjets/2/phi in Skim_TriLep_DYJets10to50.root
2026-01-21 13:01:58,564 - INFO - [2023] MISSING_CENTRAL: SR1E2Mu/Central/bjets/2/phi in Skim_TriLep_WWW.root
2026-01-21 13:01:58,615 - INFO - [2023BPix] MISSING_CENTRAL: SR1E2Mu/Central/bjets/2/phi in Skim_TriLep_DYJets10to50.root
2026-01-21 13:01:58,703 - INFO - [2023BPix] MISSING_CENTRAL: SR1E2Mu/Central/bjets/2/phi in Skim_TriLep_WWW.root
2026-01-21 13:01:58,703 - INFO - [2023BPix] MISSING_CENTRAL: SR1E2Mu/Central/bjets/2/phi in Skim_TriLep_WWZ.root
2026-01-21 14:50:27,270 - INFO - [2023] MISSING_CENTRAL: SR1E2Mu/Central/bjets/2/phi in Skim_TriLep_MuonEG_C_v3.root
2026-01-21 14:50:27,286 - INFO - [2022] MISSING_CENTRAL: SR1E2Mu/Central/bjets/2/phi in Skim_TriLep_DYJets.root
2026-01-21 14:50:27,286 - INFO - [2022] MISSING_CENTRAL: SR1E2Mu/Central/bjets/2/phi in Skim_TriLep_DYJets10to50.root
2026-01-21 14:50:27,368 - INFO - [2022] MISSING_CENTRAL: SR1E2Mu/Central/bjets/2/phi in Skim_TriLep_WWW.root
2026-01-21 14:50:27,413 - INFO - [2022EE] MISSING_CENTRAL: SR1E2Mu/Central/bjets/2/phi in Skim_TriLep_DYJets.root
2026-01-21 14:50:27,414 - INFO - [2022EE] MISSING_CENTRAL: SR1E2Mu/Central/bjets/2/phi in Skim_TriLep_DYJets10to50.root
2026-01-21 14:50:27,497 - INFO - [2022EE] MISSING_CENTRAL: SR1E2Mu/Central/bjets/2/phi in Skim_TriLep_WWW.root
2026-01-21 14:50:27,554 - INFO - [2023] MISSING_CENTRAL: SR1E2Mu/Central/bjets/2/phi in Skim_TriLep_DYJets10to50.root
2026-01-21 14:50:27,641 - INFO - [2023] MISSING_CENTRAL: SR1E2Mu/Central/bjets/2/phi in Skim_TriLep_WWW.root
2026-01-21 14:50:27,698 - INFO - [2023BPix] MISSING_CENTRAL: SR1E2Mu/Central/bjets/2/phi in Skim_TriLep_DYJets10to50.root
2026-01-21 14:50:27,789 - INFO - [2023BPix] MISSING_CENTRAL: SR1E2Mu/Central/bjets/2/phi in Skim_TriLep_WWW.root
2026-01-21 14:50:27,790 - INFO - [2023BPix] MISSING_CENTRAL: SR1E2Mu/Central/bjets/2/phi in Skim_TriLep_WWZ.root
2026-01-28 17:09:29,160 - INFO - [2023] MISSING_CENTRAL: SR1E2Mu/Central/bjets/2/phi in Skim_TriLep_MuonEG_C_v3.root
2026-01-28 17:09:29,180 - INFO - [2022] MISSING_CENTRAL: SR1E2Mu/Central/bjets/2/phi in Skim_TriLep_DYJets.root
2026-01-28 17:09:29,180 - INFO - [2022] MISSING_CENTRAL: SR1E2Mu/Central/bjets/2/phi in Skim_TriLep_DYJets10to50.root
2026-01-28 17:09:29,280 - INFO - [2022] MISSING_CENTRAL: SR1E2Mu/Central/bjets/2/phi in Skim_TriLep_WWW.root
2026-01-28 17:09:29,333 - INFO - [2022EE] MISSING_CENTRAL: SR1E2Mu/Central/bjets/2/phi in Skim_TriLep_DYJets.root
2026-01-28 17:09:29,334 - INFO - [2022EE] MISSING_CENTRAL: SR1E2Mu/Central/bjets/2/phi in Skim_TriLep_DYJets10to50.root
2026-01-28 17:09:29,413 - INFO - [2022EE] MISSING_CENTRAL: SR1E2Mu/Central/bjets/2/phi in Skim_TriLep_WWW.root
2026-01-28 17:09:29,468 - INFO - [2023] MISSING_CENTRAL: SR1E2Mu/Central/bjets/2/phi in Skim_TriLep_DYJets10to50.root
2026-01-28 17:09:29,566 - INFO - [2023] MISSING_CENTRAL: SR1E2Mu/Central/bjets/2/phi in Skim_TriLep_WWW.root
2026-01-28 17:09:29,626 - INFO - [2023BPix] MISSING_CENTRAL: SR1E2Mu/Central/bjets/2/phi in Skim_TriLep_DYJets10to50.root
2026-01-28 17:09:29,738 - INFO - [2023BPix] MISSING_CENTRAL: SR1E2Mu/Central/bjets/2/phi in Skim_TriLep_WZTo3LNu_powheg.root
2026-01-28 17:09:29,758 - INFO - [2023BPix] MISSING_CENTRAL: SR1E2Mu/Central/bjets/2/phi in Skim_TriLep_WWW.root
2026-01-28 17:09:29,759 - INFO - [2023BPix] MISSING_CENTRAL: SR1E2Mu/Central/bjets/2/phi in Skim_TriLep_WWZ.root
2026-01-28 17:29:59,118 - INFO - [2023] MISSING_CENTRAL: SR1E2Mu/Central/bjets/2/phi in Skim_TriLep_MuonEG_C_v3.root
2026-01-28 17:29:59,137 - INFO - [2022] MISSING_CENTRAL: SR1E2Mu/Central/bjets/2/phi in Skim_TriLep_DYJets.root
2026-01-28 17:29:59,137 - INFO - [2022] MISSING_CENTRAL: SR1E2Mu/Central/bjets/2/phi in Skim_TriLep_DYJets10to50.root
2026-01-28 17:29:59,234 - INFO - [2022] MISSING_CENTRAL: SR1E2Mu/Central/bjets/2/phi in Skim_TriLep_WWW.root
2026-01-28 17:29:59,285 - INFO - [2022EE] MISSING_CENTRAL: SR1E2Mu/Central/bjets/2/phi in Skim_TriLep_DYJets.root
2026-01-28 17:29:59,286 - INFO - [2022EE] MISSING_CENTRAL: SR1E2Mu/Central/bjets/2/phi in Skim_TriLep_DYJets10to50.root
2026-01-28 17:29:59,383 - INFO - [2022EE] MISSING_CENTRAL: SR1E2Mu/Central/bjets/2/phi in Skim_TriLep_WWW.root
2026-01-28 17:29:59,446 - INFO - [2023] MISSING_CENTRAL: SR1E2Mu/Central/bjets/2/phi in Skim_TriLep_DYJets10to50.root
2026-01-28 17:29:59,542 - INFO - [2023] MISSING_CENTRAL: SR1E2Mu/Central/bjets/2/phi in Skim_TriLep_WWW.root
2026-01-28 17:29:59,603 - INFO - [2023BPix] MISSING_CENTRAL: SR1E2Mu/Central/bjets/2/phi in Skim_TriLep_DYJets10to50.root
2026-01-28 17:29:59,680 - INFO - [2023BPix] MISSING_CENTRAL: SR1E2Mu/Central/bjets/2/phi in Skim_TriLep_WZTo3LNu_powheg.root
2026-01-28 17:29:59,699 - INFO - [2023BPix] MISSING_CENTRAL: SR1E2Mu/Central/bjets/2/phi in Skim_TriLep_WWW.root
2026-01-28 17:29:59,700 - INFO - [2023BPix] MISSING_CENTRAL: SR1E2Mu/Central/bjets/2/phi in Skim_TriLep_WWZ.root
2026-01-28 20:03:50,529 - INFO - [2023] MISSING_CENTRAL: SR1E2Mu/Central/bjets/2/phi in Skim_TriLep_MuonEG_C_v3.root
2026-01-28 20:03:50,567 - INFO - [2022] MISSING_CENTRAL: SR1E2Mu/Central/bjets/2/phi in Skim_TriLep_DYJets.root
2026-01-28 20:03:50,567 - INFO - [2022] MISSING_CENTRAL: SR1E2Mu/Central/bjets/2/phi in Skim_TriLep_DYJets10to50.root
2026-01-28 20:03:50,766 - INFO - [2022] MISSING_CENTRAL: SR1E2Mu/Central/bjets/2/phi in Skim_TriLep_WWW.root
2026-01-28 20:03:50,858 - INFO - [2022EE] MISSING_CENTRAL: SR1E2Mu/Central/bjets/2/phi in Skim_TriLep_DYJets.root
2026-01-28 20:03:50,859 - INFO - [2022EE] MISSING_CENTRAL: SR1E2Mu/Central/bjets/2/phi in Skim_TriLep_DYJets10to50.root
2026-01-28 20:03:50,950 - INFO - [2022EE] MISSING_CENTRAL: SR1E2Mu/Central/bjets/2/phi in Skim_TriLep_WWW.root
2026-01-28 20:03:51,013 - INFO - [2023] MISSING_CENTRAL: SR1E2Mu/Central/bjets/2/phi in Skim_TriLep_DYJets10to50.root
2026-01-28 20:03:51,101 - INFO - [2023] MISSING_CENTRAL: SR1E2Mu/Central/bjets/2/phi in Skim_TriLep_WWW.root
2026-01-28 20:03:51,168 - INFO - [2023BPix] MISSING_CENTRAL: SR1E2Mu/Central/bjets/2/phi in Skim_TriLep_DYJets10to50.root
2026-01-28 20:03:51,336 - INFO - [2023BPix] MISSING_CENTRAL: SR1E2Mu/Central/bjets/2/phi in Skim_TriLep_WZTo3LNu_powheg.root
2026-01-28 20:03:51,377 - INFO - [2023BPix] MISSING_CENTRAL: SR1E2Mu/Central/bjets/2/phi in Skim_TriLep_WWW.root
2026-01-28 20:03:51,381 - INFO - [2023BPix] MISSING_CENTRAL: SR1E2Mu/Central/bjets/2/phi in Skim_TriLep_WWZ.root
2026-01-29 07:20:13,626 - INFO - [2023] MISSING_CENTRAL: SR1E2Mu/Central/bjets/2/phi in Skim_TriLep_MuonEG_C_v3.root
2026-01-29 07:20:13,643 - INFO - [2022] MISSING_CENTRAL: SR1E2Mu/Central/bjets/2/phi in Skim_TriLep_DYJets.root
2026-01-29 07:20:13,643 - INFO - [2022] MISSING_CENTRAL: SR1E2Mu/Central/bjets/2/phi in Skim_TriLep_DYJets10to50.root
2026-01-29 07:20:13,724 - INFO - [2022] MISSING_CENTRAL: SR1E2Mu/Central/bjets/2/phi in Skim_TriLep_WWW.root
2026-01-29 07:20:13,765 - INFO - [2022EE] MISSING_CENTRAL: SR1E2Mu/Central/bjets/2/phi in Skim_TriLep_DYJets.root
2026-01-29 07:20:13,765 - INFO - [2022EE] MISSING_CENTRAL: SR1E2Mu/Central/bjets/2/phi in Skim_TriLep_DYJets10to50.root
2026-01-29 07:20:13,842 - INFO - [2022EE] MISSING_CENTRAL: SR1E2Mu/Central/bjets/2/phi in Skim_TriLep_WWW.root
2026-01-29 07:20:13,896 - INFO - [2023] MISSING_CENTRAL: SR1E2Mu/Central/bjets/2/phi in Skim_TriLep_DYJets10to50.root
2026-01-29 07:20:13,971 - INFO - [2023] MISSING_CENTRAL: SR1E2Mu/Central/bjets/2/phi in Skim_TriLep_WWW.root
2026-01-29 07:20:14,021 - INFO - [2023BPix] MISSING_CENTRAL: SR1E2Mu/Central/bjets/2/phi in Skim_TriLep_DYJets10to50.root
2026-01-29 07:20:14,081 - INFO - [2023BPix] MISSING_CENTRAL: SR1E2Mu/Central/bjets/2/phi in Skim_TriLep_WZTo3LNu_powheg.root
2026-01-29 07:20:14,097 - INFO - [2023BPix] MISSING_CENTRAL: SR1E2Mu/Central/bjets/2/phi in Skim_TriLep_WWW.root
2026-01-29 07:20:14,098 - INFO - [2023BPix] MISSING_CENTRAL: SR1E2Mu/Central/bjets/2/phi in Skim_TriLep_WWZ.root
2026-03-06 09:45:06,693 - INFO - [2023] MISSING_CENTRAL: SR1E2Mu/Central/bjets/2/phi in Skim_TriLep_MuonEG_C_v3.root
2026-03-06 09:45:06,710 - INFO - [2022] MISSING_CENTRAL: SR1E2Mu/Central/bjets/2/phi in Skim_TriLep_DYJets.root
2026-03-06 09:45:06,710 - INFO - [2022] MISSING_CENTRAL: SR1E2Mu/Central/bjets/2/phi in Skim_TriLep_DYJets10to50.root
2026-03-06 09:45:06,795 - INFO - [2022] MISSING_CENTRAL: SR1E2Mu/Central/bjets/2/phi in Skim_TriLep_WWW.root
2026-03-06 09:45:06,838 - INFO - [2022EE] MISSING_CENTRAL: SR1E2Mu/Central/bjets/2/phi in Skim_TriLep_DYJets.root
2026-03-06 09:45:06,839 - INFO - [2022EE] MISSING_CENTRAL: SR1E2Mu/Central/bjets/2/phi in Skim_TriLep_DYJets10to50.root
2026-03-06 09:45:06,918 - INFO - [2022EE] MISSING_CENTRAL: SR1E2Mu/Central/bjets/2/phi in Skim_TriLep_WWW.root
2026-03-06 09:45:06,973 - INFO - [2023] MISSING_CENTRAL: SR1E2Mu/Central/bjets/2/phi in Skim_TriLep_DYJets10to50.root
2026-03-06 09:45:07,052 - INFO - [2023] MISSING_CENTRAL: SR1E2Mu/Central/bjets/2/phi in Skim_TriLep_WWW.root
2026-03-06 09:45:07,104 - INFO - [2023BPix] MISSING_CENTRAL: SR1E2Mu/Central/bjets/2/phi in Skim_TriLep_DYJets10to50.root
2026-03-06 09:45:07,168 - INFO - [2023BPix] MISSING_CENTRAL: SR1E2Mu/Central/bjets/2/phi in Skim_TriLep_WZTo3LNu_powheg.root
2026-03-06 09:45:07,186 - INFO - [2023BPix] MISSING_CENTRAL: SR1E2Mu/Central/bjets/2/phi in Skim_TriLep_WWW.root
2026-03-06 19:50:52,276 - INFO - [2023] MISSING_CENTRAL: SR1E2Mu/Central/bjets/2/phi in Skim_TriLep_MuonEG_C_v3.root
2026-03-06 19:50:52,292 - INFO - [2022] MISSING_CENTRAL: SR1E2Mu/Central/bjets/2/phi in Skim_TriLep_DYJets.root
2026-03-06 19:50:52,293 - INFO - [2022] MISSING_CENTRAL: SR1E2Mu/Central/bjets/2/phi in Skim_TriLep_DYJets10to50.root
2026-03-06 19:50:52,379 - INFO - [2022] MISSING_CENTRAL: SR1E2Mu/Central/bjets/2/phi in Skim_TriLep_WWW.root
2026-03-06 19:50:52,425 - INFO - [2022EE] MISSING_CENTRAL: SR1E2Mu/Central/bjets/2/phi in Skim_TriLep_DYJets.root
2026-03-06 19:50:52,426 - INFO - [2022EE] MISSING_CENTRAL: SR1E2Mu/Central/bjets/2/phi in Skim_TriLep_DYJets10to50.root
2026-03-06 19:50:52,512 - INFO - [2022EE] MISSING_CENTRAL: SR1E2Mu/Central/bjets/2/phi in Skim_TriLep_WWW.root
2026-03-06 19:50:52,570 - INFO - [2023] MISSING_CENTRAL: SR1E2Mu/Central/bjets/2/phi in Skim_TriLep_DYJets10to50.root
2026-03-06 19:50:52,660 - INFO - [2023] MISSING_CENTRAL: SR1E2Mu/Central/bjets/2/phi in Skim_TriLep_WWW.root
2026-03-06 19:50:52,718 - INFO - [2023BPix] MISSING_CENTRAL: SR1E2Mu/Central/bjets/2/phi in Skim_TriLep_DYJets10to50.root
2026-03-06 19:50:52,787 - INFO - [2023BPix] MISSING_CENTRAL: SR1E2Mu/Central/bjets/2/phi in Skim_TriLep_WZTo3LNu_powheg.root
2026-03-06 19:50:52,804 - INFO - [2023BPix] MISSING_CENTRAL: SR1E2Mu/Central/bjets/2/phi in Skim_TriLep_WWW.root
2026-04-10 20:25:46,395 - INFO - [2023] MISSING_CENTRAL: SR1E2Mu/Central/bjets/2/phi in Skim_TriLep_MuonEG_C_v3.root
2026-04-10 20:25:46,412 - INFO - [2022] MISSING_CENTRAL: SR1E2Mu/Central/bjets/2/phi in Skim_TriLep_DYJets.root
2026-04-10 20:25:46,413 - INFO - [2022] MISSING_CENTRAL: SR1E2Mu/Central/bjets/2/phi in Skim_TriLep_DYJets10to50.root
2026-04-10 20:25:46,501 - INFO - [2022] MISSING_CENTRAL: SR1E2Mu/Central/bjets/2/phi in Skim_TriLep_WWW.root
2026-04-10 20:25:46,546 - INFO - [2022EE] MISSING_CENTRAL: SR1E2Mu/Central/bjets/2/phi in Skim_TriLep_DYJets.root
2026-04-10 20:25:46,547 - INFO - [2022EE] MISSING_CENTRAL: SR1E2Mu/Central/bjets/2/phi in Skim_TriLep_DYJets10to50.root
2026-04-10 20:25:46,633 - INFO - [2022EE] MISSING_CENTRAL: SR1E2Mu/Central/bjets/2/phi in Skim_TriLep_WWW.root
2026-04-10 20:25:46,691 - INFO - [2023] MISSING_CENTRAL: SR1E2Mu/Central/bjets/2/phi in Skim_TriLep_DYJets10to50.root
2026-04-10 20:25:46,779 - INFO - [2023] MISSING_CENTRAL: SR1E2Mu/Central/bjets/2/phi in Skim_TriLep_WWW.root
2026-04-10 20:25:46,836 - INFO - [2023BPix] MISSING_CENTRAL: SR1E2Mu/Central/bjets/2/phi in Skim_TriLep_DYJets10to50.root
2026-04-10 20:25:46,901 - INFO - [2023BPix] MISSING_CENTRAL: SR1E2Mu/Central/bjets/2/phi in Skim_TriLep_WZTo3LNu_powheg.root
2026-04-10 20:25:46,918 - INFO - [2023BPix] MISSING_CENTRAL: SR1E2Mu/Central/bjets/2/phi in Skim_TriLep_WWW.root
2026-04-12 11:41:11,169 - INFO - [2023] MISSING_CENTRAL: SR1E2Mu/Central/bjets/2/phi in Skim_TriLep_MuonEG_C_v3.root
2026-04-12 11:41:11,189 - INFO - [2022] MISSING_CENTRAL: SR1E2Mu/Central/bjets/2/phi in Skim_TriLep_DYJets.root
2026-04-12 11:41:11,189 - INFO - [2022] MISSING_CENTRAL: SR1E2Mu/Central/bjets/2/phi in Skim_TriLep_DYJets10to50.root
2026-04-12 11:41:11,283 - INFO - [2022] MISSING_CENTRAL: SR1E2Mu/Central/bjets/2/phi in Skim_TriLep_WWW.root
2026-04-12 11:41:11,336 - INFO - [2022EE] MISSING_CENTRAL: SR1E2Mu/Central/bjets/2/phi in Skim_TriLep_DYJets.root
2026-04-12 11:41:11,337 - INFO - [2022EE] MISSING_CENTRAL: SR1E2Mu/Central/bjets/2/phi in Skim_TriLep_DYJets10to50.root
2026-04-12 11:41:11,423 - INFO - [2022EE] MISSING_CENTRAL: SR1E2Mu/Central/bjets/2/phi in Skim_TriLep_WWW.root
2026-04-12 11:41:11,477 - INFO - [2023] MISSING_CENTRAL: SR1E2Mu/Central/bjets/2/phi in Skim_TriLep_DYJets10to50.root
2026-04-12 11:41:11,583 - INFO - [2023] MISSING_CENTRAL: SR1E2Mu/Central/bjets/2/phi in Skim_TriLep_WWW.root
2026-04-12 11:41:11,665 - INFO - [2023BPix] MISSING_CENTRAL: SR1E2Mu/Central/bjets/2/phi in Skim_TriLep_DYJets10to50.root
2026-04-12 11:41:11,729 - INFO - [2023BPix] MISSING_CENTRAL: SR1E2Mu/Central/bjets/2/phi in Skim_TriLep_WZTo3LNu_powheg.root
2026-04-12 11:41:11,746 - INFO - [2023BPix] MISSING_CENTRAL: SR1E2Mu/Central/bjets/2/phi in Skim_TriLep_WWW.root
2026-04-12 12:22:51,568 - INFO - [2023] MISSING_CENTRAL: SR1E2Mu/Central/bjets/2/phi in Skim_TriLep_MuonEG_C_v3.root
2026-04-12 12:22:51,584 - INFO - [2022] MISSING_CENTRAL: SR1E2Mu/Central/bjets/2/phi in Skim_TriLep_DYJets.root
2026-04-12 12:22:51,585 - INFO - [2022] MISSING_CENTRAL: SR1E2Mu/Central/bjets/2/phi in Skim_TriLep_DYJets10to50.root
2026-04-12 12:22:51,669 - INFO - [2022] MISSING_CENTRAL: SR1E2Mu/Central/bjets/2/phi in Skim_TriLep_WWW.root
2026-04-12 12:22:51,710 - INFO - [2022EE] MISSING_CENTRAL: SR1E2Mu/Central/bjets/2/phi in Skim_TriLep_DYJets.root
2026-04-12 12:22:51,711 - INFO - [2022EE] MISSING_CENTRAL: SR1E2Mu/Central/bjets/2/phi in Skim_TriLep_DYJets10to50.root
2026-04-12 12:22:51,816 - INFO - [2022EE] MISSING_CENTRAL: SR1E2Mu/Central/bjets/2/phi in Skim_TriLep_WWW.root
2026-04-12 12:22:51,867 - INFO - [2023] MISSING_CENTRAL: SR1E2Mu/Central/bjets/2/phi in Skim_TriLep_DYJets10to50.root
2026-04-12 12:22:51,955 - INFO - [2023] MISSING_CENTRAL: SR1E2Mu/Central/bjets/2/phi in Skim_TriLep_WWW.root
2026-04-12 12:22:52,013 - INFO - [2023BPix] MISSING_CENTRAL: SR1E2Mu/Central/bjets/2/phi in Skim_TriLep_DYJets10to50.root
2026-04-12 12:22:52,077 - INFO - [2023BPix] MISSING_CENTRAL: SR1E2Mu/Central/bjets/2/phi in Skim_TriLep_WZTo3LNu_powheg.root
2026-04-12 12:22:52,096 - INFO - [2023BPix] MISSING_CENTRAL: SR1E2Mu/Central/bjets/2/phi in Skim_TriLep_WWW.root
2026-04-12 12:42:30,699 - INFO - [2023] MISSING_CENTRAL: SR1E2Mu/Central/bjets/2/phi in Skim_TriLep_MuonEG_C_v3.root
2026-04-12 12:42:30,714 - INFO - [2022] MISSING_CENTRAL: SR1E2Mu/Central/bjets/2/phi in Skim_TriLep_DYJets.root
2026-04-12 12:42:30,714 - INFO - [2022] MISSING_CENTRAL: SR1E2Mu/Central/bjets/2/phi in Skim_TriLep_DYJets10to50.root
2026-04-12 12:42:30,797 - INFO - [2022] MISSING_CENTRAL: SR1E2Mu/Central/bjets/2/phi in Skim_TriLep_WWW.root
2026-04-12 12:42:30,842 - INFO - [2022EE] MISSING_CENTRAL: SR1E2Mu/Central/bjets/2/phi in Skim_TriLep_DYJets.root
2026-04-12 12:42:30,842 - INFO - [2022EE] MISSING_CENTRAL: SR1E2Mu/Central/bjets/2/phi in Skim_TriLep_DYJets10to50.root
2026-04-12 12:42:30,921 - INFO - [2022EE] MISSING_CENTRAL: SR1E2Mu/Central/bjets/2/phi in Skim_TriLep_WWW.root
2026-04-12 12:42:30,976 - INFO - [2023] MISSING_CENTRAL: SR1E2Mu/Central/bjets/2/phi in Skim_TriLep_DYJets10to50.root
2026-04-12 12:42:31,051 - INFO - [2023] MISSING_CENTRAL: SR1E2Mu/Central/bjets/2/phi in Skim_TriLep_WWW.root
2026-04-12 12:42:31,111 - INFO - [2023BPix] MISSING_CENTRAL: SR1E2Mu/Central/bjets/2/phi in Skim_TriLep_DYJets10to50.root
2026-04-12 12:42:31,177 - INFO - [2023BPix] MISSING_CENTRAL: SR1E2Mu/Central/bjets/2/phi in Skim_TriLep_WZTo3LNu_powheg.root
2026-04-12 12:42:31,193 - INFO - [2023BPix] MISSING_CENTRAL: SR1E2Mu/Central/bjets/2/phi in Skim_TriLep_WWW.root
2026-04-12 20:50:41,271 - INFO - [2023] MISSING_CENTRAL: SR1E2Mu/Central/bjets/2/phi in Skim_TriLep_MuonEG_C_v3.root
2026-04-12 20:50:41,286 - INFO - [2022] MISSING_CENTRAL: SR1E2Mu/Central/bjets/2/phi in Skim_TriLep_DYJets.root
2026-04-12 20:50:41,287 - INFO - [2022] MISSING_CENTRAL: SR1E2Mu/Central/bjets/2/phi in Skim_TriLep_DYJets10to50.root
2026-04-12 20:50:41,368 - INFO - [2022] MISSING_CENTRAL: SR1E2Mu/Central/bjets/2/phi in Skim_TriLep_WWW.root
2026-04-12 20:50:41,407 - INFO - [2022EE] MISSING_CENTRAL: SR1E2Mu/Central/bjets/2/phi in Skim_TriLep_DYJets.root
2026-04-12 20:50:41,408 - INFO - [2022EE] MISSING_CENTRAL: SR1E2Mu/Central/bjets/2/phi in Skim_TriLep_DYJets10to50.root
2026-04-12 20:50:41,481 - INFO - [2022EE] MISSING_CENTRAL: SR1E2Mu/Central/bjets/2/phi in Skim_TriLep_WWW.root
2026-04-12 20:50:41,528 - INFO - [2023] MISSING_CENTRAL: SR1E2Mu/Central/bjets/2/phi in Skim_TriLep_DYJets10to50.root
2026-04-12 20:50:41,606 - INFO - [2023] MISSING_CENTRAL: SR1E2Mu/Central/bjets/2/phi in Skim_TriLep_WWW.root
2026-04-12 20:50:41,659 - INFO - [2023BPix] MISSING_CENTRAL: SR1E2Mu/Central/bjets/2/phi in Skim_TriLep_DYJets10to50.root
2026-04-12 20:50:41,720 - INFO - [2023BPix] MISSING_CENTRAL: SR1E2Mu/Central/bjets/2/phi in Skim_TriLep_WZTo3LNu_powheg.root
2026-04-12 20:50:41,736 - INFO - [2023BPix] MISSING_CENTRAL: SR1E2Mu/Central/bjets/2/phi in Skim_TriLep_WWW.root
2026-04-12 21:22:15,150 - INFO - [2023] MISSING_CENTRAL: SR1E2Mu/Central/bjets/2/phi in Skim_TriLep_MuonEG_C_v3.root
2026-04-12 21:22:15,168 - INFO - [2022] MISSING_CENTRAL: SR1E2Mu/Central/bjets/2/phi in Skim_TriLep_DYJets.root
2026-04-12 21:22:15,168 - INFO - [2022] MISSING_CENTRAL: SR1E2Mu/Central/bjets/2/phi in Skim_TriLep_DYJets10to50.root
2026-04-12 21:22:15,285 - INFO - [2022] MISSING_CENTRAL: SR1E2Mu/Central/bjets/2/phi in Skim_TriLep_WWW.root
2026-04-12 21:22:15,332 - INFO - [2022EE] MISSING_CENTRAL: SR1E2Mu/Central/bjets/2/phi in Skim_TriLep_DYJets.root
2026-04-12 21:22:15,332 - INFO - [2022EE] MISSING_CENTRAL: SR1E2Mu/Central/bjets/2/phi in Skim_TriLep_DYJets10to50.root
2026-04-12 21:22:15,415 - INFO - [2022EE] MISSING_CENTRAL: SR1E2Mu/Central/bjets/2/phi in Skim_TriLep_WWW.root
2026-04-12 21:22:15,472 - INFO - [2023] MISSING_CENTRAL: SR1E2Mu/Central/bjets/2/phi in Skim_TriLep_DYJets10to50.root
2026-04-12 21:22:15,559 - INFO - [2023] MISSING_CENTRAL: SR1E2Mu/Central/bjets/2/phi in Skim_TriLep_WWW.root
2026-04-12 21:22:15,624 - INFO - [2023BPix] MISSING_CENTRAL: SR1E2Mu/Central/bjets/2/phi in Skim_TriLep_DYJets10to50.root
2026-04-12 21:22:15,695 - INFO - [2023BPix] MISSING_CENTRAL: SR1E2Mu/Central/bjets/2/phi in Skim_TriLep_WZTo3LNu_powheg.root
2026-04-12 21:22:15,715 - INFO - [2023BPix] MISSING_CENTRAL: SR1E2Mu/Central/bjets/2/phi in Skim_TriLep_WWW.root
2026-04-13 13:00:05,380 - INFO - [2023] MISSING_CENTRAL: SR1E2Mu/Central/bjets/2/phi in Skim_TriLep_MuonEG_C_v3.root
2026-04-13 13:00:05,393 - INFO - [2022] MISSING_CENTRAL: SR1E2Mu/Central/bjets/2/phi in Skim_TriLep_DYJets.root
2026-04-13 13:00:05,394 - INFO - [2022] MISSING_CENTRAL: SR1E2Mu/Central/bjets/2/phi in Skim_TriLep_DYJets10to50.root
2026-04-13 13:00:05,493 - INFO - [2022] MISSING_CENTRAL: SR1E2Mu/Central/bjets/2/phi in Skim_TriLep_WWW.root
2026-04-13 13:00:05,549 - INFO - [2022EE] MISSING_CENTRAL: SR1E2Mu/Central/bjets/2/phi in Skim_TriLep_DYJets.root
2026-04-13 13:00:05,549 - INFO - [2022EE] MISSING_CENTRAL: SR1E2Mu/Central/bjets/2/phi in Skim_TriLep_DYJets10to50.root
2026-04-13 13:00:05,642 - INFO - [2022EE] MISSING_CENTRAL: SR1E2Mu/Central/bjets/2/phi in Skim_TriLep_WWW.root
2026-04-13 13:00:05,703 - INFO - [2023] MISSING_CENTRAL: SR1E2Mu/Central/bjets/2/phi in Skim_TriLep_DYJets10to50.root
2026-04-13 13:00:05,800 - INFO - [2023] MISSING_CENTRAL: SR1E2Mu/Central/bjets/2/phi in Skim_TriLep_WWW.root
2026-04-13 13:00:05,861 - INFO - [2023BPix] MISSING_CENTRAL: SR1E2Mu/Central/bjets/2/phi in Skim_TriLep_DYJets10to50.root
2026-04-13 13:00:05,931 - INFO - [2023BPix] MISSING_CENTRAL: SR1E2Mu/Central/bjets/2/phi in Skim_TriLep_WZTo3LNu_powheg.root
2026-04-13 13:00:05,948 - INFO - [2023BPix] MISSING_CENTRAL: SR1E2Mu/Central/bjets/2/phi in Skim_TriLep_WWW.root
2026-04-16 17:32:21,091 - INFO - [2023] MISSING_CENTRAL: SR1E2Mu/Central/bjets/2/phi in Skim_TriLep_MuonEG_C_v3.root
2026-04-16 17:32:21,118 - INFO - [2022] MISSING_CENTRAL: SR1E2Mu/Central/bjets/2/phi in Skim_TriLep_DYJets.root
2026-04-16 17:32:21,119 - INFO - [2022] MISSING_CENTRAL: SR1E2Mu/Central/bjets/2/phi in Skim_TriLep_DYJets10to50.root
2026-04-16 17:32:21,274 - INFO - [2022] MISSING_CENTRAL: SR1E2Mu/Central/bjets/2/phi in Skim_TriLep_WWW.root
2026-04-16 17:32:21,372 - INFO - [2022EE] MISSING_CENTRAL: SR1E2Mu/Central/bjets/2/phi in Skim_TriLep_DYJets.root
2026-04-16 17:32:21,373 - INFO - [2022EE] MISSING_CENTRAL: SR1E2Mu/Central/bjets/2/phi in Skim_TriLep_DYJets10to50.root
2026-04-16 17:32:21,525 - INFO - [2022EE] MISSING_CENTRAL: SR1E2Mu/Central/bjets/2/phi in Skim_TriLep_WWW.root
2026-04-16 17:32:21,613 - INFO - [2023] MISSING_CENTRAL: SR1E2Mu/Central/bjets/2/phi in Skim_TriLep_DYJets10to50.root
2026-04-16 17:32:21,763 - INFO - [2023] MISSING_CENTRAL: SR1E2Mu/Central/bjets/2/phi in Skim_TriLep_WWW.root
2026-04-16 17:32:21,891 - INFO - [2023BPix] MISSING_CENTRAL: SR1E2Mu/Central/bjets/2/phi in Skim_TriLep_DYJets10to50.root
2026-04-16 17:32:21,977 - INFO - [2023BPix] MISSING_CENTRAL: SR1E2Mu/Central/bjets/2/phi in Skim_TriLep_WZTo3LNu_powheg.root
2026-04-16 17:32:21,995 - INFO - [2023BPix] MISSING_CENTRAL: SR1E2Mu/Central/bjets/2/phi in Skim_TriLep_WWW.root
2026-04-16 17:42:36,911 - INFO - [2023] MISSING_CENTRAL: SR1E2Mu/Central/bjets/2/phi in Skim_TriLep_MuonEG_C_v3.root
2026-04-16 17:42:36,921 - INFO - [2022] MISSING_CENTRAL: SR1E2Mu/Central/bjets/2/phi in Skim_TriLep_DYJets.root
2026-04-16 17:42:36,922 - INFO - [2022] MISSING_CENTRAL: SR1E2Mu/Central/bjets/2/phi in Skim_TriLep_DYJets10to50.root
2026-04-16 17:42:37,012 - INFO - [2022] MISSING_CENTRAL: SR1E2Mu/Central/bjets/2/phi in Skim_TriLep_WWW.root
2026-04-16 17:42:37,057 - INFO - [2022EE] MISSING_CENTRAL: SR1E2Mu/Central/bjets/2/phi in Skim_TriLep_DYJets.root
2026-04-16 17:42:37,058 - INFO - [2022EE] MISSING_CENTRAL: SR1E2Mu/Central/bjets/2/phi in Skim_TriLep_DYJets10to50.root
2026-04-16 17:42:37,146 - INFO - [2022EE] MISSING_CENTRAL: SR1E2Mu/Central/bjets/2/phi in Skim_TriLep_WWW.root
2026-04-16 17:42:37,205 - INFO - [2023] MISSING_CENTRAL: SR1E2Mu/Central/bjets/2/phi in Skim_TriLep_DYJets10to50.root
2026-04-16 17:42:37,295 - INFO - [2023] MISSING_CENTRAL: SR1E2Mu/Central/bjets/2/phi in Skim_TriLep_WWW.root
2026-04-16 17:42:37,379 - INFO - [2023BPix] MISSING_CENTRAL: SR1E2Mu/Central/bjets/2/phi in Skim_TriLep_DYJets10to50.root
2026-04-16 17:42:37,448 - INFO - [2023BPix] MISSING_CENTRAL: SR1E2Mu/Central/bjets/2/phi in Skim_TriLep_WZTo3LNu_powheg.root
2026-04-16 17:42:37,466 - INFO - [2023BPix] MISSING_CENTRAL: SR1E2Mu/Central/bjets/2/phi in Skim_TriLep_WWW.root
2026-04-28 15:13:01,133 - INFO - [2023] MISSING_CENTRAL: SR1E2Mu/Central/bjets/2/phi in Skim_TriLep_MuonEG_C_v3.root
2026-04-28 15:13:01,148 - INFO - [2022] MISSING_CENTRAL: SR1E2Mu/Central/bjets/2/phi in Skim_TriLep_DYJets.root
2026-04-28 15:13:01,148 - INFO - [2022] MISSING_CENTRAL: SR1E2Mu/Central/bjets/2/phi in Skim_TriLep_DYJets10to50.root
2026-04-28 15:13:01,241 - INFO - [2022] MISSING_CENTRAL: SR1E2Mu/Central/bjets/2/phi in Skim_TriLep_WWW.root
2026-04-28 15:13:01,288 - INFO - [2022EE] MISSING_CENTRAL: SR1E2Mu/Central/bjets/2/phi in Skim_TriLep_DYJets.root
2026-04-28 15:13:01,289 - INFO - [2022EE] MISSING_CENTRAL: SR1E2Mu/Central/bjets/2/phi in Skim_TriLep_DYJets10to50.root
2026-04-28 15:13:01,393 - INFO - [2022EE] MISSING_CENTRAL: SR1E2Mu/Central/bjets/2/phi in Skim_TriLep_WWW.root
2026-04-28 15:13:01,453 - INFO - [2023] MISSING_CENTRAL: SR1E2Mu/Central/bjets/2/phi in Skim_TriLep_DYJets10to50.root
2026-04-28 15:13:01,540 - INFO - [2023] MISSING_CENTRAL: SR1E2Mu/Central/bjets/2/phi in Skim_TriLep_WWW.root
2026-04-28 15:13:01,601 - INFO - [2023BPix] MISSING_CENTRAL: SR1E2Mu/Central/bjets/2/phi in Skim_TriLep_DYJets10to50.root
2026-04-28 15:13:01,671 - INFO - [2023BPix] MISSING_CENTRAL: SR1E2Mu/Central/bjets/2/phi in Skim_TriLep_WZTo3LNu_powheg.root
2026-04-28 15:13:01,689 - INFO - [2023BPix] MISSING_CENTRAL: SR1E2Mu/Central/bjets/2/phi in Skim_TriLep_WWW.root
2026-04-28 15:19:16,845 - INFO - [2023] MISSING_CENTRAL: SR1E2Mu/Central/bjets/2/phi in Skim_TriLep_MuonEG_C_v3.root
2026-04-28 15:19:16,858 - INFO - [2022] MISSING_CENTRAL: SR1E2Mu/Central/bjets/2/phi in Skim_TriLep_DYJets.root
2026-04-28 15:19:16,859 - INFO - [2022] MISSING_CENTRAL: SR1E2Mu/Central/bjets/2/phi in Skim_TriLep_DYJets10to50.root
2026-04-28 15:19:16,951 - INFO - [2022] MISSING_CENTRAL: SR1E2Mu/Central/bjets/2/phi in Skim_TriLep_WWW.root
2026-04-28 15:19:16,996 - INFO - [2022EE] MISSING_CENTRAL: SR1E2Mu/Central/bjets/2/phi in Skim_TriLep_DYJets.root
2026-04-28 15:19:16,996 - INFO - [2022EE] MISSING_CENTRAL: SR1E2Mu/Central/bjets/2/phi in Skim_TriLep_DYJets10to50.root
2026-04-28 15:19:17,083 - INFO - [2022EE] MISSING_CENTRAL: SR1E2Mu/Central/bjets/2/phi in Skim_TriLep_WWW.root
2026-04-28 15:19:17,140 - INFO - [2023] MISSING_CENTRAL: SR1E2Mu/Central/bjets/2/phi in Skim_TriLep_DYJets10to50.root
2026-04-28 15:19:17,226 - INFO - [2023] MISSING_CENTRAL: SR1E2Mu/Central/bjets/2/phi in Skim_TriLep_WWW.root
2026-04-28 15:19:17,283 - INFO - [2023BPix] MISSING_CENTRAL: SR1E2Mu/Central/bjets/2/phi in Skim_TriLep_DYJets10to50.root
2026-04-28 15:19:17,351 - INFO - [2023BPix] MISSING_CENTRAL: SR1E2Mu/Central/bjets/2/phi in Skim_TriLep_WZTo3LNu_powheg.root
2026-04-28 15:19:17,369 - INFO - [2023BPix] MISSING_CENTRAL: SR1E2Mu/Central/bjets/2/phi in Skim_TriLep_WWW.root
2026-04-28 15:21:22,154 - INFO - [2023] MISSING_CENTRAL: SR1E2Mu/Central/bjets/2/phi in Skim_TriLep_MuonEG_C_v3.root
2026-04-28 15:21:22,167 - INFO - [2022] MISSING_CENTRAL: SR1E2Mu/Central/bjets/2/phi in Skim_TriLep_DYJets.root
2026-04-28 15:21:22,167 - INFO - [2022] MISSING_CENTRAL: SR1E2Mu/Central/bjets/2/phi in Skim_TriLep_DYJets10to50.root
2026-04-28 15:21:22,255 - INFO - [2022] MISSING_CENTRAL: SR1E2Mu/Central/bjets/2/phi in Skim_TriLep_WWW.root
2026-04-28 15:21:22,303 - INFO - [2022EE] MISSING_CENTRAL: SR1E2Mu/Central/bjets/2/phi in Skim_TriLep_DYJets.root
2026-04-28 15:21:22,303 - INFO - [2022EE] MISSING_CENTRAL: SR1E2Mu/Central/bjets/2/phi in Skim_TriLep_DYJets10to50.root
2026-04-28 15:21:22,395 - INFO - [2022EE] MISSING_CENTRAL: SR1E2Mu/Central/bjets/2/phi in Skim_TriLep_WWW.root
2026-04-28 15:21:22,455 - INFO - [2023] MISSING_CENTRAL: SR1E2Mu/Central/bjets/2/phi in Skim_TriLep_DYJets10to50.root
2026-04-28 15:21:22,548 - INFO - [2023] MISSING_CENTRAL: SR1E2Mu/Central/bjets/2/phi in Skim_TriLep_WWW.root
2026-04-28 15:21:22,604 - INFO - [2023BPix] MISSING_CENTRAL: SR1E2Mu/Central/bjets/2/phi in Skim_TriLep_DYJets10to50.root
2026-04-28 15:21:22,676 - INFO - [2023BPix] MISSING_CENTRAL: SR1E2Mu/Central/bjets/2/phi in Skim_TriLep_WZTo3LNu_powheg.root
2026-04-28 15:21:22,694 - INFO - [2023BPix] MISSING_CENTRAL: SR1E2Mu/Central/bjets/2/phi in Skim_TriLep_WWW.root
2026-04-28 20:32:28,865 - INFO - [2023] MISSING_CENTRAL: SR1E2Mu/Central/bjets/2/phi in Skim_TriLep_MuonEG_C_v3.root
2026-04-28 20:32:28,878 - INFO - [2022] MISSING_CENTRAL: SR1E2Mu/Central/bjets/2/phi in Skim_TriLep_DYJets.root
2026-04-28 20:32:28,878 - INFO - [2022] MISSING_CENTRAL: SR1E2Mu/Central/bjets/2/phi in Skim_TriLep_DYJets10to50.root
2026-04-28 20:32:28,965 - INFO - [2022] MISSING_CENTRAL: SR1E2Mu/Central/bjets/2/phi in Skim_TriLep_WWW.root
2026-04-28 20:32:29,015 - INFO - [2022EE] MISSING_CENTRAL: SR1E2Mu/Central/bjets/2/phi in Skim_TriLep_DYJets.root
2026-04-28 20:32:29,015 - INFO - [2022EE] MISSING_CENTRAL: SR1E2Mu/Central/bjets/2/phi in Skim_TriLep_DYJets10to50.root
2026-04-28 20:32:29,099 - INFO - [2022EE] MISSING_CENTRAL: SR1E2Mu/Central/bjets/2/phi in Skim_TriLep_WWW.root
2026-04-28 20:32:29,156 - INFO - [2023] MISSING_CENTRAL: SR1E2Mu/Central/bjets/2/phi in Skim_TriLep_DYJets10to50.root
2026-04-28 20:32:29,249 - INFO - [2023] MISSING_CENTRAL: SR1E2Mu/Central/bjets/2/phi in Skim_TriLep_WWW.root
2026-04-28 20:32:29,309 - INFO - [2023BPix] MISSING_CENTRAL: SR1E2Mu/Central/bjets/2/phi in Skim_TriLep_DYJets10to50.root
2026-04-28 20:32:29,384 - INFO - [2023BPix] MISSING_CENTRAL: SR1E2Mu/Central/bjets/2/phi in Skim_TriLep_WZTo3LNu_powheg.root
2026-04-28 20:32:29,403 - INFO - [2023BPix] MISSING_CENTRAL: SR1E2Mu/Central/bjets/2/phi in Skim_TriLep_WWW.root
2026-04-28 20:34:28,421 - INFO - [2023] MISSING_CENTRAL: SR1E2Mu/Central/bjets/2/phi in Skim_TriLep_MuonEG_C_v3.root
2026-04-28 20:34:28,435 - INFO - [2022] MISSING_CENTRAL: SR1E2Mu/Central/bjets/2/phi in Skim_TriLep_DYJets.root
2026-04-28 20:34:28,435 - INFO - [2022] MISSING_CENTRAL: SR1E2Mu/Central/bjets/2/phi in Skim_TriLep_DYJets10to50.root
2026-04-28 20:34:28,526 - INFO - [2022] MISSING_CENTRAL: SR1E2Mu/Central/bjets/2/phi in Skim_TriLep_WWW.root
2026-04-28 20:34:28,573 - INFO - [2022EE] MISSING_CENTRAL: SR1E2Mu/Central/bjets/2/phi in Skim_TriLep_DYJets.root
2026-04-28 20:34:28,574 - INFO - [2022EE] MISSING_CENTRAL: SR1E2Mu/Central/bjets/2/phi in Skim_TriLep_DYJets10to50.root
2026-04-28 20:34:28,666 - INFO - [2022EE] MISSING_CENTRAL: SR1E2Mu/Central/bjets/2/phi in Skim_TriLep_WWW.root
2026-04-28 20:34:28,725 - INFO - [2023] MISSING_CENTRAL: SR1E2Mu/Central/bjets/2/phi in Skim_TriLep_DYJets10to50.root
2026-04-28 20:34:28,816 - INFO - [2023] MISSING_CENTRAL: SR1E2Mu/Central/bjets/2/phi in Skim_TriLep_WWW.root
2026-04-28 20:34:28,880 - INFO - [2023BPix] MISSING_CENTRAL: SR1E2Mu/Central/bjets/2/phi in Skim_TriLep_DYJets10to50.root
2026-04-28 20:34:28,952 - INFO - [2023BPix] MISSING_CENTRAL: SR1E2Mu/Central/bjets/2/phi in Skim_TriLep_WZTo3LNu_powheg.root
2026-04-28 20:34:28,970 - INFO - [2023BPix] MISSING_CENTRAL: SR1E2Mu/Central/bjets/2/phi in Skim_TriLep_WWW.root
2026-05-04 15:38:54,729 - INFO - [2023] MISSING_CENTRAL: SR1E2Mu/Central/bjets/2/phi in Skim_TriLep_MuonEG_C_v3.root
2026-05-04 15:38:54,743 - INFO - [2022] MISSING_CENTRAL: SR1E2Mu/Central/bjets/2/phi in Skim_TriLep_DYJets.root
2026-05-04 15:38:54,744 - INFO - [2022] MISSING_CENTRAL: SR1E2Mu/Central/bjets/2/phi in Skim_TriLep_DYJets10to50.root
2026-05-04 15:38:54,829 - INFO - [2022] MISSING_CENTRAL: SR1E2Mu/Central/bjets/2/phi in Skim_TriLep_WWW.root
2026-05-04 15:38:54,872 - INFO - [2022EE] MISSING_CENTRAL: SR1E2Mu/Central/bjets/2/phi in Skim_TriLep_DYJets.root
2026-05-04 15:38:54,873 - INFO - [2022EE] MISSING_CENTRAL: SR1E2Mu/Central/bjets/2/phi in Skim_TriLep_DYJets10to50.root
2026-05-04 15:38:54,949 - INFO - [2022EE] MISSING_CENTRAL: SR1E2Mu/Central/bjets/2/phi in Skim_TriLep_WWW.root
2026-05-04 15:38:54,995 - INFO - [2023] MISSING_CENTRAL: SR1E2Mu/Central/bjets/2/phi in Skim_TriLep_DYJets10to50.root
2026-05-04 15:38:55,083 - INFO - [2023] MISSING_CENTRAL: SR1E2Mu/Central/bjets/2/phi in Skim_TriLep_WWW.root
2026-05-04 15:38:55,140 - INFO - [2023BPix] MISSING_CENTRAL: SR1E2Mu/Central/bjets/2/phi in Skim_TriLep_DYJets10to50.root
2026-05-04 15:38:55,212 - INFO - [2023BPix] MISSING_CENTRAL: SR1E2Mu/Central/bjets/2/phi in Skim_TriLep_WZTo3LNu_powheg.root
2026-05-04 15:38:55,232 - INFO - [2023BPix] MISSING_CENTRAL: SR1E2Mu/Central/bjets/2/phi in Skim_TriLep_WWW.root
2026-05-04 15:41:07,034 - INFO - [2023] MISSING_CENTRAL: SR1E2Mu/Central/bjets/2/phi in Skim_TriLep_MuonEG_C_v3.root
2026-05-04 15:41:07,050 - INFO - [2022] MISSING_CENTRAL: SR1E2Mu/Central/bjets/2/phi in Skim_TriLep_DYJets.root
2026-05-04 15:41:07,051 - INFO - [2022] MISSING_CENTRAL: SR1E2Mu/Central/bjets/2/phi in Skim_TriLep_DYJets10to50.root
2026-05-04 15:41:07,141 - INFO - [2022] MISSING_CENTRAL: SR1E2Mu/Central/bjets/2/phi in Skim_TriLep_WWW.root
2026-05-04 15:41:07,186 - INFO - [2022EE] MISSING_CENTRAL: SR1E2Mu/Central/bjets/2/phi in Skim_TriLep_DYJets.root
2026-05-04 15:41:07,187 - INFO - [2022EE] MISSING_CENTRAL: SR1E2Mu/Central/bjets/2/phi in Skim_TriLep_DYJets10to50.root
2026-05-04 15:41:07,289 - INFO - [2022EE] MISSING_CENTRAL: SR1E2Mu/Central/bjets/2/phi in Skim_TriLep_WWW.root
2026-05-04 15:41:07,361 - INFO - [2023] MISSING_CENTRAL: SR1E2Mu/Central/bjets/2/phi in Skim_TriLep_DYJets10to50.root
2026-05-04 15:41:07,452 - INFO - [2023] MISSING_CENTRAL: SR1E2Mu/Central/bjets/2/phi in Skim_TriLep_WWW.root
2026-05-04 15:41:07,508 - INFO - [2023BPix] MISSING_CENTRAL: SR1E2Mu/Central/bjets/2/phi in Skim_TriLep_DYJets10to50.root
2026-05-04 15:41:07,577 - INFO - [2023BPix] MISSING_CENTRAL: SR1E2Mu/Central/bjets/2/phi in Skim_TriLep_WZTo3LNu_powheg.root
2026-05-04 15:41:07,591 - INFO - [2023BPix] MISSING_CENTRAL: SR1E2Mu/Central/bjets/2/phi in Skim_TriLep_WWW.root
2026-05-04 16:03:05,999 - INFO - [2023] MISSING_CENTRAL: SR1E2Mu/Central/bjets/2/phi in Skim_TriLep_MuonEG_C_v3.root
2026-05-04 16:03:06,015 - INFO - [2022] MISSING_CENTRAL: SR1E2Mu/Central/bjets/2/phi in Skim_TriLep_DYJets.root
2026-05-04 16:03:06,016 - INFO - [2022] MISSING_CENTRAL: SR1E2Mu/Central/bjets/2/phi in Skim_TriLep_DYJets10to50.root
2026-05-04 16:03:06,125 - INFO - [2022] MISSING_CENTRAL: SR1E2Mu/Central/bjets/2/phi in Skim_TriLep_WWW.root
2026-05-04 16:03:06,175 - INFO - [2022EE] MISSING_CENTRAL: SR1E2Mu/Central/bjets/2/phi in Skim_TriLep_DYJets.root
2026-05-04 16:03:06,176 - INFO - [2022EE] MISSING_CENTRAL: SR1E2Mu/Central/bjets/2/phi in Skim_TriLep_DYJets10to50.root
2026-05-04 16:03:06,272 - INFO - [2022EE] MISSING_CENTRAL: SR1E2Mu/Central/bjets/2/phi in Skim_TriLep_WWW.root
2026-05-04 16:03:06,332 - INFO - [2023] MISSING_CENTRAL: SR1E2Mu/Central/bjets/2/phi in Skim_TriLep_DYJets10to50.root
2026-05-04 16:03:06,428 - INFO - [2023] MISSING_CENTRAL: SR1E2Mu/Central/bjets/2/phi in Skim_TriLep_WWW.root
2026-05-04 16:03:06,492 - INFO - [2023BPix] MISSING_CENTRAL: SR1E2Mu/Central/bjets/2/phi in Skim_TriLep_DYJets10to50.root
2026-05-04 16:03:06,565 - INFO - [2023BPix] MISSING_CENTRAL: SR1E2Mu/Central/bjets/2/phi in Skim_TriLep_WZTo3LNu_powheg.root
2026-05-04 16:03:06,584 - INFO - [2023BPix] MISSING_CENTRAL: SR1E2Mu/Central/bjets/2/phi in Skim_TriLep_WWW.root
2026-05-04 16:05:08,098 - INFO - [2023] MISSING_CENTRAL: SR1E2Mu/Central/bjets/2/phi in Skim_TriLep_MuonEG_C_v3.root
2026-05-04 16:05:08,110 - INFO - [2022] MISSING_CENTRAL: SR1E2Mu/Central/bjets/2/phi in Skim_TriLep_DYJets.root
2026-05-04 16:05:08,111 - INFO - [2022] MISSING_CENTRAL: SR1E2Mu/Central/bjets/2/phi in Skim_TriLep_DYJets10to50.root
2026-05-04 16:05:08,198 - INFO - [2022] MISSING_CENTRAL: SR1E2Mu/Central/bjets/2/phi in Skim_TriLep_WWW.root
2026-05-04 16:05:08,243 - INFO - [2022EE] MISSING_CENTRAL: SR1E2Mu/Central/bjets/2/phi in Skim_TriLep_DYJets.root
2026-05-04 16:05:08,243 - INFO - [2022EE] MISSING_CENTRAL: SR1E2Mu/Central/bjets/2/phi in Skim_TriLep_DYJets10to50.root
2026-05-04 16:05:08,323 - INFO - [2022EE] MISSING_CENTRAL: SR1E2Mu/Central/bjets/2/phi in Skim_TriLep_WWW.root
2026-05-04 16:05:08,371 - INFO - [2023] MISSING_CENTRAL: SR1E2Mu/Central/bjets/2/phi in Skim_TriLep_DYJets10to50.root
2026-05-04 16:05:08,445 - INFO - [2023] MISSING_CENTRAL: SR1E2Mu/Central/bjets/2/phi in Skim_TriLep_WWW.root
2026-05-04 16:05:08,502 - INFO - [2023BPix] MISSING_CENTRAL: SR1E2Mu/Central/bjets/2/phi in Skim_TriLep_DYJets10to50.root
2026-05-04 16:05:08,583 - INFO - [2023BPix] MISSING_CENTRAL: SR1E2Mu/Central/bjets/2/phi in Skim_TriLep_WZTo3LNu_powheg.root
2026-05-04 16:05:08,600 - INFO - [2023BPix] MISSING_CENTRAL: SR1E2Mu/Central/bjets/2/phi in Skim_TriLep_WWW.root
2026-05-04 17:02:13,505 - INFO - [2023] MISSING_CENTRAL: SR1E2Mu/Central/bjets/2/phi in Skim_TriLep_MuonEG_C_v3.root
2026-05-04 17:02:13,517 - INFO - [2022] MISSING_CENTRAL: SR1E2Mu/Central/bjets/2/phi in Skim_TriLep_DYJets.root
2026-05-04 17:02:13,518 - INFO - [2022] MISSING_CENTRAL: SR1E2Mu/Central/bjets/2/phi in Skim_TriLep_DYJets10to50.root
2026-05-04 17:02:13,604 - INFO - [2022] MISSING_CENTRAL: SR1E2Mu/Central/bjets/2/phi in Skim_TriLep_WWW.root
2026-05-04 17:02:13,649 - INFO - [2022EE] MISSING_CENTRAL: SR1E2Mu/Central/bjets/2/phi in Skim_TriLep_DYJets.root
2026-05-04 17:02:13,650 - INFO - [2022EE] MISSING_CENTRAL: SR1E2Mu/Central/bjets/2/phi in Skim_TriLep_DYJets10to50.root
2026-05-04 17:02:13,740 - INFO - [2022EE] MISSING_CENTRAL: SR1E2Mu/Central/bjets/2/phi in Skim_TriLep_WWW.root
2026-05-04 17:02:13,798 - INFO - [2023] MISSING_CENTRAL: SR1E2Mu/Central/bjets/2/phi in Skim_TriLep_DYJets10to50.root
2026-05-04 17:02:13,890 - INFO - [2023] MISSING_CENTRAL: SR1E2Mu/Central/bjets/2/phi in Skim_TriLep_WWW.root
2026-05-04 17:02:13,952 - INFO - [2023BPix] MISSING_CENTRAL: SR1E2Mu/Central/bjets/2/phi in Skim_TriLep_DYJets10to50.root
2026-05-04 17:02:14,025 - INFO - [2023BPix] MISSING_CENTRAL: SR1E2Mu/Central/bjets/2/phi in Skim_TriLep_WZTo3LNu_powheg.root
2026-05-04 17:02:14,045 - INFO - [2023BPix] MISSING_CENTRAL: SR1E2Mu/Central/bjets/2/phi in Skim_TriLep_WWW.root
2026-05-04 17:12:00,546 - INFO - [2023] MISSING_CENTRAL: SR1E2Mu/Central/bjets/2/phi in Skim_TriLep_MuonEG_C_v3.root
2026-05-04 17:12:00,560 - INFO - [2022] MISSING_CENTRAL: SR1E2Mu/Central/bjets/2/phi in Skim_TriLep_DYJets.root
2026-05-04 17:12:00,561 - INFO - [2022] MISSING_CENTRAL: SR1E2Mu/Central/bjets/2/phi in Skim_TriLep_DYJets10to50.root
2026-05-04 17:12:00,650 - INFO - [2022] MISSING_CENTRAL: SR1E2Mu/Central/bjets/2/phi in Skim_TriLep_WWW.root
2026-05-04 17:12:00,696 - INFO - [2022EE] MISSING_CENTRAL: SR1E2Mu/Central/bjets/2/phi in Skim_TriLep_DYJets.root
2026-05-04 17:12:00,697 - INFO - [2022EE] MISSING_CENTRAL: SR1E2Mu/Central/bjets/2/phi in Skim_TriLep_DYJets10to50.root
2026-05-04 17:12:00,791 - INFO - [2022EE] MISSING_CENTRAL: SR1E2Mu/Central/bjets/2/phi in Skim_TriLep_WWW.root
2026-05-04 17:12:00,857 - INFO - [2023] MISSING_CENTRAL: SR1E2Mu/Central/bjets/2/phi in Skim_TriLep_DYJets10to50.root
2026-05-04 17:12:00,950 - INFO - [2023] MISSING_CENTRAL: SR1E2Mu/Central/bjets/2/phi in Skim_TriLep_WWW.root
2026-05-04 17:12:01,007 - INFO - [2023BPix] MISSING_CENTRAL: SR1E2Mu/Central/bjets/2/phi in Skim_TriLep_DYJets10to50.root
2026-05-04 17:12:01,064 - INFO - [2023BPix] MISSING_CENTRAL: SR1E2Mu/Central/bjets/2/phi in Skim_TriLep_WZTo3LNu_powheg.root
2026-05-04 17:12:01,082 - INFO - [2023BPix] MISSING_CENTRAL: SR1E2Mu/Central/bjets/2/phi in Skim_TriLep_WWW.root
2026-05-28 15:39:14,241 - INFO - [2023] MISSING_CENTRAL: SR1E2Mu/Central/bjets/2/phi in Skim_TriLep_MuonEG_C_v3.root
2026-05-28 15:39:14,275 - INFO - [2022] MISSING_CENTRAL: SR1E2Mu/Central/bjets/2/phi in Skim_TriLep_DYJets.root
2026-05-28 15:39:14,278 - INFO - [2022] MISSING_CENTRAL: SR1E2Mu/Central/bjets/2/phi in Skim_TriLep_DYJets10to50.root
2026-05-28 15:39:14,470 - INFO - [2022] MISSING_CENTRAL: SR1E2Mu/Central/bjets/2/phi in Skim_TriLep_WWW.root
2026-05-28 15:39:14,552 - INFO - [2022EE] MISSING_CENTRAL: SR1E2Mu/Central/bjets/2/phi in Skim_TriLep_DYJets.root
2026-05-28 15:39:14,553 - INFO - [2022EE] MISSING_CENTRAL: SR1E2Mu/Central/bjets/2/phi in Skim_TriLep_DYJets10to50.root
2026-05-28 15:39:14,705 - INFO - [2022EE] MISSING_CENTRAL: SR1E2Mu/Central/bjets/2/phi in Skim_TriLep_WWW.root
2026-05-28 15:39:14,807 - INFO - [2023] MISSING_CENTRAL: SR1E2Mu/Central/bjets/2/phi in Skim_TriLep_DYJets10to50.root
2026-05-28 15:39:14,962 - INFO - [2023] MISSING_CENTRAL: SR1E2Mu/Central/bjets/2/phi in Skim_TriLep_WWW.root
2026-05-28 15:39:15,091 - INFO - [2023BPix] MISSING_CENTRAL: SR1E2Mu/Central/bjets/2/phi in Skim_TriLep_DYJets10to50.root
2026-05-28 15:39:15,267 - INFO - [2023BPix] MISSING_CENTRAL: SR1E2Mu/Central/bjets/2/phi in Skim_TriLep_WZTo3LNu_powheg.root
2026-05-28 15:39:15,298 - INFO - [2023BPix] MISSING_CENTRAL: SR1E2Mu/Central/bjets/2/phi in Skim_TriLep_WWW.root
2026-05-28 15:48:42,078 - INFO - [2023] MISSING_CENTRAL: SR1E2Mu/Central/bjets/2/phi in Skim_TriLep_MuonEG_C_v3.root
2026-05-28 15:48:42,102 - INFO - [2022] MISSING_CENTRAL: SR1E2Mu/Central/bjets/2/phi in Skim_TriLep_DYJets.root
2026-05-28 15:48:42,103 - INFO - [2022] MISSING_CENTRAL: SR1E2Mu/Central/bjets/2/phi in Skim_TriLep_DYJets10to50.root
2026-05-28 15:48:42,256 - INFO - [2022] MISSING_CENTRAL: SR1E2Mu/Central/bjets/2/phi in Skim_TriLep_WWW.root
2026-05-28 15:48:42,336 - INFO - [2022EE] MISSING_CENTRAL: SR1E2Mu/Central/bjets/2/phi in Skim_TriLep_DYJets.root
2026-05-28 15:48:42,337 - INFO - [2022EE] MISSING_CENTRAL: SR1E2Mu/Central/bjets/2/phi in Skim_TriLep_DYJets10to50.root
2026-05-28 15:48:42,488 - INFO - [2022EE] MISSING_CENTRAL: SR1E2Mu/Central/bjets/2/phi in Skim_TriLep_WWW.root
2026-05-28 15:48:42,590 - INFO - [2023] MISSING_CENTRAL: SR1E2Mu/Central/bjets/2/phi in Skim_TriLep_DYJets10to50.root
2026-05-28 15:48:42,739 - INFO - [2023] MISSING_CENTRAL: SR1E2Mu/Central/bjets/2/phi in Skim_TriLep_WWW.root
2026-05-28 15:48:42,833 - INFO - [2023BPix] MISSING_CENTRAL: SR1E2Mu/Central/bjets/2/phi in Skim_TriLep_DYJets10to50.root
2026-05-28 15:48:42,943 - INFO - [2023BPix] MISSING_CENTRAL: SR1E2Mu/Central/bjets/2/phi in Skim_TriLep_WZTo3LNu_powheg.root
2026-05-28 15:48:42,972 - INFO - [2023BPix] MISSING_CENTRAL: SR1E2Mu/Central/bjets/2/phi in Skim_TriLep_WWW.root
2026-05-29 15:20:02,975 - INFO - [2023] MISSING_CENTRAL: SR1E2Mu/Central/bjets/2/phi in Skim_TriLep_MuonEG_C_v3.root
2026-05-29 15:20:02,988 - INFO - [2022] MISSING_CENTRAL: SR1E2Mu/Central/bjets/2/phi in Skim_TriLep_DYJets.root
2026-05-29 15:20:02,988 - INFO - [2022] MISSING_CENTRAL: SR1E2Mu/Central/bjets/2/phi in Skim_TriLep_DYJets10to50.root
2026-05-29 15:20:03,077 - INFO - [2022] MISSING_CENTRAL: SR1E2Mu/Central/bjets/2/phi in Skim_TriLep_WWW.root
2026-05-29 15:20:03,123 - INFO - [2022EE] MISSING_CENTRAL: SR1E2Mu/Central/bjets/2/phi in Skim_TriLep_DYJets.root
2026-05-29 15:20:03,123 - INFO - [2022EE] MISSING_CENTRAL: SR1E2Mu/Central/bjets/2/phi in Skim_TriLep_DYJets10to50.root
2026-05-29 15:20:03,212 - INFO - [2022EE] MISSING_CENTRAL: SR1E2Mu/Central/bjets/2/phi in Skim_TriLep_WWW.root
2026-05-29 15:20:03,271 - INFO - [2023] MISSING_CENTRAL: SR1E2Mu/Central/bjets/2/phi in Skim_TriLep_DYJets10to50.root
2026-05-29 15:20:03,365 - INFO - [2023] MISSING_CENTRAL: SR1E2Mu/Central/bjets/2/phi in Skim_TriLep_WWW.root
2026-05-29 15:20:03,434 - INFO - [2023BPix] MISSING_CENTRAL: SR1E2Mu/Central/bjets/2/phi in Skim_TriLep_DYJets10to50.root
2026-05-29 15:20:03,510 - INFO - [2023BPix] MISSING_CENTRAL: SR1E2Mu/Central/bjets/2/phi in Skim_TriLep_WZTo3LNu_powheg.root
2026-05-29 15:20:03,531 - INFO - [2023BPix] MISSING_CENTRAL: SR1E2Mu/Central/bjets/2/phi in Skim_TriLep_WWW.root
2026-05-29 15:22:14,262 - INFO - [2023] MISSING_CENTRAL: SR1E2Mu/Central/bjets/2/phi in Skim_TriLep_MuonEG_C_v3.root
2026-05-29 15:22:14,275 - INFO - [2022] MISSING_CENTRAL: SR1E2Mu/Central/bjets/2/phi in Skim_TriLep_DYJets.root
2026-05-29 15:22:14,276 - INFO - [2022] MISSING_CENTRAL: SR1E2Mu/Central/bjets/2/phi in Skim_TriLep_DYJets10to50.root
2026-05-29 15:22:14,368 - INFO - [2022] MISSING_CENTRAL: SR1E2Mu/Central/bjets/2/phi in Skim_TriLep_WWW.root
2026-05-29 15:22:14,415 - INFO - [2022EE] MISSING_CENTRAL: SR1E2Mu/Central/bjets/2/phi in Skim_TriLep_DYJets.root
2026-05-29 15:22:14,416 - INFO - [2022EE] MISSING_CENTRAL: SR1E2Mu/Central/bjets/2/phi in Skim_TriLep_DYJets10to50.root
2026-05-29 15:22:14,506 - INFO - [2022EE] MISSING_CENTRAL: SR1E2Mu/Central/bjets/2/phi in Skim_TriLep_WWW.root
2026-05-29 15:22:14,567 - INFO - [2023] MISSING_CENTRAL: SR1E2Mu/Central/bjets/2/phi in Skim_TriLep_DYJets10to50.root
2026-05-29 15:22:14,659 - INFO - [2023] MISSING_CENTRAL: SR1E2Mu/Central/bjets/2/phi in Skim_TriLep_WWW.root
2026-05-29 15:22:14,721 - INFO - [2023BPix] MISSING_CENTRAL: SR1E2Mu/Central/bjets/2/phi in Skim_TriLep_DYJets10to50.root
2026-05-29 15:22:14,794 - INFO - [2023BPix] MISSING_CENTRAL: SR1E2Mu/Central/bjets/2/phi in Skim_TriLep_WZTo3LNu_powheg.root
2026-05-29 15:22:14,814 - INFO - [2023BPix] MISSING_CENTRAL: SR1E2Mu/Central/bjets/2/phi in Skim_TriLep_WWW.root
2026-05-29 15:30:00,992 - INFO - [2023] MISSING_CENTRAL: SR1E2Mu/Central/bjets/2/phi in Skim_TriLep_MuonEG_C_v3.root
2026-05-29 15:30:01,006 - INFO - [2022] MISSING_CENTRAL: SR1E2Mu/Central/bjets/2/phi in Skim_TriLep_DYJets.root
2026-05-29 15:30:01,007 - INFO - [2022] MISSING_CENTRAL: SR1E2Mu/Central/bjets/2/phi in Skim_TriLep_DYJets10to50.root
2026-05-29 15:30:01,091 - INFO - [2022] MISSING_CENTRAL: SR1E2Mu/Central/bjets/2/phi in Skim_TriLep_WWW.root
2026-05-29 15:30:01,135 - INFO - [2022EE] MISSING_CENTRAL: SR1E2Mu/Central/bjets/2/phi in Skim_TriLep_DYJets.root
2026-05-29 15:30:01,136 - INFO - [2022EE] MISSING_CENTRAL: SR1E2Mu/Central/bjets/2/phi in Skim_TriLep_DYJets10to50.root
2026-05-29 15:30:01,219 - INFO - [2022EE] MISSING_CENTRAL: SR1E2Mu/Central/bjets/2/phi in Skim_TriLep_WWW.root
2026-05-29 15:30:01,275 - INFO - [2023] MISSING_CENTRAL: SR1E2Mu/Central/bjets/2/phi in Skim_TriLep_DYJets10to50.root
2026-05-29 15:30:01,363 - INFO - [2023] MISSING_CENTRAL: SR1E2Mu/Central/bjets/2/phi in Skim_TriLep_WWW.root
2026-05-29 15:30:01,430 - INFO - [2023BPix] MISSING_CENTRAL: SR1E2Mu/Central/bjets/2/phi in Skim_TriLep_DYJets10to50.root
2026-05-29 15:30:01,532 - INFO - [2023BPix] MISSING_CENTRAL: SR1E2Mu/Central/bjets/2/phi in Skim_TriLep_WZTo3LNu_powheg.root
2026-05-29 15:30:01,572 - INFO - [2023BPix] MISSING_CENTRAL: SR1E2Mu/Central/bjets/2/phi in Skim_TriLep_WWW.root
2026-05-29 15:39:42,495 - INFO - [2023] MISSING_CENTRAL: SR1E2Mu/Central/bjets/2/phi in Skim_TriLep_MuonEG_C_v3.root
2026-05-29 15:39:42,509 - INFO - [2022] MISSING_CENTRAL: SR1E2Mu/Central/bjets/2/phi in Skim_TriLep_DYJets.root
2026-05-29 15:39:42,509 - INFO - [2022] MISSING_CENTRAL: SR1E2Mu/Central/bjets/2/phi in Skim_TriLep_DYJets10to50.root
2026-05-29 15:39:42,602 - INFO - [2022] MISSING_CENTRAL: SR1E2Mu/Central/bjets/2/phi in Skim_TriLep_WWW.root
2026-05-29 15:39:42,649 - INFO - [2022EE] MISSING_CENTRAL: SR1E2Mu/Central/bjets/2/phi in Skim_TriLep_DYJets.root
2026-05-29 15:39:42,649 - INFO - [2022EE] MISSING_CENTRAL: SR1E2Mu/Central/bjets/2/phi in Skim_TriLep_DYJets10to50.root
2026-05-29 15:39:42,740 - INFO - [2022EE] MISSING_CENTRAL: SR1E2Mu/Central/bjets/2/phi in Skim_TriLep_WWW.root
2026-05-29 15:39:42,799 - INFO - [2023] MISSING_CENTRAL: SR1E2Mu/Central/bjets/2/phi in Skim_TriLep_DYJets10to50.root
2026-05-29 15:39:42,889 - INFO - [2023] MISSING_CENTRAL: SR1E2Mu/Central/bjets/2/phi in Skim_TriLep_WWW.root
2026-05-29 15:39:42,951 - INFO - [2023BPix] MISSING_CENTRAL: SR1E2Mu/Central/bjets/2/phi in Skim_TriLep_DYJets10to50.root
2026-05-29 15:39:43,025 - INFO - [2023BPix] MISSING_CENTRAL: SR1E2Mu/Central/bjets/2/phi in Skim_TriLep_WZTo3LNu_powheg.root
2026-05-29 15:39:43,045 - INFO - [2023BPix] MISSING_CENTRAL: SR1E2Mu/Central/bjets/2/phi in Skim_TriLep_WWW.root
2026-05-29 18:21:09,024 - INFO - [2023] MISSING_CENTRAL: SR1E2Mu/Central/bjets/2/phi in Skim_TriLep_MuonEG_C_v3.root
2026-05-29 18:21:09,037 - INFO - [2022] MISSING_CENTRAL: SR1E2Mu/Central/bjets/2/phi in Skim_TriLep_DYJets.root
2026-05-29 18:21:09,038 - INFO - [2022] MISSING_CENTRAL: SR1E2Mu/Central/bjets/2/phi in Skim_TriLep_DYJets10to50.root
2026-05-29 18:21:09,129 - INFO - [2022] MISSING_CENTRAL: SR1E2Mu/Central/bjets/2/phi in Skim_TriLep_WWW.root
2026-05-29 18:21:09,175 - INFO - [2022EE] MISSING_CENTRAL: SR1E2Mu/Central/bjets/2/phi in Skim_TriLep_DYJets.root
2026-05-29 18:21:09,176 - INFO - [2022EE] MISSING_CENTRAL: SR1E2Mu/Central/bjets/2/phi in Skim_TriLep_DYJets10to50.root
2026-05-29 18:21:09,263 - INFO - [2022EE] MISSING_CENTRAL: SR1E2Mu/Central/bjets/2/phi in Skim_TriLep_WWW.root
2026-05-29 18:21:09,322 - INFO - [2023] MISSING_CENTRAL: SR1E2Mu/Central/bjets/2/phi in Skim_TriLep_DYJets10to50.root
2026-05-29 18:21:09,412 - INFO - [2023] MISSING_CENTRAL: SR1E2Mu/Central/bjets/2/phi in Skim_TriLep_WWW.root
2026-05-29 18:21:09,472 - INFO - [2023BPix] MISSING_CENTRAL: SR1E2Mu/Central/bjets/2/phi in Skim_TriLep_DYJets10to50.root
2026-05-29 18:21:09,577 - INFO - [2023BPix] MISSING_CENTRAL: SR1E2Mu/Central/bjets/2/phi in Skim_TriLep_WZTo3LNu_powheg.root
2026-05-29 18:21:09,597 - INFO - [2023BPix] MISSING_CENTRAL: SR1E2Mu/Central/bjets/2/phi in Skim_TriLep_WWW.root
2026-05-29 18:31:05,464 - INFO - [2023] MISSING_CENTRAL: SR1E2Mu/Central/bjets/2/phi in Skim_TriLep_MuonEG_C_v3.root
2026-05-29 18:31:05,477 - INFO - [2022] MISSING_CENTRAL: SR1E2Mu/Central/bjets/2/phi in Skim_TriLep_DYJets.root
2026-05-29 18:31:05,477 - INFO - [2022] MISSING_CENTRAL: SR1E2Mu/Central/bjets/2/phi in Skim_TriLep_DYJets10to50.root
2026-05-29 18:31:05,562 - INFO - [2022] MISSING_CENTRAL: SR1E2Mu/Central/bjets/2/phi in Skim_TriLep_WWW.root
2026-05-29 18:31:05,607 - INFO - [2022EE] MISSING_CENTRAL: SR1E2Mu/Central/bjets/2/phi in Skim_TriLep_DYJets.root
2026-05-29 18:31:05,608 - INFO - [2022EE] MISSING_CENTRAL: SR1E2Mu/Central/bjets/2/phi in Skim_TriLep_DYJets10to50.root
2026-05-29 18:31:05,695 - INFO - [2022EE] MISSING_CENTRAL: SR1E2Mu/Central/bjets/2/phi in Skim_TriLep_WWW.root
2026-05-29 18:31:05,753 - INFO - [2023] MISSING_CENTRAL: SR1E2Mu/Central/bjets/2/phi in Skim_TriLep_DYJets10to50.root
2026-05-29 18:31:05,845 - INFO - [2023] MISSING_CENTRAL: SR1E2Mu/Central/bjets/2/phi in Skim_TriLep_WWW.root
2026-05-29 18:31:05,905 - INFO - [2023BPix] MISSING_CENTRAL: SR1E2Mu/Central/bjets/2/phi in Skim_TriLep_DYJets10to50.root
2026-05-29 18:31:05,976 - INFO - [2023BPix] MISSING_CENTRAL: SR1E2Mu/Central/bjets/2/phi in Skim_TriLep_WZTo3LNu_powheg.root
2026-05-29 18:31:05,995 - INFO - [2023BPix] MISSING_CENTRAL: SR1E2Mu/Central/bjets/2/phi in Skim_TriLep_WWW.root
2026-06-12 13:58:49,776 - INFO - [2023] MISSING_CENTRAL: SR1E2Mu/Central/bjets/2/phi in Skim_TriLep_MuonEG_C_v3.root
2026-06-12 13:58:49,788 - INFO - [2022] MISSING_CENTRAL: SR1E2Mu/Central/bjets/2/phi in Skim_TriLep_DYJets.root
2026-06-12 13:58:49,788 - INFO - [2022] MISSING_CENTRAL: SR1E2Mu/Central/bjets/2/phi in Skim_TriLep_DYJets10to50.root
2026-06-12 13:58:49,877 - INFO - [2022] MISSING_CENTRAL: SR1E2Mu/Central/bjets/2/phi in Skim_TriLep_WWW.root
2026-06-12 13:58:49,923 - INFO - [2022EE] MISSING_CENTRAL: SR1E2Mu/Central/bjets/2/phi in Skim_TriLep_DYJets.root
2026-06-12 13:58:49,924 - INFO - [2022EE] MISSING_CENTRAL: SR1E2Mu/Central/bjets/2/phi in Skim_TriLep_DYJets10to50.root
2026-06-12 13:58:50,011 - INFO - [2022EE] MISSING_CENTRAL: SR1E2Mu/Central/bjets/2/phi in Skim_TriLep_WWW.root
2026-06-12 13:58:50,071 - INFO - [2023] MISSING_CENTRAL: SR1E2Mu/Central/bjets/2/phi in Skim_TriLep_DYJets10to50.root
2026-06-12 13:58:50,170 - INFO - [2023] MISSING_CENTRAL: SR1E2Mu/Central/bjets/2/phi in Skim_TriLep_WWW.root
2026-06-12 13:58:50,273 - INFO - [2023BPix] MISSING_CENTRAL: SR1E2Mu/Central/bjets/2/phi in Skim_TriLep_DYJets10to50.root
2026-06-12 13:58:50,364 - INFO - [2023BPix] MISSING_CENTRAL: SR1E2Mu/Central/bjets/2/phi in Skim_TriLep_WZTo3LNu_powheg.root
2026-06-12 13:58:50,384 - INFO - [2023BPix] MISSING_CENTRAL: SR1E2Mu/Central/bjets/2/phi in Skim_TriLep_WWW.root
2026-06-12 14:10:57,957 - INFO - [2023] MISSING_CENTRAL: SR1E2Mu/Central/bjets/2/phi in Skim_TriLep_MuonEG_C_v3.root
2026-06-12 14:10:57,974 - INFO - [2022] MISSING_CENTRAL: SR1E2Mu/Central/bjets/2/phi in Skim_TriLep_DYJets.root
2026-06-12 14:10:57,974 - INFO - [2022] MISSING_CENTRAL: SR1E2Mu/Central/bjets/2/phi in Skim_TriLep_DYJets10to50.root
2026-06-12 14:10:58,065 - INFO - [2022] MISSING_CENTRAL: SR1E2Mu/Central/bjets/2/phi in Skim_TriLep_WWW.root
2026-06-12 14:10:58,111 - INFO - [2022EE] MISSING_CENTRAL: SR1E2Mu/Central/bjets/2/phi in Skim_TriLep_DYJets.root
2026-06-12 14:10:58,112 - INFO - [2022EE] MISSING_CENTRAL: SR1E2Mu/Central/bjets/2/phi in Skim_TriLep_DYJets10to50.root
2026-06-12 14:10:58,199 - INFO - [2022EE] MISSING_CENTRAL: SR1E2Mu/Central/bjets/2/phi in Skim_TriLep_WWW.root
2026-06-12 14:10:58,257 - INFO - [2023] MISSING_CENTRAL: SR1E2Mu/Central/bjets/2/phi in Skim_TriLep_DYJets10to50.root
2026-06-12 14:10:58,347 - INFO - [2023] MISSING_CENTRAL: SR1E2Mu/Central/bjets/2/phi in Skim_TriLep_WWW.root
2026-06-12 14:10:58,408 - INFO - [2023BPix] MISSING_CENTRAL: SR1E2Mu/Central/bjets/2/phi in Skim_TriLep_DYJets10to50.root
2026-06-12 14:10:58,484 - INFO - [2023BPix] MISSING_CENTRAL: SR1E2Mu/Central/bjets/2/phi in Skim_TriLep_WZTo3LNu_powheg.root
2026-06-12 14:10:58,502 - INFO - [2023BPix] MISSING_CENTRAL: SR1E2Mu/Central/bjets/2/phi in Skim_TriLep_WWW.root
2026-06-12 14:34:29,983 - INFO - [2023] MISSING_CENTRAL: SR1E2Mu/Central/bjets/2/phi in Skim_TriLep_MuonEG_C_v3.root
2026-06-12 14:34:29,997 - INFO - [2022] MISSING_CENTRAL: SR1E2Mu/Central/bjets/2/phi in Skim_TriLep_DYJets.root
2026-06-12 14:34:29,997 - INFO - [2022] MISSING_CENTRAL: SR1E2Mu/Central/bjets/2/phi in Skim_TriLep_DYJets10to50.root
2026-06-12 14:34:30,072 - INFO - [2022] MISSING_CENTRAL: SR1E2Mu/Central/bjets/2/phi in Skim_TriLep_WWW.root
2026-06-12 14:34:30,117 - INFO - [2022EE] MISSING_CENTRAL: SR1E2Mu/Central/bjets/2/phi in Skim_TriLep_DYJets.root
2026-06-12 14:34:30,117 - INFO - [2022EE] MISSING_CENTRAL: SR1E2Mu/Central/bjets/2/phi in Skim_TriLep_DYJets10to50.root
2026-06-12 14:34:30,202 - INFO - [2022EE] MISSING_CENTRAL: SR1E2Mu/Central/bjets/2/phi in Skim_TriLep_WWW.root
2026-06-12 14:34:30,260 - INFO - [2023] MISSING_CENTRAL: SR1E2Mu/Central/bjets/2/phi in Skim_TriLep_DYJets10to50.root
2026-06-12 14:34:30,351 - INFO - [2023] MISSING_CENTRAL: SR1E2Mu/Central/bjets/2/phi in Skim_TriLep_WWW.root
2026-06-12 14:34:30,414 - INFO - [2023BPix] MISSING_CENTRAL: SR1E2Mu/Central/bjets/2/phi in Skim_TriLep_DYJets10to50.root
2026-06-12 14:34:30,488 - INFO - [2023BPix] MISSING_CENTRAL: SR1E2Mu/Central/bjets/2/phi in Skim_TriLep_WZTo3LNu_powheg.root
2026-06-12 14:34:30,508 - INFO - [2023BPix] MISSING_CENTRAL: SR1E2Mu/Central/bjets/2/phi in Skim_TriLep_WWW.root
2026-06-18 00:29:13,927 - INFO - [2023] MISSING_CENTRAL: SR1E2Mu/Central/bjets/2/phi in Skim_TriLep_MuonEG_C_v3.root
2026-06-18 00:29:13,940 - INFO - [2022] MISSING_CENTRAL: SR1E2Mu/Central/bjets/2/phi in Skim_TriLep_DYJets.root
2026-06-18 00:29:13,941 - INFO - [2022] MISSING_CENTRAL: SR1E2Mu/Central/bjets/2/phi in Skim_TriLep_DYJets10to50.root
2026-06-18 00:29:14,039 - INFO - [2022] MISSING_CENTRAL: SR1E2Mu/Central/bjets/2/phi in Skim_TriLep_WWW.root
2026-06-18 00:29:14,089 - INFO - [2022EE] MISSING_CENTRAL: SR1E2Mu/Central/bjets/2/phi in Skim_TriLep_DYJets.root
2026-06-18 00:29:14,090 - INFO - [2022EE] MISSING_CENTRAL: SR1E2Mu/Central/bjets/2/phi in Skim_TriLep_DYJets10to50.root
2026-06-18 00:29:14,194 - INFO - [2022EE] MISSING_CENTRAL: SR1E2Mu/Central/bjets/2/phi in Skim_TriLep_WWW.root
2026-06-18 00:29:14,253 - INFO - [2023] MISSING_CENTRAL: SR1E2Mu/Central/bjets/2/phi in Skim_TriLep_DYJets10to50.root
2026-06-18 00:29:14,346 - INFO - [2023] MISSING_CENTRAL: SR1E2Mu/Central/bjets/2/phi in Skim_TriLep_WWW.root
2026-06-18 00:29:14,402 - INFO - [2023BPix] MISSING_CENTRAL: SR1E2Mu/Central/bjets/2/phi in Skim_TriLep_DYJets10to50.root
2026-06-18 00:29:14,480 - INFO - [2023BPix] MISSING_CENTRAL: SR1E2Mu/Central/bjets/2/phi in Skim_TriLep_WZTo3LNu_powheg.root
2026-06-18 00:29:14,501 - INFO - [2023BPix] MISSING_CENTRAL: SR1E2Mu/Central/bjets/2/phi in Skim_TriLep_WWW.root
