2025-09-24 16:10:40,644 - INFO - [2022] MISSING_CENTRAL: SR1E2Mu/Central/pair/eta in Skim_TriLep_DYJets.root
2025-09-24 16:10:40,644 - INFO - [2022] MISSING_CENTRAL: SR1E2Mu/Central/pair/eta in Skim_TriLep_DYJets10to50.root
2025-09-24 16:10:40,654 - INFO - [2022] MISSING_CENTRAL: SR1E2Mu/Central/pair/eta in Skim_TriLep_DYGTo2LG_MLL4to50_PTG200toInf.root
2025-09-24 16:10:40,735 - INFO - [2022] MISSING_CENTRAL: SR1E2Mu/Central/pair/eta in Skim_TriLep_WWW.root
2025-09-24 16:10:40,764 - INFO - [2022EE] MISSING_SYSTEMATIC: SR1E2Mu/JetEn_Down/pair/eta in Skim_TriLep_DYJets.root
2025-09-24 16:10:40,787 - INFO - [2022EE] MISSING_CENTRAL: SR1E2Mu/Central/pair/eta in Skim_TriLep_DYJets10to50.root
2025-09-24 16:10:40,944 - INFO - [2023] MISSING_CENTRAL: SR1E2Mu/Central/pair/eta in Skim_TriLep_DYJets10to50.root
2025-09-24 16:10:41,140 - INFO - [2023BPix] MISSING_CENTRAL: SR1E2Mu/Central/pair/eta in Skim_TriLep_DYJets10to50.root
2025-10-02 21:24:47,980 - INFO - [2022] MISSING_CENTRAL: SR1E2Mu/Central/pair/eta in Skim_TriLep_DYJets.root
2025-10-02 21:24:47,981 - INFO - [2022] MISSING_CENTRAL: SR1E2Mu/Central/pair/eta in Skim_TriLep_DYJets10to50.root
2025-10-02 21:24:48,007 - INFO - [2022] MISSING_CENTRAL: SR1E2Mu/Central/pair/eta in Skim_TriLep_DYGTo2LG_MLL4to50_PTG200toInf.root
2025-10-02 21:24:48,182 - INFO - [2022] MISSING_CENTRAL: SR1E2Mu/Central/pair/eta in Skim_TriLep_WWW.root
2025-10-02 21:24:48,253 - INFO - [2022EE] MISSING_SYSTEMATIC: SR1E2Mu/JetEn_Down/pair/eta in Skim_TriLep_DYJets.root
2025-10-02 21:24:48,260 - INFO - [2022EE] MISSING_CENTRAL: SR1E2Mu/Central/pair/eta in Skim_TriLep_DYJets10to50.root
2025-10-02 21:24:48,535 - INFO - [2023] MISSING_CENTRAL: SR1E2Mu/Central/pair/eta in Skim_TriLep_DYJets10to50.root
2025-10-02 21:24:48,844 - INFO - [2023BPix] MISSING_CENTRAL: SR1E2Mu/Central/pair/eta in Skim_TriLep_DYJets10to50.root
2025-10-03 00:45:07,569 - INFO - [2022] MISSING_CENTRAL: SR1E2Mu/Central/pair/eta in Skim_TriLep_DYJets.root
2025-10-03 00:45:07,571 - INFO - [2022] MISSING_CENTRAL: SR1E2Mu/Central/pair/eta in Skim_TriLep_DYJets10to50.root
2025-10-03 00:45:07,598 - INFO - [2022] MISSING_CENTRAL: SR1E2Mu/Central/pair/eta in Skim_TriLep_DYGTo2LG_MLL4to50_PTG200toInf.root
2025-10-03 00:45:07,774 - INFO - [2022] MISSING_CENTRAL: SR1E2Mu/Central/pair/eta in Skim_TriLep_WWW.root
2025-10-03 00:45:07,861 - INFO - [2022EE] MISSING_SYSTEMATIC: SR1E2Mu/JetEn_Down/pair/eta in Skim_TriLep_DYJets.root
2025-10-03 00:45:07,869 - INFO - [2022EE] MISSING_CENTRAL: SR1E2Mu/Central/pair/eta in Skim_TriLep_DYJets10to50.root
2025-10-03 00:45:08,241 - INFO - [2023] MISSING_CENTRAL: SR1E2Mu/Central/pair/eta in Skim_TriLep_DYJets10to50.root
2025-10-03 00:45:08,774 - INFO - [2023BPix] MISSING_CENTRAL: SR1E2Mu/Central/pair/eta in Skim_TriLep_DYJets10to50.root
2025-11-07 13:15:24,073 - INFO - [2022] MISSING_FILE: /home/choij/Sync/workspace/ChargedHiggsAnalysisV3/SKNanoOutput/PromptSelector/Run1E2Mu/2022/Skim_TriLep_MuonEG_C.root
2025-11-07 13:15:24,073 - INFO - [2022] MISSING_FILE: /home/choij/Sync/workspace/ChargedHiggsAnalysisV3/SKNanoOutput/PromptSelector/Run1E2Mu/2022/Skim_TriLep_MuonEG_D.root
2025-11-07 13:15:24,073 - INFO - [2022EE] MISSING_FILE: /home/choij/Sync/workspace/ChargedHiggsAnalysisV3/SKNanoOutput/PromptSelector/Run1E2Mu/2022EE/Skim_TriLep_MuonEG_E.root
2025-11-07 13:15:24,073 - INFO - [2022EE] MISSING_FILE: /home/choij/Sync/workspace/ChargedHiggsAnalysisV3/SKNanoOutput/PromptSelector/Run1E2Mu/2022EE/Skim_TriLep_MuonEG_F.root
2025-11-07 13:15:24,073 - INFO - [2022EE] MISSING_FILE: /home/choij/Sync/workspace/ChargedHiggsAnalysisV3/SKNanoOutput/PromptSelector/Run1E2Mu/2022EE/Skim_TriLep_MuonEG_G.root
2025-11-07 13:15:24,073 - INFO - [2023] MISSING_FILE: /home/choij/Sync/workspace/ChargedHiggsAnalysisV3/SKNanoOutput/PromptSelector/Run1E2Mu/2023/Skim_TriLep_MuonEG_C_v1.root
2025-11-07 13:15:24,073 - INFO - [2023] MISSING_FILE: /home/choij/Sync/workspace/ChargedHiggsAnalysisV3/SKNanoOutput/PromptSelector/Run1E2Mu/2023/Skim_TriLep_MuonEG_C_v2.root
2025-11-07 13:15:24,073 - INFO - [2023] MISSING_FILE: /home/choij/Sync/workspace/ChargedHiggsAnalysisV3/SKNanoOutput/PromptSelector/Run1E2Mu/2023/Skim_TriLep_MuonEG_C_v3.root
2025-11-07 13:15:24,073 - INFO - [2023] MISSING_FILE: /home/choij/Sync/workspace/ChargedHiggsAnalysisV3/SKNanoOutput/PromptSelector/Run1E2Mu/2023/Skim_TriLep_MuonEG_C_v4.root
2025-11-07 13:15:24,073 - INFO - [2023BPix] MISSING_FILE: /home/choij/Sync/workspace/ChargedHiggsAnalysisV3/SKNanoOutput/PromptSelector/Run1E2Mu/2023BPix/Skim_TriLep_MuonEG_D_v1.root
2025-11-07 13:15:24,073 - INFO - [2023BPix] MISSING_FILE: /home/choij/Sync/workspace/ChargedHiggsAnalysisV3/SKNanoOutput/PromptSelector/Run1E2Mu/2023BPix/Skim_TriLep_MuonEG_D_v2.root
2025-11-07 14:12:54,906 - INFO - [2022] MISSING_FILE: /home/choij/Sync/workspace/ChargedHiggsAnalysisV3/SKNanoOutput/PromptSelector/Run1E2Mu/2022/Skim_TriLep_MuonEG_C.root
2025-11-07 14:12:54,909 - INFO - [2022] MISSING_FILE: /home/choij/Sync/workspace/ChargedHiggsAnalysisV3/SKNanoOutput/PromptSelector/Run1E2Mu/2022/Skim_TriLep_MuonEG_D.root
2025-11-07 14:12:54,909 - INFO - [2022EE] MISSING_FILE: /home/choij/Sync/workspace/ChargedHiggsAnalysisV3/SKNanoOutput/PromptSelector/Run1E2Mu/2022EE/Skim_TriLep_MuonEG_E.root
2025-11-07 14:12:54,909 - INFO - [2022EE] MISSING_FILE: /home/choij/Sync/workspace/ChargedHiggsAnalysisV3/SKNanoOutput/PromptSelector/Run1E2Mu/2022EE/Skim_TriLep_MuonEG_F.root
2025-11-07 14:12:54,909 - INFO - [2022EE] MISSING_FILE: /home/choij/Sync/workspace/ChargedHiggsAnalysisV3/SKNanoOutput/PromptSelector/Run1E2Mu/2022EE/Skim_TriLep_MuonEG_G.root
2025-11-07 14:12:54,909 - INFO - [2023] MISSING_FILE: /home/choij/Sync/workspace/ChargedHiggsAnalysisV3/SKNanoOutput/PromptSelector/Run1E2Mu/2023/Skim_TriLep_MuonEG_C_v1.root
2025-11-07 14:12:54,910 - INFO - [2023] MISSING_FILE: /home/choij/Sync/workspace/ChargedHiggsAnalysisV3/SKNanoOutput/PromptSelector/Run1E2Mu/2023/Skim_TriLep_MuonEG_C_v2.root
2025-11-07 14:12:54,910 - INFO - [2023] MISSING_FILE: /home/choij/Sync/workspace/ChargedHiggsAnalysisV3/SKNanoOutput/PromptSelector/Run1E2Mu/2023/Skim_TriLep_MuonEG_C_v3.root
2025-11-07 14:12:54,910 - INFO - [2023] MISSING_FILE: /home/choij/Sync/workspace/ChargedHiggsAnalysisV3/SKNanoOutput/PromptSelector/Run1E2Mu/2023/Skim_TriLep_MuonEG_C_v4.root
2025-11-07 14:12:54,910 - INFO - [2023BPix] MISSING_FILE: /home/choij/Sync/workspace/ChargedHiggsAnalysisV3/SKNanoOutput/PromptSelector/Run1E2Mu/2023BPix/Skim_TriLep_MuonEG_D_v1.root
2025-11-07 14:12:54,910 - INFO - [2023BPix] MISSING_FILE: /home/choij/Sync/workspace/ChargedHiggsAnalysisV3/SKNanoOutput/PromptSelector/Run1E2Mu/2023BPix/Skim_TriLep_MuonEG_D_v2.root
2025-11-10 12:29:43,773 - INFO - [2022] MISSING_CENTRAL: SR1E2Mu/Central/pair/eta in Skim_TriLep_DYJets.root
2025-11-10 12:29:43,773 - INFO - [2022] MISSING_CENTRAL: SR1E2Mu/Central/pair/eta in Skim_TriLep_DYJets10to50.root
2025-11-10 12:29:43,790 - INFO - [2022] MISSING_CENTRAL: SR1E2Mu/Central/pair/eta in Skim_TriLep_DYGTo2LG_MLL4to50_PTG200toInf.root
2025-11-10 12:29:43,927 - INFO - [2022] MISSING_CENTRAL: SR1E2Mu/Central/pair/eta in Skim_TriLep_WWW.root
2025-11-10 12:29:43,980 - INFO - [2022EE] MISSING_SYSTEMATIC: SR1E2Mu/JetEn_Down/pair/eta in Skim_TriLep_DYJets.root
2025-11-10 12:29:43,985 - INFO - [2022EE] MISSING_CENTRAL: SR1E2Mu/Central/pair/eta in Skim_TriLep_DYJets10to50.root
2025-11-10 12:29:44,173 - INFO - [2023] MISSING_CENTRAL: SR1E2Mu/Central/pair/eta in Skim_TriLep_DYJets10to50.root
2025-11-10 12:29:44,455 - INFO - [2023BPix] MISSING_CENTRAL: SR1E2Mu/Central/pair/eta in Skim_TriLep_DYJets10to50.root
2025-11-13 11:20:04,003 - INFO - [2022] MISSING_CENTRAL: SR1E2Mu/Central/pair/eta in Skim_TriLep_DYJets.root
2025-11-13 11:20:04,004 - INFO - [2022] MISSING_CENTRAL: SR1E2Mu/Central/pair/eta in Skim_TriLep_DYJets10to50.root
2025-11-13 11:20:04,039 - INFO - [2022] MISSING_CENTRAL: SR1E2Mu/Central/pair/eta in Skim_TriLep_DYGTo2LG_MLL4to50_PTG200toInf.root
2025-11-13 11:20:04,191 - INFO - [2022] MISSING_CENTRAL: SR1E2Mu/Central/pair/eta in Skim_TriLep_WWW.root
2025-11-13 11:20:04,256 - INFO - [2022EE] MISSING_SYSTEMATIC: SR1E2Mu/JetEn_Down/pair/eta in Skim_TriLep_DYJets.root
2025-11-13 11:20:04,263 - INFO - [2022EE] MISSING_CENTRAL: SR1E2Mu/Central/pair/eta in Skim_TriLep_DYJets10to50.root
2025-11-13 11:20:04,538 - INFO - [2023] MISSING_CENTRAL: SR1E2Mu/Central/pair/eta in Skim_TriLep_DYJets10to50.root
2025-11-13 11:20:04,862 - INFO - [2023BPix] MISSING_CENTRAL: SR1E2Mu/Central/pair/eta in Skim_TriLep_DYJets10to50.root
2025-11-19 16:32:11,271 - INFO - [2022] MISSING_CENTRAL: SR1E2Mu/Central/pair/eta in Skim_TriLep_DYJets.root
2025-11-19 16:32:11,271 - INFO - [2022] MISSING_CENTRAL: SR1E2Mu/Central/pair/eta in Skim_TriLep_DYJets10to50.root
2025-11-19 16:32:11,287 - INFO - [2022] MISSING_CENTRAL: SR1E2Mu/Central/pair/eta in Skim_TriLep_DYGTo2LG_MLL4to50_PTG200toInf.root
2025-11-19 16:32:11,436 - INFO - [2022] MISSING_CENTRAL: SR1E2Mu/Central/pair/eta in Skim_TriLep_WWW.root
2025-11-19 16:32:11,537 - INFO - [2022EE] MISSING_SYSTEMATIC: SR1E2Mu/JetEn_Down/pair/eta in Skim_TriLep_DYJets.root
2025-11-19 16:32:11,542 - INFO - [2022EE] MISSING_CENTRAL: SR1E2Mu/Central/pair/eta in Skim_TriLep_DYJets10to50.root
2025-11-19 16:32:11,718 - INFO - [2023] MISSING_CENTRAL: SR1E2Mu/Central/pair/eta in Skim_TriLep_DYJets10to50.root
2025-11-19 16:32:11,943 - INFO - [2023BPix] MISSING_CENTRAL: SR1E2Mu/Central/pair/eta in Skim_TriLep_DYJets10to50.root
2025-12-17 22:47:04,957 - INFO - [2022] MISSING_CENTRAL: SR1E2Mu/Central/pair/eta in Skim_TriLep_DYJets10to50.root
2025-12-17 22:47:05,084 - INFO - [2022] MISSING_CENTRAL: SR1E2Mu/Central/pair/eta in Skim_TriLep_WWW.root
2025-12-17 22:47:05,169 - INFO - [2022EE] MISSING_CENTRAL: SR1E2Mu/Central/pair/eta in Skim_TriLep_DYJets10to50.root
2025-12-17 22:47:05,405 - INFO - [2023] MISSING_CENTRAL: SR1E2Mu/Central/pair/eta in Skim_TriLep_DYJets10to50.root
2025-12-17 22:47:05,645 - INFO - [2023BPix] MISSING_CENTRAL: SR1E2Mu/Central/pair/eta in Skim_TriLep_DYJets10to50.root
2025-12-18 14:48:58,348 - INFO - [2022] MISSING_CENTRAL: SR1E2Mu/Central/pair/eta in Skim_TriLep_DYJets10to50.root
2025-12-18 14:48:58,633 - INFO - [2022] MISSING_CENTRAL: SR1E2Mu/Central/pair/eta in Skim_TriLep_WWW.root
2025-12-18 14:48:58,765 - INFO - [2022EE] MISSING_CENTRAL: SR1E2Mu/Central/pair/eta in Skim_TriLep_DYJets10to50.root
2025-12-18 14:48:59,306 - INFO - [2023] MISSING_CENTRAL: SR1E2Mu/Central/pair/eta in Skim_TriLep_DYJets10to50.root
2025-12-18 14:48:59,678 - INFO - [2023BPix] MISSING_CENTRAL: SR1E2Mu/Central/pair/eta in Skim_TriLep_DYJets10to50.root
2026-01-07 11:57:15,377 - INFO - [2022] MISSING_CENTRAL: SR1E2Mu/Central/pair/eta in Skim_TriLep_DYJets10to50.root
2026-01-07 11:57:15,504 - INFO - [2022] MISSING_CENTRAL: SR1E2Mu/Central/pair/eta in Skim_TriLep_WWW.root
2026-01-07 11:57:15,591 - INFO - [2022EE] MISSING_CENTRAL: SR1E2Mu/Central/pair/eta in Skim_TriLep_DYJets10to50.root
2026-01-07 11:57:15,838 - INFO - [2023] MISSING_CENTRAL: SR1E2Mu/Central/pair/eta in Skim_TriLep_DYJets10to50.root
2026-01-07 11:57:16,072 - INFO - [2023BPix] MISSING_CENTRAL: SR1E2Mu/Central/pair/eta in Skim_TriLep_DYJets10to50.root
2026-01-07 18:53:53,649 - INFO - [2022] MISSING_CENTRAL: SR1E2Mu/Central/pair/eta in Skim_TriLep_DYJets10to50.root
2026-01-07 18:53:53,789 - INFO - [2022] MISSING_CENTRAL: SR1E2Mu/Central/pair/eta in Skim_TriLep_WWW.root
2026-01-07 18:53:53,950 - INFO - [2022EE] MISSING_CENTRAL: SR1E2Mu/Central/pair/eta in Skim_TriLep_DYJets10to50.root
2026-01-07 18:53:54,173 - INFO - [2023] MISSING_CENTRAL: SR1E2Mu/Central/pair/eta in Skim_TriLep_DYJets10to50.root
2026-01-07 18:53:54,394 - INFO - [2023BPix] MISSING_CENTRAL: SR1E2Mu/Central/pair/eta in Skim_TriLep_DYJets10to50.root
2026-01-07 19:31:45,646 - INFO - [2022] MISSING_CENTRAL: SR1E2Mu/Central/pair/eta in Skim_TriLep_DYJets10to50.root
2026-01-07 19:31:45,768 - INFO - [2022] MISSING_CENTRAL: SR1E2Mu/Central/pair/eta in Skim_TriLep_WWW.root
2026-01-07 19:31:45,853 - INFO - [2022EE] MISSING_CENTRAL: SR1E2Mu/Central/pair/eta in Skim_TriLep_DYJets10to50.root
2026-01-07 19:31:46,082 - INFO - [2023] MISSING_CENTRAL: SR1E2Mu/Central/pair/eta in Skim_TriLep_DYJets10to50.root
2026-01-07 19:31:46,343 - INFO - [2023BPix] MISSING_CENTRAL: SR1E2Mu/Central/pair/eta in Skim_TriLep_DYJets10to50.root
2026-01-09 12:29:14,886 - INFO - [2022] MISSING_CENTRAL: SR1E2Mu/Central/pair/eta in Skim_TriLep_DYJets10to50.root
2026-01-09 12:29:14,950 - INFO - [2022] MISSING_CENTRAL: SR1E2Mu/Central/pair/eta in Skim_TriLep_WWW.root
2026-01-09 12:29:14,995 - INFO - [2022EE] MISSING_CENTRAL: SR1E2Mu/Central/pair/eta in Skim_TriLep_DYJets10to50.root
2026-01-09 12:29:15,195 - INFO - [2023] MISSING_CENTRAL: SR1E2Mu/Central/pair/eta in Skim_TriLep_DYJets10to50.root
2026-01-09 12:29:15,324 - INFO - [2023BPix] MISSING_CENTRAL: SR1E2Mu/Central/pair/eta in Skim_TriLep_DYJets10to50.root
2026-01-11 09:49:14,889 - INFO - [2022] MISSING_CENTRAL: SR1E2Mu/Central/pair/eta in Skim_TriLep_DYJets10to50.root
2026-01-11 09:49:14,960 - INFO - [2022] MISSING_CENTRAL: SR1E2Mu/Central/pair/eta in Skim_TriLep_WWW.root
2026-01-11 09:49:15,013 - INFO - [2022EE] MISSING_CENTRAL: SR1E2Mu/Central/pair/eta in Skim_TriLep_DYJets10to50.root
2026-01-11 09:49:15,159 - INFO - [2023] MISSING_CENTRAL: SR1E2Mu/Central/pair/eta in Skim_TriLep_DYJets10to50.root
2026-01-11 09:49:15,357 - INFO - [2023BPix] MISSING_CENTRAL: SR1E2Mu/Central/pair/eta in Skim_TriLep_DYJets10to50.root
2026-01-12 13:58:11,791 - INFO - [2022] MISSING_FILE: /home/choij/Sync/workspace/ChargedHiggsAnalysisV3/SKNanoOutput/MatrixSelector/Run1E2Mu/2022/Skim_TriLep_MuonEG_C.root
2026-01-12 13:58:11,792 - INFO - [2022] MISSING_FILE: /home/choij/Sync/workspace/ChargedHiggsAnalysisV3/SKNanoOutput/MatrixSelector/Run1E2Mu/2022/Skim_TriLep_MuonEG_D.root
2026-01-12 13:58:11,814 - INFO - [2022] MISSING_CENTRAL: SR1E2Mu/Central/pair/eta in Skim_TriLep_DYJets10to50.root
2026-01-12 13:58:11,889 - INFO - [2022] MISSING_CENTRAL: SR1E2Mu/Central/pair/eta in Skim_TriLep_WWW.root
2026-01-12 13:58:11,927 - INFO - [2022EE] MISSING_FILE: /home/choij/Sync/workspace/ChargedHiggsAnalysisV3/SKNanoOutput/MatrixSelector/Run1E2Mu/2022EE/Skim_TriLep_MuonEG_E.root
2026-01-12 13:58:11,928 - INFO - [2022EE] MISSING_FILE: /home/choij/Sync/workspace/ChargedHiggsAnalysisV3/SKNanoOutput/MatrixSelector/Run1E2Mu/2022EE/Skim_TriLep_MuonEG_F.root
2026-01-12 13:58:11,928 - INFO - [2022EE] MISSING_FILE: /home/choij/Sync/workspace/ChargedHiggsAnalysisV3/SKNanoOutput/MatrixSelector/Run1E2Mu/2022EE/Skim_TriLep_MuonEG_G.root
2026-01-12 13:58:11,935 - INFO - [2022EE] MISSING_CENTRAL: SR1E2Mu/Central/pair/eta in Skim_TriLep_DYJets10to50.root
2026-01-12 13:58:12,051 - INFO - [2023] MISSING_FILE: /home/choij/Sync/workspace/ChargedHiggsAnalysisV3/SKNanoOutput/MatrixSelector/Run1E2Mu/2023/Skim_TriLep_MuonEG_C_v1.root
2026-01-12 13:58:12,051 - INFO - [2023] MISSING_FILE: /home/choij/Sync/workspace/ChargedHiggsAnalysisV3/SKNanoOutput/MatrixSelector/Run1E2Mu/2023/Skim_TriLep_MuonEG_C_v2.root
2026-01-12 13:58:12,051 - INFO - [2023] MISSING_FILE: /home/choij/Sync/workspace/ChargedHiggsAnalysisV3/SKNanoOutput/MatrixSelector/Run1E2Mu/2023/Skim_TriLep_MuonEG_C_v3.root
2026-01-12 13:58:12,051 - INFO - [2023] MISSING_FILE: /home/choij/Sync/workspace/ChargedHiggsAnalysisV3/SKNanoOutput/MatrixSelector/Run1E2Mu/2023/Skim_TriLep_MuonEG_C_v4.root
2026-01-12 13:58:12,058 - INFO - [2023] MISSING_CENTRAL: SR1E2Mu/Central/pair/eta in Skim_TriLep_DYJets10to50.root
2026-01-12 13:58:12,181 - INFO - [2023BPix] MISSING_FILE: /home/choij/Sync/workspace/ChargedHiggsAnalysisV3/SKNanoOutput/MatrixSelector/Run1E2Mu/2023BPix/Skim_TriLep_MuonEG_D_v1.root
2026-01-12 13:58:12,181 - INFO - [2023BPix] MISSING_FILE: /home/choij/Sync/workspace/ChargedHiggsAnalysisV3/SKNanoOutput/MatrixSelector/Run1E2Mu/2023BPix/Skim_TriLep_MuonEG_D_v2.root
2026-01-12 13:58:12,189 - INFO - [2023BPix] MISSING_CENTRAL: SR1E2Mu/Central/pair/eta in Skim_TriLep_DYJets10to50.root
2026-01-16 19:12:43,969 - INFO - [2022] MISSING_CENTRAL: SR1E2Mu/Central/pair/eta in Skim_TriLep_DYJets10to50.root
2026-01-16 19:12:44,039 - INFO - [2022] MISSING_CENTRAL: SR1E2Mu/Central/pair/eta in Skim_TriLep_WWW.root
2026-01-16 19:12:44,088 - INFO - [2022EE] MISSING_CENTRAL: SR1E2Mu/Central/pair/eta in Skim_TriLep_DYJets10to50.root
2026-01-16 19:12:44,226 - INFO - [2023] MISSING_CENTRAL: SR1E2Mu/Central/pair/eta in Skim_TriLep_DYJets10to50.root
2026-01-16 19:12:44,378 - INFO - [2023BPix] MISSING_CENTRAL: SR1E2Mu/Central/pair/eta in Skim_TriLep_DYJets10to50.root
2026-01-21 13:02:01,956 - INFO - [2022] MISSING_CENTRAL: SR1E2Mu/Central/pair/eta in Skim_TriLep_DYJets10to50.root
2026-01-21 13:02:02,025 - INFO - [2022] MISSING_CENTRAL: SR1E2Mu/Central/pair/eta in Skim_TriLep_WWW.root
2026-01-21 13:02:02,072 - INFO - [2022EE] MISSING_CENTRAL: SR1E2Mu/Central/pair/eta in Skim_TriLep_DYJets10to50.root
2026-01-21 13:02:02,208 - INFO - [2023] MISSING_CENTRAL: SR1E2Mu/Central/pair/eta in Skim_TriLep_DYJets10to50.root
2026-01-21 13:02:02,349 - INFO - [2023BPix] MISSING_CENTRAL: SR1E2Mu/Central/pair/eta in Skim_TriLep_DYJets10to50.root
2026-01-21 14:50:30,575 - INFO - [2022] MISSING_CENTRAL: SR1E2Mu/Central/pair/eta in Skim_TriLep_DYJets10to50.root
2026-01-21 14:50:30,646 - INFO - [2022] MISSING_CENTRAL: SR1E2Mu/Central/pair/eta in Skim_TriLep_WWW.root
2026-01-21 14:50:30,694 - INFO - [2022EE] MISSING_CENTRAL: SR1E2Mu/Central/pair/eta in Skim_TriLep_DYJets10to50.root
2026-01-21 14:50:30,830 - INFO - [2023] MISSING_CENTRAL: SR1E2Mu/Central/pair/eta in Skim_TriLep_DYJets10to50.root
2026-01-21 14:50:30,961 - INFO - [2023BPix] MISSING_CENTRAL: SR1E2Mu/Central/pair/eta in Skim_TriLep_DYJets10to50.root
2026-01-28 17:09:32,577 - INFO - [2022] MISSING_CENTRAL: SR1E2Mu/Central/pair/eta in Skim_TriLep_DYJets10to50.root
2026-01-28 17:09:32,642 - INFO - [2022] MISSING_CENTRAL: SR1E2Mu/Central/pair/eta in Skim_TriLep_WWW.root
2026-01-28 17:09:32,685 - INFO - [2022EE] MISSING_CENTRAL: SR1E2Mu/Central/pair/eta in Skim_TriLep_DYJets10to50.root
2026-01-28 17:09:32,803 - INFO - [2023] MISSING_CENTRAL: SR1E2Mu/Central/pair/eta in Skim_TriLep_DYJets10to50.root
2026-01-28 17:09:32,935 - INFO - [2023BPix] MISSING_CENTRAL: SR1E2Mu/Central/pair/eta in Skim_TriLep_DYJets10to50.root
2026-01-28 17:30:02,613 - INFO - [2022] MISSING_CENTRAL: SR1E2Mu/Central/pair/eta in Skim_TriLep_DYJets10to50.root
2026-01-28 17:30:02,698 - INFO - [2022] MISSING_CENTRAL: SR1E2Mu/Central/pair/eta in Skim_TriLep_WWW.root
2026-01-28 17:30:02,736 - INFO - [2022EE] MISSING_CENTRAL: SR1E2Mu/Central/pair/eta in Skim_TriLep_DYJets10to50.root
2026-01-28 17:30:02,845 - INFO - [2023] MISSING_CENTRAL: SR1E2Mu/Central/pair/eta in Skim_TriLep_DYJets10to50.root
2026-01-28 17:30:02,959 - INFO - [2023BPix] MISSING_CENTRAL: SR1E2Mu/Central/pair/eta in Skim_TriLep_DYJets10to50.root
2026-01-28 20:03:53,812 - INFO - [2022] MISSING_CENTRAL: SR1E2Mu/Central/pair/eta in Skim_TriLep_DYJets10to50.root
2026-01-28 20:03:53,893 - INFO - [2022] MISSING_CENTRAL: SR1E2Mu/Central/pair/eta in Skim_TriLep_WWW.root
2026-01-28 20:03:53,932 - INFO - [2022EE] MISSING_CENTRAL: SR1E2Mu/Central/pair/eta in Skim_TriLep_DYJets10to50.root
2026-01-28 20:03:54,053 - INFO - [2023] MISSING_CENTRAL: SR1E2Mu/Central/pair/eta in Skim_TriLep_DYJets10to50.root
2026-01-28 20:03:54,160 - INFO - [2023BPix] MISSING_CENTRAL: SR1E2Mu/Central/pair/eta in Skim_TriLep_DYJets10to50.root
2026-01-29 07:20:16,784 - INFO - [2022] MISSING_CENTRAL: SR1E2Mu/Central/pair/eta in Skim_TriLep_DYJets10to50.root
2026-01-29 07:20:16,858 - INFO - [2022] MISSING_CENTRAL: SR1E2Mu/Central/pair/eta in Skim_TriLep_WWW.root
2026-01-29 07:20:16,905 - INFO - [2022EE] MISSING_CENTRAL: SR1E2Mu/Central/pair/eta in Skim_TriLep_DYJets10to50.root
2026-01-29 07:20:17,042 - INFO - [2023] MISSING_CENTRAL: SR1E2Mu/Central/pair/eta in Skim_TriLep_DYJets10to50.root
2026-01-29 07:20:17,166 - INFO - [2023BPix] MISSING_CENTRAL: SR1E2Mu/Central/pair/eta in Skim_TriLep_DYJets10to50.root
2026-03-06 09:45:09,868 - INFO - [2022] MISSING_CENTRAL: SR1E2Mu/Central/pair/eta in Skim_TriLep_DYJets10to50.root
2026-03-06 09:45:09,941 - INFO - [2022] MISSING_CENTRAL: SR1E2Mu/Central/pair/eta in Skim_TriLep_WWW.root
2026-03-06 09:45:09,989 - INFO - [2022EE] MISSING_CENTRAL: SR1E2Mu/Central/pair/eta in Skim_TriLep_DYJets10to50.root
2026-03-06 09:45:10,117 - INFO - [2023] MISSING_CENTRAL: SR1E2Mu/Central/pair/eta in Skim_TriLep_DYJets10to50.root
2026-03-06 09:45:10,241 - INFO - [2023BPix] MISSING_CENTRAL: SR1E2Mu/Central/pair/eta in Skim_TriLep_DYJets10to50.root
2026-03-06 19:50:55,548 - INFO - [2022] MISSING_CENTRAL: SR1E2Mu/Central/pair/eta in Skim_TriLep_DYJets10to50.root
2026-03-06 19:50:55,620 - INFO - [2022] MISSING_CENTRAL: SR1E2Mu/Central/pair/eta in Skim_TriLep_WWW.root
2026-03-06 19:50:55,668 - INFO - [2022EE] MISSING_CENTRAL: SR1E2Mu/Central/pair/eta in Skim_TriLep_DYJets10to50.root
2026-03-06 19:50:55,801 - INFO - [2023] MISSING_CENTRAL: SR1E2Mu/Central/pair/eta in Skim_TriLep_DYJets10to50.root
2026-03-06 19:50:55,938 - INFO - [2023BPix] MISSING_CENTRAL: SR1E2Mu/Central/pair/eta in Skim_TriLep_DYJets10to50.root
2026-04-10 20:25:49,579 - INFO - [2022] MISSING_CENTRAL: SR1E2Mu/Central/pair/eta in Skim_TriLep_DYJets10to50.root
2026-04-10 20:25:49,657 - INFO - [2022] MISSING_CENTRAL: SR1E2Mu/Central/pair/eta in Skim_TriLep_WWW.root
2026-04-10 20:25:49,709 - INFO - [2022EE] MISSING_CENTRAL: SR1E2Mu/Central/pair/eta in Skim_TriLep_DYJets10to50.root
2026-04-10 20:25:49,846 - INFO - [2023] MISSING_CENTRAL: SR1E2Mu/Central/pair/eta in Skim_TriLep_DYJets10to50.root
2026-04-10 20:25:49,935 - INFO - [2023BPix] MISSING_CENTRAL: SR1E2Mu/Central/pair/eta in Skim_TriLep_DYJets10to50.root
2026-04-12 11:41:14,638 - INFO - [2022] MISSING_CENTRAL: SR1E2Mu/Central/pair/eta in Skim_TriLep_DYJets10to50.root
2026-04-12 11:41:14,718 - INFO - [2022] MISSING_CENTRAL: SR1E2Mu/Central/pair/eta in Skim_TriLep_WWW.root
2026-04-12 11:41:14,766 - INFO - [2022EE] MISSING_CENTRAL: SR1E2Mu/Central/pair/eta in Skim_TriLep_DYJets10to50.root
2026-04-12 11:41:14,895 - INFO - [2023] MISSING_CENTRAL: SR1E2Mu/Central/pair/eta in Skim_TriLep_DYJets10to50.root
2026-04-12 11:41:14,993 - INFO - [2023BPix] MISSING_CENTRAL: SR1E2Mu/Central/pair/eta in Skim_TriLep_DYJets10to50.root
2026-04-12 12:22:54,716 - INFO - [2022] MISSING_CENTRAL: SR1E2Mu/Central/pair/eta in Skim_TriLep_DYJets10to50.root
2026-04-12 12:22:54,792 - INFO - [2022] MISSING_CENTRAL: SR1E2Mu/Central/pair/eta in Skim_TriLep_WWW.root
2026-04-12 12:22:54,842 - INFO - [2022EE] MISSING_CENTRAL: SR1E2Mu/Central/pair/eta in Skim_TriLep_DYJets10to50.root
2026-04-12 12:22:54,978 - INFO - [2023] MISSING_CENTRAL: SR1E2Mu/Central/pair/eta in Skim_TriLep_DYJets10to50.root
2026-04-12 12:22:55,116 - INFO - [2023BPix] MISSING_CENTRAL: SR1E2Mu/Central/pair/eta in Skim_TriLep_DYJets10to50.root
2026-04-12 12:42:34,078 - INFO - [2022] MISSING_CENTRAL: SR1E2Mu/Central/pair/eta in Skim_TriLep_DYJets10to50.root
2026-04-12 12:42:34,156 - INFO - [2022] MISSING_CENTRAL: SR1E2Mu/Central/pair/eta in Skim_TriLep_WWW.root
2026-04-12 12:42:34,205 - INFO - [2022EE] MISSING_CENTRAL: SR1E2Mu/Central/pair/eta in Skim_TriLep_DYJets10to50.root
2026-04-12 12:42:34,329 - INFO - [2023] MISSING_CENTRAL: SR1E2Mu/Central/pair/eta in Skim_TriLep_DYJets10to50.root
2026-04-12 12:42:34,419 - INFO - [2023BPix] MISSING_CENTRAL: SR1E2Mu/Central/pair/eta in Skim_TriLep_DYJets10to50.root
2026-04-12 20:50:44,456 - INFO - [2022] MISSING_CENTRAL: SR1E2Mu/Central/pair/eta in Skim_TriLep_DYJets10to50.root
2026-04-12 20:50:44,535 - INFO - [2022] MISSING_CENTRAL: SR1E2Mu/Central/pair/eta in Skim_TriLep_WWW.root
2026-04-12 20:50:44,585 - INFO - [2022EE] MISSING_CENTRAL: SR1E2Mu/Central/pair/eta in Skim_TriLep_DYJets10to50.root
2026-04-12 20:50:44,750 - INFO - [2023] MISSING_CENTRAL: SR1E2Mu/Central/pair/eta in Skim_TriLep_DYJets10to50.root
2026-04-12 20:50:44,885 - INFO - [2023BPix] MISSING_CENTRAL: SR1E2Mu/Central/pair/eta in Skim_TriLep_DYJets10to50.root
2026-04-12 21:22:18,617 - INFO - [2022] MISSING_CENTRAL: SR1E2Mu/Central/pair/eta in Skim_TriLep_DYJets10to50.root
2026-04-12 21:22:18,690 - INFO - [2022] MISSING_CENTRAL: SR1E2Mu/Central/pair/eta in Skim_TriLep_WWW.root
2026-04-12 21:22:18,740 - INFO - [2022EE] MISSING_CENTRAL: SR1E2Mu/Central/pair/eta in Skim_TriLep_DYJets10to50.root
2026-04-12 21:22:18,875 - INFO - [2023] MISSING_CENTRAL: SR1E2Mu/Central/pair/eta in Skim_TriLep_DYJets10to50.root
2026-04-12 21:22:19,012 - INFO - [2023BPix] MISSING_CENTRAL: SR1E2Mu/Central/pair/eta in Skim_TriLep_DYJets10to50.root
2026-04-13 13:00:08,555 - INFO - [2022] MISSING_CENTRAL: SR1E2Mu/Central/pair/eta in Skim_TriLep_DYJets10to50.root
2026-04-13 13:00:08,639 - INFO - [2022] MISSING_CENTRAL: SR1E2Mu/Central/pair/eta in Skim_TriLep_WWW.root
2026-04-13 13:00:08,693 - INFO - [2022EE] MISSING_CENTRAL: SR1E2Mu/Central/pair/eta in Skim_TriLep_DYJets10to50.root
2026-04-13 13:00:08,797 - INFO - [2023] MISSING_CENTRAL: SR1E2Mu/Central/pair/eta in Skim_TriLep_DYJets10to50.root
2026-04-13 13:00:08,900 - INFO - [2023BPix] MISSING_CENTRAL: SR1E2Mu/Central/pair/eta in Skim_TriLep_DYJets10to50.root
2026-04-16 17:32:24,537 - INFO - [2022] MISSING_CENTRAL: SR1E2Mu/Central/pair/eta in Skim_TriLep_DYJets10to50.root
2026-04-16 17:32:24,622 - INFO - [2022] MISSING_CENTRAL: SR1E2Mu/Central/pair/eta in Skim_TriLep_WWW.root
2026-04-16 17:32:24,679 - INFO - [2022EE] MISSING_CENTRAL: SR1E2Mu/Central/pair/eta in Skim_TriLep_DYJets10to50.root
2026-04-16 17:32:24,834 - INFO - [2023] MISSING_CENTRAL: SR1E2Mu/Central/pair/eta in Skim_TriLep_DYJets10to50.root
2026-04-16 17:32:24,940 - INFO - [2023BPix] MISSING_CENTRAL: SR1E2Mu/Central/pair/eta in Skim_TriLep_DYJets10to50.root
2026-04-16 17:42:40,010 - INFO - [2022] MISSING_CENTRAL: SR1E2Mu/Central/pair/eta in Skim_TriLep_DYJets10to50.root
2026-04-16 17:42:40,094 - INFO - [2022] MISSING_CENTRAL: SR1E2Mu/Central/pair/eta in Skim_TriLep_WWW.root
2026-04-16 17:42:40,130 - INFO - [2022EE] MISSING_CENTRAL: SR1E2Mu/Central/pair/eta in Skim_TriLep_DYJets10to50.root
2026-04-16 17:42:40,263 - INFO - [2023] MISSING_CENTRAL: SR1E2Mu/Central/pair/eta in Skim_TriLep_DYJets10to50.root
2026-04-16 17:42:40,391 - INFO - [2023BPix] MISSING_CENTRAL: SR1E2Mu/Central/pair/eta in Skim_TriLep_DYJets10to50.root
2026-04-28 15:13:04,197 - INFO - [2022] MISSING_CENTRAL: SR1E2Mu/Central/pair/eta in Skim_TriLep_DYJets10to50.root
2026-04-28 15:13:04,279 - INFO - [2022] MISSING_CENTRAL: SR1E2Mu/Central/pair/eta in Skim_TriLep_WWW.root
2026-04-28 15:13:04,332 - INFO - [2022EE] MISSING_CENTRAL: SR1E2Mu/Central/pair/eta in Skim_TriLep_DYJets10to50.root
2026-04-28 15:13:04,479 - INFO - [2023] MISSING_CENTRAL: SR1E2Mu/Central/pair/eta in Skim_TriLep_DYJets10to50.root
2026-04-28 15:13:04,621 - INFO - [2023BPix] MISSING_CENTRAL: SR1E2Mu/Central/pair/eta in Skim_TriLep_DYJets10to50.root
2026-04-28 15:19:19,929 - INFO - [2022] MISSING_CENTRAL: SR1E2Mu/Central/pair/eta in Skim_TriLep_DYJets10to50.root
2026-04-28 15:19:20,010 - INFO - [2022] MISSING_CENTRAL: SR1E2Mu/Central/pair/eta in Skim_TriLep_WWW.root
2026-04-28 15:19:20,065 - INFO - [2022EE] MISSING_CENTRAL: SR1E2Mu/Central/pair/eta in Skim_TriLep_DYJets10to50.root
2026-04-28 15:19:20,215 - INFO - [2023] MISSING_CENTRAL: SR1E2Mu/Central/pair/eta in Skim_TriLep_DYJets10to50.root
2026-04-28 15:19:20,357 - INFO - [2023BPix] MISSING_CENTRAL: SR1E2Mu/Central/pair/eta in Skim_TriLep_DYJets10to50.root
2026-04-28 15:21:25,262 - INFO - [2022] MISSING_CENTRAL: SR1E2Mu/Central/pair/eta in Skim_TriLep_DYJets10to50.root
2026-04-28 15:21:25,346 - INFO - [2022] MISSING_CENTRAL: SR1E2Mu/Central/pair/eta in Skim_TriLep_WWW.root
2026-04-28 15:21:25,401 - INFO - [2022EE] MISSING_CENTRAL: SR1E2Mu/Central/pair/eta in Skim_TriLep_DYJets10to50.root
2026-04-28 15:21:25,550 - INFO - [2023] MISSING_CENTRAL: SR1E2Mu/Central/pair/eta in Skim_TriLep_DYJets10to50.root
2026-04-28 15:21:25,675 - INFO - [2023BPix] MISSING_CENTRAL: SR1E2Mu/Central/pair/eta in Skim_TriLep_DYJets10to50.root
2026-04-28 20:32:31,748 - INFO - [2022] MISSING_CENTRAL: SR1E2Mu/Central/pair/eta in Skim_TriLep_DYJets10to50.root
2026-04-28 20:32:31,803 - INFO - [2022] MISSING_CENTRAL: SR1E2Mu/Central/pair/eta in Skim_TriLep_WWW.root
2026-04-28 20:32:31,839 - INFO - [2022EE] MISSING_CENTRAL: SR1E2Mu/Central/pair/eta in Skim_TriLep_DYJets10to50.root
2026-04-28 20:32:31,938 - INFO - [2023] MISSING_CENTRAL: SR1E2Mu/Central/pair/eta in Skim_TriLep_DYJets10to50.root
2026-04-28 20:32:32,033 - INFO - [2023BPix] MISSING_CENTRAL: SR1E2Mu/Central/pair/eta in Skim_TriLep_DYJets10to50.root
2026-04-28 20:34:31,316 - INFO - [2022] MISSING_CENTRAL: SR1E2Mu/Central/pair/eta in Skim_TriLep_DYJets10to50.root
2026-04-28 20:34:31,370 - INFO - [2022] MISSING_CENTRAL: SR1E2Mu/Central/pair/eta in Skim_TriLep_WWW.root
2026-04-28 20:34:31,404 - INFO - [2022EE] MISSING_CENTRAL: SR1E2Mu/Central/pair/eta in Skim_TriLep_DYJets10to50.root
2026-04-28 20:34:31,503 - INFO - [2023] MISSING_CENTRAL: SR1E2Mu/Central/pair/eta in Skim_TriLep_DYJets10to50.root
2026-04-28 20:34:31,603 - INFO - [2023BPix] MISSING_CENTRAL: SR1E2Mu/Central/pair/eta in Skim_TriLep_DYJets10to50.root
2026-05-04 15:38:58,114 - INFO - [2022] MISSING_CENTRAL: SR1E2Mu/Central/pair/eta in Skim_TriLep_DYJets10to50.root
2026-05-04 15:38:58,203 - INFO - [2022] MISSING_CENTRAL: SR1E2Mu/Central/pair/eta in Skim_TriLep_WWW.root
2026-05-04 15:38:58,261 - INFO - [2022EE] MISSING_CENTRAL: SR1E2Mu/Central/pair/eta in Skim_TriLep_DYJets10to50.root
2026-05-04 15:38:58,426 - INFO - [2023] MISSING_CENTRAL: SR1E2Mu/Central/pair/eta in Skim_TriLep_DYJets10to50.root
2026-05-04 15:38:58,587 - INFO - [2023BPix] MISSING_CENTRAL: SR1E2Mu/Central/pair/eta in Skim_TriLep_DYJets10to50.root
2026-05-04 15:41:10,084 - INFO - [2022] MISSING_CENTRAL: SR1E2Mu/Central/pair/eta in Skim_TriLep_DYJets10to50.root
2026-05-04 15:41:10,156 - INFO - [2022] MISSING_CENTRAL: SR1E2Mu/Central/pair/eta in Skim_TriLep_WWW.root
2026-05-04 15:41:10,191 - INFO - [2022EE] MISSING_CENTRAL: SR1E2Mu/Central/pair/eta in Skim_TriLep_DYJets10to50.root
2026-05-04 15:41:10,290 - INFO - [2023] MISSING_CENTRAL: SR1E2Mu/Central/pair/eta in Skim_TriLep_DYJets10to50.root
2026-05-04 15:41:10,391 - INFO - [2023BPix] MISSING_CENTRAL: SR1E2Mu/Central/pair/eta in Skim_TriLep_DYJets10to50.root
2026-05-04 16:03:09,030 - INFO - [2022] MISSING_CENTRAL: SR1E2Mu/Central/pair/eta in Skim_TriLep_DYJets10to50.root
2026-05-04 16:03:09,091 - INFO - [2022] MISSING_CENTRAL: SR1E2Mu/Central/pair/eta in Skim_TriLep_WWW.root
2026-05-04 16:03:09,146 - INFO - [2022EE] MISSING_CENTRAL: SR1E2Mu/Central/pair/eta in Skim_TriLep_DYJets10to50.root
2026-05-04 16:03:09,271 - INFO - [2023] MISSING_CENTRAL: SR1E2Mu/Central/pair/eta in Skim_TriLep_DYJets10to50.root
2026-05-04 16:03:09,361 - INFO - [2023BPix] MISSING_CENTRAL: SR1E2Mu/Central/pair/eta in Skim_TriLep_DYJets10to50.root
2026-05-04 16:05:11,045 - INFO - [2022] MISSING_CENTRAL: SR1E2Mu/Central/pair/eta in Skim_TriLep_DYJets10to50.root
2026-05-04 16:05:11,129 - INFO - [2022] MISSING_CENTRAL: SR1E2Mu/Central/pair/eta in Skim_TriLep_WWW.root
2026-05-04 16:05:11,184 - INFO - [2022EE] MISSING_CENTRAL: SR1E2Mu/Central/pair/eta in Skim_TriLep_DYJets10to50.root
2026-05-04 16:05:11,335 - INFO - [2023] MISSING_CENTRAL: SR1E2Mu/Central/pair/eta in Skim_TriLep_DYJets10to50.root
2026-05-04 16:05:11,455 - INFO - [2023BPix] MISSING_CENTRAL: SR1E2Mu/Central/pair/eta in Skim_TriLep_DYJets10to50.root
2026-05-04 17:02:16,491 - INFO - [2022] MISSING_CENTRAL: SR1E2Mu/Central/pair/eta in Skim_TriLep_DYJets10to50.root
2026-05-04 17:02:16,574 - INFO - [2022] MISSING_CENTRAL: SR1E2Mu/Central/pair/eta in Skim_TriLep_WWW.root
2026-05-04 17:02:16,630 - INFO - [2022EE] MISSING_CENTRAL: SR1E2Mu/Central/pair/eta in Skim_TriLep_DYJets10to50.root
2026-05-04 17:02:16,788 - INFO - [2023] MISSING_CENTRAL: SR1E2Mu/Central/pair/eta in Skim_TriLep_DYJets10to50.root
2026-05-04 17:02:16,947 - INFO - [2023BPix] MISSING_CENTRAL: SR1E2Mu/Central/pair/eta in Skim_TriLep_DYJets10to50.root
2026-05-04 17:12:03,599 - INFO - [2022] MISSING_CENTRAL: SR1E2Mu/Central/pair/eta in Skim_TriLep_DYJets10to50.root
2026-05-04 17:12:03,685 - INFO - [2022] MISSING_CENTRAL: SR1E2Mu/Central/pair/eta in Skim_TriLep_WWW.root
2026-05-04 17:12:03,728 - INFO - [2022EE] MISSING_CENTRAL: SR1E2Mu/Central/pair/eta in Skim_TriLep_DYJets10to50.root
2026-05-04 17:12:03,831 - INFO - [2023] MISSING_CENTRAL: SR1E2Mu/Central/pair/eta in Skim_TriLep_DYJets10to50.root
2026-05-04 17:12:03,939 - INFO - [2023BPix] MISSING_CENTRAL: SR1E2Mu/Central/pair/eta in Skim_TriLep_DYJets10to50.root
2026-05-28 15:39:15,302 - INFO - [2022] MISSING_CENTRAL: SR1E2Mu/Central/pair/eta in Skim_TriLep_DYJets10to50.root
2026-05-28 15:39:15,457 - INFO - [2022] MISSING_CENTRAL: SR1E2Mu/Central/pair/eta in Skim_TriLep_WWW.root
2026-05-28 15:39:15,558 - INFO - [2022EE] MISSING_CENTRAL: SR1E2Mu/Central/pair/eta in Skim_TriLep_DYJets10to50.root
2026-05-28 15:39:15,821 - INFO - [2023] MISSING_CENTRAL: SR1E2Mu/Central/pair/eta in Skim_TriLep_DYJets10to50.root
2026-05-28 15:39:16,093 - INFO - [2023BPix] MISSING_CENTRAL: SR1E2Mu/Central/pair/eta in Skim_TriLep_DYJets10to50.root
2026-05-28 15:48:43,306 - INFO - [2022] MISSING_CENTRAL: SR1E2Mu/Central/pair/eta in Skim_TriLep_DYJets10to50.root
2026-05-28 15:48:43,441 - INFO - [2022] MISSING_CENTRAL: SR1E2Mu/Central/pair/eta in Skim_TriLep_WWW.root
2026-05-28 15:48:43,508 - INFO - [2022EE] MISSING_CENTRAL: SR1E2Mu/Central/pair/eta in Skim_TriLep_DYJets10to50.root
2026-05-28 15:48:43,692 - INFO - [2023] MISSING_CENTRAL: SR1E2Mu/Central/pair/eta in Skim_TriLep_DYJets10to50.root
2026-05-28 15:48:43,952 - INFO - [2023BPix] MISSING_CENTRAL: SR1E2Mu/Central/pair/eta in Skim_TriLep_DYJets10to50.root
2026-05-29 15:20:06,143 - INFO - [2022] MISSING_CENTRAL: SR1E2Mu/Central/pair/eta in Skim_TriLep_DYJets10to50.root
2026-05-29 15:20:06,197 - INFO - [2022] MISSING_CENTRAL: SR1E2Mu/Central/pair/eta in Skim_TriLep_WWW.root
2026-05-29 15:20:06,232 - INFO - [2022EE] MISSING_CENTRAL: SR1E2Mu/Central/pair/eta in Skim_TriLep_DYJets10to50.root
2026-05-29 15:20:06,334 - INFO - [2023] MISSING_CENTRAL: SR1E2Mu/Central/pair/eta in Skim_TriLep_DYJets10to50.root
2026-05-29 15:20:06,439 - INFO - [2023BPix] MISSING_CENTRAL: SR1E2Mu/Central/pair/eta in Skim_TriLep_DYJets10to50.root
2026-05-29 15:22:17,428 - INFO - [2022] MISSING_CENTRAL: SR1E2Mu/Central/pair/eta in Skim_TriLep_DYJets10to50.root
2026-05-29 15:22:17,515 - INFO - [2022] MISSING_CENTRAL: SR1E2Mu/Central/pair/eta in Skim_TriLep_WWW.root
2026-05-29 15:22:17,570 - INFO - [2022EE] MISSING_CENTRAL: SR1E2Mu/Central/pair/eta in Skim_TriLep_DYJets10to50.root
2026-05-29 15:22:17,667 - INFO - [2023] MISSING_CENTRAL: SR1E2Mu/Central/pair/eta in Skim_TriLep_DYJets10to50.root
2026-05-29 15:22:17,761 - INFO - [2023BPix] MISSING_CENTRAL: SR1E2Mu/Central/pair/eta in Skim_TriLep_DYJets10to50.root
2026-05-29 15:30:04,111 - INFO - [2022] MISSING_CENTRAL: SR1E2Mu/Central/pair/eta in Skim_TriLep_DYJets10to50.root
2026-05-29 15:30:04,197 - INFO - [2022] MISSING_CENTRAL: SR1E2Mu/Central/pair/eta in Skim_TriLep_WWW.root
2026-05-29 15:30:04,252 - INFO - [2022EE] MISSING_CENTRAL: SR1E2Mu/Central/pair/eta in Skim_TriLep_DYJets10to50.root
2026-05-29 15:30:04,358 - INFO - [2023] MISSING_CENTRAL: SR1E2Mu/Central/pair/eta in Skim_TriLep_DYJets10to50.root
2026-05-29 15:30:04,455 - INFO - [2023BPix] MISSING_CENTRAL: SR1E2Mu/Central/pair/eta in Skim_TriLep_DYJets10to50.root
2026-05-29 15:39:45,582 - INFO - [2022] MISSING_CENTRAL: SR1E2Mu/Central/pair/eta in Skim_TriLep_DYJets10to50.root
2026-05-29 15:39:45,667 - INFO - [2022] MISSING_CENTRAL: SR1E2Mu/Central/pair/eta in Skim_TriLep_WWW.root
2026-05-29 15:39:45,723 - INFO - [2022EE] MISSING_CENTRAL: SR1E2Mu/Central/pair/eta in Skim_TriLep_DYJets10to50.root
2026-05-29 15:39:45,870 - INFO - [2023] MISSING_CENTRAL: SR1E2Mu/Central/pair/eta in Skim_TriLep_DYJets10to50.root
2026-05-29 15:39:45,969 - INFO - [2023BPix] MISSING_CENTRAL: SR1E2Mu/Central/pair/eta in Skim_TriLep_DYJets10to50.root
2026-05-29 18:21:12,140 - INFO - [2022] MISSING_CENTRAL: SR1E2Mu/Central/pair/eta in Skim_TriLep_DYJets10to50.root
2026-05-29 18:21:12,222 - INFO - [2022] MISSING_CENTRAL: SR1E2Mu/Central/pair/eta in Skim_TriLep_WWW.root
2026-05-29 18:21:12,276 - INFO - [2022EE] MISSING_CENTRAL: SR1E2Mu/Central/pair/eta in Skim_TriLep_DYJets10to50.root
2026-05-29 18:21:12,429 - INFO - [2023] MISSING_CENTRAL: SR1E2Mu/Central/pair/eta in Skim_TriLep_DYJets10to50.root
2026-05-29 18:21:12,587 - INFO - [2023BPix] MISSING_CENTRAL: SR1E2Mu/Central/pair/eta in Skim_TriLep_DYJets10to50.root
2026-05-29 18:31:08,347 - INFO - [2022] MISSING_CENTRAL: SR1E2Mu/Central/pair/eta in Skim_TriLep_DYJets10to50.root
2026-05-29 18:31:08,402 - INFO - [2022] MISSING_CENTRAL: SR1E2Mu/Central/pair/eta in Skim_TriLep_WWW.root
2026-05-29 18:31:08,437 - INFO - [2022EE] MISSING_CENTRAL: SR1E2Mu/Central/pair/eta in Skim_TriLep_DYJets10to50.root
2026-05-29 18:31:08,533 - INFO - [2023] MISSING_CENTRAL: SR1E2Mu/Central/pair/eta in Skim_TriLep_DYJets10to50.root
2026-05-29 18:31:08,629 - INFO - [2023BPix] MISSING_CENTRAL: SR1E2Mu/Central/pair/eta in Skim_TriLep_DYJets10to50.root
2026-06-12 13:58:53,504 - INFO - [2022] MISSING_CENTRAL: SR1E2Mu/Central/pair/eta in Skim_TriLep_DYJets10to50.root
2026-06-12 13:58:53,586 - INFO - [2022] MISSING_CENTRAL: SR1E2Mu/Central/pair/eta in Skim_TriLep_WWW.root
2026-06-12 13:58:53,640 - INFO - [2022EE] MISSING_CENTRAL: SR1E2Mu/Central/pair/eta in Skim_TriLep_DYJets10to50.root
2026-06-12 13:58:53,793 - INFO - [2023] MISSING_CENTRAL: SR1E2Mu/Central/pair/eta in Skim_TriLep_DYJets10to50.root
2026-06-12 13:58:53,955 - INFO - [2023BPix] MISSING_CENTRAL: SR1E2Mu/Central/pair/eta in Skim_TriLep_DYJets10to50.root
2026-06-12 14:11:01,027 - INFO - [2022] MISSING_CENTRAL: SR1E2Mu/Central/pair/eta in Skim_TriLep_DYJets10to50.root
2026-06-12 14:11:01,082 - INFO - [2022] MISSING_CENTRAL: SR1E2Mu/Central/pair/eta in Skim_TriLep_WWW.root
2026-06-12 14:11:01,118 - INFO - [2022EE] MISSING_CENTRAL: SR1E2Mu/Central/pair/eta in Skim_TriLep_DYJets10to50.root
2026-06-12 14:11:01,219 - INFO - [2023] MISSING_CENTRAL: SR1E2Mu/Central/pair/eta in Skim_TriLep_DYJets10to50.root
2026-06-12 14:11:01,319 - INFO - [2023BPix] MISSING_CENTRAL: SR1E2Mu/Central/pair/eta in Skim_TriLep_DYJets10to50.root
2026-06-12 14:34:33,099 - INFO - [2022] MISSING_CENTRAL: SR1E2Mu/Central/pair/eta in Skim_TriLep_DYJets10to50.root
2026-06-12 14:34:33,172 - INFO - [2022] MISSING_CENTRAL: SR1E2Mu/Central/pair/eta in Skim_TriLep_WWW.root
2026-06-12 14:34:33,210 - INFO - [2022EE] MISSING_CENTRAL: SR1E2Mu/Central/pair/eta in Skim_TriLep_DYJets10to50.root
2026-06-12 14:34:33,313 - INFO - [2023] MISSING_CENTRAL: SR1E2Mu/Central/pair/eta in Skim_TriLep_DYJets10to50.root
2026-06-12 14:34:33,414 - INFO - [2023BPix] MISSING_CENTRAL: SR1E2Mu/Central/pair/eta in Skim_TriLep_DYJets10to50.root
2026-06-18 00:29:17,399 - INFO - [2022] MISSING_CENTRAL: SR1E2Mu/Central/pair/eta in Skim_TriLep_DYJets10to50.root
2026-06-18 00:29:17,487 - INFO - [2022] MISSING_CENTRAL: SR1E2Mu/Central/pair/eta in Skim_TriLep_WWW.root
2026-06-18 00:29:17,544 - INFO - [2022EE] MISSING_CENTRAL: SR1E2Mu/Central/pair/eta in Skim_TriLep_DYJets10to50.root
2026-06-18 00:29:17,697 - INFO - [2023] MISSING_CENTRAL: SR1E2Mu/Central/pair/eta in Skim_TriLep_DYJets10to50.root
2026-06-18 00:29:17,823 - INFO - [2023BPix] MISSING_CENTRAL: SR1E2Mu/Central/pair/eta in Skim_TriLep_DYJets10to50.root
2026-07-01 17:43:49,987 - INFO - [2022] MISSING_CENTRAL: SR1E2Mu/Central/pair/eta in Skim_TriLep_DYJets10to50.root
2026-07-01 17:43:50,158 - INFO - [2022] MISSING_CENTRAL: SR1E2Mu/Central/pair/eta in Skim_TriLep_WWW.root
2026-07-01 17:43:50,238 - INFO - [2022EE] MISSING_CENTRAL: SR1E2Mu/Central/pair/eta in Skim_TriLep_DYJets10to50.root
2026-07-01 17:43:50,427 - INFO - [2023] MISSING_CENTRAL: SR1E2Mu/Central/pair/eta in Skim_TriLep_DYJets10to50.root
2026-07-01 17:43:50,628 - INFO - [2023BPix] MISSING_CENTRAL: SR1E2Mu/Central/pair/eta in Skim_TriLep_DYJets10to50.root
