2025-09-24 15:50:03,547 - INFO - [2018] MISSING_CENTRAL: SR3Mu/Central/bjets/1/eta in Skim_TriLep_DYJets10to50.root
2025-09-24 15:50:03,551 - INFO - [2018] MISSING_FILE: /Users/choij/Sync/workspace/ChargedHiggsAnalysisV3/SKNanoOutput/PromptSelector/Run3Mu_RunSyst/2018/Skim_TriLep_TTG.root
2025-09-24 15:50:03,574 - INFO - [2018] MISSING_FILE: /Users/choij/Sync/workspace/ChargedHiggsAnalysisV3/SKNanoOutput/PromptSelector/Run3Mu_RunSyst/2018/Skim_TriLep_TTHToNonbb.root
2025-09-24 15:50:03,605 - INFO - [2018] MISSING_FILE: /Users/choij/Sync/workspace/ChargedHiggsAnalysisV3/SKNanoOutput/PromptSelector/Run3Mu_RunSyst/2018/Skim_TriLep_tHq.root
2025-09-24 15:50:03,660 - INFO - [2018] MISSING_FILE: /Users/choij/Sync/workspace/ChargedHiggsAnalysisV3/SKNanoOutput/PromptSelector/Run3Mu_RunSyst/2018/Skim_TriLep_VBFHToZZTo4L.root
2025-10-02 21:14:15,150 - INFO - [2018] MISSING_CENTRAL: SR3Mu/Central/bjets/1/eta in Skim_TriLep_DYJets10to50.root
2025-10-02 21:14:15,161 - INFO - [2018] MISSING_FILE: /data9/Users/choij/Sync/workspace/ChargedHiggsAnalysisV3/SKNanoOutput/PromptSelector/Run3Mu_RunSyst/2018/Skim_TriLep_TTG.root
2025-10-02 21:14:15,240 - INFO - [2018] MISSING_FILE: /data9/Users/choij/Sync/workspace/ChargedHiggsAnalysisV3/SKNanoOutput/PromptSelector/Run3Mu_RunSyst/2018/Skim_TriLep_TTHToNonbb.root
2025-10-02 21:14:15,319 - INFO - [2018] MISSING_FILE: /data9/Users/choij/Sync/workspace/ChargedHiggsAnalysisV3/SKNanoOutput/PromptSelector/Run3Mu_RunSyst/2018/Skim_TriLep_tHq.root
2025-10-02 21:14:15,523 - INFO - [2018] MISSING_FILE: /data9/Users/choij/Sync/workspace/ChargedHiggsAnalysisV3/SKNanoOutput/PromptSelector/Run3Mu_RunSyst/2018/Skim_TriLep_VBFHToZZTo4L.root
2025-10-03 00:02:37,634 - INFO - [2018] MISSING_CENTRAL: SR3Mu/Central/bjets/1/eta in Skim_TriLep_DYJets10to50.root
2025-10-03 00:02:37,638 - INFO - [2018] MISSING_FILE: /Users/choij/Sync/workspace/ChargedHiggsAnalysisV3/SKNanoOutput/PromptSelector/Run3Mu_RunSyst/2018/Skim_TriLep_TTG.root
2025-10-03 00:02:37,650 - INFO - [2018] MISSING_FILE: /Users/choij/Sync/workspace/ChargedHiggsAnalysisV3/SKNanoOutput/PromptSelector/Run3Mu_RunSyst/2018/Skim_TriLep_TTHToNonbb.root
2025-10-03 00:02:37,671 - INFO - [2018] MISSING_FILE: /Users/choij/Sync/workspace/ChargedHiggsAnalysisV3/SKNanoOutput/PromptSelector/Run3Mu_RunSyst/2018/Skim_TriLep_tHq.root
2025-10-03 00:02:37,704 - INFO - [2018] MISSING_FILE: /Users/choij/Sync/workspace/ChargedHiggsAnalysisV3/SKNanoOutput/PromptSelector/Run3Mu_RunSyst/2018/Skim_TriLep_VBFHToZZTo4L.root
2025-11-05 20:28:57,705 - INFO - [2018] MISSING_CENTRAL: SR3Mu/Central/bjets/1/eta in Skim_TriLep_DYJets10to50.root
2025-11-05 21:34:13,564 - INFO - [2018] MISSING_CENTRAL: SR3Mu/Central/bjets/1/eta in Skim_TriLep_DYJets10to50.root
2025-11-05 21:39:18,075 - INFO - [2018] MISSING_CENTRAL: SR3Mu/Central/bjets/1/eta in Skim_TriLep_DYJets10to50.root
2025-11-05 22:02:40,308 - INFO - [2018] MISSING_CENTRAL: SR3Mu/Central/bjets/1/eta in Skim_TriLep_DYJets10to50.root
2025-11-05 22:18:26,639 - INFO - [2018] MISSING_CENTRAL: SR3Mu/Central/bjets/1/eta in Skim_TriLep_DYJets10to50.root
2025-11-05 23:22:59,090 - INFO - [2018] MISSING_CENTRAL: SR3Mu/Central/bjets/1/eta in Skim_TriLep_DYJets10to50.root
2025-11-07 12:26:11,945 - INFO - [2018] MISSING_CENTRAL: SR3Mu/Central/bjets/1/eta in Skim_TriLep_DYJets10to50.root
2025-11-07 13:06:39,450 - INFO - [2018] MISSING_CENTRAL: SR3Mu/Central/bjets/1/eta in Skim_TriLep_DYJets10to50.root
2025-11-07 14:04:31,512 - INFO - [2018] MISSING_CENTRAL: SR3Mu/Central/bjets/1/eta in Skim_TriLep_DYJets10to50.root
2025-11-10 05:55:30,890 - INFO - [2018] MISSING_CENTRAL: SR3Mu/Central/bjets/1/eta in Skim_TriLep_DYJets10to50.root
2025-11-10 12:19:34,827 - INFO - [2018] MISSING_CENTRAL: SR3Mu/Central/bjets/1/eta in Skim_TriLep_DYJets10to50.root
2025-11-13 11:09:05,094 - INFO - [2018] MISSING_CENTRAL: SR3Mu/Central/bjets/1/eta in Skim_TriLep_DYJets10to50.root
2025-11-13 19:54:35,887 - INFO - [2018] MISSING_CENTRAL: SR3Mu/Central/bjets/1/eta in Skim_TriLep_DYJets10to50.root
2025-11-13 20:01:30,338 - INFO - [2018] MISSING_CENTRAL: SR3Mu/Central/bjets/1/eta in Skim_TriLep_DYJets10to50.root
2025-11-19 16:21:56,920 - INFO - [2018] MISSING_CENTRAL: SR3Mu/Central/bjets/1/eta in Skim_TriLep_DYJets10to50.root
2025-12-17 22:36:27,188 - INFO - [2018] MISSING_CENTRAL: SR3Mu/Central/bjets/1/eta in Skim_TriLep_DYJets10to50.root
2025-12-18 14:20:00,921 - INFO - [2018] MISSING_CENTRAL: SR3Mu/Central/bjets/1/eta in Skim_TriLep_DYJets10to50.root
2025-12-18 14:35:28,883 - INFO - [2018] MISSING_CENTRAL: SR3Mu/Central/bjets/1/eta in Skim_TriLep_DYJets10to50.root
2026-01-07 11:45:37,302 - INFO - [2018] MISSING_CENTRAL: SR3Mu/Central/bjets/1/eta in Skim_TriLep_DYJets10to50.root
2026-01-07 18:42:17,118 - INFO - [2018] MISSING_CENTRAL: SR3Mu/Central/bjets/1/eta in Skim_TriLep_DYJets10to50.root
2026-01-07 19:28:33,642 - INFO - [2018] MISSING_CENTRAL: SR3Mu/Central/bjets/1/eta in Skim_TriLep_DYJets10to50.root
2026-01-09 12:16:06,590 - INFO - [2018] MISSING_CENTRAL: SR3Mu/Central/bjets/1/eta in Skim_TriLep_DYJets10to50.root
2026-01-11 09:36:10,407 - INFO - [2018] MISSING_CENTRAL: SR3Mu/Central/bjets/1/eta in Skim_TriLep_DYJets10to50.root
2026-01-12 13:44:48,088 - INFO - [2018] MISSING_FILE: /home/choij/Sync/workspace/ChargedHiggsAnalysisV3/SKNanoOutput/MatrixSelector/Run3Mu/2018/Skim_TriLep_DoubleMuon_A.root
2026-01-12 13:44:48,088 - INFO - [2018] MISSING_FILE: /home/choij/Sync/workspace/ChargedHiggsAnalysisV3/SKNanoOutput/MatrixSelector/Run3Mu/2018/Skim_TriLep_DoubleMuon_B.root
2026-01-12 13:44:48,088 - INFO - [2018] MISSING_FILE: /home/choij/Sync/workspace/ChargedHiggsAnalysisV3/SKNanoOutput/MatrixSelector/Run3Mu/2018/Skim_TriLep_DoubleMuon_C.root
2026-01-12 13:44:48,088 - INFO - [2018] MISSING_FILE: /home/choij/Sync/workspace/ChargedHiggsAnalysisV3/SKNanoOutput/MatrixSelector/Run3Mu/2018/Skim_TriLep_DoubleMuon_D.root
2026-01-12 13:44:48,111 - INFO - [2018] MISSING_CENTRAL: SR3Mu/Central/bjets/1/eta in Skim_TriLep_DYJets10to50.root
2026-01-16 19:00:00,826 - INFO - [2018] MISSING_CENTRAL: SR3Mu/Central/bjets/1/eta in Skim_TriLep_DYJets10to50.root
2026-01-28 16:08:09,964 - INFO - [2018] MISSING_CENTRAL: SR3Mu/Central/bjets/1/eta in Skim_TriLep_DYJets10to50.root
2026-01-28 17:19:59,686 - INFO - [2018] MISSING_CENTRAL: SR3Mu/Central/bjets/1/eta in Skim_TriLep_DYJets10to50.root
2026-01-28 19:53:34,981 - INFO - [2018] MISSING_CENTRAL: SR3Mu/Central/bjets/1/eta in Skim_TriLep_DYJets10to50.root
2026-01-29 07:10:56,020 - INFO - [2018] MISSING_CENTRAL: SR3Mu/Central/bjets/1/eta in Skim_TriLep_DYJets10to50.root
2026-03-06 09:39:24,295 - INFO - [2018] MISSING_CENTRAL: SR3Mu/Central/bjets/1/eta in Skim_TriLep_DYJets10to50.root
2026-03-06 19:45:12,627 - INFO - [2018] MISSING_CENTRAL: SR3Mu/Central/bjets/1/eta in Skim_TriLep_DYJets10to50.root
2026-03-12 21:33:41,158 - INFO - [2018] MISSING_CENTRAL: SR3Mu/Central/bjets/1/eta in Skim_TriLep_DYJets10to50.root
2026-04-10 20:20:02,003 - INFO - [2018] MISSING_CENTRAL: SR3Mu/Central/bjets/1/eta in Skim_TriLep_DYJets10to50.root
2026-04-12 11:35:06,881 - INFO - [2018] MISSING_CENTRAL: SR3Mu/Central/bjets/1/eta in Skim_TriLep_DYJets10to50.root
2026-04-12 12:17:12,329 - INFO - [2018] MISSING_CENTRAL: SR3Mu/Central/bjets/1/eta in Skim_TriLep_DYJets10to50.root
2026-04-12 12:36:51,163 - INFO - [2018] MISSING_CENTRAL: SR3Mu/Central/bjets/1/eta in Skim_TriLep_DYJets10to50.root
2026-04-12 20:44:55,154 - INFO - [2018] MISSING_CENTRAL: SR3Mu/Central/bjets/1/eta in Skim_TriLep_DYJets10to50.root
2026-04-12 21:16:32,850 - INFO - [2018] MISSING_CENTRAL: SR3Mu/Central/bjets/1/eta in Skim_TriLep_DYJets10to50.root
2026-04-13 12:54:07,488 - INFO - [2018] MISSING_CENTRAL: SR3Mu/Central/bjets/1/eta in Skim_TriLep_DYJets10to50.root
2026-04-16 17:29:51,942 - INFO - [2018] MISSING_CENTRAL: SR3Mu/Central/bjets/1/eta in Skim_TriLep_DYJets10to50.root
2026-04-16 17:36:36,683 - INFO - [2018] MISSING_CENTRAL: SR3Mu/Central/bjets/1/eta in Skim_TriLep_DYJets10to50.root
2026-04-28 15:10:30,655 - INFO - [2018] MISSING_CENTRAL: SR3Mu/Central/bjets/1/eta in Skim_TriLep_DYJets10to50.root
2026-05-04 16:59:54,069 - INFO - [2018] MISSING_CENTRAL: SR3Mu/Central/bjets/1/eta in Skim_TriLep_DYJets10to50.root
2026-05-04 17:06:14,458 - INFO - [2018] MISSING_CENTRAL: SR3Mu/Central/bjets/1/eta in Skim_TriLep_DYJets10to50.root
2026-05-28 15:36:37,620 - INFO - [2018] MISSING_CENTRAL: SR3Mu/Central/bjets/1/eta in Skim_TriLep_DYJets10to50.root
2026-05-28 15:43:09,003 - INFO - [2018] MISSING_CENTRAL: SR3Mu/Central/bjets/1/eta in Skim_TriLep_DYJets10to50.root
2026-05-29 15:27:31,825 - INFO - [2018] MISSING_CENTRAL: SR3Mu/Central/bjets/1/eta in Skim_TriLep_DYJets10to50.root
2026-05-29 15:34:02,405 - INFO - [2018] MISSING_CENTRAL: SR3Mu/Central/bjets/1/eta in Skim_TriLep_DYJets10to50.root
2026-05-29 18:18:46,279 - INFO - [2018] MISSING_CENTRAL: SR3Mu/Central/bjets/1/eta in Skim_TriLep_DYJets10to50.root
2026-05-29 18:25:11,525 - INFO - [2018] MISSING_CENTRAL: SR3Mu/Central/bjets/1/eta in Skim_TriLep_DYJets10to50.root
2026-06-12 14:04:11,695 - INFO - [2018] MISSING_CENTRAL: SR3Mu/Central/bjets/1/eta in Skim_TriLep_DYJets10to50.root
2026-06-12 14:25:34,489 - INFO - [2018] MISSING_CENTRAL: SR3Mu/Central/bjets/1/eta in Skim_TriLep_DYJets10to50.root
