2025-11-05 22:18:23,025 - INFO - [2018] MISSING_CENTRAL: SR3Mu/Central/muons/3/min_dR_bjets in Skim_TriLep_DYJets10to50.root
2025-11-05 23:22:55,858 - INFO - [2018] MISSING_CENTRAL: SR3Mu/Central/muons/3/min_dR_bjets in Skim_TriLep_DYJets10to50.root
2025-11-07 12:26:08,590 - INFO - [2018] MISSING_CENTRAL: SR3Mu/Central/muons/3/min_dR_bjets in Skim_TriLep_DYJets10to50.root
2025-11-07 13:06:35,757 - INFO - [2018] MISSING_CENTRAL: SR3Mu/Central/muons/3/min_dR_bjets in Skim_TriLep_DYJets10to50.root
2025-11-07 14:04:28,021 - INFO - [2018] MISSING_CENTRAL: SR3Mu/Central/muons/3/min_dR_bjets in Skim_TriLep_DYJets10to50.root
2025-11-10 05:55:25,501 - INFO - [2018] MISSING_CENTRAL: SR3Mu/Central/muons/3/min_dR_bjets in Skim_TriLep_DYJets10to50.root
2025-11-10 12:19:31,489 - INFO - [2018] MISSING_CENTRAL: SR3Mu/Central/muons/3/min_dR_bjets in Skim_TriLep_DYJets10to50.root
2025-11-13 11:08:55,381 - INFO - [2018] MISSING_CENTRAL: SR3Mu/Central/muons/3/min_dR_bjets in Skim_TriLep_DYJets10to50.root
2025-11-13 19:54:32,467 - INFO - [2018] MISSING_CENTRAL: SR3Mu/Central/muons/3/min_dR_bjets in Skim_TriLep_DYJets10to50.root
2025-11-13 20:01:26,676 - INFO - [2018] MISSING_CENTRAL: SR3Mu/Central/muons/3/min_dR_bjets in Skim_TriLep_DYJets10to50.root
2025-11-19 16:21:53,100 - INFO - [2018] MISSING_CENTRAL: SR3Mu/Central/muons/3/min_dR_bjets in Skim_TriLep_DYJets10to50.root
2025-12-17 22:36:15,781 - INFO - [2018] MISSING_CENTRAL: SR3Mu/Central/muons/3/min_dR_bjets in Skim_TriLep_DYJets10to50.root
2025-12-18 14:19:54,847 - INFO - [2018] MISSING_CENTRAL: SR3Mu/Central/muons/3/min_dR_bjets in Skim_TriLep_DYJets10to50.root
2025-12-18 14:35:23,601 - INFO - [2018] MISSING_CENTRAL: SR3Mu/Central/muons/3/min_dR_bjets in Skim_TriLep_DYJets10to50.root
2026-01-07 11:45:26,407 - INFO - [2018] MISSING_CENTRAL: SR3Mu/Central/muons/3/min_dR_bjets in Skim_TriLep_DYJets10to50.root
2026-01-07 18:42:11,559 - INFO - [2018] MISSING_CENTRAL: SR3Mu/Central/muons/3/min_dR_bjets in Skim_TriLep_DYJets10to50.root
2026-01-07 19:28:27,964 - INFO - [2018] MISSING_CENTRAL: SR3Mu/Central/muons/3/min_dR_bjets in Skim_TriLep_DYJets10to50.root
2026-01-09 12:16:03,350 - INFO - [2018] MISSING_CENTRAL: SR3Mu/Central/muons/3/min_dR_bjets in Skim_TriLep_DYJets10to50.root
2026-01-11 09:36:06,914 - INFO - [2018] MISSING_CENTRAL: SR3Mu/Central/muons/3/min_dR_bjets in Skim_TriLep_DYJets10to50.root
2026-01-12 13:44:44,316 - INFO - [2018] MISSING_FILE: /home/choij/Sync/workspace/ChargedHiggsAnalysisV3/SKNanoOutput/MatrixSelector/Run3Mu/2018/Skim_TriLep_DoubleMuon_A.root
2026-01-12 13:44:44,316 - INFO - [2018] MISSING_FILE: /home/choij/Sync/workspace/ChargedHiggsAnalysisV3/SKNanoOutput/MatrixSelector/Run3Mu/2018/Skim_TriLep_DoubleMuon_B.root
2026-01-12 13:44:44,316 - INFO - [2018] MISSING_FILE: /home/choij/Sync/workspace/ChargedHiggsAnalysisV3/SKNanoOutput/MatrixSelector/Run3Mu/2018/Skim_TriLep_DoubleMuon_C.root
2026-01-12 13:44:44,316 - INFO - [2018] MISSING_FILE: /home/choij/Sync/workspace/ChargedHiggsAnalysisV3/SKNanoOutput/MatrixSelector/Run3Mu/2018/Skim_TriLep_DoubleMuon_D.root
2026-01-12 13:44:44,341 - INFO - [2018] MISSING_CENTRAL: SR3Mu/Central/muons/3/min_dR_bjets in Skim_TriLep_DYJets10to50.root
2026-01-16 18:59:57,911 - INFO - [2018] MISSING_CENTRAL: SR3Mu/Central/muons/3/min_dR_bjets in Skim_TriLep_DYJets10to50.root
2026-01-28 16:08:06,525 - INFO - [2018] MISSING_CENTRAL: SR3Mu/Central/muons/3/min_dR_bjets in Skim_TriLep_DYJets10to50.root
2026-01-28 17:19:56,357 - INFO - [2018] MISSING_CENTRAL: SR3Mu/Central/muons/3/min_dR_bjets in Skim_TriLep_DYJets10to50.root
2026-01-28 19:53:31,521 - INFO - [2018] MISSING_CENTRAL: SR3Mu/Central/muons/3/min_dR_bjets in Skim_TriLep_DYJets10to50.root
2026-01-29 07:10:52,976 - INFO - [2018] MISSING_CENTRAL: SR3Mu/Central/muons/3/min_dR_bjets in Skim_TriLep_DYJets10to50.root
2026-03-06 09:39:21,281 - INFO - [2018] MISSING_CENTRAL: SR3Mu/Central/muons/3/min_dR_bjets in Skim_TriLep_DYJets10to50.root
2026-03-06 19:45:09,438 - INFO - [2018] MISSING_CENTRAL: SR3Mu/Central/muons/3/min_dR_bjets in Skim_TriLep_DYJets10to50.root
2026-03-12 21:33:38,155 - INFO - [2018] MISSING_CENTRAL: SR3Mu/Central/muons/3/min_dR_bjets in Skim_TriLep_DYJets10to50.root
2026-04-10 20:19:58,951 - INFO - [2018] MISSING_CENTRAL: SR3Mu/Central/muons/3/min_dR_bjets in Skim_TriLep_DYJets10to50.root
2026-04-12 11:35:03,901 - INFO - [2018] MISSING_CENTRAL: SR3Mu/Central/muons/3/min_dR_bjets in Skim_TriLep_DYJets10to50.root
2026-04-12 12:17:09,285 - INFO - [2018] MISSING_CENTRAL: SR3Mu/Central/muons/3/min_dR_bjets in Skim_TriLep_DYJets10to50.root
2026-04-12 12:36:48,205 - INFO - [2018] MISSING_CENTRAL: SR3Mu/Central/muons/3/min_dR_bjets in Skim_TriLep_DYJets10to50.root
2026-04-12 20:44:51,909 - INFO - [2018] MISSING_CENTRAL: SR3Mu/Central/muons/3/min_dR_bjets in Skim_TriLep_DYJets10to50.root
2026-04-12 21:16:30,022 - INFO - [2018] MISSING_CENTRAL: SR3Mu/Central/muons/3/min_dR_bjets in Skim_TriLep_DYJets10to50.root
2026-04-13 12:54:04,659 - INFO - [2018] MISSING_CENTRAL: SR3Mu/Central/muons/3/min_dR_bjets in Skim_TriLep_DYJets10to50.root
2026-04-16 17:29:49,246 - INFO - [2018] MISSING_CENTRAL: SR3Mu/Central/muons/3/min_dR_bjets in Skim_TriLep_DYJets10to50.root
2026-04-16 17:36:33,466 - INFO - [2018] MISSING_CENTRAL: SR3Mu/Central/muons/3/min_dR_bjets in Skim_TriLep_DYJets10to50.root
2026-04-28 15:10:27,700 - INFO - [2018] MISSING_CENTRAL: SR3Mu/Central/muons/3/min_dR_bjets in Skim_TriLep_DYJets10to50.root
2026-05-04 16:59:51,219 - INFO - [2018] MISSING_CENTRAL: SR3Mu/Central/muons/3/min_dR_bjets in Skim_TriLep_DYJets10to50.root
2026-05-04 17:06:11,532 - INFO - [2018] MISSING_CENTRAL: SR3Mu/Central/muons/3/min_dR_bjets in Skim_TriLep_DYJets10to50.root
2026-05-28 15:36:29,112 - INFO - [2018] MISSING_CENTRAL: SR3Mu/Central/muons/3/min_dR_bjets in Skim_TriLep_DYJets10to50.root
2026-05-28 15:43:04,754 - INFO - [2018] MISSING_CENTRAL: SR3Mu/Central/muons/3/min_dR_bjets in Skim_TriLep_DYJets10to50.root
2026-05-29 15:27:28,815 - INFO - [2018] MISSING_CENTRAL: SR3Mu/Central/muons/3/min_dR_bjets in Skim_TriLep_DYJets10to50.root
2026-05-29 15:33:59,495 - INFO - [2018] MISSING_CENTRAL: SR3Mu/Central/muons/3/min_dR_bjets in Skim_TriLep_DYJets10to50.root
2026-05-29 18:18:43,206 - INFO - [2018] MISSING_CENTRAL: SR3Mu/Central/muons/3/min_dR_bjets in Skim_TriLep_DYJets10to50.root
2026-05-29 18:25:08,211 - INFO - [2018] MISSING_CENTRAL: SR3Mu/Central/muons/3/min_dR_bjets in Skim_TriLep_DYJets10to50.root
2026-06-12 14:04:08,542 - INFO - [2018] MISSING_CENTRAL: SR3Mu/Central/muons/3/min_dR_bjets in Skim_TriLep_DYJets10to50.root
2026-06-12 14:25:31,465 - INFO - [2018] MISSING_CENTRAL: SR3Mu/Central/muons/3/min_dR_bjets in Skim_TriLep_DYJets10to50.root
2026-06-18 00:19:46,910 - INFO - [2018] MISSING_CENTRAL: SR3Mu/Central/muons/3/min_dR_bjets in Skim_TriLep_DYJets10to50.root
2026-07-01 17:34:14,294 - INFO - [2018] MISSING_CENTRAL: SR3Mu/Central/muons/3/min_dR_bjets in Skim_TriLep_DYJets10to50.root
2026-07-21 19:27:15,959 - INFO - [2018] MISSING_CENTRAL: SR3Mu/Central/muons/3/min_dR_bjets in Skim_TriLep_DYJets10to50.root
