2025-11-13 19:54:39,147 - INFO - [2018] MISSING_CENTRAL: SR3Mu/Central/pair_highM/phi in Skim_TriLep_DYJets10to50.root
2025-11-13 20:01:34,020 - INFO - [2018] MISSING_CENTRAL: SR3Mu/Central/pair_highM/phi in Skim_TriLep_DYJets10to50.root
2025-11-19 16:22:00,378 - INFO - [2018] MISSING_CENTRAL: SR3Mu/Central/pair_highM/phi in Skim_TriLep_DYJets10to50.root
2025-12-17 22:36:27,405 - INFO - [2018] MISSING_CENTRAL: SR3Mu/Central/pair_highM/phi in Skim_TriLep_DYJets10to50.root
2025-12-18 14:20:02,977 - INFO - [2018] MISSING_CENTRAL: SR3Mu/Central/pair_highM/phi in Skim_TriLep_DYJets10to50.root
2025-12-18 14:35:30,170 - INFO - [2018] MISSING_CENTRAL: SR3Mu/Central/pair_highM/phi in Skim_TriLep_DYJets10to50.root
2026-01-07 11:45:37,423 - INFO - [2018] MISSING_CENTRAL: SR3Mu/Central/pair_highM/phi in Skim_TriLep_DYJets10to50.root
2026-01-07 18:42:17,472 - INFO - [2018] MISSING_CENTRAL: SR3Mu/Central/pair_highM/phi in Skim_TriLep_DYJets10to50.root
2026-01-07 19:28:33,804 - INFO - [2018] MISSING_CENTRAL: SR3Mu/Central/pair_highM/phi in Skim_TriLep_DYJets10to50.root
2026-01-09 12:16:10,345 - INFO - [2018] MISSING_CENTRAL: SR3Mu/Central/pair_highM/phi in Skim_TriLep_DYJets10to50.root
2026-01-11 09:36:13,771 - INFO - [2018] MISSING_CENTRAL: SR3Mu/Central/pair_highM/phi in Skim_TriLep_DYJets10to50.root
2026-01-12 13:44:51,389 - INFO - [2018] MISSING_FILE: /home/choij/Sync/workspace/ChargedHiggsAnalysisV3/SKNanoOutput/MatrixSelector/Run3Mu/2018/Skim_TriLep_DoubleMuon_A.root
2026-01-12 13:44:51,389 - INFO - [2018] MISSING_FILE: /home/choij/Sync/workspace/ChargedHiggsAnalysisV3/SKNanoOutput/MatrixSelector/Run3Mu/2018/Skim_TriLep_DoubleMuon_B.root
2026-01-12 13:44:51,389 - INFO - [2018] MISSING_FILE: /home/choij/Sync/workspace/ChargedHiggsAnalysisV3/SKNanoOutput/MatrixSelector/Run3Mu/2018/Skim_TriLep_DoubleMuon_C.root
2026-01-12 13:44:51,389 - INFO - [2018] MISSING_FILE: /home/choij/Sync/workspace/ChargedHiggsAnalysisV3/SKNanoOutput/MatrixSelector/Run3Mu/2018/Skim_TriLep_DoubleMuon_D.root
2026-01-12 13:44:51,411 - INFO - [2018] MISSING_CENTRAL: SR3Mu/Central/pair_highM/phi in Skim_TriLep_DYJets10to50.root
2026-01-16 19:00:04,571 - INFO - [2018] MISSING_CENTRAL: SR3Mu/Central/pair_highM/phi in Skim_TriLep_DYJets10to50.root
2026-01-28 16:08:13,429 - INFO - [2018] MISSING_CENTRAL: SR3Mu/Central/pair_highM/phi in Skim_TriLep_DYJets10to50.root
2026-01-28 17:20:04,208 - INFO - [2018] MISSING_CENTRAL: SR3Mu/Central/pair_highM/phi in Skim_TriLep_DYJets10to50.root
2026-01-28 19:53:38,795 - INFO - [2018] MISSING_CENTRAL: SR3Mu/Central/pair_highM/phi in Skim_TriLep_DYJets10to50.root
2026-01-29 07:10:59,181 - INFO - [2018] MISSING_CENTRAL: SR3Mu/Central/pair_highM/phi in Skim_TriLep_DYJets10to50.root
2026-03-06 09:39:27,311 - INFO - [2018] MISSING_CENTRAL: SR3Mu/Central/pair_highM/phi in Skim_TriLep_DYJets10to50.root
2026-03-06 19:45:15,708 - INFO - [2018] MISSING_CENTRAL: SR3Mu/Central/pair_highM/phi in Skim_TriLep_DYJets10to50.root
2026-03-12 21:33:44,477 - INFO - [2018] MISSING_CENTRAL: SR3Mu/Central/pair_highM/phi in Skim_TriLep_DYJets10to50.root
2026-04-10 20:20:04,940 - INFO - [2018] MISSING_CENTRAL: SR3Mu/Central/pair_highM/phi in Skim_TriLep_DYJets10to50.root
2026-04-12 11:35:10,453 - INFO - [2018] MISSING_CENTRAL: SR3Mu/Central/pair_highM/phi in Skim_TriLep_DYJets10to50.root
2026-04-12 12:17:15,911 - INFO - [2018] MISSING_CENTRAL: SR3Mu/Central/pair_highM/phi in Skim_TriLep_DYJets10to50.root
2026-04-12 12:36:54,481 - INFO - [2018] MISSING_CENTRAL: SR3Mu/Central/pair_highM/phi in Skim_TriLep_DYJets10to50.root
2026-04-12 20:44:58,716 - INFO - [2018] MISSING_CENTRAL: SR3Mu/Central/pair_highM/phi in Skim_TriLep_DYJets10to50.root
2026-04-12 21:16:35,769 - INFO - [2018] MISSING_CENTRAL: SR3Mu/Central/pair_highM/phi in Skim_TriLep_DYJets10to50.root
2026-04-13 12:54:10,795 - INFO - [2018] MISSING_CENTRAL: SR3Mu/Central/pair_highM/phi in Skim_TriLep_DYJets10to50.root
2026-04-16 17:29:55,450 - INFO - [2018] MISSING_CENTRAL: SR3Mu/Central/pair_highM/phi in Skim_TriLep_DYJets10to50.root
2026-04-16 17:36:40,290 - INFO - [2018] MISSING_CENTRAL: SR3Mu/Central/pair_highM/phi in Skim_TriLep_DYJets10to50.root
2026-04-28 15:10:33,682 - INFO - [2018] MISSING_CENTRAL: SR3Mu/Central/pair_highM/phi in Skim_TriLep_DYJets10to50.root
2026-05-04 16:59:57,151 - INFO - [2018] MISSING_CENTRAL: SR3Mu/Central/pair_highM/phi in Skim_TriLep_DYJets10to50.root
2026-05-04 17:06:17,850 - INFO - [2018] MISSING_CENTRAL: SR3Mu/Central/pair_highM/phi in Skim_TriLep_DYJets10to50.root
2026-05-28 15:36:37,720 - INFO - [2018] MISSING_CENTRAL: SR3Mu/Central/pair_highM/phi in Skim_TriLep_DYJets10to50.root
2026-05-28 15:43:09,970 - INFO - [2018] MISSING_CENTRAL: SR3Mu/Central/pair_highM/phi in Skim_TriLep_DYJets10to50.root
2026-05-29 15:27:34,880 - INFO - [2018] MISSING_CENTRAL: SR3Mu/Central/pair_highM/phi in Skim_TriLep_DYJets10to50.root
2026-05-29 15:34:05,470 - INFO - [2018] MISSING_CENTRAL: SR3Mu/Central/pair_highM/phi in Skim_TriLep_DYJets10to50.root
2026-05-29 18:18:49,489 - INFO - [2018] MISSING_CENTRAL: SR3Mu/Central/pair_highM/phi in Skim_TriLep_DYJets10to50.root
2026-05-29 18:25:14,878 - INFO - [2018] MISSING_CENTRAL: SR3Mu/Central/pair_highM/phi in Skim_TriLep_DYJets10to50.root
2026-06-12 14:04:15,723 - INFO - [2018] MISSING_CENTRAL: SR3Mu/Central/pair_highM/phi in Skim_TriLep_DYJets10to50.root
2026-06-12 14:25:37,590 - INFO - [2018] MISSING_CENTRAL: SR3Mu/Central/pair_highM/phi in Skim_TriLep_DYJets10to50.root
2026-06-18 00:19:53,100 - INFO - [2018] MISSING_CENTRAL: SR3Mu/Central/pair_highM/phi in Skim_TriLep_DYJets10to50.root
2026-07-01 17:34:23,992 - INFO - [2018] MISSING_CENTRAL: SR3Mu/Central/pair_highM/phi in Skim_TriLep_DYJets10to50.root
2026-07-21 19:27:39,000 - INFO - [2018] MISSING_CENTRAL: SR3Mu/Central/pair_highM/phi in Skim_TriLep_DYJets10to50.root
2026-08-18 18:13:09,638 - INFO - [2018] MISSING_CENTRAL: SR3Mu/Central/pair_highM/phi in Skim_TriLep_DYJets10to50.root
2026-08-19 10:05:31,449 - INFO - [2018] MISSING_CENTRAL: SR3Mu/Central/pair_highM/phi in Skim_TriLep_DYJets10to50.root
