2026-06-29 16:41:16,678 - INFO - [2016preVFP] MISSING_CENTRAL: WZ3Mu/Central/jets/1/phi in Skim_TriLep_DYJets.root
2026-06-29 16:41:16,679 - INFO - [2016preVFP] MISSING_CENTRAL: WZ3Mu/Central/jets/1/phi in Skim_TriLep_DYJets10to50.root
2026-06-29 16:41:16,725 - INFO - [2016preVFP] MISSING_CENTRAL: WZ3Mu/Central/jets/1/phi in Skim_TriLep_TTG.root
2026-06-29 16:41:21,440 - INFO - [2016preVFP] MISSING_CENTRAL: WZ3Mu/Central/jets/1/phi in Skim_TriLep_DYJets.root
2026-06-29 16:41:21,441 - INFO - [2016preVFP] MISSING_CENTRAL: WZ3Mu/Central/jets/1/phi in Skim_TriLep_DYJets10to50.root
2026-06-29 16:41:21,442 - INFO - [2016preVFP] MISSING_CENTRAL: WZ3Mu/Central/jets/1/phi in Skim_TriLep_TTG.root
2026-06-29 16:41:21,454 - INFO - [2016preVFP] MISSING_FILE: /data9/Users/choij/Sync/workspace/ChargedHiggsAnalysisV3/SKNanoOutput/PromptAnalyzer/Run3Mu_RunNoWZSF_RunSyst_RunCR_NoTreeMode/2016preVFP/Skim_TriLep_WZTo3LNu_amcatnlo.root
2026-07-01 05:30:29,353 - INFO - [2016preVFP] MISSING_CENTRAL: WZ3Mu/Central/jets/1/phi in Skim_TriLep_DYJets.root
2026-07-01 05:30:29,353 - INFO - [2016preVFP] MISSING_CENTRAL: WZ3Mu/Central/jets/1/phi in Skim_TriLep_DYJets10to50.root
2026-07-01 05:30:29,354 - INFO - [2016preVFP] MISSING_CENTRAL: WZ3Mu/Central/jets/1/phi in Skim_TriLep_TTG.root
2026-07-01 05:57:28,881 - INFO - [2016preVFP] MISSING_FILE: /data9/Users/choij/Sync/workspace/ChargedHiggsAnalysisV3/SKNanoOutput/PromptAnalyzer/Run3Mu_RunCR_NoTreeMode/2016preVFP/Skim_TriLep_DoubleMuon_B.root
2026-07-01 05:57:28,881 - INFO - [2016preVFP] MISSING_FILE: /data9/Users/choij/Sync/workspace/ChargedHiggsAnalysisV3/SKNanoOutput/PromptAnalyzer/Run3Mu_RunCR_NoTreeMode/2016preVFP/Skim_TriLep_DoubleMuon_C.root
2026-07-01 05:57:28,881 - INFO - [2016preVFP] MISSING_FILE: /data9/Users/choij/Sync/workspace/ChargedHiggsAnalysisV3/SKNanoOutput/PromptAnalyzer/Run3Mu_RunCR_NoTreeMode/2016preVFP/Skim_TriLep_DoubleMuon_D.root
2026-07-01 05:57:28,884 - INFO - [2016preVFP] MISSING_FILE: /data9/Users/choij/Sync/workspace/ChargedHiggsAnalysisV3/SKNanoOutput/PromptAnalyzer/Run3Mu_RunCR_NoTreeMode/2016preVFP/Skim_TriLep_DoubleMuon_E.root
2026-07-01 05:57:28,884 - INFO - [2016preVFP] MISSING_FILE: /data9/Users/choij/Sync/workspace/ChargedHiggsAnalysisV3/SKNanoOutput/PromptAnalyzer/Run3Mu_RunCR_NoTreeMode/2016preVFP/Skim_TriLep_DoubleMuon_F.root
2026-07-01 15:23:37,331 - INFO - [2016preVFP] MISSING_CENTRAL: WZ3Mu/Central/jets/1/phi in Skim_TriLep_DYJets.root
2026-07-01 15:23:37,332 - INFO - [2016preVFP] MISSING_CENTRAL: WZ3Mu/Central/jets/1/phi in Skim_TriLep_DYJets10to50.root
2026-07-01 15:23:37,392 - INFO - [2016preVFP] MISSING_CENTRAL: WZ3Mu/Central/jets/1/phi in Skim_TriLep_TTG.root
2026-07-22 10:24:11,116 - INFO - [2016preVFP] MISSING_CENTRAL: WZ3Mu/Central/jets/1/phi in Skim_TriLep_DYJets.root
2026-07-22 10:24:11,116 - INFO - [2016preVFP] MISSING_CENTRAL: WZ3Mu/Central/jets/1/phi in Skim_TriLep_DYJets10to50.root
2026-07-22 10:24:11,117 - INFO - [2016preVFP] MISSING_CENTRAL: WZ3Mu/Central/jets/1/phi in Skim_TriLep_TTG.root
