2026-01-12 23:05:21,067 - INFO - [2018] MISSING_CENTRAL: TTZ2E1Mu/Central/bjets/3/py in Skim_TriLep_MuonEG_A.root
2026-01-12 23:05:21,069 - INFO - [2018] MISSING_CENTRAL: TTZ2E1Mu/Central/bjets/3/py in Skim_TriLep_MuonEG_B.root
2026-01-12 23:05:21,070 - INFO - [2018] MISSING_CENTRAL: TTZ2E1Mu/Central/bjets/3/py in Skim_TriLep_MuonEG_C.root
2026-01-12 23:05:21,207 - INFO - [2018] MISSING_CENTRAL: TTZ2E1Mu/Central/bjets/3/py in Skim_TriLep_DYJets.root
2026-01-12 23:05:21,208 - INFO - [2018] MISSING_CENTRAL: TTZ2E1Mu/Central/bjets/3/py in Skim_TriLep_DYJets10to50.root
2026-01-12 23:05:21,209 - INFO - [2018] MISSING_CENTRAL: TTZ2E1Mu/Central/bjets/3/py in Skim_TriLep_TTG.root
2026-01-12 23:05:21,210 - INFO - [2018] MISSING_CENTRAL: TTZ2E1Mu/Central/bjets/3/py in Skim_TriLep_WWG.root
2026-01-12 23:05:21,578 - INFO - [2018] MISSING_CENTRAL: TTZ2E1Mu/Central/bjets/3/py in Skim_TriLep_WWW.root
2026-01-12 23:05:21,779 - INFO - [2018] MISSING_CENTRAL: TTZ2E1Mu/Central/bjets/3/py in Skim_TriLep_VBFHToZZTo4L.root
2026-01-12 23:05:21,781 - INFO - [2018] MISSING_CENTRAL: TTZ2E1Mu/Central/bjets/3/py in Skim_TriLep_ggHToZZTo4L.root
2026-01-13 14:58:10,365 - INFO - [2018] MISSING_CENTRAL: TTZ2E1Mu/Central/bjets/3/py in Skim_TriLep_MuonEG_A.root
2026-01-13 14:58:10,366 - INFO - [2018] MISSING_CENTRAL: TTZ2E1Mu/Central/bjets/3/py in Skim_TriLep_MuonEG_B.root
2026-01-13 14:58:10,367 - INFO - [2018] MISSING_CENTRAL: TTZ2E1Mu/Central/bjets/3/py in Skim_TriLep_MuonEG_C.root
2026-01-13 14:58:10,462 - INFO - [2018] MISSING_CENTRAL: TTZ2E1Mu/Central/bjets/3/py in Skim_TriLep_DYJets.root
2026-01-13 14:58:10,464 - INFO - [2018] MISSING_CENTRAL: TTZ2E1Mu/Central/bjets/3/py in Skim_TriLep_DYJets10to50.root
2026-01-13 14:58:10,468 - INFO - [2018] MISSING_CENTRAL: TTZ2E1Mu/Central/bjets/3/py in Skim_TriLep_TTG.root
2026-01-13 14:58:10,470 - INFO - [2018] MISSING_CENTRAL: TTZ2E1Mu/Central/bjets/3/py in Skim_TriLep_WWG.root
2026-01-13 14:58:10,721 - INFO - [2018] MISSING_CENTRAL: TTZ2E1Mu/Central/bjets/3/py in Skim_TriLep_WWW.root
2026-01-13 14:58:10,927 - INFO - [2018] MISSING_CENTRAL: TTZ2E1Mu/Central/bjets/3/py in Skim_TriLep_VBFHToZZTo4L.root
2026-01-13 14:58:10,929 - INFO - [2018] MISSING_CENTRAL: TTZ2E1Mu/Central/bjets/3/py in Skim_TriLep_ggHToZZTo4L.root
2026-01-16 19:00:23,879 - INFO - [2018] MISSING_CENTRAL: TTZ2E1Mu/Central/bjets/3/py in Skim_TriLep_MuonEG_A.root
2026-01-16 19:00:23,880 - INFO - [2018] MISSING_CENTRAL: TTZ2E1Mu/Central/bjets/3/py in Skim_TriLep_MuonEG_B.root
2026-01-16 19:00:23,880 - INFO - [2018] MISSING_CENTRAL: TTZ2E1Mu/Central/bjets/3/py in Skim_TriLep_MuonEG_C.root
2026-01-16 19:00:23,971 - INFO - [2018] MISSING_CENTRAL: TTZ2E1Mu/Central/bjets/3/py in Skim_TriLep_DYJets.root
2026-01-16 19:00:23,972 - INFO - [2018] MISSING_CENTRAL: TTZ2E1Mu/Central/bjets/3/py in Skim_TriLep_DYJets10to50.root
2026-01-16 19:00:23,972 - INFO - [2018] MISSING_CENTRAL: TTZ2E1Mu/Central/bjets/3/py in Skim_TriLep_TTG.root
2026-01-16 19:00:23,973 - INFO - [2018] MISSING_CENTRAL: TTZ2E1Mu/Central/bjets/3/py in Skim_TriLep_WWG.root
2026-01-16 19:00:24,100 - INFO - [2018] MISSING_CENTRAL: TTZ2E1Mu/Central/bjets/3/py in Skim_TriLep_WWW.root
2026-01-16 19:00:24,170 - INFO - [2018] MISSING_CENTRAL: TTZ2E1Mu/Central/bjets/3/py in Skim_TriLep_VBFHToZZTo4L.root
2026-01-16 19:00:24,170 - INFO - [2018] MISSING_CENTRAL: TTZ2E1Mu/Central/bjets/3/py in Skim_TriLep_ggHToZZTo4L.root
2026-01-28 16:08:27,078 - INFO - [2018] MISSING_CENTRAL: TTZ2E1Mu/Central/bjets/3/py in Skim_TriLep_MuonEG_A.root
2026-01-28 16:08:27,079 - INFO - [2018] MISSING_CENTRAL: TTZ2E1Mu/Central/bjets/3/py in Skim_TriLep_MuonEG_B.root
2026-01-28 16:08:27,079 - INFO - [2018] MISSING_CENTRAL: TTZ2E1Mu/Central/bjets/3/py in Skim_TriLep_MuonEG_C.root
2026-01-28 16:08:27,133 - INFO - [2018] MISSING_CENTRAL: TTZ2E1Mu/Central/bjets/3/py in Skim_TriLep_DYJets.root
2026-01-28 16:08:27,133 - INFO - [2018] MISSING_CENTRAL: TTZ2E1Mu/Central/bjets/3/py in Skim_TriLep_DYJets10to50.root
2026-01-28 16:08:27,134 - INFO - [2018] MISSING_CENTRAL: TTZ2E1Mu/Central/bjets/3/py in Skim_TriLep_TTG.root
2026-01-28 16:08:27,134 - INFO - [2018] MISSING_CENTRAL: TTZ2E1Mu/Central/bjets/3/py in Skim_TriLep_WWG.root
2026-01-28 16:08:27,276 - INFO - [2018] MISSING_CENTRAL: TTZ2E1Mu/Central/bjets/3/py in Skim_TriLep_WWW.root
2026-01-28 16:08:27,351 - INFO - [2018] MISSING_CENTRAL: TTZ2E1Mu/Central/bjets/3/py in Skim_TriLep_VBFHToZZTo4L.root
2026-01-28 16:08:27,352 - INFO - [2018] MISSING_CENTRAL: TTZ2E1Mu/Central/bjets/3/py in Skim_TriLep_ggHToZZTo4L.root
2026-01-28 17:20:18,105 - INFO - [2018] MISSING_CENTRAL: TTZ2E1Mu/Central/bjets/3/py in Skim_TriLep_MuonEG_A.root
2026-01-28 17:20:18,106 - INFO - [2018] MISSING_CENTRAL: TTZ2E1Mu/Central/bjets/3/py in Skim_TriLep_MuonEG_B.root
2026-01-28 17:20:18,107 - INFO - [2018] MISSING_CENTRAL: TTZ2E1Mu/Central/bjets/3/py in Skim_TriLep_MuonEG_C.root
2026-01-28 17:20:18,181 - INFO - [2018] MISSING_CENTRAL: TTZ2E1Mu/Central/bjets/3/py in Skim_TriLep_DYJets.root
2026-01-28 17:20:18,182 - INFO - [2018] MISSING_CENTRAL: TTZ2E1Mu/Central/bjets/3/py in Skim_TriLep_DYJets10to50.root
2026-01-28 17:20:18,182 - INFO - [2018] MISSING_CENTRAL: TTZ2E1Mu/Central/bjets/3/py in Skim_TriLep_TTG.root
2026-01-28 17:20:18,183 - INFO - [2018] MISSING_CENTRAL: TTZ2E1Mu/Central/bjets/3/py in Skim_TriLep_WWG.root
2026-01-28 17:20:18,414 - INFO - [2018] MISSING_CENTRAL: TTZ2E1Mu/Central/bjets/3/py in Skim_TriLep_WWW.root
2026-01-28 17:20:18,518 - INFO - [2018] MISSING_CENTRAL: TTZ2E1Mu/Central/bjets/3/py in Skim_TriLep_VBFHToZZTo4L.root
2026-01-28 17:20:18,519 - INFO - [2018] MISSING_CENTRAL: TTZ2E1Mu/Central/bjets/3/py in Skim_TriLep_ggHToZZTo4L.root
2026-01-28 19:53:51,816 - INFO - [2018] MISSING_CENTRAL: TTZ2E1Mu/Central/bjets/3/py in Skim_TriLep_MuonEG_A.root
2026-01-28 19:53:51,817 - INFO - [2018] MISSING_CENTRAL: TTZ2E1Mu/Central/bjets/3/py in Skim_TriLep_MuonEG_B.root
2026-01-28 19:53:51,818 - INFO - [2018] MISSING_CENTRAL: TTZ2E1Mu/Central/bjets/3/py in Skim_TriLep_MuonEG_C.root
2026-01-28 19:53:51,883 - INFO - [2018] MISSING_CENTRAL: TTZ2E1Mu/Central/bjets/3/py in Skim_TriLep_DYJets.root
2026-01-28 19:53:51,884 - INFO - [2018] MISSING_CENTRAL: TTZ2E1Mu/Central/bjets/3/py in Skim_TriLep_DYJets10to50.root
2026-01-28 19:53:51,885 - INFO - [2018] MISSING_CENTRAL: TTZ2E1Mu/Central/bjets/3/py in Skim_TriLep_TTG.root
2026-01-28 19:53:51,885 - INFO - [2018] MISSING_CENTRAL: TTZ2E1Mu/Central/bjets/3/py in Skim_TriLep_WWG.root
2026-01-28 19:53:52,079 - INFO - [2018] MISSING_CENTRAL: TTZ2E1Mu/Central/bjets/3/py in Skim_TriLep_WWW.root
2026-01-28 19:53:52,183 - INFO - [2018] MISSING_CENTRAL: TTZ2E1Mu/Central/bjets/3/py in Skim_TriLep_VBFHToZZTo4L.root
2026-01-28 19:53:52,184 - INFO - [2018] MISSING_CENTRAL: TTZ2E1Mu/Central/bjets/3/py in Skim_TriLep_ggHToZZTo4L.root
2026-01-29 07:11:12,069 - INFO - [2018] MISSING_CENTRAL: TTZ2E1Mu/Central/bjets/3/py in Skim_TriLep_MuonEG_A.root
2026-01-29 07:11:12,070 - INFO - [2018] MISSING_CENTRAL: TTZ2E1Mu/Central/bjets/3/py in Skim_TriLep_MuonEG_B.root
2026-01-29 07:11:12,071 - INFO - [2018] MISSING_CENTRAL: TTZ2E1Mu/Central/bjets/3/py in Skim_TriLep_MuonEG_C.root
2026-01-29 07:11:12,139 - INFO - [2018] MISSING_CENTRAL: TTZ2E1Mu/Central/bjets/3/py in Skim_TriLep_DYJets.root
2026-01-29 07:11:12,139 - INFO - [2018] MISSING_CENTRAL: TTZ2E1Mu/Central/bjets/3/py in Skim_TriLep_DYJets10to50.root
2026-01-29 07:11:12,140 - INFO - [2018] MISSING_CENTRAL: TTZ2E1Mu/Central/bjets/3/py in Skim_TriLep_TTG.root
2026-01-29 07:11:12,141 - INFO - [2018] MISSING_CENTRAL: TTZ2E1Mu/Central/bjets/3/py in Skim_TriLep_WWG.root
2026-01-29 07:11:12,270 - INFO - [2018] MISSING_CENTRAL: TTZ2E1Mu/Central/bjets/3/py in Skim_TriLep_WWW.root
2026-01-29 07:11:12,336 - INFO - [2018] MISSING_CENTRAL: TTZ2E1Mu/Central/bjets/3/py in Skim_TriLep_VBFHToZZTo4L.root
2026-01-29 07:11:12,337 - INFO - [2018] MISSING_CENTRAL: TTZ2E1Mu/Central/bjets/3/py in Skim_TriLep_ggHToZZTo4L.root
2026-03-06 09:39:40,200 - INFO - [2018] MISSING_CENTRAL: TTZ2E1Mu/Central/bjets/3/py in Skim_TriLep_MuonEG_A.root
2026-03-06 09:39:40,201 - INFO - [2018] MISSING_CENTRAL: TTZ2E1Mu/Central/bjets/3/py in Skim_TriLep_MuonEG_B.root
2026-03-06 09:39:40,202 - INFO - [2018] MISSING_CENTRAL: TTZ2E1Mu/Central/bjets/3/py in Skim_TriLep_MuonEG_C.root
2026-03-06 09:39:40,274 - INFO - [2018] MISSING_CENTRAL: TTZ2E1Mu/Central/bjets/3/py in Skim_TriLep_DYJets.root
2026-03-06 09:39:40,275 - INFO - [2018] MISSING_CENTRAL: TTZ2E1Mu/Central/bjets/3/py in Skim_TriLep_DYJets10to50.root
2026-03-06 09:39:40,276 - INFO - [2018] MISSING_CENTRAL: TTZ2E1Mu/Central/bjets/3/py in Skim_TriLep_TTG.root
2026-03-06 09:39:40,276 - INFO - [2018] MISSING_CENTRAL: TTZ2E1Mu/Central/bjets/3/py in Skim_TriLep_WWG.root
2026-03-06 09:39:40,412 - INFO - [2018] MISSING_CENTRAL: TTZ2E1Mu/Central/bjets/3/py in Skim_TriLep_WWW.root
2026-03-06 09:39:40,481 - INFO - [2018] MISSING_CENTRAL: TTZ2E1Mu/Central/bjets/3/py in Skim_TriLep_VBFHToZZTo4L.root
2026-03-06 09:39:40,482 - INFO - [2018] MISSING_CENTRAL: TTZ2E1Mu/Central/bjets/3/py in Skim_TriLep_ggHToZZTo4L.root
2026-03-06 19:45:28,478 - INFO - [2018] MISSING_CENTRAL: TTZ2E1Mu/Central/bjets/3/py in Skim_TriLep_MuonEG_A.root
2026-03-06 19:45:28,479 - INFO - [2018] MISSING_CENTRAL: TTZ2E1Mu/Central/bjets/3/py in Skim_TriLep_MuonEG_B.root
2026-03-06 19:45:28,479 - INFO - [2018] MISSING_CENTRAL: TTZ2E1Mu/Central/bjets/3/py in Skim_TriLep_MuonEG_C.root
2026-03-06 19:45:28,546 - INFO - [2018] MISSING_CENTRAL: TTZ2E1Mu/Central/bjets/3/py in Skim_TriLep_DYJets.root
2026-03-06 19:45:28,547 - INFO - [2018] MISSING_CENTRAL: TTZ2E1Mu/Central/bjets/3/py in Skim_TriLep_DYJets10to50.root
2026-03-06 19:45:28,547 - INFO - [2018] MISSING_CENTRAL: TTZ2E1Mu/Central/bjets/3/py in Skim_TriLep_TTG.root
2026-03-06 19:45:28,548 - INFO - [2018] MISSING_CENTRAL: TTZ2E1Mu/Central/bjets/3/py in Skim_TriLep_WWG.root
2026-03-06 19:45:28,677 - INFO - [2018] MISSING_CENTRAL: TTZ2E1Mu/Central/bjets/3/py in Skim_TriLep_WWW.root
2026-03-06 19:45:28,748 - INFO - [2018] MISSING_CENTRAL: TTZ2E1Mu/Central/bjets/3/py in Skim_TriLep_VBFHToZZTo4L.root
2026-03-06 19:45:28,748 - INFO - [2018] MISSING_CENTRAL: TTZ2E1Mu/Central/bjets/3/py in Skim_TriLep_ggHToZZTo4L.root
2026-03-12 21:33:57,375 - INFO - [2018] MISSING_CENTRAL: TTZ2E1Mu/Central/bjets/3/py in Skim_TriLep_MuonEG_A.root
2026-03-12 21:33:57,376 - INFO - [2018] MISSING_CENTRAL: TTZ2E1Mu/Central/bjets/3/py in Skim_TriLep_MuonEG_B.root
2026-03-12 21:33:57,376 - INFO - [2018] MISSING_CENTRAL: TTZ2E1Mu/Central/bjets/3/py in Skim_TriLep_MuonEG_C.root
2026-03-12 21:33:57,446 - INFO - [2018] MISSING_CENTRAL: TTZ2E1Mu/Central/bjets/3/py in Skim_TriLep_DYJets.root
2026-03-12 21:33:57,446 - INFO - [2018] MISSING_CENTRAL: TTZ2E1Mu/Central/bjets/3/py in Skim_TriLep_DYJets10to50.root
2026-03-12 21:33:57,447 - INFO - [2018] MISSING_CENTRAL: TTZ2E1Mu/Central/bjets/3/py in Skim_TriLep_TTG.root
2026-03-12 21:33:57,447 - INFO - [2018] MISSING_CENTRAL: TTZ2E1Mu/Central/bjets/3/py in Skim_TriLep_WWG.root
2026-03-12 21:33:57,583 - INFO - [2018] MISSING_CENTRAL: TTZ2E1Mu/Central/bjets/3/py in Skim_TriLep_WWW.root
2026-03-12 21:33:57,656 - INFO - [2018] MISSING_CENTRAL: TTZ2E1Mu/Central/bjets/3/py in Skim_TriLep_VBFHToZZTo4L.root
2026-03-12 21:33:57,657 - INFO - [2018] MISSING_CENTRAL: TTZ2E1Mu/Central/bjets/3/py in Skim_TriLep_ggHToZZTo4L.root
2026-03-12 21:34:09,460 - INFO - [2018] MISSING_CENTRAL: TTZ2E1Mu/Central/bjets/3/py in Skim_TriLep_MuonEG_A.root
2026-03-12 21:34:09,461 - INFO - [2018] MISSING_CENTRAL: TTZ2E1Mu/Central/bjets/3/py in Skim_TriLep_MuonEG_B.root
2026-03-12 21:34:09,461 - INFO - [2018] MISSING_CENTRAL: TTZ2E1Mu/Central/bjets/3/py in Skim_TriLep_MuonEG_C.root
2026-03-12 21:34:09,528 - INFO - [2018] MISSING_CENTRAL: TTZ2E1Mu/Central/bjets/3/py in Skim_TriLep_DYJets.root
2026-03-12 21:34:09,529 - INFO - [2018] MISSING_CENTRAL: TTZ2E1Mu/Central/bjets/3/py in Skim_TriLep_DYJets10to50.root
2026-03-12 21:34:09,529 - INFO - [2018] MISSING_CENTRAL: TTZ2E1Mu/Central/bjets/3/py in Skim_TriLep_TTG.root
2026-03-12 21:34:09,530 - INFO - [2018] MISSING_CENTRAL: TTZ2E1Mu/Central/bjets/3/py in Skim_TriLep_WWG.root
2026-03-12 21:34:09,659 - INFO - [2018] MISSING_CENTRAL: TTZ2E1Mu/Central/bjets/3/py in Skim_TriLep_WWW.root
2026-03-12 21:34:09,729 - INFO - [2018] MISSING_CENTRAL: TTZ2E1Mu/Central/bjets/3/py in Skim_TriLep_VBFHToZZTo4L.root
2026-03-12 21:34:09,730 - INFO - [2018] MISSING_CENTRAL: TTZ2E1Mu/Central/bjets/3/py in Skim_TriLep_ggHToZZTo4L.root
2026-04-10 20:20:17,443 - INFO - [2018] MISSING_CENTRAL: TTZ2E1Mu/Central/bjets/3/py in Skim_TriLep_MuonEG_A.root
2026-04-10 20:20:17,444 - INFO - [2018] MISSING_CENTRAL: TTZ2E1Mu/Central/bjets/3/py in Skim_TriLep_MuonEG_B.root
2026-04-10 20:20:17,445 - INFO - [2018] MISSING_CENTRAL: TTZ2E1Mu/Central/bjets/3/py in Skim_TriLep_MuonEG_C.root
2026-04-10 20:20:17,517 - INFO - [2018] MISSING_CENTRAL: TTZ2E1Mu/Central/bjets/3/py in Skim_TriLep_DYJets.root
2026-04-10 20:20:17,517 - INFO - [2018] MISSING_CENTRAL: TTZ2E1Mu/Central/bjets/3/py in Skim_TriLep_DYJets10to50.root
2026-04-10 20:20:17,518 - INFO - [2018] MISSING_CENTRAL: TTZ2E1Mu/Central/bjets/3/py in Skim_TriLep_TTG.root
2026-04-10 20:20:17,518 - INFO - [2018] MISSING_CENTRAL: TTZ2E1Mu/Central/bjets/3/py in Skim_TriLep_WWG.root
2026-04-10 20:20:17,662 - INFO - [2018] MISSING_CENTRAL: TTZ2E1Mu/Central/bjets/3/py in Skim_TriLep_WWW.root
2026-04-10 20:20:17,737 - INFO - [2018] MISSING_CENTRAL: TTZ2E1Mu/Central/bjets/3/py in Skim_TriLep_VBFHToZZTo4L.root
2026-04-10 20:20:17,738 - INFO - [2018] MISSING_CENTRAL: TTZ2E1Mu/Central/bjets/3/py in Skim_TriLep_ggHToZZTo4L.root
2026-04-10 20:20:28,708 - INFO - [2018] MISSING_CENTRAL: TTZ2E1Mu/Central/bjets/3/py in Skim_TriLep_MuonEG_A.root
2026-04-10 20:20:28,708 - INFO - [2018] MISSING_CENTRAL: TTZ2E1Mu/Central/bjets/3/py in Skim_TriLep_MuonEG_B.root
2026-04-10 20:20:28,709 - INFO - [2018] MISSING_CENTRAL: TTZ2E1Mu/Central/bjets/3/py in Skim_TriLep_MuonEG_C.root
2026-04-10 20:20:28,775 - INFO - [2018] MISSING_CENTRAL: TTZ2E1Mu/Central/bjets/3/py in Skim_TriLep_DYJets.root
2026-04-10 20:20:28,776 - INFO - [2018] MISSING_CENTRAL: TTZ2E1Mu/Central/bjets/3/py in Skim_TriLep_DYJets10to50.root
2026-04-10 20:20:28,776 - INFO - [2018] MISSING_CENTRAL: TTZ2E1Mu/Central/bjets/3/py in Skim_TriLep_TTG.root
2026-04-10 20:20:28,777 - INFO - [2018] MISSING_CENTRAL: TTZ2E1Mu/Central/bjets/3/py in Skim_TriLep_WWG.root
2026-04-10 20:20:28,899 - INFO - [2018] MISSING_CENTRAL: TTZ2E1Mu/Central/bjets/3/py in Skim_TriLep_WWW.root
2026-04-10 20:20:28,965 - INFO - [2018] MISSING_CENTRAL: TTZ2E1Mu/Central/bjets/3/py in Skim_TriLep_VBFHToZZTo4L.root
2026-04-10 20:20:28,965 - INFO - [2018] MISSING_CENTRAL: TTZ2E1Mu/Central/bjets/3/py in Skim_TriLep_ggHToZZTo4L.root
2026-04-12 11:35:23,405 - INFO - [2018] MISSING_CENTRAL: TTZ2E1Mu/Central/bjets/3/py in Skim_TriLep_MuonEG_A.root
2026-04-12 11:35:23,406 - INFO - [2018] MISSING_CENTRAL: TTZ2E1Mu/Central/bjets/3/py in Skim_TriLep_MuonEG_B.root
2026-04-12 11:35:23,407 - INFO - [2018] MISSING_CENTRAL: TTZ2E1Mu/Central/bjets/3/py in Skim_TriLep_MuonEG_C.root
2026-04-12 11:35:23,476 - INFO - [2018] MISSING_CENTRAL: TTZ2E1Mu/Central/bjets/3/py in Skim_TriLep_DYJets.root
2026-04-12 11:35:23,477 - INFO - [2018] MISSING_CENTRAL: TTZ2E1Mu/Central/bjets/3/py in Skim_TriLep_DYJets10to50.root
2026-04-12 11:35:23,477 - INFO - [2018] MISSING_CENTRAL: TTZ2E1Mu/Central/bjets/3/py in Skim_TriLep_TTG.root
2026-04-12 11:35:23,478 - INFO - [2018] MISSING_CENTRAL: TTZ2E1Mu/Central/bjets/3/py in Skim_TriLep_WWG.root
2026-04-12 11:35:23,582 - INFO - [2018] MISSING_CENTRAL: TTZ2E1Mu/Central/bjets/3/py in Skim_TriLep_WWW.root
2026-04-12 11:35:23,628 - INFO - [2018] MISSING_CENTRAL: TTZ2E1Mu/Central/bjets/3/py in Skim_TriLep_VBFHToZZTo4L.root
2026-04-12 11:35:23,628 - INFO - [2018] MISSING_CENTRAL: TTZ2E1Mu/Central/bjets/3/py in Skim_TriLep_ggHToZZTo4L.root
2026-04-12 11:35:35,211 - INFO - [2018] MISSING_CENTRAL: TTZ2E1Mu/Central/bjets/3/py in Skim_TriLep_MuonEG_A.root
2026-04-12 11:35:35,212 - INFO - [2018] MISSING_CENTRAL: TTZ2E1Mu/Central/bjets/3/py in Skim_TriLep_MuonEG_B.root
2026-04-12 11:35:35,213 - INFO - [2018] MISSING_CENTRAL: TTZ2E1Mu/Central/bjets/3/py in Skim_TriLep_MuonEG_C.root
2026-04-12 11:35:35,279 - INFO - [2018] MISSING_CENTRAL: TTZ2E1Mu/Central/bjets/3/py in Skim_TriLep_DYJets.root
2026-04-12 11:35:35,280 - INFO - [2018] MISSING_CENTRAL: TTZ2E1Mu/Central/bjets/3/py in Skim_TriLep_DYJets10to50.root
2026-04-12 11:35:35,281 - INFO - [2018] MISSING_CENTRAL: TTZ2E1Mu/Central/bjets/3/py in Skim_TriLep_TTG.root
2026-04-12 11:35:35,281 - INFO - [2018] MISSING_CENTRAL: TTZ2E1Mu/Central/bjets/3/py in Skim_TriLep_WWG.root
2026-04-12 11:35:35,403 - INFO - [2018] MISSING_CENTRAL: TTZ2E1Mu/Central/bjets/3/py in Skim_TriLep_WWW.root
2026-04-12 11:35:35,473 - INFO - [2018] MISSING_CENTRAL: TTZ2E1Mu/Central/bjets/3/py in Skim_TriLep_VBFHToZZTo4L.root
2026-04-12 11:35:35,474 - INFO - [2018] MISSING_CENTRAL: TTZ2E1Mu/Central/bjets/3/py in Skim_TriLep_ggHToZZTo4L.root
2026-04-12 12:17:27,414 - INFO - [2018] MISSING_CENTRAL: TTZ2E1Mu/Central/bjets/3/py in Skim_TriLep_MuonEG_A.root
2026-04-12 12:17:27,415 - INFO - [2018] MISSING_CENTRAL: TTZ2E1Mu/Central/bjets/3/py in Skim_TriLep_MuonEG_B.root
2026-04-12 12:17:27,415 - INFO - [2018] MISSING_CENTRAL: TTZ2E1Mu/Central/bjets/3/py in Skim_TriLep_MuonEG_C.root
2026-04-12 12:17:27,482 - INFO - [2018] MISSING_CENTRAL: TTZ2E1Mu/Central/bjets/3/py in Skim_TriLep_DYJets.root
2026-04-12 12:17:27,483 - INFO - [2018] MISSING_CENTRAL: TTZ2E1Mu/Central/bjets/3/py in Skim_TriLep_DYJets10to50.root
2026-04-12 12:17:27,484 - INFO - [2018] MISSING_CENTRAL: TTZ2E1Mu/Central/bjets/3/py in Skim_TriLep_TTG.root
2026-04-12 12:17:27,485 - INFO - [2018] MISSING_CENTRAL: TTZ2E1Mu/Central/bjets/3/py in Skim_TriLep_WWG.root
2026-04-12 12:17:27,613 - INFO - [2018] MISSING_CENTRAL: TTZ2E1Mu/Central/bjets/3/py in Skim_TriLep_WWW.root
2026-04-12 12:17:27,681 - INFO - [2018] MISSING_CENTRAL: TTZ2E1Mu/Central/bjets/3/py in Skim_TriLep_VBFHToZZTo4L.root
2026-04-12 12:17:27,682 - INFO - [2018] MISSING_CENTRAL: TTZ2E1Mu/Central/bjets/3/py in Skim_TriLep_ggHToZZTo4L.root
2026-04-12 12:17:38,375 - INFO - [2018] MISSING_CENTRAL: TTZ2E1Mu/Central/bjets/3/py in Skim_TriLep_MuonEG_A.root
2026-04-12 12:17:38,376 - INFO - [2018] MISSING_CENTRAL: TTZ2E1Mu/Central/bjets/3/py in Skim_TriLep_MuonEG_B.root
2026-04-12 12:17:38,377 - INFO - [2018] MISSING_CENTRAL: TTZ2E1Mu/Central/bjets/3/py in Skim_TriLep_MuonEG_C.root
2026-04-12 12:17:38,446 - INFO - [2018] MISSING_CENTRAL: TTZ2E1Mu/Central/bjets/3/py in Skim_TriLep_DYJets.root
2026-04-12 12:17:38,447 - INFO - [2018] MISSING_CENTRAL: TTZ2E1Mu/Central/bjets/3/py in Skim_TriLep_DYJets10to50.root
2026-04-12 12:17:38,447 - INFO - [2018] MISSING_CENTRAL: TTZ2E1Mu/Central/bjets/3/py in Skim_TriLep_TTG.root
2026-04-12 12:17:38,448 - INFO - [2018] MISSING_CENTRAL: TTZ2E1Mu/Central/bjets/3/py in Skim_TriLep_WWG.root
2026-04-12 12:17:38,575 - INFO - [2018] MISSING_CENTRAL: TTZ2E1Mu/Central/bjets/3/py in Skim_TriLep_WWW.root
2026-04-12 12:17:38,643 - INFO - [2018] MISSING_CENTRAL: TTZ2E1Mu/Central/bjets/3/py in Skim_TriLep_VBFHToZZTo4L.root
2026-04-12 12:17:38,644 - INFO - [2018] MISSING_CENTRAL: TTZ2E1Mu/Central/bjets/3/py in Skim_TriLep_ggHToZZTo4L.root
2026-04-12 12:37:06,157 - INFO - [2018] MISSING_CENTRAL: TTZ2E1Mu/Central/bjets/3/py in Skim_TriLep_MuonEG_A.root
2026-04-12 12:37:06,158 - INFO - [2018] MISSING_CENTRAL: TTZ2E1Mu/Central/bjets/3/py in Skim_TriLep_MuonEG_B.root
2026-04-12 12:37:06,158 - INFO - [2018] MISSING_CENTRAL: TTZ2E1Mu/Central/bjets/3/py in Skim_TriLep_MuonEG_C.root
2026-04-12 12:37:06,230 - INFO - [2018] MISSING_CENTRAL: TTZ2E1Mu/Central/bjets/3/py in Skim_TriLep_DYJets.root
2026-04-12 12:37:06,230 - INFO - [2018] MISSING_CENTRAL: TTZ2E1Mu/Central/bjets/3/py in Skim_TriLep_DYJets10to50.root
2026-04-12 12:37:06,231 - INFO - [2018] MISSING_CENTRAL: TTZ2E1Mu/Central/bjets/3/py in Skim_TriLep_TTG.root
2026-04-12 12:37:06,231 - INFO - [2018] MISSING_CENTRAL: TTZ2E1Mu/Central/bjets/3/py in Skim_TriLep_WWG.root
2026-04-12 12:37:06,360 - INFO - [2018] MISSING_CENTRAL: TTZ2E1Mu/Central/bjets/3/py in Skim_TriLep_WWW.root
2026-04-12 12:37:06,433 - INFO - [2018] MISSING_CENTRAL: TTZ2E1Mu/Central/bjets/3/py in Skim_TriLep_VBFHToZZTo4L.root
2026-04-12 12:37:06,434 - INFO - [2018] MISSING_CENTRAL: TTZ2E1Mu/Central/bjets/3/py in Skim_TriLep_ggHToZZTo4L.root
2026-04-12 12:37:17,090 - INFO - [2018] MISSING_CENTRAL: TTZ2E1Mu/Central/bjets/3/py in Skim_TriLep_MuonEG_A.root
2026-04-12 12:37:17,091 - INFO - [2018] MISSING_CENTRAL: TTZ2E1Mu/Central/bjets/3/py in Skim_TriLep_MuonEG_B.root
2026-04-12 12:37:17,091 - INFO - [2018] MISSING_CENTRAL: TTZ2E1Mu/Central/bjets/3/py in Skim_TriLep_MuonEG_C.root
2026-04-12 12:37:17,158 - INFO - [2018] MISSING_CENTRAL: TTZ2E1Mu/Central/bjets/3/py in Skim_TriLep_DYJets.root
2026-04-12 12:37:17,158 - INFO - [2018] MISSING_CENTRAL: TTZ2E1Mu/Central/bjets/3/py in Skim_TriLep_DYJets10to50.root
2026-04-12 12:37:17,159 - INFO - [2018] MISSING_CENTRAL: TTZ2E1Mu/Central/bjets/3/py in Skim_TriLep_TTG.root
2026-04-12 12:37:17,160 - INFO - [2018] MISSING_CENTRAL: TTZ2E1Mu/Central/bjets/3/py in Skim_TriLep_WWG.root
2026-04-12 12:37:17,288 - INFO - [2018] MISSING_CENTRAL: TTZ2E1Mu/Central/bjets/3/py in Skim_TriLep_WWW.root
2026-04-12 12:37:17,355 - INFO - [2018] MISSING_CENTRAL: TTZ2E1Mu/Central/bjets/3/py in Skim_TriLep_VBFHToZZTo4L.root
2026-04-12 12:37:17,356 - INFO - [2018] MISSING_CENTRAL: TTZ2E1Mu/Central/bjets/3/py in Skim_TriLep_ggHToZZTo4L.root
2026-04-12 20:45:10,458 - INFO - [2018] MISSING_CENTRAL: TTZ2E1Mu/Central/bjets/3/py in Skim_TriLep_MuonEG_A.root
2026-04-12 20:45:10,459 - INFO - [2018] MISSING_CENTRAL: TTZ2E1Mu/Central/bjets/3/py in Skim_TriLep_MuonEG_B.root
2026-04-12 20:45:10,460 - INFO - [2018] MISSING_CENTRAL: TTZ2E1Mu/Central/bjets/3/py in Skim_TriLep_MuonEG_C.root
2026-04-12 20:45:10,534 - INFO - [2018] MISSING_CENTRAL: TTZ2E1Mu/Central/bjets/3/py in Skim_TriLep_DYJets.root
2026-04-12 20:45:10,535 - INFO - [2018] MISSING_CENTRAL: TTZ2E1Mu/Central/bjets/3/py in Skim_TriLep_DYJets10to50.root
2026-04-12 20:45:10,536 - INFO - [2018] MISSING_CENTRAL: TTZ2E1Mu/Central/bjets/3/py in Skim_TriLep_TTG.root
2026-04-12 20:45:10,536 - INFO - [2018] MISSING_CENTRAL: TTZ2E1Mu/Central/bjets/3/py in Skim_TriLep_WWG.root
2026-04-12 20:45:10,657 - INFO - [2018] MISSING_CENTRAL: TTZ2E1Mu/Central/bjets/3/py in Skim_TriLep_WWW.root
2026-04-12 20:45:10,725 - INFO - [2018] MISSING_CENTRAL: TTZ2E1Mu/Central/bjets/3/py in Skim_TriLep_VBFHToZZTo4L.root
2026-04-12 20:45:10,726 - INFO - [2018] MISSING_CENTRAL: TTZ2E1Mu/Central/bjets/3/py in Skim_TriLep_ggHToZZTo4L.root
2026-04-12 20:45:21,737 - INFO - [2018] MISSING_CENTRAL: TTZ2E1Mu/Central/bjets/3/py in Skim_TriLep_MuonEG_A.root
2026-04-12 20:45:21,738 - INFO - [2018] MISSING_CENTRAL: TTZ2E1Mu/Central/bjets/3/py in Skim_TriLep_MuonEG_B.root
2026-04-12 20:45:21,739 - INFO - [2018] MISSING_CENTRAL: TTZ2E1Mu/Central/bjets/3/py in Skim_TriLep_MuonEG_C.root
2026-04-12 20:45:21,805 - INFO - [2018] MISSING_CENTRAL: TTZ2E1Mu/Central/bjets/3/py in Skim_TriLep_DYJets.root
2026-04-12 20:45:21,806 - INFO - [2018] MISSING_CENTRAL: TTZ2E1Mu/Central/bjets/3/py in Skim_TriLep_DYJets10to50.root
2026-04-12 20:45:21,807 - INFO - [2018] MISSING_CENTRAL: TTZ2E1Mu/Central/bjets/3/py in Skim_TriLep_TTG.root
2026-04-12 20:45:21,807 - INFO - [2018] MISSING_CENTRAL: TTZ2E1Mu/Central/bjets/3/py in Skim_TriLep_WWG.root
2026-04-12 20:45:21,932 - INFO - [2018] MISSING_CENTRAL: TTZ2E1Mu/Central/bjets/3/py in Skim_TriLep_WWW.root
2026-04-12 20:45:21,998 - INFO - [2018] MISSING_CENTRAL: TTZ2E1Mu/Central/bjets/3/py in Skim_TriLep_VBFHToZZTo4L.root
2026-04-12 20:45:21,998 - INFO - [2018] MISSING_CENTRAL: TTZ2E1Mu/Central/bjets/3/py in Skim_TriLep_ggHToZZTo4L.root
2026-04-12 21:16:47,654 - INFO - [2018] MISSING_CENTRAL: TTZ2E1Mu/Central/bjets/3/py in Skim_TriLep_MuonEG_A.root
2026-04-12 21:16:47,655 - INFO - [2018] MISSING_CENTRAL: TTZ2E1Mu/Central/bjets/3/py in Skim_TriLep_MuonEG_B.root
2026-04-12 21:16:47,656 - INFO - [2018] MISSING_CENTRAL: TTZ2E1Mu/Central/bjets/3/py in Skim_TriLep_MuonEG_C.root
2026-04-12 21:16:47,725 - INFO - [2018] MISSING_CENTRAL: TTZ2E1Mu/Central/bjets/3/py in Skim_TriLep_DYJets.root
2026-04-12 21:16:47,725 - INFO - [2018] MISSING_CENTRAL: TTZ2E1Mu/Central/bjets/3/py in Skim_TriLep_DYJets10to50.root
2026-04-12 21:16:47,726 - INFO - [2018] MISSING_CENTRAL: TTZ2E1Mu/Central/bjets/3/py in Skim_TriLep_TTG.root
2026-04-12 21:16:47,726 - INFO - [2018] MISSING_CENTRAL: TTZ2E1Mu/Central/bjets/3/py in Skim_TriLep_WWG.root
2026-04-12 21:16:47,849 - INFO - [2018] MISSING_CENTRAL: TTZ2E1Mu/Central/bjets/3/py in Skim_TriLep_WWW.root
2026-04-12 21:16:47,921 - INFO - [2018] MISSING_CENTRAL: TTZ2E1Mu/Central/bjets/3/py in Skim_TriLep_VBFHToZZTo4L.root
2026-04-12 21:16:47,922 - INFO - [2018] MISSING_CENTRAL: TTZ2E1Mu/Central/bjets/3/py in Skim_TriLep_ggHToZZTo4L.root
2026-04-12 21:16:58,756 - INFO - [2018] MISSING_CENTRAL: TTZ2E1Mu/Central/bjets/3/py in Skim_TriLep_MuonEG_A.root
2026-04-12 21:16:58,757 - INFO - [2018] MISSING_CENTRAL: TTZ2E1Mu/Central/bjets/3/py in Skim_TriLep_MuonEG_B.root
2026-04-12 21:16:58,757 - INFO - [2018] MISSING_CENTRAL: TTZ2E1Mu/Central/bjets/3/py in Skim_TriLep_MuonEG_C.root
2026-04-12 21:16:58,823 - INFO - [2018] MISSING_CENTRAL: TTZ2E1Mu/Central/bjets/3/py in Skim_TriLep_DYJets.root
2026-04-12 21:16:58,824 - INFO - [2018] MISSING_CENTRAL: TTZ2E1Mu/Central/bjets/3/py in Skim_TriLep_DYJets10to50.root
2026-04-12 21:16:58,824 - INFO - [2018] MISSING_CENTRAL: TTZ2E1Mu/Central/bjets/3/py in Skim_TriLep_TTG.root
2026-04-12 21:16:58,825 - INFO - [2018] MISSING_CENTRAL: TTZ2E1Mu/Central/bjets/3/py in Skim_TriLep_WWG.root
2026-04-12 21:16:58,949 - INFO - [2018] MISSING_CENTRAL: TTZ2E1Mu/Central/bjets/3/py in Skim_TriLep_WWW.root
2026-04-12 21:16:59,020 - INFO - [2018] MISSING_CENTRAL: TTZ2E1Mu/Central/bjets/3/py in Skim_TriLep_VBFHToZZTo4L.root
2026-04-12 21:16:59,021 - INFO - [2018] MISSING_CENTRAL: TTZ2E1Mu/Central/bjets/3/py in Skim_TriLep_ggHToZZTo4L.root
2026-04-13 12:54:23,236 - INFO - [2018] MISSING_CENTRAL: TTZ2E1Mu/Central/bjets/3/py in Skim_TriLep_MuonEG_A.root
2026-04-13 12:54:23,237 - INFO - [2018] MISSING_CENTRAL: TTZ2E1Mu/Central/bjets/3/py in Skim_TriLep_MuonEG_B.root
2026-04-13 12:54:23,237 - INFO - [2018] MISSING_CENTRAL: TTZ2E1Mu/Central/bjets/3/py in Skim_TriLep_MuonEG_C.root
2026-04-13 12:54:23,303 - INFO - [2018] MISSING_CENTRAL: TTZ2E1Mu/Central/bjets/3/py in Skim_TriLep_DYJets.root
2026-04-13 12:54:23,303 - INFO - [2018] MISSING_CENTRAL: TTZ2E1Mu/Central/bjets/3/py in Skim_TriLep_DYJets10to50.root
2026-04-13 12:54:23,304 - INFO - [2018] MISSING_CENTRAL: TTZ2E1Mu/Central/bjets/3/py in Skim_TriLep_TTG.root
2026-04-13 12:54:23,305 - INFO - [2018] MISSING_CENTRAL: TTZ2E1Mu/Central/bjets/3/py in Skim_TriLep_WWG.root
2026-04-13 12:54:23,456 - INFO - [2018] MISSING_CENTRAL: TTZ2E1Mu/Central/bjets/3/py in Skim_TriLep_WWW.root
2026-04-13 12:54:23,544 - INFO - [2018] MISSING_CENTRAL: TTZ2E1Mu/Central/bjets/3/py in Skim_TriLep_VBFHToZZTo4L.root
2026-04-13 12:54:23,544 - INFO - [2018] MISSING_CENTRAL: TTZ2E1Mu/Central/bjets/3/py in Skim_TriLep_ggHToZZTo4L.root
2026-04-13 12:54:34,785 - INFO - [2018] MISSING_CENTRAL: TTZ2E1Mu/Central/bjets/3/py in Skim_TriLep_MuonEG_A.root
2026-04-13 12:54:34,786 - INFO - [2018] MISSING_CENTRAL: TTZ2E1Mu/Central/bjets/3/py in Skim_TriLep_MuonEG_B.root
2026-04-13 12:54:34,787 - INFO - [2018] MISSING_CENTRAL: TTZ2E1Mu/Central/bjets/3/py in Skim_TriLep_MuonEG_C.root
2026-04-13 12:54:34,859 - INFO - [2018] MISSING_CENTRAL: TTZ2E1Mu/Central/bjets/3/py in Skim_TriLep_DYJets.root
2026-04-13 12:54:34,860 - INFO - [2018] MISSING_CENTRAL: TTZ2E1Mu/Central/bjets/3/py in Skim_TriLep_DYJets10to50.root
2026-04-13 12:54:34,860 - INFO - [2018] MISSING_CENTRAL: TTZ2E1Mu/Central/bjets/3/py in Skim_TriLep_TTG.root
2026-04-13 12:54:34,861 - INFO - [2018] MISSING_CENTRAL: TTZ2E1Mu/Central/bjets/3/py in Skim_TriLep_WWG.root
2026-04-13 12:54:35,024 - INFO - [2018] MISSING_CENTRAL: TTZ2E1Mu/Central/bjets/3/py in Skim_TriLep_WWW.root
2026-04-13 12:54:35,113 - INFO - [2018] MISSING_CENTRAL: TTZ2E1Mu/Central/bjets/3/py in Skim_TriLep_VBFHToZZTo4L.root
2026-04-13 12:54:35,114 - INFO - [2018] MISSING_CENTRAL: TTZ2E1Mu/Central/bjets/3/py in Skim_TriLep_ggHToZZTo4L.root
2026-04-16 17:36:52,379 - INFO - [2018] MISSING_CENTRAL: TTZ2E1Mu/Central/bjets/3/py in Skim_TriLep_MuonEG_A.root
2026-04-16 17:36:52,380 - INFO - [2018] MISSING_CENTRAL: TTZ2E1Mu/Central/bjets/3/py in Skim_TriLep_MuonEG_B.root
2026-04-16 17:36:52,381 - INFO - [2018] MISSING_CENTRAL: TTZ2E1Mu/Central/bjets/3/py in Skim_TriLep_MuonEG_C.root
2026-04-16 17:36:52,454 - INFO - [2018] MISSING_CENTRAL: TTZ2E1Mu/Central/bjets/3/py in Skim_TriLep_DYJets.root
2026-04-16 17:36:52,454 - INFO - [2018] MISSING_CENTRAL: TTZ2E1Mu/Central/bjets/3/py in Skim_TriLep_DYJets10to50.root
2026-04-16 17:36:52,455 - INFO - [2018] MISSING_CENTRAL: TTZ2E1Mu/Central/bjets/3/py in Skim_TriLep_TTG.root
2026-04-16 17:36:52,456 - INFO - [2018] MISSING_CENTRAL: TTZ2E1Mu/Central/bjets/3/py in Skim_TriLep_WWG.root
2026-04-16 17:36:52,616 - INFO - [2018] MISSING_CENTRAL: TTZ2E1Mu/Central/bjets/3/py in Skim_TriLep_WWW.root
2026-04-16 17:36:52,704 - INFO - [2018] MISSING_CENTRAL: TTZ2E1Mu/Central/bjets/3/py in Skim_TriLep_VBFHToZZTo4L.root
2026-04-16 17:36:52,704 - INFO - [2018] MISSING_CENTRAL: TTZ2E1Mu/Central/bjets/3/py in Skim_TriLep_ggHToZZTo4L.root
2026-04-16 17:37:04,733 - INFO - [2018] MISSING_CENTRAL: TTZ2E1Mu/Central/bjets/3/py in Skim_TriLep_MuonEG_A.root
2026-04-16 17:37:04,733 - INFO - [2018] MISSING_CENTRAL: TTZ2E1Mu/Central/bjets/3/py in Skim_TriLep_MuonEG_B.root
2026-04-16 17:37:04,734 - INFO - [2018] MISSING_CENTRAL: TTZ2E1Mu/Central/bjets/3/py in Skim_TriLep_MuonEG_C.root
2026-04-16 17:37:04,806 - INFO - [2018] MISSING_CENTRAL: TTZ2E1Mu/Central/bjets/3/py in Skim_TriLep_DYJets.root
2026-04-16 17:37:04,806 - INFO - [2018] MISSING_CENTRAL: TTZ2E1Mu/Central/bjets/3/py in Skim_TriLep_DYJets10to50.root
2026-04-16 17:37:04,807 - INFO - [2018] MISSING_CENTRAL: TTZ2E1Mu/Central/bjets/3/py in Skim_TriLep_TTG.root
2026-04-16 17:37:04,807 - INFO - [2018] MISSING_CENTRAL: TTZ2E1Mu/Central/bjets/3/py in Skim_TriLep_WWG.root
2026-04-16 17:37:04,969 - INFO - [2018] MISSING_CENTRAL: TTZ2E1Mu/Central/bjets/3/py in Skim_TriLep_WWW.root
2026-04-16 17:37:05,058 - INFO - [2018] MISSING_CENTRAL: TTZ2E1Mu/Central/bjets/3/py in Skim_TriLep_VBFHToZZTo4L.root
2026-04-16 17:37:05,059 - INFO - [2018] MISSING_CENTRAL: TTZ2E1Mu/Central/bjets/3/py in Skim_TriLep_ggHToZZTo4L.root
2026-05-04 17:06:29,722 - INFO - [2018] MISSING_CENTRAL: TTZ2E1Mu/Central/bjets/3/py in Skim_TriLep_MuonEG_A.root
2026-05-04 17:06:29,723 - INFO - [2018] MISSING_CENTRAL: TTZ2E1Mu/Central/bjets/3/py in Skim_TriLep_MuonEG_B.root
2026-05-04 17:06:29,723 - INFO - [2018] MISSING_CENTRAL: TTZ2E1Mu/Central/bjets/3/py in Skim_TriLep_MuonEG_C.root
2026-05-04 17:06:29,777 - INFO - [2018] MISSING_CENTRAL: TTZ2E1Mu/Central/bjets/3/py in Skim_TriLep_DYJets.root
2026-05-04 17:06:29,778 - INFO - [2018] MISSING_CENTRAL: TTZ2E1Mu/Central/bjets/3/py in Skim_TriLep_DYJets10to50.root
2026-05-04 17:06:29,778 - INFO - [2018] MISSING_CENTRAL: TTZ2E1Mu/Central/bjets/3/py in Skim_TriLep_TTG.root
2026-05-04 17:06:29,778 - INFO - [2018] MISSING_CENTRAL: TTZ2E1Mu/Central/bjets/3/py in Skim_TriLep_WWG.root
2026-05-04 17:06:29,882 - INFO - [2018] MISSING_CENTRAL: TTZ2E1Mu/Central/bjets/3/py in Skim_TriLep_WWW.root
2026-05-04 17:06:29,949 - INFO - [2018] MISSING_CENTRAL: TTZ2E1Mu/Central/bjets/3/py in Skim_TriLep_VBFHToZZTo4L.root
2026-05-04 17:06:29,950 - INFO - [2018] MISSING_CENTRAL: TTZ2E1Mu/Central/bjets/3/py in Skim_TriLep_ggHToZZTo4L.root
2026-05-04 17:06:41,144 - INFO - [2018] MISSING_CENTRAL: TTZ2E1Mu/Central/bjets/3/py in Skim_TriLep_MuonEG_A.root
2026-05-04 17:06:41,145 - INFO - [2018] MISSING_CENTRAL: TTZ2E1Mu/Central/bjets/3/py in Skim_TriLep_MuonEG_B.root
2026-05-04 17:06:41,145 - INFO - [2018] MISSING_CENTRAL: TTZ2E1Mu/Central/bjets/3/py in Skim_TriLep_MuonEG_C.root
2026-05-04 17:06:41,215 - INFO - [2018] MISSING_CENTRAL: TTZ2E1Mu/Central/bjets/3/py in Skim_TriLep_DYJets.root
2026-05-04 17:06:41,216 - INFO - [2018] MISSING_CENTRAL: TTZ2E1Mu/Central/bjets/3/py in Skim_TriLep_DYJets10to50.root
2026-05-04 17:06:41,217 - INFO - [2018] MISSING_CENTRAL: TTZ2E1Mu/Central/bjets/3/py in Skim_TriLep_TTG.root
2026-05-04 17:06:41,217 - INFO - [2018] MISSING_CENTRAL: TTZ2E1Mu/Central/bjets/3/py in Skim_TriLep_WWG.root
2026-05-04 17:06:41,388 - INFO - [2018] MISSING_CENTRAL: TTZ2E1Mu/Central/bjets/3/py in Skim_TriLep_WWW.root
2026-05-04 17:06:41,479 - INFO - [2018] MISSING_CENTRAL: TTZ2E1Mu/Central/bjets/3/py in Skim_TriLep_VBFHToZZTo4L.root
2026-05-04 17:06:41,479 - INFO - [2018] MISSING_CENTRAL: TTZ2E1Mu/Central/bjets/3/py in Skim_TriLep_ggHToZZTo4L.root
2026-05-28 15:43:24,441 - INFO - [2018] MISSING_CENTRAL: TTZ2E1Mu/Central/bjets/3/py in Skim_TriLep_MuonEG_A.root
2026-05-28 15:43:24,442 - INFO - [2018] MISSING_CENTRAL: TTZ2E1Mu/Central/bjets/3/py in Skim_TriLep_MuonEG_B.root
2026-05-28 15:43:24,443 - INFO - [2018] MISSING_CENTRAL: TTZ2E1Mu/Central/bjets/3/py in Skim_TriLep_MuonEG_C.root
2026-05-28 15:43:24,548 - INFO - [2018] MISSING_CENTRAL: TTZ2E1Mu/Central/bjets/3/py in Skim_TriLep_DYJets.root
2026-05-28 15:43:24,549 - INFO - [2018] MISSING_CENTRAL: TTZ2E1Mu/Central/bjets/3/py in Skim_TriLep_DYJets10to50.root
2026-05-28 15:43:24,550 - INFO - [2018] MISSING_CENTRAL: TTZ2E1Mu/Central/bjets/3/py in Skim_TriLep_TTG.root
2026-05-28 15:43:24,551 - INFO - [2018] MISSING_CENTRAL: TTZ2E1Mu/Central/bjets/3/py in Skim_TriLep_WWG.root
2026-05-28 15:43:24,817 - INFO - [2018] MISSING_CENTRAL: TTZ2E1Mu/Central/bjets/3/py in Skim_TriLep_WWW.root
2026-05-28 15:43:24,965 - INFO - [2018] MISSING_CENTRAL: TTZ2E1Mu/Central/bjets/3/py in Skim_TriLep_VBFHToZZTo4L.root
2026-05-28 15:43:24,967 - INFO - [2018] MISSING_CENTRAL: TTZ2E1Mu/Central/bjets/3/py in Skim_TriLep_ggHToZZTo4L.root
2026-05-28 15:43:39,302 - INFO - [2018] MISSING_CENTRAL: TTZ2E1Mu/Central/bjets/3/py in Skim_TriLep_MuonEG_A.root
2026-05-28 15:43:39,304 - INFO - [2018] MISSING_CENTRAL: TTZ2E1Mu/Central/bjets/3/py in Skim_TriLep_MuonEG_B.root
2026-05-28 15:43:39,305 - INFO - [2018] MISSING_CENTRAL: TTZ2E1Mu/Central/bjets/3/py in Skim_TriLep_MuonEG_C.root
2026-05-28 15:43:39,410 - INFO - [2018] MISSING_CENTRAL: TTZ2E1Mu/Central/bjets/3/py in Skim_TriLep_DYJets.root
2026-05-28 15:43:39,411 - INFO - [2018] MISSING_CENTRAL: TTZ2E1Mu/Central/bjets/3/py in Skim_TriLep_DYJets10to50.root
2026-05-28 15:43:39,412 - INFO - [2018] MISSING_CENTRAL: TTZ2E1Mu/Central/bjets/3/py in Skim_TriLep_TTG.root
2026-05-28 15:43:39,414 - INFO - [2018] MISSING_CENTRAL: TTZ2E1Mu/Central/bjets/3/py in Skim_TriLep_WWG.root
2026-05-28 15:43:39,674 - INFO - [2018] MISSING_CENTRAL: TTZ2E1Mu/Central/bjets/3/py in Skim_TriLep_WWW.root
2026-05-28 15:43:39,832 - INFO - [2018] MISSING_CENTRAL: TTZ2E1Mu/Central/bjets/3/py in Skim_TriLep_VBFHToZZTo4L.root
2026-05-28 15:43:39,833 - INFO - [2018] MISSING_CENTRAL: TTZ2E1Mu/Central/bjets/3/py in Skim_TriLep_ggHToZZTo4L.root
2026-05-29 15:34:17,396 - INFO - [2018] MISSING_CENTRAL: TTZ2E1Mu/Central/bjets/3/py in Skim_TriLep_MuonEG_A.root
2026-05-29 15:34:17,397 - INFO - [2018] MISSING_CENTRAL: TTZ2E1Mu/Central/bjets/3/py in Skim_TriLep_MuonEG_B.root
2026-05-29 15:34:17,397 - INFO - [2018] MISSING_CENTRAL: TTZ2E1Mu/Central/bjets/3/py in Skim_TriLep_MuonEG_C.root
2026-05-29 15:34:17,467 - INFO - [2018] MISSING_CENTRAL: TTZ2E1Mu/Central/bjets/3/py in Skim_TriLep_DYJets.root
2026-05-29 15:34:17,468 - INFO - [2018] MISSING_CENTRAL: TTZ2E1Mu/Central/bjets/3/py in Skim_TriLep_DYJets10to50.root
2026-05-29 15:34:17,468 - INFO - [2018] MISSING_CENTRAL: TTZ2E1Mu/Central/bjets/3/py in Skim_TriLep_TTG.root
2026-05-29 15:34:17,469 - INFO - [2018] MISSING_CENTRAL: TTZ2E1Mu/Central/bjets/3/py in Skim_TriLep_WWG.root
2026-05-29 15:34:17,622 - INFO - [2018] MISSING_CENTRAL: TTZ2E1Mu/Central/bjets/3/py in Skim_TriLep_WWW.root
2026-05-29 15:34:17,701 - INFO - [2018] MISSING_CENTRAL: TTZ2E1Mu/Central/bjets/3/py in Skim_TriLep_VBFHToZZTo4L.root
2026-05-29 15:34:17,702 - INFO - [2018] MISSING_CENTRAL: TTZ2E1Mu/Central/bjets/3/py in Skim_TriLep_ggHToZZTo4L.root
2026-05-29 15:34:28,854 - INFO - [2018] MISSING_CENTRAL: TTZ2E1Mu/Central/bjets/3/py in Skim_TriLep_MuonEG_A.root
2026-05-29 15:34:28,855 - INFO - [2018] MISSING_CENTRAL: TTZ2E1Mu/Central/bjets/3/py in Skim_TriLep_MuonEG_B.root
2026-05-29 15:34:28,855 - INFO - [2018] MISSING_CENTRAL: TTZ2E1Mu/Central/bjets/3/py in Skim_TriLep_MuonEG_C.root
2026-05-29 15:34:28,923 - INFO - [2018] MISSING_CENTRAL: TTZ2E1Mu/Central/bjets/3/py in Skim_TriLep_DYJets.root
2026-05-29 15:34:28,924 - INFO - [2018] MISSING_CENTRAL: TTZ2E1Mu/Central/bjets/3/py in Skim_TriLep_DYJets10to50.root
2026-05-29 15:34:28,924 - INFO - [2018] MISSING_CENTRAL: TTZ2E1Mu/Central/bjets/3/py in Skim_TriLep_TTG.root
2026-05-29 15:34:28,925 - INFO - [2018] MISSING_CENTRAL: TTZ2E1Mu/Central/bjets/3/py in Skim_TriLep_WWG.root
2026-05-29 15:34:29,082 - INFO - [2018] MISSING_CENTRAL: TTZ2E1Mu/Central/bjets/3/py in Skim_TriLep_WWW.root
2026-05-29 15:34:29,169 - INFO - [2018] MISSING_CENTRAL: TTZ2E1Mu/Central/bjets/3/py in Skim_TriLep_VBFHToZZTo4L.root
2026-05-29 15:34:29,170 - INFO - [2018] MISSING_CENTRAL: TTZ2E1Mu/Central/bjets/3/py in Skim_TriLep_ggHToZZTo4L.root
2026-05-29 18:25:27,727 - INFO - [2018] MISSING_CENTRAL: TTZ2E1Mu/Central/bjets/3/py in Skim_TriLep_MuonEG_A.root
2026-05-29 18:25:27,728 - INFO - [2018] MISSING_CENTRAL: TTZ2E1Mu/Central/bjets/3/py in Skim_TriLep_MuonEG_B.root
2026-05-29 18:25:27,728 - INFO - [2018] MISSING_CENTRAL: TTZ2E1Mu/Central/bjets/3/py in Skim_TriLep_MuonEG_C.root
2026-05-29 18:25:27,799 - INFO - [2018] MISSING_CENTRAL: TTZ2E1Mu/Central/bjets/3/py in Skim_TriLep_DYJets.root
2026-05-29 18:25:27,799 - INFO - [2018] MISSING_CENTRAL: TTZ2E1Mu/Central/bjets/3/py in Skim_TriLep_DYJets10to50.root
2026-05-29 18:25:27,800 - INFO - [2018] MISSING_CENTRAL: TTZ2E1Mu/Central/bjets/3/py in Skim_TriLep_TTG.root
2026-05-29 18:25:27,800 - INFO - [2018] MISSING_CENTRAL: TTZ2E1Mu/Central/bjets/3/py in Skim_TriLep_WWG.root
2026-05-29 18:25:27,957 - INFO - [2018] MISSING_CENTRAL: TTZ2E1Mu/Central/bjets/3/py in Skim_TriLep_WWW.root
2026-05-29 18:25:28,043 - INFO - [2018] MISSING_CENTRAL: TTZ2E1Mu/Central/bjets/3/py in Skim_TriLep_VBFHToZZTo4L.root
2026-05-29 18:25:28,043 - INFO - [2018] MISSING_CENTRAL: TTZ2E1Mu/Central/bjets/3/py in Skim_TriLep_ggHToZZTo4L.root
2026-05-29 18:25:40,296 - INFO - [2018] MISSING_CENTRAL: TTZ2E1Mu/Central/bjets/3/py in Skim_TriLep_MuonEG_A.root
2026-05-29 18:25:40,297 - INFO - [2018] MISSING_CENTRAL: TTZ2E1Mu/Central/bjets/3/py in Skim_TriLep_MuonEG_B.root
2026-05-29 18:25:40,298 - INFO - [2018] MISSING_CENTRAL: TTZ2E1Mu/Central/bjets/3/py in Skim_TriLep_MuonEG_C.root
2026-05-29 18:25:40,366 - INFO - [2018] MISSING_CENTRAL: TTZ2E1Mu/Central/bjets/3/py in Skim_TriLep_DYJets.root
2026-05-29 18:25:40,367 - INFO - [2018] MISSING_CENTRAL: TTZ2E1Mu/Central/bjets/3/py in Skim_TriLep_DYJets10to50.root
2026-05-29 18:25:40,367 - INFO - [2018] MISSING_CENTRAL: TTZ2E1Mu/Central/bjets/3/py in Skim_TriLep_TTG.root
2026-05-29 18:25:40,368 - INFO - [2018] MISSING_CENTRAL: TTZ2E1Mu/Central/bjets/3/py in Skim_TriLep_WWG.root
2026-05-29 18:25:40,522 - INFO - [2018] MISSING_CENTRAL: TTZ2E1Mu/Central/bjets/3/py in Skim_TriLep_WWW.root
2026-05-29 18:25:40,607 - INFO - [2018] MISSING_CENTRAL: TTZ2E1Mu/Central/bjets/3/py in Skim_TriLep_VBFHToZZTo4L.root
2026-05-29 18:25:40,608 - INFO - [2018] MISSING_CENTRAL: TTZ2E1Mu/Central/bjets/3/py in Skim_TriLep_ggHToZZTo4L.root
2026-06-12 14:04:45,425 - INFO - [2018] MISSING_CENTRAL: TTZ2E1Mu/Central/bjets/3/py in Skim_TriLep_MuonEG_A.root
2026-06-12 14:04:45,427 - INFO - [2018] MISSING_CENTRAL: TTZ2E1Mu/Central/bjets/3/py in Skim_TriLep_MuonEG_B.root
2026-06-12 14:04:45,428 - INFO - [2018] MISSING_CENTRAL: TTZ2E1Mu/Central/bjets/3/py in Skim_TriLep_MuonEG_C.root
2026-06-12 14:04:45,499 - INFO - [2018] MISSING_CENTRAL: TTZ2E1Mu/Central/bjets/3/py in Skim_TriLep_DYJets.root
2026-06-12 14:04:45,500 - INFO - [2018] MISSING_CENTRAL: TTZ2E1Mu/Central/bjets/3/py in Skim_TriLep_DYJets10to50.root
2026-06-12 14:04:45,500 - INFO - [2018] MISSING_CENTRAL: TTZ2E1Mu/Central/bjets/3/py in Skim_TriLep_TTG.root
2026-06-12 14:04:45,501 - INFO - [2018] MISSING_CENTRAL: TTZ2E1Mu/Central/bjets/3/py in Skim_TriLep_WWG.root
2026-06-12 14:04:45,660 - INFO - [2018] MISSING_CENTRAL: TTZ2E1Mu/Central/bjets/3/py in Skim_TriLep_WWW.root
2026-06-12 14:04:45,751 - INFO - [2018] MISSING_CENTRAL: TTZ2E1Mu/Central/bjets/3/py in Skim_TriLep_VBFHToZZTo4L.root
2026-06-12 14:04:45,751 - INFO - [2018] MISSING_CENTRAL: TTZ2E1Mu/Central/bjets/3/py in Skim_TriLep_ggHToZZTo4L.root
2026-06-12 14:04:57,024 - INFO - [2018] MISSING_CENTRAL: TTZ2E1Mu/Central/bjets/3/py in Skim_TriLep_MuonEG_A.root
2026-06-12 14:04:57,025 - INFO - [2018] MISSING_CENTRAL: TTZ2E1Mu/Central/bjets/3/py in Skim_TriLep_MuonEG_B.root
2026-06-12 14:04:57,025 - INFO - [2018] MISSING_CENTRAL: TTZ2E1Mu/Central/bjets/3/py in Skim_TriLep_MuonEG_C.root
2026-06-12 14:04:57,099 - INFO - [2018] MISSING_CENTRAL: TTZ2E1Mu/Central/bjets/3/py in Skim_TriLep_DYJets.root
2026-06-12 14:04:57,100 - INFO - [2018] MISSING_CENTRAL: TTZ2E1Mu/Central/bjets/3/py in Skim_TriLep_DYJets10to50.root
2026-06-12 14:04:57,100 - INFO - [2018] MISSING_CENTRAL: TTZ2E1Mu/Central/bjets/3/py in Skim_TriLep_TTG.root
2026-06-12 14:04:57,101 - INFO - [2018] MISSING_CENTRAL: TTZ2E1Mu/Central/bjets/3/py in Skim_TriLep_WWG.root
2026-06-12 14:04:57,261 - INFO - [2018] MISSING_CENTRAL: TTZ2E1Mu/Central/bjets/3/py in Skim_TriLep_WWW.root
2026-06-12 14:04:57,347 - INFO - [2018] MISSING_CENTRAL: TTZ2E1Mu/Central/bjets/3/py in Skim_TriLep_VBFHToZZTo4L.root
2026-06-12 14:04:57,347 - INFO - [2018] MISSING_CENTRAL: TTZ2E1Mu/Central/bjets/3/py in Skim_TriLep_ggHToZZTo4L.root
2026-06-12 14:26:35,782 - INFO - [2018] MISSING_CENTRAL: TTZ2E1Mu/Central/bjets/3/py in Skim_TriLep_MuonEG_A.root
2026-06-12 14:26:35,782 - INFO - [2018] MISSING_CENTRAL: TTZ2E1Mu/Central/bjets/3/py in Skim_TriLep_MuonEG_B.root
2026-06-12 14:26:35,783 - INFO - [2018] MISSING_CENTRAL: TTZ2E1Mu/Central/bjets/3/py in Skim_TriLep_MuonEG_C.root
2026-06-12 14:26:35,854 - INFO - [2018] MISSING_CENTRAL: TTZ2E1Mu/Central/bjets/3/py in Skim_TriLep_DYJets.root
2026-06-12 14:26:35,855 - INFO - [2018] MISSING_CENTRAL: TTZ2E1Mu/Central/bjets/3/py in Skim_TriLep_DYJets10to50.root
2026-06-12 14:26:35,856 - INFO - [2018] MISSING_CENTRAL: TTZ2E1Mu/Central/bjets/3/py in Skim_TriLep_TTG.root
2026-06-12 14:26:35,856 - INFO - [2018] MISSING_CENTRAL: TTZ2E1Mu/Central/bjets/3/py in Skim_TriLep_WWG.root
2026-06-12 14:26:36,013 - INFO - [2018] MISSING_CENTRAL: TTZ2E1Mu/Central/bjets/3/py in Skim_TriLep_WWW.root
2026-06-12 14:26:36,099 - INFO - [2018] MISSING_CENTRAL: TTZ2E1Mu/Central/bjets/3/py in Skim_TriLep_VBFHToZZTo4L.root
2026-06-12 14:26:36,099 - INFO - [2018] MISSING_CENTRAL: TTZ2E1Mu/Central/bjets/3/py in Skim_TriLep_ggHToZZTo4L.root
2026-06-12 14:26:46,948 - INFO - [2018] MISSING_CENTRAL: TTZ2E1Mu/Central/bjets/3/py in Skim_TriLep_MuonEG_A.root
2026-06-12 14:26:46,949 - INFO - [2018] MISSING_CENTRAL: TTZ2E1Mu/Central/bjets/3/py in Skim_TriLep_MuonEG_B.root
2026-06-12 14:26:46,949 - INFO - [2018] MISSING_CENTRAL: TTZ2E1Mu/Central/bjets/3/py in Skim_TriLep_MuonEG_C.root
2026-06-12 14:26:47,016 - INFO - [2018] MISSING_CENTRAL: TTZ2E1Mu/Central/bjets/3/py in Skim_TriLep_DYJets.root
2026-06-12 14:26:47,016 - INFO - [2018] MISSING_CENTRAL: TTZ2E1Mu/Central/bjets/3/py in Skim_TriLep_DYJets10to50.root
2026-06-12 14:26:47,017 - INFO - [2018] MISSING_CENTRAL: TTZ2E1Mu/Central/bjets/3/py in Skim_TriLep_TTG.root
2026-06-12 14:26:47,017 - INFO - [2018] MISSING_CENTRAL: TTZ2E1Mu/Central/bjets/3/py in Skim_TriLep_WWG.root
2026-06-12 14:26:47,182 - INFO - [2018] MISSING_CENTRAL: TTZ2E1Mu/Central/bjets/3/py in Skim_TriLep_WWW.root
2026-06-12 14:26:47,274 - INFO - [2018] MISSING_CENTRAL: TTZ2E1Mu/Central/bjets/3/py in Skim_TriLep_VBFHToZZTo4L.root
2026-06-12 14:26:47,274 - INFO - [2018] MISSING_CENTRAL: TTZ2E1Mu/Central/bjets/3/py in Skim_TriLep_ggHToZZTo4L.root
2026-06-18 00:20:54,026 - INFO - [2018] MISSING_CENTRAL: TTZ2E1Mu/Central/bjets/3/py in Skim_TriLep_MuonEG_A.root
2026-06-18 00:20:54,027 - INFO - [2018] MISSING_CENTRAL: TTZ2E1Mu/Central/bjets/3/py in Skim_TriLep_MuonEG_B.root
2026-06-18 00:20:54,028 - INFO - [2018] MISSING_CENTRAL: TTZ2E1Mu/Central/bjets/3/py in Skim_TriLep_MuonEG_C.root
2026-06-18 00:20:54,101 - INFO - [2018] MISSING_CENTRAL: TTZ2E1Mu/Central/bjets/3/py in Skim_TriLep_DYJets.root
2026-06-18 00:20:54,101 - INFO - [2018] MISSING_CENTRAL: TTZ2E1Mu/Central/bjets/3/py in Skim_TriLep_DYJets10to50.root
2026-06-18 00:20:54,102 - INFO - [2018] MISSING_CENTRAL: TTZ2E1Mu/Central/bjets/3/py in Skim_TriLep_TTG.root
2026-06-18 00:20:54,103 - INFO - [2018] MISSING_CENTRAL: TTZ2E1Mu/Central/bjets/3/py in Skim_TriLep_WWG.root
2026-06-18 00:20:54,262 - INFO - [2018] MISSING_CENTRAL: TTZ2E1Mu/Central/bjets/3/py in Skim_TriLep_WWW.root
2026-06-18 00:20:54,349 - INFO - [2018] MISSING_CENTRAL: TTZ2E1Mu/Central/bjets/3/py in Skim_TriLep_VBFHToZZTo4L.root
2026-06-18 00:20:54,350 - INFO - [2018] MISSING_CENTRAL: TTZ2E1Mu/Central/bjets/3/py in Skim_TriLep_ggHToZZTo4L.root
2026-06-18 00:21:05,633 - INFO - [2018] MISSING_CENTRAL: TTZ2E1Mu/Central/bjets/3/py in Skim_TriLep_MuonEG_A.root
2026-06-18 00:21:05,634 - INFO - [2018] MISSING_CENTRAL: TTZ2E1Mu/Central/bjets/3/py in Skim_TriLep_MuonEG_B.root
2026-06-18 00:21:05,635 - INFO - [2018] MISSING_CENTRAL: TTZ2E1Mu/Central/bjets/3/py in Skim_TriLep_MuonEG_C.root
2026-06-18 00:21:05,711 - INFO - [2018] MISSING_CENTRAL: TTZ2E1Mu/Central/bjets/3/py in Skim_TriLep_DYJets.root
2026-06-18 00:21:05,712 - INFO - [2018] MISSING_CENTRAL: TTZ2E1Mu/Central/bjets/3/py in Skim_TriLep_DYJets10to50.root
2026-06-18 00:21:05,713 - INFO - [2018] MISSING_CENTRAL: TTZ2E1Mu/Central/bjets/3/py in Skim_TriLep_TTG.root
2026-06-18 00:21:05,713 - INFO - [2018] MISSING_CENTRAL: TTZ2E1Mu/Central/bjets/3/py in Skim_TriLep_WWG.root
2026-06-18 00:21:05,844 - INFO - [2018] MISSING_CENTRAL: TTZ2E1Mu/Central/bjets/3/py in Skim_TriLep_WWW.root
2026-06-18 00:21:05,907 - INFO - [2018] MISSING_CENTRAL: TTZ2E1Mu/Central/bjets/3/py in Skim_TriLep_VBFHToZZTo4L.root
2026-06-18 00:21:05,907 - INFO - [2018] MISSING_CENTRAL: TTZ2E1Mu/Central/bjets/3/py in Skim_TriLep_ggHToZZTo4L.root
