2025-11-07 13:14:18,665 - INFO - [2022] MISSING_FILE: /home/choij/Sync/workspace/ChargedHiggsAnalysisV3/SKNanoOutput/PromptSelector/Run1E2Mu/2022/Skim_TriLep_MuonEG_C.root
2025-11-07 13:14:18,665 - INFO - [2022] MISSING_FILE: /home/choij/Sync/workspace/ChargedHiggsAnalysisV3/SKNanoOutput/PromptSelector/Run1E2Mu/2022/Skim_TriLep_MuonEG_D.root
2025-11-07 13:14:18,665 - INFO - [2022EE] MISSING_FILE: /home/choij/Sync/workspace/ChargedHiggsAnalysisV3/SKNanoOutput/PromptSelector/Run1E2Mu/2022EE/Skim_TriLep_MuonEG_E.root
2025-11-07 13:14:18,665 - INFO - [2022EE] MISSING_FILE: /home/choij/Sync/workspace/ChargedHiggsAnalysisV3/SKNanoOutput/PromptSelector/Run1E2Mu/2022EE/Skim_TriLep_MuonEG_F.root
2025-11-07 13:14:18,665 - INFO - [2022EE] MISSING_FILE: /home/choij/Sync/workspace/ChargedHiggsAnalysisV3/SKNanoOutput/PromptSelector/Run1E2Mu/2022EE/Skim_TriLep_MuonEG_G.root
2025-11-07 13:14:18,666 - INFO - [2023] MISSING_FILE: /home/choij/Sync/workspace/ChargedHiggsAnalysisV3/SKNanoOutput/PromptSelector/Run1E2Mu/2023/Skim_TriLep_MuonEG_C_v1.root
2025-11-07 13:14:18,666 - INFO - [2023] MISSING_FILE: /home/choij/Sync/workspace/ChargedHiggsAnalysisV3/SKNanoOutput/PromptSelector/Run1E2Mu/2023/Skim_TriLep_MuonEG_C_v2.root
2025-11-07 13:14:18,666 - INFO - [2023] MISSING_FILE: /home/choij/Sync/workspace/ChargedHiggsAnalysisV3/SKNanoOutput/PromptSelector/Run1E2Mu/2023/Skim_TriLep_MuonEG_C_v3.root
2025-11-07 13:14:18,666 - INFO - [2023] MISSING_FILE: /home/choij/Sync/workspace/ChargedHiggsAnalysisV3/SKNanoOutput/PromptSelector/Run1E2Mu/2023/Skim_TriLep_MuonEG_C_v4.root
2025-11-07 13:14:18,666 - INFO - [2023BPix] MISSING_FILE: /home/choij/Sync/workspace/ChargedHiggsAnalysisV3/SKNanoOutput/PromptSelector/Run1E2Mu/2023BPix/Skim_TriLep_MuonEG_D_v1.root
2025-11-07 13:14:18,666 - INFO - [2023BPix] MISSING_FILE: /home/choij/Sync/workspace/ChargedHiggsAnalysisV3/SKNanoOutput/PromptSelector/Run1E2Mu/2023BPix/Skim_TriLep_MuonEG_D_v2.root
2025-11-07 14:11:50,042 - INFO - [2022] MISSING_FILE: /home/choij/Sync/workspace/ChargedHiggsAnalysisV3/SKNanoOutput/PromptSelector/Run1E2Mu/2022/Skim_TriLep_MuonEG_C.root
2025-11-07 14:11:50,042 - INFO - [2022] MISSING_FILE: /home/choij/Sync/workspace/ChargedHiggsAnalysisV3/SKNanoOutput/PromptSelector/Run1E2Mu/2022/Skim_TriLep_MuonEG_D.root
2025-11-07 14:11:50,042 - INFO - [2022EE] MISSING_FILE: /home/choij/Sync/workspace/ChargedHiggsAnalysisV3/SKNanoOutput/PromptSelector/Run1E2Mu/2022EE/Skim_TriLep_MuonEG_E.root
2025-11-07 14:11:50,042 - INFO - [2022EE] MISSING_FILE: /home/choij/Sync/workspace/ChargedHiggsAnalysisV3/SKNanoOutput/PromptSelector/Run1E2Mu/2022EE/Skim_TriLep_MuonEG_F.root
2025-11-07 14:11:50,042 - INFO - [2022EE] MISSING_FILE: /home/choij/Sync/workspace/ChargedHiggsAnalysisV3/SKNanoOutput/PromptSelector/Run1E2Mu/2022EE/Skim_TriLep_MuonEG_G.root
2025-11-07 14:11:50,043 - INFO - [2023] MISSING_FILE: /home/choij/Sync/workspace/ChargedHiggsAnalysisV3/SKNanoOutput/PromptSelector/Run1E2Mu/2023/Skim_TriLep_MuonEG_C_v1.root
2025-11-07 14:11:50,043 - INFO - [2023] MISSING_FILE: /home/choij/Sync/workspace/ChargedHiggsAnalysisV3/SKNanoOutput/PromptSelector/Run1E2Mu/2023/Skim_TriLep_MuonEG_C_v2.root
2025-11-07 14:11:50,043 - INFO - [2023] MISSING_FILE: /home/choij/Sync/workspace/ChargedHiggsAnalysisV3/SKNanoOutput/PromptSelector/Run1E2Mu/2023/Skim_TriLep_MuonEG_C_v3.root
2025-11-07 14:11:50,043 - INFO - [2023] MISSING_FILE: /home/choij/Sync/workspace/ChargedHiggsAnalysisV3/SKNanoOutput/PromptSelector/Run1E2Mu/2023/Skim_TriLep_MuonEG_C_v4.root
2025-11-07 14:11:50,043 - INFO - [2023BPix] MISSING_FILE: /home/choij/Sync/workspace/ChargedHiggsAnalysisV3/SKNanoOutput/PromptSelector/Run1E2Mu/2023BPix/Skim_TriLep_MuonEG_D_v1.root
2025-11-07 14:11:50,043 - INFO - [2023BPix] MISSING_FILE: /home/choij/Sync/workspace/ChargedHiggsAnalysisV3/SKNanoOutput/PromptSelector/Run1E2Mu/2023BPix/Skim_TriLep_MuonEG_D_v2.root
2025-11-10 12:28:21,207 - INFO - [2022] MISSING_CENTRAL: ZFake1E2Mu/Central/dR_mu1_mu2 in Skim_TriLep_DYJets.root
2025-11-10 12:28:21,211 - INFO - [2022] MISSING_CENTRAL: ZFake1E2Mu/Central/dR_mu1_mu2 in Skim_TriLep_DYJets10to50.root
2025-11-10 12:28:21,211 - INFO - [2022] MISSING_CENTRAL: ZFake1E2Mu/Central/dR_mu1_mu2 in Skim_TriLep_DYGTo2LG_MLL4to50_PTG10to100.root
2025-11-10 12:28:21,212 - INFO - [2022] MISSING_CENTRAL: ZFake1E2Mu/Central/dR_mu1_mu2 in Skim_TriLep_DYGTo2LG_MLL4to50_PTG100to200.root
2025-11-10 12:28:21,212 - INFO - [2022] MISSING_CENTRAL: ZFake1E2Mu/Central/dR_mu1_mu2 in Skim_TriLep_DYGTo2LG_MLL4to50_PTG200toInf.root
2025-11-10 12:28:21,237 - INFO - [2022] MISSING_CENTRAL: ZFake1E2Mu/Central/dR_mu1_mu2 in Skim_TriLep_TTG_PTG10to100.root
2025-11-10 12:28:21,238 - INFO - [2022] MISSING_CENTRAL: ZFake1E2Mu/Central/dR_mu1_mu2 in Skim_TriLep_TTG_PTG100to200.root
2025-11-10 12:28:21,358 - INFO - [2022EE] MISSING_CENTRAL: ZFake1E2Mu/Central/dR_mu1_mu2 in Skim_TriLep_DYJets.root
2025-11-10 12:28:21,358 - INFO - [2022EE] MISSING_CENTRAL: ZFake1E2Mu/Central/dR_mu1_mu2 in Skim_TriLep_DYJets10to50.root
2025-11-10 12:28:21,359 - INFO - [2022EE] MISSING_CENTRAL: ZFake1E2Mu/Central/dR_mu1_mu2 in Skim_TriLep_DYGTo2LG_MLL4to50_PTG10to100.root
2025-11-10 12:28:21,360 - INFO - [2022EE] MISSING_CENTRAL: ZFake1E2Mu/Central/dR_mu1_mu2 in Skim_TriLep_DYGTo2LG_MLL4to50_PTG100to200.root
2025-11-10 12:28:21,360 - INFO - [2022EE] MISSING_CENTRAL: ZFake1E2Mu/Central/dR_mu1_mu2 in Skim_TriLep_DYGTo2LG_MLL4to50_PTG200toInf.root
2025-11-10 12:28:21,500 - INFO - [2023] MISSING_CENTRAL: ZFake1E2Mu/Central/dR_mu1_mu2 in Skim_TriLep_DYJets10to50.root
2025-11-10 12:28:21,501 - INFO - [2023] MISSING_CENTRAL: ZFake1E2Mu/Central/dR_mu1_mu2 in Skim_TriLep_DYGTo2LG_MLL4to50_PTG10to100.root
2025-11-10 12:28:21,501 - INFO - [2023] MISSING_CENTRAL: ZFake1E2Mu/Central/dR_mu1_mu2 in Skim_TriLep_DYGTo2LG_MLL4to50_PTG100to200.root
2025-11-10 12:28:21,505 - INFO - [2023] MISSING_CENTRAL: ZFake1E2Mu/Central/dR_mu1_mu2 in Skim_TriLep_DYGTo2LG_MLL4to50_PTG200toInf.root
2025-11-10 12:28:21,561 - INFO - [2023] MISSING_CENTRAL: ZFake1E2Mu/Central/dR_mu1_mu2 in Skim_TriLep_TTG_PTG10to100.root
2025-11-10 12:28:21,565 - INFO - [2023] MISSING_CENTRAL: ZFake1E2Mu/Central/dR_mu1_mu2 in Skim_TriLep_TTG_PTG100to200.root
2025-11-10 12:28:21,565 - INFO - [2023] MISSING_CENTRAL: ZFake1E2Mu/Central/dR_mu1_mu2 in Skim_TriLep_TTG_PTG200toInf.root
2025-11-10 12:28:21,722 - INFO - [2023BPix] MISSING_CENTRAL: ZFake1E2Mu/Central/dR_mu1_mu2 in Skim_TriLep_DYJets.root
2025-11-10 12:28:21,726 - INFO - [2023BPix] MISSING_CENTRAL: ZFake1E2Mu/Central/dR_mu1_mu2 in Skim_TriLep_DYJets10to50.root
2025-11-10 12:28:21,727 - INFO - [2023BPix] MISSING_CENTRAL: ZFake1E2Mu/Central/dR_mu1_mu2 in Skim_TriLep_DYGTo2LG_MLL4to50_PTG10to100.root
2025-11-10 12:28:21,729 - INFO - [2023BPix] MISSING_CENTRAL: ZFake1E2Mu/Central/dR_mu1_mu2 in Skim_TriLep_DYGTo2LG_MLL4to50_PTG100to200.root
2025-11-10 12:28:21,730 - INFO - [2023BPix] MISSING_CENTRAL: ZFake1E2Mu/Central/dR_mu1_mu2 in Skim_TriLep_DYGTo2LG_MLL4to50_PTG200toInf.root
2025-11-10 12:28:21,767 - INFO - [2023BPix] MISSING_CENTRAL: ZFake1E2Mu/Central/dR_mu1_mu2 in Skim_TriLep_TTG_PTG200toInf.root
2025-11-13 11:18:48,362 - INFO - [2022] MISSING_CENTRAL: ZFake1E2Mu/Central/dR_mu1_mu2 in Skim_TriLep_DYJets.root
2025-11-13 11:18:48,365 - INFO - [2022] MISSING_CENTRAL: ZFake1E2Mu/Central/dR_mu1_mu2 in Skim_TriLep_DYJets10to50.root
2025-11-13 11:18:48,377 - INFO - [2022] MISSING_CENTRAL: ZFake1E2Mu/Central/dR_mu1_mu2 in Skim_TriLep_DYGTo2LG_MLL4to50_PTG10to100.root
2025-11-13 11:18:48,379 - INFO - [2022] MISSING_CENTRAL: ZFake1E2Mu/Central/dR_mu1_mu2 in Skim_TriLep_DYGTo2LG_MLL4to50_PTG100to200.root
2025-11-13 11:18:48,382 - INFO - [2022] MISSING_CENTRAL: ZFake1E2Mu/Central/dR_mu1_mu2 in Skim_TriLep_DYGTo2LG_MLL4to50_PTG200toInf.root
2025-11-13 11:18:48,465 - INFO - [2022] MISSING_CENTRAL: ZFake1E2Mu/Central/dR_mu1_mu2 in Skim_TriLep_TTG_PTG10to100.root
2025-11-13 11:18:48,467 - INFO - [2022] MISSING_CENTRAL: ZFake1E2Mu/Central/dR_mu1_mu2 in Skim_TriLep_TTG_PTG100to200.root
2025-11-13 11:18:48,744 - INFO - [2022EE] MISSING_CENTRAL: ZFake1E2Mu/Central/dR_mu1_mu2 in Skim_TriLep_DYJets.root
2025-11-13 11:18:48,745 - INFO - [2022EE] MISSING_CENTRAL: ZFake1E2Mu/Central/dR_mu1_mu2 in Skim_TriLep_DYJets10to50.root
2025-11-13 11:18:48,747 - INFO - [2022EE] MISSING_CENTRAL: ZFake1E2Mu/Central/dR_mu1_mu2 in Skim_TriLep_DYGTo2LG_MLL4to50_PTG10to100.root
2025-11-13 11:18:48,748 - INFO - [2022EE] MISSING_CENTRAL: ZFake1E2Mu/Central/dR_mu1_mu2 in Skim_TriLep_DYGTo2LG_MLL4to50_PTG100to200.root
2025-11-13 11:18:48,752 - INFO - [2022EE] MISSING_CENTRAL: ZFake1E2Mu/Central/dR_mu1_mu2 in Skim_TriLep_DYGTo2LG_MLL4to50_PTG200toInf.root
2025-11-13 11:18:49,101 - INFO - [2023] MISSING_CENTRAL: ZFake1E2Mu/Central/dR_mu1_mu2 in Skim_TriLep_DYJets10to50.root
2025-11-13 11:18:49,103 - INFO - [2023] MISSING_CENTRAL: ZFake1E2Mu/Central/dR_mu1_mu2 in Skim_TriLep_DYGTo2LG_MLL4to50_PTG10to100.root
2025-11-13 11:18:49,107 - INFO - [2023] MISSING_CENTRAL: ZFake1E2Mu/Central/dR_mu1_mu2 in Skim_TriLep_DYGTo2LG_MLL4to50_PTG100to200.root
2025-11-13 11:18:49,108 - INFO - [2023] MISSING_CENTRAL: ZFake1E2Mu/Central/dR_mu1_mu2 in Skim_TriLep_DYGTo2LG_MLL4to50_PTG200toInf.root
2025-11-13 11:18:49,211 - INFO - [2023] MISSING_CENTRAL: ZFake1E2Mu/Central/dR_mu1_mu2 in Skim_TriLep_TTG_PTG10to100.root
2025-11-13 11:18:49,221 - INFO - [2023] MISSING_CENTRAL: ZFake1E2Mu/Central/dR_mu1_mu2 in Skim_TriLep_TTG_PTG100to200.root
2025-11-13 11:18:49,222 - INFO - [2023] MISSING_CENTRAL: ZFake1E2Mu/Central/dR_mu1_mu2 in Skim_TriLep_TTG_PTG200toInf.root
2025-11-13 11:18:49,388 - INFO - [2023BPix] MISSING_CENTRAL: ZFake1E2Mu/Central/dR_mu1_mu2 in Skim_TriLep_DYJets.root
2025-11-13 11:18:49,389 - INFO - [2023BPix] MISSING_CENTRAL: ZFake1E2Mu/Central/dR_mu1_mu2 in Skim_TriLep_DYJets10to50.root
2025-11-13 11:18:49,390 - INFO - [2023BPix] MISSING_CENTRAL: ZFake1E2Mu/Central/dR_mu1_mu2 in Skim_TriLep_DYGTo2LG_MLL4to50_PTG10to100.root
2025-11-13 11:18:49,391 - INFO - [2023BPix] MISSING_CENTRAL: ZFake1E2Mu/Central/dR_mu1_mu2 in Skim_TriLep_DYGTo2LG_MLL4to50_PTG100to200.root
2025-11-13 11:18:49,392 - INFO - [2023BPix] MISSING_CENTRAL: ZFake1E2Mu/Central/dR_mu1_mu2 in Skim_TriLep_DYGTo2LG_MLL4to50_PTG200toInf.root
2025-11-13 11:18:49,459 - INFO - [2023BPix] MISSING_CENTRAL: ZFake1E2Mu/Central/dR_mu1_mu2 in Skim_TriLep_TTG_PTG200toInf.root
2025-11-19 16:12:12,474 - INFO - [2022] MISSING_CENTRAL: ZFake1E2Mu/Central/dR_mu1_mu2 in Skim_TriLep_DYJets.root
2025-11-19 16:12:12,475 - INFO - [2022] MISSING_CENTRAL: ZFake1E2Mu/Central/dR_mu1_mu2 in Skim_TriLep_DYJets10to50.root
2025-11-19 16:12:12,475 - INFO - [2022] MISSING_CENTRAL: ZFake1E2Mu/Central/dR_mu1_mu2 in Skim_TriLep_DYGTo2LG_MLL4to50_PTG10to100.root
2025-11-19 16:12:12,475 - INFO - [2022] MISSING_CENTRAL: ZFake1E2Mu/Central/dR_mu1_mu2 in Skim_TriLep_DYGTo2LG_MLL4to50_PTG100to200.root
2025-11-19 16:12:12,476 - INFO - [2022] MISSING_CENTRAL: ZFake1E2Mu/Central/dR_mu1_mu2 in Skim_TriLep_DYGTo2LG_MLL4to50_PTG200toInf.root
2025-11-19 16:12:12,497 - INFO - [2022] MISSING_CENTRAL: ZFake1E2Mu/Central/dR_mu1_mu2 in Skim_TriLep_TTG_PTG10to100.root
2025-11-19 16:12:12,498 - INFO - [2022] MISSING_CENTRAL: ZFake1E2Mu/Central/dR_mu1_mu2 in Skim_TriLep_TTG_PTG100to200.root
2025-11-19 16:12:12,587 - INFO - [2022EE] MISSING_CENTRAL: ZFake1E2Mu/Central/dR_mu1_mu2 in Skim_TriLep_DYJets.root
2025-11-19 16:12:12,587 - INFO - [2022EE] MISSING_CENTRAL: ZFake1E2Mu/Central/dR_mu1_mu2 in Skim_TriLep_DYJets10to50.root
2025-11-19 16:12:12,588 - INFO - [2022EE] MISSING_CENTRAL: ZFake1E2Mu/Central/dR_mu1_mu2 in Skim_TriLep_DYGTo2LG_MLL4to50_PTG10to100.root
2025-11-19 16:12:12,588 - INFO - [2022EE] MISSING_CENTRAL: ZFake1E2Mu/Central/dR_mu1_mu2 in Skim_TriLep_DYGTo2LG_MLL4to50_PTG100to200.root
2025-11-19 16:12:12,589 - INFO - [2022EE] MISSING_CENTRAL: ZFake1E2Mu/Central/dR_mu1_mu2 in Skim_TriLep_DYGTo2LG_MLL4to50_PTG200toInf.root
2025-11-19 16:12:12,720 - INFO - [2023] MISSING_CENTRAL: ZFake1E2Mu/Central/dR_mu1_mu2 in Skim_TriLep_DYJets10to50.root
2025-11-19 16:12:12,721 - INFO - [2023] MISSING_CENTRAL: ZFake1E2Mu/Central/dR_mu1_mu2 in Skim_TriLep_DYGTo2LG_MLL4to50_PTG10to100.root
2025-11-19 16:12:12,721 - INFO - [2023] MISSING_CENTRAL: ZFake1E2Mu/Central/dR_mu1_mu2 in Skim_TriLep_DYGTo2LG_MLL4to50_PTG100to200.root
2025-11-19 16:12:12,722 - INFO - [2023] MISSING_CENTRAL: ZFake1E2Mu/Central/dR_mu1_mu2 in Skim_TriLep_DYGTo2LG_MLL4to50_PTG200toInf.root
2025-11-19 16:12:12,751 - INFO - [2023] MISSING_CENTRAL: ZFake1E2Mu/Central/dR_mu1_mu2 in Skim_TriLep_TTG_PTG10to100.root
2025-11-19 16:12:12,752 - INFO - [2023] MISSING_CENTRAL: ZFake1E2Mu/Central/dR_mu1_mu2 in Skim_TriLep_TTG_PTG100to200.root
2025-11-19 16:12:12,753 - INFO - [2023] MISSING_CENTRAL: ZFake1E2Mu/Central/dR_mu1_mu2 in Skim_TriLep_TTG_PTG200toInf.root
2025-11-19 16:12:12,848 - INFO - [2023BPix] MISSING_CENTRAL: ZFake1E2Mu/Central/dR_mu1_mu2 in Skim_TriLep_DYJets.root
2025-11-19 16:12:12,849 - INFO - [2023BPix] MISSING_CENTRAL: ZFake1E2Mu/Central/dR_mu1_mu2 in Skim_TriLep_DYJets10to50.root
2025-11-19 16:12:12,849 - INFO - [2023BPix] MISSING_CENTRAL: ZFake1E2Mu/Central/dR_mu1_mu2 in Skim_TriLep_DYGTo2LG_MLL4to50_PTG10to100.root
2025-11-19 16:12:12,850 - INFO - [2023BPix] MISSING_CENTRAL: ZFake1E2Mu/Central/dR_mu1_mu2 in Skim_TriLep_DYGTo2LG_MLL4to50_PTG100to200.root
2025-11-19 16:12:12,850 - INFO - [2023BPix] MISSING_CENTRAL: ZFake1E2Mu/Central/dR_mu1_mu2 in Skim_TriLep_DYGTo2LG_MLL4to50_PTG200toInf.root
2025-11-19 16:12:12,896 - INFO - [2023BPix] MISSING_CENTRAL: ZFake1E2Mu/Central/dR_mu1_mu2 in Skim_TriLep_TTG_PTG200toInf.root
2025-11-19 16:30:49,206 - INFO - [2022] MISSING_CENTRAL: ZFake1E2Mu/Central/dR_mu1_mu2 in Skim_TriLep_DYJets.root
2025-11-19 16:30:49,206 - INFO - [2022] MISSING_CENTRAL: ZFake1E2Mu/Central/dR_mu1_mu2 in Skim_TriLep_DYJets10to50.root
2025-11-19 16:30:49,207 - INFO - [2022] MISSING_CENTRAL: ZFake1E2Mu/Central/dR_mu1_mu2 in Skim_TriLep_DYGTo2LG_MLL4to50_PTG10to100.root
2025-11-19 16:30:49,207 - INFO - [2022] MISSING_CENTRAL: ZFake1E2Mu/Central/dR_mu1_mu2 in Skim_TriLep_DYGTo2LG_MLL4to50_PTG100to200.root
2025-11-19 16:30:49,207 - INFO - [2022] MISSING_CENTRAL: ZFake1E2Mu/Central/dR_mu1_mu2 in Skim_TriLep_DYGTo2LG_MLL4to50_PTG200toInf.root
2025-11-19 16:30:49,221 - INFO - [2022] MISSING_CENTRAL: ZFake1E2Mu/Central/dR_mu1_mu2 in Skim_TriLep_TTG_PTG10to100.root
2025-11-19 16:30:49,222 - INFO - [2022] MISSING_CENTRAL: ZFake1E2Mu/Central/dR_mu1_mu2 in Skim_TriLep_TTG_PTG100to200.root
2025-11-19 16:30:49,303 - INFO - [2022EE] MISSING_CENTRAL: ZFake1E2Mu/Central/dR_mu1_mu2 in Skim_TriLep_DYJets.root
2025-11-19 16:30:49,304 - INFO - [2022EE] MISSING_CENTRAL: ZFake1E2Mu/Central/dR_mu1_mu2 in Skim_TriLep_DYJets10to50.root
2025-11-19 16:30:49,304 - INFO - [2022EE] MISSING_CENTRAL: ZFake1E2Mu/Central/dR_mu1_mu2 in Skim_TriLep_DYGTo2LG_MLL4to50_PTG10to100.root
2025-11-19 16:30:49,305 - INFO - [2022EE] MISSING_CENTRAL: ZFake1E2Mu/Central/dR_mu1_mu2 in Skim_TriLep_DYGTo2LG_MLL4to50_PTG100to200.root
2025-11-19 16:30:49,305 - INFO - [2022EE] MISSING_CENTRAL: ZFake1E2Mu/Central/dR_mu1_mu2 in Skim_TriLep_DYGTo2LG_MLL4to50_PTG200toInf.root
2025-11-19 16:30:49,425 - INFO - [2023] MISSING_CENTRAL: ZFake1E2Mu/Central/dR_mu1_mu2 in Skim_TriLep_DYJets10to50.root
2025-11-19 16:30:49,426 - INFO - [2023] MISSING_CENTRAL: ZFake1E2Mu/Central/dR_mu1_mu2 in Skim_TriLep_DYGTo2LG_MLL4to50_PTG10to100.root
2025-11-19 16:30:49,426 - INFO - [2023] MISSING_CENTRAL: ZFake1E2Mu/Central/dR_mu1_mu2 in Skim_TriLep_DYGTo2LG_MLL4to50_PTG100to200.root
2025-11-19 16:30:49,427 - INFO - [2023] MISSING_CENTRAL: ZFake1E2Mu/Central/dR_mu1_mu2 in Skim_TriLep_DYGTo2LG_MLL4to50_PTG200toInf.root
2025-11-19 16:30:49,457 - INFO - [2023] MISSING_CENTRAL: ZFake1E2Mu/Central/dR_mu1_mu2 in Skim_TriLep_TTG_PTG10to100.root
2025-11-19 16:30:49,458 - INFO - [2023] MISSING_CENTRAL: ZFake1E2Mu/Central/dR_mu1_mu2 in Skim_TriLep_TTG_PTG100to200.root
2025-11-19 16:30:49,458 - INFO - [2023] MISSING_CENTRAL: ZFake1E2Mu/Central/dR_mu1_mu2 in Skim_TriLep_TTG_PTG200toInf.root
2025-11-19 16:30:49,552 - INFO - [2023BPix] MISSING_CENTRAL: ZFake1E2Mu/Central/dR_mu1_mu2 in Skim_TriLep_DYJets.root
2025-11-19 16:30:49,552 - INFO - [2023BPix] MISSING_CENTRAL: ZFake1E2Mu/Central/dR_mu1_mu2 in Skim_TriLep_DYJets10to50.root
2025-11-19 16:30:49,553 - INFO - [2023BPix] MISSING_CENTRAL: ZFake1E2Mu/Central/dR_mu1_mu2 in Skim_TriLep_DYGTo2LG_MLL4to50_PTG10to100.root
2025-11-19 16:30:49,554 - INFO - [2023BPix] MISSING_CENTRAL: ZFake1E2Mu/Central/dR_mu1_mu2 in Skim_TriLep_DYGTo2LG_MLL4to50_PTG100to200.root
2025-11-19 16:30:49,554 - INFO - [2023BPix] MISSING_CENTRAL: ZFake1E2Mu/Central/dR_mu1_mu2 in Skim_TriLep_DYGTo2LG_MLL4to50_PTG200toInf.root
2025-11-19 16:30:49,598 - INFO - [2023BPix] MISSING_CENTRAL: ZFake1E2Mu/Central/dR_mu1_mu2 in Skim_TriLep_TTG_PTG200toInf.root
2025-12-17 22:45:52,006 - INFO - [2022] MISSING_CENTRAL: ZFake1E2Mu/Central/dR_mu1_mu2 in Skim_TriLep_DYJets10to50.root
2025-12-17 22:45:52,007 - INFO - [2022] MISSING_CENTRAL: ZFake1E2Mu/Central/dR_mu1_mu2 in Skim_TriLep_TTG_PTG10to100.root
2025-12-17 22:45:52,012 - INFO - [2022] MISSING_CENTRAL: ZFake1E2Mu/Central/dR_mu1_mu2 in Skim_TriLep_TTG_PTG100to200.root
2025-12-17 22:45:52,397 - INFO - [2022EE] MISSING_CENTRAL: ZFake1E2Mu/Central/dR_mu1_mu2 in Skim_TriLep_DYJets10to50.root
2025-12-17 22:45:52,797 - INFO - [2023] MISSING_CENTRAL: ZFake1E2Mu/Central/dR_mu1_mu2 in Skim_TriLep_DYJets10to50.root
2025-12-17 22:45:52,798 - INFO - [2023] MISSING_CENTRAL: ZFake1E2Mu/Central/dR_mu1_mu2 in Skim_TriLep_TTG_PTG10to100.root
2025-12-17 22:45:52,803 - INFO - [2023] MISSING_CENTRAL: ZFake1E2Mu/Central/dR_mu1_mu2 in Skim_TriLep_TTG_PTG100to200.root
2025-12-17 22:45:52,804 - INFO - [2023] MISSING_CENTRAL: ZFake1E2Mu/Central/dR_mu1_mu2 in Skim_TriLep_TTG_PTG200toInf.root
2025-12-17 22:45:52,982 - INFO - [2023BPix] MISSING_CENTRAL: ZFake1E2Mu/Central/dR_mu1_mu2 in Skim_TriLep_DYJets10to50.root
2025-12-17 22:45:53,011 - INFO - [2023BPix] MISSING_CENTRAL: ZFake1E2Mu/Central/dR_mu1_mu2 in Skim_TriLep_TTG_PTG200toInf.root
2025-12-18 14:47:32,072 - INFO - [2022] MISSING_CENTRAL: ZFake1E2Mu/Central/dR_mu1_mu2 in Skim_TriLep_DYJets10to50.root
2025-12-18 14:47:32,073 - INFO - [2022] MISSING_CENTRAL: ZFake1E2Mu/Central/dR_mu1_mu2 in Skim_TriLep_TTG_PTG10to100.root
2025-12-18 14:47:32,103 - INFO - [2022] MISSING_CENTRAL: ZFake1E2Mu/Central/dR_mu1_mu2 in Skim_TriLep_TTG_PTG100to200.root
2025-12-18 14:47:32,350 - INFO - [2022EE] MISSING_CENTRAL: ZFake1E2Mu/Central/dR_mu1_mu2 in Skim_TriLep_DYJets10to50.root
2025-12-18 14:47:32,699 - INFO - [2023] MISSING_CENTRAL: ZFake1E2Mu/Central/dR_mu1_mu2 in Skim_TriLep_DYJets10to50.root
2025-12-18 14:47:32,702 - INFO - [2023] MISSING_CENTRAL: ZFake1E2Mu/Central/dR_mu1_mu2 in Skim_TriLep_TTG_PTG10to100.root
2025-12-18 14:47:32,709 - INFO - [2023] MISSING_CENTRAL: ZFake1E2Mu/Central/dR_mu1_mu2 in Skim_TriLep_TTG_PTG100to200.root
2025-12-18 14:47:32,710 - INFO - [2023] MISSING_CENTRAL: ZFake1E2Mu/Central/dR_mu1_mu2 in Skim_TriLep_TTG_PTG200toInf.root
2025-12-18 14:47:33,021 - INFO - [2023BPix] MISSING_CENTRAL: ZFake1E2Mu/Central/dR_mu1_mu2 in Skim_TriLep_DYJets10to50.root
2025-12-18 14:47:33,070 - INFO - [2023BPix] MISSING_CENTRAL: ZFake1E2Mu/Central/dR_mu1_mu2 in Skim_TriLep_TTG_PTG200toInf.root
2026-01-07 11:56:08,441 - INFO - [2022] MISSING_CENTRAL: ZFake1E2Mu/Central/dR_mu1_mu2 in Skim_TriLep_DYJets10to50.root
2026-01-07 11:56:08,442 - INFO - [2022] MISSING_CENTRAL: ZFake1E2Mu/Central/dR_mu1_mu2 in Skim_TriLep_TTG_PTG10to100.root
2026-01-07 11:56:08,462 - INFO - [2022] MISSING_CENTRAL: ZFake1E2Mu/Central/dR_mu1_mu2 in Skim_TriLep_TTG_PTG100to200.root
2026-01-07 11:56:08,743 - INFO - [2022EE] MISSING_CENTRAL: ZFake1E2Mu/Central/dR_mu1_mu2 in Skim_TriLep_DYJets10to50.root
2026-01-07 11:56:09,269 - INFO - [2023] MISSING_CENTRAL: ZFake1E2Mu/Central/dR_mu1_mu2 in Skim_TriLep_DYJets10to50.root
2026-01-07 11:56:09,271 - INFO - [2023] MISSING_CENTRAL: ZFake1E2Mu/Central/dR_mu1_mu2 in Skim_TriLep_TTG_PTG10to100.root
2026-01-07 11:56:09,273 - INFO - [2023] MISSING_CENTRAL: ZFake1E2Mu/Central/dR_mu1_mu2 in Skim_TriLep_TTG_PTG100to200.root
2026-01-07 11:56:09,274 - INFO - [2023] MISSING_CENTRAL: ZFake1E2Mu/Central/dR_mu1_mu2 in Skim_TriLep_TTG_PTG200toInf.root
2026-01-07 11:56:09,509 - INFO - [2023BPix] MISSING_CENTRAL: ZFake1E2Mu/Central/dR_mu1_mu2 in Skim_TriLep_DYJets10to50.root
2026-01-07 11:56:09,530 - INFO - [2023BPix] MISSING_CENTRAL: ZFake1E2Mu/Central/dR_mu1_mu2 in Skim_TriLep_TTG_PTG200toInf.root
2026-01-07 18:52:36,555 - INFO - [2022] MISSING_CENTRAL: ZFake1E2Mu/Central/dR_mu1_mu2 in Skim_TriLep_DYJets10to50.root
2026-01-07 18:52:36,556 - INFO - [2022] MISSING_CENTRAL: ZFake1E2Mu/Central/dR_mu1_mu2 in Skim_TriLep_TTG_PTG10to100.root
2026-01-07 18:52:36,556 - INFO - [2022] MISSING_CENTRAL: ZFake1E2Mu/Central/dR_mu1_mu2 in Skim_TriLep_TTG_PTG100to200.root
2026-01-07 18:52:36,855 - INFO - [2022EE] MISSING_CENTRAL: ZFake1E2Mu/Central/dR_mu1_mu2 in Skim_TriLep_DYJets10to50.root
2026-01-07 18:52:37,223 - INFO - [2023] MISSING_CENTRAL: ZFake1E2Mu/Central/dR_mu1_mu2 in Skim_TriLep_DYJets10to50.root
2026-01-07 18:52:37,224 - INFO - [2023] MISSING_CENTRAL: ZFake1E2Mu/Central/dR_mu1_mu2 in Skim_TriLep_TTG_PTG10to100.root
2026-01-07 18:52:37,225 - INFO - [2023] MISSING_CENTRAL: ZFake1E2Mu/Central/dR_mu1_mu2 in Skim_TriLep_TTG_PTG100to200.root
2026-01-07 18:52:37,226 - INFO - [2023] MISSING_CENTRAL: ZFake1E2Mu/Central/dR_mu1_mu2 in Skim_TriLep_TTG_PTG200toInf.root
2026-01-07 18:52:37,477 - INFO - [2023BPix] MISSING_CENTRAL: ZFake1E2Mu/Central/dR_mu1_mu2 in Skim_TriLep_DYJets10to50.root
2026-01-07 18:52:37,498 - INFO - [2023BPix] MISSING_CENTRAL: ZFake1E2Mu/Central/dR_mu1_mu2 in Skim_TriLep_TTG_PTG200toInf.root
2026-01-09 12:27:49,410 - INFO - [2022] MISSING_CENTRAL: ZFake1E2Mu/Central/dR_mu1_mu2 in Skim_TriLep_DYJets10to50.root
2026-01-09 12:27:49,411 - INFO - [2022] MISSING_CENTRAL: ZFake1E2Mu/Central/dR_mu1_mu2 in Skim_TriLep_TTG_PTG10to100.root
2026-01-09 12:27:49,411 - INFO - [2022] MISSING_CENTRAL: ZFake1E2Mu/Central/dR_mu1_mu2 in Skim_TriLep_TTG_PTG100to200.root
2026-01-09 12:27:49,504 - INFO - [2022EE] MISSING_CENTRAL: ZFake1E2Mu/Central/dR_mu1_mu2 in Skim_TriLep_DYJets10to50.root
2026-01-09 12:27:49,604 - INFO - [2023] MISSING_CENTRAL: ZFake1E2Mu/Central/dR_mu1_mu2 in Skim_TriLep_DYJets10to50.root
2026-01-09 12:27:49,605 - INFO - [2023] MISSING_CENTRAL: ZFake1E2Mu/Central/dR_mu1_mu2 in Skim_TriLep_TTG_PTG10to100.root
2026-01-09 12:27:49,605 - INFO - [2023] MISSING_CENTRAL: ZFake1E2Mu/Central/dR_mu1_mu2 in Skim_TriLep_TTG_PTG100to200.root
2026-01-09 12:27:49,605 - INFO - [2023] MISSING_CENTRAL: ZFake1E2Mu/Central/dR_mu1_mu2 in Skim_TriLep_TTG_PTG200toInf.root
2026-01-09 12:27:49,692 - INFO - [2023BPix] MISSING_CENTRAL: ZFake1E2Mu/Central/dR_mu1_mu2 in Skim_TriLep_DYJets10to50.root
2026-01-09 12:27:49,729 - INFO - [2023BPix] MISSING_CENTRAL: ZFake1E2Mu/Central/dR_mu1_mu2 in Skim_TriLep_TTG_PTG200toInf.root
2026-01-11 09:47:49,618 - INFO - [2022] MISSING_CENTRAL: ZFake1E2Mu/Central/dR_mu1_mu2 in Skim_TriLep_DYJets10to50.root
2026-01-11 09:47:49,619 - INFO - [2022] MISSING_CENTRAL: ZFake1E2Mu/Central/dR_mu1_mu2 in Skim_TriLep_TTG_PTG10to100.root
2026-01-11 09:47:49,619 - INFO - [2022] MISSING_CENTRAL: ZFake1E2Mu/Central/dR_mu1_mu2 in Skim_TriLep_TTG_PTG100to200.root
2026-01-11 09:47:49,751 - INFO - [2022EE] MISSING_CENTRAL: ZFake1E2Mu/Central/dR_mu1_mu2 in Skim_TriLep_DYJets10to50.root
2026-01-11 09:47:49,911 - INFO - [2023] MISSING_CENTRAL: ZFake1E2Mu/Central/dR_mu1_mu2 in Skim_TriLep_DYJets10to50.root
2026-01-11 09:47:49,911 - INFO - [2023] MISSING_CENTRAL: ZFake1E2Mu/Central/dR_mu1_mu2 in Skim_TriLep_TTG_PTG10to100.root
2026-01-11 09:47:49,912 - INFO - [2023] MISSING_CENTRAL: ZFake1E2Mu/Central/dR_mu1_mu2 in Skim_TriLep_TTG_PTG100to200.root
2026-01-11 09:47:49,912 - INFO - [2023] MISSING_CENTRAL: ZFake1E2Mu/Central/dR_mu1_mu2 in Skim_TriLep_TTG_PTG200toInf.root
2026-01-11 09:47:50,037 - INFO - [2023BPix] MISSING_CENTRAL: ZFake1E2Mu/Central/dR_mu1_mu2 in Skim_TriLep_DYJets10to50.root
2026-01-11 09:47:50,049 - INFO - [2023BPix] MISSING_CENTRAL: ZFake1E2Mu/Central/dR_mu1_mu2 in Skim_TriLep_TTG_PTG200toInf.root
2026-01-12 13:56:44,815 - INFO - [2022] MISSING_FILE: /home/choij/Sync/workspace/ChargedHiggsAnalysisV3/SKNanoOutput/MatrixSelector/Run1E2Mu/2022/Skim_TriLep_MuonEG_C.root
2026-01-12 13:56:44,818 - INFO - [2022] MISSING_FILE: /home/choij/Sync/workspace/ChargedHiggsAnalysisV3/SKNanoOutput/MatrixSelector/Run1E2Mu/2022/Skim_TriLep_MuonEG_D.root
2026-01-12 13:56:44,851 - INFO - [2022] MISSING_CENTRAL: ZFake1E2Mu/Central/dR_mu1_mu2 in Skim_TriLep_DYJets10to50.root
2026-01-12 13:56:44,851 - INFO - [2022] MISSING_CENTRAL: ZFake1E2Mu/Central/dR_mu1_mu2 in Skim_TriLep_TTG_PTG10to100.root
2026-01-12 13:56:44,851 - INFO - [2022] MISSING_CENTRAL: ZFake1E2Mu/Central/dR_mu1_mu2 in Skim_TriLep_TTG_PTG100to200.root
2026-01-12 13:56:44,938 - INFO - [2022EE] MISSING_FILE: /home/choij/Sync/workspace/ChargedHiggsAnalysisV3/SKNanoOutput/MatrixSelector/Run1E2Mu/2022EE/Skim_TriLep_MuonEG_E.root
2026-01-12 13:56:44,938 - INFO - [2022EE] MISSING_FILE: /home/choij/Sync/workspace/ChargedHiggsAnalysisV3/SKNanoOutput/MatrixSelector/Run1E2Mu/2022EE/Skim_TriLep_MuonEG_F.root
2026-01-12 13:56:44,938 - INFO - [2022EE] MISSING_FILE: /home/choij/Sync/workspace/ChargedHiggsAnalysisV3/SKNanoOutput/MatrixSelector/Run1E2Mu/2022EE/Skim_TriLep_MuonEG_G.root
2026-01-12 13:56:44,945 - INFO - [2022EE] MISSING_CENTRAL: ZFake1E2Mu/Central/dR_mu1_mu2 in Skim_TriLep_DYJets10to50.root
2026-01-12 13:56:45,079 - INFO - [2023] MISSING_FILE: /home/choij/Sync/workspace/ChargedHiggsAnalysisV3/SKNanoOutput/MatrixSelector/Run1E2Mu/2023/Skim_TriLep_MuonEG_C_v1.root
2026-01-12 13:56:45,079 - INFO - [2023] MISSING_FILE: /home/choij/Sync/workspace/ChargedHiggsAnalysisV3/SKNanoOutput/MatrixSelector/Run1E2Mu/2023/Skim_TriLep_MuonEG_C_v2.root
2026-01-12 13:56:45,079 - INFO - [2023] MISSING_FILE: /home/choij/Sync/workspace/ChargedHiggsAnalysisV3/SKNanoOutput/MatrixSelector/Run1E2Mu/2023/Skim_TriLep_MuonEG_C_v3.root
2026-01-12 13:56:45,079 - INFO - [2023] MISSING_FILE: /home/choij/Sync/workspace/ChargedHiggsAnalysisV3/SKNanoOutput/MatrixSelector/Run1E2Mu/2023/Skim_TriLep_MuonEG_C_v4.root
2026-01-12 13:56:45,085 - INFO - [2023] MISSING_CENTRAL: ZFake1E2Mu/Central/dR_mu1_mu2 in Skim_TriLep_DYJets10to50.root
2026-01-12 13:56:45,086 - INFO - [2023] MISSING_CENTRAL: ZFake1E2Mu/Central/dR_mu1_mu2 in Skim_TriLep_TTG_PTG10to100.root
2026-01-12 13:56:45,086 - INFO - [2023] MISSING_CENTRAL: ZFake1E2Mu/Central/dR_mu1_mu2 in Skim_TriLep_TTG_PTG100to200.root
2026-01-12 13:56:45,087 - INFO - [2023] MISSING_CENTRAL: ZFake1E2Mu/Central/dR_mu1_mu2 in Skim_TriLep_TTG_PTG200toInf.root
2026-01-12 13:56:45,211 - INFO - [2023BPix] MISSING_FILE: /home/choij/Sync/workspace/ChargedHiggsAnalysisV3/SKNanoOutput/MatrixSelector/Run1E2Mu/2023BPix/Skim_TriLep_MuonEG_D_v1.root
2026-01-12 13:56:45,211 - INFO - [2023BPix] MISSING_FILE: /home/choij/Sync/workspace/ChargedHiggsAnalysisV3/SKNanoOutput/MatrixSelector/Run1E2Mu/2023BPix/Skim_TriLep_MuonEG_D_v2.root
2026-01-12 13:56:45,217 - INFO - [2023BPix] MISSING_CENTRAL: ZFake1E2Mu/Central/dR_mu1_mu2 in Skim_TriLep_DYJets10to50.root
2026-01-12 13:56:45,230 - INFO - [2023BPix] MISSING_CENTRAL: ZFake1E2Mu/Central/dR_mu1_mu2 in Skim_TriLep_TTG_PTG200toInf.root
2026-01-16 19:11:20,960 - INFO - [2022] MISSING_CENTRAL: ZFake1E2Mu/Central/dR_mu1_mu2 in Skim_TriLep_DYJets10to50.root
2026-01-16 19:11:20,961 - INFO - [2022] MISSING_CENTRAL: ZFake1E2Mu/Central/dR_mu1_mu2 in Skim_TriLep_TTG_PTG10to100.root
2026-01-16 19:11:20,961 - INFO - [2022] MISSING_CENTRAL: ZFake1E2Mu/Central/dR_mu1_mu2 in Skim_TriLep_TTG_PTG100to200.root
2026-01-16 19:11:21,056 - INFO - [2022EE] MISSING_CENTRAL: ZFake1E2Mu/Central/dR_mu1_mu2 in Skim_TriLep_DYJets10to50.root
2026-01-16 19:11:21,157 - INFO - [2023] MISSING_CENTRAL: ZFake1E2Mu/Central/dR_mu1_mu2 in Skim_TriLep_DYJets10to50.root
2026-01-16 19:11:21,158 - INFO - [2023] MISSING_CENTRAL: ZFake1E2Mu/Central/dR_mu1_mu2 in Skim_TriLep_TTG_PTG10to100.root
2026-01-16 19:11:21,158 - INFO - [2023] MISSING_CENTRAL: ZFake1E2Mu/Central/dR_mu1_mu2 in Skim_TriLep_TTG_PTG100to200.root
2026-01-16 19:11:21,159 - INFO - [2023] MISSING_CENTRAL: ZFake1E2Mu/Central/dR_mu1_mu2 in Skim_TriLep_TTG_PTG200toInf.root
2026-01-16 19:11:21,273 - INFO - [2023BPix] MISSING_CENTRAL: ZFake1E2Mu/Central/dR_mu1_mu2 in Skim_TriLep_DYJets10to50.root
2026-01-16 19:11:21,286 - INFO - [2023BPix] MISSING_CENTRAL: ZFake1E2Mu/Central/dR_mu1_mu2 in Skim_TriLep_TTG_PTG200toInf.root
2026-01-28 17:08:16,937 - INFO - [2022] MISSING_CENTRAL: ZFake1E2Mu/Central/dR_mu1_mu2 in Skim_TriLep_DYJets10to50.root
2026-01-28 17:08:16,938 - INFO - [2022] MISSING_CENTRAL: ZFake1E2Mu/Central/dR_mu1_mu2 in Skim_TriLep_TTG_PTG10to100.root
2026-01-28 17:08:16,938 - INFO - [2022] MISSING_CENTRAL: ZFake1E2Mu/Central/dR_mu1_mu2 in Skim_TriLep_TTG_PTG100to200.root
2026-01-28 17:08:17,056 - INFO - [2022EE] MISSING_CENTRAL: ZFake1E2Mu/Central/dR_mu1_mu2 in Skim_TriLep_DYJets10to50.root
2026-01-28 17:08:17,189 - INFO - [2023] MISSING_CENTRAL: ZFake1E2Mu/Central/dR_mu1_mu2 in Skim_TriLep_DYJets10to50.root
2026-01-28 17:08:17,197 - INFO - [2023] MISSING_CENTRAL: ZFake1E2Mu/Central/dR_mu1_mu2 in Skim_TriLep_TTG_PTG100to200.root
2026-01-28 17:08:17,197 - INFO - [2023] MISSING_CENTRAL: ZFake1E2Mu/Central/dR_mu1_mu2 in Skim_TriLep_TTG_PTG200toInf.root
2026-01-28 17:08:17,286 - INFO - [2023BPix] MISSING_CENTRAL: ZFake1E2Mu/Central/dR_mu1_mu2 in Skim_TriLep_DYJets10to50.root
2026-01-28 17:08:17,296 - INFO - [2023BPix] MISSING_CENTRAL: ZFake1E2Mu/Central/dR_mu1_mu2 in Skim_TriLep_TTG_PTG200toInf.root
2026-01-28 17:28:49,599 - INFO - [2022] MISSING_CENTRAL: ZFake1E2Mu/Central/dR_mu1_mu2 in Skim_TriLep_DYJets10to50.root
2026-01-28 17:28:49,600 - INFO - [2022] MISSING_CENTRAL: ZFake1E2Mu/Central/dR_mu1_mu2 in Skim_TriLep_TTG_PTG10to100.root
2026-01-28 17:28:49,600 - INFO - [2022] MISSING_CENTRAL: ZFake1E2Mu/Central/dR_mu1_mu2 in Skim_TriLep_TTG_PTG100to200.root
2026-01-28 17:28:49,681 - INFO - [2022EE] MISSING_CENTRAL: ZFake1E2Mu/Central/dR_mu1_mu2 in Skim_TriLep_DYJets10to50.root
2026-01-28 17:28:49,775 - INFO - [2023] MISSING_CENTRAL: ZFake1E2Mu/Central/dR_mu1_mu2 in Skim_TriLep_DYJets10to50.root
2026-01-28 17:28:49,781 - INFO - [2023] MISSING_CENTRAL: ZFake1E2Mu/Central/dR_mu1_mu2 in Skim_TriLep_TTG_PTG100to200.root
2026-01-28 17:28:49,781 - INFO - [2023] MISSING_CENTRAL: ZFake1E2Mu/Central/dR_mu1_mu2 in Skim_TriLep_TTG_PTG200toInf.root
2026-01-28 17:28:49,863 - INFO - [2023BPix] MISSING_CENTRAL: ZFake1E2Mu/Central/dR_mu1_mu2 in Skim_TriLep_DYJets10to50.root
2026-01-28 17:28:49,873 - INFO - [2023BPix] MISSING_CENTRAL: ZFake1E2Mu/Central/dR_mu1_mu2 in Skim_TriLep_TTG_PTG200toInf.root
2026-01-28 20:02:34,013 - INFO - [2022] MISSING_CENTRAL: ZFake1E2Mu/Central/dR_mu1_mu2 in Skim_TriLep_DYJets10to50.root
2026-01-28 20:02:34,014 - INFO - [2022] MISSING_CENTRAL: ZFake1E2Mu/Central/dR_mu1_mu2 in Skim_TriLep_TTG_PTG10to100.root
2026-01-28 20:02:34,014 - INFO - [2022] MISSING_CENTRAL: ZFake1E2Mu/Central/dR_mu1_mu2 in Skim_TriLep_TTG_PTG100to200.root
2026-01-28 20:02:34,096 - INFO - [2022EE] MISSING_CENTRAL: ZFake1E2Mu/Central/dR_mu1_mu2 in Skim_TriLep_DYJets10to50.root
2026-01-28 20:02:34,193 - INFO - [2023] MISSING_CENTRAL: ZFake1E2Mu/Central/dR_mu1_mu2 in Skim_TriLep_DYJets10to50.root
2026-01-28 20:02:34,201 - INFO - [2023] MISSING_CENTRAL: ZFake1E2Mu/Central/dR_mu1_mu2 in Skim_TriLep_TTG_PTG100to200.root
2026-01-28 20:02:34,201 - INFO - [2023] MISSING_CENTRAL: ZFake1E2Mu/Central/dR_mu1_mu2 in Skim_TriLep_TTG_PTG200toInf.root
2026-01-28 20:02:34,283 - INFO - [2023BPix] MISSING_CENTRAL: ZFake1E2Mu/Central/dR_mu1_mu2 in Skim_TriLep_DYJets10to50.root
2026-01-28 20:02:34,293 - INFO - [2023BPix] MISSING_CENTRAL: ZFake1E2Mu/Central/dR_mu1_mu2 in Skim_TriLep_TTG_PTG200toInf.root
2026-01-29 07:19:10,091 - INFO - [2022] MISSING_CENTRAL: ZFake1E2Mu/Central/dR_mu1_mu2 in Skim_TriLep_DYJets10to50.root
2026-01-29 07:19:10,091 - INFO - [2022] MISSING_CENTRAL: ZFake1E2Mu/Central/dR_mu1_mu2 in Skim_TriLep_TTG_PTG10to100.root
2026-01-29 07:19:10,092 - INFO - [2022] MISSING_CENTRAL: ZFake1E2Mu/Central/dR_mu1_mu2 in Skim_TriLep_TTG_PTG100to200.root
2026-01-29 07:19:10,164 - INFO - [2022EE] MISSING_CENTRAL: ZFake1E2Mu/Central/dR_mu1_mu2 in Skim_TriLep_DYJets10to50.root
2026-01-29 07:19:10,229 - INFO - [2023] MISSING_CENTRAL: ZFake1E2Mu/Central/dR_mu1_mu2 in Skim_TriLep_DYJets10to50.root
2026-01-29 07:19:10,233 - INFO - [2023] MISSING_CENTRAL: ZFake1E2Mu/Central/dR_mu1_mu2 in Skim_TriLep_TTG_PTG100to200.root
2026-01-29 07:19:10,233 - INFO - [2023] MISSING_CENTRAL: ZFake1E2Mu/Central/dR_mu1_mu2 in Skim_TriLep_TTG_PTG200toInf.root
2026-01-29 07:19:10,288 - INFO - [2023BPix] MISSING_CENTRAL: ZFake1E2Mu/Central/dR_mu1_mu2 in Skim_TriLep_DYJets10to50.root
2026-01-29 07:19:10,296 - INFO - [2023BPix] MISSING_CENTRAL: ZFake1E2Mu/Central/dR_mu1_mu2 in Skim_TriLep_TTG_PTG200toInf.root
2026-03-06 09:44:43,659 - INFO - [2022] MISSING_CENTRAL: ZFake1E2Mu/Central/dR_mu1_mu2 in Skim_TriLep_DYJets10to50.root
2026-03-06 09:44:43,660 - INFO - [2022] MISSING_CENTRAL: ZFake1E2Mu/Central/dR_mu1_mu2 in Skim_TriLep_TTG_PTG10to100.root
2026-03-06 09:44:43,660 - INFO - [2022] MISSING_CENTRAL: ZFake1E2Mu/Central/dR_mu1_mu2 in Skim_TriLep_TTG_PTG100to200.root
2026-03-06 09:44:43,720 - INFO - [2022EE] MISSING_CENTRAL: ZFake1E2Mu/Central/dR_mu1_mu2 in Skim_TriLep_DYJets10to50.root
2026-03-06 09:44:43,788 - INFO - [2023] MISSING_CENTRAL: ZFake1E2Mu/Central/dR_mu1_mu2 in Skim_TriLep_DYJets10to50.root
2026-03-06 09:44:43,792 - INFO - [2023] MISSING_CENTRAL: ZFake1E2Mu/Central/dR_mu1_mu2 in Skim_TriLep_TTG_PTG100to200.root
2026-03-06 09:44:43,793 - INFO - [2023] MISSING_CENTRAL: ZFake1E2Mu/Central/dR_mu1_mu2 in Skim_TriLep_TTG_PTG200toInf.root
2026-03-06 09:44:43,853 - INFO - [2023BPix] MISSING_CENTRAL: ZFake1E2Mu/Central/dR_mu1_mu2 in Skim_TriLep_DYJets10to50.root
2026-03-06 09:44:43,861 - INFO - [2023BPix] MISSING_CENTRAL: ZFake1E2Mu/Central/dR_mu1_mu2 in Skim_TriLep_TTG_PTG200toInf.root
2026-03-06 19:50:29,639 - INFO - [2022] MISSING_CENTRAL: ZFake1E2Mu/Central/dR_mu1_mu2 in Skim_TriLep_DYJets10to50.root
2026-03-06 19:50:29,639 - INFO - [2022] MISSING_CENTRAL: ZFake1E2Mu/Central/dR_mu1_mu2 in Skim_TriLep_TTG_PTG10to100.root
2026-03-06 19:50:29,640 - INFO - [2022] MISSING_CENTRAL: ZFake1E2Mu/Central/dR_mu1_mu2 in Skim_TriLep_TTG_PTG100to200.root
2026-03-06 19:50:29,732 - INFO - [2022EE] MISSING_CENTRAL: ZFake1E2Mu/Central/dR_mu1_mu2 in Skim_TriLep_DYJets10to50.root
2026-03-06 19:50:29,828 - INFO - [2023] MISSING_CENTRAL: ZFake1E2Mu/Central/dR_mu1_mu2 in Skim_TriLep_DYJets10to50.root
2026-03-06 19:50:29,832 - INFO - [2023] MISSING_CENTRAL: ZFake1E2Mu/Central/dR_mu1_mu2 in Skim_TriLep_TTG_PTG100to200.root
2026-03-06 19:50:29,833 - INFO - [2023] MISSING_CENTRAL: ZFake1E2Mu/Central/dR_mu1_mu2 in Skim_TriLep_TTG_PTG200toInf.root
2026-03-06 19:50:29,892 - INFO - [2023BPix] MISSING_CENTRAL: ZFake1E2Mu/Central/dR_mu1_mu2 in Skim_TriLep_DYJets10to50.root
2026-03-06 19:50:29,899 - INFO - [2023BPix] MISSING_CENTRAL: ZFake1E2Mu/Central/dR_mu1_mu2 in Skim_TriLep_TTG_PTG200toInf.root
2026-04-10 20:25:24,378 - INFO - [2022] MISSING_CENTRAL: ZFake1E2Mu/Central/dR_mu1_mu2 in Skim_TriLep_DYJets10to50.root
2026-04-10 20:25:24,379 - INFO - [2022] MISSING_CENTRAL: ZFake1E2Mu/Central/dR_mu1_mu2 in Skim_TriLep_TTG_PTG10to100.root
2026-04-10 20:25:24,379 - INFO - [2022] MISSING_CENTRAL: ZFake1E2Mu/Central/dR_mu1_mu2 in Skim_TriLep_TTG_PTG100to200.root
2026-04-10 20:25:24,475 - INFO - [2022EE] MISSING_CENTRAL: ZFake1E2Mu/Central/dR_mu1_mu2 in Skim_TriLep_DYJets10to50.root
2026-04-10 20:25:24,584 - INFO - [2023] MISSING_CENTRAL: ZFake1E2Mu/Central/dR_mu1_mu2 in Skim_TriLep_DYJets10to50.root
2026-04-10 20:25:24,591 - INFO - [2023] MISSING_CENTRAL: ZFake1E2Mu/Central/dR_mu1_mu2 in Skim_TriLep_TTG_PTG100to200.root
2026-04-10 20:25:24,591 - INFO - [2023] MISSING_CENTRAL: ZFake1E2Mu/Central/dR_mu1_mu2 in Skim_TriLep_TTG_PTG200toInf.root
2026-04-10 20:25:24,681 - INFO - [2023BPix] MISSING_CENTRAL: ZFake1E2Mu/Central/dR_mu1_mu2 in Skim_TriLep_DYJets10to50.root
2026-04-10 20:25:24,692 - INFO - [2023BPix] MISSING_CENTRAL: ZFake1E2Mu/Central/dR_mu1_mu2 in Skim_TriLep_TTG_PTG200toInf.root
2026-04-12 11:40:47,919 - INFO - [2022] MISSING_CENTRAL: ZFake1E2Mu/Central/dR_mu1_mu2 in Skim_TriLep_DYJets10to50.root
2026-04-12 11:40:47,920 - INFO - [2022] MISSING_CENTRAL: ZFake1E2Mu/Central/dR_mu1_mu2 in Skim_TriLep_TTG_PTG10to100.root
2026-04-12 11:40:47,920 - INFO - [2022] MISSING_CENTRAL: ZFake1E2Mu/Central/dR_mu1_mu2 in Skim_TriLep_TTG_PTG100to200.root
2026-04-12 11:40:47,979 - INFO - [2022EE] MISSING_CENTRAL: ZFake1E2Mu/Central/dR_mu1_mu2 in Skim_TriLep_DYJets10to50.root
2026-04-12 11:40:48,046 - INFO - [2023] MISSING_CENTRAL: ZFake1E2Mu/Central/dR_mu1_mu2 in Skim_TriLep_DYJets10to50.root
2026-04-12 11:40:48,050 - INFO - [2023] MISSING_CENTRAL: ZFake1E2Mu/Central/dR_mu1_mu2 in Skim_TriLep_TTG_PTG100to200.root
2026-04-12 11:40:48,051 - INFO - [2023] MISSING_CENTRAL: ZFake1E2Mu/Central/dR_mu1_mu2 in Skim_TriLep_TTG_PTG200toInf.root
2026-04-12 11:40:48,106 - INFO - [2023BPix] MISSING_CENTRAL: ZFake1E2Mu/Central/dR_mu1_mu2 in Skim_TriLep_DYJets10to50.root
2026-04-12 11:40:48,114 - INFO - [2023BPix] MISSING_CENTRAL: ZFake1E2Mu/Central/dR_mu1_mu2 in Skim_TriLep_TTG_PTG200toInf.root
2026-04-12 12:22:29,390 - INFO - [2022] MISSING_CENTRAL: ZFake1E2Mu/Central/dR_mu1_mu2 in Skim_TriLep_DYJets10to50.root
2026-04-12 12:22:29,390 - INFO - [2022] MISSING_CENTRAL: ZFake1E2Mu/Central/dR_mu1_mu2 in Skim_TriLep_TTG_PTG10to100.root
2026-04-12 12:22:29,391 - INFO - [2022] MISSING_CENTRAL: ZFake1E2Mu/Central/dR_mu1_mu2 in Skim_TriLep_TTG_PTG100to200.root
2026-04-12 12:22:29,484 - INFO - [2022EE] MISSING_CENTRAL: ZFake1E2Mu/Central/dR_mu1_mu2 in Skim_TriLep_DYJets10to50.root
2026-04-12 12:22:29,593 - INFO - [2023] MISSING_CENTRAL: ZFake1E2Mu/Central/dR_mu1_mu2 in Skim_TriLep_DYJets10to50.root
2026-04-12 12:22:29,599 - INFO - [2023] MISSING_CENTRAL: ZFake1E2Mu/Central/dR_mu1_mu2 in Skim_TriLep_TTG_PTG100to200.root
2026-04-12 12:22:29,599 - INFO - [2023] MISSING_CENTRAL: ZFake1E2Mu/Central/dR_mu1_mu2 in Skim_TriLep_TTG_PTG200toInf.root
2026-04-12 12:22:29,687 - INFO - [2023BPix] MISSING_CENTRAL: ZFake1E2Mu/Central/dR_mu1_mu2 in Skim_TriLep_DYJets10to50.root
2026-04-12 12:22:29,698 - INFO - [2023BPix] MISSING_CENTRAL: ZFake1E2Mu/Central/dR_mu1_mu2 in Skim_TriLep_TTG_PTG200toInf.root
2026-04-12 12:42:08,578 - INFO - [2022] MISSING_CENTRAL: ZFake1E2Mu/Central/dR_mu1_mu2 in Skim_TriLep_DYJets10to50.root
2026-04-12 12:42:08,579 - INFO - [2022] MISSING_CENTRAL: ZFake1E2Mu/Central/dR_mu1_mu2 in Skim_TriLep_TTG_PTG10to100.root
2026-04-12 12:42:08,579 - INFO - [2022] MISSING_CENTRAL: ZFake1E2Mu/Central/dR_mu1_mu2 in Skim_TriLep_TTG_PTG100to200.root
2026-04-12 12:42:08,675 - INFO - [2022EE] MISSING_CENTRAL: ZFake1E2Mu/Central/dR_mu1_mu2 in Skim_TriLep_DYJets10to50.root
2026-04-12 12:42:08,785 - INFO - [2023] MISSING_CENTRAL: ZFake1E2Mu/Central/dR_mu1_mu2 in Skim_TriLep_DYJets10to50.root
2026-04-12 12:42:08,791 - INFO - [2023] MISSING_CENTRAL: ZFake1E2Mu/Central/dR_mu1_mu2 in Skim_TriLep_TTG_PTG100to200.root
2026-04-12 12:42:08,792 - INFO - [2023] MISSING_CENTRAL: ZFake1E2Mu/Central/dR_mu1_mu2 in Skim_TriLep_TTG_PTG200toInf.root
2026-04-12 12:42:08,875 - INFO - [2023BPix] MISSING_CENTRAL: ZFake1E2Mu/Central/dR_mu1_mu2 in Skim_TriLep_DYJets10to50.root
2026-04-12 12:42:08,885 - INFO - [2023BPix] MISSING_CENTRAL: ZFake1E2Mu/Central/dR_mu1_mu2 in Skim_TriLep_TTG_PTG200toInf.root
2026-04-12 20:50:18,614 - INFO - [2022] MISSING_CENTRAL: ZFake1E2Mu/Central/dR_mu1_mu2 in Skim_TriLep_DYJets10to50.root
2026-04-12 20:50:18,614 - INFO - [2022] MISSING_CENTRAL: ZFake1E2Mu/Central/dR_mu1_mu2 in Skim_TriLep_TTG_PTG10to100.root
2026-04-12 20:50:18,615 - INFO - [2022] MISSING_CENTRAL: ZFake1E2Mu/Central/dR_mu1_mu2 in Skim_TriLep_TTG_PTG100to200.root
2026-04-12 20:50:18,710 - INFO - [2022EE] MISSING_CENTRAL: ZFake1E2Mu/Central/dR_mu1_mu2 in Skim_TriLep_DYJets10to50.root
2026-04-12 20:50:18,815 - INFO - [2023] MISSING_CENTRAL: ZFake1E2Mu/Central/dR_mu1_mu2 in Skim_TriLep_DYJets10to50.root
2026-04-12 20:50:18,821 - INFO - [2023] MISSING_CENTRAL: ZFake1E2Mu/Central/dR_mu1_mu2 in Skim_TriLep_TTG_PTG100to200.root
2026-04-12 20:50:18,822 - INFO - [2023] MISSING_CENTRAL: ZFake1E2Mu/Central/dR_mu1_mu2 in Skim_TriLep_TTG_PTG200toInf.root
2026-04-12 20:50:18,895 - INFO - [2023BPix] MISSING_CENTRAL: ZFake1E2Mu/Central/dR_mu1_mu2 in Skim_TriLep_DYJets10to50.root
2026-04-12 20:50:18,903 - INFO - [2023BPix] MISSING_CENTRAL: ZFake1E2Mu/Central/dR_mu1_mu2 in Skim_TriLep_TTG_PTG200toInf.root
2026-04-12 21:21:52,072 - INFO - [2022] MISSING_CENTRAL: ZFake1E2Mu/Central/dR_mu1_mu2 in Skim_TriLep_DYJets10to50.root
2026-04-12 21:21:52,072 - INFO - [2022] MISSING_CENTRAL: ZFake1E2Mu/Central/dR_mu1_mu2 in Skim_TriLep_TTG_PTG10to100.root
2026-04-12 21:21:52,073 - INFO - [2022] MISSING_CENTRAL: ZFake1E2Mu/Central/dR_mu1_mu2 in Skim_TriLep_TTG_PTG100to200.root
2026-04-12 21:21:52,134 - INFO - [2022EE] MISSING_CENTRAL: ZFake1E2Mu/Central/dR_mu1_mu2 in Skim_TriLep_DYJets10to50.root
2026-04-12 21:21:52,203 - INFO - [2023] MISSING_CENTRAL: ZFake1E2Mu/Central/dR_mu1_mu2 in Skim_TriLep_DYJets10to50.root
2026-04-12 21:21:52,207 - INFO - [2023] MISSING_CENTRAL: ZFake1E2Mu/Central/dR_mu1_mu2 in Skim_TriLep_TTG_PTG100to200.root
2026-04-12 21:21:52,208 - INFO - [2023] MISSING_CENTRAL: ZFake1E2Mu/Central/dR_mu1_mu2 in Skim_TriLep_TTG_PTG200toInf.root
2026-04-12 21:21:52,266 - INFO - [2023BPix] MISSING_CENTRAL: ZFake1E2Mu/Central/dR_mu1_mu2 in Skim_TriLep_DYJets10to50.root
2026-04-12 21:21:52,274 - INFO - [2023BPix] MISSING_CENTRAL: ZFake1E2Mu/Central/dR_mu1_mu2 in Skim_TriLep_TTG_PTG200toInf.root
2026-04-13 12:59:41,356 - INFO - [2022] MISSING_CENTRAL: ZFake1E2Mu/Central/dR_mu1_mu2 in Skim_TriLep_DYJets10to50.root
2026-04-13 12:59:41,357 - INFO - [2022] MISSING_CENTRAL: ZFake1E2Mu/Central/dR_mu1_mu2 in Skim_TriLep_TTG_PTG10to100.root
2026-04-13 12:59:41,357 - INFO - [2022] MISSING_CENTRAL: ZFake1E2Mu/Central/dR_mu1_mu2 in Skim_TriLep_TTG_PTG100to200.root
2026-04-13 12:59:41,467 - INFO - [2022EE] MISSING_CENTRAL: ZFake1E2Mu/Central/dR_mu1_mu2 in Skim_TriLep_DYJets10to50.root
2026-04-13 12:59:41,566 - INFO - [2023] MISSING_CENTRAL: ZFake1E2Mu/Central/dR_mu1_mu2 in Skim_TriLep_DYJets10to50.root
2026-04-13 12:59:41,571 - INFO - [2023] MISSING_CENTRAL: ZFake1E2Mu/Central/dR_mu1_mu2 in Skim_TriLep_TTG_PTG100to200.root
2026-04-13 12:59:41,571 - INFO - [2023] MISSING_CENTRAL: ZFake1E2Mu/Central/dR_mu1_mu2 in Skim_TriLep_TTG_PTG200toInf.root
2026-04-13 12:59:41,641 - INFO - [2023BPix] MISSING_CENTRAL: ZFake1E2Mu/Central/dR_mu1_mu2 in Skim_TriLep_DYJets10to50.root
2026-04-13 12:59:41,650 - INFO - [2023BPix] MISSING_CENTRAL: ZFake1E2Mu/Central/dR_mu1_mu2 in Skim_TriLep_TTG_PTG200toInf.root
2026-04-16 17:42:12,940 - INFO - [2022] MISSING_CENTRAL: ZFake1E2Mu/Central/dR_mu1_mu2 in Skim_TriLep_DYJets10to50.root
2026-04-16 17:42:12,940 - INFO - [2022] MISSING_CENTRAL: ZFake1E2Mu/Central/dR_mu1_mu2 in Skim_TriLep_TTG_PTG10to100.root
2026-04-16 17:42:12,941 - INFO - [2022] MISSING_CENTRAL: ZFake1E2Mu/Central/dR_mu1_mu2 in Skim_TriLep_TTG_PTG100to200.root
2026-04-16 17:42:13,040 - INFO - [2022EE] MISSING_CENTRAL: ZFake1E2Mu/Central/dR_mu1_mu2 in Skim_TriLep_DYJets10to50.root
2026-04-16 17:42:13,123 - INFO - [2023] MISSING_CENTRAL: ZFake1E2Mu/Central/dR_mu1_mu2 in Skim_TriLep_DYJets10to50.root
2026-04-16 17:42:13,128 - INFO - [2023] MISSING_CENTRAL: ZFake1E2Mu/Central/dR_mu1_mu2 in Skim_TriLep_TTG_PTG100to200.root
2026-04-16 17:42:13,128 - INFO - [2023] MISSING_CENTRAL: ZFake1E2Mu/Central/dR_mu1_mu2 in Skim_TriLep_TTG_PTG200toInf.root
2026-04-16 17:42:13,193 - INFO - [2023BPix] MISSING_CENTRAL: ZFake1E2Mu/Central/dR_mu1_mu2 in Skim_TriLep_DYJets10to50.root
2026-04-16 17:42:13,201 - INFO - [2023BPix] MISSING_CENTRAL: ZFake1E2Mu/Central/dR_mu1_mu2 in Skim_TriLep_TTG_PTG200toInf.root
2026-04-28 15:20:57,867 - INFO - [2022] MISSING_CENTRAL: ZFake1E2Mu/Central/dR_mu1_mu2 in Skim_TriLep_DYJets10to50.root
2026-04-28 15:20:57,868 - INFO - [2022] MISSING_CENTRAL: ZFake1E2Mu/Central/dR_mu1_mu2 in Skim_TriLep_TTG_PTG10to100.root
2026-04-28 15:20:57,868 - INFO - [2022] MISSING_CENTRAL: ZFake1E2Mu/Central/dR_mu1_mu2 in Skim_TriLep_TTG_PTG100to200.root
2026-04-28 15:20:57,978 - INFO - [2022EE] MISSING_CENTRAL: ZFake1E2Mu/Central/dR_mu1_mu2 in Skim_TriLep_DYJets10to50.root
2026-04-28 15:20:58,106 - INFO - [2023] MISSING_CENTRAL: ZFake1E2Mu/Central/dR_mu1_mu2 in Skim_TriLep_DYJets10to50.root
2026-04-28 15:20:58,113 - INFO - [2023] MISSING_CENTRAL: ZFake1E2Mu/Central/dR_mu1_mu2 in Skim_TriLep_TTG_PTG100to200.root
2026-04-28 15:20:58,113 - INFO - [2023] MISSING_CENTRAL: ZFake1E2Mu/Central/dR_mu1_mu2 in Skim_TriLep_TTG_PTG200toInf.root
2026-04-28 15:20:58,215 - INFO - [2023BPix] MISSING_CENTRAL: ZFake1E2Mu/Central/dR_mu1_mu2 in Skim_TriLep_DYJets10to50.root
2026-04-28 15:20:58,224 - INFO - [2023BPix] MISSING_CENTRAL: ZFake1E2Mu/Central/dR_mu1_mu2 in Skim_TriLep_TTG_PTG200toInf.root
2026-04-28 20:34:05,687 - INFO - [2022] MISSING_CENTRAL: ZFake1E2Mu/Central/dR_mu1_mu2 in Skim_TriLep_DYJets10to50.root
2026-04-28 20:34:05,688 - INFO - [2022] MISSING_CENTRAL: ZFake1E2Mu/Central/dR_mu1_mu2 in Skim_TriLep_TTG_PTG10to100.root
2026-04-28 20:34:05,688 - INFO - [2022] MISSING_CENTRAL: ZFake1E2Mu/Central/dR_mu1_mu2 in Skim_TriLep_TTG_PTG100to200.root
2026-04-28 20:34:05,756 - INFO - [2022EE] MISSING_CENTRAL: ZFake1E2Mu/Central/dR_mu1_mu2 in Skim_TriLep_DYJets10to50.root
2026-04-28 20:34:05,833 - INFO - [2023] MISSING_CENTRAL: ZFake1E2Mu/Central/dR_mu1_mu2 in Skim_TriLep_DYJets10to50.root
2026-04-28 20:34:05,838 - INFO - [2023] MISSING_CENTRAL: ZFake1E2Mu/Central/dR_mu1_mu2 in Skim_TriLep_TTG_PTG100to200.root
2026-04-28 20:34:05,838 - INFO - [2023] MISSING_CENTRAL: ZFake1E2Mu/Central/dR_mu1_mu2 in Skim_TriLep_TTG_PTG200toInf.root
2026-04-28 20:34:05,903 - INFO - [2023BPix] MISSING_CENTRAL: ZFake1E2Mu/Central/dR_mu1_mu2 in Skim_TriLep_DYJets10to50.root
2026-04-28 20:34:05,911 - INFO - [2023BPix] MISSING_CENTRAL: ZFake1E2Mu/Central/dR_mu1_mu2 in Skim_TriLep_TTG_PTG200toInf.root
2026-05-04 15:40:41,994 - INFO - [2022] MISSING_CENTRAL: ZFake1E2Mu/Central/dR_mu1_mu2 in Skim_TriLep_DYJets10to50.root
2026-05-04 15:40:41,995 - INFO - [2022] MISSING_CENTRAL: ZFake1E2Mu/Central/dR_mu1_mu2 in Skim_TriLep_TTG_PTG10to100.root
2026-05-04 15:40:41,995 - INFO - [2022] MISSING_CENTRAL: ZFake1E2Mu/Central/dR_mu1_mu2 in Skim_TriLep_TTG_PTG100to200.root
2026-05-04 15:40:42,107 - INFO - [2022EE] MISSING_CENTRAL: ZFake1E2Mu/Central/dR_mu1_mu2 in Skim_TriLep_DYJets10to50.root
2026-05-04 15:40:42,235 - INFO - [2023] MISSING_CENTRAL: ZFake1E2Mu/Central/dR_mu1_mu2 in Skim_TriLep_DYJets10to50.root
2026-05-04 15:40:42,242 - INFO - [2023] MISSING_CENTRAL: ZFake1E2Mu/Central/dR_mu1_mu2 in Skim_TriLep_TTG_PTG100to200.root
2026-05-04 15:40:42,243 - INFO - [2023] MISSING_CENTRAL: ZFake1E2Mu/Central/dR_mu1_mu2 in Skim_TriLep_TTG_PTG200toInf.root
2026-05-04 15:40:42,354 - INFO - [2023BPix] MISSING_CENTRAL: ZFake1E2Mu/Central/dR_mu1_mu2 in Skim_TriLep_DYJets10to50.root
2026-05-04 15:40:42,368 - INFO - [2023BPix] MISSING_CENTRAL: ZFake1E2Mu/Central/dR_mu1_mu2 in Skim_TriLep_TTG_PTG200toInf.root
2026-05-04 16:04:44,771 - INFO - [2022] MISSING_CENTRAL: ZFake1E2Mu/Central/dR_mu1_mu2 in Skim_TriLep_DYJets10to50.root
2026-05-04 16:04:44,772 - INFO - [2022] MISSING_CENTRAL: ZFake1E2Mu/Central/dR_mu1_mu2 in Skim_TriLep_TTG_PTG10to100.root
2026-05-04 16:04:44,772 - INFO - [2022] MISSING_CENTRAL: ZFake1E2Mu/Central/dR_mu1_mu2 in Skim_TriLep_TTG_PTG100to200.root
2026-05-04 16:04:44,882 - INFO - [2022EE] MISSING_CENTRAL: ZFake1E2Mu/Central/dR_mu1_mu2 in Skim_TriLep_DYJets10to50.root
2026-05-04 16:04:44,963 - INFO - [2023] MISSING_CENTRAL: ZFake1E2Mu/Central/dR_mu1_mu2 in Skim_TriLep_DYJets10to50.root
2026-05-04 16:04:44,968 - INFO - [2023] MISSING_CENTRAL: ZFake1E2Mu/Central/dR_mu1_mu2 in Skim_TriLep_TTG_PTG100to200.root
2026-05-04 16:04:44,968 - INFO - [2023] MISSING_CENTRAL: ZFake1E2Mu/Central/dR_mu1_mu2 in Skim_TriLep_TTG_PTG200toInf.root
2026-05-04 16:04:45,035 - INFO - [2023BPix] MISSING_CENTRAL: ZFake1E2Mu/Central/dR_mu1_mu2 in Skim_TriLep_DYJets10to50.root
2026-05-04 16:04:45,043 - INFO - [2023BPix] MISSING_CENTRAL: ZFake1E2Mu/Central/dR_mu1_mu2 in Skim_TriLep_TTG_PTG200toInf.root
2026-05-04 17:11:36,448 - INFO - [2022] MISSING_CENTRAL: ZFake1E2Mu/Central/dR_mu1_mu2 in Skim_TriLep_DYJets10to50.root
2026-05-04 17:11:36,448 - INFO - [2022] MISSING_CENTRAL: ZFake1E2Mu/Central/dR_mu1_mu2 in Skim_TriLep_TTG_PTG10to100.root
2026-05-04 17:11:36,448 - INFO - [2022] MISSING_CENTRAL: ZFake1E2Mu/Central/dR_mu1_mu2 in Skim_TriLep_TTG_PTG100to200.root
2026-05-04 17:11:36,518 - INFO - [2022EE] MISSING_CENTRAL: ZFake1E2Mu/Central/dR_mu1_mu2 in Skim_TriLep_DYJets10to50.root
2026-05-04 17:11:36,599 - INFO - [2023] MISSING_CENTRAL: ZFake1E2Mu/Central/dR_mu1_mu2 in Skim_TriLep_DYJets10to50.root
2026-05-04 17:11:36,603 - INFO - [2023] MISSING_CENTRAL: ZFake1E2Mu/Central/dR_mu1_mu2 in Skim_TriLep_TTG_PTG100to200.root
2026-05-04 17:11:36,604 - INFO - [2023] MISSING_CENTRAL: ZFake1E2Mu/Central/dR_mu1_mu2 in Skim_TriLep_TTG_PTG200toInf.root
2026-05-04 17:11:36,671 - INFO - [2023BPix] MISSING_CENTRAL: ZFake1E2Mu/Central/dR_mu1_mu2 in Skim_TriLep_DYJets10to50.root
2026-05-04 17:11:36,680 - INFO - [2023BPix] MISSING_CENTRAL: ZFake1E2Mu/Central/dR_mu1_mu2 in Skim_TriLep_TTG_PTG200toInf.root
2026-05-28 15:48:21,322 - INFO - [2022] MISSING_CENTRAL: ZFake1E2Mu/Central/dR_mu1_mu2 in Skim_TriLep_DYJets10to50.root
2026-05-28 15:48:21,323 - INFO - [2022] MISSING_CENTRAL: ZFake1E2Mu/Central/dR_mu1_mu2 in Skim_TriLep_TTG_PTG10to100.root
2026-05-28 15:48:21,323 - INFO - [2022] MISSING_CENTRAL: ZFake1E2Mu/Central/dR_mu1_mu2 in Skim_TriLep_TTG_PTG100to200.root
2026-05-28 15:48:21,429 - INFO - [2022EE] MISSING_CENTRAL: ZFake1E2Mu/Central/dR_mu1_mu2 in Skim_TriLep_DYJets10to50.root
2026-05-28 15:48:21,587 - INFO - [2023] MISSING_CENTRAL: ZFake1E2Mu/Central/dR_mu1_mu2 in Skim_TriLep_DYJets10to50.root
2026-05-28 15:48:21,595 - INFO - [2023] MISSING_CENTRAL: ZFake1E2Mu/Central/dR_mu1_mu2 in Skim_TriLep_TTG_PTG100to200.root
2026-05-28 15:48:21,596 - INFO - [2023] MISSING_CENTRAL: ZFake1E2Mu/Central/dR_mu1_mu2 in Skim_TriLep_TTG_PTG200toInf.root
2026-05-28 15:48:21,700 - INFO - [2023BPix] MISSING_CENTRAL: ZFake1E2Mu/Central/dR_mu1_mu2 in Skim_TriLep_DYJets10to50.root
2026-05-28 15:48:21,714 - INFO - [2023BPix] MISSING_CENTRAL: ZFake1E2Mu/Central/dR_mu1_mu2 in Skim_TriLep_TTG_PTG200toInf.root
2026-05-29 15:21:49,672 - INFO - [2022] MISSING_CENTRAL: ZFake1E2Mu/Central/dR_mu1_mu2 in Skim_TriLep_DYJets10to50.root
2026-05-29 15:21:49,673 - INFO - [2022] MISSING_CENTRAL: ZFake1E2Mu/Central/dR_mu1_mu2 in Skim_TriLep_TTG_PTG10to100.root
2026-05-29 15:21:49,673 - INFO - [2022] MISSING_CENTRAL: ZFake1E2Mu/Central/dR_mu1_mu2 in Skim_TriLep_TTG_PTG100to200.root
2026-05-29 15:21:49,742 - INFO - [2022EE] MISSING_CENTRAL: ZFake1E2Mu/Central/dR_mu1_mu2 in Skim_TriLep_DYJets10to50.root
2026-05-29 15:21:49,821 - INFO - [2023] MISSING_CENTRAL: ZFake1E2Mu/Central/dR_mu1_mu2 in Skim_TriLep_DYJets10to50.root
2026-05-29 15:21:49,825 - INFO - [2023] MISSING_CENTRAL: ZFake1E2Mu/Central/dR_mu1_mu2 in Skim_TriLep_TTG_PTG100to200.root
2026-05-29 15:21:49,826 - INFO - [2023] MISSING_CENTRAL: ZFake1E2Mu/Central/dR_mu1_mu2 in Skim_TriLep_TTG_PTG200toInf.root
2026-05-29 15:21:49,894 - INFO - [2023BPix] MISSING_CENTRAL: ZFake1E2Mu/Central/dR_mu1_mu2 in Skim_TriLep_DYJets10to50.root
2026-05-29 15:21:49,903 - INFO - [2023BPix] MISSING_CENTRAL: ZFake1E2Mu/Central/dR_mu1_mu2 in Skim_TriLep_TTG_PTG200toInf.root
2026-05-29 15:39:19,713 - INFO - [2022] MISSING_CENTRAL: ZFake1E2Mu/Central/dR_mu1_mu2 in Skim_TriLep_DYJets10to50.root
2026-05-29 15:39:19,713 - INFO - [2022] MISSING_CENTRAL: ZFake1E2Mu/Central/dR_mu1_mu2 in Skim_TriLep_TTG_PTG10to100.root
2026-05-29 15:39:19,714 - INFO - [2022] MISSING_CENTRAL: ZFake1E2Mu/Central/dR_mu1_mu2 in Skim_TriLep_TTG_PTG100to200.root
2026-05-29 15:39:19,780 - INFO - [2022EE] MISSING_CENTRAL: ZFake1E2Mu/Central/dR_mu1_mu2 in Skim_TriLep_DYJets10to50.root
2026-05-29 15:39:19,857 - INFO - [2023] MISSING_CENTRAL: ZFake1E2Mu/Central/dR_mu1_mu2 in Skim_TriLep_DYJets10to50.root
2026-05-29 15:39:19,862 - INFO - [2023] MISSING_CENTRAL: ZFake1E2Mu/Central/dR_mu1_mu2 in Skim_TriLep_TTG_PTG100to200.root
2026-05-29 15:39:19,862 - INFO - [2023] MISSING_CENTRAL: ZFake1E2Mu/Central/dR_mu1_mu2 in Skim_TriLep_TTG_PTG200toInf.root
2026-05-29 15:39:19,929 - INFO - [2023BPix] MISSING_CENTRAL: ZFake1E2Mu/Central/dR_mu1_mu2 in Skim_TriLep_DYJets10to50.root
2026-05-29 15:39:19,938 - INFO - [2023BPix] MISSING_CENTRAL: ZFake1E2Mu/Central/dR_mu1_mu2 in Skim_TriLep_TTG_PTG200toInf.root
2026-05-29 18:30:42,119 - INFO - [2022] MISSING_CENTRAL: ZFake1E2Mu/Central/dR_mu1_mu2 in Skim_TriLep_DYJets10to50.root
2026-05-29 18:30:42,120 - INFO - [2022] MISSING_CENTRAL: ZFake1E2Mu/Central/dR_mu1_mu2 in Skim_TriLep_TTG_PTG10to100.root
2026-05-29 18:30:42,120 - INFO - [2022] MISSING_CENTRAL: ZFake1E2Mu/Central/dR_mu1_mu2 in Skim_TriLep_TTG_PTG100to200.root
2026-05-29 18:30:42,190 - INFO - [2022EE] MISSING_CENTRAL: ZFake1E2Mu/Central/dR_mu1_mu2 in Skim_TriLep_DYJets10to50.root
2026-05-29 18:30:42,269 - INFO - [2023] MISSING_CENTRAL: ZFake1E2Mu/Central/dR_mu1_mu2 in Skim_TriLep_DYJets10to50.root
2026-05-29 18:30:42,273 - INFO - [2023] MISSING_CENTRAL: ZFake1E2Mu/Central/dR_mu1_mu2 in Skim_TriLep_TTG_PTG100to200.root
2026-05-29 18:30:42,274 - INFO - [2023] MISSING_CENTRAL: ZFake1E2Mu/Central/dR_mu1_mu2 in Skim_TriLep_TTG_PTG200toInf.root
2026-05-29 18:30:42,340 - INFO - [2023BPix] MISSING_CENTRAL: ZFake1E2Mu/Central/dR_mu1_mu2 in Skim_TriLep_DYJets10to50.root
2026-05-29 18:30:42,349 - INFO - [2023BPix] MISSING_CENTRAL: ZFake1E2Mu/Central/dR_mu1_mu2 in Skim_TriLep_TTG_PTG200toInf.root
