2025-09-24 16:07:34,477 - INFO - [2022] MISSING_CENTRAL: ZFake1E2Mu/Central/jets/1/px in Skim_TriLep_DYJets.root
2025-09-24 16:07:34,477 - INFO - [2022] MISSING_CENTRAL: ZFake1E2Mu/Central/jets/1/px in Skim_TriLep_DYJets10to50.root
2025-09-24 16:07:34,477 - INFO - [2022] MISSING_CENTRAL: ZFake1E2Mu/Central/jets/1/px in Skim_TriLep_DYGTo2LG_MLL4to50_PTG10to100.root
2025-09-24 16:07:34,477 - INFO - [2022] MISSING_CENTRAL: ZFake1E2Mu/Central/jets/1/px in Skim_TriLep_DYGTo2LG_MLL4to50_PTG100to200.root
2025-09-24 16:07:34,477 - INFO - [2022] MISSING_CENTRAL: ZFake1E2Mu/Central/jets/1/px in Skim_TriLep_DYGTo2LG_MLL4to50_PTG200toInf.root
2025-09-24 16:07:34,730 - INFO - [2022] MISSING_CENTRAL: ZFake1E2Mu/Central/jets/1/px in Skim_TriLep_TTG_PTG10to100.root
2025-09-24 16:07:34,730 - INFO - [2022] MISSING_CENTRAL: ZFake1E2Mu/Central/jets/1/px in Skim_TriLep_TTG_PTG100to200.root
2025-09-24 16:07:35,047 - INFO - [2022EE] MISSING_CENTRAL: ZFake1E2Mu/Central/jets/1/px in Skim_TriLep_DYJets.root
2025-09-24 16:07:35,047 - INFO - [2022EE] MISSING_CENTRAL: ZFake1E2Mu/Central/jets/1/px in Skim_TriLep_DYJets10to50.root
2025-09-24 16:07:35,047 - INFO - [2022EE] MISSING_CENTRAL: ZFake1E2Mu/Central/jets/1/px in Skim_TriLep_DYGTo2LG_MLL4to50_PTG10to100.root
2025-09-24 16:07:35,047 - INFO - [2022EE] MISSING_CENTRAL: ZFake1E2Mu/Central/jets/1/px in Skim_TriLep_DYGTo2LG_MLL4to50_PTG100to200.root
2025-09-24 16:07:35,048 - INFO - [2022EE] MISSING_CENTRAL: ZFake1E2Mu/Central/jets/1/px in Skim_TriLep_DYGTo2LG_MLL4to50_PTG200toInf.root
2025-09-24 16:07:36,031 - INFO - [2023] MISSING_CENTRAL: ZFake1E2Mu/Central/jets/1/px in Skim_TriLep_DYJets10to50.root
2025-09-24 16:07:36,031 - INFO - [2023] MISSING_CENTRAL: ZFake1E2Mu/Central/jets/1/px in Skim_TriLep_DYGTo2LG_MLL4to50_PTG10to100.root
2025-09-24 16:07:36,031 - INFO - [2023] MISSING_CENTRAL: ZFake1E2Mu/Central/jets/1/px in Skim_TriLep_DYGTo2LG_MLL4to50_PTG100to200.root
2025-09-24 16:07:36,031 - INFO - [2023] MISSING_CENTRAL: ZFake1E2Mu/Central/jets/1/px in Skim_TriLep_DYGTo2LG_MLL4to50_PTG200toInf.root
2025-09-24 16:07:36,286 - INFO - [2023] MISSING_CENTRAL: ZFake1E2Mu/Central/jets/1/px in Skim_TriLep_TTG_PTG10to100.root
2025-09-24 16:07:36,286 - INFO - [2023] MISSING_CENTRAL: ZFake1E2Mu/Central/jets/1/px in Skim_TriLep_TTG_PTG100to200.root
2025-09-24 16:07:36,287 - INFO - [2023] MISSING_CENTRAL: ZFake1E2Mu/Central/jets/1/px in Skim_TriLep_TTG_PTG200toInf.root
2025-09-24 16:07:36,541 - INFO - [2023BPix] MISSING_CENTRAL: ZFake1E2Mu/Central/jets/1/px in Skim_TriLep_DYJets.root
2025-09-24 16:07:36,541 - INFO - [2023BPix] MISSING_CENTRAL: ZFake1E2Mu/Central/jets/1/px in Skim_TriLep_DYJets10to50.root
2025-09-24 16:07:36,542 - INFO - [2023BPix] MISSING_CENTRAL: ZFake1E2Mu/Central/jets/1/px in Skim_TriLep_DYGTo2LG_MLL4to50_PTG10to100.root
2025-09-24 16:07:36,542 - INFO - [2023BPix] MISSING_CENTRAL: ZFake1E2Mu/Central/jets/1/px in Skim_TriLep_DYGTo2LG_MLL4to50_PTG100to200.root
2025-09-24 16:07:36,542 - INFO - [2023BPix] MISSING_CENTRAL: ZFake1E2Mu/Central/jets/1/px in Skim_TriLep_DYGTo2LG_MLL4to50_PTG200toInf.root
2025-09-24 16:07:36,681 - INFO - [2023BPix] MISSING_CENTRAL: ZFake1E2Mu/Central/jets/1/px in Skim_TriLep_TTG_PTG200toInf.root
2025-10-02 21:23:28,827 - INFO - [2022] MISSING_CENTRAL: ZFake1E2Mu/Central/jets/1/px in Skim_TriLep_DYJets.root
2025-10-02 21:23:28,829 - INFO - [2022] MISSING_CENTRAL: ZFake1E2Mu/Central/jets/1/px in Skim_TriLep_DYJets10to50.root
2025-10-02 21:23:28,830 - INFO - [2022] MISSING_CENTRAL: ZFake1E2Mu/Central/jets/1/px in Skim_TriLep_DYGTo2LG_MLL4to50_PTG10to100.root
2025-10-02 21:23:28,831 - INFO - [2022] MISSING_CENTRAL: ZFake1E2Mu/Central/jets/1/px in Skim_TriLep_DYGTo2LG_MLL4to50_PTG100to200.root
2025-10-02 21:23:28,832 - INFO - [2022] MISSING_CENTRAL: ZFake1E2Mu/Central/jets/1/px in Skim_TriLep_DYGTo2LG_MLL4to50_PTG200toInf.root
2025-10-02 21:23:28,916 - INFO - [2022] MISSING_CENTRAL: ZFake1E2Mu/Central/jets/1/px in Skim_TriLep_TTG_PTG10to100.root
2025-10-02 21:23:28,917 - INFO - [2022] MISSING_CENTRAL: ZFake1E2Mu/Central/jets/1/px in Skim_TriLep_TTG_PTG100to200.root
2025-10-02 21:23:29,396 - INFO - [2022EE] MISSING_CENTRAL: ZFake1E2Mu/Central/jets/1/px in Skim_TriLep_DYJets.root
2025-10-02 21:23:29,397 - INFO - [2022EE] MISSING_CENTRAL: ZFake1E2Mu/Central/jets/1/px in Skim_TriLep_DYJets10to50.root
2025-10-02 21:23:29,398 - INFO - [2022EE] MISSING_CENTRAL: ZFake1E2Mu/Central/jets/1/px in Skim_TriLep_DYGTo2LG_MLL4to50_PTG10to100.root
2025-10-02 21:23:29,399 - INFO - [2022EE] MISSING_CENTRAL: ZFake1E2Mu/Central/jets/1/px in Skim_TriLep_DYGTo2LG_MLL4to50_PTG100to200.root
2025-10-02 21:23:29,401 - INFO - [2022EE] MISSING_CENTRAL: ZFake1E2Mu/Central/jets/1/px in Skim_TriLep_DYGTo2LG_MLL4to50_PTG200toInf.root
2025-10-02 21:23:30,058 - INFO - [2023] MISSING_CENTRAL: ZFake1E2Mu/Central/jets/1/px in Skim_TriLep_DYJets10to50.root
2025-10-02 21:23:30,073 - INFO - [2023] MISSING_CENTRAL: ZFake1E2Mu/Central/jets/1/px in Skim_TriLep_DYGTo2LG_MLL4to50_PTG10to100.root
2025-10-02 21:23:30,074 - INFO - [2023] MISSING_CENTRAL: ZFake1E2Mu/Central/jets/1/px in Skim_TriLep_DYGTo2LG_MLL4to50_PTG100to200.root
2025-10-02 21:23:30,075 - INFO - [2023] MISSING_CENTRAL: ZFake1E2Mu/Central/jets/1/px in Skim_TriLep_DYGTo2LG_MLL4to50_PTG200toInf.root
2025-10-02 21:23:30,278 - INFO - [2023] MISSING_CENTRAL: ZFake1E2Mu/Central/jets/1/px in Skim_TriLep_TTG_PTG10to100.root
2025-10-02 21:23:30,284 - INFO - [2023] MISSING_CENTRAL: ZFake1E2Mu/Central/jets/1/px in Skim_TriLep_TTG_PTG100to200.root
2025-10-02 21:23:30,285 - INFO - [2023] MISSING_CENTRAL: ZFake1E2Mu/Central/jets/1/px in Skim_TriLep_TTG_PTG200toInf.root
2025-10-02 21:23:30,729 - INFO - [2023BPix] MISSING_CENTRAL: ZFake1E2Mu/Central/jets/1/px in Skim_TriLep_DYJets.root
2025-10-02 21:23:30,731 - INFO - [2023BPix] MISSING_CENTRAL: ZFake1E2Mu/Central/jets/1/px in Skim_TriLep_DYJets10to50.root
2025-10-02 21:23:30,733 - INFO - [2023BPix] MISSING_CENTRAL: ZFake1E2Mu/Central/jets/1/px in Skim_TriLep_DYGTo2LG_MLL4to50_PTG10to100.root
2025-10-02 21:23:30,734 - INFO - [2023BPix] MISSING_CENTRAL: ZFake1E2Mu/Central/jets/1/px in Skim_TriLep_DYGTo2LG_MLL4to50_PTG100to200.root
2025-10-02 21:23:30,736 - INFO - [2023BPix] MISSING_CENTRAL: ZFake1E2Mu/Central/jets/1/px in Skim_TriLep_DYGTo2LG_MLL4to50_PTG200toInf.root
2025-10-02 21:23:30,926 - INFO - [2023BPix] MISSING_CENTRAL: ZFake1E2Mu/Central/jets/1/px in Skim_TriLep_TTG_PTG200toInf.root
2025-10-03 00:39:47,918 - INFO - [2022] MISSING_CENTRAL: ZFake1E2Mu/Central/jets/1/px in Skim_TriLep_DYJets.root
2025-10-03 00:39:47,920 - INFO - [2022] MISSING_CENTRAL: ZFake1E2Mu/Central/jets/1/px in Skim_TriLep_DYJets10to50.root
2025-10-03 00:39:47,921 - INFO - [2022] MISSING_CENTRAL: ZFake1E2Mu/Central/jets/1/px in Skim_TriLep_DYGTo2LG_MLL4to50_PTG10to100.root
2025-10-03 00:39:47,921 - INFO - [2022] MISSING_CENTRAL: ZFake1E2Mu/Central/jets/1/px in Skim_TriLep_DYGTo2LG_MLL4to50_PTG100to200.root
2025-10-03 00:39:47,922 - INFO - [2022] MISSING_CENTRAL: ZFake1E2Mu/Central/jets/1/px in Skim_TriLep_DYGTo2LG_MLL4to50_PTG200toInf.root
2025-10-03 00:39:48,062 - INFO - [2022] MISSING_CENTRAL: ZFake1E2Mu/Central/jets/1/px in Skim_TriLep_TTG_PTG10to100.root
2025-10-03 00:39:48,063 - INFO - [2022] MISSING_CENTRAL: ZFake1E2Mu/Central/jets/1/px in Skim_TriLep_TTG_PTG100to200.root
2025-10-03 00:39:48,972 - INFO - [2022EE] MISSING_CENTRAL: ZFake1E2Mu/Central/jets/1/px in Skim_TriLep_DYJets.root
2025-10-03 00:39:48,973 - INFO - [2022EE] MISSING_CENTRAL: ZFake1E2Mu/Central/jets/1/px in Skim_TriLep_DYJets10to50.root
2025-10-03 00:39:48,973 - INFO - [2022EE] MISSING_CENTRAL: ZFake1E2Mu/Central/jets/1/px in Skim_TriLep_DYGTo2LG_MLL4to50_PTG10to100.root
2025-10-03 00:39:48,974 - INFO - [2022EE] MISSING_CENTRAL: ZFake1E2Mu/Central/jets/1/px in Skim_TriLep_DYGTo2LG_MLL4to50_PTG100to200.root
2025-10-03 00:39:48,975 - INFO - [2022EE] MISSING_CENTRAL: ZFake1E2Mu/Central/jets/1/px in Skim_TriLep_DYGTo2LG_MLL4to50_PTG200toInf.root
2025-10-03 00:39:50,113 - INFO - [2023] MISSING_CENTRAL: ZFake1E2Mu/Central/jets/1/px in Skim_TriLep_DYJets10to50.root
2025-10-03 00:39:50,113 - INFO - [2023] MISSING_CENTRAL: ZFake1E2Mu/Central/jets/1/px in Skim_TriLep_DYGTo2LG_MLL4to50_PTG10to100.root
2025-10-03 00:39:50,114 - INFO - [2023] MISSING_CENTRAL: ZFake1E2Mu/Central/jets/1/px in Skim_TriLep_DYGTo2LG_MLL4to50_PTG100to200.root
2025-10-03 00:39:50,115 - INFO - [2023] MISSING_CENTRAL: ZFake1E2Mu/Central/jets/1/px in Skim_TriLep_DYGTo2LG_MLL4to50_PTG200toInf.root
2025-10-03 00:39:50,365 - INFO - [2023] MISSING_CENTRAL: ZFake1E2Mu/Central/jets/1/px in Skim_TriLep_TTG_PTG10to100.root
2025-10-03 00:39:50,366 - INFO - [2023] MISSING_CENTRAL: ZFake1E2Mu/Central/jets/1/px in Skim_TriLep_TTG_PTG100to200.root
2025-10-03 00:39:50,367 - INFO - [2023] MISSING_CENTRAL: ZFake1E2Mu/Central/jets/1/px in Skim_TriLep_TTG_PTG200toInf.root
2025-10-03 00:39:51,302 - INFO - [2023BPix] MISSING_CENTRAL: ZFake1E2Mu/Central/jets/1/px in Skim_TriLep_DYJets.root
2025-10-03 00:39:51,308 - INFO - [2023BPix] MISSING_CENTRAL: ZFake1E2Mu/Central/jets/1/px in Skim_TriLep_DYJets10to50.root
2025-10-03 00:39:51,309 - INFO - [2023BPix] MISSING_CENTRAL: ZFake1E2Mu/Central/jets/1/px in Skim_TriLep_DYGTo2LG_MLL4to50_PTG10to100.root
2025-10-03 00:39:51,310 - INFO - [2023BPix] MISSING_CENTRAL: ZFake1E2Mu/Central/jets/1/px in Skim_TriLep_DYGTo2LG_MLL4to50_PTG100to200.root
2025-10-03 00:39:51,311 - INFO - [2023BPix] MISSING_CENTRAL: ZFake1E2Mu/Central/jets/1/px in Skim_TriLep_DYGTo2LG_MLL4to50_PTG200toInf.root
2025-10-03 00:39:51,600 - INFO - [2023BPix] MISSING_CENTRAL: ZFake1E2Mu/Central/jets/1/px in Skim_TriLep_TTG_PTG200toInf.root
2025-11-07 13:14:14,026 - INFO - [2022] MISSING_FILE: /home/choij/Sync/workspace/ChargedHiggsAnalysisV3/SKNanoOutput/PromptSelector/Run1E2Mu/2022/Skim_TriLep_MuonEG_C.root
2025-11-07 13:14:14,027 - INFO - [2022] MISSING_FILE: /home/choij/Sync/workspace/ChargedHiggsAnalysisV3/SKNanoOutput/PromptSelector/Run1E2Mu/2022/Skim_TriLep_MuonEG_D.root
2025-11-07 13:14:14,027 - INFO - [2022EE] MISSING_FILE: /home/choij/Sync/workspace/ChargedHiggsAnalysisV3/SKNanoOutput/PromptSelector/Run1E2Mu/2022EE/Skim_TriLep_MuonEG_E.root
2025-11-07 13:14:14,027 - INFO - [2022EE] MISSING_FILE: /home/choij/Sync/workspace/ChargedHiggsAnalysisV3/SKNanoOutput/PromptSelector/Run1E2Mu/2022EE/Skim_TriLep_MuonEG_F.root
2025-11-07 13:14:14,028 - INFO - [2022EE] MISSING_FILE: /home/choij/Sync/workspace/ChargedHiggsAnalysisV3/SKNanoOutput/PromptSelector/Run1E2Mu/2022EE/Skim_TriLep_MuonEG_G.root
2025-11-07 13:14:14,028 - INFO - [2023] MISSING_FILE: /home/choij/Sync/workspace/ChargedHiggsAnalysisV3/SKNanoOutput/PromptSelector/Run1E2Mu/2023/Skim_TriLep_MuonEG_C_v1.root
2025-11-07 13:14:14,028 - INFO - [2023] MISSING_FILE: /home/choij/Sync/workspace/ChargedHiggsAnalysisV3/SKNanoOutput/PromptSelector/Run1E2Mu/2023/Skim_TriLep_MuonEG_C_v2.root
2025-11-07 13:14:14,028 - INFO - [2023] MISSING_FILE: /home/choij/Sync/workspace/ChargedHiggsAnalysisV3/SKNanoOutput/PromptSelector/Run1E2Mu/2023/Skim_TriLep_MuonEG_C_v3.root
2025-11-07 13:14:14,028 - INFO - [2023] MISSING_FILE: /home/choij/Sync/workspace/ChargedHiggsAnalysisV3/SKNanoOutput/PromptSelector/Run1E2Mu/2023/Skim_TriLep_MuonEG_C_v4.root
2025-11-07 13:14:14,028 - INFO - [2023BPix] MISSING_FILE: /home/choij/Sync/workspace/ChargedHiggsAnalysisV3/SKNanoOutput/PromptSelector/Run1E2Mu/2023BPix/Skim_TriLep_MuonEG_D_v1.root
2025-11-07 13:14:14,028 - INFO - [2023BPix] MISSING_FILE: /home/choij/Sync/workspace/ChargedHiggsAnalysisV3/SKNanoOutput/PromptSelector/Run1E2Mu/2023BPix/Skim_TriLep_MuonEG_D_v2.root
2025-11-07 14:11:45,819 - INFO - [2022] MISSING_FILE: /home/choij/Sync/workspace/ChargedHiggsAnalysisV3/SKNanoOutput/PromptSelector/Run1E2Mu/2022/Skim_TriLep_MuonEG_C.root
2025-11-07 14:11:45,819 - INFO - [2022] MISSING_FILE: /home/choij/Sync/workspace/ChargedHiggsAnalysisV3/SKNanoOutput/PromptSelector/Run1E2Mu/2022/Skim_TriLep_MuonEG_D.root
2025-11-07 14:11:45,819 - INFO - [2022EE] MISSING_FILE: /home/choij/Sync/workspace/ChargedHiggsAnalysisV3/SKNanoOutput/PromptSelector/Run1E2Mu/2022EE/Skim_TriLep_MuonEG_E.root
2025-11-07 14:11:45,819 - INFO - [2022EE] MISSING_FILE: /home/choij/Sync/workspace/ChargedHiggsAnalysisV3/SKNanoOutput/PromptSelector/Run1E2Mu/2022EE/Skim_TriLep_MuonEG_F.root
2025-11-07 14:11:45,819 - INFO - [2022EE] MISSING_FILE: /home/choij/Sync/workspace/ChargedHiggsAnalysisV3/SKNanoOutput/PromptSelector/Run1E2Mu/2022EE/Skim_TriLep_MuonEG_G.root
2025-11-07 14:11:45,819 - INFO - [2023] MISSING_FILE: /home/choij/Sync/workspace/ChargedHiggsAnalysisV3/SKNanoOutput/PromptSelector/Run1E2Mu/2023/Skim_TriLep_MuonEG_C_v1.root
2025-11-07 14:11:45,819 - INFO - [2023] MISSING_FILE: /home/choij/Sync/workspace/ChargedHiggsAnalysisV3/SKNanoOutput/PromptSelector/Run1E2Mu/2023/Skim_TriLep_MuonEG_C_v2.root
2025-11-07 14:11:45,819 - INFO - [2023] MISSING_FILE: /home/choij/Sync/workspace/ChargedHiggsAnalysisV3/SKNanoOutput/PromptSelector/Run1E2Mu/2023/Skim_TriLep_MuonEG_C_v3.root
2025-11-07 14:11:45,819 - INFO - [2023] MISSING_FILE: /home/choij/Sync/workspace/ChargedHiggsAnalysisV3/SKNanoOutput/PromptSelector/Run1E2Mu/2023/Skim_TriLep_MuonEG_C_v4.root
2025-11-07 14:11:45,819 - INFO - [2023BPix] MISSING_FILE: /home/choij/Sync/workspace/ChargedHiggsAnalysisV3/SKNanoOutput/PromptSelector/Run1E2Mu/2023BPix/Skim_TriLep_MuonEG_D_v1.root
2025-11-07 14:11:45,819 - INFO - [2023BPix] MISSING_FILE: /home/choij/Sync/workspace/ChargedHiggsAnalysisV3/SKNanoOutput/PromptSelector/Run1E2Mu/2023BPix/Skim_TriLep_MuonEG_D_v2.root
2025-11-10 12:28:13,371 - INFO - [2022] MISSING_CENTRAL: ZFake1E2Mu/Central/jets/1/px in Skim_TriLep_DYJets.root
2025-11-10 12:28:13,371 - INFO - [2022] MISSING_CENTRAL: ZFake1E2Mu/Central/jets/1/px in Skim_TriLep_DYJets10to50.root
2025-11-10 12:28:13,372 - INFO - [2022] MISSING_CENTRAL: ZFake1E2Mu/Central/jets/1/px in Skim_TriLep_DYGTo2LG_MLL4to50_PTG10to100.root
2025-11-10 12:28:13,373 - INFO - [2022] MISSING_CENTRAL: ZFake1E2Mu/Central/jets/1/px in Skim_TriLep_DYGTo2LG_MLL4to50_PTG100to200.root
2025-11-10 12:28:13,373 - INFO - [2022] MISSING_CENTRAL: ZFake1E2Mu/Central/jets/1/px in Skim_TriLep_DYGTo2LG_MLL4to50_PTG200toInf.root
2025-11-10 12:28:13,422 - INFO - [2022] MISSING_CENTRAL: ZFake1E2Mu/Central/jets/1/px in Skim_TriLep_TTG_PTG10to100.root
2025-11-10 12:28:13,422 - INFO - [2022] MISSING_CENTRAL: ZFake1E2Mu/Central/jets/1/px in Skim_TriLep_TTG_PTG100to200.root
2025-11-10 12:28:13,762 - INFO - [2022EE] MISSING_CENTRAL: ZFake1E2Mu/Central/jets/1/px in Skim_TriLep_DYJets.root
2025-11-10 12:28:13,763 - INFO - [2022EE] MISSING_CENTRAL: ZFake1E2Mu/Central/jets/1/px in Skim_TriLep_DYJets10to50.root
2025-11-10 12:28:13,763 - INFO - [2022EE] MISSING_CENTRAL: ZFake1E2Mu/Central/jets/1/px in Skim_TriLep_DYGTo2LG_MLL4to50_PTG10to100.root
2025-11-10 12:28:13,772 - INFO - [2022EE] MISSING_CENTRAL: ZFake1E2Mu/Central/jets/1/px in Skim_TriLep_DYGTo2LG_MLL4to50_PTG100to200.root
2025-11-10 12:28:13,773 - INFO - [2022EE] MISSING_CENTRAL: ZFake1E2Mu/Central/jets/1/px in Skim_TriLep_DYGTo2LG_MLL4to50_PTG200toInf.root
2025-11-10 12:28:14,213 - INFO - [2023] MISSING_CENTRAL: ZFake1E2Mu/Central/jets/1/px in Skim_TriLep_DYJets10to50.root
2025-11-10 12:28:14,217 - INFO - [2023] MISSING_CENTRAL: ZFake1E2Mu/Central/jets/1/px in Skim_TriLep_DYGTo2LG_MLL4to50_PTG10to100.root
2025-11-10 12:28:14,219 - INFO - [2023] MISSING_CENTRAL: ZFake1E2Mu/Central/jets/1/px in Skim_TriLep_DYGTo2LG_MLL4to50_PTG100to200.root
2025-11-10 12:28:14,221 - INFO - [2023] MISSING_CENTRAL: ZFake1E2Mu/Central/jets/1/px in Skim_TriLep_DYGTo2LG_MLL4to50_PTG200toInf.root
2025-11-10 12:28:14,372 - INFO - [2023] MISSING_CENTRAL: ZFake1E2Mu/Central/jets/1/px in Skim_TriLep_TTG_PTG10to100.root
2025-11-10 12:28:14,376 - INFO - [2023] MISSING_CENTRAL: ZFake1E2Mu/Central/jets/1/px in Skim_TriLep_TTG_PTG100to200.root
2025-11-10 12:28:14,381 - INFO - [2023] MISSING_CENTRAL: ZFake1E2Mu/Central/jets/1/px in Skim_TriLep_TTG_PTG200toInf.root
2025-11-10 12:28:14,642 - INFO - [2023BPix] MISSING_CENTRAL: ZFake1E2Mu/Central/jets/1/px in Skim_TriLep_DYJets.root
2025-11-10 12:28:14,643 - INFO - [2023BPix] MISSING_CENTRAL: ZFake1E2Mu/Central/jets/1/px in Skim_TriLep_DYJets10to50.root
2025-11-10 12:28:14,643 - INFO - [2023BPix] MISSING_CENTRAL: ZFake1E2Mu/Central/jets/1/px in Skim_TriLep_DYGTo2LG_MLL4to50_PTG10to100.root
2025-11-10 12:28:14,644 - INFO - [2023BPix] MISSING_CENTRAL: ZFake1E2Mu/Central/jets/1/px in Skim_TriLep_DYGTo2LG_MLL4to50_PTG100to200.root
2025-11-10 12:28:14,644 - INFO - [2023BPix] MISSING_CENTRAL: ZFake1E2Mu/Central/jets/1/px in Skim_TriLep_DYGTo2LG_MLL4to50_PTG200toInf.root
2025-11-10 12:28:14,764 - INFO - [2023BPix] MISSING_CENTRAL: ZFake1E2Mu/Central/jets/1/px in Skim_TriLep_TTG_PTG200toInf.root
2025-11-13 11:18:41,660 - INFO - [2022] MISSING_CENTRAL: ZFake1E2Mu/Central/jets/1/px in Skim_TriLep_DYJets.root
2025-11-13 11:18:41,661 - INFO - [2022] MISSING_CENTRAL: ZFake1E2Mu/Central/jets/1/px in Skim_TriLep_DYJets10to50.root
2025-11-13 11:18:41,662 - INFO - [2022] MISSING_CENTRAL: ZFake1E2Mu/Central/jets/1/px in Skim_TriLep_DYGTo2LG_MLL4to50_PTG10to100.root
2025-11-13 11:18:41,663 - INFO - [2022] MISSING_CENTRAL: ZFake1E2Mu/Central/jets/1/px in Skim_TriLep_DYGTo2LG_MLL4to50_PTG100to200.root
2025-11-13 11:18:41,664 - INFO - [2022] MISSING_CENTRAL: ZFake1E2Mu/Central/jets/1/px in Skim_TriLep_DYGTo2LG_MLL4to50_PTG200toInf.root
2025-11-13 11:18:41,744 - INFO - [2022] MISSING_CENTRAL: ZFake1E2Mu/Central/jets/1/px in Skim_TriLep_TTG_PTG10to100.root
2025-11-13 11:18:41,745 - INFO - [2022] MISSING_CENTRAL: ZFake1E2Mu/Central/jets/1/px in Skim_TriLep_TTG_PTG100to200.root
2025-11-13 11:18:42,192 - INFO - [2022EE] MISSING_CENTRAL: ZFake1E2Mu/Central/jets/1/px in Skim_TriLep_DYJets.root
2025-11-13 11:18:42,193 - INFO - [2022EE] MISSING_CENTRAL: ZFake1E2Mu/Central/jets/1/px in Skim_TriLep_DYJets10to50.root
2025-11-13 11:18:42,194 - INFO - [2022EE] MISSING_CENTRAL: ZFake1E2Mu/Central/jets/1/px in Skim_TriLep_DYGTo2LG_MLL4to50_PTG10to100.root
2025-11-13 11:18:42,195 - INFO - [2022EE] MISSING_CENTRAL: ZFake1E2Mu/Central/jets/1/px in Skim_TriLep_DYGTo2LG_MLL4to50_PTG100to200.root
2025-11-13 11:18:42,196 - INFO - [2022EE] MISSING_CENTRAL: ZFake1E2Mu/Central/jets/1/px in Skim_TriLep_DYGTo2LG_MLL4to50_PTG200toInf.root
2025-11-13 11:18:42,783 - INFO - [2023] MISSING_CENTRAL: ZFake1E2Mu/Central/jets/1/px in Skim_TriLep_DYJets10to50.root
2025-11-13 11:18:42,785 - INFO - [2023] MISSING_CENTRAL: ZFake1E2Mu/Central/jets/1/px in Skim_TriLep_DYGTo2LG_MLL4to50_PTG10to100.root
2025-11-13 11:18:42,787 - INFO - [2023] MISSING_CENTRAL: ZFake1E2Mu/Central/jets/1/px in Skim_TriLep_DYGTo2LG_MLL4to50_PTG100to200.root
2025-11-13 11:18:42,788 - INFO - [2023] MISSING_CENTRAL: ZFake1E2Mu/Central/jets/1/px in Skim_TriLep_DYGTo2LG_MLL4to50_PTG200toInf.root
2025-11-13 11:18:42,920 - INFO - [2023] MISSING_CENTRAL: ZFake1E2Mu/Central/jets/1/px in Skim_TriLep_TTG_PTG10to100.root
2025-11-13 11:18:42,922 - INFO - [2023] MISSING_CENTRAL: ZFake1E2Mu/Central/jets/1/px in Skim_TriLep_TTG_PTG100to200.root
2025-11-13 11:18:42,923 - INFO - [2023] MISSING_CENTRAL: ZFake1E2Mu/Central/jets/1/px in Skim_TriLep_TTG_PTG200toInf.root
2025-11-13 11:18:43,333 - INFO - [2023BPix] MISSING_CENTRAL: ZFake1E2Mu/Central/jets/1/px in Skim_TriLep_DYJets.root
2025-11-13 11:18:43,334 - INFO - [2023BPix] MISSING_CENTRAL: ZFake1E2Mu/Central/jets/1/px in Skim_TriLep_DYJets10to50.root
2025-11-13 11:18:43,336 - INFO - [2023BPix] MISSING_CENTRAL: ZFake1E2Mu/Central/jets/1/px in Skim_TriLep_DYGTo2LG_MLL4to50_PTG10to100.root
2025-11-13 11:18:43,338 - INFO - [2023BPix] MISSING_CENTRAL: ZFake1E2Mu/Central/jets/1/px in Skim_TriLep_DYGTo2LG_MLL4to50_PTG100to200.root
2025-11-13 11:18:43,339 - INFO - [2023BPix] MISSING_CENTRAL: ZFake1E2Mu/Central/jets/1/px in Skim_TriLep_DYGTo2LG_MLL4to50_PTG200toInf.root
2025-11-13 11:18:43,530 - INFO - [2023BPix] MISSING_CENTRAL: ZFake1E2Mu/Central/jets/1/px in Skim_TriLep_TTG_PTG200toInf.root
2025-11-19 16:12:05,153 - INFO - [2022] MISSING_CENTRAL: ZFake1E2Mu/Central/jets/1/px in Skim_TriLep_DYJets.root
2025-11-19 16:12:05,154 - INFO - [2022] MISSING_CENTRAL: ZFake1E2Mu/Central/jets/1/px in Skim_TriLep_DYJets10to50.root
2025-11-19 16:12:05,155 - INFO - [2022] MISSING_CENTRAL: ZFake1E2Mu/Central/jets/1/px in Skim_TriLep_DYGTo2LG_MLL4to50_PTG10to100.root
2025-11-19 16:12:05,156 - INFO - [2022] MISSING_CENTRAL: ZFake1E2Mu/Central/jets/1/px in Skim_TriLep_DYGTo2LG_MLL4to50_PTG100to200.root
2025-11-19 16:12:05,157 - INFO - [2022] MISSING_CENTRAL: ZFake1E2Mu/Central/jets/1/px in Skim_TriLep_DYGTo2LG_MLL4to50_PTG200toInf.root
2025-11-19 16:12:05,215 - INFO - [2022] MISSING_CENTRAL: ZFake1E2Mu/Central/jets/1/px in Skim_TriLep_TTG_PTG10to100.root
2025-11-19 16:12:05,216 - INFO - [2022] MISSING_CENTRAL: ZFake1E2Mu/Central/jets/1/px in Skim_TriLep_TTG_PTG100to200.root
2025-11-19 16:12:05,657 - INFO - [2022EE] MISSING_CENTRAL: ZFake1E2Mu/Central/jets/1/px in Skim_TriLep_DYJets.root
2025-11-19 16:12:05,658 - INFO - [2022EE] MISSING_CENTRAL: ZFake1E2Mu/Central/jets/1/px in Skim_TriLep_DYJets10to50.root
2025-11-19 16:12:05,659 - INFO - [2022EE] MISSING_CENTRAL: ZFake1E2Mu/Central/jets/1/px in Skim_TriLep_DYGTo2LG_MLL4to50_PTG10to100.root
2025-11-19 16:12:05,660 - INFO - [2022EE] MISSING_CENTRAL: ZFake1E2Mu/Central/jets/1/px in Skim_TriLep_DYGTo2LG_MLL4to50_PTG100to200.root
2025-11-19 16:12:05,661 - INFO - [2022EE] MISSING_CENTRAL: ZFake1E2Mu/Central/jets/1/px in Skim_TriLep_DYGTo2LG_MLL4to50_PTG200toInf.root
2025-11-19 16:12:06,107 - INFO - [2023] MISSING_CENTRAL: ZFake1E2Mu/Central/jets/1/px in Skim_TriLep_DYJets10to50.root
2025-11-19 16:12:06,108 - INFO - [2023] MISSING_CENTRAL: ZFake1E2Mu/Central/jets/1/px in Skim_TriLep_DYGTo2LG_MLL4to50_PTG10to100.root
2025-11-19 16:12:06,108 - INFO - [2023] MISSING_CENTRAL: ZFake1E2Mu/Central/jets/1/px in Skim_TriLep_DYGTo2LG_MLL4to50_PTG100to200.root
2025-11-19 16:12:06,109 - INFO - [2023] MISSING_CENTRAL: ZFake1E2Mu/Central/jets/1/px in Skim_TriLep_DYGTo2LG_MLL4to50_PTG200toInf.root
2025-11-19 16:12:06,188 - INFO - [2023] MISSING_CENTRAL: ZFake1E2Mu/Central/jets/1/px in Skim_TriLep_TTG_PTG10to100.root
2025-11-19 16:12:06,189 - INFO - [2023] MISSING_CENTRAL: ZFake1E2Mu/Central/jets/1/px in Skim_TriLep_TTG_PTG100to200.root
2025-11-19 16:12:06,189 - INFO - [2023] MISSING_CENTRAL: ZFake1E2Mu/Central/jets/1/px in Skim_TriLep_TTG_PTG200toInf.root
2025-11-19 16:12:06,431 - INFO - [2023BPix] MISSING_CENTRAL: ZFake1E2Mu/Central/jets/1/px in Skim_TriLep_DYJets.root
2025-11-19 16:12:06,432 - INFO - [2023BPix] MISSING_CENTRAL: ZFake1E2Mu/Central/jets/1/px in Skim_TriLep_DYJets10to50.root
2025-11-19 16:12:06,432 - INFO - [2023BPix] MISSING_CENTRAL: ZFake1E2Mu/Central/jets/1/px in Skim_TriLep_DYGTo2LG_MLL4to50_PTG10to100.root
2025-11-19 16:12:06,433 - INFO - [2023BPix] MISSING_CENTRAL: ZFake1E2Mu/Central/jets/1/px in Skim_TriLep_DYGTo2LG_MLL4to50_PTG100to200.root
2025-11-19 16:12:06,434 - INFO - [2023BPix] MISSING_CENTRAL: ZFake1E2Mu/Central/jets/1/px in Skim_TriLep_DYGTo2LG_MLL4to50_PTG200toInf.root
2025-11-19 16:12:06,547 - INFO - [2023BPix] MISSING_CENTRAL: ZFake1E2Mu/Central/jets/1/px in Skim_TriLep_TTG_PTG200toInf.root
2025-11-19 16:30:41,898 - INFO - [2022] MISSING_CENTRAL: ZFake1E2Mu/Central/jets/1/px in Skim_TriLep_DYJets.root
2025-11-19 16:30:41,899 - INFO - [2022] MISSING_CENTRAL: ZFake1E2Mu/Central/jets/1/px in Skim_TriLep_DYJets10to50.root
2025-11-19 16:30:41,899 - INFO - [2022] MISSING_CENTRAL: ZFake1E2Mu/Central/jets/1/px in Skim_TriLep_DYGTo2LG_MLL4to50_PTG10to100.root
2025-11-19 16:30:41,900 - INFO - [2022] MISSING_CENTRAL: ZFake1E2Mu/Central/jets/1/px in Skim_TriLep_DYGTo2LG_MLL4to50_PTG100to200.root
2025-11-19 16:30:41,900 - INFO - [2022] MISSING_CENTRAL: ZFake1E2Mu/Central/jets/1/px in Skim_TriLep_DYGTo2LG_MLL4to50_PTG200toInf.root
2025-11-19 16:30:41,948 - INFO - [2022] MISSING_CENTRAL: ZFake1E2Mu/Central/jets/1/px in Skim_TriLep_TTG_PTG10to100.root
2025-11-19 16:30:41,948 - INFO - [2022] MISSING_CENTRAL: ZFake1E2Mu/Central/jets/1/px in Skim_TriLep_TTG_PTG100to200.root
2025-11-19 16:30:42,362 - INFO - [2022EE] MISSING_CENTRAL: ZFake1E2Mu/Central/jets/1/px in Skim_TriLep_DYJets.root
2025-11-19 16:30:42,362 - INFO - [2022EE] MISSING_CENTRAL: ZFake1E2Mu/Central/jets/1/px in Skim_TriLep_DYJets10to50.root
2025-11-19 16:30:42,363 - INFO - [2022EE] MISSING_CENTRAL: ZFake1E2Mu/Central/jets/1/px in Skim_TriLep_DYGTo2LG_MLL4to50_PTG10to100.root
2025-11-19 16:30:42,364 - INFO - [2022EE] MISSING_CENTRAL: ZFake1E2Mu/Central/jets/1/px in Skim_TriLep_DYGTo2LG_MLL4to50_PTG100to200.root
2025-11-19 16:30:42,364 - INFO - [2022EE] MISSING_CENTRAL: ZFake1E2Mu/Central/jets/1/px in Skim_TriLep_DYGTo2LG_MLL4to50_PTG200toInf.root
2025-11-19 16:30:42,960 - INFO - [2023] MISSING_CENTRAL: ZFake1E2Mu/Central/jets/1/px in Skim_TriLep_DYJets10to50.root
2025-11-19 16:30:42,964 - INFO - [2023] MISSING_CENTRAL: ZFake1E2Mu/Central/jets/1/px in Skim_TriLep_DYGTo2LG_MLL4to50_PTG10to100.root
2025-11-19 16:30:42,965 - INFO - [2023] MISSING_CENTRAL: ZFake1E2Mu/Central/jets/1/px in Skim_TriLep_DYGTo2LG_MLL4to50_PTG100to200.root
2025-11-19 16:30:42,966 - INFO - [2023] MISSING_CENTRAL: ZFake1E2Mu/Central/jets/1/px in Skim_TriLep_DYGTo2LG_MLL4to50_PTG200toInf.root
2025-11-19 16:30:43,051 - INFO - [2023] MISSING_CENTRAL: ZFake1E2Mu/Central/jets/1/px in Skim_TriLep_TTG_PTG10to100.root
2025-11-19 16:30:43,052 - INFO - [2023] MISSING_CENTRAL: ZFake1E2Mu/Central/jets/1/px in Skim_TriLep_TTG_PTG100to200.root
2025-11-19 16:30:43,053 - INFO - [2023] MISSING_CENTRAL: ZFake1E2Mu/Central/jets/1/px in Skim_TriLep_TTG_PTG200toInf.root
2025-11-19 16:30:43,307 - INFO - [2023BPix] MISSING_CENTRAL: ZFake1E2Mu/Central/jets/1/px in Skim_TriLep_DYJets.root
2025-11-19 16:30:43,308 - INFO - [2023BPix] MISSING_CENTRAL: ZFake1E2Mu/Central/jets/1/px in Skim_TriLep_DYJets10to50.root
2025-11-19 16:30:43,308 - INFO - [2023BPix] MISSING_CENTRAL: ZFake1E2Mu/Central/jets/1/px in Skim_TriLep_DYGTo2LG_MLL4to50_PTG10to100.root
2025-11-19 16:30:43,309 - INFO - [2023BPix] MISSING_CENTRAL: ZFake1E2Mu/Central/jets/1/px in Skim_TriLep_DYGTo2LG_MLL4to50_PTG100to200.root
2025-11-19 16:30:43,309 - INFO - [2023BPix] MISSING_CENTRAL: ZFake1E2Mu/Central/jets/1/px in Skim_TriLep_DYGTo2LG_MLL4to50_PTG200toInf.root
2025-11-19 16:30:43,425 - INFO - [2023BPix] MISSING_CENTRAL: ZFake1E2Mu/Central/jets/1/px in Skim_TriLep_TTG_PTG200toInf.root
2025-12-17 22:45:45,344 - INFO - [2022] MISSING_CENTRAL: ZFake1E2Mu/Central/jets/1/px in Skim_TriLep_DYJets10to50.root
2025-12-17 22:45:45,345 - INFO - [2022] MISSING_CENTRAL: ZFake1E2Mu/Central/jets/1/px in Skim_TriLep_TTG_PTG10to100.root
2025-12-17 22:45:45,346 - INFO - [2022] MISSING_CENTRAL: ZFake1E2Mu/Central/jets/1/px in Skim_TriLep_TTG_PTG100to200.root
2025-12-17 22:45:45,776 - INFO - [2022EE] MISSING_CENTRAL: ZFake1E2Mu/Central/jets/1/px in Skim_TriLep_DYJets10to50.root
2025-12-17 22:45:46,285 - INFO - [2023] MISSING_CENTRAL: ZFake1E2Mu/Central/jets/1/px in Skim_TriLep_DYJets10to50.root
2025-12-17 22:45:46,286 - INFO - [2023] MISSING_CENTRAL: ZFake1E2Mu/Central/jets/1/px in Skim_TriLep_TTG_PTG10to100.root
2025-12-17 22:45:46,288 - INFO - [2023] MISSING_CENTRAL: ZFake1E2Mu/Central/jets/1/px in Skim_TriLep_TTG_PTG100to200.root
2025-12-17 22:45:46,289 - INFO - [2023] MISSING_CENTRAL: ZFake1E2Mu/Central/jets/1/px in Skim_TriLep_TTG_PTG200toInf.root
2025-12-17 22:45:46,708 - INFO - [2023BPix] MISSING_CENTRAL: ZFake1E2Mu/Central/jets/1/px in Skim_TriLep_DYJets10to50.root
2025-12-17 22:45:46,752 - INFO - [2023BPix] MISSING_CENTRAL: ZFake1E2Mu/Central/jets/1/px in Skim_TriLep_TTG_PTG200toInf.root
2025-12-18 14:47:25,331 - INFO - [2022] MISSING_CENTRAL: ZFake1E2Mu/Central/jets/1/px in Skim_TriLep_DYJets10to50.root
2025-12-18 14:47:25,335 - INFO - [2022] MISSING_CENTRAL: ZFake1E2Mu/Central/jets/1/px in Skim_TriLep_TTG_PTG10to100.root
2025-12-18 14:47:25,337 - INFO - [2022] MISSING_CENTRAL: ZFake1E2Mu/Central/jets/1/px in Skim_TriLep_TTG_PTG100to200.root
2025-12-18 14:47:25,848 - INFO - [2022EE] MISSING_CENTRAL: ZFake1E2Mu/Central/jets/1/px in Skim_TriLep_DYJets10to50.root
2025-12-18 14:47:26,489 - INFO - [2023] MISSING_CENTRAL: ZFake1E2Mu/Central/jets/1/px in Skim_TriLep_DYJets10to50.root
2025-12-18 14:47:26,491 - INFO - [2023] MISSING_CENTRAL: ZFake1E2Mu/Central/jets/1/px in Skim_TriLep_TTG_PTG10to100.root
2025-12-18 14:47:26,492 - INFO - [2023] MISSING_CENTRAL: ZFake1E2Mu/Central/jets/1/px in Skim_TriLep_TTG_PTG100to200.root
2025-12-18 14:47:26,494 - INFO - [2023] MISSING_CENTRAL: ZFake1E2Mu/Central/jets/1/px in Skim_TriLep_TTG_PTG200toInf.root
2025-12-18 14:47:27,105 - INFO - [2023BPix] MISSING_CENTRAL: ZFake1E2Mu/Central/jets/1/px in Skim_TriLep_DYJets10to50.root
2025-12-18 14:47:27,165 - INFO - [2023BPix] MISSING_CENTRAL: ZFake1E2Mu/Central/jets/1/px in Skim_TriLep_TTG_PTG200toInf.root
2026-01-07 11:56:01,888 - INFO - [2022] MISSING_CENTRAL: ZFake1E2Mu/Central/jets/1/px in Skim_TriLep_DYJets10to50.root
2026-01-07 11:56:01,889 - INFO - [2022] MISSING_CENTRAL: ZFake1E2Mu/Central/jets/1/px in Skim_TriLep_TTG_PTG10to100.root
2026-01-07 11:56:01,890 - INFO - [2022] MISSING_CENTRAL: ZFake1E2Mu/Central/jets/1/px in Skim_TriLep_TTG_PTG100to200.root
2026-01-07 11:56:02,355 - INFO - [2022EE] MISSING_CENTRAL: ZFake1E2Mu/Central/jets/1/px in Skim_TriLep_DYJets10to50.root
2026-01-07 11:56:02,882 - INFO - [2023] MISSING_CENTRAL: ZFake1E2Mu/Central/jets/1/px in Skim_TriLep_DYJets10to50.root
2026-01-07 11:56:02,884 - INFO - [2023] MISSING_CENTRAL: ZFake1E2Mu/Central/jets/1/px in Skim_TriLep_TTG_PTG10to100.root
2026-01-07 11:56:02,885 - INFO - [2023] MISSING_CENTRAL: ZFake1E2Mu/Central/jets/1/px in Skim_TriLep_TTG_PTG100to200.root
2026-01-07 11:56:02,886 - INFO - [2023] MISSING_CENTRAL: ZFake1E2Mu/Central/jets/1/px in Skim_TriLep_TTG_PTG200toInf.root
2026-01-07 11:56:03,348 - INFO - [2023BPix] MISSING_CENTRAL: ZFake1E2Mu/Central/jets/1/px in Skim_TriLep_DYJets10to50.root
2026-01-07 11:56:03,406 - INFO - [2023BPix] MISSING_CENTRAL: ZFake1E2Mu/Central/jets/1/px in Skim_TriLep_TTG_PTG200toInf.root
2026-01-07 18:52:30,420 - INFO - [2022] MISSING_CENTRAL: ZFake1E2Mu/Central/jets/1/px in Skim_TriLep_DYJets10to50.root
2026-01-07 18:52:30,421 - INFO - [2022] MISSING_CENTRAL: ZFake1E2Mu/Central/jets/1/px in Skim_TriLep_TTG_PTG10to100.root
2026-01-07 18:52:30,422 - INFO - [2022] MISSING_CENTRAL: ZFake1E2Mu/Central/jets/1/px in Skim_TriLep_TTG_PTG100to200.root
2026-01-07 18:52:30,869 - INFO - [2022EE] MISSING_CENTRAL: ZFake1E2Mu/Central/jets/1/px in Skim_TriLep_DYJets10to50.root
2026-01-07 18:52:31,390 - INFO - [2023] MISSING_CENTRAL: ZFake1E2Mu/Central/jets/1/px in Skim_TriLep_DYJets10to50.root
2026-01-07 18:52:31,392 - INFO - [2023] MISSING_CENTRAL: ZFake1E2Mu/Central/jets/1/px in Skim_TriLep_TTG_PTG10to100.root
2026-01-07 18:52:31,393 - INFO - [2023] MISSING_CENTRAL: ZFake1E2Mu/Central/jets/1/px in Skim_TriLep_TTG_PTG100to200.root
2026-01-07 18:52:31,394 - INFO - [2023] MISSING_CENTRAL: ZFake1E2Mu/Central/jets/1/px in Skim_TriLep_TTG_PTG200toInf.root
2026-01-07 18:52:31,781 - INFO - [2023BPix] MISSING_CENTRAL: ZFake1E2Mu/Central/jets/1/px in Skim_TriLep_DYJets10to50.root
2026-01-07 18:52:31,824 - INFO - [2023BPix] MISSING_CENTRAL: ZFake1E2Mu/Central/jets/1/px in Skim_TriLep_TTG_PTG200toInf.root
2026-01-09 12:27:42,078 - INFO - [2022] MISSING_CENTRAL: ZFake1E2Mu/Central/jets/1/px in Skim_TriLep_DYJets10to50.root
2026-01-09 12:27:42,080 - INFO - [2022] MISSING_CENTRAL: ZFake1E2Mu/Central/jets/1/px in Skim_TriLep_TTG_PTG10to100.root
2026-01-09 12:27:42,082 - INFO - [2022] MISSING_CENTRAL: ZFake1E2Mu/Central/jets/1/px in Skim_TriLep_TTG_PTG100to200.root
2026-01-09 12:27:42,487 - INFO - [2022EE] MISSING_CENTRAL: ZFake1E2Mu/Central/jets/1/px in Skim_TriLep_DYJets10to50.root
2026-01-09 12:27:42,908 - INFO - [2023] MISSING_CENTRAL: ZFake1E2Mu/Central/jets/1/px in Skim_TriLep_DYJets10to50.root
2026-01-09 12:27:42,910 - INFO - [2023] MISSING_CENTRAL: ZFake1E2Mu/Central/jets/1/px in Skim_TriLep_TTG_PTG10to100.root
2026-01-09 12:27:42,912 - INFO - [2023] MISSING_CENTRAL: ZFake1E2Mu/Central/jets/1/px in Skim_TriLep_TTG_PTG100to200.root
2026-01-09 12:27:42,913 - INFO - [2023] MISSING_CENTRAL: ZFake1E2Mu/Central/jets/1/px in Skim_TriLep_TTG_PTG200toInf.root
2026-01-09 12:27:43,210 - INFO - [2023BPix] MISSING_CENTRAL: ZFake1E2Mu/Central/jets/1/px in Skim_TriLep_DYJets10to50.root
2026-01-09 12:27:43,244 - INFO - [2023BPix] MISSING_CENTRAL: ZFake1E2Mu/Central/jets/1/px in Skim_TriLep_TTG_PTG200toInf.root
2026-01-11 09:47:42,463 - INFO - [2022] MISSING_CENTRAL: ZFake1E2Mu/Central/jets/1/px in Skim_TriLep_DYJets10to50.root
2026-01-11 09:47:42,464 - INFO - [2022] MISSING_CENTRAL: ZFake1E2Mu/Central/jets/1/px in Skim_TriLep_TTG_PTG10to100.root
2026-01-11 09:47:42,466 - INFO - [2022] MISSING_CENTRAL: ZFake1E2Mu/Central/jets/1/px in Skim_TriLep_TTG_PTG100to200.root
2026-01-11 09:47:42,860 - INFO - [2022EE] MISSING_CENTRAL: ZFake1E2Mu/Central/jets/1/px in Skim_TriLep_DYJets10to50.root
2026-01-11 09:47:43,161 - INFO - [2023] MISSING_CENTRAL: ZFake1E2Mu/Central/jets/1/px in Skim_TriLep_DYJets10to50.root
2026-01-11 09:47:43,161 - INFO - [2023] MISSING_CENTRAL: ZFake1E2Mu/Central/jets/1/px in Skim_TriLep_TTG_PTG10to100.root
2026-01-11 09:47:43,162 - INFO - [2023] MISSING_CENTRAL: ZFake1E2Mu/Central/jets/1/px in Skim_TriLep_TTG_PTG100to200.root
2026-01-11 09:47:43,162 - INFO - [2023] MISSING_CENTRAL: ZFake1E2Mu/Central/jets/1/px in Skim_TriLep_TTG_PTG200toInf.root
2026-01-11 09:47:43,430 - INFO - [2023BPix] MISSING_CENTRAL: ZFake1E2Mu/Central/jets/1/px in Skim_TriLep_DYJets10to50.root
2026-01-11 09:47:43,464 - INFO - [2023BPix] MISSING_CENTRAL: ZFake1E2Mu/Central/jets/1/px in Skim_TriLep_TTG_PTG200toInf.root
2026-01-12 13:56:37,639 - INFO - [2022] MISSING_FILE: /home/choij/Sync/workspace/ChargedHiggsAnalysisV3/SKNanoOutput/MatrixSelector/Run1E2Mu/2022/Skim_TriLep_MuonEG_C.root
2026-01-12 13:56:37,639 - INFO - [2022] MISSING_FILE: /home/choij/Sync/workspace/ChargedHiggsAnalysisV3/SKNanoOutput/MatrixSelector/Run1E2Mu/2022/Skim_TriLep_MuonEG_D.root
2026-01-12 13:56:37,679 - INFO - [2022] MISSING_CENTRAL: ZFake1E2Mu/Central/jets/1/px in Skim_TriLep_DYJets10to50.root
2026-01-12 13:56:37,679 - INFO - [2022] MISSING_CENTRAL: ZFake1E2Mu/Central/jets/1/px in Skim_TriLep_TTG_PTG10to100.root
2026-01-12 13:56:37,680 - INFO - [2022] MISSING_CENTRAL: ZFake1E2Mu/Central/jets/1/px in Skim_TriLep_TTG_PTG100to200.root
2026-01-12 13:56:38,104 - INFO - [2022EE] MISSING_FILE: /home/choij/Sync/workspace/ChargedHiggsAnalysisV3/SKNanoOutput/MatrixSelector/Run1E2Mu/2022EE/Skim_TriLep_MuonEG_E.root
2026-01-12 13:56:38,104 - INFO - [2022EE] MISSING_FILE: /home/choij/Sync/workspace/ChargedHiggsAnalysisV3/SKNanoOutput/MatrixSelector/Run1E2Mu/2022EE/Skim_TriLep_MuonEG_F.root
2026-01-12 13:56:38,104 - INFO - [2022EE] MISSING_FILE: /home/choij/Sync/workspace/ChargedHiggsAnalysisV3/SKNanoOutput/MatrixSelector/Run1E2Mu/2022EE/Skim_TriLep_MuonEG_G.root
2026-01-12 13:56:38,120 - INFO - [2022EE] MISSING_CENTRAL: ZFake1E2Mu/Central/jets/1/px in Skim_TriLep_DYJets10to50.root
2026-01-12 13:56:38,424 - INFO - [2023] MISSING_FILE: /home/choij/Sync/workspace/ChargedHiggsAnalysisV3/SKNanoOutput/MatrixSelector/Run1E2Mu/2023/Skim_TriLep_MuonEG_C_v1.root
2026-01-12 13:56:38,424 - INFO - [2023] MISSING_FILE: /home/choij/Sync/workspace/ChargedHiggsAnalysisV3/SKNanoOutput/MatrixSelector/Run1E2Mu/2023/Skim_TriLep_MuonEG_C_v2.root
2026-01-12 13:56:38,424 - INFO - [2023] MISSING_FILE: /home/choij/Sync/workspace/ChargedHiggsAnalysisV3/SKNanoOutput/MatrixSelector/Run1E2Mu/2023/Skim_TriLep_MuonEG_C_v3.root
2026-01-12 13:56:38,424 - INFO - [2023] MISSING_FILE: /home/choij/Sync/workspace/ChargedHiggsAnalysisV3/SKNanoOutput/MatrixSelector/Run1E2Mu/2023/Skim_TriLep_MuonEG_C_v4.root
2026-01-12 13:56:38,441 - INFO - [2023] MISSING_CENTRAL: ZFake1E2Mu/Central/jets/1/px in Skim_TriLep_DYJets10to50.root
2026-01-12 13:56:38,442 - INFO - [2023] MISSING_CENTRAL: ZFake1E2Mu/Central/jets/1/px in Skim_TriLep_TTG_PTG10to100.root
2026-01-12 13:56:38,442 - INFO - [2023] MISSING_CENTRAL: ZFake1E2Mu/Central/jets/1/px in Skim_TriLep_TTG_PTG100to200.root
2026-01-12 13:56:38,443 - INFO - [2023] MISSING_CENTRAL: ZFake1E2Mu/Central/jets/1/px in Skim_TriLep_TTG_PTG200toInf.root
2026-01-12 13:56:38,697 - INFO - [2023BPix] MISSING_FILE: /home/choij/Sync/workspace/ChargedHiggsAnalysisV3/SKNanoOutput/MatrixSelector/Run1E2Mu/2023BPix/Skim_TriLep_MuonEG_D_v1.root
2026-01-12 13:56:38,697 - INFO - [2023BPix] MISSING_FILE: /home/choij/Sync/workspace/ChargedHiggsAnalysisV3/SKNanoOutput/MatrixSelector/Run1E2Mu/2023BPix/Skim_TriLep_MuonEG_D_v2.root
2026-01-12 13:56:38,715 - INFO - [2023BPix] MISSING_CENTRAL: ZFake1E2Mu/Central/jets/1/px in Skim_TriLep_DYJets10to50.root
2026-01-12 13:56:38,747 - INFO - [2023BPix] MISSING_CENTRAL: ZFake1E2Mu/Central/jets/1/px in Skim_TriLep_TTG_PTG200toInf.root
2026-01-16 19:11:15,449 - INFO - [2022] MISSING_CENTRAL: ZFake1E2Mu/Central/jets/1/px in Skim_TriLep_DYJets10to50.root
2026-01-16 19:11:15,450 - INFO - [2022] MISSING_CENTRAL: ZFake1E2Mu/Central/jets/1/px in Skim_TriLep_TTG_PTG10to100.root
2026-01-16 19:11:15,451 - INFO - [2022] MISSING_CENTRAL: ZFake1E2Mu/Central/jets/1/px in Skim_TriLep_TTG_PTG100to200.root
2026-01-16 19:11:15,733 - INFO - [2022EE] MISSING_CENTRAL: ZFake1E2Mu/Central/jets/1/px in Skim_TriLep_DYJets10to50.root
2026-01-16 19:11:16,046 - INFO - [2023] MISSING_CENTRAL: ZFake1E2Mu/Central/jets/1/px in Skim_TriLep_DYJets10to50.root
2026-01-16 19:11:16,046 - INFO - [2023] MISSING_CENTRAL: ZFake1E2Mu/Central/jets/1/px in Skim_TriLep_TTG_PTG10to100.root
2026-01-16 19:11:16,047 - INFO - [2023] MISSING_CENTRAL: ZFake1E2Mu/Central/jets/1/px in Skim_TriLep_TTG_PTG100to200.root
2026-01-16 19:11:16,047 - INFO - [2023] MISSING_CENTRAL: ZFake1E2Mu/Central/jets/1/px in Skim_TriLep_TTG_PTG200toInf.root
2026-01-16 19:11:16,320 - INFO - [2023BPix] MISSING_CENTRAL: ZFake1E2Mu/Central/jets/1/px in Skim_TriLep_DYJets10to50.root
2026-01-16 19:11:16,354 - INFO - [2023BPix] MISSING_CENTRAL: ZFake1E2Mu/Central/jets/1/px in Skim_TriLep_TTG_PTG200toInf.root
2026-01-28 17:08:11,161 - INFO - [2022] MISSING_CENTRAL: ZFake1E2Mu/Central/jets/1/px in Skim_TriLep_DYJets10to50.root
2026-01-28 17:08:11,161 - INFO - [2022] MISSING_CENTRAL: ZFake1E2Mu/Central/jets/1/px in Skim_TriLep_TTG_PTG10to100.root
2026-01-28 17:08:11,162 - INFO - [2022] MISSING_CENTRAL: ZFake1E2Mu/Central/jets/1/px in Skim_TriLep_TTG_PTG100to200.root
2026-01-28 17:08:11,590 - INFO - [2022EE] MISSING_CENTRAL: ZFake1E2Mu/Central/jets/1/px in Skim_TriLep_DYJets10to50.root
2026-01-28 17:08:12,081 - INFO - [2023] MISSING_CENTRAL: ZFake1E2Mu/Central/jets/1/px in Skim_TriLep_DYJets10to50.root
2026-01-28 17:08:12,105 - INFO - [2023] MISSING_CENTRAL: ZFake1E2Mu/Central/jets/1/px in Skim_TriLep_TTG_PTG100to200.root
2026-01-28 17:08:12,106 - INFO - [2023] MISSING_CENTRAL: ZFake1E2Mu/Central/jets/1/px in Skim_TriLep_TTG_PTG200toInf.root
2026-01-28 17:08:12,494 - INFO - [2023BPix] MISSING_CENTRAL: ZFake1E2Mu/Central/jets/1/px in Skim_TriLep_DYJets10to50.root
2026-01-28 17:08:12,541 - INFO - [2023BPix] MISSING_CENTRAL: ZFake1E2Mu/Central/jets/1/px in Skim_TriLep_TTG_PTG200toInf.root
2026-01-28 17:28:43,836 - INFO - [2022] MISSING_CENTRAL: ZFake1E2Mu/Central/jets/1/px in Skim_TriLep_DYJets10to50.root
2026-01-28 17:28:43,837 - INFO - [2022] MISSING_CENTRAL: ZFake1E2Mu/Central/jets/1/px in Skim_TriLep_TTG_PTG10to100.root
2026-01-28 17:28:43,837 - INFO - [2022] MISSING_CENTRAL: ZFake1E2Mu/Central/jets/1/px in Skim_TriLep_TTG_PTG100to200.root
2026-01-28 17:28:44,392 - INFO - [2022EE] MISSING_CENTRAL: ZFake1E2Mu/Central/jets/1/px in Skim_TriLep_DYJets10to50.root
2026-01-28 17:28:44,855 - INFO - [2023] MISSING_CENTRAL: ZFake1E2Mu/Central/jets/1/px in Skim_TriLep_DYJets10to50.root
2026-01-28 17:28:44,879 - INFO - [2023] MISSING_CENTRAL: ZFake1E2Mu/Central/jets/1/px in Skim_TriLep_TTG_PTG100to200.root
2026-01-28 17:28:44,880 - INFO - [2023] MISSING_CENTRAL: ZFake1E2Mu/Central/jets/1/px in Skim_TriLep_TTG_PTG200toInf.root
2026-01-28 17:28:45,280 - INFO - [2023BPix] MISSING_CENTRAL: ZFake1E2Mu/Central/jets/1/px in Skim_TriLep_DYJets10to50.root
2026-01-28 17:28:45,332 - INFO - [2023BPix] MISSING_CENTRAL: ZFake1E2Mu/Central/jets/1/px in Skim_TriLep_TTG_PTG200toInf.root
2026-01-28 20:02:28,070 - INFO - [2022] MISSING_CENTRAL: ZFake1E2Mu/Central/jets/1/px in Skim_TriLep_DYJets10to50.root
2026-01-28 20:02:28,071 - INFO - [2022] MISSING_CENTRAL: ZFake1E2Mu/Central/jets/1/px in Skim_TriLep_TTG_PTG10to100.root
2026-01-28 20:02:28,071 - INFO - [2022] MISSING_CENTRAL: ZFake1E2Mu/Central/jets/1/px in Skim_TriLep_TTG_PTG100to200.root
2026-01-28 20:02:28,543 - INFO - [2022EE] MISSING_CENTRAL: ZFake1E2Mu/Central/jets/1/px in Skim_TriLep_DYJets10to50.root
2026-01-28 20:02:29,036 - INFO - [2023] MISSING_CENTRAL: ZFake1E2Mu/Central/jets/1/px in Skim_TriLep_DYJets10to50.root
2026-01-28 20:02:29,061 - INFO - [2023] MISSING_CENTRAL: ZFake1E2Mu/Central/jets/1/px in Skim_TriLep_TTG_PTG100to200.root
2026-01-28 20:02:29,062 - INFO - [2023] MISSING_CENTRAL: ZFake1E2Mu/Central/jets/1/px in Skim_TriLep_TTG_PTG200toInf.root
2026-01-28 20:02:29,479 - INFO - [2023BPix] MISSING_CENTRAL: ZFake1E2Mu/Central/jets/1/px in Skim_TriLep_DYJets10to50.root
2026-01-28 20:02:29,533 - INFO - [2023BPix] MISSING_CENTRAL: ZFake1E2Mu/Central/jets/1/px in Skim_TriLep_TTG_PTG200toInf.root
2026-01-29 07:19:05,547 - INFO - [2022] MISSING_CENTRAL: ZFake1E2Mu/Central/jets/1/px in Skim_TriLep_DYJets10to50.root
2026-01-29 07:19:05,548 - INFO - [2022] MISSING_CENTRAL: ZFake1E2Mu/Central/jets/1/px in Skim_TriLep_TTG_PTG10to100.root
2026-01-29 07:19:05,548 - INFO - [2022] MISSING_CENTRAL: ZFake1E2Mu/Central/jets/1/px in Skim_TriLep_TTG_PTG100to200.root
2026-01-29 07:19:05,818 - INFO - [2022EE] MISSING_CENTRAL: ZFake1E2Mu/Central/jets/1/px in Skim_TriLep_DYJets10to50.root
2026-01-29 07:19:06,109 - INFO - [2023] MISSING_CENTRAL: ZFake1E2Mu/Central/jets/1/px in Skim_TriLep_DYJets10to50.root
2026-01-29 07:19:06,125 - INFO - [2023] MISSING_CENTRAL: ZFake1E2Mu/Central/jets/1/px in Skim_TriLep_TTG_PTG100to200.root
2026-01-29 07:19:06,125 - INFO - [2023] MISSING_CENTRAL: ZFake1E2Mu/Central/jets/1/px in Skim_TriLep_TTG_PTG200toInf.root
2026-01-29 07:19:06,390 - INFO - [2023BPix] MISSING_CENTRAL: ZFake1E2Mu/Central/jets/1/px in Skim_TriLep_DYJets10to50.root
2026-01-29 07:19:06,423 - INFO - [2023BPix] MISSING_CENTRAL: ZFake1E2Mu/Central/jets/1/px in Skim_TriLep_TTG_PTG200toInf.root
2026-03-06 09:44:39,174 - INFO - [2022] MISSING_CENTRAL: ZFake1E2Mu/Central/jets/1/px in Skim_TriLep_DYJets10to50.root
2026-03-06 09:44:39,175 - INFO - [2022] MISSING_CENTRAL: ZFake1E2Mu/Central/jets/1/px in Skim_TriLep_TTG_PTG10to100.root
2026-03-06 09:44:39,175 - INFO - [2022] MISSING_CENTRAL: ZFake1E2Mu/Central/jets/1/px in Skim_TriLep_TTG_PTG100to200.root
2026-03-06 09:44:39,477 - INFO - [2022EE] MISSING_CENTRAL: ZFake1E2Mu/Central/jets/1/px in Skim_TriLep_DYJets10to50.root
2026-03-06 09:44:39,809 - INFO - [2023] MISSING_CENTRAL: ZFake1E2Mu/Central/jets/1/px in Skim_TriLep_DYJets10to50.root
2026-03-06 09:44:39,826 - INFO - [2023] MISSING_CENTRAL: ZFake1E2Mu/Central/jets/1/px in Skim_TriLep_TTG_PTG100to200.root
2026-03-06 09:44:39,827 - INFO - [2023] MISSING_CENTRAL: ZFake1E2Mu/Central/jets/1/px in Skim_TriLep_TTG_PTG200toInf.root
2026-03-06 09:44:40,130 - INFO - [2023BPix] MISSING_CENTRAL: ZFake1E2Mu/Central/jets/1/px in Skim_TriLep_DYJets10to50.root
2026-03-06 09:44:40,164 - INFO - [2023BPix] MISSING_CENTRAL: ZFake1E2Mu/Central/jets/1/px in Skim_TriLep_TTG_PTG200toInf.root
2026-03-06 19:50:24,952 - INFO - [2022] MISSING_CENTRAL: ZFake1E2Mu/Central/jets/1/px in Skim_TriLep_DYJets10to50.root
2026-03-06 19:50:24,953 - INFO - [2022] MISSING_CENTRAL: ZFake1E2Mu/Central/jets/1/px in Skim_TriLep_TTG_PTG10to100.root
2026-03-06 19:50:24,953 - INFO - [2022] MISSING_CENTRAL: ZFake1E2Mu/Central/jets/1/px in Skim_TriLep_TTG_PTG100to200.root
2026-03-06 19:50:25,224 - INFO - [2022EE] MISSING_CENTRAL: ZFake1E2Mu/Central/jets/1/px in Skim_TriLep_DYJets10to50.root
2026-03-06 19:50:25,549 - INFO - [2023] MISSING_CENTRAL: ZFake1E2Mu/Central/jets/1/px in Skim_TriLep_DYJets10to50.root
2026-03-06 19:50:25,567 - INFO - [2023] MISSING_CENTRAL: ZFake1E2Mu/Central/jets/1/px in Skim_TriLep_TTG_PTG100to200.root
2026-03-06 19:50:25,568 - INFO - [2023] MISSING_CENTRAL: ZFake1E2Mu/Central/jets/1/px in Skim_TriLep_TTG_PTG200toInf.root
2026-03-06 19:50:25,842 - INFO - [2023BPix] MISSING_CENTRAL: ZFake1E2Mu/Central/jets/1/px in Skim_TriLep_DYJets10to50.root
2026-03-06 19:50:25,875 - INFO - [2023BPix] MISSING_CENTRAL: ZFake1E2Mu/Central/jets/1/px in Skim_TriLep_TTG_PTG200toInf.root
2026-04-10 20:25:19,889 - INFO - [2022] MISSING_CENTRAL: ZFake1E2Mu/Central/jets/1/px in Skim_TriLep_DYJets10to50.root
2026-04-10 20:25:19,890 - INFO - [2022] MISSING_CENTRAL: ZFake1E2Mu/Central/jets/1/px in Skim_TriLep_TTG_PTG10to100.root
2026-04-10 20:25:19,890 - INFO - [2022] MISSING_CENTRAL: ZFake1E2Mu/Central/jets/1/px in Skim_TriLep_TTG_PTG100to200.root
2026-04-10 20:25:20,172 - INFO - [2022EE] MISSING_CENTRAL: ZFake1E2Mu/Central/jets/1/px in Skim_TriLep_DYJets10to50.root
2026-04-10 20:25:20,503 - INFO - [2023] MISSING_CENTRAL: ZFake1E2Mu/Central/jets/1/px in Skim_TriLep_DYJets10to50.root
2026-04-10 20:25:20,521 - INFO - [2023] MISSING_CENTRAL: ZFake1E2Mu/Central/jets/1/px in Skim_TriLep_TTG_PTG100to200.root
2026-04-10 20:25:20,521 - INFO - [2023] MISSING_CENTRAL: ZFake1E2Mu/Central/jets/1/px in Skim_TriLep_TTG_PTG200toInf.root
2026-04-10 20:25:20,803 - INFO - [2023BPix] MISSING_CENTRAL: ZFake1E2Mu/Central/jets/1/px in Skim_TriLep_DYJets10to50.root
2026-04-10 20:25:20,839 - INFO - [2023BPix] MISSING_CENTRAL: ZFake1E2Mu/Central/jets/1/px in Skim_TriLep_TTG_PTG200toInf.root
2026-04-12 11:40:42,736 - INFO - [2022] MISSING_CENTRAL: ZFake1E2Mu/Central/jets/1/px in Skim_TriLep_DYJets10to50.root
2026-04-12 11:40:42,737 - INFO - [2022] MISSING_CENTRAL: ZFake1E2Mu/Central/jets/1/px in Skim_TriLep_TTG_PTG10to100.root
2026-04-12 11:40:42,737 - INFO - [2022] MISSING_CENTRAL: ZFake1E2Mu/Central/jets/1/px in Skim_TriLep_TTG_PTG100to200.root
2026-04-12 11:40:43,052 - INFO - [2022EE] MISSING_CENTRAL: ZFake1E2Mu/Central/jets/1/px in Skim_TriLep_DYJets10to50.root
2026-04-12 11:40:43,402 - INFO - [2023] MISSING_CENTRAL: ZFake1E2Mu/Central/jets/1/px in Skim_TriLep_DYJets10to50.root
2026-04-12 11:40:43,419 - INFO - [2023] MISSING_CENTRAL: ZFake1E2Mu/Central/jets/1/px in Skim_TriLep_TTG_PTG100to200.root
2026-04-12 11:40:43,421 - INFO - [2023] MISSING_CENTRAL: ZFake1E2Mu/Central/jets/1/px in Skim_TriLep_TTG_PTG200toInf.root
2026-04-12 11:40:43,699 - INFO - [2023BPix] MISSING_CENTRAL: ZFake1E2Mu/Central/jets/1/px in Skim_TriLep_DYJets10to50.root
2026-04-12 11:40:43,760 - INFO - [2023BPix] MISSING_CENTRAL: ZFake1E2Mu/Central/jets/1/px in Skim_TriLep_TTG_PTG200toInf.root
2026-04-12 12:22:24,606 - INFO - [2022] MISSING_CENTRAL: ZFake1E2Mu/Central/jets/1/px in Skim_TriLep_DYJets10to50.root
2026-04-12 12:22:24,607 - INFO - [2022] MISSING_CENTRAL: ZFake1E2Mu/Central/jets/1/px in Skim_TriLep_TTG_PTG10to100.root
2026-04-12 12:22:24,608 - INFO - [2022] MISSING_CENTRAL: ZFake1E2Mu/Central/jets/1/px in Skim_TriLep_TTG_PTG100to200.root
2026-04-12 12:22:24,889 - INFO - [2022EE] MISSING_CENTRAL: ZFake1E2Mu/Central/jets/1/px in Skim_TriLep_DYJets10to50.root
2026-04-12 12:22:25,228 - INFO - [2023] MISSING_CENTRAL: ZFake1E2Mu/Central/jets/1/px in Skim_TriLep_DYJets10to50.root
2026-04-12 12:22:25,265 - INFO - [2023] MISSING_CENTRAL: ZFake1E2Mu/Central/jets/1/px in Skim_TriLep_TTG_PTG100to200.root
2026-04-12 12:22:25,266 - INFO - [2023] MISSING_CENTRAL: ZFake1E2Mu/Central/jets/1/px in Skim_TriLep_TTG_PTG200toInf.root
2026-04-12 12:22:25,662 - INFO - [2023BPix] MISSING_CENTRAL: ZFake1E2Mu/Central/jets/1/px in Skim_TriLep_DYJets10to50.root
2026-04-12 12:22:25,695 - INFO - [2023BPix] MISSING_CENTRAL: ZFake1E2Mu/Central/jets/1/px in Skim_TriLep_TTG_PTG200toInf.root
2026-04-12 12:42:04,013 - INFO - [2022] MISSING_CENTRAL: ZFake1E2Mu/Central/jets/1/px in Skim_TriLep_DYJets10to50.root
2026-04-12 12:42:04,014 - INFO - [2022] MISSING_CENTRAL: ZFake1E2Mu/Central/jets/1/px in Skim_TriLep_TTG_PTG10to100.root
2026-04-12 12:42:04,014 - INFO - [2022] MISSING_CENTRAL: ZFake1E2Mu/Central/jets/1/px in Skim_TriLep_TTG_PTG100to200.root
2026-04-12 12:42:04,340 - INFO - [2022EE] MISSING_CENTRAL: ZFake1E2Mu/Central/jets/1/px in Skim_TriLep_DYJets10to50.root
2026-04-12 12:42:04,681 - INFO - [2023] MISSING_CENTRAL: ZFake1E2Mu/Central/jets/1/px in Skim_TriLep_DYJets10to50.root
2026-04-12 12:42:04,698 - INFO - [2023] MISSING_CENTRAL: ZFake1E2Mu/Central/jets/1/px in Skim_TriLep_TTG_PTG100to200.root
2026-04-12 12:42:04,699 - INFO - [2023] MISSING_CENTRAL: ZFake1E2Mu/Central/jets/1/px in Skim_TriLep_TTG_PTG200toInf.root
2026-04-12 12:42:04,992 - INFO - [2023BPix] MISSING_CENTRAL: ZFake1E2Mu/Central/jets/1/px in Skim_TriLep_DYJets10to50.root
2026-04-12 12:42:05,027 - INFO - [2023BPix] MISSING_CENTRAL: ZFake1E2Mu/Central/jets/1/px in Skim_TriLep_TTG_PTG200toInf.root
2026-04-12 20:50:14,116 - INFO - [2022] MISSING_CENTRAL: ZFake1E2Mu/Central/jets/1/px in Skim_TriLep_DYJets10to50.root
2026-04-12 20:50:14,117 - INFO - [2022] MISSING_CENTRAL: ZFake1E2Mu/Central/jets/1/px in Skim_TriLep_TTG_PTG10to100.root
2026-04-12 20:50:14,117 - INFO - [2022] MISSING_CENTRAL: ZFake1E2Mu/Central/jets/1/px in Skim_TriLep_TTG_PTG100to200.root
2026-04-12 20:50:14,401 - INFO - [2022EE] MISSING_CENTRAL: ZFake1E2Mu/Central/jets/1/px in Skim_TriLep_DYJets10to50.root
2026-04-12 20:50:14,777 - INFO - [2023] MISSING_CENTRAL: ZFake1E2Mu/Central/jets/1/px in Skim_TriLep_DYJets10to50.root
2026-04-12 20:50:14,794 - INFO - [2023] MISSING_CENTRAL: ZFake1E2Mu/Central/jets/1/px in Skim_TriLep_TTG_PTG100to200.root
2026-04-12 20:50:14,795 - INFO - [2023] MISSING_CENTRAL: ZFake1E2Mu/Central/jets/1/px in Skim_TriLep_TTG_PTG200toInf.root
2026-04-12 20:50:15,076 - INFO - [2023BPix] MISSING_CENTRAL: ZFake1E2Mu/Central/jets/1/px in Skim_TriLep_DYJets10to50.root
2026-04-12 20:50:15,110 - INFO - [2023BPix] MISSING_CENTRAL: ZFake1E2Mu/Central/jets/1/px in Skim_TriLep_TTG_PTG200toInf.root
2026-04-12 21:21:47,205 - INFO - [2022] MISSING_CENTRAL: ZFake1E2Mu/Central/jets/1/px in Skim_TriLep_DYJets10to50.root
2026-04-12 21:21:47,205 - INFO - [2022] MISSING_CENTRAL: ZFake1E2Mu/Central/jets/1/px in Skim_TriLep_TTG_PTG10to100.root
2026-04-12 21:21:47,206 - INFO - [2022] MISSING_CENTRAL: ZFake1E2Mu/Central/jets/1/px in Skim_TriLep_TTG_PTG100to200.root
2026-04-12 21:21:47,486 - INFO - [2022EE] MISSING_CENTRAL: ZFake1E2Mu/Central/jets/1/px in Skim_TriLep_DYJets10to50.root
2026-04-12 21:21:47,819 - INFO - [2023] MISSING_CENTRAL: ZFake1E2Mu/Central/jets/1/px in Skim_TriLep_DYJets10to50.root
2026-04-12 21:21:47,837 - INFO - [2023] MISSING_CENTRAL: ZFake1E2Mu/Central/jets/1/px in Skim_TriLep_TTG_PTG100to200.root
2026-04-12 21:21:47,838 - INFO - [2023] MISSING_CENTRAL: ZFake1E2Mu/Central/jets/1/px in Skim_TriLep_TTG_PTG200toInf.root
2026-04-12 21:21:48,132 - INFO - [2023BPix] MISSING_CENTRAL: ZFake1E2Mu/Central/jets/1/px in Skim_TriLep_DYJets10to50.root
2026-04-12 21:21:48,168 - INFO - [2023BPix] MISSING_CENTRAL: ZFake1E2Mu/Central/jets/1/px in Skim_TriLep_TTG_PTG200toInf.root
2026-04-13 12:59:35,896 - INFO - [2022] MISSING_CENTRAL: ZFake1E2Mu/Central/jets/1/px in Skim_TriLep_DYJets10to50.root
2026-04-13 12:59:35,897 - INFO - [2022] MISSING_CENTRAL: ZFake1E2Mu/Central/jets/1/px in Skim_TriLep_TTG_PTG10to100.root
2026-04-13 12:59:35,897 - INFO - [2022] MISSING_CENTRAL: ZFake1E2Mu/Central/jets/1/px in Skim_TriLep_TTG_PTG100to200.root
2026-04-13 12:59:36,262 - INFO - [2022EE] MISSING_CENTRAL: ZFake1E2Mu/Central/jets/1/px in Skim_TriLep_DYJets10to50.root
2026-04-13 12:59:36,683 - INFO - [2023] MISSING_CENTRAL: ZFake1E2Mu/Central/jets/1/px in Skim_TriLep_DYJets10to50.root
2026-04-13 12:59:36,705 - INFO - [2023] MISSING_CENTRAL: ZFake1E2Mu/Central/jets/1/px in Skim_TriLep_TTG_PTG100to200.root
2026-04-13 12:59:36,706 - INFO - [2023] MISSING_CENTRAL: ZFake1E2Mu/Central/jets/1/px in Skim_TriLep_TTG_PTG200toInf.root
2026-04-13 12:59:37,061 - INFO - [2023BPix] MISSING_CENTRAL: ZFake1E2Mu/Central/jets/1/px in Skim_TriLep_DYJets10to50.root
2026-04-13 12:59:37,102 - INFO - [2023BPix] MISSING_CENTRAL: ZFake1E2Mu/Central/jets/1/px in Skim_TriLep_TTG_PTG200toInf.root
2026-04-16 17:42:07,401 - INFO - [2022] MISSING_CENTRAL: ZFake1E2Mu/Central/jets/1/px in Skim_TriLep_DYJets10to50.root
2026-04-16 17:42:07,401 - INFO - [2022] MISSING_CENTRAL: ZFake1E2Mu/Central/jets/1/px in Skim_TriLep_TTG_PTG10to100.root
2026-04-16 17:42:07,402 - INFO - [2022] MISSING_CENTRAL: ZFake1E2Mu/Central/jets/1/px in Skim_TriLep_TTG_PTG100to200.root
2026-04-16 17:42:07,752 - INFO - [2022EE] MISSING_CENTRAL: ZFake1E2Mu/Central/jets/1/px in Skim_TriLep_DYJets10to50.root
2026-04-16 17:42:08,166 - INFO - [2023] MISSING_CENTRAL: ZFake1E2Mu/Central/jets/1/px in Skim_TriLep_DYJets10to50.root
2026-04-16 17:42:08,195 - INFO - [2023] MISSING_CENTRAL: ZFake1E2Mu/Central/jets/1/px in Skim_TriLep_TTG_PTG100to200.root
2026-04-16 17:42:08,196 - INFO - [2023] MISSING_CENTRAL: ZFake1E2Mu/Central/jets/1/px in Skim_TriLep_TTG_PTG200toInf.root
2026-04-16 17:42:08,571 - INFO - [2023BPix] MISSING_CENTRAL: ZFake1E2Mu/Central/jets/1/px in Skim_TriLep_DYJets10to50.root
2026-04-16 17:42:08,599 - INFO - [2023BPix] MISSING_CENTRAL: ZFake1E2Mu/Central/jets/1/px in Skim_TriLep_TTG_PTG200toInf.root
2026-04-28 15:20:53,357 - INFO - [2022] MISSING_CENTRAL: ZFake1E2Mu/Central/jets/1/px in Skim_TriLep_DYJets10to50.root
2026-04-28 15:20:53,358 - INFO - [2022] MISSING_CENTRAL: ZFake1E2Mu/Central/jets/1/px in Skim_TriLep_TTG_PTG10to100.root
2026-04-28 15:20:53,358 - INFO - [2022] MISSING_CENTRAL: ZFake1E2Mu/Central/jets/1/px in Skim_TriLep_TTG_PTG100to200.root
2026-04-28 15:20:53,688 - INFO - [2022EE] MISSING_CENTRAL: ZFake1E2Mu/Central/jets/1/px in Skim_TriLep_DYJets10to50.root
2026-04-28 15:20:54,058 - INFO - [2023] MISSING_CENTRAL: ZFake1E2Mu/Central/jets/1/px in Skim_TriLep_DYJets10to50.root
2026-04-28 15:20:54,077 - INFO - [2023] MISSING_CENTRAL: ZFake1E2Mu/Central/jets/1/px in Skim_TriLep_TTG_PTG100to200.root
2026-04-28 15:20:54,078 - INFO - [2023] MISSING_CENTRAL: ZFake1E2Mu/Central/jets/1/px in Skim_TriLep_TTG_PTG200toInf.root
2026-04-28 15:20:54,426 - INFO - [2023BPix] MISSING_CENTRAL: ZFake1E2Mu/Central/jets/1/px in Skim_TriLep_DYJets10to50.root
2026-04-28 15:20:54,469 - INFO - [2023BPix] MISSING_CENTRAL: ZFake1E2Mu/Central/jets/1/px in Skim_TriLep_TTG_PTG200toInf.root
2026-04-28 20:34:00,578 - INFO - [2022] MISSING_CENTRAL: ZFake1E2Mu/Central/jets/1/px in Skim_TriLep_DYJets10to50.root
2026-04-28 20:34:00,578 - INFO - [2022] MISSING_CENTRAL: ZFake1E2Mu/Central/jets/1/px in Skim_TriLep_TTG_PTG10to100.root
2026-04-28 20:34:00,579 - INFO - [2022] MISSING_CENTRAL: ZFake1E2Mu/Central/jets/1/px in Skim_TriLep_TTG_PTG100to200.root
2026-04-28 20:34:00,925 - INFO - [2022EE] MISSING_CENTRAL: ZFake1E2Mu/Central/jets/1/px in Skim_TriLep_DYJets10to50.root
2026-04-28 20:34:01,320 - INFO - [2023] MISSING_CENTRAL: ZFake1E2Mu/Central/jets/1/px in Skim_TriLep_DYJets10to50.root
2026-04-28 20:34:01,342 - INFO - [2023] MISSING_CENTRAL: ZFake1E2Mu/Central/jets/1/px in Skim_TriLep_TTG_PTG100to200.root
2026-04-28 20:34:01,343 - INFO - [2023] MISSING_CENTRAL: ZFake1E2Mu/Central/jets/1/px in Skim_TriLep_TTG_PTG200toInf.root
2026-04-28 20:34:01,690 - INFO - [2023BPix] MISSING_CENTRAL: ZFake1E2Mu/Central/jets/1/px in Skim_TriLep_DYJets10to50.root
2026-04-28 20:34:01,735 - INFO - [2023BPix] MISSING_CENTRAL: ZFake1E2Mu/Central/jets/1/px in Skim_TriLep_TTG_PTG200toInf.root
2026-05-04 15:40:37,437 - INFO - [2022] MISSING_CENTRAL: ZFake1E2Mu/Central/jets/1/px in Skim_TriLep_DYJets10to50.root
2026-05-04 15:40:37,438 - INFO - [2022] MISSING_CENTRAL: ZFake1E2Mu/Central/jets/1/px in Skim_TriLep_TTG_PTG10to100.root
2026-05-04 15:40:37,439 - INFO - [2022] MISSING_CENTRAL: ZFake1E2Mu/Central/jets/1/px in Skim_TriLep_TTG_PTG100to200.root
2026-05-04 15:40:37,719 - INFO - [2022EE] MISSING_CENTRAL: ZFake1E2Mu/Central/jets/1/px in Skim_TriLep_DYJets10to50.root
2026-05-04 15:40:38,132 - INFO - [2023] MISSING_CENTRAL: ZFake1E2Mu/Central/jets/1/px in Skim_TriLep_DYJets10to50.root
2026-05-04 15:40:38,154 - INFO - [2023] MISSING_CENTRAL: ZFake1E2Mu/Central/jets/1/px in Skim_TriLep_TTG_PTG100to200.root
2026-05-04 15:40:38,154 - INFO - [2023] MISSING_CENTRAL: ZFake1E2Mu/Central/jets/1/px in Skim_TriLep_TTG_PTG200toInf.root
2026-05-04 15:40:38,535 - INFO - [2023BPix] MISSING_CENTRAL: ZFake1E2Mu/Central/jets/1/px in Skim_TriLep_DYJets10to50.root
2026-05-04 15:40:38,578 - INFO - [2023BPix] MISSING_CENTRAL: ZFake1E2Mu/Central/jets/1/px in Skim_TriLep_TTG_PTG200toInf.root
2026-05-04 16:04:39,527 - INFO - [2022] MISSING_CENTRAL: ZFake1E2Mu/Central/jets/1/px in Skim_TriLep_DYJets10to50.root
2026-05-04 16:04:39,527 - INFO - [2022] MISSING_CENTRAL: ZFake1E2Mu/Central/jets/1/px in Skim_TriLep_TTG_PTG10to100.root
2026-05-04 16:04:39,528 - INFO - [2022] MISSING_CENTRAL: ZFake1E2Mu/Central/jets/1/px in Skim_TriLep_TTG_PTG100to200.root
2026-05-04 16:04:39,877 - INFO - [2022EE] MISSING_CENTRAL: ZFake1E2Mu/Central/jets/1/px in Skim_TriLep_DYJets10to50.root
2026-05-04 16:04:40,316 - INFO - [2023] MISSING_CENTRAL: ZFake1E2Mu/Central/jets/1/px in Skim_TriLep_DYJets10to50.root
2026-05-04 16:04:40,338 - INFO - [2023] MISSING_CENTRAL: ZFake1E2Mu/Central/jets/1/px in Skim_TriLep_TTG_PTG100to200.root
2026-05-04 16:04:40,339 - INFO - [2023] MISSING_CENTRAL: ZFake1E2Mu/Central/jets/1/px in Skim_TriLep_TTG_PTG200toInf.root
2026-05-04 16:04:40,688 - INFO - [2023BPix] MISSING_CENTRAL: ZFake1E2Mu/Central/jets/1/px in Skim_TriLep_DYJets10to50.root
2026-05-04 16:04:40,731 - INFO - [2023BPix] MISSING_CENTRAL: ZFake1E2Mu/Central/jets/1/px in Skim_TriLep_TTG_PTG200toInf.root
2026-05-04 17:11:31,150 - INFO - [2022] MISSING_CENTRAL: ZFake1E2Mu/Central/jets/1/px in Skim_TriLep_DYJets10to50.root
2026-05-04 17:11:31,151 - INFO - [2022] MISSING_CENTRAL: ZFake1E2Mu/Central/jets/1/px in Skim_TriLep_TTG_PTG10to100.root
2026-05-04 17:11:31,152 - INFO - [2022] MISSING_CENTRAL: ZFake1E2Mu/Central/jets/1/px in Skim_TriLep_TTG_PTG100to200.root
2026-05-04 17:11:31,539 - INFO - [2022EE] MISSING_CENTRAL: ZFake1E2Mu/Central/jets/1/px in Skim_TriLep_DYJets10to50.root
2026-05-04 17:11:31,985 - INFO - [2023] MISSING_CENTRAL: ZFake1E2Mu/Central/jets/1/px in Skim_TriLep_DYJets10to50.root
2026-05-04 17:11:32,004 - INFO - [2023] MISSING_CENTRAL: ZFake1E2Mu/Central/jets/1/px in Skim_TriLep_TTG_PTG100to200.root
2026-05-04 17:11:32,005 - INFO - [2023] MISSING_CENTRAL: ZFake1E2Mu/Central/jets/1/px in Skim_TriLep_TTG_PTG200toInf.root
2026-05-04 17:11:32,355 - INFO - [2023BPix] MISSING_CENTRAL: ZFake1E2Mu/Central/jets/1/px in Skim_TriLep_DYJets10to50.root
2026-05-04 17:11:32,399 - INFO - [2023BPix] MISSING_CENTRAL: ZFake1E2Mu/Central/jets/1/px in Skim_TriLep_TTG_PTG200toInf.root
