2025-09-24 16:07:27,203 - INFO - [2022] MISSING_CENTRAL: ZFake1E2Mu/Central/muons/2/pz in Skim_TriLep_DYJets.root
2025-09-24 16:07:27,204 - INFO - [2022] MISSING_CENTRAL: ZFake1E2Mu/Central/muons/2/pz in Skim_TriLep_DYJets10to50.root
2025-09-24 16:07:27,204 - INFO - [2022] MISSING_CENTRAL: ZFake1E2Mu/Central/muons/2/pz in Skim_TriLep_DYGTo2LG_MLL4to50_PTG10to100.root
2025-09-24 16:07:27,204 - INFO - [2022] MISSING_CENTRAL: ZFake1E2Mu/Central/muons/2/pz in Skim_TriLep_DYGTo2LG_MLL4to50_PTG100to200.root
2025-09-24 16:07:27,204 - INFO - [2022] MISSING_CENTRAL: ZFake1E2Mu/Central/muons/2/pz in Skim_TriLep_DYGTo2LG_MLL4to50_PTG200toInf.root
2025-09-24 16:07:27,249 - INFO - [2022] MISSING_CENTRAL: ZFake1E2Mu/Central/muons/2/pz in Skim_TriLep_TTG_PTG10to100.root
2025-09-24 16:07:27,249 - INFO - [2022] MISSING_CENTRAL: ZFake1E2Mu/Central/muons/2/pz in Skim_TriLep_TTG_PTG100to200.root
2025-09-24 16:07:27,505 - INFO - [2022EE] MISSING_CENTRAL: ZFake1E2Mu/Central/muons/2/pz in Skim_TriLep_DYJets.root
2025-09-24 16:07:27,505 - INFO - [2022EE] MISSING_CENTRAL: ZFake1E2Mu/Central/muons/2/pz in Skim_TriLep_DYJets10to50.root
2025-09-24 16:07:27,505 - INFO - [2022EE] MISSING_CENTRAL: ZFake1E2Mu/Central/muons/2/pz in Skim_TriLep_DYGTo2LG_MLL4to50_PTG10to100.root
2025-09-24 16:07:27,505 - INFO - [2022EE] MISSING_CENTRAL: ZFake1E2Mu/Central/muons/2/pz in Skim_TriLep_DYGTo2LG_MLL4to50_PTG100to200.root
2025-09-24 16:07:27,506 - INFO - [2022EE] MISSING_CENTRAL: ZFake1E2Mu/Central/muons/2/pz in Skim_TriLep_DYGTo2LG_MLL4to50_PTG200toInf.root
2025-09-24 16:07:28,187 - INFO - [2023] MISSING_CENTRAL: ZFake1E2Mu/Central/muons/2/pz in Skim_TriLep_DYJets10to50.root
2025-09-24 16:07:28,187 - INFO - [2023] MISSING_CENTRAL: ZFake1E2Mu/Central/muons/2/pz in Skim_TriLep_DYGTo2LG_MLL4to50_PTG10to100.root
2025-09-24 16:07:28,188 - INFO - [2023] MISSING_CENTRAL: ZFake1E2Mu/Central/muons/2/pz in Skim_TriLep_DYGTo2LG_MLL4to50_PTG100to200.root
2025-09-24 16:07:28,188 - INFO - [2023] MISSING_CENTRAL: ZFake1E2Mu/Central/muons/2/pz in Skim_TriLep_DYGTo2LG_MLL4to50_PTG200toInf.root
2025-09-24 16:07:28,287 - INFO - [2023] MISSING_CENTRAL: ZFake1E2Mu/Central/muons/2/pz in Skim_TriLep_TTG_PTG10to100.root
2025-09-24 16:07:28,287 - INFO - [2023] MISSING_CENTRAL: ZFake1E2Mu/Central/muons/2/pz in Skim_TriLep_TTG_PTG100to200.root
2025-09-24 16:07:28,287 - INFO - [2023] MISSING_CENTRAL: ZFake1E2Mu/Central/muons/2/pz in Skim_TriLep_TTG_PTG200toInf.root
2025-09-24 16:07:28,570 - INFO - [2023BPix] MISSING_CENTRAL: ZFake1E2Mu/Central/muons/2/pz in Skim_TriLep_DYJets.root
2025-09-24 16:07:28,571 - INFO - [2023BPix] MISSING_CENTRAL: ZFake1E2Mu/Central/muons/2/pz in Skim_TriLep_DYJets10to50.root
2025-09-24 16:07:28,571 - INFO - [2023BPix] MISSING_CENTRAL: ZFake1E2Mu/Central/muons/2/pz in Skim_TriLep_DYGTo2LG_MLL4to50_PTG10to100.root
2025-09-24 16:07:28,571 - INFO - [2023BPix] MISSING_CENTRAL: ZFake1E2Mu/Central/muons/2/pz in Skim_TriLep_DYGTo2LG_MLL4to50_PTG100to200.root
2025-09-24 16:07:28,572 - INFO - [2023BPix] MISSING_CENTRAL: ZFake1E2Mu/Central/muons/2/pz in Skim_TriLep_DYGTo2LG_MLL4to50_PTG200toInf.root
2025-09-24 16:07:28,711 - INFO - [2023BPix] MISSING_CENTRAL: ZFake1E2Mu/Central/muons/2/pz in Skim_TriLep_TTG_PTG200toInf.root
2025-10-02 21:23:28,769 - INFO - [2022] MISSING_CENTRAL: ZFake1E2Mu/Central/muons/2/pz in Skim_TriLep_DYJets.root
2025-10-02 21:23:28,770 - INFO - [2022] MISSING_CENTRAL: ZFake1E2Mu/Central/muons/2/pz in Skim_TriLep_DYJets10to50.root
2025-10-02 21:23:28,771 - INFO - [2022] MISSING_CENTRAL: ZFake1E2Mu/Central/muons/2/pz in Skim_TriLep_DYGTo2LG_MLL4to50_PTG10to100.root
2025-10-02 21:23:28,772 - INFO - [2022] MISSING_CENTRAL: ZFake1E2Mu/Central/muons/2/pz in Skim_TriLep_DYGTo2LG_MLL4to50_PTG100to200.root
2025-10-02 21:23:28,773 - INFO - [2022] MISSING_CENTRAL: ZFake1E2Mu/Central/muons/2/pz in Skim_TriLep_DYGTo2LG_MLL4to50_PTG200toInf.root
2025-10-02 21:23:28,861 - INFO - [2022] MISSING_CENTRAL: ZFake1E2Mu/Central/muons/2/pz in Skim_TriLep_TTG_PTG10to100.root
2025-10-02 21:23:28,862 - INFO - [2022] MISSING_CENTRAL: ZFake1E2Mu/Central/muons/2/pz in Skim_TriLep_TTG_PTG100to200.root
2025-10-02 21:23:29,345 - INFO - [2022EE] MISSING_CENTRAL: ZFake1E2Mu/Central/muons/2/pz in Skim_TriLep_DYJets.root
2025-10-02 21:23:29,346 - INFO - [2022EE] MISSING_CENTRAL: ZFake1E2Mu/Central/muons/2/pz in Skim_TriLep_DYJets10to50.root
2025-10-02 21:23:29,347 - INFO - [2022EE] MISSING_CENTRAL: ZFake1E2Mu/Central/muons/2/pz in Skim_TriLep_DYGTo2LG_MLL4to50_PTG10to100.root
2025-10-02 21:23:29,348 - INFO - [2022EE] MISSING_CENTRAL: ZFake1E2Mu/Central/muons/2/pz in Skim_TriLep_DYGTo2LG_MLL4to50_PTG100to200.root
2025-10-02 21:23:29,349 - INFO - [2022EE] MISSING_CENTRAL: ZFake1E2Mu/Central/muons/2/pz in Skim_TriLep_DYGTo2LG_MLL4to50_PTG200toInf.root
2025-10-02 21:23:29,959 - INFO - [2023] MISSING_CENTRAL: ZFake1E2Mu/Central/muons/2/pz in Skim_TriLep_DYJets10to50.root
2025-10-02 21:23:29,961 - INFO - [2023] MISSING_CENTRAL: ZFake1E2Mu/Central/muons/2/pz in Skim_TriLep_DYGTo2LG_MLL4to50_PTG10to100.root
2025-10-02 21:23:29,974 - INFO - [2023] MISSING_CENTRAL: ZFake1E2Mu/Central/muons/2/pz in Skim_TriLep_DYGTo2LG_MLL4to50_PTG100to200.root
2025-10-02 21:23:29,976 - INFO - [2023] MISSING_CENTRAL: ZFake1E2Mu/Central/muons/2/pz in Skim_TriLep_DYGTo2LG_MLL4to50_PTG200toInf.root
2025-10-02 21:23:30,194 - INFO - [2023] MISSING_CENTRAL: ZFake1E2Mu/Central/muons/2/pz in Skim_TriLep_TTG_PTG10to100.root
2025-10-02 21:23:30,207 - INFO - [2023] MISSING_CENTRAL: ZFake1E2Mu/Central/muons/2/pz in Skim_TriLep_TTG_PTG100to200.root
2025-10-02 21:23:30,209 - INFO - [2023] MISSING_CENTRAL: ZFake1E2Mu/Central/muons/2/pz in Skim_TriLep_TTG_PTG200toInf.root
2025-10-02 21:23:30,649 - INFO - [2023BPix] MISSING_CENTRAL: ZFake1E2Mu/Central/muons/2/pz in Skim_TriLep_DYJets.root
2025-10-02 21:23:30,650 - INFO - [2023BPix] MISSING_CENTRAL: ZFake1E2Mu/Central/muons/2/pz in Skim_TriLep_DYJets10to50.root
2025-10-02 21:23:30,652 - INFO - [2023BPix] MISSING_CENTRAL: ZFake1E2Mu/Central/muons/2/pz in Skim_TriLep_DYGTo2LG_MLL4to50_PTG10to100.root
2025-10-02 21:23:30,653 - INFO - [2023BPix] MISSING_CENTRAL: ZFake1E2Mu/Central/muons/2/pz in Skim_TriLep_DYGTo2LG_MLL4to50_PTG100to200.root
2025-10-02 21:23:30,655 - INFO - [2023BPix] MISSING_CENTRAL: ZFake1E2Mu/Central/muons/2/pz in Skim_TriLep_DYGTo2LG_MLL4to50_PTG200toInf.root
2025-10-02 21:23:30,835 - INFO - [2023BPix] MISSING_CENTRAL: ZFake1E2Mu/Central/muons/2/pz in Skim_TriLep_TTG_PTG200toInf.root
2025-10-03 00:39:35,004 - INFO - [2022] MISSING_CENTRAL: ZFake1E2Mu/Central/muons/2/pz in Skim_TriLep_DYJets.root
2025-10-03 00:39:35,006 - INFO - [2022] MISSING_CENTRAL: ZFake1E2Mu/Central/muons/2/pz in Skim_TriLep_DYJets10to50.root
2025-10-03 00:39:35,006 - INFO - [2022] MISSING_CENTRAL: ZFake1E2Mu/Central/muons/2/pz in Skim_TriLep_DYGTo2LG_MLL4to50_PTG10to100.root
2025-10-03 00:39:35,007 - INFO - [2022] MISSING_CENTRAL: ZFake1E2Mu/Central/muons/2/pz in Skim_TriLep_DYGTo2LG_MLL4to50_PTG100to200.root
2025-10-03 00:39:35,007 - INFO - [2022] MISSING_CENTRAL: ZFake1E2Mu/Central/muons/2/pz in Skim_TriLep_DYGTo2LG_MLL4to50_PTG200toInf.root
2025-10-03 00:39:35,177 - INFO - [2022] MISSING_CENTRAL: ZFake1E2Mu/Central/muons/2/pz in Skim_TriLep_TTG_PTG10to100.root
2025-10-03 00:39:35,177 - INFO - [2022] MISSING_CENTRAL: ZFake1E2Mu/Central/muons/2/pz in Skim_TriLep_TTG_PTG100to200.root
2025-10-03 00:39:36,011 - INFO - [2022EE] MISSING_CENTRAL: ZFake1E2Mu/Central/muons/2/pz in Skim_TriLep_DYJets.root
2025-10-03 00:39:36,011 - INFO - [2022EE] MISSING_CENTRAL: ZFake1E2Mu/Central/muons/2/pz in Skim_TriLep_DYJets10to50.root
2025-10-03 00:39:36,016 - INFO - [2022EE] MISSING_CENTRAL: ZFake1E2Mu/Central/muons/2/pz in Skim_TriLep_DYGTo2LG_MLL4to50_PTG10to100.root
2025-10-03 00:39:36,017 - INFO - [2022EE] MISSING_CENTRAL: ZFake1E2Mu/Central/muons/2/pz in Skim_TriLep_DYGTo2LG_MLL4to50_PTG100to200.root
2025-10-03 00:39:36,018 - INFO - [2022EE] MISSING_CENTRAL: ZFake1E2Mu/Central/muons/2/pz in Skim_TriLep_DYGTo2LG_MLL4to50_PTG200toInf.root
2025-10-03 00:39:37,273 - INFO - [2023] MISSING_CENTRAL: ZFake1E2Mu/Central/muons/2/pz in Skim_TriLep_DYJets10to50.root
2025-10-03 00:39:37,274 - INFO - [2023] MISSING_CENTRAL: ZFake1E2Mu/Central/muons/2/pz in Skim_TriLep_DYGTo2LG_MLL4to50_PTG10to100.root
2025-10-03 00:39:37,275 - INFO - [2023] MISSING_CENTRAL: ZFake1E2Mu/Central/muons/2/pz in Skim_TriLep_DYGTo2LG_MLL4to50_PTG100to200.root
2025-10-03 00:39:37,275 - INFO - [2023] MISSING_CENTRAL: ZFake1E2Mu/Central/muons/2/pz in Skim_TriLep_DYGTo2LG_MLL4to50_PTG200toInf.root
2025-10-03 00:39:37,495 - INFO - [2023] MISSING_CENTRAL: ZFake1E2Mu/Central/muons/2/pz in Skim_TriLep_TTG_PTG10to100.root
2025-10-03 00:39:37,495 - INFO - [2023] MISSING_CENTRAL: ZFake1E2Mu/Central/muons/2/pz in Skim_TriLep_TTG_PTG100to200.root
2025-10-03 00:39:37,496 - INFO - [2023] MISSING_CENTRAL: ZFake1E2Mu/Central/muons/2/pz in Skim_TriLep_TTG_PTG200toInf.root
2025-10-03 00:39:38,132 - INFO - [2023BPix] MISSING_CENTRAL: ZFake1E2Mu/Central/muons/2/pz in Skim_TriLep_DYJets.root
2025-10-03 00:39:38,133 - INFO - [2023BPix] MISSING_CENTRAL: ZFake1E2Mu/Central/muons/2/pz in Skim_TriLep_DYJets10to50.root
2025-10-03 00:39:38,134 - INFO - [2023BPix] MISSING_CENTRAL: ZFake1E2Mu/Central/muons/2/pz in Skim_TriLep_DYGTo2LG_MLL4to50_PTG10to100.root
2025-10-03 00:39:38,135 - INFO - [2023BPix] MISSING_CENTRAL: ZFake1E2Mu/Central/muons/2/pz in Skim_TriLep_DYGTo2LG_MLL4to50_PTG100to200.root
2025-10-03 00:39:38,136 - INFO - [2023BPix] MISSING_CENTRAL: ZFake1E2Mu/Central/muons/2/pz in Skim_TriLep_DYGTo2LG_MLL4to50_PTG200toInf.root
2025-10-03 00:39:38,548 - INFO - [2023BPix] MISSING_CENTRAL: ZFake1E2Mu/Central/muons/2/pz in Skim_TriLep_TTG_PTG200toInf.root
2025-11-07 13:14:12,199 - INFO - [2022] MISSING_FILE: /home/choij/Sync/workspace/ChargedHiggsAnalysisV3/SKNanoOutput/PromptSelector/Run1E2Mu/2022/Skim_TriLep_MuonEG_C.root
2025-11-07 13:14:12,200 - INFO - [2022] MISSING_FILE: /home/choij/Sync/workspace/ChargedHiggsAnalysisV3/SKNanoOutput/PromptSelector/Run1E2Mu/2022/Skim_TriLep_MuonEG_D.root
2025-11-07 13:14:12,200 - INFO - [2022EE] MISSING_FILE: /home/choij/Sync/workspace/ChargedHiggsAnalysisV3/SKNanoOutput/PromptSelector/Run1E2Mu/2022EE/Skim_TriLep_MuonEG_E.root
2025-11-07 13:14:12,200 - INFO - [2022EE] MISSING_FILE: /home/choij/Sync/workspace/ChargedHiggsAnalysisV3/SKNanoOutput/PromptSelector/Run1E2Mu/2022EE/Skim_TriLep_MuonEG_F.root
2025-11-07 13:14:12,200 - INFO - [2022EE] MISSING_FILE: /home/choij/Sync/workspace/ChargedHiggsAnalysisV3/SKNanoOutput/PromptSelector/Run1E2Mu/2022EE/Skim_TriLep_MuonEG_G.root
2025-11-07 13:14:12,200 - INFO - [2023] MISSING_FILE: /home/choij/Sync/workspace/ChargedHiggsAnalysisV3/SKNanoOutput/PromptSelector/Run1E2Mu/2023/Skim_TriLep_MuonEG_C_v1.root
2025-11-07 13:14:12,200 - INFO - [2023] MISSING_FILE: /home/choij/Sync/workspace/ChargedHiggsAnalysisV3/SKNanoOutput/PromptSelector/Run1E2Mu/2023/Skim_TriLep_MuonEG_C_v2.root
2025-11-07 13:14:12,200 - INFO - [2023] MISSING_FILE: /home/choij/Sync/workspace/ChargedHiggsAnalysisV3/SKNanoOutput/PromptSelector/Run1E2Mu/2023/Skim_TriLep_MuonEG_C_v3.root
2025-11-07 13:14:12,200 - INFO - [2023] MISSING_FILE: /home/choij/Sync/workspace/ChargedHiggsAnalysisV3/SKNanoOutput/PromptSelector/Run1E2Mu/2023/Skim_TriLep_MuonEG_C_v4.root
2025-11-07 13:14:12,200 - INFO - [2023BPix] MISSING_FILE: /home/choij/Sync/workspace/ChargedHiggsAnalysisV3/SKNanoOutput/PromptSelector/Run1E2Mu/2023BPix/Skim_TriLep_MuonEG_D_v1.root
2025-11-07 13:14:12,200 - INFO - [2023BPix] MISSING_FILE: /home/choij/Sync/workspace/ChargedHiggsAnalysisV3/SKNanoOutput/PromptSelector/Run1E2Mu/2023BPix/Skim_TriLep_MuonEG_D_v2.root
2025-11-07 14:11:43,722 - INFO - [2022] MISSING_FILE: /home/choij/Sync/workspace/ChargedHiggsAnalysisV3/SKNanoOutput/PromptSelector/Run1E2Mu/2022/Skim_TriLep_MuonEG_C.root
2025-11-07 14:11:43,723 - INFO - [2022] MISSING_FILE: /home/choij/Sync/workspace/ChargedHiggsAnalysisV3/SKNanoOutput/PromptSelector/Run1E2Mu/2022/Skim_TriLep_MuonEG_D.root
2025-11-07 14:11:43,723 - INFO - [2022EE] MISSING_FILE: /home/choij/Sync/workspace/ChargedHiggsAnalysisV3/SKNanoOutput/PromptSelector/Run1E2Mu/2022EE/Skim_TriLep_MuonEG_E.root
2025-11-07 14:11:43,723 - INFO - [2022EE] MISSING_FILE: /home/choij/Sync/workspace/ChargedHiggsAnalysisV3/SKNanoOutput/PromptSelector/Run1E2Mu/2022EE/Skim_TriLep_MuonEG_F.root
2025-11-07 14:11:43,723 - INFO - [2022EE] MISSING_FILE: /home/choij/Sync/workspace/ChargedHiggsAnalysisV3/SKNanoOutput/PromptSelector/Run1E2Mu/2022EE/Skim_TriLep_MuonEG_G.root
2025-11-07 14:11:43,723 - INFO - [2023] MISSING_FILE: /home/choij/Sync/workspace/ChargedHiggsAnalysisV3/SKNanoOutput/PromptSelector/Run1E2Mu/2023/Skim_TriLep_MuonEG_C_v1.root
2025-11-07 14:11:43,723 - INFO - [2023] MISSING_FILE: /home/choij/Sync/workspace/ChargedHiggsAnalysisV3/SKNanoOutput/PromptSelector/Run1E2Mu/2023/Skim_TriLep_MuonEG_C_v2.root
2025-11-07 14:11:43,723 - INFO - [2023] MISSING_FILE: /home/choij/Sync/workspace/ChargedHiggsAnalysisV3/SKNanoOutput/PromptSelector/Run1E2Mu/2023/Skim_TriLep_MuonEG_C_v3.root
2025-11-07 14:11:43,723 - INFO - [2023] MISSING_FILE: /home/choij/Sync/workspace/ChargedHiggsAnalysisV3/SKNanoOutput/PromptSelector/Run1E2Mu/2023/Skim_TriLep_MuonEG_C_v4.root
2025-11-07 14:11:43,723 - INFO - [2023BPix] MISSING_FILE: /home/choij/Sync/workspace/ChargedHiggsAnalysisV3/SKNanoOutput/PromptSelector/Run1E2Mu/2023BPix/Skim_TriLep_MuonEG_D_v1.root
2025-11-07 14:11:43,723 - INFO - [2023BPix] MISSING_FILE: /home/choij/Sync/workspace/ChargedHiggsAnalysisV3/SKNanoOutput/PromptSelector/Run1E2Mu/2023BPix/Skim_TriLep_MuonEG_D_v2.root
2025-11-10 12:28:09,937 - INFO - [2022] MISSING_CENTRAL: ZFake1E2Mu/Central/muons/2/pz in Skim_TriLep_DYJets.root
2025-11-10 12:28:09,937 - INFO - [2022] MISSING_CENTRAL: ZFake1E2Mu/Central/muons/2/pz in Skim_TriLep_DYJets10to50.root
2025-11-10 12:28:09,938 - INFO - [2022] MISSING_CENTRAL: ZFake1E2Mu/Central/muons/2/pz in Skim_TriLep_DYGTo2LG_MLL4to50_PTG10to100.root
2025-11-10 12:28:09,938 - INFO - [2022] MISSING_CENTRAL: ZFake1E2Mu/Central/muons/2/pz in Skim_TriLep_DYGTo2LG_MLL4to50_PTG100to200.root
2025-11-10 12:28:09,939 - INFO - [2022] MISSING_CENTRAL: ZFake1E2Mu/Central/muons/2/pz in Skim_TriLep_DYGTo2LG_MLL4to50_PTG200toInf.root
2025-11-10 12:28:09,989 - INFO - [2022] MISSING_CENTRAL: ZFake1E2Mu/Central/muons/2/pz in Skim_TriLep_TTG_PTG10to100.root
2025-11-10 12:28:09,989 - INFO - [2022] MISSING_CENTRAL: ZFake1E2Mu/Central/muons/2/pz in Skim_TriLep_TTG_PTG100to200.root
2025-11-10 12:28:10,356 - INFO - [2022EE] MISSING_CENTRAL: ZFake1E2Mu/Central/muons/2/pz in Skim_TriLep_DYJets.root
2025-11-10 12:28:10,356 - INFO - [2022EE] MISSING_CENTRAL: ZFake1E2Mu/Central/muons/2/pz in Skim_TriLep_DYJets10to50.root
2025-11-10 12:28:10,357 - INFO - [2022EE] MISSING_CENTRAL: ZFake1E2Mu/Central/muons/2/pz in Skim_TriLep_DYGTo2LG_MLL4to50_PTG10to100.root
2025-11-10 12:28:10,357 - INFO - [2022EE] MISSING_CENTRAL: ZFake1E2Mu/Central/muons/2/pz in Skim_TriLep_DYGTo2LG_MLL4to50_PTG100to200.root
2025-11-10 12:28:10,361 - INFO - [2022EE] MISSING_CENTRAL: ZFake1E2Mu/Central/muons/2/pz in Skim_TriLep_DYGTo2LG_MLL4to50_PTG200toInf.root
2025-11-10 12:28:10,758 - INFO - [2023] MISSING_CENTRAL: ZFake1E2Mu/Central/muons/2/pz in Skim_TriLep_DYJets10to50.root
2025-11-10 12:28:10,759 - INFO - [2023] MISSING_CENTRAL: ZFake1E2Mu/Central/muons/2/pz in Skim_TriLep_DYGTo2LG_MLL4to50_PTG10to100.root
2025-11-10 12:28:10,759 - INFO - [2023] MISSING_CENTRAL: ZFake1E2Mu/Central/muons/2/pz in Skim_TriLep_DYGTo2LG_MLL4to50_PTG100to200.root
2025-11-10 12:28:10,760 - INFO - [2023] MISSING_CENTRAL: ZFake1E2Mu/Central/muons/2/pz in Skim_TriLep_DYGTo2LG_MLL4to50_PTG200toInf.root
2025-11-10 12:28:10,842 - INFO - [2023] MISSING_CENTRAL: ZFake1E2Mu/Central/muons/2/pz in Skim_TriLep_TTG_PTG10to100.root
2025-11-10 12:28:10,843 - INFO - [2023] MISSING_CENTRAL: ZFake1E2Mu/Central/muons/2/pz in Skim_TriLep_TTG_PTG100to200.root
2025-11-10 12:28:10,844 - INFO - [2023] MISSING_CENTRAL: ZFake1E2Mu/Central/muons/2/pz in Skim_TriLep_TTG_PTG200toInf.root
2025-11-10 12:28:11,094 - INFO - [2023BPix] MISSING_CENTRAL: ZFake1E2Mu/Central/muons/2/pz in Skim_TriLep_DYJets.root
2025-11-10 12:28:11,095 - INFO - [2023BPix] MISSING_CENTRAL: ZFake1E2Mu/Central/muons/2/pz in Skim_TriLep_DYJets10to50.root
2025-11-10 12:28:11,096 - INFO - [2023BPix] MISSING_CENTRAL: ZFake1E2Mu/Central/muons/2/pz in Skim_TriLep_DYGTo2LG_MLL4to50_PTG10to100.root
2025-11-10 12:28:11,096 - INFO - [2023BPix] MISSING_CENTRAL: ZFake1E2Mu/Central/muons/2/pz in Skim_TriLep_DYGTo2LG_MLL4to50_PTG100to200.root
2025-11-10 12:28:11,097 - INFO - [2023BPix] MISSING_CENTRAL: ZFake1E2Mu/Central/muons/2/pz in Skim_TriLep_DYGTo2LG_MLL4to50_PTG200toInf.root
2025-11-10 12:28:11,209 - INFO - [2023BPix] MISSING_CENTRAL: ZFake1E2Mu/Central/muons/2/pz in Skim_TriLep_TTG_PTG200toInf.root
2025-11-13 11:18:41,629 - INFO - [2022] MISSING_CENTRAL: ZFake1E2Mu/Central/muons/2/pz in Skim_TriLep_DYJets.root
2025-11-13 11:18:41,630 - INFO - [2022] MISSING_CENTRAL: ZFake1E2Mu/Central/muons/2/pz in Skim_TriLep_DYJets10to50.root
2025-11-13 11:18:41,631 - INFO - [2022] MISSING_CENTRAL: ZFake1E2Mu/Central/muons/2/pz in Skim_TriLep_DYGTo2LG_MLL4to50_PTG10to100.root
2025-11-13 11:18:41,632 - INFO - [2022] MISSING_CENTRAL: ZFake1E2Mu/Central/muons/2/pz in Skim_TriLep_DYGTo2LG_MLL4to50_PTG100to200.root
2025-11-13 11:18:41,633 - INFO - [2022] MISSING_CENTRAL: ZFake1E2Mu/Central/muons/2/pz in Skim_TriLep_DYGTo2LG_MLL4to50_PTG200toInf.root
2025-11-13 11:18:41,706 - INFO - [2022] MISSING_CENTRAL: ZFake1E2Mu/Central/muons/2/pz in Skim_TriLep_TTG_PTG10to100.root
2025-11-13 11:18:41,707 - INFO - [2022] MISSING_CENTRAL: ZFake1E2Mu/Central/muons/2/pz in Skim_TriLep_TTG_PTG100to200.root
2025-11-13 11:18:42,119 - INFO - [2022EE] MISSING_CENTRAL: ZFake1E2Mu/Central/muons/2/pz in Skim_TriLep_DYJets.root
2025-11-13 11:18:42,120 - INFO - [2022EE] MISSING_CENTRAL: ZFake1E2Mu/Central/muons/2/pz in Skim_TriLep_DYJets10to50.root
2025-11-13 11:18:42,121 - INFO - [2022EE] MISSING_CENTRAL: ZFake1E2Mu/Central/muons/2/pz in Skim_TriLep_DYGTo2LG_MLL4to50_PTG10to100.root
2025-11-13 11:18:42,122 - INFO - [2022EE] MISSING_CENTRAL: ZFake1E2Mu/Central/muons/2/pz in Skim_TriLep_DYGTo2LG_MLL4to50_PTG100to200.root
2025-11-13 11:18:42,123 - INFO - [2022EE] MISSING_CENTRAL: ZFake1E2Mu/Central/muons/2/pz in Skim_TriLep_DYGTo2LG_MLL4to50_PTG200toInf.root
2025-11-13 11:18:42,704 - INFO - [2023] MISSING_CENTRAL: ZFake1E2Mu/Central/muons/2/pz in Skim_TriLep_DYJets10to50.root
2025-11-13 11:18:42,705 - INFO - [2023] MISSING_CENTRAL: ZFake1E2Mu/Central/muons/2/pz in Skim_TriLep_DYGTo2LG_MLL4to50_PTG10to100.root
2025-11-13 11:18:42,707 - INFO - [2023] MISSING_CENTRAL: ZFake1E2Mu/Central/muons/2/pz in Skim_TriLep_DYGTo2LG_MLL4to50_PTG100to200.root
2025-11-13 11:18:42,708 - INFO - [2023] MISSING_CENTRAL: ZFake1E2Mu/Central/muons/2/pz in Skim_TriLep_DYGTo2LG_MLL4to50_PTG200toInf.root
2025-11-13 11:18:42,841 - INFO - [2023] MISSING_CENTRAL: ZFake1E2Mu/Central/muons/2/pz in Skim_TriLep_TTG_PTG10to100.root
2025-11-13 11:18:42,843 - INFO - [2023] MISSING_CENTRAL: ZFake1E2Mu/Central/muons/2/pz in Skim_TriLep_TTG_PTG100to200.root
2025-11-13 11:18:42,845 - INFO - [2023] MISSING_CENTRAL: ZFake1E2Mu/Central/muons/2/pz in Skim_TriLep_TTG_PTG200toInf.root
2025-11-13 11:18:43,250 - INFO - [2023BPix] MISSING_CENTRAL: ZFake1E2Mu/Central/muons/2/pz in Skim_TriLep_DYJets.root
2025-11-13 11:18:43,252 - INFO - [2023BPix] MISSING_CENTRAL: ZFake1E2Mu/Central/muons/2/pz in Skim_TriLep_DYJets10to50.root
2025-11-13 11:18:43,253 - INFO - [2023BPix] MISSING_CENTRAL: ZFake1E2Mu/Central/muons/2/pz in Skim_TriLep_DYGTo2LG_MLL4to50_PTG10to100.root
2025-11-13 11:18:43,255 - INFO - [2023BPix] MISSING_CENTRAL: ZFake1E2Mu/Central/muons/2/pz in Skim_TriLep_DYGTo2LG_MLL4to50_PTG100to200.root
2025-11-13 11:18:43,256 - INFO - [2023BPix] MISSING_CENTRAL: ZFake1E2Mu/Central/muons/2/pz in Skim_TriLep_DYGTo2LG_MLL4to50_PTG200toInf.root
2025-11-13 11:18:43,445 - INFO - [2023BPix] MISSING_CENTRAL: ZFake1E2Mu/Central/muons/2/pz in Skim_TriLep_TTG_PTG200toInf.root
2025-11-19 16:12:01,446 - INFO - [2022] MISSING_CENTRAL: ZFake1E2Mu/Central/muons/2/pz in Skim_TriLep_DYJets.root
2025-11-19 16:12:01,449 - INFO - [2022] MISSING_CENTRAL: ZFake1E2Mu/Central/muons/2/pz in Skim_TriLep_DYJets10to50.root
2025-11-19 16:12:01,450 - INFO - [2022] MISSING_CENTRAL: ZFake1E2Mu/Central/muons/2/pz in Skim_TriLep_DYGTo2LG_MLL4to50_PTG10to100.root
2025-11-19 16:12:01,450 - INFO - [2022] MISSING_CENTRAL: ZFake1E2Mu/Central/muons/2/pz in Skim_TriLep_DYGTo2LG_MLL4to50_PTG100to200.root
2025-11-19 16:12:01,450 - INFO - [2022] MISSING_CENTRAL: ZFake1E2Mu/Central/muons/2/pz in Skim_TriLep_DYGTo2LG_MLL4to50_PTG200toInf.root
2025-11-19 16:12:01,501 - INFO - [2022] MISSING_CENTRAL: ZFake1E2Mu/Central/muons/2/pz in Skim_TriLep_TTG_PTG10to100.root
2025-11-19 16:12:01,501 - INFO - [2022] MISSING_CENTRAL: ZFake1E2Mu/Central/muons/2/pz in Skim_TriLep_TTG_PTG100to200.root
2025-11-19 16:12:01,754 - INFO - [2022EE] MISSING_CENTRAL: ZFake1E2Mu/Central/muons/2/pz in Skim_TriLep_DYJets.root
2025-11-19 16:12:01,754 - INFO - [2022EE] MISSING_CENTRAL: ZFake1E2Mu/Central/muons/2/pz in Skim_TriLep_DYJets10to50.root
2025-11-19 16:12:01,755 - INFO - [2022EE] MISSING_CENTRAL: ZFake1E2Mu/Central/muons/2/pz in Skim_TriLep_DYGTo2LG_MLL4to50_PTG10to100.root
2025-11-19 16:12:01,755 - INFO - [2022EE] MISSING_CENTRAL: ZFake1E2Mu/Central/muons/2/pz in Skim_TriLep_DYGTo2LG_MLL4to50_PTG100to200.root
2025-11-19 16:12:01,756 - INFO - [2022EE] MISSING_CENTRAL: ZFake1E2Mu/Central/muons/2/pz in Skim_TriLep_DYGTo2LG_MLL4to50_PTG200toInf.root
2025-11-19 16:12:02,126 - INFO - [2023] MISSING_CENTRAL: ZFake1E2Mu/Central/muons/2/pz in Skim_TriLep_DYJets10to50.root
2025-11-19 16:12:02,127 - INFO - [2023] MISSING_CENTRAL: ZFake1E2Mu/Central/muons/2/pz in Skim_TriLep_DYGTo2LG_MLL4to50_PTG10to100.root
2025-11-19 16:12:02,127 - INFO - [2023] MISSING_CENTRAL: ZFake1E2Mu/Central/muons/2/pz in Skim_TriLep_DYGTo2LG_MLL4to50_PTG100to200.root
2025-11-19 16:12:02,128 - INFO - [2023] MISSING_CENTRAL: ZFake1E2Mu/Central/muons/2/pz in Skim_TriLep_DYGTo2LG_MLL4to50_PTG200toInf.root
2025-11-19 16:12:02,215 - INFO - [2023] MISSING_CENTRAL: ZFake1E2Mu/Central/muons/2/pz in Skim_TriLep_TTG_PTG10to100.root
2025-11-19 16:12:02,216 - INFO - [2023] MISSING_CENTRAL: ZFake1E2Mu/Central/muons/2/pz in Skim_TriLep_TTG_PTG100to200.root
2025-11-19 16:12:02,216 - INFO - [2023] MISSING_CENTRAL: ZFake1E2Mu/Central/muons/2/pz in Skim_TriLep_TTG_PTG200toInf.root
2025-11-19 16:12:02,482 - INFO - [2023BPix] MISSING_CENTRAL: ZFake1E2Mu/Central/muons/2/pz in Skim_TriLep_DYJets.root
2025-11-19 16:12:02,483 - INFO - [2023BPix] MISSING_CENTRAL: ZFake1E2Mu/Central/muons/2/pz in Skim_TriLep_DYJets10to50.root
2025-11-19 16:12:02,483 - INFO - [2023BPix] MISSING_CENTRAL: ZFake1E2Mu/Central/muons/2/pz in Skim_TriLep_DYGTo2LG_MLL4to50_PTG10to100.root
2025-11-19 16:12:02,484 - INFO - [2023BPix] MISSING_CENTRAL: ZFake1E2Mu/Central/muons/2/pz in Skim_TriLep_DYGTo2LG_MLL4to50_PTG100to200.root
2025-11-19 16:12:02,484 - INFO - [2023BPix] MISSING_CENTRAL: ZFake1E2Mu/Central/muons/2/pz in Skim_TriLep_DYGTo2LG_MLL4to50_PTG200toInf.root
2025-11-19 16:12:02,603 - INFO - [2023BPix] MISSING_CENTRAL: ZFake1E2Mu/Central/muons/2/pz in Skim_TriLep_TTG_PTG200toInf.root
2025-11-19 16:30:38,460 - INFO - [2022] MISSING_CENTRAL: ZFake1E2Mu/Central/muons/2/pz in Skim_TriLep_DYJets.root
2025-11-19 16:30:38,461 - INFO - [2022] MISSING_CENTRAL: ZFake1E2Mu/Central/muons/2/pz in Skim_TriLep_DYJets10to50.root
2025-11-19 16:30:38,461 - INFO - [2022] MISSING_CENTRAL: ZFake1E2Mu/Central/muons/2/pz in Skim_TriLep_DYGTo2LG_MLL4to50_PTG10to100.root
2025-11-19 16:30:38,462 - INFO - [2022] MISSING_CENTRAL: ZFake1E2Mu/Central/muons/2/pz in Skim_TriLep_DYGTo2LG_MLL4to50_PTG100to200.root
2025-11-19 16:30:38,463 - INFO - [2022] MISSING_CENTRAL: ZFake1E2Mu/Central/muons/2/pz in Skim_TriLep_DYGTo2LG_MLL4to50_PTG200toInf.root
2025-11-19 16:30:38,513 - INFO - [2022] MISSING_CENTRAL: ZFake1E2Mu/Central/muons/2/pz in Skim_TriLep_TTG_PTG10to100.root
2025-11-19 16:30:38,513 - INFO - [2022] MISSING_CENTRAL: ZFake1E2Mu/Central/muons/2/pz in Skim_TriLep_TTG_PTG100to200.root
2025-11-19 16:30:38,771 - INFO - [2022EE] MISSING_CENTRAL: ZFake1E2Mu/Central/muons/2/pz in Skim_TriLep_DYJets.root
2025-11-19 16:30:38,771 - INFO - [2022EE] MISSING_CENTRAL: ZFake1E2Mu/Central/muons/2/pz in Skim_TriLep_DYJets10to50.root
2025-11-19 16:30:38,772 - INFO - [2022EE] MISSING_CENTRAL: ZFake1E2Mu/Central/muons/2/pz in Skim_TriLep_DYGTo2LG_MLL4to50_PTG10to100.root
2025-11-19 16:30:38,772 - INFO - [2022EE] MISSING_CENTRAL: ZFake1E2Mu/Central/muons/2/pz in Skim_TriLep_DYGTo2LG_MLL4to50_PTG100to200.root
2025-11-19 16:30:38,773 - INFO - [2022EE] MISSING_CENTRAL: ZFake1E2Mu/Central/muons/2/pz in Skim_TriLep_DYGTo2LG_MLL4to50_PTG200toInf.root
2025-11-19 16:30:39,131 - INFO - [2023] MISSING_CENTRAL: ZFake1E2Mu/Central/muons/2/pz in Skim_TriLep_DYJets10to50.root
2025-11-19 16:30:39,131 - INFO - [2023] MISSING_CENTRAL: ZFake1E2Mu/Central/muons/2/pz in Skim_TriLep_DYGTo2LG_MLL4to50_PTG10to100.root
2025-11-19 16:30:39,132 - INFO - [2023] MISSING_CENTRAL: ZFake1E2Mu/Central/muons/2/pz in Skim_TriLep_DYGTo2LG_MLL4to50_PTG100to200.root
2025-11-19 16:30:39,133 - INFO - [2023] MISSING_CENTRAL: ZFake1E2Mu/Central/muons/2/pz in Skim_TriLep_DYGTo2LG_MLL4to50_PTG200toInf.root
2025-11-19 16:30:39,217 - INFO - [2023] MISSING_CENTRAL: ZFake1E2Mu/Central/muons/2/pz in Skim_TriLep_TTG_PTG10to100.root
2025-11-19 16:30:39,218 - INFO - [2023] MISSING_CENTRAL: ZFake1E2Mu/Central/muons/2/pz in Skim_TriLep_TTG_PTG100to200.root
2025-11-19 16:30:39,218 - INFO - [2023] MISSING_CENTRAL: ZFake1E2Mu/Central/muons/2/pz in Skim_TriLep_TTG_PTG200toInf.root
2025-11-19 16:30:39,472 - INFO - [2023BPix] MISSING_CENTRAL: ZFake1E2Mu/Central/muons/2/pz in Skim_TriLep_DYJets.root
2025-11-19 16:30:39,472 - INFO - [2023BPix] MISSING_CENTRAL: ZFake1E2Mu/Central/muons/2/pz in Skim_TriLep_DYJets10to50.root
2025-11-19 16:30:39,473 - INFO - [2023BPix] MISSING_CENTRAL: ZFake1E2Mu/Central/muons/2/pz in Skim_TriLep_DYGTo2LG_MLL4to50_PTG10to100.root
2025-11-19 16:30:39,473 - INFO - [2023BPix] MISSING_CENTRAL: ZFake1E2Mu/Central/muons/2/pz in Skim_TriLep_DYGTo2LG_MLL4to50_PTG100to200.root
2025-11-19 16:30:39,474 - INFO - [2023BPix] MISSING_CENTRAL: ZFake1E2Mu/Central/muons/2/pz in Skim_TriLep_DYGTo2LG_MLL4to50_PTG200toInf.root
2025-11-19 16:30:39,588 - INFO - [2023BPix] MISSING_CENTRAL: ZFake1E2Mu/Central/muons/2/pz in Skim_TriLep_TTG_PTG200toInf.root
2025-12-17 22:45:45,298 - INFO - [2022] MISSING_CENTRAL: ZFake1E2Mu/Central/muons/2/pz in Skim_TriLep_DYJets10to50.root
2025-12-17 22:45:45,300 - INFO - [2022] MISSING_CENTRAL: ZFake1E2Mu/Central/muons/2/pz in Skim_TriLep_TTG_PTG10to100.root
2025-12-17 22:45:45,301 - INFO - [2022] MISSING_CENTRAL: ZFake1E2Mu/Central/muons/2/pz in Skim_TriLep_TTG_PTG100to200.root
2025-12-17 22:45:45,750 - INFO - [2022EE] MISSING_CENTRAL: ZFake1E2Mu/Central/muons/2/pz in Skim_TriLep_DYJets10to50.root
2025-12-17 22:45:46,265 - INFO - [2023] MISSING_CENTRAL: ZFake1E2Mu/Central/muons/2/pz in Skim_TriLep_DYJets10to50.root
2025-12-17 22:45:46,267 - INFO - [2023] MISSING_CENTRAL: ZFake1E2Mu/Central/muons/2/pz in Skim_TriLep_TTG_PTG10to100.root
2025-12-17 22:45:46,268 - INFO - [2023] MISSING_CENTRAL: ZFake1E2Mu/Central/muons/2/pz in Skim_TriLep_TTG_PTG100to200.root
2025-12-17 22:45:46,270 - INFO - [2023] MISSING_CENTRAL: ZFake1E2Mu/Central/muons/2/pz in Skim_TriLep_TTG_PTG200toInf.root
2025-12-17 22:45:46,718 - INFO - [2023BPix] MISSING_CENTRAL: ZFake1E2Mu/Central/muons/2/pz in Skim_TriLep_DYJets10to50.root
2025-12-17 22:45:46,771 - INFO - [2023BPix] MISSING_CENTRAL: ZFake1E2Mu/Central/muons/2/pz in Skim_TriLep_TTG_PTG200toInf.root
2025-12-18 14:47:24,228 - INFO - [2022] MISSING_CENTRAL: ZFake1E2Mu/Central/muons/2/pz in Skim_TriLep_DYJets10to50.root
2025-12-18 14:47:24,231 - INFO - [2022] MISSING_CENTRAL: ZFake1E2Mu/Central/muons/2/pz in Skim_TriLep_TTG_PTG10to100.root
2025-12-18 14:47:24,241 - INFO - [2022] MISSING_CENTRAL: ZFake1E2Mu/Central/muons/2/pz in Skim_TriLep_TTG_PTG100to200.root
2025-12-18 14:47:25,050 - INFO - [2022EE] MISSING_CENTRAL: ZFake1E2Mu/Central/muons/2/pz in Skim_TriLep_DYJets10to50.root
2025-12-18 14:47:25,592 - INFO - [2023] MISSING_CENTRAL: ZFake1E2Mu/Central/muons/2/pz in Skim_TriLep_DYJets10to50.root
2025-12-18 14:47:25,599 - INFO - [2023] MISSING_CENTRAL: ZFake1E2Mu/Central/muons/2/pz in Skim_TriLep_TTG_PTG10to100.root
2025-12-18 14:47:25,600 - INFO - [2023] MISSING_CENTRAL: ZFake1E2Mu/Central/muons/2/pz in Skim_TriLep_TTG_PTG100to200.root
2025-12-18 14:47:25,604 - INFO - [2023] MISSING_CENTRAL: ZFake1E2Mu/Central/muons/2/pz in Skim_TriLep_TTG_PTG200toInf.root
2025-12-18 14:47:26,212 - INFO - [2023BPix] MISSING_CENTRAL: ZFake1E2Mu/Central/muons/2/pz in Skim_TriLep_DYJets10to50.root
2025-12-18 14:47:26,283 - INFO - [2023BPix] MISSING_CENTRAL: ZFake1E2Mu/Central/muons/2/pz in Skim_TriLep_TTG_PTG200toInf.root
2026-01-07 11:56:01,797 - INFO - [2022] MISSING_CENTRAL: ZFake1E2Mu/Central/muons/2/pz in Skim_TriLep_DYJets10to50.root
2026-01-07 11:56:01,798 - INFO - [2022] MISSING_CENTRAL: ZFake1E2Mu/Central/muons/2/pz in Skim_TriLep_TTG_PTG10to100.root
2026-01-07 11:56:01,799 - INFO - [2022] MISSING_CENTRAL: ZFake1E2Mu/Central/muons/2/pz in Skim_TriLep_TTG_PTG100to200.root
2026-01-07 11:56:02,250 - INFO - [2022EE] MISSING_CENTRAL: ZFake1E2Mu/Central/muons/2/pz in Skim_TriLep_DYJets10to50.root
2026-01-07 11:56:02,759 - INFO - [2023] MISSING_CENTRAL: ZFake1E2Mu/Central/muons/2/pz in Skim_TriLep_DYJets10to50.root
2026-01-07 11:56:02,760 - INFO - [2023] MISSING_CENTRAL: ZFake1E2Mu/Central/muons/2/pz in Skim_TriLep_TTG_PTG10to100.root
2026-01-07 11:56:02,761 - INFO - [2023] MISSING_CENTRAL: ZFake1E2Mu/Central/muons/2/pz in Skim_TriLep_TTG_PTG100to200.root
2026-01-07 11:56:02,762 - INFO - [2023] MISSING_CENTRAL: ZFake1E2Mu/Central/muons/2/pz in Skim_TriLep_TTG_PTG200toInf.root
2026-01-07 11:56:03,215 - INFO - [2023BPix] MISSING_CENTRAL: ZFake1E2Mu/Central/muons/2/pz in Skim_TriLep_DYJets10to50.root
2026-01-07 11:56:03,269 - INFO - [2023BPix] MISSING_CENTRAL: ZFake1E2Mu/Central/muons/2/pz in Skim_TriLep_TTG_PTG200toInf.root
2026-01-07 18:52:30,235 - INFO - [2022] MISSING_CENTRAL: ZFake1E2Mu/Central/muons/2/pz in Skim_TriLep_DYJets10to50.root
2026-01-07 18:52:30,236 - INFO - [2022] MISSING_CENTRAL: ZFake1E2Mu/Central/muons/2/pz in Skim_TriLep_TTG_PTG10to100.root
2026-01-07 18:52:30,237 - INFO - [2022] MISSING_CENTRAL: ZFake1E2Mu/Central/muons/2/pz in Skim_TriLep_TTG_PTG100to200.root
2026-01-07 18:52:30,678 - INFO - [2022EE] MISSING_CENTRAL: ZFake1E2Mu/Central/muons/2/pz in Skim_TriLep_DYJets10to50.root
2026-01-07 18:52:31,190 - INFO - [2023] MISSING_CENTRAL: ZFake1E2Mu/Central/muons/2/pz in Skim_TriLep_DYJets10to50.root
2026-01-07 18:52:31,192 - INFO - [2023] MISSING_CENTRAL: ZFake1E2Mu/Central/muons/2/pz in Skim_TriLep_TTG_PTG10to100.root
2026-01-07 18:52:31,193 - INFO - [2023] MISSING_CENTRAL: ZFake1E2Mu/Central/muons/2/pz in Skim_TriLep_TTG_PTG100to200.root
2026-01-07 18:52:31,194 - INFO - [2023] MISSING_CENTRAL: ZFake1E2Mu/Central/muons/2/pz in Skim_TriLep_TTG_PTG200toInf.root
2026-01-07 18:52:31,627 - INFO - [2023BPix] MISSING_CENTRAL: ZFake1E2Mu/Central/muons/2/pz in Skim_TriLep_DYJets10to50.root
2026-01-07 18:52:31,682 - INFO - [2023BPix] MISSING_CENTRAL: ZFake1E2Mu/Central/muons/2/pz in Skim_TriLep_TTG_PTG200toInf.root
2026-01-09 12:27:38,790 - INFO - [2022] MISSING_CENTRAL: ZFake1E2Mu/Central/muons/2/pz in Skim_TriLep_DYJets10to50.root
2026-01-09 12:27:38,791 - INFO - [2022] MISSING_CENTRAL: ZFake1E2Mu/Central/muons/2/pz in Skim_TriLep_TTG_PTG10to100.root
2026-01-09 12:27:38,791 - INFO - [2022] MISSING_CENTRAL: ZFake1E2Mu/Central/muons/2/pz in Skim_TriLep_TTG_PTG100to200.root
2026-01-09 12:27:39,067 - INFO - [2022EE] MISSING_CENTRAL: ZFake1E2Mu/Central/muons/2/pz in Skim_TriLep_DYJets10to50.root
2026-01-09 12:27:39,399 - INFO - [2023] MISSING_CENTRAL: ZFake1E2Mu/Central/muons/2/pz in Skim_TriLep_DYJets10to50.root
2026-01-09 12:27:39,399 - INFO - [2023] MISSING_CENTRAL: ZFake1E2Mu/Central/muons/2/pz in Skim_TriLep_TTG_PTG10to100.root
2026-01-09 12:27:39,400 - INFO - [2023] MISSING_CENTRAL: ZFake1E2Mu/Central/muons/2/pz in Skim_TriLep_TTG_PTG100to200.root
2026-01-09 12:27:39,400 - INFO - [2023] MISSING_CENTRAL: ZFake1E2Mu/Central/muons/2/pz in Skim_TriLep_TTG_PTG200toInf.root
2026-01-09 12:27:39,676 - INFO - [2023BPix] MISSING_CENTRAL: ZFake1E2Mu/Central/muons/2/pz in Skim_TriLep_DYJets10to50.root
2026-01-09 12:27:39,712 - INFO - [2023BPix] MISSING_CENTRAL: ZFake1E2Mu/Central/muons/2/pz in Skim_TriLep_TTG_PTG200toInf.root
2026-01-11 09:47:38,885 - INFO - [2022] MISSING_CENTRAL: ZFake1E2Mu/Central/muons/2/pz in Skim_TriLep_DYJets10to50.root
2026-01-11 09:47:38,886 - INFO - [2022] MISSING_CENTRAL: ZFake1E2Mu/Central/muons/2/pz in Skim_TriLep_TTG_PTG10to100.root
2026-01-11 09:47:38,886 - INFO - [2022] MISSING_CENTRAL: ZFake1E2Mu/Central/muons/2/pz in Skim_TriLep_TTG_PTG100to200.root
2026-01-11 09:47:39,159 - INFO - [2022EE] MISSING_CENTRAL: ZFake1E2Mu/Central/muons/2/pz in Skim_TriLep_DYJets10to50.root
2026-01-11 09:47:39,468 - INFO - [2023] MISSING_CENTRAL: ZFake1E2Mu/Central/muons/2/pz in Skim_TriLep_DYJets10to50.root
2026-01-11 09:47:39,469 - INFO - [2023] MISSING_CENTRAL: ZFake1E2Mu/Central/muons/2/pz in Skim_TriLep_TTG_PTG10to100.root
2026-01-11 09:47:39,470 - INFO - [2023] MISSING_CENTRAL: ZFake1E2Mu/Central/muons/2/pz in Skim_TriLep_TTG_PTG100to200.root
2026-01-11 09:47:39,470 - INFO - [2023] MISSING_CENTRAL: ZFake1E2Mu/Central/muons/2/pz in Skim_TriLep_TTG_PTG200toInf.root
2026-01-11 09:47:39,731 - INFO - [2023BPix] MISSING_CENTRAL: ZFake1E2Mu/Central/muons/2/pz in Skim_TriLep_DYJets10to50.root
2026-01-11 09:47:39,765 - INFO - [2023BPix] MISSING_CENTRAL: ZFake1E2Mu/Central/muons/2/pz in Skim_TriLep_TTG_PTG200toInf.root
2026-01-12 13:56:34,183 - INFO - [2022] MISSING_FILE: /home/choij/Sync/workspace/ChargedHiggsAnalysisV3/SKNanoOutput/MatrixSelector/Run1E2Mu/2022/Skim_TriLep_MuonEG_C.root
2026-01-12 13:56:34,184 - INFO - [2022] MISSING_FILE: /home/choij/Sync/workspace/ChargedHiggsAnalysisV3/SKNanoOutput/MatrixSelector/Run1E2Mu/2022/Skim_TriLep_MuonEG_D.root
2026-01-12 13:56:34,215 - INFO - [2022] MISSING_CENTRAL: ZFake1E2Mu/Central/muons/2/pz in Skim_TriLep_DYJets10to50.root
2026-01-12 13:56:34,216 - INFO - [2022] MISSING_CENTRAL: ZFake1E2Mu/Central/muons/2/pz in Skim_TriLep_TTG_PTG10to100.root
2026-01-12 13:56:34,216 - INFO - [2022] MISSING_CENTRAL: ZFake1E2Mu/Central/muons/2/pz in Skim_TriLep_TTG_PTG100to200.root
2026-01-12 13:56:34,474 - INFO - [2022EE] MISSING_FILE: /home/choij/Sync/workspace/ChargedHiggsAnalysisV3/SKNanoOutput/MatrixSelector/Run1E2Mu/2022EE/Skim_TriLep_MuonEG_E.root
2026-01-12 13:56:34,474 - INFO - [2022EE] MISSING_FILE: /home/choij/Sync/workspace/ChargedHiggsAnalysisV3/SKNanoOutput/MatrixSelector/Run1E2Mu/2022EE/Skim_TriLep_MuonEG_F.root
2026-01-12 13:56:34,474 - INFO - [2022EE] MISSING_FILE: /home/choij/Sync/workspace/ChargedHiggsAnalysisV3/SKNanoOutput/MatrixSelector/Run1E2Mu/2022EE/Skim_TriLep_MuonEG_G.root
2026-01-12 13:56:34,491 - INFO - [2022EE] MISSING_CENTRAL: ZFake1E2Mu/Central/muons/2/pz in Skim_TriLep_DYJets10to50.root
2026-01-12 13:56:34,779 - INFO - [2023] MISSING_FILE: /home/choij/Sync/workspace/ChargedHiggsAnalysisV3/SKNanoOutput/MatrixSelector/Run1E2Mu/2023/Skim_TriLep_MuonEG_C_v1.root
2026-01-12 13:56:34,779 - INFO - [2023] MISSING_FILE: /home/choij/Sync/workspace/ChargedHiggsAnalysisV3/SKNanoOutput/MatrixSelector/Run1E2Mu/2023/Skim_TriLep_MuonEG_C_v2.root
2026-01-12 13:56:34,780 - INFO - [2023] MISSING_FILE: /home/choij/Sync/workspace/ChargedHiggsAnalysisV3/SKNanoOutput/MatrixSelector/Run1E2Mu/2023/Skim_TriLep_MuonEG_C_v3.root
2026-01-12 13:56:34,780 - INFO - [2023] MISSING_FILE: /home/choij/Sync/workspace/ChargedHiggsAnalysisV3/SKNanoOutput/MatrixSelector/Run1E2Mu/2023/Skim_TriLep_MuonEG_C_v4.root
2026-01-12 13:56:34,796 - INFO - [2023] MISSING_CENTRAL: ZFake1E2Mu/Central/muons/2/pz in Skim_TriLep_DYJets10to50.root
2026-01-12 13:56:34,797 - INFO - [2023] MISSING_CENTRAL: ZFake1E2Mu/Central/muons/2/pz in Skim_TriLep_TTG_PTG10to100.root
2026-01-12 13:56:34,797 - INFO - [2023] MISSING_CENTRAL: ZFake1E2Mu/Central/muons/2/pz in Skim_TriLep_TTG_PTG100to200.root
2026-01-12 13:56:34,798 - INFO - [2023] MISSING_CENTRAL: ZFake1E2Mu/Central/muons/2/pz in Skim_TriLep_TTG_PTG200toInf.root
2026-01-12 13:56:35,038 - INFO - [2023BPix] MISSING_FILE: /home/choij/Sync/workspace/ChargedHiggsAnalysisV3/SKNanoOutput/MatrixSelector/Run1E2Mu/2023BPix/Skim_TriLep_MuonEG_D_v1.root
2026-01-12 13:56:35,038 - INFO - [2023BPix] MISSING_FILE: /home/choij/Sync/workspace/ChargedHiggsAnalysisV3/SKNanoOutput/MatrixSelector/Run1E2Mu/2023BPix/Skim_TriLep_MuonEG_D_v2.root
2026-01-12 13:56:35,057 - INFO - [2023BPix] MISSING_CENTRAL: ZFake1E2Mu/Central/muons/2/pz in Skim_TriLep_DYJets10to50.root
2026-01-12 13:56:35,091 - INFO - [2023BPix] MISSING_CENTRAL: ZFake1E2Mu/Central/muons/2/pz in Skim_TriLep_TTG_PTG200toInf.root
2026-01-16 19:11:12,089 - INFO - [2022] MISSING_CENTRAL: ZFake1E2Mu/Central/muons/2/pz in Skim_TriLep_DYJets10to50.root
2026-01-16 19:11:12,089 - INFO - [2022] MISSING_CENTRAL: ZFake1E2Mu/Central/muons/2/pz in Skim_TriLep_TTG_PTG10to100.root
2026-01-16 19:11:12,090 - INFO - [2022] MISSING_CENTRAL: ZFake1E2Mu/Central/muons/2/pz in Skim_TriLep_TTG_PTG100to200.root
2026-01-16 19:11:12,362 - INFO - [2022EE] MISSING_CENTRAL: ZFake1E2Mu/Central/muons/2/pz in Skim_TriLep_DYJets10to50.root
2026-01-16 19:11:12,672 - INFO - [2023] MISSING_CENTRAL: ZFake1E2Mu/Central/muons/2/pz in Skim_TriLep_DYJets10to50.root
2026-01-16 19:11:12,673 - INFO - [2023] MISSING_CENTRAL: ZFake1E2Mu/Central/muons/2/pz in Skim_TriLep_TTG_PTG10to100.root
2026-01-16 19:11:12,674 - INFO - [2023] MISSING_CENTRAL: ZFake1E2Mu/Central/muons/2/pz in Skim_TriLep_TTG_PTG100to200.root
2026-01-16 19:11:12,674 - INFO - [2023] MISSING_CENTRAL: ZFake1E2Mu/Central/muons/2/pz in Skim_TriLep_TTG_PTG200toInf.root
2026-01-16 19:11:12,951 - INFO - [2023BPix] MISSING_CENTRAL: ZFake1E2Mu/Central/muons/2/pz in Skim_TriLep_DYJets10to50.root
2026-01-16 19:11:12,984 - INFO - [2023BPix] MISSING_CENTRAL: ZFake1E2Mu/Central/muons/2/pz in Skim_TriLep_TTG_PTG200toInf.root
2026-01-28 17:08:07,722 - INFO - [2022] MISSING_CENTRAL: ZFake1E2Mu/Central/muons/2/pz in Skim_TriLep_DYJets10to50.root
2026-01-28 17:08:07,723 - INFO - [2022] MISSING_CENTRAL: ZFake1E2Mu/Central/muons/2/pz in Skim_TriLep_TTG_PTG10to100.root
2026-01-28 17:08:07,724 - INFO - [2022] MISSING_CENTRAL: ZFake1E2Mu/Central/muons/2/pz in Skim_TriLep_TTG_PTG100to200.root
2026-01-28 17:08:08,186 - INFO - [2022EE] MISSING_CENTRAL: ZFake1E2Mu/Central/muons/2/pz in Skim_TriLep_DYJets10to50.root
2026-01-28 17:08:08,849 - INFO - [2023] MISSING_CENTRAL: ZFake1E2Mu/Central/muons/2/pz in Skim_TriLep_DYJets10to50.root
2026-01-28 17:08:08,874 - INFO - [2023] MISSING_CENTRAL: ZFake1E2Mu/Central/muons/2/pz in Skim_TriLep_TTG_PTG100to200.root
2026-01-28 17:08:08,875 - INFO - [2023] MISSING_CENTRAL: ZFake1E2Mu/Central/muons/2/pz in Skim_TriLep_TTG_PTG200toInf.root
2026-01-28 17:08:09,279 - INFO - [2023BPix] MISSING_CENTRAL: ZFake1E2Mu/Central/muons/2/pz in Skim_TriLep_DYJets10to50.root
2026-01-28 17:08:09,329 - INFO - [2023BPix] MISSING_CENTRAL: ZFake1E2Mu/Central/muons/2/pz in Skim_TriLep_TTG_PTG200toInf.root
2026-01-28 17:28:40,421 - INFO - [2022] MISSING_CENTRAL: ZFake1E2Mu/Central/muons/2/pz in Skim_TriLep_DYJets10to50.root
2026-01-28 17:28:40,422 - INFO - [2022] MISSING_CENTRAL: ZFake1E2Mu/Central/muons/2/pz in Skim_TriLep_TTG_PTG10to100.root
2026-01-28 17:28:40,422 - INFO - [2022] MISSING_CENTRAL: ZFake1E2Mu/Central/muons/2/pz in Skim_TriLep_TTG_PTG100to200.root
2026-01-28 17:28:40,833 - INFO - [2022EE] MISSING_CENTRAL: ZFake1E2Mu/Central/muons/2/pz in Skim_TriLep_DYJets10to50.root
2026-01-28 17:28:41,334 - INFO - [2023] MISSING_CENTRAL: ZFake1E2Mu/Central/muons/2/pz in Skim_TriLep_DYJets10to50.root
2026-01-28 17:28:41,361 - INFO - [2023] MISSING_CENTRAL: ZFake1E2Mu/Central/muons/2/pz in Skim_TriLep_TTG_PTG100to200.root
2026-01-28 17:28:41,361 - INFO - [2023] MISSING_CENTRAL: ZFake1E2Mu/Central/muons/2/pz in Skim_TriLep_TTG_PTG200toInf.root
2026-01-28 17:28:41,791 - INFO - [2023BPix] MISSING_CENTRAL: ZFake1E2Mu/Central/muons/2/pz in Skim_TriLep_DYJets10to50.root
2026-01-28 17:28:41,842 - INFO - [2023BPix] MISSING_CENTRAL: ZFake1E2Mu/Central/muons/2/pz in Skim_TriLep_TTG_PTG200toInf.root
2026-01-28 20:02:24,414 - INFO - [2022] MISSING_CENTRAL: ZFake1E2Mu/Central/muons/2/pz in Skim_TriLep_DYJets10to50.root
2026-01-28 20:02:24,415 - INFO - [2022] MISSING_CENTRAL: ZFake1E2Mu/Central/muons/2/pz in Skim_TriLep_TTG_PTG10to100.root
2026-01-28 20:02:24,415 - INFO - [2022] MISSING_CENTRAL: ZFake1E2Mu/Central/muons/2/pz in Skim_TriLep_TTG_PTG100to200.root
2026-01-28 20:02:24,867 - INFO - [2022EE] MISSING_CENTRAL: ZFake1E2Mu/Central/muons/2/pz in Skim_TriLep_DYJets10to50.root
2026-01-28 20:02:25,444 - INFO - [2023] MISSING_CENTRAL: ZFake1E2Mu/Central/muons/2/pz in Skim_TriLep_DYJets10to50.root
2026-01-28 20:02:25,471 - INFO - [2023] MISSING_CENTRAL: ZFake1E2Mu/Central/muons/2/pz in Skim_TriLep_TTG_PTG100to200.root
2026-01-28 20:02:25,472 - INFO - [2023] MISSING_CENTRAL: ZFake1E2Mu/Central/muons/2/pz in Skim_TriLep_TTG_PTG200toInf.root
2026-01-28 20:02:25,915 - INFO - [2023BPix] MISSING_CENTRAL: ZFake1E2Mu/Central/muons/2/pz in Skim_TriLep_DYJets10to50.root
2026-01-28 20:02:25,966 - INFO - [2023BPix] MISSING_CENTRAL: ZFake1E2Mu/Central/muons/2/pz in Skim_TriLep_TTG_PTG200toInf.root
2026-01-29 07:19:02,108 - INFO - [2022] MISSING_CENTRAL: ZFake1E2Mu/Central/muons/2/pz in Skim_TriLep_DYJets10to50.root
2026-01-29 07:19:02,111 - INFO - [2022] MISSING_CENTRAL: ZFake1E2Mu/Central/muons/2/pz in Skim_TriLep_TTG_PTG10to100.root
2026-01-29 07:19:02,111 - INFO - [2022] MISSING_CENTRAL: ZFake1E2Mu/Central/muons/2/pz in Skim_TriLep_TTG_PTG100to200.root
2026-01-29 07:19:02,384 - INFO - [2022EE] MISSING_CENTRAL: ZFake1E2Mu/Central/muons/2/pz in Skim_TriLep_DYJets10to50.root
2026-01-29 07:19:02,692 - INFO - [2023] MISSING_CENTRAL: ZFake1E2Mu/Central/muons/2/pz in Skim_TriLep_DYJets10to50.root
2026-01-29 07:19:02,707 - INFO - [2023] MISSING_CENTRAL: ZFake1E2Mu/Central/muons/2/pz in Skim_TriLep_TTG_PTG100to200.root
2026-01-29 07:19:02,708 - INFO - [2023] MISSING_CENTRAL: ZFake1E2Mu/Central/muons/2/pz in Skim_TriLep_TTG_PTG200toInf.root
2026-01-29 07:19:02,967 - INFO - [2023BPix] MISSING_CENTRAL: ZFake1E2Mu/Central/muons/2/pz in Skim_TriLep_DYJets10to50.root
2026-01-29 07:19:02,999 - INFO - [2023BPix] MISSING_CENTRAL: ZFake1E2Mu/Central/muons/2/pz in Skim_TriLep_TTG_PTG200toInf.root
2026-03-06 09:44:35,870 - INFO - [2022] MISSING_CENTRAL: ZFake1E2Mu/Central/muons/2/pz in Skim_TriLep_DYJets10to50.root
2026-03-06 09:44:35,871 - INFO - [2022] MISSING_CENTRAL: ZFake1E2Mu/Central/muons/2/pz in Skim_TriLep_TTG_PTG10to100.root
2026-03-06 09:44:35,871 - INFO - [2022] MISSING_CENTRAL: ZFake1E2Mu/Central/muons/2/pz in Skim_TriLep_TTG_PTG100to200.root
2026-03-06 09:44:36,152 - INFO - [2022EE] MISSING_CENTRAL: ZFake1E2Mu/Central/muons/2/pz in Skim_TriLep_DYJets10to50.root
2026-03-06 09:44:36,470 - INFO - [2023] MISSING_CENTRAL: ZFake1E2Mu/Central/muons/2/pz in Skim_TriLep_DYJets10to50.root
2026-03-06 09:44:36,485 - INFO - [2023] MISSING_CENTRAL: ZFake1E2Mu/Central/muons/2/pz in Skim_TriLep_TTG_PTG100to200.root
2026-03-06 09:44:36,486 - INFO - [2023] MISSING_CENTRAL: ZFake1E2Mu/Central/muons/2/pz in Skim_TriLep_TTG_PTG200toInf.root
2026-03-06 09:44:36,751 - INFO - [2023BPix] MISSING_CENTRAL: ZFake1E2Mu/Central/muons/2/pz in Skim_TriLep_DYJets10to50.root
2026-03-06 09:44:36,786 - INFO - [2023BPix] MISSING_CENTRAL: ZFake1E2Mu/Central/muons/2/pz in Skim_TriLep_TTG_PTG200toInf.root
2026-03-06 19:50:21,896 - INFO - [2022] MISSING_CENTRAL: ZFake1E2Mu/Central/muons/2/pz in Skim_TriLep_DYJets10to50.root
2026-03-06 19:50:21,896 - INFO - [2022] MISSING_CENTRAL: ZFake1E2Mu/Central/muons/2/pz in Skim_TriLep_TTG_PTG10to100.root
2026-03-06 19:50:21,897 - INFO - [2022] MISSING_CENTRAL: ZFake1E2Mu/Central/muons/2/pz in Skim_TriLep_TTG_PTG100to200.root
2026-03-06 19:50:22,173 - INFO - [2022EE] MISSING_CENTRAL: ZFake1E2Mu/Central/muons/2/pz in Skim_TriLep_DYJets10to50.root
2026-03-06 19:50:22,484 - INFO - [2023] MISSING_CENTRAL: ZFake1E2Mu/Central/muons/2/pz in Skim_TriLep_DYJets10to50.root
2026-03-06 19:50:22,501 - INFO - [2023] MISSING_CENTRAL: ZFake1E2Mu/Central/muons/2/pz in Skim_TriLep_TTG_PTG100to200.root
2026-03-06 19:50:22,502 - INFO - [2023] MISSING_CENTRAL: ZFake1E2Mu/Central/muons/2/pz in Skim_TriLep_TTG_PTG200toInf.root
2026-03-06 19:50:22,771 - INFO - [2023BPix] MISSING_CENTRAL: ZFake1E2Mu/Central/muons/2/pz in Skim_TriLep_DYJets10to50.root
2026-03-06 19:50:22,805 - INFO - [2023BPix] MISSING_CENTRAL: ZFake1E2Mu/Central/muons/2/pz in Skim_TriLep_TTG_PTG200toInf.root
2026-04-10 20:25:16,630 - INFO - [2022] MISSING_CENTRAL: ZFake1E2Mu/Central/muons/2/pz in Skim_TriLep_DYJets10to50.root
2026-04-10 20:25:16,630 - INFO - [2022] MISSING_CENTRAL: ZFake1E2Mu/Central/muons/2/pz in Skim_TriLep_TTG_PTG10to100.root
2026-04-10 20:25:16,631 - INFO - [2022] MISSING_CENTRAL: ZFake1E2Mu/Central/muons/2/pz in Skim_TriLep_TTG_PTG100to200.root
2026-04-10 20:25:16,921 - INFO - [2022EE] MISSING_CENTRAL: ZFake1E2Mu/Central/muons/2/pz in Skim_TriLep_DYJets10to50.root
2026-04-10 20:25:17,250 - INFO - [2023] MISSING_CENTRAL: ZFake1E2Mu/Central/muons/2/pz in Skim_TriLep_DYJets10to50.root
2026-04-10 20:25:17,268 - INFO - [2023] MISSING_CENTRAL: ZFake1E2Mu/Central/muons/2/pz in Skim_TriLep_TTG_PTG100to200.root
2026-04-10 20:25:17,268 - INFO - [2023] MISSING_CENTRAL: ZFake1E2Mu/Central/muons/2/pz in Skim_TriLep_TTG_PTG200toInf.root
2026-04-10 20:25:17,558 - INFO - [2023BPix] MISSING_CENTRAL: ZFake1E2Mu/Central/muons/2/pz in Skim_TriLep_DYJets10to50.root
2026-04-10 20:25:17,596 - INFO - [2023BPix] MISSING_CENTRAL: ZFake1E2Mu/Central/muons/2/pz in Skim_TriLep_TTG_PTG200toInf.root
2026-04-12 11:40:39,439 - INFO - [2022] MISSING_CENTRAL: ZFake1E2Mu/Central/muons/2/pz in Skim_TriLep_DYJets10to50.root
2026-04-12 11:40:39,439 - INFO - [2022] MISSING_CENTRAL: ZFake1E2Mu/Central/muons/2/pz in Skim_TriLep_TTG_PTG10to100.root
2026-04-12 11:40:39,440 - INFO - [2022] MISSING_CENTRAL: ZFake1E2Mu/Central/muons/2/pz in Skim_TriLep_TTG_PTG100to200.root
2026-04-12 11:40:39,766 - INFO - [2022EE] MISSING_CENTRAL: ZFake1E2Mu/Central/muons/2/pz in Skim_TriLep_DYJets10to50.root
2026-04-12 11:40:40,155 - INFO - [2023] MISSING_CENTRAL: ZFake1E2Mu/Central/muons/2/pz in Skim_TriLep_DYJets10to50.root
2026-04-12 11:40:40,173 - INFO - [2023] MISSING_CENTRAL: ZFake1E2Mu/Central/muons/2/pz in Skim_TriLep_TTG_PTG100to200.root
2026-04-12 11:40:40,174 - INFO - [2023] MISSING_CENTRAL: ZFake1E2Mu/Central/muons/2/pz in Skim_TriLep_TTG_PTG200toInf.root
2026-04-12 11:40:40,483 - INFO - [2023BPix] MISSING_CENTRAL: ZFake1E2Mu/Central/muons/2/pz in Skim_TriLep_DYJets10to50.root
2026-04-12 11:40:40,545 - INFO - [2023BPix] MISSING_CENTRAL: ZFake1E2Mu/Central/muons/2/pz in Skim_TriLep_TTG_PTG200toInf.root
2026-04-12 12:22:21,394 - INFO - [2022] MISSING_CENTRAL: ZFake1E2Mu/Central/muons/2/pz in Skim_TriLep_DYJets10to50.root
2026-04-12 12:22:21,394 - INFO - [2022] MISSING_CENTRAL: ZFake1E2Mu/Central/muons/2/pz in Skim_TriLep_TTG_PTG10to100.root
2026-04-12 12:22:21,395 - INFO - [2022] MISSING_CENTRAL: ZFake1E2Mu/Central/muons/2/pz in Skim_TriLep_TTG_PTG100to200.root
2026-04-12 12:22:21,686 - INFO - [2022EE] MISSING_CENTRAL: ZFake1E2Mu/Central/muons/2/pz in Skim_TriLep_DYJets10to50.root
2026-04-12 12:22:22,012 - INFO - [2023] MISSING_CENTRAL: ZFake1E2Mu/Central/muons/2/pz in Skim_TriLep_DYJets10to50.root
2026-04-12 12:22:22,029 - INFO - [2023] MISSING_CENTRAL: ZFake1E2Mu/Central/muons/2/pz in Skim_TriLep_TTG_PTG100to200.root
2026-04-12 12:22:22,030 - INFO - [2023] MISSING_CENTRAL: ZFake1E2Mu/Central/muons/2/pz in Skim_TriLep_TTG_PTG200toInf.root
2026-04-12 12:22:22,302 - INFO - [2023BPix] MISSING_CENTRAL: ZFake1E2Mu/Central/muons/2/pz in Skim_TriLep_DYJets10to50.root
2026-04-12 12:22:22,335 - INFO - [2023BPix] MISSING_CENTRAL: ZFake1E2Mu/Central/muons/2/pz in Skim_TriLep_TTG_PTG200toInf.root
2026-04-12 12:42:00,887 - INFO - [2022] MISSING_CENTRAL: ZFake1E2Mu/Central/muons/2/pz in Skim_TriLep_DYJets10to50.root
2026-04-12 12:42:00,888 - INFO - [2022] MISSING_CENTRAL: ZFake1E2Mu/Central/muons/2/pz in Skim_TriLep_TTG_PTG10to100.root
2026-04-12 12:42:00,888 - INFO - [2022] MISSING_CENTRAL: ZFake1E2Mu/Central/muons/2/pz in Skim_TriLep_TTG_PTG100to200.root
2026-04-12 12:42:01,215 - INFO - [2022EE] MISSING_CENTRAL: ZFake1E2Mu/Central/muons/2/pz in Skim_TriLep_DYJets10to50.root
2026-04-12 12:42:01,557 - INFO - [2023] MISSING_CENTRAL: ZFake1E2Mu/Central/muons/2/pz in Skim_TriLep_DYJets10to50.root
2026-04-12 12:42:01,574 - INFO - [2023] MISSING_CENTRAL: ZFake1E2Mu/Central/muons/2/pz in Skim_TriLep_TTG_PTG100to200.root
2026-04-12 12:42:01,575 - INFO - [2023] MISSING_CENTRAL: ZFake1E2Mu/Central/muons/2/pz in Skim_TriLep_TTG_PTG200toInf.root
2026-04-12 12:42:01,868 - INFO - [2023BPix] MISSING_CENTRAL: ZFake1E2Mu/Central/muons/2/pz in Skim_TriLep_DYJets10to50.root
2026-04-12 12:42:01,904 - INFO - [2023BPix] MISSING_CENTRAL: ZFake1E2Mu/Central/muons/2/pz in Skim_TriLep_TTG_PTG200toInf.root
2026-04-12 20:50:10,550 - INFO - [2022] MISSING_CENTRAL: ZFake1E2Mu/Central/muons/2/pz in Skim_TriLep_DYJets10to50.root
2026-04-12 20:50:10,551 - INFO - [2022] MISSING_CENTRAL: ZFake1E2Mu/Central/muons/2/pz in Skim_TriLep_TTG_PTG10to100.root
2026-04-12 20:50:10,551 - INFO - [2022] MISSING_CENTRAL: ZFake1E2Mu/Central/muons/2/pz in Skim_TriLep_TTG_PTG100to200.root
2026-04-12 20:50:10,924 - INFO - [2022EE] MISSING_CENTRAL: ZFake1E2Mu/Central/muons/2/pz in Skim_TriLep_DYJets10to50.root
2026-04-12 20:50:11,253 - INFO - [2023] MISSING_CENTRAL: ZFake1E2Mu/Central/muons/2/pz in Skim_TriLep_DYJets10to50.root
2026-04-12 20:50:11,270 - INFO - [2023] MISSING_CENTRAL: ZFake1E2Mu/Central/muons/2/pz in Skim_TriLep_TTG_PTG100to200.root
2026-04-12 20:50:11,271 - INFO - [2023] MISSING_CENTRAL: ZFake1E2Mu/Central/muons/2/pz in Skim_TriLep_TTG_PTG200toInf.root
2026-04-12 20:50:11,547 - INFO - [2023BPix] MISSING_CENTRAL: ZFake1E2Mu/Central/muons/2/pz in Skim_TriLep_DYJets10to50.root
2026-04-12 20:50:11,578 - INFO - [2023BPix] MISSING_CENTRAL: ZFake1E2Mu/Central/muons/2/pz in Skim_TriLep_TTG_PTG200toInf.root
2026-04-12 21:21:44,236 - INFO - [2022] MISSING_CENTRAL: ZFake1E2Mu/Central/muons/2/pz in Skim_TriLep_DYJets10to50.root
2026-04-12 21:21:44,237 - INFO - [2022] MISSING_CENTRAL: ZFake1E2Mu/Central/muons/2/pz in Skim_TriLep_TTG_PTG10to100.root
2026-04-12 21:21:44,237 - INFO - [2022] MISSING_CENTRAL: ZFake1E2Mu/Central/muons/2/pz in Skim_TriLep_TTG_PTG100to200.root
2026-04-12 21:21:44,522 - INFO - [2022EE] MISSING_CENTRAL: ZFake1E2Mu/Central/muons/2/pz in Skim_TriLep_DYJets10to50.root
2026-04-12 21:21:44,848 - INFO - [2023] MISSING_CENTRAL: ZFake1E2Mu/Central/muons/2/pz in Skim_TriLep_DYJets10to50.root
2026-04-12 21:21:44,866 - INFO - [2023] MISSING_CENTRAL: ZFake1E2Mu/Central/muons/2/pz in Skim_TriLep_TTG_PTG100to200.root
2026-04-12 21:21:44,867 - INFO - [2023] MISSING_CENTRAL: ZFake1E2Mu/Central/muons/2/pz in Skim_TriLep_TTG_PTG200toInf.root
2026-04-12 21:21:45,154 - INFO - [2023BPix] MISSING_CENTRAL: ZFake1E2Mu/Central/muons/2/pz in Skim_TriLep_DYJets10to50.root
2026-04-12 21:21:45,187 - INFO - [2023BPix] MISSING_CENTRAL: ZFake1E2Mu/Central/muons/2/pz in Skim_TriLep_TTG_PTG200toInf.root
2026-04-13 12:59:32,778 - INFO - [2022] MISSING_CENTRAL: ZFake1E2Mu/Central/muons/2/pz in Skim_TriLep_DYJets10to50.root
2026-04-13 12:59:32,778 - INFO - [2022] MISSING_CENTRAL: ZFake1E2Mu/Central/muons/2/pz in Skim_TriLep_TTG_PTG10to100.root
2026-04-13 12:59:32,779 - INFO - [2022] MISSING_CENTRAL: ZFake1E2Mu/Central/muons/2/pz in Skim_TriLep_TTG_PTG100to200.root
2026-04-13 12:59:33,142 - INFO - [2022EE] MISSING_CENTRAL: ZFake1E2Mu/Central/muons/2/pz in Skim_TriLep_DYJets10to50.root
2026-04-13 12:59:33,669 - INFO - [2023] MISSING_CENTRAL: ZFake1E2Mu/Central/muons/2/pz in Skim_TriLep_DYJets10to50.root
2026-04-13 12:59:33,689 - INFO - [2023] MISSING_CENTRAL: ZFake1E2Mu/Central/muons/2/pz in Skim_TriLep_TTG_PTG100to200.root
2026-04-13 12:59:33,690 - INFO - [2023] MISSING_CENTRAL: ZFake1E2Mu/Central/muons/2/pz in Skim_TriLep_TTG_PTG200toInf.root
2026-04-13 12:59:34,027 - INFO - [2023BPix] MISSING_CENTRAL: ZFake1E2Mu/Central/muons/2/pz in Skim_TriLep_DYJets10to50.root
2026-04-13 12:59:34,070 - INFO - [2023BPix] MISSING_CENTRAL: ZFake1E2Mu/Central/muons/2/pz in Skim_TriLep_TTG_PTG200toInf.root
2026-04-16 17:42:04,163 - INFO - [2022] MISSING_CENTRAL: ZFake1E2Mu/Central/muons/2/pz in Skim_TriLep_DYJets10to50.root
2026-04-16 17:42:04,164 - INFO - [2022] MISSING_CENTRAL: ZFake1E2Mu/Central/muons/2/pz in Skim_TriLep_TTG_PTG10to100.root
2026-04-16 17:42:04,164 - INFO - [2022] MISSING_CENTRAL: ZFake1E2Mu/Central/muons/2/pz in Skim_TriLep_TTG_PTG100to200.root
2026-04-16 17:42:04,529 - INFO - [2022EE] MISSING_CENTRAL: ZFake1E2Mu/Central/muons/2/pz in Skim_TriLep_DYJets10to50.root
2026-04-16 17:42:04,960 - INFO - [2023] MISSING_CENTRAL: ZFake1E2Mu/Central/muons/2/pz in Skim_TriLep_DYJets10to50.root
2026-04-16 17:42:04,982 - INFO - [2023] MISSING_CENTRAL: ZFake1E2Mu/Central/muons/2/pz in Skim_TriLep_TTG_PTG100to200.root
2026-04-16 17:42:04,983 - INFO - [2023] MISSING_CENTRAL: ZFake1E2Mu/Central/muons/2/pz in Skim_TriLep_TTG_PTG200toInf.root
2026-04-16 17:42:05,332 - INFO - [2023BPix] MISSING_CENTRAL: ZFake1E2Mu/Central/muons/2/pz in Skim_TriLep_DYJets10to50.root
2026-04-16 17:42:05,374 - INFO - [2023BPix] MISSING_CENTRAL: ZFake1E2Mu/Central/muons/2/pz in Skim_TriLep_TTG_PTG200toInf.root
2026-04-28 15:20:48,776 - INFO - [2022] MISSING_CENTRAL: ZFake1E2Mu/Central/muons/2/pz in Skim_TriLep_DYJets10to50.root
2026-04-28 15:20:48,777 - INFO - [2022] MISSING_CENTRAL: ZFake1E2Mu/Central/muons/2/pz in Skim_TriLep_TTG_PTG10to100.root
2026-04-28 15:20:48,778 - INFO - [2022] MISSING_CENTRAL: ZFake1E2Mu/Central/muons/2/pz in Skim_TriLep_TTG_PTG100to200.root
2026-04-28 15:20:49,221 - INFO - [2022EE] MISSING_CENTRAL: ZFake1E2Mu/Central/muons/2/pz in Skim_TriLep_DYJets10to50.root
2026-04-28 15:20:49,712 - INFO - [2023] MISSING_CENTRAL: ZFake1E2Mu/Central/muons/2/pz in Skim_TriLep_DYJets10to50.root
2026-04-28 15:20:49,733 - INFO - [2023] MISSING_CENTRAL: ZFake1E2Mu/Central/muons/2/pz in Skim_TriLep_TTG_PTG100to200.root
2026-04-28 15:20:49,734 - INFO - [2023] MISSING_CENTRAL: ZFake1E2Mu/Central/muons/2/pz in Skim_TriLep_TTG_PTG200toInf.root
2026-04-28 15:20:50,154 - INFO - [2023BPix] MISSING_CENTRAL: ZFake1E2Mu/Central/muons/2/pz in Skim_TriLep_DYJets10to50.root
2026-04-28 15:20:50,189 - INFO - [2023BPix] MISSING_CENTRAL: ZFake1E2Mu/Central/muons/2/pz in Skim_TriLep_TTG_PTG200toInf.root
2026-04-28 20:33:57,549 - INFO - [2022] MISSING_CENTRAL: ZFake1E2Mu/Central/muons/2/pz in Skim_TriLep_DYJets10to50.root
2026-04-28 20:33:57,550 - INFO - [2022] MISSING_CENTRAL: ZFake1E2Mu/Central/muons/2/pz in Skim_TriLep_TTG_PTG10to100.root
2026-04-28 20:33:57,550 - INFO - [2022] MISSING_CENTRAL: ZFake1E2Mu/Central/muons/2/pz in Skim_TriLep_TTG_PTG100to200.root
2026-04-28 20:33:57,914 - INFO - [2022EE] MISSING_CENTRAL: ZFake1E2Mu/Central/muons/2/pz in Skim_TriLep_DYJets10to50.root
2026-04-28 20:33:58,339 - INFO - [2023] MISSING_CENTRAL: ZFake1E2Mu/Central/muons/2/pz in Skim_TriLep_DYJets10to50.root
2026-04-28 20:33:58,361 - INFO - [2023] MISSING_CENTRAL: ZFake1E2Mu/Central/muons/2/pz in Skim_TriLep_TTG_PTG100to200.root
2026-04-28 20:33:58,363 - INFO - [2023] MISSING_CENTRAL: ZFake1E2Mu/Central/muons/2/pz in Skim_TriLep_TTG_PTG200toInf.root
2026-04-28 20:33:58,729 - INFO - [2023BPix] MISSING_CENTRAL: ZFake1E2Mu/Central/muons/2/pz in Skim_TriLep_DYJets10to50.root
2026-04-28 20:33:58,773 - INFO - [2023BPix] MISSING_CENTRAL: ZFake1E2Mu/Central/muons/2/pz in Skim_TriLep_TTG_PTG200toInf.root
2026-05-04 15:40:32,870 - INFO - [2022] MISSING_CENTRAL: ZFake1E2Mu/Central/muons/2/pz in Skim_TriLep_DYJets10to50.root
2026-05-04 15:40:32,871 - INFO - [2022] MISSING_CENTRAL: ZFake1E2Mu/Central/muons/2/pz in Skim_TriLep_TTG_PTG10to100.root
2026-05-04 15:40:32,871 - INFO - [2022] MISSING_CENTRAL: ZFake1E2Mu/Central/muons/2/pz in Skim_TriLep_TTG_PTG100to200.root
2026-05-04 15:40:33,298 - INFO - [2022EE] MISSING_CENTRAL: ZFake1E2Mu/Central/muons/2/pz in Skim_TriLep_DYJets10to50.root
2026-05-04 15:40:33,773 - INFO - [2023] MISSING_CENTRAL: ZFake1E2Mu/Central/muons/2/pz in Skim_TriLep_DYJets10to50.root
2026-05-04 15:40:33,794 - INFO - [2023] MISSING_CENTRAL: ZFake1E2Mu/Central/muons/2/pz in Skim_TriLep_TTG_PTG100to200.root
2026-05-04 15:40:33,795 - INFO - [2023] MISSING_CENTRAL: ZFake1E2Mu/Central/muons/2/pz in Skim_TriLep_TTG_PTG200toInf.root
2026-05-04 15:40:34,214 - INFO - [2023BPix] MISSING_CENTRAL: ZFake1E2Mu/Central/muons/2/pz in Skim_TriLep_DYJets10to50.root
2026-05-04 15:40:34,249 - INFO - [2023BPix] MISSING_CENTRAL: ZFake1E2Mu/Central/muons/2/pz in Skim_TriLep_TTG_PTG200toInf.root
2026-05-04 16:04:36,396 - INFO - [2022] MISSING_CENTRAL: ZFake1E2Mu/Central/muons/2/pz in Skim_TriLep_DYJets10to50.root
2026-05-04 16:04:36,396 - INFO - [2022] MISSING_CENTRAL: ZFake1E2Mu/Central/muons/2/pz in Skim_TriLep_TTG_PTG10to100.root
2026-05-04 16:04:36,397 - INFO - [2022] MISSING_CENTRAL: ZFake1E2Mu/Central/muons/2/pz in Skim_TriLep_TTG_PTG100to200.root
2026-05-04 16:04:36,815 - INFO - [2022EE] MISSING_CENTRAL: ZFake1E2Mu/Central/muons/2/pz in Skim_TriLep_DYJets10to50.root
2026-05-04 16:04:37,218 - INFO - [2023] MISSING_CENTRAL: ZFake1E2Mu/Central/muons/2/pz in Skim_TriLep_DYJets10to50.root
2026-05-04 16:04:37,238 - INFO - [2023] MISSING_CENTRAL: ZFake1E2Mu/Central/muons/2/pz in Skim_TriLep_TTG_PTG100to200.root
2026-05-04 16:04:37,238 - INFO - [2023] MISSING_CENTRAL: ZFake1E2Mu/Central/muons/2/pz in Skim_TriLep_TTG_PTG200toInf.root
2026-05-04 16:04:37,560 - INFO - [2023BPix] MISSING_CENTRAL: ZFake1E2Mu/Central/muons/2/pz in Skim_TriLep_DYJets10to50.root
2026-05-04 16:04:37,602 - INFO - [2023BPix] MISSING_CENTRAL: ZFake1E2Mu/Central/muons/2/pz in Skim_TriLep_TTG_PTG200toInf.root
2026-05-04 17:11:27,967 - INFO - [2022] MISSING_CENTRAL: ZFake1E2Mu/Central/muons/2/pz in Skim_TriLep_DYJets10to50.root
2026-05-04 17:11:27,967 - INFO - [2022] MISSING_CENTRAL: ZFake1E2Mu/Central/muons/2/pz in Skim_TriLep_TTG_PTG10to100.root
2026-05-04 17:11:27,968 - INFO - [2022] MISSING_CENTRAL: ZFake1E2Mu/Central/muons/2/pz in Skim_TriLep_TTG_PTG100to200.root
2026-05-04 17:11:28,332 - INFO - [2022EE] MISSING_CENTRAL: ZFake1E2Mu/Central/muons/2/pz in Skim_TriLep_DYJets10to50.root
2026-05-04 17:11:28,754 - INFO - [2023] MISSING_CENTRAL: ZFake1E2Mu/Central/muons/2/pz in Skim_TriLep_DYJets10to50.root
2026-05-04 17:11:28,776 - INFO - [2023] MISSING_CENTRAL: ZFake1E2Mu/Central/muons/2/pz in Skim_TriLep_TTG_PTG100to200.root
2026-05-04 17:11:28,777 - INFO - [2023] MISSING_CENTRAL: ZFake1E2Mu/Central/muons/2/pz in Skim_TriLep_TTG_PTG200toInf.root
2026-05-04 17:11:29,135 - INFO - [2023BPix] MISSING_CENTRAL: ZFake1E2Mu/Central/muons/2/pz in Skim_TriLep_DYJets10to50.root
2026-05-04 17:11:29,180 - INFO - [2023BPix] MISSING_CENTRAL: ZFake1E2Mu/Central/muons/2/pz in Skim_TriLep_TTG_PTG200toInf.root
2026-05-28 15:48:15,901 - INFO - [2022] MISSING_CENTRAL: ZFake1E2Mu/Central/muons/2/pz in Skim_TriLep_DYJets10to50.root
2026-05-28 15:48:15,903 - INFO - [2022] MISSING_CENTRAL: ZFake1E2Mu/Central/muons/2/pz in Skim_TriLep_TTG_PTG10to100.root
2026-05-28 15:48:15,904 - INFO - [2022] MISSING_CENTRAL: ZFake1E2Mu/Central/muons/2/pz in Skim_TriLep_TTG_PTG100to200.root
2026-05-28 15:48:16,514 - INFO - [2022EE] MISSING_CENTRAL: ZFake1E2Mu/Central/muons/2/pz in Skim_TriLep_DYJets10to50.root
2026-05-28 15:48:17,182 - INFO - [2023] MISSING_CENTRAL: ZFake1E2Mu/Central/muons/2/pz in Skim_TriLep_DYJets10to50.root
2026-05-28 15:48:17,218 - INFO - [2023] MISSING_CENTRAL: ZFake1E2Mu/Central/muons/2/pz in Skim_TriLep_TTG_PTG100to200.root
2026-05-28 15:48:17,220 - INFO - [2023] MISSING_CENTRAL: ZFake1E2Mu/Central/muons/2/pz in Skim_TriLep_TTG_PTG200toInf.root
2026-05-28 15:48:17,829 - INFO - [2023BPix] MISSING_CENTRAL: ZFake1E2Mu/Central/muons/2/pz in Skim_TriLep_DYJets10to50.root
2026-05-28 15:48:17,901 - INFO - [2023BPix] MISSING_CENTRAL: ZFake1E2Mu/Central/muons/2/pz in Skim_TriLep_TTG_PTG200toInf.root
2026-05-29 15:21:40,674 - INFO - [2022] MISSING_CENTRAL: ZFake1E2Mu/Central/muons/2/pz in Skim_TriLep_DYJets10to50.root
2026-05-29 15:21:40,675 - INFO - [2022] MISSING_CENTRAL: ZFake1E2Mu/Central/muons/2/pz in Skim_TriLep_TTG_PTG10to100.root
2026-05-29 15:21:40,675 - INFO - [2022] MISSING_CENTRAL: ZFake1E2Mu/Central/muons/2/pz in Skim_TriLep_TTG_PTG100to200.root
2026-05-29 15:21:41,106 - INFO - [2022EE] MISSING_CENTRAL: ZFake1E2Mu/Central/muons/2/pz in Skim_TriLep_DYJets10to50.root
2026-05-29 15:21:41,589 - INFO - [2023] MISSING_CENTRAL: ZFake1E2Mu/Central/muons/2/pz in Skim_TriLep_DYJets10to50.root
2026-05-29 15:21:41,608 - INFO - [2023] MISSING_CENTRAL: ZFake1E2Mu/Central/muons/2/pz in Skim_TriLep_TTG_PTG100to200.root
2026-05-29 15:21:41,609 - INFO - [2023] MISSING_CENTRAL: ZFake1E2Mu/Central/muons/2/pz in Skim_TriLep_TTG_PTG200toInf.root
2026-05-29 15:21:42,026 - INFO - [2023BPix] MISSING_CENTRAL: ZFake1E2Mu/Central/muons/2/pz in Skim_TriLep_DYJets10to50.root
2026-05-29 15:21:42,068 - INFO - [2023BPix] MISSING_CENTRAL: ZFake1E2Mu/Central/muons/2/pz in Skim_TriLep_TTG_PTG200toInf.root
2026-05-29 15:39:11,421 - INFO - [2022] MISSING_CENTRAL: ZFake1E2Mu/Central/muons/2/pz in Skim_TriLep_DYJets10to50.root
2026-05-29 15:39:11,422 - INFO - [2022] MISSING_CENTRAL: ZFake1E2Mu/Central/muons/2/pz in Skim_TriLep_TTG_PTG10to100.root
2026-05-29 15:39:11,422 - INFO - [2022] MISSING_CENTRAL: ZFake1E2Mu/Central/muons/2/pz in Skim_TriLep_TTG_PTG100to200.root
2026-05-29 15:39:11,788 - INFO - [2022EE] MISSING_CENTRAL: ZFake1E2Mu/Central/muons/2/pz in Skim_TriLep_DYJets10to50.root
2026-05-29 15:39:12,208 - INFO - [2023] MISSING_CENTRAL: ZFake1E2Mu/Central/muons/2/pz in Skim_TriLep_DYJets10to50.root
2026-05-29 15:39:12,230 - INFO - [2023] MISSING_CENTRAL: ZFake1E2Mu/Central/muons/2/pz in Skim_TriLep_TTG_PTG100to200.root
2026-05-29 15:39:12,231 - INFO - [2023] MISSING_CENTRAL: ZFake1E2Mu/Central/muons/2/pz in Skim_TriLep_TTG_PTG200toInf.root
2026-05-29 15:39:12,591 - INFO - [2023BPix] MISSING_CENTRAL: ZFake1E2Mu/Central/muons/2/pz in Skim_TriLep_DYJets10to50.root
2026-05-29 15:39:12,636 - INFO - [2023BPix] MISSING_CENTRAL: ZFake1E2Mu/Central/muons/2/pz in Skim_TriLep_TTG_PTG200toInf.root
2026-05-29 18:30:34,140 - INFO - [2022] MISSING_CENTRAL: ZFake1E2Mu/Central/muons/2/pz in Skim_TriLep_DYJets10to50.root
2026-05-29 18:30:34,141 - INFO - [2022] MISSING_CENTRAL: ZFake1E2Mu/Central/muons/2/pz in Skim_TriLep_TTG_PTG10to100.root
2026-05-29 18:30:34,141 - INFO - [2022] MISSING_CENTRAL: ZFake1E2Mu/Central/muons/2/pz in Skim_TriLep_TTG_PTG100to200.root
2026-05-29 18:30:34,503 - INFO - [2022EE] MISSING_CENTRAL: ZFake1E2Mu/Central/muons/2/pz in Skim_TriLep_DYJets10to50.root
2026-05-29 18:30:34,917 - INFO - [2023] MISSING_CENTRAL: ZFake1E2Mu/Central/muons/2/pz in Skim_TriLep_DYJets10to50.root
2026-05-29 18:30:34,939 - INFO - [2023] MISSING_CENTRAL: ZFake1E2Mu/Central/muons/2/pz in Skim_TriLep_TTG_PTG100to200.root
2026-05-29 18:30:34,940 - INFO - [2023] MISSING_CENTRAL: ZFake1E2Mu/Central/muons/2/pz in Skim_TriLep_TTG_PTG200toInf.root
2026-05-29 18:30:35,292 - INFO - [2023BPix] MISSING_CENTRAL: ZFake1E2Mu/Central/muons/2/pz in Skim_TriLep_DYJets10to50.root
2026-05-29 18:30:35,336 - INFO - [2023BPix] MISSING_CENTRAL: ZFake1E2Mu/Central/muons/2/pz in Skim_TriLep_TTG_PTG200toInf.root
2026-06-12 14:34:52,312 - INFO - [2022] MISSING_CENTRAL: ZFake1E2Mu/Central/muons/2/pz in Skim_TriLep_DYJets10to50.root
2026-06-12 14:34:52,313 - INFO - [2022] MISSING_CENTRAL: ZFake1E2Mu/Central/muons/2/pz in Skim_TriLep_TTG_PTG10to100.root
2026-06-12 14:34:52,314 - INFO - [2022] MISSING_CENTRAL: ZFake1E2Mu/Central/muons/2/pz in Skim_TriLep_TTG_PTG100to200.root
2026-06-12 14:34:52,665 - INFO - [2022EE] MISSING_CENTRAL: ZFake1E2Mu/Central/muons/2/pz in Skim_TriLep_DYJets10to50.root
2026-06-12 14:34:53,061 - INFO - [2023] MISSING_CENTRAL: ZFake1E2Mu/Central/muons/2/pz in Skim_TriLep_DYJets10to50.root
2026-06-12 14:34:53,081 - INFO - [2023] MISSING_CENTRAL: ZFake1E2Mu/Central/muons/2/pz in Skim_TriLep_TTG_PTG100to200.root
2026-06-12 14:34:53,082 - INFO - [2023] MISSING_CENTRAL: ZFake1E2Mu/Central/muons/2/pz in Skim_TriLep_TTG_PTG200toInf.root
2026-06-12 14:34:53,406 - INFO - [2023BPix] MISSING_CENTRAL: ZFake1E2Mu/Central/muons/2/pz in Skim_TriLep_DYJets10to50.root
2026-06-12 14:34:53,448 - INFO - [2023BPix] MISSING_CENTRAL: ZFake1E2Mu/Central/muons/2/pz in Skim_TriLep_TTG_PTG200toInf.root
2026-06-18 00:29:37,836 - INFO - [2022] MISSING_CENTRAL: ZFake1E2Mu/Central/muons/2/pz in Skim_TriLep_DYJets10to50.root
2026-06-18 00:29:37,837 - INFO - [2022] MISSING_CENTRAL: ZFake1E2Mu/Central/muons/2/pz in Skim_TriLep_TTG_PTG10to100.root
2026-06-18 00:29:37,838 - INFO - [2022] MISSING_CENTRAL: ZFake1E2Mu/Central/muons/2/pz in Skim_TriLep_TTG_PTG100to200.root
2026-06-18 00:29:38,214 - INFO - [2022EE] MISSING_CENTRAL: ZFake1E2Mu/Central/muons/2/pz in Skim_TriLep_DYJets10to50.root
2026-06-18 00:29:38,699 - INFO - [2023] MISSING_CENTRAL: ZFake1E2Mu/Central/muons/2/pz in Skim_TriLep_DYJets10to50.root
2026-06-18 00:29:38,720 - INFO - [2023] MISSING_CENTRAL: ZFake1E2Mu/Central/muons/2/pz in Skim_TriLep_TTG_PTG100to200.root
2026-06-18 00:29:38,721 - INFO - [2023] MISSING_CENTRAL: ZFake1E2Mu/Central/muons/2/pz in Skim_TriLep_TTG_PTG200toInf.root
2026-06-18 00:29:39,060 - INFO - [2023BPix] MISSING_CENTRAL: ZFake1E2Mu/Central/muons/2/pz in Skim_TriLep_DYJets10to50.root
2026-06-18 00:29:39,103 - INFO - [2023BPix] MISSING_CENTRAL: ZFake1E2Mu/Central/muons/2/pz in Skim_TriLep_TTG_PTG200toInf.root
2026-07-01 17:44:11,304 - INFO - [2022] MISSING_CENTRAL: ZFake1E2Mu/Central/muons/2/pz in Skim_TriLep_DYJets10to50.root
2026-07-01 17:44:11,305 - INFO - [2022] MISSING_CENTRAL: ZFake1E2Mu/Central/muons/2/pz in Skim_TriLep_TTG_PTG10to100.root
2026-07-01 17:44:11,306 - INFO - [2022] MISSING_CENTRAL: ZFake1E2Mu/Central/muons/2/pz in Skim_TriLep_TTG_PTG100to200.root
2026-07-01 17:44:12,044 - INFO - [2022EE] MISSING_CENTRAL: ZFake1E2Mu/Central/muons/2/pz in Skim_TriLep_DYJets10to50.root
2026-07-01 17:44:12,887 - INFO - [2023] MISSING_CENTRAL: ZFake1E2Mu/Central/muons/2/pz in Skim_TriLep_DYJets10to50.root
2026-07-01 17:44:12,930 - INFO - [2023] MISSING_CENTRAL: ZFake1E2Mu/Central/muons/2/pz in Skim_TriLep_TTG_PTG100to200.root
2026-07-01 17:44:12,932 - INFO - [2023] MISSING_CENTRAL: ZFake1E2Mu/Central/muons/2/pz in Skim_TriLep_TTG_PTG200toInf.root
2026-07-01 17:44:13,737 - INFO - [2023BPix] MISSING_CENTRAL: ZFake1E2Mu/Central/muons/2/pz in Skim_TriLep_DYJets10to50.root
2026-07-01 17:44:13,807 - INFO - [2023BPix] MISSING_CENTRAL: ZFake1E2Mu/Central/muons/2/pz in Skim_TriLep_TTG_PTG200toInf.root
2026-07-21 19:43:30,634 - INFO - [2022] MISSING_CENTRAL: ZFake1E2Mu/Central/muons/2/pz in Skim_TriLep_DYJets10to50.root
2026-07-21 19:43:30,635 - INFO - [2022] MISSING_CENTRAL: ZFake1E2Mu/Central/muons/2/pz in Skim_TriLep_TTG_PTG10to100.root
2026-07-21 19:43:30,635 - INFO - [2022] MISSING_CENTRAL: ZFake1E2Mu/Central/muons/2/pz in Skim_TriLep_TTG_PTG100to200.root
2026-07-21 19:43:31,118 - INFO - [2022EE] MISSING_CENTRAL: ZFake1E2Mu/Central/muons/2/pz in Skim_TriLep_DYJets10to50.root
2026-07-21 19:43:31,725 - INFO - [2023] MISSING_CENTRAL: ZFake1E2Mu/Central/muons/2/pz in Skim_TriLep_DYJets10to50.root
2026-07-21 19:43:31,756 - INFO - [2023] MISSING_CENTRAL: ZFake1E2Mu/Central/muons/2/pz in Skim_TriLep_TTG_PTG100to200.root
2026-07-21 19:43:31,756 - INFO - [2023] MISSING_CENTRAL: ZFake1E2Mu/Central/muons/2/pz in Skim_TriLep_TTG_PTG200toInf.root
2026-07-21 19:43:32,439 - INFO - [2023BPix] MISSING_CENTRAL: ZFake1E2Mu/Central/muons/2/pz in Skim_TriLep_DYJets10to50.root
2026-07-21 19:43:32,518 - INFO - [2023BPix] MISSING_CENTRAL: ZFake1E2Mu/Central/muons/2/pz in Skim_TriLep_TTG_PTG200toInf.root
2026-08-18 18:28:11,498 - INFO - [2022] MISSING_CENTRAL: ZFake1E2Mu/Central/muons/2/pz in Skim_TriLep_DYJets10to50.root
2026-08-18 18:28:11,500 - INFO - [2022] MISSING_CENTRAL: ZFake1E2Mu/Central/muons/2/pz in Skim_TriLep_TTG_PTG10to100.root
2026-08-18 18:28:11,500 - INFO - [2022] MISSING_CENTRAL: ZFake1E2Mu/Central/muons/2/pz in Skim_TriLep_TTG_PTG100to200.root
2026-08-18 18:28:12,096 - INFO - [2022EE] MISSING_CENTRAL: ZFake1E2Mu/Central/muons/2/pz in Skim_TriLep_DYJets10to50.root
2026-08-18 18:28:12,774 - INFO - [2023] MISSING_CENTRAL: ZFake1E2Mu/Central/muons/2/pz in Skim_TriLep_DYJets10to50.root
2026-08-18 18:28:12,807 - INFO - [2023] MISSING_CENTRAL: ZFake1E2Mu/Central/muons/2/pz in Skim_TriLep_TTG_PTG100to200.root
2026-08-18 18:28:12,808 - INFO - [2023] MISSING_CENTRAL: ZFake1E2Mu/Central/muons/2/pz in Skim_TriLep_TTG_PTG200toInf.root
2026-08-18 18:28:13,538 - INFO - [2023BPix] MISSING_CENTRAL: ZFake1E2Mu/Central/muons/2/pz in Skim_TriLep_DYJets10to50.root
2026-08-18 18:28:13,624 - INFO - [2023BPix] MISSING_CENTRAL: ZFake1E2Mu/Central/muons/2/pz in Skim_TriLep_TTG_PTG200toInf.root
2026-08-19 10:21:51,823 - INFO - [2022] MISSING_CENTRAL: ZFake1E2Mu/Central/muons/2/pz in Skim_TriLep_DYJets10to50.root
2026-08-19 10:21:51,824 - INFO - [2022] MISSING_CENTRAL: ZFake1E2Mu/Central/muons/2/pz in Skim_TriLep_TTG_PTG10to100.root
2026-08-19 10:21:51,824 - INFO - [2022] MISSING_CENTRAL: ZFake1E2Mu/Central/muons/2/pz in Skim_TriLep_TTG_PTG100to200.root
2026-08-19 10:21:52,349 - INFO - [2022EE] MISSING_CENTRAL: ZFake1E2Mu/Central/muons/2/pz in Skim_TriLep_DYJets10to50.root
2026-08-19 10:21:53,015 - INFO - [2023] MISSING_CENTRAL: ZFake1E2Mu/Central/muons/2/pz in Skim_TriLep_DYJets10to50.root
2026-08-19 10:21:53,047 - INFO - [2023] MISSING_CENTRAL: ZFake1E2Mu/Central/muons/2/pz in Skim_TriLep_TTG_PTG100to200.root
2026-08-19 10:21:53,048 - INFO - [2023] MISSING_CENTRAL: ZFake1E2Mu/Central/muons/2/pz in Skim_TriLep_TTG_PTG200toInf.root
2026-08-19 10:21:53,772 - INFO - [2023BPix] MISSING_CENTRAL: ZFake1E2Mu/Central/muons/2/pz in Skim_TriLep_DYJets10to50.root
2026-08-19 10:21:53,851 - INFO - [2023BPix] MISSING_CENTRAL: ZFake1E2Mu/Central/muons/2/pz in Skim_TriLep_TTG_PTG200toInf.root
