2025-09-24 15:47:01,352 - INFO - [2017] MISSING_CENTRAL: SR1E2Mu/Central/bjets/3/phi in Skim_TriLep_MuonEG_E.root
2025-09-24 15:47:01,353 - INFO - [2017] MISSING_CENTRAL: SR1E2Mu/Central/bjets/3/phi in Skim_TriLep_DYJets.root
2025-09-24 15:47:01,353 - INFO - [2017] MISSING_CENTRAL: SR1E2Mu/Central/bjets/3/phi in Skim_TriLep_DYJets10to50.root
2025-09-24 15:47:01,354 - INFO - [2017] MISSING_CENTRAL: SR1E2Mu/Central/bjets/3/phi in Skim_TriLep_ZGToLLG.root
2025-09-24 15:47:01,359 - INFO - [2017] MISSING_CENTRAL: SR1E2Mu/Central/bjets/3/phi in Skim_TriLep_WWG.root
2025-09-24 15:47:01,390 - INFO - [2017] MISSING_CENTRAL: SR1E2Mu/Central/bjets/3/phi in Skim_TriLep_WWW.root
2025-09-24 15:47:01,391 - INFO - [2017] MISSING_CENTRAL: SR1E2Mu/Central/bjets/3/phi in Skim_TriLep_WWZ.root
2025-09-24 15:47:01,585 - INFO - [2017] MISSING_SYSTEMATIC: SR1E2Mu/JetEn_Down/bjets/3/phi in Skim_TriLep_VBFHToZZTo4L.root
2025-09-24 15:47:01,643 - INFO - [2017] MISSING_CENTRAL: SR1E2Mu/Central/bjets/3/phi in Skim_TriLep_ggHToZZTo4L.root
2025-10-02 21:12:29,001 - INFO - [2017] MISSING_CENTRAL: SR1E2Mu/Central/bjets/3/phi in Skim_TriLep_MuonEG_E.root
2025-10-02 21:12:29,006 - INFO - [2017] MISSING_CENTRAL: SR1E2Mu/Central/bjets/3/phi in Skim_TriLep_DYJets.root
2025-10-02 21:12:29,008 - INFO - [2017] MISSING_CENTRAL: SR1E2Mu/Central/bjets/3/phi in Skim_TriLep_DYJets10to50.root
2025-10-02 21:12:29,012 - INFO - [2017] MISSING_CENTRAL: SR1E2Mu/Central/bjets/3/phi in Skim_TriLep_ZGToLLG.root
2025-10-02 21:12:29,043 - INFO - [2017] MISSING_CENTRAL: SR1E2Mu/Central/bjets/3/phi in Skim_TriLep_WWG.root
2025-10-02 21:12:29,229 - INFO - [2017] MISSING_CENTRAL: SR1E2Mu/Central/bjets/3/phi in Skim_TriLep_WWW.root
2025-10-02 21:12:29,232 - INFO - [2017] MISSING_CENTRAL: SR1E2Mu/Central/bjets/3/phi in Skim_TriLep_WWZ.root
2025-10-02 21:12:29,336 - INFO - [2017] MISSING_SYSTEMATIC: SR1E2Mu/JetEn_Down/bjets/3/phi in Skim_TriLep_VBFHToZZTo4L.root
2025-10-02 21:12:29,349 - INFO - [2017] MISSING_CENTRAL: SR1E2Mu/Central/bjets/3/phi in Skim_TriLep_ggHToZZTo4L.root
2025-10-02 23:59:50,191 - INFO - [2017] MISSING_CENTRAL: SR1E2Mu/Central/bjets/3/phi in Skim_TriLep_MuonEG_E.root
2025-10-02 23:59:50,193 - INFO - [2017] MISSING_CENTRAL: SR1E2Mu/Central/bjets/3/phi in Skim_TriLep_DYJets.root
2025-10-02 23:59:50,193 - INFO - [2017] MISSING_CENTRAL: SR1E2Mu/Central/bjets/3/phi in Skim_TriLep_DYJets10to50.root
2025-10-02 23:59:50,193 - INFO - [2017] MISSING_CENTRAL: SR1E2Mu/Central/bjets/3/phi in Skim_TriLep_ZGToLLG.root
2025-10-02 23:59:50,199 - INFO - [2017] MISSING_CENTRAL: SR1E2Mu/Central/bjets/3/phi in Skim_TriLep_WWG.root
2025-10-02 23:59:50,245 - INFO - [2017] MISSING_CENTRAL: SR1E2Mu/Central/bjets/3/phi in Skim_TriLep_WWW.root
2025-10-02 23:59:50,245 - INFO - [2017] MISSING_CENTRAL: SR1E2Mu/Central/bjets/3/phi in Skim_TriLep_WWZ.root
2025-10-02 23:59:50,268 - INFO - [2017] MISSING_SYSTEMATIC: SR1E2Mu/JetEn_Down/bjets/3/phi in Skim_TriLep_VBFHToZZTo4L.root
2025-10-02 23:59:50,275 - INFO - [2017] MISSING_CENTRAL: SR1E2Mu/Central/bjets/3/phi in Skim_TriLep_ggHToZZTo4L.root
2025-11-05 21:33:33,696 - INFO - [2017] MISSING_CENTRAL: SR1E2Mu/Central/bjets/3/phi in Skim_TriLep_MuonEG_B.root
2025-11-05 21:33:33,778 - INFO - [2017] MISSING_CENTRAL: SR1E2Mu/Central/bjets/3/phi in Skim_TriLep_MuonEG_E.root
2025-11-05 21:33:33,779 - INFO - [2017] MISSING_CENTRAL: SR1E2Mu/Central/bjets/3/phi in Skim_TriLep_DYJets.root
2025-11-05 21:33:33,779 - INFO - [2017] MISSING_CENTRAL: SR1E2Mu/Central/bjets/3/phi in Skim_TriLep_DYJets10to50.root
2025-11-05 21:33:33,780 - INFO - [2017] MISSING_CENTRAL: SR1E2Mu/Central/bjets/3/phi in Skim_TriLep_ZGToLLG.root
2025-11-05 21:33:33,791 - INFO - [2017] MISSING_CENTRAL: SR1E2Mu/Central/bjets/3/phi in Skim_TriLep_WWG.root
2025-11-05 21:33:33,839 - INFO - [2017] MISSING_CENTRAL: SR1E2Mu/Central/bjets/3/phi in Skim_TriLep_WWW.root
2025-11-05 21:33:33,840 - INFO - [2017] MISSING_CENTRAL: SR1E2Mu/Central/bjets/3/phi in Skim_TriLep_WWZ.root
2025-11-05 21:33:33,861 - INFO - [2017] MISSING_SYSTEMATIC: SR1E2Mu/JetEn_Down/bjets/3/phi in Skim_TriLep_VBFHToZZTo4L.root
2025-11-05 21:33:33,866 - INFO - [2017] MISSING_CENTRAL: SR1E2Mu/Central/bjets/3/phi in Skim_TriLep_ggHToZZTo4L.root
2025-11-05 21:38:36,031 - INFO - [2017] MISSING_CENTRAL: SR1E2Mu/Central/bjets/3/phi in Skim_TriLep_MuonEG_B.root
2025-11-05 21:38:36,106 - INFO - [2017] MISSING_CENTRAL: SR1E2Mu/Central/bjets/3/phi in Skim_TriLep_MuonEG_E.root
2025-11-05 21:38:36,108 - INFO - [2017] MISSING_CENTRAL: SR1E2Mu/Central/bjets/3/phi in Skim_TriLep_DYJets.root
2025-11-05 21:38:36,108 - INFO - [2017] MISSING_CENTRAL: SR1E2Mu/Central/bjets/3/phi in Skim_TriLep_DYJets10to50.root
2025-11-05 21:38:36,109 - INFO - [2017] MISSING_CENTRAL: SR1E2Mu/Central/bjets/3/phi in Skim_TriLep_ZGToLLG.root
2025-11-05 21:38:36,120 - INFO - [2017] MISSING_CENTRAL: SR1E2Mu/Central/bjets/3/phi in Skim_TriLep_WWG.root
2025-11-05 21:38:36,169 - INFO - [2017] MISSING_CENTRAL: SR1E2Mu/Central/bjets/3/phi in Skim_TriLep_WWW.root
2025-11-05 21:38:36,170 - INFO - [2017] MISSING_CENTRAL: SR1E2Mu/Central/bjets/3/phi in Skim_TriLep_WWZ.root
2025-11-05 21:38:36,193 - INFO - [2017] MISSING_SYSTEMATIC: SR1E2Mu/JetEn_Down/bjets/3/phi in Skim_TriLep_VBFHToZZTo4L.root
2025-11-05 21:38:36,198 - INFO - [2017] MISSING_CENTRAL: SR1E2Mu/Central/bjets/3/phi in Skim_TriLep_ggHToZZTo4L.root
2025-11-05 22:01:31,602 - INFO - [2017] MISSING_CENTRAL: SR1E2Mu/Central/bjets/3/phi in Skim_TriLep_MuonEG_B.root
2025-11-05 22:01:31,746 - INFO - [2017] MISSING_CENTRAL: SR1E2Mu/Central/bjets/3/phi in Skim_TriLep_MuonEG_E.root
2025-11-05 22:01:31,747 - INFO - [2017] MISSING_CENTRAL: SR1E2Mu/Central/bjets/3/phi in Skim_TriLep_DYJets.root
2025-11-05 22:01:31,751 - INFO - [2017] MISSING_CENTRAL: SR1E2Mu/Central/bjets/3/phi in Skim_TriLep_DYJets10to50.root
2025-11-05 22:01:31,752 - INFO - [2017] MISSING_CENTRAL: SR1E2Mu/Central/bjets/3/phi in Skim_TriLep_ZGToLLG.root
2025-11-05 22:01:31,773 - INFO - [2017] MISSING_CENTRAL: SR1E2Mu/Central/bjets/3/phi in Skim_TriLep_WWG.root
2025-11-05 22:01:31,866 - INFO - [2017] MISSING_CENTRAL: SR1E2Mu/Central/bjets/3/phi in Skim_TriLep_WWW.root
2025-11-05 22:01:31,871 - INFO - [2017] MISSING_CENTRAL: SR1E2Mu/Central/bjets/3/phi in Skim_TriLep_WWZ.root
2025-11-05 22:01:31,929 - INFO - [2017] MISSING_SYSTEMATIC: SR1E2Mu/JetEn_Down/bjets/3/phi in Skim_TriLep_VBFHToZZTo4L.root
2025-11-05 22:01:31,941 - INFO - [2017] MISSING_CENTRAL: SR1E2Mu/Central/bjets/3/phi in Skim_TriLep_ggHToZZTo4L.root
2025-11-05 22:17:18,677 - INFO - [2017] MISSING_CENTRAL: SR1E2Mu/Central/bjets/3/phi in Skim_TriLep_MuonEG_B.root
2025-11-05 22:17:18,805 - INFO - [2017] MISSING_CENTRAL: SR1E2Mu/Central/bjets/3/phi in Skim_TriLep_MuonEG_E.root
2025-11-05 22:17:18,811 - INFO - [2017] MISSING_CENTRAL: SR1E2Mu/Central/bjets/3/phi in Skim_TriLep_DYJets.root
2025-11-05 22:17:18,811 - INFO - [2017] MISSING_CENTRAL: SR1E2Mu/Central/bjets/3/phi in Skim_TriLep_DYJets10to50.root
2025-11-05 22:17:18,812 - INFO - [2017] MISSING_CENTRAL: SR1E2Mu/Central/bjets/3/phi in Skim_TriLep_ZGToLLG.root
2025-11-05 22:17:18,832 - INFO - [2017] MISSING_CENTRAL: SR1E2Mu/Central/bjets/3/phi in Skim_TriLep_WWG.root
2025-11-05 22:17:18,962 - INFO - [2017] MISSING_CENTRAL: SR1E2Mu/Central/bjets/3/phi in Skim_TriLep_WWW.root
2025-11-05 22:17:18,963 - INFO - [2017] MISSING_CENTRAL: SR1E2Mu/Central/bjets/3/phi in Skim_TriLep_WWZ.root
2025-11-05 22:17:19,014 - INFO - [2017] MISSING_SYSTEMATIC: SR1E2Mu/JetEn_Down/bjets/3/phi in Skim_TriLep_VBFHToZZTo4L.root
2025-11-05 22:17:19,022 - INFO - [2017] MISSING_CENTRAL: SR1E2Mu/Central/bjets/3/phi in Skim_TriLep_ggHToZZTo4L.root
2025-11-05 23:21:51,338 - INFO - [2017] MISSING_CENTRAL: SR1E2Mu/Central/bjets/3/phi in Skim_TriLep_MuonEG_B.root
2025-11-05 23:21:51,528 - INFO - [2017] MISSING_CENTRAL: SR1E2Mu/Central/bjets/3/phi in Skim_TriLep_MuonEG_E.root
2025-11-05 23:21:51,532 - INFO - [2017] MISSING_CENTRAL: SR1E2Mu/Central/bjets/3/phi in Skim_TriLep_DYJets.root
2025-11-05 23:21:51,534 - INFO - [2017] MISSING_CENTRAL: SR1E2Mu/Central/bjets/3/phi in Skim_TriLep_DYJets10to50.root
2025-11-05 23:21:51,536 - INFO - [2017] MISSING_CENTRAL: SR1E2Mu/Central/bjets/3/phi in Skim_TriLep_ZGToLLG.root
2025-11-05 23:21:51,560 - INFO - [2017] MISSING_CENTRAL: SR1E2Mu/Central/bjets/3/phi in Skim_TriLep_WWG.root
2025-11-05 23:21:51,633 - INFO - [2017] MISSING_CENTRAL: SR1E2Mu/Central/bjets/3/phi in Skim_TriLep_WWW.root
2025-11-05 23:21:51,635 - INFO - [2017] MISSING_CENTRAL: SR1E2Mu/Central/bjets/3/phi in Skim_TriLep_WWZ.root
2025-11-05 23:21:51,689 - INFO - [2017] MISSING_SYSTEMATIC: SR1E2Mu/JetEn_Down/bjets/3/phi in Skim_TriLep_VBFHToZZTo4L.root
2025-11-05 23:21:51,716 - INFO - [2017] MISSING_CENTRAL: SR1E2Mu/Central/bjets/3/phi in Skim_TriLep_ggHToZZTo4L.root
2025-11-07 12:25:05,472 - INFO - [2017] MISSING_CENTRAL: SR1E2Mu/Central/bjets/3/phi in Skim_TriLep_MuonEG_B.root
2025-11-07 12:25:05,568 - INFO - [2017] MISSING_CENTRAL: SR1E2Mu/Central/bjets/3/phi in Skim_TriLep_MuonEG_E.root
2025-11-07 12:25:05,569 - INFO - [2017] MISSING_CENTRAL: SR1E2Mu/Central/bjets/3/phi in Skim_TriLep_DYJets.root
2025-11-07 12:25:05,570 - INFO - [2017] MISSING_CENTRAL: SR1E2Mu/Central/bjets/3/phi in Skim_TriLep_DYJets10to50.root
2025-11-07 12:25:05,571 - INFO - [2017] MISSING_CENTRAL: SR1E2Mu/Central/bjets/3/phi in Skim_TriLep_ZGToLLG.root
2025-11-07 12:25:05,581 - INFO - [2017] MISSING_CENTRAL: SR1E2Mu/Central/bjets/3/phi in Skim_TriLep_WWG.root
2025-11-07 12:25:05,640 - INFO - [2017] MISSING_CENTRAL: SR1E2Mu/Central/bjets/3/phi in Skim_TriLep_WWW.root
2025-11-07 12:25:05,641 - INFO - [2017] MISSING_CENTRAL: SR1E2Mu/Central/bjets/3/phi in Skim_TriLep_WWZ.root
2025-11-07 12:25:05,670 - INFO - [2017] MISSING_SYSTEMATIC: SR1E2Mu/JetEn_Down/bjets/3/phi in Skim_TriLep_VBFHToZZTo4L.root
2025-11-07 12:25:05,676 - INFO - [2017] MISSING_CENTRAL: SR1E2Mu/Central/bjets/3/phi in Skim_TriLep_ggHToZZTo4L.root
2025-11-07 13:05:23,480 - INFO - [2017] MISSING_CENTRAL: SR1E2Mu/Central/bjets/3/phi in Skim_TriLep_MuonEG_B.root
2025-11-07 13:05:23,556 - INFO - [2017] MISSING_CENTRAL: SR1E2Mu/Central/bjets/3/phi in Skim_TriLep_MuonEG_E.root
2025-11-07 13:05:23,557 - INFO - [2017] MISSING_CENTRAL: SR1E2Mu/Central/bjets/3/phi in Skim_TriLep_DYJets.root
2025-11-07 13:05:23,557 - INFO - [2017] MISSING_CENTRAL: SR1E2Mu/Central/bjets/3/phi in Skim_TriLep_DYJets10to50.root
2025-11-07 13:05:23,558 - INFO - [2017] MISSING_CENTRAL: SR1E2Mu/Central/bjets/3/phi in Skim_TriLep_ZGToLLG.root
2025-11-07 13:05:23,569 - INFO - [2017] MISSING_CENTRAL: SR1E2Mu/Central/bjets/3/phi in Skim_TriLep_WWG.root
2025-11-07 13:05:23,623 - INFO - [2017] MISSING_CENTRAL: SR1E2Mu/Central/bjets/3/phi in Skim_TriLep_WWW.root
2025-11-07 13:05:23,624 - INFO - [2017] MISSING_CENTRAL: SR1E2Mu/Central/bjets/3/phi in Skim_TriLep_WWZ.root
2025-11-07 13:05:23,647 - INFO - [2017] MISSING_SYSTEMATIC: SR1E2Mu/JetEn_Down/bjets/3/phi in Skim_TriLep_VBFHToZZTo4L.root
2025-11-07 13:05:23,652 - INFO - [2017] MISSING_CENTRAL: SR1E2Mu/Central/bjets/3/phi in Skim_TriLep_ggHToZZTo4L.root
2025-11-07 13:30:11,846 - INFO - [2017] MISSING_CENTRAL: SR1E2Mu/Central/bjets/3/phi in Skim_TriLep_MuonEG_B.root
2025-11-07 13:30:11,978 - INFO - [2017] MISSING_CENTRAL: SR1E2Mu/Central/bjets/3/phi in Skim_TriLep_MuonEG_E.root
2025-11-07 13:30:11,979 - INFO - [2017] MISSING_CENTRAL: SR1E2Mu/Central/bjets/3/phi in Skim_TriLep_DYJets.root
2025-11-07 13:30:11,979 - INFO - [2017] MISSING_CENTRAL: SR1E2Mu/Central/bjets/3/phi in Skim_TriLep_DYJets10to50.root
2025-11-07 13:30:11,980 - INFO - [2017] MISSING_CENTRAL: SR1E2Mu/Central/bjets/3/phi in Skim_TriLep_ZGToLLG.root
2025-11-07 13:30:11,992 - INFO - [2017] MISSING_CENTRAL: SR1E2Mu/Central/bjets/3/phi in Skim_TriLep_WWG.root
2025-11-07 13:30:12,079 - INFO - [2017] MISSING_CENTRAL: SR1E2Mu/Central/bjets/3/phi in Skim_TriLep_WWW.root
2025-11-07 13:30:12,079 - INFO - [2017] MISSING_CENTRAL: SR1E2Mu/Central/bjets/3/phi in Skim_TriLep_WWZ.root
2025-11-07 13:30:12,107 - INFO - [2017] MISSING_SYSTEMATIC: SR1E2Mu/JetEn_Down/bjets/3/phi in Skim_TriLep_VBFHToZZTo4L.root
2025-11-07 13:30:12,116 - INFO - [2017] MISSING_CENTRAL: SR1E2Mu/Central/bjets/3/phi in Skim_TriLep_ggHToZZTo4L.root
2025-11-07 14:02:56,858 - INFO - [2017] MISSING_CENTRAL: SR1E2Mu/Central/bjets/3/phi in Skim_TriLep_MuonEG_B.root
2025-11-07 14:02:56,950 - INFO - [2017] MISSING_CENTRAL: SR1E2Mu/Central/bjets/3/phi in Skim_TriLep_MuonEG_E.root
2025-11-07 14:02:56,951 - INFO - [2017] MISSING_CENTRAL: SR1E2Mu/Central/bjets/3/phi in Skim_TriLep_DYJets.root
2025-11-07 14:02:56,951 - INFO - [2017] MISSING_CENTRAL: SR1E2Mu/Central/bjets/3/phi in Skim_TriLep_DYJets10to50.root
2025-11-07 14:02:56,952 - INFO - [2017] MISSING_CENTRAL: SR1E2Mu/Central/bjets/3/phi in Skim_TriLep_ZGToLLG.root
2025-11-07 14:02:56,963 - INFO - [2017] MISSING_CENTRAL: SR1E2Mu/Central/bjets/3/phi in Skim_TriLep_WWG.root
2025-11-07 14:02:57,077 - INFO - [2017] MISSING_CENTRAL: SR1E2Mu/Central/bjets/3/phi in Skim_TriLep_WWW.root
2025-11-07 14:02:57,079 - INFO - [2017] MISSING_CENTRAL: SR1E2Mu/Central/bjets/3/phi in Skim_TriLep_WWZ.root
2025-11-07 14:02:57,125 - INFO - [2017] MISSING_SYSTEMATIC: SR1E2Mu/JetEn_Down/bjets/3/phi in Skim_TriLep_VBFHToZZTo4L.root
2025-11-07 14:02:57,133 - INFO - [2017] MISSING_CENTRAL: SR1E2Mu/Central/bjets/3/phi in Skim_TriLep_ggHToZZTo4L.root
2025-11-10 05:53:29,597 - INFO - [2017] MISSING_CENTRAL: SR1E2Mu/Central/bjets/3/phi in Skim_TriLep_MuonEG_B.root
2025-11-10 05:53:29,677 - INFO - [2017] MISSING_CENTRAL: SR1E2Mu/Central/bjets/3/phi in Skim_TriLep_MuonEG_E.root
2025-11-10 05:53:29,678 - INFO - [2017] MISSING_CENTRAL: SR1E2Mu/Central/bjets/3/phi in Skim_TriLep_DYJets.root
2025-11-10 05:53:29,679 - INFO - [2017] MISSING_CENTRAL: SR1E2Mu/Central/bjets/3/phi in Skim_TriLep_DYJets10to50.root
2025-11-10 05:53:29,679 - INFO - [2017] MISSING_CENTRAL: SR1E2Mu/Central/bjets/3/phi in Skim_TriLep_ZGToLLG.root
2025-11-10 05:53:29,691 - INFO - [2017] MISSING_CENTRAL: SR1E2Mu/Central/bjets/3/phi in Skim_TriLep_WWG.root
2025-11-10 05:53:29,750 - INFO - [2017] MISSING_CENTRAL: SR1E2Mu/Central/bjets/3/phi in Skim_TriLep_WWW.root
2025-11-10 05:53:29,753 - INFO - [2017] MISSING_CENTRAL: SR1E2Mu/Central/bjets/3/phi in Skim_TriLep_WWZ.root
2025-11-10 05:53:29,788 - INFO - [2017] MISSING_SYSTEMATIC: SR1E2Mu/JetEn_Down/bjets/3/phi in Skim_TriLep_VBFHToZZTo4L.root
2025-11-10 05:53:29,793 - INFO - [2017] MISSING_CENTRAL: SR1E2Mu/Central/bjets/3/phi in Skim_TriLep_ggHToZZTo4L.root
2025-11-10 12:17:59,094 - INFO - [2017] MISSING_CENTRAL: SR1E2Mu/Central/bjets/3/phi in Skim_TriLep_MuonEG_B.root
2025-11-10 12:17:59,248 - INFO - [2017] MISSING_CENTRAL: SR1E2Mu/Central/bjets/3/phi in Skim_TriLep_MuonEG_E.root
2025-11-10 12:17:59,251 - INFO - [2017] MISSING_CENTRAL: SR1E2Mu/Central/bjets/3/phi in Skim_TriLep_DYJets.root
2025-11-10 12:17:59,254 - INFO - [2017] MISSING_CENTRAL: SR1E2Mu/Central/bjets/3/phi in Skim_TriLep_DYJets10to50.root
2025-11-10 12:17:59,256 - INFO - [2017] MISSING_CENTRAL: SR1E2Mu/Central/bjets/3/phi in Skim_TriLep_ZGToLLG.root
2025-11-10 12:17:59,285 - INFO - [2017] MISSING_CENTRAL: SR1E2Mu/Central/bjets/3/phi in Skim_TriLep_WWG.root
2025-11-10 12:17:59,340 - INFO - [2017] MISSING_CENTRAL: SR1E2Mu/Central/bjets/3/phi in Skim_TriLep_WWW.root
2025-11-10 12:17:59,341 - INFO - [2017] MISSING_CENTRAL: SR1E2Mu/Central/bjets/3/phi in Skim_TriLep_WWZ.root
2025-11-10 12:17:59,368 - INFO - [2017] MISSING_SYSTEMATIC: SR1E2Mu/JetEn_Down/bjets/3/phi in Skim_TriLep_VBFHToZZTo4L.root
2025-11-10 12:17:59,376 - INFO - [2017] MISSING_CENTRAL: SR1E2Mu/Central/bjets/3/phi in Skim_TriLep_ggHToZZTo4L.root
2025-11-13 11:07:04,639 - INFO - [2017] MISSING_CENTRAL: SR1E2Mu/Central/bjets/3/phi in Skim_TriLep_MuonEG_B.root
2025-11-13 11:07:04,747 - INFO - [2017] MISSING_CENTRAL: SR1E2Mu/Central/bjets/3/phi in Skim_TriLep_MuonEG_E.root
2025-11-13 11:07:04,751 - INFO - [2017] MISSING_CENTRAL: SR1E2Mu/Central/bjets/3/phi in Skim_TriLep_DYJets.root
2025-11-13 11:07:04,753 - INFO - [2017] MISSING_CENTRAL: SR1E2Mu/Central/bjets/3/phi in Skim_TriLep_DYJets10to50.root
2025-11-13 11:07:04,754 - INFO - [2017] MISSING_CENTRAL: SR1E2Mu/Central/bjets/3/phi in Skim_TriLep_ZGToLLG.root
2025-11-13 11:07:04,777 - INFO - [2017] MISSING_CENTRAL: SR1E2Mu/Central/bjets/3/phi in Skim_TriLep_WWG.root
2025-11-13 11:07:04,963 - INFO - [2017] MISSING_CENTRAL: SR1E2Mu/Central/bjets/3/phi in Skim_TriLep_WWW.root
2025-11-13 11:07:04,966 - INFO - [2017] MISSING_CENTRAL: SR1E2Mu/Central/bjets/3/phi in Skim_TriLep_WWZ.root
2025-11-13 11:07:05,088 - INFO - [2017] MISSING_SYSTEMATIC: SR1E2Mu/JetEn_Down/bjets/3/phi in Skim_TriLep_VBFHToZZTo4L.root
2025-11-13 11:07:05,097 - INFO - [2017] MISSING_CENTRAL: SR1E2Mu/Central/bjets/3/phi in Skim_TriLep_ggHToZZTo4L.root
2025-11-19 16:20:18,752 - INFO - [2017] MISSING_CENTRAL: SR1E2Mu/Central/bjets/3/phi in Skim_TriLep_MuonEG_B.root
2025-11-19 16:20:18,836 - INFO - [2017] MISSING_CENTRAL: SR1E2Mu/Central/bjets/3/phi in Skim_TriLep_DYJets.root
2025-11-19 16:20:18,837 - INFO - [2017] MISSING_CENTRAL: SR1E2Mu/Central/bjets/3/phi in Skim_TriLep_DYJets10to50.root
2025-11-19 16:20:18,837 - INFO - [2017] MISSING_CENTRAL: SR1E2Mu/Central/bjets/3/phi in Skim_TriLep_ZGToLLG.root
2025-11-19 16:20:18,848 - INFO - [2017] MISSING_CENTRAL: SR1E2Mu/Central/bjets/3/phi in Skim_TriLep_WWG.root
2025-11-19 16:20:18,906 - INFO - [2017] MISSING_CENTRAL: SR1E2Mu/Central/bjets/3/phi in Skim_TriLep_WWW.root
2025-11-19 16:20:18,909 - INFO - [2017] MISSING_CENTRAL: SR1E2Mu/Central/bjets/3/phi in Skim_TriLep_WWZ.root
2025-11-19 16:20:18,954 - INFO - [2017] MISSING_SYSTEMATIC: SR1E2Mu/JetEn_Down/bjets/3/phi in Skim_TriLep_VBFHToZZTo4L.root
2025-11-19 16:20:18,960 - INFO - [2017] MISSING_CENTRAL: SR1E2Mu/Central/bjets/3/phi in Skim_TriLep_ggHToZZTo4L.root
2025-12-17 22:34:23,975 - INFO - [2017] MISSING_CENTRAL: SR1E2Mu/Central/bjets/3/phi in Skim_TriLep_MuonEG_B.root
2025-12-17 22:34:24,110 - INFO - [2017] MISSING_CENTRAL: SR1E2Mu/Central/bjets/3/phi in Skim_TriLep_DYJets.root
2025-12-17 22:34:24,111 - INFO - [2017] MISSING_CENTRAL: SR1E2Mu/Central/bjets/3/phi in Skim_TriLep_DYJets10to50.root
2025-12-17 22:34:24,130 - INFO - [2017] MISSING_CENTRAL: SR1E2Mu/Central/bjets/3/phi in Skim_TriLep_WWG.root
2025-12-17 22:34:24,401 - INFO - [2017] MISSING_CENTRAL: SR1E2Mu/Central/bjets/3/phi in Skim_TriLep_WWW.root
2025-12-17 22:34:24,402 - INFO - [2017] MISSING_CENTRAL: SR1E2Mu/Central/bjets/3/phi in Skim_TriLep_WWZ.root
2025-12-17 22:34:24,478 - INFO - [2017] MISSING_SYSTEMATIC: SR1E2Mu/JetEn_Down/bjets/3/phi in Skim_TriLep_VBFHToZZTo4L.root
2025-12-17 22:34:24,486 - INFO - [2017] MISSING_CENTRAL: SR1E2Mu/Central/bjets/3/phi in Skim_TriLep_ggHToZZTo4L.root
2025-12-18 14:17:45,642 - INFO - [2017] MISSING_CENTRAL: SR1E2Mu/Central/bjets/3/phi in Skim_TriLep_MuonEG_B.root
2025-12-18 14:17:45,751 - INFO - [2017] MISSING_CENTRAL: SR1E2Mu/Central/bjets/3/phi in Skim_TriLep_DYJets.root
2025-12-18 14:17:45,751 - INFO - [2017] MISSING_CENTRAL: SR1E2Mu/Central/bjets/3/phi in Skim_TriLep_DYJets10to50.root
2025-12-18 14:17:45,815 - INFO - [2017] MISSING_CENTRAL: SR1E2Mu/Central/bjets/3/phi in Skim_TriLep_WWG.root
2025-12-18 14:17:45,966 - INFO - [2017] MISSING_CENTRAL: SR1E2Mu/Central/bjets/3/phi in Skim_TriLep_WWW.root
2025-12-18 14:17:45,969 - INFO - [2017] MISSING_CENTRAL: SR1E2Mu/Central/bjets/3/phi in Skim_TriLep_WWZ.root
2025-12-18 14:17:46,051 - INFO - [2017] MISSING_SYSTEMATIC: SR1E2Mu/JetEn_Down/bjets/3/phi in Skim_TriLep_VBFHToZZTo4L.root
2025-12-18 14:17:46,077 - INFO - [2017] MISSING_CENTRAL: SR1E2Mu/Central/bjets/3/phi in Skim_TriLep_ggHToZZTo4L.root
2025-12-18 14:33:13,824 - INFO - [2017] MISSING_CENTRAL: SR1E2Mu/Central/bjets/3/phi in Skim_TriLep_MuonEG_B.root
2025-12-18 14:33:14,001 - INFO - [2017] MISSING_CENTRAL: SR1E2Mu/Central/bjets/3/phi in Skim_TriLep_DYJets.root
2025-12-18 14:33:14,002 - INFO - [2017] MISSING_CENTRAL: SR1E2Mu/Central/bjets/3/phi in Skim_TriLep_DYJets10to50.root
2025-12-18 14:33:14,064 - INFO - [2017] MISSING_CENTRAL: SR1E2Mu/Central/bjets/3/phi in Skim_TriLep_WWG.root
2025-12-18 14:33:14,203 - INFO - [2017] MISSING_CENTRAL: SR1E2Mu/Central/bjets/3/phi in Skim_TriLep_WWW.root
2025-12-18 14:33:14,205 - INFO - [2017] MISSING_CENTRAL: SR1E2Mu/Central/bjets/3/phi in Skim_TriLep_WWZ.root
2025-12-18 14:33:14,337 - INFO - [2017] MISSING_SYSTEMATIC: SR1E2Mu/JetEn_Down/bjets/3/phi in Skim_TriLep_VBFHToZZTo4L.root
2025-12-18 14:33:14,370 - INFO - [2017] MISSING_CENTRAL: SR1E2Mu/Central/bjets/3/phi in Skim_TriLep_ggHToZZTo4L.root
2026-01-07 11:43:21,595 - INFO - [2017] MISSING_CENTRAL: SR1E2Mu/Central/bjets/3/phi in Skim_TriLep_MuonEG_B.root
2026-01-07 11:43:21,705 - INFO - [2017] MISSING_CENTRAL: SR1E2Mu/Central/bjets/3/phi in Skim_TriLep_DYJets.root
2026-01-07 11:43:21,706 - INFO - [2017] MISSING_CENTRAL: SR1E2Mu/Central/bjets/3/phi in Skim_TriLep_DYJets10to50.root
2026-01-07 11:43:21,730 - INFO - [2017] MISSING_CENTRAL: SR1E2Mu/Central/bjets/3/phi in Skim_TriLep_WWG.root
2026-01-07 11:43:21,929 - INFO - [2017] MISSING_CENTRAL: SR1E2Mu/Central/bjets/3/phi in Skim_TriLep_WWW.root
2026-01-07 11:43:21,930 - INFO - [2017] MISSING_CENTRAL: SR1E2Mu/Central/bjets/3/phi in Skim_TriLep_WWZ.root
2026-01-07 11:43:22,013 - INFO - [2017] MISSING_SYSTEMATIC: SR1E2Mu/JetEn_Down/bjets/3/phi in Skim_TriLep_VBFHToZZTo4L.root
2026-01-07 11:43:22,022 - INFO - [2017] MISSING_CENTRAL: SR1E2Mu/Central/bjets/3/phi in Skim_TriLep_ggHToZZTo4L.root
2026-01-07 18:40:21,013 - INFO - [2017] MISSING_CENTRAL: SR1E2Mu/Central/bjets/3/phi in Skim_TriLep_MuonEG_B.root
2026-01-07 18:40:21,124 - INFO - [2017] MISSING_CENTRAL: SR1E2Mu/Central/bjets/3/phi in Skim_TriLep_DYJets.root
2026-01-07 18:40:21,125 - INFO - [2017] MISSING_CENTRAL: SR1E2Mu/Central/bjets/3/phi in Skim_TriLep_DYJets10to50.root
2026-01-07 18:40:21,149 - INFO - [2017] MISSING_CENTRAL: SR1E2Mu/Central/bjets/3/phi in Skim_TriLep_WWG.root
2026-01-07 18:40:21,240 - INFO - [2017] MISSING_CENTRAL: SR1E2Mu/Central/bjets/3/phi in Skim_TriLep_WWW.root
2026-01-07 18:40:21,241 - INFO - [2017] MISSING_CENTRAL: SR1E2Mu/Central/bjets/3/phi in Skim_TriLep_WWZ.root
2026-01-07 18:40:21,286 - INFO - [2017] MISSING_SYSTEMATIC: SR1E2Mu/JetEn_Down/bjets/3/phi in Skim_TriLep_VBFHToZZTo4L.root
2026-01-07 18:40:21,295 - INFO - [2017] MISSING_CENTRAL: SR1E2Mu/Central/bjets/3/phi in Skim_TriLep_ggHToZZTo4L.root
2026-01-07 19:27:43,563 - INFO - [2017] MISSING_CENTRAL: SR1E2Mu/Central/bjets/3/phi in Skim_TriLep_MuonEG_B.root
2026-01-07 19:27:43,674 - INFO - [2017] MISSING_CENTRAL: SR1E2Mu/Central/bjets/3/phi in Skim_TriLep_DYJets.root
2026-01-07 19:27:43,674 - INFO - [2017] MISSING_CENTRAL: SR1E2Mu/Central/bjets/3/phi in Skim_TriLep_DYJets10to50.root
2026-01-07 19:27:43,699 - INFO - [2017] MISSING_CENTRAL: SR1E2Mu/Central/bjets/3/phi in Skim_TriLep_WWG.root
2026-01-07 19:27:43,789 - INFO - [2017] MISSING_CENTRAL: SR1E2Mu/Central/bjets/3/phi in Skim_TriLep_WWW.root
2026-01-07 19:27:43,790 - INFO - [2017] MISSING_CENTRAL: SR1E2Mu/Central/bjets/3/phi in Skim_TriLep_WWZ.root
2026-01-07 19:27:43,833 - INFO - [2017] MISSING_SYSTEMATIC: SR1E2Mu/JetEn_Down/bjets/3/phi in Skim_TriLep_VBFHToZZTo4L.root
2026-01-07 19:27:43,841 - INFO - [2017] MISSING_CENTRAL: SR1E2Mu/Central/bjets/3/phi in Skim_TriLep_ggHToZZTo4L.root
2026-01-09 12:13:56,611 - INFO - [2017] MISSING_CENTRAL: SR1E2Mu/Central/bjets/3/phi in Skim_TriLep_MuonEG_B.root
2026-01-09 12:13:56,686 - INFO - [2017] MISSING_CENTRAL: SR1E2Mu/Central/bjets/3/phi in Skim_TriLep_DYJets.root
2026-01-09 12:13:56,686 - INFO - [2017] MISSING_CENTRAL: SR1E2Mu/Central/bjets/3/phi in Skim_TriLep_DYJets10to50.root
2026-01-09 12:13:56,714 - INFO - [2017] MISSING_CENTRAL: SR1E2Mu/Central/bjets/3/phi in Skim_TriLep_WWG.root
2026-01-09 12:13:56,809 - INFO - [2017] MISSING_CENTRAL: SR1E2Mu/Central/bjets/3/phi in Skim_TriLep_WWW.root
2026-01-09 12:13:56,813 - INFO - [2017] MISSING_CENTRAL: SR1E2Mu/Central/bjets/3/phi in Skim_TriLep_WWZ.root
2026-01-09 12:13:56,858 - INFO - [2017] MISSING_SYSTEMATIC: SR1E2Mu/JetEn_Down/bjets/3/phi in Skim_TriLep_VBFHToZZTo4L.root
2026-01-09 12:13:56,878 - INFO - [2017] MISSING_CENTRAL: SR1E2Mu/Central/bjets/3/phi in Skim_TriLep_ggHToZZTo4L.root
2026-01-11 09:34:00,870 - INFO - [2017] MISSING_CENTRAL: SR1E2Mu/Central/bjets/3/phi in Skim_TriLep_MuonEG_B.root
2026-01-11 09:34:01,021 - INFO - [2017] MISSING_CENTRAL: SR1E2Mu/Central/bjets/3/phi in Skim_TriLep_DYJets.root
2026-01-11 09:34:01,022 - INFO - [2017] MISSING_CENTRAL: SR1E2Mu/Central/bjets/3/phi in Skim_TriLep_DYJets10to50.root
2026-01-11 09:34:01,038 - INFO - [2017] MISSING_CENTRAL: SR1E2Mu/Central/bjets/3/phi in Skim_TriLep_WWG.root
2026-01-11 09:34:01,103 - INFO - [2017] MISSING_CENTRAL: SR1E2Mu/Central/bjets/3/phi in Skim_TriLep_WWW.root
2026-01-11 09:34:01,104 - INFO - [2017] MISSING_CENTRAL: SR1E2Mu/Central/bjets/3/phi in Skim_TriLep_WWZ.root
2026-01-11 09:34:01,144 - INFO - [2017] MISSING_SYSTEMATIC: SR1E2Mu/JetEn_Down/bjets/3/phi in Skim_TriLep_VBFHToZZTo4L.root
2026-01-11 09:34:01,157 - INFO - [2017] MISSING_CENTRAL: SR1E2Mu/Central/bjets/3/phi in Skim_TriLep_ggHToZZTo4L.root
2026-01-12 13:42:36,457 - INFO - [2017] MISSING_CENTRAL: SR1E2Mu/Central/bjets/3/phi in Skim_TriLep_MuonEG_B.root
2026-01-12 13:42:36,519 - INFO - [2017] MISSING_FILE: /home/choij/Sync/workspace/ChargedHiggsAnalysisV3/SKNanoOutput/MatrixSelector/Run1E2Mu/2017/Skim_TriLep_MuonEG_B.root
2026-01-12 13:42:36,519 - INFO - [2017] MISSING_FILE: /home/choij/Sync/workspace/ChargedHiggsAnalysisV3/SKNanoOutput/MatrixSelector/Run1E2Mu/2017/Skim_TriLep_MuonEG_C.root
2026-01-12 13:42:36,519 - INFO - [2017] MISSING_FILE: /home/choij/Sync/workspace/ChargedHiggsAnalysisV3/SKNanoOutput/MatrixSelector/Run1E2Mu/2017/Skim_TriLep_MuonEG_D.root
2026-01-12 13:42:36,519 - INFO - [2017] MISSING_FILE: /home/choij/Sync/workspace/ChargedHiggsAnalysisV3/SKNanoOutput/MatrixSelector/Run1E2Mu/2017/Skim_TriLep_MuonEG_E.root
2026-01-12 13:42:36,519 - INFO - [2017] MISSING_FILE: /home/choij/Sync/workspace/ChargedHiggsAnalysisV3/SKNanoOutput/MatrixSelector/Run1E2Mu/2017/Skim_TriLep_MuonEG_F.root
2026-01-12 13:42:36,520 - INFO - [2017] MISSING_CENTRAL: SR1E2Mu/Central/bjets/3/phi in Skim_TriLep_DYJets.root
2026-01-12 13:42:36,521 - INFO - [2017] MISSING_CENTRAL: SR1E2Mu/Central/bjets/3/phi in Skim_TriLep_DYJets10to50.root
2026-01-12 13:42:36,544 - INFO - [2017] MISSING_CENTRAL: SR1E2Mu/Central/bjets/3/phi in Skim_TriLep_WWG.root
2026-01-12 13:42:36,621 - INFO - [2017] MISSING_CENTRAL: SR1E2Mu/Central/bjets/3/phi in Skim_TriLep_WWW.root
2026-01-12 13:42:36,621 - INFO - [2017] MISSING_CENTRAL: SR1E2Mu/Central/bjets/3/phi in Skim_TriLep_WWZ.root
2026-01-12 13:42:36,648 - INFO - [2017] MISSING_SYSTEMATIC: SR1E2Mu/JetEn_Down/bjets/3/phi in Skim_TriLep_VBFHToZZTo4L.root
2026-01-12 13:42:36,655 - INFO - [2017] MISSING_CENTRAL: SR1E2Mu/Central/bjets/3/phi in Skim_TriLep_ggHToZZTo4L.root
2026-01-16 18:57:54,123 - INFO - [2017] MISSING_CENTRAL: SR1E2Mu/Central/bjets/3/phi in Skim_TriLep_MuonEG_B.root
2026-01-16 18:57:54,202 - INFO - [2017] MISSING_CENTRAL: SR1E2Mu/Central/bjets/3/phi in Skim_TriLep_DYJets.root
2026-01-16 18:57:54,203 - INFO - [2017] MISSING_CENTRAL: SR1E2Mu/Central/bjets/3/phi in Skim_TriLep_DYJets10to50.root
2026-01-16 18:57:54,219 - INFO - [2017] MISSING_CENTRAL: SR1E2Mu/Central/bjets/3/phi in Skim_TriLep_WWG.root
2026-01-16 18:57:54,275 - INFO - [2017] MISSING_CENTRAL: SR1E2Mu/Central/bjets/3/phi in Skim_TriLep_WWW.root
2026-01-16 18:57:54,276 - INFO - [2017] MISSING_CENTRAL: SR1E2Mu/Central/bjets/3/phi in Skim_TriLep_WWZ.root
2026-01-16 18:57:54,303 - INFO - [2017] MISSING_SYSTEMATIC: SR1E2Mu/JetEn_Down/bjets/3/phi in Skim_TriLep_VBFHToZZTo4L.root
2026-01-16 18:57:54,308 - INFO - [2017] MISSING_CENTRAL: SR1E2Mu/Central/bjets/3/phi in Skim_TriLep_ggHToZZTo4L.root
2026-01-28 16:06:56,588 - INFO - [2017] MISSING_CENTRAL: SR1E2Mu/Central/bjets/3/phi in Skim_TriLep_MuonEG_E.root
2026-01-28 16:06:56,590 - INFO - [2017] MISSING_CENTRAL: SR1E2Mu/Central/bjets/3/phi in Skim_TriLep_DYJets.root
2026-01-28 16:06:56,591 - INFO - [2017] MISSING_CENTRAL: SR1E2Mu/Central/bjets/3/phi in Skim_TriLep_DYJets10to50.root
2026-01-28 16:06:56,613 - INFO - [2017] MISSING_CENTRAL: SR1E2Mu/Central/bjets/3/phi in Skim_TriLep_WWG.root
2026-01-28 16:06:56,676 - INFO - [2017] MISSING_CENTRAL: SR1E2Mu/Central/bjets/3/phi in Skim_TriLep_WWW.root
2026-01-28 16:06:56,676 - INFO - [2017] MISSING_CENTRAL: SR1E2Mu/Central/bjets/3/phi in Skim_TriLep_WWZ.root
2026-01-28 16:06:56,706 - INFO - [2017] MISSING_SYSTEMATIC: SR1E2Mu/JetEn_Down/bjets/3/phi in Skim_TriLep_VBFHToZZTo4L.root
2026-01-28 16:06:56,712 - INFO - [2017] MISSING_CENTRAL: SR1E2Mu/Central/bjets/3/phi in Skim_TriLep_ggHToZZTo4L.root
2026-01-28 17:18:24,550 - INFO - [2017] MISSING_CENTRAL: SR1E2Mu/Central/bjets/3/phi in Skim_TriLep_MuonEG_E.root
2026-01-28 17:18:24,552 - INFO - [2017] MISSING_CENTRAL: SR1E2Mu/Central/bjets/3/phi in Skim_TriLep_DYJets.root
2026-01-28 17:18:24,552 - INFO - [2017] MISSING_CENTRAL: SR1E2Mu/Central/bjets/3/phi in Skim_TriLep_DYJets10to50.root
2026-01-28 17:18:24,569 - INFO - [2017] MISSING_CENTRAL: SR1E2Mu/Central/bjets/3/phi in Skim_TriLep_WWG.root
2026-01-28 17:18:24,633 - INFO - [2017] MISSING_CENTRAL: SR1E2Mu/Central/bjets/3/phi in Skim_TriLep_WWW.root
2026-01-28 17:18:24,634 - INFO - [2017] MISSING_CENTRAL: SR1E2Mu/Central/bjets/3/phi in Skim_TriLep_WWZ.root
2026-01-28 17:18:24,664 - INFO - [2017] MISSING_SYSTEMATIC: SR1E2Mu/JetEn_Down/bjets/3/phi in Skim_TriLep_VBFHToZZTo4L.root
2026-01-28 17:18:24,670 - INFO - [2017] MISSING_CENTRAL: SR1E2Mu/Central/bjets/3/phi in Skim_TriLep_ggHToZZTo4L.root
2026-01-28 19:52:02,065 - INFO - [2017] MISSING_CENTRAL: SR1E2Mu/Central/bjets/3/phi in Skim_TriLep_MuonEG_E.root
2026-01-28 19:52:02,067 - INFO - [2017] MISSING_CENTRAL: SR1E2Mu/Central/bjets/3/phi in Skim_TriLep_DYJets.root
2026-01-28 19:52:02,067 - INFO - [2017] MISSING_CENTRAL: SR1E2Mu/Central/bjets/3/phi in Skim_TriLep_DYJets10to50.root
2026-01-28 19:52:02,083 - INFO - [2017] MISSING_CENTRAL: SR1E2Mu/Central/bjets/3/phi in Skim_TriLep_WWG.root
2026-01-28 19:52:02,142 - INFO - [2017] MISSING_CENTRAL: SR1E2Mu/Central/bjets/3/phi in Skim_TriLep_WWW.root
2026-01-28 19:52:02,143 - INFO - [2017] MISSING_CENTRAL: SR1E2Mu/Central/bjets/3/phi in Skim_TriLep_WWZ.root
2026-01-28 19:52:02,173 - INFO - [2017] MISSING_SYSTEMATIC: SR1E2Mu/JetEn_Down/bjets/3/phi in Skim_TriLep_VBFHToZZTo4L.root
2026-01-28 19:52:02,179 - INFO - [2017] MISSING_CENTRAL: SR1E2Mu/Central/bjets/3/phi in Skim_TriLep_ggHToZZTo4L.root
2026-01-29 07:09:27,755 - INFO - [2017] MISSING_CENTRAL: SR1E2Mu/Central/bjets/3/phi in Skim_TriLep_MuonEG_E.root
2026-01-29 07:09:27,757 - INFO - [2017] MISSING_CENTRAL: SR1E2Mu/Central/bjets/3/phi in Skim_TriLep_DYJets.root
2026-01-29 07:09:27,758 - INFO - [2017] MISSING_CENTRAL: SR1E2Mu/Central/bjets/3/phi in Skim_TriLep_DYJets10to50.root
2026-01-29 07:09:27,773 - INFO - [2017] MISSING_CENTRAL: SR1E2Mu/Central/bjets/3/phi in Skim_TriLep_WWG.root
2026-01-29 07:09:27,826 - INFO - [2017] MISSING_CENTRAL: SR1E2Mu/Central/bjets/3/phi in Skim_TriLep_WWW.root
2026-01-29 07:09:27,826 - INFO - [2017] MISSING_CENTRAL: SR1E2Mu/Central/bjets/3/phi in Skim_TriLep_WWZ.root
2026-01-29 07:09:27,852 - INFO - [2017] MISSING_SYSTEMATIC: SR1E2Mu/JetEn_Down/bjets/3/phi in Skim_TriLep_VBFHToZZTo4L.root
2026-01-29 07:09:27,857 - INFO - [2017] MISSING_CENTRAL: SR1E2Mu/Central/bjets/3/phi in Skim_TriLep_ggHToZZTo4L.root
2026-03-06 09:38:16,497 - INFO - [2017] MISSING_CENTRAL: SR1E2Mu/Central/bjets/3/phi in Skim_TriLep_MuonEG_E.root
2026-03-06 09:38:16,499 - INFO - [2017] MISSING_CENTRAL: SR1E2Mu/Central/bjets/3/phi in Skim_TriLep_DYJets.root
2026-03-06 09:38:16,500 - INFO - [2017] MISSING_CENTRAL: SR1E2Mu/Central/bjets/3/phi in Skim_TriLep_DYJets10to50.root
2026-03-06 09:38:16,515 - INFO - [2017] MISSING_CENTRAL: SR1E2Mu/Central/bjets/3/phi in Skim_TriLep_WWG.root
2026-03-06 09:38:16,570 - INFO - [2017] MISSING_CENTRAL: SR1E2Mu/Central/bjets/3/phi in Skim_TriLep_WWW.root
2026-03-06 09:38:16,570 - INFO - [2017] MISSING_CENTRAL: SR1E2Mu/Central/bjets/3/phi in Skim_TriLep_WWZ.root
2026-03-06 09:38:16,599 - INFO - [2017] MISSING_SYSTEMATIC: SR1E2Mu/JetEn_Down/bjets/3/phi in Skim_TriLep_VBFHToZZTo4L.root
2026-03-06 09:38:16,605 - INFO - [2017] MISSING_CENTRAL: SR1E2Mu/Central/bjets/3/phi in Skim_TriLep_ggHToZZTo4L.root
2026-03-06 19:44:05,763 - INFO - [2017] MISSING_CENTRAL: SR1E2Mu/Central/bjets/3/phi in Skim_TriLep_MuonEG_E.root
2026-03-06 19:44:05,764 - INFO - [2017] MISSING_CENTRAL: SR1E2Mu/Central/bjets/3/phi in Skim_TriLep_DYJets.root
2026-03-06 19:44:05,765 - INFO - [2017] MISSING_CENTRAL: SR1E2Mu/Central/bjets/3/phi in Skim_TriLep_DYJets10to50.root
2026-03-06 19:44:05,779 - INFO - [2017] MISSING_CENTRAL: SR1E2Mu/Central/bjets/3/phi in Skim_TriLep_WWG.root
2026-03-06 19:44:05,831 - INFO - [2017] MISSING_CENTRAL: SR1E2Mu/Central/bjets/3/phi in Skim_TriLep_WWW.root
2026-03-06 19:44:05,832 - INFO - [2017] MISSING_CENTRAL: SR1E2Mu/Central/bjets/3/phi in Skim_TriLep_WWZ.root
2026-03-06 19:44:05,858 - INFO - [2017] MISSING_SYSTEMATIC: SR1E2Mu/JetEn_Down/bjets/3/phi in Skim_TriLep_VBFHToZZTo4L.root
2026-03-06 19:44:05,864 - INFO - [2017] MISSING_CENTRAL: SR1E2Mu/Central/bjets/3/phi in Skim_TriLep_ggHToZZTo4L.root
2026-04-10 20:18:33,926 - INFO - [2017] MISSING_CENTRAL: SR1E2Mu/Central/bjets/3/phi in Skim_TriLep_MuonEG_E.root
2026-04-10 20:18:33,928 - INFO - [2017] MISSING_CENTRAL: SR1E2Mu/Central/bjets/3/phi in Skim_TriLep_DYJets.root
2026-04-10 20:18:33,928 - INFO - [2017] MISSING_CENTRAL: SR1E2Mu/Central/bjets/3/phi in Skim_TriLep_DYJets10to50.root
2026-04-10 20:18:33,943 - INFO - [2017] MISSING_CENTRAL: SR1E2Mu/Central/bjets/3/phi in Skim_TriLep_WWG.root
2026-04-10 20:18:33,994 - INFO - [2017] MISSING_CENTRAL: SR1E2Mu/Central/bjets/3/phi in Skim_TriLep_WWW.root
2026-04-10 20:18:33,995 - INFO - [2017] MISSING_CENTRAL: SR1E2Mu/Central/bjets/3/phi in Skim_TriLep_WWZ.root
2026-04-10 20:18:34,022 - INFO - [2017] MISSING_SYSTEMATIC: SR1E2Mu/JetEn_Down/bjets/3/phi in Skim_TriLep_VBFHToZZTo4L.root
2026-04-10 20:18:34,027 - INFO - [2017] MISSING_CENTRAL: SR1E2Mu/Central/bjets/3/phi in Skim_TriLep_ggHToZZTo4L.root
2026-04-12 11:33:34,773 - INFO - [2017] MISSING_CENTRAL: SR1E2Mu/Central/bjets/3/phi in Skim_TriLep_MuonEG_E.root
2026-04-12 11:33:34,774 - INFO - [2017] MISSING_CENTRAL: SR1E2Mu/Central/bjets/3/phi in Skim_TriLep_DYJets.root
2026-04-12 11:33:34,775 - INFO - [2017] MISSING_CENTRAL: SR1E2Mu/Central/bjets/3/phi in Skim_TriLep_DYJets10to50.root
2026-04-12 11:33:34,790 - INFO - [2017] MISSING_CENTRAL: SR1E2Mu/Central/bjets/3/phi in Skim_TriLep_WWG.root
2026-04-12 11:33:34,845 - INFO - [2017] MISSING_CENTRAL: SR1E2Mu/Central/bjets/3/phi in Skim_TriLep_WWW.root
2026-04-12 11:33:34,846 - INFO - [2017] MISSING_CENTRAL: SR1E2Mu/Central/bjets/3/phi in Skim_TriLep_WWZ.root
2026-04-12 11:33:34,873 - INFO - [2017] MISSING_SYSTEMATIC: SR1E2Mu/JetEn_Down/bjets/3/phi in Skim_TriLep_VBFHToZZTo4L.root
2026-04-12 11:33:34,879 - INFO - [2017] MISSING_CENTRAL: SR1E2Mu/Central/bjets/3/phi in Skim_TriLep_ggHToZZTo4L.root
2026-04-12 12:15:47,350 - INFO - [2017] MISSING_CENTRAL: SR1E2Mu/Central/bjets/3/phi in Skim_TriLep_MuonEG_E.root
2026-04-12 12:15:47,351 - INFO - [2017] MISSING_CENTRAL: SR1E2Mu/Central/bjets/3/phi in Skim_TriLep_DYJets.root
2026-04-12 12:15:47,351 - INFO - [2017] MISSING_CENTRAL: SR1E2Mu/Central/bjets/3/phi in Skim_TriLep_DYJets10to50.root
2026-04-12 12:15:47,367 - INFO - [2017] MISSING_CENTRAL: SR1E2Mu/Central/bjets/3/phi in Skim_TriLep_WWG.root
2026-04-12 12:15:47,421 - INFO - [2017] MISSING_CENTRAL: SR1E2Mu/Central/bjets/3/phi in Skim_TriLep_WWW.root
2026-04-12 12:15:47,422 - INFO - [2017] MISSING_CENTRAL: SR1E2Mu/Central/bjets/3/phi in Skim_TriLep_WWZ.root
2026-04-12 12:15:47,447 - INFO - [2017] MISSING_SYSTEMATIC: SR1E2Mu/JetEn_Down/bjets/3/phi in Skim_TriLep_VBFHToZZTo4L.root
2026-04-12 12:15:47,452 - INFO - [2017] MISSING_CENTRAL: SR1E2Mu/Central/bjets/3/phi in Skim_TriLep_ggHToZZTo4L.root
2026-04-12 12:35:25,464 - INFO - [2017] MISSING_CENTRAL: SR1E2Mu/Central/bjets/3/phi in Skim_TriLep_MuonEG_E.root
2026-04-12 12:35:25,466 - INFO - [2017] MISSING_CENTRAL: SR1E2Mu/Central/bjets/3/phi in Skim_TriLep_DYJets.root
2026-04-12 12:35:25,466 - INFO - [2017] MISSING_CENTRAL: SR1E2Mu/Central/bjets/3/phi in Skim_TriLep_DYJets10to50.root
2026-04-12 12:35:25,481 - INFO - [2017] MISSING_CENTRAL: SR1E2Mu/Central/bjets/3/phi in Skim_TriLep_WWG.root
2026-04-12 12:35:25,535 - INFO - [2017] MISSING_CENTRAL: SR1E2Mu/Central/bjets/3/phi in Skim_TriLep_WWW.root
2026-04-12 12:35:25,536 - INFO - [2017] MISSING_CENTRAL: SR1E2Mu/Central/bjets/3/phi in Skim_TriLep_WWZ.root
2026-04-12 12:35:25,562 - INFO - [2017] MISSING_SYSTEMATIC: SR1E2Mu/JetEn_Down/bjets/3/phi in Skim_TriLep_VBFHToZZTo4L.root
2026-04-12 12:35:25,567 - INFO - [2017] MISSING_CENTRAL: SR1E2Mu/Central/bjets/3/phi in Skim_TriLep_ggHToZZTo4L.root
2026-04-12 20:43:27,523 - INFO - [2017] MISSING_CENTRAL: SR1E2Mu/Central/bjets/3/phi in Skim_TriLep_MuonEG_E.root
2026-04-12 20:43:27,524 - INFO - [2017] MISSING_CENTRAL: SR1E2Mu/Central/bjets/3/phi in Skim_TriLep_DYJets.root
2026-04-12 20:43:27,525 - INFO - [2017] MISSING_CENTRAL: SR1E2Mu/Central/bjets/3/phi in Skim_TriLep_DYJets10to50.root
2026-04-12 20:43:27,540 - INFO - [2017] MISSING_CENTRAL: SR1E2Mu/Central/bjets/3/phi in Skim_TriLep_WWG.root
2026-04-12 20:43:27,594 - INFO - [2017] MISSING_CENTRAL: SR1E2Mu/Central/bjets/3/phi in Skim_TriLep_WWW.root
2026-04-12 20:43:27,595 - INFO - [2017] MISSING_CENTRAL: SR1E2Mu/Central/bjets/3/phi in Skim_TriLep_WWZ.root
2026-04-12 20:43:27,620 - INFO - [2017] MISSING_SYSTEMATIC: SR1E2Mu/JetEn_Down/bjets/3/phi in Skim_TriLep_VBFHToZZTo4L.root
2026-04-12 20:43:27,626 - INFO - [2017] MISSING_CENTRAL: SR1E2Mu/Central/bjets/3/phi in Skim_TriLep_ggHToZZTo4L.root
2026-04-12 21:15:07,080 - INFO - [2017] MISSING_CENTRAL: SR1E2Mu/Central/bjets/3/phi in Skim_TriLep_MuonEG_E.root
2026-04-12 21:15:07,081 - INFO - [2017] MISSING_CENTRAL: SR1E2Mu/Central/bjets/3/phi in Skim_TriLep_DYJets.root
2026-04-12 21:15:07,082 - INFO - [2017] MISSING_CENTRAL: SR1E2Mu/Central/bjets/3/phi in Skim_TriLep_DYJets10to50.root
2026-04-12 21:15:07,096 - INFO - [2017] MISSING_CENTRAL: SR1E2Mu/Central/bjets/3/phi in Skim_TriLep_WWG.root
2026-04-12 21:15:07,147 - INFO - [2017] MISSING_CENTRAL: SR1E2Mu/Central/bjets/3/phi in Skim_TriLep_WWW.root
2026-04-12 21:15:07,148 - INFO - [2017] MISSING_CENTRAL: SR1E2Mu/Central/bjets/3/phi in Skim_TriLep_WWZ.root
2026-04-12 21:15:07,172 - INFO - [2017] MISSING_SYSTEMATIC: SR1E2Mu/JetEn_Down/bjets/3/phi in Skim_TriLep_VBFHToZZTo4L.root
2026-04-12 21:15:07,177 - INFO - [2017] MISSING_CENTRAL: SR1E2Mu/Central/bjets/3/phi in Skim_TriLep_ggHToZZTo4L.root
2026-04-13 12:52:37,583 - INFO - [2017] MISSING_CENTRAL: SR1E2Mu/Central/bjets/3/phi in Skim_TriLep_MuonEG_E.root
2026-04-13 12:52:37,585 - INFO - [2017] MISSING_CENTRAL: SR1E2Mu/Central/bjets/3/phi in Skim_TriLep_DYJets.root
2026-04-13 12:52:37,585 - INFO - [2017] MISSING_CENTRAL: SR1E2Mu/Central/bjets/3/phi in Skim_TriLep_DYJets10to50.root
2026-04-13 12:52:37,605 - INFO - [2017] MISSING_CENTRAL: SR1E2Mu/Central/bjets/3/phi in Skim_TriLep_WWG.root
2026-04-13 12:52:37,675 - INFO - [2017] MISSING_CENTRAL: SR1E2Mu/Central/bjets/3/phi in Skim_TriLep_WWW.root
2026-04-13 12:52:37,676 - INFO - [2017] MISSING_CENTRAL: SR1E2Mu/Central/bjets/3/phi in Skim_TriLep_WWZ.root
2026-04-13 12:52:37,709 - INFO - [2017] MISSING_SYSTEMATIC: SR1E2Mu/JetEn_Down/bjets/3/phi in Skim_TriLep_VBFHToZZTo4L.root
2026-04-13 12:52:37,718 - INFO - [2017] MISSING_CENTRAL: SR1E2Mu/Central/bjets/3/phi in Skim_TriLep_ggHToZZTo4L.root
2026-04-16 17:29:03,830 - INFO - [2017] MISSING_CENTRAL: SR1E2Mu/Central/bjets/3/phi in Skim_TriLep_MuonEG_E.root
2026-04-16 17:29:03,831 - INFO - [2017] MISSING_CENTRAL: SR1E2Mu/Central/bjets/3/phi in Skim_TriLep_DYJets.root
2026-04-16 17:29:03,832 - INFO - [2017] MISSING_CENTRAL: SR1E2Mu/Central/bjets/3/phi in Skim_TriLep_DYJets10to50.root
2026-04-16 17:29:03,850 - INFO - [2017] MISSING_CENTRAL: SR1E2Mu/Central/bjets/3/phi in Skim_TriLep_WWG.root
2026-04-16 17:29:03,925 - INFO - [2017] MISSING_CENTRAL: SR1E2Mu/Central/bjets/3/phi in Skim_TriLep_WWW.root
2026-04-16 17:29:03,926 - INFO - [2017] MISSING_CENTRAL: SR1E2Mu/Central/bjets/3/phi in Skim_TriLep_WWZ.root
2026-04-16 17:29:03,962 - INFO - [2017] MISSING_SYSTEMATIC: SR1E2Mu/JetEn_Down/bjets/3/phi in Skim_TriLep_VBFHToZZTo4L.root
2026-04-16 17:29:03,968 - INFO - [2017] MISSING_CENTRAL: SR1E2Mu/Central/bjets/3/phi in Skim_TriLep_ggHToZZTo4L.root
2026-04-16 17:35:07,011 - INFO - [2017] MISSING_CENTRAL: SR1E2Mu/Central/bjets/3/phi in Skim_TriLep_MuonEG_E.root
2026-04-16 17:35:07,012 - INFO - [2017] MISSING_CENTRAL: SR1E2Mu/Central/bjets/3/phi in Skim_TriLep_DYJets.root
2026-04-16 17:35:07,013 - INFO - [2017] MISSING_CENTRAL: SR1E2Mu/Central/bjets/3/phi in Skim_TriLep_DYJets10to50.root
2026-04-16 17:35:07,031 - INFO - [2017] MISSING_CENTRAL: SR1E2Mu/Central/bjets/3/phi in Skim_TriLep_WWG.root
2026-04-16 17:35:07,088 - INFO - [2017] MISSING_CENTRAL: SR1E2Mu/Central/bjets/3/phi in Skim_TriLep_WWW.root
2026-04-16 17:35:07,088 - INFO - [2017] MISSING_CENTRAL: SR1E2Mu/Central/bjets/3/phi in Skim_TriLep_WWZ.root
2026-04-16 17:35:07,133 - INFO - [2017] MISSING_SYSTEMATIC: SR1E2Mu/JetEn_Down/bjets/3/phi in Skim_TriLep_VBFHToZZTo4L.root
2026-04-16 17:35:07,138 - INFO - [2017] MISSING_CENTRAL: SR1E2Mu/Central/bjets/3/phi in Skim_TriLep_ggHToZZTo4L.root
2026-04-28 15:09:42,374 - INFO - [2017] MISSING_CENTRAL: SR1E2Mu/Central/bjets/3/phi in Skim_TriLep_MuonEG_E.root
2026-04-28 15:09:42,375 - INFO - [2017] MISSING_CENTRAL: SR1E2Mu/Central/bjets/3/phi in Skim_TriLep_DYJets.root
2026-04-28 15:09:42,376 - INFO - [2017] MISSING_CENTRAL: SR1E2Mu/Central/bjets/3/phi in Skim_TriLep_DYJets10to50.root
2026-04-28 15:09:42,395 - INFO - [2017] MISSING_CENTRAL: SR1E2Mu/Central/bjets/3/phi in Skim_TriLep_WWG.root
2026-04-28 15:09:42,464 - INFO - [2017] MISSING_CENTRAL: SR1E2Mu/Central/bjets/3/phi in Skim_TriLep_WWW.root
2026-04-28 15:09:42,465 - INFO - [2017] MISSING_CENTRAL: SR1E2Mu/Central/bjets/3/phi in Skim_TriLep_WWZ.root
2026-04-28 15:09:42,495 - INFO - [2017] MISSING_SYSTEMATIC: SR1E2Mu/JetEn_Down/bjets/3/phi in Skim_TriLep_VBFHToZZTo4L.root
2026-04-28 15:09:42,500 - INFO - [2017] MISSING_CENTRAL: SR1E2Mu/Central/bjets/3/phi in Skim_TriLep_ggHToZZTo4L.root
2026-04-28 15:15:42,821 - INFO - [2017] MISSING_CENTRAL: SR1E2Mu/Central/bjets/3/phi in Skim_TriLep_MuonEG_E.root
2026-04-28 15:15:42,822 - INFO - [2017] MISSING_CENTRAL: SR1E2Mu/Central/bjets/3/phi in Skim_TriLep_DYJets.root
2026-04-28 15:15:42,823 - INFO - [2017] MISSING_CENTRAL: SR1E2Mu/Central/bjets/3/phi in Skim_TriLep_DYJets10to50.root
2026-04-28 15:15:42,842 - INFO - [2017] MISSING_CENTRAL: SR1E2Mu/Central/bjets/3/phi in Skim_TriLep_WWG.root
2026-04-28 15:15:42,900 - INFO - [2017] MISSING_CENTRAL: SR1E2Mu/Central/bjets/3/phi in Skim_TriLep_WWW.root
2026-04-28 15:15:42,900 - INFO - [2017] MISSING_CENTRAL: SR1E2Mu/Central/bjets/3/phi in Skim_TriLep_WWZ.root
2026-04-28 15:15:42,928 - INFO - [2017] MISSING_SYSTEMATIC: SR1E2Mu/JetEn_Down/bjets/3/phi in Skim_TriLep_VBFHToZZTo4L.root
2026-04-28 15:15:42,934 - INFO - [2017] MISSING_CENTRAL: SR1E2Mu/Central/bjets/3/phi in Skim_TriLep_ggHToZZTo4L.root
2026-05-04 16:59:07,374 - INFO - [2017] MISSING_CENTRAL: SR1E2Mu/Central/bjets/3/phi in Skim_TriLep_MuonEG_E.root
2026-05-04 16:59:07,376 - INFO - [2017] MISSING_CENTRAL: SR1E2Mu/Central/bjets/3/phi in Skim_TriLep_DYJets.root
2026-05-04 16:59:07,377 - INFO - [2017] MISSING_CENTRAL: SR1E2Mu/Central/bjets/3/phi in Skim_TriLep_DYJets10to50.root
2026-05-04 16:59:07,396 - INFO - [2017] MISSING_CENTRAL: SR1E2Mu/Central/bjets/3/phi in Skim_TriLep_WWG.root
2026-05-04 16:59:07,454 - INFO - [2017] MISSING_CENTRAL: SR1E2Mu/Central/bjets/3/phi in Skim_TriLep_WWW.root
2026-05-04 16:59:07,455 - INFO - [2017] MISSING_CENTRAL: SR1E2Mu/Central/bjets/3/phi in Skim_TriLep_WWZ.root
2026-05-04 16:59:07,482 - INFO - [2017] MISSING_SYSTEMATIC: SR1E2Mu/JetEn_Down/bjets/3/phi in Skim_TriLep_VBFHToZZTo4L.root
2026-05-04 16:59:07,487 - INFO - [2017] MISSING_CENTRAL: SR1E2Mu/Central/bjets/3/phi in Skim_TriLep_ggHToZZTo4L.root
2026-05-04 17:04:49,459 - INFO - [2017] MISSING_CENTRAL: SR1E2Mu/Central/bjets/3/phi in Skim_TriLep_MuonEG_E.root
2026-05-04 17:04:49,461 - INFO - [2017] MISSING_CENTRAL: SR1E2Mu/Central/bjets/3/phi in Skim_TriLep_DYJets.root
2026-05-04 17:04:49,462 - INFO - [2017] MISSING_CENTRAL: SR1E2Mu/Central/bjets/3/phi in Skim_TriLep_DYJets10to50.root
2026-05-04 17:04:49,480 - INFO - [2017] MISSING_CENTRAL: SR1E2Mu/Central/bjets/3/phi in Skim_TriLep_WWG.root
2026-05-04 17:04:49,538 - INFO - [2017] MISSING_CENTRAL: SR1E2Mu/Central/bjets/3/phi in Skim_TriLep_WWW.root
2026-05-04 17:04:49,539 - INFO - [2017] MISSING_CENTRAL: SR1E2Mu/Central/bjets/3/phi in Skim_TriLep_WWZ.root
2026-05-04 17:04:49,566 - INFO - [2017] MISSING_SYSTEMATIC: SR1E2Mu/JetEn_Down/bjets/3/phi in Skim_TriLep_VBFHToZZTo4L.root
2026-05-04 17:04:49,572 - INFO - [2017] MISSING_CENTRAL: SR1E2Mu/Central/bjets/3/phi in Skim_TriLep_ggHToZZTo4L.root
2026-05-28 15:35:38,951 - INFO - [2017] MISSING_CENTRAL: SR1E2Mu/Central/bjets/3/phi in Skim_TriLep_MuonEG_E.root
2026-05-28 15:35:38,954 - INFO - [2017] MISSING_CENTRAL: SR1E2Mu/Central/bjets/3/phi in Skim_TriLep_DYJets.root
2026-05-28 15:35:38,956 - INFO - [2017] MISSING_CENTRAL: SR1E2Mu/Central/bjets/3/phi in Skim_TriLep_DYJets10to50.root
2026-05-28 15:35:38,988 - INFO - [2017] MISSING_CENTRAL: SR1E2Mu/Central/bjets/3/phi in Skim_TriLep_WWG.root
2026-05-28 15:35:39,175 - INFO - [2017] MISSING_CENTRAL: SR1E2Mu/Central/bjets/3/phi in Skim_TriLep_WWW.root
2026-05-28 15:35:39,176 - INFO - [2017] MISSING_CENTRAL: SR1E2Mu/Central/bjets/3/phi in Skim_TriLep_WWZ.root
2026-05-28 15:35:39,254 - INFO - [2017] MISSING_SYSTEMATIC: SR1E2Mu/JetEn_Down/bjets/3/phi in Skim_TriLep_VBFHToZZTo4L.root
2026-05-28 15:35:39,263 - INFO - [2017] MISSING_CENTRAL: SR1E2Mu/Central/bjets/3/phi in Skim_TriLep_ggHToZZTo4L.root
2026-05-28 15:41:44,003 - INFO - [2017] MISSING_CENTRAL: SR1E2Mu/Central/bjets/3/phi in Skim_TriLep_MuonEG_E.root
2026-05-28 15:41:44,005 - INFO - [2017] MISSING_CENTRAL: SR1E2Mu/Central/bjets/3/phi in Skim_TriLep_DYJets.root
2026-05-28 15:41:44,006 - INFO - [2017] MISSING_CENTRAL: SR1E2Mu/Central/bjets/3/phi in Skim_TriLep_DYJets10to50.root
2026-05-28 15:41:44,030 - INFO - [2017] MISSING_CENTRAL: SR1E2Mu/Central/bjets/3/phi in Skim_TriLep_WWG.root
2026-05-28 15:41:44,115 - INFO - [2017] MISSING_CENTRAL: SR1E2Mu/Central/bjets/3/phi in Skim_TriLep_WWW.root
2026-05-28 15:41:44,117 - INFO - [2017] MISSING_CENTRAL: SR1E2Mu/Central/bjets/3/phi in Skim_TriLep_WWZ.root
2026-05-28 15:41:44,162 - INFO - [2017] MISSING_SYSTEMATIC: SR1E2Mu/JetEn_Down/bjets/3/phi in Skim_TriLep_VBFHToZZTo4L.root
2026-05-28 15:41:44,179 - INFO - [2017] MISSING_CENTRAL: SR1E2Mu/Central/bjets/3/phi in Skim_TriLep_ggHToZZTo4L.root
2026-05-29 15:26:44,308 - INFO - [2017] MISSING_CENTRAL: SR1E2Mu/Central/bjets/3/phi in Skim_TriLep_MuonEG_E.root
2026-05-29 15:26:44,322 - INFO - [2017] MISSING_CENTRAL: SR1E2Mu/Central/bjets/3/phi in Skim_TriLep_DYJets.root
2026-05-29 15:26:44,323 - INFO - [2017] MISSING_CENTRAL: SR1E2Mu/Central/bjets/3/phi in Skim_TriLep_DYJets10to50.root
2026-05-29 15:26:44,342 - INFO - [2017] MISSING_CENTRAL: SR1E2Mu/Central/bjets/3/phi in Skim_TriLep_WWG.root
2026-05-29 15:26:44,398 - INFO - [2017] MISSING_CENTRAL: SR1E2Mu/Central/bjets/3/phi in Skim_TriLep_WWW.root
2026-05-29 15:26:44,399 - INFO - [2017] MISSING_CENTRAL: SR1E2Mu/Central/bjets/3/phi in Skim_TriLep_WWZ.root
2026-05-29 15:26:44,424 - INFO - [2017] MISSING_SYSTEMATIC: SR1E2Mu/JetEn_Down/bjets/3/phi in Skim_TriLep_VBFHToZZTo4L.root
2026-05-29 15:26:44,429 - INFO - [2017] MISSING_CENTRAL: SR1E2Mu/Central/bjets/3/phi in Skim_TriLep_ggHToZZTo4L.root
2026-05-29 15:32:37,746 - INFO - [2017] MISSING_CENTRAL: SR1E2Mu/Central/bjets/3/phi in Skim_TriLep_MuonEG_E.root
2026-05-29 15:32:37,747 - INFO - [2017] MISSING_CENTRAL: SR1E2Mu/Central/bjets/3/phi in Skim_TriLep_DYJets.root
2026-05-29 15:32:37,748 - INFO - [2017] MISSING_CENTRAL: SR1E2Mu/Central/bjets/3/phi in Skim_TriLep_DYJets10to50.root
2026-05-29 15:32:37,767 - INFO - [2017] MISSING_CENTRAL: SR1E2Mu/Central/bjets/3/phi in Skim_TriLep_WWG.root
2026-05-29 15:32:37,824 - INFO - [2017] MISSING_CENTRAL: SR1E2Mu/Central/bjets/3/phi in Skim_TriLep_WWW.root
2026-05-29 15:32:37,825 - INFO - [2017] MISSING_CENTRAL: SR1E2Mu/Central/bjets/3/phi in Skim_TriLep_WWZ.root
2026-05-29 15:32:37,852 - INFO - [2017] MISSING_SYSTEMATIC: SR1E2Mu/JetEn_Down/bjets/3/phi in Skim_TriLep_VBFHToZZTo4L.root
2026-05-29 15:32:37,857 - INFO - [2017] MISSING_CENTRAL: SR1E2Mu/Central/bjets/3/phi in Skim_TriLep_ggHToZZTo4L.root
2026-05-29 18:17:59,602 - INFO - [2017] MISSING_CENTRAL: SR1E2Mu/Central/bjets/3/phi in Skim_TriLep_MuonEG_E.root
2026-05-29 18:17:59,603 - INFO - [2017] MISSING_CENTRAL: SR1E2Mu/Central/bjets/3/phi in Skim_TriLep_DYJets.root
2026-05-29 18:17:59,604 - INFO - [2017] MISSING_CENTRAL: SR1E2Mu/Central/bjets/3/phi in Skim_TriLep_DYJets10to50.root
2026-05-29 18:17:59,623 - INFO - [2017] MISSING_CENTRAL: SR1E2Mu/Central/bjets/3/phi in Skim_TriLep_WWG.root
2026-05-29 18:17:59,683 - INFO - [2017] MISSING_CENTRAL: SR1E2Mu/Central/bjets/3/phi in Skim_TriLep_WWW.root
2026-05-29 18:17:59,683 - INFO - [2017] MISSING_CENTRAL: SR1E2Mu/Central/bjets/3/phi in Skim_TriLep_WWZ.root
2026-05-29 18:17:59,711 - INFO - [2017] MISSING_SYSTEMATIC: SR1E2Mu/JetEn_Down/bjets/3/phi in Skim_TriLep_VBFHToZZTo4L.root
2026-05-29 18:17:59,716 - INFO - [2017] MISSING_CENTRAL: SR1E2Mu/Central/bjets/3/phi in Skim_TriLep_ggHToZZTo4L.root
2026-05-29 18:23:45,462 - INFO - [2017] MISSING_CENTRAL: SR1E2Mu/Central/bjets/3/phi in Skim_TriLep_MuonEG_E.root
2026-05-29 18:23:45,463 - INFO - [2017] MISSING_CENTRAL: SR1E2Mu/Central/bjets/3/phi in Skim_TriLep_DYJets.root
2026-05-29 18:23:45,464 - INFO - [2017] MISSING_CENTRAL: SR1E2Mu/Central/bjets/3/phi in Skim_TriLep_DYJets10to50.root
2026-05-29 18:23:45,482 - INFO - [2017] MISSING_CENTRAL: SR1E2Mu/Central/bjets/3/phi in Skim_TriLep_WWG.root
2026-05-29 18:23:45,536 - INFO - [2017] MISSING_CENTRAL: SR1E2Mu/Central/bjets/3/phi in Skim_TriLep_WWW.root
2026-05-29 18:23:45,537 - INFO - [2017] MISSING_CENTRAL: SR1E2Mu/Central/bjets/3/phi in Skim_TriLep_WWZ.root
2026-05-29 18:23:45,568 - INFO - [2017] MISSING_SYSTEMATIC: SR1E2Mu/JetEn_Down/bjets/3/phi in Skim_TriLep_VBFHToZZTo4L.root
2026-05-29 18:23:45,573 - INFO - [2017] MISSING_CENTRAL: SR1E2Mu/Central/bjets/3/phi in Skim_TriLep_ggHToZZTo4L.root
