2025-11-05 22:17:20,712 - INFO - [2017] MISSING_CENTRAL: SR1E2Mu/Central/dR_ele_mu2 in Skim_TriLep_DYJets10to50.root
2025-11-05 23:21:51,992 - INFO - [2017] MISSING_CENTRAL: SR1E2Mu/Central/dR_ele_mu2 in Skim_TriLep_DYJets10to50.root
2025-11-07 12:25:05,757 - INFO - [2017] MISSING_CENTRAL: SR1E2Mu/Central/dR_ele_mu2 in Skim_TriLep_DYJets10to50.root
2025-11-07 13:05:24,025 - INFO - [2017] MISSING_CENTRAL: SR1E2Mu/Central/dR_ele_mu2 in Skim_TriLep_DYJets10to50.root
2025-11-07 13:30:12,428 - INFO - [2017] MISSING_CENTRAL: SR1E2Mu/Central/dR_ele_mu2 in Skim_TriLep_DYJets10to50.root
2025-11-07 14:02:57,532 - INFO - [2017] MISSING_CENTRAL: SR1E2Mu/Central/dR_ele_mu2 in Skim_TriLep_DYJets10to50.root
2025-11-10 05:53:31,219 - INFO - [2017] MISSING_CENTRAL: SR1E2Mu/Central/dR_ele_mu2 in Skim_TriLep_DYJets10to50.root
2025-11-10 12:17:59,548 - INFO - [2017] MISSING_CENTRAL: SR1E2Mu/Central/dR_ele_mu2 in Skim_TriLep_DYJets10to50.root
2025-11-13 11:07:05,089 - INFO - [2017] MISSING_CENTRAL: SR1E2Mu/Central/dR_ele_mu2 in Skim_TriLep_DYJets10to50.root
2025-11-19 16:20:19,738 - INFO - [2017] MISSING_CENTRAL: SR1E2Mu/Central/dR_ele_mu2 in Skim_TriLep_DYJets10to50.root
2025-12-17 22:34:24,304 - INFO - [2017] MISSING_CENTRAL: SR1E2Mu/Central/dR_ele_mu2 in Skim_TriLep_DYJets10to50.root
2025-12-18 14:17:46,698 - INFO - [2017] MISSING_CENTRAL: SR1E2Mu/Central/dR_ele_mu2 in Skim_TriLep_DYJets10to50.root
2025-12-18 14:33:15,357 - INFO - [2017] MISSING_CENTRAL: SR1E2Mu/Central/dR_ele_mu2 in Skim_TriLep_DYJets10to50.root
2026-01-07 11:43:21,719 - INFO - [2017] MISSING_CENTRAL: SR1E2Mu/Central/dR_ele_mu2 in Skim_TriLep_DYJets10to50.root
2026-01-07 18:40:20,998 - INFO - [2017] MISSING_CENTRAL: SR1E2Mu/Central/dR_ele_mu2 in Skim_TriLep_DYJets10to50.root
2026-01-07 19:27:43,538 - INFO - [2017] MISSING_CENTRAL: SR1E2Mu/Central/dR_ele_mu2 in Skim_TriLep_DYJets10to50.root
2026-01-09 12:13:57,423 - INFO - [2017] MISSING_CENTRAL: SR1E2Mu/Central/dR_ele_mu2 in Skim_TriLep_DYJets10to50.root
2026-01-11 09:34:01,726 - INFO - [2017] MISSING_CENTRAL: SR1E2Mu/Central/dR_ele_mu2 in Skim_TriLep_DYJets10to50.root
2026-01-12 13:42:37,055 - INFO - [2017] MISSING_FILE: /home/choij/Sync/workspace/ChargedHiggsAnalysisV3/SKNanoOutput/MatrixSelector/Run1E2Mu/2017/Skim_TriLep_MuonEG_B.root
2026-01-12 13:42:37,055 - INFO - [2017] MISSING_FILE: /home/choij/Sync/workspace/ChargedHiggsAnalysisV3/SKNanoOutput/MatrixSelector/Run1E2Mu/2017/Skim_TriLep_MuonEG_C.root
2026-01-12 13:42:37,055 - INFO - [2017] MISSING_FILE: /home/choij/Sync/workspace/ChargedHiggsAnalysisV3/SKNanoOutput/MatrixSelector/Run1E2Mu/2017/Skim_TriLep_MuonEG_D.root
2026-01-12 13:42:37,055 - INFO - [2017] MISSING_FILE: /home/choij/Sync/workspace/ChargedHiggsAnalysisV3/SKNanoOutput/MatrixSelector/Run1E2Mu/2017/Skim_TriLep_MuonEG_E.root
2026-01-12 13:42:37,055 - INFO - [2017] MISSING_FILE: /home/choij/Sync/workspace/ChargedHiggsAnalysisV3/SKNanoOutput/MatrixSelector/Run1E2Mu/2017/Skim_TriLep_MuonEG_F.root
2026-01-12 13:42:37,076 - INFO - [2017] MISSING_CENTRAL: SR1E2Mu/Central/dR_ele_mu2 in Skim_TriLep_DYJets10to50.root
2026-01-16 18:57:54,411 - INFO - [2017] MISSING_CENTRAL: SR1E2Mu/Central/dR_ele_mu2 in Skim_TriLep_DYJets10to50.root
2026-01-28 16:06:57,591 - INFO - [2017] MISSING_CENTRAL: SR1E2Mu/Central/dR_ele_mu2 in Skim_TriLep_DYJets10to50.root
2026-01-28 17:18:25,191 - INFO - [2017] MISSING_CENTRAL: SR1E2Mu/Central/dR_ele_mu2 in Skim_TriLep_DYJets10to50.root
2026-01-28 19:52:02,611 - INFO - [2017] MISSING_CENTRAL: SR1E2Mu/Central/dR_ele_mu2 in Skim_TriLep_DYJets10to50.root
2026-01-29 07:09:28,168 - INFO - [2017] MISSING_CENTRAL: SR1E2Mu/Central/dR_ele_mu2 in Skim_TriLep_DYJets10to50.root
2026-03-06 09:38:16,969 - INFO - [2017] MISSING_CENTRAL: SR1E2Mu/Central/dR_ele_mu2 in Skim_TriLep_DYJets10to50.root
2026-03-06 19:44:06,103 - INFO - [2017] MISSING_CENTRAL: SR1E2Mu/Central/dR_ele_mu2 in Skim_TriLep_DYJets10to50.root
2026-04-10 20:18:34,233 - INFO - [2017] MISSING_CENTRAL: SR1E2Mu/Central/dR_ele_mu2 in Skim_TriLep_DYJets10to50.root
2026-04-12 11:33:35,375 - INFO - [2017] MISSING_CENTRAL: SR1E2Mu/Central/dR_ele_mu2 in Skim_TriLep_DYJets10to50.root
2026-04-12 12:15:47,713 - INFO - [2017] MISSING_CENTRAL: SR1E2Mu/Central/dR_ele_mu2 in Skim_TriLep_DYJets10to50.root
2026-04-12 12:35:26,154 - INFO - [2017] MISSING_CENTRAL: SR1E2Mu/Central/dR_ele_mu2 in Skim_TriLep_DYJets10to50.root
2026-04-12 20:43:28,463 - INFO - [2017] MISSING_CENTRAL: SR1E2Mu/Central/dR_ele_mu2 in Skim_TriLep_DYJets10to50.root
2026-04-12 21:15:07,705 - INFO - [2017] MISSING_CENTRAL: SR1E2Mu/Central/dR_ele_mu2 in Skim_TriLep_DYJets10to50.root
2026-04-13 12:52:38,056 - INFO - [2017] MISSING_CENTRAL: SR1E2Mu/Central/dR_ele_mu2 in Skim_TriLep_DYJets10to50.root
2026-04-16 17:29:04,475 - INFO - [2017] MISSING_CENTRAL: SR1E2Mu/Central/dR_ele_mu2 in Skim_TriLep_DYJets10to50.root
2026-04-16 17:35:07,802 - INFO - [2017] MISSING_CENTRAL: SR1E2Mu/Central/dR_ele_mu2 in Skim_TriLep_DYJets10to50.root
2026-04-28 15:09:42,696 - INFO - [2017] MISSING_CENTRAL: SR1E2Mu/Central/dR_ele_mu2 in Skim_TriLep_DYJets10to50.root
2026-04-28 15:15:43,710 - INFO - [2017] MISSING_CENTRAL: SR1E2Mu/Central/dR_ele_mu2 in Skim_TriLep_DYJets10to50.root
2026-05-04 16:59:07,884 - INFO - [2017] MISSING_CENTRAL: SR1E2Mu/Central/dR_ele_mu2 in Skim_TriLep_DYJets10to50.root
2026-05-04 17:04:50,312 - INFO - [2017] MISSING_CENTRAL: SR1E2Mu/Central/dR_ele_mu2 in Skim_TriLep_DYJets10to50.root
2026-05-28 15:35:38,970 - INFO - [2017] MISSING_CENTRAL: SR1E2Mu/Central/dR_ele_mu2 in Skim_TriLep_DYJets10to50.root
2026-05-28 15:41:44,765 - INFO - [2017] MISSING_CENTRAL: SR1E2Mu/Central/dR_ele_mu2 in Skim_TriLep_DYJets10to50.root
2026-05-29 15:26:44,744 - INFO - [2017] MISSING_CENTRAL: SR1E2Mu/Central/dR_ele_mu2 in Skim_TriLep_DYJets10to50.root
2026-05-29 15:32:38,105 - INFO - [2017] MISSING_CENTRAL: SR1E2Mu/Central/dR_ele_mu2 in Skim_TriLep_DYJets10to50.root
2026-05-29 18:18:00,204 - INFO - [2017] MISSING_CENTRAL: SR1E2Mu/Central/dR_ele_mu2 in Skim_TriLep_DYJets10to50.root
2026-05-29 18:23:45,857 - INFO - [2017] MISSING_CENTRAL: SR1E2Mu/Central/dR_ele_mu2 in Skim_TriLep_DYJets10to50.root
