2025-11-05 22:17:20,871 - INFO - [2017] MISSING_CENTRAL: SR1E2Mu/Central/dR_mu1_mu2 in Skim_TriLep_DYJets10to50.root
2025-11-05 23:21:52,220 - INFO - [2017] MISSING_CENTRAL: SR1E2Mu/Central/dR_mu1_mu2 in Skim_TriLep_DYJets10to50.root
2025-11-07 12:25:05,780 - INFO - [2017] MISSING_CENTRAL: SR1E2Mu/Central/dR_mu1_mu2 in Skim_TriLep_DYJets10to50.root
2025-11-07 13:05:24,129 - INFO - [2017] MISSING_CENTRAL: SR1E2Mu/Central/dR_mu1_mu2 in Skim_TriLep_DYJets10to50.root
2025-11-07 13:30:12,579 - INFO - [2017] MISSING_CENTRAL: SR1E2Mu/Central/dR_mu1_mu2 in Skim_TriLep_DYJets10to50.root
2025-11-07 14:02:57,610 - INFO - [2017] MISSING_CENTRAL: SR1E2Mu/Central/dR_mu1_mu2 in Skim_TriLep_DYJets10to50.root
2025-11-10 05:53:30,641 - INFO - [2017] MISSING_CENTRAL: SR1E2Mu/Central/dR_mu1_mu2 in Skim_TriLep_DYJets10to50.root
2025-11-10 12:17:59,872 - INFO - [2017] MISSING_CENTRAL: SR1E2Mu/Central/dR_mu1_mu2 in Skim_TriLep_DYJets10to50.root
2025-11-13 11:07:04,955 - INFO - [2017] MISSING_CENTRAL: SR1E2Mu/Central/dR_mu1_mu2 in Skim_TriLep_DYJets10to50.root
2025-11-19 16:20:19,822 - INFO - [2017] MISSING_CENTRAL: SR1E2Mu/Central/dR_mu1_mu2 in Skim_TriLep_DYJets10to50.root
2025-12-17 22:34:24,170 - INFO - [2017] MISSING_CENTRAL: SR1E2Mu/Central/dR_mu1_mu2 in Skim_TriLep_DYJets10to50.root
2025-12-18 14:17:46,580 - INFO - [2017] MISSING_CENTRAL: SR1E2Mu/Central/dR_mu1_mu2 in Skim_TriLep_DYJets10to50.root
2025-12-18 14:33:14,513 - INFO - [2017] MISSING_CENTRAL: SR1E2Mu/Central/dR_mu1_mu2 in Skim_TriLep_DYJets10to50.root
2026-01-07 11:43:21,774 - INFO - [2017] MISSING_CENTRAL: SR1E2Mu/Central/dR_mu1_mu2 in Skim_TriLep_DYJets10to50.root
2026-01-07 18:40:21,261 - INFO - [2017] MISSING_CENTRAL: SR1E2Mu/Central/dR_mu1_mu2 in Skim_TriLep_DYJets10to50.root
2026-01-07 19:27:43,690 - INFO - [2017] MISSING_CENTRAL: SR1E2Mu/Central/dR_mu1_mu2 in Skim_TriLep_DYJets10to50.root
2026-01-09 12:13:57,225 - INFO - [2017] MISSING_CENTRAL: SR1E2Mu/Central/dR_mu1_mu2 in Skim_TriLep_DYJets10to50.root
2026-01-11 09:34:01,827 - INFO - [2017] MISSING_CENTRAL: SR1E2Mu/Central/dR_mu1_mu2 in Skim_TriLep_DYJets10to50.root
2026-01-12 13:42:37,239 - INFO - [2017] MISSING_FILE: /home/choij/Sync/workspace/ChargedHiggsAnalysisV3/SKNanoOutput/MatrixSelector/Run1E2Mu/2017/Skim_TriLep_MuonEG_B.root
2026-01-12 13:42:37,240 - INFO - [2017] MISSING_FILE: /home/choij/Sync/workspace/ChargedHiggsAnalysisV3/SKNanoOutput/MatrixSelector/Run1E2Mu/2017/Skim_TriLep_MuonEG_C.root
2026-01-12 13:42:37,240 - INFO - [2017] MISSING_FILE: /home/choij/Sync/workspace/ChargedHiggsAnalysisV3/SKNanoOutput/MatrixSelector/Run1E2Mu/2017/Skim_TriLep_MuonEG_D.root
2026-01-12 13:42:37,240 - INFO - [2017] MISSING_FILE: /home/choij/Sync/workspace/ChargedHiggsAnalysisV3/SKNanoOutput/MatrixSelector/Run1E2Mu/2017/Skim_TriLep_MuonEG_E.root
2026-01-12 13:42:37,240 - INFO - [2017] MISSING_FILE: /home/choij/Sync/workspace/ChargedHiggsAnalysisV3/SKNanoOutput/MatrixSelector/Run1E2Mu/2017/Skim_TriLep_MuonEG_F.root
2026-01-12 13:42:37,262 - INFO - [2017] MISSING_CENTRAL: SR1E2Mu/Central/dR_mu1_mu2 in Skim_TriLep_DYJets10to50.root
2026-01-16 18:57:56,717 - INFO - [2017] MISSING_CENTRAL: SR1E2Mu/Central/dR_mu1_mu2 in Skim_TriLep_DYJets10to50.root
2026-01-28 16:06:58,614 - INFO - [2017] MISSING_CENTRAL: SR1E2Mu/Central/dR_mu1_mu2 in Skim_TriLep_DYJets10to50.root
2026-01-28 17:18:26,457 - INFO - [2017] MISSING_CENTRAL: SR1E2Mu/Central/dR_mu1_mu2 in Skim_TriLep_DYJets10to50.root
2026-01-28 19:52:03,873 - INFO - [2017] MISSING_CENTRAL: SR1E2Mu/Central/dR_mu1_mu2 in Skim_TriLep_DYJets10to50.root
2026-01-29 07:09:29,585 - INFO - [2017] MISSING_CENTRAL: SR1E2Mu/Central/dR_mu1_mu2 in Skim_TriLep_DYJets10to50.root
2026-03-06 09:38:18,391 - INFO - [2017] MISSING_CENTRAL: SR1E2Mu/Central/dR_mu1_mu2 in Skim_TriLep_DYJets10to50.root
2026-03-06 19:44:07,581 - INFO - [2017] MISSING_CENTRAL: SR1E2Mu/Central/dR_mu1_mu2 in Skim_TriLep_DYJets10to50.root
2026-04-10 20:18:35,730 - INFO - [2017] MISSING_CENTRAL: SR1E2Mu/Central/dR_mu1_mu2 in Skim_TriLep_DYJets10to50.root
2026-04-12 11:33:36,741 - INFO - [2017] MISSING_CENTRAL: SR1E2Mu/Central/dR_mu1_mu2 in Skim_TriLep_DYJets10to50.root
2026-04-12 12:15:49,054 - INFO - [2017] MISSING_CENTRAL: SR1E2Mu/Central/dR_mu1_mu2 in Skim_TriLep_DYJets10to50.root
2026-04-12 12:35:27,164 - INFO - [2017] MISSING_CENTRAL: SR1E2Mu/Central/dR_mu1_mu2 in Skim_TriLep_DYJets10to50.root
2026-04-12 20:43:29,391 - INFO - [2017] MISSING_CENTRAL: SR1E2Mu/Central/dR_mu1_mu2 in Skim_TriLep_DYJets10to50.root
2026-04-12 21:15:08,853 - INFO - [2017] MISSING_CENTRAL: SR1E2Mu/Central/dR_mu1_mu2 in Skim_TriLep_DYJets10to50.root
2026-04-13 12:52:39,531 - INFO - [2017] MISSING_CENTRAL: SR1E2Mu/Central/dR_mu1_mu2 in Skim_TriLep_DYJets10to50.root
2026-04-16 17:29:05,597 - INFO - [2017] MISSING_CENTRAL: SR1E2Mu/Central/dR_mu1_mu2 in Skim_TriLep_DYJets10to50.root
2026-04-16 17:35:08,836 - INFO - [2017] MISSING_CENTRAL: SR1E2Mu/Central/dR_mu1_mu2 in Skim_TriLep_DYJets10to50.root
2026-04-28 15:09:44,085 - INFO - [2017] MISSING_CENTRAL: SR1E2Mu/Central/dR_mu1_mu2 in Skim_TriLep_DYJets10to50.root
2026-04-28 15:15:44,674 - INFO - [2017] MISSING_CENTRAL: SR1E2Mu/Central/dR_mu1_mu2 in Skim_TriLep_DYJets10to50.root
2026-05-04 16:59:09,091 - INFO - [2017] MISSING_CENTRAL: SR1E2Mu/Central/dR_mu1_mu2 in Skim_TriLep_DYJets10to50.root
2026-05-04 17:04:51,210 - INFO - [2017] MISSING_CENTRAL: SR1E2Mu/Central/dR_mu1_mu2 in Skim_TriLep_DYJets10to50.root
2026-05-28 15:35:41,578 - INFO - [2017] MISSING_CENTRAL: SR1E2Mu/Central/dR_mu1_mu2 in Skim_TriLep_DYJets10to50.root
2026-05-28 15:41:46,585 - INFO - [2017] MISSING_CENTRAL: SR1E2Mu/Central/dR_mu1_mu2 in Skim_TriLep_DYJets10to50.root
2026-05-29 15:26:45,991 - INFO - [2017] MISSING_CENTRAL: SR1E2Mu/Central/dR_mu1_mu2 in Skim_TriLep_DYJets10to50.root
2026-05-29 15:32:39,356 - INFO - [2017] MISSING_CENTRAL: SR1E2Mu/Central/dR_mu1_mu2 in Skim_TriLep_DYJets10to50.root
2026-05-29 18:18:01,309 - INFO - [2017] MISSING_CENTRAL: SR1E2Mu/Central/dR_mu1_mu2 in Skim_TriLep_DYJets10to50.root
2026-05-29 18:23:47,173 - INFO - [2017] MISSING_CENTRAL: SR1E2Mu/Central/dR_mu1_mu2 in Skim_TriLep_DYJets10to50.root
2026-06-12 14:02:55,677 - INFO - [2017] MISSING_CENTRAL: SR1E2Mu/Central/dR_mu1_mu2 in Skim_TriLep_DYJets10to50.root
2026-06-12 14:24:00,011 - INFO - [2017] MISSING_CENTRAL: SR1E2Mu/Central/dR_mu1_mu2 in Skim_TriLep_DYJets10to50.root
2026-06-18 00:14:35,141 - INFO - [2017] MISSING_CENTRAL: SR1E2Mu/Central/dR_mu1_mu2 in Skim_TriLep_DYJets10to50.root
2026-06-18 00:18:11,322 - INFO - [2017] MISSING_CENTRAL: SR1E2Mu/Central/dR_mu1_mu2 in Skim_TriLep_DYJets10to50.root
2026-07-01 17:32:38,071 - INFO - [2017] MISSING_CENTRAL: SR1E2Mu/Central/dR_mu1_mu2 in Skim_TriLep_DYJets10to50.root
2026-07-21 19:23:55,617 - INFO - [2017] MISSING_CENTRAL: SR1E2Mu/Central/dR_mu1_mu2 in Skim_TriLep_DYJets10to50.root
2026-08-18 18:09:33,488 - INFO - [2017] MISSING_CENTRAL: SR1E2Mu/Central/dR_mu1_mu2 in Skim_TriLep_DYJets10to50.root
2026-08-19 10:01:45,897 - INFO - [2017] MISSING_CENTRAL: SR1E2Mu/Central/dR_mu1_mu2 in Skim_TriLep_DYJets10to50.root
