2025-09-24 15:48:14,952 - INFO - [2018] MISSING_CENTRAL: ZFake3Mu/Central/jets/1/pz in Skim_TriLep_DYJets10to50.root
2025-09-24 15:48:14,966 - INFO - [2018] MISSING_FILE: /Users/choij/Sync/workspace/ChargedHiggsAnalysisV3/SKNanoOutput/PromptSelector/Run3Mu_RunSyst/2018/Skim_TriLep_TTG.root
2025-09-24 15:48:15,091 - INFO - [2018] MISSING_FILE: /Users/choij/Sync/workspace/ChargedHiggsAnalysisV3/SKNanoOutput/PromptSelector/Run3Mu_RunSyst/2018/Skim_TriLep_TTHToNonbb.root
2025-09-24 15:48:15,184 - INFO - [2018] MISSING_FILE: /Users/choij/Sync/workspace/ChargedHiggsAnalysisV3/SKNanoOutput/PromptSelector/Run3Mu_RunSyst/2018/Skim_TriLep_tHq.root
2025-09-24 15:48:15,269 - INFO - [2018] MISSING_FILE: /Users/choij/Sync/workspace/ChargedHiggsAnalysisV3/SKNanoOutput/PromptSelector/Run3Mu_RunSyst/2018/Skim_TriLep_VBFHToZZTo4L.root
2025-10-02 21:13:10,126 - INFO - [2018] MISSING_CENTRAL: ZFake3Mu/Central/jets/1/pz in Skim_TriLep_DYJets10to50.root
2025-10-02 21:13:10,480 - INFO - [2018] MISSING_FILE: /data9/Users/choij/Sync/workspace/ChargedHiggsAnalysisV3/SKNanoOutput/PromptSelector/Run3Mu_RunSyst/2018/Skim_TriLep_TTG.root
2025-10-02 21:13:11,146 - INFO - [2018] MISSING_FILE: /data9/Users/choij/Sync/workspace/ChargedHiggsAnalysisV3/SKNanoOutput/PromptSelector/Run3Mu_RunSyst/2018/Skim_TriLep_TTHToNonbb.root
2025-10-02 21:13:11,757 - INFO - [2018] MISSING_FILE: /data9/Users/choij/Sync/workspace/ChargedHiggsAnalysisV3/SKNanoOutput/PromptSelector/Run3Mu_RunSyst/2018/Skim_TriLep_tHq.root
2025-10-02 21:13:12,580 - INFO - [2018] MISSING_FILE: /data9/Users/choij/Sync/workspace/ChargedHiggsAnalysisV3/SKNanoOutput/PromptSelector/Run3Mu_RunSyst/2018/Skim_TriLep_VBFHToZZTo4L.root
2025-10-03 00:00:59,892 - INFO - [2018] MISSING_CENTRAL: ZFake3Mu/Central/jets/1/pz in Skim_TriLep_DYJets10to50.root
2025-10-03 00:00:59,908 - INFO - [2018] MISSING_FILE: /Users/choij/Sync/workspace/ChargedHiggsAnalysisV3/SKNanoOutput/PromptSelector/Run3Mu_RunSyst/2018/Skim_TriLep_TTG.root
2025-10-03 00:00:59,963 - INFO - [2018] MISSING_FILE: /Users/choij/Sync/workspace/ChargedHiggsAnalysisV3/SKNanoOutput/PromptSelector/Run3Mu_RunSyst/2018/Skim_TriLep_TTHToNonbb.root
2025-10-03 00:01:00,060 - INFO - [2018] MISSING_FILE: /Users/choij/Sync/workspace/ChargedHiggsAnalysisV3/SKNanoOutput/PromptSelector/Run3Mu_RunSyst/2018/Skim_TriLep_tHq.root
2025-10-03 00:01:00,266 - INFO - [2018] MISSING_FILE: /Users/choij/Sync/workspace/ChargedHiggsAnalysisV3/SKNanoOutput/PromptSelector/Run3Mu_RunSyst/2018/Skim_TriLep_VBFHToZZTo4L.root
2025-11-05 22:03:04,986 - INFO - [2018] MISSING_CENTRAL: ZFake3Mu/Central/jets/1/pz in Skim_TriLep_DYJets10to50.root
2025-11-05 22:18:50,375 - INFO - [2018] MISSING_CENTRAL: ZFake3Mu/Central/jets/1/pz in Skim_TriLep_DYJets10to50.root
2025-11-05 23:23:23,642 - INFO - [2018] MISSING_CENTRAL: ZFake3Mu/Central/jets/1/pz in Skim_TriLep_DYJets10to50.root
2025-11-07 12:26:35,646 - INFO - [2018] MISSING_CENTRAL: ZFake3Mu/Central/jets/1/pz in Skim_TriLep_DYJets10to50.root
2025-11-07 13:07:07,382 - INFO - [2018] MISSING_CENTRAL: ZFake3Mu/Central/jets/1/pz in Skim_TriLep_DYJets10to50.root
2025-11-07 13:30:51,828 - INFO - [2018] MISSING_CENTRAL: ZFake3Mu/Central/jets/1/pz in Skim_TriLep_DYJets10to50.root
2025-11-07 14:03:37,111 - INFO - [2018] MISSING_CENTRAL: ZFake3Mu/Central/jets/1/pz in Skim_TriLep_DYJets10to50.root
2025-11-10 05:54:18,944 - INFO - [2018] MISSING_CENTRAL: ZFake3Mu/Central/jets/1/pz in Skim_TriLep_DYJets10to50.root
2025-11-10 12:18:40,667 - INFO - [2018] MISSING_CENTRAL: ZFake3Mu/Central/jets/1/pz in Skim_TriLep_DYJets10to50.root
2025-11-13 11:07:51,827 - INFO - [2018] MISSING_CENTRAL: ZFake3Mu/Central/jets/1/pz in Skim_TriLep_DYJets10to50.root
2025-11-19 16:09:19,544 - INFO - [2018] MISSING_CENTRAL: ZFake3Mu/Central/jets/1/pz in Skim_TriLep_DYJets10to50.root
2025-11-19 16:21:01,234 - INFO - [2018] MISSING_CENTRAL: ZFake3Mu/Central/jets/1/pz in Skim_TriLep_DYJets10to50.root
2025-12-17 22:35:15,268 - INFO - [2018] MISSING_CENTRAL: ZFake3Mu/Central/jets/1/pz in Skim_TriLep_DYJets10to50.root
2025-12-18 14:18:56,769 - INFO - [2018] MISSING_CENTRAL: ZFake3Mu/Central/jets/1/pz in Skim_TriLep_DYJets10to50.root
2025-12-18 14:34:25,407 - INFO - [2018] MISSING_CENTRAL: ZFake3Mu/Central/jets/1/pz in Skim_TriLep_DYJets10to50.root
2026-01-07 11:44:30,558 - INFO - [2018] MISSING_CENTRAL: ZFake3Mu/Central/jets/1/pz in Skim_TriLep_DYJets10to50.root
2026-01-07 18:41:20,364 - INFO - [2018] MISSING_CENTRAL: ZFake3Mu/Central/jets/1/pz in Skim_TriLep_DYJets10to50.root
2026-01-09 12:15:05,742 - INFO - [2018] MISSING_CENTRAL: ZFake3Mu/Central/jets/1/pz in Skim_TriLep_DYJets10to50.root
2026-01-11 09:35:09,598 - INFO - [2018] MISSING_CENTRAL: ZFake3Mu/Central/jets/1/pz in Skim_TriLep_DYJets10to50.root
2026-01-12 13:43:46,267 - INFO - [2018] MISSING_FILE: /home/choij/Sync/workspace/ChargedHiggsAnalysisV3/SKNanoOutput/MatrixSelector/Run3Mu/2018/Skim_TriLep_DoubleMuon_A.root
2026-01-12 13:43:46,268 - INFO - [2018] MISSING_FILE: /home/choij/Sync/workspace/ChargedHiggsAnalysisV3/SKNanoOutput/MatrixSelector/Run3Mu/2018/Skim_TriLep_DoubleMuon_B.root
2026-01-12 13:43:46,268 - INFO - [2018] MISSING_FILE: /home/choij/Sync/workspace/ChargedHiggsAnalysisV3/SKNanoOutput/MatrixSelector/Run3Mu/2018/Skim_TriLep_DoubleMuon_C.root
2026-01-12 13:43:46,268 - INFO - [2018] MISSING_FILE: /home/choij/Sync/workspace/ChargedHiggsAnalysisV3/SKNanoOutput/MatrixSelector/Run3Mu/2018/Skim_TriLep_DoubleMuon_D.root
2026-01-12 13:43:46,300 - INFO - [2018] MISSING_CENTRAL: ZFake3Mu/Central/jets/1/pz in Skim_TriLep_DYJets10to50.root
2026-01-16 18:59:01,330 - INFO - [2018] MISSING_CENTRAL: ZFake3Mu/Central/jets/1/pz in Skim_TriLep_DYJets10to50.root
2026-01-28 16:07:41,675 - INFO - [2018] MISSING_CENTRAL: ZFake3Mu/Central/jets/1/pz in Skim_TriLep_DYJets10to50.root
2026-01-28 17:19:10,004 - INFO - [2018] MISSING_CENTRAL: ZFake3Mu/Central/jets/1/pz in Skim_TriLep_DYJets10to50.root
2026-01-28 19:52:46,658 - INFO - [2018] MISSING_CENTRAL: ZFake3Mu/Central/jets/1/pz in Skim_TriLep_DYJets10to50.root
2026-01-29 07:10:10,356 - INFO - [2018] MISSING_CENTRAL: ZFake3Mu/Central/jets/1/pz in Skim_TriLep_DYJets10to50.root
2026-03-06 09:38:57,946 - INFO - [2018] MISSING_CENTRAL: ZFake3Mu/Central/jets/1/pz in Skim_TriLep_DYJets10to50.root
2026-03-06 19:44:46,595 - INFO - [2018] MISSING_CENTRAL: ZFake3Mu/Central/jets/1/pz in Skim_TriLep_DYJets10to50.root
2026-03-12 21:28:32,440 - INFO - [2018] MISSING_CENTRAL: ZFake3Mu/Central/jets/1/pz in Skim_TriLep_DYJets10to50.root
2026-03-12 21:33:01,102 - INFO - [2018] MISSING_CENTRAL: ZFake3Mu/Central/jets/1/pz in Skim_TriLep_DYJets10to50.root
2026-04-10 20:19:23,289 - INFO - [2018] MISSING_CENTRAL: ZFake3Mu/Central/jets/1/pz in Skim_TriLep_DYJets10to50.root
2026-04-12 11:34:26,816 - INFO - [2018] MISSING_CENTRAL: ZFake3Mu/Central/jets/1/pz in Skim_TriLep_DYJets10to50.root
2026-04-12 12:16:35,102 - INFO - [2018] MISSING_CENTRAL: ZFake3Mu/Central/jets/1/pz in Skim_TriLep_DYJets10to50.root
2026-04-12 12:36:13,676 - INFO - [2018] MISSING_CENTRAL: ZFake3Mu/Central/jets/1/pz in Skim_TriLep_DYJets10to50.root
2026-04-12 20:44:16,940 - INFO - [2018] MISSING_CENTRAL: ZFake3Mu/Central/jets/1/pz in Skim_TriLep_DYJets10to50.root
2026-04-12 21:15:55,623 - INFO - [2018] MISSING_CENTRAL: ZFake3Mu/Central/jets/1/pz in Skim_TriLep_DYJets10to50.root
2026-04-13 12:53:28,259 - INFO - [2018] MISSING_CENTRAL: ZFake3Mu/Central/jets/1/pz in Skim_TriLep_DYJets10to50.root
2026-04-16 17:35:58,135 - INFO - [2018] MISSING_CENTRAL: ZFake3Mu/Central/jets/1/pz in Skim_TriLep_DYJets10to50.root
2026-04-28 15:16:32,313 - INFO - [2018] MISSING_CENTRAL: ZFake3Mu/Central/jets/1/pz in Skim_TriLep_DYJets10to50.root
2026-05-04 17:05:37,884 - INFO - [2018] MISSING_CENTRAL: ZFake3Mu/Central/jets/1/pz in Skim_TriLep_DYJets10to50.root
2026-05-28 15:42:33,890 - INFO - [2018] MISSING_CENTRAL: ZFake3Mu/Central/jets/1/pz in Skim_TriLep_DYJets10to50.root
2026-05-29 15:33:25,454 - INFO - [2018] MISSING_CENTRAL: ZFake3Mu/Central/jets/1/pz in Skim_TriLep_DYJets10to50.root
2026-05-29 18:24:33,765 - INFO - [2018] MISSING_CENTRAL: ZFake3Mu/Central/jets/1/pz in Skim_TriLep_DYJets10to50.root
2026-06-12 14:26:02,872 - INFO - [2018] MISSING_CENTRAL: ZFake3Mu/Central/jets/1/pz in Skim_TriLep_DYJets10to50.root
2026-06-18 00:20:18,807 - INFO - [2018] MISSING_CENTRAL: ZFake3Mu/Central/jets/1/pz in Skim_TriLep_DYJets10to50.root
2026-07-01 17:34:45,787 - INFO - [2018] MISSING_CENTRAL: ZFake3Mu/Central/jets/1/pz in Skim_TriLep_DYJets10to50.root
2026-07-21 19:28:32,591 - INFO - [2018] MISSING_CENTRAL: ZFake3Mu/Central/jets/1/pz in Skim_TriLep_DYJets10to50.root
