2025-09-24 15:48:20,823 - INFO - [2018] MISSING_CENTRAL: ZFake3Mu/Central/jets/3/pz in Skim_TriLep_DYJets.root
2025-09-24 15:48:20,823 - INFO - [2018] MISSING_CENTRAL: ZFake3Mu/Central/jets/3/pz in Skim_TriLep_DYJets10to50.root
2025-09-24 15:48:20,874 - INFO - [2018] MISSING_FILE: /Users/choij/Sync/workspace/ChargedHiggsAnalysisV3/SKNanoOutput/PromptSelector/Run3Mu_RunSyst/2018/Skim_TriLep_TTG.root
2025-09-24 15:48:20,874 - INFO - [2018] MISSING_CENTRAL: ZFake3Mu/Central/jets/3/pz in Skim_TriLep_WWG.root
2025-09-24 15:48:20,912 - INFO - [2018] MISSING_FILE: /Users/choij/Sync/workspace/ChargedHiggsAnalysisV3/SKNanoOutput/PromptSelector/Run3Mu_RunSyst/2018/Skim_TriLep_TTHToNonbb.root
2025-09-24 15:48:21,016 - INFO - [2018] MISSING_FILE: /Users/choij/Sync/workspace/ChargedHiggsAnalysisV3/SKNanoOutput/PromptSelector/Run3Mu_RunSyst/2018/Skim_TriLep_tHq.root
2025-09-24 15:48:21,111 - INFO - [2018] MISSING_FILE: /Users/choij/Sync/workspace/ChargedHiggsAnalysisV3/SKNanoOutput/PromptSelector/Run3Mu_RunSyst/2018/Skim_TriLep_VBFHToZZTo4L.root
2025-10-02 21:13:18,739 - INFO - [2018] MISSING_CENTRAL: ZFake3Mu/Central/jets/3/pz in Skim_TriLep_DYJets.root
2025-10-02 21:13:18,744 - INFO - [2018] MISSING_CENTRAL: ZFake3Mu/Central/jets/3/pz in Skim_TriLep_DYJets10to50.root
2025-10-02 21:13:18,803 - INFO - [2018] MISSING_FILE: /data9/Users/choij/Sync/workspace/ChargedHiggsAnalysisV3/SKNanoOutput/PromptSelector/Run3Mu_RunSyst/2018/Skim_TriLep_TTG.root
2025-10-02 21:13:18,808 - INFO - [2018] MISSING_CENTRAL: ZFake3Mu/Central/jets/3/pz in Skim_TriLep_WWG.root
2025-10-02 21:13:18,884 - INFO - [2018] MISSING_FILE: /data9/Users/choij/Sync/workspace/ChargedHiggsAnalysisV3/SKNanoOutput/PromptSelector/Run3Mu_RunSyst/2018/Skim_TriLep_TTHToNonbb.root
2025-10-02 21:13:18,997 - INFO - [2018] MISSING_FILE: /data9/Users/choij/Sync/workspace/ChargedHiggsAnalysisV3/SKNanoOutput/PromptSelector/Run3Mu_RunSyst/2018/Skim_TriLep_tHq.root
2025-10-02 21:13:19,310 - INFO - [2018] MISSING_FILE: /data9/Users/choij/Sync/workspace/ChargedHiggsAnalysisV3/SKNanoOutput/PromptSelector/Run3Mu_RunSyst/2018/Skim_TriLep_VBFHToZZTo4L.root
2025-10-03 00:01:05,911 - INFO - [2018] MISSING_CENTRAL: ZFake3Mu/Central/jets/3/pz in Skim_TriLep_DYJets.root
2025-10-03 00:01:05,912 - INFO - [2018] MISSING_CENTRAL: ZFake3Mu/Central/jets/3/pz in Skim_TriLep_DYJets10to50.root
2025-10-03 00:01:05,948 - INFO - [2018] MISSING_FILE: /Users/choij/Sync/workspace/ChargedHiggsAnalysisV3/SKNanoOutput/PromptSelector/Run3Mu_RunSyst/2018/Skim_TriLep_TTG.root
2025-10-03 00:01:05,949 - INFO - [2018] MISSING_CENTRAL: ZFake3Mu/Central/jets/3/pz in Skim_TriLep_WWG.root
2025-10-03 00:01:05,983 - INFO - [2018] MISSING_FILE: /Users/choij/Sync/workspace/ChargedHiggsAnalysisV3/SKNanoOutput/PromptSelector/Run3Mu_RunSyst/2018/Skim_TriLep_TTHToNonbb.root
2025-10-03 00:01:06,067 - INFO - [2018] MISSING_FILE: /Users/choij/Sync/workspace/ChargedHiggsAnalysisV3/SKNanoOutput/PromptSelector/Run3Mu_RunSyst/2018/Skim_TriLep_tHq.root
2025-10-03 00:01:06,164 - INFO - [2018] MISSING_FILE: /Users/choij/Sync/workspace/ChargedHiggsAnalysisV3/SKNanoOutput/PromptSelector/Run3Mu_RunSyst/2018/Skim_TriLep_VBFHToZZTo4L.root
2025-11-05 22:03:07,593 - INFO - [2018] MISSING_CENTRAL: ZFake3Mu/Central/jets/3/pz in Skim_TriLep_DYJets.root
2025-11-05 22:03:07,594 - INFO - [2018] MISSING_CENTRAL: ZFake3Mu/Central/jets/3/pz in Skim_TriLep_DYJets10to50.root
2025-11-05 22:03:07,630 - INFO - [2018] MISSING_CENTRAL: ZFake3Mu/Central/jets/3/pz in Skim_TriLep_WWG.root
2025-11-05 22:18:53,295 - INFO - [2018] MISSING_CENTRAL: ZFake3Mu/Central/jets/3/pz in Skim_TriLep_DYJets.root
2025-11-05 22:18:53,299 - INFO - [2018] MISSING_CENTRAL: ZFake3Mu/Central/jets/3/pz in Skim_TriLep_DYJets10to50.root
2025-11-05 22:18:53,410 - INFO - [2018] MISSING_CENTRAL: ZFake3Mu/Central/jets/3/pz in Skim_TriLep_WWG.root
2025-11-05 23:23:26,561 - INFO - [2018] MISSING_CENTRAL: ZFake3Mu/Central/jets/3/pz in Skim_TriLep_DYJets.root
2025-11-05 23:23:26,562 - INFO - [2018] MISSING_CENTRAL: ZFake3Mu/Central/jets/3/pz in Skim_TriLep_DYJets10to50.root
2025-11-05 23:23:26,633 - INFO - [2018] MISSING_CENTRAL: ZFake3Mu/Central/jets/3/pz in Skim_TriLep_WWG.root
2025-11-07 12:26:38,621 - INFO - [2018] MISSING_CENTRAL: ZFake3Mu/Central/jets/3/pz in Skim_TriLep_DYJets.root
2025-11-07 12:26:38,624 - INFO - [2018] MISSING_CENTRAL: ZFake3Mu/Central/jets/3/pz in Skim_TriLep_DYJets10to50.root
2025-11-07 12:26:38,667 - INFO - [2018] MISSING_CENTRAL: ZFake3Mu/Central/jets/3/pz in Skim_TriLep_WWG.root
2025-11-07 13:07:10,346 - INFO - [2018] MISSING_CENTRAL: ZFake3Mu/Central/jets/3/pz in Skim_TriLep_DYJets.root
2025-11-07 13:07:10,353 - INFO - [2018] MISSING_CENTRAL: ZFake3Mu/Central/jets/3/pz in Skim_TriLep_DYJets10to50.root
2025-11-07 13:07:10,439 - INFO - [2018] MISSING_CENTRAL: ZFake3Mu/Central/jets/3/pz in Skim_TriLep_WWG.root
2025-11-07 14:03:40,156 - INFO - [2018] MISSING_CENTRAL: ZFake3Mu/Central/jets/3/pz in Skim_TriLep_DYJets.root
2025-11-07 14:03:40,157 - INFO - [2018] MISSING_CENTRAL: ZFake3Mu/Central/jets/3/pz in Skim_TriLep_DYJets10to50.root
2025-11-07 14:03:40,193 - INFO - [2018] MISSING_CENTRAL: ZFake3Mu/Central/jets/3/pz in Skim_TriLep_WWG.root
2025-11-10 05:54:22,726 - INFO - [2018] MISSING_CENTRAL: ZFake3Mu/Central/jets/3/pz in Skim_TriLep_DYJets.root
2025-11-10 05:54:22,727 - INFO - [2018] MISSING_CENTRAL: ZFake3Mu/Central/jets/3/pz in Skim_TriLep_DYJets10to50.root
2025-11-10 05:54:22,775 - INFO - [2018] MISSING_CENTRAL: ZFake3Mu/Central/jets/3/pz in Skim_TriLep_WWG.root
2025-11-10 12:18:43,768 - INFO - [2018] MISSING_CENTRAL: ZFake3Mu/Central/jets/3/pz in Skim_TriLep_DYJets.root
2025-11-10 12:18:43,769 - INFO - [2018] MISSING_CENTRAL: ZFake3Mu/Central/jets/3/pz in Skim_TriLep_DYJets10to50.root
2025-11-10 12:18:43,834 - INFO - [2018] MISSING_CENTRAL: ZFake3Mu/Central/jets/3/pz in Skim_TriLep_WWG.root
2025-11-13 11:08:00,752 - INFO - [2018] MISSING_CENTRAL: ZFake3Mu/Central/jets/3/pz in Skim_TriLep_DYJets.root
2025-11-13 11:08:00,754 - INFO - [2018] MISSING_CENTRAL: ZFake3Mu/Central/jets/3/pz in Skim_TriLep_DYJets10to50.root
2025-11-13 11:08:00,814 - INFO - [2018] MISSING_CENTRAL: ZFake3Mu/Central/jets/3/pz in Skim_TriLep_WWG.root
2025-11-19 16:09:22,159 - INFO - [2018] MISSING_CENTRAL: ZFake3Mu/Central/jets/3/pz in Skim_TriLep_DYJets.root
2025-11-19 16:09:22,160 - INFO - [2018] MISSING_CENTRAL: ZFake3Mu/Central/jets/3/pz in Skim_TriLep_DYJets10to50.root
2025-11-19 16:09:22,238 - INFO - [2018] MISSING_CENTRAL: ZFake3Mu/Central/jets/3/pz in Skim_TriLep_WWG.root
2025-11-19 16:21:03,787 - INFO - [2018] MISSING_CENTRAL: ZFake3Mu/Central/jets/3/pz in Skim_TriLep_DYJets.root
2025-11-19 16:21:03,788 - INFO - [2018] MISSING_CENTRAL: ZFake3Mu/Central/jets/3/pz in Skim_TriLep_DYJets10to50.root
2025-11-19 16:21:03,853 - INFO - [2018] MISSING_CENTRAL: ZFake3Mu/Central/jets/3/pz in Skim_TriLep_WWG.root
2025-12-17 22:35:26,586 - INFO - [2018] MISSING_CENTRAL: ZFake3Mu/Central/jets/3/pz in Skim_TriLep_DYJets.root
2025-12-17 22:35:26,587 - INFO - [2018] MISSING_CENTRAL: ZFake3Mu/Central/jets/3/pz in Skim_TriLep_DYJets10to50.root
2025-12-17 22:35:26,619 - INFO - [2018] MISSING_CENTRAL: ZFake3Mu/Central/jets/3/pz in Skim_TriLep_WWG.root
2025-12-18 14:19:02,696 - INFO - [2018] MISSING_CENTRAL: ZFake3Mu/Central/jets/3/pz in Skim_TriLep_DYJets.root
2025-12-18 14:19:02,697 - INFO - [2018] MISSING_CENTRAL: ZFake3Mu/Central/jets/3/pz in Skim_TriLep_DYJets10to50.root
2025-12-18 14:19:02,742 - INFO - [2018] MISSING_CENTRAL: ZFake3Mu/Central/jets/3/pz in Skim_TriLep_WWG.root
2025-12-18 14:34:31,879 - INFO - [2018] MISSING_CENTRAL: ZFake3Mu/Central/jets/3/pz in Skim_TriLep_DYJets.root
2025-12-18 14:34:31,880 - INFO - [2018] MISSING_CENTRAL: ZFake3Mu/Central/jets/3/pz in Skim_TriLep_DYJets10to50.root
2025-12-18 14:34:31,969 - INFO - [2018] MISSING_CENTRAL: ZFake3Mu/Central/jets/3/pz in Skim_TriLep_WWG.root
2026-01-07 11:44:40,245 - INFO - [2018] MISSING_CENTRAL: ZFake3Mu/Central/jets/3/pz in Skim_TriLep_DYJets.root
2026-01-07 11:44:40,246 - INFO - [2018] MISSING_CENTRAL: ZFake3Mu/Central/jets/3/pz in Skim_TriLep_DYJets10to50.root
2026-01-07 11:44:40,291 - INFO - [2018] MISSING_CENTRAL: ZFake3Mu/Central/jets/3/pz in Skim_TriLep_WWG.root
2026-01-07 18:41:25,507 - INFO - [2018] MISSING_CENTRAL: ZFake3Mu/Central/jets/3/pz in Skim_TriLep_DYJets.root
2026-01-07 18:41:25,508 - INFO - [2018] MISSING_CENTRAL: ZFake3Mu/Central/jets/3/pz in Skim_TriLep_DYJets10to50.root
2026-01-07 18:41:25,587 - INFO - [2018] MISSING_CENTRAL: ZFake3Mu/Central/jets/3/pz in Skim_TriLep_WWG.root
2026-01-09 12:15:08,930 - INFO - [2018] MISSING_CENTRAL: ZFake3Mu/Central/jets/3/pz in Skim_TriLep_DYJets.root
2026-01-09 12:15:08,931 - INFO - [2018] MISSING_CENTRAL: ZFake3Mu/Central/jets/3/pz in Skim_TriLep_DYJets10to50.root
2026-01-09 12:15:08,962 - INFO - [2018] MISSING_CENTRAL: ZFake3Mu/Central/jets/3/pz in Skim_TriLep_WWG.root
2026-01-11 09:35:12,583 - INFO - [2018] MISSING_CENTRAL: ZFake3Mu/Central/jets/3/pz in Skim_TriLep_DYJets.root
2026-01-11 09:35:12,584 - INFO - [2018] MISSING_CENTRAL: ZFake3Mu/Central/jets/3/pz in Skim_TriLep_DYJets10to50.root
2026-01-11 09:35:12,608 - INFO - [2018] MISSING_CENTRAL: ZFake3Mu/Central/jets/3/pz in Skim_TriLep_WWG.root
2026-01-12 13:43:49,175 - INFO - [2018] MISSING_FILE: /home/choij/Sync/workspace/ChargedHiggsAnalysisV3/SKNanoOutput/MatrixSelector/Run3Mu/2018/Skim_TriLep_DoubleMuon_A.root
2026-01-12 13:43:49,176 - INFO - [2018] MISSING_FILE: /home/choij/Sync/workspace/ChargedHiggsAnalysisV3/SKNanoOutput/MatrixSelector/Run3Mu/2018/Skim_TriLep_DoubleMuon_B.root
2026-01-12 13:43:49,176 - INFO - [2018] MISSING_FILE: /home/choij/Sync/workspace/ChargedHiggsAnalysisV3/SKNanoOutput/MatrixSelector/Run3Mu/2018/Skim_TriLep_DoubleMuon_C.root
2026-01-12 13:43:49,176 - INFO - [2018] MISSING_FILE: /home/choij/Sync/workspace/ChargedHiggsAnalysisV3/SKNanoOutput/MatrixSelector/Run3Mu/2018/Skim_TriLep_DoubleMuon_D.root
2026-01-12 13:43:49,179 - INFO - [2018] MISSING_CENTRAL: ZFake3Mu/Central/jets/3/pz in Skim_TriLep_DYJets.root
2026-01-12 13:43:49,179 - INFO - [2018] MISSING_CENTRAL: ZFake3Mu/Central/jets/3/pz in Skim_TriLep_DYJets10to50.root
2026-01-12 13:43:49,237 - INFO - [2018] MISSING_CENTRAL: ZFake3Mu/Central/jets/3/pz in Skim_TriLep_WWG.root
2026-01-16 18:59:03,960 - INFO - [2018] MISSING_CENTRAL: ZFake3Mu/Central/jets/3/pz in Skim_TriLep_DYJets.root
2026-01-16 18:59:03,963 - INFO - [2018] MISSING_CENTRAL: ZFake3Mu/Central/jets/3/pz in Skim_TriLep_DYJets10to50.root
2026-01-16 18:59:04,009 - INFO - [2018] MISSING_CENTRAL: ZFake3Mu/Central/jets/3/pz in Skim_TriLep_WWG.root
2026-01-28 16:07:44,691 - INFO - [2018] MISSING_CENTRAL: ZFake3Mu/Central/jets/3/pz in Skim_TriLep_DYJets.root
2026-01-28 16:07:44,692 - INFO - [2018] MISSING_CENTRAL: ZFake3Mu/Central/jets/3/pz in Skim_TriLep_DYJets10to50.root
2026-01-28 16:07:44,728 - INFO - [2018] MISSING_CENTRAL: ZFake3Mu/Central/jets/3/pz in Skim_TriLep_WWG.root
2026-01-28 17:19:12,982 - INFO - [2018] MISSING_CENTRAL: ZFake3Mu/Central/jets/3/pz in Skim_TriLep_DYJets.root
2026-01-28 17:19:12,986 - INFO - [2018] MISSING_CENTRAL: ZFake3Mu/Central/jets/3/pz in Skim_TriLep_DYJets10to50.root
2026-01-28 17:19:13,033 - INFO - [2018] MISSING_CENTRAL: ZFake3Mu/Central/jets/3/pz in Skim_TriLep_WWG.root
2026-01-28 19:52:49,537 - INFO - [2018] MISSING_CENTRAL: ZFake3Mu/Central/jets/3/pz in Skim_TriLep_DYJets.root
2026-01-28 19:52:49,537 - INFO - [2018] MISSING_CENTRAL: ZFake3Mu/Central/jets/3/pz in Skim_TriLep_DYJets10to50.root
2026-01-28 19:52:49,573 - INFO - [2018] MISSING_CENTRAL: ZFake3Mu/Central/jets/3/pz in Skim_TriLep_WWG.root
2026-01-29 07:10:12,824 - INFO - [2018] MISSING_CENTRAL: ZFake3Mu/Central/jets/3/pz in Skim_TriLep_DYJets.root
2026-01-29 07:10:12,825 - INFO - [2018] MISSING_CENTRAL: ZFake3Mu/Central/jets/3/pz in Skim_TriLep_DYJets10to50.root
2026-01-29 07:10:12,850 - INFO - [2018] MISSING_CENTRAL: ZFake3Mu/Central/jets/3/pz in Skim_TriLep_WWG.root
2026-03-06 09:39:00,382 - INFO - [2018] MISSING_CENTRAL: ZFake3Mu/Central/jets/3/pz in Skim_TriLep_DYJets.root
2026-03-06 09:39:00,383 - INFO - [2018] MISSING_CENTRAL: ZFake3Mu/Central/jets/3/pz in Skim_TriLep_DYJets10to50.root
2026-03-06 09:39:00,410 - INFO - [2018] MISSING_CENTRAL: ZFake3Mu/Central/jets/3/pz in Skim_TriLep_WWG.root
2026-03-06 19:44:49,011 - INFO - [2018] MISSING_CENTRAL: ZFake3Mu/Central/jets/3/pz in Skim_TriLep_DYJets.root
2026-03-06 19:44:49,012 - INFO - [2018] MISSING_CENTRAL: ZFake3Mu/Central/jets/3/pz in Skim_TriLep_DYJets10to50.root
2026-03-06 19:44:49,038 - INFO - [2018] MISSING_CENTRAL: ZFake3Mu/Central/jets/3/pz in Skim_TriLep_WWG.root
2026-03-12 21:28:35,277 - INFO - [2018] MISSING_CENTRAL: ZFake3Mu/Central/jets/3/pz in Skim_TriLep_DYJets.root
2026-03-12 21:28:35,278 - INFO - [2018] MISSING_CENTRAL: ZFake3Mu/Central/jets/3/pz in Skim_TriLep_DYJets10to50.root
2026-03-12 21:28:35,303 - INFO - [2018] MISSING_CENTRAL: ZFake3Mu/Central/jets/3/pz in Skim_TriLep_WWG.root
2026-03-12 21:33:03,647 - INFO - [2018] MISSING_CENTRAL: ZFake3Mu/Central/jets/3/pz in Skim_TriLep_DYJets.root
2026-03-12 21:33:03,647 - INFO - [2018] MISSING_CENTRAL: ZFake3Mu/Central/jets/3/pz in Skim_TriLep_DYJets10to50.root
2026-03-12 21:33:03,672 - INFO - [2018] MISSING_CENTRAL: ZFake3Mu/Central/jets/3/pz in Skim_TriLep_WWG.root
2026-04-10 20:19:25,867 - INFO - [2018] MISSING_CENTRAL: ZFake3Mu/Central/jets/3/pz in Skim_TriLep_DYJets.root
2026-04-10 20:19:25,868 - INFO - [2018] MISSING_CENTRAL: ZFake3Mu/Central/jets/3/pz in Skim_TriLep_DYJets10to50.root
2026-04-10 20:19:25,894 - INFO - [2018] MISSING_CENTRAL: ZFake3Mu/Central/jets/3/pz in Skim_TriLep_WWG.root
2026-04-12 11:34:29,422 - INFO - [2018] MISSING_CENTRAL: ZFake3Mu/Central/jets/3/pz in Skim_TriLep_DYJets.root
2026-04-12 11:34:29,423 - INFO - [2018] MISSING_CENTRAL: ZFake3Mu/Central/jets/3/pz in Skim_TriLep_DYJets10to50.root
2026-04-12 11:34:29,448 - INFO - [2018] MISSING_CENTRAL: ZFake3Mu/Central/jets/3/pz in Skim_TriLep_WWG.root
2026-04-12 12:16:37,437 - INFO - [2018] MISSING_CENTRAL: ZFake3Mu/Central/jets/3/pz in Skim_TriLep_DYJets.root
2026-04-12 12:16:37,438 - INFO - [2018] MISSING_CENTRAL: ZFake3Mu/Central/jets/3/pz in Skim_TriLep_DYJets10to50.root
2026-04-12 12:16:37,464 - INFO - [2018] MISSING_CENTRAL: ZFake3Mu/Central/jets/3/pz in Skim_TriLep_WWG.root
2026-04-12 12:36:16,202 - INFO - [2018] MISSING_CENTRAL: ZFake3Mu/Central/jets/3/pz in Skim_TriLep_DYJets.root
2026-04-12 12:36:16,203 - INFO - [2018] MISSING_CENTRAL: ZFake3Mu/Central/jets/3/pz in Skim_TriLep_DYJets10to50.root
2026-04-12 12:36:16,230 - INFO - [2018] MISSING_CENTRAL: ZFake3Mu/Central/jets/3/pz in Skim_TriLep_WWG.root
2026-04-12 20:44:19,267 - INFO - [2018] MISSING_CENTRAL: ZFake3Mu/Central/jets/3/pz in Skim_TriLep_DYJets.root
2026-04-12 20:44:19,268 - INFO - [2018] MISSING_CENTRAL: ZFake3Mu/Central/jets/3/pz in Skim_TriLep_DYJets10to50.root
2026-04-12 20:44:19,294 - INFO - [2018] MISSING_CENTRAL: ZFake3Mu/Central/jets/3/pz in Skim_TriLep_WWG.root
2026-04-12 21:15:58,054 - INFO - [2018] MISSING_CENTRAL: ZFake3Mu/Central/jets/3/pz in Skim_TriLep_DYJets.root
2026-04-12 21:15:58,054 - INFO - [2018] MISSING_CENTRAL: ZFake3Mu/Central/jets/3/pz in Skim_TriLep_DYJets10to50.root
2026-04-12 21:15:58,092 - INFO - [2018] MISSING_CENTRAL: ZFake3Mu/Central/jets/3/pz in Skim_TriLep_WWG.root
2026-04-13 12:53:30,800 - INFO - [2018] MISSING_CENTRAL: ZFake3Mu/Central/jets/3/pz in Skim_TriLep_DYJets.root
2026-04-13 12:53:30,801 - INFO - [2018] MISSING_CENTRAL: ZFake3Mu/Central/jets/3/pz in Skim_TriLep_DYJets10to50.root
2026-04-13 12:53:30,831 - INFO - [2018] MISSING_CENTRAL: ZFake3Mu/Central/jets/3/pz in Skim_TriLep_WWG.root
2026-04-16 17:36:00,716 - INFO - [2018] MISSING_CENTRAL: ZFake3Mu/Central/jets/3/pz in Skim_TriLep_DYJets.root
2026-04-16 17:36:00,717 - INFO - [2018] MISSING_CENTRAL: ZFake3Mu/Central/jets/3/pz in Skim_TriLep_DYJets10to50.root
2026-04-16 17:36:00,748 - INFO - [2018] MISSING_CENTRAL: ZFake3Mu/Central/jets/3/pz in Skim_TriLep_WWG.root
2026-04-28 15:16:34,806 - INFO - [2018] MISSING_CENTRAL: ZFake3Mu/Central/jets/3/pz in Skim_TriLep_DYJets.root
2026-04-28 15:16:34,807 - INFO - [2018] MISSING_CENTRAL: ZFake3Mu/Central/jets/3/pz in Skim_TriLep_DYJets10to50.root
2026-04-28 15:16:34,837 - INFO - [2018] MISSING_CENTRAL: ZFake3Mu/Central/jets/3/pz in Skim_TriLep_WWG.root
2026-05-04 17:05:40,380 - INFO - [2018] MISSING_CENTRAL: ZFake3Mu/Central/jets/3/pz in Skim_TriLep_DYJets.root
2026-05-04 17:05:40,381 - INFO - [2018] MISSING_CENTRAL: ZFake3Mu/Central/jets/3/pz in Skim_TriLep_DYJets10to50.root
2026-05-04 17:05:40,410 - INFO - [2018] MISSING_CENTRAL: ZFake3Mu/Central/jets/3/pz in Skim_TriLep_WWG.root
2026-05-28 15:42:38,152 - INFO - [2018] MISSING_CENTRAL: ZFake3Mu/Central/jets/3/pz in Skim_TriLep_DYJets.root
2026-05-28 15:42:38,153 - INFO - [2018] MISSING_CENTRAL: ZFake3Mu/Central/jets/3/pz in Skim_TriLep_DYJets10to50.root
2026-05-28 15:42:38,182 - INFO - [2018] MISSING_CENTRAL: ZFake3Mu/Central/jets/3/pz in Skim_TriLep_WWG.root
2026-05-29 15:33:27,854 - INFO - [2018] MISSING_CENTRAL: ZFake3Mu/Central/jets/3/pz in Skim_TriLep_DYJets.root
2026-05-29 15:33:27,856 - INFO - [2018] MISSING_CENTRAL: ZFake3Mu/Central/jets/3/pz in Skim_TriLep_DYJets10to50.root
2026-05-29 15:33:27,887 - INFO - [2018] MISSING_CENTRAL: ZFake3Mu/Central/jets/3/pz in Skim_TriLep_WWG.root
2026-05-29 18:24:36,226 - INFO - [2018] MISSING_CENTRAL: ZFake3Mu/Central/jets/3/pz in Skim_TriLep_DYJets.root
2026-05-29 18:24:36,226 - INFO - [2018] MISSING_CENTRAL: ZFake3Mu/Central/jets/3/pz in Skim_TriLep_DYJets10to50.root
2026-05-29 18:24:36,255 - INFO - [2018] MISSING_CENTRAL: ZFake3Mu/Central/jets/3/pz in Skim_TriLep_WWG.root
2026-06-12 14:26:05,522 - INFO - [2018] MISSING_CENTRAL: ZFake3Mu/Central/jets/3/pz in Skim_TriLep_DYJets.root
2026-06-12 14:26:05,523 - INFO - [2018] MISSING_CENTRAL: ZFake3Mu/Central/jets/3/pz in Skim_TriLep_DYJets10to50.root
2026-06-12 14:26:05,553 - INFO - [2018] MISSING_CENTRAL: ZFake3Mu/Central/jets/3/pz in Skim_TriLep_WWG.root
2026-06-18 00:20:21,523 - INFO - [2018] MISSING_CENTRAL: ZFake3Mu/Central/jets/3/pz in Skim_TriLep_DYJets.root
2026-06-18 00:20:21,524 - INFO - [2018] MISSING_CENTRAL: ZFake3Mu/Central/jets/3/pz in Skim_TriLep_DYJets10to50.root
2026-06-18 00:20:21,575 - INFO - [2018] MISSING_CENTRAL: ZFake3Mu/Central/jets/3/pz in Skim_TriLep_WWG.root
2026-07-01 17:34:49,263 - INFO - [2018] MISSING_CENTRAL: ZFake3Mu/Central/jets/3/pz in Skim_TriLep_DYJets.root
2026-07-01 17:34:49,264 - INFO - [2018] MISSING_CENTRAL: ZFake3Mu/Central/jets/3/pz in Skim_TriLep_DYJets10to50.root
2026-07-01 17:34:49,297 - INFO - [2018] MISSING_CENTRAL: ZFake3Mu/Central/jets/3/pz in Skim_TriLep_WWG.root
2026-07-21 19:28:35,123 - INFO - [2018] MISSING_CENTRAL: ZFake3Mu/Central/jets/3/pz in Skim_TriLep_DYJets.root
2026-07-21 19:28:35,124 - INFO - [2018] MISSING_CENTRAL: ZFake3Mu/Central/jets/3/pz in Skim_TriLep_DYJets10to50.root
2026-07-21 19:28:35,139 - INFO - [2018] MISSING_CENTRAL: ZFake3Mu/Central/jets/3/pz in Skim_TriLep_WWG.root
2026-08-18 18:13:58,328 - INFO - [2018] MISSING_CENTRAL: ZFake3Mu/Central/jets/3/pz in Skim_TriLep_DYJets.root
2026-08-18 18:13:58,331 - INFO - [2018] MISSING_CENTRAL: ZFake3Mu/Central/jets/3/pz in Skim_TriLep_DYJets10to50.root
2026-08-18 18:13:58,386 - INFO - [2018] MISSING_CENTRAL: ZFake3Mu/Central/jets/3/pz in Skim_TriLep_WWG.root
2026-08-19 10:06:20,589 - INFO - [2018] MISSING_CENTRAL: ZFake3Mu/Central/jets/3/pz in Skim_TriLep_DYJets.root
2026-08-19 10:06:20,590 - INFO - [2018] MISSING_CENTRAL: ZFake3Mu/Central/jets/3/pz in Skim_TriLep_DYJets10to50.root
2026-08-19 10:06:20,613 - INFO - [2018] MISSING_CENTRAL: ZFake3Mu/Central/jets/3/pz in Skim_TriLep_WWG.root
