2025-09-24 15:48:06,109 - INFO - [2018] MISSING_CENTRAL: ZFake3Mu/Central/muons/1/eta in Skim_TriLep_DYJets10to50.root
2025-09-24 15:48:06,161 - INFO - [2018] MISSING_FILE: /Users/choij/Sync/workspace/ChargedHiggsAnalysisV3/SKNanoOutput/PromptSelector/Run3Mu_RunSyst/2018/Skim_TriLep_TTG.root
2025-09-24 15:48:06,190 - INFO - [2018] MISSING_FILE: /Users/choij/Sync/workspace/ChargedHiggsAnalysisV3/SKNanoOutput/PromptSelector/Run3Mu_RunSyst/2018/Skim_TriLep_TTHToNonbb.root
2025-09-24 15:48:06,218 - INFO - [2018] MISSING_FILE: /Users/choij/Sync/workspace/ChargedHiggsAnalysisV3/SKNanoOutput/PromptSelector/Run3Mu_RunSyst/2018/Skim_TriLep_tHq.root
2025-09-24 15:48:06,238 - INFO - [2018] MISSING_FILE: /Users/choij/Sync/workspace/ChargedHiggsAnalysisV3/SKNanoOutput/PromptSelector/Run3Mu_RunSyst/2018/Skim_TriLep_VBFHToZZTo4L.root
2025-10-02 21:13:10,943 - INFO - [2018] MISSING_CENTRAL: ZFake3Mu/Central/muons/1/eta in Skim_TriLep_DYJets10to50.root
2025-10-02 21:13:10,954 - INFO - [2018] MISSING_FILE: /data9/Users/choij/Sync/workspace/ChargedHiggsAnalysisV3/SKNanoOutput/PromptSelector/Run3Mu_RunSyst/2018/Skim_TriLep_TTG.root
2025-10-02 21:13:11,128 - INFO - [2018] MISSING_FILE: /data9/Users/choij/Sync/workspace/ChargedHiggsAnalysisV3/SKNanoOutput/PromptSelector/Run3Mu_RunSyst/2018/Skim_TriLep_TTHToNonbb.root
2025-10-02 21:13:11,743 - INFO - [2018] MISSING_FILE: /data9/Users/choij/Sync/workspace/ChargedHiggsAnalysisV3/SKNanoOutput/PromptSelector/Run3Mu_RunSyst/2018/Skim_TriLep_tHq.root
2025-10-02 21:13:12,566 - INFO - [2018] MISSING_FILE: /data9/Users/choij/Sync/workspace/ChargedHiggsAnalysisV3/SKNanoOutput/PromptSelector/Run3Mu_RunSyst/2018/Skim_TriLep_VBFHToZZTo4L.root
2025-10-03 00:00:51,807 - INFO - [2018] MISSING_CENTRAL: ZFake3Mu/Central/muons/1/eta in Skim_TriLep_DYJets10to50.root
2025-10-03 00:00:51,819 - INFO - [2018] MISSING_FILE: /Users/choij/Sync/workspace/ChargedHiggsAnalysisV3/SKNanoOutput/PromptSelector/Run3Mu_RunSyst/2018/Skim_TriLep_TTG.root
2025-10-03 00:00:51,855 - INFO - [2018] MISSING_FILE: /Users/choij/Sync/workspace/ChargedHiggsAnalysisV3/SKNanoOutput/PromptSelector/Run3Mu_RunSyst/2018/Skim_TriLep_TTHToNonbb.root
2025-10-03 00:00:51,901 - INFO - [2018] MISSING_FILE: /Users/choij/Sync/workspace/ChargedHiggsAnalysisV3/SKNanoOutput/PromptSelector/Run3Mu_RunSyst/2018/Skim_TriLep_tHq.root
2025-10-03 00:00:51,981 - INFO - [2018] MISSING_FILE: /Users/choij/Sync/workspace/ChargedHiggsAnalysisV3/SKNanoOutput/PromptSelector/Run3Mu_RunSyst/2018/Skim_TriLep_VBFHToZZTo4L.root
2025-11-05 22:03:01,735 - INFO - [2018] MISSING_CENTRAL: ZFake3Mu/Central/muons/1/eta in Skim_TriLep_DYJets10to50.root
2025-11-05 22:18:47,148 - INFO - [2018] MISSING_CENTRAL: ZFake3Mu/Central/muons/1/eta in Skim_TriLep_DYJets10to50.root
2025-11-05 23:23:20,399 - INFO - [2018] MISSING_CENTRAL: ZFake3Mu/Central/muons/1/eta in Skim_TriLep_DYJets10to50.root
2025-11-07 12:26:32,306 - INFO - [2018] MISSING_CENTRAL: ZFake3Mu/Central/muons/1/eta in Skim_TriLep_DYJets10to50.root
2025-11-07 13:07:03,853 - INFO - [2018] MISSING_CENTRAL: ZFake3Mu/Central/muons/1/eta in Skim_TriLep_DYJets10to50.root
2025-11-07 13:30:48,559 - INFO - [2018] MISSING_CENTRAL: ZFake3Mu/Central/muons/1/eta in Skim_TriLep_DYJets10to50.root
2025-11-07 14:03:33,897 - INFO - [2018] MISSING_CENTRAL: ZFake3Mu/Central/muons/1/eta in Skim_TriLep_DYJets10to50.root
2025-11-10 05:54:14,809 - INFO - [2018] MISSING_CENTRAL: ZFake3Mu/Central/muons/1/eta in Skim_TriLep_DYJets10to50.root
2025-11-10 12:18:37,264 - INFO - [2018] MISSING_CENTRAL: ZFake3Mu/Central/muons/1/eta in Skim_TriLep_DYJets10to50.root
2025-11-13 11:07:51,813 - INFO - [2018] MISSING_CENTRAL: ZFake3Mu/Central/muons/1/eta in Skim_TriLep_DYJets10to50.root
2025-11-19 16:09:16,330 - INFO - [2018] MISSING_CENTRAL: ZFake3Mu/Central/muons/1/eta in Skim_TriLep_DYJets10to50.root
2025-11-19 16:20:57,632 - INFO - [2018] MISSING_CENTRAL: ZFake3Mu/Central/muons/1/eta in Skim_TriLep_DYJets10to50.root
2025-12-17 22:35:15,253 - INFO - [2018] MISSING_CENTRAL: ZFake3Mu/Central/muons/1/eta in Skim_TriLep_DYJets10to50.root
2025-12-18 14:18:56,731 - INFO - [2018] MISSING_CENTRAL: ZFake3Mu/Central/muons/1/eta in Skim_TriLep_DYJets10to50.root
2025-12-18 14:34:24,537 - INFO - [2018] MISSING_CENTRAL: ZFake3Mu/Central/muons/1/eta in Skim_TriLep_DYJets10to50.root
2026-01-07 11:44:30,539 - INFO - [2018] MISSING_CENTRAL: ZFake3Mu/Central/muons/1/eta in Skim_TriLep_DYJets10to50.root
2026-01-07 18:41:20,407 - INFO - [2018] MISSING_CENTRAL: ZFake3Mu/Central/muons/1/eta in Skim_TriLep_DYJets10to50.root
2026-01-09 12:15:02,567 - INFO - [2018] MISSING_CENTRAL: ZFake3Mu/Central/muons/1/eta in Skim_TriLep_DYJets10to50.root
2026-01-11 09:35:06,361 - INFO - [2018] MISSING_CENTRAL: ZFake3Mu/Central/muons/1/eta in Skim_TriLep_DYJets10to50.root
2026-01-12 13:43:42,927 - INFO - [2018] MISSING_FILE: /home/choij/Sync/workspace/ChargedHiggsAnalysisV3/SKNanoOutput/MatrixSelector/Run3Mu/2018/Skim_TriLep_DoubleMuon_A.root
2026-01-12 13:43:42,927 - INFO - [2018] MISSING_FILE: /home/choij/Sync/workspace/ChargedHiggsAnalysisV3/SKNanoOutput/MatrixSelector/Run3Mu/2018/Skim_TriLep_DoubleMuon_B.root
2026-01-12 13:43:42,927 - INFO - [2018] MISSING_FILE: /home/choij/Sync/workspace/ChargedHiggsAnalysisV3/SKNanoOutput/MatrixSelector/Run3Mu/2018/Skim_TriLep_DoubleMuon_C.root
2026-01-12 13:43:42,927 - INFO - [2018] MISSING_FILE: /home/choij/Sync/workspace/ChargedHiggsAnalysisV3/SKNanoOutput/MatrixSelector/Run3Mu/2018/Skim_TriLep_DoubleMuon_D.root
2026-01-12 13:43:42,950 - INFO - [2018] MISSING_CENTRAL: ZFake3Mu/Central/muons/1/eta in Skim_TriLep_DYJets10to50.root
2026-01-16 18:58:57,931 - INFO - [2018] MISSING_CENTRAL: ZFake3Mu/Central/muons/1/eta in Skim_TriLep_DYJets10to50.root
2026-01-28 16:07:38,941 - INFO - [2018] MISSING_CENTRAL: ZFake3Mu/Central/muons/1/eta in Skim_TriLep_DYJets10to50.root
2026-01-28 17:19:06,675 - INFO - [2018] MISSING_CENTRAL: ZFake3Mu/Central/muons/1/eta in Skim_TriLep_DYJets10to50.root
2026-01-28 19:52:43,632 - INFO - [2018] MISSING_CENTRAL: ZFake3Mu/Central/muons/1/eta in Skim_TriLep_DYJets10to50.root
2026-01-29 07:10:06,910 - INFO - [2018] MISSING_CENTRAL: ZFake3Mu/Central/muons/1/eta in Skim_TriLep_DYJets10to50.root
2026-03-06 09:38:54,870 - INFO - [2018] MISSING_CENTRAL: ZFake3Mu/Central/muons/1/eta in Skim_TriLep_DYJets10to50.root
2026-03-06 19:44:43,598 - INFO - [2018] MISSING_CENTRAL: ZFake3Mu/Central/muons/1/eta in Skim_TriLep_DYJets10to50.root
2026-03-12 21:28:29,514 - INFO - [2018] MISSING_CENTRAL: ZFake3Mu/Central/muons/1/eta in Skim_TriLep_DYJets10to50.root
2026-03-12 21:32:58,401 - INFO - [2018] MISSING_CENTRAL: ZFake3Mu/Central/muons/1/eta in Skim_TriLep_DYJets10to50.root
2026-04-10 20:19:20,247 - INFO - [2018] MISSING_CENTRAL: ZFake3Mu/Central/muons/1/eta in Skim_TriLep_DYJets10to50.root
2026-04-12 11:34:23,626 - INFO - [2018] MISSING_CENTRAL: ZFake3Mu/Central/muons/1/eta in Skim_TriLep_DYJets10to50.root
2026-04-12 12:16:32,049 - INFO - [2018] MISSING_CENTRAL: ZFake3Mu/Central/muons/1/eta in Skim_TriLep_DYJets10to50.root
2026-04-12 12:36:10,978 - INFO - [2018] MISSING_CENTRAL: ZFake3Mu/Central/muons/1/eta in Skim_TriLep_DYJets10to50.root
2026-04-12 20:44:13,917 - INFO - [2018] MISSING_CENTRAL: ZFake3Mu/Central/muons/1/eta in Skim_TriLep_DYJets10to50.root
2026-04-12 21:15:52,962 - INFO - [2018] MISSING_CENTRAL: ZFake3Mu/Central/muons/1/eta in Skim_TriLep_DYJets10to50.root
2026-04-13 12:53:25,010 - INFO - [2018] MISSING_CENTRAL: ZFake3Mu/Central/muons/1/eta in Skim_TriLep_DYJets10to50.root
2026-04-16 17:35:54,887 - INFO - [2018] MISSING_CENTRAL: ZFake3Mu/Central/muons/1/eta in Skim_TriLep_DYJets10to50.root
2026-04-28 15:16:29,251 - INFO - [2018] MISSING_CENTRAL: ZFake3Mu/Central/muons/1/eta in Skim_TriLep_DYJets10to50.root
2026-05-04 17:05:35,047 - INFO - [2018] MISSING_CENTRAL: ZFake3Mu/Central/muons/1/eta in Skim_TriLep_DYJets10to50.root
2026-05-28 15:42:33,751 - INFO - [2018] MISSING_CENTRAL: ZFake3Mu/Central/muons/1/eta in Skim_TriLep_DYJets10to50.root
2026-05-29 15:33:22,753 - INFO - [2018] MISSING_CENTRAL: ZFake3Mu/Central/muons/1/eta in Skim_TriLep_DYJets10to50.root
2026-05-29 18:24:30,691 - INFO - [2018] MISSING_CENTRAL: ZFake3Mu/Central/muons/1/eta in Skim_TriLep_DYJets10to50.root
2026-06-12 14:25:59,741 - INFO - [2018] MISSING_CENTRAL: ZFake3Mu/Central/muons/1/eta in Skim_TriLep_DYJets10to50.root
2026-06-18 00:20:15,612 - INFO - [2018] MISSING_CENTRAL: ZFake3Mu/Central/muons/1/eta in Skim_TriLep_DYJets10to50.root
2026-07-01 17:34:45,723 - INFO - [2018] MISSING_CENTRAL: ZFake3Mu/Central/muons/1/eta in Skim_TriLep_DYJets10to50.root
2026-07-21 19:28:25,039 - INFO - [2018] MISSING_CENTRAL: ZFake3Mu/Central/muons/1/eta in Skim_TriLep_DYJets10to50.root
