2026-06-29 16:43:33,346 - INFO - [2016preVFP] MISSING_CENTRAL: WZ1E2Mu/Central/jets/2/mass in Skim_TriLep_DYJets10to50.root
2026-06-29 16:43:33,645 - INFO - [2016postVFP] MISSING_CENTRAL: WZ1E2Mu/Central/jets/2/mass in Skim_TriLep_DYJets10to50.root
2026-06-29 16:43:33,957 - INFO - [2017] MISSING_CENTRAL: WZ1E2Mu/Central/jets/2/mass in Skim_TriLep_DYJets10to50.root
2026-06-29 16:43:34,289 - INFO - [2018] MISSING_CENTRAL: WZ1E2Mu/Central/jets/2/mass in Skim_TriLep_DYJets10to50.root
2026-06-29 16:43:38,890 - INFO - [2016preVFP] MISSING_CENTRAL: WZ1E2Mu/Central/jets/2/mass in Skim_TriLep_DYJets10to50.root
2026-06-29 16:43:38,899 - INFO - [2016preVFP] MISSING_FILE: /data9/Users/choij/Sync/workspace/ChargedHiggsAnalysisV3/SKNanoOutput/PromptAnalyzer/Run1E2Mu_RunNoWZSF_RunSyst_RunCR_NoTreeMode/2016preVFP/Skim_TriLep_WZTo3LNu_amcatnlo.root
2026-06-29 16:43:38,924 - INFO - [2016postVFP] MISSING_CENTRAL: WZ1E2Mu/Central/jets/2/mass in Skim_TriLep_DYJets10to50.root
2026-06-29 16:43:38,933 - INFO - [2016postVFP] MISSING_FILE: /data9/Users/choij/Sync/workspace/ChargedHiggsAnalysisV3/SKNanoOutput/PromptAnalyzer/Run1E2Mu_RunNoWZSF_RunSyst_RunCR_NoTreeMode/2016postVFP/Skim_TriLep_WZTo3LNu_amcatnlo.root
2026-06-29 16:43:38,960 - INFO - [2017] MISSING_CENTRAL: WZ1E2Mu/Central/jets/2/mass in Skim_TriLep_DYJets10to50.root
2026-06-29 16:43:38,968 - INFO - [2017] MISSING_FILE: /data9/Users/choij/Sync/workspace/ChargedHiggsAnalysisV3/SKNanoOutput/PromptAnalyzer/Run1E2Mu_RunNoWZSF_RunSyst_RunCR_NoTreeMode/2017/Skim_TriLep_WZTo3LNu_amcatnlo.root
2026-06-29 16:43:38,993 - INFO - [2018] MISSING_CENTRAL: WZ1E2Mu/Central/jets/2/mass in Skim_TriLep_DYJets10to50.root
2026-06-29 16:43:39,001 - INFO - [2018] MISSING_FILE: /data9/Users/choij/Sync/workspace/ChargedHiggsAnalysisV3/SKNanoOutput/PromptAnalyzer/Run1E2Mu_RunNoWZSF_RunSyst_RunCR_NoTreeMode/2018/Skim_TriLep_WZTo3LNu_amcatnlo.root
2026-07-01 05:32:05,205 - INFO - [2016preVFP] MISSING_CENTRAL: WZ1E2Mu/Central/jets/2/mass in Skim_TriLep_DYJets10to50.root
2026-07-01 05:32:05,383 - INFO - [2016postVFP] MISSING_CENTRAL: WZ1E2Mu/Central/jets/2/mass in Skim_TriLep_DYJets10to50.root
2026-07-01 05:32:05,573 - INFO - [2017] MISSING_CENTRAL: WZ1E2Mu/Central/jets/2/mass in Skim_TriLep_DYJets10to50.root
2026-07-01 05:32:05,775 - INFO - [2018] MISSING_CENTRAL: WZ1E2Mu/Central/jets/2/mass in Skim_TriLep_DYJets10to50.root
2026-07-01 05:58:29,300 - INFO - [2016preVFP] MISSING_FILE: /data9/Users/choij/Sync/workspace/ChargedHiggsAnalysisV3/SKNanoOutput/PromptAnalyzer/Run1E2Mu_RunCR_NoTreeMode/2016preVFP/Skim_TriLep_MuonEG_B.root
2026-07-01 05:58:29,300 - INFO - [2016preVFP] MISSING_FILE: /data9/Users/choij/Sync/workspace/ChargedHiggsAnalysisV3/SKNanoOutput/PromptAnalyzer/Run1E2Mu_RunCR_NoTreeMode/2016preVFP/Skim_TriLep_MuonEG_C.root
2026-07-01 05:58:29,300 - INFO - [2016preVFP] MISSING_FILE: /data9/Users/choij/Sync/workspace/ChargedHiggsAnalysisV3/SKNanoOutput/PromptAnalyzer/Run1E2Mu_RunCR_NoTreeMode/2016preVFP/Skim_TriLep_MuonEG_D.root
2026-07-01 05:58:29,300 - INFO - [2016preVFP] MISSING_FILE: /data9/Users/choij/Sync/workspace/ChargedHiggsAnalysisV3/SKNanoOutput/PromptAnalyzer/Run1E2Mu_RunCR_NoTreeMode/2016preVFP/Skim_TriLep_MuonEG_E.root
2026-07-01 05:58:29,300 - INFO - [2016preVFP] MISSING_FILE: /data9/Users/choij/Sync/workspace/ChargedHiggsAnalysisV3/SKNanoOutput/PromptAnalyzer/Run1E2Mu_RunCR_NoTreeMode/2016preVFP/Skim_TriLep_MuonEG_F.root
2026-07-01 05:58:29,300 - INFO - [2016postVFP] MISSING_FILE: /data9/Users/choij/Sync/workspace/ChargedHiggsAnalysisV3/SKNanoOutput/PromptAnalyzer/Run1E2Mu_RunCR_NoTreeMode/2016postVFP/Skim_TriLep_MuonEG_F.root
2026-07-01 05:58:29,300 - INFO - [2016postVFP] MISSING_FILE: /data9/Users/choij/Sync/workspace/ChargedHiggsAnalysisV3/SKNanoOutput/PromptAnalyzer/Run1E2Mu_RunCR_NoTreeMode/2016postVFP/Skim_TriLep_MuonEG_G.root
2026-07-01 05:58:29,300 - INFO - [2016postVFP] MISSING_FILE: /data9/Users/choij/Sync/workspace/ChargedHiggsAnalysisV3/SKNanoOutput/PromptAnalyzer/Run1E2Mu_RunCR_NoTreeMode/2016postVFP/Skim_TriLep_MuonEG_H.root
2026-07-01 05:58:29,301 - INFO - [2017] MISSING_FILE: /data9/Users/choij/Sync/workspace/ChargedHiggsAnalysisV3/SKNanoOutput/PromptAnalyzer/Run1E2Mu_RunCR_NoTreeMode/2017/Skim_TriLep_MuonEG_B.root
2026-07-01 05:58:29,301 - INFO - [2017] MISSING_FILE: /data9/Users/choij/Sync/workspace/ChargedHiggsAnalysisV3/SKNanoOutput/PromptAnalyzer/Run1E2Mu_RunCR_NoTreeMode/2017/Skim_TriLep_MuonEG_C.root
2026-07-01 05:58:29,301 - INFO - [2017] MISSING_FILE: /data9/Users/choij/Sync/workspace/ChargedHiggsAnalysisV3/SKNanoOutput/PromptAnalyzer/Run1E2Mu_RunCR_NoTreeMode/2017/Skim_TriLep_MuonEG_D.root
2026-07-01 05:58:29,301 - INFO - [2017] MISSING_FILE: /data9/Users/choij/Sync/workspace/ChargedHiggsAnalysisV3/SKNanoOutput/PromptAnalyzer/Run1E2Mu_RunCR_NoTreeMode/2017/Skim_TriLep_MuonEG_E.root
2026-07-01 05:58:29,301 - INFO - [2017] MISSING_FILE: /data9/Users/choij/Sync/workspace/ChargedHiggsAnalysisV3/SKNanoOutput/PromptAnalyzer/Run1E2Mu_RunCR_NoTreeMode/2017/Skim_TriLep_MuonEG_F.root
2026-07-01 05:58:29,301 - INFO - [2018] MISSING_FILE: /data9/Users/choij/Sync/workspace/ChargedHiggsAnalysisV3/SKNanoOutput/PromptAnalyzer/Run1E2Mu_RunCR_NoTreeMode/2018/Skim_TriLep_MuonEG_A.root
2026-07-01 05:58:29,301 - INFO - [2018] MISSING_FILE: /data9/Users/choij/Sync/workspace/ChargedHiggsAnalysisV3/SKNanoOutput/PromptAnalyzer/Run1E2Mu_RunCR_NoTreeMode/2018/Skim_TriLep_MuonEG_B.root
2026-07-01 05:58:29,301 - INFO - [2018] MISSING_FILE: /data9/Users/choij/Sync/workspace/ChargedHiggsAnalysisV3/SKNanoOutput/PromptAnalyzer/Run1E2Mu_RunCR_NoTreeMode/2018/Skim_TriLep_MuonEG_C.root
2026-07-01 05:58:29,301 - INFO - [2018] MISSING_FILE: /data9/Users/choij/Sync/workspace/ChargedHiggsAnalysisV3/SKNanoOutput/PromptAnalyzer/Run1E2Mu_RunCR_NoTreeMode/2018/Skim_TriLep_MuonEG_D.root
2026-07-01 15:25:09,311 - INFO - [2016preVFP] MISSING_CENTRAL: WZ1E2Mu/Central/jets/2/mass in Skim_TriLep_DYJets10to50.root
2026-07-01 15:25:09,489 - INFO - [2016postVFP] MISSING_CENTRAL: WZ1E2Mu/Central/jets/2/mass in Skim_TriLep_DYJets10to50.root
2026-07-01 15:25:09,680 - INFO - [2017] MISSING_CENTRAL: WZ1E2Mu/Central/jets/2/mass in Skim_TriLep_DYJets10to50.root
2026-07-01 15:25:09,926 - INFO - [2018] MISSING_CENTRAL: WZ1E2Mu/Central/jets/2/mass in Skim_TriLep_DYJets10to50.root
2026-07-22 10:25:11,231 - INFO - [2016preVFP] MISSING_CENTRAL: WZ1E2Mu/Central/jets/2/mass in Skim_TriLep_DYJets10to50.root
2026-07-22 10:25:11,635 - INFO - [2016postVFP] MISSING_CENTRAL: WZ1E2Mu/Central/jets/2/mass in Skim_TriLep_DYJets10to50.root
2026-07-22 10:25:12,090 - INFO - [2017] MISSING_CENTRAL: WZ1E2Mu/Central/jets/2/mass in Skim_TriLep_DYJets10to50.root
2026-07-22 10:25:12,665 - INFO - [2018] MISSING_CENTRAL: WZ1E2Mu/Central/jets/2/mass in Skim_TriLep_DYJets10to50.root
