2026-06-29 16:43:33,514 - INFO - [2016preVFP] MISSING_CENTRAL: WZ1E2Mu/Central/jets/2/pt in Skim_TriLep_DYJets10to50.root
2026-06-29 16:43:33,815 - INFO - [2016postVFP] MISSING_CENTRAL: WZ1E2Mu/Central/jets/2/pt in Skim_TriLep_DYJets10to50.root
2026-06-29 16:43:34,137 - INFO - [2017] MISSING_CENTRAL: WZ1E2Mu/Central/jets/2/pt in Skim_TriLep_DYJets10to50.root
2026-06-29 16:43:34,474 - INFO - [2018] MISSING_CENTRAL: WZ1E2Mu/Central/jets/2/pt in Skim_TriLep_DYJets10to50.root
2026-06-29 16:43:38,263 - INFO - [2016preVFP] MISSING_CENTRAL: WZ1E2Mu/Central/jets/2/pt in Skim_TriLep_DYJets10to50.root
2026-06-29 16:43:38,275 - INFO - [2016preVFP] MISSING_FILE: /data9/Users/choij/Sync/workspace/ChargedHiggsAnalysisV3/SKNanoOutput/PromptAnalyzer/Run1E2Mu_RunNoWZSF_RunSyst_RunCR_NoTreeMode/2016preVFP/Skim_TriLep_WZTo3LNu_amcatnlo.root
2026-06-29 16:43:38,308 - INFO - [2016postVFP] MISSING_CENTRAL: WZ1E2Mu/Central/jets/2/pt in Skim_TriLep_DYJets10to50.root
2026-06-29 16:43:38,319 - INFO - [2016postVFP] MISSING_FILE: /data9/Users/choij/Sync/workspace/ChargedHiggsAnalysisV3/SKNanoOutput/PromptAnalyzer/Run1E2Mu_RunNoWZSF_RunSyst_RunCR_NoTreeMode/2016postVFP/Skim_TriLep_WZTo3LNu_amcatnlo.root
2026-06-29 16:43:38,355 - INFO - [2017] MISSING_CENTRAL: WZ1E2Mu/Central/jets/2/pt in Skim_TriLep_DYJets10to50.root
2026-06-29 16:43:38,367 - INFO - [2017] MISSING_FILE: /data9/Users/choij/Sync/workspace/ChargedHiggsAnalysisV3/SKNanoOutput/PromptAnalyzer/Run1E2Mu_RunNoWZSF_RunSyst_RunCR_NoTreeMode/2017/Skim_TriLep_WZTo3LNu_amcatnlo.root
2026-06-29 16:43:38,400 - INFO - [2018] MISSING_CENTRAL: WZ1E2Mu/Central/jets/2/pt in Skim_TriLep_DYJets10to50.root
2026-06-29 16:43:38,412 - INFO - [2018] MISSING_FILE: /data9/Users/choij/Sync/workspace/ChargedHiggsAnalysisV3/SKNanoOutput/PromptAnalyzer/Run1E2Mu_RunNoWZSF_RunSyst_RunCR_NoTreeMode/2018/Skim_TriLep_WZTo3LNu_amcatnlo.root
2026-07-01 05:32:05,061 - INFO - [2016preVFP] MISSING_CENTRAL: WZ1E2Mu/Central/jets/2/pt in Skim_TriLep_DYJets10to50.root
2026-07-01 05:32:05,585 - INFO - [2016postVFP] MISSING_CENTRAL: WZ1E2Mu/Central/jets/2/pt in Skim_TriLep_DYJets10to50.root
2026-07-01 05:32:06,097 - INFO - [2017] MISSING_CENTRAL: WZ1E2Mu/Central/jets/2/pt in Skim_TriLep_DYJets10to50.root
2026-07-01 05:32:06,437 - INFO - [2018] MISSING_CENTRAL: WZ1E2Mu/Central/jets/2/pt in Skim_TriLep_DYJets10to50.root
2026-07-01 05:58:29,295 - INFO - [2016preVFP] MISSING_FILE: /data9/Users/choij/Sync/workspace/ChargedHiggsAnalysisV3/SKNanoOutput/PromptAnalyzer/Run1E2Mu_RunCR_NoTreeMode/2016preVFP/Skim_TriLep_MuonEG_B.root
2026-07-01 05:58:29,296 - INFO - [2016preVFP] MISSING_FILE: /data9/Users/choij/Sync/workspace/ChargedHiggsAnalysisV3/SKNanoOutput/PromptAnalyzer/Run1E2Mu_RunCR_NoTreeMode/2016preVFP/Skim_TriLep_MuonEG_C.root
2026-07-01 05:58:29,297 - INFO - [2016preVFP] MISSING_FILE: /data9/Users/choij/Sync/workspace/ChargedHiggsAnalysisV3/SKNanoOutput/PromptAnalyzer/Run1E2Mu_RunCR_NoTreeMode/2016preVFP/Skim_TriLep_MuonEG_D.root
2026-07-01 05:58:29,297 - INFO - [2016preVFP] MISSING_FILE: /data9/Users/choij/Sync/workspace/ChargedHiggsAnalysisV3/SKNanoOutput/PromptAnalyzer/Run1E2Mu_RunCR_NoTreeMode/2016preVFP/Skim_TriLep_MuonEG_E.root
2026-07-01 05:58:29,298 - INFO - [2016preVFP] MISSING_FILE: /data9/Users/choij/Sync/workspace/ChargedHiggsAnalysisV3/SKNanoOutput/PromptAnalyzer/Run1E2Mu_RunCR_NoTreeMode/2016preVFP/Skim_TriLep_MuonEG_F.root
2026-07-01 05:58:29,298 - INFO - [2016postVFP] MISSING_FILE: /data9/Users/choij/Sync/workspace/ChargedHiggsAnalysisV3/SKNanoOutput/PromptAnalyzer/Run1E2Mu_RunCR_NoTreeMode/2016postVFP/Skim_TriLep_MuonEG_F.root
2026-07-01 05:58:29,298 - INFO - [2016postVFP] MISSING_FILE: /data9/Users/choij/Sync/workspace/ChargedHiggsAnalysisV3/SKNanoOutput/PromptAnalyzer/Run1E2Mu_RunCR_NoTreeMode/2016postVFP/Skim_TriLep_MuonEG_G.root
2026-07-01 05:58:29,298 - INFO - [2016postVFP] MISSING_FILE: /data9/Users/choij/Sync/workspace/ChargedHiggsAnalysisV3/SKNanoOutput/PromptAnalyzer/Run1E2Mu_RunCR_NoTreeMode/2016postVFP/Skim_TriLep_MuonEG_H.root
2026-07-01 05:58:29,299 - INFO - [2017] MISSING_FILE: /data9/Users/choij/Sync/workspace/ChargedHiggsAnalysisV3/SKNanoOutput/PromptAnalyzer/Run1E2Mu_RunCR_NoTreeMode/2017/Skim_TriLep_MuonEG_B.root
2026-07-01 05:58:29,299 - INFO - [2017] MISSING_FILE: /data9/Users/choij/Sync/workspace/ChargedHiggsAnalysisV3/SKNanoOutput/PromptAnalyzer/Run1E2Mu_RunCR_NoTreeMode/2017/Skim_TriLep_MuonEG_C.root
2026-07-01 05:58:29,299 - INFO - [2017] MISSING_FILE: /data9/Users/choij/Sync/workspace/ChargedHiggsAnalysisV3/SKNanoOutput/PromptAnalyzer/Run1E2Mu_RunCR_NoTreeMode/2017/Skim_TriLep_MuonEG_D.root
2026-07-01 05:58:29,299 - INFO - [2017] MISSING_FILE: /data9/Users/choij/Sync/workspace/ChargedHiggsAnalysisV3/SKNanoOutput/PromptAnalyzer/Run1E2Mu_RunCR_NoTreeMode/2017/Skim_TriLep_MuonEG_E.root
2026-07-01 05:58:29,299 - INFO - [2017] MISSING_FILE: /data9/Users/choij/Sync/workspace/ChargedHiggsAnalysisV3/SKNanoOutput/PromptAnalyzer/Run1E2Mu_RunCR_NoTreeMode/2017/Skim_TriLep_MuonEG_F.root
2026-07-01 05:58:29,299 - INFO - [2018] MISSING_FILE: /data9/Users/choij/Sync/workspace/ChargedHiggsAnalysisV3/SKNanoOutput/PromptAnalyzer/Run1E2Mu_RunCR_NoTreeMode/2018/Skim_TriLep_MuonEG_A.root
2026-07-01 05:58:29,299 - INFO - [2018] MISSING_FILE: /data9/Users/choij/Sync/workspace/ChargedHiggsAnalysisV3/SKNanoOutput/PromptAnalyzer/Run1E2Mu_RunCR_NoTreeMode/2018/Skim_TriLep_MuonEG_B.root
2026-07-01 05:58:29,299 - INFO - [2018] MISSING_FILE: /data9/Users/choij/Sync/workspace/ChargedHiggsAnalysisV3/SKNanoOutput/PromptAnalyzer/Run1E2Mu_RunCR_NoTreeMode/2018/Skim_TriLep_MuonEG_C.root
2026-07-01 05:58:29,299 - INFO - [2018] MISSING_FILE: /data9/Users/choij/Sync/workspace/ChargedHiggsAnalysisV3/SKNanoOutput/PromptAnalyzer/Run1E2Mu_RunCR_NoTreeMode/2018/Skim_TriLep_MuonEG_D.root
2026-07-01 15:25:09,350 - INFO - [2016preVFP] MISSING_CENTRAL: WZ1E2Mu/Central/jets/2/pt in Skim_TriLep_DYJets10to50.root
2026-07-01 15:25:09,651 - INFO - [2016postVFP] MISSING_CENTRAL: WZ1E2Mu/Central/jets/2/pt in Skim_TriLep_DYJets10to50.root
2026-07-01 15:25:10,058 - INFO - [2017] MISSING_CENTRAL: WZ1E2Mu/Central/jets/2/pt in Skim_TriLep_DYJets10to50.root
2026-07-01 15:25:10,616 - INFO - [2018] MISSING_CENTRAL: WZ1E2Mu/Central/jets/2/pt in Skim_TriLep_DYJets10to50.root
