2026-06-29 16:43:32,812 - INFO - [2016preVFP] MISSING_CENTRAL: WZ1E2Mu/Central/jets/1/phi in Skim_TriLep_DYJets10to50.root
2026-06-29 16:43:32,977 - INFO - [2016postVFP] MISSING_CENTRAL: WZ1E2Mu/Central/jets/1/phi in Skim_TriLep_DYJets10to50.root
2026-06-29 16:43:33,154 - INFO - [2017] MISSING_CENTRAL: WZ1E2Mu/Central/jets/1/phi in Skim_TriLep_DYJets10to50.root
2026-06-29 16:43:33,347 - INFO - [2018] MISSING_CENTRAL: WZ1E2Mu/Central/jets/1/phi in Skim_TriLep_DYJets10to50.root
2026-06-29 16:43:38,822 - INFO - [2016preVFP] MISSING_CENTRAL: WZ1E2Mu/Central/jets/1/phi in Skim_TriLep_DYJets10to50.root
2026-06-29 16:43:38,827 - INFO - [2016preVFP] MISSING_FILE: /data9/Users/choij/Sync/workspace/ChargedHiggsAnalysisV3/SKNanoOutput/PromptAnalyzer/Run1E2Mu_RunNoWZSF_RunSyst_RunCR_NoTreeMode/2016preVFP/Skim_TriLep_WZTo3LNu_amcatnlo.root
2026-06-29 16:43:38,843 - INFO - [2016postVFP] MISSING_CENTRAL: WZ1E2Mu/Central/jets/1/phi in Skim_TriLep_DYJets10to50.root
2026-06-29 16:43:38,848 - INFO - [2016postVFP] MISSING_FILE: /data9/Users/choij/Sync/workspace/ChargedHiggsAnalysisV3/SKNanoOutput/PromptAnalyzer/Run1E2Mu_RunNoWZSF_RunSyst_RunCR_NoTreeMode/2016postVFP/Skim_TriLep_WZTo3LNu_amcatnlo.root
2026-06-29 16:43:38,864 - INFO - [2017] MISSING_CENTRAL: WZ1E2Mu/Central/jets/1/phi in Skim_TriLep_DYJets10to50.root
2026-06-29 16:43:38,869 - INFO - [2017] MISSING_FILE: /data9/Users/choij/Sync/workspace/ChargedHiggsAnalysisV3/SKNanoOutput/PromptAnalyzer/Run1E2Mu_RunNoWZSF_RunSyst_RunCR_NoTreeMode/2017/Skim_TriLep_WZTo3LNu_amcatnlo.root
2026-06-29 16:43:38,883 - INFO - [2018] MISSING_CENTRAL: WZ1E2Mu/Central/jets/1/phi in Skim_TriLep_DYJets10to50.root
2026-06-29 16:43:38,889 - INFO - [2018] MISSING_FILE: /data9/Users/choij/Sync/workspace/ChargedHiggsAnalysisV3/SKNanoOutput/PromptAnalyzer/Run1E2Mu_RunNoWZSF_RunSyst_RunCR_NoTreeMode/2018/Skim_TriLep_WZTo3LNu_amcatnlo.root
2026-07-01 05:32:05,037 - INFO - [2016preVFP] MISSING_CENTRAL: WZ1E2Mu/Central/jets/1/phi in Skim_TriLep_DYJets10to50.root
2026-07-01 05:32:05,256 - INFO - [2016postVFP] MISSING_CENTRAL: WZ1E2Mu/Central/jets/1/phi in Skim_TriLep_DYJets10to50.root
2026-07-01 05:32:05,539 - INFO - [2017] MISSING_CENTRAL: WZ1E2Mu/Central/jets/1/phi in Skim_TriLep_DYJets10to50.root
2026-07-01 05:32:05,829 - INFO - [2018] MISSING_CENTRAL: WZ1E2Mu/Central/jets/1/phi in Skim_TriLep_DYJets10to50.root
2026-07-01 05:58:29,228 - INFO - [2016preVFP] MISSING_FILE: /data9/Users/choij/Sync/workspace/ChargedHiggsAnalysisV3/SKNanoOutput/PromptAnalyzer/Run1E2Mu_RunCR_NoTreeMode/2016preVFP/Skim_TriLep_MuonEG_B.root
2026-07-01 05:58:29,228 - INFO - [2016preVFP] MISSING_FILE: /data9/Users/choij/Sync/workspace/ChargedHiggsAnalysisV3/SKNanoOutput/PromptAnalyzer/Run1E2Mu_RunCR_NoTreeMode/2016preVFP/Skim_TriLep_MuonEG_C.root
2026-07-01 05:58:29,228 - INFO - [2016preVFP] MISSING_FILE: /data9/Users/choij/Sync/workspace/ChargedHiggsAnalysisV3/SKNanoOutput/PromptAnalyzer/Run1E2Mu_RunCR_NoTreeMode/2016preVFP/Skim_TriLep_MuonEG_D.root
2026-07-01 05:58:29,228 - INFO - [2016preVFP] MISSING_FILE: /data9/Users/choij/Sync/workspace/ChargedHiggsAnalysisV3/SKNanoOutput/PromptAnalyzer/Run1E2Mu_RunCR_NoTreeMode/2016preVFP/Skim_TriLep_MuonEG_E.root
2026-07-01 05:58:29,228 - INFO - [2016preVFP] MISSING_FILE: /data9/Users/choij/Sync/workspace/ChargedHiggsAnalysisV3/SKNanoOutput/PromptAnalyzer/Run1E2Mu_RunCR_NoTreeMode/2016preVFP/Skim_TriLep_MuonEG_F.root
2026-07-01 05:58:29,228 - INFO - [2016postVFP] MISSING_FILE: /data9/Users/choij/Sync/workspace/ChargedHiggsAnalysisV3/SKNanoOutput/PromptAnalyzer/Run1E2Mu_RunCR_NoTreeMode/2016postVFP/Skim_TriLep_MuonEG_F.root
2026-07-01 05:58:29,228 - INFO - [2016postVFP] MISSING_FILE: /data9/Users/choij/Sync/workspace/ChargedHiggsAnalysisV3/SKNanoOutput/PromptAnalyzer/Run1E2Mu_RunCR_NoTreeMode/2016postVFP/Skim_TriLep_MuonEG_G.root
2026-07-01 05:58:29,228 - INFO - [2016postVFP] MISSING_FILE: /data9/Users/choij/Sync/workspace/ChargedHiggsAnalysisV3/SKNanoOutput/PromptAnalyzer/Run1E2Mu_RunCR_NoTreeMode/2016postVFP/Skim_TriLep_MuonEG_H.root
2026-07-01 05:58:29,228 - INFO - [2017] MISSING_FILE: /data9/Users/choij/Sync/workspace/ChargedHiggsAnalysisV3/SKNanoOutput/PromptAnalyzer/Run1E2Mu_RunCR_NoTreeMode/2017/Skim_TriLep_MuonEG_B.root
2026-07-01 05:58:29,228 - INFO - [2017] MISSING_FILE: /data9/Users/choij/Sync/workspace/ChargedHiggsAnalysisV3/SKNanoOutput/PromptAnalyzer/Run1E2Mu_RunCR_NoTreeMode/2017/Skim_TriLep_MuonEG_C.root
2026-07-01 05:58:29,228 - INFO - [2017] MISSING_FILE: /data9/Users/choij/Sync/workspace/ChargedHiggsAnalysisV3/SKNanoOutput/PromptAnalyzer/Run1E2Mu_RunCR_NoTreeMode/2017/Skim_TriLep_MuonEG_D.root
2026-07-01 05:58:29,228 - INFO - [2017] MISSING_FILE: /data9/Users/choij/Sync/workspace/ChargedHiggsAnalysisV3/SKNanoOutput/PromptAnalyzer/Run1E2Mu_RunCR_NoTreeMode/2017/Skim_TriLep_MuonEG_E.root
2026-07-01 05:58:29,228 - INFO - [2017] MISSING_FILE: /data9/Users/choij/Sync/workspace/ChargedHiggsAnalysisV3/SKNanoOutput/PromptAnalyzer/Run1E2Mu_RunCR_NoTreeMode/2017/Skim_TriLep_MuonEG_F.root
2026-07-01 05:58:29,228 - INFO - [2018] MISSING_FILE: /data9/Users/choij/Sync/workspace/ChargedHiggsAnalysisV3/SKNanoOutput/PromptAnalyzer/Run1E2Mu_RunCR_NoTreeMode/2018/Skim_TriLep_MuonEG_A.root
2026-07-01 05:58:29,228 - INFO - [2018] MISSING_FILE: /data9/Users/choij/Sync/workspace/ChargedHiggsAnalysisV3/SKNanoOutput/PromptAnalyzer/Run1E2Mu_RunCR_NoTreeMode/2018/Skim_TriLep_MuonEG_B.root
2026-07-01 05:58:29,228 - INFO - [2018] MISSING_FILE: /data9/Users/choij/Sync/workspace/ChargedHiggsAnalysisV3/SKNanoOutput/PromptAnalyzer/Run1E2Mu_RunCR_NoTreeMode/2018/Skim_TriLep_MuonEG_C.root
2026-07-01 05:58:29,228 - INFO - [2018] MISSING_FILE: /data9/Users/choij/Sync/workspace/ChargedHiggsAnalysisV3/SKNanoOutput/PromptAnalyzer/Run1E2Mu_RunCR_NoTreeMode/2018/Skim_TriLep_MuonEG_D.root
2026-07-01 15:25:09,384 - INFO - [2016preVFP] MISSING_CENTRAL: WZ1E2Mu/Central/jets/1/phi in Skim_TriLep_DYJets10to50.root
2026-07-01 15:25:09,656 - INFO - [2016postVFP] MISSING_CENTRAL: WZ1E2Mu/Central/jets/1/phi in Skim_TriLep_DYJets10to50.root
2026-07-01 15:25:09,947 - INFO - [2017] MISSING_CENTRAL: WZ1E2Mu/Central/jets/1/phi in Skim_TriLep_DYJets10to50.root
2026-07-01 15:25:10,239 - INFO - [2018] MISSING_CENTRAL: WZ1E2Mu/Central/jets/1/phi in Skim_TriLep_DYJets10to50.root
