2025-09-24 16:08:13,962 - INFO - [2022] MISSING_CENTRAL: ZFake3Mu/Central/jets/2/energy in Skim_TriLep_DYJets10to50.root
2025-09-24 16:08:13,964 - INFO - [2022] MISSING_CENTRAL: ZFake3Mu/Central/jets/2/energy in Skim_TriLep_DYGTo2LG_MLL4to50_PTG10to100.root
2025-09-24 16:08:13,964 - INFO - [2022] MISSING_CENTRAL: ZFake3Mu/Central/jets/2/energy in Skim_TriLep_DYGTo2LG_MLL4to50_PTG100to200.root
2025-09-24 16:08:13,964 - INFO - [2022] MISSING_CENTRAL: ZFake3Mu/Central/jets/2/energy in Skim_TriLep_DYGTo2LG_MLL4to50_PTG200toInf.root
2025-09-24 16:08:13,977 - INFO - [2022] MISSING_CENTRAL: ZFake3Mu/Central/jets/2/energy in Skim_TriLep_DYGTo2LG_MLL50_PTG100to200.root
2025-09-24 16:08:13,977 - INFO - [2022] MISSING_CENTRAL: ZFake3Mu/Central/jets/2/energy in Skim_TriLep_DYGTo2LG_MLL50_PTG200toInf.root
2025-09-24 16:08:13,991 - INFO - [2022] MISSING_CENTRAL: ZFake3Mu/Central/jets/2/energy in Skim_TriLep_TTG_PTG100to200.root
2025-09-24 16:08:13,991 - INFO - [2022] MISSING_CENTRAL: ZFake3Mu/Central/jets/2/energy in Skim_TriLep_TTG_PTG200toInf.root
2025-09-24 16:08:14,358 - INFO - [2022EE] MISSING_CENTRAL: ZFake3Mu/Central/jets/2/energy in Skim_TriLep_DYJets10to50.root
2025-09-24 16:08:14,359 - INFO - [2022EE] MISSING_CENTRAL: ZFake3Mu/Central/jets/2/energy in Skim_TriLep_DYGTo2LG_MLL4to50_PTG10to100.root
2025-09-24 16:08:14,359 - INFO - [2022EE] MISSING_CENTRAL: ZFake3Mu/Central/jets/2/energy in Skim_TriLep_DYGTo2LG_MLL4to50_PTG100to200.root
2025-09-24 16:08:14,798 - INFO - [2023] MISSING_CENTRAL: ZFake3Mu/Central/jets/2/energy in Skim_TriLep_DYJets10to50.root
2025-09-24 16:08:14,799 - INFO - [2023] MISSING_CENTRAL: ZFake3Mu/Central/jets/2/energy in Skim_TriLep_DYGTo2LG_MLL4to50_PTG10to100.root
2025-09-24 16:08:14,868 - INFO - [2023] MISSING_CENTRAL: ZFake3Mu/Central/jets/2/energy in Skim_TriLep_TTG_PTG100to200.root
2025-09-24 16:08:14,868 - INFO - [2023] MISSING_CENTRAL: ZFake3Mu/Central/jets/2/energy in Skim_TriLep_TTG_PTG200toInf.root
2025-09-24 16:08:15,245 - INFO - [2023BPix] MISSING_SYSTEMATIC: ZFake3Mu/JetEn_Down/jets/2/energy in Skim_TriLep_DYJets.root
2025-09-24 16:08:15,256 - INFO - [2023BPix] MISSING_CENTRAL: ZFake3Mu/Central/jets/2/energy in Skim_TriLep_DYJets10to50.root
2025-09-24 16:08:15,545 - INFO - [2023BPix] MISSING_CENTRAL: ZFake3Mu/Central/jets/2/energy in Skim_TriLep_TTG_PTG200toInf.root
2025-10-02 21:23:42,970 - INFO - [2022] MISSING_CENTRAL: ZFake3Mu/Central/jets/2/energy in Skim_TriLep_DYJets10to50.root
2025-10-02 21:23:42,971 - INFO - [2022] MISSING_CENTRAL: ZFake3Mu/Central/jets/2/energy in Skim_TriLep_DYGTo2LG_MLL4to50_PTG10to100.root
2025-10-02 21:23:42,972 - INFO - [2022] MISSING_CENTRAL: ZFake3Mu/Central/jets/2/energy in Skim_TriLep_DYGTo2LG_MLL4to50_PTG100to200.root
2025-10-02 21:23:42,973 - INFO - [2022] MISSING_CENTRAL: ZFake3Mu/Central/jets/2/energy in Skim_TriLep_DYGTo2LG_MLL4to50_PTG200toInf.root
2025-10-02 21:23:42,991 - INFO - [2022] MISSING_CENTRAL: ZFake3Mu/Central/jets/2/energy in Skim_TriLep_DYGTo2LG_MLL50_PTG100to200.root
2025-10-02 21:23:42,992 - INFO - [2022] MISSING_CENTRAL: ZFake3Mu/Central/jets/2/energy in Skim_TriLep_DYGTo2LG_MLL50_PTG200toInf.root
2025-10-02 21:23:43,010 - INFO - [2022] MISSING_CENTRAL: ZFake3Mu/Central/jets/2/energy in Skim_TriLep_TTG_PTG100to200.root
2025-10-02 21:23:43,011 - INFO - [2022] MISSING_CENTRAL: ZFake3Mu/Central/jets/2/energy in Skim_TriLep_TTG_PTG200toInf.root
2025-10-02 21:23:43,333 - INFO - [2022EE] MISSING_CENTRAL: ZFake3Mu/Central/jets/2/energy in Skim_TriLep_DYJets10to50.root
2025-10-02 21:23:43,335 - INFO - [2022EE] MISSING_CENTRAL: ZFake3Mu/Central/jets/2/energy in Skim_TriLep_DYGTo2LG_MLL4to50_PTG10to100.root
2025-10-02 21:23:43,341 - INFO - [2022EE] MISSING_CENTRAL: ZFake3Mu/Central/jets/2/energy in Skim_TriLep_DYGTo2LG_MLL4to50_PTG100to200.root
2025-10-02 21:23:43,917 - INFO - [2023] MISSING_CENTRAL: ZFake3Mu/Central/jets/2/energy in Skim_TriLep_DYJets10to50.root
2025-10-02 21:23:43,918 - INFO - [2023] MISSING_CENTRAL: ZFake3Mu/Central/jets/2/energy in Skim_TriLep_DYGTo2LG_MLL4to50_PTG10to100.root
2025-10-02 21:23:44,070 - INFO - [2023] MISSING_CENTRAL: ZFake3Mu/Central/jets/2/energy in Skim_TriLep_TTG_PTG100to200.root
2025-10-02 21:23:44,072 - INFO - [2023] MISSING_CENTRAL: ZFake3Mu/Central/jets/2/energy in Skim_TriLep_TTG_PTG200toInf.root
2025-10-02 21:23:44,373 - INFO - [2023BPix] MISSING_SYSTEMATIC: ZFake3Mu/JetEn_Down/jets/2/energy in Skim_TriLep_DYJets.root
2025-10-02 21:23:44,387 - INFO - [2023BPix] MISSING_CENTRAL: ZFake3Mu/Central/jets/2/energy in Skim_TriLep_DYJets10to50.root
2025-10-02 21:23:44,574 - INFO - [2023BPix] MISSING_CENTRAL: ZFake3Mu/Central/jets/2/energy in Skim_TriLep_TTG_PTG200toInf.root
2025-10-03 00:40:57,009 - INFO - [2022] MISSING_CENTRAL: ZFake3Mu/Central/jets/2/energy in Skim_TriLep_DYJets10to50.root
2025-10-03 00:40:57,011 - INFO - [2022] MISSING_CENTRAL: ZFake3Mu/Central/jets/2/energy in Skim_TriLep_DYGTo2LG_MLL4to50_PTG10to100.root
2025-10-03 00:40:57,012 - INFO - [2022] MISSING_CENTRAL: ZFake3Mu/Central/jets/2/energy in Skim_TriLep_DYGTo2LG_MLL4to50_PTG100to200.root
2025-10-03 00:40:57,013 - INFO - [2022] MISSING_CENTRAL: ZFake3Mu/Central/jets/2/energy in Skim_TriLep_DYGTo2LG_MLL4to50_PTG200toInf.root
2025-10-03 00:40:57,041 - INFO - [2022] MISSING_CENTRAL: ZFake3Mu/Central/jets/2/energy in Skim_TriLep_DYGTo2LG_MLL50_PTG100to200.root
2025-10-03 00:40:57,042 - INFO - [2022] MISSING_CENTRAL: ZFake3Mu/Central/jets/2/energy in Skim_TriLep_DYGTo2LG_MLL50_PTG200toInf.root
2025-10-03 00:40:57,067 - INFO - [2022] MISSING_CENTRAL: ZFake3Mu/Central/jets/2/energy in Skim_TriLep_TTG_PTG100to200.root
2025-10-03 00:40:57,067 - INFO - [2022] MISSING_CENTRAL: ZFake3Mu/Central/jets/2/energy in Skim_TriLep_TTG_PTG200toInf.root
2025-10-03 00:40:57,859 - INFO - [2022EE] MISSING_CENTRAL: ZFake3Mu/Central/jets/2/energy in Skim_TriLep_DYJets10to50.root
2025-10-03 00:40:57,860 - INFO - [2022EE] MISSING_CENTRAL: ZFake3Mu/Central/jets/2/energy in Skim_TriLep_DYGTo2LG_MLL4to50_PTG10to100.root
2025-10-03 00:40:57,860 - INFO - [2022EE] MISSING_CENTRAL: ZFake3Mu/Central/jets/2/energy in Skim_TriLep_DYGTo2LG_MLL4to50_PTG100to200.root
2025-10-03 00:40:58,570 - INFO - [2023] MISSING_CENTRAL: ZFake3Mu/Central/jets/2/energy in Skim_TriLep_DYJets10to50.root
2025-10-03 00:40:58,571 - INFO - [2023] MISSING_CENTRAL: ZFake3Mu/Central/jets/2/energy in Skim_TriLep_DYGTo2LG_MLL4to50_PTG10to100.root
2025-10-03 00:40:58,773 - INFO - [2023] MISSING_CENTRAL: ZFake3Mu/Central/jets/2/energy in Skim_TriLep_TTG_PTG100to200.root
2025-10-03 00:40:58,773 - INFO - [2023] MISSING_CENTRAL: ZFake3Mu/Central/jets/2/energy in Skim_TriLep_TTG_PTG200toInf.root
2025-10-03 00:40:59,199 - INFO - [2023BPix] MISSING_SYSTEMATIC: ZFake3Mu/JetEn_Down/jets/2/energy in Skim_TriLep_DYJets.root
2025-10-03 00:40:59,222 - INFO - [2023BPix] MISSING_CENTRAL: ZFake3Mu/Central/jets/2/energy in Skim_TriLep_DYJets10to50.root
2025-10-03 00:40:59,500 - INFO - [2023BPix] MISSING_CENTRAL: ZFake3Mu/Central/jets/2/energy in Skim_TriLep_TTG_PTG200toInf.root
2025-11-07 13:14:24,817 - INFO - [2022] MISSING_FILE: /home/choij/Sync/workspace/ChargedHiggsAnalysisV3/SKNanoOutput/PromptSelector/Run3Mu/2022/Skim_TriLep_DoubleMuon_C.root
2025-11-07 13:14:24,823 - INFO - [2022] MISSING_FILE: /home/choij/Sync/workspace/ChargedHiggsAnalysisV3/SKNanoOutput/PromptSelector/Run3Mu/2022/Skim_TriLep_Muon_C.root
2025-11-07 13:14:24,823 - INFO - [2022] MISSING_FILE: /home/choij/Sync/workspace/ChargedHiggsAnalysisV3/SKNanoOutput/PromptSelector/Run3Mu/2022/Skim_TriLep_Muon_D.root
2025-11-07 13:14:24,823 - INFO - [2022EE] MISSING_FILE: /home/choij/Sync/workspace/ChargedHiggsAnalysisV3/SKNanoOutput/PromptSelector/Run3Mu/2022EE/Skim_TriLep_Muon_E.root
2025-11-07 13:14:24,823 - INFO - [2022EE] MISSING_FILE: /home/choij/Sync/workspace/ChargedHiggsAnalysisV3/SKNanoOutput/PromptSelector/Run3Mu/2022EE/Skim_TriLep_Muon_F.root
2025-11-07 13:14:24,823 - INFO - [2022EE] MISSING_FILE: /home/choij/Sync/workspace/ChargedHiggsAnalysisV3/SKNanoOutput/PromptSelector/Run3Mu/2022EE/Skim_TriLep_Muon_G.root
2025-11-07 13:14:24,823 - INFO - [2023] MISSING_FILE: /home/choij/Sync/workspace/ChargedHiggsAnalysisV3/SKNanoOutput/PromptSelector/Run3Mu/2023/Skim_TriLep_Muon0_C_v1.root
2025-11-07 13:14:24,823 - INFO - [2023] MISSING_FILE: /home/choij/Sync/workspace/ChargedHiggsAnalysisV3/SKNanoOutput/PromptSelector/Run3Mu/2023/Skim_TriLep_Muon0_C_v2.root
2025-11-07 13:14:24,823 - INFO - [2023] MISSING_FILE: /home/choij/Sync/workspace/ChargedHiggsAnalysisV3/SKNanoOutput/PromptSelector/Run3Mu/2023/Skim_TriLep_Muon0_C_v3.root
2025-11-07 13:14:24,823 - INFO - [2023] MISSING_FILE: /home/choij/Sync/workspace/ChargedHiggsAnalysisV3/SKNanoOutput/PromptSelector/Run3Mu/2023/Skim_TriLep_Muon0_C_v4.root
2025-11-07 13:14:24,823 - INFO - [2023] MISSING_FILE: /home/choij/Sync/workspace/ChargedHiggsAnalysisV3/SKNanoOutput/PromptSelector/Run3Mu/2023/Skim_TriLep_Muon1_C_v1.root
2025-11-07 13:14:24,823 - INFO - [2023] MISSING_FILE: /home/choij/Sync/workspace/ChargedHiggsAnalysisV3/SKNanoOutput/PromptSelector/Run3Mu/2023/Skim_TriLep_Muon1_C_v2.root
2025-11-07 13:14:24,823 - INFO - [2023] MISSING_FILE: /home/choij/Sync/workspace/ChargedHiggsAnalysisV3/SKNanoOutput/PromptSelector/Run3Mu/2023/Skim_TriLep_Muon1_C_v3.root
2025-11-07 13:14:24,823 - INFO - [2023] MISSING_FILE: /home/choij/Sync/workspace/ChargedHiggsAnalysisV3/SKNanoOutput/PromptSelector/Run3Mu/2023/Skim_TriLep_Muon1_C_v4.root
2025-11-07 13:14:24,823 - INFO - [2023BPix] MISSING_FILE: /home/choij/Sync/workspace/ChargedHiggsAnalysisV3/SKNanoOutput/PromptSelector/Run3Mu/2023BPix/Skim_TriLep_Muon0_D_v1.root
2025-11-07 13:14:24,823 - INFO - [2023BPix] MISSING_FILE: /home/choij/Sync/workspace/ChargedHiggsAnalysisV3/SKNanoOutput/PromptSelector/Run3Mu/2023BPix/Skim_TriLep_Muon0_D_v2.root
2025-11-07 13:14:24,823 - INFO - [2023BPix] MISSING_FILE: /home/choij/Sync/workspace/ChargedHiggsAnalysisV3/SKNanoOutput/PromptSelector/Run3Mu/2023BPix/Skim_TriLep_Muon1_D_v1.root
2025-11-07 13:14:24,824 - INFO - [2023BPix] MISSING_FILE: /home/choij/Sync/workspace/ChargedHiggsAnalysisV3/SKNanoOutput/PromptSelector/Run3Mu/2023BPix/Skim_TriLep_Muon1_D_v2.root
2025-11-07 14:11:55,816 - INFO - [2022] MISSING_FILE: /home/choij/Sync/workspace/ChargedHiggsAnalysisV3/SKNanoOutput/PromptSelector/Run3Mu/2022/Skim_TriLep_DoubleMuon_C.root
2025-11-07 14:11:55,817 - INFO - [2022] MISSING_FILE: /home/choij/Sync/workspace/ChargedHiggsAnalysisV3/SKNanoOutput/PromptSelector/Run3Mu/2022/Skim_TriLep_Muon_C.root
2025-11-07 14:11:55,817 - INFO - [2022] MISSING_FILE: /home/choij/Sync/workspace/ChargedHiggsAnalysisV3/SKNanoOutput/PromptSelector/Run3Mu/2022/Skim_TriLep_Muon_D.root
2025-11-07 14:11:55,817 - INFO - [2022EE] MISSING_FILE: /home/choij/Sync/workspace/ChargedHiggsAnalysisV3/SKNanoOutput/PromptSelector/Run3Mu/2022EE/Skim_TriLep_Muon_E.root
2025-11-07 14:11:55,817 - INFO - [2022EE] MISSING_FILE: /home/choij/Sync/workspace/ChargedHiggsAnalysisV3/SKNanoOutput/PromptSelector/Run3Mu/2022EE/Skim_TriLep_Muon_F.root
2025-11-07 14:11:55,817 - INFO - [2022EE] MISSING_FILE: /home/choij/Sync/workspace/ChargedHiggsAnalysisV3/SKNanoOutput/PromptSelector/Run3Mu/2022EE/Skim_TriLep_Muon_G.root
2025-11-07 14:11:55,818 - INFO - [2023] MISSING_FILE: /home/choij/Sync/workspace/ChargedHiggsAnalysisV3/SKNanoOutput/PromptSelector/Run3Mu/2023/Skim_TriLep_Muon0_C_v1.root
2025-11-07 14:11:55,818 - INFO - [2023] MISSING_FILE: /home/choij/Sync/workspace/ChargedHiggsAnalysisV3/SKNanoOutput/PromptSelector/Run3Mu/2023/Skim_TriLep_Muon0_C_v2.root
2025-11-07 14:11:55,818 - INFO - [2023] MISSING_FILE: /home/choij/Sync/workspace/ChargedHiggsAnalysisV3/SKNanoOutput/PromptSelector/Run3Mu/2023/Skim_TriLep_Muon0_C_v3.root
2025-11-07 14:11:55,818 - INFO - [2023] MISSING_FILE: /home/choij/Sync/workspace/ChargedHiggsAnalysisV3/SKNanoOutput/PromptSelector/Run3Mu/2023/Skim_TriLep_Muon0_C_v4.root
2025-11-07 14:11:55,818 - INFO - [2023] MISSING_FILE: /home/choij/Sync/workspace/ChargedHiggsAnalysisV3/SKNanoOutput/PromptSelector/Run3Mu/2023/Skim_TriLep_Muon1_C_v1.root
2025-11-07 14:11:55,818 - INFO - [2023] MISSING_FILE: /home/choij/Sync/workspace/ChargedHiggsAnalysisV3/SKNanoOutput/PromptSelector/Run3Mu/2023/Skim_TriLep_Muon1_C_v2.root
2025-11-07 14:11:55,818 - INFO - [2023] MISSING_FILE: /home/choij/Sync/workspace/ChargedHiggsAnalysisV3/SKNanoOutput/PromptSelector/Run3Mu/2023/Skim_TriLep_Muon1_C_v3.root
2025-11-07 14:11:55,818 - INFO - [2023] MISSING_FILE: /home/choij/Sync/workspace/ChargedHiggsAnalysisV3/SKNanoOutput/PromptSelector/Run3Mu/2023/Skim_TriLep_Muon1_C_v4.root
2025-11-07 14:11:55,818 - INFO - [2023BPix] MISSING_FILE: /home/choij/Sync/workspace/ChargedHiggsAnalysisV3/SKNanoOutput/PromptSelector/Run3Mu/2023BPix/Skim_TriLep_Muon0_D_v1.root
2025-11-07 14:11:55,818 - INFO - [2023BPix] MISSING_FILE: /home/choij/Sync/workspace/ChargedHiggsAnalysisV3/SKNanoOutput/PromptSelector/Run3Mu/2023BPix/Skim_TriLep_Muon0_D_v2.root
2025-11-07 14:11:55,818 - INFO - [2023BPix] MISSING_FILE: /home/choij/Sync/workspace/ChargedHiggsAnalysisV3/SKNanoOutput/PromptSelector/Run3Mu/2023BPix/Skim_TriLep_Muon1_D_v1.root
2025-11-07 14:11:55,818 - INFO - [2023BPix] MISSING_FILE: /home/choij/Sync/workspace/ChargedHiggsAnalysisV3/SKNanoOutput/PromptSelector/Run3Mu/2023BPix/Skim_TriLep_Muon1_D_v2.root
2025-11-10 12:28:31,947 - INFO - [2022EE] MISSING_FILE: /home/choij/Sync/workspace/ChargedHiggsAnalysisV3/SKNanoOutput/PromptSelector/Run3Mu/2022EE/Skim_TriLep_Muon_F.root
2025-11-10 12:28:31,982 - INFO - [2022] MISSING_CENTRAL: ZFake3Mu/Central/jets/2/energy in Skim_TriLep_DYJets10to50.root
2025-11-10 12:28:31,982 - INFO - [2022] MISSING_CENTRAL: ZFake3Mu/Central/jets/2/energy in Skim_TriLep_DYGTo2LG_MLL4to50_PTG10to100.root
2025-11-10 12:28:31,983 - INFO - [2022] MISSING_CENTRAL: ZFake3Mu/Central/jets/2/energy in Skim_TriLep_DYGTo2LG_MLL4to50_PTG100to200.root
2025-11-10 12:28:31,983 - INFO - [2022] MISSING_CENTRAL: ZFake3Mu/Central/jets/2/energy in Skim_TriLep_DYGTo2LG_MLL4to50_PTG200toInf.root
2025-11-10 12:28:31,995 - INFO - [2022] MISSING_CENTRAL: ZFake3Mu/Central/jets/2/energy in Skim_TriLep_DYGTo2LG_MLL50_PTG100to200.root
2025-11-10 12:28:31,995 - INFO - [2022] MISSING_CENTRAL: ZFake3Mu/Central/jets/2/energy in Skim_TriLep_DYGTo2LG_MLL50_PTG200toInf.root
2025-11-10 12:28:32,006 - INFO - [2022] MISSING_CENTRAL: ZFake3Mu/Central/jets/2/energy in Skim_TriLep_TTG_PTG100to200.root
2025-11-10 12:28:32,006 - INFO - [2022] MISSING_CENTRAL: ZFake3Mu/Central/jets/2/energy in Skim_TriLep_TTG_PTG200toInf.root
2025-11-10 12:28:32,200 - INFO - [2022EE] MISSING_CENTRAL: ZFake3Mu/Central/jets/2/energy in Skim_TriLep_DYJets10to50.root
2025-11-10 12:28:32,200 - INFO - [2022EE] MISSING_CENTRAL: ZFake3Mu/Central/jets/2/energy in Skim_TriLep_DYGTo2LG_MLL4to50_PTG10to100.root
2025-11-10 12:28:32,201 - INFO - [2022EE] MISSING_CENTRAL: ZFake3Mu/Central/jets/2/energy in Skim_TriLep_DYGTo2LG_MLL4to50_PTG100to200.root
2025-11-10 12:28:32,480 - INFO - [2023] MISSING_CENTRAL: ZFake3Mu/Central/jets/2/energy in Skim_TriLep_DYJets10to50.root
2025-11-10 12:28:32,481 - INFO - [2023] MISSING_CENTRAL: ZFake3Mu/Central/jets/2/energy in Skim_TriLep_DYGTo2LG_MLL4to50_PTG10to100.root
2025-11-10 12:28:32,572 - INFO - [2023] MISSING_CENTRAL: ZFake3Mu/Central/jets/2/energy in Skim_TriLep_TTG_PTG100to200.root
2025-11-10 12:28:32,573 - INFO - [2023] MISSING_CENTRAL: ZFake3Mu/Central/jets/2/energy in Skim_TriLep_TTG_PTG200toInf.root
2025-11-10 12:28:32,762 - INFO - [2023BPix] MISSING_SYSTEMATIC: ZFake3Mu/JetEn_Down/jets/2/energy in Skim_TriLep_DYJets.root
2025-11-10 12:28:32,772 - INFO - [2023BPix] MISSING_CENTRAL: ZFake3Mu/Central/jets/2/energy in Skim_TriLep_DYJets10to50.root
2025-11-10 12:28:32,896 - INFO - [2023BPix] MISSING_CENTRAL: ZFake3Mu/Central/jets/2/energy in Skim_TriLep_TTG_PTG200toInf.root
2025-11-13 11:18:56,846 - INFO - [2022] MISSING_CENTRAL: ZFake3Mu/Central/jets/2/energy in Skim_TriLep_DYJets10to50.root
2025-11-13 11:18:56,848 - INFO - [2022] MISSING_CENTRAL: ZFake3Mu/Central/jets/2/energy in Skim_TriLep_DYGTo2LG_MLL4to50_PTG10to100.root
2025-11-13 11:18:56,850 - INFO - [2022] MISSING_CENTRAL: ZFake3Mu/Central/jets/2/energy in Skim_TriLep_DYGTo2LG_MLL4to50_PTG100to200.root
2025-11-13 11:18:56,851 - INFO - [2022] MISSING_CENTRAL: ZFake3Mu/Central/jets/2/energy in Skim_TriLep_DYGTo2LG_MLL4to50_PTG200toInf.root
2025-11-13 11:18:56,871 - INFO - [2022] MISSING_CENTRAL: ZFake3Mu/Central/jets/2/energy in Skim_TriLep_DYGTo2LG_MLL50_PTG100to200.root
2025-11-13 11:18:56,872 - INFO - [2022] MISSING_CENTRAL: ZFake3Mu/Central/jets/2/energy in Skim_TriLep_DYGTo2LG_MLL50_PTG200toInf.root
2025-11-13 11:18:56,894 - INFO - [2022] MISSING_CENTRAL: ZFake3Mu/Central/jets/2/energy in Skim_TriLep_TTG_PTG100to200.root
2025-11-13 11:18:56,895 - INFO - [2022] MISSING_CENTRAL: ZFake3Mu/Central/jets/2/energy in Skim_TriLep_TTG_PTG200toInf.root
2025-11-13 11:18:57,201 - INFO - [2022EE] MISSING_CENTRAL: ZFake3Mu/Central/jets/2/energy in Skim_TriLep_DYJets10to50.root
2025-11-13 11:18:57,202 - INFO - [2022EE] MISSING_CENTRAL: ZFake3Mu/Central/jets/2/energy in Skim_TriLep_DYGTo2LG_MLL4to50_PTG10to100.root
2025-11-13 11:18:57,203 - INFO - [2022EE] MISSING_CENTRAL: ZFake3Mu/Central/jets/2/energy in Skim_TriLep_DYGTo2LG_MLL4to50_PTG100to200.root
2025-11-13 11:18:57,659 - INFO - [2023] MISSING_CENTRAL: ZFake3Mu/Central/jets/2/energy in Skim_TriLep_DYJets10to50.root
2025-11-13 11:18:57,660 - INFO - [2023] MISSING_CENTRAL: ZFake3Mu/Central/jets/2/energy in Skim_TriLep_DYGTo2LG_MLL4to50_PTG10to100.root
2025-11-13 11:18:57,814 - INFO - [2023] MISSING_CENTRAL: ZFake3Mu/Central/jets/2/energy in Skim_TriLep_TTG_PTG100to200.root
2025-11-13 11:18:57,815 - INFO - [2023] MISSING_CENTRAL: ZFake3Mu/Central/jets/2/energy in Skim_TriLep_TTG_PTG200toInf.root
2025-11-13 11:18:58,130 - INFO - [2023BPix] MISSING_SYSTEMATIC: ZFake3Mu/JetEn_Down/jets/2/energy in Skim_TriLep_DYJets.root
2025-11-13 11:18:58,145 - INFO - [2023BPix] MISSING_CENTRAL: ZFake3Mu/Central/jets/2/energy in Skim_TriLep_DYJets10to50.root
2025-11-13 11:18:58,345 - INFO - [2023BPix] MISSING_CENTRAL: ZFake3Mu/Central/jets/2/energy in Skim_TriLep_TTG_PTG200toInf.root
2025-11-19 16:12:23,568 - INFO - [2022] MISSING_CENTRAL: ZFake3Mu/Central/jets/2/energy in Skim_TriLep_DYJets10to50.root
2025-11-19 16:12:23,569 - INFO - [2022] MISSING_CENTRAL: ZFake3Mu/Central/jets/2/energy in Skim_TriLep_DYGTo2LG_MLL4to50_PTG10to100.root
2025-11-19 16:12:23,570 - INFO - [2022] MISSING_CENTRAL: ZFake3Mu/Central/jets/2/energy in Skim_TriLep_DYGTo2LG_MLL4to50_PTG100to200.root
2025-11-19 16:12:23,571 - INFO - [2022] MISSING_CENTRAL: ZFake3Mu/Central/jets/2/energy in Skim_TriLep_DYGTo2LG_MLL4to50_PTG200toInf.root
2025-11-19 16:12:23,592 - INFO - [2022] MISSING_CENTRAL: ZFake3Mu/Central/jets/2/energy in Skim_TriLep_DYGTo2LG_MLL50_PTG100to200.root
2025-11-19 16:12:23,592 - INFO - [2022] MISSING_CENTRAL: ZFake3Mu/Central/jets/2/energy in Skim_TriLep_DYGTo2LG_MLL50_PTG200toInf.root
2025-11-19 16:12:23,603 - INFO - [2022] MISSING_CENTRAL: ZFake3Mu/Central/jets/2/energy in Skim_TriLep_TTG_PTG100to200.root
2025-11-19 16:12:23,604 - INFO - [2022] MISSING_CENTRAL: ZFake3Mu/Central/jets/2/energy in Skim_TriLep_TTG_PTG200toInf.root
2025-11-19 16:12:23,782 - INFO - [2022EE] MISSING_CENTRAL: ZFake3Mu/Central/jets/2/energy in Skim_TriLep_DYJets10to50.root
2025-11-19 16:12:23,782 - INFO - [2022EE] MISSING_CENTRAL: ZFake3Mu/Central/jets/2/energy in Skim_TriLep_DYGTo2LG_MLL4to50_PTG10to100.root
2025-11-19 16:12:23,783 - INFO - [2022EE] MISSING_CENTRAL: ZFake3Mu/Central/jets/2/energy in Skim_TriLep_DYGTo2LG_MLL4to50_PTG100to200.root
2025-11-19 16:12:24,050 - INFO - [2023] MISSING_CENTRAL: ZFake3Mu/Central/jets/2/energy in Skim_TriLep_DYJets10to50.root
2025-11-19 16:12:24,051 - INFO - [2023] MISSING_CENTRAL: ZFake3Mu/Central/jets/2/energy in Skim_TriLep_DYGTo2LG_MLL4to50_PTG10to100.root
2025-11-19 16:12:24,144 - INFO - [2023] MISSING_CENTRAL: ZFake3Mu/Central/jets/2/energy in Skim_TriLep_TTG_PTG100to200.root
2025-11-19 16:12:24,145 - INFO - [2023] MISSING_CENTRAL: ZFake3Mu/Central/jets/2/energy in Skim_TriLep_TTG_PTG200toInf.root
2025-11-19 16:12:24,337 - INFO - [2023BPix] MISSING_SYSTEMATIC: ZFake3Mu/JetEn_Down/jets/2/energy in Skim_TriLep_DYJets.root
2025-11-19 16:12:24,347 - INFO - [2023BPix] MISSING_CENTRAL: ZFake3Mu/Central/jets/2/energy in Skim_TriLep_DYJets10to50.root
2025-11-19 16:12:24,462 - INFO - [2023BPix] MISSING_CENTRAL: ZFake3Mu/Central/jets/2/energy in Skim_TriLep_TTG_PTG200toInf.root
2025-11-19 16:31:00,151 - INFO - [2022] MISSING_CENTRAL: ZFake3Mu/Central/jets/2/energy in Skim_TriLep_DYJets10to50.root
2025-11-19 16:31:00,151 - INFO - [2022] MISSING_CENTRAL: ZFake3Mu/Central/jets/2/energy in Skim_TriLep_DYGTo2LG_MLL4to50_PTG10to100.root
2025-11-19 16:31:00,152 - INFO - [2022] MISSING_CENTRAL: ZFake3Mu/Central/jets/2/energy in Skim_TriLep_DYGTo2LG_MLL4to50_PTG100to200.root
2025-11-19 16:31:00,152 - INFO - [2022] MISSING_CENTRAL: ZFake3Mu/Central/jets/2/energy in Skim_TriLep_DYGTo2LG_MLL4to50_PTG200toInf.root
2025-11-19 16:31:00,164 - INFO - [2022] MISSING_CENTRAL: ZFake3Mu/Central/jets/2/energy in Skim_TriLep_DYGTo2LG_MLL50_PTG100to200.root
2025-11-19 16:31:00,164 - INFO - [2022] MISSING_CENTRAL: ZFake3Mu/Central/jets/2/energy in Skim_TriLep_DYGTo2LG_MLL50_PTG200toInf.root
2025-11-19 16:31:00,176 - INFO - [2022] MISSING_CENTRAL: ZFake3Mu/Central/jets/2/energy in Skim_TriLep_TTG_PTG100to200.root
2025-11-19 16:31:00,177 - INFO - [2022] MISSING_CENTRAL: ZFake3Mu/Central/jets/2/energy in Skim_TriLep_TTG_PTG200toInf.root
2025-11-19 16:31:00,358 - INFO - [2022EE] MISSING_CENTRAL: ZFake3Mu/Central/jets/2/energy in Skim_TriLep_DYJets10to50.root
2025-11-19 16:31:00,359 - INFO - [2022EE] MISSING_CENTRAL: ZFake3Mu/Central/jets/2/energy in Skim_TriLep_DYGTo2LG_MLL4to50_PTG10to100.root
2025-11-19 16:31:00,359 - INFO - [2022EE] MISSING_CENTRAL: ZFake3Mu/Central/jets/2/energy in Skim_TriLep_DYGTo2LG_MLL4to50_PTG100to200.root
2025-11-19 16:31:00,630 - INFO - [2023] MISSING_CENTRAL: ZFake3Mu/Central/jets/2/energy in Skim_TriLep_DYJets10to50.root
2025-11-19 16:31:00,631 - INFO - [2023] MISSING_CENTRAL: ZFake3Mu/Central/jets/2/energy in Skim_TriLep_DYGTo2LG_MLL4to50_PTG10to100.root
2025-11-19 16:31:00,724 - INFO - [2023] MISSING_CENTRAL: ZFake3Mu/Central/jets/2/energy in Skim_TriLep_TTG_PTG100to200.root
2025-11-19 16:31:00,725 - INFO - [2023] MISSING_CENTRAL: ZFake3Mu/Central/jets/2/energy in Skim_TriLep_TTG_PTG200toInf.root
2025-11-19 16:31:00,912 - INFO - [2023BPix] MISSING_SYSTEMATIC: ZFake3Mu/JetEn_Down/jets/2/energy in Skim_TriLep_DYJets.root
2025-11-19 16:31:00,922 - INFO - [2023BPix] MISSING_CENTRAL: ZFake3Mu/Central/jets/2/energy in Skim_TriLep_DYJets10to50.root
2025-11-19 16:31:01,058 - INFO - [2023BPix] MISSING_CENTRAL: ZFake3Mu/Central/jets/2/energy in Skim_TriLep_TTG_PTG200toInf.root
2025-12-17 22:46:00,347 - INFO - [2022] MISSING_CENTRAL: ZFake3Mu/Central/jets/2/energy in Skim_TriLep_DYJets10to50.root
2025-12-17 22:46:00,348 - INFO - [2022] MISSING_CENTRAL: ZFake3Mu/Central/jets/2/energy in Skim_TriLep_TTG_PTG10to100.root
2025-12-17 22:46:00,350 - INFO - [2022] MISSING_CENTRAL: ZFake3Mu/Central/jets/2/energy in Skim_TriLep_TTG_PTG100to200.root
2025-12-17 22:46:00,352 - INFO - [2022] MISSING_CENTRAL: ZFake3Mu/Central/jets/2/energy in Skim_TriLep_TTG_PTG200toInf.root
2025-12-17 22:46:00,609 - INFO - [2022EE] MISSING_CENTRAL: ZFake3Mu/Central/jets/2/energy in Skim_TriLep_DYJets10to50.root
2025-12-17 22:46:00,610 - INFO - [2022EE] MISSING_CENTRAL: ZFake3Mu/Central/jets/2/energy in Skim_TriLep_TTG_PTG10to100.root
2025-12-17 22:46:00,952 - INFO - [2023] MISSING_CENTRAL: ZFake3Mu/Central/jets/2/energy in Skim_TriLep_DYJets10to50.root
2025-12-17 22:46:00,970 - INFO - [2023] MISSING_CENTRAL: ZFake3Mu/Central/jets/2/energy in Skim_TriLep_TTG_PTG100to200.root
2025-12-17 22:46:00,971 - INFO - [2023] MISSING_CENTRAL: ZFake3Mu/Central/jets/2/energy in Skim_TriLep_TTG_PTG200toInf.root
2025-12-17 22:46:01,281 - INFO - [2023BPix] MISSING_CENTRAL: ZFake3Mu/Central/jets/2/energy in Skim_TriLep_DYJets10to50.root
2025-12-17 22:46:01,300 - INFO - [2023BPix] MISSING_CENTRAL: ZFake3Mu/Central/jets/2/energy in Skim_TriLep_TTG_PTG100to200.root
2025-12-17 22:46:01,302 - INFO - [2023BPix] MISSING_CENTRAL: ZFake3Mu/Central/jets/2/energy in Skim_TriLep_TTG_PTG200toInf.root
2025-12-18 14:47:44,822 - INFO - [2022] MISSING_CENTRAL: ZFake3Mu/Central/jets/2/energy in Skim_TriLep_DYJets10to50.root
2025-12-18 14:47:44,828 - INFO - [2022] MISSING_CENTRAL: ZFake3Mu/Central/jets/2/energy in Skim_TriLep_TTG_PTG10to100.root
2025-12-18 14:47:44,847 - INFO - [2022] MISSING_CENTRAL: ZFake3Mu/Central/jets/2/energy in Skim_TriLep_TTG_PTG100to200.root
2025-12-18 14:47:44,849 - INFO - [2022] MISSING_CENTRAL: ZFake3Mu/Central/jets/2/energy in Skim_TriLep_TTG_PTG200toInf.root
2025-12-18 14:47:45,340 - INFO - [2022EE] MISSING_CENTRAL: ZFake3Mu/Central/jets/2/energy in Skim_TriLep_DYJets10to50.root
2025-12-18 14:47:45,341 - INFO - [2022EE] MISSING_CENTRAL: ZFake3Mu/Central/jets/2/energy in Skim_TriLep_TTG_PTG10to100.root
2025-12-18 14:47:45,700 - INFO - [2023] MISSING_CENTRAL: ZFake3Mu/Central/jets/2/energy in Skim_TriLep_DYJets10to50.root
2025-12-18 14:47:45,721 - INFO - [2023] MISSING_CENTRAL: ZFake3Mu/Central/jets/2/energy in Skim_TriLep_TTG_PTG100to200.root
2025-12-18 14:47:45,723 - INFO - [2023] MISSING_CENTRAL: ZFake3Mu/Central/jets/2/energy in Skim_TriLep_TTG_PTG200toInf.root
2025-12-18 14:47:46,031 - INFO - [2023BPix] MISSING_CENTRAL: ZFake3Mu/Central/jets/2/energy in Skim_TriLep_DYJets10to50.root
2025-12-18 14:47:46,052 - INFO - [2023BPix] MISSING_CENTRAL: ZFake3Mu/Central/jets/2/energy in Skim_TriLep_TTG_PTG100to200.root
2025-12-18 14:47:46,054 - INFO - [2023BPix] MISSING_CENTRAL: ZFake3Mu/Central/jets/2/energy in Skim_TriLep_TTG_PTG200toInf.root
2026-01-07 11:56:19,700 - INFO - [2022] MISSING_CENTRAL: ZFake3Mu/Central/jets/2/energy in Skim_TriLep_DYJets10to50.root
2026-01-07 11:56:19,701 - INFO - [2022] MISSING_CENTRAL: ZFake3Mu/Central/jets/2/energy in Skim_TriLep_TTG_PTG10to100.root
2026-01-07 11:56:19,702 - INFO - [2022] MISSING_CENTRAL: ZFake3Mu/Central/jets/2/energy in Skim_TriLep_TTG_PTG100to200.root
2026-01-07 11:56:19,703 - INFO - [2022] MISSING_CENTRAL: ZFake3Mu/Central/jets/2/energy in Skim_TriLep_TTG_PTG200toInf.root
2026-01-07 11:56:20,008 - INFO - [2022EE] MISSING_CENTRAL: ZFake3Mu/Central/jets/2/energy in Skim_TriLep_DYJets10to50.root
2026-01-07 11:56:20,009 - INFO - [2022EE] MISSING_CENTRAL: ZFake3Mu/Central/jets/2/energy in Skim_TriLep_TTG_PTG10to100.root
2026-01-07 11:56:20,371 - INFO - [2023] MISSING_CENTRAL: ZFake3Mu/Central/jets/2/energy in Skim_TriLep_DYJets10to50.root
2026-01-07 11:56:20,392 - INFO - [2023] MISSING_CENTRAL: ZFake3Mu/Central/jets/2/energy in Skim_TriLep_TTG_PTG100to200.root
2026-01-07 11:56:20,393 - INFO - [2023] MISSING_CENTRAL: ZFake3Mu/Central/jets/2/energy in Skim_TriLep_TTG_PTG200toInf.root
2026-01-07 11:56:20,718 - INFO - [2023BPix] MISSING_CENTRAL: ZFake3Mu/Central/jets/2/energy in Skim_TriLep_DYJets10to50.root
2026-01-07 11:56:20,740 - INFO - [2023BPix] MISSING_CENTRAL: ZFake3Mu/Central/jets/2/energy in Skim_TriLep_TTG_PTG100to200.root
2026-01-07 11:56:20,742 - INFO - [2023BPix] MISSING_CENTRAL: ZFake3Mu/Central/jets/2/energy in Skim_TriLep_TTG_PTG200toInf.root
2026-01-07 18:52:47,571 - INFO - [2022] MISSING_CENTRAL: ZFake3Mu/Central/jets/2/energy in Skim_TriLep_DYJets10to50.root
2026-01-07 18:52:47,572 - INFO - [2022] MISSING_CENTRAL: ZFake3Mu/Central/jets/2/energy in Skim_TriLep_TTG_PTG10to100.root
2026-01-07 18:52:47,574 - INFO - [2022] MISSING_CENTRAL: ZFake3Mu/Central/jets/2/energy in Skim_TriLep_TTG_PTG100to200.root
2026-01-07 18:52:47,575 - INFO - [2022] MISSING_CENTRAL: ZFake3Mu/Central/jets/2/energy in Skim_TriLep_TTG_PTG200toInf.root
2026-01-07 18:52:47,879 - INFO - [2022EE] MISSING_CENTRAL: ZFake3Mu/Central/jets/2/energy in Skim_TriLep_DYJets10to50.root
2026-01-07 18:52:47,880 - INFO - [2022EE] MISSING_CENTRAL: ZFake3Mu/Central/jets/2/energy in Skim_TriLep_TTG_PTG10to100.root
2026-01-07 18:52:48,233 - INFO - [2023] MISSING_CENTRAL: ZFake3Mu/Central/jets/2/energy in Skim_TriLep_DYJets10to50.root
2026-01-07 18:52:48,253 - INFO - [2023] MISSING_CENTRAL: ZFake3Mu/Central/jets/2/energy in Skim_TriLep_TTG_PTG100to200.root
2026-01-07 18:52:48,255 - INFO - [2023] MISSING_CENTRAL: ZFake3Mu/Central/jets/2/energy in Skim_TriLep_TTG_PTG200toInf.root
2026-01-07 18:52:48,571 - INFO - [2023BPix] MISSING_CENTRAL: ZFake3Mu/Central/jets/2/energy in Skim_TriLep_DYJets10to50.root
2026-01-07 18:52:48,592 - INFO - [2023BPix] MISSING_CENTRAL: ZFake3Mu/Central/jets/2/energy in Skim_TriLep_TTG_PTG100to200.root
2026-01-07 18:52:48,594 - INFO - [2023BPix] MISSING_CENTRAL: ZFake3Mu/Central/jets/2/energy in Skim_TriLep_TTG_PTG200toInf.root
2026-01-09 12:28:03,321 - INFO - [2022] MISSING_CENTRAL: ZFake3Mu/Central/jets/2/energy in Skim_TriLep_DYJets10to50.root
2026-01-09 12:28:03,322 - INFO - [2022] MISSING_CENTRAL: ZFake3Mu/Central/jets/2/energy in Skim_TriLep_TTG_PTG10to100.root
2026-01-09 12:28:03,323 - INFO - [2022] MISSING_CENTRAL: ZFake3Mu/Central/jets/2/energy in Skim_TriLep_TTG_PTG100to200.root
2026-01-09 12:28:03,323 - INFO - [2022] MISSING_CENTRAL: ZFake3Mu/Central/jets/2/energy in Skim_TriLep_TTG_PTG200toInf.root
2026-01-09 12:28:03,507 - INFO - [2022EE] MISSING_CENTRAL: ZFake3Mu/Central/jets/2/energy in Skim_TriLep_DYJets10to50.root
2026-01-09 12:28:03,507 - INFO - [2022EE] MISSING_CENTRAL: ZFake3Mu/Central/jets/2/energy in Skim_TriLep_TTG_PTG10to100.root
2026-01-09 12:28:03,719 - INFO - [2023] MISSING_CENTRAL: ZFake3Mu/Central/jets/2/energy in Skim_TriLep_DYJets10to50.root
2026-01-09 12:28:03,731 - INFO - [2023] MISSING_CENTRAL: ZFake3Mu/Central/jets/2/energy in Skim_TriLep_TTG_PTG100to200.root
2026-01-09 12:28:03,731 - INFO - [2023] MISSING_CENTRAL: ZFake3Mu/Central/jets/2/energy in Skim_TriLep_TTG_PTG200toInf.root
2026-01-09 12:28:03,916 - INFO - [2023BPix] MISSING_CENTRAL: ZFake3Mu/Central/jets/2/energy in Skim_TriLep_DYJets10to50.root
2026-01-09 12:28:03,930 - INFO - [2023BPix] MISSING_CENTRAL: ZFake3Mu/Central/jets/2/energy in Skim_TriLep_TTG_PTG100to200.root
2026-01-09 12:28:03,931 - INFO - [2023BPix] MISSING_CENTRAL: ZFake3Mu/Central/jets/2/energy in Skim_TriLep_TTG_PTG200toInf.root
2026-01-11 09:48:03,486 - INFO - [2022] MISSING_CENTRAL: ZFake3Mu/Central/jets/2/energy in Skim_TriLep_DYJets10to50.root
2026-01-11 09:48:03,487 - INFO - [2022] MISSING_CENTRAL: ZFake3Mu/Central/jets/2/energy in Skim_TriLep_TTG_PTG10to100.root
2026-01-11 09:48:03,487 - INFO - [2022] MISSING_CENTRAL: ZFake3Mu/Central/jets/2/energy in Skim_TriLep_TTG_PTG100to200.root
2026-01-11 09:48:03,488 - INFO - [2022] MISSING_CENTRAL: ZFake3Mu/Central/jets/2/energy in Skim_TriLep_TTG_PTG200toInf.root
2026-01-11 09:48:03,663 - INFO - [2022EE] MISSING_CENTRAL: ZFake3Mu/Central/jets/2/energy in Skim_TriLep_DYJets10to50.root
2026-01-11 09:48:03,663 - INFO - [2022EE] MISSING_CENTRAL: ZFake3Mu/Central/jets/2/energy in Skim_TriLep_TTG_PTG10to100.root
2026-01-11 09:48:03,868 - INFO - [2023] MISSING_CENTRAL: ZFake3Mu/Central/jets/2/energy in Skim_TriLep_DYJets10to50.root
2026-01-11 09:48:03,880 - INFO - [2023] MISSING_CENTRAL: ZFake3Mu/Central/jets/2/energy in Skim_TriLep_TTG_PTG100to200.root
2026-01-11 09:48:03,880 - INFO - [2023] MISSING_CENTRAL: ZFake3Mu/Central/jets/2/energy in Skim_TriLep_TTG_PTG200toInf.root
2026-01-11 09:48:04,069 - INFO - [2023BPix] MISSING_CENTRAL: ZFake3Mu/Central/jets/2/energy in Skim_TriLep_DYJets10to50.root
2026-01-11 09:48:04,082 - INFO - [2023BPix] MISSING_CENTRAL: ZFake3Mu/Central/jets/2/energy in Skim_TriLep_TTG_PTG100to200.root
2026-01-11 09:48:04,083 - INFO - [2023BPix] MISSING_CENTRAL: ZFake3Mu/Central/jets/2/energy in Skim_TriLep_TTG_PTG200toInf.root
2026-01-12 13:56:58,706 - INFO - [2022] MISSING_FILE: /home/choij/Sync/workspace/ChargedHiggsAnalysisV3/SKNanoOutput/MatrixSelector/Run3Mu/2022/Skim_TriLep_DoubleMuon_C.root
2026-01-12 13:56:58,706 - INFO - [2022] MISSING_FILE: /home/choij/Sync/workspace/ChargedHiggsAnalysisV3/SKNanoOutput/MatrixSelector/Run3Mu/2022/Skim_TriLep_Muon_C.root
2026-01-12 13:56:58,706 - INFO - [2022] MISSING_FILE: /home/choij/Sync/workspace/ChargedHiggsAnalysisV3/SKNanoOutput/MatrixSelector/Run3Mu/2022/Skim_TriLep_Muon_D.root
2026-01-12 13:56:58,733 - INFO - [2022] MISSING_CENTRAL: ZFake3Mu/Central/jets/2/energy in Skim_TriLep_DYJets10to50.root
2026-01-12 13:56:58,733 - INFO - [2022] MISSING_CENTRAL: ZFake3Mu/Central/jets/2/energy in Skim_TriLep_TTG_PTG10to100.root
2026-01-12 13:56:58,733 - INFO - [2022] MISSING_CENTRAL: ZFake3Mu/Central/jets/2/energy in Skim_TriLep_TTG_PTG100to200.root
2026-01-12 13:56:58,734 - INFO - [2022] MISSING_CENTRAL: ZFake3Mu/Central/jets/2/energy in Skim_TriLep_TTG_PTG200toInf.root
2026-01-12 13:56:58,897 - INFO - [2022EE] MISSING_FILE: /home/choij/Sync/workspace/ChargedHiggsAnalysisV3/SKNanoOutput/MatrixSelector/Run3Mu/2022EE/Skim_TriLep_Muon_E.root
2026-01-12 13:56:58,897 - INFO - [2022EE] MISSING_FILE: /home/choij/Sync/workspace/ChargedHiggsAnalysisV3/SKNanoOutput/MatrixSelector/Run3Mu/2022EE/Skim_TriLep_Muon_F.root
2026-01-12 13:56:58,897 - INFO - [2022EE] MISSING_FILE: /home/choij/Sync/workspace/ChargedHiggsAnalysisV3/SKNanoOutput/MatrixSelector/Run3Mu/2022EE/Skim_TriLep_Muon_G.root
2026-01-12 13:56:58,908 - INFO - [2022EE] MISSING_CENTRAL: ZFake3Mu/Central/jets/2/energy in Skim_TriLep_DYJets10to50.root
2026-01-12 13:56:58,909 - INFO - [2022EE] MISSING_CENTRAL: ZFake3Mu/Central/jets/2/energy in Skim_TriLep_TTG_PTG10to100.root
2026-01-12 13:56:59,106 - INFO - [2023] MISSING_FILE: /home/choij/Sync/workspace/ChargedHiggsAnalysisV3/SKNanoOutput/MatrixSelector/Run3Mu/2023/Skim_TriLep_Muon0_C_v1.root
2026-01-12 13:56:59,106 - INFO - [2023] MISSING_FILE: /home/choij/Sync/workspace/ChargedHiggsAnalysisV3/SKNanoOutput/MatrixSelector/Run3Mu/2023/Skim_TriLep_Muon0_C_v2.root
2026-01-12 13:56:59,106 - INFO - [2023] MISSING_FILE: /home/choij/Sync/workspace/ChargedHiggsAnalysisV3/SKNanoOutput/MatrixSelector/Run3Mu/2023/Skim_TriLep_Muon0_C_v3.root
2026-01-12 13:56:59,106 - INFO - [2023] MISSING_FILE: /home/choij/Sync/workspace/ChargedHiggsAnalysisV3/SKNanoOutput/MatrixSelector/Run3Mu/2023/Skim_TriLep_Muon0_C_v4.root
2026-01-12 13:56:59,106 - INFO - [2023] MISSING_FILE: /home/choij/Sync/workspace/ChargedHiggsAnalysisV3/SKNanoOutput/MatrixSelector/Run3Mu/2023/Skim_TriLep_Muon1_C_v1.root
2026-01-12 13:56:59,106 - INFO - [2023] MISSING_FILE: /home/choij/Sync/workspace/ChargedHiggsAnalysisV3/SKNanoOutput/MatrixSelector/Run3Mu/2023/Skim_TriLep_Muon1_C_v2.root
2026-01-12 13:56:59,106 - INFO - [2023] MISSING_FILE: /home/choij/Sync/workspace/ChargedHiggsAnalysisV3/SKNanoOutput/MatrixSelector/Run3Mu/2023/Skim_TriLep_Muon1_C_v3.root
2026-01-12 13:56:59,106 - INFO - [2023] MISSING_FILE: /home/choij/Sync/workspace/ChargedHiggsAnalysisV3/SKNanoOutput/MatrixSelector/Run3Mu/2023/Skim_TriLep_Muon1_C_v4.root
2026-01-12 13:56:59,118 - INFO - [2023] MISSING_CENTRAL: ZFake3Mu/Central/jets/2/energy in Skim_TriLep_DYJets10to50.root
2026-01-12 13:56:59,129 - INFO - [2023] MISSING_CENTRAL: ZFake3Mu/Central/jets/2/energy in Skim_TriLep_TTG_PTG100to200.root
2026-01-12 13:56:59,130 - INFO - [2023] MISSING_CENTRAL: ZFake3Mu/Central/jets/2/energy in Skim_TriLep_TTG_PTG200toInf.root
2026-01-12 13:56:59,317 - INFO - [2023BPix] MISSING_FILE: /home/choij/Sync/workspace/ChargedHiggsAnalysisV3/SKNanoOutput/MatrixSelector/Run3Mu/2023BPix/Skim_TriLep_Muon0_D_v1.root
2026-01-12 13:56:59,318 - INFO - [2023BPix] MISSING_FILE: /home/choij/Sync/workspace/ChargedHiggsAnalysisV3/SKNanoOutput/MatrixSelector/Run3Mu/2023BPix/Skim_TriLep_Muon0_D_v2.root
2026-01-12 13:56:59,318 - INFO - [2023BPix] MISSING_FILE: /home/choij/Sync/workspace/ChargedHiggsAnalysisV3/SKNanoOutput/MatrixSelector/Run3Mu/2023BPix/Skim_TriLep_Muon1_D_v1.root
2026-01-12 13:56:59,318 - INFO - [2023BPix] MISSING_FILE: /home/choij/Sync/workspace/ChargedHiggsAnalysisV3/SKNanoOutput/MatrixSelector/Run3Mu/2023BPix/Skim_TriLep_Muon1_D_v2.root
2026-01-12 13:56:59,331 - INFO - [2023BPix] MISSING_CENTRAL: ZFake3Mu/Central/jets/2/energy in Skim_TriLep_DYJets10to50.root
2026-01-12 13:56:59,346 - INFO - [2023BPix] MISSING_CENTRAL: ZFake3Mu/Central/jets/2/energy in Skim_TriLep_TTG_PTG100to200.root
2026-01-12 13:56:59,347 - INFO - [2023BPix] MISSING_CENTRAL: ZFake3Mu/Central/jets/2/energy in Skim_TriLep_TTG_PTG200toInf.root
2026-01-16 19:11:34,590 - INFO - [2022] MISSING_CENTRAL: ZFake3Mu/Central/jets/2/energy in Skim_TriLep_DYJets10to50.root
2026-01-16 19:11:34,592 - INFO - [2022] MISSING_CENTRAL: ZFake3Mu/Central/jets/2/energy in Skim_TriLep_TTG_PTG10to100.root
2026-01-16 19:11:34,592 - INFO - [2022] MISSING_CENTRAL: ZFake3Mu/Central/jets/2/energy in Skim_TriLep_TTG_PTG100to200.root
2026-01-16 19:11:34,593 - INFO - [2022] MISSING_CENTRAL: ZFake3Mu/Central/jets/2/energy in Skim_TriLep_TTG_PTG200toInf.root
2026-01-16 19:11:34,842 - INFO - [2022EE] MISSING_CENTRAL: ZFake3Mu/Central/jets/2/energy in Skim_TriLep_DYJets10to50.root
2026-01-16 19:11:34,843 - INFO - [2022EE] MISSING_CENTRAL: ZFake3Mu/Central/jets/2/energy in Skim_TriLep_TTG_PTG10to100.root
2026-01-16 19:11:35,068 - INFO - [2023] MISSING_CENTRAL: ZFake3Mu/Central/jets/2/energy in Skim_TriLep_DYJets10to50.root
2026-01-16 19:11:35,081 - INFO - [2023] MISSING_CENTRAL: ZFake3Mu/Central/jets/2/energy in Skim_TriLep_TTG_PTG100to200.root
2026-01-16 19:11:35,082 - INFO - [2023] MISSING_CENTRAL: ZFake3Mu/Central/jets/2/energy in Skim_TriLep_TTG_PTG200toInf.root
2026-01-16 19:11:35,297 - INFO - [2023BPix] MISSING_CENTRAL: ZFake3Mu/Central/jets/2/energy in Skim_TriLep_DYJets10to50.root
2026-01-16 19:11:35,311 - INFO - [2023BPix] MISSING_CENTRAL: ZFake3Mu/Central/jets/2/energy in Skim_TriLep_TTG_PTG100to200.root
2026-01-16 19:11:35,311 - INFO - [2023BPix] MISSING_CENTRAL: ZFake3Mu/Central/jets/2/energy in Skim_TriLep_TTG_PTG200toInf.root
2026-01-28 17:08:24,968 - INFO - [2022] MISSING_CENTRAL: ZFake3Mu/Central/jets/2/energy in Skim_TriLep_DYJets10to50.root
2026-01-28 17:08:24,968 - INFO - [2022] MISSING_CENTRAL: ZFake3Mu/Central/jets/2/energy in Skim_TriLep_TTG_PTG10to100.root
2026-01-28 17:08:24,969 - INFO - [2022] MISSING_CENTRAL: ZFake3Mu/Central/jets/2/energy in Skim_TriLep_TTG_PTG100to200.root
2026-01-28 17:08:24,969 - INFO - [2022] MISSING_CENTRAL: ZFake3Mu/Central/jets/2/energy in Skim_TriLep_TTG_PTG200toInf.root
2026-01-28 17:08:25,329 - INFO - [2022EE] MISSING_CENTRAL: ZFake3Mu/Central/jets/2/energy in Skim_TriLep_DYJets10to50.root
2026-01-28 17:08:25,330 - INFO - [2022EE] MISSING_CENTRAL: ZFake3Mu/Central/jets/2/energy in Skim_TriLep_TTG_PTG10to100.root
2026-01-28 17:08:25,755 - INFO - [2023] MISSING_CENTRAL: ZFake3Mu/Central/jets/2/energy in Skim_TriLep_DYJets10to50.root
2026-01-28 17:08:25,779 - INFO - [2023] MISSING_CENTRAL: ZFake3Mu/Central/jets/2/energy in Skim_TriLep_TTG_PTG100to200.root
2026-01-28 17:08:25,780 - INFO - [2023] MISSING_CENTRAL: ZFake3Mu/Central/jets/2/energy in Skim_TriLep_TTG_PTG200toInf.root
2026-01-28 17:08:26,191 - INFO - [2023BPix] MISSING_CENTRAL: ZFake3Mu/Central/jets/2/energy in Skim_TriLep_DYJets10to50.root
2026-01-28 17:08:26,216 - INFO - [2023BPix] MISSING_CENTRAL: ZFake3Mu/Central/jets/2/energy in Skim_TriLep_TTG_PTG100to200.root
2026-01-28 17:08:26,217 - INFO - [2023BPix] MISSING_CENTRAL: ZFake3Mu/Central/jets/2/energy in Skim_TriLep_TTG_PTG200toInf.root
2026-01-28 17:28:57,082 - INFO - [2022] MISSING_CENTRAL: ZFake3Mu/Central/jets/2/energy in Skim_TriLep_DYJets10to50.root
2026-01-28 17:28:57,083 - INFO - [2022] MISSING_CENTRAL: ZFake3Mu/Central/jets/2/energy in Skim_TriLep_TTG_PTG10to100.root
2026-01-28 17:28:57,083 - INFO - [2022] MISSING_CENTRAL: ZFake3Mu/Central/jets/2/energy in Skim_TriLep_TTG_PTG100to200.root
2026-01-28 17:28:57,084 - INFO - [2022] MISSING_CENTRAL: ZFake3Mu/Central/jets/2/energy in Skim_TriLep_TTG_PTG200toInf.root
2026-01-28 17:28:57,448 - INFO - [2022EE] MISSING_CENTRAL: ZFake3Mu/Central/jets/2/energy in Skim_TriLep_DYJets10to50.root
2026-01-28 17:28:57,448 - INFO - [2022EE] MISSING_CENTRAL: ZFake3Mu/Central/jets/2/energy in Skim_TriLep_TTG_PTG10to100.root
2026-01-28 17:28:57,854 - INFO - [2023] MISSING_CENTRAL: ZFake3Mu/Central/jets/2/energy in Skim_TriLep_DYJets10to50.root
2026-01-28 17:28:57,877 - INFO - [2023] MISSING_CENTRAL: ZFake3Mu/Central/jets/2/energy in Skim_TriLep_TTG_PTG100to200.root
2026-01-28 17:28:57,878 - INFO - [2023] MISSING_CENTRAL: ZFake3Mu/Central/jets/2/energy in Skim_TriLep_TTG_PTG200toInf.root
2026-01-28 17:28:58,246 - INFO - [2023BPix] MISSING_CENTRAL: ZFake3Mu/Central/jets/2/energy in Skim_TriLep_DYJets10to50.root
2026-01-28 17:28:58,269 - INFO - [2023BPix] MISSING_CENTRAL: ZFake3Mu/Central/jets/2/energy in Skim_TriLep_TTG_PTG100to200.root
2026-01-28 17:28:58,271 - INFO - [2023BPix] MISSING_CENTRAL: ZFake3Mu/Central/jets/2/energy in Skim_TriLep_TTG_PTG200toInf.root
2026-01-28 20:02:42,190 - INFO - [2022] MISSING_CENTRAL: ZFake3Mu/Central/jets/2/energy in Skim_TriLep_DYJets10to50.root
2026-01-28 20:02:42,190 - INFO - [2022] MISSING_CENTRAL: ZFake3Mu/Central/jets/2/energy in Skim_TriLep_TTG_PTG10to100.root
2026-01-28 20:02:42,191 - INFO - [2022] MISSING_CENTRAL: ZFake3Mu/Central/jets/2/energy in Skim_TriLep_TTG_PTG100to200.root
2026-01-28 20:02:42,191 - INFO - [2022] MISSING_CENTRAL: ZFake3Mu/Central/jets/2/energy in Skim_TriLep_TTG_PTG200toInf.root
2026-01-28 20:02:42,606 - INFO - [2022EE] MISSING_CENTRAL: ZFake3Mu/Central/jets/2/energy in Skim_TriLep_DYJets10to50.root
2026-01-28 20:02:42,607 - INFO - [2022EE] MISSING_CENTRAL: ZFake3Mu/Central/jets/2/energy in Skim_TriLep_TTG_PTG10to100.root
2026-01-28 20:02:43,039 - INFO - [2023] MISSING_CENTRAL: ZFake3Mu/Central/jets/2/energy in Skim_TriLep_DYJets10to50.root
2026-01-28 20:02:43,063 - INFO - [2023] MISSING_CENTRAL: ZFake3Mu/Central/jets/2/energy in Skim_TriLep_TTG_PTG100to200.root
2026-01-28 20:02:43,064 - INFO - [2023] MISSING_CENTRAL: ZFake3Mu/Central/jets/2/energy in Skim_TriLep_TTG_PTG200toInf.root
2026-01-28 20:02:43,442 - INFO - [2023BPix] MISSING_CENTRAL: ZFake3Mu/Central/jets/2/energy in Skim_TriLep_DYJets10to50.root
2026-01-28 20:02:43,465 - INFO - [2023BPix] MISSING_CENTRAL: ZFake3Mu/Central/jets/2/energy in Skim_TriLep_TTG_PTG100to200.root
2026-01-28 20:02:43,466 - INFO - [2023BPix] MISSING_CENTRAL: ZFake3Mu/Central/jets/2/energy in Skim_TriLep_TTG_PTG200toInf.root
2026-01-29 07:19:16,818 - INFO - [2022] MISSING_CENTRAL: ZFake3Mu/Central/jets/2/energy in Skim_TriLep_DYJets10to50.root
2026-01-29 07:19:16,819 - INFO - [2022] MISSING_CENTRAL: ZFake3Mu/Central/jets/2/energy in Skim_TriLep_TTG_PTG10to100.root
2026-01-29 07:19:16,819 - INFO - [2022] MISSING_CENTRAL: ZFake3Mu/Central/jets/2/energy in Skim_TriLep_TTG_PTG100to200.root
2026-01-29 07:19:16,820 - INFO - [2022] MISSING_CENTRAL: ZFake3Mu/Central/jets/2/energy in Skim_TriLep_TTG_PTG200toInf.root
2026-01-29 07:19:17,063 - INFO - [2022EE] MISSING_CENTRAL: ZFake3Mu/Central/jets/2/energy in Skim_TriLep_DYJets10to50.root
2026-01-29 07:19:17,064 - INFO - [2022EE] MISSING_CENTRAL: ZFake3Mu/Central/jets/2/energy in Skim_TriLep_TTG_PTG10to100.root
2026-01-29 07:19:17,348 - INFO - [2023] MISSING_CENTRAL: ZFake3Mu/Central/jets/2/energy in Skim_TriLep_DYJets10to50.root
2026-01-29 07:19:17,364 - INFO - [2023] MISSING_CENTRAL: ZFake3Mu/Central/jets/2/energy in Skim_TriLep_TTG_PTG100to200.root
2026-01-29 07:19:17,365 - INFO - [2023] MISSING_CENTRAL: ZFake3Mu/Central/jets/2/energy in Skim_TriLep_TTG_PTG200toInf.root
2026-01-29 07:19:17,622 - INFO - [2023BPix] MISSING_CENTRAL: ZFake3Mu/Central/jets/2/energy in Skim_TriLep_DYJets10to50.root
2026-01-29 07:19:17,639 - INFO - [2023BPix] MISSING_CENTRAL: ZFake3Mu/Central/jets/2/energy in Skim_TriLep_TTG_PTG100to200.root
2026-01-29 07:19:17,640 - INFO - [2023BPix] MISSING_CENTRAL: ZFake3Mu/Central/jets/2/energy in Skim_TriLep_TTG_PTG200toInf.root
2026-03-06 09:44:50,476 - INFO - [2022] MISSING_CENTRAL: ZFake3Mu/Central/jets/2/energy in Skim_TriLep_DYJets10to50.root
2026-03-06 09:44:50,477 - INFO - [2022] MISSING_CENTRAL: ZFake3Mu/Central/jets/2/energy in Skim_TriLep_TTG_PTG10to100.root
2026-03-06 09:44:50,477 - INFO - [2022] MISSING_CENTRAL: ZFake3Mu/Central/jets/2/energy in Skim_TriLep_TTG_PTG100to200.root
2026-03-06 09:44:50,478 - INFO - [2022] MISSING_CENTRAL: ZFake3Mu/Central/jets/2/energy in Skim_TriLep_TTG_PTG200toInf.root
2026-03-06 09:44:50,726 - INFO - [2022EE] MISSING_CENTRAL: ZFake3Mu/Central/jets/2/energy in Skim_TriLep_DYJets10to50.root
2026-03-06 09:44:50,727 - INFO - [2022EE] MISSING_CENTRAL: ZFake3Mu/Central/jets/2/energy in Skim_TriLep_TTG_PTG10to100.root
2026-03-06 09:44:51,022 - INFO - [2023] MISSING_CENTRAL: ZFake3Mu/Central/jets/2/energy in Skim_TriLep_DYJets10to50.root
2026-03-06 09:44:51,023 - INFO - [2023] MISSING_CENTRAL: ZFake3Mu/Central/jets/2/energy in Skim_TriLep_TTG_PTG10to100.root
2026-03-06 09:44:51,023 - INFO - [2023] MISSING_CENTRAL: ZFake3Mu/Central/jets/2/energy in Skim_TriLep_TTG_PTG100to200.root
2026-03-06 09:44:51,024 - INFO - [2023] MISSING_CENTRAL: ZFake3Mu/Central/jets/2/energy in Skim_TriLep_TTG_PTG200toInf.root
2026-03-06 09:44:51,290 - INFO - [2023BPix] MISSING_CENTRAL: ZFake3Mu/Central/jets/2/energy in Skim_TriLep_DYJets10to50.root
2026-03-06 09:44:51,307 - INFO - [2023BPix] MISSING_CENTRAL: ZFake3Mu/Central/jets/2/energy in Skim_TriLep_TTG_PTG100to200.root
2026-03-06 09:44:51,308 - INFO - [2023BPix] MISSING_CENTRAL: ZFake3Mu/Central/jets/2/energy in Skim_TriLep_TTG_PTG200toInf.root
2026-03-06 19:50:36,220 - INFO - [2022] MISSING_CENTRAL: ZFake3Mu/Central/jets/2/energy in Skim_TriLep_DYJets10to50.root
2026-03-06 19:50:36,220 - INFO - [2022] MISSING_CENTRAL: ZFake3Mu/Central/jets/2/energy in Skim_TriLep_TTG_PTG10to100.root
2026-03-06 19:50:36,221 - INFO - [2022] MISSING_CENTRAL: ZFake3Mu/Central/jets/2/energy in Skim_TriLep_TTG_PTG100to200.root
2026-03-06 19:50:36,221 - INFO - [2022] MISSING_CENTRAL: ZFake3Mu/Central/jets/2/energy in Skim_TriLep_TTG_PTG200toInf.root
2026-03-06 19:50:36,466 - INFO - [2022EE] MISSING_CENTRAL: ZFake3Mu/Central/jets/2/energy in Skim_TriLep_DYJets10to50.root
2026-03-06 19:50:36,467 - INFO - [2022EE] MISSING_CENTRAL: ZFake3Mu/Central/jets/2/energy in Skim_TriLep_TTG_PTG10to100.root
2026-03-06 19:50:36,753 - INFO - [2023] MISSING_CENTRAL: ZFake3Mu/Central/jets/2/energy in Skim_TriLep_DYJets10to50.root
2026-03-06 19:50:36,753 - INFO - [2023] MISSING_CENTRAL: ZFake3Mu/Central/jets/2/energy in Skim_TriLep_TTG_PTG10to100.root
2026-03-06 19:50:36,754 - INFO - [2023] MISSING_CENTRAL: ZFake3Mu/Central/jets/2/energy in Skim_TriLep_TTG_PTG100to200.root
2026-03-06 19:50:36,754 - INFO - [2023] MISSING_CENTRAL: ZFake3Mu/Central/jets/2/energy in Skim_TriLep_TTG_PTG200toInf.root
2026-03-06 19:50:37,015 - INFO - [2023BPix] MISSING_CENTRAL: ZFake3Mu/Central/jets/2/energy in Skim_TriLep_DYJets10to50.root
2026-03-06 19:50:37,032 - INFO - [2023BPix] MISSING_CENTRAL: ZFake3Mu/Central/jets/2/energy in Skim_TriLep_TTG_PTG100to200.root
2026-03-06 19:50:37,033 - INFO - [2023BPix] MISSING_CENTRAL: ZFake3Mu/Central/jets/2/energy in Skim_TriLep_TTG_PTG200toInf.root
2026-04-10 20:25:30,897 - INFO - [2022] MISSING_CENTRAL: ZFake3Mu/Central/jets/2/energy in Skim_TriLep_DYJets10to50.root
2026-04-10 20:25:30,898 - INFO - [2022] MISSING_CENTRAL: ZFake3Mu/Central/jets/2/energy in Skim_TriLep_TTG_PTG10to100.root
2026-04-10 20:25:30,898 - INFO - [2022] MISSING_CENTRAL: ZFake3Mu/Central/jets/2/energy in Skim_TriLep_TTG_PTG100to200.root
2026-04-10 20:25:30,899 - INFO - [2022] MISSING_CENTRAL: ZFake3Mu/Central/jets/2/energy in Skim_TriLep_TTG_PTG200toInf.root
2026-04-10 20:25:31,150 - INFO - [2022EE] MISSING_CENTRAL: ZFake3Mu/Central/jets/2/energy in Skim_TriLep_DYJets10to50.root
2026-04-10 20:25:31,150 - INFO - [2022EE] MISSING_CENTRAL: ZFake3Mu/Central/jets/2/energy in Skim_TriLep_TTG_PTG10to100.root
2026-04-10 20:25:31,442 - INFO - [2023] MISSING_CENTRAL: ZFake3Mu/Central/jets/2/energy in Skim_TriLep_DYJets10to50.root
2026-04-10 20:25:31,443 - INFO - [2023] MISSING_CENTRAL: ZFake3Mu/Central/jets/2/energy in Skim_TriLep_TTG_PTG10to100.root
2026-04-10 20:25:31,444 - INFO - [2023] MISSING_CENTRAL: ZFake3Mu/Central/jets/2/energy in Skim_TriLep_TTG_PTG100to200.root
2026-04-10 20:25:31,444 - INFO - [2023] MISSING_CENTRAL: ZFake3Mu/Central/jets/2/energy in Skim_TriLep_TTG_PTG200toInf.root
2026-04-10 20:25:31,703 - INFO - [2023BPix] MISSING_CENTRAL: ZFake3Mu/Central/jets/2/energy in Skim_TriLep_DYJets10to50.root
2026-04-10 20:25:31,716 - INFO - [2023BPix] MISSING_CENTRAL: ZFake3Mu/Central/jets/2/energy in Skim_TriLep_TTG_PTG100to200.root
2026-04-10 20:25:31,717 - INFO - [2023BPix] MISSING_CENTRAL: ZFake3Mu/Central/jets/2/energy in Skim_TriLep_TTG_PTG200toInf.root
2026-04-12 11:40:54,541 - INFO - [2022] MISSING_CENTRAL: ZFake3Mu/Central/jets/2/energy in Skim_TriLep_DYJets10to50.root
2026-04-12 11:40:54,542 - INFO - [2022] MISSING_CENTRAL: ZFake3Mu/Central/jets/2/energy in Skim_TriLep_TTG_PTG10to100.root
2026-04-12 11:40:54,542 - INFO - [2022] MISSING_CENTRAL: ZFake3Mu/Central/jets/2/energy in Skim_TriLep_TTG_PTG100to200.root
2026-04-12 11:40:54,543 - INFO - [2022] MISSING_CENTRAL: ZFake3Mu/Central/jets/2/energy in Skim_TriLep_TTG_PTG200toInf.root
2026-04-12 11:40:54,842 - INFO - [2022EE] MISSING_CENTRAL: ZFake3Mu/Central/jets/2/energy in Skim_TriLep_DYJets10to50.root
2026-04-12 11:40:54,843 - INFO - [2022EE] MISSING_CENTRAL: ZFake3Mu/Central/jets/2/energy in Skim_TriLep_TTG_PTG10to100.root
2026-04-12 11:40:55,143 - INFO - [2023] MISSING_CENTRAL: ZFake3Mu/Central/jets/2/energy in Skim_TriLep_DYJets10to50.root
2026-04-12 11:40:55,144 - INFO - [2023] MISSING_CENTRAL: ZFake3Mu/Central/jets/2/energy in Skim_TriLep_TTG_PTG10to100.root
2026-04-12 11:40:55,145 - INFO - [2023] MISSING_CENTRAL: ZFake3Mu/Central/jets/2/energy in Skim_TriLep_TTG_PTG100to200.root
2026-04-12 11:40:55,145 - INFO - [2023] MISSING_CENTRAL: ZFake3Mu/Central/jets/2/energy in Skim_TriLep_TTG_PTG200toInf.root
2026-04-12 11:40:55,410 - INFO - [2023BPix] MISSING_CENTRAL: ZFake3Mu/Central/jets/2/energy in Skim_TriLep_DYJets10to50.root
2026-04-12 11:40:55,430 - INFO - [2023BPix] MISSING_CENTRAL: ZFake3Mu/Central/jets/2/energy in Skim_TriLep_TTG_PTG100to200.root
2026-04-12 11:40:55,431 - INFO - [2023BPix] MISSING_CENTRAL: ZFake3Mu/Central/jets/2/energy in Skim_TriLep_TTG_PTG200toInf.root
2026-04-12 12:22:36,033 - INFO - [2022] MISSING_CENTRAL: ZFake3Mu/Central/jets/2/energy in Skim_TriLep_DYJets10to50.root
2026-04-12 12:22:36,033 - INFO - [2022] MISSING_CENTRAL: ZFake3Mu/Central/jets/2/energy in Skim_TriLep_TTG_PTG10to100.root
2026-04-12 12:22:36,034 - INFO - [2022] MISSING_CENTRAL: ZFake3Mu/Central/jets/2/energy in Skim_TriLep_TTG_PTG100to200.root
2026-04-12 12:22:36,034 - INFO - [2022] MISSING_CENTRAL: ZFake3Mu/Central/jets/2/energy in Skim_TriLep_TTG_PTG200toInf.root
2026-04-12 12:22:36,288 - INFO - [2022EE] MISSING_CENTRAL: ZFake3Mu/Central/jets/2/energy in Skim_TriLep_DYJets10to50.root
2026-04-12 12:22:36,291 - INFO - [2022EE] MISSING_CENTRAL: ZFake3Mu/Central/jets/2/energy in Skim_TriLep_TTG_PTG10to100.root
2026-04-12 12:22:36,593 - INFO - [2023] MISSING_CENTRAL: ZFake3Mu/Central/jets/2/energy in Skim_TriLep_DYJets10to50.root
2026-04-12 12:22:36,594 - INFO - [2023] MISSING_CENTRAL: ZFake3Mu/Central/jets/2/energy in Skim_TriLep_TTG_PTG10to100.root
2026-04-12 12:22:36,594 - INFO - [2023] MISSING_CENTRAL: ZFake3Mu/Central/jets/2/energy in Skim_TriLep_TTG_PTG100to200.root
2026-04-12 12:22:36,595 - INFO - [2023] MISSING_CENTRAL: ZFake3Mu/Central/jets/2/energy in Skim_TriLep_TTG_PTG200toInf.root
2026-04-12 12:22:36,871 - INFO - [2023BPix] MISSING_CENTRAL: ZFake3Mu/Central/jets/2/energy in Skim_TriLep_DYJets10to50.root
2026-04-12 12:22:36,888 - INFO - [2023BPix] MISSING_CENTRAL: ZFake3Mu/Central/jets/2/energy in Skim_TriLep_TTG_PTG100to200.root
2026-04-12 12:22:36,889 - INFO - [2023BPix] MISSING_CENTRAL: ZFake3Mu/Central/jets/2/energy in Skim_TriLep_TTG_PTG200toInf.root
2026-04-12 12:42:15,077 - INFO - [2022] MISSING_CENTRAL: ZFake3Mu/Central/jets/2/energy in Skim_TriLep_DYJets10to50.root
2026-04-12 12:42:15,077 - INFO - [2022] MISSING_CENTRAL: ZFake3Mu/Central/jets/2/energy in Skim_TriLep_TTG_PTG10to100.root
2026-04-12 12:42:15,078 - INFO - [2022] MISSING_CENTRAL: ZFake3Mu/Central/jets/2/energy in Skim_TriLep_TTG_PTG100to200.root
2026-04-12 12:42:15,078 - INFO - [2022] MISSING_CENTRAL: ZFake3Mu/Central/jets/2/energy in Skim_TriLep_TTG_PTG200toInf.root
2026-04-12 12:42:15,323 - INFO - [2022EE] MISSING_CENTRAL: ZFake3Mu/Central/jets/2/energy in Skim_TriLep_DYJets10to50.root
2026-04-12 12:42:15,323 - INFO - [2022EE] MISSING_CENTRAL: ZFake3Mu/Central/jets/2/energy in Skim_TriLep_TTG_PTG10to100.root
2026-04-12 12:42:15,604 - INFO - [2023] MISSING_CENTRAL: ZFake3Mu/Central/jets/2/energy in Skim_TriLep_DYJets10to50.root
2026-04-12 12:42:15,605 - INFO - [2023] MISSING_CENTRAL: ZFake3Mu/Central/jets/2/energy in Skim_TriLep_TTG_PTG10to100.root
2026-04-12 12:42:15,606 - INFO - [2023] MISSING_CENTRAL: ZFake3Mu/Central/jets/2/energy in Skim_TriLep_TTG_PTG100to200.root
2026-04-12 12:42:15,606 - INFO - [2023] MISSING_CENTRAL: ZFake3Mu/Central/jets/2/energy in Skim_TriLep_TTG_PTG200toInf.root
2026-04-12 12:42:15,879 - INFO - [2023BPix] MISSING_CENTRAL: ZFake3Mu/Central/jets/2/energy in Skim_TriLep_DYJets10to50.root
2026-04-12 12:42:15,897 - INFO - [2023BPix] MISSING_CENTRAL: ZFake3Mu/Central/jets/2/energy in Skim_TriLep_TTG_PTG100to200.root
2026-04-12 12:42:15,898 - INFO - [2023BPix] MISSING_CENTRAL: ZFake3Mu/Central/jets/2/energy in Skim_TriLep_TTG_PTG200toInf.root
2026-04-12 20:50:25,347 - INFO - [2022] MISSING_CENTRAL: ZFake3Mu/Central/jets/2/energy in Skim_TriLep_DYJets10to50.root
2026-04-12 20:50:25,348 - INFO - [2022] MISSING_CENTRAL: ZFake3Mu/Central/jets/2/energy in Skim_TriLep_TTG_PTG10to100.root
2026-04-12 20:50:25,348 - INFO - [2022] MISSING_CENTRAL: ZFake3Mu/Central/jets/2/energy in Skim_TriLep_TTG_PTG100to200.root
2026-04-12 20:50:25,349 - INFO - [2022] MISSING_CENTRAL: ZFake3Mu/Central/jets/2/energy in Skim_TriLep_TTG_PTG200toInf.root
2026-04-12 20:50:25,597 - INFO - [2022EE] MISSING_CENTRAL: ZFake3Mu/Central/jets/2/energy in Skim_TriLep_DYJets10to50.root
2026-04-12 20:50:25,598 - INFO - [2022EE] MISSING_CENTRAL: ZFake3Mu/Central/jets/2/energy in Skim_TriLep_TTG_PTG10to100.root
2026-04-12 20:50:25,906 - INFO - [2023] MISSING_CENTRAL: ZFake3Mu/Central/jets/2/energy in Skim_TriLep_DYJets10to50.root
2026-04-12 20:50:25,907 - INFO - [2023] MISSING_CENTRAL: ZFake3Mu/Central/jets/2/energy in Skim_TriLep_TTG_PTG10to100.root
2026-04-12 20:50:25,908 - INFO - [2023] MISSING_CENTRAL: ZFake3Mu/Central/jets/2/energy in Skim_TriLep_TTG_PTG100to200.root
2026-04-12 20:50:25,908 - INFO - [2023] MISSING_CENTRAL: ZFake3Mu/Central/jets/2/energy in Skim_TriLep_TTG_PTG200toInf.root
2026-04-12 20:50:26,197 - INFO - [2023BPix] MISSING_CENTRAL: ZFake3Mu/Central/jets/2/energy in Skim_TriLep_DYJets10to50.root
2026-04-12 20:50:26,215 - INFO - [2023BPix] MISSING_CENTRAL: ZFake3Mu/Central/jets/2/energy in Skim_TriLep_TTG_PTG100to200.root
2026-04-12 20:50:26,216 - INFO - [2023BPix] MISSING_CENTRAL: ZFake3Mu/Central/jets/2/energy in Skim_TriLep_TTG_PTG200toInf.root
2026-04-12 21:21:58,669 - INFO - [2022] MISSING_CENTRAL: ZFake3Mu/Central/jets/2/energy in Skim_TriLep_DYJets10to50.root
2026-04-12 21:21:58,669 - INFO - [2022] MISSING_CENTRAL: ZFake3Mu/Central/jets/2/energy in Skim_TriLep_TTG_PTG10to100.root
2026-04-12 21:21:58,673 - INFO - [2022] MISSING_CENTRAL: ZFake3Mu/Central/jets/2/energy in Skim_TriLep_TTG_PTG100to200.root
2026-04-12 21:21:58,674 - INFO - [2022] MISSING_CENTRAL: ZFake3Mu/Central/jets/2/energy in Skim_TriLep_TTG_PTG200toInf.root
2026-04-12 21:21:58,961 - INFO - [2022EE] MISSING_CENTRAL: ZFake3Mu/Central/jets/2/energy in Skim_TriLep_DYJets10to50.root
2026-04-12 21:21:58,962 - INFO - [2022EE] MISSING_CENTRAL: ZFake3Mu/Central/jets/2/energy in Skim_TriLep_TTG_PTG10to100.root
2026-04-12 21:21:59,283 - INFO - [2023] MISSING_CENTRAL: ZFake3Mu/Central/jets/2/energy in Skim_TriLep_DYJets10to50.root
2026-04-12 21:21:59,283 - INFO - [2023] MISSING_CENTRAL: ZFake3Mu/Central/jets/2/energy in Skim_TriLep_TTG_PTG10to100.root
2026-04-12 21:21:59,284 - INFO - [2023] MISSING_CENTRAL: ZFake3Mu/Central/jets/2/energy in Skim_TriLep_TTG_PTG100to200.root
2026-04-12 21:21:59,285 - INFO - [2023] MISSING_CENTRAL: ZFake3Mu/Central/jets/2/energy in Skim_TriLep_TTG_PTG200toInf.root
2026-04-12 21:21:59,565 - INFO - [2023BPix] MISSING_CENTRAL: ZFake3Mu/Central/jets/2/energy in Skim_TriLep_DYJets10to50.root
2026-04-12 21:21:59,582 - INFO - [2023BPix] MISSING_CENTRAL: ZFake3Mu/Central/jets/2/energy in Skim_TriLep_TTG_PTG100to200.root
2026-04-12 21:21:59,583 - INFO - [2023BPix] MISSING_CENTRAL: ZFake3Mu/Central/jets/2/energy in Skim_TriLep_TTG_PTG200toInf.root
2026-04-13 12:59:48,352 - INFO - [2022] MISSING_CENTRAL: ZFake3Mu/Central/jets/2/energy in Skim_TriLep_DYJets10to50.root
2026-04-13 12:59:48,352 - INFO - [2022] MISSING_CENTRAL: ZFake3Mu/Central/jets/2/energy in Skim_TriLep_TTG_PTG10to100.root
2026-04-13 12:59:48,353 - INFO - [2022] MISSING_CENTRAL: ZFake3Mu/Central/jets/2/energy in Skim_TriLep_TTG_PTG100to200.root
2026-04-13 12:59:48,354 - INFO - [2022] MISSING_CENTRAL: ZFake3Mu/Central/jets/2/energy in Skim_TriLep_TTG_PTG200toInf.root
2026-04-13 12:59:48,693 - INFO - [2022EE] MISSING_CENTRAL: ZFake3Mu/Central/jets/2/energy in Skim_TriLep_DYJets10to50.root
2026-04-13 12:59:48,693 - INFO - [2022EE] MISSING_CENTRAL: ZFake3Mu/Central/jets/2/energy in Skim_TriLep_TTG_PTG10to100.root
2026-04-13 12:59:49,104 - INFO - [2023] MISSING_CENTRAL: ZFake3Mu/Central/jets/2/energy in Skim_TriLep_DYJets10to50.root
2026-04-13 12:59:49,104 - INFO - [2023] MISSING_CENTRAL: ZFake3Mu/Central/jets/2/energy in Skim_TriLep_TTG_PTG10to100.root
2026-04-13 12:59:49,105 - INFO - [2023] MISSING_CENTRAL: ZFake3Mu/Central/jets/2/energy in Skim_TriLep_TTG_PTG100to200.root
2026-04-13 12:59:49,106 - INFO - [2023] MISSING_CENTRAL: ZFake3Mu/Central/jets/2/energy in Skim_TriLep_TTG_PTG200toInf.root
2026-04-13 12:59:49,465 - INFO - [2023BPix] MISSING_CENTRAL: ZFake3Mu/Central/jets/2/energy in Skim_TriLep_DYJets10to50.root
2026-04-13 12:59:49,485 - INFO - [2023BPix] MISSING_CENTRAL: ZFake3Mu/Central/jets/2/energy in Skim_TriLep_TTG_PTG100to200.root
2026-04-13 12:59:49,486 - INFO - [2023BPix] MISSING_CENTRAL: ZFake3Mu/Central/jets/2/energy in Skim_TriLep_TTG_PTG200toInf.root
2026-04-16 17:42:19,981 - INFO - [2022] MISSING_CENTRAL: ZFake3Mu/Central/jets/2/energy in Skim_TriLep_DYJets10to50.root
2026-04-16 17:42:19,982 - INFO - [2022] MISSING_CENTRAL: ZFake3Mu/Central/jets/2/energy in Skim_TriLep_TTG_PTG10to100.root
2026-04-16 17:42:19,983 - INFO - [2022] MISSING_CENTRAL: ZFake3Mu/Central/jets/2/energy in Skim_TriLep_TTG_PTG100to200.root
2026-04-16 17:42:19,983 - INFO - [2022] MISSING_CENTRAL: ZFake3Mu/Central/jets/2/energy in Skim_TriLep_TTG_PTG200toInf.root
2026-04-16 17:42:20,314 - INFO - [2022EE] MISSING_CENTRAL: ZFake3Mu/Central/jets/2/energy in Skim_TriLep_DYJets10to50.root
2026-04-16 17:42:20,315 - INFO - [2022EE] MISSING_CENTRAL: ZFake3Mu/Central/jets/2/energy in Skim_TriLep_TTG_PTG10to100.root
2026-04-16 17:42:20,710 - INFO - [2023] MISSING_CENTRAL: ZFake3Mu/Central/jets/2/energy in Skim_TriLep_DYJets10to50.root
2026-04-16 17:42:20,711 - INFO - [2023] MISSING_CENTRAL: ZFake3Mu/Central/jets/2/energy in Skim_TriLep_TTG_PTG10to100.root
2026-04-16 17:42:20,712 - INFO - [2023] MISSING_CENTRAL: ZFake3Mu/Central/jets/2/energy in Skim_TriLep_TTG_PTG100to200.root
2026-04-16 17:42:20,712 - INFO - [2023] MISSING_CENTRAL: ZFake3Mu/Central/jets/2/energy in Skim_TriLep_TTG_PTG200toInf.root
2026-04-16 17:42:21,086 - INFO - [2023BPix] MISSING_CENTRAL: ZFake3Mu/Central/jets/2/energy in Skim_TriLep_DYJets10to50.root
2026-04-16 17:42:21,109 - INFO - [2023BPix] MISSING_CENTRAL: ZFake3Mu/Central/jets/2/energy in Skim_TriLep_TTG_PTG100to200.root
2026-04-16 17:42:21,110 - INFO - [2023BPix] MISSING_CENTRAL: ZFake3Mu/Central/jets/2/energy in Skim_TriLep_TTG_PTG200toInf.root
2026-04-28 15:21:05,405 - INFO - [2022] MISSING_CENTRAL: ZFake3Mu/Central/jets/2/energy in Skim_TriLep_DYJets10to50.root
2026-04-28 15:21:05,406 - INFO - [2022] MISSING_CENTRAL: ZFake3Mu/Central/jets/2/energy in Skim_TriLep_TTG_PTG10to100.root
2026-04-28 15:21:05,406 - INFO - [2022] MISSING_CENTRAL: ZFake3Mu/Central/jets/2/energy in Skim_TriLep_TTG_PTG100to200.root
2026-04-28 15:21:05,407 - INFO - [2022] MISSING_CENTRAL: ZFake3Mu/Central/jets/2/energy in Skim_TriLep_TTG_PTG200toInf.root
2026-04-28 15:21:05,716 - INFO - [2022EE] MISSING_CENTRAL: ZFake3Mu/Central/jets/2/energy in Skim_TriLep_DYJets10to50.root
2026-04-28 15:21:05,717 - INFO - [2022EE] MISSING_CENTRAL: ZFake3Mu/Central/jets/2/energy in Skim_TriLep_TTG_PTG10to100.root
2026-04-28 15:21:06,071 - INFO - [2023] MISSING_CENTRAL: ZFake3Mu/Central/jets/2/energy in Skim_TriLep_DYJets10to50.root
2026-04-28 15:21:06,072 - INFO - [2023] MISSING_CENTRAL: ZFake3Mu/Central/jets/2/energy in Skim_TriLep_TTG_PTG10to100.root
2026-04-28 15:21:06,072 - INFO - [2023] MISSING_CENTRAL: ZFake3Mu/Central/jets/2/energy in Skim_TriLep_TTG_PTG100to200.root
2026-04-28 15:21:06,073 - INFO - [2023] MISSING_CENTRAL: ZFake3Mu/Central/jets/2/energy in Skim_TriLep_TTG_PTG200toInf.root
2026-04-28 15:21:06,404 - INFO - [2023BPix] MISSING_CENTRAL: ZFake3Mu/Central/jets/2/energy in Skim_TriLep_DYJets10to50.root
2026-04-28 15:21:06,425 - INFO - [2023BPix] MISSING_CENTRAL: ZFake3Mu/Central/jets/2/energy in Skim_TriLep_TTG_PTG100to200.root
2026-04-28 15:21:06,426 - INFO - [2023BPix] MISSING_CENTRAL: ZFake3Mu/Central/jets/2/energy in Skim_TriLep_TTG_PTG200toInf.root
2026-04-28 20:34:12,294 - INFO - [2022] MISSING_CENTRAL: ZFake3Mu/Central/jets/2/energy in Skim_TriLep_DYJets10to50.root
2026-04-28 20:34:12,295 - INFO - [2022] MISSING_CENTRAL: ZFake3Mu/Central/jets/2/energy in Skim_TriLep_TTG_PTG10to100.root
2026-04-28 20:34:12,295 - INFO - [2022] MISSING_CENTRAL: ZFake3Mu/Central/jets/2/energy in Skim_TriLep_TTG_PTG100to200.root
2026-04-28 20:34:12,296 - INFO - [2022] MISSING_CENTRAL: ZFake3Mu/Central/jets/2/energy in Skim_TriLep_TTG_PTG200toInf.root
2026-04-28 20:34:12,614 - INFO - [2022EE] MISSING_CENTRAL: ZFake3Mu/Central/jets/2/energy in Skim_TriLep_DYJets10to50.root
2026-04-28 20:34:12,614 - INFO - [2022EE] MISSING_CENTRAL: ZFake3Mu/Central/jets/2/energy in Skim_TriLep_TTG_PTG10to100.root
2026-04-28 20:34:12,981 - INFO - [2023] MISSING_CENTRAL: ZFake3Mu/Central/jets/2/energy in Skim_TriLep_DYJets10to50.root
2026-04-28 20:34:12,981 - INFO - [2023] MISSING_CENTRAL: ZFake3Mu/Central/jets/2/energy in Skim_TriLep_TTG_PTG10to100.root
2026-04-28 20:34:12,982 - INFO - [2023] MISSING_CENTRAL: ZFake3Mu/Central/jets/2/energy in Skim_TriLep_TTG_PTG100to200.root
2026-04-28 20:34:12,983 - INFO - [2023] MISSING_CENTRAL: ZFake3Mu/Central/jets/2/energy in Skim_TriLep_TTG_PTG200toInf.root
2026-04-28 20:34:13,297 - INFO - [2023BPix] MISSING_CENTRAL: ZFake3Mu/Central/jets/2/energy in Skim_TriLep_DYJets10to50.root
2026-04-28 20:34:13,317 - INFO - [2023BPix] MISSING_CENTRAL: ZFake3Mu/Central/jets/2/energy in Skim_TriLep_TTG_PTG100to200.root
2026-04-28 20:34:13,319 - INFO - [2023BPix] MISSING_CENTRAL: ZFake3Mu/Central/jets/2/energy in Skim_TriLep_TTG_PTG200toInf.root
2026-05-04 15:40:49,629 - INFO - [2022] MISSING_CENTRAL: ZFake3Mu/Central/jets/2/energy in Skim_TriLep_DYJets10to50.root
2026-05-04 15:40:49,629 - INFO - [2022] MISSING_CENTRAL: ZFake3Mu/Central/jets/2/energy in Skim_TriLep_TTG_PTG10to100.root
2026-05-04 15:40:49,630 - INFO - [2022] MISSING_CENTRAL: ZFake3Mu/Central/jets/2/energy in Skim_TriLep_TTG_PTG100to200.root
2026-05-04 15:40:49,630 - INFO - [2022] MISSING_CENTRAL: ZFake3Mu/Central/jets/2/energy in Skim_TriLep_TTG_PTG200toInf.root
2026-05-04 15:40:49,959 - INFO - [2022EE] MISSING_CENTRAL: ZFake3Mu/Central/jets/2/energy in Skim_TriLep_DYJets10to50.root
2026-05-04 15:40:49,959 - INFO - [2022EE] MISSING_CENTRAL: ZFake3Mu/Central/jets/2/energy in Skim_TriLep_TTG_PTG10to100.root
2026-05-04 15:40:50,341 - INFO - [2023] MISSING_CENTRAL: ZFake3Mu/Central/jets/2/energy in Skim_TriLep_DYJets10to50.root
2026-05-04 15:40:50,342 - INFO - [2023] MISSING_CENTRAL: ZFake3Mu/Central/jets/2/energy in Skim_TriLep_TTG_PTG10to100.root
2026-05-04 15:40:50,342 - INFO - [2023] MISSING_CENTRAL: ZFake3Mu/Central/jets/2/energy in Skim_TriLep_TTG_PTG100to200.root
2026-05-04 15:40:50,343 - INFO - [2023] MISSING_CENTRAL: ZFake3Mu/Central/jets/2/energy in Skim_TriLep_TTG_PTG200toInf.root
2026-05-04 15:40:50,638 - INFO - [2023BPix] MISSING_CENTRAL: ZFake3Mu/Central/jets/2/energy in Skim_TriLep_DYJets10to50.root
2026-05-04 15:40:50,659 - INFO - [2023BPix] MISSING_CENTRAL: ZFake3Mu/Central/jets/2/energy in Skim_TriLep_TTG_PTG100to200.root
2026-05-04 15:40:50,660 - INFO - [2023BPix] MISSING_CENTRAL: ZFake3Mu/Central/jets/2/energy in Skim_TriLep_TTG_PTG200toInf.root
2026-05-04 16:04:51,593 - INFO - [2022] MISSING_CENTRAL: ZFake3Mu/Central/jets/2/energy in Skim_TriLep_DYJets10to50.root
2026-05-04 16:04:51,593 - INFO - [2022] MISSING_CENTRAL: ZFake3Mu/Central/jets/2/energy in Skim_TriLep_TTG_PTG10to100.root
2026-05-04 16:04:51,594 - INFO - [2022] MISSING_CENTRAL: ZFake3Mu/Central/jets/2/energy in Skim_TriLep_TTG_PTG100to200.root
2026-05-04 16:04:51,594 - INFO - [2022] MISSING_CENTRAL: ZFake3Mu/Central/jets/2/energy in Skim_TriLep_TTG_PTG200toInf.root
2026-05-04 16:04:51,925 - INFO - [2022EE] MISSING_CENTRAL: ZFake3Mu/Central/jets/2/energy in Skim_TriLep_DYJets10to50.root
2026-05-04 16:04:51,926 - INFO - [2022EE] MISSING_CENTRAL: ZFake3Mu/Central/jets/2/energy in Skim_TriLep_TTG_PTG10to100.root
2026-05-04 16:04:52,323 - INFO - [2023] MISSING_CENTRAL: ZFake3Mu/Central/jets/2/energy in Skim_TriLep_DYJets10to50.root
2026-05-04 16:04:52,325 - INFO - [2023] MISSING_CENTRAL: ZFake3Mu/Central/jets/2/energy in Skim_TriLep_TTG_PTG10to100.root
2026-05-04 16:04:52,326 - INFO - [2023] MISSING_CENTRAL: ZFake3Mu/Central/jets/2/energy in Skim_TriLep_TTG_PTG100to200.root
2026-05-04 16:04:52,326 - INFO - [2023] MISSING_CENTRAL: ZFake3Mu/Central/jets/2/energy in Skim_TriLep_TTG_PTG200toInf.root
2026-05-04 16:04:52,662 - INFO - [2023BPix] MISSING_CENTRAL: ZFake3Mu/Central/jets/2/energy in Skim_TriLep_DYJets10to50.root
2026-05-04 16:04:52,680 - INFO - [2023BPix] MISSING_CENTRAL: ZFake3Mu/Central/jets/2/energy in Skim_TriLep_TTG_PTG100to200.root
2026-05-04 16:04:52,681 - INFO - [2023BPix] MISSING_CENTRAL: ZFake3Mu/Central/jets/2/energy in Skim_TriLep_TTG_PTG200toInf.root
2026-05-04 17:11:43,619 - INFO - [2022] MISSING_CENTRAL: ZFake3Mu/Central/jets/2/energy in Skim_TriLep_DYJets10to50.root
2026-05-04 17:11:43,620 - INFO - [2022] MISSING_CENTRAL: ZFake3Mu/Central/jets/2/energy in Skim_TriLep_TTG_PTG10to100.root
2026-05-04 17:11:43,620 - INFO - [2022] MISSING_CENTRAL: ZFake3Mu/Central/jets/2/energy in Skim_TriLep_TTG_PTG100to200.root
2026-05-04 17:11:43,621 - INFO - [2022] MISSING_CENTRAL: ZFake3Mu/Central/jets/2/energy in Skim_TriLep_TTG_PTG200toInf.root
2026-05-04 17:11:44,001 - INFO - [2022EE] MISSING_CENTRAL: ZFake3Mu/Central/jets/2/energy in Skim_TriLep_DYJets10to50.root
2026-05-04 17:11:44,002 - INFO - [2022EE] MISSING_CENTRAL: ZFake3Mu/Central/jets/2/energy in Skim_TriLep_TTG_PTG10to100.root
2026-05-04 17:11:44,372 - INFO - [2023] MISSING_CENTRAL: ZFake3Mu/Central/jets/2/energy in Skim_TriLep_DYJets10to50.root
2026-05-04 17:11:44,373 - INFO - [2023] MISSING_CENTRAL: ZFake3Mu/Central/jets/2/energy in Skim_TriLep_TTG_PTG10to100.root
2026-05-04 17:11:44,374 - INFO - [2023] MISSING_CENTRAL: ZFake3Mu/Central/jets/2/energy in Skim_TriLep_TTG_PTG100to200.root
2026-05-04 17:11:44,374 - INFO - [2023] MISSING_CENTRAL: ZFake3Mu/Central/jets/2/energy in Skim_TriLep_TTG_PTG200toInf.root
2026-05-04 17:11:44,717 - INFO - [2023BPix] MISSING_CENTRAL: ZFake3Mu/Central/jets/2/energy in Skim_TriLep_DYJets10to50.root
2026-05-04 17:11:44,737 - INFO - [2023BPix] MISSING_CENTRAL: ZFake3Mu/Central/jets/2/energy in Skim_TriLep_TTG_PTG100to200.root
2026-05-04 17:11:44,738 - INFO - [2023BPix] MISSING_CENTRAL: ZFake3Mu/Central/jets/2/energy in Skim_TriLep_TTG_PTG200toInf.root
2026-05-28 15:48:25,963 - INFO - [2022] MISSING_CENTRAL: ZFake3Mu/Central/jets/2/energy in Skim_TriLep_DYJets10to50.root
2026-05-28 15:48:25,964 - INFO - [2022] MISSING_CENTRAL: ZFake3Mu/Central/jets/2/energy in Skim_TriLep_TTG_PTG10to100.root
2026-05-28 15:48:25,965 - INFO - [2022] MISSING_CENTRAL: ZFake3Mu/Central/jets/2/energy in Skim_TriLep_TTG_PTG100to200.root
2026-05-28 15:48:25,966 - INFO - [2022] MISSING_CENTRAL: ZFake3Mu/Central/jets/2/energy in Skim_TriLep_TTG_PTG200toInf.root
2026-05-28 15:48:26,501 - INFO - [2022EE] MISSING_CENTRAL: ZFake3Mu/Central/jets/2/energy in Skim_TriLep_DYJets10to50.root
2026-05-28 15:48:26,502 - INFO - [2022EE] MISSING_CENTRAL: ZFake3Mu/Central/jets/2/energy in Skim_TriLep_TTG_PTG10to100.root
2026-05-28 15:48:27,194 - INFO - [2023] MISSING_CENTRAL: ZFake3Mu/Central/jets/2/energy in Skim_TriLep_DYJets10to50.root
2026-05-28 15:48:27,202 - INFO - [2023] MISSING_CENTRAL: ZFake3Mu/Central/jets/2/energy in Skim_TriLep_TTG_PTG10to100.root
2026-05-28 15:48:27,211 - INFO - [2023] MISSING_CENTRAL: ZFake3Mu/Central/jets/2/energy in Skim_TriLep_TTG_PTG100to200.root
2026-05-28 15:48:27,215 - INFO - [2023] MISSING_CENTRAL: ZFake3Mu/Central/jets/2/energy in Skim_TriLep_TTG_PTG200toInf.root
2026-05-28 15:48:27,809 - INFO - [2023BPix] MISSING_CENTRAL: ZFake3Mu/Central/jets/2/energy in Skim_TriLep_DYJets10to50.root
2026-05-28 15:48:27,844 - INFO - [2023BPix] MISSING_CENTRAL: ZFake3Mu/Central/jets/2/energy in Skim_TriLep_TTG_PTG100to200.root
2026-05-28 15:48:27,846 - INFO - [2023BPix] MISSING_CENTRAL: ZFake3Mu/Central/jets/2/energy in Skim_TriLep_TTG_PTG200toInf.root
2026-05-29 15:21:57,211 - INFO - [2022] MISSING_CENTRAL: ZFake3Mu/Central/jets/2/energy in Skim_TriLep_DYJets10to50.root
2026-05-29 15:21:57,212 - INFO - [2022] MISSING_CENTRAL: ZFake3Mu/Central/jets/2/energy in Skim_TriLep_TTG_PTG10to100.root
2026-05-29 15:21:57,212 - INFO - [2022] MISSING_CENTRAL: ZFake3Mu/Central/jets/2/energy in Skim_TriLep_TTG_PTG100to200.root
2026-05-29 15:21:57,213 - INFO - [2022] MISSING_CENTRAL: ZFake3Mu/Central/jets/2/energy in Skim_TriLep_TTG_PTG200toInf.root
2026-05-29 15:21:57,473 - INFO - [2022EE] MISSING_CENTRAL: ZFake3Mu/Central/jets/2/energy in Skim_TriLep_DYJets10to50.root
2026-05-29 15:21:57,474 - INFO - [2022EE] MISSING_CENTRAL: ZFake3Mu/Central/jets/2/energy in Skim_TriLep_TTG_PTG10to100.root
2026-05-29 15:21:57,787 - INFO - [2023] MISSING_CENTRAL: ZFake3Mu/Central/jets/2/energy in Skim_TriLep_DYJets10to50.root
2026-05-29 15:21:57,787 - INFO - [2023] MISSING_CENTRAL: ZFake3Mu/Central/jets/2/energy in Skim_TriLep_TTG_PTG10to100.root
2026-05-29 15:21:57,788 - INFO - [2023] MISSING_CENTRAL: ZFake3Mu/Central/jets/2/energy in Skim_TriLep_TTG_PTG100to200.root
2026-05-29 15:21:57,788 - INFO - [2023] MISSING_CENTRAL: ZFake3Mu/Central/jets/2/energy in Skim_TriLep_TTG_PTG200toInf.root
2026-05-29 15:21:58,082 - INFO - [2023BPix] MISSING_CENTRAL: ZFake3Mu/Central/jets/2/energy in Skim_TriLep_DYJets10to50.root
2026-05-29 15:21:58,103 - INFO - [2023BPix] MISSING_CENTRAL: ZFake3Mu/Central/jets/2/energy in Skim_TriLep_TTG_PTG100to200.root
2026-05-29 15:21:58,104 - INFO - [2023BPix] MISSING_CENTRAL: ZFake3Mu/Central/jets/2/energy in Skim_TriLep_TTG_PTG200toInf.root
2026-05-29 15:39:26,370 - INFO - [2022] MISSING_CENTRAL: ZFake3Mu/Central/jets/2/energy in Skim_TriLep_DYJets10to50.root
2026-05-29 15:39:26,370 - INFO - [2022] MISSING_CENTRAL: ZFake3Mu/Central/jets/2/energy in Skim_TriLep_TTG_PTG10to100.root
2026-05-29 15:39:26,371 - INFO - [2022] MISSING_CENTRAL: ZFake3Mu/Central/jets/2/energy in Skim_TriLep_TTG_PTG100to200.root
2026-05-29 15:39:26,372 - INFO - [2022] MISSING_CENTRAL: ZFake3Mu/Central/jets/2/energy in Skim_TriLep_TTG_PTG200toInf.root
2026-05-29 15:39:26,684 - INFO - [2022EE] MISSING_CENTRAL: ZFake3Mu/Central/jets/2/energy in Skim_TriLep_DYJets10to50.root
2026-05-29 15:39:26,685 - INFO - [2022EE] MISSING_CENTRAL: ZFake3Mu/Central/jets/2/energy in Skim_TriLep_TTG_PTG10to100.root
2026-05-29 15:39:27,038 - INFO - [2023] MISSING_CENTRAL: ZFake3Mu/Central/jets/2/energy in Skim_TriLep_DYJets10to50.root
2026-05-29 15:39:27,039 - INFO - [2023] MISSING_CENTRAL: ZFake3Mu/Central/jets/2/energy in Skim_TriLep_TTG_PTG10to100.root
2026-05-29 15:39:27,039 - INFO - [2023] MISSING_CENTRAL: ZFake3Mu/Central/jets/2/energy in Skim_TriLep_TTG_PTG100to200.root
2026-05-29 15:39:27,040 - INFO - [2023] MISSING_CENTRAL: ZFake3Mu/Central/jets/2/energy in Skim_TriLep_TTG_PTG200toInf.root
2026-05-29 15:39:27,363 - INFO - [2023BPix] MISSING_CENTRAL: ZFake3Mu/Central/jets/2/energy in Skim_TriLep_DYJets10to50.root
2026-05-29 15:39:27,383 - INFO - [2023BPix] MISSING_CENTRAL: ZFake3Mu/Central/jets/2/energy in Skim_TriLep_TTG_PTG100to200.root
2026-05-29 15:39:27,384 - INFO - [2023BPix] MISSING_CENTRAL: ZFake3Mu/Central/jets/2/energy in Skim_TriLep_TTG_PTG200toInf.root
2026-05-29 18:30:49,042 - INFO - [2022] MISSING_CENTRAL: ZFake3Mu/Central/jets/2/energy in Skim_TriLep_DYJets10to50.root
2026-05-29 18:30:49,042 - INFO - [2022] MISSING_CENTRAL: ZFake3Mu/Central/jets/2/energy in Skim_TriLep_TTG_PTG10to100.root
2026-05-29 18:30:49,043 - INFO - [2022] MISSING_CENTRAL: ZFake3Mu/Central/jets/2/energy in Skim_TriLep_TTG_PTG100to200.root
2026-05-29 18:30:49,044 - INFO - [2022] MISSING_CENTRAL: ZFake3Mu/Central/jets/2/energy in Skim_TriLep_TTG_PTG200toInf.root
2026-05-29 18:30:49,368 - INFO - [2022EE] MISSING_CENTRAL: ZFake3Mu/Central/jets/2/energy in Skim_TriLep_DYJets10to50.root
2026-05-29 18:30:49,369 - INFO - [2022EE] MISSING_CENTRAL: ZFake3Mu/Central/jets/2/energy in Skim_TriLep_TTG_PTG10to100.root
2026-05-29 18:30:49,751 - INFO - [2023] MISSING_CENTRAL: ZFake3Mu/Central/jets/2/energy in Skim_TriLep_DYJets10to50.root
2026-05-29 18:30:49,752 - INFO - [2023] MISSING_CENTRAL: ZFake3Mu/Central/jets/2/energy in Skim_TriLep_TTG_PTG10to100.root
2026-05-29 18:30:49,752 - INFO - [2023] MISSING_CENTRAL: ZFake3Mu/Central/jets/2/energy in Skim_TriLep_TTG_PTG100to200.root
2026-05-29 18:30:49,753 - INFO - [2023] MISSING_CENTRAL: ZFake3Mu/Central/jets/2/energy in Skim_TriLep_TTG_PTG200toInf.root
2026-05-29 18:30:50,092 - INFO - [2023BPix] MISSING_CENTRAL: ZFake3Mu/Central/jets/2/energy in Skim_TriLep_DYJets10to50.root
2026-05-29 18:30:50,113 - INFO - [2023BPix] MISSING_CENTRAL: ZFake3Mu/Central/jets/2/energy in Skim_TriLep_TTG_PTG100to200.root
2026-05-29 18:30:50,114 - INFO - [2023BPix] MISSING_CENTRAL: ZFake3Mu/Central/jets/2/energy in Skim_TriLep_TTG_PTG200toInf.root
2026-06-12 14:35:07,867 - INFO - [2022] MISSING_CENTRAL: ZFake3Mu/Central/jets/2/energy in Skim_TriLep_DYJets10to50.root
2026-06-12 14:35:07,868 - INFO - [2022] MISSING_CENTRAL: ZFake3Mu/Central/jets/2/energy in Skim_TriLep_TTG_PTG10to100.root
2026-06-12 14:35:07,868 - INFO - [2022] MISSING_CENTRAL: ZFake3Mu/Central/jets/2/energy in Skim_TriLep_TTG_PTG100to200.root
2026-06-12 14:35:07,869 - INFO - [2022] MISSING_CENTRAL: ZFake3Mu/Central/jets/2/energy in Skim_TriLep_TTG_PTG200toInf.root
2026-06-12 14:35:08,197 - INFO - [2022EE] MISSING_CENTRAL: ZFake3Mu/Central/jets/2/energy in Skim_TriLep_DYJets10to50.root
2026-06-12 14:35:08,197 - INFO - [2022EE] MISSING_CENTRAL: ZFake3Mu/Central/jets/2/energy in Skim_TriLep_TTG_PTG10to100.root
2026-06-12 14:35:08,584 - INFO - [2023] MISSING_CENTRAL: ZFake3Mu/Central/jets/2/energy in Skim_TriLep_DYJets10to50.root
2026-06-12 14:35:08,585 - INFO - [2023] MISSING_CENTRAL: ZFake3Mu/Central/jets/2/energy in Skim_TriLep_TTG_PTG10to100.root
2026-06-12 14:35:08,586 - INFO - [2023] MISSING_CENTRAL: ZFake3Mu/Central/jets/2/energy in Skim_TriLep_TTG_PTG100to200.root
2026-06-12 14:35:08,586 - INFO - [2023] MISSING_CENTRAL: ZFake3Mu/Central/jets/2/energy in Skim_TriLep_TTG_PTG200toInf.root
2026-06-12 14:35:08,915 - INFO - [2023BPix] MISSING_CENTRAL: ZFake3Mu/Central/jets/2/energy in Skim_TriLep_DYJets10to50.root
2026-06-12 14:35:08,935 - INFO - [2023BPix] MISSING_CENTRAL: ZFake3Mu/Central/jets/2/energy in Skim_TriLep_TTG_PTG100to200.root
2026-06-12 14:35:08,936 - INFO - [2023BPix] MISSING_CENTRAL: ZFake3Mu/Central/jets/2/energy in Skim_TriLep_TTG_PTG200toInf.root
2026-06-18 00:29:53,505 - INFO - [2022] MISSING_CENTRAL: ZFake3Mu/Central/jets/2/energy in Skim_TriLep_DYJets10to50.root
2026-06-18 00:29:53,507 - INFO - [2022] MISSING_CENTRAL: ZFake3Mu/Central/jets/2/energy in Skim_TriLep_TTG_PTG10to100.root
2026-06-18 00:29:53,508 - INFO - [2022] MISSING_CENTRAL: ZFake3Mu/Central/jets/2/energy in Skim_TriLep_TTG_PTG100to200.root
2026-06-18 00:29:53,508 - INFO - [2022] MISSING_CENTRAL: ZFake3Mu/Central/jets/2/energy in Skim_TriLep_TTG_PTG200toInf.root
2026-06-18 00:29:53,888 - INFO - [2022EE] MISSING_CENTRAL: ZFake3Mu/Central/jets/2/energy in Skim_TriLep_DYJets10to50.root
2026-06-18 00:29:53,888 - INFO - [2022EE] MISSING_CENTRAL: ZFake3Mu/Central/jets/2/energy in Skim_TriLep_TTG_PTG10to100.root
2026-06-18 00:29:54,310 - INFO - [2023] MISSING_CENTRAL: ZFake3Mu/Central/jets/2/energy in Skim_TriLep_DYJets10to50.root
2026-06-18 00:29:54,311 - INFO - [2023] MISSING_CENTRAL: ZFake3Mu/Central/jets/2/energy in Skim_TriLep_TTG_PTG10to100.root
2026-06-18 00:29:54,311 - INFO - [2023] MISSING_CENTRAL: ZFake3Mu/Central/jets/2/energy in Skim_TriLep_TTG_PTG100to200.root
2026-06-18 00:29:54,312 - INFO - [2023] MISSING_CENTRAL: ZFake3Mu/Central/jets/2/energy in Skim_TriLep_TTG_PTG200toInf.root
2026-06-18 00:29:54,657 - INFO - [2023BPix] MISSING_CENTRAL: ZFake3Mu/Central/jets/2/energy in Skim_TriLep_DYJets10to50.root
2026-06-18 00:29:54,678 - INFO - [2023BPix] MISSING_CENTRAL: ZFake3Mu/Central/jets/2/energy in Skim_TriLep_TTG_PTG100to200.root
2026-06-18 00:29:54,679 - INFO - [2023BPix] MISSING_CENTRAL: ZFake3Mu/Central/jets/2/energy in Skim_TriLep_TTG_PTG200toInf.root
2026-07-01 17:44:22,550 - INFO - [2022] MISSING_CENTRAL: ZFake3Mu/Central/jets/2/energy in Skim_TriLep_DYJets10to50.root
2026-07-01 17:44:22,551 - INFO - [2022] MISSING_CENTRAL: ZFake3Mu/Central/jets/2/energy in Skim_TriLep_TTG_PTG10to100.root
2026-07-01 17:44:22,552 - INFO - [2022] MISSING_CENTRAL: ZFake3Mu/Central/jets/2/energy in Skim_TriLep_TTG_PTG100to200.root
2026-07-01 17:44:22,559 - INFO - [2022] MISSING_CENTRAL: ZFake3Mu/Central/jets/2/energy in Skim_TriLep_TTG_PTG200toInf.root
2026-07-01 17:44:23,488 - INFO - [2022EE] MISSING_CENTRAL: ZFake3Mu/Central/jets/2/energy in Skim_TriLep_DYJets10to50.root
2026-07-01 17:44:23,491 - INFO - [2022EE] MISSING_CENTRAL: ZFake3Mu/Central/jets/2/energy in Skim_TriLep_TTG_PTG10to100.root
2026-07-01 17:44:24,254 - INFO - [2023] MISSING_CENTRAL: ZFake3Mu/Central/jets/2/energy in Skim_TriLep_DYJets10to50.root
2026-07-01 17:44:24,256 - INFO - [2023] MISSING_CENTRAL: ZFake3Mu/Central/jets/2/energy in Skim_TriLep_TTG_PTG10to100.root
2026-07-01 17:44:24,257 - INFO - [2023] MISSING_CENTRAL: ZFake3Mu/Central/jets/2/energy in Skim_TriLep_TTG_PTG100to200.root
2026-07-01 17:44:24,259 - INFO - [2023] MISSING_CENTRAL: ZFake3Mu/Central/jets/2/energy in Skim_TriLep_TTG_PTG200toInf.root
2026-07-01 17:44:24,948 - INFO - [2023BPix] MISSING_CENTRAL: ZFake3Mu/Central/jets/2/energy in Skim_TriLep_DYJets10to50.root
2026-07-01 17:44:24,982 - INFO - [2023BPix] MISSING_CENTRAL: ZFake3Mu/Central/jets/2/energy in Skim_TriLep_TTG_PTG100to200.root
2026-07-01 17:44:24,984 - INFO - [2023BPix] MISSING_CENTRAL: ZFake3Mu/Central/jets/2/energy in Skim_TriLep_TTG_PTG200toInf.root
2026-07-21 19:43:50,268 - INFO - [2022] MISSING_CENTRAL: ZFake3Mu/Central/jets/2/energy in Skim_TriLep_DYJets10to50.root
2026-07-21 19:43:50,269 - INFO - [2022] MISSING_CENTRAL: ZFake3Mu/Central/jets/2/energy in Skim_TriLep_TTG_PTG10to100.root
2026-07-21 19:43:50,269 - INFO - [2022] MISSING_CENTRAL: ZFake3Mu/Central/jets/2/energy in Skim_TriLep_TTG_PTG100to200.root
2026-07-21 19:43:50,269 - INFO - [2022] MISSING_CENTRAL: ZFake3Mu/Central/jets/2/energy in Skim_TriLep_TTG_PTG200toInf.root
2026-07-21 19:43:50,700 - INFO - [2022EE] MISSING_CENTRAL: ZFake3Mu/Central/jets/2/energy in Skim_TriLep_DYJets10to50.root
2026-07-21 19:43:50,700 - INFO - [2022EE] MISSING_CENTRAL: ZFake3Mu/Central/jets/2/energy in Skim_TriLep_TTG_PTG10to100.root
2026-07-21 19:43:51,236 - INFO - [2023] MISSING_CENTRAL: ZFake3Mu/Central/jets/2/energy in Skim_TriLep_DYJets10to50.root
2026-07-21 19:43:51,237 - INFO - [2023] MISSING_CENTRAL: ZFake3Mu/Central/jets/2/energy in Skim_TriLep_TTG_PTG10to100.root
2026-07-21 19:43:51,238 - INFO - [2023] MISSING_CENTRAL: ZFake3Mu/Central/jets/2/energy in Skim_TriLep_TTG_PTG100to200.root
2026-07-21 19:43:51,238 - INFO - [2023] MISSING_CENTRAL: ZFake3Mu/Central/jets/2/energy in Skim_TriLep_TTG_PTG200toInf.root
2026-07-21 19:43:51,801 - INFO - [2023BPix] MISSING_CENTRAL: ZFake3Mu/Central/jets/2/energy in Skim_TriLep_DYJets10to50.root
2026-07-21 19:43:51,834 - INFO - [2023BPix] MISSING_CENTRAL: ZFake3Mu/Central/jets/2/energy in Skim_TriLep_TTG_PTG100to200.root
2026-07-21 19:43:51,836 - INFO - [2023BPix] MISSING_CENTRAL: ZFake3Mu/Central/jets/2/energy in Skim_TriLep_TTG_PTG200toInf.root
