2025-09-24 16:08:03,283 - INFO - [2022] MISSING_CENTRAL: ZFake3Mu/Central/muons/3/px in Skim_TriLep_DYJets10to50.root
2025-09-24 16:08:03,283 - INFO - [2022] MISSING_CENTRAL: ZFake3Mu/Central/muons/3/px in Skim_TriLep_DYGTo2LG_MLL4to50_PTG10to100.root
2025-09-24 16:08:03,283 - INFO - [2022] MISSING_CENTRAL: ZFake3Mu/Central/muons/3/px in Skim_TriLep_DYGTo2LG_MLL4to50_PTG100to200.root
2025-09-24 16:08:03,283 - INFO - [2022] MISSING_CENTRAL: ZFake3Mu/Central/muons/3/px in Skim_TriLep_DYGTo2LG_MLL4to50_PTG200toInf.root
2025-09-24 16:08:03,297 - INFO - [2022] MISSING_CENTRAL: ZFake3Mu/Central/muons/3/px in Skim_TriLep_DYGTo2LG_MLL50_PTG100to200.root
2025-09-24 16:08:03,297 - INFO - [2022] MISSING_CENTRAL: ZFake3Mu/Central/muons/3/px in Skim_TriLep_DYGTo2LG_MLL50_PTG200toInf.root
2025-09-24 16:08:03,441 - INFO - [2022] MISSING_CENTRAL: ZFake3Mu/Central/muons/3/px in Skim_TriLep_TTG_PTG100to200.root
2025-09-24 16:08:03,443 - INFO - [2022] MISSING_CENTRAL: ZFake3Mu/Central/muons/3/px in Skim_TriLep_TTG_PTG200toInf.root
2025-09-24 16:08:03,787 - INFO - [2022EE] MISSING_CENTRAL: ZFake3Mu/Central/muons/3/px in Skim_TriLep_DYJets10to50.root
2025-09-24 16:08:03,788 - INFO - [2022EE] MISSING_CENTRAL: ZFake3Mu/Central/muons/3/px in Skim_TriLep_DYGTo2LG_MLL4to50_PTG10to100.root
2025-09-24 16:08:03,788 - INFO - [2022EE] MISSING_CENTRAL: ZFake3Mu/Central/muons/3/px in Skim_TriLep_DYGTo2LG_MLL4to50_PTG100to200.root
2025-09-24 16:08:04,162 - INFO - [2023] MISSING_CENTRAL: ZFake3Mu/Central/muons/3/px in Skim_TriLep_DYJets10to50.root
2025-09-24 16:08:04,162 - INFO - [2023] MISSING_CENTRAL: ZFake3Mu/Central/muons/3/px in Skim_TriLep_DYGTo2LG_MLL4to50_PTG10to100.root
2025-09-24 16:08:04,582 - INFO - [2023] MISSING_CENTRAL: ZFake3Mu/Central/muons/3/px in Skim_TriLep_TTG_PTG100to200.root
2025-09-24 16:08:04,583 - INFO - [2023] MISSING_CENTRAL: ZFake3Mu/Central/muons/3/px in Skim_TriLep_TTG_PTG200toInf.root
2025-09-24 16:08:05,142 - INFO - [2023BPix] MISSING_SYSTEMATIC: ZFake3Mu/JetEn_Down/muons/3/px in Skim_TriLep_DYJets.root
2025-09-24 16:08:05,377 - INFO - [2023BPix] MISSING_CENTRAL: ZFake3Mu/Central/muons/3/px in Skim_TriLep_DYJets10to50.root
2025-09-24 16:08:05,562 - INFO - [2023BPix] MISSING_CENTRAL: ZFake3Mu/Central/muons/3/px in Skim_TriLep_TTG_PTG200toInf.root
2025-10-02 21:23:42,367 - INFO - [2022] MISSING_CENTRAL: ZFake3Mu/Central/muons/3/px in Skim_TriLep_DYJets10to50.root
2025-10-02 21:23:42,368 - INFO - [2022] MISSING_CENTRAL: ZFake3Mu/Central/muons/3/px in Skim_TriLep_DYGTo2LG_MLL4to50_PTG10to100.root
2025-10-02 21:23:42,386 - INFO - [2022] MISSING_CENTRAL: ZFake3Mu/Central/muons/3/px in Skim_TriLep_DYGTo2LG_MLL4to50_PTG100to200.root
2025-10-02 21:23:42,393 - INFO - [2022] MISSING_CENTRAL: ZFake3Mu/Central/muons/3/px in Skim_TriLep_DYGTo2LG_MLL4to50_PTG200toInf.root
2025-10-02 21:23:42,457 - INFO - [2022] MISSING_CENTRAL: ZFake3Mu/Central/muons/3/px in Skim_TriLep_DYGTo2LG_MLL50_PTG100to200.root
2025-10-02 21:23:42,463 - INFO - [2022] MISSING_CENTRAL: ZFake3Mu/Central/muons/3/px in Skim_TriLep_DYGTo2LG_MLL50_PTG200toInf.root
2025-10-02 21:23:42,515 - INFO - [2022] MISSING_CENTRAL: ZFake3Mu/Central/muons/3/px in Skim_TriLep_TTG_PTG100to200.root
2025-10-02 21:23:42,516 - INFO - [2022] MISSING_CENTRAL: ZFake3Mu/Central/muons/3/px in Skim_TriLep_TTG_PTG200toInf.root
2025-10-02 21:23:42,933 - INFO - [2022EE] MISSING_CENTRAL: ZFake3Mu/Central/muons/3/px in Skim_TriLep_DYJets10to50.root
2025-10-02 21:23:42,934 - INFO - [2022EE] MISSING_CENTRAL: ZFake3Mu/Central/muons/3/px in Skim_TriLep_DYGTo2LG_MLL4to50_PTG10to100.root
2025-10-02 21:23:42,935 - INFO - [2022EE] MISSING_CENTRAL: ZFake3Mu/Central/muons/3/px in Skim_TriLep_DYGTo2LG_MLL4to50_PTG100to200.root
2025-10-02 21:23:43,555 - INFO - [2023] MISSING_CENTRAL: ZFake3Mu/Central/muons/3/px in Skim_TriLep_DYJets10to50.root
2025-10-02 21:23:43,557 - INFO - [2023] MISSING_CENTRAL: ZFake3Mu/Central/muons/3/px in Skim_TriLep_DYGTo2LG_MLL4to50_PTG10to100.root
2025-10-02 21:23:43,772 - INFO - [2023] MISSING_CENTRAL: ZFake3Mu/Central/muons/3/px in Skim_TriLep_TTG_PTG100to200.root
2025-10-02 21:23:43,774 - INFO - [2023] MISSING_CENTRAL: ZFake3Mu/Central/muons/3/px in Skim_TriLep_TTG_PTG200toInf.root
2025-10-02 21:23:44,200 - INFO - [2023BPix] MISSING_SYSTEMATIC: ZFake3Mu/JetEn_Down/muons/3/px in Skim_TriLep_DYJets.root
2025-10-02 21:23:44,222 - INFO - [2023BPix] MISSING_CENTRAL: ZFake3Mu/Central/muons/3/px in Skim_TriLep_DYJets10to50.root
2025-10-02 21:23:44,494 - INFO - [2023BPix] MISSING_CENTRAL: ZFake3Mu/Central/muons/3/px in Skim_TriLep_TTG_PTG200toInf.root
2025-10-03 00:40:38,129 - INFO - [2022] MISSING_CENTRAL: ZFake3Mu/Central/muons/3/px in Skim_TriLep_DYJets10to50.root
2025-10-03 00:40:38,131 - INFO - [2022] MISSING_CENTRAL: ZFake3Mu/Central/muons/3/px in Skim_TriLep_DYGTo2LG_MLL4to50_PTG10to100.root
2025-10-03 00:40:38,132 - INFO - [2022] MISSING_CENTRAL: ZFake3Mu/Central/muons/3/px in Skim_TriLep_DYGTo2LG_MLL4to50_PTG100to200.root
2025-10-03 00:40:38,133 - INFO - [2022] MISSING_CENTRAL: ZFake3Mu/Central/muons/3/px in Skim_TriLep_DYGTo2LG_MLL4to50_PTG200toInf.root
2025-10-03 00:40:38,189 - INFO - [2022] MISSING_CENTRAL: ZFake3Mu/Central/muons/3/px in Skim_TriLep_DYGTo2LG_MLL50_PTG100to200.root
2025-10-03 00:40:38,190 - INFO - [2022] MISSING_CENTRAL: ZFake3Mu/Central/muons/3/px in Skim_TriLep_DYGTo2LG_MLL50_PTG200toInf.root
2025-10-03 00:40:38,223 - INFO - [2022] MISSING_CENTRAL: ZFake3Mu/Central/muons/3/px in Skim_TriLep_TTG_PTG100to200.root
2025-10-03 00:40:38,224 - INFO - [2022] MISSING_CENTRAL: ZFake3Mu/Central/muons/3/px in Skim_TriLep_TTG_PTG200toInf.root
2025-10-03 00:40:38,862 - INFO - [2022EE] MISSING_CENTRAL: ZFake3Mu/Central/muons/3/px in Skim_TriLep_DYJets10to50.root
2025-10-03 00:40:38,863 - INFO - [2022EE] MISSING_CENTRAL: ZFake3Mu/Central/muons/3/px in Skim_TriLep_DYGTo2LG_MLL4to50_PTG10to100.root
2025-10-03 00:40:38,864 - INFO - [2022EE] MISSING_CENTRAL: ZFake3Mu/Central/muons/3/px in Skim_TriLep_DYGTo2LG_MLL4to50_PTG100to200.root
2025-10-03 00:40:39,742 - INFO - [2023] MISSING_CENTRAL: ZFake3Mu/Central/muons/3/px in Skim_TriLep_DYJets10to50.root
2025-10-03 00:40:39,743 - INFO - [2023] MISSING_CENTRAL: ZFake3Mu/Central/muons/3/px in Skim_TriLep_DYGTo2LG_MLL4to50_PTG10to100.root
2025-10-03 00:40:40,030 - INFO - [2023] MISSING_CENTRAL: ZFake3Mu/Central/muons/3/px in Skim_TriLep_TTG_PTG100to200.root
2025-10-03 00:40:40,030 - INFO - [2023] MISSING_CENTRAL: ZFake3Mu/Central/muons/3/px in Skim_TriLep_TTG_PTG200toInf.root
2025-10-03 00:40:41,076 - INFO - [2023BPix] MISSING_SYSTEMATIC: ZFake3Mu/JetEn_Down/muons/3/px in Skim_TriLep_DYJets.root
2025-10-03 00:40:41,099 - INFO - [2023BPix] MISSING_CENTRAL: ZFake3Mu/Central/muons/3/px in Skim_TriLep_DYJets10to50.root
2025-10-03 00:40:41,846 - INFO - [2023BPix] MISSING_CENTRAL: ZFake3Mu/Central/muons/3/px in Skim_TriLep_TTG_PTG200toInf.root
2025-11-07 13:14:22,420 - INFO - [2022] MISSING_FILE: /home/choij/Sync/workspace/ChargedHiggsAnalysisV3/SKNanoOutput/PromptSelector/Run3Mu/2022/Skim_TriLep_DoubleMuon_C.root
2025-11-07 13:14:22,421 - INFO - [2022] MISSING_FILE: /home/choij/Sync/workspace/ChargedHiggsAnalysisV3/SKNanoOutput/PromptSelector/Run3Mu/2022/Skim_TriLep_Muon_C.root
2025-11-07 13:14:22,421 - INFO - [2022] MISSING_FILE: /home/choij/Sync/workspace/ChargedHiggsAnalysisV3/SKNanoOutput/PromptSelector/Run3Mu/2022/Skim_TriLep_Muon_D.root
2025-11-07 13:14:22,421 - INFO - [2022EE] MISSING_FILE: /home/choij/Sync/workspace/ChargedHiggsAnalysisV3/SKNanoOutput/PromptSelector/Run3Mu/2022EE/Skim_TriLep_Muon_E.root
2025-11-07 13:14:22,421 - INFO - [2022EE] MISSING_FILE: /home/choij/Sync/workspace/ChargedHiggsAnalysisV3/SKNanoOutput/PromptSelector/Run3Mu/2022EE/Skim_TriLep_Muon_F.root
2025-11-07 13:14:22,421 - INFO - [2022EE] MISSING_FILE: /home/choij/Sync/workspace/ChargedHiggsAnalysisV3/SKNanoOutput/PromptSelector/Run3Mu/2022EE/Skim_TriLep_Muon_G.root
2025-11-07 13:14:22,421 - INFO - [2023] MISSING_FILE: /home/choij/Sync/workspace/ChargedHiggsAnalysisV3/SKNanoOutput/PromptSelector/Run3Mu/2023/Skim_TriLep_Muon0_C_v1.root
2025-11-07 13:14:22,421 - INFO - [2023] MISSING_FILE: /home/choij/Sync/workspace/ChargedHiggsAnalysisV3/SKNanoOutput/PromptSelector/Run3Mu/2023/Skim_TriLep_Muon0_C_v2.root
2025-11-07 13:14:22,421 - INFO - [2023] MISSING_FILE: /home/choij/Sync/workspace/ChargedHiggsAnalysisV3/SKNanoOutput/PromptSelector/Run3Mu/2023/Skim_TriLep_Muon0_C_v3.root
2025-11-07 13:14:22,421 - INFO - [2023] MISSING_FILE: /home/choij/Sync/workspace/ChargedHiggsAnalysisV3/SKNanoOutput/PromptSelector/Run3Mu/2023/Skim_TriLep_Muon0_C_v4.root
2025-11-07 13:14:22,421 - INFO - [2023] MISSING_FILE: /home/choij/Sync/workspace/ChargedHiggsAnalysisV3/SKNanoOutput/PromptSelector/Run3Mu/2023/Skim_TriLep_Muon1_C_v1.root
2025-11-07 13:14:22,421 - INFO - [2023] MISSING_FILE: /home/choij/Sync/workspace/ChargedHiggsAnalysisV3/SKNanoOutput/PromptSelector/Run3Mu/2023/Skim_TriLep_Muon1_C_v2.root
2025-11-07 13:14:22,421 - INFO - [2023] MISSING_FILE: /home/choij/Sync/workspace/ChargedHiggsAnalysisV3/SKNanoOutput/PromptSelector/Run3Mu/2023/Skim_TriLep_Muon1_C_v3.root
2025-11-07 13:14:22,421 - INFO - [2023] MISSING_FILE: /home/choij/Sync/workspace/ChargedHiggsAnalysisV3/SKNanoOutput/PromptSelector/Run3Mu/2023/Skim_TriLep_Muon1_C_v4.root
2025-11-07 13:14:22,421 - INFO - [2023BPix] MISSING_FILE: /home/choij/Sync/workspace/ChargedHiggsAnalysisV3/SKNanoOutput/PromptSelector/Run3Mu/2023BPix/Skim_TriLep_Muon0_D_v1.root
2025-11-07 13:14:22,421 - INFO - [2023BPix] MISSING_FILE: /home/choij/Sync/workspace/ChargedHiggsAnalysisV3/SKNanoOutput/PromptSelector/Run3Mu/2023BPix/Skim_TriLep_Muon0_D_v2.root
2025-11-07 13:14:22,421 - INFO - [2023BPix] MISSING_FILE: /home/choij/Sync/workspace/ChargedHiggsAnalysisV3/SKNanoOutput/PromptSelector/Run3Mu/2023BPix/Skim_TriLep_Muon1_D_v1.root
2025-11-07 13:14:22,421 - INFO - [2023BPix] MISSING_FILE: /home/choij/Sync/workspace/ChargedHiggsAnalysisV3/SKNanoOutput/PromptSelector/Run3Mu/2023BPix/Skim_TriLep_Muon1_D_v2.root
2025-11-07 14:11:53,711 - INFO - [2022] MISSING_FILE: /home/choij/Sync/workspace/ChargedHiggsAnalysisV3/SKNanoOutput/PromptSelector/Run3Mu/2022/Skim_TriLep_DoubleMuon_C.root
2025-11-07 14:11:53,711 - INFO - [2022] MISSING_FILE: /home/choij/Sync/workspace/ChargedHiggsAnalysisV3/SKNanoOutput/PromptSelector/Run3Mu/2022/Skim_TriLep_Muon_C.root
2025-11-07 14:11:53,711 - INFO - [2022] MISSING_FILE: /home/choij/Sync/workspace/ChargedHiggsAnalysisV3/SKNanoOutput/PromptSelector/Run3Mu/2022/Skim_TriLep_Muon_D.root
2025-11-07 14:11:53,711 - INFO - [2022EE] MISSING_FILE: /home/choij/Sync/workspace/ChargedHiggsAnalysisV3/SKNanoOutput/PromptSelector/Run3Mu/2022EE/Skim_TriLep_Muon_E.root
2025-11-07 14:11:53,711 - INFO - [2022EE] MISSING_FILE: /home/choij/Sync/workspace/ChargedHiggsAnalysisV3/SKNanoOutput/PromptSelector/Run3Mu/2022EE/Skim_TriLep_Muon_F.root
2025-11-07 14:11:53,711 - INFO - [2022EE] MISSING_FILE: /home/choij/Sync/workspace/ChargedHiggsAnalysisV3/SKNanoOutput/PromptSelector/Run3Mu/2022EE/Skim_TriLep_Muon_G.root
2025-11-07 14:11:53,711 - INFO - [2023] MISSING_FILE: /home/choij/Sync/workspace/ChargedHiggsAnalysisV3/SKNanoOutput/PromptSelector/Run3Mu/2023/Skim_TriLep_Muon0_C_v1.root
2025-11-07 14:11:53,711 - INFO - [2023] MISSING_FILE: /home/choij/Sync/workspace/ChargedHiggsAnalysisV3/SKNanoOutput/PromptSelector/Run3Mu/2023/Skim_TriLep_Muon0_C_v2.root
2025-11-07 14:11:53,711 - INFO - [2023] MISSING_FILE: /home/choij/Sync/workspace/ChargedHiggsAnalysisV3/SKNanoOutput/PromptSelector/Run3Mu/2023/Skim_TriLep_Muon0_C_v3.root
2025-11-07 14:11:53,711 - INFO - [2023] MISSING_FILE: /home/choij/Sync/workspace/ChargedHiggsAnalysisV3/SKNanoOutput/PromptSelector/Run3Mu/2023/Skim_TriLep_Muon0_C_v4.root
2025-11-07 14:11:53,711 - INFO - [2023] MISSING_FILE: /home/choij/Sync/workspace/ChargedHiggsAnalysisV3/SKNanoOutput/PromptSelector/Run3Mu/2023/Skim_TriLep_Muon1_C_v1.root
2025-11-07 14:11:53,711 - INFO - [2023] MISSING_FILE: /home/choij/Sync/workspace/ChargedHiggsAnalysisV3/SKNanoOutput/PromptSelector/Run3Mu/2023/Skim_TriLep_Muon1_C_v2.root
2025-11-07 14:11:53,712 - INFO - [2023] MISSING_FILE: /home/choij/Sync/workspace/ChargedHiggsAnalysisV3/SKNanoOutput/PromptSelector/Run3Mu/2023/Skim_TriLep_Muon1_C_v3.root
2025-11-07 14:11:53,712 - INFO - [2023] MISSING_FILE: /home/choij/Sync/workspace/ChargedHiggsAnalysisV3/SKNanoOutput/PromptSelector/Run3Mu/2023/Skim_TriLep_Muon1_C_v4.root
2025-11-07 14:11:53,712 - INFO - [2023BPix] MISSING_FILE: /home/choij/Sync/workspace/ChargedHiggsAnalysisV3/SKNanoOutput/PromptSelector/Run3Mu/2023BPix/Skim_TriLep_Muon0_D_v1.root
2025-11-07 14:11:53,712 - INFO - [2023BPix] MISSING_FILE: /home/choij/Sync/workspace/ChargedHiggsAnalysisV3/SKNanoOutput/PromptSelector/Run3Mu/2023BPix/Skim_TriLep_Muon0_D_v2.root
2025-11-07 14:11:53,712 - INFO - [2023BPix] MISSING_FILE: /home/choij/Sync/workspace/ChargedHiggsAnalysisV3/SKNanoOutput/PromptSelector/Run3Mu/2023BPix/Skim_TriLep_Muon1_D_v1.root
2025-11-07 14:11:53,712 - INFO - [2023BPix] MISSING_FILE: /home/choij/Sync/workspace/ChargedHiggsAnalysisV3/SKNanoOutput/PromptSelector/Run3Mu/2023BPix/Skim_TriLep_Muon1_D_v2.root
2025-11-10 12:28:27,233 - INFO - [2022EE] MISSING_FILE: /home/choij/Sync/workspace/ChargedHiggsAnalysisV3/SKNanoOutput/PromptSelector/Run3Mu/2022EE/Skim_TriLep_Muon_F.root
2025-11-10 12:28:27,271 - INFO - [2022] MISSING_CENTRAL: ZFake3Mu/Central/muons/3/px in Skim_TriLep_DYJets10to50.root
2025-11-10 12:28:27,272 - INFO - [2022] MISSING_CENTRAL: ZFake3Mu/Central/muons/3/px in Skim_TriLep_DYGTo2LG_MLL4to50_PTG10to100.root
2025-11-10 12:28:27,272 - INFO - [2022] MISSING_CENTRAL: ZFake3Mu/Central/muons/3/px in Skim_TriLep_DYGTo2LG_MLL4to50_PTG100to200.root
2025-11-10 12:28:27,273 - INFO - [2022] MISSING_CENTRAL: ZFake3Mu/Central/muons/3/px in Skim_TriLep_DYGTo2LG_MLL4to50_PTG200toInf.root
2025-11-10 12:28:27,287 - INFO - [2022] MISSING_CENTRAL: ZFake3Mu/Central/muons/3/px in Skim_TriLep_DYGTo2LG_MLL50_PTG100to200.root
2025-11-10 12:28:27,288 - INFO - [2022] MISSING_CENTRAL: ZFake3Mu/Central/muons/3/px in Skim_TriLep_DYGTo2LG_MLL50_PTG200toInf.root
2025-11-10 12:28:27,302 - INFO - [2022] MISSING_CENTRAL: ZFake3Mu/Central/muons/3/px in Skim_TriLep_TTG_PTG100to200.root
2025-11-10 12:28:27,303 - INFO - [2022] MISSING_CENTRAL: ZFake3Mu/Central/muons/3/px in Skim_TriLep_TTG_PTG200toInf.root
2025-11-10 12:28:27,545 - INFO - [2022EE] MISSING_CENTRAL: ZFake3Mu/Central/muons/3/px in Skim_TriLep_DYJets10to50.root
2025-11-10 12:28:27,546 - INFO - [2022EE] MISSING_CENTRAL: ZFake3Mu/Central/muons/3/px in Skim_TriLep_DYGTo2LG_MLL4to50_PTG10to100.root
2025-11-10 12:28:27,546 - INFO - [2022EE] MISSING_CENTRAL: ZFake3Mu/Central/muons/3/px in Skim_TriLep_DYGTo2LG_MLL4to50_PTG100to200.root
2025-11-10 12:28:27,900 - INFO - [2023] MISSING_CENTRAL: ZFake3Mu/Central/muons/3/px in Skim_TriLep_DYJets10to50.root
2025-11-10 12:28:27,901 - INFO - [2023] MISSING_CENTRAL: ZFake3Mu/Central/muons/3/px in Skim_TriLep_DYGTo2LG_MLL4to50_PTG10to100.root
2025-11-10 12:28:28,021 - INFO - [2023] MISSING_CENTRAL: ZFake3Mu/Central/muons/3/px in Skim_TriLep_TTG_PTG100to200.root
2025-11-10 12:28:28,022 - INFO - [2023] MISSING_CENTRAL: ZFake3Mu/Central/muons/3/px in Skim_TriLep_TTG_PTG200toInf.root
2025-11-10 12:28:28,281 - INFO - [2023BPix] MISSING_SYSTEMATIC: ZFake3Mu/JetEn_Down/muons/3/px in Skim_TriLep_DYJets.root
2025-11-10 12:28:28,295 - INFO - [2023BPix] MISSING_CENTRAL: ZFake3Mu/Central/muons/3/px in Skim_TriLep_DYJets10to50.root
2025-11-10 12:28:28,454 - INFO - [2023BPix] MISSING_CENTRAL: ZFake3Mu/Central/muons/3/px in Skim_TriLep_TTG_PTG200toInf.root
2025-11-13 11:18:56,950 - INFO - [2022] MISSING_CENTRAL: ZFake3Mu/Central/muons/3/px in Skim_TriLep_DYJets10to50.root
2025-11-13 11:18:56,951 - INFO - [2022] MISSING_CENTRAL: ZFake3Mu/Central/muons/3/px in Skim_TriLep_DYGTo2LG_MLL4to50_PTG10to100.root
2025-11-13 11:18:56,952 - INFO - [2022] MISSING_CENTRAL: ZFake3Mu/Central/muons/3/px in Skim_TriLep_DYGTo2LG_MLL4to50_PTG100to200.root
2025-11-13 11:18:56,953 - INFO - [2022] MISSING_CENTRAL: ZFake3Mu/Central/muons/3/px in Skim_TriLep_DYGTo2LG_MLL4to50_PTG200toInf.root
2025-11-13 11:18:56,974 - INFO - [2022] MISSING_CENTRAL: ZFake3Mu/Central/muons/3/px in Skim_TriLep_DYGTo2LG_MLL50_PTG100to200.root
2025-11-13 11:18:56,975 - INFO - [2022] MISSING_CENTRAL: ZFake3Mu/Central/muons/3/px in Skim_TriLep_DYGTo2LG_MLL50_PTG200toInf.root
2025-11-13 11:18:56,989 - INFO - [2022] MISSING_CENTRAL: ZFake3Mu/Central/muons/3/px in Skim_TriLep_TTG_PTG100to200.root
2025-11-13 11:18:56,989 - INFO - [2022] MISSING_CENTRAL: ZFake3Mu/Central/muons/3/px in Skim_TriLep_TTG_PTG200toInf.root
2025-11-13 11:18:57,389 - INFO - [2022EE] MISSING_CENTRAL: ZFake3Mu/Central/muons/3/px in Skim_TriLep_DYJets10to50.root
2025-11-13 11:18:57,391 - INFO - [2022EE] MISSING_CENTRAL: ZFake3Mu/Central/muons/3/px in Skim_TriLep_DYGTo2LG_MLL4to50_PTG10to100.root
2025-11-13 11:18:57,392 - INFO - [2022EE] MISSING_CENTRAL: ZFake3Mu/Central/muons/3/px in Skim_TriLep_DYGTo2LG_MLL4to50_PTG100to200.root
2025-11-13 11:18:57,973 - INFO - [2023] MISSING_CENTRAL: ZFake3Mu/Central/muons/3/px in Skim_TriLep_DYJets10to50.root
2025-11-13 11:18:57,974 - INFO - [2023] MISSING_CENTRAL: ZFake3Mu/Central/muons/3/px in Skim_TriLep_DYGTo2LG_MLL4to50_PTG10to100.root
2025-11-13 11:18:58,172 - INFO - [2023] MISSING_CENTRAL: ZFake3Mu/Central/muons/3/px in Skim_TriLep_TTG_PTG100to200.root
2025-11-13 11:18:58,174 - INFO - [2023] MISSING_CENTRAL: ZFake3Mu/Central/muons/3/px in Skim_TriLep_TTG_PTG200toInf.root
2025-11-13 11:18:58,567 - INFO - [2023BPix] MISSING_SYSTEMATIC: ZFake3Mu/JetEn_Down/muons/3/px in Skim_TriLep_DYJets.root
2025-11-13 11:18:58,588 - INFO - [2023BPix] MISSING_CENTRAL: ZFake3Mu/Central/muons/3/px in Skim_TriLep_DYJets10to50.root
2025-11-13 11:18:58,862 - INFO - [2023BPix] MISSING_CENTRAL: ZFake3Mu/Central/muons/3/px in Skim_TriLep_TTG_PTG200toInf.root
2025-11-19 16:12:18,764 - INFO - [2022] MISSING_CENTRAL: ZFake3Mu/Central/muons/3/px in Skim_TriLep_DYJets10to50.root
2025-11-19 16:12:18,765 - INFO - [2022] MISSING_CENTRAL: ZFake3Mu/Central/muons/3/px in Skim_TriLep_DYGTo2LG_MLL4to50_PTG10to100.root
2025-11-19 16:12:18,766 - INFO - [2022] MISSING_CENTRAL: ZFake3Mu/Central/muons/3/px in Skim_TriLep_DYGTo2LG_MLL4to50_PTG100to200.root
2025-11-19 16:12:18,766 - INFO - [2022] MISSING_CENTRAL: ZFake3Mu/Central/muons/3/px in Skim_TriLep_DYGTo2LG_MLL4to50_PTG200toInf.root
2025-11-19 16:12:18,780 - INFO - [2022] MISSING_CENTRAL: ZFake3Mu/Central/muons/3/px in Skim_TriLep_DYGTo2LG_MLL50_PTG100to200.root
2025-11-19 16:12:18,781 - INFO - [2022] MISSING_CENTRAL: ZFake3Mu/Central/muons/3/px in Skim_TriLep_DYGTo2LG_MLL50_PTG200toInf.root
2025-11-19 16:12:18,795 - INFO - [2022] MISSING_CENTRAL: ZFake3Mu/Central/muons/3/px in Skim_TriLep_TTG_PTG100to200.root
2025-11-19 16:12:18,796 - INFO - [2022] MISSING_CENTRAL: ZFake3Mu/Central/muons/3/px in Skim_TriLep_TTG_PTG200toInf.root
2025-11-19 16:12:19,035 - INFO - [2022EE] MISSING_CENTRAL: ZFake3Mu/Central/muons/3/px in Skim_TriLep_DYJets10to50.root
2025-11-19 16:12:19,035 - INFO - [2022EE] MISSING_CENTRAL: ZFake3Mu/Central/muons/3/px in Skim_TriLep_DYGTo2LG_MLL4to50_PTG10to100.root
2025-11-19 16:12:19,036 - INFO - [2022EE] MISSING_CENTRAL: ZFake3Mu/Central/muons/3/px in Skim_TriLep_DYGTo2LG_MLL4to50_PTG100to200.root
2025-11-19 16:12:19,380 - INFO - [2023] MISSING_CENTRAL: ZFake3Mu/Central/muons/3/px in Skim_TriLep_DYJets10to50.root
2025-11-19 16:12:19,381 - INFO - [2023] MISSING_CENTRAL: ZFake3Mu/Central/muons/3/px in Skim_TriLep_DYGTo2LG_MLL4to50_PTG10to100.root
2025-11-19 16:12:19,501 - INFO - [2023] MISSING_CENTRAL: ZFake3Mu/Central/muons/3/px in Skim_TriLep_TTG_PTG100to200.root
2025-11-19 16:12:19,502 - INFO - [2023] MISSING_CENTRAL: ZFake3Mu/Central/muons/3/px in Skim_TriLep_TTG_PTG200toInf.root
2025-11-19 16:12:19,741 - INFO - [2023BPix] MISSING_SYSTEMATIC: ZFake3Mu/JetEn_Down/muons/3/px in Skim_TriLep_DYJets.root
2025-11-19 16:12:19,754 - INFO - [2023BPix] MISSING_CENTRAL: ZFake3Mu/Central/muons/3/px in Skim_TriLep_DYJets10to50.root
2025-11-19 16:12:19,913 - INFO - [2023BPix] MISSING_CENTRAL: ZFake3Mu/Central/muons/3/px in Skim_TriLep_TTG_PTG200toInf.root
2025-11-19 16:30:55,549 - INFO - [2022] MISSING_CENTRAL: ZFake3Mu/Central/muons/3/px in Skim_TriLep_DYJets10to50.root
2025-11-19 16:30:55,549 - INFO - [2022] MISSING_CENTRAL: ZFake3Mu/Central/muons/3/px in Skim_TriLep_DYGTo2LG_MLL4to50_PTG10to100.root
2025-11-19 16:30:55,550 - INFO - [2022] MISSING_CENTRAL: ZFake3Mu/Central/muons/3/px in Skim_TriLep_DYGTo2LG_MLL4to50_PTG100to200.root
2025-11-19 16:30:55,550 - INFO - [2022] MISSING_CENTRAL: ZFake3Mu/Central/muons/3/px in Skim_TriLep_DYGTo2LG_MLL4to50_PTG200toInf.root
2025-11-19 16:30:55,564 - INFO - [2022] MISSING_CENTRAL: ZFake3Mu/Central/muons/3/px in Skim_TriLep_DYGTo2LG_MLL50_PTG100to200.root
2025-11-19 16:30:55,564 - INFO - [2022] MISSING_CENTRAL: ZFake3Mu/Central/muons/3/px in Skim_TriLep_DYGTo2LG_MLL50_PTG200toInf.root
2025-11-19 16:30:55,578 - INFO - [2022] MISSING_CENTRAL: ZFake3Mu/Central/muons/3/px in Skim_TriLep_TTG_PTG100to200.root
2025-11-19 16:30:55,579 - INFO - [2022] MISSING_CENTRAL: ZFake3Mu/Central/muons/3/px in Skim_TriLep_TTG_PTG200toInf.root
2025-11-19 16:30:55,816 - INFO - [2022EE] MISSING_CENTRAL: ZFake3Mu/Central/muons/3/px in Skim_TriLep_DYJets10to50.root
2025-11-19 16:30:55,816 - INFO - [2022EE] MISSING_CENTRAL: ZFake3Mu/Central/muons/3/px in Skim_TriLep_DYGTo2LG_MLL4to50_PTG10to100.root
2025-11-19 16:30:55,817 - INFO - [2022EE] MISSING_CENTRAL: ZFake3Mu/Central/muons/3/px in Skim_TriLep_DYGTo2LG_MLL4to50_PTG100to200.root
2025-11-19 16:30:56,169 - INFO - [2023] MISSING_CENTRAL: ZFake3Mu/Central/muons/3/px in Skim_TriLep_DYJets10to50.root
2025-11-19 16:30:56,170 - INFO - [2023] MISSING_CENTRAL: ZFake3Mu/Central/muons/3/px in Skim_TriLep_DYGTo2LG_MLL4to50_PTG10to100.root
2025-11-19 16:30:56,288 - INFO - [2023] MISSING_CENTRAL: ZFake3Mu/Central/muons/3/px in Skim_TriLep_TTG_PTG100to200.root
2025-11-19 16:30:56,289 - INFO - [2023] MISSING_CENTRAL: ZFake3Mu/Central/muons/3/px in Skim_TriLep_TTG_PTG200toInf.root
2025-11-19 16:30:56,527 - INFO - [2023BPix] MISSING_SYSTEMATIC: ZFake3Mu/JetEn_Down/muons/3/px in Skim_TriLep_DYJets.root
2025-11-19 16:30:56,541 - INFO - [2023BPix] MISSING_CENTRAL: ZFake3Mu/Central/muons/3/px in Skim_TriLep_DYJets10to50.root
2025-11-19 16:30:56,708 - INFO - [2023BPix] MISSING_CENTRAL: ZFake3Mu/Central/muons/3/px in Skim_TriLep_TTG_PTG200toInf.root
2025-12-17 22:46:00,356 - INFO - [2022] MISSING_CENTRAL: ZFake3Mu/Central/muons/3/px in Skim_TriLep_DYJets10to50.root
2025-12-17 22:46:00,358 - INFO - [2022] MISSING_CENTRAL: ZFake3Mu/Central/muons/3/px in Skim_TriLep_TTG_PTG10to100.root
2025-12-17 22:46:00,358 - INFO - [2022] MISSING_CENTRAL: ZFake3Mu/Central/muons/3/px in Skim_TriLep_TTG_PTG100to200.root
2025-12-17 22:46:00,359 - INFO - [2022] MISSING_CENTRAL: ZFake3Mu/Central/muons/3/px in Skim_TriLep_TTG_PTG200toInf.root
2025-12-17 22:46:00,723 - INFO - [2022EE] MISSING_CENTRAL: ZFake3Mu/Central/muons/3/px in Skim_TriLep_DYJets10to50.root
2025-12-17 22:46:00,724 - INFO - [2022EE] MISSING_CENTRAL: ZFake3Mu/Central/muons/3/px in Skim_TriLep_TTG_PTG10to100.root
2025-12-17 22:46:01,186 - INFO - [2023] MISSING_CENTRAL: ZFake3Mu/Central/muons/3/px in Skim_TriLep_DYJets10to50.root
2025-12-17 22:46:01,212 - INFO - [2023] MISSING_CENTRAL: ZFake3Mu/Central/muons/3/px in Skim_TriLep_TTG_PTG100to200.root
2025-12-17 22:46:01,213 - INFO - [2023] MISSING_CENTRAL: ZFake3Mu/Central/muons/3/px in Skim_TriLep_TTG_PTG200toInf.root
2025-12-17 22:46:01,619 - INFO - [2023BPix] MISSING_CENTRAL: ZFake3Mu/Central/muons/3/px in Skim_TriLep_DYJets10to50.root
2025-12-17 22:46:01,645 - INFO - [2023BPix] MISSING_CENTRAL: ZFake3Mu/Central/muons/3/px in Skim_TriLep_TTG_PTG100to200.root
2025-12-17 22:46:01,646 - INFO - [2023BPix] MISSING_CENTRAL: ZFake3Mu/Central/muons/3/px in Skim_TriLep_TTG_PTG200toInf.root
2025-12-18 14:47:45,879 - INFO - [2022] MISSING_CENTRAL: ZFake3Mu/Central/muons/3/px in Skim_TriLep_DYJets10to50.root
2025-12-18 14:47:45,881 - INFO - [2022] MISSING_CENTRAL: ZFake3Mu/Central/muons/3/px in Skim_TriLep_TTG_PTG10to100.root
2025-12-18 14:47:45,908 - INFO - [2022] MISSING_CENTRAL: ZFake3Mu/Central/muons/3/px in Skim_TriLep_TTG_PTG100to200.root
2025-12-18 14:47:45,909 - INFO - [2022] MISSING_CENTRAL: ZFake3Mu/Central/muons/3/px in Skim_TriLep_TTG_PTG200toInf.root
2025-12-18 14:47:46,486 - INFO - [2022EE] MISSING_CENTRAL: ZFake3Mu/Central/muons/3/px in Skim_TriLep_DYJets10to50.root
2025-12-18 14:47:46,491 - INFO - [2022EE] MISSING_CENTRAL: ZFake3Mu/Central/muons/3/px in Skim_TriLep_TTG_PTG10to100.root
2025-12-18 14:47:47,064 - INFO - [2023] MISSING_CENTRAL: ZFake3Mu/Central/muons/3/px in Skim_TriLep_DYJets10to50.root
2025-12-18 14:47:47,092 - INFO - [2023] MISSING_CENTRAL: ZFake3Mu/Central/muons/3/px in Skim_TriLep_TTG_PTG100to200.root
2025-12-18 14:47:47,098 - INFO - [2023] MISSING_CENTRAL: ZFake3Mu/Central/muons/3/px in Skim_TriLep_TTG_PTG200toInf.root
2025-12-18 14:47:47,789 - INFO - [2023BPix] MISSING_CENTRAL: ZFake3Mu/Central/muons/3/px in Skim_TriLep_DYJets10to50.root
2025-12-18 14:47:47,840 - INFO - [2023BPix] MISSING_CENTRAL: ZFake3Mu/Central/muons/3/px in Skim_TriLep_TTG_PTG100to200.root
2025-12-18 14:47:47,842 - INFO - [2023BPix] MISSING_CENTRAL: ZFake3Mu/Central/muons/3/px in Skim_TriLep_TTG_PTG200toInf.root
2026-01-07 11:56:19,810 - INFO - [2022] MISSING_CENTRAL: ZFake3Mu/Central/muons/3/px in Skim_TriLep_DYJets10to50.root
2026-01-07 11:56:19,810 - INFO - [2022] MISSING_CENTRAL: ZFake3Mu/Central/muons/3/px in Skim_TriLep_TTG_PTG10to100.root
2026-01-07 11:56:19,811 - INFO - [2022] MISSING_CENTRAL: ZFake3Mu/Central/muons/3/px in Skim_TriLep_TTG_PTG100to200.root
2026-01-07 11:56:19,812 - INFO - [2022] MISSING_CENTRAL: ZFake3Mu/Central/muons/3/px in Skim_TriLep_TTG_PTG200toInf.root
2026-01-07 11:56:20,196 - INFO - [2022EE] MISSING_CENTRAL: ZFake3Mu/Central/muons/3/px in Skim_TriLep_DYJets10to50.root
2026-01-07 11:56:20,197 - INFO - [2022EE] MISSING_CENTRAL: ZFake3Mu/Central/muons/3/px in Skim_TriLep_TTG_PTG10to100.root
2026-01-07 11:56:20,662 - INFO - [2023] MISSING_CENTRAL: ZFake3Mu/Central/muons/3/px in Skim_TriLep_DYJets10to50.root
2026-01-07 11:56:20,689 - INFO - [2023] MISSING_CENTRAL: ZFake3Mu/Central/muons/3/px in Skim_TriLep_TTG_PTG100to200.root
2026-01-07 11:56:20,690 - INFO - [2023] MISSING_CENTRAL: ZFake3Mu/Central/muons/3/px in Skim_TriLep_TTG_PTG200toInf.root
2026-01-07 11:56:21,101 - INFO - [2023BPix] MISSING_CENTRAL: ZFake3Mu/Central/muons/3/px in Skim_TriLep_DYJets10to50.root
2026-01-07 11:56:21,128 - INFO - [2023BPix] MISSING_CENTRAL: ZFake3Mu/Central/muons/3/px in Skim_TriLep_TTG_PTG100to200.root
2026-01-07 11:56:21,129 - INFO - [2023BPix] MISSING_CENTRAL: ZFake3Mu/Central/muons/3/px in Skim_TriLep_TTG_PTG200toInf.root
2026-01-07 18:52:47,692 - INFO - [2022] MISSING_CENTRAL: ZFake3Mu/Central/muons/3/px in Skim_TriLep_DYJets10to50.root
2026-01-07 18:52:47,693 - INFO - [2022] MISSING_CENTRAL: ZFake3Mu/Central/muons/3/px in Skim_TriLep_TTG_PTG10to100.root
2026-01-07 18:52:47,694 - INFO - [2022] MISSING_CENTRAL: ZFake3Mu/Central/muons/3/px in Skim_TriLep_TTG_PTG100to200.root
2026-01-07 18:52:47,695 - INFO - [2022] MISSING_CENTRAL: ZFake3Mu/Central/muons/3/px in Skim_TriLep_TTG_PTG200toInf.root
2026-01-07 18:52:48,107 - INFO - [2022EE] MISSING_CENTRAL: ZFake3Mu/Central/muons/3/px in Skim_TriLep_DYJets10to50.root
2026-01-07 18:52:48,108 - INFO - [2022EE] MISSING_CENTRAL: ZFake3Mu/Central/muons/3/px in Skim_TriLep_TTG_PTG10to100.root
2026-01-07 18:52:48,600 - INFO - [2023] MISSING_CENTRAL: ZFake3Mu/Central/muons/3/px in Skim_TriLep_DYJets10to50.root
2026-01-07 18:52:48,627 - INFO - [2023] MISSING_CENTRAL: ZFake3Mu/Central/muons/3/px in Skim_TriLep_TTG_PTG100to200.root
2026-01-07 18:52:48,628 - INFO - [2023] MISSING_CENTRAL: ZFake3Mu/Central/muons/3/px in Skim_TriLep_TTG_PTG200toInf.root
2026-01-07 18:52:49,059 - INFO - [2023BPix] MISSING_CENTRAL: ZFake3Mu/Central/muons/3/px in Skim_TriLep_DYJets10to50.root
2026-01-07 18:52:49,088 - INFO - [2023BPix] MISSING_CENTRAL: ZFake3Mu/Central/muons/3/px in Skim_TriLep_TTG_PTG100to200.root
2026-01-07 18:52:49,090 - INFO - [2023BPix] MISSING_CENTRAL: ZFake3Mu/Central/muons/3/px in Skim_TriLep_TTG_PTG200toInf.root
2026-01-09 12:27:59,110 - INFO - [2022] MISSING_CENTRAL: ZFake3Mu/Central/muons/3/px in Skim_TriLep_DYJets10to50.root
2026-01-09 12:27:59,111 - INFO - [2022] MISSING_CENTRAL: ZFake3Mu/Central/muons/3/px in Skim_TriLep_TTG_PTG10to100.root
2026-01-09 12:27:59,111 - INFO - [2022] MISSING_CENTRAL: ZFake3Mu/Central/muons/3/px in Skim_TriLep_TTG_PTG100to200.root
2026-01-09 12:27:59,112 - INFO - [2022] MISSING_CENTRAL: ZFake3Mu/Central/muons/3/px in Skim_TriLep_TTG_PTG200toInf.root
2026-01-09 12:27:59,349 - INFO - [2022EE] MISSING_CENTRAL: ZFake3Mu/Central/muons/3/px in Skim_TriLep_DYJets10to50.root
2026-01-09 12:27:59,350 - INFO - [2022EE] MISSING_CENTRAL: ZFake3Mu/Central/muons/3/px in Skim_TriLep_TTG_PTG10to100.root
2026-01-09 12:27:59,622 - INFO - [2023] MISSING_CENTRAL: ZFake3Mu/Central/muons/3/px in Skim_TriLep_DYJets10to50.root
2026-01-09 12:27:59,638 - INFO - [2023] MISSING_CENTRAL: ZFake3Mu/Central/muons/3/px in Skim_TriLep_TTG_PTG100to200.root
2026-01-09 12:27:59,639 - INFO - [2023] MISSING_CENTRAL: ZFake3Mu/Central/muons/3/px in Skim_TriLep_TTG_PTG200toInf.root
2026-01-09 12:27:59,886 - INFO - [2023BPix] MISSING_CENTRAL: ZFake3Mu/Central/muons/3/px in Skim_TriLep_DYJets10to50.root
2026-01-09 12:27:59,902 - INFO - [2023BPix] MISSING_CENTRAL: ZFake3Mu/Central/muons/3/px in Skim_TriLep_TTG_PTG100to200.root
2026-01-09 12:27:59,903 - INFO - [2023BPix] MISSING_CENTRAL: ZFake3Mu/Central/muons/3/px in Skim_TriLep_TTG_PTG200toInf.root
2026-01-11 09:47:59,353 - INFO - [2022] MISSING_CENTRAL: ZFake3Mu/Central/muons/3/px in Skim_TriLep_DYJets10to50.root
2026-01-11 09:47:59,354 - INFO - [2022] MISSING_CENTRAL: ZFake3Mu/Central/muons/3/px in Skim_TriLep_TTG_PTG10to100.root
2026-01-11 09:47:59,354 - INFO - [2022] MISSING_CENTRAL: ZFake3Mu/Central/muons/3/px in Skim_TriLep_TTG_PTG100to200.root
2026-01-11 09:47:59,355 - INFO - [2022] MISSING_CENTRAL: ZFake3Mu/Central/muons/3/px in Skim_TriLep_TTG_PTG200toInf.root
2026-01-11 09:47:59,590 - INFO - [2022EE] MISSING_CENTRAL: ZFake3Mu/Central/muons/3/px in Skim_TriLep_DYJets10to50.root
2026-01-11 09:47:59,590 - INFO - [2022EE] MISSING_CENTRAL: ZFake3Mu/Central/muons/3/px in Skim_TriLep_TTG_PTG10to100.root
2026-01-11 09:47:59,861 - INFO - [2023] MISSING_CENTRAL: ZFake3Mu/Central/muons/3/px in Skim_TriLep_DYJets10to50.root
2026-01-11 09:47:59,876 - INFO - [2023] MISSING_CENTRAL: ZFake3Mu/Central/muons/3/px in Skim_TriLep_TTG_PTG100to200.root
2026-01-11 09:47:59,877 - INFO - [2023] MISSING_CENTRAL: ZFake3Mu/Central/muons/3/px in Skim_TriLep_TTG_PTG200toInf.root
2026-01-11 09:48:00,123 - INFO - [2023BPix] MISSING_CENTRAL: ZFake3Mu/Central/muons/3/px in Skim_TriLep_DYJets10to50.root
2026-01-11 09:48:00,139 - INFO - [2023BPix] MISSING_CENTRAL: ZFake3Mu/Central/muons/3/px in Skim_TriLep_TTG_PTG100to200.root
2026-01-11 09:48:00,140 - INFO - [2023BPix] MISSING_CENTRAL: ZFake3Mu/Central/muons/3/px in Skim_TriLep_TTG_PTG200toInf.root
2026-01-12 13:56:54,664 - INFO - [2022] MISSING_FILE: /home/choij/Sync/workspace/ChargedHiggsAnalysisV3/SKNanoOutput/MatrixSelector/Run3Mu/2022/Skim_TriLep_DoubleMuon_C.root
2026-01-12 13:56:54,664 - INFO - [2022] MISSING_FILE: /home/choij/Sync/workspace/ChargedHiggsAnalysisV3/SKNanoOutput/MatrixSelector/Run3Mu/2022/Skim_TriLep_Muon_C.root
2026-01-12 13:56:54,664 - INFO - [2022] MISSING_FILE: /home/choij/Sync/workspace/ChargedHiggsAnalysisV3/SKNanoOutput/MatrixSelector/Run3Mu/2022/Skim_TriLep_Muon_D.root
2026-01-12 13:56:54,697 - INFO - [2022] MISSING_CENTRAL: ZFake3Mu/Central/muons/3/px in Skim_TriLep_DYJets10to50.root
2026-01-12 13:56:54,698 - INFO - [2022] MISSING_CENTRAL: ZFake3Mu/Central/muons/3/px in Skim_TriLep_TTG_PTG10to100.root
2026-01-12 13:56:54,698 - INFO - [2022] MISSING_CENTRAL: ZFake3Mu/Central/muons/3/px in Skim_TriLep_TTG_PTG100to200.root
2026-01-12 13:56:54,698 - INFO - [2022] MISSING_CENTRAL: ZFake3Mu/Central/muons/3/px in Skim_TriLep_TTG_PTG200toInf.root
2026-01-12 13:56:54,919 - INFO - [2022EE] MISSING_FILE: /home/choij/Sync/workspace/ChargedHiggsAnalysisV3/SKNanoOutput/MatrixSelector/Run3Mu/2022EE/Skim_TriLep_Muon_E.root
2026-01-12 13:56:54,919 - INFO - [2022EE] MISSING_FILE: /home/choij/Sync/workspace/ChargedHiggsAnalysisV3/SKNanoOutput/MatrixSelector/Run3Mu/2022EE/Skim_TriLep_Muon_F.root
2026-01-12 13:56:54,919 - INFO - [2022EE] MISSING_FILE: /home/choij/Sync/workspace/ChargedHiggsAnalysisV3/SKNanoOutput/MatrixSelector/Run3Mu/2022EE/Skim_TriLep_Muon_G.root
2026-01-12 13:56:54,935 - INFO - [2022EE] MISSING_CENTRAL: ZFake3Mu/Central/muons/3/px in Skim_TriLep_DYJets10to50.root
2026-01-12 13:56:54,935 - INFO - [2022EE] MISSING_CENTRAL: ZFake3Mu/Central/muons/3/px in Skim_TriLep_TTG_PTG10to100.root
2026-01-12 13:56:55,187 - INFO - [2023] MISSING_FILE: /home/choij/Sync/workspace/ChargedHiggsAnalysisV3/SKNanoOutput/MatrixSelector/Run3Mu/2023/Skim_TriLep_Muon0_C_v1.root
2026-01-12 13:56:55,187 - INFO - [2023] MISSING_FILE: /home/choij/Sync/workspace/ChargedHiggsAnalysisV3/SKNanoOutput/MatrixSelector/Run3Mu/2023/Skim_TriLep_Muon0_C_v2.root
2026-01-12 13:56:55,187 - INFO - [2023] MISSING_FILE: /home/choij/Sync/workspace/ChargedHiggsAnalysisV3/SKNanoOutput/MatrixSelector/Run3Mu/2023/Skim_TriLep_Muon0_C_v3.root
2026-01-12 13:56:55,187 - INFO - [2023] MISSING_FILE: /home/choij/Sync/workspace/ChargedHiggsAnalysisV3/SKNanoOutput/MatrixSelector/Run3Mu/2023/Skim_TriLep_Muon0_C_v4.root
2026-01-12 13:56:55,187 - INFO - [2023] MISSING_FILE: /home/choij/Sync/workspace/ChargedHiggsAnalysisV3/SKNanoOutput/MatrixSelector/Run3Mu/2023/Skim_TriLep_Muon1_C_v1.root
2026-01-12 13:56:55,187 - INFO - [2023] MISSING_FILE: /home/choij/Sync/workspace/ChargedHiggsAnalysisV3/SKNanoOutput/MatrixSelector/Run3Mu/2023/Skim_TriLep_Muon1_C_v2.root
2026-01-12 13:56:55,187 - INFO - [2023] MISSING_FILE: /home/choij/Sync/workspace/ChargedHiggsAnalysisV3/SKNanoOutput/MatrixSelector/Run3Mu/2023/Skim_TriLep_Muon1_C_v3.root
2026-01-12 13:56:55,187 - INFO - [2023] MISSING_FILE: /home/choij/Sync/workspace/ChargedHiggsAnalysisV3/SKNanoOutput/MatrixSelector/Run3Mu/2023/Skim_TriLep_Muon1_C_v4.root
2026-01-12 13:56:55,204 - INFO - [2023] MISSING_CENTRAL: ZFake3Mu/Central/muons/3/px in Skim_TriLep_DYJets10to50.root
2026-01-12 13:56:55,220 - INFO - [2023] MISSING_CENTRAL: ZFake3Mu/Central/muons/3/px in Skim_TriLep_TTG_PTG100to200.root
2026-01-12 13:56:55,221 - INFO - [2023] MISSING_CENTRAL: ZFake3Mu/Central/muons/3/px in Skim_TriLep_TTG_PTG200toInf.root
2026-01-12 13:56:55,452 - INFO - [2023BPix] MISSING_FILE: /home/choij/Sync/workspace/ChargedHiggsAnalysisV3/SKNanoOutput/MatrixSelector/Run3Mu/2023BPix/Skim_TriLep_Muon0_D_v1.root
2026-01-12 13:56:55,453 - INFO - [2023BPix] MISSING_FILE: /home/choij/Sync/workspace/ChargedHiggsAnalysisV3/SKNanoOutput/MatrixSelector/Run3Mu/2023BPix/Skim_TriLep_Muon0_D_v2.root
2026-01-12 13:56:55,453 - INFO - [2023BPix] MISSING_FILE: /home/choij/Sync/workspace/ChargedHiggsAnalysisV3/SKNanoOutput/MatrixSelector/Run3Mu/2023BPix/Skim_TriLep_Muon1_D_v1.root
2026-01-12 13:56:55,453 - INFO - [2023BPix] MISSING_FILE: /home/choij/Sync/workspace/ChargedHiggsAnalysisV3/SKNanoOutput/MatrixSelector/Run3Mu/2023BPix/Skim_TriLep_Muon1_D_v2.root
2026-01-12 13:56:55,468 - INFO - [2023BPix] MISSING_CENTRAL: ZFake3Mu/Central/muons/3/px in Skim_TriLep_DYJets10to50.root
2026-01-12 13:56:55,484 - INFO - [2023BPix] MISSING_CENTRAL: ZFake3Mu/Central/muons/3/px in Skim_TriLep_TTG_PTG100to200.root
2026-01-12 13:56:55,485 - INFO - [2023BPix] MISSING_CENTRAL: ZFake3Mu/Central/muons/3/px in Skim_TriLep_TTG_PTG200toInf.root
2026-01-16 19:11:30,896 - INFO - [2022] MISSING_CENTRAL: ZFake3Mu/Central/muons/3/px in Skim_TriLep_DYJets10to50.root
2026-01-16 19:11:30,896 - INFO - [2022] MISSING_CENTRAL: ZFake3Mu/Central/muons/3/px in Skim_TriLep_TTG_PTG10to100.root
2026-01-16 19:11:30,897 - INFO - [2022] MISSING_CENTRAL: ZFake3Mu/Central/muons/3/px in Skim_TriLep_TTG_PTG100to200.root
2026-01-16 19:11:30,897 - INFO - [2022] MISSING_CENTRAL: ZFake3Mu/Central/muons/3/px in Skim_TriLep_TTG_PTG200toInf.root
2026-01-16 19:11:31,136 - INFO - [2022EE] MISSING_CENTRAL: ZFake3Mu/Central/muons/3/px in Skim_TriLep_DYJets10to50.root
2026-01-16 19:11:31,136 - INFO - [2022EE] MISSING_CENTRAL: ZFake3Mu/Central/muons/3/px in Skim_TriLep_TTG_PTG10to100.root
2026-01-16 19:11:31,417 - INFO - [2023] MISSING_CENTRAL: ZFake3Mu/Central/muons/3/px in Skim_TriLep_DYJets10to50.root
2026-01-16 19:11:31,434 - INFO - [2023] MISSING_CENTRAL: ZFake3Mu/Central/muons/3/px in Skim_TriLep_TTG_PTG100to200.root
2026-01-16 19:11:31,434 - INFO - [2023] MISSING_CENTRAL: ZFake3Mu/Central/muons/3/px in Skim_TriLep_TTG_PTG200toInf.root
2026-01-16 19:11:31,691 - INFO - [2023BPix] MISSING_CENTRAL: ZFake3Mu/Central/muons/3/px in Skim_TriLep_DYJets10to50.root
2026-01-16 19:11:31,708 - INFO - [2023BPix] MISSING_CENTRAL: ZFake3Mu/Central/muons/3/px in Skim_TriLep_TTG_PTG100to200.root
2026-01-16 19:11:31,709 - INFO - [2023BPix] MISSING_CENTRAL: ZFake3Mu/Central/muons/3/px in Skim_TriLep_TTG_PTG200toInf.root
2026-01-28 17:08:20,731 - INFO - [2022] MISSING_CENTRAL: ZFake3Mu/Central/muons/3/px in Skim_TriLep_DYJets10to50.root
2026-01-28 17:08:20,732 - INFO - [2022] MISSING_CENTRAL: ZFake3Mu/Central/muons/3/px in Skim_TriLep_TTG_PTG10to100.root
2026-01-28 17:08:20,733 - INFO - [2022] MISSING_CENTRAL: ZFake3Mu/Central/muons/3/px in Skim_TriLep_TTG_PTG100to200.root
2026-01-28 17:08:20,733 - INFO - [2022] MISSING_CENTRAL: ZFake3Mu/Central/muons/3/px in Skim_TriLep_TTG_PTG200toInf.root
2026-01-28 17:08:21,103 - INFO - [2022EE] MISSING_CENTRAL: ZFake3Mu/Central/muons/3/px in Skim_TriLep_DYJets10to50.root
2026-01-28 17:08:21,104 - INFO - [2022EE] MISSING_CENTRAL: ZFake3Mu/Central/muons/3/px in Skim_TriLep_TTG_PTG10to100.root
2026-01-28 17:08:21,596 - INFO - [2023] MISSING_CENTRAL: ZFake3Mu/Central/muons/3/px in Skim_TriLep_DYJets10to50.root
2026-01-28 17:08:21,620 - INFO - [2023] MISSING_CENTRAL: ZFake3Mu/Central/muons/3/px in Skim_TriLep_TTG_PTG100to200.root
2026-01-28 17:08:21,620 - INFO - [2023] MISSING_CENTRAL: ZFake3Mu/Central/muons/3/px in Skim_TriLep_TTG_PTG200toInf.root
2026-01-28 17:08:22,002 - INFO - [2023BPix] MISSING_CENTRAL: ZFake3Mu/Central/muons/3/px in Skim_TriLep_DYJets10to50.root
2026-01-28 17:08:22,027 - INFO - [2023BPix] MISSING_CENTRAL: ZFake3Mu/Central/muons/3/px in Skim_TriLep_TTG_PTG100to200.root
2026-01-28 17:08:22,028 - INFO - [2023BPix] MISSING_CENTRAL: ZFake3Mu/Central/muons/3/px in Skim_TriLep_TTG_PTG200toInf.root
2026-01-28 17:28:52,710 - INFO - [2022] MISSING_CENTRAL: ZFake3Mu/Central/muons/3/px in Skim_TriLep_DYJets10to50.root
2026-01-28 17:28:52,711 - INFO - [2022] MISSING_CENTRAL: ZFake3Mu/Central/muons/3/px in Skim_TriLep_TTG_PTG10to100.root
2026-01-28 17:28:52,711 - INFO - [2022] MISSING_CENTRAL: ZFake3Mu/Central/muons/3/px in Skim_TriLep_TTG_PTG100to200.root
2026-01-28 17:28:52,712 - INFO - [2022] MISSING_CENTRAL: ZFake3Mu/Central/muons/3/px in Skim_TriLep_TTG_PTG200toInf.root
2026-01-28 17:28:53,072 - INFO - [2022EE] MISSING_CENTRAL: ZFake3Mu/Central/muons/3/px in Skim_TriLep_DYJets10to50.root
2026-01-28 17:28:53,072 - INFO - [2022EE] MISSING_CENTRAL: ZFake3Mu/Central/muons/3/px in Skim_TriLep_TTG_PTG10to100.root
2026-01-28 17:28:53,503 - INFO - [2023] MISSING_CENTRAL: ZFake3Mu/Central/muons/3/px in Skim_TriLep_DYJets10to50.root
2026-01-28 17:28:53,528 - INFO - [2023] MISSING_CENTRAL: ZFake3Mu/Central/muons/3/px in Skim_TriLep_TTG_PTG100to200.root
2026-01-28 17:28:53,528 - INFO - [2023] MISSING_CENTRAL: ZFake3Mu/Central/muons/3/px in Skim_TriLep_TTG_PTG200toInf.root
2026-01-28 17:28:53,914 - INFO - [2023BPix] MISSING_CENTRAL: ZFake3Mu/Central/muons/3/px in Skim_TriLep_DYJets10to50.root
2026-01-28 17:28:53,938 - INFO - [2023BPix] MISSING_CENTRAL: ZFake3Mu/Central/muons/3/px in Skim_TriLep_TTG_PTG100to200.root
2026-01-28 17:28:53,939 - INFO - [2023BPix] MISSING_CENTRAL: ZFake3Mu/Central/muons/3/px in Skim_TriLep_TTG_PTG200toInf.root
2026-01-28 20:02:37,604 - INFO - [2022] MISSING_CENTRAL: ZFake3Mu/Central/muons/3/px in Skim_TriLep_DYJets10to50.root
2026-01-28 20:02:37,605 - INFO - [2022] MISSING_CENTRAL: ZFake3Mu/Central/muons/3/px in Skim_TriLep_TTG_PTG10to100.root
2026-01-28 20:02:37,605 - INFO - [2022] MISSING_CENTRAL: ZFake3Mu/Central/muons/3/px in Skim_TriLep_TTG_PTG100to200.root
2026-01-28 20:02:37,606 - INFO - [2022] MISSING_CENTRAL: ZFake3Mu/Central/muons/3/px in Skim_TriLep_TTG_PTG200toInf.root
2026-01-28 20:02:38,062 - INFO - [2022EE] MISSING_CENTRAL: ZFake3Mu/Central/muons/3/px in Skim_TriLep_DYJets10to50.root
2026-01-28 20:02:38,062 - INFO - [2022EE] MISSING_CENTRAL: ZFake3Mu/Central/muons/3/px in Skim_TriLep_TTG_PTG10to100.root
2026-01-28 20:02:38,490 - INFO - [2023] MISSING_CENTRAL: ZFake3Mu/Central/muons/3/px in Skim_TriLep_DYJets10to50.root
2026-01-28 20:02:38,513 - INFO - [2023] MISSING_CENTRAL: ZFake3Mu/Central/muons/3/px in Skim_TriLep_TTG_PTG100to200.root
2026-01-28 20:02:38,513 - INFO - [2023] MISSING_CENTRAL: ZFake3Mu/Central/muons/3/px in Skim_TriLep_TTG_PTG200toInf.root
2026-01-28 20:02:38,902 - INFO - [2023BPix] MISSING_CENTRAL: ZFake3Mu/Central/muons/3/px in Skim_TriLep_DYJets10to50.root
2026-01-28 20:02:38,923 - INFO - [2023BPix] MISSING_CENTRAL: ZFake3Mu/Central/muons/3/px in Skim_TriLep_TTG_PTG100to200.root
2026-01-28 20:02:38,924 - INFO - [2023BPix] MISSING_CENTRAL: ZFake3Mu/Central/muons/3/px in Skim_TriLep_TTG_PTG200toInf.root
2026-01-29 07:19:13,068 - INFO - [2022] MISSING_CENTRAL: ZFake3Mu/Central/muons/3/px in Skim_TriLep_DYJets10to50.root
2026-01-29 07:19:13,069 - INFO - [2022] MISSING_CENTRAL: ZFake3Mu/Central/muons/3/px in Skim_TriLep_TTG_PTG10to100.root
2026-01-29 07:19:13,069 - INFO - [2022] MISSING_CENTRAL: ZFake3Mu/Central/muons/3/px in Skim_TriLep_TTG_PTG100to200.root
2026-01-29 07:19:13,070 - INFO - [2022] MISSING_CENTRAL: ZFake3Mu/Central/muons/3/px in Skim_TriLep_TTG_PTG200toInf.root
2026-01-29 07:19:13,312 - INFO - [2022EE] MISSING_CENTRAL: ZFake3Mu/Central/muons/3/px in Skim_TriLep_DYJets10to50.root
2026-01-29 07:19:13,313 - INFO - [2022EE] MISSING_CENTRAL: ZFake3Mu/Central/muons/3/px in Skim_TriLep_TTG_PTG10to100.root
2026-01-29 07:19:13,594 - INFO - [2023] MISSING_CENTRAL: ZFake3Mu/Central/muons/3/px in Skim_TriLep_DYJets10to50.root
2026-01-29 07:19:13,610 - INFO - [2023] MISSING_CENTRAL: ZFake3Mu/Central/muons/3/px in Skim_TriLep_TTG_PTG100to200.root
2026-01-29 07:19:13,611 - INFO - [2023] MISSING_CENTRAL: ZFake3Mu/Central/muons/3/px in Skim_TriLep_TTG_PTG200toInf.root
2026-01-29 07:19:13,863 - INFO - [2023BPix] MISSING_CENTRAL: ZFake3Mu/Central/muons/3/px in Skim_TriLep_DYJets10to50.root
2026-01-29 07:19:13,879 - INFO - [2023BPix] MISSING_CENTRAL: ZFake3Mu/Central/muons/3/px in Skim_TriLep_TTG_PTG100to200.root
2026-01-29 07:19:13,881 - INFO - [2023BPix] MISSING_CENTRAL: ZFake3Mu/Central/muons/3/px in Skim_TriLep_TTG_PTG200toInf.root
2026-03-06 09:44:46,757 - INFO - [2022] MISSING_CENTRAL: ZFake3Mu/Central/muons/3/px in Skim_TriLep_DYJets10to50.root
2026-03-06 09:44:46,757 - INFO - [2022] MISSING_CENTRAL: ZFake3Mu/Central/muons/3/px in Skim_TriLep_TTG_PTG10to100.root
2026-03-06 09:44:46,758 - INFO - [2022] MISSING_CENTRAL: ZFake3Mu/Central/muons/3/px in Skim_TriLep_TTG_PTG100to200.root
2026-03-06 09:44:46,758 - INFO - [2022] MISSING_CENTRAL: ZFake3Mu/Central/muons/3/px in Skim_TriLep_TTG_PTG200toInf.root
2026-03-06 09:44:47,000 - INFO - [2022EE] MISSING_CENTRAL: ZFake3Mu/Central/muons/3/px in Skim_TriLep_DYJets10to50.root
2026-03-06 09:44:47,000 - INFO - [2022EE] MISSING_CENTRAL: ZFake3Mu/Central/muons/3/px in Skim_TriLep_TTG_PTG10to100.root
2026-03-06 09:44:47,282 - INFO - [2023] MISSING_CENTRAL: ZFake3Mu/Central/muons/3/px in Skim_TriLep_DYJets10to50.root
2026-03-06 09:44:47,283 - INFO - [2023] MISSING_CENTRAL: ZFake3Mu/Central/muons/3/px in Skim_TriLep_TTG_PTG10to100.root
2026-03-06 09:44:47,283 - INFO - [2023] MISSING_CENTRAL: ZFake3Mu/Central/muons/3/px in Skim_TriLep_TTG_PTG100to200.root
2026-03-06 09:44:47,284 - INFO - [2023] MISSING_CENTRAL: ZFake3Mu/Central/muons/3/px in Skim_TriLep_TTG_PTG200toInf.root
2026-03-06 09:44:47,537 - INFO - [2023BPix] MISSING_CENTRAL: ZFake3Mu/Central/muons/3/px in Skim_TriLep_DYJets10to50.root
2026-03-06 09:44:47,554 - INFO - [2023BPix] MISSING_CENTRAL: ZFake3Mu/Central/muons/3/px in Skim_TriLep_TTG_PTG100to200.root
2026-03-06 09:44:47,555 - INFO - [2023BPix] MISSING_CENTRAL: ZFake3Mu/Central/muons/3/px in Skim_TriLep_TTG_PTG200toInf.root
2026-03-06 19:50:32,607 - INFO - [2022] MISSING_CENTRAL: ZFake3Mu/Central/muons/3/px in Skim_TriLep_DYJets10to50.root
2026-03-06 19:50:32,608 - INFO - [2022] MISSING_CENTRAL: ZFake3Mu/Central/muons/3/px in Skim_TriLep_TTG_PTG10to100.root
2026-03-06 19:50:32,608 - INFO - [2022] MISSING_CENTRAL: ZFake3Mu/Central/muons/3/px in Skim_TriLep_TTG_PTG100to200.root
2026-03-06 19:50:32,609 - INFO - [2022] MISSING_CENTRAL: ZFake3Mu/Central/muons/3/px in Skim_TriLep_TTG_PTG200toInf.root
2026-03-06 19:50:32,849 - INFO - [2022EE] MISSING_CENTRAL: ZFake3Mu/Central/muons/3/px in Skim_TriLep_DYJets10to50.root
2026-03-06 19:50:32,850 - INFO - [2022EE] MISSING_CENTRAL: ZFake3Mu/Central/muons/3/px in Skim_TriLep_TTG_PTG10to100.root
2026-03-06 19:50:33,130 - INFO - [2023] MISSING_CENTRAL: ZFake3Mu/Central/muons/3/px in Skim_TriLep_DYJets10to50.root
2026-03-06 19:50:33,130 - INFO - [2023] MISSING_CENTRAL: ZFake3Mu/Central/muons/3/px in Skim_TriLep_TTG_PTG10to100.root
2026-03-06 19:50:33,131 - INFO - [2023] MISSING_CENTRAL: ZFake3Mu/Central/muons/3/px in Skim_TriLep_TTG_PTG100to200.root
2026-03-06 19:50:33,131 - INFO - [2023] MISSING_CENTRAL: ZFake3Mu/Central/muons/3/px in Skim_TriLep_TTG_PTG200toInf.root
2026-03-06 19:50:33,381 - INFO - [2023BPix] MISSING_CENTRAL: ZFake3Mu/Central/muons/3/px in Skim_TriLep_DYJets10to50.root
2026-03-06 19:50:33,398 - INFO - [2023BPix] MISSING_CENTRAL: ZFake3Mu/Central/muons/3/px in Skim_TriLep_TTG_PTG100to200.root
2026-03-06 19:50:33,399 - INFO - [2023BPix] MISSING_CENTRAL: ZFake3Mu/Central/muons/3/px in Skim_TriLep_TTG_PTG200toInf.root
2026-04-10 20:25:27,348 - INFO - [2022] MISSING_CENTRAL: ZFake3Mu/Central/muons/3/px in Skim_TriLep_DYJets10to50.root
2026-04-10 20:25:27,348 - INFO - [2022] MISSING_CENTRAL: ZFake3Mu/Central/muons/3/px in Skim_TriLep_TTG_PTG10to100.root
2026-04-10 20:25:27,349 - INFO - [2022] MISSING_CENTRAL: ZFake3Mu/Central/muons/3/px in Skim_TriLep_TTG_PTG100to200.root
2026-04-10 20:25:27,349 - INFO - [2022] MISSING_CENTRAL: ZFake3Mu/Central/muons/3/px in Skim_TriLep_TTG_PTG200toInf.root
2026-04-10 20:25:27,602 - INFO - [2022EE] MISSING_CENTRAL: ZFake3Mu/Central/muons/3/px in Skim_TriLep_DYJets10to50.root
2026-04-10 20:25:27,603 - INFO - [2022EE] MISSING_CENTRAL: ZFake3Mu/Central/muons/3/px in Skim_TriLep_TTG_PTG10to100.root
2026-04-10 20:25:27,908 - INFO - [2023] MISSING_CENTRAL: ZFake3Mu/Central/muons/3/px in Skim_TriLep_DYJets10to50.root
2026-04-10 20:25:27,908 - INFO - [2023] MISSING_CENTRAL: ZFake3Mu/Central/muons/3/px in Skim_TriLep_TTG_PTG10to100.root
2026-04-10 20:25:27,909 - INFO - [2023] MISSING_CENTRAL: ZFake3Mu/Central/muons/3/px in Skim_TriLep_TTG_PTG100to200.root
2026-04-10 20:25:27,910 - INFO - [2023] MISSING_CENTRAL: ZFake3Mu/Central/muons/3/px in Skim_TriLep_TTG_PTG200toInf.root
2026-04-10 20:25:28,175 - INFO - [2023BPix] MISSING_CENTRAL: ZFake3Mu/Central/muons/3/px in Skim_TriLep_DYJets10to50.root
2026-04-10 20:25:28,193 - INFO - [2023BPix] MISSING_CENTRAL: ZFake3Mu/Central/muons/3/px in Skim_TriLep_TTG_PTG100to200.root
2026-04-10 20:25:28,193 - INFO - [2023BPix] MISSING_CENTRAL: ZFake3Mu/Central/muons/3/px in Skim_TriLep_TTG_PTG200toInf.root
2026-04-12 11:40:50,686 - INFO - [2022] MISSING_CENTRAL: ZFake3Mu/Central/muons/3/px in Skim_TriLep_DYJets10to50.root
2026-04-12 11:40:50,687 - INFO - [2022] MISSING_CENTRAL: ZFake3Mu/Central/muons/3/px in Skim_TriLep_TTG_PTG10to100.root
2026-04-12 11:40:50,687 - INFO - [2022] MISSING_CENTRAL: ZFake3Mu/Central/muons/3/px in Skim_TriLep_TTG_PTG100to200.root
2026-04-12 11:40:50,688 - INFO - [2022] MISSING_CENTRAL: ZFake3Mu/Central/muons/3/px in Skim_TriLep_TTG_PTG200toInf.root
2026-04-12 11:40:50,923 - INFO - [2022EE] MISSING_CENTRAL: ZFake3Mu/Central/muons/3/px in Skim_TriLep_DYJets10to50.root
2026-04-12 11:40:50,924 - INFO - [2022EE] MISSING_CENTRAL: ZFake3Mu/Central/muons/3/px in Skim_TriLep_TTG_PTG10to100.root
2026-04-12 11:40:51,245 - INFO - [2023] MISSING_CENTRAL: ZFake3Mu/Central/muons/3/px in Skim_TriLep_DYJets10to50.root
2026-04-12 11:40:51,249 - INFO - [2023] MISSING_CENTRAL: ZFake3Mu/Central/muons/3/px in Skim_TriLep_TTG_PTG10to100.root
2026-04-12 11:40:51,250 - INFO - [2023] MISSING_CENTRAL: ZFake3Mu/Central/muons/3/px in Skim_TriLep_TTG_PTG100to200.root
2026-04-12 11:40:51,250 - INFO - [2023] MISSING_CENTRAL: ZFake3Mu/Central/muons/3/px in Skim_TriLep_TTG_PTG200toInf.root
2026-04-12 11:40:51,673 - INFO - [2023BPix] MISSING_CENTRAL: ZFake3Mu/Central/muons/3/px in Skim_TriLep_DYJets10to50.root
2026-04-12 11:40:51,690 - INFO - [2023BPix] MISSING_CENTRAL: ZFake3Mu/Central/muons/3/px in Skim_TriLep_TTG_PTG100to200.root
2026-04-12 11:40:51,691 - INFO - [2023BPix] MISSING_CENTRAL: ZFake3Mu/Central/muons/3/px in Skim_TriLep_TTG_PTG200toInf.root
2026-04-12 12:22:32,458 - INFO - [2022] MISSING_CENTRAL: ZFake3Mu/Central/muons/3/px in Skim_TriLep_DYJets10to50.root
2026-04-12 12:22:32,458 - INFO - [2022] MISSING_CENTRAL: ZFake3Mu/Central/muons/3/px in Skim_TriLep_TTG_PTG10to100.root
2026-04-12 12:22:32,459 - INFO - [2022] MISSING_CENTRAL: ZFake3Mu/Central/muons/3/px in Skim_TriLep_TTG_PTG100to200.root
2026-04-12 12:22:32,459 - INFO - [2022] MISSING_CENTRAL: ZFake3Mu/Central/muons/3/px in Skim_TriLep_TTG_PTG200toInf.root
2026-04-12 12:22:32,715 - INFO - [2022EE] MISSING_CENTRAL: ZFake3Mu/Central/muons/3/px in Skim_TriLep_DYJets10to50.root
2026-04-12 12:22:32,715 - INFO - [2022EE] MISSING_CENTRAL: ZFake3Mu/Central/muons/3/px in Skim_TriLep_TTG_PTG10to100.root
2026-04-12 12:22:33,016 - INFO - [2023] MISSING_CENTRAL: ZFake3Mu/Central/muons/3/px in Skim_TriLep_DYJets10to50.root
2026-04-12 12:22:33,017 - INFO - [2023] MISSING_CENTRAL: ZFake3Mu/Central/muons/3/px in Skim_TriLep_TTG_PTG10to100.root
2026-04-12 12:22:33,017 - INFO - [2023] MISSING_CENTRAL: ZFake3Mu/Central/muons/3/px in Skim_TriLep_TTG_PTG100to200.root
2026-04-12 12:22:33,018 - INFO - [2023] MISSING_CENTRAL: ZFake3Mu/Central/muons/3/px in Skim_TriLep_TTG_PTG200toInf.root
2026-04-12 12:22:33,288 - INFO - [2023BPix] MISSING_CENTRAL: ZFake3Mu/Central/muons/3/px in Skim_TriLep_DYJets10to50.root
2026-04-12 12:22:33,323 - INFO - [2023BPix] MISSING_CENTRAL: ZFake3Mu/Central/muons/3/px in Skim_TriLep_TTG_PTG100to200.root
2026-04-12 12:22:33,324 - INFO - [2023BPix] MISSING_CENTRAL: ZFake3Mu/Central/muons/3/px in Skim_TriLep_TTG_PTG200toInf.root
2026-04-12 12:42:11,406 - INFO - [2022] MISSING_CENTRAL: ZFake3Mu/Central/muons/3/px in Skim_TriLep_DYJets10to50.root
2026-04-12 12:42:11,407 - INFO - [2022] MISSING_CENTRAL: ZFake3Mu/Central/muons/3/px in Skim_TriLep_TTG_PTG10to100.root
2026-04-12 12:42:11,407 - INFO - [2022] MISSING_CENTRAL: ZFake3Mu/Central/muons/3/px in Skim_TriLep_TTG_PTG100to200.root
2026-04-12 12:42:11,408 - INFO - [2022] MISSING_CENTRAL: ZFake3Mu/Central/muons/3/px in Skim_TriLep_TTG_PTG200toInf.root
2026-04-12 12:42:11,665 - INFO - [2022EE] MISSING_CENTRAL: ZFake3Mu/Central/muons/3/px in Skim_TriLep_DYJets10to50.root
2026-04-12 12:42:11,665 - INFO - [2022EE] MISSING_CENTRAL: ZFake3Mu/Central/muons/3/px in Skim_TriLep_TTG_PTG10to100.root
2026-04-12 12:42:11,971 - INFO - [2023] MISSING_CENTRAL: ZFake3Mu/Central/muons/3/px in Skim_TriLep_DYJets10to50.root
2026-04-12 12:42:11,971 - INFO - [2023] MISSING_CENTRAL: ZFake3Mu/Central/muons/3/px in Skim_TriLep_TTG_PTG10to100.root
2026-04-12 12:42:11,972 - INFO - [2023] MISSING_CENTRAL: ZFake3Mu/Central/muons/3/px in Skim_TriLep_TTG_PTG100to200.root
2026-04-12 12:42:11,973 - INFO - [2023] MISSING_CENTRAL: ZFake3Mu/Central/muons/3/px in Skim_TriLep_TTG_PTG200toInf.root
2026-04-12 12:42:12,238 - INFO - [2023BPix] MISSING_CENTRAL: ZFake3Mu/Central/muons/3/px in Skim_TriLep_DYJets10to50.root
2026-04-12 12:42:12,255 - INFO - [2023BPix] MISSING_CENTRAL: ZFake3Mu/Central/muons/3/px in Skim_TriLep_TTG_PTG100to200.root
2026-04-12 12:42:12,256 - INFO - [2023BPix] MISSING_CENTRAL: ZFake3Mu/Central/muons/3/px in Skim_TriLep_TTG_PTG200toInf.root
2026-04-12 20:50:21,884 - INFO - [2022] MISSING_CENTRAL: ZFake3Mu/Central/muons/3/px in Skim_TriLep_DYJets10to50.root
2026-04-12 20:50:21,884 - INFO - [2022] MISSING_CENTRAL: ZFake3Mu/Central/muons/3/px in Skim_TriLep_TTG_PTG10to100.root
2026-04-12 20:50:21,885 - INFO - [2022] MISSING_CENTRAL: ZFake3Mu/Central/muons/3/px in Skim_TriLep_TTG_PTG100to200.root
2026-04-12 20:50:21,885 - INFO - [2022] MISSING_CENTRAL: ZFake3Mu/Central/muons/3/px in Skim_TriLep_TTG_PTG200toInf.root
2026-04-12 20:50:22,158 - INFO - [2022EE] MISSING_CENTRAL: ZFake3Mu/Central/muons/3/px in Skim_TriLep_DYJets10to50.root
2026-04-12 20:50:22,159 - INFO - [2022EE] MISSING_CENTRAL: ZFake3Mu/Central/muons/3/px in Skim_TriLep_TTG_PTG10to100.root
2026-04-12 20:50:22,467 - INFO - [2023] MISSING_CENTRAL: ZFake3Mu/Central/muons/3/px in Skim_TriLep_DYJets10to50.root
2026-04-12 20:50:22,468 - INFO - [2023] MISSING_CENTRAL: ZFake3Mu/Central/muons/3/px in Skim_TriLep_TTG_PTG10to100.root
2026-04-12 20:50:22,469 - INFO - [2023] MISSING_CENTRAL: ZFake3Mu/Central/muons/3/px in Skim_TriLep_TTG_PTG100to200.root
2026-04-12 20:50:22,469 - INFO - [2023] MISSING_CENTRAL: ZFake3Mu/Central/muons/3/px in Skim_TriLep_TTG_PTG200toInf.root
2026-04-12 20:50:22,735 - INFO - [2023BPix] MISSING_CENTRAL: ZFake3Mu/Central/muons/3/px in Skim_TriLep_DYJets10to50.root
2026-04-12 20:50:22,752 - INFO - [2023BPix] MISSING_CENTRAL: ZFake3Mu/Central/muons/3/px in Skim_TriLep_TTG_PTG100to200.root
2026-04-12 20:50:22,753 - INFO - [2023BPix] MISSING_CENTRAL: ZFake3Mu/Central/muons/3/px in Skim_TriLep_TTG_PTG200toInf.root
2026-04-12 21:21:54,942 - INFO - [2022] MISSING_CENTRAL: ZFake3Mu/Central/muons/3/px in Skim_TriLep_DYJets10to50.root
2026-04-12 21:21:54,943 - INFO - [2022] MISSING_CENTRAL: ZFake3Mu/Central/muons/3/px in Skim_TriLep_TTG_PTG10to100.root
2026-04-12 21:21:54,943 - INFO - [2022] MISSING_CENTRAL: ZFake3Mu/Central/muons/3/px in Skim_TriLep_TTG_PTG100to200.root
2026-04-12 21:21:54,944 - INFO - [2022] MISSING_CENTRAL: ZFake3Mu/Central/muons/3/px in Skim_TriLep_TTG_PTG200toInf.root
2026-04-12 21:21:55,199 - INFO - [2022EE] MISSING_CENTRAL: ZFake3Mu/Central/muons/3/px in Skim_TriLep_DYJets10to50.root
2026-04-12 21:21:55,200 - INFO - [2022EE] MISSING_CENTRAL: ZFake3Mu/Central/muons/3/px in Skim_TriLep_TTG_PTG10to100.root
2026-04-12 21:21:55,500 - INFO - [2023] MISSING_CENTRAL: ZFake3Mu/Central/muons/3/px in Skim_TriLep_DYJets10to50.root
2026-04-12 21:21:55,501 - INFO - [2023] MISSING_CENTRAL: ZFake3Mu/Central/muons/3/px in Skim_TriLep_TTG_PTG10to100.root
2026-04-12 21:21:55,501 - INFO - [2023] MISSING_CENTRAL: ZFake3Mu/Central/muons/3/px in Skim_TriLep_TTG_PTG100to200.root
2026-04-12 21:21:55,502 - INFO - [2023] MISSING_CENTRAL: ZFake3Mu/Central/muons/3/px in Skim_TriLep_TTG_PTG200toInf.root
2026-04-12 21:21:55,772 - INFO - [2023BPix] MISSING_CENTRAL: ZFake3Mu/Central/muons/3/px in Skim_TriLep_DYJets10to50.root
2026-04-12 21:21:55,790 - INFO - [2023BPix] MISSING_CENTRAL: ZFake3Mu/Central/muons/3/px in Skim_TriLep_TTG_PTG100to200.root
2026-04-12 21:21:55,790 - INFO - [2023BPix] MISSING_CENTRAL: ZFake3Mu/Central/muons/3/px in Skim_TriLep_TTG_PTG200toInf.root
2026-04-13 12:59:44,346 - INFO - [2022] MISSING_CENTRAL: ZFake3Mu/Central/muons/3/px in Skim_TriLep_DYJets10to50.root
2026-04-13 12:59:44,347 - INFO - [2022] MISSING_CENTRAL: ZFake3Mu/Central/muons/3/px in Skim_TriLep_TTG_PTG10to100.root
2026-04-13 12:59:44,347 - INFO - [2022] MISSING_CENTRAL: ZFake3Mu/Central/muons/3/px in Skim_TriLep_TTG_PTG100to200.root
2026-04-13 12:59:44,348 - INFO - [2022] MISSING_CENTRAL: ZFake3Mu/Central/muons/3/px in Skim_TriLep_TTG_PTG200toInf.root
2026-04-13 12:59:44,712 - INFO - [2022EE] MISSING_CENTRAL: ZFake3Mu/Central/muons/3/px in Skim_TriLep_DYJets10to50.root
2026-04-13 12:59:44,712 - INFO - [2022EE] MISSING_CENTRAL: ZFake3Mu/Central/muons/3/px in Skim_TriLep_TTG_PTG10to100.root
2026-04-13 12:59:45,147 - INFO - [2023] MISSING_CENTRAL: ZFake3Mu/Central/muons/3/px in Skim_TriLep_DYJets10to50.root
2026-04-13 12:59:45,148 - INFO - [2023] MISSING_CENTRAL: ZFake3Mu/Central/muons/3/px in Skim_TriLep_TTG_PTG10to100.root
2026-04-13 12:59:45,148 - INFO - [2023] MISSING_CENTRAL: ZFake3Mu/Central/muons/3/px in Skim_TriLep_TTG_PTG100to200.root
2026-04-13 12:59:45,149 - INFO - [2023] MISSING_CENTRAL: ZFake3Mu/Central/muons/3/px in Skim_TriLep_TTG_PTG200toInf.root
2026-04-13 12:59:45,453 - INFO - [2023BPix] MISSING_CENTRAL: ZFake3Mu/Central/muons/3/px in Skim_TriLep_DYJets10to50.root
2026-04-13 12:59:45,473 - INFO - [2023BPix] MISSING_CENTRAL: ZFake3Mu/Central/muons/3/px in Skim_TriLep_TTG_PTG100to200.root
2026-04-13 12:59:45,474 - INFO - [2023BPix] MISSING_CENTRAL: ZFake3Mu/Central/muons/3/px in Skim_TriLep_TTG_PTG200toInf.root
2026-04-16 17:42:16,005 - INFO - [2022] MISSING_CENTRAL: ZFake3Mu/Central/muons/3/px in Skim_TriLep_DYJets10to50.root
2026-04-16 17:42:16,006 - INFO - [2022] MISSING_CENTRAL: ZFake3Mu/Central/muons/3/px in Skim_TriLep_TTG_PTG10to100.root
2026-04-16 17:42:16,007 - INFO - [2022] MISSING_CENTRAL: ZFake3Mu/Central/muons/3/px in Skim_TriLep_TTG_PTG100to200.root
2026-04-16 17:42:16,007 - INFO - [2022] MISSING_CENTRAL: ZFake3Mu/Central/muons/3/px in Skim_TriLep_TTG_PTG200toInf.root
2026-04-16 17:42:16,396 - INFO - [2022EE] MISSING_CENTRAL: ZFake3Mu/Central/muons/3/px in Skim_TriLep_DYJets10to50.root
2026-04-16 17:42:16,397 - INFO - [2022EE] MISSING_CENTRAL: ZFake3Mu/Central/muons/3/px in Skim_TriLep_TTG_PTG10to100.root
2026-04-16 17:42:16,741 - INFO - [2023] MISSING_CENTRAL: ZFake3Mu/Central/muons/3/px in Skim_TriLep_DYJets10to50.root
2026-04-16 17:42:16,741 - INFO - [2023] MISSING_CENTRAL: ZFake3Mu/Central/muons/3/px in Skim_TriLep_TTG_PTG10to100.root
2026-04-16 17:42:16,742 - INFO - [2023] MISSING_CENTRAL: ZFake3Mu/Central/muons/3/px in Skim_TriLep_TTG_PTG100to200.root
2026-04-16 17:42:16,743 - INFO - [2023] MISSING_CENTRAL: ZFake3Mu/Central/muons/3/px in Skim_TriLep_TTG_PTG200toInf.root
2026-04-16 17:42:17,105 - INFO - [2023BPix] MISSING_CENTRAL: ZFake3Mu/Central/muons/3/px in Skim_TriLep_DYJets10to50.root
2026-04-16 17:42:17,125 - INFO - [2023BPix] MISSING_CENTRAL: ZFake3Mu/Central/muons/3/px in Skim_TriLep_TTG_PTG100to200.root
2026-04-16 17:42:17,126 - INFO - [2023BPix] MISSING_CENTRAL: ZFake3Mu/Central/muons/3/px in Skim_TriLep_TTG_PTG200toInf.root
2026-04-28 15:21:01,052 - INFO - [2022] MISSING_CENTRAL: ZFake3Mu/Central/muons/3/px in Skim_TriLep_DYJets10to50.root
2026-04-28 15:21:01,053 - INFO - [2022] MISSING_CENTRAL: ZFake3Mu/Central/muons/3/px in Skim_TriLep_TTG_PTG10to100.root
2026-04-28 15:21:01,054 - INFO - [2022] MISSING_CENTRAL: ZFake3Mu/Central/muons/3/px in Skim_TriLep_TTG_PTG100to200.root
2026-04-28 15:21:01,054 - INFO - [2022] MISSING_CENTRAL: ZFake3Mu/Central/muons/3/px in Skim_TriLep_TTG_PTG200toInf.root
2026-04-28 15:21:01,406 - INFO - [2022EE] MISSING_CENTRAL: ZFake3Mu/Central/muons/3/px in Skim_TriLep_DYJets10to50.root
2026-04-28 15:21:01,406 - INFO - [2022EE] MISSING_CENTRAL: ZFake3Mu/Central/muons/3/px in Skim_TriLep_TTG_PTG10to100.root
2026-04-28 15:21:01,910 - INFO - [2023] MISSING_CENTRAL: ZFake3Mu/Central/muons/3/px in Skim_TriLep_DYJets10to50.root
2026-04-28 15:21:01,910 - INFO - [2023] MISSING_CENTRAL: ZFake3Mu/Central/muons/3/px in Skim_TriLep_TTG_PTG10to100.root
2026-04-28 15:21:01,910 - INFO - [2023] MISSING_CENTRAL: ZFake3Mu/Central/muons/3/px in Skim_TriLep_TTG_PTG100to200.root
2026-04-28 15:21:01,911 - INFO - [2023] MISSING_CENTRAL: ZFake3Mu/Central/muons/3/px in Skim_TriLep_TTG_PTG200toInf.root
2026-04-28 15:21:02,362 - INFO - [2023BPix] MISSING_CENTRAL: ZFake3Mu/Central/muons/3/px in Skim_TriLep_DYJets10to50.root
2026-04-28 15:21:02,380 - INFO - [2023BPix] MISSING_CENTRAL: ZFake3Mu/Central/muons/3/px in Skim_TriLep_TTG_PTG100to200.root
2026-04-28 15:21:02,381 - INFO - [2023BPix] MISSING_CENTRAL: ZFake3Mu/Central/muons/3/px in Skim_TriLep_TTG_PTG200toInf.root
2026-04-28 20:34:08,500 - INFO - [2022] MISSING_CENTRAL: ZFake3Mu/Central/muons/3/px in Skim_TriLep_DYJets10to50.root
2026-04-28 20:34:08,501 - INFO - [2022] MISSING_CENTRAL: ZFake3Mu/Central/muons/3/px in Skim_TriLep_TTG_PTG10to100.root
2026-04-28 20:34:08,501 - INFO - [2022] MISSING_CENTRAL: ZFake3Mu/Central/muons/3/px in Skim_TriLep_TTG_PTG100to200.root
2026-04-28 20:34:08,502 - INFO - [2022] MISSING_CENTRAL: ZFake3Mu/Central/muons/3/px in Skim_TriLep_TTG_PTG200toInf.root
2026-04-28 20:34:08,815 - INFO - [2022EE] MISSING_CENTRAL: ZFake3Mu/Central/muons/3/px in Skim_TriLep_DYJets10to50.root
2026-04-28 20:34:08,816 - INFO - [2022EE] MISSING_CENTRAL: ZFake3Mu/Central/muons/3/px in Skim_TriLep_TTG_PTG10to100.root
2026-04-28 20:34:09,178 - INFO - [2023] MISSING_CENTRAL: ZFake3Mu/Central/muons/3/px in Skim_TriLep_DYJets10to50.root
2026-04-28 20:34:09,179 - INFO - [2023] MISSING_CENTRAL: ZFake3Mu/Central/muons/3/px in Skim_TriLep_TTG_PTG10to100.root
2026-04-28 20:34:09,180 - INFO - [2023] MISSING_CENTRAL: ZFake3Mu/Central/muons/3/px in Skim_TriLep_TTG_PTG100to200.root
2026-04-28 20:34:09,180 - INFO - [2023] MISSING_CENTRAL: ZFake3Mu/Central/muons/3/px in Skim_TriLep_TTG_PTG200toInf.root
2026-04-28 20:34:09,485 - INFO - [2023BPix] MISSING_CENTRAL: ZFake3Mu/Central/muons/3/px in Skim_TriLep_DYJets10to50.root
2026-04-28 20:34:09,506 - INFO - [2023BPix] MISSING_CENTRAL: ZFake3Mu/Central/muons/3/px in Skim_TriLep_TTG_PTG100to200.root
2026-04-28 20:34:09,507 - INFO - [2023BPix] MISSING_CENTRAL: ZFake3Mu/Central/muons/3/px in Skim_TriLep_TTG_PTG200toInf.root
2026-05-04 15:40:45,124 - INFO - [2022] MISSING_CENTRAL: ZFake3Mu/Central/muons/3/px in Skim_TriLep_DYJets10to50.root
2026-05-04 15:40:45,124 - INFO - [2022] MISSING_CENTRAL: ZFake3Mu/Central/muons/3/px in Skim_TriLep_TTG_PTG10to100.root
2026-05-04 15:40:45,125 - INFO - [2022] MISSING_CENTRAL: ZFake3Mu/Central/muons/3/px in Skim_TriLep_TTG_PTG100to200.root
2026-05-04 15:40:45,125 - INFO - [2022] MISSING_CENTRAL: ZFake3Mu/Central/muons/3/px in Skim_TriLep_TTG_PTG200toInf.root
2026-05-04 15:40:45,534 - INFO - [2022EE] MISSING_CENTRAL: ZFake3Mu/Central/muons/3/px in Skim_TriLep_DYJets10to50.root
2026-05-04 15:40:45,535 - INFO - [2022EE] MISSING_CENTRAL: ZFake3Mu/Central/muons/3/px in Skim_TriLep_TTG_PTG10to100.root
2026-05-04 15:40:46,042 - INFO - [2023] MISSING_CENTRAL: ZFake3Mu/Central/muons/3/px in Skim_TriLep_DYJets10to50.root
2026-05-04 15:40:46,043 - INFO - [2023] MISSING_CENTRAL: ZFake3Mu/Central/muons/3/px in Skim_TriLep_TTG_PTG10to100.root
2026-05-04 15:40:46,043 - INFO - [2023] MISSING_CENTRAL: ZFake3Mu/Central/muons/3/px in Skim_TriLep_TTG_PTG100to200.root
2026-05-04 15:40:46,044 - INFO - [2023] MISSING_CENTRAL: ZFake3Mu/Central/muons/3/px in Skim_TriLep_TTG_PTG200toInf.root
2026-05-04 15:40:46,485 - INFO - [2023BPix] MISSING_CENTRAL: ZFake3Mu/Central/muons/3/px in Skim_TriLep_DYJets10to50.root
2026-05-04 15:40:46,507 - INFO - [2023BPix] MISSING_CENTRAL: ZFake3Mu/Central/muons/3/px in Skim_TriLep_TTG_PTG100to200.root
2026-05-04 15:40:46,508 - INFO - [2023BPix] MISSING_CENTRAL: ZFake3Mu/Central/muons/3/px in Skim_TriLep_TTG_PTG200toInf.root
2026-05-04 16:04:47,588 - INFO - [2022] MISSING_CENTRAL: ZFake3Mu/Central/muons/3/px in Skim_TriLep_DYJets10to50.root
2026-05-04 16:04:47,588 - INFO - [2022] MISSING_CENTRAL: ZFake3Mu/Central/muons/3/px in Skim_TriLep_TTG_PTG10to100.root
2026-05-04 16:04:47,589 - INFO - [2022] MISSING_CENTRAL: ZFake3Mu/Central/muons/3/px in Skim_TriLep_TTG_PTG100to200.root
2026-05-04 16:04:47,589 - INFO - [2022] MISSING_CENTRAL: ZFake3Mu/Central/muons/3/px in Skim_TriLep_TTG_PTG200toInf.root
2026-05-04 16:04:47,901 - INFO - [2022EE] MISSING_CENTRAL: ZFake3Mu/Central/muons/3/px in Skim_TriLep_DYJets10to50.root
2026-05-04 16:04:47,902 - INFO - [2022EE] MISSING_CENTRAL: ZFake3Mu/Central/muons/3/px in Skim_TriLep_TTG_PTG10to100.root
2026-05-04 16:04:48,259 - INFO - [2023] MISSING_CENTRAL: ZFake3Mu/Central/muons/3/px in Skim_TriLep_DYJets10to50.root
2026-05-04 16:04:48,259 - INFO - [2023] MISSING_CENTRAL: ZFake3Mu/Central/muons/3/px in Skim_TriLep_TTG_PTG10to100.root
2026-05-04 16:04:48,260 - INFO - [2023] MISSING_CENTRAL: ZFake3Mu/Central/muons/3/px in Skim_TriLep_TTG_PTG100to200.root
2026-05-04 16:04:48,261 - INFO - [2023] MISSING_CENTRAL: ZFake3Mu/Central/muons/3/px in Skim_TriLep_TTG_PTG200toInf.root
2026-05-04 16:04:48,572 - INFO - [2023BPix] MISSING_CENTRAL: ZFake3Mu/Central/muons/3/px in Skim_TriLep_DYJets10to50.root
2026-05-04 16:04:48,593 - INFO - [2023BPix] MISSING_CENTRAL: ZFake3Mu/Central/muons/3/px in Skim_TriLep_TTG_PTG100to200.root
2026-05-04 16:04:48,594 - INFO - [2023BPix] MISSING_CENTRAL: ZFake3Mu/Central/muons/3/px in Skim_TriLep_TTG_PTG200toInf.root
2026-05-04 17:11:39,349 - INFO - [2022] MISSING_CENTRAL: ZFake3Mu/Central/muons/3/px in Skim_TriLep_DYJets10to50.root
2026-05-04 17:11:39,350 - INFO - [2022] MISSING_CENTRAL: ZFake3Mu/Central/muons/3/px in Skim_TriLep_TTG_PTG10to100.root
2026-05-04 17:11:39,350 - INFO - [2022] MISSING_CENTRAL: ZFake3Mu/Central/muons/3/px in Skim_TriLep_TTG_PTG100to200.root
2026-05-04 17:11:39,351 - INFO - [2022] MISSING_CENTRAL: ZFake3Mu/Central/muons/3/px in Skim_TriLep_TTG_PTG200toInf.root
2026-05-04 17:11:39,671 - INFO - [2022EE] MISSING_CENTRAL: ZFake3Mu/Central/muons/3/px in Skim_TriLep_DYJets10to50.root
2026-05-04 17:11:39,672 - INFO - [2022EE] MISSING_CENTRAL: ZFake3Mu/Central/muons/3/px in Skim_TriLep_TTG_PTG10to100.root
2026-05-04 17:11:40,129 - INFO - [2023] MISSING_CENTRAL: ZFake3Mu/Central/muons/3/px in Skim_TriLep_DYJets10to50.root
2026-05-04 17:11:40,130 - INFO - [2023] MISSING_CENTRAL: ZFake3Mu/Central/muons/3/px in Skim_TriLep_TTG_PTG10to100.root
2026-05-04 17:11:40,131 - INFO - [2023] MISSING_CENTRAL: ZFake3Mu/Central/muons/3/px in Skim_TriLep_TTG_PTG100to200.root
2026-05-04 17:11:40,131 - INFO - [2023] MISSING_CENTRAL: ZFake3Mu/Central/muons/3/px in Skim_TriLep_TTG_PTG200toInf.root
2026-05-04 17:11:40,452 - INFO - [2023BPix] MISSING_CENTRAL: ZFake3Mu/Central/muons/3/px in Skim_TriLep_DYJets10to50.root
2026-05-04 17:11:40,474 - INFO - [2023BPix] MISSING_CENTRAL: ZFake3Mu/Central/muons/3/px in Skim_TriLep_TTG_PTG100to200.root
2026-05-04 17:11:40,475 - INFO - [2023BPix] MISSING_CENTRAL: ZFake3Mu/Central/muons/3/px in Skim_TriLep_TTG_PTG200toInf.root
2026-05-28 15:48:26,115 - INFO - [2022] MISSING_CENTRAL: ZFake3Mu/Central/muons/3/px in Skim_TriLep_DYJets10to50.root
2026-05-28 15:48:26,116 - INFO - [2022] MISSING_CENTRAL: ZFake3Mu/Central/muons/3/px in Skim_TriLep_TTG_PTG10to100.root
2026-05-28 15:48:26,117 - INFO - [2022] MISSING_CENTRAL: ZFake3Mu/Central/muons/3/px in Skim_TriLep_TTG_PTG100to200.root
2026-05-28 15:48:26,118 - INFO - [2022] MISSING_CENTRAL: ZFake3Mu/Central/muons/3/px in Skim_TriLep_TTG_PTG200toInf.root
2026-05-28 15:48:26,655 - INFO - [2022EE] MISSING_CENTRAL: ZFake3Mu/Central/muons/3/px in Skim_TriLep_DYJets10to50.root
2026-05-28 15:48:26,656 - INFO - [2022EE] MISSING_CENTRAL: ZFake3Mu/Central/muons/3/px in Skim_TriLep_TTG_PTG10to100.root
2026-05-28 15:48:27,288 - INFO - [2023] MISSING_CENTRAL: ZFake3Mu/Central/muons/3/px in Skim_TriLep_DYJets10to50.root
2026-05-28 15:48:27,290 - INFO - [2023] MISSING_CENTRAL: ZFake3Mu/Central/muons/3/px in Skim_TriLep_TTG_PTG10to100.root
2026-05-28 15:48:27,291 - INFO - [2023] MISSING_CENTRAL: ZFake3Mu/Central/muons/3/px in Skim_TriLep_TTG_PTG100to200.root
2026-05-28 15:48:27,292 - INFO - [2023] MISSING_CENTRAL: ZFake3Mu/Central/muons/3/px in Skim_TriLep_TTG_PTG200toInf.root
2026-05-28 15:48:27,904 - INFO - [2023BPix] MISSING_CENTRAL: ZFake3Mu/Central/muons/3/px in Skim_TriLep_DYJets10to50.root
2026-05-28 15:48:27,942 - INFO - [2023BPix] MISSING_CENTRAL: ZFake3Mu/Central/muons/3/px in Skim_TriLep_TTG_PTG100to200.root
2026-05-28 15:48:27,944 - INFO - [2023BPix] MISSING_CENTRAL: ZFake3Mu/Central/muons/3/px in Skim_TriLep_TTG_PTG200toInf.root
2026-05-29 15:21:52,716 - INFO - [2022] MISSING_CENTRAL: ZFake3Mu/Central/muons/3/px in Skim_TriLep_DYJets10to50.root
2026-05-29 15:21:52,717 - INFO - [2022] MISSING_CENTRAL: ZFake3Mu/Central/muons/3/px in Skim_TriLep_TTG_PTG10to100.root
2026-05-29 15:21:52,718 - INFO - [2022] MISSING_CENTRAL: ZFake3Mu/Central/muons/3/px in Skim_TriLep_TTG_PTG100to200.root
2026-05-29 15:21:52,718 - INFO - [2022] MISSING_CENTRAL: ZFake3Mu/Central/muons/3/px in Skim_TriLep_TTG_PTG200toInf.root
2026-05-29 15:21:53,117 - INFO - [2022EE] MISSING_CENTRAL: ZFake3Mu/Central/muons/3/px in Skim_TriLep_DYJets10to50.root
2026-05-29 15:21:53,117 - INFO - [2022EE] MISSING_CENTRAL: ZFake3Mu/Central/muons/3/px in Skim_TriLep_TTG_PTG10to100.root
2026-05-29 15:21:53,632 - INFO - [2023] MISSING_CENTRAL: ZFake3Mu/Central/muons/3/px in Skim_TriLep_DYJets10to50.root
2026-05-29 15:21:53,633 - INFO - [2023] MISSING_CENTRAL: ZFake3Mu/Central/muons/3/px in Skim_TriLep_TTG_PTG10to100.root
2026-05-29 15:21:53,633 - INFO - [2023] MISSING_CENTRAL: ZFake3Mu/Central/muons/3/px in Skim_TriLep_TTG_PTG100to200.root
2026-05-29 15:21:53,634 - INFO - [2023] MISSING_CENTRAL: ZFake3Mu/Central/muons/3/px in Skim_TriLep_TTG_PTG200toInf.root
2026-05-29 15:21:54,075 - INFO - [2023BPix] MISSING_CENTRAL: ZFake3Mu/Central/muons/3/px in Skim_TriLep_DYJets10to50.root
2026-05-29 15:21:54,096 - INFO - [2023BPix] MISSING_CENTRAL: ZFake3Mu/Central/muons/3/px in Skim_TriLep_TTG_PTG100to200.root
2026-05-29 15:21:54,096 - INFO - [2023BPix] MISSING_CENTRAL: ZFake3Mu/Central/muons/3/px in Skim_TriLep_TTG_PTG200toInf.root
2026-05-29 15:39:22,528 - INFO - [2022] MISSING_CENTRAL: ZFake3Mu/Central/muons/3/px in Skim_TriLep_DYJets10to50.root
2026-05-29 15:39:22,529 - INFO - [2022] MISSING_CENTRAL: ZFake3Mu/Central/muons/3/px in Skim_TriLep_TTG_PTG10to100.root
2026-05-29 15:39:22,529 - INFO - [2022] MISSING_CENTRAL: ZFake3Mu/Central/muons/3/px in Skim_TriLep_TTG_PTG100to200.root
2026-05-29 15:39:22,530 - INFO - [2022] MISSING_CENTRAL: ZFake3Mu/Central/muons/3/px in Skim_TriLep_TTG_PTG200toInf.root
2026-05-29 15:39:22,850 - INFO - [2022EE] MISSING_CENTRAL: ZFake3Mu/Central/muons/3/px in Skim_TriLep_DYJets10to50.root
2026-05-29 15:39:22,851 - INFO - [2022EE] MISSING_CENTRAL: ZFake3Mu/Central/muons/3/px in Skim_TriLep_TTG_PTG10to100.root
2026-05-29 15:39:23,228 - INFO - [2023] MISSING_CENTRAL: ZFake3Mu/Central/muons/3/px in Skim_TriLep_DYJets10to50.root
2026-05-29 15:39:23,229 - INFO - [2023] MISSING_CENTRAL: ZFake3Mu/Central/muons/3/px in Skim_TriLep_TTG_PTG10to100.root
2026-05-29 15:39:23,229 - INFO - [2023] MISSING_CENTRAL: ZFake3Mu/Central/muons/3/px in Skim_TriLep_TTG_PTG100to200.root
2026-05-29 15:39:23,230 - INFO - [2023] MISSING_CENTRAL: ZFake3Mu/Central/muons/3/px in Skim_TriLep_TTG_PTG200toInf.root
2026-05-29 15:39:23,566 - INFO - [2023BPix] MISSING_CENTRAL: ZFake3Mu/Central/muons/3/px in Skim_TriLep_DYJets10to50.root
2026-05-29 15:39:23,588 - INFO - [2023BPix] MISSING_CENTRAL: ZFake3Mu/Central/muons/3/px in Skim_TriLep_TTG_PTG100to200.root
2026-05-29 15:39:23,589 - INFO - [2023BPix] MISSING_CENTRAL: ZFake3Mu/Central/muons/3/px in Skim_TriLep_TTG_PTG200toInf.root
2026-05-29 18:30:45,185 - INFO - [2022] MISSING_CENTRAL: ZFake3Mu/Central/muons/3/px in Skim_TriLep_DYJets10to50.root
2026-05-29 18:30:45,186 - INFO - [2022] MISSING_CENTRAL: ZFake3Mu/Central/muons/3/px in Skim_TriLep_TTG_PTG10to100.root
2026-05-29 18:30:45,186 - INFO - [2022] MISSING_CENTRAL: ZFake3Mu/Central/muons/3/px in Skim_TriLep_TTG_PTG100to200.root
2026-05-29 18:30:45,187 - INFO - [2022] MISSING_CENTRAL: ZFake3Mu/Central/muons/3/px in Skim_TriLep_TTG_PTG200toInf.root
2026-05-29 18:30:45,505 - INFO - [2022EE] MISSING_CENTRAL: ZFake3Mu/Central/muons/3/px in Skim_TriLep_DYJets10to50.root
2026-05-29 18:30:45,506 - INFO - [2022EE] MISSING_CENTRAL: ZFake3Mu/Central/muons/3/px in Skim_TriLep_TTG_PTG10to100.root
2026-05-29 18:30:45,887 - INFO - [2023] MISSING_CENTRAL: ZFake3Mu/Central/muons/3/px in Skim_TriLep_DYJets10to50.root
2026-05-29 18:30:45,887 - INFO - [2023] MISSING_CENTRAL: ZFake3Mu/Central/muons/3/px in Skim_TriLep_TTG_PTG10to100.root
2026-05-29 18:30:45,888 - INFO - [2023] MISSING_CENTRAL: ZFake3Mu/Central/muons/3/px in Skim_TriLep_TTG_PTG100to200.root
2026-05-29 18:30:45,888 - INFO - [2023] MISSING_CENTRAL: ZFake3Mu/Central/muons/3/px in Skim_TriLep_TTG_PTG200toInf.root
2026-05-29 18:30:46,222 - INFO - [2023BPix] MISSING_CENTRAL: ZFake3Mu/Central/muons/3/px in Skim_TriLep_DYJets10to50.root
2026-05-29 18:30:46,243 - INFO - [2023BPix] MISSING_CENTRAL: ZFake3Mu/Central/muons/3/px in Skim_TriLep_TTG_PTG100to200.root
2026-05-29 18:30:46,244 - INFO - [2023BPix] MISSING_CENTRAL: ZFake3Mu/Central/muons/3/px in Skim_TriLep_TTG_PTG200toInf.root
2026-06-12 14:35:03,841 - INFO - [2022] MISSING_CENTRAL: ZFake3Mu/Central/muons/3/px in Skim_TriLep_DYJets10to50.root
2026-06-12 14:35:03,842 - INFO - [2022] MISSING_CENTRAL: ZFake3Mu/Central/muons/3/px in Skim_TriLep_TTG_PTG10to100.root
2026-06-12 14:35:03,843 - INFO - [2022] MISSING_CENTRAL: ZFake3Mu/Central/muons/3/px in Skim_TriLep_TTG_PTG100to200.root
2026-06-12 14:35:03,843 - INFO - [2022] MISSING_CENTRAL: ZFake3Mu/Central/muons/3/px in Skim_TriLep_TTG_PTG200toInf.root
2026-06-12 14:35:04,150 - INFO - [2022EE] MISSING_CENTRAL: ZFake3Mu/Central/muons/3/px in Skim_TriLep_DYJets10to50.root
2026-06-12 14:35:04,150 - INFO - [2022EE] MISSING_CENTRAL: ZFake3Mu/Central/muons/3/px in Skim_TriLep_TTG_PTG10to100.root
2026-06-12 14:35:04,523 - INFO - [2023] MISSING_CENTRAL: ZFake3Mu/Central/muons/3/px in Skim_TriLep_DYJets10to50.root
2026-06-12 14:35:04,524 - INFO - [2023] MISSING_CENTRAL: ZFake3Mu/Central/muons/3/px in Skim_TriLep_TTG_PTG10to100.root
2026-06-12 14:35:04,524 - INFO - [2023] MISSING_CENTRAL: ZFake3Mu/Central/muons/3/px in Skim_TriLep_TTG_PTG100to200.root
2026-06-12 14:35:04,525 - INFO - [2023] MISSING_CENTRAL: ZFake3Mu/Central/muons/3/px in Skim_TriLep_TTG_PTG200toInf.root
2026-06-12 14:35:04,846 - INFO - [2023BPix] MISSING_CENTRAL: ZFake3Mu/Central/muons/3/px in Skim_TriLep_DYJets10to50.root
2026-06-12 14:35:04,866 - INFO - [2023BPix] MISSING_CENTRAL: ZFake3Mu/Central/muons/3/px in Skim_TriLep_TTG_PTG100to200.root
2026-06-12 14:35:04,867 - INFO - [2023BPix] MISSING_CENTRAL: ZFake3Mu/Central/muons/3/px in Skim_TriLep_TTG_PTG200toInf.root
2026-06-18 00:29:49,428 - INFO - [2022] MISSING_CENTRAL: ZFake3Mu/Central/muons/3/px in Skim_TriLep_DYJets10to50.root
2026-06-18 00:29:49,432 - INFO - [2022] MISSING_CENTRAL: ZFake3Mu/Central/muons/3/px in Skim_TriLep_TTG_PTG10to100.root
2026-06-18 00:29:49,432 - INFO - [2022] MISSING_CENTRAL: ZFake3Mu/Central/muons/3/px in Skim_TriLep_TTG_PTG100to200.root
2026-06-18 00:29:49,433 - INFO - [2022] MISSING_CENTRAL: ZFake3Mu/Central/muons/3/px in Skim_TriLep_TTG_PTG200toInf.root
2026-06-18 00:29:49,804 - INFO - [2022EE] MISSING_CENTRAL: ZFake3Mu/Central/muons/3/px in Skim_TriLep_DYJets10to50.root
2026-06-18 00:29:49,805 - INFO - [2022EE] MISSING_CENTRAL: ZFake3Mu/Central/muons/3/px in Skim_TriLep_TTG_PTG10to100.root
2026-06-18 00:29:50,315 - INFO - [2023] MISSING_CENTRAL: ZFake3Mu/Central/muons/3/px in Skim_TriLep_DYJets10to50.root
2026-06-18 00:29:50,316 - INFO - [2023] MISSING_CENTRAL: ZFake3Mu/Central/muons/3/px in Skim_TriLep_TTG_PTG10to100.root
2026-06-18 00:29:50,317 - INFO - [2023] MISSING_CENTRAL: ZFake3Mu/Central/muons/3/px in Skim_TriLep_TTG_PTG100to200.root
2026-06-18 00:29:50,318 - INFO - [2023] MISSING_CENTRAL: ZFake3Mu/Central/muons/3/px in Skim_TriLep_TTG_PTG200toInf.root
2026-06-18 00:29:50,647 - INFO - [2023BPix] MISSING_CENTRAL: ZFake3Mu/Central/muons/3/px in Skim_TriLep_DYJets10to50.root
2026-06-18 00:29:50,668 - INFO - [2023BPix] MISSING_CENTRAL: ZFake3Mu/Central/muons/3/px in Skim_TriLep_TTG_PTG100to200.root
2026-06-18 00:29:50,669 - INFO - [2023BPix] MISSING_CENTRAL: ZFake3Mu/Central/muons/3/px in Skim_TriLep_TTG_PTG200toInf.root
