2025-09-24 16:07:57,360 - INFO - [2022] MISSING_CENTRAL: ZFake3Mu/Central/muons/1/energy in Skim_TriLep_DYJets10to50.root
2025-09-24 16:07:57,361 - INFO - [2022] MISSING_CENTRAL: ZFake3Mu/Central/muons/1/energy in Skim_TriLep_DYGTo2LG_MLL4to50_PTG10to100.root
2025-09-24 16:07:57,361 - INFO - [2022] MISSING_CENTRAL: ZFake3Mu/Central/muons/1/energy in Skim_TriLep_DYGTo2LG_MLL4to50_PTG100to200.root
2025-09-24 16:07:57,361 - INFO - [2022] MISSING_CENTRAL: ZFake3Mu/Central/muons/1/energy in Skim_TriLep_DYGTo2LG_MLL4to50_PTG200toInf.root
2025-09-24 16:07:57,369 - INFO - [2022] MISSING_CENTRAL: ZFake3Mu/Central/muons/1/energy in Skim_TriLep_DYGTo2LG_MLL50_PTG100to200.root
2025-09-24 16:07:57,370 - INFO - [2022] MISSING_CENTRAL: ZFake3Mu/Central/muons/1/energy in Skim_TriLep_DYGTo2LG_MLL50_PTG200toInf.root
2025-09-24 16:07:57,387 - INFO - [2022] MISSING_CENTRAL: ZFake3Mu/Central/muons/1/energy in Skim_TriLep_TTG_PTG100to200.root
2025-09-24 16:07:57,387 - INFO - [2022] MISSING_CENTRAL: ZFake3Mu/Central/muons/1/energy in Skim_TriLep_TTG_PTG200toInf.root
2025-09-24 16:07:57,614 - INFO - [2022EE] MISSING_CENTRAL: ZFake3Mu/Central/muons/1/energy in Skim_TriLep_DYJets10to50.root
2025-09-24 16:07:57,614 - INFO - [2022EE] MISSING_CENTRAL: ZFake3Mu/Central/muons/1/energy in Skim_TriLep_DYGTo2LG_MLL4to50_PTG10to100.root
2025-09-24 16:07:57,615 - INFO - [2022EE] MISSING_CENTRAL: ZFake3Mu/Central/muons/1/energy in Skim_TriLep_DYGTo2LG_MLL4to50_PTG100to200.root
2025-09-24 16:07:57,854 - INFO - [2023] MISSING_CENTRAL: ZFake3Mu/Central/muons/1/energy in Skim_TriLep_DYJets10to50.root
2025-09-24 16:07:57,855 - INFO - [2023] MISSING_CENTRAL: ZFake3Mu/Central/muons/1/energy in Skim_TriLep_DYGTo2LG_MLL4to50_PTG10to100.root
2025-09-24 16:07:57,936 - INFO - [2023] MISSING_CENTRAL: ZFake3Mu/Central/muons/1/energy in Skim_TriLep_TTG_PTG100to200.root
2025-09-24 16:07:57,936 - INFO - [2023] MISSING_CENTRAL: ZFake3Mu/Central/muons/1/energy in Skim_TriLep_TTG_PTG200toInf.root
2025-09-24 16:07:58,114 - INFO - [2023BPix] MISSING_SYSTEMATIC: ZFake3Mu/JetEn_Down/muons/1/energy in Skim_TriLep_DYJets.root
2025-09-24 16:07:58,123 - INFO - [2023BPix] MISSING_CENTRAL: ZFake3Mu/Central/muons/1/energy in Skim_TriLep_DYJets10to50.root
2025-09-24 16:07:58,219 - INFO - [2023BPix] MISSING_CENTRAL: ZFake3Mu/Central/muons/1/energy in Skim_TriLep_TTG_PTG200toInf.root
2025-10-02 21:23:42,222 - INFO - [2022] MISSING_CENTRAL: ZFake3Mu/Central/muons/1/energy in Skim_TriLep_DYJets10to50.root
2025-10-02 21:23:42,224 - INFO - [2022] MISSING_CENTRAL: ZFake3Mu/Central/muons/1/energy in Skim_TriLep_DYGTo2LG_MLL4to50_PTG10to100.root
2025-10-02 21:23:42,238 - INFO - [2022] MISSING_CENTRAL: ZFake3Mu/Central/muons/1/energy in Skim_TriLep_DYGTo2LG_MLL4to50_PTG100to200.root
2025-10-02 21:23:42,239 - INFO - [2022] MISSING_CENTRAL: ZFake3Mu/Central/muons/1/energy in Skim_TriLep_DYGTo2LG_MLL4to50_PTG200toInf.root
2025-10-02 21:23:42,263 - INFO - [2022] MISSING_CENTRAL: ZFake3Mu/Central/muons/1/energy in Skim_TriLep_DYGTo2LG_MLL50_PTG100to200.root
2025-10-02 21:23:42,264 - INFO - [2022] MISSING_CENTRAL: ZFake3Mu/Central/muons/1/energy in Skim_TriLep_DYGTo2LG_MLL50_PTG200toInf.root
2025-10-02 21:23:42,311 - INFO - [2022] MISSING_CENTRAL: ZFake3Mu/Central/muons/1/energy in Skim_TriLep_TTG_PTG100to200.root
2025-10-02 21:23:42,314 - INFO - [2022] MISSING_CENTRAL: ZFake3Mu/Central/muons/1/energy in Skim_TriLep_TTG_PTG200toInf.root
2025-10-02 21:23:42,694 - INFO - [2022EE] MISSING_CENTRAL: ZFake3Mu/Central/muons/1/energy in Skim_TriLep_DYJets10to50.root
2025-10-02 21:23:42,696 - INFO - [2022EE] MISSING_CENTRAL: ZFake3Mu/Central/muons/1/energy in Skim_TriLep_DYGTo2LG_MLL4to50_PTG10to100.root
2025-10-02 21:23:42,698 - INFO - [2022EE] MISSING_CENTRAL: ZFake3Mu/Central/muons/1/energy in Skim_TriLep_DYGTo2LG_MLL4to50_PTG100to200.root
2025-10-02 21:23:43,153 - INFO - [2023] MISSING_CENTRAL: ZFake3Mu/Central/muons/1/energy in Skim_TriLep_DYJets10to50.root
2025-10-02 21:23:43,154 - INFO - [2023] MISSING_CENTRAL: ZFake3Mu/Central/muons/1/energy in Skim_TriLep_DYGTo2LG_MLL4to50_PTG10to100.root
2025-10-02 21:23:43,303 - INFO - [2023] MISSING_CENTRAL: ZFake3Mu/Central/muons/1/energy in Skim_TriLep_TTG_PTG100to200.root
2025-10-02 21:23:43,304 - INFO - [2023] MISSING_CENTRAL: ZFake3Mu/Central/muons/1/energy in Skim_TriLep_TTG_PTG200toInf.root
2025-10-02 21:23:43,602 - INFO - [2023BPix] MISSING_SYSTEMATIC: ZFake3Mu/JetEn_Down/muons/1/energy in Skim_TriLep_DYJets.root
2025-10-02 21:23:43,617 - INFO - [2023BPix] MISSING_CENTRAL: ZFake3Mu/Central/muons/1/energy in Skim_TriLep_DYJets10to50.root
2025-10-02 21:23:43,802 - INFO - [2023BPix] MISSING_CENTRAL: ZFake3Mu/Central/muons/1/energy in Skim_TriLep_TTG_PTG200toInf.root
2025-10-03 00:40:27,413 - INFO - [2022] MISSING_CENTRAL: ZFake3Mu/Central/muons/1/energy in Skim_TriLep_DYJets10to50.root
2025-10-03 00:40:27,414 - INFO - [2022] MISSING_CENTRAL: ZFake3Mu/Central/muons/1/energy in Skim_TriLep_DYGTo2LG_MLL4to50_PTG10to100.root
2025-10-03 00:40:27,415 - INFO - [2022] MISSING_CENTRAL: ZFake3Mu/Central/muons/1/energy in Skim_TriLep_DYGTo2LG_MLL4to50_PTG100to200.root
2025-10-03 00:40:27,416 - INFO - [2022] MISSING_CENTRAL: ZFake3Mu/Central/muons/1/energy in Skim_TriLep_DYGTo2LG_MLL4to50_PTG200toInf.root
2025-10-03 00:40:27,446 - INFO - [2022] MISSING_CENTRAL: ZFake3Mu/Central/muons/1/energy in Skim_TriLep_DYGTo2LG_MLL50_PTG100to200.root
2025-10-03 00:40:27,447 - INFO - [2022] MISSING_CENTRAL: ZFake3Mu/Central/muons/1/energy in Skim_TriLep_DYGTo2LG_MLL50_PTG200toInf.root
2025-10-03 00:40:27,472 - INFO - [2022] MISSING_CENTRAL: ZFake3Mu/Central/muons/1/energy in Skim_TriLep_TTG_PTG100to200.root
2025-10-03 00:40:27,473 - INFO - [2022] MISSING_CENTRAL: ZFake3Mu/Central/muons/1/energy in Skim_TriLep_TTG_PTG200toInf.root
2025-10-03 00:40:27,910 - INFO - [2022EE] MISSING_CENTRAL: ZFake3Mu/Central/muons/1/energy in Skim_TriLep_DYJets10to50.root
2025-10-03 00:40:27,910 - INFO - [2022EE] MISSING_CENTRAL: ZFake3Mu/Central/muons/1/energy in Skim_TriLep_DYGTo2LG_MLL4to50_PTG10to100.root
2025-10-03 00:40:27,911 - INFO - [2022EE] MISSING_CENTRAL: ZFake3Mu/Central/muons/1/energy in Skim_TriLep_DYGTo2LG_MLL4to50_PTG100to200.root
2025-10-03 00:40:28,538 - INFO - [2023] MISSING_CENTRAL: ZFake3Mu/Central/muons/1/energy in Skim_TriLep_DYJets10to50.root
2025-10-03 00:40:28,539 - INFO - [2023] MISSING_CENTRAL: ZFake3Mu/Central/muons/1/energy in Skim_TriLep_DYGTo2LG_MLL4to50_PTG10to100.root
2025-10-03 00:40:28,757 - INFO - [2023] MISSING_CENTRAL: ZFake3Mu/Central/muons/1/energy in Skim_TriLep_TTG_PTG100to200.root
2025-10-03 00:40:28,758 - INFO - [2023] MISSING_CENTRAL: ZFake3Mu/Central/muons/1/energy in Skim_TriLep_TTG_PTG200toInf.root
2025-10-03 00:40:29,180 - INFO - [2023BPix] MISSING_SYSTEMATIC: ZFake3Mu/JetEn_Down/muons/1/energy in Skim_TriLep_DYJets.root
2025-10-03 00:40:29,204 - INFO - [2023BPix] MISSING_CENTRAL: ZFake3Mu/Central/muons/1/energy in Skim_TriLep_DYJets10to50.root
2025-10-03 00:40:29,456 - INFO - [2023BPix] MISSING_CENTRAL: ZFake3Mu/Central/muons/1/energy in Skim_TriLep_TTG_PTG200toInf.root
2025-11-07 13:14:22,429 - INFO - [2022] MISSING_FILE: /home/choij/Sync/workspace/ChargedHiggsAnalysisV3/SKNanoOutput/PromptSelector/Run3Mu/2022/Skim_TriLep_DoubleMuon_C.root
2025-11-07 13:14:22,435 - INFO - [2022] MISSING_FILE: /home/choij/Sync/workspace/ChargedHiggsAnalysisV3/SKNanoOutput/PromptSelector/Run3Mu/2022/Skim_TriLep_Muon_C.root
2025-11-07 13:14:22,436 - INFO - [2022] MISSING_FILE: /home/choij/Sync/workspace/ChargedHiggsAnalysisV3/SKNanoOutput/PromptSelector/Run3Mu/2022/Skim_TriLep_Muon_D.root
2025-11-07 13:14:22,436 - INFO - [2022EE] MISSING_FILE: /home/choij/Sync/workspace/ChargedHiggsAnalysisV3/SKNanoOutput/PromptSelector/Run3Mu/2022EE/Skim_TriLep_Muon_E.root
2025-11-07 13:14:22,437 - INFO - [2022EE] MISSING_FILE: /home/choij/Sync/workspace/ChargedHiggsAnalysisV3/SKNanoOutput/PromptSelector/Run3Mu/2022EE/Skim_TriLep_Muon_F.root
2025-11-07 13:14:22,437 - INFO - [2022EE] MISSING_FILE: /home/choij/Sync/workspace/ChargedHiggsAnalysisV3/SKNanoOutput/PromptSelector/Run3Mu/2022EE/Skim_TriLep_Muon_G.root
2025-11-07 13:14:22,437 - INFO - [2023] MISSING_FILE: /home/choij/Sync/workspace/ChargedHiggsAnalysisV3/SKNanoOutput/PromptSelector/Run3Mu/2023/Skim_TriLep_Muon0_C_v1.root
2025-11-07 13:14:22,437 - INFO - [2023] MISSING_FILE: /home/choij/Sync/workspace/ChargedHiggsAnalysisV3/SKNanoOutput/PromptSelector/Run3Mu/2023/Skim_TriLep_Muon0_C_v2.root
2025-11-07 13:14:22,438 - INFO - [2023] MISSING_FILE: /home/choij/Sync/workspace/ChargedHiggsAnalysisV3/SKNanoOutput/PromptSelector/Run3Mu/2023/Skim_TriLep_Muon0_C_v3.root
2025-11-07 13:14:22,438 - INFO - [2023] MISSING_FILE: /home/choij/Sync/workspace/ChargedHiggsAnalysisV3/SKNanoOutput/PromptSelector/Run3Mu/2023/Skim_TriLep_Muon0_C_v4.root
2025-11-07 13:14:22,438 - INFO - [2023] MISSING_FILE: /home/choij/Sync/workspace/ChargedHiggsAnalysisV3/SKNanoOutput/PromptSelector/Run3Mu/2023/Skim_TriLep_Muon1_C_v1.root
2025-11-07 13:14:22,439 - INFO - [2023] MISSING_FILE: /home/choij/Sync/workspace/ChargedHiggsAnalysisV3/SKNanoOutput/PromptSelector/Run3Mu/2023/Skim_TriLep_Muon1_C_v2.root
2025-11-07 13:14:22,439 - INFO - [2023] MISSING_FILE: /home/choij/Sync/workspace/ChargedHiggsAnalysisV3/SKNanoOutput/PromptSelector/Run3Mu/2023/Skim_TriLep_Muon1_C_v3.root
2025-11-07 13:14:22,439 - INFO - [2023] MISSING_FILE: /home/choij/Sync/workspace/ChargedHiggsAnalysisV3/SKNanoOutput/PromptSelector/Run3Mu/2023/Skim_TriLep_Muon1_C_v4.root
2025-11-07 13:14:22,439 - INFO - [2023BPix] MISSING_FILE: /home/choij/Sync/workspace/ChargedHiggsAnalysisV3/SKNanoOutput/PromptSelector/Run3Mu/2023BPix/Skim_TriLep_Muon0_D_v1.root
2025-11-07 13:14:22,439 - INFO - [2023BPix] MISSING_FILE: /home/choij/Sync/workspace/ChargedHiggsAnalysisV3/SKNanoOutput/PromptSelector/Run3Mu/2023BPix/Skim_TriLep_Muon0_D_v2.root
2025-11-07 13:14:22,439 - INFO - [2023BPix] MISSING_FILE: /home/choij/Sync/workspace/ChargedHiggsAnalysisV3/SKNanoOutput/PromptSelector/Run3Mu/2023BPix/Skim_TriLep_Muon1_D_v1.root
2025-11-07 13:14:22,440 - INFO - [2023BPix] MISSING_FILE: /home/choij/Sync/workspace/ChargedHiggsAnalysisV3/SKNanoOutput/PromptSelector/Run3Mu/2023BPix/Skim_TriLep_Muon1_D_v2.root
2025-11-07 14:11:53,598 - INFO - [2022] MISSING_FILE: /home/choij/Sync/workspace/ChargedHiggsAnalysisV3/SKNanoOutput/PromptSelector/Run3Mu/2022/Skim_TriLep_DoubleMuon_C.root
2025-11-07 14:11:53,598 - INFO - [2022] MISSING_FILE: /home/choij/Sync/workspace/ChargedHiggsAnalysisV3/SKNanoOutput/PromptSelector/Run3Mu/2022/Skim_TriLep_Muon_C.root
2025-11-07 14:11:53,598 - INFO - [2022] MISSING_FILE: /home/choij/Sync/workspace/ChargedHiggsAnalysisV3/SKNanoOutput/PromptSelector/Run3Mu/2022/Skim_TriLep_Muon_D.root
2025-11-07 14:11:53,598 - INFO - [2022EE] MISSING_FILE: /home/choij/Sync/workspace/ChargedHiggsAnalysisV3/SKNanoOutput/PromptSelector/Run3Mu/2022EE/Skim_TriLep_Muon_E.root
2025-11-07 14:11:53,598 - INFO - [2022EE] MISSING_FILE: /home/choij/Sync/workspace/ChargedHiggsAnalysisV3/SKNanoOutput/PromptSelector/Run3Mu/2022EE/Skim_TriLep_Muon_F.root
2025-11-07 14:11:53,598 - INFO - [2022EE] MISSING_FILE: /home/choij/Sync/workspace/ChargedHiggsAnalysisV3/SKNanoOutput/PromptSelector/Run3Mu/2022EE/Skim_TriLep_Muon_G.root
2025-11-07 14:11:53,598 - INFO - [2023] MISSING_FILE: /home/choij/Sync/workspace/ChargedHiggsAnalysisV3/SKNanoOutput/PromptSelector/Run3Mu/2023/Skim_TriLep_Muon0_C_v1.root
2025-11-07 14:11:53,598 - INFO - [2023] MISSING_FILE: /home/choij/Sync/workspace/ChargedHiggsAnalysisV3/SKNanoOutput/PromptSelector/Run3Mu/2023/Skim_TriLep_Muon0_C_v2.root
2025-11-07 14:11:53,598 - INFO - [2023] MISSING_FILE: /home/choij/Sync/workspace/ChargedHiggsAnalysisV3/SKNanoOutput/PromptSelector/Run3Mu/2023/Skim_TriLep_Muon0_C_v3.root
2025-11-07 14:11:53,598 - INFO - [2023] MISSING_FILE: /home/choij/Sync/workspace/ChargedHiggsAnalysisV3/SKNanoOutput/PromptSelector/Run3Mu/2023/Skim_TriLep_Muon0_C_v4.root
2025-11-07 14:11:53,598 - INFO - [2023] MISSING_FILE: /home/choij/Sync/workspace/ChargedHiggsAnalysisV3/SKNanoOutput/PromptSelector/Run3Mu/2023/Skim_TriLep_Muon1_C_v1.root
2025-11-07 14:11:53,598 - INFO - [2023] MISSING_FILE: /home/choij/Sync/workspace/ChargedHiggsAnalysisV3/SKNanoOutput/PromptSelector/Run3Mu/2023/Skim_TriLep_Muon1_C_v2.root
2025-11-07 14:11:53,598 - INFO - [2023] MISSING_FILE: /home/choij/Sync/workspace/ChargedHiggsAnalysisV3/SKNanoOutput/PromptSelector/Run3Mu/2023/Skim_TriLep_Muon1_C_v3.root
2025-11-07 14:11:53,598 - INFO - [2023] MISSING_FILE: /home/choij/Sync/workspace/ChargedHiggsAnalysisV3/SKNanoOutput/PromptSelector/Run3Mu/2023/Skim_TriLep_Muon1_C_v4.root
2025-11-07 14:11:53,598 - INFO - [2023BPix] MISSING_FILE: /home/choij/Sync/workspace/ChargedHiggsAnalysisV3/SKNanoOutput/PromptSelector/Run3Mu/2023BPix/Skim_TriLep_Muon0_D_v1.root
2025-11-07 14:11:53,598 - INFO - [2023BPix] MISSING_FILE: /home/choij/Sync/workspace/ChargedHiggsAnalysisV3/SKNanoOutput/PromptSelector/Run3Mu/2023BPix/Skim_TriLep_Muon0_D_v2.root
2025-11-07 14:11:53,598 - INFO - [2023BPix] MISSING_FILE: /home/choij/Sync/workspace/ChargedHiggsAnalysisV3/SKNanoOutput/PromptSelector/Run3Mu/2023BPix/Skim_TriLep_Muon1_D_v1.root
2025-11-07 14:11:53,598 - INFO - [2023BPix] MISSING_FILE: /home/choij/Sync/workspace/ChargedHiggsAnalysisV3/SKNanoOutput/PromptSelector/Run3Mu/2023BPix/Skim_TriLep_Muon1_D_v2.root
2025-11-10 12:28:27,307 - INFO - [2022EE] MISSING_FILE: /home/choij/Sync/workspace/ChargedHiggsAnalysisV3/SKNanoOutput/PromptSelector/Run3Mu/2022EE/Skim_TriLep_Muon_F.root
2025-11-10 12:28:27,343 - INFO - [2022] MISSING_CENTRAL: ZFake3Mu/Central/muons/1/energy in Skim_TriLep_DYJets10to50.root
2025-11-10 12:28:27,343 - INFO - [2022] MISSING_CENTRAL: ZFake3Mu/Central/muons/1/energy in Skim_TriLep_DYGTo2LG_MLL4to50_PTG10to100.root
2025-11-10 12:28:27,344 - INFO - [2022] MISSING_CENTRAL: ZFake3Mu/Central/muons/1/energy in Skim_TriLep_DYGTo2LG_MLL4to50_PTG100to200.root
2025-11-10 12:28:27,344 - INFO - [2022] MISSING_CENTRAL: ZFake3Mu/Central/muons/1/energy in Skim_TriLep_DYGTo2LG_MLL4to50_PTG200toInf.root
2025-11-10 12:28:27,355 - INFO - [2022] MISSING_CENTRAL: ZFake3Mu/Central/muons/1/energy in Skim_TriLep_DYGTo2LG_MLL50_PTG100to200.root
2025-11-10 12:28:27,356 - INFO - [2022] MISSING_CENTRAL: ZFake3Mu/Central/muons/1/energy in Skim_TriLep_DYGTo2LG_MLL50_PTG200toInf.root
2025-11-10 12:28:27,367 - INFO - [2022] MISSING_CENTRAL: ZFake3Mu/Central/muons/1/energy in Skim_TriLep_TTG_PTG100to200.root
2025-11-10 12:28:27,368 - INFO - [2022] MISSING_CENTRAL: ZFake3Mu/Central/muons/1/energy in Skim_TriLep_TTG_PTG200toInf.root
2025-11-10 12:28:27,548 - INFO - [2022EE] MISSING_CENTRAL: ZFake3Mu/Central/muons/1/energy in Skim_TriLep_DYJets10to50.root
2025-11-10 12:28:27,548 - INFO - [2022EE] MISSING_CENTRAL: ZFake3Mu/Central/muons/1/energy in Skim_TriLep_DYGTo2LG_MLL4to50_PTG10to100.root
2025-11-10 12:28:27,549 - INFO - [2022EE] MISSING_CENTRAL: ZFake3Mu/Central/muons/1/energy in Skim_TriLep_DYGTo2LG_MLL4to50_PTG100to200.root
2025-11-10 12:28:27,812 - INFO - [2023] MISSING_CENTRAL: ZFake3Mu/Central/muons/1/energy in Skim_TriLep_DYJets10to50.root
2025-11-10 12:28:27,813 - INFO - [2023] MISSING_CENTRAL: ZFake3Mu/Central/muons/1/energy in Skim_TriLep_DYGTo2LG_MLL4to50_PTG10to100.root
2025-11-10 12:28:27,902 - INFO - [2023] MISSING_CENTRAL: ZFake3Mu/Central/muons/1/energy in Skim_TriLep_TTG_PTG100to200.root
2025-11-10 12:28:27,902 - INFO - [2023] MISSING_CENTRAL: ZFake3Mu/Central/muons/1/energy in Skim_TriLep_TTG_PTG200toInf.root
2025-11-10 12:28:28,083 - INFO - [2023BPix] MISSING_SYSTEMATIC: ZFake3Mu/JetEn_Down/muons/1/energy in Skim_TriLep_DYJets.root
2025-11-10 12:28:28,093 - INFO - [2023BPix] MISSING_CENTRAL: ZFake3Mu/Central/muons/1/energy in Skim_TriLep_DYJets10to50.root
2025-11-10 12:28:28,214 - INFO - [2023BPix] MISSING_CENTRAL: ZFake3Mu/Central/muons/1/energy in Skim_TriLep_TTG_PTG200toInf.root
2025-11-13 11:18:56,886 - INFO - [2022] MISSING_CENTRAL: ZFake3Mu/Central/muons/1/energy in Skim_TriLep_DYJets10to50.root
2025-11-13 11:18:56,887 - INFO - [2022] MISSING_CENTRAL: ZFake3Mu/Central/muons/1/energy in Skim_TriLep_DYGTo2LG_MLL4to50_PTG10to100.root
2025-11-13 11:18:56,888 - INFO - [2022] MISSING_CENTRAL: ZFake3Mu/Central/muons/1/energy in Skim_TriLep_DYGTo2LG_MLL4to50_PTG100to200.root
2025-11-13 11:18:56,889 - INFO - [2022] MISSING_CENTRAL: ZFake3Mu/Central/muons/1/energy in Skim_TriLep_DYGTo2LG_MLL4to50_PTG200toInf.root
2025-11-13 11:18:56,908 - INFO - [2022] MISSING_CENTRAL: ZFake3Mu/Central/muons/1/energy in Skim_TriLep_DYGTo2LG_MLL50_PTG100to200.root
2025-11-13 11:18:56,909 - INFO - [2022] MISSING_CENTRAL: ZFake3Mu/Central/muons/1/energy in Skim_TriLep_DYGTo2LG_MLL50_PTG200toInf.root
2025-11-13 11:18:56,926 - INFO - [2022] MISSING_CENTRAL: ZFake3Mu/Central/muons/1/energy in Skim_TriLep_TTG_PTG100to200.root
2025-11-13 11:18:56,927 - INFO - [2022] MISSING_CENTRAL: ZFake3Mu/Central/muons/1/energy in Skim_TriLep_TTG_PTG200toInf.root
2025-11-13 11:18:57,215 - INFO - [2022EE] MISSING_CENTRAL: ZFake3Mu/Central/muons/1/energy in Skim_TriLep_DYJets10to50.root
2025-11-13 11:18:57,216 - INFO - [2022EE] MISSING_CENTRAL: ZFake3Mu/Central/muons/1/energy in Skim_TriLep_DYGTo2LG_MLL4to50_PTG10to100.root
2025-11-13 11:18:57,217 - INFO - [2022EE] MISSING_CENTRAL: ZFake3Mu/Central/muons/1/energy in Skim_TriLep_DYGTo2LG_MLL4to50_PTG100to200.root
2025-11-13 11:18:57,659 - INFO - [2023] MISSING_CENTRAL: ZFake3Mu/Central/muons/1/energy in Skim_TriLep_DYJets10to50.root
2025-11-13 11:18:57,660 - INFO - [2023] MISSING_CENTRAL: ZFake3Mu/Central/muons/1/energy in Skim_TriLep_DYGTo2LG_MLL4to50_PTG10to100.root
2025-11-13 11:18:57,808 - INFO - [2023] MISSING_CENTRAL: ZFake3Mu/Central/muons/1/energy in Skim_TriLep_TTG_PTG100to200.root
2025-11-13 11:18:57,810 - INFO - [2023] MISSING_CENTRAL: ZFake3Mu/Central/muons/1/energy in Skim_TriLep_TTG_PTG200toInf.root
2025-11-13 11:18:58,117 - INFO - [2023BPix] MISSING_SYSTEMATIC: ZFake3Mu/JetEn_Down/muons/1/energy in Skim_TriLep_DYJets.root
2025-11-13 11:18:58,132 - INFO - [2023BPix] MISSING_CENTRAL: ZFake3Mu/Central/muons/1/energy in Skim_TriLep_DYJets10to50.root
2025-11-13 11:18:58,325 - INFO - [2023BPix] MISSING_CENTRAL: ZFake3Mu/Central/muons/1/energy in Skim_TriLep_TTG_PTG200toInf.root
2025-11-19 16:12:18,744 - INFO - [2022] MISSING_CENTRAL: ZFake3Mu/Central/muons/1/energy in Skim_TriLep_DYJets10to50.root
2025-11-19 16:12:18,745 - INFO - [2022] MISSING_CENTRAL: ZFake3Mu/Central/muons/1/energy in Skim_TriLep_DYGTo2LG_MLL4to50_PTG10to100.root
2025-11-19 16:12:18,745 - INFO - [2022] MISSING_CENTRAL: ZFake3Mu/Central/muons/1/energy in Skim_TriLep_DYGTo2LG_MLL4to50_PTG100to200.root
2025-11-19 16:12:18,745 - INFO - [2022] MISSING_CENTRAL: ZFake3Mu/Central/muons/1/energy in Skim_TriLep_DYGTo2LG_MLL4to50_PTG200toInf.root
2025-11-19 16:12:18,756 - INFO - [2022] MISSING_CENTRAL: ZFake3Mu/Central/muons/1/energy in Skim_TriLep_DYGTo2LG_MLL50_PTG100to200.root
2025-11-19 16:12:18,757 - INFO - [2022] MISSING_CENTRAL: ZFake3Mu/Central/muons/1/energy in Skim_TriLep_DYGTo2LG_MLL50_PTG200toInf.root
2025-11-19 16:12:18,768 - INFO - [2022] MISSING_CENTRAL: ZFake3Mu/Central/muons/1/energy in Skim_TriLep_TTG_PTG100to200.root
2025-11-19 16:12:18,768 - INFO - [2022] MISSING_CENTRAL: ZFake3Mu/Central/muons/1/energy in Skim_TriLep_TTG_PTG200toInf.root
2025-11-19 16:12:18,949 - INFO - [2022EE] MISSING_CENTRAL: ZFake3Mu/Central/muons/1/energy in Skim_TriLep_DYJets10to50.root
2025-11-19 16:12:18,950 - INFO - [2022EE] MISSING_CENTRAL: ZFake3Mu/Central/muons/1/energy in Skim_TriLep_DYGTo2LG_MLL4to50_PTG10to100.root
2025-11-19 16:12:18,950 - INFO - [2022EE] MISSING_CENTRAL: ZFake3Mu/Central/muons/1/energy in Skim_TriLep_DYGTo2LG_MLL4to50_PTG100to200.root
2025-11-19 16:12:19,217 - INFO - [2023] MISSING_CENTRAL: ZFake3Mu/Central/muons/1/energy in Skim_TriLep_DYJets10to50.root
2025-11-19 16:12:19,218 - INFO - [2023] MISSING_CENTRAL: ZFake3Mu/Central/muons/1/energy in Skim_TriLep_DYGTo2LG_MLL4to50_PTG10to100.root
2025-11-19 16:12:19,308 - INFO - [2023] MISSING_CENTRAL: ZFake3Mu/Central/muons/1/energy in Skim_TriLep_TTG_PTG100to200.root
2025-11-19 16:12:19,309 - INFO - [2023] MISSING_CENTRAL: ZFake3Mu/Central/muons/1/energy in Skim_TriLep_TTG_PTG200toInf.root
2025-11-19 16:12:19,501 - INFO - [2023BPix] MISSING_SYSTEMATIC: ZFake3Mu/JetEn_Down/muons/1/energy in Skim_TriLep_DYJets.root
2025-11-19 16:12:19,511 - INFO - [2023BPix] MISSING_CENTRAL: ZFake3Mu/Central/muons/1/energy in Skim_TriLep_DYJets10to50.root
2025-11-19 16:12:19,638 - INFO - [2023BPix] MISSING_CENTRAL: ZFake3Mu/Central/muons/1/energy in Skim_TriLep_TTG_PTG200toInf.root
2025-11-19 16:30:55,547 - INFO - [2022] MISSING_CENTRAL: ZFake3Mu/Central/muons/1/energy in Skim_TriLep_DYJets10to50.root
2025-11-19 16:30:55,547 - INFO - [2022] MISSING_CENTRAL: ZFake3Mu/Central/muons/1/energy in Skim_TriLep_DYGTo2LG_MLL4to50_PTG10to100.root
2025-11-19 16:30:55,548 - INFO - [2022] MISSING_CENTRAL: ZFake3Mu/Central/muons/1/energy in Skim_TriLep_DYGTo2LG_MLL4to50_PTG100to200.root
2025-11-19 16:30:55,548 - INFO - [2022] MISSING_CENTRAL: ZFake3Mu/Central/muons/1/energy in Skim_TriLep_DYGTo2LG_MLL4to50_PTG200toInf.root
2025-11-19 16:30:55,560 - INFO - [2022] MISSING_CENTRAL: ZFake3Mu/Central/muons/1/energy in Skim_TriLep_DYGTo2LG_MLL50_PTG100to200.root
2025-11-19 16:30:55,560 - INFO - [2022] MISSING_CENTRAL: ZFake3Mu/Central/muons/1/energy in Skim_TriLep_DYGTo2LG_MLL50_PTG200toInf.root
2025-11-19 16:30:55,572 - INFO - [2022] MISSING_CENTRAL: ZFake3Mu/Central/muons/1/energy in Skim_TriLep_TTG_PTG100to200.root
2025-11-19 16:30:55,573 - INFO - [2022] MISSING_CENTRAL: ZFake3Mu/Central/muons/1/energy in Skim_TriLep_TTG_PTG200toInf.root
2025-11-19 16:30:55,751 - INFO - [2022EE] MISSING_CENTRAL: ZFake3Mu/Central/muons/1/energy in Skim_TriLep_DYJets10to50.root
2025-11-19 16:30:55,752 - INFO - [2022EE] MISSING_CENTRAL: ZFake3Mu/Central/muons/1/energy in Skim_TriLep_DYGTo2LG_MLL4to50_PTG10to100.root
2025-11-19 16:30:55,752 - INFO - [2022EE] MISSING_CENTRAL: ZFake3Mu/Central/muons/1/energy in Skim_TriLep_DYGTo2LG_MLL4to50_PTG100to200.root
2025-11-19 16:30:56,014 - INFO - [2023] MISSING_CENTRAL: ZFake3Mu/Central/muons/1/energy in Skim_TriLep_DYJets10to50.root
2025-11-19 16:30:56,014 - INFO - [2023] MISSING_CENTRAL: ZFake3Mu/Central/muons/1/energy in Skim_TriLep_DYGTo2LG_MLL4to50_PTG10to100.root
2025-11-19 16:30:56,104 - INFO - [2023] MISSING_CENTRAL: ZFake3Mu/Central/muons/1/energy in Skim_TriLep_TTG_PTG100to200.root
2025-11-19 16:30:56,104 - INFO - [2023] MISSING_CENTRAL: ZFake3Mu/Central/muons/1/energy in Skim_TriLep_TTG_PTG200toInf.root
2025-11-19 16:30:56,284 - INFO - [2023BPix] MISSING_SYSTEMATIC: ZFake3Mu/JetEn_Down/muons/1/energy in Skim_TriLep_DYJets.root
2025-11-19 16:30:56,293 - INFO - [2023BPix] MISSING_CENTRAL: ZFake3Mu/Central/muons/1/energy in Skim_TriLep_DYJets10to50.root
2025-11-19 16:30:56,407 - INFO - [2023BPix] MISSING_CENTRAL: ZFake3Mu/Central/muons/1/energy in Skim_TriLep_TTG_PTG200toInf.root
2025-12-17 22:46:00,405 - INFO - [2022] MISSING_CENTRAL: ZFake3Mu/Central/muons/1/energy in Skim_TriLep_DYJets10to50.root
2025-12-17 22:46:00,406 - INFO - [2022] MISSING_CENTRAL: ZFake3Mu/Central/muons/1/energy in Skim_TriLep_TTG_PTG10to100.root
2025-12-17 22:46:00,407 - INFO - [2022] MISSING_CENTRAL: ZFake3Mu/Central/muons/1/energy in Skim_TriLep_TTG_PTG100to200.root
2025-12-17 22:46:00,408 - INFO - [2022] MISSING_CENTRAL: ZFake3Mu/Central/muons/1/energy in Skim_TriLep_TTG_PTG200toInf.root
2025-12-17 22:46:00,693 - INFO - [2022EE] MISSING_CENTRAL: ZFake3Mu/Central/muons/1/energy in Skim_TriLep_DYJets10to50.root
2025-12-17 22:46:00,694 - INFO - [2022EE] MISSING_CENTRAL: ZFake3Mu/Central/muons/1/energy in Skim_TriLep_TTG_PTG10to100.root
2025-12-17 22:46:01,037 - INFO - [2023] MISSING_CENTRAL: ZFake3Mu/Central/muons/1/energy in Skim_TriLep_DYJets10to50.root
2025-12-17 22:46:01,056 - INFO - [2023] MISSING_CENTRAL: ZFake3Mu/Central/muons/1/energy in Skim_TriLep_TTG_PTG100to200.root
2025-12-17 22:46:01,057 - INFO - [2023] MISSING_CENTRAL: ZFake3Mu/Central/muons/1/energy in Skim_TriLep_TTG_PTG200toInf.root
2025-12-17 22:46:01,367 - INFO - [2023BPix] MISSING_CENTRAL: ZFake3Mu/Central/muons/1/energy in Skim_TriLep_DYJets10to50.root
2025-12-17 22:46:01,387 - INFO - [2023BPix] MISSING_CENTRAL: ZFake3Mu/Central/muons/1/energy in Skim_TriLep_TTG_PTG100to200.root
2025-12-17 22:46:01,388 - INFO - [2023BPix] MISSING_CENTRAL: ZFake3Mu/Central/muons/1/energy in Skim_TriLep_TTG_PTG200toInf.root
2025-12-18 14:47:45,024 - INFO - [2022] MISSING_CENTRAL: ZFake3Mu/Central/muons/1/energy in Skim_TriLep_DYJets10to50.root
2025-12-18 14:47:45,025 - INFO - [2022] MISSING_CENTRAL: ZFake3Mu/Central/muons/1/energy in Skim_TriLep_TTG_PTG10to100.root
2025-12-18 14:47:45,025 - INFO - [2022] MISSING_CENTRAL: ZFake3Mu/Central/muons/1/energy in Skim_TriLep_TTG_PTG100to200.root
2025-12-18 14:47:45,026 - INFO - [2022] MISSING_CENTRAL: ZFake3Mu/Central/muons/1/energy in Skim_TriLep_TTG_PTG200toInf.root
2025-12-18 14:47:45,388 - INFO - [2022EE] MISSING_CENTRAL: ZFake3Mu/Central/muons/1/energy in Skim_TriLep_DYJets10to50.root
2025-12-18 14:47:45,390 - INFO - [2022EE] MISSING_CENTRAL: ZFake3Mu/Central/muons/1/energy in Skim_TriLep_TTG_PTG10to100.root
2025-12-18 14:47:45,898 - INFO - [2023] MISSING_CENTRAL: ZFake3Mu/Central/muons/1/energy in Skim_TriLep_DYJets10to50.root
2025-12-18 14:47:45,918 - INFO - [2023] MISSING_CENTRAL: ZFake3Mu/Central/muons/1/energy in Skim_TriLep_TTG_PTG100to200.root
2025-12-18 14:47:45,920 - INFO - [2023] MISSING_CENTRAL: ZFake3Mu/Central/muons/1/energy in Skim_TriLep_TTG_PTG200toInf.root
2025-12-18 14:47:46,320 - INFO - [2023BPix] MISSING_CENTRAL: ZFake3Mu/Central/muons/1/energy in Skim_TriLep_DYJets10to50.root
2025-12-18 14:47:46,342 - INFO - [2023BPix] MISSING_CENTRAL: ZFake3Mu/Central/muons/1/energy in Skim_TriLep_TTG_PTG100to200.root
2025-12-18 14:47:46,344 - INFO - [2023BPix] MISSING_CENTRAL: ZFake3Mu/Central/muons/1/energy in Skim_TriLep_TTG_PTG200toInf.root
2026-01-07 11:56:19,745 - INFO - [2022] MISSING_CENTRAL: ZFake3Mu/Central/muons/1/energy in Skim_TriLep_DYJets10to50.root
2026-01-07 11:56:19,746 - INFO - [2022] MISSING_CENTRAL: ZFake3Mu/Central/muons/1/energy in Skim_TriLep_TTG_PTG10to100.root
2026-01-07 11:56:19,747 - INFO - [2022] MISSING_CENTRAL: ZFake3Mu/Central/muons/1/energy in Skim_TriLep_TTG_PTG100to200.root
2026-01-07 11:56:19,747 - INFO - [2022] MISSING_CENTRAL: ZFake3Mu/Central/muons/1/energy in Skim_TriLep_TTG_PTG200toInf.root
2026-01-07 11:56:20,056 - INFO - [2022EE] MISSING_CENTRAL: ZFake3Mu/Central/muons/1/energy in Skim_TriLep_DYJets10to50.root
2026-01-07 11:56:20,057 - INFO - [2022EE] MISSING_CENTRAL: ZFake3Mu/Central/muons/1/energy in Skim_TriLep_TTG_PTG10to100.root
2026-01-07 11:56:20,417 - INFO - [2023] MISSING_CENTRAL: ZFake3Mu/Central/muons/1/energy in Skim_TriLep_DYJets10to50.root
2026-01-07 11:56:20,438 - INFO - [2023] MISSING_CENTRAL: ZFake3Mu/Central/muons/1/energy in Skim_TriLep_TTG_PTG100to200.root
2026-01-07 11:56:20,439 - INFO - [2023] MISSING_CENTRAL: ZFake3Mu/Central/muons/1/energy in Skim_TriLep_TTG_PTG200toInf.root
2026-01-07 11:56:20,761 - INFO - [2023BPix] MISSING_CENTRAL: ZFake3Mu/Central/muons/1/energy in Skim_TriLep_DYJets10to50.root
2026-01-07 11:56:20,782 - INFO - [2023BPix] MISSING_CENTRAL: ZFake3Mu/Central/muons/1/energy in Skim_TriLep_TTG_PTG100to200.root
2026-01-07 11:56:20,784 - INFO - [2023BPix] MISSING_CENTRAL: ZFake3Mu/Central/muons/1/energy in Skim_TriLep_TTG_PTG200toInf.root
2026-01-07 18:52:47,636 - INFO - [2022] MISSING_CENTRAL: ZFake3Mu/Central/muons/1/energy in Skim_TriLep_DYJets10to50.root
2026-01-07 18:52:47,638 - INFO - [2022] MISSING_CENTRAL: ZFake3Mu/Central/muons/1/energy in Skim_TriLep_TTG_PTG10to100.root
2026-01-07 18:52:47,638 - INFO - [2022] MISSING_CENTRAL: ZFake3Mu/Central/muons/1/energy in Skim_TriLep_TTG_PTG100to200.root
2026-01-07 18:52:47,639 - INFO - [2022] MISSING_CENTRAL: ZFake3Mu/Central/muons/1/energy in Skim_TriLep_TTG_PTG200toInf.root
2026-01-07 18:52:47,946 - INFO - [2022EE] MISSING_CENTRAL: ZFake3Mu/Central/muons/1/energy in Skim_TriLep_DYJets10to50.root
2026-01-07 18:52:47,947 - INFO - [2022EE] MISSING_CENTRAL: ZFake3Mu/Central/muons/1/energy in Skim_TriLep_TTG_PTG10to100.root
2026-01-07 18:52:48,300 - INFO - [2023] MISSING_CENTRAL: ZFake3Mu/Central/muons/1/energy in Skim_TriLep_DYJets10to50.root
2026-01-07 18:52:48,320 - INFO - [2023] MISSING_CENTRAL: ZFake3Mu/Central/muons/1/energy in Skim_TriLep_TTG_PTG100to200.root
2026-01-07 18:52:48,321 - INFO - [2023] MISSING_CENTRAL: ZFake3Mu/Central/muons/1/energy in Skim_TriLep_TTG_PTG200toInf.root
2026-01-07 18:52:48,639 - INFO - [2023BPix] MISSING_CENTRAL: ZFake3Mu/Central/muons/1/energy in Skim_TriLep_DYJets10to50.root
2026-01-07 18:52:48,660 - INFO - [2023BPix] MISSING_CENTRAL: ZFake3Mu/Central/muons/1/energy in Skim_TriLep_TTG_PTG100to200.root
2026-01-07 18:52:48,662 - INFO - [2023BPix] MISSING_CENTRAL: ZFake3Mu/Central/muons/1/energy in Skim_TriLep_TTG_PTG200toInf.root
2026-01-09 12:27:59,027 - INFO - [2022] MISSING_CENTRAL: ZFake3Mu/Central/muons/1/energy in Skim_TriLep_DYJets10to50.root
2026-01-09 12:27:59,028 - INFO - [2022] MISSING_CENTRAL: ZFake3Mu/Central/muons/1/energy in Skim_TriLep_TTG_PTG10to100.root
2026-01-09 12:27:59,029 - INFO - [2022] MISSING_CENTRAL: ZFake3Mu/Central/muons/1/energy in Skim_TriLep_TTG_PTG100to200.root
2026-01-09 12:27:59,029 - INFO - [2022] MISSING_CENTRAL: ZFake3Mu/Central/muons/1/energy in Skim_TriLep_TTG_PTG200toInf.root
2026-01-09 12:27:59,210 - INFO - [2022EE] MISSING_CENTRAL: ZFake3Mu/Central/muons/1/energy in Skim_TriLep_DYJets10to50.root
2026-01-09 12:27:59,210 - INFO - [2022EE] MISSING_CENTRAL: ZFake3Mu/Central/muons/1/energy in Skim_TriLep_TTG_PTG10to100.root
2026-01-09 12:27:59,419 - INFO - [2023] MISSING_CENTRAL: ZFake3Mu/Central/muons/1/energy in Skim_TriLep_DYJets10to50.root
2026-01-09 12:27:59,431 - INFO - [2023] MISSING_CENTRAL: ZFake3Mu/Central/muons/1/energy in Skim_TriLep_TTG_PTG100to200.root
2026-01-09 12:27:59,432 - INFO - [2023] MISSING_CENTRAL: ZFake3Mu/Central/muons/1/energy in Skim_TriLep_TTG_PTG200toInf.root
2026-01-09 12:27:59,620 - INFO - [2023BPix] MISSING_CENTRAL: ZFake3Mu/Central/muons/1/energy in Skim_TriLep_DYJets10to50.root
2026-01-09 12:27:59,633 - INFO - [2023BPix] MISSING_CENTRAL: ZFake3Mu/Central/muons/1/energy in Skim_TriLep_TTG_PTG100to200.root
2026-01-09 12:27:59,634 - INFO - [2023BPix] MISSING_CENTRAL: ZFake3Mu/Central/muons/1/energy in Skim_TriLep_TTG_PTG200toInf.root
2026-01-11 09:47:59,283 - INFO - [2022] MISSING_CENTRAL: ZFake3Mu/Central/muons/1/energy in Skim_TriLep_DYJets10to50.root
2026-01-11 09:47:59,284 - INFO - [2022] MISSING_CENTRAL: ZFake3Mu/Central/muons/1/energy in Skim_TriLep_TTG_PTG10to100.root
2026-01-11 09:47:59,285 - INFO - [2022] MISSING_CENTRAL: ZFake3Mu/Central/muons/1/energy in Skim_TriLep_TTG_PTG100to200.root
2026-01-11 09:47:59,285 - INFO - [2022] MISSING_CENTRAL: ZFake3Mu/Central/muons/1/energy in Skim_TriLep_TTG_PTG200toInf.root
2026-01-11 09:47:59,462 - INFO - [2022EE] MISSING_CENTRAL: ZFake3Mu/Central/muons/1/energy in Skim_TriLep_DYJets10to50.root
2026-01-11 09:47:59,463 - INFO - [2022EE] MISSING_CENTRAL: ZFake3Mu/Central/muons/1/energy in Skim_TriLep_TTG_PTG10to100.root
2026-01-11 09:47:59,675 - INFO - [2023] MISSING_CENTRAL: ZFake3Mu/Central/muons/1/energy in Skim_TriLep_DYJets10to50.root
2026-01-11 09:47:59,687 - INFO - [2023] MISSING_CENTRAL: ZFake3Mu/Central/muons/1/energy in Skim_TriLep_TTG_PTG100to200.root
2026-01-11 09:47:59,687 - INFO - [2023] MISSING_CENTRAL: ZFake3Mu/Central/muons/1/energy in Skim_TriLep_TTG_PTG200toInf.root
2026-01-11 09:47:59,882 - INFO - [2023BPix] MISSING_CENTRAL: ZFake3Mu/Central/muons/1/energy in Skim_TriLep_DYJets10to50.root
2026-01-11 09:47:59,896 - INFO - [2023BPix] MISSING_CENTRAL: ZFake3Mu/Central/muons/1/energy in Skim_TriLep_TTG_PTG100to200.root
2026-01-11 09:47:59,897 - INFO - [2023BPix] MISSING_CENTRAL: ZFake3Mu/Central/muons/1/energy in Skim_TriLep_TTG_PTG200toInf.root
2026-01-12 13:56:54,549 - INFO - [2022] MISSING_FILE: /home/choij/Sync/workspace/ChargedHiggsAnalysisV3/SKNanoOutput/MatrixSelector/Run3Mu/2022/Skim_TriLep_DoubleMuon_C.root
2026-01-12 13:56:54,559 - INFO - [2022] MISSING_FILE: /home/choij/Sync/workspace/ChargedHiggsAnalysisV3/SKNanoOutput/MatrixSelector/Run3Mu/2022/Skim_TriLep_Muon_C.root
2026-01-12 13:56:54,559 - INFO - [2022] MISSING_FILE: /home/choij/Sync/workspace/ChargedHiggsAnalysisV3/SKNanoOutput/MatrixSelector/Run3Mu/2022/Skim_TriLep_Muon_D.root
2026-01-12 13:56:54,586 - INFO - [2022] MISSING_CENTRAL: ZFake3Mu/Central/muons/1/energy in Skim_TriLep_DYJets10to50.root
2026-01-12 13:56:54,587 - INFO - [2022] MISSING_CENTRAL: ZFake3Mu/Central/muons/1/energy in Skim_TriLep_TTG_PTG10to100.root
2026-01-12 13:56:54,587 - INFO - [2022] MISSING_CENTRAL: ZFake3Mu/Central/muons/1/energy in Skim_TriLep_TTG_PTG100to200.root
2026-01-12 13:56:54,588 - INFO - [2022] MISSING_CENTRAL: ZFake3Mu/Central/muons/1/energy in Skim_TriLep_TTG_PTG200toInf.root
2026-01-12 13:56:54,753 - INFO - [2022EE] MISSING_FILE: /home/choij/Sync/workspace/ChargedHiggsAnalysisV3/SKNanoOutput/MatrixSelector/Run3Mu/2022EE/Skim_TriLep_Muon_E.root
2026-01-12 13:56:54,753 - INFO - [2022EE] MISSING_FILE: /home/choij/Sync/workspace/ChargedHiggsAnalysisV3/SKNanoOutput/MatrixSelector/Run3Mu/2022EE/Skim_TriLep_Muon_F.root
2026-01-12 13:56:54,753 - INFO - [2022EE] MISSING_FILE: /home/choij/Sync/workspace/ChargedHiggsAnalysisV3/SKNanoOutput/MatrixSelector/Run3Mu/2022EE/Skim_TriLep_Muon_G.root
2026-01-12 13:56:54,764 - INFO - [2022EE] MISSING_CENTRAL: ZFake3Mu/Central/muons/1/energy in Skim_TriLep_DYJets10to50.root
2026-01-12 13:56:54,765 - INFO - [2022EE] MISSING_CENTRAL: ZFake3Mu/Central/muons/1/energy in Skim_TriLep_TTG_PTG10to100.root
2026-01-12 13:56:54,957 - INFO - [2023] MISSING_FILE: /home/choij/Sync/workspace/ChargedHiggsAnalysisV3/SKNanoOutput/MatrixSelector/Run3Mu/2023/Skim_TriLep_Muon0_C_v1.root
2026-01-12 13:56:54,957 - INFO - [2023] MISSING_FILE: /home/choij/Sync/workspace/ChargedHiggsAnalysisV3/SKNanoOutput/MatrixSelector/Run3Mu/2023/Skim_TriLep_Muon0_C_v2.root
2026-01-12 13:56:54,957 - INFO - [2023] MISSING_FILE: /home/choij/Sync/workspace/ChargedHiggsAnalysisV3/SKNanoOutput/MatrixSelector/Run3Mu/2023/Skim_TriLep_Muon0_C_v3.root
2026-01-12 13:56:54,957 - INFO - [2023] MISSING_FILE: /home/choij/Sync/workspace/ChargedHiggsAnalysisV3/SKNanoOutput/MatrixSelector/Run3Mu/2023/Skim_TriLep_Muon0_C_v4.root
2026-01-12 13:56:54,957 - INFO - [2023] MISSING_FILE: /home/choij/Sync/workspace/ChargedHiggsAnalysisV3/SKNanoOutput/MatrixSelector/Run3Mu/2023/Skim_TriLep_Muon1_C_v1.root
2026-01-12 13:56:54,957 - INFO - [2023] MISSING_FILE: /home/choij/Sync/workspace/ChargedHiggsAnalysisV3/SKNanoOutput/MatrixSelector/Run3Mu/2023/Skim_TriLep_Muon1_C_v2.root
2026-01-12 13:56:54,957 - INFO - [2023] MISSING_FILE: /home/choij/Sync/workspace/ChargedHiggsAnalysisV3/SKNanoOutput/MatrixSelector/Run3Mu/2023/Skim_TriLep_Muon1_C_v3.root
2026-01-12 13:56:54,957 - INFO - [2023] MISSING_FILE: /home/choij/Sync/workspace/ChargedHiggsAnalysisV3/SKNanoOutput/MatrixSelector/Run3Mu/2023/Skim_TriLep_Muon1_C_v4.root
2026-01-12 13:56:54,969 - INFO - [2023] MISSING_CENTRAL: ZFake3Mu/Central/muons/1/energy in Skim_TriLep_DYJets10to50.root
2026-01-12 13:56:54,981 - INFO - [2023] MISSING_CENTRAL: ZFake3Mu/Central/muons/1/energy in Skim_TriLep_TTG_PTG100to200.root
2026-01-12 13:56:54,981 - INFO - [2023] MISSING_CENTRAL: ZFake3Mu/Central/muons/1/energy in Skim_TriLep_TTG_PTG200toInf.root
2026-01-12 13:56:55,157 - INFO - [2023BPix] MISSING_FILE: /home/choij/Sync/workspace/ChargedHiggsAnalysisV3/SKNanoOutput/MatrixSelector/Run3Mu/2023BPix/Skim_TriLep_Muon0_D_v1.root
2026-01-12 13:56:55,157 - INFO - [2023BPix] MISSING_FILE: /home/choij/Sync/workspace/ChargedHiggsAnalysisV3/SKNanoOutput/MatrixSelector/Run3Mu/2023BPix/Skim_TriLep_Muon0_D_v2.root
2026-01-12 13:56:55,158 - INFO - [2023BPix] MISSING_FILE: /home/choij/Sync/workspace/ChargedHiggsAnalysisV3/SKNanoOutput/MatrixSelector/Run3Mu/2023BPix/Skim_TriLep_Muon1_D_v1.root
2026-01-12 13:56:55,158 - INFO - [2023BPix] MISSING_FILE: /home/choij/Sync/workspace/ChargedHiggsAnalysisV3/SKNanoOutput/MatrixSelector/Run3Mu/2023BPix/Skim_TriLep_Muon1_D_v2.root
2026-01-12 13:56:55,170 - INFO - [2023BPix] MISSING_CENTRAL: ZFake3Mu/Central/muons/1/energy in Skim_TriLep_DYJets10to50.root
2026-01-12 13:56:55,183 - INFO - [2023BPix] MISSING_CENTRAL: ZFake3Mu/Central/muons/1/energy in Skim_TriLep_TTG_PTG100to200.root
2026-01-12 13:56:55,184 - INFO - [2023BPix] MISSING_CENTRAL: ZFake3Mu/Central/muons/1/energy in Skim_TriLep_TTG_PTG200toInf.root
2026-01-16 19:11:30,744 - INFO - [2022] MISSING_CENTRAL: ZFake3Mu/Central/muons/1/energy in Skim_TriLep_DYJets10to50.root
2026-01-16 19:11:30,745 - INFO - [2022] MISSING_CENTRAL: ZFake3Mu/Central/muons/1/energy in Skim_TriLep_TTG_PTG10to100.root
2026-01-16 19:11:30,746 - INFO - [2022] MISSING_CENTRAL: ZFake3Mu/Central/muons/1/energy in Skim_TriLep_TTG_PTG100to200.root
2026-01-16 19:11:30,746 - INFO - [2022] MISSING_CENTRAL: ZFake3Mu/Central/muons/1/energy in Skim_TriLep_TTG_PTG200toInf.root
2026-01-16 19:11:30,926 - INFO - [2022EE] MISSING_CENTRAL: ZFake3Mu/Central/muons/1/energy in Skim_TriLep_DYJets10to50.root
2026-01-16 19:11:30,927 - INFO - [2022EE] MISSING_CENTRAL: ZFake3Mu/Central/muons/1/energy in Skim_TriLep_TTG_PTG10to100.root
2026-01-16 19:11:31,205 - INFO - [2023] MISSING_CENTRAL: ZFake3Mu/Central/muons/1/energy in Skim_TriLep_DYJets10to50.root
2026-01-16 19:11:31,218 - INFO - [2023] MISSING_CENTRAL: ZFake3Mu/Central/muons/1/energy in Skim_TriLep_TTG_PTG100to200.root
2026-01-16 19:11:31,219 - INFO - [2023] MISSING_CENTRAL: ZFake3Mu/Central/muons/1/energy in Skim_TriLep_TTG_PTG200toInf.root
2026-01-16 19:11:31,416 - INFO - [2023BPix] MISSING_CENTRAL: ZFake3Mu/Central/muons/1/energy in Skim_TriLep_DYJets10to50.root
2026-01-16 19:11:31,441 - INFO - [2023BPix] MISSING_CENTRAL: ZFake3Mu/Central/muons/1/energy in Skim_TriLep_TTG_PTG100to200.root
2026-01-16 19:11:31,442 - INFO - [2023BPix] MISSING_CENTRAL: ZFake3Mu/Central/muons/1/energy in Skim_TriLep_TTG_PTG200toInf.root
2026-01-28 17:08:20,710 - INFO - [2022] MISSING_CENTRAL: ZFake3Mu/Central/muons/1/energy in Skim_TriLep_DYJets10to50.root
2026-01-28 17:08:20,710 - INFO - [2022] MISSING_CENTRAL: ZFake3Mu/Central/muons/1/energy in Skim_TriLep_TTG_PTG10to100.root
2026-01-28 17:08:20,711 - INFO - [2022] MISSING_CENTRAL: ZFake3Mu/Central/muons/1/energy in Skim_TriLep_TTG_PTG100to200.root
2026-01-28 17:08:20,711 - INFO - [2022] MISSING_CENTRAL: ZFake3Mu/Central/muons/1/energy in Skim_TriLep_TTG_PTG200toInf.root
2026-01-28 17:08:20,963 - INFO - [2022EE] MISSING_CENTRAL: ZFake3Mu/Central/muons/1/energy in Skim_TriLep_DYJets10to50.root
2026-01-28 17:08:20,963 - INFO - [2022EE] MISSING_CENTRAL: ZFake3Mu/Central/muons/1/energy in Skim_TriLep_TTG_PTG10to100.root
2026-01-28 17:08:21,267 - INFO - [2023] MISSING_CENTRAL: ZFake3Mu/Central/muons/1/energy in Skim_TriLep_DYJets10to50.root
2026-01-28 17:08:21,304 - INFO - [2023] MISSING_CENTRAL: ZFake3Mu/Central/muons/1/energy in Skim_TriLep_TTG_PTG100to200.root
2026-01-28 17:08:21,305 - INFO - [2023] MISSING_CENTRAL: ZFake3Mu/Central/muons/1/energy in Skim_TriLep_TTG_PTG200toInf.root
2026-01-28 17:08:21,588 - INFO - [2023BPix] MISSING_CENTRAL: ZFake3Mu/Central/muons/1/energy in Skim_TriLep_DYJets10to50.root
2026-01-28 17:08:21,606 - INFO - [2023BPix] MISSING_CENTRAL: ZFake3Mu/Central/muons/1/energy in Skim_TriLep_TTG_PTG100to200.root
2026-01-28 17:08:21,607 - INFO - [2023BPix] MISSING_CENTRAL: ZFake3Mu/Central/muons/1/energy in Skim_TriLep_TTG_PTG200toInf.root
2026-01-28 17:28:52,611 - INFO - [2022] MISSING_CENTRAL: ZFake3Mu/Central/muons/1/energy in Skim_TriLep_DYJets10to50.root
2026-01-28 17:28:52,612 - INFO - [2022] MISSING_CENTRAL: ZFake3Mu/Central/muons/1/energy in Skim_TriLep_TTG_PTG10to100.root
2026-01-28 17:28:52,613 - INFO - [2022] MISSING_CENTRAL: ZFake3Mu/Central/muons/1/energy in Skim_TriLep_TTG_PTG100to200.root
2026-01-28 17:28:52,613 - INFO - [2022] MISSING_CENTRAL: ZFake3Mu/Central/muons/1/energy in Skim_TriLep_TTG_PTG200toInf.root
2026-01-28 17:28:52,868 - INFO - [2022EE] MISSING_CENTRAL: ZFake3Mu/Central/muons/1/energy in Skim_TriLep_DYJets10to50.root
2026-01-28 17:28:52,868 - INFO - [2022EE] MISSING_CENTRAL: ZFake3Mu/Central/muons/1/energy in Skim_TriLep_TTG_PTG10to100.root
2026-01-28 17:28:53,163 - INFO - [2023] MISSING_CENTRAL: ZFake3Mu/Central/muons/1/energy in Skim_TriLep_DYJets10to50.root
2026-01-28 17:28:53,179 - INFO - [2023] MISSING_CENTRAL: ZFake3Mu/Central/muons/1/energy in Skim_TriLep_TTG_PTG100to200.root
2026-01-28 17:28:53,180 - INFO - [2023] MISSING_CENTRAL: ZFake3Mu/Central/muons/1/energy in Skim_TriLep_TTG_PTG200toInf.root
2026-01-28 17:28:53,444 - INFO - [2023BPix] MISSING_CENTRAL: ZFake3Mu/Central/muons/1/energy in Skim_TriLep_DYJets10to50.root
2026-01-28 17:28:53,461 - INFO - [2023BPix] MISSING_CENTRAL: ZFake3Mu/Central/muons/1/energy in Skim_TriLep_TTG_PTG100to200.root
2026-01-28 17:28:53,462 - INFO - [2023BPix] MISSING_CENTRAL: ZFake3Mu/Central/muons/1/energy in Skim_TriLep_TTG_PTG200toInf.root
2026-01-28 20:02:37,510 - INFO - [2022] MISSING_CENTRAL: ZFake3Mu/Central/muons/1/energy in Skim_TriLep_DYJets10to50.root
2026-01-28 20:02:37,511 - INFO - [2022] MISSING_CENTRAL: ZFake3Mu/Central/muons/1/energy in Skim_TriLep_TTG_PTG10to100.root
2026-01-28 20:02:37,511 - INFO - [2022] MISSING_CENTRAL: ZFake3Mu/Central/muons/1/energy in Skim_TriLep_TTG_PTG100to200.root
2026-01-28 20:02:37,512 - INFO - [2022] MISSING_CENTRAL: ZFake3Mu/Central/muons/1/energy in Skim_TriLep_TTG_PTG200toInf.root
2026-01-28 20:02:37,743 - INFO - [2022EE] MISSING_CENTRAL: ZFake3Mu/Central/muons/1/energy in Skim_TriLep_DYJets10to50.root
2026-01-28 20:02:37,744 - INFO - [2022EE] MISSING_CENTRAL: ZFake3Mu/Central/muons/1/energy in Skim_TriLep_TTG_PTG10to100.root
2026-01-28 20:02:38,001 - INFO - [2023] MISSING_CENTRAL: ZFake3Mu/Central/muons/1/energy in Skim_TriLep_DYJets10to50.root
2026-01-28 20:02:38,019 - INFO - [2023] MISSING_CENTRAL: ZFake3Mu/Central/muons/1/energy in Skim_TriLep_TTG_PTG100to200.root
2026-01-28 20:02:38,020 - INFO - [2023] MISSING_CENTRAL: ZFake3Mu/Central/muons/1/energy in Skim_TriLep_TTG_PTG200toInf.root
2026-01-28 20:02:38,315 - INFO - [2023BPix] MISSING_CENTRAL: ZFake3Mu/Central/muons/1/energy in Skim_TriLep_DYJets10to50.root
2026-01-28 20:02:38,332 - INFO - [2023BPix] MISSING_CENTRAL: ZFake3Mu/Central/muons/1/energy in Skim_TriLep_TTG_PTG100to200.root
2026-01-28 20:02:38,332 - INFO - [2023BPix] MISSING_CENTRAL: ZFake3Mu/Central/muons/1/energy in Skim_TriLep_TTG_PTG200toInf.root
2026-01-29 07:19:12,872 - INFO - [2022] MISSING_CENTRAL: ZFake3Mu/Central/muons/1/energy in Skim_TriLep_DYJets10to50.root
2026-01-29 07:19:12,873 - INFO - [2022] MISSING_CENTRAL: ZFake3Mu/Central/muons/1/energy in Skim_TriLep_TTG_PTG10to100.root
2026-01-29 07:19:12,873 - INFO - [2022] MISSING_CENTRAL: ZFake3Mu/Central/muons/1/energy in Skim_TriLep_TTG_PTG100to200.root
2026-01-29 07:19:12,874 - INFO - [2022] MISSING_CENTRAL: ZFake3Mu/Central/muons/1/energy in Skim_TriLep_TTG_PTG200toInf.root
2026-01-29 07:19:13,050 - INFO - [2022EE] MISSING_CENTRAL: ZFake3Mu/Central/muons/1/energy in Skim_TriLep_DYJets10to50.root
2026-01-29 07:19:13,051 - INFO - [2022EE] MISSING_CENTRAL: ZFake3Mu/Central/muons/1/energy in Skim_TriLep_TTG_PTG10to100.root
2026-01-29 07:19:13,264 - INFO - [2023] MISSING_CENTRAL: ZFake3Mu/Central/muons/1/energy in Skim_TriLep_DYJets10to50.root
2026-01-29 07:19:13,276 - INFO - [2023] MISSING_CENTRAL: ZFake3Mu/Central/muons/1/energy in Skim_TriLep_TTG_PTG100to200.root
2026-01-29 07:19:13,277 - INFO - [2023] MISSING_CENTRAL: ZFake3Mu/Central/muons/1/energy in Skim_TriLep_TTG_PTG200toInf.root
2026-01-29 07:19:13,470 - INFO - [2023BPix] MISSING_CENTRAL: ZFake3Mu/Central/muons/1/energy in Skim_TriLep_DYJets10to50.root
2026-01-29 07:19:13,483 - INFO - [2023BPix] MISSING_CENTRAL: ZFake3Mu/Central/muons/1/energy in Skim_TriLep_TTG_PTG100to200.root
2026-01-29 07:19:13,484 - INFO - [2023BPix] MISSING_CENTRAL: ZFake3Mu/Central/muons/1/energy in Skim_TriLep_TTG_PTG200toInf.root
2026-03-06 09:44:46,722 - INFO - [2022] MISSING_CENTRAL: ZFake3Mu/Central/muons/1/energy in Skim_TriLep_DYJets10to50.root
2026-03-06 09:44:46,723 - INFO - [2022] MISSING_CENTRAL: ZFake3Mu/Central/muons/1/energy in Skim_TriLep_TTG_PTG10to100.root
2026-03-06 09:44:46,723 - INFO - [2022] MISSING_CENTRAL: ZFake3Mu/Central/muons/1/energy in Skim_TriLep_TTG_PTG100to200.root
2026-03-06 09:44:46,724 - INFO - [2022] MISSING_CENTRAL: ZFake3Mu/Central/muons/1/energy in Skim_TriLep_TTG_PTG200toInf.root
2026-03-06 09:44:46,906 - INFO - [2022EE] MISSING_CENTRAL: ZFake3Mu/Central/muons/1/energy in Skim_TriLep_DYJets10to50.root
2026-03-06 09:44:46,907 - INFO - [2022EE] MISSING_CENTRAL: ZFake3Mu/Central/muons/1/energy in Skim_TriLep_TTG_PTG10to100.root
2026-03-06 09:44:47,119 - INFO - [2023] MISSING_CENTRAL: ZFake3Mu/Central/muons/1/energy in Skim_TriLep_DYJets10to50.root
2026-03-06 09:44:47,120 - INFO - [2023] MISSING_CENTRAL: ZFake3Mu/Central/muons/1/energy in Skim_TriLep_TTG_PTG10to100.root
2026-03-06 09:44:47,121 - INFO - [2023] MISSING_CENTRAL: ZFake3Mu/Central/muons/1/energy in Skim_TriLep_TTG_PTG100to200.root
2026-03-06 09:44:47,121 - INFO - [2023] MISSING_CENTRAL: ZFake3Mu/Central/muons/1/energy in Skim_TriLep_TTG_PTG200toInf.root
2026-03-06 09:44:47,313 - INFO - [2023BPix] MISSING_CENTRAL: ZFake3Mu/Central/muons/1/energy in Skim_TriLep_DYJets10to50.root
2026-03-06 09:44:47,326 - INFO - [2023BPix] MISSING_CENTRAL: ZFake3Mu/Central/muons/1/energy in Skim_TriLep_TTG_PTG100to200.root
2026-03-06 09:44:47,327 - INFO - [2023BPix] MISSING_CENTRAL: ZFake3Mu/Central/muons/1/energy in Skim_TriLep_TTG_PTG200toInf.root
2026-03-06 19:50:32,560 - INFO - [2022] MISSING_CENTRAL: ZFake3Mu/Central/muons/1/energy in Skim_TriLep_DYJets10to50.root
2026-03-06 19:50:32,561 - INFO - [2022] MISSING_CENTRAL: ZFake3Mu/Central/muons/1/energy in Skim_TriLep_TTG_PTG10to100.root
2026-03-06 19:50:32,562 - INFO - [2022] MISSING_CENTRAL: ZFake3Mu/Central/muons/1/energy in Skim_TriLep_TTG_PTG100to200.root
2026-03-06 19:50:32,562 - INFO - [2022] MISSING_CENTRAL: ZFake3Mu/Central/muons/1/energy in Skim_TriLep_TTG_PTG200toInf.root
2026-03-06 19:50:32,744 - INFO - [2022EE] MISSING_CENTRAL: ZFake3Mu/Central/muons/1/energy in Skim_TriLep_DYJets10to50.root
2026-03-06 19:50:32,745 - INFO - [2022EE] MISSING_CENTRAL: ZFake3Mu/Central/muons/1/energy in Skim_TriLep_TTG_PTG10to100.root
2026-03-06 19:50:32,961 - INFO - [2023] MISSING_CENTRAL: ZFake3Mu/Central/muons/1/energy in Skim_TriLep_DYJets10to50.root
2026-03-06 19:50:32,962 - INFO - [2023] MISSING_CENTRAL: ZFake3Mu/Central/muons/1/energy in Skim_TriLep_TTG_PTG10to100.root
2026-03-06 19:50:32,962 - INFO - [2023] MISSING_CENTRAL: ZFake3Mu/Central/muons/1/energy in Skim_TriLep_TTG_PTG100to200.root
2026-03-06 19:50:32,963 - INFO - [2023] MISSING_CENTRAL: ZFake3Mu/Central/muons/1/energy in Skim_TriLep_TTG_PTG200toInf.root
2026-03-06 19:50:33,157 - INFO - [2023BPix] MISSING_CENTRAL: ZFake3Mu/Central/muons/1/energy in Skim_TriLep_DYJets10to50.root
2026-03-06 19:50:33,169 - INFO - [2023BPix] MISSING_CENTRAL: ZFake3Mu/Central/muons/1/energy in Skim_TriLep_TTG_PTG100to200.root
2026-03-06 19:50:33,170 - INFO - [2023BPix] MISSING_CENTRAL: ZFake3Mu/Central/muons/1/energy in Skim_TriLep_TTG_PTG200toInf.root
2026-04-10 20:25:27,312 - INFO - [2022] MISSING_CENTRAL: ZFake3Mu/Central/muons/1/energy in Skim_TriLep_DYJets10to50.root
2026-04-10 20:25:27,312 - INFO - [2022] MISSING_CENTRAL: ZFake3Mu/Central/muons/1/energy in Skim_TriLep_TTG_PTG10to100.root
2026-04-10 20:25:27,313 - INFO - [2022] MISSING_CENTRAL: ZFake3Mu/Central/muons/1/energy in Skim_TriLep_TTG_PTG100to200.root
2026-04-10 20:25:27,313 - INFO - [2022] MISSING_CENTRAL: ZFake3Mu/Central/muons/1/energy in Skim_TriLep_TTG_PTG200toInf.root
2026-04-10 20:25:27,505 - INFO - [2022EE] MISSING_CENTRAL: ZFake3Mu/Central/muons/1/energy in Skim_TriLep_DYJets10to50.root
2026-04-10 20:25:27,505 - INFO - [2022EE] MISSING_CENTRAL: ZFake3Mu/Central/muons/1/energy in Skim_TriLep_TTG_PTG10to100.root
2026-04-10 20:25:27,727 - INFO - [2023] MISSING_CENTRAL: ZFake3Mu/Central/muons/1/energy in Skim_TriLep_DYJets10to50.root
2026-04-10 20:25:27,728 - INFO - [2023] MISSING_CENTRAL: ZFake3Mu/Central/muons/1/energy in Skim_TriLep_TTG_PTG10to100.root
2026-04-10 20:25:27,729 - INFO - [2023] MISSING_CENTRAL: ZFake3Mu/Central/muons/1/energy in Skim_TriLep_TTG_PTG100to200.root
2026-04-10 20:25:27,729 - INFO - [2023] MISSING_CENTRAL: ZFake3Mu/Central/muons/1/energy in Skim_TriLep_TTG_PTG200toInf.root
2026-04-10 20:25:27,928 - INFO - [2023BPix] MISSING_CENTRAL: ZFake3Mu/Central/muons/1/energy in Skim_TriLep_DYJets10to50.root
2026-04-10 20:25:27,941 - INFO - [2023BPix] MISSING_CENTRAL: ZFake3Mu/Central/muons/1/energy in Skim_TriLep_TTG_PTG100to200.root
2026-04-10 20:25:27,941 - INFO - [2023BPix] MISSING_CENTRAL: ZFake3Mu/Central/muons/1/energy in Skim_TriLep_TTG_PTG200toInf.root
2026-04-12 11:40:50,771 - INFO - [2022] MISSING_CENTRAL: ZFake3Mu/Central/muons/1/energy in Skim_TriLep_DYJets10to50.root
2026-04-12 11:40:50,772 - INFO - [2022] MISSING_CENTRAL: ZFake3Mu/Central/muons/1/energy in Skim_TriLep_TTG_PTG10to100.root
2026-04-12 11:40:50,772 - INFO - [2022] MISSING_CENTRAL: ZFake3Mu/Central/muons/1/energy in Skim_TriLep_TTG_PTG100to200.root
2026-04-12 11:40:50,773 - INFO - [2022] MISSING_CENTRAL: ZFake3Mu/Central/muons/1/energy in Skim_TriLep_TTG_PTG200toInf.root
2026-04-12 11:40:50,973 - INFO - [2022EE] MISSING_CENTRAL: ZFake3Mu/Central/muons/1/energy in Skim_TriLep_DYJets10to50.root
2026-04-12 11:40:50,974 - INFO - [2022EE] MISSING_CENTRAL: ZFake3Mu/Central/muons/1/energy in Skim_TriLep_TTG_PTG10to100.root
2026-04-12 11:40:51,350 - INFO - [2023] MISSING_CENTRAL: ZFake3Mu/Central/muons/1/energy in Skim_TriLep_DYJets10to50.root
2026-04-12 11:40:51,350 - INFO - [2023] MISSING_CENTRAL: ZFake3Mu/Central/muons/1/energy in Skim_TriLep_TTG_PTG10to100.root
2026-04-12 11:40:51,351 - INFO - [2023] MISSING_CENTRAL: ZFake3Mu/Central/muons/1/energy in Skim_TriLep_TTG_PTG100to200.root
2026-04-12 11:40:51,351 - INFO - [2023] MISSING_CENTRAL: ZFake3Mu/Central/muons/1/energy in Skim_TriLep_TTG_PTG200toInf.root
2026-04-12 11:40:51,583 - INFO - [2023BPix] MISSING_CENTRAL: ZFake3Mu/Central/muons/1/energy in Skim_TriLep_DYJets10to50.root
2026-04-12 11:40:51,596 - INFO - [2023BPix] MISSING_CENTRAL: ZFake3Mu/Central/muons/1/energy in Skim_TriLep_TTG_PTG100to200.root
2026-04-12 11:40:51,597 - INFO - [2023BPix] MISSING_CENTRAL: ZFake3Mu/Central/muons/1/energy in Skim_TriLep_TTG_PTG200toInf.root
2026-04-12 12:22:32,299 - INFO - [2022] MISSING_CENTRAL: ZFake3Mu/Central/muons/1/energy in Skim_TriLep_DYJets10to50.root
2026-04-12 12:22:32,299 - INFO - [2022] MISSING_CENTRAL: ZFake3Mu/Central/muons/1/energy in Skim_TriLep_TTG_PTG10to100.root
2026-04-12 12:22:32,300 - INFO - [2022] MISSING_CENTRAL: ZFake3Mu/Central/muons/1/energy in Skim_TriLep_TTG_PTG100to200.root
2026-04-12 12:22:32,300 - INFO - [2022] MISSING_CENTRAL: ZFake3Mu/Central/muons/1/energy in Skim_TriLep_TTG_PTG200toInf.root
2026-04-12 12:22:32,496 - INFO - [2022EE] MISSING_CENTRAL: ZFake3Mu/Central/muons/1/energy in Skim_TriLep_DYJets10to50.root
2026-04-12 12:22:32,497 - INFO - [2022EE] MISSING_CENTRAL: ZFake3Mu/Central/muons/1/energy in Skim_TriLep_TTG_PTG10to100.root
2026-04-12 12:22:32,728 - INFO - [2023] MISSING_CENTRAL: ZFake3Mu/Central/muons/1/energy in Skim_TriLep_DYJets10to50.root
2026-04-12 12:22:32,728 - INFO - [2023] MISSING_CENTRAL: ZFake3Mu/Central/muons/1/energy in Skim_TriLep_TTG_PTG10to100.root
2026-04-12 12:22:32,733 - INFO - [2023] MISSING_CENTRAL: ZFake3Mu/Central/muons/1/energy in Skim_TriLep_TTG_PTG100to200.root
2026-04-12 12:22:32,734 - INFO - [2023] MISSING_CENTRAL: ZFake3Mu/Central/muons/1/energy in Skim_TriLep_TTG_PTG200toInf.root
2026-04-12 12:22:32,992 - INFO - [2023BPix] MISSING_CENTRAL: ZFake3Mu/Central/muons/1/energy in Skim_TriLep_DYJets10to50.root
2026-04-12 12:22:33,009 - INFO - [2023BPix] MISSING_CENTRAL: ZFake3Mu/Central/muons/1/energy in Skim_TriLep_TTG_PTG100to200.root
2026-04-12 12:22:33,010 - INFO - [2023BPix] MISSING_CENTRAL: ZFake3Mu/Central/muons/1/energy in Skim_TriLep_TTG_PTG200toInf.root
2026-04-12 12:42:11,412 - INFO - [2022] MISSING_CENTRAL: ZFake3Mu/Central/muons/1/energy in Skim_TriLep_DYJets10to50.root
2026-04-12 12:42:11,413 - INFO - [2022] MISSING_CENTRAL: ZFake3Mu/Central/muons/1/energy in Skim_TriLep_TTG_PTG10to100.root
2026-04-12 12:42:11,413 - INFO - [2022] MISSING_CENTRAL: ZFake3Mu/Central/muons/1/energy in Skim_TriLep_TTG_PTG100to200.root
2026-04-12 12:42:11,414 - INFO - [2022] MISSING_CENTRAL: ZFake3Mu/Central/muons/1/energy in Skim_TriLep_TTG_PTG200toInf.root
2026-04-12 12:42:11,609 - INFO - [2022EE] MISSING_CENTRAL: ZFake3Mu/Central/muons/1/energy in Skim_TriLep_DYJets10to50.root
2026-04-12 12:42:11,610 - INFO - [2022EE] MISSING_CENTRAL: ZFake3Mu/Central/muons/1/energy in Skim_TriLep_TTG_PTG10to100.root
2026-04-12 12:42:11,841 - INFO - [2023] MISSING_CENTRAL: ZFake3Mu/Central/muons/1/energy in Skim_TriLep_DYJets10to50.root
2026-04-12 12:42:11,842 - INFO - [2023] MISSING_CENTRAL: ZFake3Mu/Central/muons/1/energy in Skim_TriLep_TTG_PTG10to100.root
2026-04-12 12:42:11,842 - INFO - [2023] MISSING_CENTRAL: ZFake3Mu/Central/muons/1/energy in Skim_TriLep_TTG_PTG100to200.root
2026-04-12 12:42:11,843 - INFO - [2023] MISSING_CENTRAL: ZFake3Mu/Central/muons/1/energy in Skim_TriLep_TTG_PTG200toInf.root
2026-04-12 12:42:12,057 - INFO - [2023BPix] MISSING_CENTRAL: ZFake3Mu/Central/muons/1/energy in Skim_TriLep_DYJets10to50.root
2026-04-12 12:42:12,071 - INFO - [2023BPix] MISSING_CENTRAL: ZFake3Mu/Central/muons/1/energy in Skim_TriLep_TTG_PTG100to200.root
2026-04-12 12:42:12,072 - INFO - [2023BPix] MISSING_CENTRAL: ZFake3Mu/Central/muons/1/energy in Skim_TriLep_TTG_PTG200toInf.root
2026-04-12 20:50:21,568 - INFO - [2022] MISSING_CENTRAL: ZFake3Mu/Central/muons/1/energy in Skim_TriLep_DYJets10to50.root
2026-04-12 20:50:21,568 - INFO - [2022] MISSING_CENTRAL: ZFake3Mu/Central/muons/1/energy in Skim_TriLep_TTG_PTG10to100.root
2026-04-12 20:50:21,569 - INFO - [2022] MISSING_CENTRAL: ZFake3Mu/Central/muons/1/energy in Skim_TriLep_TTG_PTG100to200.root
2026-04-12 20:50:21,569 - INFO - [2022] MISSING_CENTRAL: ZFake3Mu/Central/muons/1/energy in Skim_TriLep_TTG_PTG200toInf.root
2026-04-12 20:50:21,762 - INFO - [2022EE] MISSING_CENTRAL: ZFake3Mu/Central/muons/1/energy in Skim_TriLep_DYJets10to50.root
2026-04-12 20:50:21,763 - INFO - [2022EE] MISSING_CENTRAL: ZFake3Mu/Central/muons/1/energy in Skim_TriLep_TTG_PTG10to100.root
2026-04-12 20:50:21,989 - INFO - [2023] MISSING_CENTRAL: ZFake3Mu/Central/muons/1/energy in Skim_TriLep_DYJets10to50.root
2026-04-12 20:50:21,989 - INFO - [2023] MISSING_CENTRAL: ZFake3Mu/Central/muons/1/energy in Skim_TriLep_TTG_PTG10to100.root
2026-04-12 20:50:21,990 - INFO - [2023] MISSING_CENTRAL: ZFake3Mu/Central/muons/1/energy in Skim_TriLep_TTG_PTG100to200.root
2026-04-12 20:50:21,990 - INFO - [2023] MISSING_CENTRAL: ZFake3Mu/Central/muons/1/energy in Skim_TriLep_TTG_PTG200toInf.root
2026-04-12 20:50:22,188 - INFO - [2023BPix] MISSING_CENTRAL: ZFake3Mu/Central/muons/1/energy in Skim_TriLep_DYJets10to50.root
2026-04-12 20:50:22,200 - INFO - [2023BPix] MISSING_CENTRAL: ZFake3Mu/Central/muons/1/energy in Skim_TriLep_TTG_PTG100to200.root
2026-04-12 20:50:22,201 - INFO - [2023BPix] MISSING_CENTRAL: ZFake3Mu/Central/muons/1/energy in Skim_TriLep_TTG_PTG200toInf.root
2026-04-12 21:21:54,866 - INFO - [2022] MISSING_CENTRAL: ZFake3Mu/Central/muons/1/energy in Skim_TriLep_DYJets10to50.root
2026-04-12 21:21:54,867 - INFO - [2022] MISSING_CENTRAL: ZFake3Mu/Central/muons/1/energy in Skim_TriLep_TTG_PTG10to100.root
2026-04-12 21:21:54,867 - INFO - [2022] MISSING_CENTRAL: ZFake3Mu/Central/muons/1/energy in Skim_TriLep_TTG_PTG100to200.root
2026-04-12 21:21:54,868 - INFO - [2022] MISSING_CENTRAL: ZFake3Mu/Central/muons/1/energy in Skim_TriLep_TTG_PTG200toInf.root
2026-04-12 21:21:55,060 - INFO - [2022EE] MISSING_CENTRAL: ZFake3Mu/Central/muons/1/energy in Skim_TriLep_DYJets10to50.root
2026-04-12 21:21:55,061 - INFO - [2022EE] MISSING_CENTRAL: ZFake3Mu/Central/muons/1/energy in Skim_TriLep_TTG_PTG10to100.root
2026-04-12 21:21:55,288 - INFO - [2023] MISSING_CENTRAL: ZFake3Mu/Central/muons/1/energy in Skim_TriLep_DYJets10to50.root
2026-04-12 21:21:55,289 - INFO - [2023] MISSING_CENTRAL: ZFake3Mu/Central/muons/1/energy in Skim_TriLep_TTG_PTG10to100.root
2026-04-12 21:21:55,289 - INFO - [2023] MISSING_CENTRAL: ZFake3Mu/Central/muons/1/energy in Skim_TriLep_TTG_PTG100to200.root
2026-04-12 21:21:55,290 - INFO - [2023] MISSING_CENTRAL: ZFake3Mu/Central/muons/1/energy in Skim_TriLep_TTG_PTG200toInf.root
2026-04-12 21:21:55,497 - INFO - [2023BPix] MISSING_CENTRAL: ZFake3Mu/Central/muons/1/energy in Skim_TriLep_DYJets10to50.root
2026-04-12 21:21:55,511 - INFO - [2023BPix] MISSING_CENTRAL: ZFake3Mu/Central/muons/1/energy in Skim_TriLep_TTG_PTG100to200.root
2026-04-12 21:21:55,512 - INFO - [2023BPix] MISSING_CENTRAL: ZFake3Mu/Central/muons/1/energy in Skim_TriLep_TTG_PTG200toInf.root
2026-04-13 12:59:44,158 - INFO - [2022] MISSING_CENTRAL: ZFake3Mu/Central/muons/1/energy in Skim_TriLep_DYJets10to50.root
2026-04-13 12:59:44,159 - INFO - [2022] MISSING_CENTRAL: ZFake3Mu/Central/muons/1/energy in Skim_TriLep_TTG_PTG10to100.root
2026-04-13 12:59:44,159 - INFO - [2022] MISSING_CENTRAL: ZFake3Mu/Central/muons/1/energy in Skim_TriLep_TTG_PTG100to200.root
2026-04-13 12:59:44,160 - INFO - [2022] MISSING_CENTRAL: ZFake3Mu/Central/muons/1/energy in Skim_TriLep_TTG_PTG200toInf.root
2026-04-13 12:59:44,390 - INFO - [2022EE] MISSING_CENTRAL: ZFake3Mu/Central/muons/1/energy in Skim_TriLep_DYJets10to50.root
2026-04-13 12:59:44,391 - INFO - [2022EE] MISSING_CENTRAL: ZFake3Mu/Central/muons/1/energy in Skim_TriLep_TTG_PTG10to100.root
2026-04-13 12:59:44,701 - INFO - [2023] MISSING_CENTRAL: ZFake3Mu/Central/muons/1/energy in Skim_TriLep_DYJets10to50.root
2026-04-13 12:59:44,701 - INFO - [2023] MISSING_CENTRAL: ZFake3Mu/Central/muons/1/energy in Skim_TriLep_TTG_PTG10to100.root
2026-04-13 12:59:44,702 - INFO - [2023] MISSING_CENTRAL: ZFake3Mu/Central/muons/1/energy in Skim_TriLep_TTG_PTG100to200.root
2026-04-13 12:59:44,702 - INFO - [2023] MISSING_CENTRAL: ZFake3Mu/Central/muons/1/energy in Skim_TriLep_TTG_PTG200toInf.root
2026-04-13 12:59:44,949 - INFO - [2023BPix] MISSING_CENTRAL: ZFake3Mu/Central/muons/1/energy in Skim_TriLep_DYJets10to50.root
2026-04-13 12:59:44,965 - INFO - [2023BPix] MISSING_CENTRAL: ZFake3Mu/Central/muons/1/energy in Skim_TriLep_TTG_PTG100to200.root
2026-04-13 12:59:44,966 - INFO - [2023BPix] MISSING_CENTRAL: ZFake3Mu/Central/muons/1/energy in Skim_TriLep_TTG_PTG200toInf.root
2026-04-16 17:42:15,808 - INFO - [2022] MISSING_CENTRAL: ZFake3Mu/Central/muons/1/energy in Skim_TriLep_DYJets10to50.root
2026-04-16 17:42:15,808 - INFO - [2022] MISSING_CENTRAL: ZFake3Mu/Central/muons/1/energy in Skim_TriLep_TTG_PTG10to100.root
2026-04-16 17:42:15,809 - INFO - [2022] MISSING_CENTRAL: ZFake3Mu/Central/muons/1/energy in Skim_TriLep_TTG_PTG100to200.root
2026-04-16 17:42:15,810 - INFO - [2022] MISSING_CENTRAL: ZFake3Mu/Central/muons/1/energy in Skim_TriLep_TTG_PTG200toInf.root
2026-04-16 17:42:16,045 - INFO - [2022EE] MISSING_CENTRAL: ZFake3Mu/Central/muons/1/energy in Skim_TriLep_DYJets10to50.root
2026-04-16 17:42:16,046 - INFO - [2022EE] MISSING_CENTRAL: ZFake3Mu/Central/muons/1/energy in Skim_TriLep_TTG_PTG10to100.root
2026-04-16 17:42:16,320 - INFO - [2023] MISSING_CENTRAL: ZFake3Mu/Central/muons/1/energy in Skim_TriLep_DYJets10to50.root
2026-04-16 17:42:16,321 - INFO - [2023] MISSING_CENTRAL: ZFake3Mu/Central/muons/1/energy in Skim_TriLep_TTG_PTG10to100.root
2026-04-16 17:42:16,322 - INFO - [2023] MISSING_CENTRAL: ZFake3Mu/Central/muons/1/energy in Skim_TriLep_TTG_PTG100to200.root
2026-04-16 17:42:16,322 - INFO - [2023] MISSING_CENTRAL: ZFake3Mu/Central/muons/1/energy in Skim_TriLep_TTG_PTG200toInf.root
2026-04-16 17:42:16,640 - INFO - [2023BPix] MISSING_CENTRAL: ZFake3Mu/Central/muons/1/energy in Skim_TriLep_DYJets10to50.root
2026-04-16 17:42:16,673 - INFO - [2023BPix] MISSING_CENTRAL: ZFake3Mu/Central/muons/1/energy in Skim_TriLep_TTG_PTG100to200.root
2026-04-16 17:42:16,674 - INFO - [2023BPix] MISSING_CENTRAL: ZFake3Mu/Central/muons/1/energy in Skim_TriLep_TTG_PTG200toInf.root
2026-04-28 15:21:01,001 - INFO - [2022] MISSING_CENTRAL: ZFake3Mu/Central/muons/1/energy in Skim_TriLep_DYJets10to50.root
2026-04-28 15:21:01,002 - INFO - [2022] MISSING_CENTRAL: ZFake3Mu/Central/muons/1/energy in Skim_TriLep_TTG_PTG10to100.root
2026-04-28 15:21:01,003 - INFO - [2022] MISSING_CENTRAL: ZFake3Mu/Central/muons/1/energy in Skim_TriLep_TTG_PTG100to200.root
2026-04-28 15:21:01,003 - INFO - [2022] MISSING_CENTRAL: ZFake3Mu/Central/muons/1/energy in Skim_TriLep_TTG_PTG200toInf.root
2026-04-28 15:21:01,404 - INFO - [2022EE] MISSING_CENTRAL: ZFake3Mu/Central/muons/1/energy in Skim_TriLep_DYJets10to50.root
2026-04-28 15:21:01,405 - INFO - [2022EE] MISSING_CENTRAL: ZFake3Mu/Central/muons/1/energy in Skim_TriLep_TTG_PTG10to100.root
2026-04-28 15:21:01,908 - INFO - [2023] MISSING_CENTRAL: ZFake3Mu/Central/muons/1/energy in Skim_TriLep_DYJets10to50.root
2026-04-28 15:21:01,908 - INFO - [2023] MISSING_CENTRAL: ZFake3Mu/Central/muons/1/energy in Skim_TriLep_TTG_PTG10to100.root
2026-04-28 15:21:01,909 - INFO - [2023] MISSING_CENTRAL: ZFake3Mu/Central/muons/1/energy in Skim_TriLep_TTG_PTG100to200.root
2026-04-28 15:21:01,909 - INFO - [2023] MISSING_CENTRAL: ZFake3Mu/Central/muons/1/energy in Skim_TriLep_TTG_PTG200toInf.root
2026-04-28 15:21:02,349 - INFO - [2023BPix] MISSING_CENTRAL: ZFake3Mu/Central/muons/1/energy in Skim_TriLep_DYJets10to50.root
2026-04-28 15:21:02,371 - INFO - [2023BPix] MISSING_CENTRAL: ZFake3Mu/Central/muons/1/energy in Skim_TriLep_TTG_PTG100to200.root
2026-04-28 15:21:02,371 - INFO - [2023BPix] MISSING_CENTRAL: ZFake3Mu/Central/muons/1/energy in Skim_TriLep_TTG_PTG200toInf.root
2026-04-28 20:34:08,405 - INFO - [2022] MISSING_CENTRAL: ZFake3Mu/Central/muons/1/energy in Skim_TriLep_DYJets10to50.root
2026-04-28 20:34:08,406 - INFO - [2022] MISSING_CENTRAL: ZFake3Mu/Central/muons/1/energy in Skim_TriLep_TTG_PTG10to100.root
2026-04-28 20:34:08,406 - INFO - [2022] MISSING_CENTRAL: ZFake3Mu/Central/muons/1/energy in Skim_TriLep_TTG_PTG100to200.root
2026-04-28 20:34:08,407 - INFO - [2022] MISSING_CENTRAL: ZFake3Mu/Central/muons/1/energy in Skim_TriLep_TTG_PTG200toInf.root
2026-04-28 20:34:08,633 - INFO - [2022EE] MISSING_CENTRAL: ZFake3Mu/Central/muons/1/energy in Skim_TriLep_DYJets10to50.root
2026-04-28 20:34:08,633 - INFO - [2022EE] MISSING_CENTRAL: ZFake3Mu/Central/muons/1/energy in Skim_TriLep_TTG_PTG10to100.root
2026-04-28 20:34:08,893 - INFO - [2023] MISSING_CENTRAL: ZFake3Mu/Central/muons/1/energy in Skim_TriLep_DYJets10to50.root
2026-04-28 20:34:08,894 - INFO - [2023] MISSING_CENTRAL: ZFake3Mu/Central/muons/1/energy in Skim_TriLep_TTG_PTG10to100.root
2026-04-28 20:34:08,895 - INFO - [2023] MISSING_CENTRAL: ZFake3Mu/Central/muons/1/energy in Skim_TriLep_TTG_PTG100to200.root
2026-04-28 20:34:08,895 - INFO - [2023] MISSING_CENTRAL: ZFake3Mu/Central/muons/1/energy in Skim_TriLep_TTG_PTG200toInf.root
2026-04-28 20:34:09,133 - INFO - [2023BPix] MISSING_CENTRAL: ZFake3Mu/Central/muons/1/energy in Skim_TriLep_DYJets10to50.root
2026-04-28 20:34:09,148 - INFO - [2023BPix] MISSING_CENTRAL: ZFake3Mu/Central/muons/1/energy in Skim_TriLep_TTG_PTG100to200.root
2026-04-28 20:34:09,149 - INFO - [2023BPix] MISSING_CENTRAL: ZFake3Mu/Central/muons/1/energy in Skim_TriLep_TTG_PTG200toInf.root
2026-05-04 15:40:45,175 - INFO - [2022] MISSING_CENTRAL: ZFake3Mu/Central/muons/1/energy in Skim_TriLep_DYJets10to50.root
2026-05-04 15:40:45,176 - INFO - [2022] MISSING_CENTRAL: ZFake3Mu/Central/muons/1/energy in Skim_TriLep_TTG_PTG10to100.root
2026-05-04 15:40:45,176 - INFO - [2022] MISSING_CENTRAL: ZFake3Mu/Central/muons/1/energy in Skim_TriLep_TTG_PTG100to200.root
2026-05-04 15:40:45,177 - INFO - [2022] MISSING_CENTRAL: ZFake3Mu/Central/muons/1/energy in Skim_TriLep_TTG_PTG200toInf.root
2026-05-04 15:40:45,529 - INFO - [2022EE] MISSING_CENTRAL: ZFake3Mu/Central/muons/1/energy in Skim_TriLep_DYJets10to50.root
2026-05-04 15:40:45,529 - INFO - [2022EE] MISSING_CENTRAL: ZFake3Mu/Central/muons/1/energy in Skim_TriLep_TTG_PTG10to100.root
2026-05-04 15:40:46,035 - INFO - [2023] MISSING_CENTRAL: ZFake3Mu/Central/muons/1/energy in Skim_TriLep_DYJets10to50.root
2026-05-04 15:40:46,036 - INFO - [2023] MISSING_CENTRAL: ZFake3Mu/Central/muons/1/energy in Skim_TriLep_TTG_PTG10to100.root
2026-05-04 15:40:46,036 - INFO - [2023] MISSING_CENTRAL: ZFake3Mu/Central/muons/1/energy in Skim_TriLep_TTG_PTG100to200.root
2026-05-04 15:40:46,037 - INFO - [2023] MISSING_CENTRAL: ZFake3Mu/Central/muons/1/energy in Skim_TriLep_TTG_PTG200toInf.root
2026-05-04 15:40:46,481 - INFO - [2023BPix] MISSING_CENTRAL: ZFake3Mu/Central/muons/1/energy in Skim_TriLep_DYJets10to50.root
2026-05-04 15:40:46,503 - INFO - [2023BPix] MISSING_CENTRAL: ZFake3Mu/Central/muons/1/energy in Skim_TriLep_TTG_PTG100to200.root
2026-05-04 15:40:46,503 - INFO - [2023BPix] MISSING_CENTRAL: ZFake3Mu/Central/muons/1/energy in Skim_TriLep_TTG_PTG200toInf.root
2026-05-04 16:04:47,657 - INFO - [2022] MISSING_CENTRAL: ZFake3Mu/Central/muons/1/energy in Skim_TriLep_DYJets10to50.root
2026-05-04 16:04:47,658 - INFO - [2022] MISSING_CENTRAL: ZFake3Mu/Central/muons/1/energy in Skim_TriLep_TTG_PTG10to100.root
2026-05-04 16:04:47,659 - INFO - [2022] MISSING_CENTRAL: ZFake3Mu/Central/muons/1/energy in Skim_TriLep_TTG_PTG100to200.root
2026-05-04 16:04:47,659 - INFO - [2022] MISSING_CENTRAL: ZFake3Mu/Central/muons/1/energy in Skim_TriLep_TTG_PTG200toInf.root
2026-05-04 16:04:47,890 - INFO - [2022EE] MISSING_CENTRAL: ZFake3Mu/Central/muons/1/energy in Skim_TriLep_DYJets10to50.root
2026-05-04 16:04:47,890 - INFO - [2022EE] MISSING_CENTRAL: ZFake3Mu/Central/muons/1/energy in Skim_TriLep_TTG_PTG10to100.root
2026-05-04 16:04:48,157 - INFO - [2023] MISSING_CENTRAL: ZFake3Mu/Central/muons/1/energy in Skim_TriLep_DYJets10to50.root
2026-05-04 16:04:48,158 - INFO - [2023] MISSING_CENTRAL: ZFake3Mu/Central/muons/1/energy in Skim_TriLep_TTG_PTG10to100.root
2026-05-04 16:04:48,158 - INFO - [2023] MISSING_CENTRAL: ZFake3Mu/Central/muons/1/energy in Skim_TriLep_TTG_PTG100to200.root
2026-05-04 16:04:48,159 - INFO - [2023] MISSING_CENTRAL: ZFake3Mu/Central/muons/1/energy in Skim_TriLep_TTG_PTG200toInf.root
2026-05-04 16:04:48,397 - INFO - [2023BPix] MISSING_CENTRAL: ZFake3Mu/Central/muons/1/energy in Skim_TriLep_DYJets10to50.root
2026-05-04 16:04:48,411 - INFO - [2023BPix] MISSING_CENTRAL: ZFake3Mu/Central/muons/1/energy in Skim_TriLep_TTG_PTG100to200.root
2026-05-04 16:04:48,411 - INFO - [2023BPix] MISSING_CENTRAL: ZFake3Mu/Central/muons/1/energy in Skim_TriLep_TTG_PTG200toInf.root
2026-05-04 17:11:39,351 - INFO - [2022] MISSING_CENTRAL: ZFake3Mu/Central/muons/1/energy in Skim_TriLep_DYJets10to50.root
2026-05-04 17:11:39,352 - INFO - [2022] MISSING_CENTRAL: ZFake3Mu/Central/muons/1/energy in Skim_TriLep_TTG_PTG10to100.root
2026-05-04 17:11:39,352 - INFO - [2022] MISSING_CENTRAL: ZFake3Mu/Central/muons/1/energy in Skim_TriLep_TTG_PTG100to200.root
2026-05-04 17:11:39,353 - INFO - [2022] MISSING_CENTRAL: ZFake3Mu/Central/muons/1/energy in Skim_TriLep_TTG_PTG200toInf.root
2026-05-04 17:11:39,583 - INFO - [2022EE] MISSING_CENTRAL: ZFake3Mu/Central/muons/1/energy in Skim_TriLep_DYJets10to50.root
2026-05-04 17:11:39,584 - INFO - [2022EE] MISSING_CENTRAL: ZFake3Mu/Central/muons/1/energy in Skim_TriLep_TTG_PTG10to100.root
2026-05-04 17:11:39,853 - INFO - [2023] MISSING_CENTRAL: ZFake3Mu/Central/muons/1/energy in Skim_TriLep_DYJets10to50.root
2026-05-04 17:11:39,854 - INFO - [2023] MISSING_CENTRAL: ZFake3Mu/Central/muons/1/energy in Skim_TriLep_TTG_PTG10to100.root
2026-05-04 17:11:39,855 - INFO - [2023] MISSING_CENTRAL: ZFake3Mu/Central/muons/1/energy in Skim_TriLep_TTG_PTG100to200.root
2026-05-04 17:11:39,855 - INFO - [2023] MISSING_CENTRAL: ZFake3Mu/Central/muons/1/energy in Skim_TriLep_TTG_PTG200toInf.root
2026-05-04 17:11:40,105 - INFO - [2023BPix] MISSING_CENTRAL: ZFake3Mu/Central/muons/1/energy in Skim_TriLep_DYJets10to50.root
2026-05-04 17:11:40,121 - INFO - [2023BPix] MISSING_CENTRAL: ZFake3Mu/Central/muons/1/energy in Skim_TriLep_TTG_PTG100to200.root
2026-05-04 17:11:40,122 - INFO - [2023BPix] MISSING_CENTRAL: ZFake3Mu/Central/muons/1/energy in Skim_TriLep_TTG_PTG200toInf.root
2026-05-28 15:48:26,304 - INFO - [2022] MISSING_CENTRAL: ZFake3Mu/Central/muons/1/energy in Skim_TriLep_DYJets10to50.root
2026-05-28 15:48:26,305 - INFO - [2022] MISSING_CENTRAL: ZFake3Mu/Central/muons/1/energy in Skim_TriLep_TTG_PTG10to100.root
2026-05-28 15:48:26,306 - INFO - [2022] MISSING_CENTRAL: ZFake3Mu/Central/muons/1/energy in Skim_TriLep_TTG_PTG100to200.root
2026-05-28 15:48:26,307 - INFO - [2022] MISSING_CENTRAL: ZFake3Mu/Central/muons/1/energy in Skim_TriLep_TTG_PTG200toInf.root
2026-05-28 15:48:26,703 - INFO - [2022EE] MISSING_CENTRAL: ZFake3Mu/Central/muons/1/energy in Skim_TriLep_DYJets10to50.root
2026-05-28 15:48:26,705 - INFO - [2022EE] MISSING_CENTRAL: ZFake3Mu/Central/muons/1/energy in Skim_TriLep_TTG_PTG10to100.root
2026-05-28 15:48:27,244 - INFO - [2023] MISSING_CENTRAL: ZFake3Mu/Central/muons/1/energy in Skim_TriLep_DYJets10to50.root
2026-05-28 15:48:27,245 - INFO - [2023] MISSING_CENTRAL: ZFake3Mu/Central/muons/1/energy in Skim_TriLep_TTG_PTG10to100.root
2026-05-28 15:48:27,247 - INFO - [2023] MISSING_CENTRAL: ZFake3Mu/Central/muons/1/energy in Skim_TriLep_TTG_PTG100to200.root
2026-05-28 15:48:27,248 - INFO - [2023] MISSING_CENTRAL: ZFake3Mu/Central/muons/1/energy in Skim_TriLep_TTG_PTG200toInf.root
2026-05-28 15:48:27,643 - INFO - [2023BPix] MISSING_CENTRAL: ZFake3Mu/Central/muons/1/energy in Skim_TriLep_DYJets10to50.root
2026-05-28 15:48:27,667 - INFO - [2023BPix] MISSING_CENTRAL: ZFake3Mu/Central/muons/1/energy in Skim_TriLep_TTG_PTG100to200.root
2026-05-28 15:48:27,669 - INFO - [2023BPix] MISSING_CENTRAL: ZFake3Mu/Central/muons/1/energy in Skim_TriLep_TTG_PTG200toInf.root
2026-05-29 15:21:52,728 - INFO - [2022] MISSING_CENTRAL: ZFake3Mu/Central/muons/1/energy in Skim_TriLep_DYJets10to50.root
2026-05-29 15:21:52,729 - INFO - [2022] MISSING_CENTRAL: ZFake3Mu/Central/muons/1/energy in Skim_TriLep_TTG_PTG10to100.root
2026-05-29 15:21:52,729 - INFO - [2022] MISSING_CENTRAL: ZFake3Mu/Central/muons/1/energy in Skim_TriLep_TTG_PTG100to200.root
2026-05-29 15:21:52,730 - INFO - [2022] MISSING_CENTRAL: ZFake3Mu/Central/muons/1/energy in Skim_TriLep_TTG_PTG200toInf.root
2026-05-29 15:21:53,113 - INFO - [2022EE] MISSING_CENTRAL: ZFake3Mu/Central/muons/1/energy in Skim_TriLep_DYJets10to50.root
2026-05-29 15:21:53,113 - INFO - [2022EE] MISSING_CENTRAL: ZFake3Mu/Central/muons/1/energy in Skim_TriLep_TTG_PTG10to100.root
2026-05-29 15:21:53,623 - INFO - [2023] MISSING_CENTRAL: ZFake3Mu/Central/muons/1/energy in Skim_TriLep_DYJets10to50.root
2026-05-29 15:21:53,624 - INFO - [2023] MISSING_CENTRAL: ZFake3Mu/Central/muons/1/energy in Skim_TriLep_TTG_PTG10to100.root
2026-05-29 15:21:53,624 - INFO - [2023] MISSING_CENTRAL: ZFake3Mu/Central/muons/1/energy in Skim_TriLep_TTG_PTG100to200.root
2026-05-29 15:21:53,625 - INFO - [2023] MISSING_CENTRAL: ZFake3Mu/Central/muons/1/energy in Skim_TriLep_TTG_PTG200toInf.root
2026-05-29 15:21:54,067 - INFO - [2023BPix] MISSING_CENTRAL: ZFake3Mu/Central/muons/1/energy in Skim_TriLep_DYJets10to50.root
2026-05-29 15:21:54,085 - INFO - [2023BPix] MISSING_CENTRAL: ZFake3Mu/Central/muons/1/energy in Skim_TriLep_TTG_PTG100to200.root
2026-05-29 15:21:54,085 - INFO - [2023BPix] MISSING_CENTRAL: ZFake3Mu/Central/muons/1/energy in Skim_TriLep_TTG_PTG200toInf.root
2026-05-29 15:39:22,426 - INFO - [2022] MISSING_CENTRAL: ZFake3Mu/Central/muons/1/energy in Skim_TriLep_DYJets10to50.root
2026-05-29 15:39:22,427 - INFO - [2022] MISSING_CENTRAL: ZFake3Mu/Central/muons/1/energy in Skim_TriLep_TTG_PTG10to100.root
2026-05-29 15:39:22,427 - INFO - [2022] MISSING_CENTRAL: ZFake3Mu/Central/muons/1/energy in Skim_TriLep_TTG_PTG100to200.root
2026-05-29 15:39:22,428 - INFO - [2022] MISSING_CENTRAL: ZFake3Mu/Central/muons/1/energy in Skim_TriLep_TTG_PTG200toInf.root
2026-05-29 15:39:22,655 - INFO - [2022EE] MISSING_CENTRAL: ZFake3Mu/Central/muons/1/energy in Skim_TriLep_DYJets10to50.root
2026-05-29 15:39:22,656 - INFO - [2022EE] MISSING_CENTRAL: ZFake3Mu/Central/muons/1/energy in Skim_TriLep_TTG_PTG10to100.root
2026-05-29 15:39:22,920 - INFO - [2023] MISSING_CENTRAL: ZFake3Mu/Central/muons/1/energy in Skim_TriLep_DYJets10to50.root
2026-05-29 15:39:22,921 - INFO - [2023] MISSING_CENTRAL: ZFake3Mu/Central/muons/1/energy in Skim_TriLep_TTG_PTG10to100.root
2026-05-29 15:39:22,922 - INFO - [2023] MISSING_CENTRAL: ZFake3Mu/Central/muons/1/energy in Skim_TriLep_TTG_PTG100to200.root
2026-05-29 15:39:22,922 - INFO - [2023] MISSING_CENTRAL: ZFake3Mu/Central/muons/1/energy in Skim_TriLep_TTG_PTG200toInf.root
2026-05-29 15:39:23,159 - INFO - [2023BPix] MISSING_CENTRAL: ZFake3Mu/Central/muons/1/energy in Skim_TriLep_DYJets10to50.root
2026-05-29 15:39:23,174 - INFO - [2023BPix] MISSING_CENTRAL: ZFake3Mu/Central/muons/1/energy in Skim_TriLep_TTG_PTG100to200.root
2026-05-29 15:39:23,174 - INFO - [2023BPix] MISSING_CENTRAL: ZFake3Mu/Central/muons/1/energy in Skim_TriLep_TTG_PTG200toInf.root
2026-05-29 18:30:45,114 - INFO - [2022] MISSING_CENTRAL: ZFake3Mu/Central/muons/1/energy in Skim_TriLep_DYJets10to50.root
2026-05-29 18:30:45,114 - INFO - [2022] MISSING_CENTRAL: ZFake3Mu/Central/muons/1/energy in Skim_TriLep_TTG_PTG10to100.root
2026-05-29 18:30:45,115 - INFO - [2022] MISSING_CENTRAL: ZFake3Mu/Central/muons/1/energy in Skim_TriLep_TTG_PTG100to200.root
2026-05-29 18:30:45,115 - INFO - [2022] MISSING_CENTRAL: ZFake3Mu/Central/muons/1/energy in Skim_TriLep_TTG_PTG200toInf.root
2026-05-29 18:30:45,347 - INFO - [2022EE] MISSING_CENTRAL: ZFake3Mu/Central/muons/1/energy in Skim_TriLep_DYJets10to50.root
2026-05-29 18:30:45,348 - INFO - [2022EE] MISSING_CENTRAL: ZFake3Mu/Central/muons/1/energy in Skim_TriLep_TTG_PTG10to100.root
2026-05-29 18:30:45,613 - INFO - [2023] MISSING_CENTRAL: ZFake3Mu/Central/muons/1/energy in Skim_TriLep_DYJets10to50.root
2026-05-29 18:30:45,614 - INFO - [2023] MISSING_CENTRAL: ZFake3Mu/Central/muons/1/energy in Skim_TriLep_TTG_PTG10to100.root
2026-05-29 18:30:45,614 - INFO - [2023] MISSING_CENTRAL: ZFake3Mu/Central/muons/1/energy in Skim_TriLep_TTG_PTG100to200.root
2026-05-29 18:30:45,615 - INFO - [2023] MISSING_CENTRAL: ZFake3Mu/Central/muons/1/energy in Skim_TriLep_TTG_PTG200toInf.root
2026-05-29 18:30:45,852 - INFO - [2023BPix] MISSING_CENTRAL: ZFake3Mu/Central/muons/1/energy in Skim_TriLep_DYJets10to50.root
2026-05-29 18:30:45,866 - INFO - [2023BPix] MISSING_CENTRAL: ZFake3Mu/Central/muons/1/energy in Skim_TriLep_TTG_PTG100to200.root
2026-05-29 18:30:45,867 - INFO - [2023BPix] MISSING_CENTRAL: ZFake3Mu/Central/muons/1/energy in Skim_TriLep_TTG_PTG200toInf.root
2026-06-12 14:35:03,845 - INFO - [2022] MISSING_CENTRAL: ZFake3Mu/Central/muons/1/energy in Skim_TriLep_DYJets10to50.root
2026-06-12 14:35:03,847 - INFO - [2022] MISSING_CENTRAL: ZFake3Mu/Central/muons/1/energy in Skim_TriLep_TTG_PTG10to100.root
2026-06-12 14:35:03,848 - INFO - [2022] MISSING_CENTRAL: ZFake3Mu/Central/muons/1/energy in Skim_TriLep_TTG_PTG100to200.root
2026-06-12 14:35:03,848 - INFO - [2022] MISSING_CENTRAL: ZFake3Mu/Central/muons/1/energy in Skim_TriLep_TTG_PTG200toInf.root
2026-06-12 14:35:04,088 - INFO - [2022EE] MISSING_CENTRAL: ZFake3Mu/Central/muons/1/energy in Skim_TriLep_DYJets10to50.root
2026-06-12 14:35:04,088 - INFO - [2022EE] MISSING_CENTRAL: ZFake3Mu/Central/muons/1/energy in Skim_TriLep_TTG_PTG10to100.root
2026-06-12 14:35:04,354 - INFO - [2023] MISSING_CENTRAL: ZFake3Mu/Central/muons/1/energy in Skim_TriLep_DYJets10to50.root
2026-06-12 14:35:04,355 - INFO - [2023] MISSING_CENTRAL: ZFake3Mu/Central/muons/1/energy in Skim_TriLep_TTG_PTG10to100.root
2026-06-12 14:35:04,355 - INFO - [2023] MISSING_CENTRAL: ZFake3Mu/Central/muons/1/energy in Skim_TriLep_TTG_PTG100to200.root
2026-06-12 14:35:04,356 - INFO - [2023] MISSING_CENTRAL: ZFake3Mu/Central/muons/1/energy in Skim_TriLep_TTG_PTG200toInf.root
2026-06-12 14:35:04,601 - INFO - [2023BPix] MISSING_CENTRAL: ZFake3Mu/Central/muons/1/energy in Skim_TriLep_DYJets10to50.root
2026-06-12 14:35:04,617 - INFO - [2023BPix] MISSING_CENTRAL: ZFake3Mu/Central/muons/1/energy in Skim_TriLep_TTG_PTG100to200.root
2026-06-12 14:35:04,618 - INFO - [2023BPix] MISSING_CENTRAL: ZFake3Mu/Central/muons/1/energy in Skim_TriLep_TTG_PTG200toInf.root
