2025-09-24 16:08:01,178 - INFO - [2022] MISSING_CENTRAL: ZFake3Mu/Central/muons/2/pz in Skim_TriLep_DYJets10to50.root
2025-09-24 16:08:01,178 - INFO - [2022] MISSING_CENTRAL: ZFake3Mu/Central/muons/2/pz in Skim_TriLep_DYGTo2LG_MLL4to50_PTG10to100.root
2025-09-24 16:08:01,179 - INFO - [2022] MISSING_CENTRAL: ZFake3Mu/Central/muons/2/pz in Skim_TriLep_DYGTo2LG_MLL4to50_PTG100to200.root
2025-09-24 16:08:01,179 - INFO - [2022] MISSING_CENTRAL: ZFake3Mu/Central/muons/2/pz in Skim_TriLep_DYGTo2LG_MLL4to50_PTG200toInf.root
2025-09-24 16:08:01,191 - INFO - [2022] MISSING_CENTRAL: ZFake3Mu/Central/muons/2/pz in Skim_TriLep_DYGTo2LG_MLL50_PTG100to200.root
2025-09-24 16:08:01,191 - INFO - [2022] MISSING_CENTRAL: ZFake3Mu/Central/muons/2/pz in Skim_TriLep_DYGTo2LG_MLL50_PTG200toInf.root
2025-09-24 16:08:01,203 - INFO - [2022] MISSING_CENTRAL: ZFake3Mu/Central/muons/2/pz in Skim_TriLep_TTG_PTG100to200.root
2025-09-24 16:08:01,203 - INFO - [2022] MISSING_CENTRAL: ZFake3Mu/Central/muons/2/pz in Skim_TriLep_TTG_PTG200toInf.root
2025-09-24 16:08:01,877 - INFO - [2022EE] MISSING_CENTRAL: ZFake3Mu/Central/muons/2/pz in Skim_TriLep_DYJets10to50.root
2025-09-24 16:08:01,878 - INFO - [2022EE] MISSING_CENTRAL: ZFake3Mu/Central/muons/2/pz in Skim_TriLep_DYGTo2LG_MLL4to50_PTG10to100.root
2025-09-24 16:08:01,878 - INFO - [2022EE] MISSING_CENTRAL: ZFake3Mu/Central/muons/2/pz in Skim_TriLep_DYGTo2LG_MLL4to50_PTG100to200.root
2025-09-24 16:08:02,303 - INFO - [2023] MISSING_CENTRAL: ZFake3Mu/Central/muons/2/pz in Skim_TriLep_DYJets10to50.root
2025-09-24 16:08:02,304 - INFO - [2023] MISSING_CENTRAL: ZFake3Mu/Central/muons/2/pz in Skim_TriLep_DYGTo2LG_MLL4to50_PTG10to100.root
2025-09-24 16:08:02,444 - INFO - [2023] MISSING_CENTRAL: ZFake3Mu/Central/muons/2/pz in Skim_TriLep_TTG_PTG100to200.root
2025-09-24 16:08:02,444 - INFO - [2023] MISSING_CENTRAL: ZFake3Mu/Central/muons/2/pz in Skim_TriLep_TTG_PTG200toInf.root
2025-09-24 16:08:02,685 - INFO - [2023BPix] MISSING_SYSTEMATIC: ZFake3Mu/JetEn_Down/muons/2/pz in Skim_TriLep_DYJets.root
2025-09-24 16:08:02,696 - INFO - [2023BPix] MISSING_CENTRAL: ZFake3Mu/Central/muons/2/pz in Skim_TriLep_DYJets10to50.root
2025-09-24 16:08:02,838 - INFO - [2023BPix] MISSING_CENTRAL: ZFake3Mu/Central/muons/2/pz in Skim_TriLep_TTG_PTG200toInf.root
2025-10-02 21:23:42,235 - INFO - [2022] MISSING_CENTRAL: ZFake3Mu/Central/muons/2/pz in Skim_TriLep_DYJets10to50.root
2025-10-02 21:23:42,236 - INFO - [2022] MISSING_CENTRAL: ZFake3Mu/Central/muons/2/pz in Skim_TriLep_DYGTo2LG_MLL4to50_PTG10to100.root
2025-10-02 21:23:42,237 - INFO - [2022] MISSING_CENTRAL: ZFake3Mu/Central/muons/2/pz in Skim_TriLep_DYGTo2LG_MLL4to50_PTG100to200.root
2025-10-02 21:23:42,238 - INFO - [2022] MISSING_CENTRAL: ZFake3Mu/Central/muons/2/pz in Skim_TriLep_DYGTo2LG_MLL4to50_PTG200toInf.root
2025-10-02 21:23:42,263 - INFO - [2022] MISSING_CENTRAL: ZFake3Mu/Central/muons/2/pz in Skim_TriLep_DYGTo2LG_MLL50_PTG100to200.root
2025-10-02 21:23:42,264 - INFO - [2022] MISSING_CENTRAL: ZFake3Mu/Central/muons/2/pz in Skim_TriLep_DYGTo2LG_MLL50_PTG200toInf.root
2025-10-02 21:23:42,288 - INFO - [2022] MISSING_CENTRAL: ZFake3Mu/Central/muons/2/pz in Skim_TriLep_TTG_PTG100to200.root
2025-10-02 21:23:42,289 - INFO - [2022] MISSING_CENTRAL: ZFake3Mu/Central/muons/2/pz in Skim_TriLep_TTG_PTG200toInf.root
2025-10-02 21:23:42,767 - INFO - [2022EE] MISSING_CENTRAL: ZFake3Mu/Central/muons/2/pz in Skim_TriLep_DYJets10to50.root
2025-10-02 21:23:42,768 - INFO - [2022EE] MISSING_CENTRAL: ZFake3Mu/Central/muons/2/pz in Skim_TriLep_DYGTo2LG_MLL4to50_PTG10to100.root
2025-10-02 21:23:42,769 - INFO - [2022EE] MISSING_CENTRAL: ZFake3Mu/Central/muons/2/pz in Skim_TriLep_DYGTo2LG_MLL4to50_PTG100to200.root
2025-10-02 21:23:43,360 - INFO - [2023] MISSING_CENTRAL: ZFake3Mu/Central/muons/2/pz in Skim_TriLep_DYJets10to50.root
2025-10-02 21:23:43,362 - INFO - [2023] MISSING_CENTRAL: ZFake3Mu/Central/muons/2/pz in Skim_TriLep_DYGTo2LG_MLL4to50_PTG10to100.root
2025-10-02 21:23:43,565 - INFO - [2023] MISSING_CENTRAL: ZFake3Mu/Central/muons/2/pz in Skim_TriLep_TTG_PTG100to200.root
2025-10-02 21:23:43,566 - INFO - [2023] MISSING_CENTRAL: ZFake3Mu/Central/muons/2/pz in Skim_TriLep_TTG_PTG200toInf.root
2025-10-02 21:23:43,959 - INFO - [2023BPix] MISSING_SYSTEMATIC: ZFake3Mu/JetEn_Down/muons/2/pz in Skim_TriLep_DYJets.root
2025-10-02 21:23:43,978 - INFO - [2023BPix] MISSING_CENTRAL: ZFake3Mu/Central/muons/2/pz in Skim_TriLep_DYJets10to50.root
2025-10-02 21:23:44,208 - INFO - [2023BPix] MISSING_CENTRAL: ZFake3Mu/Central/muons/2/pz in Skim_TriLep_TTG_PTG200toInf.root
2025-10-03 00:40:34,357 - INFO - [2022] MISSING_CENTRAL: ZFake3Mu/Central/muons/2/pz in Skim_TriLep_DYJets10to50.root
2025-10-03 00:40:34,358 - INFO - [2022] MISSING_CENTRAL: ZFake3Mu/Central/muons/2/pz in Skim_TriLep_DYGTo2LG_MLL4to50_PTG10to100.root
2025-10-03 00:40:34,358 - INFO - [2022] MISSING_CENTRAL: ZFake3Mu/Central/muons/2/pz in Skim_TriLep_DYGTo2LG_MLL4to50_PTG100to200.root
2025-10-03 00:40:34,359 - INFO - [2022] MISSING_CENTRAL: ZFake3Mu/Central/muons/2/pz in Skim_TriLep_DYGTo2LG_MLL4to50_PTG200toInf.root
2025-10-03 00:40:34,393 - INFO - [2022] MISSING_CENTRAL: ZFake3Mu/Central/muons/2/pz in Skim_TriLep_DYGTo2LG_MLL50_PTG100to200.root
2025-10-03 00:40:34,393 - INFO - [2022] MISSING_CENTRAL: ZFake3Mu/Central/muons/2/pz in Skim_TriLep_DYGTo2LG_MLL50_PTG200toInf.root
2025-10-03 00:40:34,429 - INFO - [2022] MISSING_CENTRAL: ZFake3Mu/Central/muons/2/pz in Skim_TriLep_TTG_PTG100to200.root
2025-10-03 00:40:34,429 - INFO - [2022] MISSING_CENTRAL: ZFake3Mu/Central/muons/2/pz in Skim_TriLep_TTG_PTG200toInf.root
2025-10-03 00:40:35,450 - INFO - [2022EE] MISSING_CENTRAL: ZFake3Mu/Central/muons/2/pz in Skim_TriLep_DYJets10to50.root
2025-10-03 00:40:35,451 - INFO - [2022EE] MISSING_CENTRAL: ZFake3Mu/Central/muons/2/pz in Skim_TriLep_DYGTo2LG_MLL4to50_PTG10to100.root
2025-10-03 00:40:35,451 - INFO - [2022EE] MISSING_CENTRAL: ZFake3Mu/Central/muons/2/pz in Skim_TriLep_DYGTo2LG_MLL4to50_PTG100to200.root
2025-10-03 00:40:36,587 - INFO - [2023] MISSING_CENTRAL: ZFake3Mu/Central/muons/2/pz in Skim_TriLep_DYJets10to50.root
2025-10-03 00:40:36,588 - INFO - [2023] MISSING_CENTRAL: ZFake3Mu/Central/muons/2/pz in Skim_TriLep_DYGTo2LG_MLL4to50_PTG10to100.root
2025-10-03 00:40:36,874 - INFO - [2023] MISSING_CENTRAL: ZFake3Mu/Central/muons/2/pz in Skim_TriLep_TTG_PTG100to200.root
2025-10-03 00:40:36,875 - INFO - [2023] MISSING_CENTRAL: ZFake3Mu/Central/muons/2/pz in Skim_TriLep_TTG_PTG200toInf.root
2025-10-03 00:40:37,599 - INFO - [2023BPix] MISSING_SYSTEMATIC: ZFake3Mu/JetEn_Down/muons/2/pz in Skim_TriLep_DYJets.root
2025-10-03 00:40:37,631 - INFO - [2023BPix] MISSING_CENTRAL: ZFake3Mu/Central/muons/2/pz in Skim_TriLep_DYJets10to50.root
2025-10-03 00:40:38,238 - INFO - [2023BPix] MISSING_CENTRAL: ZFake3Mu/Central/muons/2/pz in Skim_TriLep_TTG_PTG200toInf.root
2025-11-07 13:14:22,536 - INFO - [2022] MISSING_FILE: /home/choij/Sync/workspace/ChargedHiggsAnalysisV3/SKNanoOutput/PromptSelector/Run3Mu/2022/Skim_TriLep_DoubleMuon_C.root
2025-11-07 13:14:22,537 - INFO - [2022] MISSING_FILE: /home/choij/Sync/workspace/ChargedHiggsAnalysisV3/SKNanoOutput/PromptSelector/Run3Mu/2022/Skim_TriLep_Muon_C.root
2025-11-07 13:14:22,537 - INFO - [2022] MISSING_FILE: /home/choij/Sync/workspace/ChargedHiggsAnalysisV3/SKNanoOutput/PromptSelector/Run3Mu/2022/Skim_TriLep_Muon_D.root
2025-11-07 13:14:22,537 - INFO - [2022EE] MISSING_FILE: /home/choij/Sync/workspace/ChargedHiggsAnalysisV3/SKNanoOutput/PromptSelector/Run3Mu/2022EE/Skim_TriLep_Muon_E.root
2025-11-07 13:14:22,537 - INFO - [2022EE] MISSING_FILE: /home/choij/Sync/workspace/ChargedHiggsAnalysisV3/SKNanoOutput/PromptSelector/Run3Mu/2022EE/Skim_TriLep_Muon_F.root
2025-11-07 13:14:22,537 - INFO - [2022EE] MISSING_FILE: /home/choij/Sync/workspace/ChargedHiggsAnalysisV3/SKNanoOutput/PromptSelector/Run3Mu/2022EE/Skim_TriLep_Muon_G.root
2025-11-07 13:14:22,537 - INFO - [2023] MISSING_FILE: /home/choij/Sync/workspace/ChargedHiggsAnalysisV3/SKNanoOutput/PromptSelector/Run3Mu/2023/Skim_TriLep_Muon0_C_v1.root
2025-11-07 13:14:22,537 - INFO - [2023] MISSING_FILE: /home/choij/Sync/workspace/ChargedHiggsAnalysisV3/SKNanoOutput/PromptSelector/Run3Mu/2023/Skim_TriLep_Muon0_C_v2.root
2025-11-07 13:14:22,537 - INFO - [2023] MISSING_FILE: /home/choij/Sync/workspace/ChargedHiggsAnalysisV3/SKNanoOutput/PromptSelector/Run3Mu/2023/Skim_TriLep_Muon0_C_v3.root
2025-11-07 13:14:22,537 - INFO - [2023] MISSING_FILE: /home/choij/Sync/workspace/ChargedHiggsAnalysisV3/SKNanoOutput/PromptSelector/Run3Mu/2023/Skim_TriLep_Muon0_C_v4.root
2025-11-07 13:14:22,537 - INFO - [2023] MISSING_FILE: /home/choij/Sync/workspace/ChargedHiggsAnalysisV3/SKNanoOutput/PromptSelector/Run3Mu/2023/Skim_TriLep_Muon1_C_v1.root
2025-11-07 13:14:22,537 - INFO - [2023] MISSING_FILE: /home/choij/Sync/workspace/ChargedHiggsAnalysisV3/SKNanoOutput/PromptSelector/Run3Mu/2023/Skim_TriLep_Muon1_C_v2.root
2025-11-07 13:14:22,537 - INFO - [2023] MISSING_FILE: /home/choij/Sync/workspace/ChargedHiggsAnalysisV3/SKNanoOutput/PromptSelector/Run3Mu/2023/Skim_TriLep_Muon1_C_v3.root
2025-11-07 13:14:22,537 - INFO - [2023] MISSING_FILE: /home/choij/Sync/workspace/ChargedHiggsAnalysisV3/SKNanoOutput/PromptSelector/Run3Mu/2023/Skim_TriLep_Muon1_C_v4.root
2025-11-07 13:14:22,537 - INFO - [2023BPix] MISSING_FILE: /home/choij/Sync/workspace/ChargedHiggsAnalysisV3/SKNanoOutput/PromptSelector/Run3Mu/2023BPix/Skim_TriLep_Muon0_D_v1.root
2025-11-07 13:14:22,537 - INFO - [2023BPix] MISSING_FILE: /home/choij/Sync/workspace/ChargedHiggsAnalysisV3/SKNanoOutput/PromptSelector/Run3Mu/2023BPix/Skim_TriLep_Muon0_D_v2.root
2025-11-07 13:14:22,537 - INFO - [2023BPix] MISSING_FILE: /home/choij/Sync/workspace/ChargedHiggsAnalysisV3/SKNanoOutput/PromptSelector/Run3Mu/2023BPix/Skim_TriLep_Muon1_D_v1.root
2025-11-07 13:14:22,537 - INFO - [2023BPix] MISSING_FILE: /home/choij/Sync/workspace/ChargedHiggsAnalysisV3/SKNanoOutput/PromptSelector/Run3Mu/2023BPix/Skim_TriLep_Muon1_D_v2.root
2025-11-07 14:11:53,593 - INFO - [2022] MISSING_FILE: /home/choij/Sync/workspace/ChargedHiggsAnalysisV3/SKNanoOutput/PromptSelector/Run3Mu/2022/Skim_TriLep_DoubleMuon_C.root
2025-11-07 14:11:53,593 - INFO - [2022] MISSING_FILE: /home/choij/Sync/workspace/ChargedHiggsAnalysisV3/SKNanoOutput/PromptSelector/Run3Mu/2022/Skim_TriLep_Muon_C.root
2025-11-07 14:11:53,593 - INFO - [2022] MISSING_FILE: /home/choij/Sync/workspace/ChargedHiggsAnalysisV3/SKNanoOutput/PromptSelector/Run3Mu/2022/Skim_TriLep_Muon_D.root
2025-11-07 14:11:53,593 - INFO - [2022EE] MISSING_FILE: /home/choij/Sync/workspace/ChargedHiggsAnalysisV3/SKNanoOutput/PromptSelector/Run3Mu/2022EE/Skim_TriLep_Muon_E.root
2025-11-07 14:11:53,593 - INFO - [2022EE] MISSING_FILE: /home/choij/Sync/workspace/ChargedHiggsAnalysisV3/SKNanoOutput/PromptSelector/Run3Mu/2022EE/Skim_TriLep_Muon_F.root
2025-11-07 14:11:53,593 - INFO - [2022EE] MISSING_FILE: /home/choij/Sync/workspace/ChargedHiggsAnalysisV3/SKNanoOutput/PromptSelector/Run3Mu/2022EE/Skim_TriLep_Muon_G.root
2025-11-07 14:11:53,594 - INFO - [2023] MISSING_FILE: /home/choij/Sync/workspace/ChargedHiggsAnalysisV3/SKNanoOutput/PromptSelector/Run3Mu/2023/Skim_TriLep_Muon0_C_v1.root
2025-11-07 14:11:53,594 - INFO - [2023] MISSING_FILE: /home/choij/Sync/workspace/ChargedHiggsAnalysisV3/SKNanoOutput/PromptSelector/Run3Mu/2023/Skim_TriLep_Muon0_C_v2.root
2025-11-07 14:11:53,594 - INFO - [2023] MISSING_FILE: /home/choij/Sync/workspace/ChargedHiggsAnalysisV3/SKNanoOutput/PromptSelector/Run3Mu/2023/Skim_TriLep_Muon0_C_v3.root
2025-11-07 14:11:53,594 - INFO - [2023] MISSING_FILE: /home/choij/Sync/workspace/ChargedHiggsAnalysisV3/SKNanoOutput/PromptSelector/Run3Mu/2023/Skim_TriLep_Muon0_C_v4.root
2025-11-07 14:11:53,594 - INFO - [2023] MISSING_FILE: /home/choij/Sync/workspace/ChargedHiggsAnalysisV3/SKNanoOutput/PromptSelector/Run3Mu/2023/Skim_TriLep_Muon1_C_v1.root
2025-11-07 14:11:53,594 - INFO - [2023] MISSING_FILE: /home/choij/Sync/workspace/ChargedHiggsAnalysisV3/SKNanoOutput/PromptSelector/Run3Mu/2023/Skim_TriLep_Muon1_C_v2.root
2025-11-07 14:11:53,594 - INFO - [2023] MISSING_FILE: /home/choij/Sync/workspace/ChargedHiggsAnalysisV3/SKNanoOutput/PromptSelector/Run3Mu/2023/Skim_TriLep_Muon1_C_v3.root
2025-11-07 14:11:53,594 - INFO - [2023] MISSING_FILE: /home/choij/Sync/workspace/ChargedHiggsAnalysisV3/SKNanoOutput/PromptSelector/Run3Mu/2023/Skim_TriLep_Muon1_C_v4.root
2025-11-07 14:11:53,594 - INFO - [2023BPix] MISSING_FILE: /home/choij/Sync/workspace/ChargedHiggsAnalysisV3/SKNanoOutput/PromptSelector/Run3Mu/2023BPix/Skim_TriLep_Muon0_D_v1.root
2025-11-07 14:11:53,594 - INFO - [2023BPix] MISSING_FILE: /home/choij/Sync/workspace/ChargedHiggsAnalysisV3/SKNanoOutput/PromptSelector/Run3Mu/2023BPix/Skim_TriLep_Muon0_D_v2.root
2025-11-07 14:11:53,594 - INFO - [2023BPix] MISSING_FILE: /home/choij/Sync/workspace/ChargedHiggsAnalysisV3/SKNanoOutput/PromptSelector/Run3Mu/2023BPix/Skim_TriLep_Muon1_D_v1.root
2025-11-07 14:11:53,594 - INFO - [2023BPix] MISSING_FILE: /home/choij/Sync/workspace/ChargedHiggsAnalysisV3/SKNanoOutput/PromptSelector/Run3Mu/2023BPix/Skim_TriLep_Muon1_D_v2.root
2025-11-10 12:28:27,212 - INFO - [2022EE] MISSING_FILE: /home/choij/Sync/workspace/ChargedHiggsAnalysisV3/SKNanoOutput/PromptSelector/Run3Mu/2022EE/Skim_TriLep_Muon_F.root
2025-11-10 12:28:27,252 - INFO - [2022] MISSING_CENTRAL: ZFake3Mu/Central/muons/2/pz in Skim_TriLep_DYJets10to50.root
2025-11-10 12:28:27,252 - INFO - [2022] MISSING_CENTRAL: ZFake3Mu/Central/muons/2/pz in Skim_TriLep_DYGTo2LG_MLL4to50_PTG10to100.root
2025-11-10 12:28:27,253 - INFO - [2022] MISSING_CENTRAL: ZFake3Mu/Central/muons/2/pz in Skim_TriLep_DYGTo2LG_MLL4to50_PTG100to200.root
2025-11-10 12:28:27,253 - INFO - [2022] MISSING_CENTRAL: ZFake3Mu/Central/muons/2/pz in Skim_TriLep_DYGTo2LG_MLL4to50_PTG200toInf.root
2025-11-10 12:28:27,269 - INFO - [2022] MISSING_CENTRAL: ZFake3Mu/Central/muons/2/pz in Skim_TriLep_DYGTo2LG_MLL50_PTG100to200.root
2025-11-10 12:28:27,269 - INFO - [2022] MISSING_CENTRAL: ZFake3Mu/Central/muons/2/pz in Skim_TriLep_DYGTo2LG_MLL50_PTG200toInf.root
2025-11-10 12:28:27,283 - INFO - [2022] MISSING_CENTRAL: ZFake3Mu/Central/muons/2/pz in Skim_TriLep_TTG_PTG100to200.root
2025-11-10 12:28:27,284 - INFO - [2022] MISSING_CENTRAL: ZFake3Mu/Central/muons/2/pz in Skim_TriLep_TTG_PTG200toInf.root
2025-11-10 12:28:27,521 - INFO - [2022EE] MISSING_CENTRAL: ZFake3Mu/Central/muons/2/pz in Skim_TriLep_DYJets10to50.root
2025-11-10 12:28:27,522 - INFO - [2022EE] MISSING_CENTRAL: ZFake3Mu/Central/muons/2/pz in Skim_TriLep_DYGTo2LG_MLL4to50_PTG10to100.root
2025-11-10 12:28:27,523 - INFO - [2022EE] MISSING_CENTRAL: ZFake3Mu/Central/muons/2/pz in Skim_TriLep_DYGTo2LG_MLL4to50_PTG100to200.root
2025-11-10 12:28:27,883 - INFO - [2023] MISSING_CENTRAL: ZFake3Mu/Central/muons/2/pz in Skim_TriLep_DYJets10to50.root
2025-11-10 12:28:27,884 - INFO - [2023] MISSING_CENTRAL: ZFake3Mu/Central/muons/2/pz in Skim_TriLep_DYGTo2LG_MLL4to50_PTG10to100.root
2025-11-10 12:28:28,004 - INFO - [2023] MISSING_CENTRAL: ZFake3Mu/Central/muons/2/pz in Skim_TriLep_TTG_PTG100to200.root
2025-11-10 12:28:28,005 - INFO - [2023] MISSING_CENTRAL: ZFake3Mu/Central/muons/2/pz in Skim_TriLep_TTG_PTG200toInf.root
2025-11-10 12:28:28,254 - INFO - [2023BPix] MISSING_SYSTEMATIC: ZFake3Mu/JetEn_Down/muons/2/pz in Skim_TriLep_DYJets.root
2025-11-10 12:28:28,267 - INFO - [2023BPix] MISSING_CENTRAL: ZFake3Mu/Central/muons/2/pz in Skim_TriLep_DYJets10to50.root
2025-11-10 12:28:28,430 - INFO - [2023BPix] MISSING_CENTRAL: ZFake3Mu/Central/muons/2/pz in Skim_TriLep_TTG_PTG200toInf.root
2025-11-13 11:18:56,942 - INFO - [2022] MISSING_CENTRAL: ZFake3Mu/Central/muons/2/pz in Skim_TriLep_DYJets10to50.root
2025-11-13 11:18:56,943 - INFO - [2022] MISSING_CENTRAL: ZFake3Mu/Central/muons/2/pz in Skim_TriLep_DYGTo2LG_MLL4to50_PTG10to100.root
2025-11-13 11:18:56,944 - INFO - [2022] MISSING_CENTRAL: ZFake3Mu/Central/muons/2/pz in Skim_TriLep_DYGTo2LG_MLL4to50_PTG100to200.root
2025-11-13 11:18:56,945 - INFO - [2022] MISSING_CENTRAL: ZFake3Mu/Central/muons/2/pz in Skim_TriLep_DYGTo2LG_MLL4to50_PTG200toInf.root
2025-11-13 11:18:56,970 - INFO - [2022] MISSING_CENTRAL: ZFake3Mu/Central/muons/2/pz in Skim_TriLep_DYGTo2LG_MLL50_PTG100to200.root
2025-11-13 11:18:56,971 - INFO - [2022] MISSING_CENTRAL: ZFake3Mu/Central/muons/2/pz in Skim_TriLep_DYGTo2LG_MLL50_PTG200toInf.root
2025-11-13 11:18:56,995 - INFO - [2022] MISSING_CENTRAL: ZFake3Mu/Central/muons/2/pz in Skim_TriLep_TTG_PTG100to200.root
2025-11-13 11:18:56,996 - INFO - [2022] MISSING_CENTRAL: ZFake3Mu/Central/muons/2/pz in Skim_TriLep_TTG_PTG200toInf.root
2025-11-13 11:18:57,396 - INFO - [2022EE] MISSING_CENTRAL: ZFake3Mu/Central/muons/2/pz in Skim_TriLep_DYJets10to50.root
2025-11-13 11:18:57,397 - INFO - [2022EE] MISSING_CENTRAL: ZFake3Mu/Central/muons/2/pz in Skim_TriLep_DYGTo2LG_MLL4to50_PTG10to100.root
2025-11-13 11:18:57,398 - INFO - [2022EE] MISSING_CENTRAL: ZFake3Mu/Central/muons/2/pz in Skim_TriLep_DYGTo2LG_MLL4to50_PTG100to200.root
2025-11-13 11:18:57,990 - INFO - [2023] MISSING_CENTRAL: ZFake3Mu/Central/muons/2/pz in Skim_TriLep_DYJets10to50.root
2025-11-13 11:18:57,992 - INFO - [2023] MISSING_CENTRAL: ZFake3Mu/Central/muons/2/pz in Skim_TriLep_DYGTo2LG_MLL4to50_PTG10to100.root
2025-11-13 11:18:58,195 - INFO - [2023] MISSING_CENTRAL: ZFake3Mu/Central/muons/2/pz in Skim_TriLep_TTG_PTG100to200.root
2025-11-13 11:18:58,196 - INFO - [2023] MISSING_CENTRAL: ZFake3Mu/Central/muons/2/pz in Skim_TriLep_TTG_PTG200toInf.root
2025-11-13 11:18:58,603 - INFO - [2023BPix] MISSING_SYSTEMATIC: ZFake3Mu/JetEn_Down/muons/2/pz in Skim_TriLep_DYJets.root
2025-11-13 11:18:58,623 - INFO - [2023BPix] MISSING_CENTRAL: ZFake3Mu/Central/muons/2/pz in Skim_TriLep_DYJets10to50.root
2025-11-13 11:18:58,852 - INFO - [2023BPix] MISSING_CENTRAL: ZFake3Mu/Central/muons/2/pz in Skim_TriLep_TTG_PTG200toInf.root
2025-11-19 16:12:18,747 - INFO - [2022] MISSING_CENTRAL: ZFake3Mu/Central/muons/2/pz in Skim_TriLep_DYJets10to50.root
2025-11-19 16:12:18,748 - INFO - [2022] MISSING_CENTRAL: ZFake3Mu/Central/muons/2/pz in Skim_TriLep_DYGTo2LG_MLL4to50_PTG10to100.root
2025-11-19 16:12:18,748 - INFO - [2022] MISSING_CENTRAL: ZFake3Mu/Central/muons/2/pz in Skim_TriLep_DYGTo2LG_MLL4to50_PTG100to200.root
2025-11-19 16:12:18,749 - INFO - [2022] MISSING_CENTRAL: ZFake3Mu/Central/muons/2/pz in Skim_TriLep_DYGTo2LG_MLL4to50_PTG200toInf.root
2025-11-19 16:12:18,763 - INFO - [2022] MISSING_CENTRAL: ZFake3Mu/Central/muons/2/pz in Skim_TriLep_DYGTo2LG_MLL50_PTG100to200.root
2025-11-19 16:12:18,764 - INFO - [2022] MISSING_CENTRAL: ZFake3Mu/Central/muons/2/pz in Skim_TriLep_DYGTo2LG_MLL50_PTG200toInf.root
2025-11-19 16:12:18,778 - INFO - [2022] MISSING_CENTRAL: ZFake3Mu/Central/muons/2/pz in Skim_TriLep_TTG_PTG100to200.root
2025-11-19 16:12:18,778 - INFO - [2022] MISSING_CENTRAL: ZFake3Mu/Central/muons/2/pz in Skim_TriLep_TTG_PTG200toInf.root
2025-11-19 16:12:19,019 - INFO - [2022EE] MISSING_CENTRAL: ZFake3Mu/Central/muons/2/pz in Skim_TriLep_DYJets10to50.root
2025-11-19 16:12:19,020 - INFO - [2022EE] MISSING_CENTRAL: ZFake3Mu/Central/muons/2/pz in Skim_TriLep_DYGTo2LG_MLL4to50_PTG10to100.root
2025-11-19 16:12:19,020 - INFO - [2022EE] MISSING_CENTRAL: ZFake3Mu/Central/muons/2/pz in Skim_TriLep_DYGTo2LG_MLL4to50_PTG100to200.root
2025-11-19 16:12:19,375 - INFO - [2023] MISSING_CENTRAL: ZFake3Mu/Central/muons/2/pz in Skim_TriLep_DYJets10to50.root
2025-11-19 16:12:19,376 - INFO - [2023] MISSING_CENTRAL: ZFake3Mu/Central/muons/2/pz in Skim_TriLep_DYGTo2LG_MLL4to50_PTG10to100.root
2025-11-19 16:12:19,497 - INFO - [2023] MISSING_CENTRAL: ZFake3Mu/Central/muons/2/pz in Skim_TriLep_TTG_PTG100to200.root
2025-11-19 16:12:19,498 - INFO - [2023] MISSING_CENTRAL: ZFake3Mu/Central/muons/2/pz in Skim_TriLep_TTG_PTG200toInf.root
2025-11-19 16:12:19,744 - INFO - [2023BPix] MISSING_SYSTEMATIC: ZFake3Mu/JetEn_Down/muons/2/pz in Skim_TriLep_DYJets.root
2025-11-19 16:12:19,757 - INFO - [2023BPix] MISSING_CENTRAL: ZFake3Mu/Central/muons/2/pz in Skim_TriLep_DYJets10to50.root
2025-11-19 16:12:19,904 - INFO - [2023BPix] MISSING_CENTRAL: ZFake3Mu/Central/muons/2/pz in Skim_TriLep_TTG_PTG200toInf.root
2025-11-19 16:30:55,557 - INFO - [2022] MISSING_CENTRAL: ZFake3Mu/Central/muons/2/pz in Skim_TriLep_DYJets10to50.root
2025-11-19 16:30:55,558 - INFO - [2022] MISSING_CENTRAL: ZFake3Mu/Central/muons/2/pz in Skim_TriLep_DYGTo2LG_MLL4to50_PTG10to100.root
2025-11-19 16:30:55,558 - INFO - [2022] MISSING_CENTRAL: ZFake3Mu/Central/muons/2/pz in Skim_TriLep_DYGTo2LG_MLL4to50_PTG100to200.root
2025-11-19 16:30:55,559 - INFO - [2022] MISSING_CENTRAL: ZFake3Mu/Central/muons/2/pz in Skim_TriLep_DYGTo2LG_MLL4to50_PTG200toInf.root
2025-11-19 16:30:55,573 - INFO - [2022] MISSING_CENTRAL: ZFake3Mu/Central/muons/2/pz in Skim_TriLep_DYGTo2LG_MLL50_PTG100to200.root
2025-11-19 16:30:55,574 - INFO - [2022] MISSING_CENTRAL: ZFake3Mu/Central/muons/2/pz in Skim_TriLep_DYGTo2LG_MLL50_PTG200toInf.root
2025-11-19 16:30:55,588 - INFO - [2022] MISSING_CENTRAL: ZFake3Mu/Central/muons/2/pz in Skim_TriLep_TTG_PTG100to200.root
2025-11-19 16:30:55,589 - INFO - [2022] MISSING_CENTRAL: ZFake3Mu/Central/muons/2/pz in Skim_TriLep_TTG_PTG200toInf.root
2025-11-19 16:30:55,833 - INFO - [2022EE] MISSING_CENTRAL: ZFake3Mu/Central/muons/2/pz in Skim_TriLep_DYJets10to50.root
2025-11-19 16:30:55,833 - INFO - [2022EE] MISSING_CENTRAL: ZFake3Mu/Central/muons/2/pz in Skim_TriLep_DYGTo2LG_MLL4to50_PTG10to100.root
2025-11-19 16:30:55,834 - INFO - [2022EE] MISSING_CENTRAL: ZFake3Mu/Central/muons/2/pz in Skim_TriLep_DYGTo2LG_MLL4to50_PTG100to200.root
2025-11-19 16:30:56,188 - INFO - [2023] MISSING_CENTRAL: ZFake3Mu/Central/muons/2/pz in Skim_TriLep_DYJets10to50.root
2025-11-19 16:30:56,188 - INFO - [2023] MISSING_CENTRAL: ZFake3Mu/Central/muons/2/pz in Skim_TriLep_DYGTo2LG_MLL4to50_PTG10to100.root
2025-11-19 16:30:56,308 - INFO - [2023] MISSING_CENTRAL: ZFake3Mu/Central/muons/2/pz in Skim_TriLep_TTG_PTG100to200.root
2025-11-19 16:30:56,309 - INFO - [2023] MISSING_CENTRAL: ZFake3Mu/Central/muons/2/pz in Skim_TriLep_TTG_PTG200toInf.root
2025-11-19 16:30:56,549 - INFO - [2023BPix] MISSING_SYSTEMATIC: ZFake3Mu/JetEn_Down/muons/2/pz in Skim_TriLep_DYJets.root
2025-11-19 16:30:56,563 - INFO - [2023BPix] MISSING_CENTRAL: ZFake3Mu/Central/muons/2/pz in Skim_TriLep_DYJets10to50.root
2025-11-19 16:30:56,720 - INFO - [2023BPix] MISSING_CENTRAL: ZFake3Mu/Central/muons/2/pz in Skim_TriLep_TTG_PTG200toInf.root
2025-12-17 22:46:00,493 - INFO - [2022] MISSING_CENTRAL: ZFake3Mu/Central/muons/2/pz in Skim_TriLep_DYJets10to50.root
2025-12-17 22:46:00,494 - INFO - [2022] MISSING_CENTRAL: ZFake3Mu/Central/muons/2/pz in Skim_TriLep_TTG_PTG10to100.root
2025-12-17 22:46:00,495 - INFO - [2022] MISSING_CENTRAL: ZFake3Mu/Central/muons/2/pz in Skim_TriLep_TTG_PTG100to200.root
2025-12-17 22:46:00,496 - INFO - [2022] MISSING_CENTRAL: ZFake3Mu/Central/muons/2/pz in Skim_TriLep_TTG_PTG200toInf.root
2025-12-17 22:46:00,885 - INFO - [2022EE] MISSING_CENTRAL: ZFake3Mu/Central/muons/2/pz in Skim_TriLep_DYJets10to50.root
2025-12-17 22:46:00,886 - INFO - [2022EE] MISSING_CENTRAL: ZFake3Mu/Central/muons/2/pz in Skim_TriLep_TTG_PTG10to100.root
2025-12-17 22:46:01,359 - INFO - [2023] MISSING_CENTRAL: ZFake3Mu/Central/muons/2/pz in Skim_TriLep_DYJets10to50.root
2025-12-17 22:46:01,385 - INFO - [2023] MISSING_CENTRAL: ZFake3Mu/Central/muons/2/pz in Skim_TriLep_TTG_PTG100to200.root
2025-12-17 22:46:01,386 - INFO - [2023] MISSING_CENTRAL: ZFake3Mu/Central/muons/2/pz in Skim_TriLep_TTG_PTG200toInf.root
2025-12-17 22:46:01,812 - INFO - [2023BPix] MISSING_CENTRAL: ZFake3Mu/Central/muons/2/pz in Skim_TriLep_DYJets10to50.root
2025-12-17 22:46:01,839 - INFO - [2023BPix] MISSING_CENTRAL: ZFake3Mu/Central/muons/2/pz in Skim_TriLep_TTG_PTG100to200.root
2025-12-17 22:46:01,840 - INFO - [2023BPix] MISSING_CENTRAL: ZFake3Mu/Central/muons/2/pz in Skim_TriLep_TTG_PTG200toInf.root
2025-12-18 14:47:44,869 - INFO - [2022] MISSING_CENTRAL: ZFake3Mu/Central/muons/2/pz in Skim_TriLep_DYJets10to50.root
2025-12-18 14:47:44,870 - INFO - [2022] MISSING_CENTRAL: ZFake3Mu/Central/muons/2/pz in Skim_TriLep_TTG_PTG10to100.root
2025-12-18 14:47:44,873 - INFO - [2022] MISSING_CENTRAL: ZFake3Mu/Central/muons/2/pz in Skim_TriLep_TTG_PTG100to200.root
2025-12-18 14:47:44,874 - INFO - [2022] MISSING_CENTRAL: ZFake3Mu/Central/muons/2/pz in Skim_TriLep_TTG_PTG200toInf.root
2025-12-18 14:47:45,475 - INFO - [2022EE] MISSING_CENTRAL: ZFake3Mu/Central/muons/2/pz in Skim_TriLep_DYJets10to50.root
2025-12-18 14:47:45,484 - INFO - [2022EE] MISSING_CENTRAL: ZFake3Mu/Central/muons/2/pz in Skim_TriLep_TTG_PTG10to100.root
2025-12-18 14:47:46,236 - INFO - [2023] MISSING_CENTRAL: ZFake3Mu/Central/muons/2/pz in Skim_TriLep_DYJets10to50.root
2025-12-18 14:47:46,293 - INFO - [2023] MISSING_CENTRAL: ZFake3Mu/Central/muons/2/pz in Skim_TriLep_TTG_PTG100to200.root
2025-12-18 14:47:46,299 - INFO - [2023] MISSING_CENTRAL: ZFake3Mu/Central/muons/2/pz in Skim_TriLep_TTG_PTG200toInf.root
2025-12-18 14:47:46,780 - INFO - [2023BPix] MISSING_CENTRAL: ZFake3Mu/Central/muons/2/pz in Skim_TriLep_DYJets10to50.root
2025-12-18 14:47:46,807 - INFO - [2023BPix] MISSING_CENTRAL: ZFake3Mu/Central/muons/2/pz in Skim_TriLep_TTG_PTG100to200.root
2025-12-18 14:47:46,809 - INFO - [2023BPix] MISSING_CENTRAL: ZFake3Mu/Central/muons/2/pz in Skim_TriLep_TTG_PTG200toInf.root
2026-01-07 11:56:19,741 - INFO - [2022] MISSING_CENTRAL: ZFake3Mu/Central/muons/2/pz in Skim_TriLep_DYJets10to50.root
2026-01-07 11:56:19,743 - INFO - [2022] MISSING_CENTRAL: ZFake3Mu/Central/muons/2/pz in Skim_TriLep_TTG_PTG10to100.root
2026-01-07 11:56:19,743 - INFO - [2022] MISSING_CENTRAL: ZFake3Mu/Central/muons/2/pz in Skim_TriLep_TTG_PTG100to200.root
2026-01-07 11:56:19,744 - INFO - [2022] MISSING_CENTRAL: ZFake3Mu/Central/muons/2/pz in Skim_TriLep_TTG_PTG200toInf.root
2026-01-07 11:56:20,141 - INFO - [2022EE] MISSING_CENTRAL: ZFake3Mu/Central/muons/2/pz in Skim_TriLep_DYJets10to50.root
2026-01-07 11:56:20,166 - INFO - [2022EE] MISSING_CENTRAL: ZFake3Mu/Central/muons/2/pz in Skim_TriLep_TTG_PTG10to100.root
2026-01-07 11:56:20,657 - INFO - [2023] MISSING_CENTRAL: ZFake3Mu/Central/muons/2/pz in Skim_TriLep_DYJets10to50.root
2026-01-07 11:56:20,684 - INFO - [2023] MISSING_CENTRAL: ZFake3Mu/Central/muons/2/pz in Skim_TriLep_TTG_PTG100to200.root
2026-01-07 11:56:20,685 - INFO - [2023] MISSING_CENTRAL: ZFake3Mu/Central/muons/2/pz in Skim_TriLep_TTG_PTG200toInf.root
2026-01-07 11:56:21,106 - INFO - [2023BPix] MISSING_CENTRAL: ZFake3Mu/Central/muons/2/pz in Skim_TriLep_DYJets10to50.root
2026-01-07 11:56:21,133 - INFO - [2023BPix] MISSING_CENTRAL: ZFake3Mu/Central/muons/2/pz in Skim_TriLep_TTG_PTG100to200.root
2026-01-07 11:56:21,135 - INFO - [2023BPix] MISSING_CENTRAL: ZFake3Mu/Central/muons/2/pz in Skim_TriLep_TTG_PTG200toInf.root
2026-01-07 18:52:47,688 - INFO - [2022] MISSING_CENTRAL: ZFake3Mu/Central/muons/2/pz in Skim_TriLep_DYJets10to50.root
2026-01-07 18:52:47,689 - INFO - [2022] MISSING_CENTRAL: ZFake3Mu/Central/muons/2/pz in Skim_TriLep_TTG_PTG10to100.root
2026-01-07 18:52:47,690 - INFO - [2022] MISSING_CENTRAL: ZFake3Mu/Central/muons/2/pz in Skim_TriLep_TTG_PTG100to200.root
2026-01-07 18:52:47,690 - INFO - [2022] MISSING_CENTRAL: ZFake3Mu/Central/muons/2/pz in Skim_TriLep_TTG_PTG200toInf.root
2026-01-07 18:52:48,085 - INFO - [2022EE] MISSING_CENTRAL: ZFake3Mu/Central/muons/2/pz in Skim_TriLep_DYJets10to50.root
2026-01-07 18:52:48,086 - INFO - [2022EE] MISSING_CENTRAL: ZFake3Mu/Central/muons/2/pz in Skim_TriLep_TTG_PTG10to100.root
2026-01-07 18:52:48,556 - INFO - [2023] MISSING_CENTRAL: ZFake3Mu/Central/muons/2/pz in Skim_TriLep_DYJets10to50.root
2026-01-07 18:52:48,582 - INFO - [2023] MISSING_CENTRAL: ZFake3Mu/Central/muons/2/pz in Skim_TriLep_TTG_PTG100to200.root
2026-01-07 18:52:48,583 - INFO - [2023] MISSING_CENTRAL: ZFake3Mu/Central/muons/2/pz in Skim_TriLep_TTG_PTG200toInf.root
2026-01-07 18:52:48,999 - INFO - [2023BPix] MISSING_CENTRAL: ZFake3Mu/Central/muons/2/pz in Skim_TriLep_DYJets10to50.root
2026-01-07 18:52:49,025 - INFO - [2023BPix] MISSING_CENTRAL: ZFake3Mu/Central/muons/2/pz in Skim_TriLep_TTG_PTG100to200.root
2026-01-07 18:52:49,027 - INFO - [2023BPix] MISSING_CENTRAL: ZFake3Mu/Central/muons/2/pz in Skim_TriLep_TTG_PTG200toInf.root
2026-01-09 12:27:59,052 - INFO - [2022] MISSING_CENTRAL: ZFake3Mu/Central/muons/2/pz in Skim_TriLep_DYJets10to50.root
2026-01-09 12:27:59,052 - INFO - [2022] MISSING_CENTRAL: ZFake3Mu/Central/muons/2/pz in Skim_TriLep_TTG_PTG10to100.root
2026-01-09 12:27:59,053 - INFO - [2022] MISSING_CENTRAL: ZFake3Mu/Central/muons/2/pz in Skim_TriLep_TTG_PTG100to200.root
2026-01-09 12:27:59,053 - INFO - [2022] MISSING_CENTRAL: ZFake3Mu/Central/muons/2/pz in Skim_TriLep_TTG_PTG200toInf.root
2026-01-09 12:27:59,299 - INFO - [2022EE] MISSING_CENTRAL: ZFake3Mu/Central/muons/2/pz in Skim_TriLep_DYJets10to50.root
2026-01-09 12:27:59,300 - INFO - [2022EE] MISSING_CENTRAL: ZFake3Mu/Central/muons/2/pz in Skim_TriLep_TTG_PTG10to100.root
2026-01-09 12:27:59,597 - INFO - [2023] MISSING_CENTRAL: ZFake3Mu/Central/muons/2/pz in Skim_TriLep_DYJets10to50.root
2026-01-09 12:27:59,615 - INFO - [2023] MISSING_CENTRAL: ZFake3Mu/Central/muons/2/pz in Skim_TriLep_TTG_PTG100to200.root
2026-01-09 12:27:59,616 - INFO - [2023] MISSING_CENTRAL: ZFake3Mu/Central/muons/2/pz in Skim_TriLep_TTG_PTG200toInf.root
2026-01-09 12:27:59,881 - INFO - [2023BPix] MISSING_CENTRAL: ZFake3Mu/Central/muons/2/pz in Skim_TriLep_DYJets10to50.root
2026-01-09 12:27:59,899 - INFO - [2023BPix] MISSING_CENTRAL: ZFake3Mu/Central/muons/2/pz in Skim_TriLep_TTG_PTG100to200.root
2026-01-09 12:27:59,900 - INFO - [2023BPix] MISSING_CENTRAL: ZFake3Mu/Central/muons/2/pz in Skim_TriLep_TTG_PTG200toInf.root
2026-01-11 09:47:59,309 - INFO - [2022] MISSING_CENTRAL: ZFake3Mu/Central/muons/2/pz in Skim_TriLep_DYJets10to50.root
2026-01-11 09:47:59,309 - INFO - [2022] MISSING_CENTRAL: ZFake3Mu/Central/muons/2/pz in Skim_TriLep_TTG_PTG10to100.root
2026-01-11 09:47:59,310 - INFO - [2022] MISSING_CENTRAL: ZFake3Mu/Central/muons/2/pz in Skim_TriLep_TTG_PTG100to200.root
2026-01-11 09:47:59,310 - INFO - [2022] MISSING_CENTRAL: ZFake3Mu/Central/muons/2/pz in Skim_TriLep_TTG_PTG200toInf.root
2026-01-11 09:47:59,566 - INFO - [2022EE] MISSING_CENTRAL: ZFake3Mu/Central/muons/2/pz in Skim_TriLep_DYJets10to50.root
2026-01-11 09:47:59,566 - INFO - [2022EE] MISSING_CENTRAL: ZFake3Mu/Central/muons/2/pz in Skim_TriLep_TTG_PTG10to100.root
2026-01-11 09:47:59,851 - INFO - [2023] MISSING_CENTRAL: ZFake3Mu/Central/muons/2/pz in Skim_TriLep_DYJets10to50.root
2026-01-11 09:47:59,866 - INFO - [2023] MISSING_CENTRAL: ZFake3Mu/Central/muons/2/pz in Skim_TriLep_TTG_PTG100to200.root
2026-01-11 09:47:59,867 - INFO - [2023] MISSING_CENTRAL: ZFake3Mu/Central/muons/2/pz in Skim_TriLep_TTG_PTG200toInf.root
2026-01-11 09:48:00,118 - INFO - [2023BPix] MISSING_CENTRAL: ZFake3Mu/Central/muons/2/pz in Skim_TriLep_DYJets10to50.root
2026-01-11 09:48:00,134 - INFO - [2023BPix] MISSING_CENTRAL: ZFake3Mu/Central/muons/2/pz in Skim_TriLep_TTG_PTG100to200.root
2026-01-11 09:48:00,135 - INFO - [2023BPix] MISSING_CENTRAL: ZFake3Mu/Central/muons/2/pz in Skim_TriLep_TTG_PTG200toInf.root
2026-01-12 13:56:54,717 - INFO - [2022] MISSING_FILE: /home/choij/Sync/workspace/ChargedHiggsAnalysisV3/SKNanoOutput/MatrixSelector/Run3Mu/2022/Skim_TriLep_DoubleMuon_C.root
2026-01-12 13:56:54,718 - INFO - [2022] MISSING_FILE: /home/choij/Sync/workspace/ChargedHiggsAnalysisV3/SKNanoOutput/MatrixSelector/Run3Mu/2022/Skim_TriLep_Muon_C.root
2026-01-12 13:56:54,718 - INFO - [2022] MISSING_FILE: /home/choij/Sync/workspace/ChargedHiggsAnalysisV3/SKNanoOutput/MatrixSelector/Run3Mu/2022/Skim_TriLep_Muon_D.root
2026-01-12 13:56:54,750 - INFO - [2022] MISSING_CENTRAL: ZFake3Mu/Central/muons/2/pz in Skim_TriLep_DYJets10to50.root
2026-01-12 13:56:54,750 - INFO - [2022] MISSING_CENTRAL: ZFake3Mu/Central/muons/2/pz in Skim_TriLep_TTG_PTG10to100.root
2026-01-12 13:56:54,751 - INFO - [2022] MISSING_CENTRAL: ZFake3Mu/Central/muons/2/pz in Skim_TriLep_TTG_PTG100to200.root
2026-01-12 13:56:54,751 - INFO - [2022] MISSING_CENTRAL: ZFake3Mu/Central/muons/2/pz in Skim_TriLep_TTG_PTG200toInf.root
2026-01-12 13:56:54,984 - INFO - [2022EE] MISSING_FILE: /home/choij/Sync/workspace/ChargedHiggsAnalysisV3/SKNanoOutput/MatrixSelector/Run3Mu/2022EE/Skim_TriLep_Muon_E.root
2026-01-12 13:56:54,984 - INFO - [2022EE] MISSING_FILE: /home/choij/Sync/workspace/ChargedHiggsAnalysisV3/SKNanoOutput/MatrixSelector/Run3Mu/2022EE/Skim_TriLep_Muon_F.root
2026-01-12 13:56:54,984 - INFO - [2022EE] MISSING_FILE: /home/choij/Sync/workspace/ChargedHiggsAnalysisV3/SKNanoOutput/MatrixSelector/Run3Mu/2022EE/Skim_TriLep_Muon_G.root
2026-01-12 13:56:55,000 - INFO - [2022EE] MISSING_CENTRAL: ZFake3Mu/Central/muons/2/pz in Skim_TriLep_DYJets10to50.root
2026-01-12 13:56:55,000 - INFO - [2022EE] MISSING_CENTRAL: ZFake3Mu/Central/muons/2/pz in Skim_TriLep_TTG_PTG10to100.root
2026-01-12 13:56:55,258 - INFO - [2023] MISSING_FILE: /home/choij/Sync/workspace/ChargedHiggsAnalysisV3/SKNanoOutput/MatrixSelector/Run3Mu/2023/Skim_TriLep_Muon0_C_v1.root
2026-01-12 13:56:55,259 - INFO - [2023] MISSING_FILE: /home/choij/Sync/workspace/ChargedHiggsAnalysisV3/SKNanoOutput/MatrixSelector/Run3Mu/2023/Skim_TriLep_Muon0_C_v2.root
2026-01-12 13:56:55,259 - INFO - [2023] MISSING_FILE: /home/choij/Sync/workspace/ChargedHiggsAnalysisV3/SKNanoOutput/MatrixSelector/Run3Mu/2023/Skim_TriLep_Muon0_C_v3.root
2026-01-12 13:56:55,259 - INFO - [2023] MISSING_FILE: /home/choij/Sync/workspace/ChargedHiggsAnalysisV3/SKNanoOutput/MatrixSelector/Run3Mu/2023/Skim_TriLep_Muon0_C_v4.root
2026-01-12 13:56:55,259 - INFO - [2023] MISSING_FILE: /home/choij/Sync/workspace/ChargedHiggsAnalysisV3/SKNanoOutput/MatrixSelector/Run3Mu/2023/Skim_TriLep_Muon1_C_v1.root
2026-01-12 13:56:55,259 - INFO - [2023] MISSING_FILE: /home/choij/Sync/workspace/ChargedHiggsAnalysisV3/SKNanoOutput/MatrixSelector/Run3Mu/2023/Skim_TriLep_Muon1_C_v2.root
2026-01-12 13:56:55,259 - INFO - [2023] MISSING_FILE: /home/choij/Sync/workspace/ChargedHiggsAnalysisV3/SKNanoOutput/MatrixSelector/Run3Mu/2023/Skim_TriLep_Muon1_C_v3.root
2026-01-12 13:56:55,259 - INFO - [2023] MISSING_FILE: /home/choij/Sync/workspace/ChargedHiggsAnalysisV3/SKNanoOutput/MatrixSelector/Run3Mu/2023/Skim_TriLep_Muon1_C_v4.root
2026-01-12 13:56:55,276 - INFO - [2023] MISSING_CENTRAL: ZFake3Mu/Central/muons/2/pz in Skim_TriLep_DYJets10to50.root
2026-01-12 13:56:55,292 - INFO - [2023] MISSING_CENTRAL: ZFake3Mu/Central/muons/2/pz in Skim_TriLep_TTG_PTG100to200.root
2026-01-12 13:56:55,293 - INFO - [2023] MISSING_CENTRAL: ZFake3Mu/Central/muons/2/pz in Skim_TriLep_TTG_PTG200toInf.root
2026-01-12 13:56:55,527 - INFO - [2023BPix] MISSING_FILE: /home/choij/Sync/workspace/ChargedHiggsAnalysisV3/SKNanoOutput/MatrixSelector/Run3Mu/2023BPix/Skim_TriLep_Muon0_D_v1.root
2026-01-12 13:56:55,528 - INFO - [2023BPix] MISSING_FILE: /home/choij/Sync/workspace/ChargedHiggsAnalysisV3/SKNanoOutput/MatrixSelector/Run3Mu/2023BPix/Skim_TriLep_Muon0_D_v2.root
2026-01-12 13:56:55,528 - INFO - [2023BPix] MISSING_FILE: /home/choij/Sync/workspace/ChargedHiggsAnalysisV3/SKNanoOutput/MatrixSelector/Run3Mu/2023BPix/Skim_TriLep_Muon1_D_v1.root
2026-01-12 13:56:55,528 - INFO - [2023BPix] MISSING_FILE: /home/choij/Sync/workspace/ChargedHiggsAnalysisV3/SKNanoOutput/MatrixSelector/Run3Mu/2023BPix/Skim_TriLep_Muon1_D_v2.root
2026-01-12 13:56:55,546 - INFO - [2023BPix] MISSING_CENTRAL: ZFake3Mu/Central/muons/2/pz in Skim_TriLep_DYJets10to50.root
2026-01-12 13:56:55,563 - INFO - [2023BPix] MISSING_CENTRAL: ZFake3Mu/Central/muons/2/pz in Skim_TriLep_TTG_PTG100to200.root
2026-01-12 13:56:55,564 - INFO - [2023BPix] MISSING_CENTRAL: ZFake3Mu/Central/muons/2/pz in Skim_TriLep_TTG_PTG200toInf.root
2026-01-16 19:11:30,569 - INFO - [2022] MISSING_CENTRAL: ZFake3Mu/Central/muons/2/pz in Skim_TriLep_DYJets10to50.root
2026-01-16 19:11:30,569 - INFO - [2022] MISSING_CENTRAL: ZFake3Mu/Central/muons/2/pz in Skim_TriLep_TTG_PTG10to100.root
2026-01-16 19:11:30,570 - INFO - [2022] MISSING_CENTRAL: ZFake3Mu/Central/muons/2/pz in Skim_TriLep_TTG_PTG100to200.root
2026-01-16 19:11:30,570 - INFO - [2022] MISSING_CENTRAL: ZFake3Mu/Central/muons/2/pz in Skim_TriLep_TTG_PTG200toInf.root
2026-01-16 19:11:30,852 - INFO - [2022EE] MISSING_CENTRAL: ZFake3Mu/Central/muons/2/pz in Skim_TriLep_DYJets10to50.root
2026-01-16 19:11:30,852 - INFO - [2022EE] MISSING_CENTRAL: ZFake3Mu/Central/muons/2/pz in Skim_TriLep_TTG_PTG10to100.root
2026-01-16 19:11:31,140 - INFO - [2023] MISSING_CENTRAL: ZFake3Mu/Central/muons/2/pz in Skim_TriLep_DYJets10to50.root
2026-01-16 19:11:31,157 - INFO - [2023] MISSING_CENTRAL: ZFake3Mu/Central/muons/2/pz in Skim_TriLep_TTG_PTG100to200.root
2026-01-16 19:11:31,157 - INFO - [2023] MISSING_CENTRAL: ZFake3Mu/Central/muons/2/pz in Skim_TriLep_TTG_PTG200toInf.root
2026-01-16 19:11:31,415 - INFO - [2023BPix] MISSING_CENTRAL: ZFake3Mu/Central/muons/2/pz in Skim_TriLep_DYJets10to50.root
2026-01-16 19:11:31,433 - INFO - [2023BPix] MISSING_CENTRAL: ZFake3Mu/Central/muons/2/pz in Skim_TriLep_TTG_PTG100to200.root
2026-01-16 19:11:31,434 - INFO - [2023BPix] MISSING_CENTRAL: ZFake3Mu/Central/muons/2/pz in Skim_TriLep_TTG_PTG200toInf.root
2026-01-28 17:08:20,517 - INFO - [2022] MISSING_CENTRAL: ZFake3Mu/Central/muons/2/pz in Skim_TriLep_DYJets10to50.root
2026-01-28 17:08:20,518 - INFO - [2022] MISSING_CENTRAL: ZFake3Mu/Central/muons/2/pz in Skim_TriLep_TTG_PTG10to100.root
2026-01-28 17:08:20,518 - INFO - [2022] MISSING_CENTRAL: ZFake3Mu/Central/muons/2/pz in Skim_TriLep_TTG_PTG100to200.root
2026-01-28 17:08:20,519 - INFO - [2022] MISSING_CENTRAL: ZFake3Mu/Central/muons/2/pz in Skim_TriLep_TTG_PTG200toInf.root
2026-01-28 17:08:20,906 - INFO - [2022EE] MISSING_CENTRAL: ZFake3Mu/Central/muons/2/pz in Skim_TriLep_DYJets10to50.root
2026-01-28 17:08:20,907 - INFO - [2022EE] MISSING_CENTRAL: ZFake3Mu/Central/muons/2/pz in Skim_TriLep_TTG_PTG10to100.root
2026-01-28 17:08:21,371 - INFO - [2023] MISSING_CENTRAL: ZFake3Mu/Central/muons/2/pz in Skim_TriLep_DYJets10to50.root
2026-01-28 17:08:21,398 - INFO - [2023] MISSING_CENTRAL: ZFake3Mu/Central/muons/2/pz in Skim_TriLep_TTG_PTG100to200.root
2026-01-28 17:08:21,398 - INFO - [2023] MISSING_CENTRAL: ZFake3Mu/Central/muons/2/pz in Skim_TriLep_TTG_PTG200toInf.root
2026-01-28 17:08:21,797 - INFO - [2023BPix] MISSING_CENTRAL: ZFake3Mu/Central/muons/2/pz in Skim_TriLep_DYJets10to50.root
2026-01-28 17:08:21,822 - INFO - [2023BPix] MISSING_CENTRAL: ZFake3Mu/Central/muons/2/pz in Skim_TriLep_TTG_PTG100to200.root
2026-01-28 17:08:21,823 - INFO - [2023BPix] MISSING_CENTRAL: ZFake3Mu/Central/muons/2/pz in Skim_TriLep_TTG_PTG200toInf.root
2026-01-28 17:28:52,716 - INFO - [2022] MISSING_CENTRAL: ZFake3Mu/Central/muons/2/pz in Skim_TriLep_DYJets10to50.root
2026-01-28 17:28:52,717 - INFO - [2022] MISSING_CENTRAL: ZFake3Mu/Central/muons/2/pz in Skim_TriLep_TTG_PTG10to100.root
2026-01-28 17:28:52,718 - INFO - [2022] MISSING_CENTRAL: ZFake3Mu/Central/muons/2/pz in Skim_TriLep_TTG_PTG100to200.root
2026-01-28 17:28:52,718 - INFO - [2022] MISSING_CENTRAL: ZFake3Mu/Central/muons/2/pz in Skim_TriLep_TTG_PTG200toInf.root
2026-01-28 17:28:53,102 - INFO - [2022EE] MISSING_CENTRAL: ZFake3Mu/Central/muons/2/pz in Skim_TriLep_DYJets10to50.root
2026-01-28 17:28:53,103 - INFO - [2022EE] MISSING_CENTRAL: ZFake3Mu/Central/muons/2/pz in Skim_TriLep_TTG_PTG10to100.root
2026-01-28 17:28:53,556 - INFO - [2023] MISSING_CENTRAL: ZFake3Mu/Central/muons/2/pz in Skim_TriLep_DYJets10to50.root
2026-01-28 17:28:53,577 - INFO - [2023] MISSING_CENTRAL: ZFake3Mu/Central/muons/2/pz in Skim_TriLep_TTG_PTG100to200.root
2026-01-28 17:28:53,577 - INFO - [2023] MISSING_CENTRAL: ZFake3Mu/Central/muons/2/pz in Skim_TriLep_TTG_PTG200toInf.root
2026-01-28 17:28:53,951 - INFO - [2023BPix] MISSING_CENTRAL: ZFake3Mu/Central/muons/2/pz in Skim_TriLep_DYJets10to50.root
2026-01-28 17:28:53,974 - INFO - [2023BPix] MISSING_CENTRAL: ZFake3Mu/Central/muons/2/pz in Skim_TriLep_TTG_PTG100to200.root
2026-01-28 17:28:53,976 - INFO - [2023BPix] MISSING_CENTRAL: ZFake3Mu/Central/muons/2/pz in Skim_TriLep_TTG_PTG200toInf.root
2026-01-28 20:02:37,405 - INFO - [2022] MISSING_CENTRAL: ZFake3Mu/Central/muons/2/pz in Skim_TriLep_DYJets10to50.root
2026-01-28 20:02:37,405 - INFO - [2022] MISSING_CENTRAL: ZFake3Mu/Central/muons/2/pz in Skim_TriLep_TTG_PTG10to100.root
2026-01-28 20:02:37,406 - INFO - [2022] MISSING_CENTRAL: ZFake3Mu/Central/muons/2/pz in Skim_TriLep_TTG_PTG100to200.root
2026-01-28 20:02:37,406 - INFO - [2022] MISSING_CENTRAL: ZFake3Mu/Central/muons/2/pz in Skim_TriLep_TTG_PTG200toInf.root
2026-01-28 20:02:37,844 - INFO - [2022EE] MISSING_CENTRAL: ZFake3Mu/Central/muons/2/pz in Skim_TriLep_DYJets10to50.root
2026-01-28 20:02:37,845 - INFO - [2022EE] MISSING_CENTRAL: ZFake3Mu/Central/muons/2/pz in Skim_TriLep_TTG_PTG10to100.root
2026-01-28 20:02:38,377 - INFO - [2023] MISSING_CENTRAL: ZFake3Mu/Central/muons/2/pz in Skim_TriLep_DYJets10to50.root
2026-01-28 20:02:38,400 - INFO - [2023] MISSING_CENTRAL: ZFake3Mu/Central/muons/2/pz in Skim_TriLep_TTG_PTG100to200.root
2026-01-28 20:02:38,401 - INFO - [2023] MISSING_CENTRAL: ZFake3Mu/Central/muons/2/pz in Skim_TriLep_TTG_PTG200toInf.root
2026-01-28 20:02:38,831 - INFO - [2023BPix] MISSING_CENTRAL: ZFake3Mu/Central/muons/2/pz in Skim_TriLep_DYJets10to50.root
2026-01-28 20:02:38,858 - INFO - [2023BPix] MISSING_CENTRAL: ZFake3Mu/Central/muons/2/pz in Skim_TriLep_TTG_PTG100to200.root
2026-01-28 20:02:38,859 - INFO - [2023BPix] MISSING_CENTRAL: ZFake3Mu/Central/muons/2/pz in Skim_TriLep_TTG_PTG200toInf.root
2026-01-29 07:19:12,910 - INFO - [2022] MISSING_CENTRAL: ZFake3Mu/Central/muons/2/pz in Skim_TriLep_DYJets10to50.root
2026-01-29 07:19:12,911 - INFO - [2022] MISSING_CENTRAL: ZFake3Mu/Central/muons/2/pz in Skim_TriLep_TTG_PTG10to100.root
2026-01-29 07:19:12,912 - INFO - [2022] MISSING_CENTRAL: ZFake3Mu/Central/muons/2/pz in Skim_TriLep_TTG_PTG100to200.root
2026-01-29 07:19:12,912 - INFO - [2022] MISSING_CENTRAL: ZFake3Mu/Central/muons/2/pz in Skim_TriLep_TTG_PTG200toInf.root
2026-01-29 07:19:13,158 - INFO - [2022EE] MISSING_CENTRAL: ZFake3Mu/Central/muons/2/pz in Skim_TriLep_DYJets10to50.root
2026-01-29 07:19:13,159 - INFO - [2022EE] MISSING_CENTRAL: ZFake3Mu/Central/muons/2/pz in Skim_TriLep_TTG_PTG10to100.root
2026-01-29 07:19:13,448 - INFO - [2023] MISSING_CENTRAL: ZFake3Mu/Central/muons/2/pz in Skim_TriLep_DYJets10to50.root
2026-01-29 07:19:13,464 - INFO - [2023] MISSING_CENTRAL: ZFake3Mu/Central/muons/2/pz in Skim_TriLep_TTG_PTG100to200.root
2026-01-29 07:19:13,465 - INFO - [2023] MISSING_CENTRAL: ZFake3Mu/Central/muons/2/pz in Skim_TriLep_TTG_PTG200toInf.root
2026-01-29 07:19:13,726 - INFO - [2023BPix] MISSING_CENTRAL: ZFake3Mu/Central/muons/2/pz in Skim_TriLep_DYJets10to50.root
2026-01-29 07:19:13,744 - INFO - [2023BPix] MISSING_CENTRAL: ZFake3Mu/Central/muons/2/pz in Skim_TriLep_TTG_PTG100to200.root
2026-01-29 07:19:13,745 - INFO - [2023BPix] MISSING_CENTRAL: ZFake3Mu/Central/muons/2/pz in Skim_TriLep_TTG_PTG200toInf.root
2026-03-06 09:44:46,735 - INFO - [2022] MISSING_CENTRAL: ZFake3Mu/Central/muons/2/pz in Skim_TriLep_DYJets10to50.root
2026-03-06 09:44:46,736 - INFO - [2022] MISSING_CENTRAL: ZFake3Mu/Central/muons/2/pz in Skim_TriLep_TTG_PTG10to100.root
2026-03-06 09:44:46,736 - INFO - [2022] MISSING_CENTRAL: ZFake3Mu/Central/muons/2/pz in Skim_TriLep_TTG_PTG100to200.root
2026-03-06 09:44:46,737 - INFO - [2022] MISSING_CENTRAL: ZFake3Mu/Central/muons/2/pz in Skim_TriLep_TTG_PTG200toInf.root
2026-03-06 09:44:46,993 - INFO - [2022EE] MISSING_CENTRAL: ZFake3Mu/Central/muons/2/pz in Skim_TriLep_DYJets10to50.root
2026-03-06 09:44:46,994 - INFO - [2022EE] MISSING_CENTRAL: ZFake3Mu/Central/muons/2/pz in Skim_TriLep_TTG_PTG10to100.root
2026-03-06 09:44:47,299 - INFO - [2023] MISSING_CENTRAL: ZFake3Mu/Central/muons/2/pz in Skim_TriLep_DYJets10to50.root
2026-03-06 09:44:47,300 - INFO - [2023] MISSING_CENTRAL: ZFake3Mu/Central/muons/2/pz in Skim_TriLep_TTG_PTG10to100.root
2026-03-06 09:44:47,301 - INFO - [2023] MISSING_CENTRAL: ZFake3Mu/Central/muons/2/pz in Skim_TriLep_TTG_PTG100to200.root
2026-03-06 09:44:47,301 - INFO - [2023] MISSING_CENTRAL: ZFake3Mu/Central/muons/2/pz in Skim_TriLep_TTG_PTG200toInf.root
2026-03-06 09:44:47,577 - INFO - [2023BPix] MISSING_CENTRAL: ZFake3Mu/Central/muons/2/pz in Skim_TriLep_DYJets10to50.root
2026-03-06 09:44:47,595 - INFO - [2023BPix] MISSING_CENTRAL: ZFake3Mu/Central/muons/2/pz in Skim_TriLep_TTG_PTG100to200.root
2026-03-06 09:44:47,597 - INFO - [2023BPix] MISSING_CENTRAL: ZFake3Mu/Central/muons/2/pz in Skim_TriLep_TTG_PTG200toInf.root
2026-03-06 19:50:32,593 - INFO - [2022] MISSING_CENTRAL: ZFake3Mu/Central/muons/2/pz in Skim_TriLep_DYJets10to50.root
2026-03-06 19:50:32,594 - INFO - [2022] MISSING_CENTRAL: ZFake3Mu/Central/muons/2/pz in Skim_TriLep_TTG_PTG10to100.root
2026-03-06 19:50:32,594 - INFO - [2022] MISSING_CENTRAL: ZFake3Mu/Central/muons/2/pz in Skim_TriLep_TTG_PTG100to200.root
2026-03-06 19:50:32,595 - INFO - [2022] MISSING_CENTRAL: ZFake3Mu/Central/muons/2/pz in Skim_TriLep_TTG_PTG200toInf.root
2026-03-06 19:50:32,841 - INFO - [2022EE] MISSING_CENTRAL: ZFake3Mu/Central/muons/2/pz in Skim_TriLep_DYJets10to50.root
2026-03-06 19:50:32,842 - INFO - [2022EE] MISSING_CENTRAL: ZFake3Mu/Central/muons/2/pz in Skim_TriLep_TTG_PTG10to100.root
2026-03-06 19:50:33,127 - INFO - [2023] MISSING_CENTRAL: ZFake3Mu/Central/muons/2/pz in Skim_TriLep_DYJets10to50.root
2026-03-06 19:50:33,128 - INFO - [2023] MISSING_CENTRAL: ZFake3Mu/Central/muons/2/pz in Skim_TriLep_TTG_PTG10to100.root
2026-03-06 19:50:33,128 - INFO - [2023] MISSING_CENTRAL: ZFake3Mu/Central/muons/2/pz in Skim_TriLep_TTG_PTG100to200.root
2026-03-06 19:50:33,129 - INFO - [2023] MISSING_CENTRAL: ZFake3Mu/Central/muons/2/pz in Skim_TriLep_TTG_PTG200toInf.root
2026-03-06 19:50:33,389 - INFO - [2023BPix] MISSING_CENTRAL: ZFake3Mu/Central/muons/2/pz in Skim_TriLep_DYJets10to50.root
2026-03-06 19:50:33,408 - INFO - [2023BPix] MISSING_CENTRAL: ZFake3Mu/Central/muons/2/pz in Skim_TriLep_TTG_PTG100to200.root
2026-03-06 19:50:33,409 - INFO - [2023BPix] MISSING_CENTRAL: ZFake3Mu/Central/muons/2/pz in Skim_TriLep_TTG_PTG200toInf.root
2026-04-10 20:25:27,326 - INFO - [2022] MISSING_CENTRAL: ZFake3Mu/Central/muons/2/pz in Skim_TriLep_DYJets10to50.root
2026-04-10 20:25:27,327 - INFO - [2022] MISSING_CENTRAL: ZFake3Mu/Central/muons/2/pz in Skim_TriLep_TTG_PTG10to100.root
2026-04-10 20:25:27,327 - INFO - [2022] MISSING_CENTRAL: ZFake3Mu/Central/muons/2/pz in Skim_TriLep_TTG_PTG100to200.root
2026-04-10 20:25:27,328 - INFO - [2022] MISSING_CENTRAL: ZFake3Mu/Central/muons/2/pz in Skim_TriLep_TTG_PTG200toInf.root
2026-04-10 20:25:27,583 - INFO - [2022EE] MISSING_CENTRAL: ZFake3Mu/Central/muons/2/pz in Skim_TriLep_DYJets10to50.root
2026-04-10 20:25:27,584 - INFO - [2022EE] MISSING_CENTRAL: ZFake3Mu/Central/muons/2/pz in Skim_TriLep_TTG_PTG10to100.root
2026-04-10 20:25:27,880 - INFO - [2023] MISSING_CENTRAL: ZFake3Mu/Central/muons/2/pz in Skim_TriLep_DYJets10to50.root
2026-04-10 20:25:27,881 - INFO - [2023] MISSING_CENTRAL: ZFake3Mu/Central/muons/2/pz in Skim_TriLep_TTG_PTG10to100.root
2026-04-10 20:25:27,882 - INFO - [2023] MISSING_CENTRAL: ZFake3Mu/Central/muons/2/pz in Skim_TriLep_TTG_PTG100to200.root
2026-04-10 20:25:27,882 - INFO - [2023] MISSING_CENTRAL: ZFake3Mu/Central/muons/2/pz in Skim_TriLep_TTG_PTG200toInf.root
2026-04-10 20:25:28,150 - INFO - [2023BPix] MISSING_CENTRAL: ZFake3Mu/Central/muons/2/pz in Skim_TriLep_DYJets10to50.root
2026-04-10 20:25:28,166 - INFO - [2023BPix] MISSING_CENTRAL: ZFake3Mu/Central/muons/2/pz in Skim_TriLep_TTG_PTG100to200.root
2026-04-10 20:25:28,167 - INFO - [2023BPix] MISSING_CENTRAL: ZFake3Mu/Central/muons/2/pz in Skim_TriLep_TTG_PTG200toInf.root
2026-04-12 11:40:50,642 - INFO - [2022] MISSING_CENTRAL: ZFake3Mu/Central/muons/2/pz in Skim_TriLep_DYJets10to50.root
2026-04-12 11:40:50,643 - INFO - [2022] MISSING_CENTRAL: ZFake3Mu/Central/muons/2/pz in Skim_TriLep_TTG_PTG10to100.root
2026-04-12 11:40:50,643 - INFO - [2022] MISSING_CENTRAL: ZFake3Mu/Central/muons/2/pz in Skim_TriLep_TTG_PTG100to200.root
2026-04-12 11:40:50,643 - INFO - [2022] MISSING_CENTRAL: ZFake3Mu/Central/muons/2/pz in Skim_TriLep_TTG_PTG200toInf.root
2026-04-12 11:40:50,901 - INFO - [2022EE] MISSING_CENTRAL: ZFake3Mu/Central/muons/2/pz in Skim_TriLep_DYJets10to50.root
2026-04-12 11:40:50,902 - INFO - [2022EE] MISSING_CENTRAL: ZFake3Mu/Central/muons/2/pz in Skim_TriLep_TTG_PTG10to100.root
2026-04-12 11:40:51,293 - INFO - [2023] MISSING_CENTRAL: ZFake3Mu/Central/muons/2/pz in Skim_TriLep_DYJets10to50.root
2026-04-12 11:40:51,294 - INFO - [2023] MISSING_CENTRAL: ZFake3Mu/Central/muons/2/pz in Skim_TriLep_TTG_PTG10to100.root
2026-04-12 11:40:51,294 - INFO - [2023] MISSING_CENTRAL: ZFake3Mu/Central/muons/2/pz in Skim_TriLep_TTG_PTG100to200.root
2026-04-12 11:40:51,295 - INFO - [2023] MISSING_CENTRAL: ZFake3Mu/Central/muons/2/pz in Skim_TriLep_TTG_PTG200toInf.root
2026-04-12 11:40:51,559 - INFO - [2023BPix] MISSING_CENTRAL: ZFake3Mu/Central/muons/2/pz in Skim_TriLep_DYJets10to50.root
2026-04-12 11:40:51,594 - INFO - [2023BPix] MISSING_CENTRAL: ZFake3Mu/Central/muons/2/pz in Skim_TriLep_TTG_PTG100to200.root
2026-04-12 11:40:51,595 - INFO - [2023BPix] MISSING_CENTRAL: ZFake3Mu/Central/muons/2/pz in Skim_TriLep_TTG_PTG200toInf.root
2026-04-12 12:22:32,317 - INFO - [2022] MISSING_CENTRAL: ZFake3Mu/Central/muons/2/pz in Skim_TriLep_DYJets10to50.root
2026-04-12 12:22:32,317 - INFO - [2022] MISSING_CENTRAL: ZFake3Mu/Central/muons/2/pz in Skim_TriLep_TTG_PTG10to100.root
2026-04-12 12:22:32,318 - INFO - [2022] MISSING_CENTRAL: ZFake3Mu/Central/muons/2/pz in Skim_TriLep_TTG_PTG100to200.root
2026-04-12 12:22:32,318 - INFO - [2022] MISSING_CENTRAL: ZFake3Mu/Central/muons/2/pz in Skim_TriLep_TTG_PTG200toInf.root
2026-04-12 12:22:32,570 - INFO - [2022EE] MISSING_CENTRAL: ZFake3Mu/Central/muons/2/pz in Skim_TriLep_DYJets10to50.root
2026-04-12 12:22:32,570 - INFO - [2022EE] MISSING_CENTRAL: ZFake3Mu/Central/muons/2/pz in Skim_TriLep_TTG_PTG10to100.root
2026-04-12 12:22:32,869 - INFO - [2023] MISSING_CENTRAL: ZFake3Mu/Central/muons/2/pz in Skim_TriLep_DYJets10to50.root
2026-04-12 12:22:32,869 - INFO - [2023] MISSING_CENTRAL: ZFake3Mu/Central/muons/2/pz in Skim_TriLep_TTG_PTG10to100.root
2026-04-12 12:22:32,870 - INFO - [2023] MISSING_CENTRAL: ZFake3Mu/Central/muons/2/pz in Skim_TriLep_TTG_PTG100to200.root
2026-04-12 12:22:32,870 - INFO - [2023] MISSING_CENTRAL: ZFake3Mu/Central/muons/2/pz in Skim_TriLep_TTG_PTG200toInf.root
2026-04-12 12:22:33,137 - INFO - [2023BPix] MISSING_CENTRAL: ZFake3Mu/Central/muons/2/pz in Skim_TriLep_DYJets10to50.root
2026-04-12 12:22:33,153 - INFO - [2023BPix] MISSING_CENTRAL: ZFake3Mu/Central/muons/2/pz in Skim_TriLep_TTG_PTG100to200.root
2026-04-12 12:22:33,154 - INFO - [2023BPix] MISSING_CENTRAL: ZFake3Mu/Central/muons/2/pz in Skim_TriLep_TTG_PTG200toInf.root
2026-04-12 12:42:11,485 - INFO - [2022] MISSING_CENTRAL: ZFake3Mu/Central/muons/2/pz in Skim_TriLep_DYJets10to50.root
2026-04-12 12:42:11,486 - INFO - [2022] MISSING_CENTRAL: ZFake3Mu/Central/muons/2/pz in Skim_TriLep_TTG_PTG10to100.root
2026-04-12 12:42:11,487 - INFO - [2022] MISSING_CENTRAL: ZFake3Mu/Central/muons/2/pz in Skim_TriLep_TTG_PTG100to200.root
2026-04-12 12:42:11,487 - INFO - [2022] MISSING_CENTRAL: ZFake3Mu/Central/muons/2/pz in Skim_TriLep_TTG_PTG200toInf.root
2026-04-12 12:42:11,753 - INFO - [2022EE] MISSING_CENTRAL: ZFake3Mu/Central/muons/2/pz in Skim_TriLep_DYJets10to50.root
2026-04-12 12:42:11,754 - INFO - [2022EE] MISSING_CENTRAL: ZFake3Mu/Central/muons/2/pz in Skim_TriLep_TTG_PTG10to100.root
2026-04-12 12:42:12,066 - INFO - [2023] MISSING_CENTRAL: ZFake3Mu/Central/muons/2/pz in Skim_TriLep_DYJets10to50.root
2026-04-12 12:42:12,067 - INFO - [2023] MISSING_CENTRAL: ZFake3Mu/Central/muons/2/pz in Skim_TriLep_TTG_PTG10to100.root
2026-04-12 12:42:12,068 - INFO - [2023] MISSING_CENTRAL: ZFake3Mu/Central/muons/2/pz in Skim_TriLep_TTG_PTG100to200.root
2026-04-12 12:42:12,068 - INFO - [2023] MISSING_CENTRAL: ZFake3Mu/Central/muons/2/pz in Skim_TriLep_TTG_PTG200toInf.root
2026-04-12 12:42:12,332 - INFO - [2023BPix] MISSING_CENTRAL: ZFake3Mu/Central/muons/2/pz in Skim_TriLep_DYJets10to50.root
2026-04-12 12:42:12,348 - INFO - [2023BPix] MISSING_CENTRAL: ZFake3Mu/Central/muons/2/pz in Skim_TriLep_TTG_PTG100to200.root
2026-04-12 12:42:12,349 - INFO - [2023BPix] MISSING_CENTRAL: ZFake3Mu/Central/muons/2/pz in Skim_TriLep_TTG_PTG200toInf.root
2026-04-12 20:50:21,791 - INFO - [2022] MISSING_CENTRAL: ZFake3Mu/Central/muons/2/pz in Skim_TriLep_DYJets10to50.root
2026-04-12 20:50:21,792 - INFO - [2022] MISSING_CENTRAL: ZFake3Mu/Central/muons/2/pz in Skim_TriLep_TTG_PTG10to100.root
2026-04-12 20:50:21,792 - INFO - [2022] MISSING_CENTRAL: ZFake3Mu/Central/muons/2/pz in Skim_TriLep_TTG_PTG100to200.root
2026-04-12 20:50:21,793 - INFO - [2022] MISSING_CENTRAL: ZFake3Mu/Central/muons/2/pz in Skim_TriLep_TTG_PTG200toInf.root
2026-04-12 20:50:22,053 - INFO - [2022EE] MISSING_CENTRAL: ZFake3Mu/Central/muons/2/pz in Skim_TriLep_DYJets10to50.root
2026-04-12 20:50:22,054 - INFO - [2022EE] MISSING_CENTRAL: ZFake3Mu/Central/muons/2/pz in Skim_TriLep_TTG_PTG10to100.root
2026-04-12 20:50:22,357 - INFO - [2023] MISSING_CENTRAL: ZFake3Mu/Central/muons/2/pz in Skim_TriLep_DYJets10to50.root
2026-04-12 20:50:22,358 - INFO - [2023] MISSING_CENTRAL: ZFake3Mu/Central/muons/2/pz in Skim_TriLep_TTG_PTG10to100.root
2026-04-12 20:50:22,358 - INFO - [2023] MISSING_CENTRAL: ZFake3Mu/Central/muons/2/pz in Skim_TriLep_TTG_PTG100to200.root
2026-04-12 20:50:22,359 - INFO - [2023] MISSING_CENTRAL: ZFake3Mu/Central/muons/2/pz in Skim_TriLep_TTG_PTG200toInf.root
2026-04-12 20:50:22,625 - INFO - [2023BPix] MISSING_CENTRAL: ZFake3Mu/Central/muons/2/pz in Skim_TriLep_DYJets10to50.root
2026-04-12 20:50:22,642 - INFO - [2023BPix] MISSING_CENTRAL: ZFake3Mu/Central/muons/2/pz in Skim_TriLep_TTG_PTG100to200.root
2026-04-12 20:50:22,642 - INFO - [2023BPix] MISSING_CENTRAL: ZFake3Mu/Central/muons/2/pz in Skim_TriLep_TTG_PTG200toInf.root
2026-04-12 21:21:54,881 - INFO - [2022] MISSING_CENTRAL: ZFake3Mu/Central/muons/2/pz in Skim_TriLep_DYJets10to50.root
2026-04-12 21:21:54,882 - INFO - [2022] MISSING_CENTRAL: ZFake3Mu/Central/muons/2/pz in Skim_TriLep_TTG_PTG10to100.root
2026-04-12 21:21:54,882 - INFO - [2022] MISSING_CENTRAL: ZFake3Mu/Central/muons/2/pz in Skim_TriLep_TTG_PTG100to200.root
2026-04-12 21:21:54,883 - INFO - [2022] MISSING_CENTRAL: ZFake3Mu/Central/muons/2/pz in Skim_TriLep_TTG_PTG200toInf.root
2026-04-12 21:21:55,194 - INFO - [2022EE] MISSING_CENTRAL: ZFake3Mu/Central/muons/2/pz in Skim_TriLep_DYJets10to50.root
2026-04-12 21:21:55,194 - INFO - [2022EE] MISSING_CENTRAL: ZFake3Mu/Central/muons/2/pz in Skim_TriLep_TTG_PTG10to100.root
2026-04-12 21:21:55,511 - INFO - [2023] MISSING_CENTRAL: ZFake3Mu/Central/muons/2/pz in Skim_TriLep_DYJets10to50.root
2026-04-12 21:21:55,512 - INFO - [2023] MISSING_CENTRAL: ZFake3Mu/Central/muons/2/pz in Skim_TriLep_TTG_PTG10to100.root
2026-04-12 21:21:55,512 - INFO - [2023] MISSING_CENTRAL: ZFake3Mu/Central/muons/2/pz in Skim_TriLep_TTG_PTG100to200.root
2026-04-12 21:21:55,513 - INFO - [2023] MISSING_CENTRAL: ZFake3Mu/Central/muons/2/pz in Skim_TriLep_TTG_PTG200toInf.root
2026-04-12 21:21:55,806 - INFO - [2023BPix] MISSING_CENTRAL: ZFake3Mu/Central/muons/2/pz in Skim_TriLep_DYJets10to50.root
2026-04-12 21:21:55,823 - INFO - [2023BPix] MISSING_CENTRAL: ZFake3Mu/Central/muons/2/pz in Skim_TriLep_TTG_PTG100to200.root
2026-04-12 21:21:55,824 - INFO - [2023BPix] MISSING_CENTRAL: ZFake3Mu/Central/muons/2/pz in Skim_TriLep_TTG_PTG200toInf.root
2026-04-13 12:59:44,318 - INFO - [2022] MISSING_CENTRAL: ZFake3Mu/Central/muons/2/pz in Skim_TriLep_DYJets10to50.root
2026-04-13 12:59:44,319 - INFO - [2022] MISSING_CENTRAL: ZFake3Mu/Central/muons/2/pz in Skim_TriLep_TTG_PTG10to100.root
2026-04-13 12:59:44,319 - INFO - [2022] MISSING_CENTRAL: ZFake3Mu/Central/muons/2/pz in Skim_TriLep_TTG_PTG100to200.root
2026-04-13 12:59:44,320 - INFO - [2022] MISSING_CENTRAL: ZFake3Mu/Central/muons/2/pz in Skim_TriLep_TTG_PTG200toInf.root
2026-04-13 12:59:44,653 - INFO - [2022EE] MISSING_CENTRAL: ZFake3Mu/Central/muons/2/pz in Skim_TriLep_DYJets10to50.root
2026-04-13 12:59:44,654 - INFO - [2022EE] MISSING_CENTRAL: ZFake3Mu/Central/muons/2/pz in Skim_TriLep_TTG_PTG10to100.root
2026-04-13 12:59:45,043 - INFO - [2023] MISSING_CENTRAL: ZFake3Mu/Central/muons/2/pz in Skim_TriLep_DYJets10to50.root
2026-04-13 12:59:45,044 - INFO - [2023] MISSING_CENTRAL: ZFake3Mu/Central/muons/2/pz in Skim_TriLep_TTG_PTG10to100.root
2026-04-13 12:59:45,044 - INFO - [2023] MISSING_CENTRAL: ZFake3Mu/Central/muons/2/pz in Skim_TriLep_TTG_PTG100to200.root
2026-04-13 12:59:45,045 - INFO - [2023] MISSING_CENTRAL: ZFake3Mu/Central/muons/2/pz in Skim_TriLep_TTG_PTG200toInf.root
2026-04-13 12:59:45,386 - INFO - [2023BPix] MISSING_CENTRAL: ZFake3Mu/Central/muons/2/pz in Skim_TriLep_DYJets10to50.root
2026-04-13 12:59:45,405 - INFO - [2023BPix] MISSING_CENTRAL: ZFake3Mu/Central/muons/2/pz in Skim_TriLep_TTG_PTG100to200.root
2026-04-13 12:59:45,407 - INFO - [2023BPix] MISSING_CENTRAL: ZFake3Mu/Central/muons/2/pz in Skim_TriLep_TTG_PTG200toInf.root
2026-04-16 17:42:15,941 - INFO - [2022] MISSING_CENTRAL: ZFake3Mu/Central/muons/2/pz in Skim_TriLep_DYJets10to50.root
2026-04-16 17:42:15,941 - INFO - [2022] MISSING_CENTRAL: ZFake3Mu/Central/muons/2/pz in Skim_TriLep_TTG_PTG10to100.root
2026-04-16 17:42:15,942 - INFO - [2022] MISSING_CENTRAL: ZFake3Mu/Central/muons/2/pz in Skim_TriLep_TTG_PTG100to200.root
2026-04-16 17:42:15,942 - INFO - [2022] MISSING_CENTRAL: ZFake3Mu/Central/muons/2/pz in Skim_TriLep_TTG_PTG200toInf.root
2026-04-16 17:42:16,337 - INFO - [2022EE] MISSING_CENTRAL: ZFake3Mu/Central/muons/2/pz in Skim_TriLep_DYJets10to50.root
2026-04-16 17:42:16,337 - INFO - [2022EE] MISSING_CENTRAL: ZFake3Mu/Central/muons/2/pz in Skim_TriLep_TTG_PTG10to100.root
2026-04-16 17:42:16,760 - INFO - [2023] MISSING_CENTRAL: ZFake3Mu/Central/muons/2/pz in Skim_TriLep_DYJets10to50.root
2026-04-16 17:42:16,760 - INFO - [2023] MISSING_CENTRAL: ZFake3Mu/Central/muons/2/pz in Skim_TriLep_TTG_PTG10to100.root
2026-04-16 17:42:16,761 - INFO - [2023] MISSING_CENTRAL: ZFake3Mu/Central/muons/2/pz in Skim_TriLep_TTG_PTG100to200.root
2026-04-16 17:42:16,761 - INFO - [2023] MISSING_CENTRAL: ZFake3Mu/Central/muons/2/pz in Skim_TriLep_TTG_PTG200toInf.root
2026-04-16 17:42:17,076 - INFO - [2023BPix] MISSING_CENTRAL: ZFake3Mu/Central/muons/2/pz in Skim_TriLep_DYJets10to50.root
2026-04-16 17:42:17,095 - INFO - [2023BPix] MISSING_CENTRAL: ZFake3Mu/Central/muons/2/pz in Skim_TriLep_TTG_PTG100to200.root
2026-04-16 17:42:17,096 - INFO - [2023BPix] MISSING_CENTRAL: ZFake3Mu/Central/muons/2/pz in Skim_TriLep_TTG_PTG200toInf.root
2026-04-28 15:21:01,023 - INFO - [2022] MISSING_CENTRAL: ZFake3Mu/Central/muons/2/pz in Skim_TriLep_DYJets10to50.root
2026-04-28 15:21:01,024 - INFO - [2022] MISSING_CENTRAL: ZFake3Mu/Central/muons/2/pz in Skim_TriLep_TTG_PTG10to100.root
2026-04-28 15:21:01,024 - INFO - [2022] MISSING_CENTRAL: ZFake3Mu/Central/muons/2/pz in Skim_TriLep_TTG_PTG100to200.root
2026-04-28 15:21:01,024 - INFO - [2022] MISSING_CENTRAL: ZFake3Mu/Central/muons/2/pz in Skim_TriLep_TTG_PTG200toInf.root
2026-04-28 15:21:01,408 - INFO - [2022EE] MISSING_CENTRAL: ZFake3Mu/Central/muons/2/pz in Skim_TriLep_DYJets10to50.root
2026-04-28 15:21:01,409 - INFO - [2022EE] MISSING_CENTRAL: ZFake3Mu/Central/muons/2/pz in Skim_TriLep_TTG_PTG10to100.root
2026-04-28 15:21:01,913 - INFO - [2023] MISSING_CENTRAL: ZFake3Mu/Central/muons/2/pz in Skim_TriLep_DYJets10to50.root
2026-04-28 15:21:01,914 - INFO - [2023] MISSING_CENTRAL: ZFake3Mu/Central/muons/2/pz in Skim_TriLep_TTG_PTG10to100.root
2026-04-28 15:21:01,914 - INFO - [2023] MISSING_CENTRAL: ZFake3Mu/Central/muons/2/pz in Skim_TriLep_TTG_PTG100to200.root
2026-04-28 15:21:01,915 - INFO - [2023] MISSING_CENTRAL: ZFake3Mu/Central/muons/2/pz in Skim_TriLep_TTG_PTG200toInf.root
2026-04-28 15:21:02,360 - INFO - [2023BPix] MISSING_CENTRAL: ZFake3Mu/Central/muons/2/pz in Skim_TriLep_DYJets10to50.root
2026-04-28 15:21:02,381 - INFO - [2023BPix] MISSING_CENTRAL: ZFake3Mu/Central/muons/2/pz in Skim_TriLep_TTG_PTG100to200.root
2026-04-28 15:21:02,382 - INFO - [2023BPix] MISSING_CENTRAL: ZFake3Mu/Central/muons/2/pz in Skim_TriLep_TTG_PTG200toInf.root
2026-04-28 20:34:08,410 - INFO - [2022] MISSING_CENTRAL: ZFake3Mu/Central/muons/2/pz in Skim_TriLep_DYJets10to50.root
2026-04-28 20:34:08,411 - INFO - [2022] MISSING_CENTRAL: ZFake3Mu/Central/muons/2/pz in Skim_TriLep_TTG_PTG10to100.root
2026-04-28 20:34:08,411 - INFO - [2022] MISSING_CENTRAL: ZFake3Mu/Central/muons/2/pz in Skim_TriLep_TTG_PTG100to200.root
2026-04-28 20:34:08,412 - INFO - [2022] MISSING_CENTRAL: ZFake3Mu/Central/muons/2/pz in Skim_TriLep_TTG_PTG200toInf.root
2026-04-28 20:34:08,739 - INFO - [2022EE] MISSING_CENTRAL: ZFake3Mu/Central/muons/2/pz in Skim_TriLep_DYJets10to50.root
2026-04-28 20:34:08,739 - INFO - [2022EE] MISSING_CENTRAL: ZFake3Mu/Central/muons/2/pz in Skim_TriLep_TTG_PTG10to100.root
2026-04-28 20:34:09,126 - INFO - [2023] MISSING_CENTRAL: ZFake3Mu/Central/muons/2/pz in Skim_TriLep_DYJets10to50.root
2026-04-28 20:34:09,127 - INFO - [2023] MISSING_CENTRAL: ZFake3Mu/Central/muons/2/pz in Skim_TriLep_TTG_PTG10to100.root
2026-04-28 20:34:09,127 - INFO - [2023] MISSING_CENTRAL: ZFake3Mu/Central/muons/2/pz in Skim_TriLep_TTG_PTG100to200.root
2026-04-28 20:34:09,128 - INFO - [2023] MISSING_CENTRAL: ZFake3Mu/Central/muons/2/pz in Skim_TriLep_TTG_PTG200toInf.root
2026-04-28 20:34:09,469 - INFO - [2023BPix] MISSING_CENTRAL: ZFake3Mu/Central/muons/2/pz in Skim_TriLep_DYJets10to50.root
2026-04-28 20:34:09,490 - INFO - [2023BPix] MISSING_CENTRAL: ZFake3Mu/Central/muons/2/pz in Skim_TriLep_TTG_PTG100to200.root
2026-04-28 20:34:09,491 - INFO - [2023BPix] MISSING_CENTRAL: ZFake3Mu/Central/muons/2/pz in Skim_TriLep_TTG_PTG200toInf.root
2026-05-04 15:40:45,276 - INFO - [2022] MISSING_CENTRAL: ZFake3Mu/Central/muons/2/pz in Skim_TriLep_DYJets10to50.root
2026-05-04 15:40:45,277 - INFO - [2022] MISSING_CENTRAL: ZFake3Mu/Central/muons/2/pz in Skim_TriLep_TTG_PTG10to100.root
2026-05-04 15:40:45,277 - INFO - [2022] MISSING_CENTRAL: ZFake3Mu/Central/muons/2/pz in Skim_TriLep_TTG_PTG100to200.root
2026-05-04 15:40:45,278 - INFO - [2022] MISSING_CENTRAL: ZFake3Mu/Central/muons/2/pz in Skim_TriLep_TTG_PTG200toInf.root
2026-05-04 15:40:45,563 - INFO - [2022EE] MISSING_CENTRAL: ZFake3Mu/Central/muons/2/pz in Skim_TriLep_DYJets10to50.root
2026-05-04 15:40:45,564 - INFO - [2022EE] MISSING_CENTRAL: ZFake3Mu/Central/muons/2/pz in Skim_TriLep_TTG_PTG10to100.root
2026-05-04 15:40:46,043 - INFO - [2023] MISSING_CENTRAL: ZFake3Mu/Central/muons/2/pz in Skim_TriLep_DYJets10to50.root
2026-05-04 15:40:46,043 - INFO - [2023] MISSING_CENTRAL: ZFake3Mu/Central/muons/2/pz in Skim_TriLep_TTG_PTG10to100.root
2026-05-04 15:40:46,044 - INFO - [2023] MISSING_CENTRAL: ZFake3Mu/Central/muons/2/pz in Skim_TriLep_TTG_PTG100to200.root
2026-05-04 15:40:46,044 - INFO - [2023] MISSING_CENTRAL: ZFake3Mu/Central/muons/2/pz in Skim_TriLep_TTG_PTG200toInf.root
2026-05-04 15:40:46,494 - INFO - [2023BPix] MISSING_CENTRAL: ZFake3Mu/Central/muons/2/pz in Skim_TriLep_DYJets10to50.root
2026-05-04 15:40:46,512 - INFO - [2023BPix] MISSING_CENTRAL: ZFake3Mu/Central/muons/2/pz in Skim_TriLep_TTG_PTG100to200.root
2026-05-04 15:40:46,512 - INFO - [2023BPix] MISSING_CENTRAL: ZFake3Mu/Central/muons/2/pz in Skim_TriLep_TTG_PTG200toInf.root
2026-05-04 16:04:47,583 - INFO - [2022] MISSING_CENTRAL: ZFake3Mu/Central/muons/2/pz in Skim_TriLep_DYJets10to50.root
2026-05-04 16:04:47,584 - INFO - [2022] MISSING_CENTRAL: ZFake3Mu/Central/muons/2/pz in Skim_TriLep_TTG_PTG10to100.root
2026-05-04 16:04:47,584 - INFO - [2022] MISSING_CENTRAL: ZFake3Mu/Central/muons/2/pz in Skim_TriLep_TTG_PTG100to200.root
2026-05-04 16:04:47,585 - INFO - [2022] MISSING_CENTRAL: ZFake3Mu/Central/muons/2/pz in Skim_TriLep_TTG_PTG200toInf.root
2026-05-04 16:04:47,921 - INFO - [2022EE] MISSING_CENTRAL: ZFake3Mu/Central/muons/2/pz in Skim_TriLep_DYJets10to50.root
2026-05-04 16:04:47,921 - INFO - [2022EE] MISSING_CENTRAL: ZFake3Mu/Central/muons/2/pz in Skim_TriLep_TTG_PTG10to100.root
2026-05-04 16:04:48,313 - INFO - [2023] MISSING_CENTRAL: ZFake3Mu/Central/muons/2/pz in Skim_TriLep_DYJets10to50.root
2026-05-04 16:04:48,314 - INFO - [2023] MISSING_CENTRAL: ZFake3Mu/Central/muons/2/pz in Skim_TriLep_TTG_PTG10to100.root
2026-05-04 16:04:48,314 - INFO - [2023] MISSING_CENTRAL: ZFake3Mu/Central/muons/2/pz in Skim_TriLep_TTG_PTG100to200.root
2026-05-04 16:04:48,315 - INFO - [2023] MISSING_CENTRAL: ZFake3Mu/Central/muons/2/pz in Skim_TriLep_TTG_PTG200toInf.root
2026-05-04 16:04:48,667 - INFO - [2023BPix] MISSING_CENTRAL: ZFake3Mu/Central/muons/2/pz in Skim_TriLep_DYJets10to50.root
2026-05-04 16:04:48,684 - INFO - [2023BPix] MISSING_CENTRAL: ZFake3Mu/Central/muons/2/pz in Skim_TriLep_TTG_PTG100to200.root
2026-05-04 16:04:48,684 - INFO - [2023BPix] MISSING_CENTRAL: ZFake3Mu/Central/muons/2/pz in Skim_TriLep_TTG_PTG200toInf.root
2026-05-04 17:11:39,432 - INFO - [2022] MISSING_CENTRAL: ZFake3Mu/Central/muons/2/pz in Skim_TriLep_DYJets10to50.root
2026-05-04 17:11:39,432 - INFO - [2022] MISSING_CENTRAL: ZFake3Mu/Central/muons/2/pz in Skim_TriLep_TTG_PTG10to100.root
2026-05-04 17:11:39,433 - INFO - [2022] MISSING_CENTRAL: ZFake3Mu/Central/muons/2/pz in Skim_TriLep_TTG_PTG100to200.root
2026-05-04 17:11:39,433 - INFO - [2022] MISSING_CENTRAL: ZFake3Mu/Central/muons/2/pz in Skim_TriLep_TTG_PTG200toInf.root
2026-05-04 17:11:39,754 - INFO - [2022EE] MISSING_CENTRAL: ZFake3Mu/Central/muons/2/pz in Skim_TriLep_DYJets10to50.root
2026-05-04 17:11:39,755 - INFO - [2022EE] MISSING_CENTRAL: ZFake3Mu/Central/muons/2/pz in Skim_TriLep_TTG_PTG10to100.root
2026-05-04 17:11:40,123 - INFO - [2023] MISSING_CENTRAL: ZFake3Mu/Central/muons/2/pz in Skim_TriLep_DYJets10to50.root
2026-05-04 17:11:40,124 - INFO - [2023] MISSING_CENTRAL: ZFake3Mu/Central/muons/2/pz in Skim_TriLep_TTG_PTG10to100.root
2026-05-04 17:11:40,125 - INFO - [2023] MISSING_CENTRAL: ZFake3Mu/Central/muons/2/pz in Skim_TriLep_TTG_PTG100to200.root
2026-05-04 17:11:40,125 - INFO - [2023] MISSING_CENTRAL: ZFake3Mu/Central/muons/2/pz in Skim_TriLep_TTG_PTG200toInf.root
2026-05-04 17:11:40,468 - INFO - [2023BPix] MISSING_CENTRAL: ZFake3Mu/Central/muons/2/pz in Skim_TriLep_DYJets10to50.root
2026-05-04 17:11:40,490 - INFO - [2023BPix] MISSING_CENTRAL: ZFake3Mu/Central/muons/2/pz in Skim_TriLep_TTG_PTG100to200.root
2026-05-04 17:11:40,491 - INFO - [2023BPix] MISSING_CENTRAL: ZFake3Mu/Central/muons/2/pz in Skim_TriLep_TTG_PTG200toInf.root
2026-05-28 15:48:25,980 - INFO - [2022] MISSING_CENTRAL: ZFake3Mu/Central/muons/2/pz in Skim_TriLep_DYJets10to50.root
2026-05-28 15:48:25,981 - INFO - [2022] MISSING_CENTRAL: ZFake3Mu/Central/muons/2/pz in Skim_TriLep_TTG_PTG10to100.root
2026-05-28 15:48:25,982 - INFO - [2022] MISSING_CENTRAL: ZFake3Mu/Central/muons/2/pz in Skim_TriLep_TTG_PTG100to200.root
2026-05-28 15:48:25,983 - INFO - [2022] MISSING_CENTRAL: ZFake3Mu/Central/muons/2/pz in Skim_TriLep_TTG_PTG200toInf.root
2026-05-28 15:48:26,567 - INFO - [2022EE] MISSING_CENTRAL: ZFake3Mu/Central/muons/2/pz in Skim_TriLep_DYJets10to50.root
2026-05-28 15:48:26,570 - INFO - [2022EE] MISSING_CENTRAL: ZFake3Mu/Central/muons/2/pz in Skim_TriLep_TTG_PTG10to100.root
2026-05-28 15:48:27,209 - INFO - [2023] MISSING_CENTRAL: ZFake3Mu/Central/muons/2/pz in Skim_TriLep_DYJets10to50.root
2026-05-28 15:48:27,211 - INFO - [2023] MISSING_CENTRAL: ZFake3Mu/Central/muons/2/pz in Skim_TriLep_TTG_PTG10to100.root
2026-05-28 15:48:27,212 - INFO - [2023] MISSING_CENTRAL: ZFake3Mu/Central/muons/2/pz in Skim_TriLep_TTG_PTG100to200.root
2026-05-28 15:48:27,214 - INFO - [2023] MISSING_CENTRAL: ZFake3Mu/Central/muons/2/pz in Skim_TriLep_TTG_PTG200toInf.root
2026-05-28 15:48:27,737 - INFO - [2023BPix] MISSING_CENTRAL: ZFake3Mu/Central/muons/2/pz in Skim_TriLep_DYJets10to50.root
2026-05-28 15:48:27,774 - INFO - [2023BPix] MISSING_CENTRAL: ZFake3Mu/Central/muons/2/pz in Skim_TriLep_TTG_PTG100to200.root
2026-05-28 15:48:27,775 - INFO - [2023BPix] MISSING_CENTRAL: ZFake3Mu/Central/muons/2/pz in Skim_TriLep_TTG_PTG200toInf.root
