2026-06-29 16:42:19,195 - INFO - [2017] MISSING_CENTRAL: WZ1E2Mu/Central/jets/3/eta in Skim_TriLep_DYJets.root
2026-06-29 16:42:19,196 - INFO - [2017] MISSING_CENTRAL: WZ1E2Mu/Central/jets/3/eta in Skim_TriLep_DYJets10to50.root
2026-06-29 16:42:19,220 - INFO - [2017] MISSING_CENTRAL: WZ1E2Mu/Central/jets/3/eta in Skim_TriLep_TTG.root
2026-06-29 16:42:25,472 - INFO - [2017] MISSING_CENTRAL: WZ1E2Mu/Central/jets/3/eta in Skim_TriLep_DYJets.root
2026-06-29 16:42:25,473 - INFO - [2017] MISSING_CENTRAL: WZ1E2Mu/Central/jets/3/eta in Skim_TriLep_DYJets10to50.root
2026-06-29 16:42:25,474 - INFO - [2017] MISSING_CENTRAL: WZ1E2Mu/Central/jets/3/eta in Skim_TriLep_TTG.root
2026-06-29 16:42:25,485 - INFO - [2017] MISSING_FILE: /data9/Users/choij/Sync/workspace/ChargedHiggsAnalysisV3/SKNanoOutput/PromptAnalyzer/Run1E2Mu_RunNoWZSF_RunSyst_RunCR_NoTreeMode/2017/Skim_TriLep_WZTo3LNu_amcatnlo.root
2026-07-01 05:31:14,450 - INFO - [2017] MISSING_CENTRAL: WZ1E2Mu/Central/jets/3/eta in Skim_TriLep_DYJets.root
2026-07-01 05:31:14,451 - INFO - [2017] MISSING_CENTRAL: WZ1E2Mu/Central/jets/3/eta in Skim_TriLep_DYJets10to50.root
2026-07-01 05:31:14,452 - INFO - [2017] MISSING_CENTRAL: WZ1E2Mu/Central/jets/3/eta in Skim_TriLep_TTG.root
2026-07-01 05:57:57,506 - INFO - [2017] MISSING_FILE: /data9/Users/choij/Sync/workspace/ChargedHiggsAnalysisV3/SKNanoOutput/PromptAnalyzer/Run1E2Mu_RunCR_NoTreeMode/2017/Skim_TriLep_MuonEG_B.root
2026-07-01 05:57:57,506 - INFO - [2017] MISSING_FILE: /data9/Users/choij/Sync/workspace/ChargedHiggsAnalysisV3/SKNanoOutput/PromptAnalyzer/Run1E2Mu_RunCR_NoTreeMode/2017/Skim_TriLep_MuonEG_C.root
2026-07-01 05:57:57,515 - INFO - [2017] MISSING_FILE: /data9/Users/choij/Sync/workspace/ChargedHiggsAnalysisV3/SKNanoOutput/PromptAnalyzer/Run1E2Mu_RunCR_NoTreeMode/2017/Skim_TriLep_MuonEG_D.root
2026-07-01 05:57:57,515 - INFO - [2017] MISSING_FILE: /data9/Users/choij/Sync/workspace/ChargedHiggsAnalysisV3/SKNanoOutput/PromptAnalyzer/Run1E2Mu_RunCR_NoTreeMode/2017/Skim_TriLep_MuonEG_E.root
2026-07-01 05:57:57,515 - INFO - [2017] MISSING_FILE: /data9/Users/choij/Sync/workspace/ChargedHiggsAnalysisV3/SKNanoOutput/PromptAnalyzer/Run1E2Mu_RunCR_NoTreeMode/2017/Skim_TriLep_MuonEG_F.root
2026-07-01 15:24:20,090 - INFO - [2017] MISSING_CENTRAL: WZ1E2Mu/Central/jets/3/eta in Skim_TriLep_DYJets.root
2026-07-01 15:24:20,091 - INFO - [2017] MISSING_CENTRAL: WZ1E2Mu/Central/jets/3/eta in Skim_TriLep_DYJets10to50.root
2026-07-01 15:24:20,093 - INFO - [2017] MISSING_CENTRAL: WZ1E2Mu/Central/jets/3/eta in Skim_TriLep_TTG.root
2026-07-22 10:24:36,841 - INFO - [2017] MISSING_CENTRAL: WZ1E2Mu/Central/jets/3/eta in Skim_TriLep_DYJets.root
2026-07-22 10:24:36,841 - INFO - [2017] MISSING_CENTRAL: WZ1E2Mu/Central/jets/3/eta in Skim_TriLep_DYJets10to50.root
2026-07-22 10:24:36,886 - INFO - [2017] MISSING_CENTRAL: WZ1E2Mu/Central/jets/3/eta in Skim_TriLep_TTG.root
2026-08-19 12:37:29,733 - INFO - [2017] MISSING_CENTRAL: WZ1E2Mu/Central/jets/3/eta in Skim_TriLep_DYJets.root
2026-08-19 12:37:29,733 - INFO - [2017] MISSING_CENTRAL: WZ1E2Mu/Central/jets/3/eta in Skim_TriLep_DYJets10to50.root
2026-08-19 12:37:29,735 - INFO - [2017] MISSING_CENTRAL: WZ1E2Mu/Central/jets/3/eta in Skim_TriLep_TTG.root
