2025-09-24 15:59:25,534 - INFO - [2022EE] MISSING_SYSTEMATIC: SR1E2Mu/JetEn_Down/electrons/1/energy in Skim_TriLep_DYJets.root
2025-09-24 15:59:25,748 - INFO - [2022EE] MISSING_CENTRAL: SR1E2Mu/Central/electrons/1/energy in Skim_TriLep_DYJets10to50.root
2025-10-02 21:19:10,011 - INFO - [2022EE] MISSING_SYSTEMATIC: SR1E2Mu/JetEn_Down/electrons/1/energy in Skim_TriLep_DYJets.root
2025-10-02 21:19:10,030 - INFO - [2022EE] MISSING_CENTRAL: SR1E2Mu/Central/electrons/1/energy in Skim_TriLep_DYJets10to50.root
2025-10-03 00:27:24,574 - INFO - [2022EE] MISSING_SYSTEMATIC: SR1E2Mu/JetEn_Down/electrons/1/energy in Skim_TriLep_DYJets.root
2025-10-03 00:27:24,594 - INFO - [2022EE] MISSING_CENTRAL: SR1E2Mu/Central/electrons/1/energy in Skim_TriLep_DYJets10to50.root
2025-11-07 13:11:02,054 - INFO - [2022EE] MISSING_FILE: /home/choij/Sync/workspace/ChargedHiggsAnalysisV3/SKNanoOutput/PromptSelector/Run1E2Mu/2022EE/Skim_TriLep_MuonEG_E.root
2025-11-07 13:11:02,055 - INFO - [2022EE] MISSING_FILE: /home/choij/Sync/workspace/ChargedHiggsAnalysisV3/SKNanoOutput/PromptSelector/Run1E2Mu/2022EE/Skim_TriLep_MuonEG_F.root
2025-11-07 13:11:02,055 - INFO - [2022EE] MISSING_FILE: /home/choij/Sync/workspace/ChargedHiggsAnalysisV3/SKNanoOutput/PromptSelector/Run1E2Mu/2022EE/Skim_TriLep_MuonEG_G.root
2025-11-07 14:08:39,638 - INFO - [2022EE] MISSING_FILE: /home/choij/Sync/workspace/ChargedHiggsAnalysisV3/SKNanoOutput/PromptSelector/Run1E2Mu/2022EE/Skim_TriLep_MuonEG_E.root
2025-11-07 14:08:39,646 - INFO - [2022EE] MISSING_FILE: /home/choij/Sync/workspace/ChargedHiggsAnalysisV3/SKNanoOutput/PromptSelector/Run1E2Mu/2022EE/Skim_TriLep_MuonEG_F.root
2025-11-07 14:08:39,647 - INFO - [2022EE] MISSING_FILE: /home/choij/Sync/workspace/ChargedHiggsAnalysisV3/SKNanoOutput/PromptSelector/Run1E2Mu/2022EE/Skim_TriLep_MuonEG_G.root
2025-11-10 12:24:13,797 - INFO - [2022EE] MISSING_SYSTEMATIC: SR1E2Mu/JetEn_Down/electrons/1/energy in Skim_TriLep_DYJets.root
2025-11-10 12:24:13,810 - INFO - [2022EE] MISSING_CENTRAL: SR1E2Mu/Central/electrons/1/energy in Skim_TriLep_DYJets10to50.root
2025-11-13 11:14:00,684 - INFO - [2022EE] MISSING_SYSTEMATIC: SR1E2Mu/JetEn_Down/electrons/1/energy in Skim_TriLep_DYJets.root
2025-11-13 11:14:00,696 - INFO - [2022EE] MISSING_CENTRAL: SR1E2Mu/Central/electrons/1/energy in Skim_TriLep_DYJets10to50.root
2025-11-19 16:26:41,850 - INFO - [2022EE] MISSING_SYSTEMATIC: SR1E2Mu/JetEn_Down/electrons/1/energy in Skim_TriLep_DYJets.root
2025-11-19 16:26:41,862 - INFO - [2022EE] MISSING_CENTRAL: SR1E2Mu/Central/electrons/1/energy in Skim_TriLep_DYJets10to50.root
2025-12-17 22:41:16,880 - INFO - [2022EE] MISSING_CENTRAL: SR1E2Mu/Central/electrons/1/energy in Skim_TriLep_DYJets10to50.root
2025-12-18 14:26:28,752 - INFO - [2022EE] MISSING_CENTRAL: SR1E2Mu/Central/electrons/1/energy in Skim_TriLep_DYJets10to50.root
2025-12-18 14:41:50,087 - INFO - [2022EE] MISSING_CENTRAL: SR1E2Mu/Central/electrons/1/energy in Skim_TriLep_DYJets10to50.root
2026-01-07 11:51:01,750 - INFO - [2022EE] MISSING_CENTRAL: SR1E2Mu/Central/electrons/1/energy in Skim_TriLep_DYJets10to50.root
2026-01-07 18:47:47,610 - INFO - [2022EE] MISSING_CENTRAL: SR1E2Mu/Central/electrons/1/energy in Skim_TriLep_DYJets10to50.root
2026-01-07 19:29:58,126 - INFO - [2022EE] MISSING_CENTRAL: SR1E2Mu/Central/electrons/1/energy in Skim_TriLep_DYJets10to50.root
2026-01-09 12:22:21,228 - INFO - [2022EE] MISSING_CENTRAL: SR1E2Mu/Central/electrons/1/energy in Skim_TriLep_DYJets10to50.root
2026-01-11 09:42:24,060 - INFO - [2022EE] MISSING_CENTRAL: SR1E2Mu/Central/electrons/1/energy in Skim_TriLep_DYJets10to50.root
2026-01-12 13:51:07,749 - INFO - [2022EE] MISSING_FILE: /home/choij/Sync/workspace/ChargedHiggsAnalysisV3/SKNanoOutput/MatrixSelector/Run1E2Mu/2022EE/Skim_TriLep_MuonEG_E.root
2026-01-12 13:51:07,750 - INFO - [2022EE] MISSING_FILE: /home/choij/Sync/workspace/ChargedHiggsAnalysisV3/SKNanoOutput/MatrixSelector/Run1E2Mu/2022EE/Skim_TriLep_MuonEG_F.root
2026-01-12 13:51:07,750 - INFO - [2022EE] MISSING_FILE: /home/choij/Sync/workspace/ChargedHiggsAnalysisV3/SKNanoOutput/MatrixSelector/Run1E2Mu/2022EE/Skim_TriLep_MuonEG_G.root
2026-01-12 13:51:07,780 - INFO - [2022EE] MISSING_CENTRAL: SR1E2Mu/Central/electrons/1/energy in Skim_TriLep_DYJets10to50.root
2026-01-16 19:06:03,219 - INFO - [2022EE] MISSING_CENTRAL: SR1E2Mu/Central/electrons/1/energy in Skim_TriLep_DYJets10to50.root
2026-01-28 17:04:06,746 - INFO - [2022EE] MISSING_CENTRAL: SR1E2Mu/Central/electrons/1/energy in Skim_TriLep_DYJets10to50.root
2026-01-28 17:24:48,258 - INFO - [2022EE] MISSING_CENTRAL: SR1E2Mu/Central/electrons/1/energy in Skim_TriLep_DYJets10to50.root
2026-01-28 19:58:20,630 - INFO - [2022EE] MISSING_CENTRAL: SR1E2Mu/Central/electrons/1/energy in Skim_TriLep_DYJets10to50.root
2026-01-29 07:15:19,087 - INFO - [2022EE] MISSING_CENTRAL: SR1E2Mu/Central/electrons/1/energy in Skim_TriLep_DYJets10to50.root
2026-03-06 09:42:10,527 - INFO - [2022EE] MISSING_CENTRAL: SR1E2Mu/Central/electrons/1/energy in Skim_TriLep_DYJets10to50.root
2026-03-06 19:47:57,168 - INFO - [2022EE] MISSING_CENTRAL: SR1E2Mu/Central/electrons/1/energy in Skim_TriLep_DYJets10to50.root
2026-04-10 20:22:54,343 - INFO - [2022EE] MISSING_CENTRAL: SR1E2Mu/Central/electrons/1/energy in Skim_TriLep_DYJets10to50.root
2026-04-12 11:38:09,922 - INFO - [2022EE] MISSING_CENTRAL: SR1E2Mu/Central/electrons/1/energy in Skim_TriLep_DYJets10to50.root
2026-04-12 12:20:02,524 - INFO - [2022EE] MISSING_CENTRAL: SR1E2Mu/Central/electrons/1/energy in Skim_TriLep_DYJets10to50.root
2026-04-12 12:39:41,605 - INFO - [2022EE] MISSING_CENTRAL: SR1E2Mu/Central/electrons/1/energy in Skim_TriLep_DYJets10to50.root
2026-04-12 20:47:49,292 - INFO - [2022EE] MISSING_CENTRAL: SR1E2Mu/Central/electrons/1/energy in Skim_TriLep_DYJets10to50.root
2026-04-12 21:19:22,791 - INFO - [2022EE] MISSING_CENTRAL: SR1E2Mu/Central/electrons/1/energy in Skim_TriLep_DYJets10to50.root
2026-04-13 12:57:06,474 - INFO - [2022EE] MISSING_CENTRAL: SR1E2Mu/Central/electrons/1/energy in Skim_TriLep_DYJets10to50.root
2026-04-16 17:30:58,145 - INFO - [2022EE] MISSING_CENTRAL: SR1E2Mu/Central/electrons/1/energy in Skim_TriLep_DYJets10to50.root
2026-04-16 17:39:38,659 - INFO - [2022EE] MISSING_CENTRAL: SR1E2Mu/Central/electrons/1/energy in Skim_TriLep_DYJets10to50.root
2026-04-28 15:11:37,446 - INFO - [2022EE] MISSING_CENTRAL: SR1E2Mu/Central/electrons/1/energy in Skim_TriLep_DYJets10to50.root
2026-05-04 17:00:57,178 - INFO - [2022EE] MISSING_CENTRAL: SR1E2Mu/Central/electrons/1/energy in Skim_TriLep_DYJets10to50.root
2026-05-04 17:09:09,053 - INFO - [2022EE] MISSING_CENTRAL: SR1E2Mu/Central/electrons/1/energy in Skim_TriLep_DYJets10to50.root
2026-05-28 15:37:38,973 - INFO - [2022EE] MISSING_CENTRAL: SR1E2Mu/Central/electrons/1/energy in Skim_TriLep_DYJets10to50.root
2026-05-28 15:45:55,763 - INFO - [2022EE] MISSING_CENTRAL: SR1E2Mu/Central/electrons/1/energy in Skim_TriLep_DYJets10to50.root
2026-05-29 15:28:37,883 - INFO - [2022EE] MISSING_CENTRAL: SR1E2Mu/Central/electrons/1/energy in Skim_TriLep_DYJets10to50.root
2026-05-29 15:36:53,646 - INFO - [2022EE] MISSING_CENTRAL: SR1E2Mu/Central/electrons/1/energy in Skim_TriLep_DYJets10to50.root
2026-05-29 18:19:51,294 - INFO - [2022EE] MISSING_CENTRAL: SR1E2Mu/Central/electrons/1/energy in Skim_TriLep_DYJets10to50.root
2026-05-29 18:28:12,035 - INFO - [2022EE] MISSING_CENTRAL: SR1E2Mu/Central/electrons/1/energy in Skim_TriLep_DYJets10to50.root
2026-06-12 14:07:18,989 - INFO - [2022EE] MISSING_CENTRAL: SR1E2Mu/Central/electrons/1/energy in Skim_TriLep_DYJets10to50.root
2026-06-12 14:29:52,358 - INFO - [2022EE] MISSING_CENTRAL: SR1E2Mu/Central/electrons/1/energy in Skim_TriLep_DYJets10to50.root
2026-06-18 00:24:22,179 - INFO - [2022EE] MISSING_CENTRAL: SR1E2Mu/Central/electrons/1/energy in Skim_TriLep_DYJets10to50.root
2026-07-01 17:38:40,295 - INFO - [2022EE] MISSING_CENTRAL: SR1E2Mu/Central/electrons/1/energy in Skim_TriLep_DYJets10to50.root
2026-07-21 19:35:01,258 - INFO - [2022EE] MISSING_CENTRAL: SR1E2Mu/Central/electrons/1/energy in Skim_TriLep_DYJets10to50.root
