2025-12-18 14:49:36,023 - INFO - [2022] MISSING_CENTRAL: TTZ2E1Mu/Central/electrons/1/pt in Skim_TriLep_DYJets.root
2025-12-18 14:49:36,028 - INFO - [2022] MISSING_CENTRAL: TTZ2E1Mu/Central/electrons/1/pt in Skim_TriLep_DYJets10to50.root
2025-12-18 14:49:36,599 - INFO - [2022EE] MISSING_CENTRAL: TTZ2E1Mu/Central/electrons/1/pt in Skim_TriLep_DYJets.root
2025-12-18 14:49:36,600 - INFO - [2022EE] MISSING_CENTRAL: TTZ2E1Mu/Central/electrons/1/pt in Skim_TriLep_DYJets10to50.root
2025-12-18 14:49:36,842 - INFO - [2022EE] MISSING_CENTRAL: TTZ2E1Mu/Central/electrons/1/pt in Skim_TriLep_WWW.root
2025-12-18 14:49:36,968 - INFO - [2023] MISSING_CENTRAL: TTZ2E1Mu/Central/electrons/1/pt in Skim_TriLep_DYJets.root
2025-12-18 14:49:36,969 - INFO - [2023] MISSING_CENTRAL: TTZ2E1Mu/Central/electrons/1/pt in Skim_TriLep_DYJets10to50.root
2025-12-18 14:49:37,214 - INFO - [2023] MISSING_CENTRAL: TTZ2E1Mu/Central/electrons/1/pt in Skim_TriLep_WWW.root
2025-12-18 14:49:37,378 - INFO - [2023BPix] MISSING_CENTRAL: TTZ2E1Mu/Central/electrons/1/pt in Skim_TriLep_DYJets10to50.root
2025-12-18 21:35:49,152 - INFO - [2022] MISSING_CENTRAL: TTZ2E1Mu/Central/electrons/1/pt in Skim_TriLep_DYJets.root
2025-12-18 21:35:49,153 - INFO - [2022] MISSING_CENTRAL: TTZ2E1Mu/Central/electrons/1/pt in Skim_TriLep_DYJets10to50.root
2025-12-18 21:35:49,514 - INFO - [2022EE] MISSING_CENTRAL: TTZ2E1Mu/Central/electrons/1/pt in Skim_TriLep_DYJets.root
2025-12-18 21:35:49,515 - INFO - [2022EE] MISSING_CENTRAL: TTZ2E1Mu/Central/electrons/1/pt in Skim_TriLep_DYJets10to50.root
2025-12-18 21:35:49,740 - INFO - [2022EE] MISSING_CENTRAL: TTZ2E1Mu/Central/electrons/1/pt in Skim_TriLep_WWW.root
2025-12-18 21:35:49,870 - INFO - [2023] MISSING_CENTRAL: TTZ2E1Mu/Central/electrons/1/pt in Skim_TriLep_DYJets.root
2025-12-18 21:35:49,871 - INFO - [2023] MISSING_CENTRAL: TTZ2E1Mu/Central/electrons/1/pt in Skim_TriLep_DYJets10to50.root
2025-12-18 21:35:50,099 - INFO - [2023] MISSING_CENTRAL: TTZ2E1Mu/Central/electrons/1/pt in Skim_TriLep_WWW.root
2025-12-18 21:35:50,250 - INFO - [2023BPix] MISSING_CENTRAL: TTZ2E1Mu/Central/electrons/1/pt in Skim_TriLep_DYJets10to50.root
2025-12-18 23:44:55,118 - INFO - [2022] MISSING_CENTRAL: TTZ2E1Mu/Central/electrons/1/pt in Skim_TriLep_DYJets.root
2025-12-18 23:44:55,119 - INFO - [2022] MISSING_CENTRAL: TTZ2E1Mu/Central/electrons/1/pt in Skim_TriLep_DYJets10to50.root
2025-12-18 23:44:55,333 - INFO - [2022EE] MISSING_CENTRAL: TTZ2E1Mu/Central/electrons/1/pt in Skim_TriLep_DYJets.root
2025-12-18 23:44:55,334 - INFO - [2022EE] MISSING_CENTRAL: TTZ2E1Mu/Central/electrons/1/pt in Skim_TriLep_DYJets10to50.root
2025-12-18 23:44:55,468 - INFO - [2022EE] MISSING_CENTRAL: TTZ2E1Mu/Central/electrons/1/pt in Skim_TriLep_WWW.root
2025-12-18 23:44:55,545 - INFO - [2023] MISSING_CENTRAL: TTZ2E1Mu/Central/electrons/1/pt in Skim_TriLep_DYJets.root
2025-12-18 23:44:55,546 - INFO - [2023] MISSING_CENTRAL: TTZ2E1Mu/Central/electrons/1/pt in Skim_TriLep_DYJets10to50.root
2025-12-18 23:44:55,689 - INFO - [2023] MISSING_CENTRAL: TTZ2E1Mu/Central/electrons/1/pt in Skim_TriLep_WWW.root
2025-12-18 23:44:55,780 - INFO - [2023BPix] MISSING_CENTRAL: TTZ2E1Mu/Central/electrons/1/pt in Skim_TriLep_DYJets10to50.root
2026-01-07 11:24:58,063 - INFO - [2022] MISSING_CENTRAL: TTZ2E1Mu/Central/electrons/1/pt in Skim_TriLep_DYJets.root
2026-01-07 11:24:58,064 - INFO - [2022] MISSING_CENTRAL: TTZ2E1Mu/Central/electrons/1/pt in Skim_TriLep_DYJets10to50.root
2026-01-07 11:24:58,530 - INFO - [2022EE] MISSING_CENTRAL: TTZ2E1Mu/Central/electrons/1/pt in Skim_TriLep_DYJets.root
2026-01-07 11:24:58,532 - INFO - [2022EE] MISSING_CENTRAL: TTZ2E1Mu/Central/electrons/1/pt in Skim_TriLep_DYJets10to50.root
2026-01-07 11:24:58,788 - INFO - [2022EE] MISSING_CENTRAL: TTZ2E1Mu/Central/electrons/1/pt in Skim_TriLep_WWW.root
2026-01-07 11:24:58,930 - INFO - [2023] MISSING_CENTRAL: TTZ2E1Mu/Central/electrons/1/pt in Skim_TriLep_DYJets.root
2026-01-07 11:24:58,931 - INFO - [2023] MISSING_CENTRAL: TTZ2E1Mu/Central/electrons/1/pt in Skim_TriLep_DYJets10to50.root
2026-01-07 11:24:59,209 - INFO - [2023] MISSING_CENTRAL: TTZ2E1Mu/Central/electrons/1/pt in Skim_TriLep_WWW.root
2026-01-07 11:24:59,360 - INFO - [2023BPix] MISSING_CENTRAL: TTZ2E1Mu/Central/electrons/1/pt in Skim_TriLep_DYJets10to50.root
2026-01-07 11:57:48,264 - INFO - [2022] MISSING_CENTRAL: TTZ2E1Mu/Central/electrons/1/pt in Skim_TriLep_DYJets.root
2026-01-07 11:57:48,265 - INFO - [2022] MISSING_CENTRAL: TTZ2E1Mu/Central/electrons/1/pt in Skim_TriLep_DYJets10to50.root
2026-01-07 11:57:48,713 - INFO - [2022EE] MISSING_CENTRAL: TTZ2E1Mu/Central/electrons/1/pt in Skim_TriLep_DYJets.root
2026-01-07 11:57:48,714 - INFO - [2022EE] MISSING_CENTRAL: TTZ2E1Mu/Central/electrons/1/pt in Skim_TriLep_DYJets10to50.root
2026-01-07 11:57:48,958 - INFO - [2022EE] MISSING_CENTRAL: TTZ2E1Mu/Central/electrons/1/pt in Skim_TriLep_WWW.root
2026-01-07 11:57:49,096 - INFO - [2023] MISSING_CENTRAL: TTZ2E1Mu/Central/electrons/1/pt in Skim_TriLep_DYJets.root
2026-01-07 11:57:49,098 - INFO - [2023] MISSING_CENTRAL: TTZ2E1Mu/Central/electrons/1/pt in Skim_TriLep_DYJets10to50.root
2026-01-07 11:57:49,344 - INFO - [2023] MISSING_CENTRAL: TTZ2E1Mu/Central/electrons/1/pt in Skim_TriLep_WWW.root
2026-01-07 11:57:49,511 - INFO - [2023BPix] MISSING_CENTRAL: TTZ2E1Mu/Central/electrons/1/pt in Skim_TriLep_DYJets10to50.root
2026-01-07 18:54:26,295 - INFO - [2022] MISSING_CENTRAL: TTZ2E1Mu/Central/electrons/1/pt in Skim_TriLep_DYJets.root
2026-01-07 18:54:26,296 - INFO - [2022] MISSING_CENTRAL: TTZ2E1Mu/Central/electrons/1/pt in Skim_TriLep_DYJets10to50.root
2026-01-07 18:54:26,668 - INFO - [2022EE] MISSING_CENTRAL: TTZ2E1Mu/Central/electrons/1/pt in Skim_TriLep_DYJets.root
2026-01-07 18:54:26,669 - INFO - [2022EE] MISSING_CENTRAL: TTZ2E1Mu/Central/electrons/1/pt in Skim_TriLep_DYJets10to50.root
2026-01-07 18:54:26,891 - INFO - [2022EE] MISSING_CENTRAL: TTZ2E1Mu/Central/electrons/1/pt in Skim_TriLep_WWW.root
2026-01-07 18:54:27,018 - INFO - [2023] MISSING_CENTRAL: TTZ2E1Mu/Central/electrons/1/pt in Skim_TriLep_DYJets.root
2026-01-07 18:54:27,019 - INFO - [2023] MISSING_CENTRAL: TTZ2E1Mu/Central/electrons/1/pt in Skim_TriLep_DYJets10to50.root
2026-01-07 18:54:27,243 - INFO - [2023] MISSING_CENTRAL: TTZ2E1Mu/Central/electrons/1/pt in Skim_TriLep_WWW.root
2026-01-07 18:54:27,392 - INFO - [2023BPix] MISSING_CENTRAL: TTZ2E1Mu/Central/electrons/1/pt in Skim_TriLep_DYJets10to50.root
2026-01-09 12:29:48,707 - INFO - [2022] MISSING_CENTRAL: TTZ2E1Mu/Central/electrons/1/pt in Skim_TriLep_DYJets.root
2026-01-09 12:29:48,707 - INFO - [2022] MISSING_CENTRAL: TTZ2E1Mu/Central/electrons/1/pt in Skim_TriLep_DYJets10to50.root
2026-01-09 12:29:48,919 - INFO - [2022EE] MISSING_CENTRAL: TTZ2E1Mu/Central/electrons/1/pt in Skim_TriLep_DYJets.root
2026-01-09 12:29:48,920 - INFO - [2022EE] MISSING_CENTRAL: TTZ2E1Mu/Central/electrons/1/pt in Skim_TriLep_DYJets10to50.root
2026-01-09 12:29:49,055 - INFO - [2022EE] MISSING_CENTRAL: TTZ2E1Mu/Central/electrons/1/pt in Skim_TriLep_WWW.root
2026-01-09 12:29:49,135 - INFO - [2023] MISSING_CENTRAL: TTZ2E1Mu/Central/electrons/1/pt in Skim_TriLep_DYJets.root
2026-01-09 12:29:49,136 - INFO - [2023] MISSING_CENTRAL: TTZ2E1Mu/Central/electrons/1/pt in Skim_TriLep_DYJets10to50.root
2026-01-09 12:29:49,277 - INFO - [2023] MISSING_CENTRAL: TTZ2E1Mu/Central/electrons/1/pt in Skim_TriLep_WWW.root
2026-01-09 12:29:49,368 - INFO - [2023BPix] MISSING_CENTRAL: TTZ2E1Mu/Central/electrons/1/pt in Skim_TriLep_DYJets10to50.root
2026-01-11 09:49:48,106 - INFO - [2022] MISSING_CENTRAL: TTZ2E1Mu/Central/electrons/1/pt in Skim_TriLep_DYJets.root
2026-01-11 09:49:48,107 - INFO - [2022] MISSING_CENTRAL: TTZ2E1Mu/Central/electrons/1/pt in Skim_TriLep_DYJets10to50.root
2026-01-11 09:49:48,316 - INFO - [2022EE] MISSING_CENTRAL: TTZ2E1Mu/Central/electrons/1/pt in Skim_TriLep_DYJets.root
2026-01-11 09:49:48,316 - INFO - [2022EE] MISSING_CENTRAL: TTZ2E1Mu/Central/electrons/1/pt in Skim_TriLep_DYJets10to50.root
2026-01-11 09:49:48,449 - INFO - [2022EE] MISSING_CENTRAL: TTZ2E1Mu/Central/electrons/1/pt in Skim_TriLep_WWW.root
2026-01-11 09:49:48,526 - INFO - [2023] MISSING_CENTRAL: TTZ2E1Mu/Central/electrons/1/pt in Skim_TriLep_DYJets.root
2026-01-11 09:49:48,526 - INFO - [2023] MISSING_CENTRAL: TTZ2E1Mu/Central/electrons/1/pt in Skim_TriLep_DYJets10to50.root
2026-01-11 09:49:48,662 - INFO - [2023] MISSING_CENTRAL: TTZ2E1Mu/Central/electrons/1/pt in Skim_TriLep_WWW.root
2026-01-11 09:49:48,752 - INFO - [2023BPix] MISSING_CENTRAL: TTZ2E1Mu/Central/electrons/1/pt in Skim_TriLep_DYJets10to50.root
2026-01-12 13:58:46,245 - INFO - [2022] MISSING_CENTRAL: TTZ2E1Mu/Central/electrons/1/pt in Skim_TriLep_DYJets.root
2026-01-12 13:58:46,246 - INFO - [2022] MISSING_CENTRAL: TTZ2E1Mu/Central/electrons/1/pt in Skim_TriLep_DYJets10to50.root
2026-01-12 13:58:46,467 - INFO - [2022EE] MISSING_CENTRAL: TTZ2E1Mu/Central/electrons/1/pt in Skim_TriLep_DYJets.root
2026-01-12 13:58:46,467 - INFO - [2022EE] MISSING_CENTRAL: TTZ2E1Mu/Central/electrons/1/pt in Skim_TriLep_DYJets10to50.root
2026-01-12 13:58:46,603 - INFO - [2022EE] MISSING_CENTRAL: TTZ2E1Mu/Central/electrons/1/pt in Skim_TriLep_WWW.root
2026-01-12 13:58:46,683 - INFO - [2023] MISSING_CENTRAL: TTZ2E1Mu/Central/electrons/1/pt in Skim_TriLep_DYJets.root
2026-01-12 13:58:46,683 - INFO - [2023] MISSING_CENTRAL: TTZ2E1Mu/Central/electrons/1/pt in Skim_TriLep_DYJets10to50.root
2026-01-12 13:58:46,822 - INFO - [2023] MISSING_CENTRAL: TTZ2E1Mu/Central/electrons/1/pt in Skim_TriLep_WWW.root
2026-01-12 13:58:46,915 - INFO - [2023BPix] MISSING_CENTRAL: TTZ2E1Mu/Central/electrons/1/pt in Skim_TriLep_DYJets10to50.root
2026-01-16 19:13:17,649 - INFO - [2022] MISSING_CENTRAL: TTZ2E1Mu/Central/electrons/1/pt in Skim_TriLep_DYJets.root
2026-01-16 19:13:17,650 - INFO - [2022] MISSING_CENTRAL: TTZ2E1Mu/Central/electrons/1/pt in Skim_TriLep_DYJets10to50.root
2026-01-16 19:13:17,864 - INFO - [2022EE] MISSING_CENTRAL: TTZ2E1Mu/Central/electrons/1/pt in Skim_TriLep_DYJets.root
2026-01-16 19:13:17,864 - INFO - [2022EE] MISSING_CENTRAL: TTZ2E1Mu/Central/electrons/1/pt in Skim_TriLep_DYJets10to50.root
2026-01-16 19:13:18,000 - INFO - [2022EE] MISSING_CENTRAL: TTZ2E1Mu/Central/electrons/1/pt in Skim_TriLep_WWW.root
2026-01-16 19:13:18,076 - INFO - [2023] MISSING_CENTRAL: TTZ2E1Mu/Central/electrons/1/pt in Skim_TriLep_DYJets.root
2026-01-16 19:13:18,077 - INFO - [2023] MISSING_CENTRAL: TTZ2E1Mu/Central/electrons/1/pt in Skim_TriLep_DYJets10to50.root
2026-01-16 19:13:18,231 - INFO - [2023] MISSING_CENTRAL: TTZ2E1Mu/Central/electrons/1/pt in Skim_TriLep_WWW.root
2026-01-16 19:13:18,322 - INFO - [2023BPix] MISSING_CENTRAL: TTZ2E1Mu/Central/electrons/1/pt in Skim_TriLep_DYJets10to50.root
2026-01-28 17:09:54,049 - INFO - [2022] MISSING_CENTRAL: TTZ2E1Mu/Central/electrons/1/pt in Skim_TriLep_DYJets.root
2026-01-28 17:09:54,050 - INFO - [2022] MISSING_CENTRAL: TTZ2E1Mu/Central/electrons/1/pt in Skim_TriLep_DYJets10to50.root
2026-01-28 17:09:54,376 - INFO - [2022EE] MISSING_CENTRAL: TTZ2E1Mu/Central/electrons/1/pt in Skim_TriLep_DYJets.root
2026-01-28 17:09:54,376 - INFO - [2022EE] MISSING_CENTRAL: TTZ2E1Mu/Central/electrons/1/pt in Skim_TriLep_DYJets10to50.root
2026-01-28 17:09:54,573 - INFO - [2022EE] MISSING_CENTRAL: TTZ2E1Mu/Central/electrons/1/pt in Skim_TriLep_WWW.root
2026-01-28 17:09:54,683 - INFO - [2023] MISSING_CENTRAL: TTZ2E1Mu/Central/electrons/1/pt in Skim_TriLep_DYJets.root
2026-01-28 17:09:54,684 - INFO - [2023] MISSING_CENTRAL: TTZ2E1Mu/Central/electrons/1/pt in Skim_TriLep_DYJets10to50.root
2026-01-28 17:09:54,883 - INFO - [2023] MISSING_CENTRAL: TTZ2E1Mu/Central/electrons/1/pt in Skim_TriLep_WWW.root
2026-01-28 17:09:55,015 - INFO - [2023BPix] MISSING_CENTRAL: TTZ2E1Mu/Central/electrons/1/pt in Skim_TriLep_DYJets10to50.root
2026-01-28 17:30:22,958 - INFO - [2022] MISSING_CENTRAL: TTZ2E1Mu/Central/electrons/1/pt in Skim_TriLep_DYJets.root
2026-01-28 17:30:22,959 - INFO - [2022] MISSING_CENTRAL: TTZ2E1Mu/Central/electrons/1/pt in Skim_TriLep_DYJets10to50.root
2026-01-28 17:30:23,279 - INFO - [2022EE] MISSING_CENTRAL: TTZ2E1Mu/Central/electrons/1/pt in Skim_TriLep_DYJets.root
2026-01-28 17:30:23,280 - INFO - [2022EE] MISSING_CENTRAL: TTZ2E1Mu/Central/electrons/1/pt in Skim_TriLep_DYJets10to50.root
2026-01-28 17:30:23,477 - INFO - [2022EE] MISSING_CENTRAL: TTZ2E1Mu/Central/electrons/1/pt in Skim_TriLep_WWW.root
2026-01-28 17:30:23,585 - INFO - [2023] MISSING_CENTRAL: TTZ2E1Mu/Central/electrons/1/pt in Skim_TriLep_DYJets.root
2026-01-28 17:30:23,586 - INFO - [2023] MISSING_CENTRAL: TTZ2E1Mu/Central/electrons/1/pt in Skim_TriLep_DYJets10to50.root
2026-01-28 17:30:23,788 - INFO - [2023] MISSING_CENTRAL: TTZ2E1Mu/Central/electrons/1/pt in Skim_TriLep_WWW.root
2026-01-28 17:30:23,915 - INFO - [2023BPix] MISSING_CENTRAL: TTZ2E1Mu/Central/electrons/1/pt in Skim_TriLep_DYJets10to50.root
2026-01-28 20:04:17,479 - INFO - [2022] MISSING_CENTRAL: TTZ2E1Mu/Central/electrons/1/pt in Skim_TriLep_DYJets.root
2026-01-28 20:04:17,481 - INFO - [2022] MISSING_CENTRAL: TTZ2E1Mu/Central/electrons/1/pt in Skim_TriLep_DYJets10to50.root
2026-01-28 20:04:17,957 - INFO - [2022EE] MISSING_CENTRAL: TTZ2E1Mu/Central/electrons/1/pt in Skim_TriLep_DYJets.root
2026-01-28 20:04:17,958 - INFO - [2022EE] MISSING_CENTRAL: TTZ2E1Mu/Central/electrons/1/pt in Skim_TriLep_DYJets10to50.root
2026-01-28 20:04:18,155 - INFO - [2022EE] MISSING_CENTRAL: TTZ2E1Mu/Central/electrons/1/pt in Skim_TriLep_WWW.root
2026-01-28 20:04:18,268 - INFO - [2023] MISSING_CENTRAL: TTZ2E1Mu/Central/electrons/1/pt in Skim_TriLep_DYJets.root
2026-01-28 20:04:18,269 - INFO - [2023] MISSING_CENTRAL: TTZ2E1Mu/Central/electrons/1/pt in Skim_TriLep_DYJets10to50.root
2026-01-28 20:04:18,454 - INFO - [2023] MISSING_CENTRAL: TTZ2E1Mu/Central/electrons/1/pt in Skim_TriLep_WWW.root
2026-01-28 20:04:18,579 - INFO - [2023BPix] MISSING_CENTRAL: TTZ2E1Mu/Central/electrons/1/pt in Skim_TriLep_DYJets10to50.root
2026-01-29 07:20:35,831 - INFO - [2022] MISSING_CENTRAL: TTZ2E1Mu/Central/electrons/1/pt in Skim_TriLep_DYJets.root
2026-01-29 07:20:35,832 - INFO - [2022] MISSING_CENTRAL: TTZ2E1Mu/Central/electrons/1/pt in Skim_TriLep_DYJets10to50.root
2026-01-29 07:20:36,052 - INFO - [2022EE] MISSING_CENTRAL: TTZ2E1Mu/Central/electrons/1/pt in Skim_TriLep_DYJets.root
2026-01-29 07:20:36,053 - INFO - [2022EE] MISSING_CENTRAL: TTZ2E1Mu/Central/electrons/1/pt in Skim_TriLep_DYJets10to50.root
2026-01-29 07:20:36,189 - INFO - [2022EE] MISSING_CENTRAL: TTZ2E1Mu/Central/electrons/1/pt in Skim_TriLep_WWW.root
2026-01-29 07:20:36,266 - INFO - [2023] MISSING_CENTRAL: TTZ2E1Mu/Central/electrons/1/pt in Skim_TriLep_DYJets.root
2026-01-29 07:20:36,267 - INFO - [2023] MISSING_CENTRAL: TTZ2E1Mu/Central/electrons/1/pt in Skim_TriLep_DYJets10to50.root
2026-01-29 07:20:36,405 - INFO - [2023] MISSING_CENTRAL: TTZ2E1Mu/Central/electrons/1/pt in Skim_TriLep_WWW.root
2026-01-29 07:20:36,498 - INFO - [2023BPix] MISSING_CENTRAL: TTZ2E1Mu/Central/electrons/1/pt in Skim_TriLep_DYJets10to50.root
2026-03-06 09:45:28,950 - INFO - [2022] MISSING_CENTRAL: TTZ2E1Mu/Central/electrons/1/pt in Skim_TriLep_DYJets.root
2026-03-06 09:45:28,951 - INFO - [2022] MISSING_CENTRAL: TTZ2E1Mu/Central/electrons/1/pt in Skim_TriLep_DYJets10to50.root
2026-03-06 09:45:29,195 - INFO - [2022EE] MISSING_CENTRAL: TTZ2E1Mu/Central/electrons/1/pt in Skim_TriLep_DYJets10to50.root
2026-03-06 09:45:29,339 - INFO - [2022EE] MISSING_CENTRAL: TTZ2E1Mu/Central/electrons/1/pt in Skim_TriLep_WWW.root
2026-03-06 09:45:29,422 - INFO - [2023] MISSING_CENTRAL: TTZ2E1Mu/Central/electrons/1/pt in Skim_TriLep_DYJets.root
2026-03-06 09:45:29,422 - INFO - [2023] MISSING_CENTRAL: TTZ2E1Mu/Central/electrons/1/pt in Skim_TriLep_DYJets10to50.root
2026-03-06 09:45:29,571 - INFO - [2023] MISSING_CENTRAL: TTZ2E1Mu/Central/electrons/1/pt in Skim_TriLep_WWW.root
2026-03-06 09:45:29,665 - INFO - [2023BPix] MISSING_CENTRAL: TTZ2E1Mu/Central/electrons/1/pt in Skim_TriLep_DYJets10to50.root
2026-03-06 19:51:14,715 - INFO - [2022] MISSING_CENTRAL: TTZ2E1Mu/Central/electrons/1/pt in Skim_TriLep_DYJets.root
2026-03-06 19:51:14,715 - INFO - [2022] MISSING_CENTRAL: TTZ2E1Mu/Central/electrons/1/pt in Skim_TriLep_DYJets10to50.root
2026-03-06 19:51:14,949 - INFO - [2022EE] MISSING_CENTRAL: TTZ2E1Mu/Central/electrons/1/pt in Skim_TriLep_DYJets10to50.root
2026-03-06 19:51:15,089 - INFO - [2022EE] MISSING_CENTRAL: TTZ2E1Mu/Central/electrons/1/pt in Skim_TriLep_WWW.root
2026-03-06 19:51:15,171 - INFO - [2023] MISSING_CENTRAL: TTZ2E1Mu/Central/electrons/1/pt in Skim_TriLep_DYJets.root
2026-03-06 19:51:15,172 - INFO - [2023] MISSING_CENTRAL: TTZ2E1Mu/Central/electrons/1/pt in Skim_TriLep_DYJets10to50.root
2026-03-06 19:51:15,320 - INFO - [2023] MISSING_CENTRAL: TTZ2E1Mu/Central/electrons/1/pt in Skim_TriLep_WWW.root
2026-03-06 19:51:15,413 - INFO - [2023BPix] MISSING_CENTRAL: TTZ2E1Mu/Central/electrons/1/pt in Skim_TriLep_DYJets10to50.root
2026-04-10 20:26:08,374 - INFO - [2022] MISSING_CENTRAL: TTZ2E1Mu/Central/electrons/1/pt in Skim_TriLep_DYJets.root
2026-04-10 20:26:08,374 - INFO - [2022] MISSING_CENTRAL: TTZ2E1Mu/Central/electrons/1/pt in Skim_TriLep_DYJets10to50.root
2026-04-10 20:26:08,615 - INFO - [2022EE] MISSING_CENTRAL: TTZ2E1Mu/Central/electrons/1/pt in Skim_TriLep_DYJets10to50.root
2026-04-10 20:26:08,756 - INFO - [2022EE] MISSING_CENTRAL: TTZ2E1Mu/Central/electrons/1/pt in Skim_TriLep_WWW.root
2026-04-10 20:26:08,837 - INFO - [2023] MISSING_CENTRAL: TTZ2E1Mu/Central/electrons/1/pt in Skim_TriLep_DYJets.root
2026-04-10 20:26:08,837 - INFO - [2023] MISSING_CENTRAL: TTZ2E1Mu/Central/electrons/1/pt in Skim_TriLep_DYJets10to50.root
2026-04-10 20:26:08,983 - INFO - [2023] MISSING_CENTRAL: TTZ2E1Mu/Central/electrons/1/pt in Skim_TriLep_WWW.root
2026-04-10 20:26:09,078 - INFO - [2023BPix] MISSING_CENTRAL: TTZ2E1Mu/Central/electrons/1/pt in Skim_TriLep_DYJets10to50.root
2026-04-12 11:41:34,438 - INFO - [2022] MISSING_CENTRAL: TTZ2E1Mu/Central/electrons/1/pt in Skim_TriLep_DYJets.root
2026-04-12 11:41:34,439 - INFO - [2022] MISSING_CENTRAL: TTZ2E1Mu/Central/electrons/1/pt in Skim_TriLep_DYJets10to50.root
2026-04-12 11:41:34,691 - INFO - [2022EE] MISSING_CENTRAL: TTZ2E1Mu/Central/electrons/1/pt in Skim_TriLep_DYJets10to50.root
2026-04-12 11:41:34,834 - INFO - [2022EE] MISSING_CENTRAL: TTZ2E1Mu/Central/electrons/1/pt in Skim_TriLep_WWW.root
2026-04-12 11:41:34,916 - INFO - [2023] MISSING_CENTRAL: TTZ2E1Mu/Central/electrons/1/pt in Skim_TriLep_DYJets.root
2026-04-12 11:41:34,916 - INFO - [2023] MISSING_CENTRAL: TTZ2E1Mu/Central/electrons/1/pt in Skim_TriLep_DYJets10to50.root
2026-04-12 11:41:35,061 - INFO - [2023] MISSING_CENTRAL: TTZ2E1Mu/Central/electrons/1/pt in Skim_TriLep_WWW.root
2026-04-12 11:41:35,163 - INFO - [2023BPix] MISSING_CENTRAL: TTZ2E1Mu/Central/electrons/1/pt in Skim_TriLep_DYJets10to50.root
2026-04-12 12:23:13,906 - INFO - [2022] MISSING_CENTRAL: TTZ2E1Mu/Central/electrons/1/pt in Skim_TriLep_DYJets.root
2026-04-12 12:23:13,906 - INFO - [2022] MISSING_CENTRAL: TTZ2E1Mu/Central/electrons/1/pt in Skim_TriLep_DYJets10to50.root
2026-04-12 12:23:14,150 - INFO - [2022EE] MISSING_CENTRAL: TTZ2E1Mu/Central/electrons/1/pt in Skim_TriLep_DYJets10to50.root
2026-04-12 12:23:14,291 - INFO - [2022EE] MISSING_CENTRAL: TTZ2E1Mu/Central/electrons/1/pt in Skim_TriLep_WWW.root
2026-04-12 12:23:14,373 - INFO - [2023] MISSING_CENTRAL: TTZ2E1Mu/Central/electrons/1/pt in Skim_TriLep_DYJets.root
2026-04-12 12:23:14,374 - INFO - [2023] MISSING_CENTRAL: TTZ2E1Mu/Central/electrons/1/pt in Skim_TriLep_DYJets10to50.root
2026-04-12 12:23:14,516 - INFO - [2023] MISSING_CENTRAL: TTZ2E1Mu/Central/electrons/1/pt in Skim_TriLep_WWW.root
2026-04-12 12:23:14,613 - INFO - [2023BPix] MISSING_CENTRAL: TTZ2E1Mu/Central/electrons/1/pt in Skim_TriLep_DYJets10to50.root
2026-04-12 12:42:52,815 - INFO - [2022] MISSING_CENTRAL: TTZ2E1Mu/Central/electrons/1/pt in Skim_TriLep_DYJets.root
2026-04-12 12:42:52,815 - INFO - [2022] MISSING_CENTRAL: TTZ2E1Mu/Central/electrons/1/pt in Skim_TriLep_DYJets10to50.root
2026-04-12 12:42:53,057 - INFO - [2022EE] MISSING_CENTRAL: TTZ2E1Mu/Central/electrons/1/pt in Skim_TriLep_DYJets10to50.root
2026-04-12 12:42:53,198 - INFO - [2022EE] MISSING_CENTRAL: TTZ2E1Mu/Central/electrons/1/pt in Skim_TriLep_WWW.root
2026-04-12 12:42:53,308 - INFO - [2023] MISSING_CENTRAL: TTZ2E1Mu/Central/electrons/1/pt in Skim_TriLep_DYJets.root
2026-04-12 12:42:53,309 - INFO - [2023] MISSING_CENTRAL: TTZ2E1Mu/Central/electrons/1/pt in Skim_TriLep_DYJets10to50.root
2026-04-12 12:42:53,511 - INFO - [2023] MISSING_CENTRAL: TTZ2E1Mu/Central/electrons/1/pt in Skim_TriLep_WWW.root
2026-04-12 12:42:53,604 - INFO - [2023BPix] MISSING_CENTRAL: TTZ2E1Mu/Central/electrons/1/pt in Skim_TriLep_DYJets10to50.root
2026-04-12 20:51:03,952 - INFO - [2022] MISSING_CENTRAL: TTZ2E1Mu/Central/electrons/1/pt in Skim_TriLep_DYJets.root
2026-04-12 20:51:03,953 - INFO - [2022] MISSING_CENTRAL: TTZ2E1Mu/Central/electrons/1/pt in Skim_TriLep_DYJets10to50.root
2026-04-12 20:51:04,204 - INFO - [2022EE] MISSING_CENTRAL: TTZ2E1Mu/Central/electrons/1/pt in Skim_TriLep_DYJets10to50.root
2026-04-12 20:51:04,355 - INFO - [2022EE] MISSING_CENTRAL: TTZ2E1Mu/Central/electrons/1/pt in Skim_TriLep_WWW.root
2026-04-12 20:51:04,439 - INFO - [2023] MISSING_CENTRAL: TTZ2E1Mu/Central/electrons/1/pt in Skim_TriLep_DYJets.root
2026-04-12 20:51:04,440 - INFO - [2023] MISSING_CENTRAL: TTZ2E1Mu/Central/electrons/1/pt in Skim_TriLep_DYJets10to50.root
2026-04-12 20:51:04,589 - INFO - [2023] MISSING_CENTRAL: TTZ2E1Mu/Central/electrons/1/pt in Skim_TriLep_WWW.root
2026-04-12 20:51:04,680 - INFO - [2023BPix] MISSING_CENTRAL: TTZ2E1Mu/Central/electrons/1/pt in Skim_TriLep_DYJets10to50.root
2026-04-12 21:22:38,173 - INFO - [2022] MISSING_CENTRAL: TTZ2E1Mu/Central/electrons/1/pt in Skim_TriLep_DYJets.root
2026-04-12 21:22:38,174 - INFO - [2022] MISSING_CENTRAL: TTZ2E1Mu/Central/electrons/1/pt in Skim_TriLep_DYJets10to50.root
2026-04-12 21:22:38,420 - INFO - [2022EE] MISSING_CENTRAL: TTZ2E1Mu/Central/electrons/1/pt in Skim_TriLep_DYJets10to50.root
2026-04-12 21:22:38,559 - INFO - [2022EE] MISSING_CENTRAL: TTZ2E1Mu/Central/electrons/1/pt in Skim_TriLep_WWW.root
2026-04-12 21:22:38,640 - INFO - [2023] MISSING_CENTRAL: TTZ2E1Mu/Central/electrons/1/pt in Skim_TriLep_DYJets.root
2026-04-12 21:22:38,641 - INFO - [2023] MISSING_CENTRAL: TTZ2E1Mu/Central/electrons/1/pt in Skim_TriLep_DYJets10to50.root
2026-04-12 21:22:38,784 - INFO - [2023] MISSING_CENTRAL: TTZ2E1Mu/Central/electrons/1/pt in Skim_TriLep_WWW.root
2026-04-12 21:22:38,881 - INFO - [2023BPix] MISSING_CENTRAL: TTZ2E1Mu/Central/electrons/1/pt in Skim_TriLep_DYJets10to50.root
2026-04-13 13:00:27,772 - INFO - [2022] MISSING_CENTRAL: TTZ2E1Mu/Central/electrons/1/pt in Skim_TriLep_DYJets.root
2026-04-13 13:00:27,773 - INFO - [2022] MISSING_CENTRAL: TTZ2E1Mu/Central/electrons/1/pt in Skim_TriLep_DYJets10to50.root
2026-04-13 13:00:28,104 - INFO - [2022EE] MISSING_CENTRAL: TTZ2E1Mu/Central/electrons/1/pt in Skim_TriLep_DYJets10to50.root
2026-04-13 13:00:28,294 - INFO - [2022EE] MISSING_CENTRAL: TTZ2E1Mu/Central/electrons/1/pt in Skim_TriLep_WWW.root
2026-04-13 13:00:28,400 - INFO - [2023] MISSING_CENTRAL: TTZ2E1Mu/Central/electrons/1/pt in Skim_TriLep_DYJets.root
2026-04-13 13:00:28,401 - INFO - [2023] MISSING_CENTRAL: TTZ2E1Mu/Central/electrons/1/pt in Skim_TriLep_DYJets10to50.root
2026-04-13 13:00:28,575 - INFO - [2023] MISSING_CENTRAL: TTZ2E1Mu/Central/electrons/1/pt in Skim_TriLep_WWW.root
2026-04-13 13:00:28,695 - INFO - [2023BPix] MISSING_CENTRAL: TTZ2E1Mu/Central/electrons/1/pt in Skim_TriLep_DYJets10to50.root
2026-04-16 17:42:59,309 - INFO - [2022] MISSING_CENTRAL: TTZ2E1Mu/Central/electrons/1/pt in Skim_TriLep_DYJets.root
2026-04-16 17:42:59,309 - INFO - [2022] MISSING_CENTRAL: TTZ2E1Mu/Central/electrons/1/pt in Skim_TriLep_DYJets10to50.root
2026-04-16 17:42:59,610 - INFO - [2022EE] MISSING_CENTRAL: TTZ2E1Mu/Central/electrons/1/pt in Skim_TriLep_DYJets10to50.root
2026-04-16 17:42:59,783 - INFO - [2022EE] MISSING_CENTRAL: TTZ2E1Mu/Central/electrons/1/pt in Skim_TriLep_WWW.root
2026-04-16 17:42:59,880 - INFO - [2023] MISSING_CENTRAL: TTZ2E1Mu/Central/electrons/1/pt in Skim_TriLep_DYJets.root
2026-04-16 17:42:59,881 - INFO - [2023] MISSING_CENTRAL: TTZ2E1Mu/Central/electrons/1/pt in Skim_TriLep_DYJets10to50.root
2026-04-16 17:43:00,080 - INFO - [2023] MISSING_CENTRAL: TTZ2E1Mu/Central/electrons/1/pt in Skim_TriLep_WWW.root
2026-04-16 17:43:00,195 - INFO - [2023BPix] MISSING_CENTRAL: TTZ2E1Mu/Central/electrons/1/pt in Skim_TriLep_DYJets10to50.root
2026-04-28 15:21:44,873 - INFO - [2022] MISSING_CENTRAL: TTZ2E1Mu/Central/electrons/1/pt in Skim_TriLep_DYJets.root
2026-04-28 15:21:44,873 - INFO - [2022] MISSING_CENTRAL: TTZ2E1Mu/Central/electrons/1/pt in Skim_TriLep_DYJets10to50.root
2026-04-28 15:21:45,376 - INFO - [2022EE] MISSING_CENTRAL: TTZ2E1Mu/Central/electrons/1/pt in Skim_TriLep_DYJets10to50.root
2026-04-28 15:21:45,681 - INFO - [2022EE] MISSING_CENTRAL: TTZ2E1Mu/Central/electrons/1/pt in Skim_TriLep_WWW.root
2026-04-28 15:21:45,856 - INFO - [2023] MISSING_CENTRAL: TTZ2E1Mu/Central/electrons/1/pt in Skim_TriLep_DYJets.root
2026-04-28 15:21:45,856 - INFO - [2023] MISSING_CENTRAL: TTZ2E1Mu/Central/electrons/1/pt in Skim_TriLep_DYJets10to50.root
2026-04-28 15:21:46,165 - INFO - [2023] MISSING_CENTRAL: TTZ2E1Mu/Central/electrons/1/pt in Skim_TriLep_WWW.root
2026-04-28 15:21:46,358 - INFO - [2023BPix] MISSING_CENTRAL: TTZ2E1Mu/Central/electrons/1/pt in Skim_TriLep_DYJets10to50.root
2026-04-28 20:34:49,414 - INFO - [2022] MISSING_CENTRAL: TTZ2E1Mu/Central/electrons/1/pt in Skim_TriLep_DYJets.root
2026-04-28 20:34:49,414 - INFO - [2022] MISSING_CENTRAL: TTZ2E1Mu/Central/electrons/1/pt in Skim_TriLep_DYJets10to50.root
2026-04-28 20:34:49,700 - INFO - [2022EE] MISSING_CENTRAL: TTZ2E1Mu/Central/electrons/1/pt in Skim_TriLep_DYJets10to50.root
2026-04-28 20:34:49,868 - INFO - [2022EE] MISSING_CENTRAL: TTZ2E1Mu/Central/electrons/1/pt in Skim_TriLep_WWW.root
2026-04-28 20:34:49,963 - INFO - [2023] MISSING_CENTRAL: TTZ2E1Mu/Central/electrons/1/pt in Skim_TriLep_DYJets.root
2026-04-28 20:34:49,964 - INFO - [2023] MISSING_CENTRAL: TTZ2E1Mu/Central/electrons/1/pt in Skim_TriLep_DYJets10to50.root
2026-04-28 20:34:50,131 - INFO - [2023] MISSING_CENTRAL: TTZ2E1Mu/Central/electrons/1/pt in Skim_TriLep_WWW.root
2026-04-28 20:34:50,242 - INFO - [2023BPix] MISSING_CENTRAL: TTZ2E1Mu/Central/electrons/1/pt in Skim_TriLep_DYJets10to50.root
2026-05-04 15:41:29,074 - INFO - [2022] MISSING_CENTRAL: TTZ2E1Mu/Central/electrons/1/pt in Skim_TriLep_DYJets.root
2026-05-04 15:41:29,075 - INFO - [2022] MISSING_CENTRAL: TTZ2E1Mu/Central/electrons/1/pt in Skim_TriLep_DYJets10to50.root
2026-05-04 15:41:29,308 - INFO - [2022EE] MISSING_CENTRAL: TTZ2E1Mu/Central/electrons/1/pt in Skim_TriLep_DYJets10to50.root
2026-05-04 15:41:29,521 - INFO - [2022EE] MISSING_CENTRAL: TTZ2E1Mu/Central/electrons/1/pt in Skim_TriLep_WWW.root
2026-05-04 15:41:29,693 - INFO - [2023] MISSING_CENTRAL: TTZ2E1Mu/Central/electrons/1/pt in Skim_TriLep_DYJets.root
2026-05-04 15:41:29,694 - INFO - [2023] MISSING_CENTRAL: TTZ2E1Mu/Central/electrons/1/pt in Skim_TriLep_DYJets10to50.root
2026-05-04 15:41:30,008 - INFO - [2023] MISSING_CENTRAL: TTZ2E1Mu/Central/electrons/1/pt in Skim_TriLep_WWW.root
2026-05-04 15:41:30,217 - INFO - [2023BPix] MISSING_CENTRAL: TTZ2E1Mu/Central/electrons/1/pt in Skim_TriLep_DYJets10to50.root
2026-05-04 16:05:29,906 - INFO - [2022] MISSING_CENTRAL: TTZ2E1Mu/Central/electrons/1/pt in Skim_TriLep_DYJets.root
2026-05-04 16:05:29,906 - INFO - [2022] MISSING_CENTRAL: TTZ2E1Mu/Central/electrons/1/pt in Skim_TriLep_DYJets10to50.root
2026-05-04 16:05:30,193 - INFO - [2022EE] MISSING_CENTRAL: TTZ2E1Mu/Central/electrons/1/pt in Skim_TriLep_DYJets10to50.root
2026-05-04 16:05:30,398 - INFO - [2022EE] MISSING_CENTRAL: TTZ2E1Mu/Central/electrons/1/pt in Skim_TriLep_WWW.root
2026-05-04 16:05:30,496 - INFO - [2023] MISSING_CENTRAL: TTZ2E1Mu/Central/electrons/1/pt in Skim_TriLep_DYJets.root
2026-05-04 16:05:30,497 - INFO - [2023] MISSING_CENTRAL: TTZ2E1Mu/Central/electrons/1/pt in Skim_TriLep_DYJets10to50.root
2026-05-04 16:05:30,670 - INFO - [2023] MISSING_CENTRAL: TTZ2E1Mu/Central/electrons/1/pt in Skim_TriLep_WWW.root
2026-05-04 16:05:30,789 - INFO - [2023BPix] MISSING_CENTRAL: TTZ2E1Mu/Central/electrons/1/pt in Skim_TriLep_DYJets10to50.root
2026-05-04 17:12:23,376 - INFO - [2022] MISSING_CENTRAL: TTZ2E1Mu/Central/electrons/1/pt in Skim_TriLep_DYJets.root
2026-05-04 17:12:23,381 - INFO - [2022] MISSING_CENTRAL: TTZ2E1Mu/Central/electrons/1/pt in Skim_TriLep_DYJets10to50.root
2026-05-04 17:12:23,781 - INFO - [2022EE] MISSING_CENTRAL: TTZ2E1Mu/Central/electrons/1/pt in Skim_TriLep_DYJets10to50.root
2026-05-04 17:12:24,136 - INFO - [2022EE] MISSING_CENTRAL: TTZ2E1Mu/Central/electrons/1/pt in Skim_TriLep_WWW.root
2026-05-04 17:12:24,320 - INFO - [2023] MISSING_CENTRAL: TTZ2E1Mu/Central/electrons/1/pt in Skim_TriLep_DYJets.root
2026-05-04 17:12:24,320 - INFO - [2023] MISSING_CENTRAL: TTZ2E1Mu/Central/electrons/1/pt in Skim_TriLep_DYJets10to50.root
2026-05-04 17:12:24,483 - INFO - [2023] MISSING_CENTRAL: TTZ2E1Mu/Central/electrons/1/pt in Skim_TriLep_WWW.root
2026-05-04 17:12:24,593 - INFO - [2023BPix] MISSING_CENTRAL: TTZ2E1Mu/Central/electrons/1/pt in Skim_TriLep_DYJets10to50.root
2026-05-28 15:49:02,724 - INFO - [2022] MISSING_CENTRAL: TTZ2E1Mu/Central/electrons/1/pt in Skim_TriLep_DYJets.root
2026-05-28 15:49:02,725 - INFO - [2022] MISSING_CENTRAL: TTZ2E1Mu/Central/electrons/1/pt in Skim_TriLep_DYJets10to50.root
2026-05-28 15:49:03,228 - INFO - [2022EE] MISSING_CENTRAL: TTZ2E1Mu/Central/electrons/1/pt in Skim_TriLep_DYJets10to50.root
2026-05-28 15:49:03,532 - INFO - [2022EE] MISSING_CENTRAL: TTZ2E1Mu/Central/electrons/1/pt in Skim_TriLep_WWW.root
2026-05-28 15:49:03,703 - INFO - [2023] MISSING_CENTRAL: TTZ2E1Mu/Central/electrons/1/pt in Skim_TriLep_DYJets.root
2026-05-28 15:49:03,704 - INFO - [2023] MISSING_CENTRAL: TTZ2E1Mu/Central/electrons/1/pt in Skim_TriLep_DYJets10to50.root
2026-05-28 15:49:04,036 - INFO - [2023] MISSING_CENTRAL: TTZ2E1Mu/Central/electrons/1/pt in Skim_TriLep_WWW.root
2026-05-28 15:49:04,229 - INFO - [2023BPix] MISSING_CENTRAL: TTZ2E1Mu/Central/electrons/1/pt in Skim_TriLep_DYJets10to50.root
2026-05-29 15:22:36,399 - INFO - [2022] MISSING_CENTRAL: TTZ2E1Mu/Central/electrons/1/pt in Skim_TriLep_DYJets.root
2026-05-29 15:22:36,400 - INFO - [2022] MISSING_CENTRAL: TTZ2E1Mu/Central/electrons/1/pt in Skim_TriLep_DYJets10to50.root
2026-05-29 15:22:36,920 - INFO - [2022EE] MISSING_CENTRAL: TTZ2E1Mu/Central/electrons/1/pt in Skim_TriLep_DYJets10to50.root
2026-05-29 15:22:37,230 - INFO - [2022EE] MISSING_CENTRAL: TTZ2E1Mu/Central/electrons/1/pt in Skim_TriLep_WWW.root
2026-05-29 15:22:37,402 - INFO - [2023] MISSING_CENTRAL: TTZ2E1Mu/Central/electrons/1/pt in Skim_TriLep_DYJets.root
2026-05-29 15:22:37,403 - INFO - [2023] MISSING_CENTRAL: TTZ2E1Mu/Central/electrons/1/pt in Skim_TriLep_DYJets10to50.root
2026-05-29 15:22:37,704 - INFO - [2023] MISSING_CENTRAL: TTZ2E1Mu/Central/electrons/1/pt in Skim_TriLep_WWW.root
2026-05-29 15:22:37,898 - INFO - [2023BPix] MISSING_CENTRAL: TTZ2E1Mu/Central/electrons/1/pt in Skim_TriLep_DYJets10to50.root
2026-05-29 15:40:04,102 - INFO - [2022] MISSING_CENTRAL: TTZ2E1Mu/Central/electrons/1/pt in Skim_TriLep_DYJets.root
2026-05-29 15:40:04,102 - INFO - [2022] MISSING_CENTRAL: TTZ2E1Mu/Central/electrons/1/pt in Skim_TriLep_DYJets10to50.root
2026-05-29 15:40:04,394 - INFO - [2022EE] MISSING_CENTRAL: TTZ2E1Mu/Central/electrons/1/pt in Skim_TriLep_DYJets10to50.root
2026-05-29 15:40:04,566 - INFO - [2022EE] MISSING_CENTRAL: TTZ2E1Mu/Central/electrons/1/pt in Skim_TriLep_WWW.root
2026-05-29 15:40:04,666 - INFO - [2023] MISSING_CENTRAL: TTZ2E1Mu/Central/electrons/1/pt in Skim_TriLep_DYJets.root
2026-05-29 15:40:04,666 - INFO - [2023] MISSING_CENTRAL: TTZ2E1Mu/Central/electrons/1/pt in Skim_TriLep_DYJets10to50.root
2026-05-29 15:40:04,844 - INFO - [2023] MISSING_CENTRAL: TTZ2E1Mu/Central/electrons/1/pt in Skim_TriLep_WWW.root
2026-05-29 15:40:04,961 - INFO - [2023BPix] MISSING_CENTRAL: TTZ2E1Mu/Central/electrons/1/pt in Skim_TriLep_DYJets10to50.root
2026-05-29 18:31:26,962 - INFO - [2022] MISSING_CENTRAL: TTZ2E1Mu/Central/electrons/1/pt in Skim_TriLep_DYJets.root
2026-05-29 18:31:26,962 - INFO - [2022] MISSING_CENTRAL: TTZ2E1Mu/Central/electrons/1/pt in Skim_TriLep_DYJets10to50.root
2026-05-29 18:31:27,249 - INFO - [2022EE] MISSING_CENTRAL: TTZ2E1Mu/Central/electrons/1/pt in Skim_TriLep_DYJets10to50.root
2026-05-29 18:31:27,416 - INFO - [2022EE] MISSING_CENTRAL: TTZ2E1Mu/Central/electrons/1/pt in Skim_TriLep_WWW.root
2026-05-29 18:31:27,511 - INFO - [2023] MISSING_CENTRAL: TTZ2E1Mu/Central/electrons/1/pt in Skim_TriLep_DYJets.root
2026-05-29 18:31:27,511 - INFO - [2023] MISSING_CENTRAL: TTZ2E1Mu/Central/electrons/1/pt in Skim_TriLep_DYJets10to50.root
2026-05-29 18:31:27,680 - INFO - [2023] MISSING_CENTRAL: TTZ2E1Mu/Central/electrons/1/pt in Skim_TriLep_WWW.root
2026-05-29 18:31:27,796 - INFO - [2023BPix] MISSING_CENTRAL: TTZ2E1Mu/Central/electrons/1/pt in Skim_TriLep_DYJets10to50.root
2026-06-03 21:10:09,150 - INFO - [2022] MISSING_CENTRAL: TTZ2E1Mu/Central/electrons/1/pt in Skim_TriLep_DYJets.root
2026-06-03 21:10:09,150 - INFO - [2022] MISSING_CENTRAL: TTZ2E1Mu/Central/electrons/1/pt in Skim_TriLep_DYJets10to50.root
2026-06-03 21:10:09,453 - INFO - [2022EE] MISSING_CENTRAL: TTZ2E1Mu/Central/electrons/1/pt in Skim_TriLep_DYJets10to50.root
2026-06-03 21:10:09,637 - INFO - [2022EE] MISSING_CENTRAL: TTZ2E1Mu/Central/electrons/1/pt in Skim_TriLep_WWW.root
2026-06-03 21:10:09,742 - INFO - [2023] MISSING_CENTRAL: TTZ2E1Mu/Central/electrons/1/pt in Skim_TriLep_DYJets.root
2026-06-03 21:10:09,743 - INFO - [2023] MISSING_CENTRAL: TTZ2E1Mu/Central/electrons/1/pt in Skim_TriLep_DYJets10to50.root
2026-06-03 21:10:09,928 - INFO - [2023] MISSING_CENTRAL: TTZ2E1Mu/Central/electrons/1/pt in Skim_TriLep_WWW.root
2026-06-03 21:10:10,044 - INFO - [2023BPix] MISSING_CENTRAL: TTZ2E1Mu/Central/electrons/1/pt in Skim_TriLep_DYJets10to50.root
2026-06-12 13:59:56,047 - INFO - [2022] MISSING_CENTRAL: TTZ2E1Mu/Central/electrons/1/pt in Skim_TriLep_DYJets.root
2026-06-12 13:59:56,048 - INFO - [2022] MISSING_CENTRAL: TTZ2E1Mu/Central/electrons/1/pt in Skim_TriLep_DYJets10to50.root
2026-06-12 13:59:56,544 - INFO - [2022EE] MISSING_CENTRAL: TTZ2E1Mu/Central/electrons/1/pt in Skim_TriLep_DYJets10to50.root
2026-06-12 13:59:56,851 - INFO - [2022EE] MISSING_CENTRAL: TTZ2E1Mu/Central/electrons/1/pt in Skim_TriLep_WWW.root
2026-06-12 13:59:57,024 - INFO - [2023] MISSING_CENTRAL: TTZ2E1Mu/Central/electrons/1/pt in Skim_TriLep_DYJets.root
2026-06-12 13:59:57,025 - INFO - [2023] MISSING_CENTRAL: TTZ2E1Mu/Central/electrons/1/pt in Skim_TriLep_DYJets10to50.root
2026-06-12 13:59:57,335 - INFO - [2023] MISSING_CENTRAL: TTZ2E1Mu/Central/electrons/1/pt in Skim_TriLep_WWW.root
2026-06-12 13:59:57,533 - INFO - [2023BPix] MISSING_CENTRAL: TTZ2E1Mu/Central/electrons/1/pt in Skim_TriLep_DYJets10to50.root
2026-06-12 14:12:00,213 - INFO - [2022] MISSING_CENTRAL: TTZ2E1Mu/Central/electrons/1/pt in Skim_TriLep_DYJets.root
2026-06-12 14:12:00,213 - INFO - [2022] MISSING_CENTRAL: TTZ2E1Mu/Central/electrons/1/pt in Skim_TriLep_DYJets10to50.root
2026-06-12 14:12:00,504 - INFO - [2022EE] MISSING_CENTRAL: TTZ2E1Mu/Central/electrons/1/pt in Skim_TriLep_DYJets10to50.root
2026-06-12 14:12:00,674 - INFO - [2022EE] MISSING_CENTRAL: TTZ2E1Mu/Central/electrons/1/pt in Skim_TriLep_WWW.root
2026-06-12 14:12:00,772 - INFO - [2023] MISSING_CENTRAL: TTZ2E1Mu/Central/electrons/1/pt in Skim_TriLep_DYJets.root
2026-06-12 14:12:00,772 - INFO - [2023] MISSING_CENTRAL: TTZ2E1Mu/Central/electrons/1/pt in Skim_TriLep_DYJets10to50.root
2026-06-12 14:12:00,945 - INFO - [2023] MISSING_CENTRAL: TTZ2E1Mu/Central/electrons/1/pt in Skim_TriLep_WWW.root
2026-06-12 14:12:01,056 - INFO - [2023BPix] MISSING_CENTRAL: TTZ2E1Mu/Central/electrons/1/pt in Skim_TriLep_DYJets10to50.root
2026-06-12 14:35:55,834 - INFO - [2022] MISSING_CENTRAL: TTZ2E1Mu/Central/electrons/1/pt in Skim_TriLep_DYJets.root
2026-06-12 14:35:55,835 - INFO - [2022] MISSING_CENTRAL: TTZ2E1Mu/Central/electrons/1/pt in Skim_TriLep_DYJets10to50.root
2026-06-12 14:35:56,165 - INFO - [2022EE] MISSING_CENTRAL: TTZ2E1Mu/Central/electrons/1/pt in Skim_TriLep_DYJets10to50.root
2026-06-12 14:35:56,333 - INFO - [2022EE] MISSING_CENTRAL: TTZ2E1Mu/Central/electrons/1/pt in Skim_TriLep_WWW.root
2026-06-12 14:35:56,431 - INFO - [2023] MISSING_CENTRAL: TTZ2E1Mu/Central/electrons/1/pt in Skim_TriLep_DYJets.root
2026-06-12 14:35:56,432 - INFO - [2023] MISSING_CENTRAL: TTZ2E1Mu/Central/electrons/1/pt in Skim_TriLep_DYJets10to50.root
2026-06-12 14:35:56,602 - INFO - [2023] MISSING_CENTRAL: TTZ2E1Mu/Central/electrons/1/pt in Skim_TriLep_WWW.root
2026-06-12 14:35:56,714 - INFO - [2023BPix] MISSING_CENTRAL: TTZ2E1Mu/Central/electrons/1/pt in Skim_TriLep_DYJets10to50.root
