2025-12-18 14:49:35,968 - INFO - [2022] MISSING_CENTRAL: TTZ2E1Mu/Central/jets/1/pt in Skim_TriLep_DYJets.root
2025-12-18 14:49:35,971 - INFO - [2022] MISSING_CENTRAL: TTZ2E1Mu/Central/jets/1/pt in Skim_TriLep_DYJets10to50.root
2025-12-18 14:49:36,560 - INFO - [2022EE] MISSING_CENTRAL: TTZ2E1Mu/Central/jets/1/pt in Skim_TriLep_DYJets.root
2025-12-18 14:49:36,563 - INFO - [2022EE] MISSING_CENTRAL: TTZ2E1Mu/Central/jets/1/pt in Skim_TriLep_DYJets10to50.root
2025-12-18 14:49:36,789 - INFO - [2022EE] MISSING_CENTRAL: TTZ2E1Mu/Central/jets/1/pt in Skim_TriLep_WWW.root
2025-12-18 14:49:36,923 - INFO - [2023] MISSING_CENTRAL: TTZ2E1Mu/Central/jets/1/pt in Skim_TriLep_DYJets.root
2025-12-18 14:49:36,924 - INFO - [2023] MISSING_CENTRAL: TTZ2E1Mu/Central/jets/1/pt in Skim_TriLep_DYJets10to50.root
2025-12-18 14:49:37,147 - INFO - [2023] MISSING_CENTRAL: TTZ2E1Mu/Central/jets/1/pt in Skim_TriLep_WWW.root
2025-12-18 14:49:37,297 - INFO - [2023BPix] MISSING_CENTRAL: TTZ2E1Mu/Central/jets/1/pt in Skim_TriLep_DYJets10to50.root
2025-12-18 21:35:49,105 - INFO - [2022] MISSING_CENTRAL: TTZ2E1Mu/Central/jets/1/pt in Skim_TriLep_DYJets.root
2025-12-18 21:35:49,106 - INFO - [2022] MISSING_CENTRAL: TTZ2E1Mu/Central/jets/1/pt in Skim_TriLep_DYJets10to50.root
2025-12-18 21:35:49,453 - INFO - [2022EE] MISSING_CENTRAL: TTZ2E1Mu/Central/jets/1/pt in Skim_TriLep_DYJets.root
2025-12-18 21:35:49,454 - INFO - [2022EE] MISSING_CENTRAL: TTZ2E1Mu/Central/jets/1/pt in Skim_TriLep_DYJets10to50.root
2025-12-18 21:35:49,665 - INFO - [2022EE] MISSING_CENTRAL: TTZ2E1Mu/Central/jets/1/pt in Skim_TriLep_WWW.root
2025-12-18 21:35:49,789 - INFO - [2023] MISSING_CENTRAL: TTZ2E1Mu/Central/jets/1/pt in Skim_TriLep_DYJets.root
2025-12-18 21:35:49,790 - INFO - [2023] MISSING_CENTRAL: TTZ2E1Mu/Central/jets/1/pt in Skim_TriLep_DYJets10to50.root
2025-12-18 21:35:50,005 - INFO - [2023] MISSING_CENTRAL: TTZ2E1Mu/Central/jets/1/pt in Skim_TriLep_WWW.root
2025-12-18 21:35:50,148 - INFO - [2023BPix] MISSING_CENTRAL: TTZ2E1Mu/Central/jets/1/pt in Skim_TriLep_DYJets10to50.root
2025-12-18 23:44:58,452 - INFO - [2022] MISSING_CENTRAL: TTZ2E1Mu/Central/jets/1/pt in Skim_TriLep_DYJets.root
2025-12-18 23:44:58,456 - INFO - [2022] MISSING_CENTRAL: TTZ2E1Mu/Central/jets/1/pt in Skim_TriLep_DYJets10to50.root
2025-12-18 23:44:58,816 - INFO - [2022EE] MISSING_CENTRAL: TTZ2E1Mu/Central/jets/1/pt in Skim_TriLep_DYJets.root
2025-12-18 23:44:58,820 - INFO - [2022EE] MISSING_CENTRAL: TTZ2E1Mu/Central/jets/1/pt in Skim_TriLep_DYJets10to50.root
2025-12-18 23:44:59,030 - INFO - [2022EE] MISSING_CENTRAL: TTZ2E1Mu/Central/jets/1/pt in Skim_TriLep_WWW.root
2025-12-18 23:44:59,140 - INFO - [2023] MISSING_CENTRAL: TTZ2E1Mu/Central/jets/1/pt in Skim_TriLep_DYJets.root
2025-12-18 23:44:59,141 - INFO - [2023] MISSING_CENTRAL: TTZ2E1Mu/Central/jets/1/pt in Skim_TriLep_DYJets10to50.root
2025-12-18 23:44:59,342 - INFO - [2023] MISSING_CENTRAL: TTZ2E1Mu/Central/jets/1/pt in Skim_TriLep_WWW.root
2025-12-18 23:44:59,434 - INFO - [2023BPix] MISSING_CENTRAL: TTZ2E1Mu/Central/jets/1/pt in Skim_TriLep_DYJets10to50.root
2026-01-07 11:24:57,814 - INFO - [2022] MISSING_CENTRAL: TTZ2E1Mu/Central/jets/1/pt in Skim_TriLep_DYJets.root
2026-01-07 11:24:57,816 - INFO - [2022] MISSING_CENTRAL: TTZ2E1Mu/Central/jets/1/pt in Skim_TriLep_DYJets10to50.root
2026-01-07 11:24:58,254 - INFO - [2022EE] MISSING_CENTRAL: TTZ2E1Mu/Central/jets/1/pt in Skim_TriLep_DYJets.root
2026-01-07 11:24:58,261 - INFO - [2022EE] MISSING_CENTRAL: TTZ2E1Mu/Central/jets/1/pt in Skim_TriLep_DYJets10to50.root
2026-01-07 11:24:58,506 - INFO - [2022EE] MISSING_CENTRAL: TTZ2E1Mu/Central/jets/1/pt in Skim_TriLep_WWW.root
2026-01-07 11:24:58,642 - INFO - [2023] MISSING_CENTRAL: TTZ2E1Mu/Central/jets/1/pt in Skim_TriLep_DYJets.root
2026-01-07 11:24:58,645 - INFO - [2023] MISSING_CENTRAL: TTZ2E1Mu/Central/jets/1/pt in Skim_TriLep_DYJets10to50.root
2026-01-07 11:24:58,904 - INFO - [2023] MISSING_CENTRAL: TTZ2E1Mu/Central/jets/1/pt in Skim_TriLep_WWW.root
2026-01-07 11:24:59,146 - INFO - [2023BPix] MISSING_CENTRAL: TTZ2E1Mu/Central/jets/1/pt in Skim_TriLep_DYJets10to50.root
2026-01-07 11:57:48,462 - INFO - [2022] MISSING_CENTRAL: TTZ2E1Mu/Central/jets/1/pt in Skim_TriLep_DYJets.root
2026-01-07 11:57:48,463 - INFO - [2022] MISSING_CENTRAL: TTZ2E1Mu/Central/jets/1/pt in Skim_TriLep_DYJets10to50.root
2026-01-07 11:57:48,824 - INFO - [2022EE] MISSING_CENTRAL: TTZ2E1Mu/Central/jets/1/pt in Skim_TriLep_DYJets.root
2026-01-07 11:57:48,825 - INFO - [2022EE] MISSING_CENTRAL: TTZ2E1Mu/Central/jets/1/pt in Skim_TriLep_DYJets10to50.root
2026-01-07 11:57:49,054 - INFO - [2022EE] MISSING_CENTRAL: TTZ2E1Mu/Central/jets/1/pt in Skim_TriLep_WWW.root
2026-01-07 11:57:49,185 - INFO - [2023] MISSING_CENTRAL: TTZ2E1Mu/Central/jets/1/pt in Skim_TriLep_DYJets.root
2026-01-07 11:57:49,187 - INFO - [2023] MISSING_CENTRAL: TTZ2E1Mu/Central/jets/1/pt in Skim_TriLep_DYJets10to50.root
2026-01-07 11:57:49,414 - INFO - [2023] MISSING_CENTRAL: TTZ2E1Mu/Central/jets/1/pt in Skim_TriLep_WWW.root
2026-01-07 11:57:49,570 - INFO - [2023BPix] MISSING_CENTRAL: TTZ2E1Mu/Central/jets/1/pt in Skim_TriLep_DYJets10to50.root
2026-01-07 18:54:26,270 - INFO - [2022] MISSING_CENTRAL: TTZ2E1Mu/Central/jets/1/pt in Skim_TriLep_DYJets.root
2026-01-07 18:54:26,271 - INFO - [2022] MISSING_CENTRAL: TTZ2E1Mu/Central/jets/1/pt in Skim_TriLep_DYJets10to50.root
2026-01-07 18:54:26,612 - INFO - [2022EE] MISSING_CENTRAL: TTZ2E1Mu/Central/jets/1/pt in Skim_TriLep_DYJets.root
2026-01-07 18:54:26,613 - INFO - [2022EE] MISSING_CENTRAL: TTZ2E1Mu/Central/jets/1/pt in Skim_TriLep_DYJets10to50.root
2026-01-07 18:54:26,830 - INFO - [2022EE] MISSING_CENTRAL: TTZ2E1Mu/Central/jets/1/pt in Skim_TriLep_WWW.root
2026-01-07 18:54:26,957 - INFO - [2023] MISSING_CENTRAL: TTZ2E1Mu/Central/jets/1/pt in Skim_TriLep_DYJets.root
2026-01-07 18:54:26,958 - INFO - [2023] MISSING_CENTRAL: TTZ2E1Mu/Central/jets/1/pt in Skim_TriLep_DYJets10to50.root
2026-01-07 18:54:27,178 - INFO - [2023] MISSING_CENTRAL: TTZ2E1Mu/Central/jets/1/pt in Skim_TriLep_WWW.root
2026-01-07 18:54:27,323 - INFO - [2023BPix] MISSING_CENTRAL: TTZ2E1Mu/Central/jets/1/pt in Skim_TriLep_DYJets10to50.root
2026-01-09 12:29:51,955 - INFO - [2022] MISSING_CENTRAL: TTZ2E1Mu/Central/jets/1/pt in Skim_TriLep_DYJets.root
2026-01-09 12:29:51,956 - INFO - [2022] MISSING_CENTRAL: TTZ2E1Mu/Central/jets/1/pt in Skim_TriLep_DYJets10to50.root
2026-01-09 12:29:52,219 - INFO - [2022EE] MISSING_CENTRAL: TTZ2E1Mu/Central/jets/1/pt in Skim_TriLep_DYJets.root
2026-01-09 12:29:52,220 - INFO - [2022EE] MISSING_CENTRAL: TTZ2E1Mu/Central/jets/1/pt in Skim_TriLep_DYJets10to50.root
2026-01-09 12:29:52,441 - INFO - [2022EE] MISSING_CENTRAL: TTZ2E1Mu/Central/jets/1/pt in Skim_TriLep_WWW.root
2026-01-09 12:29:52,522 - INFO - [2023] MISSING_CENTRAL: TTZ2E1Mu/Central/jets/1/pt in Skim_TriLep_DYJets.root
2026-01-09 12:29:52,522 - INFO - [2023] MISSING_CENTRAL: TTZ2E1Mu/Central/jets/1/pt in Skim_TriLep_DYJets10to50.root
2026-01-09 12:29:52,718 - INFO - [2023] MISSING_CENTRAL: TTZ2E1Mu/Central/jets/1/pt in Skim_TriLep_WWW.root
2026-01-09 12:29:52,810 - INFO - [2023BPix] MISSING_CENTRAL: TTZ2E1Mu/Central/jets/1/pt in Skim_TriLep_DYJets10to50.root
2026-01-11 09:49:51,746 - INFO - [2022] MISSING_CENTRAL: TTZ2E1Mu/Central/jets/1/pt in Skim_TriLep_DYJets.root
2026-01-11 09:49:51,747 - INFO - [2022] MISSING_CENTRAL: TTZ2E1Mu/Central/jets/1/pt in Skim_TriLep_DYJets10to50.root
2026-01-11 09:49:52,042 - INFO - [2022EE] MISSING_CENTRAL: TTZ2E1Mu/Central/jets/1/pt in Skim_TriLep_DYJets.root
2026-01-11 09:49:52,042 - INFO - [2022EE] MISSING_CENTRAL: TTZ2E1Mu/Central/jets/1/pt in Skim_TriLep_DYJets10to50.root
2026-01-11 09:49:52,172 - INFO - [2022EE] MISSING_CENTRAL: TTZ2E1Mu/Central/jets/1/pt in Skim_TriLep_WWW.root
2026-01-11 09:49:52,247 - INFO - [2023] MISSING_CENTRAL: TTZ2E1Mu/Central/jets/1/pt in Skim_TriLep_DYJets.root
2026-01-11 09:49:52,247 - INFO - [2023] MISSING_CENTRAL: TTZ2E1Mu/Central/jets/1/pt in Skim_TriLep_DYJets10to50.root
2026-01-11 09:49:52,374 - INFO - [2023] MISSING_CENTRAL: TTZ2E1Mu/Central/jets/1/pt in Skim_TriLep_WWW.root
2026-01-11 09:49:52,463 - INFO - [2023BPix] MISSING_CENTRAL: TTZ2E1Mu/Central/jets/1/pt in Skim_TriLep_DYJets10to50.root
2026-01-12 13:58:49,956 - INFO - [2022] MISSING_CENTRAL: TTZ2E1Mu/Central/jets/1/pt in Skim_TriLep_DYJets.root
2026-01-12 13:58:49,959 - INFO - [2022] MISSING_CENTRAL: TTZ2E1Mu/Central/jets/1/pt in Skim_TriLep_DYJets10to50.root
2026-01-12 13:58:50,177 - INFO - [2022EE] MISSING_CENTRAL: TTZ2E1Mu/Central/jets/1/pt in Skim_TriLep_DYJets.root
2026-01-12 13:58:50,178 - INFO - [2022EE] MISSING_CENTRAL: TTZ2E1Mu/Central/jets/1/pt in Skim_TriLep_DYJets10to50.root
2026-01-12 13:58:50,345 - INFO - [2022EE] MISSING_CENTRAL: TTZ2E1Mu/Central/jets/1/pt in Skim_TriLep_WWW.root
2026-01-12 13:58:50,423 - INFO - [2023] MISSING_CENTRAL: TTZ2E1Mu/Central/jets/1/pt in Skim_TriLep_DYJets.root
2026-01-12 13:58:50,424 - INFO - [2023] MISSING_CENTRAL: TTZ2E1Mu/Central/jets/1/pt in Skim_TriLep_DYJets10to50.root
2026-01-12 13:58:50,569 - INFO - [2023] MISSING_CENTRAL: TTZ2E1Mu/Central/jets/1/pt in Skim_TriLep_WWW.root
2026-01-12 13:58:50,659 - INFO - [2023BPix] MISSING_CENTRAL: TTZ2E1Mu/Central/jets/1/pt in Skim_TriLep_DYJets10to50.root
2026-01-16 19:13:20,933 - INFO - [2022] MISSING_CENTRAL: TTZ2E1Mu/Central/jets/1/pt in Skim_TriLep_DYJets.root
2026-01-16 19:13:20,933 - INFO - [2022] MISSING_CENTRAL: TTZ2E1Mu/Central/jets/1/pt in Skim_TriLep_DYJets10to50.root
2026-01-16 19:13:21,153 - INFO - [2022EE] MISSING_CENTRAL: TTZ2E1Mu/Central/jets/1/pt in Skim_TriLep_DYJets.root
2026-01-16 19:13:21,154 - INFO - [2022EE] MISSING_CENTRAL: TTZ2E1Mu/Central/jets/1/pt in Skim_TriLep_DYJets10to50.root
2026-01-16 19:13:21,290 - INFO - [2022EE] MISSING_CENTRAL: TTZ2E1Mu/Central/jets/1/pt in Skim_TriLep_WWW.root
2026-01-16 19:13:21,371 - INFO - [2023] MISSING_CENTRAL: TTZ2E1Mu/Central/jets/1/pt in Skim_TriLep_DYJets.root
2026-01-16 19:13:21,371 - INFO - [2023] MISSING_CENTRAL: TTZ2E1Mu/Central/jets/1/pt in Skim_TriLep_DYJets10to50.root
2026-01-16 19:13:21,513 - INFO - [2023] MISSING_CENTRAL: TTZ2E1Mu/Central/jets/1/pt in Skim_TriLep_WWW.root
2026-01-16 19:13:21,666 - INFO - [2023BPix] MISSING_CENTRAL: TTZ2E1Mu/Central/jets/1/pt in Skim_TriLep_DYJets10to50.root
2026-01-28 17:09:57,628 - INFO - [2022] MISSING_CENTRAL: TTZ2E1Mu/Central/jets/1/pt in Skim_TriLep_DYJets.root
2026-01-28 17:09:57,629 - INFO - [2022] MISSING_CENTRAL: TTZ2E1Mu/Central/jets/1/pt in Skim_TriLep_DYJets10to50.root
2026-01-28 17:09:57,941 - INFO - [2022EE] MISSING_CENTRAL: TTZ2E1Mu/Central/jets/1/pt in Skim_TriLep_DYJets.root
2026-01-28 17:09:57,942 - INFO - [2022EE] MISSING_CENTRAL: TTZ2E1Mu/Central/jets/1/pt in Skim_TriLep_DYJets10to50.root
2026-01-28 17:09:58,161 - INFO - [2022EE] MISSING_CENTRAL: TTZ2E1Mu/Central/jets/1/pt in Skim_TriLep_WWW.root
2026-01-28 17:09:58,272 - INFO - [2023] MISSING_CENTRAL: TTZ2E1Mu/Central/jets/1/pt in Skim_TriLep_DYJets.root
2026-01-28 17:09:58,273 - INFO - [2023] MISSING_CENTRAL: TTZ2E1Mu/Central/jets/1/pt in Skim_TriLep_DYJets10to50.root
2026-01-28 17:09:58,542 - INFO - [2023] MISSING_CENTRAL: TTZ2E1Mu/Central/jets/1/pt in Skim_TriLep_WWW.root
2026-01-28 17:09:58,680 - INFO - [2023BPix] MISSING_CENTRAL: TTZ2E1Mu/Central/jets/1/pt in Skim_TriLep_DYJets10to50.root
2026-01-28 17:30:26,303 - INFO - [2022] MISSING_CENTRAL: TTZ2E1Mu/Central/jets/1/pt in Skim_TriLep_DYJets.root
2026-01-28 17:30:26,304 - INFO - [2022] MISSING_CENTRAL: TTZ2E1Mu/Central/jets/1/pt in Skim_TriLep_DYJets10to50.root
2026-01-28 17:30:26,610 - INFO - [2022EE] MISSING_CENTRAL: TTZ2E1Mu/Central/jets/1/pt in Skim_TriLep_DYJets.root
2026-01-28 17:30:26,611 - INFO - [2022EE] MISSING_CENTRAL: TTZ2E1Mu/Central/jets/1/pt in Skim_TriLep_DYJets10to50.root
2026-01-28 17:30:26,801 - INFO - [2022EE] MISSING_CENTRAL: TTZ2E1Mu/Central/jets/1/pt in Skim_TriLep_WWW.root
2026-01-28 17:30:26,948 - INFO - [2023] MISSING_CENTRAL: TTZ2E1Mu/Central/jets/1/pt in Skim_TriLep_DYJets.root
2026-01-28 17:30:26,949 - INFO - [2023] MISSING_CENTRAL: TTZ2E1Mu/Central/jets/1/pt in Skim_TriLep_DYJets10to50.root
2026-01-28 17:30:27,172 - INFO - [2023] MISSING_CENTRAL: TTZ2E1Mu/Central/jets/1/pt in Skim_TriLep_WWW.root
2026-01-28 17:30:27,294 - INFO - [2023BPix] MISSING_CENTRAL: TTZ2E1Mu/Central/jets/1/pt in Skim_TriLep_DYJets10to50.root
2026-01-28 20:04:20,282 - INFO - [2022] MISSING_CENTRAL: TTZ2E1Mu/Central/jets/1/pt in Skim_TriLep_DYJets.root
2026-01-28 20:04:20,283 - INFO - [2022] MISSING_CENTRAL: TTZ2E1Mu/Central/jets/1/pt in Skim_TriLep_DYJets10to50.root
2026-01-28 20:04:20,602 - INFO - [2022EE] MISSING_CENTRAL: TTZ2E1Mu/Central/jets/1/pt in Skim_TriLep_DYJets.root
2026-01-28 20:04:20,603 - INFO - [2022EE] MISSING_CENTRAL: TTZ2E1Mu/Central/jets/1/pt in Skim_TriLep_DYJets10to50.root
2026-01-28 20:04:20,802 - INFO - [2022EE] MISSING_CENTRAL: TTZ2E1Mu/Central/jets/1/pt in Skim_TriLep_WWW.root
2026-01-28 20:04:20,920 - INFO - [2023] MISSING_CENTRAL: TTZ2E1Mu/Central/jets/1/pt in Skim_TriLep_DYJets.root
2026-01-28 20:04:20,922 - INFO - [2023] MISSING_CENTRAL: TTZ2E1Mu/Central/jets/1/pt in Skim_TriLep_DYJets10to50.root
2026-01-28 20:04:21,130 - INFO - [2023] MISSING_CENTRAL: TTZ2E1Mu/Central/jets/1/pt in Skim_TriLep_WWW.root
2026-01-28 20:04:21,249 - INFO - [2023BPix] MISSING_CENTRAL: TTZ2E1Mu/Central/jets/1/pt in Skim_TriLep_DYJets10to50.root
2026-01-29 07:20:38,887 - INFO - [2022] MISSING_CENTRAL: TTZ2E1Mu/Central/jets/1/pt in Skim_TriLep_DYJets.root
2026-01-29 07:20:38,888 - INFO - [2022] MISSING_CENTRAL: TTZ2E1Mu/Central/jets/1/pt in Skim_TriLep_DYJets10to50.root
2026-01-29 07:20:39,105 - INFO - [2022EE] MISSING_CENTRAL: TTZ2E1Mu/Central/jets/1/pt in Skim_TriLep_DYJets.root
2026-01-29 07:20:39,106 - INFO - [2022EE] MISSING_CENTRAL: TTZ2E1Mu/Central/jets/1/pt in Skim_TriLep_DYJets10to50.root
2026-01-29 07:20:39,241 - INFO - [2022EE] MISSING_CENTRAL: TTZ2E1Mu/Central/jets/1/pt in Skim_TriLep_WWW.root
2026-01-29 07:20:39,318 - INFO - [2023] MISSING_CENTRAL: TTZ2E1Mu/Central/jets/1/pt in Skim_TriLep_DYJets.root
2026-01-29 07:20:39,318 - INFO - [2023] MISSING_CENTRAL: TTZ2E1Mu/Central/jets/1/pt in Skim_TriLep_DYJets10to50.root
2026-01-29 07:20:39,457 - INFO - [2023] MISSING_CENTRAL: TTZ2E1Mu/Central/jets/1/pt in Skim_TriLep_WWW.root
2026-01-29 07:20:39,547 - INFO - [2023BPix] MISSING_CENTRAL: TTZ2E1Mu/Central/jets/1/pt in Skim_TriLep_DYJets10to50.root
2026-03-06 09:45:31,988 - INFO - [2022] MISSING_CENTRAL: TTZ2E1Mu/Central/jets/1/pt in Skim_TriLep_DYJets.root
2026-03-06 09:45:31,989 - INFO - [2022] MISSING_CENTRAL: TTZ2E1Mu/Central/jets/1/pt in Skim_TriLep_DYJets10to50.root
2026-03-06 09:45:32,219 - INFO - [2022EE] MISSING_CENTRAL: TTZ2E1Mu/Central/jets/1/pt in Skim_TriLep_DYJets10to50.root
2026-03-06 09:45:32,356 - INFO - [2022EE] MISSING_CENTRAL: TTZ2E1Mu/Central/jets/1/pt in Skim_TriLep_WWW.root
2026-03-06 09:45:32,433 - INFO - [2023] MISSING_CENTRAL: TTZ2E1Mu/Central/jets/1/pt in Skim_TriLep_DYJets.root
2026-03-06 09:45:32,434 - INFO - [2023] MISSING_CENTRAL: TTZ2E1Mu/Central/jets/1/pt in Skim_TriLep_DYJets10to50.root
2026-03-06 09:45:32,572 - INFO - [2023] MISSING_CENTRAL: TTZ2E1Mu/Central/jets/1/pt in Skim_TriLep_WWW.root
2026-03-06 09:45:32,663 - INFO - [2023BPix] MISSING_CENTRAL: TTZ2E1Mu/Central/jets/1/pt in Skim_TriLep_DYJets10to50.root
2026-03-06 19:51:17,825 - INFO - [2022] MISSING_CENTRAL: TTZ2E1Mu/Central/jets/1/pt in Skim_TriLep_DYJets.root
2026-03-06 19:51:17,826 - INFO - [2022] MISSING_CENTRAL: TTZ2E1Mu/Central/jets/1/pt in Skim_TriLep_DYJets10to50.root
2026-03-06 19:51:18,134 - INFO - [2022EE] MISSING_CENTRAL: TTZ2E1Mu/Central/jets/1/pt in Skim_TriLep_DYJets10to50.root
2026-03-06 19:51:18,290 - INFO - [2022EE] MISSING_CENTRAL: TTZ2E1Mu/Central/jets/1/pt in Skim_TriLep_WWW.root
2026-03-06 19:51:18,375 - INFO - [2023] MISSING_CENTRAL: TTZ2E1Mu/Central/jets/1/pt in Skim_TriLep_DYJets.root
2026-03-06 19:51:18,376 - INFO - [2023] MISSING_CENTRAL: TTZ2E1Mu/Central/jets/1/pt in Skim_TriLep_DYJets10to50.root
2026-03-06 19:51:18,521 - INFO - [2023] MISSING_CENTRAL: TTZ2E1Mu/Central/jets/1/pt in Skim_TriLep_WWW.root
2026-03-06 19:51:18,614 - INFO - [2023BPix] MISSING_CENTRAL: TTZ2E1Mu/Central/jets/1/pt in Skim_TriLep_DYJets10to50.root
2026-04-10 20:26:11,350 - INFO - [2022] MISSING_CENTRAL: TTZ2E1Mu/Central/jets/1/pt in Skim_TriLep_DYJets.root
2026-04-10 20:26:11,351 - INFO - [2022] MISSING_CENTRAL: TTZ2E1Mu/Central/jets/1/pt in Skim_TriLep_DYJets10to50.root
2026-04-10 20:26:11,597 - INFO - [2022EE] MISSING_CENTRAL: TTZ2E1Mu/Central/jets/1/pt in Skim_TriLep_DYJets10to50.root
2026-04-10 20:26:11,750 - INFO - [2022EE] MISSING_CENTRAL: TTZ2E1Mu/Central/jets/1/pt in Skim_TriLep_WWW.root
2026-04-10 20:26:11,835 - INFO - [2023] MISSING_CENTRAL: TTZ2E1Mu/Central/jets/1/pt in Skim_TriLep_DYJets.root
2026-04-10 20:26:11,836 - INFO - [2023] MISSING_CENTRAL: TTZ2E1Mu/Central/jets/1/pt in Skim_TriLep_DYJets10to50.root
2026-04-10 20:26:11,991 - INFO - [2023] MISSING_CENTRAL: TTZ2E1Mu/Central/jets/1/pt in Skim_TriLep_WWW.root
2026-04-10 20:26:12,089 - INFO - [2023BPix] MISSING_CENTRAL: TTZ2E1Mu/Central/jets/1/pt in Skim_TriLep_DYJets10to50.root
2026-04-12 11:41:37,930 - INFO - [2022] MISSING_CENTRAL: TTZ2E1Mu/Central/jets/1/pt in Skim_TriLep_DYJets.root
2026-04-12 11:41:37,931 - INFO - [2022] MISSING_CENTRAL: TTZ2E1Mu/Central/jets/1/pt in Skim_TriLep_DYJets10to50.root
2026-04-12 11:41:38,167 - INFO - [2022EE] MISSING_CENTRAL: TTZ2E1Mu/Central/jets/1/pt in Skim_TriLep_DYJets10to50.root
2026-04-12 11:41:38,310 - INFO - [2022EE] MISSING_CENTRAL: TTZ2E1Mu/Central/jets/1/pt in Skim_TriLep_WWW.root
2026-04-12 11:41:38,394 - INFO - [2023] MISSING_CENTRAL: TTZ2E1Mu/Central/jets/1/pt in Skim_TriLep_DYJets.root
2026-04-12 11:41:38,395 - INFO - [2023] MISSING_CENTRAL: TTZ2E1Mu/Central/jets/1/pt in Skim_TriLep_DYJets10to50.root
2026-04-12 11:41:38,547 - INFO - [2023] MISSING_CENTRAL: TTZ2E1Mu/Central/jets/1/pt in Skim_TriLep_WWW.root
2026-04-12 11:41:38,648 - INFO - [2023BPix] MISSING_CENTRAL: TTZ2E1Mu/Central/jets/1/pt in Skim_TriLep_DYJets10to50.root
2026-04-12 12:23:17,056 - INFO - [2022] MISSING_CENTRAL: TTZ2E1Mu/Central/jets/1/pt in Skim_TriLep_DYJets.root
2026-04-12 12:23:17,056 - INFO - [2022] MISSING_CENTRAL: TTZ2E1Mu/Central/jets/1/pt in Skim_TriLep_DYJets10to50.root
2026-04-12 12:23:17,301 - INFO - [2022EE] MISSING_CENTRAL: TTZ2E1Mu/Central/jets/1/pt in Skim_TriLep_DYJets10to50.root
2026-04-12 12:23:17,443 - INFO - [2022EE] MISSING_CENTRAL: TTZ2E1Mu/Central/jets/1/pt in Skim_TriLep_WWW.root
2026-04-12 12:23:17,528 - INFO - [2023] MISSING_CENTRAL: TTZ2E1Mu/Central/jets/1/pt in Skim_TriLep_DYJets.root
2026-04-12 12:23:17,529 - INFO - [2023] MISSING_CENTRAL: TTZ2E1Mu/Central/jets/1/pt in Skim_TriLep_DYJets10to50.root
2026-04-12 12:23:17,718 - INFO - [2023] MISSING_CENTRAL: TTZ2E1Mu/Central/jets/1/pt in Skim_TriLep_WWW.root
2026-04-12 12:23:17,817 - INFO - [2023BPix] MISSING_CENTRAL: TTZ2E1Mu/Central/jets/1/pt in Skim_TriLep_DYJets10to50.root
2026-04-12 12:42:55,901 - INFO - [2022] MISSING_CENTRAL: TTZ2E1Mu/Central/jets/1/pt in Skim_TriLep_DYJets.root
2026-04-12 12:42:55,902 - INFO - [2022] MISSING_CENTRAL: TTZ2E1Mu/Central/jets/1/pt in Skim_TriLep_DYJets10to50.root
2026-04-12 12:42:56,150 - INFO - [2022EE] MISSING_CENTRAL: TTZ2E1Mu/Central/jets/1/pt in Skim_TriLep_DYJets10to50.root
2026-04-12 12:42:56,301 - INFO - [2022EE] MISSING_CENTRAL: TTZ2E1Mu/Central/jets/1/pt in Skim_TriLep_WWW.root
2026-04-12 12:42:56,391 - INFO - [2023] MISSING_CENTRAL: TTZ2E1Mu/Central/jets/1/pt in Skim_TriLep_DYJets.root
2026-04-12 12:42:56,392 - INFO - [2023] MISSING_CENTRAL: TTZ2E1Mu/Central/jets/1/pt in Skim_TriLep_DYJets10to50.root
2026-04-12 12:42:56,545 - INFO - [2023] MISSING_CENTRAL: TTZ2E1Mu/Central/jets/1/pt in Skim_TriLep_WWW.root
2026-04-12 12:42:56,647 - INFO - [2023BPix] MISSING_CENTRAL: TTZ2E1Mu/Central/jets/1/pt in Skim_TriLep_DYJets10to50.root
2026-04-12 20:51:07,170 - INFO - [2022] MISSING_CENTRAL: TTZ2E1Mu/Central/jets/1/pt in Skim_TriLep_DYJets.root
2026-04-12 20:51:07,170 - INFO - [2022] MISSING_CENTRAL: TTZ2E1Mu/Central/jets/1/pt in Skim_TriLep_DYJets10to50.root
2026-04-12 20:51:07,423 - INFO - [2022EE] MISSING_CENTRAL: TTZ2E1Mu/Central/jets/1/pt in Skim_TriLep_DYJets10to50.root
2026-04-12 20:51:07,568 - INFO - [2022EE] MISSING_CENTRAL: TTZ2E1Mu/Central/jets/1/pt in Skim_TriLep_WWW.root
2026-04-12 20:51:07,652 - INFO - [2023] MISSING_CENTRAL: TTZ2E1Mu/Central/jets/1/pt in Skim_TriLep_DYJets.root
2026-04-12 20:51:07,653 - INFO - [2023] MISSING_CENTRAL: TTZ2E1Mu/Central/jets/1/pt in Skim_TriLep_DYJets10to50.root
2026-04-12 20:51:07,803 - INFO - [2023] MISSING_CENTRAL: TTZ2E1Mu/Central/jets/1/pt in Skim_TriLep_WWW.root
2026-04-12 20:51:07,899 - INFO - [2023BPix] MISSING_CENTRAL: TTZ2E1Mu/Central/jets/1/pt in Skim_TriLep_DYJets10to50.root
2026-04-12 21:22:41,257 - INFO - [2022] MISSING_CENTRAL: TTZ2E1Mu/Central/jets/1/pt in Skim_TriLep_DYJets.root
2026-04-12 21:22:41,258 - INFO - [2022] MISSING_CENTRAL: TTZ2E1Mu/Central/jets/1/pt in Skim_TriLep_DYJets10to50.root
2026-04-12 21:22:41,489 - INFO - [2022EE] MISSING_CENTRAL: TTZ2E1Mu/Central/jets/1/pt in Skim_TriLep_DYJets10to50.root
2026-04-12 21:22:41,627 - INFO - [2022EE] MISSING_CENTRAL: TTZ2E1Mu/Central/jets/1/pt in Skim_TriLep_WWW.root
2026-04-12 21:22:41,710 - INFO - [2023] MISSING_CENTRAL: TTZ2E1Mu/Central/jets/1/pt in Skim_TriLep_DYJets.root
2026-04-12 21:22:41,711 - INFO - [2023] MISSING_CENTRAL: TTZ2E1Mu/Central/jets/1/pt in Skim_TriLep_DYJets10to50.root
2026-04-12 21:22:41,860 - INFO - [2023] MISSING_CENTRAL: TTZ2E1Mu/Central/jets/1/pt in Skim_TriLep_WWW.root
2026-04-12 21:22:41,960 - INFO - [2023BPix] MISSING_CENTRAL: TTZ2E1Mu/Central/jets/1/pt in Skim_TriLep_DYJets10to50.root
2026-04-13 13:00:31,209 - INFO - [2022] MISSING_CENTRAL: TTZ2E1Mu/Central/jets/1/pt in Skim_TriLep_DYJets.root
2026-04-13 13:00:31,210 - INFO - [2022] MISSING_CENTRAL: TTZ2E1Mu/Central/jets/1/pt in Skim_TriLep_DYJets10to50.root
2026-04-13 13:00:31,496 - INFO - [2022EE] MISSING_CENTRAL: TTZ2E1Mu/Central/jets/1/pt in Skim_TriLep_DYJets10to50.root
2026-04-13 13:00:31,669 - INFO - [2022EE] MISSING_CENTRAL: TTZ2E1Mu/Central/jets/1/pt in Skim_TriLep_WWW.root
2026-04-13 13:00:31,771 - INFO - [2023] MISSING_CENTRAL: TTZ2E1Mu/Central/jets/1/pt in Skim_TriLep_DYJets.root
2026-04-13 13:00:31,772 - INFO - [2023] MISSING_CENTRAL: TTZ2E1Mu/Central/jets/1/pt in Skim_TriLep_DYJets10to50.root
2026-04-13 13:00:31,951 - INFO - [2023] MISSING_CENTRAL: TTZ2E1Mu/Central/jets/1/pt in Skim_TriLep_WWW.root
2026-04-13 13:00:32,069 - INFO - [2023BPix] MISSING_CENTRAL: TTZ2E1Mu/Central/jets/1/pt in Skim_TriLep_DYJets10to50.root
2026-04-16 17:43:02,631 - INFO - [2022] MISSING_CENTRAL: TTZ2E1Mu/Central/jets/1/pt in Skim_TriLep_DYJets.root
2026-04-16 17:43:02,633 - INFO - [2022] MISSING_CENTRAL: TTZ2E1Mu/Central/jets/1/pt in Skim_TriLep_DYJets10to50.root
2026-04-16 17:43:02,930 - INFO - [2022EE] MISSING_CENTRAL: TTZ2E1Mu/Central/jets/1/pt in Skim_TriLep_DYJets10to50.root
2026-04-16 17:43:03,102 - INFO - [2022EE] MISSING_CENTRAL: TTZ2E1Mu/Central/jets/1/pt in Skim_TriLep_WWW.root
2026-04-16 17:43:03,200 - INFO - [2023] MISSING_CENTRAL: TTZ2E1Mu/Central/jets/1/pt in Skim_TriLep_DYJets.root
2026-04-16 17:43:03,200 - INFO - [2023] MISSING_CENTRAL: TTZ2E1Mu/Central/jets/1/pt in Skim_TriLep_DYJets10to50.root
2026-04-16 17:43:03,372 - INFO - [2023] MISSING_CENTRAL: TTZ2E1Mu/Central/jets/1/pt in Skim_TriLep_WWW.root
2026-04-16 17:43:03,486 - INFO - [2023BPix] MISSING_CENTRAL: TTZ2E1Mu/Central/jets/1/pt in Skim_TriLep_DYJets10to50.root
2026-04-28 15:21:49,388 - INFO - [2022] MISSING_CENTRAL: TTZ2E1Mu/Central/jets/1/pt in Skim_TriLep_DYJets.root
2026-04-28 15:21:49,389 - INFO - [2022] MISSING_CENTRAL: TTZ2E1Mu/Central/jets/1/pt in Skim_TriLep_DYJets10to50.root
2026-04-28 15:21:49,691 - INFO - [2022EE] MISSING_CENTRAL: TTZ2E1Mu/Central/jets/1/pt in Skim_TriLep_DYJets10to50.root
2026-04-28 15:21:49,859 - INFO - [2022EE] MISSING_CENTRAL: TTZ2E1Mu/Central/jets/1/pt in Skim_TriLep_WWW.root
2026-04-28 15:21:49,943 - INFO - [2023] MISSING_CENTRAL: TTZ2E1Mu/Central/jets/1/pt in Skim_TriLep_DYJets.root
2026-04-28 15:21:49,943 - INFO - [2023] MISSING_CENTRAL: TTZ2E1Mu/Central/jets/1/pt in Skim_TriLep_DYJets10to50.root
2026-04-28 15:21:50,087 - INFO - [2023] MISSING_CENTRAL: TTZ2E1Mu/Central/jets/1/pt in Skim_TriLep_WWW.root
2026-04-28 15:21:50,182 - INFO - [2023BPix] MISSING_CENTRAL: TTZ2E1Mu/Central/jets/1/pt in Skim_TriLep_DYJets10to50.root
2026-04-28 20:34:52,578 - INFO - [2022] MISSING_CENTRAL: TTZ2E1Mu/Central/jets/1/pt in Skim_TriLep_DYJets.root
2026-04-28 20:34:52,579 - INFO - [2022] MISSING_CENTRAL: TTZ2E1Mu/Central/jets/1/pt in Skim_TriLep_DYJets10to50.root
2026-04-28 20:34:52,859 - INFO - [2022EE] MISSING_CENTRAL: TTZ2E1Mu/Central/jets/1/pt in Skim_TriLep_DYJets10to50.root
2026-04-28 20:34:53,029 - INFO - [2022EE] MISSING_CENTRAL: TTZ2E1Mu/Central/jets/1/pt in Skim_TriLep_WWW.root
2026-04-28 20:34:53,130 - INFO - [2023] MISSING_CENTRAL: TTZ2E1Mu/Central/jets/1/pt in Skim_TriLep_DYJets.root
2026-04-28 20:34:53,131 - INFO - [2023] MISSING_CENTRAL: TTZ2E1Mu/Central/jets/1/pt in Skim_TriLep_DYJets10to50.root
2026-04-28 20:34:53,306 - INFO - [2023] MISSING_CENTRAL: TTZ2E1Mu/Central/jets/1/pt in Skim_TriLep_WWW.root
2026-04-28 20:34:53,449 - INFO - [2023BPix] MISSING_CENTRAL: TTZ2E1Mu/Central/jets/1/pt in Skim_TriLep_DYJets10to50.root
2026-05-04 15:41:33,534 - INFO - [2022] MISSING_CENTRAL: TTZ2E1Mu/Central/jets/1/pt in Skim_TriLep_DYJets.root
2026-05-04 15:41:33,535 - INFO - [2022] MISSING_CENTRAL: TTZ2E1Mu/Central/jets/1/pt in Skim_TriLep_DYJets10to50.root
2026-05-04 15:41:33,831 - INFO - [2022EE] MISSING_CENTRAL: TTZ2E1Mu/Central/jets/1/pt in Skim_TriLep_DYJets10to50.root
2026-05-04 15:41:34,003 - INFO - [2022EE] MISSING_CENTRAL: TTZ2E1Mu/Central/jets/1/pt in Skim_TriLep_WWW.root
2026-05-04 15:41:34,099 - INFO - [2023] MISSING_CENTRAL: TTZ2E1Mu/Central/jets/1/pt in Skim_TriLep_DYJets.root
2026-05-04 15:41:34,100 - INFO - [2023] MISSING_CENTRAL: TTZ2E1Mu/Central/jets/1/pt in Skim_TriLep_DYJets10to50.root
2026-05-04 15:41:34,276 - INFO - [2023] MISSING_CENTRAL: TTZ2E1Mu/Central/jets/1/pt in Skim_TriLep_WWW.root
2026-05-04 15:41:34,401 - INFO - [2023BPix] MISSING_CENTRAL: TTZ2E1Mu/Central/jets/1/pt in Skim_TriLep_DYJets10to50.root
2026-05-04 16:05:32,989 - INFO - [2022] MISSING_CENTRAL: TTZ2E1Mu/Central/jets/1/pt in Skim_TriLep_DYJets.root
2026-05-04 16:05:32,990 - INFO - [2022] MISSING_CENTRAL: TTZ2E1Mu/Central/jets/1/pt in Skim_TriLep_DYJets10to50.root
2026-05-04 16:05:33,266 - INFO - [2022EE] MISSING_CENTRAL: TTZ2E1Mu/Central/jets/1/pt in Skim_TriLep_DYJets10to50.root
2026-05-04 16:05:33,432 - INFO - [2022EE] MISSING_CENTRAL: TTZ2E1Mu/Central/jets/1/pt in Skim_TriLep_WWW.root
2026-05-04 16:05:33,530 - INFO - [2023] MISSING_CENTRAL: TTZ2E1Mu/Central/jets/1/pt in Skim_TriLep_DYJets.root
2026-05-04 16:05:33,531 - INFO - [2023] MISSING_CENTRAL: TTZ2E1Mu/Central/jets/1/pt in Skim_TriLep_DYJets10to50.root
2026-05-04 16:05:33,700 - INFO - [2023] MISSING_CENTRAL: TTZ2E1Mu/Central/jets/1/pt in Skim_TriLep_WWW.root
2026-05-04 16:05:33,810 - INFO - [2023BPix] MISSING_CENTRAL: TTZ2E1Mu/Central/jets/1/pt in Skim_TriLep_DYJets10to50.root
2026-05-04 17:12:26,629 - INFO - [2022] MISSING_CENTRAL: TTZ2E1Mu/Central/jets/1/pt in Skim_TriLep_DYJets.root
2026-05-04 17:12:26,630 - INFO - [2022] MISSING_CENTRAL: TTZ2E1Mu/Central/jets/1/pt in Skim_TriLep_DYJets10to50.root
2026-05-04 17:12:26,976 - INFO - [2022EE] MISSING_CENTRAL: TTZ2E1Mu/Central/jets/1/pt in Skim_TriLep_DYJets10to50.root
2026-05-04 17:12:27,152 - INFO - [2022EE] MISSING_CENTRAL: TTZ2E1Mu/Central/jets/1/pt in Skim_TriLep_WWW.root
2026-05-04 17:12:27,257 - INFO - [2023] MISSING_CENTRAL: TTZ2E1Mu/Central/jets/1/pt in Skim_TriLep_DYJets.root
2026-05-04 17:12:27,258 - INFO - [2023] MISSING_CENTRAL: TTZ2E1Mu/Central/jets/1/pt in Skim_TriLep_DYJets10to50.root
2026-05-04 17:12:27,442 - INFO - [2023] MISSING_CENTRAL: TTZ2E1Mu/Central/jets/1/pt in Skim_TriLep_WWW.root
2026-05-04 17:12:27,554 - INFO - [2023BPix] MISSING_CENTRAL: TTZ2E1Mu/Central/jets/1/pt in Skim_TriLep_DYJets10to50.root
2026-05-28 15:49:02,772 - INFO - [2022] MISSING_CENTRAL: TTZ2E1Mu/Central/jets/1/pt in Skim_TriLep_DYJets.root
2026-05-28 15:49:02,774 - INFO - [2022] MISSING_CENTRAL: TTZ2E1Mu/Central/jets/1/pt in Skim_TriLep_DYJets10to50.root
2026-05-28 15:49:03,267 - INFO - [2022EE] MISSING_CENTRAL: TTZ2E1Mu/Central/jets/1/pt in Skim_TriLep_DYJets10to50.root
2026-05-28 15:49:03,554 - INFO - [2022EE] MISSING_CENTRAL: TTZ2E1Mu/Central/jets/1/pt in Skim_TriLep_WWW.root
2026-05-28 15:49:03,713 - INFO - [2023] MISSING_CENTRAL: TTZ2E1Mu/Central/jets/1/pt in Skim_TriLep_DYJets.root
2026-05-28 15:49:03,714 - INFO - [2023] MISSING_CENTRAL: TTZ2E1Mu/Central/jets/1/pt in Skim_TriLep_DYJets10to50.root
2026-05-28 15:49:04,084 - INFO - [2023] MISSING_CENTRAL: TTZ2E1Mu/Central/jets/1/pt in Skim_TriLep_WWW.root
2026-05-28 15:49:04,268 - INFO - [2023BPix] MISSING_CENTRAL: TTZ2E1Mu/Central/jets/1/pt in Skim_TriLep_DYJets10to50.root
2026-05-29 15:22:41,018 - INFO - [2022] MISSING_CENTRAL: TTZ2E1Mu/Central/jets/1/pt in Skim_TriLep_DYJets.root
2026-05-29 15:22:41,018 - INFO - [2022] MISSING_CENTRAL: TTZ2E1Mu/Central/jets/1/pt in Skim_TriLep_DYJets10to50.root
2026-05-29 15:22:41,314 - INFO - [2022EE] MISSING_CENTRAL: TTZ2E1Mu/Central/jets/1/pt in Skim_TriLep_DYJets10to50.root
2026-05-29 15:22:41,482 - INFO - [2022EE] MISSING_CENTRAL: TTZ2E1Mu/Central/jets/1/pt in Skim_TriLep_WWW.root
2026-05-29 15:22:41,578 - INFO - [2023] MISSING_CENTRAL: TTZ2E1Mu/Central/jets/1/pt in Skim_TriLep_DYJets.root
2026-05-29 15:22:41,578 - INFO - [2023] MISSING_CENTRAL: TTZ2E1Mu/Central/jets/1/pt in Skim_TriLep_DYJets10to50.root
2026-05-29 15:22:41,745 - INFO - [2023] MISSING_CENTRAL: TTZ2E1Mu/Central/jets/1/pt in Skim_TriLep_WWW.root
2026-05-29 15:22:41,852 - INFO - [2023BPix] MISSING_CENTRAL: TTZ2E1Mu/Central/jets/1/pt in Skim_TriLep_DYJets10to50.root
2026-05-29 15:40:07,313 - INFO - [2022] MISSING_CENTRAL: TTZ2E1Mu/Central/jets/1/pt in Skim_TriLep_DYJets.root
2026-05-29 15:40:07,314 - INFO - [2022] MISSING_CENTRAL: TTZ2E1Mu/Central/jets/1/pt in Skim_TriLep_DYJets10to50.root
2026-05-29 15:40:07,597 - INFO - [2022EE] MISSING_CENTRAL: TTZ2E1Mu/Central/jets/1/pt in Skim_TriLep_DYJets10to50.root
2026-05-29 15:40:07,764 - INFO - [2022EE] MISSING_CENTRAL: TTZ2E1Mu/Central/jets/1/pt in Skim_TriLep_WWW.root
2026-05-29 15:40:07,859 - INFO - [2023] MISSING_CENTRAL: TTZ2E1Mu/Central/jets/1/pt in Skim_TriLep_DYJets.root
2026-05-29 15:40:07,859 - INFO - [2023] MISSING_CENTRAL: TTZ2E1Mu/Central/jets/1/pt in Skim_TriLep_DYJets10to50.root
2026-05-29 15:40:08,031 - INFO - [2023] MISSING_CENTRAL: TTZ2E1Mu/Central/jets/1/pt in Skim_TriLep_WWW.root
2026-05-29 15:40:08,143 - INFO - [2023BPix] MISSING_CENTRAL: TTZ2E1Mu/Central/jets/1/pt in Skim_TriLep_DYJets10to50.root
2026-05-29 18:31:30,025 - INFO - [2022] MISSING_CENTRAL: TTZ2E1Mu/Central/jets/1/pt in Skim_TriLep_DYJets.root
2026-05-29 18:31:30,026 - INFO - [2022] MISSING_CENTRAL: TTZ2E1Mu/Central/jets/1/pt in Skim_TriLep_DYJets10to50.root
2026-05-29 18:31:30,320 - INFO - [2022EE] MISSING_CENTRAL: TTZ2E1Mu/Central/jets/1/pt in Skim_TriLep_DYJets10to50.root
2026-05-29 18:31:30,492 - INFO - [2022EE] MISSING_CENTRAL: TTZ2E1Mu/Central/jets/1/pt in Skim_TriLep_WWW.root
2026-05-29 18:31:30,588 - INFO - [2023] MISSING_CENTRAL: TTZ2E1Mu/Central/jets/1/pt in Skim_TriLep_DYJets.root
2026-05-29 18:31:30,589 - INFO - [2023] MISSING_CENTRAL: TTZ2E1Mu/Central/jets/1/pt in Skim_TriLep_DYJets10to50.root
2026-05-29 18:31:30,759 - INFO - [2023] MISSING_CENTRAL: TTZ2E1Mu/Central/jets/1/pt in Skim_TriLep_WWW.root
2026-05-29 18:31:30,872 - INFO - [2023BPix] MISSING_CENTRAL: TTZ2E1Mu/Central/jets/1/pt in Skim_TriLep_DYJets10to50.root
2026-06-03 21:10:12,253 - INFO - [2022] MISSING_CENTRAL: TTZ2E1Mu/Central/jets/1/pt in Skim_TriLep_DYJets.root
2026-06-03 21:10:12,254 - INFO - [2022] MISSING_CENTRAL: TTZ2E1Mu/Central/jets/1/pt in Skim_TriLep_DYJets10to50.root
2026-06-03 21:10:12,552 - INFO - [2022EE] MISSING_CENTRAL: TTZ2E1Mu/Central/jets/1/pt in Skim_TriLep_DYJets10to50.root
2026-06-03 21:10:12,729 - INFO - [2022EE] MISSING_CENTRAL: TTZ2E1Mu/Central/jets/1/pt in Skim_TriLep_WWW.root
2026-06-03 21:10:12,831 - INFO - [2023] MISSING_CENTRAL: TTZ2E1Mu/Central/jets/1/pt in Skim_TriLep_DYJets.root
2026-06-03 21:10:12,832 - INFO - [2023] MISSING_CENTRAL: TTZ2E1Mu/Central/jets/1/pt in Skim_TriLep_DYJets10to50.root
2026-06-03 21:10:13,009 - INFO - [2023] MISSING_CENTRAL: TTZ2E1Mu/Central/jets/1/pt in Skim_TriLep_WWW.root
2026-06-03 21:10:13,121 - INFO - [2023BPix] MISSING_CENTRAL: TTZ2E1Mu/Central/jets/1/pt in Skim_TriLep_DYJets10to50.root
2026-06-12 14:00:00,588 - INFO - [2022] MISSING_CENTRAL: TTZ2E1Mu/Central/jets/1/pt in Skim_TriLep_DYJets.root
2026-06-12 14:00:00,589 - INFO - [2022] MISSING_CENTRAL: TTZ2E1Mu/Central/jets/1/pt in Skim_TriLep_DYJets10to50.root
2026-06-12 14:00:00,833 - INFO - [2022EE] MISSING_CENTRAL: TTZ2E1Mu/Central/jets/1/pt in Skim_TriLep_DYJets10to50.root
2026-06-12 14:00:00,964 - INFO - [2022EE] MISSING_CENTRAL: TTZ2E1Mu/Central/jets/1/pt in Skim_TriLep_WWW.root
2026-06-12 14:00:01,042 - INFO - [2023] MISSING_CENTRAL: TTZ2E1Mu/Central/jets/1/pt in Skim_TriLep_DYJets.root
2026-06-12 14:00:01,042 - INFO - [2023] MISSING_CENTRAL: TTZ2E1Mu/Central/jets/1/pt in Skim_TriLep_DYJets10to50.root
2026-06-12 14:00:01,186 - INFO - [2023] MISSING_CENTRAL: TTZ2E1Mu/Central/jets/1/pt in Skim_TriLep_WWW.root
2026-06-12 14:00:01,297 - INFO - [2023BPix] MISSING_CENTRAL: TTZ2E1Mu/Central/jets/1/pt in Skim_TriLep_DYJets10to50.root
2026-06-12 14:12:03,321 - INFO - [2022] MISSING_CENTRAL: TTZ2E1Mu/Central/jets/1/pt in Skim_TriLep_DYJets.root
2026-06-12 14:12:03,322 - INFO - [2022] MISSING_CENTRAL: TTZ2E1Mu/Central/jets/1/pt in Skim_TriLep_DYJets10to50.root
2026-06-12 14:12:03,594 - INFO - [2022EE] MISSING_CENTRAL: TTZ2E1Mu/Central/jets/1/pt in Skim_TriLep_DYJets10to50.root
2026-06-12 14:12:03,761 - INFO - [2022EE] MISSING_CENTRAL: TTZ2E1Mu/Central/jets/1/pt in Skim_TriLep_WWW.root
2026-06-12 14:12:03,860 - INFO - [2023] MISSING_CENTRAL: TTZ2E1Mu/Central/jets/1/pt in Skim_TriLep_DYJets.root
2026-06-12 14:12:03,861 - INFO - [2023] MISSING_CENTRAL: TTZ2E1Mu/Central/jets/1/pt in Skim_TriLep_DYJets10to50.root
2026-06-12 14:12:04,032 - INFO - [2023] MISSING_CENTRAL: TTZ2E1Mu/Central/jets/1/pt in Skim_TriLep_WWW.root
2026-06-12 14:12:04,137 - INFO - [2023BPix] MISSING_CENTRAL: TTZ2E1Mu/Central/jets/1/pt in Skim_TriLep_DYJets10to50.root
2026-06-12 14:35:58,939 - INFO - [2022] MISSING_CENTRAL: TTZ2E1Mu/Central/jets/1/pt in Skim_TriLep_DYJets.root
2026-06-12 14:35:58,939 - INFO - [2022] MISSING_CENTRAL: TTZ2E1Mu/Central/jets/1/pt in Skim_TriLep_DYJets10to50.root
2026-06-12 14:35:59,213 - INFO - [2022EE] MISSING_CENTRAL: TTZ2E1Mu/Central/jets/1/pt in Skim_TriLep_DYJets10to50.root
2026-06-12 14:35:59,381 - INFO - [2022EE] MISSING_CENTRAL: TTZ2E1Mu/Central/jets/1/pt in Skim_TriLep_WWW.root
2026-06-12 14:35:59,478 - INFO - [2023] MISSING_CENTRAL: TTZ2E1Mu/Central/jets/1/pt in Skim_TriLep_DYJets.root
2026-06-12 14:35:59,478 - INFO - [2023] MISSING_CENTRAL: TTZ2E1Mu/Central/jets/1/pt in Skim_TriLep_DYJets10to50.root
2026-06-12 14:35:59,652 - INFO - [2023] MISSING_CENTRAL: TTZ2E1Mu/Central/jets/1/pt in Skim_TriLep_WWW.root
2026-06-12 14:35:59,760 - INFO - [2023BPix] MISSING_CENTRAL: TTZ2E1Mu/Central/jets/1/pt in Skim_TriLep_DYJets10to50.root
2026-06-18 00:30:46,870 - INFO - [2022] MISSING_CENTRAL: TTZ2E1Mu/Central/jets/1/pt in Skim_TriLep_DYJets.root
2026-06-18 00:30:46,874 - INFO - [2022] MISSING_CENTRAL: TTZ2E1Mu/Central/jets/1/pt in Skim_TriLep_DYJets10to50.root
2026-06-18 00:30:47,192 - INFO - [2022EE] MISSING_CENTRAL: TTZ2E1Mu/Central/jets/1/pt in Skim_TriLep_DYJets10to50.root
2026-06-18 00:30:47,402 - INFO - [2022EE] MISSING_CENTRAL: TTZ2E1Mu/Central/jets/1/pt in Skim_TriLep_WWW.root
2026-06-18 00:30:47,502 - INFO - [2023] MISSING_CENTRAL: TTZ2E1Mu/Central/jets/1/pt in Skim_TriLep_DYJets.root
2026-06-18 00:30:47,503 - INFO - [2023] MISSING_CENTRAL: TTZ2E1Mu/Central/jets/1/pt in Skim_TriLep_DYJets10to50.root
2026-06-18 00:30:47,741 - INFO - [2023] MISSING_CENTRAL: TTZ2E1Mu/Central/jets/1/pt in Skim_TriLep_WWW.root
2026-06-18 00:30:47,859 - INFO - [2023BPix] MISSING_CENTRAL: TTZ2E1Mu/Central/jets/1/pt in Skim_TriLep_DYJets10to50.root
2026-07-01 17:45:04,014 - INFO - [2022] MISSING_CENTRAL: TTZ2E1Mu/Central/jets/1/pt in Skim_TriLep_DYJets.root
2026-07-01 17:45:04,015 - INFO - [2022] MISSING_CENTRAL: TTZ2E1Mu/Central/jets/1/pt in Skim_TriLep_DYJets10to50.root
2026-07-01 17:45:04,630 - INFO - [2022EE] MISSING_CENTRAL: TTZ2E1Mu/Central/jets/1/pt in Skim_TriLep_DYJets10to50.root
2026-07-01 17:45:04,994 - INFO - [2022EE] MISSING_CENTRAL: TTZ2E1Mu/Central/jets/1/pt in Skim_TriLep_WWW.root
2026-07-01 17:45:05,182 - INFO - [2023] MISSING_CENTRAL: TTZ2E1Mu/Central/jets/1/pt in Skim_TriLep_DYJets.root
2026-07-01 17:45:05,184 - INFO - [2023] MISSING_CENTRAL: TTZ2E1Mu/Central/jets/1/pt in Skim_TriLep_DYJets10to50.root
2026-07-01 17:45:05,648 - INFO - [2023] MISSING_CENTRAL: TTZ2E1Mu/Central/jets/1/pt in Skim_TriLep_WWW.root
2026-07-01 17:45:05,835 - INFO - [2023BPix] MISSING_CENTRAL: TTZ2E1Mu/Central/jets/1/pt in Skim_TriLep_DYJets10to50.root
2026-07-01 17:52:00,930 - INFO - [2022] MISSING_CENTRAL: TTZ2E1Mu/Central/jets/1/pt in Skim_TriLep_DYJets.root
2026-07-01 17:52:00,932 - INFO - [2022] MISSING_CENTRAL: TTZ2E1Mu/Central/jets/1/pt in Skim_TriLep_DYJets10to50.root
2026-07-01 17:52:01,538 - INFO - [2022EE] MISSING_CENTRAL: TTZ2E1Mu/Central/jets/1/pt in Skim_TriLep_DYJets10to50.root
2026-07-01 17:52:01,941 - INFO - [2022EE] MISSING_CENTRAL: TTZ2E1Mu/Central/jets/1/pt in Skim_TriLep_WWW.root
2026-07-01 17:52:02,107 - INFO - [2023] MISSING_CENTRAL: TTZ2E1Mu/Central/jets/1/pt in Skim_TriLep_DYJets.root
2026-07-01 17:52:02,109 - INFO - [2023] MISSING_CENTRAL: TTZ2E1Mu/Central/jets/1/pt in Skim_TriLep_DYJets10to50.root
2026-07-01 17:52:02,506 - INFO - [2023] MISSING_CENTRAL: TTZ2E1Mu/Central/jets/1/pt in Skim_TriLep_WWW.root
2026-07-01 17:52:02,689 - INFO - [2023BPix] MISSING_CENTRAL: TTZ2E1Mu/Central/jets/1/pt in Skim_TriLep_DYJets10to50.root
2026-07-21 19:44:47,101 - INFO - [2022] MISSING_CENTRAL: TTZ2E1Mu/Central/jets/1/pt in Skim_TriLep_DYJets.root
2026-07-21 19:44:47,102 - INFO - [2022] MISSING_CENTRAL: TTZ2E1Mu/Central/jets/1/pt in Skim_TriLep_DYJets10to50.root
2026-07-21 19:44:47,575 - INFO - [2022EE] MISSING_CENTRAL: TTZ2E1Mu/Central/jets/1/pt in Skim_TriLep_DYJets10to50.root
2026-07-21 19:44:47,916 - INFO - [2022EE] MISSING_CENTRAL: TTZ2E1Mu/Central/jets/1/pt in Skim_TriLep_WWW.root
2026-07-21 19:44:48,062 - INFO - [2023] MISSING_CENTRAL: TTZ2E1Mu/Central/jets/1/pt in Skim_TriLep_DYJets.root
2026-07-21 19:44:48,063 - INFO - [2023] MISSING_CENTRAL: TTZ2E1Mu/Central/jets/1/pt in Skim_TriLep_DYJets10to50.root
2026-07-21 19:44:48,462 - INFO - [2023] MISSING_CENTRAL: TTZ2E1Mu/Central/jets/1/pt in Skim_TriLep_WWW.root
2026-07-21 19:44:48,669 - INFO - [2023BPix] MISSING_CENTRAL: TTZ2E1Mu/Central/jets/1/pt in Skim_TriLep_DYJets10to50.root
2026-08-18 18:29:06,396 - INFO - [2022] MISSING_CENTRAL: TTZ2E1Mu/Central/jets/1/pt in Skim_TriLep_DYJets.root
2026-08-18 18:29:06,401 - INFO - [2022] MISSING_CENTRAL: TTZ2E1Mu/Central/jets/1/pt in Skim_TriLep_DYJets10to50.root
2026-08-18 18:29:06,932 - INFO - [2022EE] MISSING_CENTRAL: TTZ2E1Mu/Central/jets/1/pt in Skim_TriLep_DYJets10to50.root
2026-08-18 18:29:07,298 - INFO - [2022EE] MISSING_CENTRAL: TTZ2E1Mu/Central/jets/1/pt in Skim_TriLep_WWW.root
2026-08-18 18:29:07,457 - INFO - [2023] MISSING_CENTRAL: TTZ2E1Mu/Central/jets/1/pt in Skim_TriLep_DYJets.root
2026-08-18 18:29:07,458 - INFO - [2023] MISSING_CENTRAL: TTZ2E1Mu/Central/jets/1/pt in Skim_TriLep_DYJets10to50.root
2026-08-18 18:29:07,913 - INFO - [2023] MISSING_CENTRAL: TTZ2E1Mu/Central/jets/1/pt in Skim_TriLep_WWW.root
2026-08-18 18:29:08,169 - INFO - [2023BPix] MISSING_CENTRAL: TTZ2E1Mu/Central/jets/1/pt in Skim_TriLep_DYJets10to50.root
2026-08-19 10:23:26,862 - INFO - [2022] MISSING_CENTRAL: TTZ2E1Mu/Central/jets/1/pt in Skim_TriLep_DYJets.root
2026-08-19 10:23:26,862 - INFO - [2022] MISSING_CENTRAL: TTZ2E1Mu/Central/jets/1/pt in Skim_TriLep_DYJets10to50.root
2026-08-19 10:23:27,398 - INFO - [2022EE] MISSING_CENTRAL: TTZ2E1Mu/Central/jets/1/pt in Skim_TriLep_DYJets10to50.root
2026-08-19 10:23:27,769 - INFO - [2022EE] MISSING_CENTRAL: TTZ2E1Mu/Central/jets/1/pt in Skim_TriLep_WWW.root
2026-08-19 10:23:27,935 - INFO - [2023] MISSING_CENTRAL: TTZ2E1Mu/Central/jets/1/pt in Skim_TriLep_DYJets.root
2026-08-19 10:23:27,935 - INFO - [2023] MISSING_CENTRAL: TTZ2E1Mu/Central/jets/1/pt in Skim_TriLep_DYJets10to50.root
2026-08-19 10:23:28,377 - INFO - [2023] MISSING_CENTRAL: TTZ2E1Mu/Central/jets/1/pt in Skim_TriLep_WWW.root
2026-08-19 10:23:28,602 - INFO - [2023BPix] MISSING_CENTRAL: TTZ2E1Mu/Central/jets/1/pt in Skim_TriLep_DYJets10to50.root
