2025-12-18 14:49:44,915 - INFO - [2022] MISSING_CENTRAL: TTZ2E1Mu/Central/pair/mass in Skim_TriLep_DYJets.root
2025-12-18 14:49:44,929 - INFO - [2022] MISSING_CENTRAL: TTZ2E1Mu/Central/pair/mass in Skim_TriLep_DYJets10to50.root
2025-12-18 14:49:45,281 - INFO - [2022EE] MISSING_CENTRAL: TTZ2E1Mu/Central/pair/mass in Skim_TriLep_DYJets.root
2025-12-18 14:49:45,287 - INFO - [2022EE] MISSING_CENTRAL: TTZ2E1Mu/Central/pair/mass in Skim_TriLep_DYJets10to50.root
2025-12-18 14:49:45,497 - INFO - [2022EE] MISSING_CENTRAL: TTZ2E1Mu/Central/pair/mass in Skim_TriLep_WWW.root
2025-12-18 14:49:45,593 - INFO - [2023] MISSING_CENTRAL: TTZ2E1Mu/Central/pair/mass in Skim_TriLep_DYJets.root
2025-12-18 14:49:45,594 - INFO - [2023] MISSING_CENTRAL: TTZ2E1Mu/Central/pair/mass in Skim_TriLep_DYJets10to50.root
2025-12-18 14:49:45,777 - INFO - [2023] MISSING_CENTRAL: TTZ2E1Mu/Central/pair/mass in Skim_TriLep_WWW.root
2025-12-18 14:49:45,916 - INFO - [2023BPix] MISSING_CENTRAL: TTZ2E1Mu/Central/pair/mass in Skim_TriLep_DYJets10to50.root
2025-12-18 21:35:56,511 - INFO - [2022] MISSING_CENTRAL: TTZ2E1Mu/Central/pair/mass in Skim_TriLep_DYJets.root
2025-12-18 21:35:56,512 - INFO - [2022] MISSING_CENTRAL: TTZ2E1Mu/Central/pair/mass in Skim_TriLep_DYJets10to50.root
2025-12-18 21:35:56,771 - INFO - [2022EE] MISSING_CENTRAL: TTZ2E1Mu/Central/pair/mass in Skim_TriLep_DYJets.root
2025-12-18 21:35:56,771 - INFO - [2022EE] MISSING_CENTRAL: TTZ2E1Mu/Central/pair/mass in Skim_TriLep_DYJets10to50.root
2025-12-18 21:35:56,930 - INFO - [2022EE] MISSING_CENTRAL: TTZ2E1Mu/Central/pair/mass in Skim_TriLep_WWW.root
2025-12-18 21:35:57,020 - INFO - [2023] MISSING_CENTRAL: TTZ2E1Mu/Central/pair/mass in Skim_TriLep_DYJets.root
2025-12-18 21:35:57,021 - INFO - [2023] MISSING_CENTRAL: TTZ2E1Mu/Central/pair/mass in Skim_TriLep_DYJets10to50.root
2025-12-18 21:35:57,175 - INFO - [2023] MISSING_CENTRAL: TTZ2E1Mu/Central/pair/mass in Skim_TriLep_WWW.root
2025-12-18 21:35:57,281 - INFO - [2023BPix] MISSING_CENTRAL: TTZ2E1Mu/Central/pair/mass in Skim_TriLep_DYJets10to50.root
2025-12-18 23:45:07,144 - INFO - [2022] MISSING_CENTRAL: TTZ2E1Mu/Central/pair/mass in Skim_TriLep_DYJets.root
2025-12-18 23:45:07,145 - INFO - [2022] MISSING_CENTRAL: TTZ2E1Mu/Central/pair/mass in Skim_TriLep_DYJets10to50.root
2025-12-18 23:45:07,296 - INFO - [2022EE] MISSING_CENTRAL: TTZ2E1Mu/Central/pair/mass in Skim_TriLep_DYJets.root
2025-12-18 23:45:07,297 - INFO - [2022EE] MISSING_CENTRAL: TTZ2E1Mu/Central/pair/mass in Skim_TriLep_DYJets10to50.root
2025-12-18 23:45:07,417 - INFO - [2022EE] MISSING_CENTRAL: TTZ2E1Mu/Central/pair/mass in Skim_TriLep_WWW.root
2025-12-18 23:45:07,468 - INFO - [2023] MISSING_CENTRAL: TTZ2E1Mu/Central/pair/mass in Skim_TriLep_DYJets.root
2025-12-18 23:45:07,468 - INFO - [2023] MISSING_CENTRAL: TTZ2E1Mu/Central/pair/mass in Skim_TriLep_DYJets10to50.root
2025-12-18 23:45:07,560 - INFO - [2023] MISSING_CENTRAL: TTZ2E1Mu/Central/pair/mass in Skim_TriLep_WWW.root
2025-12-18 23:45:07,623 - INFO - [2023BPix] MISSING_CENTRAL: TTZ2E1Mu/Central/pair/mass in Skim_TriLep_DYJets10to50.root
2026-01-07 11:25:06,322 - INFO - [2022] MISSING_CENTRAL: TTZ2E1Mu/Central/pair/mass in Skim_TriLep_DYJets.root
2026-01-07 11:25:06,323 - INFO - [2022] MISSING_CENTRAL: TTZ2E1Mu/Central/pair/mass in Skim_TriLep_DYJets10to50.root
2026-01-07 11:25:06,605 - INFO - [2022EE] MISSING_CENTRAL: TTZ2E1Mu/Central/pair/mass in Skim_TriLep_DYJets.root
2026-01-07 11:25:06,607 - INFO - [2022EE] MISSING_CENTRAL: TTZ2E1Mu/Central/pair/mass in Skim_TriLep_DYJets10to50.root
2026-01-07 11:25:06,790 - INFO - [2022EE] MISSING_CENTRAL: TTZ2E1Mu/Central/pair/mass in Skim_TriLep_WWW.root
2026-01-07 11:25:06,906 - INFO - [2023] MISSING_CENTRAL: TTZ2E1Mu/Central/pair/mass in Skim_TriLep_DYJets.root
2026-01-07 11:25:06,908 - INFO - [2023] MISSING_CENTRAL: TTZ2E1Mu/Central/pair/mass in Skim_TriLep_DYJets10to50.root
2026-01-07 11:25:07,205 - INFO - [2023] MISSING_CENTRAL: TTZ2E1Mu/Central/pair/mass in Skim_TriLep_WWW.root
2026-01-07 11:25:07,412 - INFO - [2023BPix] MISSING_CENTRAL: TTZ2E1Mu/Central/pair/mass in Skim_TriLep_DYJets10to50.root
2026-01-07 11:57:55,967 - INFO - [2022] MISSING_CENTRAL: TTZ2E1Mu/Central/pair/mass in Skim_TriLep_DYJets.root
2026-01-07 11:57:55,968 - INFO - [2022] MISSING_CENTRAL: TTZ2E1Mu/Central/pair/mass in Skim_TriLep_DYJets10to50.root
2026-01-07 11:57:56,224 - INFO - [2022EE] MISSING_CENTRAL: TTZ2E1Mu/Central/pair/mass in Skim_TriLep_DYJets.root
2026-01-07 11:57:56,225 - INFO - [2022EE] MISSING_CENTRAL: TTZ2E1Mu/Central/pair/mass in Skim_TriLep_DYJets10to50.root
2026-01-07 11:57:56,380 - INFO - [2022EE] MISSING_CENTRAL: TTZ2E1Mu/Central/pair/mass in Skim_TriLep_WWW.root
2026-01-07 11:57:56,474 - INFO - [2023] MISSING_CENTRAL: TTZ2E1Mu/Central/pair/mass in Skim_TriLep_DYJets.root
2026-01-07 11:57:56,475 - INFO - [2023] MISSING_CENTRAL: TTZ2E1Mu/Central/pair/mass in Skim_TriLep_DYJets10to50.root
2026-01-07 11:57:56,643 - INFO - [2023] MISSING_CENTRAL: TTZ2E1Mu/Central/pair/mass in Skim_TriLep_WWW.root
2026-01-07 11:57:56,757 - INFO - [2023BPix] MISSING_CENTRAL: TTZ2E1Mu/Central/pair/mass in Skim_TriLep_DYJets10to50.root
2026-01-07 18:54:33,774 - INFO - [2022] MISSING_CENTRAL: TTZ2E1Mu/Central/pair/mass in Skim_TriLep_DYJets.root
2026-01-07 18:54:33,775 - INFO - [2022] MISSING_CENTRAL: TTZ2E1Mu/Central/pair/mass in Skim_TriLep_DYJets10to50.root
2026-01-07 18:54:34,028 - INFO - [2022EE] MISSING_CENTRAL: TTZ2E1Mu/Central/pair/mass in Skim_TriLep_DYJets.root
2026-01-07 18:54:34,029 - INFO - [2022EE] MISSING_CENTRAL: TTZ2E1Mu/Central/pair/mass in Skim_TriLep_DYJets10to50.root
2026-01-07 18:54:34,183 - INFO - [2022EE] MISSING_CENTRAL: TTZ2E1Mu/Central/pair/mass in Skim_TriLep_WWW.root
2026-01-07 18:54:34,275 - INFO - [2023] MISSING_CENTRAL: TTZ2E1Mu/Central/pair/mass in Skim_TriLep_DYJets.root
2026-01-07 18:54:34,276 - INFO - [2023] MISSING_CENTRAL: TTZ2E1Mu/Central/pair/mass in Skim_TriLep_DYJets10to50.root
2026-01-07 18:54:34,440 - INFO - [2023] MISSING_CENTRAL: TTZ2E1Mu/Central/pair/mass in Skim_TriLep_WWW.root
2026-01-07 18:54:34,548 - INFO - [2023BPix] MISSING_CENTRAL: TTZ2E1Mu/Central/pair/mass in Skim_TriLep_DYJets10to50.root
2026-01-09 12:30:00,696 - INFO - [2022] MISSING_CENTRAL: TTZ2E1Mu/Central/pair/mass in Skim_TriLep_DYJets.root
2026-01-09 12:30:00,700 - INFO - [2022] MISSING_CENTRAL: TTZ2E1Mu/Central/pair/mass in Skim_TriLep_DYJets10to50.root
2026-01-09 12:30:00,851 - INFO - [2022EE] MISSING_CENTRAL: TTZ2E1Mu/Central/pair/mass in Skim_TriLep_DYJets.root
2026-01-09 12:30:00,851 - INFO - [2022EE] MISSING_CENTRAL: TTZ2E1Mu/Central/pair/mass in Skim_TriLep_DYJets10to50.root
2026-01-09 12:30:00,936 - INFO - [2022EE] MISSING_CENTRAL: TTZ2E1Mu/Central/pair/mass in Skim_TriLep_WWW.root
2026-01-09 12:30:00,990 - INFO - [2023] MISSING_CENTRAL: TTZ2E1Mu/Central/pair/mass in Skim_TriLep_DYJets.root
2026-01-09 12:30:00,991 - INFO - [2023] MISSING_CENTRAL: TTZ2E1Mu/Central/pair/mass in Skim_TriLep_DYJets10to50.root
2026-01-09 12:30:01,091 - INFO - [2023] MISSING_CENTRAL: TTZ2E1Mu/Central/pair/mass in Skim_TriLep_WWW.root
2026-01-09 12:30:01,162 - INFO - [2023BPix] MISSING_CENTRAL: TTZ2E1Mu/Central/pair/mass in Skim_TriLep_DYJets10to50.root
2026-01-11 09:50:00,032 - INFO - [2022] MISSING_CENTRAL: TTZ2E1Mu/Central/pair/mass in Skim_TriLep_DYJets.root
2026-01-11 09:50:00,034 - INFO - [2022] MISSING_CENTRAL: TTZ2E1Mu/Central/pair/mass in Skim_TriLep_DYJets10to50.root
2026-01-11 09:50:00,261 - INFO - [2022EE] MISSING_CENTRAL: TTZ2E1Mu/Central/pair/mass in Skim_TriLep_DYJets.root
2026-01-11 09:50:00,262 - INFO - [2022EE] MISSING_CENTRAL: TTZ2E1Mu/Central/pair/mass in Skim_TriLep_DYJets10to50.root
2026-01-11 09:50:00,389 - INFO - [2022EE] MISSING_CENTRAL: TTZ2E1Mu/Central/pair/mass in Skim_TriLep_WWW.root
2026-01-11 09:50:00,446 - INFO - [2023] MISSING_CENTRAL: TTZ2E1Mu/Central/pair/mass in Skim_TriLep_DYJets.root
2026-01-11 09:50:00,448 - INFO - [2023] MISSING_CENTRAL: TTZ2E1Mu/Central/pair/mass in Skim_TriLep_DYJets10to50.root
2026-01-11 09:50:00,579 - INFO - [2023] MISSING_CENTRAL: TTZ2E1Mu/Central/pair/mass in Skim_TriLep_WWW.root
2026-01-11 09:50:00,647 - INFO - [2023BPix] MISSING_CENTRAL: TTZ2E1Mu/Central/pair/mass in Skim_TriLep_DYJets10to50.root
2026-01-12 13:58:58,802 - INFO - [2022] MISSING_CENTRAL: TTZ2E1Mu/Central/pair/mass in Skim_TriLep_DYJets.root
2026-01-12 13:58:58,804 - INFO - [2022] MISSING_CENTRAL: TTZ2E1Mu/Central/pair/mass in Skim_TriLep_DYJets10to50.root
2026-01-12 13:58:58,993 - INFO - [2022EE] MISSING_CENTRAL: TTZ2E1Mu/Central/pair/mass in Skim_TriLep_DYJets.root
2026-01-12 13:58:58,994 - INFO - [2022EE] MISSING_CENTRAL: TTZ2E1Mu/Central/pair/mass in Skim_TriLep_DYJets10to50.root
2026-01-12 13:58:59,115 - INFO - [2022EE] MISSING_CENTRAL: TTZ2E1Mu/Central/pair/mass in Skim_TriLep_WWW.root
2026-01-12 13:58:59,173 - INFO - [2023] MISSING_CENTRAL: TTZ2E1Mu/Central/pair/mass in Skim_TriLep_DYJets.root
2026-01-12 13:58:59,173 - INFO - [2023] MISSING_CENTRAL: TTZ2E1Mu/Central/pair/mass in Skim_TriLep_DYJets10to50.root
2026-01-12 13:58:59,297 - INFO - [2023] MISSING_CENTRAL: TTZ2E1Mu/Central/pair/mass in Skim_TriLep_WWW.root
2026-01-12 13:58:59,375 - INFO - [2023BPix] MISSING_CENTRAL: TTZ2E1Mu/Central/pair/mass in Skim_TriLep_DYJets10to50.root
2026-01-16 19:13:29,614 - INFO - [2022] MISSING_CENTRAL: TTZ2E1Mu/Central/pair/mass in Skim_TriLep_DYJets.root
2026-01-16 19:13:29,614 - INFO - [2022] MISSING_CENTRAL: TTZ2E1Mu/Central/pair/mass in Skim_TriLep_DYJets10to50.root
2026-01-16 19:13:29,762 - INFO - [2022EE] MISSING_CENTRAL: TTZ2E1Mu/Central/pair/mass in Skim_TriLep_DYJets.root
2026-01-16 19:13:29,762 - INFO - [2022EE] MISSING_CENTRAL: TTZ2E1Mu/Central/pair/mass in Skim_TriLep_DYJets10to50.root
2026-01-16 19:13:29,861 - INFO - [2022EE] MISSING_CENTRAL: TTZ2E1Mu/Central/pair/mass in Skim_TriLep_WWW.root
2026-01-16 19:13:29,920 - INFO - [2023] MISSING_CENTRAL: TTZ2E1Mu/Central/pair/mass in Skim_TriLep_DYJets.root
2026-01-16 19:13:29,921 - INFO - [2023] MISSING_CENTRAL: TTZ2E1Mu/Central/pair/mass in Skim_TriLep_DYJets10to50.root
2026-01-16 19:13:30,025 - INFO - [2023] MISSING_CENTRAL: TTZ2E1Mu/Central/pair/mass in Skim_TriLep_WWW.root
2026-01-16 19:13:30,090 - INFO - [2023BPix] MISSING_CENTRAL: TTZ2E1Mu/Central/pair/mass in Skim_TriLep_DYJets10to50.root
2026-01-28 17:10:07,222 - INFO - [2022] MISSING_CENTRAL: TTZ2E1Mu/Central/pair/mass in Skim_TriLep_DYJets.root
2026-01-28 17:10:07,222 - INFO - [2022] MISSING_CENTRAL: TTZ2E1Mu/Central/pair/mass in Skim_TriLep_DYJets10to50.root
2026-01-28 17:10:07,364 - INFO - [2022EE] MISSING_CENTRAL: TTZ2E1Mu/Central/pair/mass in Skim_TriLep_DYJets.root
2026-01-28 17:10:07,364 - INFO - [2022EE] MISSING_CENTRAL: TTZ2E1Mu/Central/pair/mass in Skim_TriLep_DYJets10to50.root
2026-01-28 17:10:07,448 - INFO - [2022EE] MISSING_CENTRAL: TTZ2E1Mu/Central/pair/mass in Skim_TriLep_WWW.root
2026-01-28 17:10:07,495 - INFO - [2023] MISSING_CENTRAL: TTZ2E1Mu/Central/pair/mass in Skim_TriLep_DYJets.root
2026-01-28 17:10:07,496 - INFO - [2023] MISSING_CENTRAL: TTZ2E1Mu/Central/pair/mass in Skim_TriLep_DYJets10to50.root
2026-01-28 17:10:07,580 - INFO - [2023] MISSING_CENTRAL: TTZ2E1Mu/Central/pair/mass in Skim_TriLep_WWW.root
2026-01-28 17:10:07,633 - INFO - [2023BPix] MISSING_CENTRAL: TTZ2E1Mu/Central/pair/mass in Skim_TriLep_DYJets10to50.root
2026-01-28 17:30:35,592 - INFO - [2022] MISSING_CENTRAL: TTZ2E1Mu/Central/pair/mass in Skim_TriLep_DYJets.root
2026-01-28 17:30:35,593 - INFO - [2022] MISSING_CENTRAL: TTZ2E1Mu/Central/pair/mass in Skim_TriLep_DYJets10to50.root
2026-01-28 17:30:35,741 - INFO - [2022EE] MISSING_CENTRAL: TTZ2E1Mu/Central/pair/mass in Skim_TriLep_DYJets.root
2026-01-28 17:30:35,741 - INFO - [2022EE] MISSING_CENTRAL: TTZ2E1Mu/Central/pair/mass in Skim_TriLep_DYJets10to50.root
2026-01-28 17:30:35,824 - INFO - [2022EE] MISSING_CENTRAL: TTZ2E1Mu/Central/pair/mass in Skim_TriLep_WWW.root
2026-01-28 17:30:35,874 - INFO - [2023] MISSING_CENTRAL: TTZ2E1Mu/Central/pair/mass in Skim_TriLep_DYJets.root
2026-01-28 17:30:35,874 - INFO - [2023] MISSING_CENTRAL: TTZ2E1Mu/Central/pair/mass in Skim_TriLep_DYJets10to50.root
2026-01-28 17:30:35,963 - INFO - [2023] MISSING_CENTRAL: TTZ2E1Mu/Central/pair/mass in Skim_TriLep_WWW.root
2026-01-28 17:30:36,019 - INFO - [2023BPix] MISSING_CENTRAL: TTZ2E1Mu/Central/pair/mass in Skim_TriLep_DYJets10to50.root
2026-01-28 20:04:31,311 - INFO - [2022] MISSING_CENTRAL: TTZ2E1Mu/Central/pair/mass in Skim_TriLep_DYJets.root
2026-01-28 20:04:31,311 - INFO - [2022] MISSING_CENTRAL: TTZ2E1Mu/Central/pair/mass in Skim_TriLep_DYJets10to50.root
2026-01-28 20:04:31,469 - INFO - [2022EE] MISSING_CENTRAL: TTZ2E1Mu/Central/pair/mass in Skim_TriLep_DYJets.root
2026-01-28 20:04:31,470 - INFO - [2022EE] MISSING_CENTRAL: TTZ2E1Mu/Central/pair/mass in Skim_TriLep_DYJets10to50.root
2026-01-28 20:04:31,557 - INFO - [2022EE] MISSING_CENTRAL: TTZ2E1Mu/Central/pair/mass in Skim_TriLep_WWW.root
2026-01-28 20:04:31,605 - INFO - [2023] MISSING_CENTRAL: TTZ2E1Mu/Central/pair/mass in Skim_TriLep_DYJets.root
2026-01-28 20:04:31,606 - INFO - [2023] MISSING_CENTRAL: TTZ2E1Mu/Central/pair/mass in Skim_TriLep_DYJets10to50.root
2026-01-28 20:04:31,697 - INFO - [2023] MISSING_CENTRAL: TTZ2E1Mu/Central/pair/mass in Skim_TriLep_WWW.root
2026-01-28 20:04:31,766 - INFO - [2023BPix] MISSING_CENTRAL: TTZ2E1Mu/Central/pair/mass in Skim_TriLep_DYJets10to50.root
2026-01-29 07:20:46,918 - INFO - [2022] MISSING_CENTRAL: TTZ2E1Mu/Central/pair/mass in Skim_TriLep_DYJets.root
2026-01-29 07:20:46,918 - INFO - [2022] MISSING_CENTRAL: TTZ2E1Mu/Central/pair/mass in Skim_TriLep_DYJets10to50.root
2026-01-29 07:20:47,020 - INFO - [2022EE] MISSING_CENTRAL: TTZ2E1Mu/Central/pair/mass in Skim_TriLep_DYJets.root
2026-01-29 07:20:47,021 - INFO - [2022EE] MISSING_CENTRAL: TTZ2E1Mu/Central/pair/mass in Skim_TriLep_DYJets10to50.root
2026-01-29 07:20:47,081 - INFO - [2022EE] MISSING_CENTRAL: TTZ2E1Mu/Central/pair/mass in Skim_TriLep_WWW.root
2026-01-29 07:20:47,116 - INFO - [2023] MISSING_CENTRAL: TTZ2E1Mu/Central/pair/mass in Skim_TriLep_DYJets.root
2026-01-29 07:20:47,117 - INFO - [2023] MISSING_CENTRAL: TTZ2E1Mu/Central/pair/mass in Skim_TriLep_DYJets10to50.root
2026-01-29 07:20:47,180 - INFO - [2023] MISSING_CENTRAL: TTZ2E1Mu/Central/pair/mass in Skim_TriLep_WWW.root
2026-01-29 07:20:47,220 - INFO - [2023BPix] MISSING_CENTRAL: TTZ2E1Mu/Central/pair/mass in Skim_TriLep_DYJets10to50.root
2026-02-10 17:15:12,548 - INFO - [2022] MISSING_CENTRAL: TTZ2E1Mu/Central/pair/mass in Skim_TriLep_DYJets.root
2026-02-10 17:15:12,549 - INFO - [2022] MISSING_CENTRAL: TTZ2E1Mu/Central/pair/mass in Skim_TriLep_DYJets10to50.root
2026-02-10 17:15:12,787 - INFO - [2022EE] MISSING_CENTRAL: TTZ2E1Mu/Central/pair/mass in Skim_TriLep_DYJets10to50.root
2026-02-10 17:15:12,926 - INFO - [2022EE] MISSING_CENTRAL: TTZ2E1Mu/Central/pair/mass in Skim_TriLep_WWW.root
2026-02-10 17:15:13,006 - INFO - [2023] MISSING_CENTRAL: TTZ2E1Mu/Central/pair/mass in Skim_TriLep_DYJets.root
2026-02-10 17:15:13,007 - INFO - [2023] MISSING_CENTRAL: TTZ2E1Mu/Central/pair/mass in Skim_TriLep_DYJets10to50.root
2026-02-10 17:15:13,142 - INFO - [2023] MISSING_CENTRAL: TTZ2E1Mu/Central/pair/mass in Skim_TriLep_WWW.root
2026-02-10 17:15:13,230 - INFO - [2023BPix] MISSING_CENTRAL: TTZ2E1Mu/Central/pair/mass in Skim_TriLep_DYJets10to50.root
2026-03-06 09:45:40,068 - INFO - [2022] MISSING_CENTRAL: TTZ2E1Mu/Central/pair/mass in Skim_TriLep_DYJets.root
2026-03-06 09:45:40,068 - INFO - [2022] MISSING_CENTRAL: TTZ2E1Mu/Central/pair/mass in Skim_TriLep_DYJets10to50.root
2026-03-06 09:45:40,176 - INFO - [2022EE] MISSING_CENTRAL: TTZ2E1Mu/Central/pair/mass in Skim_TriLep_DYJets10to50.root
2026-03-06 09:45:40,236 - INFO - [2022EE] MISSING_CENTRAL: TTZ2E1Mu/Central/pair/mass in Skim_TriLep_WWW.root
2026-03-06 09:45:40,268 - INFO - [2023] MISSING_CENTRAL: TTZ2E1Mu/Central/pair/mass in Skim_TriLep_DYJets.root
2026-03-06 09:45:40,269 - INFO - [2023] MISSING_CENTRAL: TTZ2E1Mu/Central/pair/mass in Skim_TriLep_DYJets10to50.root
2026-03-06 09:45:40,326 - INFO - [2023] MISSING_CENTRAL: TTZ2E1Mu/Central/pair/mass in Skim_TriLep_WWW.root
2026-03-06 09:45:40,362 - INFO - [2023BPix] MISSING_CENTRAL: TTZ2E1Mu/Central/pair/mass in Skim_TriLep_DYJets10to50.root
2026-03-06 19:51:25,966 - INFO - [2022] MISSING_CENTRAL: TTZ2E1Mu/Central/pair/mass in Skim_TriLep_DYJets.root
2026-03-06 19:51:25,966 - INFO - [2022] MISSING_CENTRAL: TTZ2E1Mu/Central/pair/mass in Skim_TriLep_DYJets10to50.root
2026-03-06 19:51:26,071 - INFO - [2022EE] MISSING_CENTRAL: TTZ2E1Mu/Central/pair/mass in Skim_TriLep_DYJets10to50.root
2026-03-06 19:51:26,128 - INFO - [2022EE] MISSING_CENTRAL: TTZ2E1Mu/Central/pair/mass in Skim_TriLep_WWW.root
2026-03-06 19:51:26,161 - INFO - [2023] MISSING_CENTRAL: TTZ2E1Mu/Central/pair/mass in Skim_TriLep_DYJets.root
2026-03-06 19:51:26,161 - INFO - [2023] MISSING_CENTRAL: TTZ2E1Mu/Central/pair/mass in Skim_TriLep_DYJets10to50.root
2026-03-06 19:51:26,220 - INFO - [2023] MISSING_CENTRAL: TTZ2E1Mu/Central/pair/mass in Skim_TriLep_WWW.root
2026-03-06 19:51:26,257 - INFO - [2023BPix] MISSING_CENTRAL: TTZ2E1Mu/Central/pair/mass in Skim_TriLep_DYJets10to50.root
2026-04-10 20:26:19,125 - INFO - [2022] MISSING_CENTRAL: TTZ2E1Mu/Central/pair/mass in Skim_TriLep_DYJets.root
2026-04-10 20:26:19,126 - INFO - [2022] MISSING_CENTRAL: TTZ2E1Mu/Central/pair/mass in Skim_TriLep_DYJets10to50.root
2026-04-10 20:26:19,232 - INFO - [2022EE] MISSING_CENTRAL: TTZ2E1Mu/Central/pair/mass in Skim_TriLep_DYJets10to50.root
2026-04-10 20:26:19,291 - INFO - [2022EE] MISSING_CENTRAL: TTZ2E1Mu/Central/pair/mass in Skim_TriLep_WWW.root
2026-04-10 20:26:19,324 - INFO - [2023] MISSING_CENTRAL: TTZ2E1Mu/Central/pair/mass in Skim_TriLep_DYJets.root
2026-04-10 20:26:19,325 - INFO - [2023] MISSING_CENTRAL: TTZ2E1Mu/Central/pair/mass in Skim_TriLep_DYJets10to50.root
2026-04-10 20:26:19,383 - INFO - [2023] MISSING_CENTRAL: TTZ2E1Mu/Central/pair/mass in Skim_TriLep_WWW.root
2026-04-10 20:26:19,420 - INFO - [2023BPix] MISSING_CENTRAL: TTZ2E1Mu/Central/pair/mass in Skim_TriLep_DYJets10to50.root
2026-04-12 11:41:46,114 - INFO - [2022] MISSING_CENTRAL: TTZ2E1Mu/Central/pair/mass in Skim_TriLep_DYJets.root
2026-04-12 11:41:46,115 - INFO - [2022] MISSING_CENTRAL: TTZ2E1Mu/Central/pair/mass in Skim_TriLep_DYJets10to50.root
2026-04-12 11:41:46,237 - INFO - [2022EE] MISSING_CENTRAL: TTZ2E1Mu/Central/pair/mass in Skim_TriLep_DYJets10to50.root
2026-04-12 11:41:46,297 - INFO - [2022EE] MISSING_CENTRAL: TTZ2E1Mu/Central/pair/mass in Skim_TriLep_WWW.root
2026-04-12 11:41:46,333 - INFO - [2023] MISSING_CENTRAL: TTZ2E1Mu/Central/pair/mass in Skim_TriLep_DYJets.root
2026-04-12 11:41:46,333 - INFO - [2023] MISSING_CENTRAL: TTZ2E1Mu/Central/pair/mass in Skim_TriLep_DYJets10to50.root
2026-04-12 11:41:46,396 - INFO - [2023] MISSING_CENTRAL: TTZ2E1Mu/Central/pair/mass in Skim_TriLep_WWW.root
2026-04-12 11:41:46,436 - INFO - [2023BPix] MISSING_CENTRAL: TTZ2E1Mu/Central/pair/mass in Skim_TriLep_DYJets10to50.root
2026-04-12 12:23:24,814 - INFO - [2022] MISSING_CENTRAL: TTZ2E1Mu/Central/pair/mass in Skim_TriLep_DYJets.root
2026-04-12 12:23:24,815 - INFO - [2022] MISSING_CENTRAL: TTZ2E1Mu/Central/pair/mass in Skim_TriLep_DYJets10to50.root
2026-04-12 12:23:24,931 - INFO - [2022EE] MISSING_CENTRAL: TTZ2E1Mu/Central/pair/mass in Skim_TriLep_DYJets10to50.root
2026-04-12 12:23:24,995 - INFO - [2022EE] MISSING_CENTRAL: TTZ2E1Mu/Central/pair/mass in Skim_TriLep_WWW.root
2026-04-12 12:23:25,033 - INFO - [2023] MISSING_CENTRAL: TTZ2E1Mu/Central/pair/mass in Skim_TriLep_DYJets.root
2026-04-12 12:23:25,034 - INFO - [2023] MISSING_CENTRAL: TTZ2E1Mu/Central/pair/mass in Skim_TriLep_DYJets10to50.root
2026-04-12 12:23:25,095 - INFO - [2023] MISSING_CENTRAL: TTZ2E1Mu/Central/pair/mass in Skim_TriLep_WWW.root
2026-04-12 12:23:25,133 - INFO - [2023BPix] MISSING_CENTRAL: TTZ2E1Mu/Central/pair/mass in Skim_TriLep_DYJets10to50.root
2026-04-12 12:43:03,856 - INFO - [2022] MISSING_CENTRAL: TTZ2E1Mu/Central/pair/mass in Skim_TriLep_DYJets.root
2026-04-12 12:43:03,857 - INFO - [2022] MISSING_CENTRAL: TTZ2E1Mu/Central/pair/mass in Skim_TriLep_DYJets10to50.root
2026-04-12 12:43:03,964 - INFO - [2022EE] MISSING_CENTRAL: TTZ2E1Mu/Central/pair/mass in Skim_TriLep_DYJets10to50.root
2026-04-12 12:43:04,023 - INFO - [2022EE] MISSING_CENTRAL: TTZ2E1Mu/Central/pair/mass in Skim_TriLep_WWW.root
2026-04-12 12:43:04,057 - INFO - [2023] MISSING_CENTRAL: TTZ2E1Mu/Central/pair/mass in Skim_TriLep_DYJets.root
2026-04-12 12:43:04,057 - INFO - [2023] MISSING_CENTRAL: TTZ2E1Mu/Central/pair/mass in Skim_TriLep_DYJets10to50.root
2026-04-12 12:43:04,116 - INFO - [2023] MISSING_CENTRAL: TTZ2E1Mu/Central/pair/mass in Skim_TriLep_WWW.root
2026-04-12 12:43:04,154 - INFO - [2023BPix] MISSING_CENTRAL: TTZ2E1Mu/Central/pair/mass in Skim_TriLep_DYJets10to50.root
2026-04-12 20:51:15,233 - INFO - [2022] MISSING_CENTRAL: TTZ2E1Mu/Central/pair/mass in Skim_TriLep_DYJets.root
2026-04-12 20:51:15,233 - INFO - [2022] MISSING_CENTRAL: TTZ2E1Mu/Central/pair/mass in Skim_TriLep_DYJets10to50.root
2026-04-12 20:51:15,344 - INFO - [2022EE] MISSING_CENTRAL: TTZ2E1Mu/Central/pair/mass in Skim_TriLep_DYJets10to50.root
2026-04-12 20:51:15,402 - INFO - [2022EE] MISSING_CENTRAL: TTZ2E1Mu/Central/pair/mass in Skim_TriLep_WWW.root
2026-04-12 20:51:15,436 - INFO - [2023] MISSING_CENTRAL: TTZ2E1Mu/Central/pair/mass in Skim_TriLep_DYJets.root
2026-04-12 20:51:15,436 - INFO - [2023] MISSING_CENTRAL: TTZ2E1Mu/Central/pair/mass in Skim_TriLep_DYJets10to50.root
2026-04-12 20:51:15,494 - INFO - [2023] MISSING_CENTRAL: TTZ2E1Mu/Central/pair/mass in Skim_TriLep_WWW.root
2026-04-12 20:51:15,531 - INFO - [2023BPix] MISSING_CENTRAL: TTZ2E1Mu/Central/pair/mass in Skim_TriLep_DYJets10to50.root
2026-04-12 21:22:49,077 - INFO - [2022] MISSING_CENTRAL: TTZ2E1Mu/Central/pair/mass in Skim_TriLep_DYJets.root
2026-04-12 21:22:49,077 - INFO - [2022] MISSING_CENTRAL: TTZ2E1Mu/Central/pair/mass in Skim_TriLep_DYJets10to50.root
2026-04-12 21:22:49,197 - INFO - [2022EE] MISSING_CENTRAL: TTZ2E1Mu/Central/pair/mass in Skim_TriLep_DYJets10to50.root
2026-04-12 21:22:49,258 - INFO - [2022EE] MISSING_CENTRAL: TTZ2E1Mu/Central/pair/mass in Skim_TriLep_WWW.root
2026-04-12 21:22:49,293 - INFO - [2023] MISSING_CENTRAL: TTZ2E1Mu/Central/pair/mass in Skim_TriLep_DYJets.root
2026-04-12 21:22:49,293 - INFO - [2023] MISSING_CENTRAL: TTZ2E1Mu/Central/pair/mass in Skim_TriLep_DYJets10to50.root
2026-04-12 21:22:49,353 - INFO - [2023] MISSING_CENTRAL: TTZ2E1Mu/Central/pair/mass in Skim_TriLep_WWW.root
2026-04-12 21:22:49,391 - INFO - [2023BPix] MISSING_CENTRAL: TTZ2E1Mu/Central/pair/mass in Skim_TriLep_DYJets10to50.root
2026-04-13 13:00:39,963 - INFO - [2022] MISSING_CENTRAL: TTZ2E1Mu/Central/pair/mass in Skim_TriLep_DYJets.root
2026-04-13 13:00:39,964 - INFO - [2022] MISSING_CENTRAL: TTZ2E1Mu/Central/pair/mass in Skim_TriLep_DYJets10to50.root
2026-04-13 13:00:40,093 - INFO - [2022EE] MISSING_CENTRAL: TTZ2E1Mu/Central/pair/mass in Skim_TriLep_DYJets10to50.root
2026-04-13 13:00:40,166 - INFO - [2022EE] MISSING_CENTRAL: TTZ2E1Mu/Central/pair/mass in Skim_TriLep_WWW.root
2026-04-13 13:00:40,208 - INFO - [2023] MISSING_CENTRAL: TTZ2E1Mu/Central/pair/mass in Skim_TriLep_DYJets.root
2026-04-13 13:00:40,209 - INFO - [2023] MISSING_CENTRAL: TTZ2E1Mu/Central/pair/mass in Skim_TriLep_DYJets10to50.root
2026-04-13 13:00:40,282 - INFO - [2023] MISSING_CENTRAL: TTZ2E1Mu/Central/pair/mass in Skim_TriLep_WWW.root
2026-04-13 13:00:40,331 - INFO - [2023BPix] MISSING_CENTRAL: TTZ2E1Mu/Central/pair/mass in Skim_TriLep_DYJets10to50.root
2026-04-16 17:43:11,430 - INFO - [2022] MISSING_CENTRAL: TTZ2E1Mu/Central/pair/mass in Skim_TriLep_DYJets.root
2026-04-16 17:43:11,431 - INFO - [2022] MISSING_CENTRAL: TTZ2E1Mu/Central/pair/mass in Skim_TriLep_DYJets10to50.root
2026-04-16 17:43:11,565 - INFO - [2022EE] MISSING_CENTRAL: TTZ2E1Mu/Central/pair/mass in Skim_TriLep_DYJets10to50.root
2026-04-16 17:43:11,636 - INFO - [2022EE] MISSING_CENTRAL: TTZ2E1Mu/Central/pair/mass in Skim_TriLep_WWW.root
2026-04-16 17:43:11,679 - INFO - [2023] MISSING_CENTRAL: TTZ2E1Mu/Central/pair/mass in Skim_TriLep_DYJets.root
2026-04-16 17:43:11,679 - INFO - [2023] MISSING_CENTRAL: TTZ2E1Mu/Central/pair/mass in Skim_TriLep_DYJets10to50.root
2026-04-16 17:43:11,750 - INFO - [2023] MISSING_CENTRAL: TTZ2E1Mu/Central/pair/mass in Skim_TriLep_WWW.root
2026-04-16 17:43:11,797 - INFO - [2023BPix] MISSING_CENTRAL: TTZ2E1Mu/Central/pair/mass in Skim_TriLep_DYJets10to50.root
2026-04-28 15:21:57,308 - INFO - [2022] MISSING_CENTRAL: TTZ2E1Mu/Central/pair/mass in Skim_TriLep_DYJets.root
2026-04-28 15:21:57,309 - INFO - [2022] MISSING_CENTRAL: TTZ2E1Mu/Central/pair/mass in Skim_TriLep_DYJets10to50.root
2026-04-28 15:21:57,482 - INFO - [2022EE] MISSING_CENTRAL: TTZ2E1Mu/Central/pair/mass in Skim_TriLep_DYJets10to50.root
2026-04-28 15:21:57,554 - INFO - [2022EE] MISSING_CENTRAL: TTZ2E1Mu/Central/pair/mass in Skim_TriLep_WWW.root
2026-04-28 15:21:57,597 - INFO - [2023] MISSING_CENTRAL: TTZ2E1Mu/Central/pair/mass in Skim_TriLep_DYJets.root
2026-04-28 15:21:57,597 - INFO - [2023] MISSING_CENTRAL: TTZ2E1Mu/Central/pair/mass in Skim_TriLep_DYJets10to50.root
2026-04-28 15:21:57,671 - INFO - [2023] MISSING_CENTRAL: TTZ2E1Mu/Central/pair/mass in Skim_TriLep_WWW.root
2026-04-28 15:21:57,718 - INFO - [2023BPix] MISSING_CENTRAL: TTZ2E1Mu/Central/pair/mass in Skim_TriLep_DYJets10to50.root
2026-04-28 20:35:01,194 - INFO - [2022] MISSING_CENTRAL: TTZ2E1Mu/Central/pair/mass in Skim_TriLep_DYJets.root
2026-04-28 20:35:01,194 - INFO - [2022] MISSING_CENTRAL: TTZ2E1Mu/Central/pair/mass in Skim_TriLep_DYJets10to50.root
2026-04-28 20:35:01,319 - INFO - [2022EE] MISSING_CENTRAL: TTZ2E1Mu/Central/pair/mass in Skim_TriLep_DYJets10to50.root
2026-04-28 20:35:01,388 - INFO - [2022EE] MISSING_CENTRAL: TTZ2E1Mu/Central/pair/mass in Skim_TriLep_WWW.root
2026-04-28 20:35:01,429 - INFO - [2023] MISSING_CENTRAL: TTZ2E1Mu/Central/pair/mass in Skim_TriLep_DYJets.root
2026-04-28 20:35:01,429 - INFO - [2023] MISSING_CENTRAL: TTZ2E1Mu/Central/pair/mass in Skim_TriLep_DYJets10to50.root
2026-04-28 20:35:01,500 - INFO - [2023] MISSING_CENTRAL: TTZ2E1Mu/Central/pair/mass in Skim_TriLep_WWW.root
2026-04-28 20:35:01,545 - INFO - [2023BPix] MISSING_CENTRAL: TTZ2E1Mu/Central/pair/mass in Skim_TriLep_DYJets10to50.root
2026-05-04 15:41:41,801 - INFO - [2022] MISSING_CENTRAL: TTZ2E1Mu/Central/pair/mass in Skim_TriLep_DYJets.root
2026-05-04 15:41:41,802 - INFO - [2022] MISSING_CENTRAL: TTZ2E1Mu/Central/pair/mass in Skim_TriLep_DYJets10to50.root
2026-05-04 15:41:41,931 - INFO - [2022EE] MISSING_CENTRAL: TTZ2E1Mu/Central/pair/mass in Skim_TriLep_DYJets10to50.root
2026-05-04 15:41:41,999 - INFO - [2022EE] MISSING_CENTRAL: TTZ2E1Mu/Central/pair/mass in Skim_TriLep_WWW.root
2026-05-04 15:41:42,039 - INFO - [2023] MISSING_CENTRAL: TTZ2E1Mu/Central/pair/mass in Skim_TriLep_DYJets.root
2026-05-04 15:41:42,039 - INFO - [2023] MISSING_CENTRAL: TTZ2E1Mu/Central/pair/mass in Skim_TriLep_DYJets10to50.root
2026-05-04 15:41:42,108 - INFO - [2023] MISSING_CENTRAL: TTZ2E1Mu/Central/pair/mass in Skim_TriLep_WWW.root
2026-05-04 15:41:42,152 - INFO - [2023BPix] MISSING_CENTRAL: TTZ2E1Mu/Central/pair/mass in Skim_TriLep_DYJets10to50.root
2026-05-04 16:05:42,025 - INFO - [2022] MISSING_CENTRAL: TTZ2E1Mu/Central/pair/mass in Skim_TriLep_DYJets.root
2026-05-04 16:05:42,025 - INFO - [2022] MISSING_CENTRAL: TTZ2E1Mu/Central/pair/mass in Skim_TriLep_DYJets10to50.root
2026-05-04 16:05:42,150 - INFO - [2022EE] MISSING_CENTRAL: TTZ2E1Mu/Central/pair/mass in Skim_TriLep_DYJets10to50.root
2026-05-04 16:05:42,219 - INFO - [2022EE] MISSING_CENTRAL: TTZ2E1Mu/Central/pair/mass in Skim_TriLep_WWW.root
2026-05-04 16:05:42,259 - INFO - [2023] MISSING_CENTRAL: TTZ2E1Mu/Central/pair/mass in Skim_TriLep_DYJets.root
2026-05-04 16:05:42,259 - INFO - [2023] MISSING_CENTRAL: TTZ2E1Mu/Central/pair/mass in Skim_TriLep_DYJets10to50.root
2026-05-04 16:05:42,331 - INFO - [2023] MISSING_CENTRAL: TTZ2E1Mu/Central/pair/mass in Skim_TriLep_WWW.root
2026-05-04 16:05:42,378 - INFO - [2023BPix] MISSING_CENTRAL: TTZ2E1Mu/Central/pair/mass in Skim_TriLep_DYJets10to50.root
2026-05-04 17:12:35,859 - INFO - [2022] MISSING_CENTRAL: TTZ2E1Mu/Central/pair/mass in Skim_TriLep_DYJets.root
2026-05-04 17:12:35,860 - INFO - [2022] MISSING_CENTRAL: TTZ2E1Mu/Central/pair/mass in Skim_TriLep_DYJets10to50.root
2026-05-04 17:12:35,988 - INFO - [2022EE] MISSING_CENTRAL: TTZ2E1Mu/Central/pair/mass in Skim_TriLep_DYJets10to50.root
2026-05-04 17:12:36,062 - INFO - [2022EE] MISSING_CENTRAL: TTZ2E1Mu/Central/pair/mass in Skim_TriLep_WWW.root
2026-05-04 17:12:36,106 - INFO - [2023] MISSING_CENTRAL: TTZ2E1Mu/Central/pair/mass in Skim_TriLep_DYJets.root
2026-05-04 17:12:36,106 - INFO - [2023] MISSING_CENTRAL: TTZ2E1Mu/Central/pair/mass in Skim_TriLep_DYJets10to50.root
2026-05-04 17:12:36,176 - INFO - [2023] MISSING_CENTRAL: TTZ2E1Mu/Central/pair/mass in Skim_TriLep_WWW.root
2026-05-04 17:12:36,221 - INFO - [2023BPix] MISSING_CENTRAL: TTZ2E1Mu/Central/pair/mass in Skim_TriLep_DYJets10to50.root
2026-05-28 15:49:09,608 - INFO - [2022] MISSING_CENTRAL: TTZ2E1Mu/Central/pair/mass in Skim_TriLep_DYJets.root
2026-05-28 15:49:09,610 - INFO - [2022] MISSING_CENTRAL: TTZ2E1Mu/Central/pair/mass in Skim_TriLep_DYJets10to50.root
2026-05-28 15:49:09,920 - INFO - [2022EE] MISSING_CENTRAL: TTZ2E1Mu/Central/pair/mass in Skim_TriLep_DYJets10to50.root
2026-05-28 15:49:10,110 - INFO - [2022EE] MISSING_CENTRAL: TTZ2E1Mu/Central/pair/mass in Skim_TriLep_WWW.root
2026-05-28 15:49:10,223 - INFO - [2023] MISSING_CENTRAL: TTZ2E1Mu/Central/pair/mass in Skim_TriLep_DYJets.root
2026-05-28 15:49:10,224 - INFO - [2023] MISSING_CENTRAL: TTZ2E1Mu/Central/pair/mass in Skim_TriLep_DYJets10to50.root
2026-05-28 15:49:10,419 - INFO - [2023] MISSING_CENTRAL: TTZ2E1Mu/Central/pair/mass in Skim_TriLep_WWW.root
2026-05-28 15:49:10,545 - INFO - [2023BPix] MISSING_CENTRAL: TTZ2E1Mu/Central/pair/mass in Skim_TriLep_DYJets10to50.root
2026-05-29 15:22:48,941 - INFO - [2022] MISSING_CENTRAL: TTZ2E1Mu/Central/pair/mass in Skim_TriLep_DYJets.root
2026-05-29 15:22:48,942 - INFO - [2022] MISSING_CENTRAL: TTZ2E1Mu/Central/pair/mass in Skim_TriLep_DYJets10to50.root
2026-05-29 15:22:49,070 - INFO - [2022EE] MISSING_CENTRAL: TTZ2E1Mu/Central/pair/mass in Skim_TriLep_DYJets10to50.root
2026-05-29 15:22:49,141 - INFO - [2022EE] MISSING_CENTRAL: TTZ2E1Mu/Central/pair/mass in Skim_TriLep_WWW.root
2026-05-29 15:22:49,181 - INFO - [2023] MISSING_CENTRAL: TTZ2E1Mu/Central/pair/mass in Skim_TriLep_DYJets.root
2026-05-29 15:22:49,181 - INFO - [2023] MISSING_CENTRAL: TTZ2E1Mu/Central/pair/mass in Skim_TriLep_DYJets10to50.root
2026-05-29 15:22:49,250 - INFO - [2023] MISSING_CENTRAL: TTZ2E1Mu/Central/pair/mass in Skim_TriLep_WWW.root
2026-05-29 15:22:49,294 - INFO - [2023BPix] MISSING_CENTRAL: TTZ2E1Mu/Central/pair/mass in Skim_TriLep_DYJets10to50.root
2026-05-29 15:40:15,633 - INFO - [2022] MISSING_CENTRAL: TTZ2E1Mu/Central/pair/mass in Skim_TriLep_DYJets.root
2026-05-29 15:40:15,633 - INFO - [2022] MISSING_CENTRAL: TTZ2E1Mu/Central/pair/mass in Skim_TriLep_DYJets10to50.root
2026-05-29 15:40:15,756 - INFO - [2022EE] MISSING_CENTRAL: TTZ2E1Mu/Central/pair/mass in Skim_TriLep_DYJets10to50.root
2026-05-29 15:40:15,825 - INFO - [2022EE] MISSING_CENTRAL: TTZ2E1Mu/Central/pair/mass in Skim_TriLep_WWW.root
2026-05-29 15:40:15,864 - INFO - [2023] MISSING_CENTRAL: TTZ2E1Mu/Central/pair/mass in Skim_TriLep_DYJets.root
2026-05-29 15:40:15,865 - INFO - [2023] MISSING_CENTRAL: TTZ2E1Mu/Central/pair/mass in Skim_TriLep_DYJets10to50.root
2026-05-29 15:40:15,933 - INFO - [2023] MISSING_CENTRAL: TTZ2E1Mu/Central/pair/mass in Skim_TriLep_WWW.root
2026-05-29 15:40:15,978 - INFO - [2023BPix] MISSING_CENTRAL: TTZ2E1Mu/Central/pair/mass in Skim_TriLep_DYJets10to50.root
2026-05-29 18:31:38,250 - INFO - [2022] MISSING_CENTRAL: TTZ2E1Mu/Central/pair/mass in Skim_TriLep_DYJets.root
2026-05-29 18:31:38,251 - INFO - [2022] MISSING_CENTRAL: TTZ2E1Mu/Central/pair/mass in Skim_TriLep_DYJets10to50.root
2026-05-29 18:31:38,387 - INFO - [2022EE] MISSING_CENTRAL: TTZ2E1Mu/Central/pair/mass in Skim_TriLep_DYJets10to50.root
2026-05-29 18:31:38,461 - INFO - [2022EE] MISSING_CENTRAL: TTZ2E1Mu/Central/pair/mass in Skim_TriLep_WWW.root
2026-05-29 18:31:38,503 - INFO - [2023] MISSING_CENTRAL: TTZ2E1Mu/Central/pair/mass in Skim_TriLep_DYJets.root
2026-05-29 18:31:38,503 - INFO - [2023] MISSING_CENTRAL: TTZ2E1Mu/Central/pair/mass in Skim_TriLep_DYJets10to50.root
2026-05-29 18:31:38,573 - INFO - [2023] MISSING_CENTRAL: TTZ2E1Mu/Central/pair/mass in Skim_TriLep_WWW.root
2026-05-29 18:31:38,617 - INFO - [2023BPix] MISSING_CENTRAL: TTZ2E1Mu/Central/pair/mass in Skim_TriLep_DYJets10to50.root
2026-06-03 21:10:20,573 - INFO - [2022] MISSING_CENTRAL: TTZ2E1Mu/Central/pair/mass in Skim_TriLep_DYJets.root
2026-06-03 21:10:20,573 - INFO - [2022] MISSING_CENTRAL: TTZ2E1Mu/Central/pair/mass in Skim_TriLep_DYJets10to50.root
2026-06-03 21:10:20,699 - INFO - [2022EE] MISSING_CENTRAL: TTZ2E1Mu/Central/pair/mass in Skim_TriLep_DYJets10to50.root
2026-06-03 21:10:20,771 - INFO - [2022EE] MISSING_CENTRAL: TTZ2E1Mu/Central/pair/mass in Skim_TriLep_WWW.root
2026-06-03 21:10:20,813 - INFO - [2023] MISSING_CENTRAL: TTZ2E1Mu/Central/pair/mass in Skim_TriLep_DYJets.root
2026-06-03 21:10:20,814 - INFO - [2023] MISSING_CENTRAL: TTZ2E1Mu/Central/pair/mass in Skim_TriLep_DYJets10to50.root
2026-06-03 21:10:20,883 - INFO - [2023] MISSING_CENTRAL: TTZ2E1Mu/Central/pair/mass in Skim_TriLep_WWW.root
2026-06-03 21:10:20,927 - INFO - [2023BPix] MISSING_CENTRAL: TTZ2E1Mu/Central/pair/mass in Skim_TriLep_DYJets10to50.root
2026-06-12 14:00:08,518 - INFO - [2022] MISSING_CENTRAL: TTZ2E1Mu/Central/pair/mass in Skim_TriLep_DYJets.root
2026-06-12 14:00:08,518 - INFO - [2022] MISSING_CENTRAL: TTZ2E1Mu/Central/pair/mass in Skim_TriLep_DYJets10to50.root
2026-06-12 14:00:08,645 - INFO - [2022EE] MISSING_CENTRAL: TTZ2E1Mu/Central/pair/mass in Skim_TriLep_DYJets10to50.root
2026-06-12 14:00:08,717 - INFO - [2022EE] MISSING_CENTRAL: TTZ2E1Mu/Central/pair/mass in Skim_TriLep_WWW.root
2026-06-12 14:00:08,759 - INFO - [2023] MISSING_CENTRAL: TTZ2E1Mu/Central/pair/mass in Skim_TriLep_DYJets.root
2026-06-12 14:00:08,759 - INFO - [2023] MISSING_CENTRAL: TTZ2E1Mu/Central/pair/mass in Skim_TriLep_DYJets10to50.root
2026-06-12 14:00:08,829 - INFO - [2023] MISSING_CENTRAL: TTZ2E1Mu/Central/pair/mass in Skim_TriLep_WWW.root
2026-06-12 14:00:08,873 - INFO - [2023BPix] MISSING_CENTRAL: TTZ2E1Mu/Central/pair/mass in Skim_TriLep_DYJets10to50.root
2026-06-12 14:12:11,719 - INFO - [2022] MISSING_CENTRAL: TTZ2E1Mu/Central/pair/mass in Skim_TriLep_DYJets.root
2026-06-12 14:12:11,719 - INFO - [2022] MISSING_CENTRAL: TTZ2E1Mu/Central/pair/mass in Skim_TriLep_DYJets10to50.root
2026-06-12 14:12:11,843 - INFO - [2022EE] MISSING_CENTRAL: TTZ2E1Mu/Central/pair/mass in Skim_TriLep_DYJets10to50.root
2026-06-12 14:12:11,911 - INFO - [2022EE] MISSING_CENTRAL: TTZ2E1Mu/Central/pair/mass in Skim_TriLep_WWW.root
2026-06-12 14:12:11,951 - INFO - [2023] MISSING_CENTRAL: TTZ2E1Mu/Central/pair/mass in Skim_TriLep_DYJets.root
2026-06-12 14:12:11,951 - INFO - [2023] MISSING_CENTRAL: TTZ2E1Mu/Central/pair/mass in Skim_TriLep_DYJets10to50.root
2026-06-12 14:12:12,019 - INFO - [2023] MISSING_CENTRAL: TTZ2E1Mu/Central/pair/mass in Skim_TriLep_WWW.root
2026-06-12 14:12:12,064 - INFO - [2023BPix] MISSING_CENTRAL: TTZ2E1Mu/Central/pair/mass in Skim_TriLep_DYJets10to50.root
2026-06-12 14:36:07,337 - INFO - [2022] MISSING_CENTRAL: TTZ2E1Mu/Central/pair/mass in Skim_TriLep_DYJets.root
2026-06-12 14:36:07,337 - INFO - [2022] MISSING_CENTRAL: TTZ2E1Mu/Central/pair/mass in Skim_TriLep_DYJets10to50.root
2026-06-12 14:36:07,460 - INFO - [2022EE] MISSING_CENTRAL: TTZ2E1Mu/Central/pair/mass in Skim_TriLep_DYJets10to50.root
2026-06-12 14:36:07,529 - INFO - [2022EE] MISSING_CENTRAL: TTZ2E1Mu/Central/pair/mass in Skim_TriLep_WWW.root
2026-06-12 14:36:07,568 - INFO - [2023] MISSING_CENTRAL: TTZ2E1Mu/Central/pair/mass in Skim_TriLep_DYJets.root
2026-06-12 14:36:07,568 - INFO - [2023] MISSING_CENTRAL: TTZ2E1Mu/Central/pair/mass in Skim_TriLep_DYJets10to50.root
2026-06-12 14:36:07,637 - INFO - [2023] MISSING_CENTRAL: TTZ2E1Mu/Central/pair/mass in Skim_TriLep_WWW.root
2026-06-12 14:36:07,681 - INFO - [2023BPix] MISSING_CENTRAL: TTZ2E1Mu/Central/pair/mass in Skim_TriLep_DYJets10to50.root
