2025-09-24 16:04:28,511 - INFO - [2023BPix] MISSING_SYSTEMATIC: ZFake3Mu/JetEn_Down/muons/1/pz in Skim_TriLep_DYJets.root
2025-09-24 16:04:28,524 - INFO - [2023BPix] MISSING_CENTRAL: ZFake3Mu/Central/muons/1/pz in Skim_TriLep_DYJets10to50.root
2025-09-24 16:04:28,755 - INFO - [2023BPix] MISSING_CENTRAL: ZFake3Mu/Central/muons/1/pz in Skim_TriLep_TTG_PTG200toInf.root
2025-10-02 21:21:58,697 - INFO - [2023BPix] MISSING_SYSTEMATIC: ZFake3Mu/JetEn_Down/muons/1/pz in Skim_TriLep_DYJets.root
2025-10-02 21:21:58,774 - INFO - [2023BPix] MISSING_CENTRAL: ZFake3Mu/Central/muons/1/pz in Skim_TriLep_DYJets10to50.root
2025-10-02 21:21:59,877 - INFO - [2023BPix] MISSING_CENTRAL: ZFake3Mu/Central/muons/1/pz in Skim_TriLep_TTG_PTG200toInf.root
2025-10-03 00:34:45,611 - INFO - [2023BPix] MISSING_SYSTEMATIC: ZFake3Mu/JetEn_Down/muons/1/pz in Skim_TriLep_DYJets.root
2025-10-03 00:34:45,646 - INFO - [2023BPix] MISSING_CENTRAL: ZFake3Mu/Central/muons/1/pz in Skim_TriLep_DYJets10to50.root
2025-10-03 00:34:45,971 - INFO - [2023BPix] MISSING_CENTRAL: ZFake3Mu/Central/muons/1/pz in Skim_TriLep_TTG_PTG200toInf.root
2025-11-07 13:12:57,536 - INFO - [2023BPix] MISSING_FILE: /home/choij/Sync/workspace/ChargedHiggsAnalysisV3/SKNanoOutput/PromptSelector/Run3Mu/2023BPix/Skim_TriLep_Muon0_D_v1.root
2025-11-07 13:12:57,536 - INFO - [2023BPix] MISSING_FILE: /home/choij/Sync/workspace/ChargedHiggsAnalysisV3/SKNanoOutput/PromptSelector/Run3Mu/2023BPix/Skim_TriLep_Muon0_D_v2.root
2025-11-07 13:12:57,536 - INFO - [2023BPix] MISSING_FILE: /home/choij/Sync/workspace/ChargedHiggsAnalysisV3/SKNanoOutput/PromptSelector/Run3Mu/2023BPix/Skim_TriLep_Muon1_D_v1.root
2025-11-07 13:12:57,536 - INFO - [2023BPix] MISSING_FILE: /home/choij/Sync/workspace/ChargedHiggsAnalysisV3/SKNanoOutput/PromptSelector/Run3Mu/2023BPix/Skim_TriLep_Muon1_D_v2.root
2025-11-07 14:10:31,784 - INFO - [2023BPix] MISSING_FILE: /home/choij/Sync/workspace/ChargedHiggsAnalysisV3/SKNanoOutput/PromptSelector/Run3Mu/2023BPix/Skim_TriLep_Muon0_D_v1.root
2025-11-07 14:10:31,787 - INFO - [2023BPix] MISSING_FILE: /home/choij/Sync/workspace/ChargedHiggsAnalysisV3/SKNanoOutput/PromptSelector/Run3Mu/2023BPix/Skim_TriLep_Muon0_D_v2.root
2025-11-07 14:10:31,787 - INFO - [2023BPix] MISSING_FILE: /home/choij/Sync/workspace/ChargedHiggsAnalysisV3/SKNanoOutput/PromptSelector/Run3Mu/2023BPix/Skim_TriLep_Muon1_D_v1.root
2025-11-07 14:10:31,787 - INFO - [2023BPix] MISSING_FILE: /home/choij/Sync/workspace/ChargedHiggsAnalysisV3/SKNanoOutput/PromptSelector/Run3Mu/2023BPix/Skim_TriLep_Muon1_D_v2.root
2025-11-10 12:26:41,265 - INFO - [2023BPix] MISSING_SYSTEMATIC: ZFake3Mu/JetEn_Down/muons/1/pz in Skim_TriLep_DYJets.root
2025-11-10 12:26:41,280 - INFO - [2023BPix] MISSING_CENTRAL: ZFake3Mu/Central/muons/1/pz in Skim_TriLep_DYJets10to50.root
2025-11-10 12:26:41,408 - INFO - [2023BPix] MISSING_CENTRAL: ZFake3Mu/Central/muons/1/pz in Skim_TriLep_TTG_PTG200toInf.root
2025-11-13 11:17:00,559 - INFO - [2023BPix] MISSING_SYSTEMATIC: ZFake3Mu/JetEn_Down/muons/1/pz in Skim_TriLep_DYJets.root
2025-11-13 11:17:00,666 - INFO - [2023BPix] MISSING_CENTRAL: ZFake3Mu/Central/muons/1/pz in Skim_TriLep_DYJets10to50.root
2025-11-13 11:17:02,239 - INFO - [2023BPix] MISSING_CENTRAL: ZFake3Mu/Central/muons/1/pz in Skim_TriLep_TTG_PTG200toInf.root
2025-11-19 16:11:46,847 - INFO - [2023BPix] MISSING_SYSTEMATIC: ZFake3Mu/JetEn_Down/muons/1/pz in Skim_TriLep_DYJets.root
2025-11-19 16:11:46,862 - INFO - [2023BPix] MISSING_CENTRAL: ZFake3Mu/Central/muons/1/pz in Skim_TriLep_DYJets10to50.root
2025-11-19 16:11:47,008 - INFO - [2023BPix] MISSING_CENTRAL: ZFake3Mu/Central/muons/1/pz in Skim_TriLep_TTG_PTG200toInf.root
2025-11-19 16:29:08,690 - INFO - [2023BPix] MISSING_SYSTEMATIC: ZFake3Mu/JetEn_Down/muons/1/pz in Skim_TriLep_DYJets.root
2025-11-19 16:29:08,705 - INFO - [2023BPix] MISSING_CENTRAL: ZFake3Mu/Central/muons/1/pz in Skim_TriLep_DYJets10to50.root
2025-11-19 16:29:08,855 - INFO - [2023BPix] MISSING_CENTRAL: ZFake3Mu/Central/muons/1/pz in Skim_TriLep_TTG_PTG200toInf.root
2025-12-17 22:44:10,666 - INFO - [2023BPix] MISSING_CENTRAL: ZFake3Mu/Central/muons/1/pz in Skim_TriLep_DYJets10to50.root
2025-12-17 22:44:10,819 - INFO - [2023BPix] MISSING_CENTRAL: ZFake3Mu/Central/muons/1/pz in Skim_TriLep_TTG_PTG100to200.root
2025-12-17 22:44:10,820 - INFO - [2023BPix] MISSING_CENTRAL: ZFake3Mu/Central/muons/1/pz in Skim_TriLep_TTG_PTG200toInf.root
2025-12-18 14:45:23,918 - INFO - [2023BPix] MISSING_CENTRAL: ZFake3Mu/Central/muons/1/pz in Skim_TriLep_DYJets10to50.root
2025-12-18 14:45:23,945 - INFO - [2023BPix] MISSING_CENTRAL: ZFake3Mu/Central/muons/1/pz in Skim_TriLep_TTG_PTG100to200.root
2025-12-18 14:45:23,946 - INFO - [2023BPix] MISSING_CENTRAL: ZFake3Mu/Central/muons/1/pz in Skim_TriLep_TTG_PTG200toInf.root
2026-01-07 11:54:17,706 - INFO - [2023BPix] MISSING_CENTRAL: ZFake3Mu/Central/muons/1/pz in Skim_TriLep_DYJets10to50.root
2026-01-07 11:54:17,894 - INFO - [2023BPix] MISSING_CENTRAL: ZFake3Mu/Central/muons/1/pz in Skim_TriLep_TTG_PTG100to200.root
2026-01-07 11:54:17,895 - INFO - [2023BPix] MISSING_CENTRAL: ZFake3Mu/Central/muons/1/pz in Skim_TriLep_TTG_PTG200toInf.root
2026-01-07 18:50:48,261 - INFO - [2023BPix] MISSING_CENTRAL: ZFake3Mu/Central/muons/1/pz in Skim_TriLep_DYJets10to50.root
2026-01-07 18:50:48,285 - INFO - [2023BPix] MISSING_CENTRAL: ZFake3Mu/Central/muons/1/pz in Skim_TriLep_TTG_PTG100to200.root
2026-01-07 18:50:48,286 - INFO - [2023BPix] MISSING_CENTRAL: ZFake3Mu/Central/muons/1/pz in Skim_TriLep_TTG_PTG200toInf.root
2026-01-09 12:25:44,807 - INFO - [2023BPix] MISSING_CENTRAL: ZFake3Mu/Central/muons/1/pz in Skim_TriLep_DYJets10to50.root
2026-01-09 12:25:44,822 - INFO - [2023BPix] MISSING_CENTRAL: ZFake3Mu/Central/muons/1/pz in Skim_TriLep_TTG_PTG100to200.root
2026-01-09 12:25:44,823 - INFO - [2023BPix] MISSING_CENTRAL: ZFake3Mu/Central/muons/1/pz in Skim_TriLep_TTG_PTG200toInf.root
2026-01-11 09:45:45,644 - INFO - [2023BPix] MISSING_CENTRAL: ZFake3Mu/Central/muons/1/pz in Skim_TriLep_DYJets10to50.root
2026-01-11 09:45:45,658 - INFO - [2023BPix] MISSING_CENTRAL: ZFake3Mu/Central/muons/1/pz in Skim_TriLep_TTG_PTG100to200.root
2026-01-11 09:45:45,659 - INFO - [2023BPix] MISSING_CENTRAL: ZFake3Mu/Central/muons/1/pz in Skim_TriLep_TTG_PTG200toInf.root
2026-01-12 13:54:35,527 - INFO - [2023BPix] MISSING_FILE: /home/choij/Sync/workspace/ChargedHiggsAnalysisV3/SKNanoOutput/MatrixSelector/Run3Mu/2023BPix/Skim_TriLep_Muon0_D_v1.root
2026-01-12 13:54:35,527 - INFO - [2023BPix] MISSING_FILE: /home/choij/Sync/workspace/ChargedHiggsAnalysisV3/SKNanoOutput/MatrixSelector/Run3Mu/2023BPix/Skim_TriLep_Muon0_D_v2.root
2026-01-12 13:54:35,527 - INFO - [2023BPix] MISSING_FILE: /home/choij/Sync/workspace/ChargedHiggsAnalysisV3/SKNanoOutput/MatrixSelector/Run3Mu/2023BPix/Skim_TriLep_Muon1_D_v1.root
2026-01-12 13:54:35,527 - INFO - [2023BPix] MISSING_FILE: /home/choij/Sync/workspace/ChargedHiggsAnalysisV3/SKNanoOutput/MatrixSelector/Run3Mu/2023BPix/Skim_TriLep_Muon1_D_v2.root
2026-01-12 13:54:35,558 - INFO - [2023BPix] MISSING_CENTRAL: ZFake3Mu/Central/muons/1/pz in Skim_TriLep_DYJets10to50.root
2026-01-12 13:54:35,574 - INFO - [2023BPix] MISSING_CENTRAL: ZFake3Mu/Central/muons/1/pz in Skim_TriLep_TTG_PTG100to200.root
2026-01-12 13:54:35,575 - INFO - [2023BPix] MISSING_CENTRAL: ZFake3Mu/Central/muons/1/pz in Skim_TriLep_TTG_PTG200toInf.root
2026-01-16 19:09:20,090 - INFO - [2023BPix] MISSING_CENTRAL: ZFake3Mu/Central/muons/1/pz in Skim_TriLep_DYJets10to50.root
2026-01-16 19:09:20,119 - INFO - [2023BPix] MISSING_CENTRAL: ZFake3Mu/Central/muons/1/pz in Skim_TriLep_TTG_PTG100to200.root
2026-01-16 19:09:20,120 - INFO - [2023BPix] MISSING_CENTRAL: ZFake3Mu/Central/muons/1/pz in Skim_TriLep_TTG_PTG200toInf.root
2026-01-28 17:06:35,694 - INFO - [2023BPix] MISSING_CENTRAL: ZFake3Mu/Central/muons/1/pz in Skim_TriLep_DYJets10to50.root
2026-01-28 17:06:35,717 - INFO - [2023BPix] MISSING_CENTRAL: ZFake3Mu/Central/muons/1/pz in Skim_TriLep_TTG_PTG100to200.root
2026-01-28 17:06:35,718 - INFO - [2023BPix] MISSING_CENTRAL: ZFake3Mu/Central/muons/1/pz in Skim_TriLep_TTG_PTG200toInf.root
2026-01-28 17:27:12,653 - INFO - [2023BPix] MISSING_CENTRAL: ZFake3Mu/Central/muons/1/pz in Skim_TriLep_DYJets10to50.root
2026-01-28 17:27:12,675 - INFO - [2023BPix] MISSING_CENTRAL: ZFake3Mu/Central/muons/1/pz in Skim_TriLep_TTG_PTG100to200.root
2026-01-28 17:27:12,676 - INFO - [2023BPix] MISSING_CENTRAL: ZFake3Mu/Central/muons/1/pz in Skim_TriLep_TTG_PTG200toInf.root
2026-01-28 20:00:53,759 - INFO - [2023BPix] MISSING_CENTRAL: ZFake3Mu/Central/muons/1/pz in Skim_TriLep_DYJets10to50.root
2026-01-28 20:00:53,782 - INFO - [2023BPix] MISSING_CENTRAL: ZFake3Mu/Central/muons/1/pz in Skim_TriLep_TTG_PTG100to200.root
2026-01-28 20:00:53,782 - INFO - [2023BPix] MISSING_CENTRAL: ZFake3Mu/Central/muons/1/pz in Skim_TriLep_TTG_PTG200toInf.root
2026-01-29 07:17:37,357 - INFO - [2023BPix] MISSING_CENTRAL: ZFake3Mu/Central/muons/1/pz in Skim_TriLep_DYJets10to50.root
2026-01-29 07:17:37,381 - INFO - [2023BPix] MISSING_CENTRAL: ZFake3Mu/Central/muons/1/pz in Skim_TriLep_TTG_PTG100to200.root
2026-01-29 07:17:37,382 - INFO - [2023BPix] MISSING_CENTRAL: ZFake3Mu/Central/muons/1/pz in Skim_TriLep_TTG_PTG200toInf.root
2026-03-06 09:43:49,394 - INFO - [2023BPix] MISSING_CENTRAL: ZFake3Mu/Central/muons/1/pz in Skim_TriLep_DYJets10to50.root
2026-03-06 09:43:49,409 - INFO - [2023BPix] MISSING_CENTRAL: ZFake3Mu/Central/muons/1/pz in Skim_TriLep_TTG_PTG100to200.root
2026-03-06 09:43:49,409 - INFO - [2023BPix] MISSING_CENTRAL: ZFake3Mu/Central/muons/1/pz in Skim_TriLep_TTG_PTG200toInf.root
2026-03-06 19:49:35,461 - INFO - [2023BPix] MISSING_CENTRAL: ZFake3Mu/Central/muons/1/pz in Skim_TriLep_DYJets10to50.root
2026-03-06 19:49:35,477 - INFO - [2023BPix] MISSING_CENTRAL: ZFake3Mu/Central/muons/1/pz in Skim_TriLep_TTG_PTG100to200.root
2026-03-06 19:49:35,477 - INFO - [2023BPix] MISSING_CENTRAL: ZFake3Mu/Central/muons/1/pz in Skim_TriLep_TTG_PTG200toInf.root
2026-04-10 20:24:31,024 - INFO - [2023BPix] MISSING_CENTRAL: ZFake3Mu/Central/muons/1/pz in Skim_TriLep_DYJets10to50.root
2026-04-10 20:24:31,050 - INFO - [2023BPix] MISSING_CENTRAL: ZFake3Mu/Central/muons/1/pz in Skim_TriLep_TTG_PTG100to200.root
2026-04-10 20:24:31,050 - INFO - [2023BPix] MISSING_CENTRAL: ZFake3Mu/Central/muons/1/pz in Skim_TriLep_TTG_PTG200toInf.root
2026-04-12 11:39:51,636 - INFO - [2023BPix] MISSING_CENTRAL: ZFake3Mu/Central/muons/1/pz in Skim_TriLep_DYJets10to50.root
2026-04-12 11:39:51,653 - INFO - [2023BPix] MISSING_CENTRAL: ZFake3Mu/Central/muons/1/pz in Skim_TriLep_TTG_PTG100to200.root
2026-04-12 11:39:51,653 - INFO - [2023BPix] MISSING_CENTRAL: ZFake3Mu/Central/muons/1/pz in Skim_TriLep_TTG_PTG200toInf.root
2026-04-12 12:21:37,048 - INFO - [2023BPix] MISSING_CENTRAL: ZFake3Mu/Central/muons/1/pz in Skim_TriLep_DYJets10to50.root
2026-04-12 12:21:37,063 - INFO - [2023BPix] MISSING_CENTRAL: ZFake3Mu/Central/muons/1/pz in Skim_TriLep_TTG_PTG100to200.root
2026-04-12 12:21:37,064 - INFO - [2023BPix] MISSING_CENTRAL: ZFake3Mu/Central/muons/1/pz in Skim_TriLep_TTG_PTG200toInf.root
2026-04-12 12:41:16,544 - INFO - [2023BPix] MISSING_CENTRAL: ZFake3Mu/Central/muons/1/pz in Skim_TriLep_DYJets10to50.root
2026-04-12 12:41:16,560 - INFO - [2023BPix] MISSING_CENTRAL: ZFake3Mu/Central/muons/1/pz in Skim_TriLep_TTG_PTG100to200.root
2026-04-12 12:41:16,560 - INFO - [2023BPix] MISSING_CENTRAL: ZFake3Mu/Central/muons/1/pz in Skim_TriLep_TTG_PTG200toInf.root
2026-04-12 20:49:25,188 - INFO - [2023BPix] MISSING_CENTRAL: ZFake3Mu/Central/muons/1/pz in Skim_TriLep_DYJets10to50.root
2026-04-12 20:49:25,203 - INFO - [2023BPix] MISSING_CENTRAL: ZFake3Mu/Central/muons/1/pz in Skim_TriLep_TTG_PTG100to200.root
2026-04-12 20:49:25,204 - INFO - [2023BPix] MISSING_CENTRAL: ZFake3Mu/Central/muons/1/pz in Skim_TriLep_TTG_PTG200toInf.root
2026-04-12 21:20:59,986 - INFO - [2023BPix] MISSING_CENTRAL: ZFake3Mu/Central/muons/1/pz in Skim_TriLep_DYJets10to50.root
2026-04-12 21:21:00,002 - INFO - [2023BPix] MISSING_CENTRAL: ZFake3Mu/Central/muons/1/pz in Skim_TriLep_TTG_PTG100to200.root
2026-04-12 21:21:00,003 - INFO - [2023BPix] MISSING_CENTRAL: ZFake3Mu/Central/muons/1/pz in Skim_TriLep_TTG_PTG200toInf.root
2026-04-13 12:58:45,946 - INFO - [2023BPix] MISSING_CENTRAL: ZFake3Mu/Central/muons/1/pz in Skim_TriLep_DYJets10to50.root
2026-04-13 12:58:45,966 - INFO - [2023BPix] MISSING_CENTRAL: ZFake3Mu/Central/muons/1/pz in Skim_TriLep_TTG_PTG100to200.root
2026-04-13 12:58:45,967 - INFO - [2023BPix] MISSING_CENTRAL: ZFake3Mu/Central/muons/1/pz in Skim_TriLep_TTG_PTG200toInf.root
2026-04-16 17:41:18,283 - INFO - [2023BPix] MISSING_CENTRAL: ZFake3Mu/Central/muons/1/pz in Skim_TriLep_DYJets10to50.root
2026-04-16 17:41:18,301 - INFO - [2023BPix] MISSING_CENTRAL: ZFake3Mu/Central/muons/1/pz in Skim_TriLep_TTG_PTG100to200.root
2026-04-16 17:41:18,302 - INFO - [2023BPix] MISSING_CENTRAL: ZFake3Mu/Central/muons/1/pz in Skim_TriLep_TTG_PTG200toInf.root
2026-05-04 17:10:43,613 - INFO - [2023BPix] MISSING_CENTRAL: ZFake3Mu/Central/muons/1/pz in Skim_TriLep_DYJets10to50.root
2026-05-04 17:10:43,632 - INFO - [2023BPix] MISSING_CENTRAL: ZFake3Mu/Central/muons/1/pz in Skim_TriLep_TTG_PTG100to200.root
2026-05-04 17:10:43,632 - INFO - [2023BPix] MISSING_CENTRAL: ZFake3Mu/Central/muons/1/pz in Skim_TriLep_TTG_PTG200toInf.root
2026-05-28 15:47:32,086 - INFO - [2023BPix] MISSING_CENTRAL: ZFake3Mu/Central/muons/1/pz in Skim_TriLep_DYJets10to50.root
2026-05-28 15:47:32,263 - INFO - [2023BPix] MISSING_CENTRAL: ZFake3Mu/Central/muons/1/pz in Skim_TriLep_TTG_PTG100to200.root
2026-05-28 15:47:32,264 - INFO - [2023BPix] MISSING_CENTRAL: ZFake3Mu/Central/muons/1/pz in Skim_TriLep_TTG_PTG200toInf.root
2026-05-29 15:38:27,490 - INFO - [2023BPix] MISSING_CENTRAL: ZFake3Mu/Central/muons/1/pz in Skim_TriLep_DYJets10to50.root
2026-05-29 15:38:27,511 - INFO - [2023BPix] MISSING_CENTRAL: ZFake3Mu/Central/muons/1/pz in Skim_TriLep_TTG_PTG100to200.root
2026-05-29 15:38:27,511 - INFO - [2023BPix] MISSING_CENTRAL: ZFake3Mu/Central/muons/1/pz in Skim_TriLep_TTG_PTG200toInf.root
2026-05-29 18:29:48,943 - INFO - [2023BPix] MISSING_CENTRAL: ZFake3Mu/Central/muons/1/pz in Skim_TriLep_DYJets10to50.root
2026-05-29 18:29:48,964 - INFO - [2023BPix] MISSING_CENTRAL: ZFake3Mu/Central/muons/1/pz in Skim_TriLep_TTG_PTG100to200.root
2026-05-29 18:29:48,964 - INFO - [2023BPix] MISSING_CENTRAL: ZFake3Mu/Central/muons/1/pz in Skim_TriLep_TTG_PTG200toInf.root
2026-06-12 14:33:24,425 - INFO - [2023BPix] MISSING_CENTRAL: ZFake3Mu/Central/muons/1/pz in Skim_TriLep_DYJets10to50.root
2026-06-12 14:33:24,444 - INFO - [2023BPix] MISSING_CENTRAL: ZFake3Mu/Central/muons/1/pz in Skim_TriLep_TTG_PTG100to200.root
2026-06-12 14:33:24,445 - INFO - [2023BPix] MISSING_CENTRAL: ZFake3Mu/Central/muons/1/pz in Skim_TriLep_TTG_PTG200toInf.root
2026-06-18 00:28:05,675 - INFO - [2023BPix] MISSING_CENTRAL: ZFake3Mu/Central/muons/1/pz in Skim_TriLep_DYJets10to50.root
2026-06-18 00:28:05,695 - INFO - [2023BPix] MISSING_CENTRAL: ZFake3Mu/Central/muons/1/pz in Skim_TriLep_TTG_PTG100to200.root
2026-06-18 00:28:05,696 - INFO - [2023BPix] MISSING_CENTRAL: ZFake3Mu/Central/muons/1/pz in Skim_TriLep_TTG_PTG200toInf.root
