2025-09-24 16:04:50,237 - INFO - [2023BPix] MISSING_SYSTEMATIC: ZFake3Mu/JetEn_Down/ZCand/phi in Skim_TriLep_DYJets.root
2025-09-24 16:04:50,241 - INFO - [2023BPix] MISSING_CENTRAL: ZFake3Mu/Central/ZCand/phi in Skim_TriLep_DYJets10to50.root
2025-09-24 16:04:50,275 - INFO - [2023BPix] MISSING_CENTRAL: ZFake3Mu/Central/ZCand/phi in Skim_TriLep_TTG_PTG200toInf.root
2025-10-02 21:22:08,360 - INFO - [2023BPix] MISSING_SYSTEMATIC: ZFake3Mu/JetEn_Down/ZCand/phi in Skim_TriLep_DYJets.root
2025-10-02 21:22:08,388 - INFO - [2023BPix] MISSING_CENTRAL: ZFake3Mu/Central/ZCand/phi in Skim_TriLep_DYJets10to50.root
2025-10-02 21:22:08,498 - INFO - [2023BPix] MISSING_CENTRAL: ZFake3Mu/Central/ZCand/phi in Skim_TriLep_TTG_PTG200toInf.root
2025-10-03 00:35:17,671 - INFO - [2023BPix] MISSING_SYSTEMATIC: ZFake3Mu/JetEn_Down/ZCand/phi in Skim_TriLep_DYJets.root
2025-10-03 00:35:17,681 - INFO - [2023BPix] MISSING_CENTRAL: ZFake3Mu/Central/ZCand/phi in Skim_TriLep_DYJets10to50.root
2025-10-03 00:35:17,787 - INFO - [2023BPix] MISSING_CENTRAL: ZFake3Mu/Central/ZCand/phi in Skim_TriLep_TTG_PTG200toInf.root
2025-11-07 13:13:03,538 - INFO - [2023BPix] MISSING_FILE: /home/choij/Sync/workspace/ChargedHiggsAnalysisV3/SKNanoOutput/PromptSelector/Run3Mu/2023BPix/Skim_TriLep_Muon0_D_v1.root
2025-11-07 13:13:03,538 - INFO - [2023BPix] MISSING_FILE: /home/choij/Sync/workspace/ChargedHiggsAnalysisV3/SKNanoOutput/PromptSelector/Run3Mu/2023BPix/Skim_TriLep_Muon0_D_v2.root
2025-11-07 13:13:03,538 - INFO - [2023BPix] MISSING_FILE: /home/choij/Sync/workspace/ChargedHiggsAnalysisV3/SKNanoOutput/PromptSelector/Run3Mu/2023BPix/Skim_TriLep_Muon1_D_v1.root
2025-11-07 13:13:03,538 - INFO - [2023BPix] MISSING_FILE: /home/choij/Sync/workspace/ChargedHiggsAnalysisV3/SKNanoOutput/PromptSelector/Run3Mu/2023BPix/Skim_TriLep_Muon1_D_v2.root
2025-11-07 14:10:36,138 - INFO - [2023BPix] MISSING_FILE: /home/choij/Sync/workspace/ChargedHiggsAnalysisV3/SKNanoOutput/PromptSelector/Run3Mu/2023BPix/Skim_TriLep_Muon0_D_v1.root
2025-11-07 14:10:36,139 - INFO - [2023BPix] MISSING_FILE: /home/choij/Sync/workspace/ChargedHiggsAnalysisV3/SKNanoOutput/PromptSelector/Run3Mu/2023BPix/Skim_TriLep_Muon0_D_v2.root
2025-11-07 14:10:36,139 - INFO - [2023BPix] MISSING_FILE: /home/choij/Sync/workspace/ChargedHiggsAnalysisV3/SKNanoOutput/PromptSelector/Run3Mu/2023BPix/Skim_TriLep_Muon1_D_v1.root
2025-11-07 14:10:36,139 - INFO - [2023BPix] MISSING_FILE: /home/choij/Sync/workspace/ChargedHiggsAnalysisV3/SKNanoOutput/PromptSelector/Run3Mu/2023BPix/Skim_TriLep_Muon1_D_v2.root
2025-11-10 12:26:47,685 - INFO - [2023BPix] MISSING_SYSTEMATIC: ZFake3Mu/JetEn_Down/ZCand/phi in Skim_TriLep_DYJets.root
2025-11-10 12:26:47,694 - INFO - [2023BPix] MISSING_CENTRAL: ZFake3Mu/Central/ZCand/phi in Skim_TriLep_DYJets10to50.root
2025-11-10 12:26:47,769 - INFO - [2023BPix] MISSING_CENTRAL: ZFake3Mu/Central/ZCand/phi in Skim_TriLep_TTG_PTG200toInf.root
2025-11-13 11:17:10,718 - INFO - [2023BPix] MISSING_SYSTEMATIC: ZFake3Mu/JetEn_Down/ZCand/phi in Skim_TriLep_DYJets.root
2025-11-13 11:17:10,730 - INFO - [2023BPix] MISSING_CENTRAL: ZFake3Mu/Central/ZCand/phi in Skim_TriLep_DYJets10to50.root
2025-11-13 11:17:10,855 - INFO - [2023BPix] MISSING_CENTRAL: ZFake3Mu/Central/ZCand/phi in Skim_TriLep_TTG_PTG200toInf.root
2025-11-19 16:11:53,802 - INFO - [2023BPix] MISSING_SYSTEMATIC: ZFake3Mu/JetEn_Down/ZCand/phi in Skim_TriLep_DYJets.root
2025-11-19 16:11:53,812 - INFO - [2023BPix] MISSING_CENTRAL: ZFake3Mu/Central/ZCand/phi in Skim_TriLep_DYJets10to50.root
2025-11-19 16:11:53,858 - INFO - [2023BPix] MISSING_CENTRAL: ZFake3Mu/Central/ZCand/phi in Skim_TriLep_TTG_PTG200toInf.root
2025-11-19 16:29:15,742 - INFO - [2023BPix] MISSING_SYSTEMATIC: ZFake3Mu/JetEn_Down/ZCand/phi in Skim_TriLep_DYJets.root
2025-11-19 16:29:15,750 - INFO - [2023BPix] MISSING_CENTRAL: ZFake3Mu/Central/ZCand/phi in Skim_TriLep_DYJets10to50.root
2025-11-19 16:29:15,799 - INFO - [2023BPix] MISSING_CENTRAL: ZFake3Mu/Central/ZCand/phi in Skim_TriLep_TTG_PTG200toInf.root
2025-12-17 22:44:21,481 - INFO - [2023BPix] MISSING_CENTRAL: ZFake3Mu/Central/ZCand/phi in Skim_TriLep_DYJets10to50.root
2025-12-17 22:44:21,650 - INFO - [2023BPix] MISSING_CENTRAL: ZFake3Mu/Central/ZCand/phi in Skim_TriLep_TTG_PTG100to200.root
2025-12-17 22:44:21,651 - INFO - [2023BPix] MISSING_CENTRAL: ZFake3Mu/Central/ZCand/phi in Skim_TriLep_TTG_PTG200toInf.root
2025-12-18 14:45:29,192 - INFO - [2023BPix] MISSING_CENTRAL: ZFake3Mu/Central/ZCand/phi in Skim_TriLep_DYJets10to50.root
2025-12-18 14:45:29,211 - INFO - [2023BPix] MISSING_CENTRAL: ZFake3Mu/Central/ZCand/phi in Skim_TriLep_TTG_PTG100to200.root
2025-12-18 14:45:29,242 - INFO - [2023BPix] MISSING_CENTRAL: ZFake3Mu/Central/ZCand/phi in Skim_TriLep_TTG_PTG200toInf.root
2026-01-07 11:54:26,504 - INFO - [2023BPix] MISSING_CENTRAL: ZFake3Mu/Central/ZCand/phi in Skim_TriLep_DYJets10to50.root
2026-01-07 11:54:26,512 - INFO - [2023BPix] MISSING_CENTRAL: ZFake3Mu/Central/ZCand/phi in Skim_TriLep_TTG_PTG100to200.root
2026-01-07 11:54:26,513 - INFO - [2023BPix] MISSING_CENTRAL: ZFake3Mu/Central/ZCand/phi in Skim_TriLep_TTG_PTG200toInf.root
2026-01-07 18:50:53,545 - INFO - [2023BPix] MISSING_CENTRAL: ZFake3Mu/Central/ZCand/phi in Skim_TriLep_DYJets10to50.root
2026-01-07 18:50:53,555 - INFO - [2023BPix] MISSING_CENTRAL: ZFake3Mu/Central/ZCand/phi in Skim_TriLep_TTG_PTG100to200.root
2026-01-07 18:50:53,556 - INFO - [2023BPix] MISSING_CENTRAL: ZFake3Mu/Central/ZCand/phi in Skim_TriLep_TTG_PTG200toInf.root
2026-01-09 12:25:51,376 - INFO - [2023BPix] MISSING_CENTRAL: ZFake3Mu/Central/ZCand/phi in Skim_TriLep_DYJets10to50.root
2026-01-09 12:25:51,381 - INFO - [2023BPix] MISSING_CENTRAL: ZFake3Mu/Central/ZCand/phi in Skim_TriLep_TTG_PTG100to200.root
2026-01-09 12:25:51,382 - INFO - [2023BPix] MISSING_CENTRAL: ZFake3Mu/Central/ZCand/phi in Skim_TriLep_TTG_PTG200toInf.root
2026-01-11 09:45:52,006 - INFO - [2023BPix] MISSING_CENTRAL: ZFake3Mu/Central/ZCand/phi in Skim_TriLep_DYJets10to50.root
2026-01-11 09:45:52,011 - INFO - [2023BPix] MISSING_CENTRAL: ZFake3Mu/Central/ZCand/phi in Skim_TriLep_TTG_PTG100to200.root
2026-01-11 09:45:52,012 - INFO - [2023BPix] MISSING_CENTRAL: ZFake3Mu/Central/ZCand/phi in Skim_TriLep_TTG_PTG200toInf.root
2026-01-12 13:54:42,106 - INFO - [2023BPix] MISSING_FILE: /home/choij/Sync/workspace/ChargedHiggsAnalysisV3/SKNanoOutput/MatrixSelector/Run3Mu/2023BPix/Skim_TriLep_Muon0_D_v1.root
2026-01-12 13:54:42,107 - INFO - [2023BPix] MISSING_FILE: /home/choij/Sync/workspace/ChargedHiggsAnalysisV3/SKNanoOutput/MatrixSelector/Run3Mu/2023BPix/Skim_TriLep_Muon0_D_v2.root
2026-01-12 13:54:42,107 - INFO - [2023BPix] MISSING_FILE: /home/choij/Sync/workspace/ChargedHiggsAnalysisV3/SKNanoOutput/MatrixSelector/Run3Mu/2023BPix/Skim_TriLep_Muon1_D_v1.root
2026-01-12 13:54:42,107 - INFO - [2023BPix] MISSING_FILE: /home/choij/Sync/workspace/ChargedHiggsAnalysisV3/SKNanoOutput/MatrixSelector/Run3Mu/2023BPix/Skim_TriLep_Muon1_D_v2.root
2026-01-12 13:54:42,128 - INFO - [2023BPix] MISSING_CENTRAL: ZFake3Mu/Central/ZCand/phi in Skim_TriLep_DYJets10to50.root
2026-01-12 13:54:42,134 - INFO - [2023BPix] MISSING_CENTRAL: ZFake3Mu/Central/ZCand/phi in Skim_TriLep_TTG_PTG100to200.root
2026-01-12 13:54:42,134 - INFO - [2023BPix] MISSING_CENTRAL: ZFake3Mu/Central/ZCand/phi in Skim_TriLep_TTG_PTG200toInf.root
2026-01-16 19:09:26,484 - INFO - [2023BPix] MISSING_CENTRAL: ZFake3Mu/Central/ZCand/phi in Skim_TriLep_DYJets10to50.root
2026-01-16 19:09:26,489 - INFO - [2023BPix] MISSING_CENTRAL: ZFake3Mu/Central/ZCand/phi in Skim_TriLep_TTG_PTG100to200.root
2026-01-16 19:09:26,490 - INFO - [2023BPix] MISSING_CENTRAL: ZFake3Mu/Central/ZCand/phi in Skim_TriLep_TTG_PTG200toInf.root
2026-01-28 17:06:42,092 - INFO - [2023BPix] MISSING_CENTRAL: ZFake3Mu/Central/ZCand/phi in Skim_TriLep_DYJets10to50.root
2026-01-28 17:06:42,097 - INFO - [2023BPix] MISSING_CENTRAL: ZFake3Mu/Central/ZCand/phi in Skim_TriLep_TTG_PTG100to200.root
2026-01-28 17:06:42,098 - INFO - [2023BPix] MISSING_CENTRAL: ZFake3Mu/Central/ZCand/phi in Skim_TriLep_TTG_PTG200toInf.root
2026-01-28 17:27:18,995 - INFO - [2023BPix] MISSING_CENTRAL: ZFake3Mu/Central/ZCand/phi in Skim_TriLep_DYJets10to50.root
2026-01-28 17:27:19,001 - INFO - [2023BPix] MISSING_CENTRAL: ZFake3Mu/Central/ZCand/phi in Skim_TriLep_TTG_PTG100to200.root
2026-01-28 17:27:19,001 - INFO - [2023BPix] MISSING_CENTRAL: ZFake3Mu/Central/ZCand/phi in Skim_TriLep_TTG_PTG200toInf.root
2026-01-28 20:01:00,026 - INFO - [2023BPix] MISSING_CENTRAL: ZFake3Mu/Central/ZCand/phi in Skim_TriLep_DYJets10to50.root
2026-01-28 20:01:00,033 - INFO - [2023BPix] MISSING_CENTRAL: ZFake3Mu/Central/ZCand/phi in Skim_TriLep_TTG_PTG100to200.root
2026-01-28 20:01:00,033 - INFO - [2023BPix] MISSING_CENTRAL: ZFake3Mu/Central/ZCand/phi in Skim_TriLep_TTG_PTG200toInf.root
2026-01-29 07:17:43,637 - INFO - [2023BPix] MISSING_CENTRAL: ZFake3Mu/Central/ZCand/phi in Skim_TriLep_DYJets10to50.root
2026-01-29 07:17:43,643 - INFO - [2023BPix] MISSING_CENTRAL: ZFake3Mu/Central/ZCand/phi in Skim_TriLep_TTG_PTG100to200.root
2026-01-29 07:17:43,644 - INFO - [2023BPix] MISSING_CENTRAL: ZFake3Mu/Central/ZCand/phi in Skim_TriLep_TTG_PTG200toInf.root
2026-03-06 09:43:55,149 - INFO - [2023BPix] MISSING_CENTRAL: ZFake3Mu/Central/ZCand/phi in Skim_TriLep_DYJets10to50.root
2026-03-06 09:43:55,154 - INFO - [2023BPix] MISSING_CENTRAL: ZFake3Mu/Central/ZCand/phi in Skim_TriLep_TTG_PTG100to200.root
2026-03-06 09:43:55,155 - INFO - [2023BPix] MISSING_CENTRAL: ZFake3Mu/Central/ZCand/phi in Skim_TriLep_TTG_PTG200toInf.root
2026-03-06 19:49:41,274 - INFO - [2023BPix] MISSING_CENTRAL: ZFake3Mu/Central/ZCand/phi in Skim_TriLep_DYJets10to50.root
2026-03-06 19:49:41,278 - INFO - [2023BPix] MISSING_CENTRAL: ZFake3Mu/Central/ZCand/phi in Skim_TriLep_TTG_PTG100to200.root
2026-03-06 19:49:41,278 - INFO - [2023BPix] MISSING_CENTRAL: ZFake3Mu/Central/ZCand/phi in Skim_TriLep_TTG_PTG200toInf.root
2026-04-10 20:24:36,949 - INFO - [2023BPix] MISSING_CENTRAL: ZFake3Mu/Central/ZCand/phi in Skim_TriLep_DYJets10to50.root
2026-04-10 20:24:36,955 - INFO - [2023BPix] MISSING_CENTRAL: ZFake3Mu/Central/ZCand/phi in Skim_TriLep_TTG_PTG100to200.root
2026-04-10 20:24:36,955 - INFO - [2023BPix] MISSING_CENTRAL: ZFake3Mu/Central/ZCand/phi in Skim_TriLep_TTG_PTG200toInf.root
2026-04-12 11:39:57,783 - INFO - [2023BPix] MISSING_CENTRAL: ZFake3Mu/Central/ZCand/phi in Skim_TriLep_DYJets10to50.root
2026-04-12 11:39:57,787 - INFO - [2023BPix] MISSING_CENTRAL: ZFake3Mu/Central/ZCand/phi in Skim_TriLep_TTG_PTG100to200.root
2026-04-12 11:39:57,788 - INFO - [2023BPix] MISSING_CENTRAL: ZFake3Mu/Central/ZCand/phi in Skim_TriLep_TTG_PTG200toInf.root
2026-04-12 12:21:42,519 - INFO - [2023BPix] MISSING_CENTRAL: ZFake3Mu/Central/ZCand/phi in Skim_TriLep_DYJets10to50.root
2026-04-12 12:21:42,524 - INFO - [2023BPix] MISSING_CENTRAL: ZFake3Mu/Central/ZCand/phi in Skim_TriLep_TTG_PTG100to200.root
2026-04-12 12:21:42,525 - INFO - [2023BPix] MISSING_CENTRAL: ZFake3Mu/Central/ZCand/phi in Skim_TriLep_TTG_PTG200toInf.root
2026-04-12 12:41:22,313 - INFO - [2023BPix] MISSING_CENTRAL: ZFake3Mu/Central/ZCand/phi in Skim_TriLep_DYJets10to50.root
2026-04-12 12:41:22,319 - INFO - [2023BPix] MISSING_CENTRAL: ZFake3Mu/Central/ZCand/phi in Skim_TriLep_TTG_PTG100to200.root
2026-04-12 12:41:22,319 - INFO - [2023BPix] MISSING_CENTRAL: ZFake3Mu/Central/ZCand/phi in Skim_TriLep_TTG_PTG200toInf.root
2026-04-12 20:49:31,069 - INFO - [2023BPix] MISSING_CENTRAL: ZFake3Mu/Central/ZCand/phi in Skim_TriLep_DYJets10to50.root
2026-04-12 20:49:31,075 - INFO - [2023BPix] MISSING_CENTRAL: ZFake3Mu/Central/ZCand/phi in Skim_TriLep_TTG_PTG100to200.root
2026-04-12 20:49:31,076 - INFO - [2023BPix] MISSING_CENTRAL: ZFake3Mu/Central/ZCand/phi in Skim_TriLep_TTG_PTG200toInf.root
2026-04-12 21:21:05,340 - INFO - [2023BPix] MISSING_CENTRAL: ZFake3Mu/Central/ZCand/phi in Skim_TriLep_DYJets10to50.root
2026-04-12 21:21:05,346 - INFO - [2023BPix] MISSING_CENTRAL: ZFake3Mu/Central/ZCand/phi in Skim_TriLep_TTG_PTG100to200.root
2026-04-12 21:21:05,346 - INFO - [2023BPix] MISSING_CENTRAL: ZFake3Mu/Central/ZCand/phi in Skim_TriLep_TTG_PTG200toInf.root
2026-04-13 12:58:51,906 - INFO - [2023BPix] MISSING_CENTRAL: ZFake3Mu/Central/ZCand/phi in Skim_TriLep_DYJets10to50.root
2026-04-13 12:58:51,912 - INFO - [2023BPix] MISSING_CENTRAL: ZFake3Mu/Central/ZCand/phi in Skim_TriLep_TTG_PTG100to200.root
2026-04-13 12:58:51,912 - INFO - [2023BPix] MISSING_CENTRAL: ZFake3Mu/Central/ZCand/phi in Skim_TriLep_TTG_PTG200toInf.root
2026-04-16 17:41:24,268 - INFO - [2023BPix] MISSING_CENTRAL: ZFake3Mu/Central/ZCand/phi in Skim_TriLep_DYJets10to50.root
2026-04-16 17:41:24,275 - INFO - [2023BPix] MISSING_CENTRAL: ZFake3Mu/Central/ZCand/phi in Skim_TriLep_TTG_PTG100to200.root
2026-04-16 17:41:24,275 - INFO - [2023BPix] MISSING_CENTRAL: ZFake3Mu/Central/ZCand/phi in Skim_TriLep_TTG_PTG200toInf.root
2026-05-04 17:10:49,331 - INFO - [2023BPix] MISSING_CENTRAL: ZFake3Mu/Central/ZCand/phi in Skim_TriLep_DYJets10to50.root
2026-05-04 17:10:49,336 - INFO - [2023BPix] MISSING_CENTRAL: ZFake3Mu/Central/ZCand/phi in Skim_TriLep_TTG_PTG100to200.root
2026-05-04 17:10:49,336 - INFO - [2023BPix] MISSING_CENTRAL: ZFake3Mu/Central/ZCand/phi in Skim_TriLep_TTG_PTG200toInf.root
2026-05-28 15:47:37,112 - INFO - [2023BPix] MISSING_CENTRAL: ZFake3Mu/Central/ZCand/phi in Skim_TriLep_DYJets10to50.root
2026-05-28 15:47:37,118 - INFO - [2023BPix] MISSING_CENTRAL: ZFake3Mu/Central/ZCand/phi in Skim_TriLep_TTG_PTG100to200.root
2026-05-28 15:47:37,119 - INFO - [2023BPix] MISSING_CENTRAL: ZFake3Mu/Central/ZCand/phi in Skim_TriLep_TTG_PTG200toInf.root
2026-05-29 15:38:32,992 - INFO - [2023BPix] MISSING_CENTRAL: ZFake3Mu/Central/ZCand/phi in Skim_TriLep_DYJets10to50.root
2026-05-29 15:38:32,997 - INFO - [2023BPix] MISSING_CENTRAL: ZFake3Mu/Central/ZCand/phi in Skim_TriLep_TTG_PTG100to200.root
2026-05-29 15:38:32,997 - INFO - [2023BPix] MISSING_CENTRAL: ZFake3Mu/Central/ZCand/phi in Skim_TriLep_TTG_PTG200toInf.root
2026-05-29 18:29:54,703 - INFO - [2023BPix] MISSING_CENTRAL: ZFake3Mu/Central/ZCand/phi in Skim_TriLep_DYJets10to50.root
2026-05-29 18:29:54,710 - INFO - [2023BPix] MISSING_CENTRAL: ZFake3Mu/Central/ZCand/phi in Skim_TriLep_TTG_PTG100to200.root
2026-05-29 18:29:54,710 - INFO - [2023BPix] MISSING_CENTRAL: ZFake3Mu/Central/ZCand/phi in Skim_TriLep_TTG_PTG200toInf.root
2026-06-12 14:33:30,171 - INFO - [2023BPix] MISSING_CENTRAL: ZFake3Mu/Central/ZCand/phi in Skim_TriLep_DYJets10to50.root
2026-06-12 14:33:30,177 - INFO - [2023BPix] MISSING_CENTRAL: ZFake3Mu/Central/ZCand/phi in Skim_TriLep_TTG_PTG100to200.root
2026-06-12 14:33:30,178 - INFO - [2023BPix] MISSING_CENTRAL: ZFake3Mu/Central/ZCand/phi in Skim_TriLep_TTG_PTG200toInf.root
2026-06-18 00:28:11,725 - INFO - [2023BPix] MISSING_CENTRAL: ZFake3Mu/Central/ZCand/phi in Skim_TriLep_DYJets10to50.root
2026-06-18 00:28:11,731 - INFO - [2023BPix] MISSING_CENTRAL: ZFake3Mu/Central/ZCand/phi in Skim_TriLep_TTG_PTG100to200.root
2026-06-18 00:28:11,732 - INFO - [2023BPix] MISSING_CENTRAL: ZFake3Mu/Central/ZCand/phi in Skim_TriLep_TTG_PTG200toInf.root
2026-07-01 17:42:46,879 - INFO - [2023BPix] MISSING_CENTRAL: ZFake3Mu/Central/ZCand/phi in Skim_TriLep_DYJets10to50.root
2026-07-01 17:42:46,885 - INFO - [2023BPix] MISSING_CENTRAL: ZFake3Mu/Central/ZCand/phi in Skim_TriLep_TTG_PTG100to200.root
2026-07-01 17:42:46,886 - INFO - [2023BPix] MISSING_CENTRAL: ZFake3Mu/Central/ZCand/phi in Skim_TriLep_TTG_PTG200toInf.root
2026-07-21 19:41:35,938 - INFO - [2023BPix] MISSING_CENTRAL: ZFake3Mu/Central/ZCand/phi in Skim_TriLep_DYJets10to50.root
2026-07-21 19:41:35,949 - INFO - [2023BPix] MISSING_CENTRAL: ZFake3Mu/Central/ZCand/phi in Skim_TriLep_TTG_PTG100to200.root
2026-07-21 19:41:35,949 - INFO - [2023BPix] MISSING_CENTRAL: ZFake3Mu/Central/ZCand/phi in Skim_TriLep_TTG_PTG200toInf.root
2026-08-18 18:26:36,227 - INFO - [2023BPix] MISSING_CENTRAL: ZFake3Mu/Central/ZCand/phi in Skim_TriLep_DYJets10to50.root
2026-08-18 18:26:36,244 - INFO - [2023BPix] MISSING_CENTRAL: ZFake3Mu/Central/ZCand/phi in Skim_TriLep_TTG_PTG100to200.root
2026-08-18 18:26:36,245 - INFO - [2023BPix] MISSING_CENTRAL: ZFake3Mu/Central/ZCand/phi in Skim_TriLep_TTG_PTG200toInf.root
2026-08-19 10:20:02,972 - INFO - [2023BPix] MISSING_CENTRAL: ZFake3Mu/Central/ZCand/phi in Skim_TriLep_DYJets10to50.root
2026-08-19 10:20:02,983 - INFO - [2023BPix] MISSING_CENTRAL: ZFake3Mu/Central/ZCand/phi in Skim_TriLep_TTG_PTG100to200.root
2026-08-19 10:20:02,983 - INFO - [2023BPix] MISSING_CENTRAL: ZFake3Mu/Central/ZCand/phi in Skim_TriLep_TTG_PTG200toInf.root
