2025-12-18 14:47:10,885 - INFO - [2023BPix] MISSING_CENTRAL: TTZ2E1Mu/Central/bjets/2/pt in Skim_TriLep_MuonEG_D_v2.root
2025-12-18 14:47:11,043 - INFO - [2023BPix] MISSING_CENTRAL: TTZ2E1Mu/Central/bjets/2/pt in Skim_TriLep_DYJets10to50.root
2025-12-18 14:47:11,080 - INFO - [2023BPix] MISSING_CENTRAL: TTZ2E1Mu/Central/bjets/2/pt in Skim_TriLep_TTG_PTG100to200.root
2025-12-18 14:47:11,624 - INFO - [2023BPix] MISSING_CENTRAL: TTZ2E1Mu/Central/bjets/2/pt in Skim_TriLep_WWW.root
2025-12-18 14:47:11,892 - INFO - [2023BPix] MISSING_CENTRAL: TTZ2E1Mu/Central/bjets/2/pt in Skim_TriLep_ggHToZZTo4L.root
2025-12-18 21:35:38,241 - INFO - [2023BPix] MISSING_CENTRAL: TTZ2E1Mu/Central/bjets/2/pt in Skim_TriLep_MuonEG_D_v2.root
2025-12-18 21:35:38,305 - INFO - [2023BPix] MISSING_CENTRAL: TTZ2E1Mu/Central/bjets/2/pt in Skim_TriLep_DYJets10to50.root
2025-12-18 21:35:38,328 - INFO - [2023BPix] MISSING_CENTRAL: TTZ2E1Mu/Central/bjets/2/pt in Skim_TriLep_TTG_PTG100to200.root
2025-12-18 21:35:38,501 - INFO - [2023BPix] MISSING_CENTRAL: TTZ2E1Mu/Central/bjets/2/pt in Skim_TriLep_WWW.root
2025-12-18 21:35:38,597 - INFO - [2023BPix] MISSING_CENTRAL: TTZ2E1Mu/Central/bjets/2/pt in Skim_TriLep_ggHToZZTo4L.root
2025-12-18 23:44:42,872 - INFO - [2023BPix] MISSING_CENTRAL: TTZ2E1Mu/Central/bjets/2/pt in Skim_TriLep_MuonEG_D_v2.root
2025-12-18 23:44:42,921 - INFO - [2023BPix] MISSING_CENTRAL: TTZ2E1Mu/Central/bjets/2/pt in Skim_TriLep_DYJets10to50.root
2025-12-18 23:44:42,932 - INFO - [2023BPix] MISSING_CENTRAL: TTZ2E1Mu/Central/bjets/2/pt in Skim_TriLep_TTG_PTG100to200.root
2025-12-18 23:44:43,037 - INFO - [2023BPix] MISSING_CENTRAL: TTZ2E1Mu/Central/bjets/2/pt in Skim_TriLep_WWW.root
2025-12-18 23:44:43,099 - INFO - [2023BPix] MISSING_CENTRAL: TTZ2E1Mu/Central/bjets/2/pt in Skim_TriLep_ggHToZZTo4L.root
2026-01-07 11:24:46,829 - INFO - [2023BPix] MISSING_CENTRAL: TTZ2E1Mu/Central/bjets/2/pt in Skim_TriLep_MuonEG_D_v2.root
2026-01-07 11:24:46,913 - INFO - [2023BPix] MISSING_CENTRAL: TTZ2E1Mu/Central/bjets/2/pt in Skim_TriLep_DYJets10to50.root
2026-01-07 11:24:46,942 - INFO - [2023BPix] MISSING_CENTRAL: TTZ2E1Mu/Central/bjets/2/pt in Skim_TriLep_TTG_PTG100to200.root
2026-01-07 11:24:47,255 - INFO - [2023BPix] MISSING_CENTRAL: TTZ2E1Mu/Central/bjets/2/pt in Skim_TriLep_WWW.root
2026-01-07 11:24:47,364 - INFO - [2023BPix] MISSING_CENTRAL: TTZ2E1Mu/Central/bjets/2/pt in Skim_TriLep_ggHToZZTo4L.root
2026-01-07 11:55:51,307 - INFO - [2023BPix] MISSING_CENTRAL: TTZ2E1Mu/Central/bjets/2/pt in Skim_TriLep_MuonEG_D_v2.root
2026-01-07 11:55:51,374 - INFO - [2023BPix] MISSING_CENTRAL: TTZ2E1Mu/Central/bjets/2/pt in Skim_TriLep_DYJets10to50.root
2026-01-07 11:55:51,394 - INFO - [2023BPix] MISSING_CENTRAL: TTZ2E1Mu/Central/bjets/2/pt in Skim_TriLep_TTG_PTG100to200.root
2026-01-07 11:55:51,567 - INFO - [2023BPix] MISSING_CENTRAL: TTZ2E1Mu/Central/bjets/2/pt in Skim_TriLep_WWW.root
2026-01-07 11:55:51,664 - INFO - [2023BPix] MISSING_CENTRAL: TTZ2E1Mu/Central/bjets/2/pt in Skim_TriLep_ggHToZZTo4L.root
2026-01-07 18:52:19,844 - INFO - [2023BPix] MISSING_CENTRAL: TTZ2E1Mu/Central/bjets/2/pt in Skim_TriLep_MuonEG_D_v2.root
2026-01-07 18:52:19,913 - INFO - [2023BPix] MISSING_CENTRAL: TTZ2E1Mu/Central/bjets/2/pt in Skim_TriLep_DYJets10to50.root
2026-01-07 18:52:19,951 - INFO - [2023BPix] MISSING_CENTRAL: TTZ2E1Mu/Central/bjets/2/pt in Skim_TriLep_TTG_PTG100to200.root
2026-01-07 18:52:20,125 - INFO - [2023BPix] MISSING_CENTRAL: TTZ2E1Mu/Central/bjets/2/pt in Skim_TriLep_WWW.root
2026-01-07 18:52:20,222 - INFO - [2023BPix] MISSING_CENTRAL: TTZ2E1Mu/Central/bjets/2/pt in Skim_TriLep_ggHToZZTo4L.root
2026-01-09 12:27:26,611 - INFO - [2023BPix] MISSING_CENTRAL: TTZ2E1Mu/Central/bjets/2/pt in Skim_TriLep_MuonEG_D_v2.root
2026-01-09 12:27:26,660 - INFO - [2023BPix] MISSING_CENTRAL: TTZ2E1Mu/Central/bjets/2/pt in Skim_TriLep_DYJets10to50.root
2026-01-09 12:27:26,671 - INFO - [2023BPix] MISSING_CENTRAL: TTZ2E1Mu/Central/bjets/2/pt in Skim_TriLep_TTG_PTG100to200.root
2026-01-09 12:27:26,774 - INFO - [2023BPix] MISSING_CENTRAL: TTZ2E1Mu/Central/bjets/2/pt in Skim_TriLep_WWW.root
2026-01-09 12:27:26,835 - INFO - [2023BPix] MISSING_CENTRAL: TTZ2E1Mu/Central/bjets/2/pt in Skim_TriLep_ggHToZZTo4L.root
2026-01-11 09:47:27,099 - INFO - [2023BPix] MISSING_CENTRAL: TTZ2E1Mu/Central/bjets/2/pt in Skim_TriLep_MuonEG_D_v2.root
2026-01-11 09:47:27,147 - INFO - [2023BPix] MISSING_CENTRAL: TTZ2E1Mu/Central/bjets/2/pt in Skim_TriLep_DYJets10to50.root
2026-01-11 09:47:27,158 - INFO - [2023BPix] MISSING_CENTRAL: TTZ2E1Mu/Central/bjets/2/pt in Skim_TriLep_TTG_PTG100to200.root
2026-01-11 09:47:27,262 - INFO - [2023BPix] MISSING_CENTRAL: TTZ2E1Mu/Central/bjets/2/pt in Skim_TriLep_WWW.root
2026-01-11 09:47:27,320 - INFO - [2023BPix] MISSING_CENTRAL: TTZ2E1Mu/Central/bjets/2/pt in Skim_TriLep_ggHToZZTo4L.root
2026-01-12 13:56:22,155 - INFO - [2023BPix] MISSING_CENTRAL: TTZ2E1Mu/Central/bjets/2/pt in Skim_TriLep_MuonEG_D_v2.root
2026-01-12 13:56:22,203 - INFO - [2023BPix] MISSING_CENTRAL: TTZ2E1Mu/Central/bjets/2/pt in Skim_TriLep_DYJets10to50.root
2026-01-12 13:56:22,215 - INFO - [2023BPix] MISSING_CENTRAL: TTZ2E1Mu/Central/bjets/2/pt in Skim_TriLep_TTG_PTG100to200.root
2026-01-12 13:56:22,326 - INFO - [2023BPix] MISSING_CENTRAL: TTZ2E1Mu/Central/bjets/2/pt in Skim_TriLep_WWW.root
2026-01-12 13:56:22,390 - INFO - [2023BPix] MISSING_CENTRAL: TTZ2E1Mu/Central/bjets/2/pt in Skim_TriLep_ggHToZZTo4L.root
2026-01-16 19:11:00,648 - INFO - [2023BPix] MISSING_CENTRAL: TTZ2E1Mu/Central/bjets/2/pt in Skim_TriLep_MuonEG_D_v2.root
2026-01-16 19:11:00,696 - INFO - [2023BPix] MISSING_CENTRAL: TTZ2E1Mu/Central/bjets/2/pt in Skim_TriLep_DYJets10to50.root
2026-01-16 19:11:00,709 - INFO - [2023BPix] MISSING_CENTRAL: TTZ2E1Mu/Central/bjets/2/pt in Skim_TriLep_TTG_PTG100to200.root
2026-01-16 19:11:00,850 - INFO - [2023BPix] MISSING_CENTRAL: TTZ2E1Mu/Central/bjets/2/pt in Skim_TriLep_WWW.root
2026-01-16 19:11:00,905 - INFO - [2023BPix] MISSING_CENTRAL: TTZ2E1Mu/Central/bjets/2/pt in Skim_TriLep_ggHToZZTo4L.root
2026-01-28 17:08:01,171 - INFO - [2023BPix] MISSING_CENTRAL: TTZ2E1Mu/Central/bjets/2/pt in Skim_TriLep_MuonEG_D_v2.root
2026-01-28 17:08:01,225 - INFO - [2023BPix] MISSING_CENTRAL: TTZ2E1Mu/Central/bjets/2/pt in Skim_TriLep_DYJets10to50.root
2026-01-28 17:08:01,243 - INFO - [2023BPix] MISSING_CENTRAL: TTZ2E1Mu/Central/bjets/2/pt in Skim_TriLep_TTG_PTG100to200.root
2026-01-28 17:08:01,400 - INFO - [2023BPix] MISSING_CENTRAL: TTZ2E1Mu/Central/bjets/2/pt in Skim_TriLep_WWW.root
2026-01-28 17:08:01,485 - INFO - [2023BPix] MISSING_CENTRAL: TTZ2E1Mu/Central/bjets/2/pt in Skim_TriLep_ggHToZZTo4L.root
2026-01-28 17:28:34,743 - INFO - [2023BPix] MISSING_CENTRAL: TTZ2E1Mu/Central/bjets/2/pt in Skim_TriLep_MuonEG_D_v2.root
2026-01-28 17:28:34,800 - INFO - [2023BPix] MISSING_CENTRAL: TTZ2E1Mu/Central/bjets/2/pt in Skim_TriLep_DYJets10to50.root
2026-01-28 17:28:34,818 - INFO - [2023BPix] MISSING_CENTRAL: TTZ2E1Mu/Central/bjets/2/pt in Skim_TriLep_TTG_PTG100to200.root
2026-01-28 17:28:34,979 - INFO - [2023BPix] MISSING_CENTRAL: TTZ2E1Mu/Central/bjets/2/pt in Skim_TriLep_WWW.root
2026-01-28 17:28:35,066 - INFO - [2023BPix] MISSING_CENTRAL: TTZ2E1Mu/Central/bjets/2/pt in Skim_TriLep_ggHToZZTo4L.root
2026-01-28 20:02:18,070 - INFO - [2023BPix] MISSING_CENTRAL: TTZ2E1Mu/Central/bjets/2/pt in Skim_TriLep_MuonEG_D_v2.root
2026-01-28 20:02:18,124 - INFO - [2023BPix] MISSING_CENTRAL: TTZ2E1Mu/Central/bjets/2/pt in Skim_TriLep_DYJets10to50.root
2026-01-28 20:02:18,141 - INFO - [2023BPix] MISSING_CENTRAL: TTZ2E1Mu/Central/bjets/2/pt in Skim_TriLep_TTG_PTG100to200.root
2026-01-28 20:02:18,320 - INFO - [2023BPix] MISSING_CENTRAL: TTZ2E1Mu/Central/bjets/2/pt in Skim_TriLep_WWW.root
2026-01-28 20:02:18,402 - INFO - [2023BPix] MISSING_CENTRAL: TTZ2E1Mu/Central/bjets/2/pt in Skim_TriLep_ggHToZZTo4L.root
2026-01-29 07:18:56,529 - INFO - [2023BPix] MISSING_CENTRAL: TTZ2E1Mu/Central/bjets/2/pt in Skim_TriLep_MuonEG_D_v2.root
2026-01-29 07:18:56,578 - INFO - [2023BPix] MISSING_CENTRAL: TTZ2E1Mu/Central/bjets/2/pt in Skim_TriLep_DYJets10to50.root
2026-01-29 07:18:56,590 - INFO - [2023BPix] MISSING_CENTRAL: TTZ2E1Mu/Central/bjets/2/pt in Skim_TriLep_TTG_PTG100to200.root
2026-01-29 07:18:56,701 - INFO - [2023BPix] MISSING_CENTRAL: TTZ2E1Mu/Central/bjets/2/pt in Skim_TriLep_WWW.root
2026-01-29 07:18:56,759 - INFO - [2023BPix] MISSING_CENTRAL: TTZ2E1Mu/Central/bjets/2/pt in Skim_TriLep_ggHToZZTo4L.root
2026-03-06 09:44:30,131 - INFO - [2023BPix] MISSING_CENTRAL: TTZ2E1Mu/Central/bjets/2/pt in Skim_TriLep_MuonEG_D_v2.root
2026-03-06 09:44:30,179 - INFO - [2023BPix] MISSING_CENTRAL: TTZ2E1Mu/Central/bjets/2/pt in Skim_TriLep_DYJets10to50.root
2026-03-06 09:44:30,191 - INFO - [2023BPix] MISSING_CENTRAL: TTZ2E1Mu/Central/bjets/2/pt in Skim_TriLep_TTG_PTG100to200.root
2026-03-06 09:44:30,302 - INFO - [2023BPix] MISSING_CENTRAL: TTZ2E1Mu/Central/bjets/2/pt in Skim_TriLep_WWW.root
2026-03-06 09:44:30,360 - INFO - [2023BPix] MISSING_CENTRAL: TTZ2E1Mu/Central/bjets/2/pt in Skim_TriLep_ggHToZZTo4L.root
2026-03-06 19:50:16,135 - INFO - [2023BPix] MISSING_CENTRAL: TTZ2E1Mu/Central/bjets/2/pt in Skim_TriLep_MuonEG_D_v2.root
2026-03-06 19:50:16,184 - INFO - [2023BPix] MISSING_CENTRAL: TTZ2E1Mu/Central/bjets/2/pt in Skim_TriLep_DYJets10to50.root
2026-03-06 19:50:16,194 - INFO - [2023BPix] MISSING_CENTRAL: TTZ2E1Mu/Central/bjets/2/pt in Skim_TriLep_TTG_PTG100to200.root
2026-03-06 19:50:16,292 - INFO - [2023BPix] MISSING_CENTRAL: TTZ2E1Mu/Central/bjets/2/pt in Skim_TriLep_WWW.root
2026-03-06 19:50:16,343 - INFO - [2023BPix] MISSING_CENTRAL: TTZ2E1Mu/Central/bjets/2/pt in Skim_TriLep_ggHToZZTo4L.root
2026-04-10 20:25:11,066 - INFO - [2023BPix] MISSING_CENTRAL: TTZ2E1Mu/Central/bjets/2/pt in Skim_TriLep_MuonEG_D_v2.root
2026-04-10 20:25:11,134 - INFO - [2023BPix] MISSING_CENTRAL: TTZ2E1Mu/Central/bjets/2/pt in Skim_TriLep_DYJets10to50.root
2026-04-10 20:25:11,152 - INFO - [2023BPix] MISSING_CENTRAL: TTZ2E1Mu/Central/bjets/2/pt in Skim_TriLep_TTG_PTG100to200.root
2026-04-10 20:25:11,269 - INFO - [2023BPix] MISSING_CENTRAL: TTZ2E1Mu/Central/bjets/2/pt in Skim_TriLep_WWW.root
2026-04-10 20:25:11,359 - INFO - [2023BPix] MISSING_CENTRAL: TTZ2E1Mu/Central/bjets/2/pt in Skim_TriLep_ggHToZZTo4L.root
2026-04-12 11:40:33,433 - INFO - [2023BPix] MISSING_CENTRAL: TTZ2E1Mu/Central/bjets/2/pt in Skim_TriLep_MuonEG_D_v2.root
2026-04-12 11:40:33,486 - INFO - [2023BPix] MISSING_CENTRAL: TTZ2E1Mu/Central/bjets/2/pt in Skim_TriLep_DYJets10to50.root
2026-04-12 11:40:33,498 - INFO - [2023BPix] MISSING_CENTRAL: TTZ2E1Mu/Central/bjets/2/pt in Skim_TriLep_TTG_PTG100to200.root
2026-04-12 11:40:33,622 - INFO - [2023BPix] MISSING_CENTRAL: TTZ2E1Mu/Central/bjets/2/pt in Skim_TriLep_WWW.root
2026-04-12 11:40:33,701 - INFO - [2023BPix] MISSING_CENTRAL: TTZ2E1Mu/Central/bjets/2/pt in Skim_TriLep_ggHToZZTo4L.root
2026-04-12 12:22:15,954 - INFO - [2023BPix] MISSING_CENTRAL: TTZ2E1Mu/Central/bjets/2/pt in Skim_TriLep_MuonEG_D_v2.root
2026-04-12 12:22:16,002 - INFO - [2023BPix] MISSING_CENTRAL: TTZ2E1Mu/Central/bjets/2/pt in Skim_TriLep_DYJets10to50.root
2026-04-12 12:22:16,015 - INFO - [2023BPix] MISSING_CENTRAL: TTZ2E1Mu/Central/bjets/2/pt in Skim_TriLep_TTG_PTG100to200.root
2026-04-12 12:22:16,127 - INFO - [2023BPix] MISSING_CENTRAL: TTZ2E1Mu/Central/bjets/2/pt in Skim_TriLep_WWW.root
2026-04-12 12:22:16,190 - INFO - [2023BPix] MISSING_CENTRAL: TTZ2E1Mu/Central/bjets/2/pt in Skim_TriLep_ggHToZZTo4L.root
2026-04-12 12:41:55,510 - INFO - [2023BPix] MISSING_CENTRAL: TTZ2E1Mu/Central/bjets/2/pt in Skim_TriLep_MuonEG_D_v2.root
2026-04-12 12:41:55,572 - INFO - [2023BPix] MISSING_CENTRAL: TTZ2E1Mu/Central/bjets/2/pt in Skim_TriLep_DYJets10to50.root
2026-04-12 12:41:55,587 - INFO - [2023BPix] MISSING_CENTRAL: TTZ2E1Mu/Central/bjets/2/pt in Skim_TriLep_TTG_PTG100to200.root
2026-04-12 12:41:55,727 - INFO - [2023BPix] MISSING_CENTRAL: TTZ2E1Mu/Central/bjets/2/pt in Skim_TriLep_WWW.root
2026-04-12 12:41:55,841 - INFO - [2023BPix] MISSING_CENTRAL: TTZ2E1Mu/Central/bjets/2/pt in Skim_TriLep_ggHToZZTo4L.root
2026-04-12 20:50:04,920 - INFO - [2023BPix] MISSING_CENTRAL: TTZ2E1Mu/Central/bjets/2/pt in Skim_TriLep_MuonEG_D_v2.root
2026-04-12 20:50:04,968 - INFO - [2023BPix] MISSING_CENTRAL: TTZ2E1Mu/Central/bjets/2/pt in Skim_TriLep_DYJets10to50.root
2026-04-12 20:50:04,980 - INFO - [2023BPix] MISSING_CENTRAL: TTZ2E1Mu/Central/bjets/2/pt in Skim_TriLep_TTG_PTG100to200.root
2026-04-12 20:50:05,091 - INFO - [2023BPix] MISSING_CENTRAL: TTZ2E1Mu/Central/bjets/2/pt in Skim_TriLep_WWW.root
2026-04-12 20:50:05,150 - INFO - [2023BPix] MISSING_CENTRAL: TTZ2E1Mu/Central/bjets/2/pt in Skim_TriLep_ggHToZZTo4L.root
2026-04-12 21:21:38,703 - INFO - [2023BPix] MISSING_CENTRAL: TTZ2E1Mu/Central/bjets/2/pt in Skim_TriLep_MuonEG_D_v2.root
2026-04-12 21:21:38,752 - INFO - [2023BPix] MISSING_CENTRAL: TTZ2E1Mu/Central/bjets/2/pt in Skim_TriLep_DYJets10to50.root
2026-04-12 21:21:38,764 - INFO - [2023BPix] MISSING_CENTRAL: TTZ2E1Mu/Central/bjets/2/pt in Skim_TriLep_TTG_PTG100to200.root
2026-04-12 21:21:38,880 - INFO - [2023BPix] MISSING_CENTRAL: TTZ2E1Mu/Central/bjets/2/pt in Skim_TriLep_WWW.root
2026-04-12 21:21:38,942 - INFO - [2023BPix] MISSING_CENTRAL: TTZ2E1Mu/Central/bjets/2/pt in Skim_TriLep_ggHToZZTo4L.root
2026-04-13 12:59:27,185 - INFO - [2023BPix] MISSING_CENTRAL: TTZ2E1Mu/Central/bjets/2/pt in Skim_TriLep_MuonEG_D_v2.root
2026-04-13 12:59:27,243 - INFO - [2023BPix] MISSING_CENTRAL: TTZ2E1Mu/Central/bjets/2/pt in Skim_TriLep_DYJets10to50.root
2026-04-13 12:59:27,261 - INFO - [2023BPix] MISSING_CENTRAL: TTZ2E1Mu/Central/bjets/2/pt in Skim_TriLep_TTG_PTG100to200.root
2026-04-13 12:59:27,433 - INFO - [2023BPix] MISSING_CENTRAL: TTZ2E1Mu/Central/bjets/2/pt in Skim_TriLep_WWW.root
2026-04-13 12:59:27,507 - INFO - [2023BPix] MISSING_CENTRAL: TTZ2E1Mu/Central/bjets/2/pt in Skim_TriLep_ggHToZZTo4L.root
2026-04-16 17:41:58,590 - INFO - [2023BPix] MISSING_CENTRAL: TTZ2E1Mu/Central/bjets/2/pt in Skim_TriLep_MuonEG_D_v2.root
2026-04-16 17:41:58,642 - INFO - [2023BPix] MISSING_CENTRAL: TTZ2E1Mu/Central/bjets/2/pt in Skim_TriLep_DYJets10to50.root
2026-04-16 17:41:58,659 - INFO - [2023BPix] MISSING_CENTRAL: TTZ2E1Mu/Central/bjets/2/pt in Skim_TriLep_TTG_PTG100to200.root
2026-04-16 17:41:58,813 - INFO - [2023BPix] MISSING_CENTRAL: TTZ2E1Mu/Central/bjets/2/pt in Skim_TriLep_WWW.root
2026-04-16 17:41:58,894 - INFO - [2023BPix] MISSING_CENTRAL: TTZ2E1Mu/Central/bjets/2/pt in Skim_TriLep_ggHToZZTo4L.root
2026-05-04 17:11:22,496 - INFO - [2023BPix] MISSING_CENTRAL: TTZ2E1Mu/Central/bjets/2/pt in Skim_TriLep_MuonEG_D_v2.root
2026-05-04 17:11:22,545 - INFO - [2023BPix] MISSING_CENTRAL: TTZ2E1Mu/Central/bjets/2/pt in Skim_TriLep_DYJets10to50.root
2026-05-04 17:11:22,561 - INFO - [2023BPix] MISSING_CENTRAL: TTZ2E1Mu/Central/bjets/2/pt in Skim_TriLep_TTG_PTG100to200.root
2026-05-04 17:11:22,704 - INFO - [2023BPix] MISSING_CENTRAL: TTZ2E1Mu/Central/bjets/2/pt in Skim_TriLep_WWW.root
2026-05-04 17:11:22,786 - INFO - [2023BPix] MISSING_CENTRAL: TTZ2E1Mu/Central/bjets/2/pt in Skim_TriLep_ggHToZZTo4L.root
2026-05-28 15:48:11,157 - INFO - [2023BPix] MISSING_CENTRAL: TTZ2E1Mu/Central/bjets/2/pt in Skim_TriLep_MuonEG_D_v2.root
2026-05-28 15:48:11,222 - INFO - [2023BPix] MISSING_CENTRAL: TTZ2E1Mu/Central/bjets/2/pt in Skim_TriLep_DYJets10to50.root
2026-05-28 15:48:11,245 - INFO - [2023BPix] MISSING_CENTRAL: TTZ2E1Mu/Central/bjets/2/pt in Skim_TriLep_TTG_PTG100to200.root
2026-05-28 15:48:11,461 - INFO - [2023BPix] MISSING_CENTRAL: TTZ2E1Mu/Central/bjets/2/pt in Skim_TriLep_WWW.root
2026-05-28 15:48:11,583 - INFO - [2023BPix] MISSING_CENTRAL: TTZ2E1Mu/Central/bjets/2/pt in Skim_TriLep_ggHToZZTo4L.root
2026-05-29 15:39:06,114 - INFO - [2023BPix] MISSING_CENTRAL: TTZ2E1Mu/Central/bjets/2/pt in Skim_TriLep_MuonEG_D_v2.root
2026-05-29 15:39:06,163 - INFO - [2023BPix] MISSING_CENTRAL: TTZ2E1Mu/Central/bjets/2/pt in Skim_TriLep_DYJets10to50.root
2026-05-29 15:39:06,177 - INFO - [2023BPix] MISSING_CENTRAL: TTZ2E1Mu/Central/bjets/2/pt in Skim_TriLep_TTG_PTG100to200.root
2026-05-29 15:39:06,312 - INFO - [2023BPix] MISSING_CENTRAL: TTZ2E1Mu/Central/bjets/2/pt in Skim_TriLep_WWW.root
2026-05-29 15:39:06,387 - INFO - [2023BPix] MISSING_CENTRAL: TTZ2E1Mu/Central/bjets/2/pt in Skim_TriLep_ggHToZZTo4L.root
2026-05-29 18:30:28,742 - INFO - [2023BPix] MISSING_CENTRAL: TTZ2E1Mu/Central/bjets/2/pt in Skim_TriLep_MuonEG_D_v2.root
2026-05-29 18:30:28,791 - INFO - [2023BPix] MISSING_CENTRAL: TTZ2E1Mu/Central/bjets/2/pt in Skim_TriLep_DYJets10to50.root
2026-05-29 18:30:28,805 - INFO - [2023BPix] MISSING_CENTRAL: TTZ2E1Mu/Central/bjets/2/pt in Skim_TriLep_TTG_PTG100to200.root
2026-05-29 18:30:28,941 - INFO - [2023BPix] MISSING_CENTRAL: TTZ2E1Mu/Central/bjets/2/pt in Skim_TriLep_WWW.root
2026-05-29 18:30:29,014 - INFO - [2023BPix] MISSING_CENTRAL: TTZ2E1Mu/Central/bjets/2/pt in Skim_TriLep_ggHToZZTo4L.root
2026-06-12 14:10:43,952 - INFO - [2023BPix] MISSING_CENTRAL: TTZ2E1Mu/Central/bjets/2/pt in Skim_TriLep_MuonEG_D_v2.root
2026-06-12 14:10:44,000 - INFO - [2023BPix] MISSING_CENTRAL: TTZ2E1Mu/Central/bjets/2/pt in Skim_TriLep_DYJets10to50.root
2026-06-12 14:10:44,014 - INFO - [2023BPix] MISSING_CENTRAL: TTZ2E1Mu/Central/bjets/2/pt in Skim_TriLep_TTG_PTG100to200.root
2026-06-12 14:10:44,142 - INFO - [2023BPix] MISSING_CENTRAL: TTZ2E1Mu/Central/bjets/2/pt in Skim_TriLep_WWW.root
2026-06-12 14:10:44,205 - INFO - [2023BPix] MISSING_CENTRAL: TTZ2E1Mu/Central/bjets/2/pt in Skim_TriLep_ggHToZZTo4L.root
2026-06-12 14:34:15,934 - INFO - [2023BPix] MISSING_CENTRAL: TTZ2E1Mu/Central/bjets/2/pt in Skim_TriLep_MuonEG_D_v2.root
2026-06-12 14:34:15,983 - INFO - [2023BPix] MISSING_CENTRAL: TTZ2E1Mu/Central/bjets/2/pt in Skim_TriLep_DYJets10to50.root
2026-06-12 14:34:15,997 - INFO - [2023BPix] MISSING_CENTRAL: TTZ2E1Mu/Central/bjets/2/pt in Skim_TriLep_TTG_PTG100to200.root
2026-06-12 14:34:16,132 - INFO - [2023BPix] MISSING_CENTRAL: TTZ2E1Mu/Central/bjets/2/pt in Skim_TriLep_WWW.root
2026-06-12 14:34:16,205 - INFO - [2023BPix] MISSING_CENTRAL: TTZ2E1Mu/Central/bjets/2/pt in Skim_TriLep_ggHToZZTo4L.root
