2026-01-16 19:11:02,926 - INFO - [2023BPix] MISSING_CENTRAL: TTZ2E1Mu/Central/bjets/2/px in Skim_TriLep_MuonEG_D_v2.root
2026-01-16 19:11:02,979 - INFO - [2023BPix] MISSING_CENTRAL: TTZ2E1Mu/Central/bjets/2/px in Skim_TriLep_DYJets10to50.root
2026-01-16 19:11:02,995 - INFO - [2023BPix] MISSING_CENTRAL: TTZ2E1Mu/Central/bjets/2/px in Skim_TriLep_TTG_PTG100to200.root
2026-01-16 19:11:03,133 - INFO - [2023BPix] MISSING_CENTRAL: TTZ2E1Mu/Central/bjets/2/px in Skim_TriLep_WWW.root
2026-01-16 19:11:03,212 - INFO - [2023BPix] MISSING_CENTRAL: TTZ2E1Mu/Central/bjets/2/px in Skim_TriLep_ggHToZZTo4L.root
2026-01-28 17:08:03,777 - INFO - [2023BPix] MISSING_CENTRAL: TTZ2E1Mu/Central/bjets/2/px in Skim_TriLep_MuonEG_D_v2.root
2026-01-28 17:08:03,869 - INFO - [2023BPix] MISSING_CENTRAL: TTZ2E1Mu/Central/bjets/2/px in Skim_TriLep_DYJets10to50.root
2026-01-28 17:08:03,886 - INFO - [2023BPix] MISSING_CENTRAL: TTZ2E1Mu/Central/bjets/2/px in Skim_TriLep_TTG_PTG100to200.root
2026-01-28 17:08:04,058 - INFO - [2023BPix] MISSING_CENTRAL: TTZ2E1Mu/Central/bjets/2/px in Skim_TriLep_WWW.root
2026-01-28 17:08:04,152 - INFO - [2023BPix] MISSING_CENTRAL: TTZ2E1Mu/Central/bjets/2/px in Skim_TriLep_ggHToZZTo4L.root
2026-01-28 17:28:36,773 - INFO - [2023BPix] MISSING_CENTRAL: TTZ2E1Mu/Central/bjets/2/px in Skim_TriLep_MuonEG_D_v2.root
2026-01-28 17:28:36,836 - INFO - [2023BPix] MISSING_CENTRAL: TTZ2E1Mu/Central/bjets/2/px in Skim_TriLep_DYJets10to50.root
2026-01-28 17:28:36,860 - INFO - [2023BPix] MISSING_CENTRAL: TTZ2E1Mu/Central/bjets/2/px in Skim_TriLep_TTG_PTG100to200.root
2026-01-28 17:28:37,076 - INFO - [2023BPix] MISSING_CENTRAL: TTZ2E1Mu/Central/bjets/2/px in Skim_TriLep_WWW.root
2026-01-28 17:28:37,189 - INFO - [2023BPix] MISSING_CENTRAL: TTZ2E1Mu/Central/bjets/2/px in Skim_TriLep_ggHToZZTo4L.root
2026-01-28 20:02:20,266 - INFO - [2023BPix] MISSING_CENTRAL: TTZ2E1Mu/Central/bjets/2/px in Skim_TriLep_MuonEG_D_v2.root
2026-01-28 20:02:20,328 - INFO - [2023BPix] MISSING_CENTRAL: TTZ2E1Mu/Central/bjets/2/px in Skim_TriLep_DYJets10to50.root
2026-01-28 20:02:20,354 - INFO - [2023BPix] MISSING_CENTRAL: TTZ2E1Mu/Central/bjets/2/px in Skim_TriLep_TTG_PTG100to200.root
2026-01-28 20:02:20,580 - INFO - [2023BPix] MISSING_CENTRAL: TTZ2E1Mu/Central/bjets/2/px in Skim_TriLep_WWW.root
2026-01-28 20:02:20,692 - INFO - [2023BPix] MISSING_CENTRAL: TTZ2E1Mu/Central/bjets/2/px in Skim_TriLep_ggHToZZTo4L.root
2026-01-29 07:18:58,750 - INFO - [2023BPix] MISSING_CENTRAL: TTZ2E1Mu/Central/bjets/2/px in Skim_TriLep_MuonEG_D_v2.root
2026-01-29 07:18:58,795 - INFO - [2023BPix] MISSING_CENTRAL: TTZ2E1Mu/Central/bjets/2/px in Skim_TriLep_DYJets10to50.root
2026-01-29 07:18:58,809 - INFO - [2023BPix] MISSING_CENTRAL: TTZ2E1Mu/Central/bjets/2/px in Skim_TriLep_TTG_PTG100to200.root
2026-01-29 07:18:58,953 - INFO - [2023BPix] MISSING_CENTRAL: TTZ2E1Mu/Central/bjets/2/px in Skim_TriLep_WWW.root
2026-01-29 07:18:59,027 - INFO - [2023BPix] MISSING_CENTRAL: TTZ2E1Mu/Central/bjets/2/px in Skim_TriLep_ggHToZZTo4L.root
2026-03-06 09:44:32,572 - INFO - [2023BPix] MISSING_CENTRAL: TTZ2E1Mu/Central/bjets/2/px in Skim_TriLep_MuonEG_D_v2.root
2026-03-06 09:44:32,625 - INFO - [2023BPix] MISSING_CENTRAL: TTZ2E1Mu/Central/bjets/2/px in Skim_TriLep_DYJets10to50.root
2026-03-06 09:44:32,641 - INFO - [2023BPix] MISSING_CENTRAL: TTZ2E1Mu/Central/bjets/2/px in Skim_TriLep_TTG_PTG100to200.root
2026-03-06 09:44:32,765 - INFO - [2023BPix] MISSING_CENTRAL: TTZ2E1Mu/Central/bjets/2/px in Skim_TriLep_WWW.root
2026-03-06 09:44:32,819 - INFO - [2023BPix] MISSING_CENTRAL: TTZ2E1Mu/Central/bjets/2/px in Skim_TriLep_ggHToZZTo4L.root
2026-03-06 19:50:18,235 - INFO - [2023BPix] MISSING_CENTRAL: TTZ2E1Mu/Central/bjets/2/px in Skim_TriLep_MuonEG_D_v2.root
2026-03-06 19:50:18,287 - INFO - [2023BPix] MISSING_CENTRAL: TTZ2E1Mu/Central/bjets/2/px in Skim_TriLep_DYJets10to50.root
2026-03-06 19:50:18,302 - INFO - [2023BPix] MISSING_CENTRAL: TTZ2E1Mu/Central/bjets/2/px in Skim_TriLep_TTG_PTG100to200.root
2026-03-06 19:50:18,438 - INFO - [2023BPix] MISSING_CENTRAL: TTZ2E1Mu/Central/bjets/2/px in Skim_TriLep_WWW.root
2026-03-06 19:50:18,516 - INFO - [2023BPix] MISSING_CENTRAL: TTZ2E1Mu/Central/bjets/2/px in Skim_TriLep_ggHToZZTo4L.root
2026-04-10 20:25:13,453 - INFO - [2023BPix] MISSING_CENTRAL: TTZ2E1Mu/Central/bjets/2/px in Skim_TriLep_MuonEG_D_v2.root
2026-04-10 20:25:13,506 - INFO - [2023BPix] MISSING_CENTRAL: TTZ2E1Mu/Central/bjets/2/px in Skim_TriLep_DYJets10to50.root
2026-04-10 20:25:13,522 - INFO - [2023BPix] MISSING_CENTRAL: TTZ2E1Mu/Central/bjets/2/px in Skim_TriLep_TTG_PTG100to200.root
2026-04-10 20:25:13,700 - INFO - [2023BPix] MISSING_CENTRAL: TTZ2E1Mu/Central/bjets/2/px in Skim_TriLep_WWW.root
2026-04-10 20:25:13,804 - INFO - [2023BPix] MISSING_CENTRAL: TTZ2E1Mu/Central/bjets/2/px in Skim_TriLep_ggHToZZTo4L.root
2026-04-12 11:40:35,934 - INFO - [2023BPix] MISSING_CENTRAL: TTZ2E1Mu/Central/bjets/2/px in Skim_TriLep_MuonEG_D_v2.root
2026-04-12 11:40:35,988 - INFO - [2023BPix] MISSING_CENTRAL: TTZ2E1Mu/Central/bjets/2/px in Skim_TriLep_DYJets10to50.root
2026-04-12 11:40:36,004 - INFO - [2023BPix] MISSING_CENTRAL: TTZ2E1Mu/Central/bjets/2/px in Skim_TriLep_TTG_PTG100to200.root
2026-04-12 11:40:36,156 - INFO - [2023BPix] MISSING_CENTRAL: TTZ2E1Mu/Central/bjets/2/px in Skim_TriLep_WWW.root
2026-04-12 11:40:36,229 - INFO - [2023BPix] MISSING_CENTRAL: TTZ2E1Mu/Central/bjets/2/px in Skim_TriLep_ggHToZZTo4L.root
2026-04-12 12:22:18,120 - INFO - [2023BPix] MISSING_CENTRAL: TTZ2E1Mu/Central/bjets/2/px in Skim_TriLep_MuonEG_D_v2.root
2026-04-12 12:22:18,174 - INFO - [2023BPix] MISSING_CENTRAL: TTZ2E1Mu/Central/bjets/2/px in Skim_TriLep_DYJets10to50.root
2026-04-12 12:22:18,196 - INFO - [2023BPix] MISSING_CENTRAL: TTZ2E1Mu/Central/bjets/2/px in Skim_TriLep_TTG_PTG100to200.root
2026-04-12 12:22:18,346 - INFO - [2023BPix] MISSING_CENTRAL: TTZ2E1Mu/Central/bjets/2/px in Skim_TriLep_WWW.root
2026-04-12 12:22:18,426 - INFO - [2023BPix] MISSING_CENTRAL: TTZ2E1Mu/Central/bjets/2/px in Skim_TriLep_ggHToZZTo4L.root
2026-04-12 12:41:57,274 - INFO - [2023BPix] MISSING_CENTRAL: TTZ2E1Mu/Central/bjets/2/px in Skim_TriLep_MuonEG_D_v2.root
2026-04-12 12:41:57,315 - INFO - [2023BPix] MISSING_CENTRAL: TTZ2E1Mu/Central/bjets/2/px in Skim_TriLep_DYJets10to50.root
2026-04-12 12:41:57,325 - INFO - [2023BPix] MISSING_CENTRAL: TTZ2E1Mu/Central/bjets/2/px in Skim_TriLep_TTG_PTG100to200.root
2026-04-12 12:41:57,429 - INFO - [2023BPix] MISSING_CENTRAL: TTZ2E1Mu/Central/bjets/2/px in Skim_TriLep_WWW.root
2026-04-12 12:41:57,508 - INFO - [2023BPix] MISSING_CENTRAL: TTZ2E1Mu/Central/bjets/2/px in Skim_TriLep_ggHToZZTo4L.root
2026-04-12 20:50:07,002 - INFO - [2023BPix] MISSING_CENTRAL: TTZ2E1Mu/Central/bjets/2/px in Skim_TriLep_MuonEG_D_v2.root
2026-04-12 20:50:07,056 - INFO - [2023BPix] MISSING_CENTRAL: TTZ2E1Mu/Central/bjets/2/px in Skim_TriLep_DYJets10to50.root
2026-04-12 20:50:07,073 - INFO - [2023BPix] MISSING_CENTRAL: TTZ2E1Mu/Central/bjets/2/px in Skim_TriLep_TTG_PTG100to200.root
2026-04-12 20:50:07,228 - INFO - [2023BPix] MISSING_CENTRAL: TTZ2E1Mu/Central/bjets/2/px in Skim_TriLep_WWW.root
2026-04-12 20:50:07,315 - INFO - [2023BPix] MISSING_CENTRAL: TTZ2E1Mu/Central/bjets/2/px in Skim_TriLep_ggHToZZTo4L.root
2026-04-12 21:21:40,774 - INFO - [2023BPix] MISSING_CENTRAL: TTZ2E1Mu/Central/bjets/2/px in Skim_TriLep_MuonEG_D_v2.root
2026-04-12 21:21:40,825 - INFO - [2023BPix] MISSING_CENTRAL: TTZ2E1Mu/Central/bjets/2/px in Skim_TriLep_DYJets10to50.root
2026-04-12 21:21:40,842 - INFO - [2023BPix] MISSING_CENTRAL: TTZ2E1Mu/Central/bjets/2/px in Skim_TriLep_TTG_PTG100to200.root
2026-04-12 21:21:40,993 - INFO - [2023BPix] MISSING_CENTRAL: TTZ2E1Mu/Central/bjets/2/px in Skim_TriLep_WWW.root
2026-04-12 21:21:41,074 - INFO - [2023BPix] MISSING_CENTRAL: TTZ2E1Mu/Central/bjets/2/px in Skim_TriLep_ggHToZZTo4L.root
2026-04-13 12:59:29,609 - INFO - [2023BPix] MISSING_CENTRAL: TTZ2E1Mu/Central/bjets/2/px in Skim_TriLep_MuonEG_D_v2.root
2026-04-13 12:59:29,663 - INFO - [2023BPix] MISSING_CENTRAL: TTZ2E1Mu/Central/bjets/2/px in Skim_TriLep_DYJets10to50.root
2026-04-13 12:59:29,684 - INFO - [2023BPix] MISSING_CENTRAL: TTZ2E1Mu/Central/bjets/2/px in Skim_TriLep_TTG_PTG100to200.root
2026-04-13 12:59:29,871 - INFO - [2023BPix] MISSING_CENTRAL: TTZ2E1Mu/Central/bjets/2/px in Skim_TriLep_WWW.root
2026-04-13 12:59:29,973 - INFO - [2023BPix] MISSING_CENTRAL: TTZ2E1Mu/Central/bjets/2/px in Skim_TriLep_ggHToZZTo4L.root
2026-04-16 17:42:00,643 - INFO - [2023BPix] MISSING_CENTRAL: TTZ2E1Mu/Central/bjets/2/px in Skim_TriLep_MuonEG_D_v2.root
2026-04-16 17:42:00,699 - INFO - [2023BPix] MISSING_CENTRAL: TTZ2E1Mu/Central/bjets/2/px in Skim_TriLep_DYJets10to50.root
2026-04-16 17:42:00,719 - INFO - [2023BPix] MISSING_CENTRAL: TTZ2E1Mu/Central/bjets/2/px in Skim_TriLep_TTG_PTG100to200.root
2026-04-16 17:42:00,906 - INFO - [2023BPix] MISSING_CENTRAL: TTZ2E1Mu/Central/bjets/2/px in Skim_TriLep_WWW.root
2026-04-16 17:42:00,991 - INFO - [2023BPix] MISSING_CENTRAL: TTZ2E1Mu/Central/bjets/2/px in Skim_TriLep_ggHToZZTo4L.root
2026-05-04 17:11:24,420 - INFO - [2023BPix] MISSING_CENTRAL: TTZ2E1Mu/Central/bjets/2/px in Skim_TriLep_MuonEG_D_v2.root
2026-05-04 17:11:24,464 - INFO - [2023BPix] MISSING_CENTRAL: TTZ2E1Mu/Central/bjets/2/px in Skim_TriLep_DYJets10to50.root
2026-05-04 17:11:24,479 - INFO - [2023BPix] MISSING_CENTRAL: TTZ2E1Mu/Central/bjets/2/px in Skim_TriLep_TTG_PTG100to200.root
2026-05-04 17:11:24,608 - INFO - [2023BPix] MISSING_CENTRAL: TTZ2E1Mu/Central/bjets/2/px in Skim_TriLep_WWW.root
2026-05-04 17:11:24,679 - INFO - [2023BPix] MISSING_CENTRAL: TTZ2E1Mu/Central/bjets/2/px in Skim_TriLep_ggHToZZTo4L.root
2026-05-28 15:48:11,032 - INFO - [2023BPix] MISSING_CENTRAL: TTZ2E1Mu/Central/bjets/2/px in Skim_TriLep_MuonEG_D_v2.root
2026-05-28 15:48:11,110 - INFO - [2023BPix] MISSING_CENTRAL: TTZ2E1Mu/Central/bjets/2/px in Skim_TriLep_DYJets10to50.root
2026-05-28 15:48:11,146 - INFO - [2023BPix] MISSING_CENTRAL: TTZ2E1Mu/Central/bjets/2/px in Skim_TriLep_TTG_PTG100to200.root
2026-05-28 15:48:11,448 - INFO - [2023BPix] MISSING_CENTRAL: TTZ2E1Mu/Central/bjets/2/px in Skim_TriLep_WWW.root
2026-05-28 15:48:11,626 - INFO - [2023BPix] MISSING_CENTRAL: TTZ2E1Mu/Central/bjets/2/px in Skim_TriLep_ggHToZZTo4L.root
2026-05-29 15:39:07,968 - INFO - [2023BPix] MISSING_CENTRAL: TTZ2E1Mu/Central/bjets/2/px in Skim_TriLep_MuonEG_D_v2.root
2026-05-29 15:39:08,022 - INFO - [2023BPix] MISSING_CENTRAL: TTZ2E1Mu/Central/bjets/2/px in Skim_TriLep_DYJets10to50.root
2026-05-29 15:39:08,042 - INFO - [2023BPix] MISSING_CENTRAL: TTZ2E1Mu/Central/bjets/2/px in Skim_TriLep_TTG_PTG100to200.root
2026-05-29 15:39:08,229 - INFO - [2023BPix] MISSING_CENTRAL: TTZ2E1Mu/Central/bjets/2/px in Skim_TriLep_WWW.root
2026-05-29 15:39:08,329 - INFO - [2023BPix] MISSING_CENTRAL: TTZ2E1Mu/Central/bjets/2/px in Skim_TriLep_ggHToZZTo4L.root
2026-05-29 18:30:30,945 - INFO - [2023BPix] MISSING_CENTRAL: TTZ2E1Mu/Central/bjets/2/px in Skim_TriLep_MuonEG_D_v2.root
2026-05-29 18:30:30,997 - INFO - [2023BPix] MISSING_CENTRAL: TTZ2E1Mu/Central/bjets/2/px in Skim_TriLep_DYJets10to50.root
2026-05-29 18:30:31,014 - INFO - [2023BPix] MISSING_CENTRAL: TTZ2E1Mu/Central/bjets/2/px in Skim_TriLep_TTG_PTG100to200.root
2026-05-29 18:30:31,195 - INFO - [2023BPix] MISSING_CENTRAL: TTZ2E1Mu/Central/bjets/2/px in Skim_TriLep_WWW.root
2026-05-29 18:30:31,301 - INFO - [2023BPix] MISSING_CENTRAL: TTZ2E1Mu/Central/bjets/2/px in Skim_TriLep_ggHToZZTo4L.root
2026-06-12 14:10:46,020 - INFO - [2023BPix] MISSING_CENTRAL: TTZ2E1Mu/Central/bjets/2/px in Skim_TriLep_MuonEG_D_v2.root
2026-06-12 14:10:46,074 - INFO - [2023BPix] MISSING_CENTRAL: TTZ2E1Mu/Central/bjets/2/px in Skim_TriLep_DYJets10to50.root
2026-06-12 14:10:46,094 - INFO - [2023BPix] MISSING_CENTRAL: TTZ2E1Mu/Central/bjets/2/px in Skim_TriLep_TTG_PTG100to200.root
2026-06-12 14:10:46,276 - INFO - [2023BPix] MISSING_CENTRAL: TTZ2E1Mu/Central/bjets/2/px in Skim_TriLep_WWW.root
2026-06-12 14:10:46,376 - INFO - [2023BPix] MISSING_CENTRAL: TTZ2E1Mu/Central/bjets/2/px in Skim_TriLep_ggHToZZTo4L.root
2026-06-12 14:34:18,016 - INFO - [2023BPix] MISSING_CENTRAL: TTZ2E1Mu/Central/bjets/2/px in Skim_TriLep_MuonEG_D_v2.root
2026-06-12 14:34:18,057 - INFO - [2023BPix] MISSING_CENTRAL: TTZ2E1Mu/Central/bjets/2/px in Skim_TriLep_DYJets10to50.root
2026-06-12 14:34:18,071 - INFO - [2023BPix] MISSING_CENTRAL: TTZ2E1Mu/Central/bjets/2/px in Skim_TriLep_TTG_PTG100to200.root
2026-06-12 14:34:18,198 - INFO - [2023BPix] MISSING_CENTRAL: TTZ2E1Mu/Central/bjets/2/px in Skim_TriLep_WWW.root
2026-06-12 14:34:18,297 - INFO - [2023BPix] MISSING_CENTRAL: TTZ2E1Mu/Central/bjets/2/px in Skim_TriLep_ggHToZZTo4L.root
2026-06-18 00:29:01,513 - INFO - [2023BPix] MISSING_CENTRAL: TTZ2E1Mu/Central/bjets/2/px in Skim_TriLep_MuonEG_D_v2.root
2026-06-18 00:29:01,567 - INFO - [2023BPix] MISSING_CENTRAL: TTZ2E1Mu/Central/bjets/2/px in Skim_TriLep_DYJets10to50.root
2026-06-18 00:29:01,587 - INFO - [2023BPix] MISSING_CENTRAL: TTZ2E1Mu/Central/bjets/2/px in Skim_TriLep_TTG_PTG100to200.root
2026-06-18 00:29:01,779 - INFO - [2023BPix] MISSING_CENTRAL: TTZ2E1Mu/Central/bjets/2/px in Skim_TriLep_WWW.root
2026-06-18 00:29:01,887 - INFO - [2023BPix] MISSING_CENTRAL: TTZ2E1Mu/Central/bjets/2/px in Skim_TriLep_ggHToZZTo4L.root
2026-07-01 17:43:36,996 - INFO - [2023BPix] MISSING_CENTRAL: TTZ2E1Mu/Central/bjets/2/px in Skim_TriLep_MuonEG_D_v2.root
2026-07-01 17:43:37,070 - INFO - [2023BPix] MISSING_CENTRAL: TTZ2E1Mu/Central/bjets/2/px in Skim_TriLep_DYJets10to50.root
2026-07-01 17:43:37,102 - INFO - [2023BPix] MISSING_CENTRAL: TTZ2E1Mu/Central/bjets/2/px in Skim_TriLep_TTG_PTG100to200.root
2026-07-01 17:43:37,557 - INFO - [2023BPix] MISSING_CENTRAL: TTZ2E1Mu/Central/bjets/2/px in Skim_TriLep_WWW.root
2026-07-01 17:43:37,729 - INFO - [2023BPix] MISSING_CENTRAL: TTZ2E1Mu/Central/bjets/2/px in Skim_TriLep_ggHToZZTo4L.root
2026-07-01 17:51:55,727 - INFO - [2023BPix] MISSING_CENTRAL: TTZ2E1Mu/Central/bjets/2/px in Skim_TriLep_MuonEG_D_v2.root
2026-07-01 17:51:55,806 - INFO - [2023BPix] MISSING_CENTRAL: TTZ2E1Mu/Central/bjets/2/px in Skim_TriLep_DYJets10to50.root
2026-07-01 17:51:55,841 - INFO - [2023BPix] MISSING_CENTRAL: TTZ2E1Mu/Central/bjets/2/px in Skim_TriLep_TTG_PTG100to200.root
2026-07-01 17:51:56,293 - INFO - [2023BPix] MISSING_CENTRAL: TTZ2E1Mu/Central/bjets/2/px in Skim_TriLep_WWW.root
2026-07-01 17:51:56,465 - INFO - [2023BPix] MISSING_CENTRAL: TTZ2E1Mu/Central/bjets/2/px in Skim_TriLep_ggHToZZTo4L.root
2026-07-21 19:42:42,079 - INFO - [2023BPix] MISSING_CENTRAL: TTZ2E1Mu/Central/bjets/2/px in Skim_TriLep_MuonEG_D_v2.root
2026-07-21 19:42:42,211 - INFO - [2023BPix] MISSING_CENTRAL: TTZ2E1Mu/Central/bjets/2/px in Skim_TriLep_DYJets10to50.root
2026-07-21 19:42:42,234 - INFO - [2023BPix] MISSING_CENTRAL: TTZ2E1Mu/Central/bjets/2/px in Skim_TriLep_TTG_PTG100to200.root
2026-07-21 19:42:43,587 - INFO - [2023BPix] MISSING_CENTRAL: TTZ2E1Mu/Central/bjets/2/px in Skim_TriLep_WWW.root
2026-07-21 19:42:43,778 - INFO - [2023BPix] MISSING_CENTRAL: TTZ2E1Mu/Central/bjets/2/px in Skim_TriLep_ggHToZZTo4L.root
2026-08-18 18:27:22,487 - INFO - [2023BPix] MISSING_CENTRAL: TTZ2E1Mu/Central/bjets/2/px in Skim_TriLep_MuonEG_D_v2.root
2026-08-18 18:27:22,568 - INFO - [2023BPix] MISSING_CENTRAL: TTZ2E1Mu/Central/bjets/2/px in Skim_TriLep_DYJets10to50.root
2026-08-18 18:27:22,594 - INFO - [2023BPix] MISSING_CENTRAL: TTZ2E1Mu/Central/bjets/2/px in Skim_TriLep_TTG_PTG100to200.root
2026-08-18 18:27:23,347 - INFO - [2023BPix] MISSING_CENTRAL: TTZ2E1Mu/Central/bjets/2/px in Skim_TriLep_WWW.root
2026-08-18 18:27:23,501 - INFO - [2023BPix] MISSING_CENTRAL: TTZ2E1Mu/Central/bjets/2/px in Skim_TriLep_ggHToZZTo4L.root
2026-08-19 10:21:02,891 - INFO - [2023BPix] MISSING_CENTRAL: TTZ2E1Mu/Central/bjets/2/px in Skim_TriLep_MuonEG_D_v2.root
2026-08-19 10:21:03,163 - INFO - [2023BPix] MISSING_CENTRAL: TTZ2E1Mu/Central/bjets/2/px in Skim_TriLep_DYJets10to50.root
2026-08-19 10:21:03,188 - INFO - [2023BPix] MISSING_CENTRAL: TTZ2E1Mu/Central/bjets/2/px in Skim_TriLep_TTG_PTG100to200.root
2026-08-19 10:21:04,030 - INFO - [2023BPix] MISSING_CENTRAL: TTZ2E1Mu/Central/bjets/2/px in Skim_TriLep_WWW.root
2026-08-19 10:21:04,203 - INFO - [2023BPix] MISSING_CENTRAL: TTZ2E1Mu/Central/bjets/2/px in Skim_TriLep_ggHToZZTo4L.root
