2025-09-24 15:45:04,944 - INFO - [2017] MISSING_CENTRAL: ZFake1E2Mu/Central/muons/2/py in Skim_TriLep_DYJets.root
2025-09-24 15:45:04,945 - INFO - [2017] MISSING_CENTRAL: ZFake1E2Mu/Central/muons/2/py in Skim_TriLep_DYJets10to50.root
2025-10-02 21:11:22,955 - INFO - [2017] MISSING_CENTRAL: ZFake1E2Mu/Central/muons/2/py in Skim_TriLep_DYJets.root
2025-10-02 21:11:22,958 - INFO - [2017] MISSING_CENTRAL: ZFake1E2Mu/Central/muons/2/py in Skim_TriLep_DYJets10to50.root
2025-10-02 23:58:04,845 - INFO - [2017] MISSING_CENTRAL: ZFake1E2Mu/Central/muons/2/py in Skim_TriLep_DYJets.root
2025-10-02 23:58:04,846 - INFO - [2017] MISSING_CENTRAL: ZFake1E2Mu/Central/muons/2/py in Skim_TriLep_DYJets10to50.root
2025-11-05 22:01:52,238 - INFO - [2017] MISSING_CENTRAL: ZFake1E2Mu/Central/muons/2/py in Skim_TriLep_DYJets.root
2025-11-05 22:01:52,239 - INFO - [2017] MISSING_CENTRAL: ZFake1E2Mu/Central/muons/2/py in Skim_TriLep_DYJets10to50.root
2025-11-05 22:17:39,143 - INFO - [2017] MISSING_CENTRAL: ZFake1E2Mu/Central/muons/2/py in Skim_TriLep_DYJets.root
2025-11-05 22:17:39,144 - INFO - [2017] MISSING_CENTRAL: ZFake1E2Mu/Central/muons/2/py in Skim_TriLep_DYJets10to50.root
2025-11-05 23:22:11,845 - INFO - [2017] MISSING_CENTRAL: ZFake1E2Mu/Central/muons/2/py in Skim_TriLep_DYJets.root
2025-11-05 23:22:11,846 - INFO - [2017] MISSING_CENTRAL: ZFake1E2Mu/Central/muons/2/py in Skim_TriLep_DYJets10to50.root
2025-11-07 12:25:25,238 - INFO - [2017] MISSING_CENTRAL: ZFake1E2Mu/Central/muons/2/py in Skim_TriLep_DYJets.root
2025-11-07 12:25:25,239 - INFO - [2017] MISSING_CENTRAL: ZFake1E2Mu/Central/muons/2/py in Skim_TriLep_DYJets10to50.root
2025-11-07 13:05:46,535 - INFO - [2017] MISSING_CENTRAL: ZFake1E2Mu/Central/muons/2/py in Skim_TriLep_DYJets.root
2025-11-07 13:05:46,536 - INFO - [2017] MISSING_CENTRAL: ZFake1E2Mu/Central/muons/2/py in Skim_TriLep_DYJets10to50.root
2025-11-07 13:29:13,481 - INFO - [2017] MISSING_CENTRAL: ZFake1E2Mu/Central/muons/2/py in Skim_TriLep_DYJets.root
2025-11-07 13:29:13,481 - INFO - [2017] MISSING_CENTRAL: ZFake1E2Mu/Central/muons/2/py in Skim_TriLep_DYJets10to50.root
2025-11-07 13:45:37,119 - INFO - [2017] MISSING_CENTRAL: ZFake1E2Mu/Central/muons/2/py in Skim_TriLep_DYJets.root
2025-11-07 13:45:37,119 - INFO - [2017] MISSING_CENTRAL: ZFake1E2Mu/Central/muons/2/py in Skim_TriLep_DYJets10to50.root
2025-11-07 14:01:59,080 - INFO - [2017] MISSING_CENTRAL: ZFake1E2Mu/Central/muons/2/py in Skim_TriLep_DYJets.root
2025-11-07 14:01:59,081 - INFO - [2017] MISSING_CENTRAL: ZFake1E2Mu/Central/muons/2/py in Skim_TriLep_DYJets10to50.root
2025-11-10 05:52:17,214 - INFO - [2017] MISSING_CENTRAL: ZFake1E2Mu/Central/muons/2/py in Skim_TriLep_DYJets.root
2025-11-10 05:52:17,215 - INFO - [2017] MISSING_CENTRAL: ZFake1E2Mu/Central/muons/2/py in Skim_TriLep_DYJets10to50.root
2025-11-10 12:17:00,246 - INFO - [2017] MISSING_CENTRAL: ZFake1E2Mu/Central/muons/2/py in Skim_TriLep_DYJets.root
2025-11-10 12:17:00,247 - INFO - [2017] MISSING_CENTRAL: ZFake1E2Mu/Central/muons/2/py in Skim_TriLep_DYJets10to50.root
2025-11-13 11:05:55,819 - INFO - [2017] MISSING_CENTRAL: ZFake1E2Mu/Central/muons/2/py in Skim_TriLep_DYJets.root
2025-11-13 11:05:55,838 - INFO - [2017] MISSING_CENTRAL: ZFake1E2Mu/Central/muons/2/py in Skim_TriLep_DYJets10to50.root
2025-11-19 16:08:32,720 - INFO - [2017] MISSING_CENTRAL: ZFake1E2Mu/Central/muons/2/py in Skim_TriLep_DYJets.root
2025-11-19 16:08:32,721 - INFO - [2017] MISSING_CENTRAL: ZFake1E2Mu/Central/muons/2/py in Skim_TriLep_DYJets10to50.root
2025-11-19 16:19:20,329 - INFO - [2017] MISSING_CENTRAL: ZFake1E2Mu/Central/muons/2/py in Skim_TriLep_DYJets.root
2025-11-19 16:19:20,330 - INFO - [2017] MISSING_CENTRAL: ZFake1E2Mu/Central/muons/2/py in Skim_TriLep_DYJets10to50.root
2025-12-17 22:33:10,770 - INFO - [2017] MISSING_CENTRAL: ZFake1E2Mu/Central/muons/2/py in Skim_TriLep_DYJets10to50.root
2025-12-18 14:16:42,873 - INFO - [2017] MISSING_CENTRAL: ZFake1E2Mu/Central/muons/2/py in Skim_TriLep_DYJets10to50.root
2025-12-18 14:32:10,127 - INFO - [2017] MISSING_CENTRAL: ZFake1E2Mu/Central/muons/2/py in Skim_TriLep_DYJets10to50.root
2026-01-07 11:42:18,029 - INFO - [2017] MISSING_CENTRAL: ZFake1E2Mu/Central/muons/2/py in Skim_TriLep_DYJets10to50.root
2026-01-07 18:39:25,512 - INFO - [2017] MISSING_CENTRAL: ZFake1E2Mu/Central/muons/2/py in Skim_TriLep_DYJets10to50.root
2026-01-09 12:12:52,221 - INFO - [2017] MISSING_CENTRAL: ZFake1E2Mu/Central/muons/2/py in Skim_TriLep_DYJets10to50.root
2026-01-11 09:32:56,118 - INFO - [2017] MISSING_CENTRAL: ZFake1E2Mu/Central/muons/2/py in Skim_TriLep_DYJets10to50.root
2026-01-12 13:41:30,748 - INFO - [2017] MISSING_FILE: /home/choij/Sync/workspace/ChargedHiggsAnalysisV3/SKNanoOutput/MatrixSelector/Run1E2Mu/2017/Skim_TriLep_MuonEG_B.root
2026-01-12 13:41:30,748 - INFO - [2017] MISSING_FILE: /home/choij/Sync/workspace/ChargedHiggsAnalysisV3/SKNanoOutput/MatrixSelector/Run1E2Mu/2017/Skim_TriLep_MuonEG_C.root
2026-01-12 13:41:30,748 - INFO - [2017] MISSING_FILE: /home/choij/Sync/workspace/ChargedHiggsAnalysisV3/SKNanoOutput/MatrixSelector/Run1E2Mu/2017/Skim_TriLep_MuonEG_D.root
2026-01-12 13:41:30,748 - INFO - [2017] MISSING_FILE: /home/choij/Sync/workspace/ChargedHiggsAnalysisV3/SKNanoOutput/MatrixSelector/Run1E2Mu/2017/Skim_TriLep_MuonEG_E.root
2026-01-12 13:41:30,748 - INFO - [2017] MISSING_FILE: /home/choij/Sync/workspace/ChargedHiggsAnalysisV3/SKNanoOutput/MatrixSelector/Run1E2Mu/2017/Skim_TriLep_MuonEG_F.root
2026-01-12 13:41:30,781 - INFO - [2017] MISSING_CENTRAL: ZFake1E2Mu/Central/muons/2/py in Skim_TriLep_DYJets10to50.root
2026-01-16 18:56:52,050 - INFO - [2017] MISSING_CENTRAL: ZFake1E2Mu/Central/muons/2/py in Skim_TriLep_DYJets10to50.root
2026-01-28 16:06:25,980 - INFO - [2017] MISSING_CENTRAL: ZFake1E2Mu/Central/muons/2/py in Skim_TriLep_DYJets10to50.root
2026-01-28 17:17:32,817 - INFO - [2017] MISSING_CENTRAL: ZFake1E2Mu/Central/muons/2/py in Skim_TriLep_DYJets10to50.root
2026-01-28 19:51:12,025 - INFO - [2017] MISSING_CENTRAL: ZFake1E2Mu/Central/muons/2/py in Skim_TriLep_DYJets10to50.root
2026-01-29 07:08:39,921 - INFO - [2017] MISSING_CENTRAL: ZFake1E2Mu/Central/muons/2/py in Skim_TriLep_DYJets10to50.root
2026-03-06 09:37:48,162 - INFO - [2017] MISSING_CENTRAL: ZFake1E2Mu/Central/muons/2/py in Skim_TriLep_DYJets10to50.root
2026-03-06 19:43:38,262 - INFO - [2017] MISSING_CENTRAL: ZFake1E2Mu/Central/muons/2/py in Skim_TriLep_DYJets10to50.root
2026-04-10 20:18:06,401 - INFO - [2017] MISSING_CENTRAL: ZFake1E2Mu/Central/muons/2/py in Skim_TriLep_DYJets10to50.root
2026-04-12 11:33:05,580 - INFO - [2017] MISSING_CENTRAL: ZFake1E2Mu/Central/muons/2/py in Skim_TriLep_DYJets10to50.root
2026-04-12 12:15:20,607 - INFO - [2017] MISSING_CENTRAL: ZFake1E2Mu/Central/muons/2/py in Skim_TriLep_DYJets10to50.root
2026-04-12 12:34:58,892 - INFO - [2017] MISSING_CENTRAL: ZFake1E2Mu/Central/muons/2/py in Skim_TriLep_DYJets10to50.root
2026-04-12 20:43:00,849 - INFO - [2017] MISSING_CENTRAL: ZFake1E2Mu/Central/muons/2/py in Skim_TriLep_DYJets10to50.root
2026-04-12 21:14:39,586 - INFO - [2017] MISSING_CENTRAL: ZFake1E2Mu/Central/muons/2/py in Skim_TriLep_DYJets10to50.root
2026-04-13 12:52:09,739 - INFO - [2017] MISSING_CENTRAL: ZFake1E2Mu/Central/muons/2/py in Skim_TriLep_DYJets10to50.root
2026-04-16 17:34:39,437 - INFO - [2017] MISSING_CENTRAL: ZFake1E2Mu/Central/muons/2/py in Skim_TriLep_DYJets10to50.root
2026-04-28 15:15:15,503 - INFO - [2017] MISSING_CENTRAL: ZFake1E2Mu/Central/muons/2/py in Skim_TriLep_DYJets10to50.root
2026-05-04 17:04:23,109 - INFO - [2017] MISSING_CENTRAL: ZFake1E2Mu/Central/muons/2/py in Skim_TriLep_DYJets10to50.root
2026-05-28 15:41:20,833 - INFO - [2017] MISSING_CENTRAL: ZFake1E2Mu/Central/muons/2/py in Skim_TriLep_DYJets10to50.root
