2025-09-24 16:02:09,554 - INFO - [2023] MISSING_CENTRAL: WZ1E2Mu/Central/jets/size in Skim_TriLep_DYJets.root
2025-09-24 16:02:09,554 - INFO - [2023] MISSING_CENTRAL: WZ1E2Mu/Central/jets/size in Skim_TriLep_DYJets10to50.root
2025-09-24 16:02:09,554 - INFO - [2023] MISSING_CENTRAL: WZ1E2Mu/Central/jets/size in Skim_TriLep_DYGTo2LG_MLL4to50_PTG10to100.root
2025-09-24 16:02:09,554 - INFO - [2023] MISSING_CENTRAL: WZ1E2Mu/Central/jets/size in Skim_TriLep_DYGTo2LG_MLL4to50_PTG100to200.root
2025-09-24 16:02:09,555 - INFO - [2023] MISSING_CENTRAL: WZ1E2Mu/Central/jets/size in Skim_TriLep_DYGTo2LG_MLL4to50_PTG200toInf.root
2025-09-24 16:02:19,874 - INFO - [2023] MISSING_CENTRAL: WZ1E2Mu/Central/jets/size in Skim_TriLep_DYJets.root
2025-09-24 16:02:19,874 - INFO - [2023] MISSING_CENTRAL: WZ1E2Mu/Central/jets/size in Skim_TriLep_DYJets10to50.root
2025-09-24 16:02:19,874 - INFO - [2023] MISSING_CENTRAL: WZ1E2Mu/Central/jets/size in Skim_TriLep_DYGTo2LG_MLL4to50_PTG10to100.root
2025-09-24 16:02:19,875 - INFO - [2023] MISSING_CENTRAL: WZ1E2Mu/Central/jets/size in Skim_TriLep_DYGTo2LG_MLL4to50_PTG100to200.root
2025-09-24 16:02:19,875 - INFO - [2023] MISSING_CENTRAL: WZ1E2Mu/Central/jets/size in Skim_TriLep_DYGTo2LG_MLL4to50_PTG200toInf.root
2025-09-24 16:02:19,882 - INFO - [2023] MISSING_FILE: /Users/choij/Sync/workspace/ChargedHiggsAnalysisV3/SKNanoOutput/CRPromptSelector/Run1E2Mu_RunNoWZSF_RunSyst/2023/Skim_TriLep_ZZTo4L_powheg.root
2025-09-24 16:02:19,885 - INFO - [2023] MISSING_FILE: /Users/choij/Sync/workspace/ChargedHiggsAnalysisV3/SKNanoOutput/CRPromptSelector/Run1E2Mu_RunNoWZSF_RunSyst/2023/Skim_TriLep_VBFHToZZTo4L.root
2025-09-24 16:02:19,885 - INFO - [2023] MISSING_FILE: /Users/choij/Sync/workspace/ChargedHiggsAnalysisV3/SKNanoOutput/CRPromptSelector/Run1E2Mu_RunNoWZSF_RunSyst/2023/Skim_TriLep_ggHToZZTo4L.root
2025-10-02 21:20:41,549 - INFO - [2023] MISSING_CENTRAL: WZ1E2Mu/Central/jets/size in Skim_TriLep_DYJets.root
2025-10-02 21:20:41,550 - INFO - [2023] MISSING_CENTRAL: WZ1E2Mu/Central/jets/size in Skim_TriLep_DYJets10to50.root
2025-10-02 21:20:41,551 - INFO - [2023] MISSING_CENTRAL: WZ1E2Mu/Central/jets/size in Skim_TriLep_DYGTo2LG_MLL4to50_PTG10to100.root
2025-10-02 21:20:41,552 - INFO - [2023] MISSING_CENTRAL: WZ1E2Mu/Central/jets/size in Skim_TriLep_DYGTo2LG_MLL4to50_PTG100to200.root
2025-10-02 21:20:41,553 - INFO - [2023] MISSING_CENTRAL: WZ1E2Mu/Central/jets/size in Skim_TriLep_DYGTo2LG_MLL4to50_PTG200toInf.root
2025-10-02 21:20:48,570 - INFO - [2023] MISSING_CENTRAL: WZ1E2Mu/Central/jets/size in Skim_TriLep_DYJets.root
2025-10-02 21:20:48,571 - INFO - [2023] MISSING_CENTRAL: WZ1E2Mu/Central/jets/size in Skim_TriLep_DYJets10to50.root
2025-10-02 21:20:48,572 - INFO - [2023] MISSING_CENTRAL: WZ1E2Mu/Central/jets/size in Skim_TriLep_DYGTo2LG_MLL4to50_PTG10to100.root
2025-10-02 21:20:48,573 - INFO - [2023] MISSING_CENTRAL: WZ1E2Mu/Central/jets/size in Skim_TriLep_DYGTo2LG_MLL4to50_PTG100to200.root
2025-10-02 21:20:48,574 - INFO - [2023] MISSING_CENTRAL: WZ1E2Mu/Central/jets/size in Skim_TriLep_DYGTo2LG_MLL4to50_PTG200toInf.root
2025-10-02 21:20:48,590 - INFO - [2023] MISSING_FILE: /data9/Users/choij/Sync/workspace/ChargedHiggsAnalysisV3/SKNanoOutput/CRPromptSelector/Run1E2Mu_RunNoWZSF_RunSyst/2023/Skim_TriLep_ZZTo4L_powheg.root
2025-10-02 21:20:48,597 - INFO - [2023] MISSING_FILE: /data9/Users/choij/Sync/workspace/ChargedHiggsAnalysisV3/SKNanoOutput/CRPromptSelector/Run1E2Mu_RunNoWZSF_RunSyst/2023/Skim_TriLep_VBFHToZZTo4L.root
2025-10-02 21:20:48,598 - INFO - [2023] MISSING_FILE: /data9/Users/choij/Sync/workspace/ChargedHiggsAnalysisV3/SKNanoOutput/CRPromptSelector/Run1E2Mu_RunNoWZSF_RunSyst/2023/Skim_TriLep_ggHToZZTo4L.root
2025-10-03 00:31:23,644 - INFO - [2023] MISSING_CENTRAL: WZ1E2Mu/Central/jets/size in Skim_TriLep_DYJets.root
2025-10-03 00:31:23,646 - INFO - [2023] MISSING_CENTRAL: WZ1E2Mu/Central/jets/size in Skim_TriLep_DYJets10to50.root
2025-10-03 00:31:23,647 - INFO - [2023] MISSING_CENTRAL: WZ1E2Mu/Central/jets/size in Skim_TriLep_DYGTo2LG_MLL4to50_PTG10to100.root
2025-10-03 00:31:23,647 - INFO - [2023] MISSING_CENTRAL: WZ1E2Mu/Central/jets/size in Skim_TriLep_DYGTo2LG_MLL4to50_PTG100to200.root
2025-10-03 00:31:23,648 - INFO - [2023] MISSING_CENTRAL: WZ1E2Mu/Central/jets/size in Skim_TriLep_DYGTo2LG_MLL4to50_PTG200toInf.root
2025-10-03 00:31:42,756 - INFO - [2023] MISSING_CENTRAL: WZ1E2Mu/Central/jets/size in Skim_TriLep_DYJets.root
2025-10-03 00:31:42,757 - INFO - [2023] MISSING_CENTRAL: WZ1E2Mu/Central/jets/size in Skim_TriLep_DYJets10to50.root
2025-10-03 00:31:42,757 - INFO - [2023] MISSING_CENTRAL: WZ1E2Mu/Central/jets/size in Skim_TriLep_DYGTo2LG_MLL4to50_PTG10to100.root
2025-10-03 00:31:42,758 - INFO - [2023] MISSING_CENTRAL: WZ1E2Mu/Central/jets/size in Skim_TriLep_DYGTo2LG_MLL4to50_PTG100to200.root
2025-10-03 00:31:42,759 - INFO - [2023] MISSING_CENTRAL: WZ1E2Mu/Central/jets/size in Skim_TriLep_DYGTo2LG_MLL4to50_PTG200toInf.root
2025-10-03 00:31:42,768 - INFO - [2023] MISSING_FILE: /Users/choij/Sync/workspace/ChargedHiggsAnalysisV3/SKNanoOutput/CRPromptSelector/Run1E2Mu_RunNoWZSF_RunSyst/2023/Skim_TriLep_ZZTo4L_powheg.root
2025-10-03 00:31:42,773 - INFO - [2023] MISSING_FILE: /Users/choij/Sync/workspace/ChargedHiggsAnalysisV3/SKNanoOutput/CRPromptSelector/Run1E2Mu_RunNoWZSF_RunSyst/2023/Skim_TriLep_VBFHToZZTo4L.root
2025-10-03 00:31:42,773 - INFO - [2023] MISSING_FILE: /Users/choij/Sync/workspace/ChargedHiggsAnalysisV3/SKNanoOutput/CRPromptSelector/Run1E2Mu_RunNoWZSF_RunSyst/2023/Skim_TriLep_ggHToZZTo4L.root
2025-11-07 13:12:04,191 - INFO - [2023] MISSING_CENTRAL: WZ1E2Mu/Central/jets/size in Skim_TriLep_DYJets.root
2025-11-07 13:12:04,192 - INFO - [2023] MISSING_CENTRAL: WZ1E2Mu/Central/jets/size in Skim_TriLep_DYJets10to50.root
2025-11-07 13:12:04,193 - INFO - [2023] MISSING_CENTRAL: WZ1E2Mu/Central/jets/size in Skim_TriLep_DYGTo2LG_MLL4to50_PTG10to100.root
2025-11-07 13:12:04,193 - INFO - [2023] MISSING_CENTRAL: WZ1E2Mu/Central/jets/size in Skim_TriLep_DYGTo2LG_MLL4to50_PTG100to200.root
2025-11-07 13:12:04,194 - INFO - [2023] MISSING_CENTRAL: WZ1E2Mu/Central/jets/size in Skim_TriLep_DYGTo2LG_MLL4to50_PTG200toInf.root
2025-11-07 13:12:09,498 - INFO - [2023] MISSING_CENTRAL: WZ1E2Mu/Central/jets/size in Skim_TriLep_DYJets.root
2025-11-07 13:12:09,499 - INFO - [2023] MISSING_CENTRAL: WZ1E2Mu/Central/jets/size in Skim_TriLep_DYJets10to50.root
2025-11-07 13:12:09,499 - INFO - [2023] MISSING_CENTRAL: WZ1E2Mu/Central/jets/size in Skim_TriLep_DYGTo2LG_MLL4to50_PTG10to100.root
2025-11-07 13:12:09,500 - INFO - [2023] MISSING_CENTRAL: WZ1E2Mu/Central/jets/size in Skim_TriLep_DYGTo2LG_MLL4to50_PTG100to200.root
2025-11-07 13:12:09,500 - INFO - [2023] MISSING_CENTRAL: WZ1E2Mu/Central/jets/size in Skim_TriLep_DYGTo2LG_MLL4to50_PTG200toInf.root
2025-11-07 13:12:09,506 - INFO - [2023] MISSING_FILE: /home/choij/Sync/workspace/ChargedHiggsAnalysisV3/SKNanoOutput/CRPromptSelector/Run1E2Mu_RunNoWZSF_RunSyst/2023/Skim_TriLep_ZZTo4L_powheg.root
2025-11-07 13:12:09,509 - INFO - [2023] MISSING_FILE: /home/choij/Sync/workspace/ChargedHiggsAnalysisV3/SKNanoOutput/CRPromptSelector/Run1E2Mu_RunNoWZSF_RunSyst/2023/Skim_TriLep_VBFHToZZTo4L.root
2025-11-07 13:12:09,509 - INFO - [2023] MISSING_FILE: /home/choij/Sync/workspace/ChargedHiggsAnalysisV3/SKNanoOutput/CRPromptSelector/Run1E2Mu_RunNoWZSF_RunSyst/2023/Skim_TriLep_ggHToZZTo4L.root
2025-11-07 14:09:39,918 - INFO - [2023] MISSING_CENTRAL: WZ1E2Mu/Central/jets/size in Skim_TriLep_DYJets.root
2025-11-07 14:09:39,919 - INFO - [2023] MISSING_CENTRAL: WZ1E2Mu/Central/jets/size in Skim_TriLep_DYJets10to50.root
2025-11-07 14:09:39,919 - INFO - [2023] MISSING_CENTRAL: WZ1E2Mu/Central/jets/size in Skim_TriLep_DYGTo2LG_MLL4to50_PTG10to100.root
2025-11-07 14:09:39,920 - INFO - [2023] MISSING_CENTRAL: WZ1E2Mu/Central/jets/size in Skim_TriLep_DYGTo2LG_MLL4to50_PTG100to200.root
2025-11-07 14:09:39,920 - INFO - [2023] MISSING_CENTRAL: WZ1E2Mu/Central/jets/size in Skim_TriLep_DYGTo2LG_MLL4to50_PTG200toInf.root
2025-11-07 14:09:44,774 - INFO - [2023] MISSING_CENTRAL: WZ1E2Mu/Central/jets/size in Skim_TriLep_DYJets.root
2025-11-07 14:09:44,775 - INFO - [2023] MISSING_CENTRAL: WZ1E2Mu/Central/jets/size in Skim_TriLep_DYJets10to50.root
2025-11-07 14:09:44,776 - INFO - [2023] MISSING_CENTRAL: WZ1E2Mu/Central/jets/size in Skim_TriLep_DYGTo2LG_MLL4to50_PTG10to100.root
2025-11-07 14:09:44,776 - INFO - [2023] MISSING_CENTRAL: WZ1E2Mu/Central/jets/size in Skim_TriLep_DYGTo2LG_MLL4to50_PTG100to200.root
2025-11-07 14:09:44,777 - INFO - [2023] MISSING_CENTRAL: WZ1E2Mu/Central/jets/size in Skim_TriLep_DYGTo2LG_MLL4to50_PTG200toInf.root
2025-11-07 14:09:44,784 - INFO - [2023] MISSING_FILE: /home/choij/Sync/workspace/ChargedHiggsAnalysisV3/SKNanoOutput/CRPromptSelector/Run1E2Mu_RunNoWZSF_RunSyst/2023/Skim_TriLep_ZZTo4L_powheg.root
2025-11-07 14:09:44,787 - INFO - [2023] MISSING_FILE: /home/choij/Sync/workspace/ChargedHiggsAnalysisV3/SKNanoOutput/CRPromptSelector/Run1E2Mu_RunNoWZSF_RunSyst/2023/Skim_TriLep_VBFHToZZTo4L.root
2025-11-07 14:09:44,787 - INFO - [2023] MISSING_FILE: /home/choij/Sync/workspace/ChargedHiggsAnalysisV3/SKNanoOutput/CRPromptSelector/Run1E2Mu_RunNoWZSF_RunSyst/2023/Skim_TriLep_ggHToZZTo4L.root
2025-11-10 12:25:33,520 - INFO - [2023] MISSING_CENTRAL: WZ1E2Mu/Central/jets/size in Skim_TriLep_DYJets.root
2025-11-10 12:25:33,520 - INFO - [2023] MISSING_CENTRAL: WZ1E2Mu/Central/jets/size in Skim_TriLep_DYJets10to50.root
2025-11-10 12:25:33,521 - INFO - [2023] MISSING_CENTRAL: WZ1E2Mu/Central/jets/size in Skim_TriLep_DYGTo2LG_MLL4to50_PTG10to100.root
2025-11-10 12:25:33,522 - INFO - [2023] MISSING_CENTRAL: WZ1E2Mu/Central/jets/size in Skim_TriLep_DYGTo2LG_MLL4to50_PTG100to200.root
2025-11-10 12:25:33,522 - INFO - [2023] MISSING_CENTRAL: WZ1E2Mu/Central/jets/size in Skim_TriLep_DYGTo2LG_MLL4to50_PTG200toInf.root
2025-11-10 12:25:38,452 - INFO - [2023] MISSING_CENTRAL: WZ1E2Mu/Central/jets/size in Skim_TriLep_DYJets.root
2025-11-10 12:25:38,453 - INFO - [2023] MISSING_CENTRAL: WZ1E2Mu/Central/jets/size in Skim_TriLep_DYJets10to50.root
2025-11-10 12:25:38,453 - INFO - [2023] MISSING_CENTRAL: WZ1E2Mu/Central/jets/size in Skim_TriLep_DYGTo2LG_MLL4to50_PTG10to100.root
2025-11-10 12:25:38,454 - INFO - [2023] MISSING_CENTRAL: WZ1E2Mu/Central/jets/size in Skim_TriLep_DYGTo2LG_MLL4to50_PTG100to200.root
2025-11-10 12:25:38,454 - INFO - [2023] MISSING_CENTRAL: WZ1E2Mu/Central/jets/size in Skim_TriLep_DYGTo2LG_MLL4to50_PTG200toInf.root
2025-11-10 12:25:38,461 - INFO - [2023] MISSING_FILE: /home/choij/Sync/workspace/ChargedHiggsAnalysisV3/SKNanoOutput/CRPromptSelector/Run1E2Mu_RunNoWZSF_RunSyst/2023/Skim_TriLep_ZZTo4L_powheg.root
2025-11-10 12:25:38,464 - INFO - [2023] MISSING_FILE: /home/choij/Sync/workspace/ChargedHiggsAnalysisV3/SKNanoOutput/CRPromptSelector/Run1E2Mu_RunNoWZSF_RunSyst/2023/Skim_TriLep_VBFHToZZTo4L.root
2025-11-10 12:25:38,464 - INFO - [2023] MISSING_FILE: /home/choij/Sync/workspace/ChargedHiggsAnalysisV3/SKNanoOutput/CRPromptSelector/Run1E2Mu_RunNoWZSF_RunSyst/2023/Skim_TriLep_ggHToZZTo4L.root
2025-11-13 11:15:41,535 - INFO - [2023] MISSING_CENTRAL: WZ1E2Mu/Central/jets/size in Skim_TriLep_DYJets.root
2025-11-13 11:15:41,537 - INFO - [2023] MISSING_CENTRAL: WZ1E2Mu/Central/jets/size in Skim_TriLep_DYJets10to50.root
2025-11-13 11:15:41,538 - INFO - [2023] MISSING_CENTRAL: WZ1E2Mu/Central/jets/size in Skim_TriLep_DYGTo2LG_MLL4to50_PTG10to100.root
2025-11-13 11:15:41,539 - INFO - [2023] MISSING_CENTRAL: WZ1E2Mu/Central/jets/size in Skim_TriLep_DYGTo2LG_MLL4to50_PTG100to200.root
2025-11-13 11:15:41,540 - INFO - [2023] MISSING_CENTRAL: WZ1E2Mu/Central/jets/size in Skim_TriLep_DYGTo2LG_MLL4to50_PTG200toInf.root
2025-11-13 11:15:48,056 - INFO - [2023] MISSING_CENTRAL: WZ1E2Mu/Central/jets/size in Skim_TriLep_DYJets.root
2025-11-13 11:15:48,056 - INFO - [2023] MISSING_CENTRAL: WZ1E2Mu/Central/jets/size in Skim_TriLep_DYJets10to50.root
2025-11-13 11:15:48,057 - INFO - [2023] MISSING_CENTRAL: WZ1E2Mu/Central/jets/size in Skim_TriLep_DYGTo2LG_MLL4to50_PTG10to100.root
2025-11-13 11:15:48,058 - INFO - [2023] MISSING_CENTRAL: WZ1E2Mu/Central/jets/size in Skim_TriLep_DYGTo2LG_MLL4to50_PTG100to200.root
2025-11-13 11:15:48,058 - INFO - [2023] MISSING_CENTRAL: WZ1E2Mu/Central/jets/size in Skim_TriLep_DYGTo2LG_MLL4to50_PTG200toInf.root
2025-11-13 11:15:48,068 - INFO - [2023] MISSING_FILE: /data9/Users/choij/Sync/workspace/ChargedHiggsAnalysisV3/SKNanoOutput/CRPromptSelector/Run1E2Mu_RunNoWZSF_RunSyst/2023/Skim_TriLep_ZZTo4L_powheg.root
2025-11-13 11:15:48,074 - INFO - [2023] MISSING_FILE: /data9/Users/choij/Sync/workspace/ChargedHiggsAnalysisV3/SKNanoOutput/CRPromptSelector/Run1E2Mu_RunNoWZSF_RunSyst/2023/Skim_TriLep_VBFHToZZTo4L.root
2025-11-13 11:15:48,074 - INFO - [2023] MISSING_FILE: /data9/Users/choij/Sync/workspace/ChargedHiggsAnalysisV3/SKNanoOutput/CRPromptSelector/Run1E2Mu_RunNoWZSF_RunSyst/2023/Skim_TriLep_ggHToZZTo4L.root
2025-11-19 00:19:27,981 - INFO - [2023] MISSING_CENTRAL: WZ1E2Mu/Central/jets/size in Skim_TriLep_DYJets.root
2025-11-19 00:19:27,982 - INFO - [2023] MISSING_CENTRAL: WZ1E2Mu/Central/jets/size in Skim_TriLep_DYJets10to50.root
2025-11-19 00:19:27,982 - INFO - [2023] MISSING_CENTRAL: WZ1E2Mu/Central/jets/size in Skim_TriLep_DYGTo2LG_MLL4to50_PTG10to100.root
2025-11-19 00:19:27,983 - INFO - [2023] MISSING_CENTRAL: WZ1E2Mu/Central/jets/size in Skim_TriLep_DYGTo2LG_MLL4to50_PTG100to200.root
2025-11-19 00:19:27,983 - INFO - [2023] MISSING_CENTRAL: WZ1E2Mu/Central/jets/size in Skim_TriLep_DYGTo2LG_MLL4to50_PTG200toInf.root
2025-11-19 00:19:28,040 - INFO - [2023] MISSING_FILE: /data9/Users/choij/Sync/workspace/ChargedHiggsAnalysisV3/SKNanoOutput/CRPromptSelector/Run1E2Mu_RunSyst/2023/Skim_TriLep_WZTo3LNu_powheg.root
2025-11-19 00:19:32,881 - INFO - [2023] MISSING_CENTRAL: WZ1E2Mu/Central/jets/size in Skim_TriLep_DYJets.root
2025-11-19 00:19:32,882 - INFO - [2023] MISSING_CENTRAL: WZ1E2Mu/Central/jets/size in Skim_TriLep_DYJets10to50.root
2025-11-19 00:19:32,883 - INFO - [2023] MISSING_CENTRAL: WZ1E2Mu/Central/jets/size in Skim_TriLep_DYGTo2LG_MLL4to50_PTG10to100.root
2025-11-19 00:19:32,884 - INFO - [2023] MISSING_CENTRAL: WZ1E2Mu/Central/jets/size in Skim_TriLep_DYGTo2LG_MLL4to50_PTG100to200.root
2025-11-19 00:19:32,885 - INFO - [2023] MISSING_CENTRAL: WZ1E2Mu/Central/jets/size in Skim_TriLep_DYGTo2LG_MLL4to50_PTG200toInf.root
2025-11-19 00:19:32,898 - INFO - [2023] MISSING_FILE: /data9/Users/choij/Sync/workspace/ChargedHiggsAnalysisV3/SKNanoOutput/CRPromptSelector/Run1E2Mu_RunNoWZSF_RunSyst/2023/Skim_TriLep_WZTo3LNu_powheg.root
2025-11-19 00:19:32,898 - INFO - [2023] MISSING_FILE: /data9/Users/choij/Sync/workspace/ChargedHiggsAnalysisV3/SKNanoOutput/CRPromptSelector/Run1E2Mu_RunNoWZSF_RunSyst/2023/Skim_TriLep_ZZTo4L_powheg.root
2025-11-19 00:19:32,905 - INFO - [2023] MISSING_FILE: /data9/Users/choij/Sync/workspace/ChargedHiggsAnalysisV3/SKNanoOutput/CRPromptSelector/Run1E2Mu_RunNoWZSF_RunSyst/2023/Skim_TriLep_VBFHToZZTo4L.root
2025-11-19 00:19:32,905 - INFO - [2023] MISSING_FILE: /data9/Users/choij/Sync/workspace/ChargedHiggsAnalysisV3/SKNanoOutput/CRPromptSelector/Run1E2Mu_RunNoWZSF_RunSyst/2023/Skim_TriLep_ggHToZZTo4L.root
2025-11-19 15:44:42,712 - INFO - [2023] MISSING_CENTRAL: WZ1E2Mu/Central/jets/size in Skim_TriLep_DYJets.root
2025-11-19 15:44:42,712 - INFO - [2023] MISSING_CENTRAL: WZ1E2Mu/Central/jets/size in Skim_TriLep_DYJets10to50.root
2025-11-19 15:44:42,712 - INFO - [2023] MISSING_CENTRAL: WZ1E2Mu/Central/jets/size in Skim_TriLep_DYGTo2LG_MLL4to50_PTG10to100.root
2025-11-19 15:44:42,713 - INFO - [2023] MISSING_CENTRAL: WZ1E2Mu/Central/jets/size in Skim_TriLep_DYGTo2LG_MLL4to50_PTG100to200.root
2025-11-19 15:44:42,713 - INFO - [2023] MISSING_CENTRAL: WZ1E2Mu/Central/jets/size in Skim_TriLep_DYGTo2LG_MLL4to50_PTG200toInf.root
2025-11-19 15:44:47,932 - INFO - [2023] MISSING_CENTRAL: WZ1E2Mu/Central/jets/size in Skim_TriLep_DYJets.root
2025-11-19 15:44:47,933 - INFO - [2023] MISSING_CENTRAL: WZ1E2Mu/Central/jets/size in Skim_TriLep_DYJets10to50.root
2025-11-19 15:44:47,934 - INFO - [2023] MISSING_CENTRAL: WZ1E2Mu/Central/jets/size in Skim_TriLep_DYGTo2LG_MLL4to50_PTG10to100.root
2025-11-19 15:44:47,934 - INFO - [2023] MISSING_CENTRAL: WZ1E2Mu/Central/jets/size in Skim_TriLep_DYGTo2LG_MLL4to50_PTG100to200.root
2025-11-19 15:44:47,935 - INFO - [2023] MISSING_CENTRAL: WZ1E2Mu/Central/jets/size in Skim_TriLep_DYGTo2LG_MLL4to50_PTG200toInf.root
2025-11-19 15:44:47,941 - INFO - [2023] MISSING_FILE: /home/choij/Sync/workspace/ChargedHiggsAnalysisV3/SKNanoOutput/CRPromptSelector/Run1E2Mu_RunNoWZSF_RunSyst/2023/Skim_TriLep_ZZTo4L_powheg.root
2025-11-19 15:44:47,945 - INFO - [2023] MISSING_FILE: /home/choij/Sync/workspace/ChargedHiggsAnalysisV3/SKNanoOutput/CRPromptSelector/Run1E2Mu_RunNoWZSF_RunSyst/2023/Skim_TriLep_VBFHToZZTo4L.root
2025-11-19 15:44:47,945 - INFO - [2023] MISSING_FILE: /home/choij/Sync/workspace/ChargedHiggsAnalysisV3/SKNanoOutput/CRPromptSelector/Run1E2Mu_RunNoWZSF_RunSyst/2023/Skim_TriLep_ggHToZZTo4L.root
2025-11-19 16:28:00,431 - INFO - [2023] MISSING_CENTRAL: WZ1E2Mu/Central/jets/size in Skim_TriLep_DYJets.root
2025-11-19 16:28:00,432 - INFO - [2023] MISSING_CENTRAL: WZ1E2Mu/Central/jets/size in Skim_TriLep_DYJets10to50.root
2025-11-19 16:28:00,433 - INFO - [2023] MISSING_CENTRAL: WZ1E2Mu/Central/jets/size in Skim_TriLep_DYGTo2LG_MLL4to50_PTG10to100.root
2025-11-19 16:28:00,433 - INFO - [2023] MISSING_CENTRAL: WZ1E2Mu/Central/jets/size in Skim_TriLep_DYGTo2LG_MLL4to50_PTG100to200.root
2025-11-19 16:28:00,434 - INFO - [2023] MISSING_CENTRAL: WZ1E2Mu/Central/jets/size in Skim_TriLep_DYGTo2LG_MLL4to50_PTG200toInf.root
2025-11-19 16:28:05,457 - INFO - [2023] MISSING_CENTRAL: WZ1E2Mu/Central/jets/size in Skim_TriLep_DYJets.root
2025-11-19 16:28:05,458 - INFO - [2023] MISSING_CENTRAL: WZ1E2Mu/Central/jets/size in Skim_TriLep_DYJets10to50.root
2025-11-19 16:28:05,459 - INFO - [2023] MISSING_CENTRAL: WZ1E2Mu/Central/jets/size in Skim_TriLep_DYGTo2LG_MLL4to50_PTG10to100.root
2025-11-19 16:28:05,459 - INFO - [2023] MISSING_CENTRAL: WZ1E2Mu/Central/jets/size in Skim_TriLep_DYGTo2LG_MLL4to50_PTG100to200.root
2025-11-19 16:28:05,460 - INFO - [2023] MISSING_CENTRAL: WZ1E2Mu/Central/jets/size in Skim_TriLep_DYGTo2LG_MLL4to50_PTG200toInf.root
2025-11-19 16:28:05,466 - INFO - [2023] MISSING_FILE: /home/choij/Sync/workspace/ChargedHiggsAnalysisV3/SKNanoOutput/CRPromptSelector/Run1E2Mu_RunNoWZSF_RunSyst/2023/Skim_TriLep_ZZTo4L_powheg.root
2025-11-19 16:28:05,470 - INFO - [2023] MISSING_FILE: /home/choij/Sync/workspace/ChargedHiggsAnalysisV3/SKNanoOutput/CRPromptSelector/Run1E2Mu_RunNoWZSF_RunSyst/2023/Skim_TriLep_VBFHToZZTo4L.root
2025-11-19 16:28:05,470 - INFO - [2023] MISSING_FILE: /home/choij/Sync/workspace/ChargedHiggsAnalysisV3/SKNanoOutput/CRPromptSelector/Run1E2Mu_RunNoWZSF_RunSyst/2023/Skim_TriLep_ggHToZZTo4L.root
2025-12-17 12:27:59,410 - INFO - [2023] MISSING_CENTRAL: WZ1E2Mu/Central/jets/size in Skim_TriLep_DYJets10to50.root
2025-12-17 12:27:59,428 - INFO - [2023] MISSING_CENTRAL: WZ1E2Mu/Central/jets/size in Skim_TriLep_TTG_PTG200toInf.root
2025-12-17 12:28:04,665 - INFO - [2023] MISSING_CENTRAL: WZ1E2Mu/Central/jets/size in Skim_TriLep_DYJets10to50.root
2025-12-17 12:28:04,668 - INFO - [2023] MISSING_CENTRAL: WZ1E2Mu/Central/jets/size in Skim_TriLep_TTG_PTG200toInf.root
2025-12-17 12:28:04,676 - INFO - [2023] MISSING_FILE: /data9/Users/choij/Sync/workspace/ChargedHiggsAnalysisV3/SKNanoOutput/CRPromptSelector/Run1E2Mu_RunNoWZSF_RunSyst/2023/Skim_TriLep_ZZTo4L_powheg.root
2025-12-17 12:28:04,685 - INFO - [2023] MISSING_FILE: /data9/Users/choij/Sync/workspace/ChargedHiggsAnalysisV3/SKNanoOutput/CRPromptSelector/Run1E2Mu_RunNoWZSF_RunSyst/2023/Skim_TriLep_VBFHToZZTo4L.root
2025-12-17 12:28:04,686 - INFO - [2023] MISSING_FILE: /data9/Users/choij/Sync/workspace/ChargedHiggsAnalysisV3/SKNanoOutput/CRPromptSelector/Run1E2Mu_RunNoWZSF_RunSyst/2023/Skim_TriLep_ggHToZZTo4L.root
2025-12-17 16:09:34,703 - INFO - [2023] MISSING_CENTRAL: WZ1E2Mu/Central/jets/size in Skim_TriLep_DYJets10to50.root
2025-12-17 16:09:34,718 - INFO - [2023] MISSING_CENTRAL: WZ1E2Mu/Central/jets/size in Skim_TriLep_TTG_PTG200toInf.root
2025-12-17 16:09:38,230 - INFO - [2023] MISSING_CENTRAL: WZ1E2Mu/Central/jets/size in Skim_TriLep_DYJets10to50.root
2025-12-17 16:09:38,232 - INFO - [2023] MISSING_CENTRAL: WZ1E2Mu/Central/jets/size in Skim_TriLep_TTG_PTG200toInf.root
2025-12-17 16:09:38,235 - INFO - [2023] MISSING_FILE: /data9/Users/choij/Sync/workspace/ChargedHiggsAnalysisV3/SKNanoOutput/CRPromptSelector/Run1E2Mu_RunNoWZSF_RunSyst/2023/Skim_TriLep_WZTo3LNu_powheg.root
2025-12-17 16:09:38,236 - INFO - [2023] MISSING_FILE: /data9/Users/choij/Sync/workspace/ChargedHiggsAnalysisV3/SKNanoOutput/CRPromptSelector/Run1E2Mu_RunNoWZSF_RunSyst/2023/Skim_TriLep_ZZTo4L_powheg.root
2025-12-17 16:09:38,240 - INFO - [2023] MISSING_FILE: /data9/Users/choij/Sync/workspace/ChargedHiggsAnalysisV3/SKNanoOutput/CRPromptSelector/Run1E2Mu_RunNoWZSF_RunSyst/2023/Skim_TriLep_VBFHToZZTo4L.root
2025-12-17 16:09:38,241 - INFO - [2023] MISSING_FILE: /data9/Users/choij/Sync/workspace/ChargedHiggsAnalysisV3/SKNanoOutput/CRPromptSelector/Run1E2Mu_RunNoWZSF_RunSyst/2023/Skim_TriLep_ggHToZZTo4L.root
2025-12-17 22:42:51,823 - INFO - [2023] MISSING_CENTRAL: WZ1E2Mu/Central/jets/size in Skim_TriLep_DYJets10to50.root
2025-12-17 22:42:51,831 - INFO - [2023] MISSING_CENTRAL: WZ1E2Mu/Central/jets/size in Skim_TriLep_TTG_PTG200toInf.root
2025-12-17 22:42:56,742 - INFO - [2023] MISSING_CENTRAL: WZ1E2Mu/Central/jets/size in Skim_TriLep_DYJets10to50.root
2025-12-17 22:42:56,744 - INFO - [2023] MISSING_CENTRAL: WZ1E2Mu/Central/jets/size in Skim_TriLep_TTG_PTG200toInf.root
2025-12-17 22:42:56,746 - INFO - [2023] MISSING_FILE: /data9/Users/choij/Sync/workspace/ChargedHiggsAnalysisV3/SKNanoOutput/CRPromptSelector/Run1E2Mu_RunNoWZSF_RunSyst/2023/Skim_TriLep_WZTo3LNu_powheg.root
2025-12-17 22:42:56,747 - INFO - [2023] MISSING_FILE: /data9/Users/choij/Sync/workspace/ChargedHiggsAnalysisV3/SKNanoOutput/CRPromptSelector/Run1E2Mu_RunNoWZSF_RunSyst/2023/Skim_TriLep_ZZTo4L_powheg.root
2025-12-17 22:42:56,751 - INFO - [2023] MISSING_FILE: /data9/Users/choij/Sync/workspace/ChargedHiggsAnalysisV3/SKNanoOutput/CRPromptSelector/Run1E2Mu_RunNoWZSF_RunSyst/2023/Skim_TriLep_VBFHToZZTo4L.root
2025-12-17 22:42:56,751 - INFO - [2023] MISSING_FILE: /data9/Users/choij/Sync/workspace/ChargedHiggsAnalysisV3/SKNanoOutput/CRPromptSelector/Run1E2Mu_RunNoWZSF_RunSyst/2023/Skim_TriLep_ggHToZZTo4L.root
2025-12-18 14:43:42,800 - INFO - [2023] MISSING_CENTRAL: WZ1E2Mu/Central/jets/size in Skim_TriLep_DYJets10to50.root
2025-12-18 14:43:42,824 - INFO - [2023] MISSING_CENTRAL: WZ1E2Mu/Central/jets/size in Skim_TriLep_TTG_PTG200toInf.root
2025-12-18 14:43:48,353 - INFO - [2023] MISSING_CENTRAL: WZ1E2Mu/Central/jets/size in Skim_TriLep_DYJets10to50.root
2025-12-18 14:43:48,370 - INFO - [2023] MISSING_CENTRAL: WZ1E2Mu/Central/jets/size in Skim_TriLep_TTG_PTG200toInf.root
2025-12-18 14:43:48,386 - INFO - [2023] MISSING_FILE: /data9/Users/choij/Sync/workspace/ChargedHiggsAnalysisV3/SKNanoOutput/CRPromptSelector/Run1E2Mu_RunNoWZSF_RunSyst/2023/Skim_TriLep_WZTo3LNu_powheg.root
2025-12-18 14:43:48,393 - INFO - [2023] MISSING_FILE: /data9/Users/choij/Sync/workspace/ChargedHiggsAnalysisV3/SKNanoOutput/CRPromptSelector/Run1E2Mu_RunNoWZSF_RunSyst/2023/Skim_TriLep_ZZTo4L_powheg.root
2025-12-18 14:43:48,424 - INFO - [2023] MISSING_FILE: /data9/Users/choij/Sync/workspace/ChargedHiggsAnalysisV3/SKNanoOutput/CRPromptSelector/Run1E2Mu_RunNoWZSF_RunSyst/2023/Skim_TriLep_VBFHToZZTo4L.root
2025-12-18 14:43:48,424 - INFO - [2023] MISSING_FILE: /data9/Users/choij/Sync/workspace/ChargedHiggsAnalysisV3/SKNanoOutput/CRPromptSelector/Run1E2Mu_RunNoWZSF_RunSyst/2023/Skim_TriLep_ggHToZZTo4L.root
2025-12-18 22:08:00,559 - INFO - [2023] MISSING_CENTRAL: WZ1E2Mu/Central/jets/size in Skim_TriLep_DYJets10to50.root
2025-12-18 22:08:00,568 - INFO - [2023] MISSING_CENTRAL: WZ1E2Mu/Central/jets/size in Skim_TriLep_TTG_PTG200toInf.root
2025-12-18 22:08:04,085 - INFO - [2023] MISSING_CENTRAL: WZ1E2Mu/Central/jets/size in Skim_TriLep_DYJets10to50.root
2025-12-18 22:08:04,093 - INFO - [2023] MISSING_CENTRAL: WZ1E2Mu/Central/jets/size in Skim_TriLep_TTG_PTG200toInf.root
2025-12-18 22:08:04,099 - INFO - [2023] MISSING_FILE: /data9/Users/choij/Sync/workspace/ChargedHiggsAnalysisV3/SKNanoOutput/CRPromptSelector/Run1E2Mu_RunNoWZSF_RunSyst/2023/Skim_TriLep_ZZTo4L_powheg.root
2025-12-18 22:08:04,107 - INFO - [2023] MISSING_FILE: /data9/Users/choij/Sync/workspace/ChargedHiggsAnalysisV3/SKNanoOutput/CRPromptSelector/Run1E2Mu_RunNoWZSF_RunSyst/2023/Skim_TriLep_VBFHToZZTo4L.root
2025-12-18 22:08:04,107 - INFO - [2023] MISSING_FILE: /data9/Users/choij/Sync/workspace/ChargedHiggsAnalysisV3/SKNanoOutput/CRPromptSelector/Run1E2Mu_RunNoWZSF_RunSyst/2023/Skim_TriLep_ggHToZZTo4L.root
2026-01-07 11:52:49,306 - INFO - [2023] MISSING_FILE: /data9/Users/choij/Sync/workspace/ChargedHiggsAnalysisV3/SKNanoOutput/CRPromptSelector/Run1E2Mu/2023/Skim_TriLep_MuonEG_C_v1.root
2026-01-07 11:52:49,306 - INFO - [2023] MISSING_FILE: /data9/Users/choij/Sync/workspace/ChargedHiggsAnalysisV3/SKNanoOutput/CRPromptSelector/Run1E2Mu/2023/Skim_TriLep_MuonEG_C_v2.root
2026-01-07 11:52:49,306 - INFO - [2023] MISSING_FILE: /data9/Users/choij/Sync/workspace/ChargedHiggsAnalysisV3/SKNanoOutput/CRPromptSelector/Run1E2Mu/2023/Skim_TriLep_MuonEG_C_v3.root
2026-01-07 11:52:49,307 - INFO - [2023] MISSING_FILE: /data9/Users/choij/Sync/workspace/ChargedHiggsAnalysisV3/SKNanoOutput/CRPromptSelector/Run1E2Mu/2023/Skim_TriLep_MuonEG_C_v4.root
2026-01-07 11:52:51,783 - INFO - [2023] MISSING_FILE: /data9/Users/choij/Sync/workspace/ChargedHiggsAnalysisV3/SKNanoOutput/CRPromptSelector/Run1E2Mu/2023/Skim_TriLep_MuonEG_C_v1.root
2026-01-07 11:52:51,784 - INFO - [2023] MISSING_FILE: /data9/Users/choij/Sync/workspace/ChargedHiggsAnalysisV3/SKNanoOutput/CRPromptSelector/Run1E2Mu/2023/Skim_TriLep_MuonEG_C_v2.root
2026-01-07 11:52:51,784 - INFO - [2023] MISSING_FILE: /data9/Users/choij/Sync/workspace/ChargedHiggsAnalysisV3/SKNanoOutput/CRPromptSelector/Run1E2Mu/2023/Skim_TriLep_MuonEG_C_v3.root
2026-01-07 11:52:51,787 - INFO - [2023] MISSING_FILE: /data9/Users/choij/Sync/workspace/ChargedHiggsAnalysisV3/SKNanoOutput/CRPromptSelector/Run1E2Mu/2023/Skim_TriLep_MuonEG_C_v4.root
2026-01-07 18:49:25,284 - INFO - [2023] MISSING_CENTRAL: WZ1E2Mu/Central/jets/size in Skim_TriLep_DYJets10to50.root
2026-01-07 18:49:25,293 - INFO - [2023] MISSING_CENTRAL: WZ1E2Mu/Central/jets/size in Skim_TriLep_TTG_PTG200toInf.root
2026-01-07 18:49:28,655 - INFO - [2023] MISSING_CENTRAL: WZ1E2Mu/Central/jets/size in Skim_TriLep_DYJets10to50.root
2026-01-07 18:49:28,657 - INFO - [2023] MISSING_CENTRAL: WZ1E2Mu/Central/jets/size in Skim_TriLep_TTG_PTG200toInf.root
2026-01-07 18:49:28,661 - INFO - [2023] MISSING_FILE: /data9/Users/choij/Sync/workspace/ChargedHiggsAnalysisV3/SKNanoOutput/CRPromptSelector/Run1E2Mu_RunNoWZSF_RunSyst/2023/Skim_TriLep_ZZTo4L_powheg.root
2026-01-07 18:49:28,665 - INFO - [2023] MISSING_FILE: /data9/Users/choij/Sync/workspace/ChargedHiggsAnalysisV3/SKNanoOutput/CRPromptSelector/Run1E2Mu_RunNoWZSF_RunSyst/2023/Skim_TriLep_VBFHToZZTo4L.root
2026-01-07 18:49:28,665 - INFO - [2023] MISSING_FILE: /data9/Users/choij/Sync/workspace/ChargedHiggsAnalysisV3/SKNanoOutput/CRPromptSelector/Run1E2Mu_RunNoWZSF_RunSyst/2023/Skim_TriLep_ggHToZZTo4L.root
2026-01-08 23:12:11,125 - INFO - [2023] MISSING_CENTRAL: WZ1E2Mu/Central/jets/size in Skim_TriLep_DYJets10to50.root
2026-01-08 23:12:11,133 - INFO - [2023] MISSING_CENTRAL: WZ1E2Mu/Central/jets/size in Skim_TriLep_TTG_PTG200toInf.root
2026-01-08 23:12:15,932 - INFO - [2023] MISSING_CENTRAL: WZ1E2Mu/Central/jets/size in Skim_TriLep_DYJets10to50.root
2026-01-08 23:12:15,935 - INFO - [2023] MISSING_CENTRAL: WZ1E2Mu/Central/jets/size in Skim_TriLep_TTG_PTG200toInf.root
2026-01-08 23:12:15,940 - INFO - [2023] MISSING_FILE: /data9/Users/choij/Sync/workspace/ChargedHiggsAnalysisV3/SKNanoOutput/CRPromptSelector/Run1E2Mu_RunNoWZSF_RunSyst/2023/Skim_TriLep_ZZTo4L_powheg.root
2026-01-08 23:12:15,947 - INFO - [2023] MISSING_FILE: /data9/Users/choij/Sync/workspace/ChargedHiggsAnalysisV3/SKNanoOutput/CRPromptSelector/Run1E2Mu_RunNoWZSF_RunSyst/2023/Skim_TriLep_VBFHToZZTo4L.root
2026-01-08 23:12:15,948 - INFO - [2023] MISSING_FILE: /data9/Users/choij/Sync/workspace/ChargedHiggsAnalysisV3/SKNanoOutput/CRPromptSelector/Run1E2Mu_RunNoWZSF_RunSyst/2023/Skim_TriLep_ggHToZZTo4L.root
2026-01-09 12:24:09,968 - INFO - [2023] MISSING_CENTRAL: WZ1E2Mu/Central/jets/size in Skim_TriLep_DYJets10to50.root
2026-01-09 12:24:09,976 - INFO - [2023] MISSING_CENTRAL: WZ1E2Mu/Central/jets/size in Skim_TriLep_TTG_PTG200toInf.root
2026-01-09 12:24:15,141 - INFO - [2023] MISSING_CENTRAL: WZ1E2Mu/Central/jets/size in Skim_TriLep_DYJets10to50.root
2026-01-09 12:24:15,144 - INFO - [2023] MISSING_CENTRAL: WZ1E2Mu/Central/jets/size in Skim_TriLep_TTG_PTG200toInf.root
2026-01-09 12:24:15,147 - INFO - [2023] MISSING_FILE: /home/choij/Sync/workspace/ChargedHiggsAnalysisV3/SKNanoOutput/CRPromptSelector/Run1E2Mu_RunNoWZSF_RunSyst/2023/Skim_TriLep_ZZTo4L_powheg.root
2026-01-09 12:24:15,150 - INFO - [2023] MISSING_FILE: /home/choij/Sync/workspace/ChargedHiggsAnalysisV3/SKNanoOutput/CRPromptSelector/Run1E2Mu_RunNoWZSF_RunSyst/2023/Skim_TriLep_VBFHToZZTo4L.root
2026-01-09 12:24:15,150 - INFO - [2023] MISSING_FILE: /home/choij/Sync/workspace/ChargedHiggsAnalysisV3/SKNanoOutput/CRPromptSelector/Run1E2Mu_RunNoWZSF_RunSyst/2023/Skim_TriLep_ggHToZZTo4L.root
2026-01-11 09:44:11,991 - INFO - [2023] MISSING_CENTRAL: WZ1E2Mu/Central/jets/size in Skim_TriLep_DYJets10to50.root
2026-01-11 09:44:11,999 - INFO - [2023] MISSING_CENTRAL: WZ1E2Mu/Central/jets/size in Skim_TriLep_TTG_PTG200toInf.root
2026-01-11 09:44:16,914 - INFO - [2023] MISSING_CENTRAL: WZ1E2Mu/Central/jets/size in Skim_TriLep_DYJets10to50.root
2026-01-11 09:44:16,916 - INFO - [2023] MISSING_CENTRAL: WZ1E2Mu/Central/jets/size in Skim_TriLep_TTG_PTG200toInf.root
2026-01-11 09:44:16,918 - INFO - [2023] MISSING_FILE: /home/choij/Sync/workspace/ChargedHiggsAnalysisV3/SKNanoOutput/CRPromptSelector/Run1E2Mu_RunNoWZSF_RunSyst/2023/Skim_TriLep_ZZTo4L_powheg.root
2026-01-11 09:44:16,922 - INFO - [2023] MISSING_FILE: /home/choij/Sync/workspace/ChargedHiggsAnalysisV3/SKNanoOutput/CRPromptSelector/Run1E2Mu_RunNoWZSF_RunSyst/2023/Skim_TriLep_VBFHToZZTo4L.root
2026-01-11 09:44:16,922 - INFO - [2023] MISSING_FILE: /home/choij/Sync/workspace/ChargedHiggsAnalysisV3/SKNanoOutput/CRPromptSelector/Run1E2Mu_RunNoWZSF_RunSyst/2023/Skim_TriLep_ggHToZZTo4L.root
2026-01-12 13:52:59,608 - INFO - [2023] MISSING_CENTRAL: WZ1E2Mu/Central/jets/size in Skim_TriLep_DYJets10to50.root
2026-01-12 13:52:59,617 - INFO - [2023] MISSING_CENTRAL: WZ1E2Mu/Central/jets/size in Skim_TriLep_TTG_PTG200toInf.root
2026-01-12 13:53:04,683 - INFO - [2023] MISSING_CENTRAL: WZ1E2Mu/Central/jets/size in Skim_TriLep_DYJets10to50.root
2026-01-12 13:53:04,685 - INFO - [2023] MISSING_CENTRAL: WZ1E2Mu/Central/jets/size in Skim_TriLep_TTG_PTG200toInf.root
2026-01-12 13:53:04,688 - INFO - [2023] MISSING_FILE: /home/choij/Sync/workspace/ChargedHiggsAnalysisV3/SKNanoOutput/CRPromptSelector/Run1E2Mu_RunNoWZSF_RunSyst/2023/Skim_TriLep_ZZTo4L_powheg.root
2026-01-12 13:53:04,691 - INFO - [2023] MISSING_FILE: /home/choij/Sync/workspace/ChargedHiggsAnalysisV3/SKNanoOutput/CRPromptSelector/Run1E2Mu_RunNoWZSF_RunSyst/2023/Skim_TriLep_VBFHToZZTo4L.root
2026-01-12 13:53:04,692 - INFO - [2023] MISSING_FILE: /home/choij/Sync/workspace/ChargedHiggsAnalysisV3/SKNanoOutput/CRPromptSelector/Run1E2Mu_RunNoWZSF_RunSyst/2023/Skim_TriLep_ggHToZZTo4L.root
2026-01-16 19:07:48,038 - INFO - [2023] MISSING_CENTRAL: WZ1E2Mu/Central/jets/size in Skim_TriLep_DYJets10to50.root
2026-01-16 19:07:48,047 - INFO - [2023] MISSING_CENTRAL: WZ1E2Mu/Central/jets/size in Skim_TriLep_TTG_PTG200toInf.root
2026-01-16 19:07:53,125 - INFO - [2023] MISSING_CENTRAL: WZ1E2Mu/Central/jets/size in Skim_TriLep_DYJets10to50.root
2026-01-16 19:07:53,127 - INFO - [2023] MISSING_CENTRAL: WZ1E2Mu/Central/jets/size in Skim_TriLep_TTG_PTG200toInf.root
2026-01-16 19:07:53,129 - INFO - [2023] MISSING_FILE: /home/choij/Sync/workspace/ChargedHiggsAnalysisV3/SKNanoOutput/CRPromptSelector/Run1E2Mu_RunNoWZSF_RunSyst/2023/Skim_TriLep_ZZTo4L_powheg.root
2026-01-16 19:07:53,133 - INFO - [2023] MISSING_FILE: /home/choij/Sync/workspace/ChargedHiggsAnalysisV3/SKNanoOutput/CRPromptSelector/Run1E2Mu_RunNoWZSF_RunSyst/2023/Skim_TriLep_VBFHToZZTo4L.root
2026-01-16 19:07:53,133 - INFO - [2023] MISSING_FILE: /home/choij/Sync/workspace/ChargedHiggsAnalysisV3/SKNanoOutput/CRPromptSelector/Run1E2Mu_RunNoWZSF_RunSyst/2023/Skim_TriLep_ggHToZZTo4L.root
2026-01-28 15:01:02,300 - INFO - [2023] MISSING_CENTRAL: WZ1E2Mu/Central/jets/size in Skim_TriLep_DYJets10to50.root
2026-01-28 15:01:02,310 - INFO - [2023] MISSING_CENTRAL: WZ1E2Mu/Central/jets/size in Skim_TriLep_TTG_PTG200toInf.root
2026-01-28 15:01:07,188 - INFO - [2023] MISSING_CENTRAL: WZ1E2Mu/Central/jets/size in Skim_TriLep_DYJets10to50.root
2026-01-28 15:01:07,190 - INFO - [2023] MISSING_CENTRAL: WZ1E2Mu/Central/jets/size in Skim_TriLep_TTG_PTG200toInf.root
2026-01-28 15:01:07,194 - INFO - [2023] MISSING_FILE: /home/choij/Sync/workspace/ChargedHiggsAnalysisV3/SKNanoOutput/PromptAnalyzer/Run1E2Mu_RunNoWZSF_RunSyst_RunCR_NoTreeMode/2023/Skim_TriLep_ZZTo4L_powheg.root
2026-01-28 15:01:07,197 - INFO - [2023] MISSING_FILE: /home/choij/Sync/workspace/ChargedHiggsAnalysisV3/SKNanoOutput/PromptAnalyzer/Run1E2Mu_RunNoWZSF_RunSyst_RunCR_NoTreeMode/2023/Skim_TriLep_VBFHToZZTo4L.root
2026-01-28 15:01:07,197 - INFO - [2023] MISSING_FILE: /home/choij/Sync/workspace/ChargedHiggsAnalysisV3/SKNanoOutput/PromptAnalyzer/Run1E2Mu_RunNoWZSF_RunSyst_RunCR_NoTreeMode/2023/Skim_TriLep_ggHToZZTo4L.root
2026-01-28 15:13:38,344 - INFO - [2023] MISSING_CENTRAL: WZ1E2Mu/Central/jets/size in Skim_TriLep_DYJets10to50.root
2026-01-28 15:13:38,353 - INFO - [2023] MISSING_CENTRAL: WZ1E2Mu/Central/jets/size in Skim_TriLep_TTG_PTG200toInf.root
2026-01-28 15:13:43,312 - INFO - [2023] MISSING_CENTRAL: WZ1E2Mu/Central/jets/size in Skim_TriLep_DYJets10to50.root
2026-01-28 15:13:43,315 - INFO - [2023] MISSING_CENTRAL: WZ1E2Mu/Central/jets/size in Skim_TriLep_TTG_PTG200toInf.root
2026-01-28 15:13:43,318 - INFO - [2023] MISSING_FILE: /home/choij/Sync/workspace/ChargedHiggsAnalysisV3/SKNanoOutput/PromptAnalyzer/Run1E2Mu_RunNoWZSF_RunSyst_RunCR_NoTreeMode/2023/Skim_TriLep_ZZTo4L_powheg.root
2026-01-28 15:13:43,322 - INFO - [2023] MISSING_FILE: /home/choij/Sync/workspace/ChargedHiggsAnalysisV3/SKNanoOutput/PromptAnalyzer/Run1E2Mu_RunNoWZSF_RunSyst_RunCR_NoTreeMode/2023/Skim_TriLep_VBFHToZZTo4L.root
2026-01-28 15:13:43,322 - INFO - [2023] MISSING_FILE: /home/choij/Sync/workspace/ChargedHiggsAnalysisV3/SKNanoOutput/PromptAnalyzer/Run1E2Mu_RunNoWZSF_RunSyst_RunCR_NoTreeMode/2023/Skim_TriLep_ggHToZZTo4L.root
2026-01-28 17:05:24,886 - INFO - [2023] MISSING_CENTRAL: WZ1E2Mu/Central/jets/size in Skim_TriLep_DYJets10to50.root
2026-01-28 17:05:24,892 - INFO - [2023] MISSING_CENTRAL: WZ1E2Mu/Central/jets/size in Skim_TriLep_TTG_PTG200toInf.root
2026-01-28 17:05:24,935 - INFO - [2023] MISSING_FILE: /home/choij/Sync/workspace/ChargedHiggsAnalysisV3/SKNanoOutput/PromptAnalyzer/Run1E2Mu_RunSyst_RunCR_NoTreeMode/2023/Skim_TriLep_WZTo3LNu_powheg.root
2026-01-28 17:05:30,251 - INFO - [2023] MISSING_CENTRAL: WZ1E2Mu/Central/jets/size in Skim_TriLep_DYJets10to50.root
2026-01-28 17:05:30,253 - INFO - [2023] MISSING_CENTRAL: WZ1E2Mu/Central/jets/size in Skim_TriLep_TTG_PTG200toInf.root
2026-01-28 17:05:30,256 - INFO - [2023] MISSING_FILE: /home/choij/Sync/workspace/ChargedHiggsAnalysisV3/SKNanoOutput/PromptAnalyzer/Run1E2Mu_RunNoWZSF_RunSyst_RunCR_NoTreeMode/2023/Skim_TriLep_ZZTo4L_powheg.root
2026-01-28 17:05:30,259 - INFO - [2023] MISSING_FILE: /home/choij/Sync/workspace/ChargedHiggsAnalysisV3/SKNanoOutput/PromptAnalyzer/Run1E2Mu_RunNoWZSF_RunSyst_RunCR_NoTreeMode/2023/Skim_TriLep_VBFHToZZTo4L.root
2026-01-28 17:05:30,260 - INFO - [2023] MISSING_FILE: /home/choij/Sync/workspace/ChargedHiggsAnalysisV3/SKNanoOutput/PromptAnalyzer/Run1E2Mu_RunNoWZSF_RunSyst_RunCR_NoTreeMode/2023/Skim_TriLep_ggHToZZTo4L.root
2026-01-28 17:26:04,496 - INFO - [2023] MISSING_CENTRAL: WZ1E2Mu/Central/jets/size in Skim_TriLep_DYJets10to50.root
2026-01-28 17:26:04,508 - INFO - [2023] MISSING_CENTRAL: WZ1E2Mu/Central/jets/size in Skim_TriLep_TTG_PTG200toInf.root
2026-01-28 17:26:04,533 - INFO - [2023] MISSING_FILE: /home/choij/Sync/workspace/ChargedHiggsAnalysisV3/SKNanoOutput/PromptAnalyzer/Run1E2Mu_RunSyst_RunCR_NoTreeMode/2023/Skim_TriLep_WZTo3LNu_powheg.root
2026-01-28 17:26:09,395 - INFO - [2023] MISSING_CENTRAL: WZ1E2Mu/Central/jets/size in Skim_TriLep_DYJets10to50.root
2026-01-28 17:26:09,397 - INFO - [2023] MISSING_CENTRAL: WZ1E2Mu/Central/jets/size in Skim_TriLep_TTG_PTG200toInf.root
2026-01-28 17:26:09,402 - INFO - [2023] MISSING_FILE: /home/choij/Sync/workspace/ChargedHiggsAnalysisV3/SKNanoOutput/PromptAnalyzer/Run1E2Mu_RunNoWZSF_RunSyst_RunCR_NoTreeMode/2023/Skim_TriLep_ZZTo4L_powheg.root
2026-01-28 17:26:09,405 - INFO - [2023] MISSING_FILE: /home/choij/Sync/workspace/ChargedHiggsAnalysisV3/SKNanoOutput/PromptAnalyzer/Run1E2Mu_RunNoWZSF_RunSyst_RunCR_NoTreeMode/2023/Skim_TriLep_VBFHToZZTo4L.root
2026-01-28 17:26:09,406 - INFO - [2023] MISSING_FILE: /home/choij/Sync/workspace/ChargedHiggsAnalysisV3/SKNanoOutput/PromptAnalyzer/Run1E2Mu_RunNoWZSF_RunSyst_RunCR_NoTreeMode/2023/Skim_TriLep_ggHToZZTo4L.root
2026-01-28 19:59:41,156 - INFO - [2023] MISSING_CENTRAL: WZ1E2Mu/Central/jets/size in Skim_TriLep_DYJets10to50.root
2026-01-28 19:59:41,165 - INFO - [2023] MISSING_CENTRAL: WZ1E2Mu/Central/jets/size in Skim_TriLep_TTG_PTG200toInf.root
2026-01-28 19:59:46,301 - INFO - [2023] MISSING_CENTRAL: WZ1E2Mu/Central/jets/size in Skim_TriLep_DYJets10to50.root
2026-01-28 19:59:46,304 - INFO - [2023] MISSING_CENTRAL: WZ1E2Mu/Central/jets/size in Skim_TriLep_TTG_PTG200toInf.root
2026-01-28 19:59:46,307 - INFO - [2023] MISSING_FILE: /home/choij/Sync/workspace/ChargedHiggsAnalysisV3/SKNanoOutput/PromptAnalyzer/Run1E2Mu_RunNoWZSF_RunSyst_RunCR_NoTreeMode/2023/Skim_TriLep_ZZTo4L_powheg.root
2026-01-28 19:59:46,310 - INFO - [2023] MISSING_FILE: /home/choij/Sync/workspace/ChargedHiggsAnalysisV3/SKNanoOutput/PromptAnalyzer/Run1E2Mu_RunNoWZSF_RunSyst_RunCR_NoTreeMode/2023/Skim_TriLep_VBFHToZZTo4L.root
2026-01-28 19:59:46,311 - INFO - [2023] MISSING_FILE: /home/choij/Sync/workspace/ChargedHiggsAnalysisV3/SKNanoOutput/PromptAnalyzer/Run1E2Mu_RunNoWZSF_RunSyst_RunCR_NoTreeMode/2023/Skim_TriLep_ggHToZZTo4L.root
2026-01-29 07:16:31,559 - INFO - [2023] MISSING_CENTRAL: WZ1E2Mu/Central/jets/size in Skim_TriLep_DYJets10to50.root
2026-01-29 07:16:31,570 - INFO - [2023] MISSING_CENTRAL: WZ1E2Mu/Central/jets/size in Skim_TriLep_TTG_PTG200toInf.root
2026-01-29 07:16:36,386 - INFO - [2023] MISSING_CENTRAL: WZ1E2Mu/Central/jets/size in Skim_TriLep_DYJets10to50.root
2026-01-29 07:16:36,388 - INFO - [2023] MISSING_CENTRAL: WZ1E2Mu/Central/jets/size in Skim_TriLep_TTG_PTG200toInf.root
2026-01-29 07:16:36,392 - INFO - [2023] MISSING_FILE: /home/choij/Sync/workspace/ChargedHiggsAnalysisV3/SKNanoOutput/PromptAnalyzer/Run1E2Mu_RunNoWZSF_RunSyst_RunCR_NoTreeMode/2023/Skim_TriLep_ZZTo4L_powheg.root
2026-01-29 07:16:36,395 - INFO - [2023] MISSING_FILE: /home/choij/Sync/workspace/ChargedHiggsAnalysisV3/SKNanoOutput/PromptAnalyzer/Run1E2Mu_RunNoWZSF_RunSyst_RunCR_NoTreeMode/2023/Skim_TriLep_VBFHToZZTo4L.root
2026-01-29 07:16:36,395 - INFO - [2023] MISSING_FILE: /home/choij/Sync/workspace/ChargedHiggsAnalysisV3/SKNanoOutput/PromptAnalyzer/Run1E2Mu_RunNoWZSF_RunSyst_RunCR_NoTreeMode/2023/Skim_TriLep_ggHToZZTo4L.root
2026-03-02 12:02:36,955 - INFO - [2023] MISSING_CENTRAL: WZ1E2Mu/Central/jets/size in Skim_TriLep_DYJets10to50.root
2026-03-02 12:02:36,976 - INFO - [2023] MISSING_CENTRAL: WZ1E2Mu/Central/jets/size in Skim_TriLep_TTG_PTG200toInf.root
2026-03-02 12:02:41,582 - INFO - [2023] MISSING_CENTRAL: WZ1E2Mu/Central/jets/size in Skim_TriLep_DYJets10to50.root
2026-03-02 12:02:41,584 - INFO - [2023] MISSING_CENTRAL: WZ1E2Mu/Central/jets/size in Skim_TriLep_TTG_PTG200toInf.root
2026-03-02 12:02:41,588 - INFO - [2023] MISSING_FILE: /home/choij/Sync/workspace/ChargedHiggsAnalysisV3/SKNanoOutput/PromptAnalyzer/Run1E2Mu_RunNoWZSF_RunSyst_RunCR_NoTreeMode/2023/Skim_TriLep_ZZTo4L_powheg.root
2026-03-02 12:02:41,591 - INFO - [2023] MISSING_FILE: /home/choij/Sync/workspace/ChargedHiggsAnalysisV3/SKNanoOutput/PromptAnalyzer/Run1E2Mu_RunNoWZSF_RunSyst_RunCR_NoTreeMode/2023/Skim_TriLep_VBFHToZZTo4L.root
2026-03-02 12:02:41,591 - INFO - [2023] MISSING_FILE: /home/choij/Sync/workspace/ChargedHiggsAnalysisV3/SKNanoOutput/PromptAnalyzer/Run1E2Mu_RunNoWZSF_RunSyst_RunCR_NoTreeMode/2023/Skim_TriLep_ggHToZZTo4L.root
2026-04-10 20:14:42,057 - INFO - [2023] MISSING_CENTRAL: WZ1E2Mu/Central/jets/size in Skim_TriLep_DYJets10to50.root
2026-04-10 20:14:42,070 - INFO - [2023] MISSING_CENTRAL: WZ1E2Mu/Central/jets/size in Skim_TriLep_TTG_PTG200toInf.root
2026-04-10 20:14:46,861 - INFO - [2023] MISSING_CENTRAL: WZ1E2Mu/Central/jets/size in Skim_TriLep_DYJets10to50.root
2026-04-10 20:14:46,863 - INFO - [2023] MISSING_CENTRAL: WZ1E2Mu/Central/jets/size in Skim_TriLep_TTG_PTG200toInf.root
2026-04-10 20:14:46,866 - INFO - [2023] MISSING_FILE: /home/choij/Sync/workspace/ChargedHiggsAnalysisV3/SKNanoOutput/PromptAnalyzer/Run1E2Mu_RunNoWZSF_RunSyst_RunCR_NoTreeMode/2023/Skim_TriLep_ZZTo4L_powheg.root
2026-04-10 20:14:46,870 - INFO - [2023] MISSING_FILE: /home/choij/Sync/workspace/ChargedHiggsAnalysisV3/SKNanoOutput/PromptAnalyzer/Run1E2Mu_RunNoWZSF_RunSyst_RunCR_NoTreeMode/2023/Skim_TriLep_VBFHToZZTo4L.root
2026-04-10 20:14:46,870 - INFO - [2023] MISSING_FILE: /home/choij/Sync/workspace/ChargedHiggsAnalysisV3/SKNanoOutput/PromptAnalyzer/Run1E2Mu_RunNoWZSF_RunSyst_RunCR_NoTreeMode/2023/Skim_TriLep_ggHToZZTo4L.root
2026-04-12 11:29:29,663 - INFO - [2023] MISSING_CENTRAL: WZ1E2Mu/Central/jets/size in Skim_TriLep_DYJets10to50.root
2026-04-12 11:29:29,672 - INFO - [2023] MISSING_CENTRAL: WZ1E2Mu/Central/jets/size in Skim_TriLep_TTG_PTG200toInf.root
2026-04-12 11:29:34,385 - INFO - [2023] MISSING_CENTRAL: WZ1E2Mu/Central/jets/size in Skim_TriLep_DYJets10to50.root
2026-04-12 11:29:34,387 - INFO - [2023] MISSING_CENTRAL: WZ1E2Mu/Central/jets/size in Skim_TriLep_TTG_PTG200toInf.root
2026-04-12 11:29:34,391 - INFO - [2023] MISSING_FILE: /home/choij/Sync/workspace/ChargedHiggsAnalysisV3/SKNanoOutput/PromptAnalyzer/Run1E2Mu_RunNoWZSF_RunSyst_RunCR_NoTreeMode/2023/Skim_TriLep_ZZTo4L_powheg.root
2026-04-12 11:29:34,394 - INFO - [2023] MISSING_FILE: /home/choij/Sync/workspace/ChargedHiggsAnalysisV3/SKNanoOutput/PromptAnalyzer/Run1E2Mu_RunNoWZSF_RunSyst_RunCR_NoTreeMode/2023/Skim_TriLep_VBFHToZZTo4L.root
2026-04-12 11:29:34,394 - INFO - [2023] MISSING_FILE: /home/choij/Sync/workspace/ChargedHiggsAnalysisV3/SKNanoOutput/PromptAnalyzer/Run1E2Mu_RunNoWZSF_RunSyst_RunCR_NoTreeMode/2023/Skim_TriLep_ggHToZZTo4L.root
2026-04-12 12:11:57,865 - INFO - [2023] MISSING_CENTRAL: WZ1E2Mu/Central/jets/size in Skim_TriLep_DYJets10to50.root
2026-04-12 12:11:57,872 - INFO - [2023] MISSING_CENTRAL: WZ1E2Mu/Central/jets/size in Skim_TriLep_TTG_PTG200toInf.root
2026-04-12 12:12:02,296 - INFO - [2023] MISSING_CENTRAL: WZ1E2Mu/Central/jets/size in Skim_TriLep_DYJets10to50.root
2026-04-12 12:12:02,298 - INFO - [2023] MISSING_CENTRAL: WZ1E2Mu/Central/jets/size in Skim_TriLep_TTG_PTG200toInf.root
2026-04-12 12:12:02,301 - INFO - [2023] MISSING_FILE: /home/choij/Sync/workspace/ChargedHiggsAnalysisV3/SKNanoOutput/PromptAnalyzer/Run1E2Mu_RunNoWZSF_RunSyst_RunCR_NoTreeMode/2023/Skim_TriLep_ZZTo4L_powheg.root
2026-04-12 12:12:02,305 - INFO - [2023] MISSING_FILE: /home/choij/Sync/workspace/ChargedHiggsAnalysisV3/SKNanoOutput/PromptAnalyzer/Run1E2Mu_RunNoWZSF_RunSyst_RunCR_NoTreeMode/2023/Skim_TriLep_VBFHToZZTo4L.root
2026-04-12 12:12:02,305 - INFO - [2023] MISSING_FILE: /home/choij/Sync/workspace/ChargedHiggsAnalysisV3/SKNanoOutput/PromptAnalyzer/Run1E2Mu_RunNoWZSF_RunSyst_RunCR_NoTreeMode/2023/Skim_TriLep_ggHToZZTo4L.root
2026-04-12 12:31:37,250 - INFO - [2023] MISSING_CENTRAL: WZ1E2Mu/Central/jets/size in Skim_TriLep_DYJets10to50.root
2026-04-12 12:31:37,259 - INFO - [2023] MISSING_CENTRAL: WZ1E2Mu/Central/jets/size in Skim_TriLep_TTG_PTG200toInf.root
2026-04-12 12:31:41,750 - INFO - [2023] MISSING_CENTRAL: WZ1E2Mu/Central/jets/size in Skim_TriLep_DYJets10to50.root
2026-04-12 12:31:41,752 - INFO - [2023] MISSING_CENTRAL: WZ1E2Mu/Central/jets/size in Skim_TriLep_TTG_PTG200toInf.root
2026-04-12 12:31:41,756 - INFO - [2023] MISSING_FILE: /home/choij/Sync/workspace/ChargedHiggsAnalysisV3/SKNanoOutput/PromptAnalyzer/Run1E2Mu_RunNoWZSF_RunSyst_RunCR_NoTreeMode/2023/Skim_TriLep_ZZTo4L_powheg.root
2026-04-12 12:31:41,759 - INFO - [2023] MISSING_FILE: /home/choij/Sync/workspace/ChargedHiggsAnalysisV3/SKNanoOutput/PromptAnalyzer/Run1E2Mu_RunNoWZSF_RunSyst_RunCR_NoTreeMode/2023/Skim_TriLep_VBFHToZZTo4L.root
2026-04-12 12:31:41,759 - INFO - [2023] MISSING_FILE: /home/choij/Sync/workspace/ChargedHiggsAnalysisV3/SKNanoOutput/PromptAnalyzer/Run1E2Mu_RunNoWZSF_RunSyst_RunCR_NoTreeMode/2023/Skim_TriLep_ggHToZZTo4L.root
2026-04-12 20:39:33,950 - INFO - [2023] MISSING_CENTRAL: WZ1E2Mu/Central/jets/size in Skim_TriLep_DYJets10to50.root
2026-04-12 20:39:33,970 - INFO - [2023] MISSING_CENTRAL: WZ1E2Mu/Central/jets/size in Skim_TriLep_TTG_PTG200toInf.root
2026-04-12 20:39:39,067 - INFO - [2023] MISSING_CENTRAL: WZ1E2Mu/Central/jets/size in Skim_TriLep_DYJets10to50.root
2026-04-12 20:39:39,069 - INFO - [2023] MISSING_CENTRAL: WZ1E2Mu/Central/jets/size in Skim_TriLep_TTG_PTG200toInf.root
2026-04-12 20:39:39,073 - INFO - [2023] MISSING_FILE: /home/choij/Sync/workspace/ChargedHiggsAnalysisV3/SKNanoOutput/PromptAnalyzer/Run1E2Mu_RunNoWZSF_RunSyst_RunCR_NoTreeMode/2023/Skim_TriLep_ZZTo4L_powheg.root
2026-04-12 20:39:39,076 - INFO - [2023] MISSING_FILE: /home/choij/Sync/workspace/ChargedHiggsAnalysisV3/SKNanoOutput/PromptAnalyzer/Run1E2Mu_RunNoWZSF_RunSyst_RunCR_NoTreeMode/2023/Skim_TriLep_VBFHToZZTo4L.root
2026-04-12 20:39:39,076 - INFO - [2023] MISSING_FILE: /home/choij/Sync/workspace/ChargedHiggsAnalysisV3/SKNanoOutput/PromptAnalyzer/Run1E2Mu_RunNoWZSF_RunSyst_RunCR_NoTreeMode/2023/Skim_TriLep_ggHToZZTo4L.root
2026-04-12 21:11:14,592 - INFO - [2023] MISSING_CENTRAL: WZ1E2Mu/Central/jets/size in Skim_TriLep_DYJets10to50.root
2026-04-12 21:11:14,601 - INFO - [2023] MISSING_CENTRAL: WZ1E2Mu/Central/jets/size in Skim_TriLep_TTG_PTG200toInf.root
2026-04-12 21:11:19,315 - INFO - [2023] MISSING_CENTRAL: WZ1E2Mu/Central/jets/size in Skim_TriLep_DYJets10to50.root
2026-04-12 21:11:19,317 - INFO - [2023] MISSING_CENTRAL: WZ1E2Mu/Central/jets/size in Skim_TriLep_TTG_PTG200toInf.root
2026-04-12 21:11:19,321 - INFO - [2023] MISSING_FILE: /home/choij/Sync/workspace/ChargedHiggsAnalysisV3/SKNanoOutput/PromptAnalyzer/Run1E2Mu_RunNoWZSF_RunSyst_RunCR_NoTreeMode/2023/Skim_TriLep_ZZTo4L_powheg.root
2026-04-12 21:11:19,324 - INFO - [2023] MISSING_FILE: /home/choij/Sync/workspace/ChargedHiggsAnalysisV3/SKNanoOutput/PromptAnalyzer/Run1E2Mu_RunNoWZSF_RunSyst_RunCR_NoTreeMode/2023/Skim_TriLep_VBFHToZZTo4L.root
2026-04-12 21:11:19,324 - INFO - [2023] MISSING_FILE: /home/choij/Sync/workspace/ChargedHiggsAnalysisV3/SKNanoOutput/PromptAnalyzer/Run1E2Mu_RunNoWZSF_RunSyst_RunCR_NoTreeMode/2023/Skim_TriLep_ggHToZZTo4L.root
2026-04-13 12:48:39,708 - INFO - [2023] MISSING_CENTRAL: WZ1E2Mu/Central/jets/size in Skim_TriLep_DYJets10to50.root
2026-04-13 12:48:39,716 - INFO - [2023] MISSING_CENTRAL: WZ1E2Mu/Central/jets/size in Skim_TriLep_TTG_PTG200toInf.root
2026-04-13 12:48:44,260 - INFO - [2023] MISSING_CENTRAL: WZ1E2Mu/Central/jets/size in Skim_TriLep_DYJets10to50.root
2026-04-13 12:48:44,265 - INFO - [2023] MISSING_CENTRAL: WZ1E2Mu/Central/jets/size in Skim_TriLep_TTG_PTG200toInf.root
2026-04-13 12:48:44,269 - INFO - [2023] MISSING_FILE: /home/choij/Sync/workspace/ChargedHiggsAnalysisV3/SKNanoOutput/PromptAnalyzer/Run1E2Mu_RunNoWZSF_RunSyst_RunCR_NoTreeMode/2023/Skim_TriLep_ZZTo4L_powheg.root
2026-04-13 12:48:44,272 - INFO - [2023] MISSING_FILE: /home/choij/Sync/workspace/ChargedHiggsAnalysisV3/SKNanoOutput/PromptAnalyzer/Run1E2Mu_RunNoWZSF_RunSyst_RunCR_NoTreeMode/2023/Skim_TriLep_VBFHToZZTo4L.root
2026-04-13 12:48:44,272 - INFO - [2023] MISSING_FILE: /home/choij/Sync/workspace/ChargedHiggsAnalysisV3/SKNanoOutput/PromptAnalyzer/Run1E2Mu_RunNoWZSF_RunSyst_RunCR_NoTreeMode/2023/Skim_TriLep_ggHToZZTo4L.root
2026-06-12 14:09:09,679 - INFO - [2023] MISSING_CENTRAL: WZ1E2Mu/Central/jets/size in Skim_TriLep_DYJets10to50.root
2026-06-12 14:09:09,689 - INFO - [2023] MISSING_CENTRAL: WZ1E2Mu/Central/jets/size in Skim_TriLep_TTG_PTG200toInf.root
2026-06-12 14:09:14,175 - INFO - [2023] MISSING_CENTRAL: WZ1E2Mu/Central/jets/size in Skim_TriLep_DYJets10to50.root
2026-06-12 14:09:14,180 - INFO - [2023] MISSING_CENTRAL: WZ1E2Mu/Central/jets/size in Skim_TriLep_TTG_PTG200toInf.root
2026-06-12 14:09:14,184 - INFO - [2023] MISSING_FILE: /home/choij/Sync/workspace/ChargedHiggsAnalysisV3/SKNanoOutput/PromptAnalyzer/Run1E2Mu_RunNoWZSF_RunSyst_RunCR_NoTreeMode/2023/Skim_TriLep_ZZTo4L_powheg.root
2026-06-12 14:09:14,187 - INFO - [2023] MISSING_FILE: /home/choij/Sync/workspace/ChargedHiggsAnalysisV3/SKNanoOutput/PromptAnalyzer/Run1E2Mu_RunNoWZSF_RunSyst_RunCR_NoTreeMode/2023/Skim_TriLep_VBFHToZZTo4L.root
2026-06-12 14:09:14,187 - INFO - [2023] MISSING_FILE: /home/choij/Sync/workspace/ChargedHiggsAnalysisV3/SKNanoOutput/PromptAnalyzer/Run1E2Mu_RunNoWZSF_RunSyst_RunCR_NoTreeMode/2023/Skim_TriLep_ggHToZZTo4L.root
2026-06-12 14:32:22,065 - INFO - [2023] MISSING_CENTRAL: WZ1E2Mu/Central/jets/size in Skim_TriLep_DYJets10to50.root
2026-06-12 14:32:22,075 - INFO - [2023] MISSING_CENTRAL: WZ1E2Mu/Central/jets/size in Skim_TriLep_TTG_PTG200toInf.root
2026-06-12 14:32:26,659 - INFO - [2023] MISSING_CENTRAL: WZ1E2Mu/Central/jets/size in Skim_TriLep_DYJets10to50.root
2026-06-12 14:32:26,664 - INFO - [2023] MISSING_CENTRAL: WZ1E2Mu/Central/jets/size in Skim_TriLep_TTG_PTG200toInf.root
2026-06-12 14:32:26,668 - INFO - [2023] MISSING_FILE: /home/choij/Sync/workspace/ChargedHiggsAnalysisV3/SKNanoOutput/PromptAnalyzer/Run1E2Mu_RunNoWZSF_RunSyst_RunCR_NoTreeMode/2023/Skim_TriLep_ZZTo4L_powheg.root
2026-06-12 14:32:26,672 - INFO - [2023] MISSING_FILE: /home/choij/Sync/workspace/ChargedHiggsAnalysisV3/SKNanoOutput/PromptAnalyzer/Run1E2Mu_RunNoWZSF_RunSyst_RunCR_NoTreeMode/2023/Skim_TriLep_VBFHToZZTo4L.root
2026-06-12 14:32:26,672 - INFO - [2023] MISSING_FILE: /home/choij/Sync/workspace/ChargedHiggsAnalysisV3/SKNanoOutput/PromptAnalyzer/Run1E2Mu_RunNoWZSF_RunSyst_RunCR_NoTreeMode/2023/Skim_TriLep_ggHToZZTo4L.root
2026-06-18 00:27:00,577 - INFO - [2023] MISSING_CENTRAL: WZ1E2Mu/Central/jets/size in Skim_TriLep_DYJets10to50.root
2026-06-18 00:27:00,587 - INFO - [2023] MISSING_CENTRAL: WZ1E2Mu/Central/jets/size in Skim_TriLep_TTG_PTG200toInf.root
2026-06-18 00:27:05,298 - INFO - [2023] MISSING_CENTRAL: WZ1E2Mu/Central/jets/size in Skim_TriLep_DYJets10to50.root
2026-06-18 00:27:05,302 - INFO - [2023] MISSING_CENTRAL: WZ1E2Mu/Central/jets/size in Skim_TriLep_TTG_PTG200toInf.root
2026-06-29 16:38:41,210 - INFO - [2023] MISSING_CENTRAL: WZ1E2Mu/Central/jets/size in Skim_TriLep_DYJets10to50.root
2026-06-29 16:38:41,219 - INFO - [2023] MISSING_CENTRAL: WZ1E2Mu/Central/jets/size in Skim_TriLep_TTG_PTG200toInf.root
2026-06-29 16:38:41,571 - INFO - [2023] MISSING_FILE: /data9/Users/choij/Sync/workspace/ChargedHiggsAnalysisV3/SKNanoOutput/PromptAnalyzer/Run1E2Mu_RunSyst_RunCR_NoTreeMode/2023/Skim_TriLep_tHW.root
2026-06-29 16:38:41,571 - INFO - [2023] MISSING_FILE: /data9/Users/choij/Sync/workspace/ChargedHiggsAnalysisV3/SKNanoOutput/PromptAnalyzer/Run1E2Mu_RunSyst_RunCR_NoTreeMode/2023/Skim_TriLep_tWZ_thadWlep.root
2026-06-29 16:38:41,571 - INFO - [2023] MISSING_FILE: /data9/Users/choij/Sync/workspace/ChargedHiggsAnalysisV3/SKNanoOutput/PromptAnalyzer/Run1E2Mu_RunSyst_RunCR_NoTreeMode/2023/Skim_TriLep_tWZ_tlepWhad.root
2026-06-29 16:38:41,571 - INFO - [2023] MISSING_FILE: /data9/Users/choij/Sync/workspace/ChargedHiggsAnalysisV3/SKNanoOutput/PromptAnalyzer/Run1E2Mu_RunSyst_RunCR_NoTreeMode/2023/Skim_TriLep_tWZ_tlepWlep.root
2026-06-29 16:38:46,104 - INFO - [2023] MISSING_CENTRAL: WZ1E2Mu/Central/jets/size in Skim_TriLep_DYJets10to50.root
2026-06-29 16:38:46,109 - INFO - [2023] MISSING_CENTRAL: WZ1E2Mu/Central/jets/size in Skim_TriLep_TTG_PTG200toInf.root
2026-06-29 16:38:46,115 - INFO - [2023] MISSING_FILE: /data9/Users/choij/Sync/workspace/ChargedHiggsAnalysisV3/SKNanoOutput/PromptAnalyzer/Run1E2Mu_RunSyst_RunCR_NoTreeMode/2023/Skim_TriLep_tHW.root
2026-06-29 16:38:46,116 - INFO - [2023] MISSING_FILE: /data9/Users/choij/Sync/workspace/ChargedHiggsAnalysisV3/SKNanoOutput/PromptAnalyzer/Run1E2Mu_RunSyst_RunCR_NoTreeMode/2023/Skim_TriLep_tWZ_thadWlep.root
2026-06-29 16:38:46,116 - INFO - [2023] MISSING_FILE: /data9/Users/choij/Sync/workspace/ChargedHiggsAnalysisV3/SKNanoOutput/PromptAnalyzer/Run1E2Mu_RunSyst_RunCR_NoTreeMode/2023/Skim_TriLep_tWZ_tlepWhad.root
2026-06-29 16:38:46,116 - INFO - [2023] MISSING_FILE: /data9/Users/choij/Sync/workspace/ChargedHiggsAnalysisV3/SKNanoOutput/PromptAnalyzer/Run1E2Mu_RunSyst_RunCR_NoTreeMode/2023/Skim_TriLep_tWZ_tlepWlep.root
2026-07-01 05:33:38,815 - INFO - [2023] MISSING_CENTRAL: WZ1E2Mu/Central/jets/size in Skim_TriLep_DYJets10to50.root
2026-07-01 05:33:38,824 - INFO - [2023] MISSING_CENTRAL: WZ1E2Mu/Central/jets/size in Skim_TriLep_TTG_PTG200toInf.root
2026-07-01 05:33:43,113 - INFO - [2023] MISSING_CENTRAL: WZ1E2Mu/Central/jets/size in Skim_TriLep_DYJets10to50.root
2026-07-01 05:33:43,118 - INFO - [2023] MISSING_CENTRAL: WZ1E2Mu/Central/jets/size in Skim_TriLep_TTG_PTG200toInf.root
2026-07-01 05:59:27,688 - INFO - [2023] MISSING_FILE: /data9/Users/choij/Sync/workspace/ChargedHiggsAnalysisV3/SKNanoOutput/PromptAnalyzer/Run1E2Mu_RunCR_NoTreeMode/2023/Skim_TriLep_MuonEG_C_v1.root
2026-07-01 05:59:27,689 - INFO - [2023] MISSING_FILE: /data9/Users/choij/Sync/workspace/ChargedHiggsAnalysisV3/SKNanoOutput/PromptAnalyzer/Run1E2Mu_RunCR_NoTreeMode/2023/Skim_TriLep_MuonEG_C_v2.root
2026-07-01 05:59:27,689 - INFO - [2023] MISSING_FILE: /data9/Users/choij/Sync/workspace/ChargedHiggsAnalysisV3/SKNanoOutput/PromptAnalyzer/Run1E2Mu_RunCR_NoTreeMode/2023/Skim_TriLep_MuonEG_C_v3.root
2026-07-01 05:59:27,689 - INFO - [2023] MISSING_FILE: /data9/Users/choij/Sync/workspace/ChargedHiggsAnalysisV3/SKNanoOutput/PromptAnalyzer/Run1E2Mu_RunCR_NoTreeMode/2023/Skim_TriLep_MuonEG_C_v4.root
2026-07-01 05:59:30,859 - INFO - [2023] MISSING_FILE: /data9/Users/choij/Sync/workspace/ChargedHiggsAnalysisV3/SKNanoOutput/PromptAnalyzer/Run1E2Mu_RunCR_NoTreeMode/2023/Skim_TriLep_MuonEG_C_v1.root
2026-07-01 05:59:30,859 - INFO - [2023] MISSING_FILE: /data9/Users/choij/Sync/workspace/ChargedHiggsAnalysisV3/SKNanoOutput/PromptAnalyzer/Run1E2Mu_RunCR_NoTreeMode/2023/Skim_TriLep_MuonEG_C_v2.root
2026-07-01 05:59:30,859 - INFO - [2023] MISSING_FILE: /data9/Users/choij/Sync/workspace/ChargedHiggsAnalysisV3/SKNanoOutput/PromptAnalyzer/Run1E2Mu_RunCR_NoTreeMode/2023/Skim_TriLep_MuonEG_C_v3.root
2026-07-01 05:59:30,859 - INFO - [2023] MISSING_FILE: /data9/Users/choij/Sync/workspace/ChargedHiggsAnalysisV3/SKNanoOutput/PromptAnalyzer/Run1E2Mu_RunCR_NoTreeMode/2023/Skim_TriLep_MuonEG_C_v4.root
2026-07-01 06:51:22,547 - INFO - [2023] MISSING_CENTRAL: WZ1E2Mu/Central/jets/size in Skim_TriLep_DYJets10to50.root
2026-07-01 06:51:22,557 - INFO - [2023] MISSING_CENTRAL: WZ1E2Mu/Central/jets/size in Skim_TriLep_TTG_PTG200toInf.root
2026-07-01 06:51:25,896 - INFO - [2023] MISSING_CENTRAL: WZ1E2Mu/Central/jets/size in Skim_TriLep_DYJets10to50.root
2026-07-01 06:51:25,902 - INFO - [2023] MISSING_CENTRAL: WZ1E2Mu/Central/jets/size in Skim_TriLep_TTG_PTG200toInf.root
2026-07-01 15:26:37,133 - INFO - [2023] MISSING_CENTRAL: WZ1E2Mu/Central/jets/size in Skim_TriLep_DYJets10to50.root
2026-07-01 15:26:37,151 - INFO - [2023] MISSING_CENTRAL: WZ1E2Mu/Central/jets/size in Skim_TriLep_TTG_PTG200toInf.root
2026-07-01 15:26:41,781 - INFO - [2023] MISSING_CENTRAL: WZ1E2Mu/Central/jets/size in Skim_TriLep_DYJets10to50.root
2026-07-01 15:26:41,787 - INFO - [2023] MISSING_CENTRAL: WZ1E2Mu/Central/jets/size in Skim_TriLep_TTG_PTG200toInf.root
2026-07-01 17:41:28,909 - INFO - [2023] MISSING_CENTRAL: WZ1E2Mu/Central/jets/size in Skim_TriLep_DYJets10to50.root
2026-07-01 17:41:28,925 - INFO - [2023] MISSING_CENTRAL: WZ1E2Mu/Central/jets/size in Skim_TriLep_TTG_PTG200toInf.root
2026-07-01 17:41:33,554 - INFO - [2023] MISSING_CENTRAL: WZ1E2Mu/Central/jets/size in Skim_TriLep_DYJets10to50.root
2026-07-01 17:41:33,559 - INFO - [2023] MISSING_CENTRAL: WZ1E2Mu/Central/jets/size in Skim_TriLep_TTG_PTG200toInf.root
2026-07-21 19:39:30,263 - INFO - [2023] MISSING_CENTRAL: WZ1E2Mu/Central/jets/size in Skim_TriLep_DYJets10to50.root
2026-07-21 19:39:30,407 - INFO - [2023] MISSING_CENTRAL: WZ1E2Mu/Central/jets/size in Skim_TriLep_TTG_PTG200toInf.root
2026-07-21 19:39:37,084 - INFO - [2023] MISSING_CENTRAL: WZ1E2Mu/Central/jets/size in Skim_TriLep_DYJets10to50.root
2026-07-21 19:39:37,116 - INFO - [2023] MISSING_CENTRAL: WZ1E2Mu/Central/jets/size in Skim_TriLep_TTG_PTG200toInf.root
2026-08-18 18:24:34,426 - INFO - [2023] MISSING_FILE: /home/choij/Sync/workspace/ChargedHiggsAnalysisV3/SKNanoOutput/PromptAnalyzer/Run1E2Mu_RunCR_NoTreeMode/2023/Skim_TriLep_MuonEG_C_v1.root
2026-08-18 18:24:34,427 - INFO - [2023] MISSING_FILE: /home/choij/Sync/workspace/ChargedHiggsAnalysisV3/SKNanoOutput/PromptAnalyzer/Run1E2Mu_RunCR_NoTreeMode/2023/Skim_TriLep_MuonEG_C_v2.root
2026-08-18 18:24:34,427 - INFO - [2023] MISSING_FILE: /home/choij/Sync/workspace/ChargedHiggsAnalysisV3/SKNanoOutput/PromptAnalyzer/Run1E2Mu_RunCR_NoTreeMode/2023/Skim_TriLep_MuonEG_C_v3.root
2026-08-18 18:24:34,427 - INFO - [2023] MISSING_FILE: /home/choij/Sync/workspace/ChargedHiggsAnalysisV3/SKNanoOutput/PromptAnalyzer/Run1E2Mu_RunCR_NoTreeMode/2023/Skim_TriLep_MuonEG_C_v4.root
2026-08-18 18:24:37,507 - INFO - [2023] MISSING_FILE: /home/choij/Sync/workspace/ChargedHiggsAnalysisV3/SKNanoOutput/PromptAnalyzer/Run1E2Mu_RunCR_NoTreeMode/2023/Skim_TriLep_MuonEG_C_v1.root
2026-08-18 18:24:37,507 - INFO - [2023] MISSING_FILE: /home/choij/Sync/workspace/ChargedHiggsAnalysisV3/SKNanoOutput/PromptAnalyzer/Run1E2Mu_RunCR_NoTreeMode/2023/Skim_TriLep_MuonEG_C_v2.root
2026-08-18 18:24:37,507 - INFO - [2023] MISSING_FILE: /home/choij/Sync/workspace/ChargedHiggsAnalysisV3/SKNanoOutput/PromptAnalyzer/Run1E2Mu_RunCR_NoTreeMode/2023/Skim_TriLep_MuonEG_C_v3.root
2026-08-18 18:24:37,507 - INFO - [2023] MISSING_FILE: /home/choij/Sync/workspace/ChargedHiggsAnalysisV3/SKNanoOutput/PromptAnalyzer/Run1E2Mu_RunCR_NoTreeMode/2023/Skim_TriLep_MuonEG_C_v4.root
2026-08-19 10:17:52,565 - INFO - [2023] MISSING_CENTRAL: WZ1E2Mu/Central/jets/size in Skim_TriLep_DYJets10to50.root
2026-08-19 10:17:52,601 - INFO - [2023] MISSING_CENTRAL: WZ1E2Mu/Central/jets/size in Skim_TriLep_TTG_PTG200toInf.root
2026-08-19 10:17:57,460 - INFO - [2023] MISSING_CENTRAL: WZ1E2Mu/Central/jets/size in Skim_TriLep_DYJets10to50.root
2026-08-19 10:17:57,495 - INFO - [2023] MISSING_CENTRAL: WZ1E2Mu/Central/jets/size in Skim_TriLep_TTG_PTG200toInf.root
