2025-09-24 16:02:09,657 - INFO - [2023] MISSING_CENTRAL: WZ1E2Mu/Central/muons/2/eta in Skim_TriLep_DYJets.root
2025-09-24 16:02:09,657 - INFO - [2023] MISSING_CENTRAL: WZ1E2Mu/Central/muons/2/eta in Skim_TriLep_DYJets10to50.root
2025-09-24 16:02:09,658 - INFO - [2023] MISSING_CENTRAL: WZ1E2Mu/Central/muons/2/eta in Skim_TriLep_DYGTo2LG_MLL4to50_PTG10to100.root
2025-09-24 16:02:09,658 - INFO - [2023] MISSING_CENTRAL: WZ1E2Mu/Central/muons/2/eta in Skim_TriLep_DYGTo2LG_MLL4to50_PTG100to200.root
2025-09-24 16:02:09,658 - INFO - [2023] MISSING_CENTRAL: WZ1E2Mu/Central/muons/2/eta in Skim_TriLep_DYGTo2LG_MLL4to50_PTG200toInf.root
2025-09-24 16:02:20,020 - INFO - [2023] MISSING_CENTRAL: WZ1E2Mu/Central/muons/2/eta in Skim_TriLep_DYJets.root
2025-09-24 16:02:20,020 - INFO - [2023] MISSING_CENTRAL: WZ1E2Mu/Central/muons/2/eta in Skim_TriLep_DYJets10to50.root
2025-09-24 16:02:20,020 - INFO - [2023] MISSING_CENTRAL: WZ1E2Mu/Central/muons/2/eta in Skim_TriLep_DYGTo2LG_MLL4to50_PTG10to100.root
2025-09-24 16:02:20,020 - INFO - [2023] MISSING_CENTRAL: WZ1E2Mu/Central/muons/2/eta in Skim_TriLep_DYGTo2LG_MLL4to50_PTG100to200.root
2025-09-24 16:02:20,021 - INFO - [2023] MISSING_CENTRAL: WZ1E2Mu/Central/muons/2/eta in Skim_TriLep_DYGTo2LG_MLL4to50_PTG200toInf.root
2025-09-24 16:02:20,025 - INFO - [2023] MISSING_FILE: /Users/choij/Sync/workspace/ChargedHiggsAnalysisV3/SKNanoOutput/CRPromptSelector/Run1E2Mu_RunNoWZSF_RunSyst/2023/Skim_TriLep_ZZTo4L_powheg.root
2025-09-24 16:02:20,027 - INFO - [2023] MISSING_FILE: /Users/choij/Sync/workspace/ChargedHiggsAnalysisV3/SKNanoOutput/CRPromptSelector/Run1E2Mu_RunNoWZSF_RunSyst/2023/Skim_TriLep_VBFHToZZTo4L.root
2025-09-24 16:02:20,027 - INFO - [2023] MISSING_FILE: /Users/choij/Sync/workspace/ChargedHiggsAnalysisV3/SKNanoOutput/CRPromptSelector/Run1E2Mu_RunNoWZSF_RunSyst/2023/Skim_TriLep_ggHToZZTo4L.root
2025-10-02 21:20:41,523 - INFO - [2023] MISSING_CENTRAL: WZ1E2Mu/Central/muons/2/eta in Skim_TriLep_DYJets.root
2025-10-02 21:20:41,525 - INFO - [2023] MISSING_CENTRAL: WZ1E2Mu/Central/muons/2/eta in Skim_TriLep_DYJets10to50.root
2025-10-02 21:20:41,526 - INFO - [2023] MISSING_CENTRAL: WZ1E2Mu/Central/muons/2/eta in Skim_TriLep_DYGTo2LG_MLL4to50_PTG10to100.root
2025-10-02 21:20:41,527 - INFO - [2023] MISSING_CENTRAL: WZ1E2Mu/Central/muons/2/eta in Skim_TriLep_DYGTo2LG_MLL4to50_PTG100to200.root
2025-10-02 21:20:41,528 - INFO - [2023] MISSING_CENTRAL: WZ1E2Mu/Central/muons/2/eta in Skim_TriLep_DYGTo2LG_MLL4to50_PTG200toInf.root
2025-10-02 21:20:48,464 - INFO - [2023] MISSING_CENTRAL: WZ1E2Mu/Central/muons/2/eta in Skim_TriLep_DYJets.root
2025-10-02 21:20:48,465 - INFO - [2023] MISSING_CENTRAL: WZ1E2Mu/Central/muons/2/eta in Skim_TriLep_DYJets10to50.root
2025-10-02 21:20:48,466 - INFO - [2023] MISSING_CENTRAL: WZ1E2Mu/Central/muons/2/eta in Skim_TriLep_DYGTo2LG_MLL4to50_PTG10to100.root
2025-10-02 21:20:48,467 - INFO - [2023] MISSING_CENTRAL: WZ1E2Mu/Central/muons/2/eta in Skim_TriLep_DYGTo2LG_MLL4to50_PTG100to200.root
2025-10-02 21:20:48,468 - INFO - [2023] MISSING_CENTRAL: WZ1E2Mu/Central/muons/2/eta in Skim_TriLep_DYGTo2LG_MLL4to50_PTG200toInf.root
2025-10-02 21:20:48,500 - INFO - [2023] MISSING_FILE: /data9/Users/choij/Sync/workspace/ChargedHiggsAnalysisV3/SKNanoOutput/CRPromptSelector/Run1E2Mu_RunNoWZSF_RunSyst/2023/Skim_TriLep_ZZTo4L_powheg.root
2025-10-02 21:20:48,507 - INFO - [2023] MISSING_FILE: /data9/Users/choij/Sync/workspace/ChargedHiggsAnalysisV3/SKNanoOutput/CRPromptSelector/Run1E2Mu_RunNoWZSF_RunSyst/2023/Skim_TriLep_VBFHToZZTo4L.root
2025-10-02 21:20:48,508 - INFO - [2023] MISSING_FILE: /data9/Users/choij/Sync/workspace/ChargedHiggsAnalysisV3/SKNanoOutput/CRPromptSelector/Run1E2Mu_RunNoWZSF_RunSyst/2023/Skim_TriLep_ggHToZZTo4L.root
2025-10-03 00:31:23,595 - INFO - [2023] MISSING_CENTRAL: WZ1E2Mu/Central/muons/2/eta in Skim_TriLep_DYJets.root
2025-10-03 00:31:23,596 - INFO - [2023] MISSING_CENTRAL: WZ1E2Mu/Central/muons/2/eta in Skim_TriLep_DYJets10to50.root
2025-10-03 00:31:23,597 - INFO - [2023] MISSING_CENTRAL: WZ1E2Mu/Central/muons/2/eta in Skim_TriLep_DYGTo2LG_MLL4to50_PTG10to100.root
2025-10-03 00:31:23,598 - INFO - [2023] MISSING_CENTRAL: WZ1E2Mu/Central/muons/2/eta in Skim_TriLep_DYGTo2LG_MLL4to50_PTG100to200.root
2025-10-03 00:31:23,599 - INFO - [2023] MISSING_CENTRAL: WZ1E2Mu/Central/muons/2/eta in Skim_TriLep_DYGTo2LG_MLL4to50_PTG200toInf.root
2025-10-03 00:31:42,689 - INFO - [2023] MISSING_CENTRAL: WZ1E2Mu/Central/muons/2/eta in Skim_TriLep_DYJets.root
2025-10-03 00:31:42,689 - INFO - [2023] MISSING_CENTRAL: WZ1E2Mu/Central/muons/2/eta in Skim_TriLep_DYJets10to50.root
2025-10-03 00:31:42,690 - INFO - [2023] MISSING_CENTRAL: WZ1E2Mu/Central/muons/2/eta in Skim_TriLep_DYGTo2LG_MLL4to50_PTG10to100.root
2025-10-03 00:31:42,691 - INFO - [2023] MISSING_CENTRAL: WZ1E2Mu/Central/muons/2/eta in Skim_TriLep_DYGTo2LG_MLL4to50_PTG100to200.root
2025-10-03 00:31:42,691 - INFO - [2023] MISSING_CENTRAL: WZ1E2Mu/Central/muons/2/eta in Skim_TriLep_DYGTo2LG_MLL4to50_PTG200toInf.root
2025-10-03 00:31:42,702 - INFO - [2023] MISSING_FILE: /Users/choij/Sync/workspace/ChargedHiggsAnalysisV3/SKNanoOutput/CRPromptSelector/Run1E2Mu_RunNoWZSF_RunSyst/2023/Skim_TriLep_ZZTo4L_powheg.root
2025-10-03 00:31:42,708 - INFO - [2023] MISSING_FILE: /Users/choij/Sync/workspace/ChargedHiggsAnalysisV3/SKNanoOutput/CRPromptSelector/Run1E2Mu_RunNoWZSF_RunSyst/2023/Skim_TriLep_VBFHToZZTo4L.root
2025-10-03 00:31:42,708 - INFO - [2023] MISSING_FILE: /Users/choij/Sync/workspace/ChargedHiggsAnalysisV3/SKNanoOutput/CRPromptSelector/Run1E2Mu_RunNoWZSF_RunSyst/2023/Skim_TriLep_ggHToZZTo4L.root
2025-11-07 13:12:04,169 - INFO - [2023] MISSING_CENTRAL: WZ1E2Mu/Central/muons/2/eta in Skim_TriLep_DYJets.root
2025-11-07 13:12:04,169 - INFO - [2023] MISSING_CENTRAL: WZ1E2Mu/Central/muons/2/eta in Skim_TriLep_DYJets10to50.root
2025-11-07 13:12:04,170 - INFO - [2023] MISSING_CENTRAL: WZ1E2Mu/Central/muons/2/eta in Skim_TriLep_DYGTo2LG_MLL4to50_PTG10to100.root
2025-11-07 13:12:04,171 - INFO - [2023] MISSING_CENTRAL: WZ1E2Mu/Central/muons/2/eta in Skim_TriLep_DYGTo2LG_MLL4to50_PTG100to200.root
2025-11-07 13:12:04,171 - INFO - [2023] MISSING_CENTRAL: WZ1E2Mu/Central/muons/2/eta in Skim_TriLep_DYGTo2LG_MLL4to50_PTG200toInf.root
2025-11-07 13:12:09,520 - INFO - [2023] MISSING_CENTRAL: WZ1E2Mu/Central/muons/2/eta in Skim_TriLep_DYJets.root
2025-11-07 13:12:09,520 - INFO - [2023] MISSING_CENTRAL: WZ1E2Mu/Central/muons/2/eta in Skim_TriLep_DYJets10to50.root
2025-11-07 13:12:09,521 - INFO - [2023] MISSING_CENTRAL: WZ1E2Mu/Central/muons/2/eta in Skim_TriLep_DYGTo2LG_MLL4to50_PTG10to100.root
2025-11-07 13:12:09,521 - INFO - [2023] MISSING_CENTRAL: WZ1E2Mu/Central/muons/2/eta in Skim_TriLep_DYGTo2LG_MLL4to50_PTG100to200.root
2025-11-07 13:12:09,522 - INFO - [2023] MISSING_CENTRAL: WZ1E2Mu/Central/muons/2/eta in Skim_TriLep_DYGTo2LG_MLL4to50_PTG200toInf.root
2025-11-07 13:12:09,529 - INFO - [2023] MISSING_FILE: /home/choij/Sync/workspace/ChargedHiggsAnalysisV3/SKNanoOutput/CRPromptSelector/Run1E2Mu_RunNoWZSF_RunSyst/2023/Skim_TriLep_ZZTo4L_powheg.root
2025-11-07 13:12:09,532 - INFO - [2023] MISSING_FILE: /home/choij/Sync/workspace/ChargedHiggsAnalysisV3/SKNanoOutput/CRPromptSelector/Run1E2Mu_RunNoWZSF_RunSyst/2023/Skim_TriLep_VBFHToZZTo4L.root
2025-11-07 13:12:09,533 - INFO - [2023] MISSING_FILE: /home/choij/Sync/workspace/ChargedHiggsAnalysisV3/SKNanoOutput/CRPromptSelector/Run1E2Mu_RunNoWZSF_RunSyst/2023/Skim_TriLep_ggHToZZTo4L.root
2025-11-07 14:09:39,908 - INFO - [2023] MISSING_CENTRAL: WZ1E2Mu/Central/muons/2/eta in Skim_TriLep_DYJets.root
2025-11-07 14:09:39,909 - INFO - [2023] MISSING_CENTRAL: WZ1E2Mu/Central/muons/2/eta in Skim_TriLep_DYJets10to50.root
2025-11-07 14:09:39,909 - INFO - [2023] MISSING_CENTRAL: WZ1E2Mu/Central/muons/2/eta in Skim_TriLep_DYGTo2LG_MLL4to50_PTG10to100.root
2025-11-07 14:09:39,910 - INFO - [2023] MISSING_CENTRAL: WZ1E2Mu/Central/muons/2/eta in Skim_TriLep_DYGTo2LG_MLL4to50_PTG100to200.root
2025-11-07 14:09:39,910 - INFO - [2023] MISSING_CENTRAL: WZ1E2Mu/Central/muons/2/eta in Skim_TriLep_DYGTo2LG_MLL4to50_PTG200toInf.root
2025-11-07 14:09:44,768 - INFO - [2023] MISSING_CENTRAL: WZ1E2Mu/Central/muons/2/eta in Skim_TriLep_DYJets.root
2025-11-07 14:09:44,768 - INFO - [2023] MISSING_CENTRAL: WZ1E2Mu/Central/muons/2/eta in Skim_TriLep_DYJets10to50.root
2025-11-07 14:09:44,769 - INFO - [2023] MISSING_CENTRAL: WZ1E2Mu/Central/muons/2/eta in Skim_TriLep_DYGTo2LG_MLL4to50_PTG10to100.root
2025-11-07 14:09:44,770 - INFO - [2023] MISSING_CENTRAL: WZ1E2Mu/Central/muons/2/eta in Skim_TriLep_DYGTo2LG_MLL4to50_PTG100to200.root
2025-11-07 14:09:44,770 - INFO - [2023] MISSING_CENTRAL: WZ1E2Mu/Central/muons/2/eta in Skim_TriLep_DYGTo2LG_MLL4to50_PTG200toInf.root
2025-11-07 14:09:44,777 - INFO - [2023] MISSING_FILE: /home/choij/Sync/workspace/ChargedHiggsAnalysisV3/SKNanoOutput/CRPromptSelector/Run1E2Mu_RunNoWZSF_RunSyst/2023/Skim_TriLep_ZZTo4L_powheg.root
2025-11-07 14:09:44,781 - INFO - [2023] MISSING_FILE: /home/choij/Sync/workspace/ChargedHiggsAnalysisV3/SKNanoOutput/CRPromptSelector/Run1E2Mu_RunNoWZSF_RunSyst/2023/Skim_TriLep_VBFHToZZTo4L.root
2025-11-07 14:09:44,781 - INFO - [2023] MISSING_FILE: /home/choij/Sync/workspace/ChargedHiggsAnalysisV3/SKNanoOutput/CRPromptSelector/Run1E2Mu_RunNoWZSF_RunSyst/2023/Skim_TriLep_ggHToZZTo4L.root
2025-11-10 12:25:33,490 - INFO - [2023] MISSING_CENTRAL: WZ1E2Mu/Central/muons/2/eta in Skim_TriLep_DYJets.root
2025-11-10 12:25:33,491 - INFO - [2023] MISSING_CENTRAL: WZ1E2Mu/Central/muons/2/eta in Skim_TriLep_DYJets10to50.root
2025-11-10 12:25:33,491 - INFO - [2023] MISSING_CENTRAL: WZ1E2Mu/Central/muons/2/eta in Skim_TriLep_DYGTo2LG_MLL4to50_PTG10to100.root
2025-11-10 12:25:33,492 - INFO - [2023] MISSING_CENTRAL: WZ1E2Mu/Central/muons/2/eta in Skim_TriLep_DYGTo2LG_MLL4to50_PTG100to200.root
2025-11-10 12:25:33,492 - INFO - [2023] MISSING_CENTRAL: WZ1E2Mu/Central/muons/2/eta in Skim_TriLep_DYGTo2LG_MLL4to50_PTG200toInf.root
2025-11-10 12:25:38,505 - INFO - [2023] MISSING_CENTRAL: WZ1E2Mu/Central/muons/2/eta in Skim_TriLep_DYJets.root
2025-11-10 12:25:38,506 - INFO - [2023] MISSING_CENTRAL: WZ1E2Mu/Central/muons/2/eta in Skim_TriLep_DYJets10to50.root
2025-11-10 12:25:38,506 - INFO - [2023] MISSING_CENTRAL: WZ1E2Mu/Central/muons/2/eta in Skim_TriLep_DYGTo2LG_MLL4to50_PTG10to100.root
2025-11-10 12:25:38,507 - INFO - [2023] MISSING_CENTRAL: WZ1E2Mu/Central/muons/2/eta in Skim_TriLep_DYGTo2LG_MLL4to50_PTG100to200.root
2025-11-10 12:25:38,508 - INFO - [2023] MISSING_CENTRAL: WZ1E2Mu/Central/muons/2/eta in Skim_TriLep_DYGTo2LG_MLL4to50_PTG200toInf.root
2025-11-10 12:25:38,515 - INFO - [2023] MISSING_FILE: /home/choij/Sync/workspace/ChargedHiggsAnalysisV3/SKNanoOutput/CRPromptSelector/Run1E2Mu_RunNoWZSF_RunSyst/2023/Skim_TriLep_ZZTo4L_powheg.root
2025-11-10 12:25:38,519 - INFO - [2023] MISSING_FILE: /home/choij/Sync/workspace/ChargedHiggsAnalysisV3/SKNanoOutput/CRPromptSelector/Run1E2Mu_RunNoWZSF_RunSyst/2023/Skim_TriLep_VBFHToZZTo4L.root
2025-11-10 12:25:38,520 - INFO - [2023] MISSING_FILE: /home/choij/Sync/workspace/ChargedHiggsAnalysisV3/SKNanoOutput/CRPromptSelector/Run1E2Mu_RunNoWZSF_RunSyst/2023/Skim_TriLep_ggHToZZTo4L.root
2025-11-13 11:15:41,250 - INFO - [2023] MISSING_CENTRAL: WZ1E2Mu/Central/muons/2/eta in Skim_TriLep_DYJets.root
2025-11-13 11:15:41,251 - INFO - [2023] MISSING_CENTRAL: WZ1E2Mu/Central/muons/2/eta in Skim_TriLep_DYJets10to50.root
2025-11-13 11:15:41,252 - INFO - [2023] MISSING_CENTRAL: WZ1E2Mu/Central/muons/2/eta in Skim_TriLep_DYGTo2LG_MLL4to50_PTG10to100.root
2025-11-13 11:15:41,253 - INFO - [2023] MISSING_CENTRAL: WZ1E2Mu/Central/muons/2/eta in Skim_TriLep_DYGTo2LG_MLL4to50_PTG100to200.root
2025-11-13 11:15:41,254 - INFO - [2023] MISSING_CENTRAL: WZ1E2Mu/Central/muons/2/eta in Skim_TriLep_DYGTo2LG_MLL4to50_PTG200toInf.root
2025-11-13 11:15:47,059 - INFO - [2023] MISSING_CENTRAL: WZ1E2Mu/Central/muons/2/eta in Skim_TriLep_DYJets.root
2025-11-13 11:15:47,059 - INFO - [2023] MISSING_CENTRAL: WZ1E2Mu/Central/muons/2/eta in Skim_TriLep_DYJets10to50.root
2025-11-13 11:15:47,060 - INFO - [2023] MISSING_CENTRAL: WZ1E2Mu/Central/muons/2/eta in Skim_TriLep_DYGTo2LG_MLL4to50_PTG10to100.root
2025-11-13 11:15:47,060 - INFO - [2023] MISSING_CENTRAL: WZ1E2Mu/Central/muons/2/eta in Skim_TriLep_DYGTo2LG_MLL4to50_PTG100to200.root
2025-11-13 11:15:47,061 - INFO - [2023] MISSING_CENTRAL: WZ1E2Mu/Central/muons/2/eta in Skim_TriLep_DYGTo2LG_MLL4to50_PTG200toInf.root
2025-11-13 11:15:47,075 - INFO - [2023] MISSING_FILE: /data9/Users/choij/Sync/workspace/ChargedHiggsAnalysisV3/SKNanoOutput/CRPromptSelector/Run1E2Mu_RunNoWZSF_RunSyst/2023/Skim_TriLep_ZZTo4L_powheg.root
2025-11-13 11:15:47,082 - INFO - [2023] MISSING_FILE: /data9/Users/choij/Sync/workspace/ChargedHiggsAnalysisV3/SKNanoOutput/CRPromptSelector/Run1E2Mu_RunNoWZSF_RunSyst/2023/Skim_TriLep_VBFHToZZTo4L.root
2025-11-13 11:15:47,082 - INFO - [2023] MISSING_FILE: /data9/Users/choij/Sync/workspace/ChargedHiggsAnalysisV3/SKNanoOutput/CRPromptSelector/Run1E2Mu_RunNoWZSF_RunSyst/2023/Skim_TriLep_ggHToZZTo4L.root
2025-11-19 00:19:27,068 - INFO - [2023] MISSING_CENTRAL: WZ1E2Mu/Central/muons/2/eta in Skim_TriLep_DYJets.root
2025-11-19 00:19:27,069 - INFO - [2023] MISSING_CENTRAL: WZ1E2Mu/Central/muons/2/eta in Skim_TriLep_DYJets10to50.root
2025-11-19 00:19:27,070 - INFO - [2023] MISSING_CENTRAL: WZ1E2Mu/Central/muons/2/eta in Skim_TriLep_DYGTo2LG_MLL4to50_PTG10to100.root
2025-11-19 00:19:27,070 - INFO - [2023] MISSING_CENTRAL: WZ1E2Mu/Central/muons/2/eta in Skim_TriLep_DYGTo2LG_MLL4to50_PTG100to200.root
2025-11-19 00:19:27,071 - INFO - [2023] MISSING_CENTRAL: WZ1E2Mu/Central/muons/2/eta in Skim_TriLep_DYGTo2LG_MLL4to50_PTG200toInf.root
2025-11-19 00:19:27,811 - INFO - [2023] MISSING_FILE: /data9/Users/choij/Sync/workspace/ChargedHiggsAnalysisV3/SKNanoOutput/CRPromptSelector/Run1E2Mu_RunSyst/2023/Skim_TriLep_WZTo3LNu_powheg.root
2025-11-19 00:19:33,085 - INFO - [2023] MISSING_CENTRAL: WZ1E2Mu/Central/muons/2/eta in Skim_TriLep_DYJets.root
2025-11-19 00:19:33,094 - INFO - [2023] MISSING_CENTRAL: WZ1E2Mu/Central/muons/2/eta in Skim_TriLep_DYJets10to50.root
2025-11-19 00:19:33,096 - INFO - [2023] MISSING_CENTRAL: WZ1E2Mu/Central/muons/2/eta in Skim_TriLep_DYGTo2LG_MLL4to50_PTG10to100.root
2025-11-19 00:19:33,098 - INFO - [2023] MISSING_CENTRAL: WZ1E2Mu/Central/muons/2/eta in Skim_TriLep_DYGTo2LG_MLL4to50_PTG100to200.root
2025-11-19 00:19:33,101 - INFO - [2023] MISSING_CENTRAL: WZ1E2Mu/Central/muons/2/eta in Skim_TriLep_DYGTo2LG_MLL4to50_PTG200toInf.root
2025-11-19 00:19:33,118 - INFO - [2023] MISSING_FILE: /data9/Users/choij/Sync/workspace/ChargedHiggsAnalysisV3/SKNanoOutput/CRPromptSelector/Run1E2Mu_RunNoWZSF_RunSyst/2023/Skim_TriLep_WZTo3LNu_powheg.root
2025-11-19 00:19:33,118 - INFO - [2023] MISSING_FILE: /data9/Users/choij/Sync/workspace/ChargedHiggsAnalysisV3/SKNanoOutput/CRPromptSelector/Run1E2Mu_RunNoWZSF_RunSyst/2023/Skim_TriLep_ZZTo4L_powheg.root
2025-11-19 00:19:33,129 - INFO - [2023] MISSING_FILE: /data9/Users/choij/Sync/workspace/ChargedHiggsAnalysisV3/SKNanoOutput/CRPromptSelector/Run1E2Mu_RunNoWZSF_RunSyst/2023/Skim_TriLep_VBFHToZZTo4L.root
2025-11-19 00:19:33,129 - INFO - [2023] MISSING_FILE: /data9/Users/choij/Sync/workspace/ChargedHiggsAnalysisV3/SKNanoOutput/CRPromptSelector/Run1E2Mu_RunNoWZSF_RunSyst/2023/Skim_TriLep_ggHToZZTo4L.root
2025-11-19 15:44:42,721 - INFO - [2023] MISSING_CENTRAL: WZ1E2Mu/Central/muons/2/eta in Skim_TriLep_DYJets.root
2025-11-19 15:44:42,722 - INFO - [2023] MISSING_CENTRAL: WZ1E2Mu/Central/muons/2/eta in Skim_TriLep_DYJets10to50.root
2025-11-19 15:44:42,722 - INFO - [2023] MISSING_CENTRAL: WZ1E2Mu/Central/muons/2/eta in Skim_TriLep_DYGTo2LG_MLL4to50_PTG10to100.root
2025-11-19 15:44:42,722 - INFO - [2023] MISSING_CENTRAL: WZ1E2Mu/Central/muons/2/eta in Skim_TriLep_DYGTo2LG_MLL4to50_PTG100to200.root
2025-11-19 15:44:42,723 - INFO - [2023] MISSING_CENTRAL: WZ1E2Mu/Central/muons/2/eta in Skim_TriLep_DYGTo2LG_MLL4to50_PTG200toInf.root
2025-11-19 15:44:47,894 - INFO - [2023] MISSING_CENTRAL: WZ1E2Mu/Central/muons/2/eta in Skim_TriLep_DYJets.root
2025-11-19 15:44:47,894 - INFO - [2023] MISSING_CENTRAL: WZ1E2Mu/Central/muons/2/eta in Skim_TriLep_DYJets10to50.root
2025-11-19 15:44:47,895 - INFO - [2023] MISSING_CENTRAL: WZ1E2Mu/Central/muons/2/eta in Skim_TriLep_DYGTo2LG_MLL4to50_PTG10to100.root
2025-11-19 15:44:47,895 - INFO - [2023] MISSING_CENTRAL: WZ1E2Mu/Central/muons/2/eta in Skim_TriLep_DYGTo2LG_MLL4to50_PTG100to200.root
2025-11-19 15:44:47,896 - INFO - [2023] MISSING_CENTRAL: WZ1E2Mu/Central/muons/2/eta in Skim_TriLep_DYGTo2LG_MLL4to50_PTG200toInf.root
2025-11-19 15:44:47,903 - INFO - [2023] MISSING_FILE: /home/choij/Sync/workspace/ChargedHiggsAnalysisV3/SKNanoOutput/CRPromptSelector/Run1E2Mu_RunNoWZSF_RunSyst/2023/Skim_TriLep_ZZTo4L_powheg.root
2025-11-19 15:44:47,907 - INFO - [2023] MISSING_FILE: /home/choij/Sync/workspace/ChargedHiggsAnalysisV3/SKNanoOutput/CRPromptSelector/Run1E2Mu_RunNoWZSF_RunSyst/2023/Skim_TriLep_VBFHToZZTo4L.root
2025-11-19 15:44:47,907 - INFO - [2023] MISSING_FILE: /home/choij/Sync/workspace/ChargedHiggsAnalysisV3/SKNanoOutput/CRPromptSelector/Run1E2Mu_RunNoWZSF_RunSyst/2023/Skim_TriLep_ggHToZZTo4L.root
2025-11-19 16:28:00,462 - INFO - [2023] MISSING_CENTRAL: WZ1E2Mu/Central/muons/2/eta in Skim_TriLep_DYJets.root
2025-11-19 16:28:00,462 - INFO - [2023] MISSING_CENTRAL: WZ1E2Mu/Central/muons/2/eta in Skim_TriLep_DYJets10to50.root
2025-11-19 16:28:00,463 - INFO - [2023] MISSING_CENTRAL: WZ1E2Mu/Central/muons/2/eta in Skim_TriLep_DYGTo2LG_MLL4to50_PTG10to100.root
2025-11-19 16:28:00,463 - INFO - [2023] MISSING_CENTRAL: WZ1E2Mu/Central/muons/2/eta in Skim_TriLep_DYGTo2LG_MLL4to50_PTG100to200.root
2025-11-19 16:28:00,464 - INFO - [2023] MISSING_CENTRAL: WZ1E2Mu/Central/muons/2/eta in Skim_TriLep_DYGTo2LG_MLL4to50_PTG200toInf.root
2025-11-19 16:28:05,434 - INFO - [2023] MISSING_CENTRAL: WZ1E2Mu/Central/muons/2/eta in Skim_TriLep_DYJets.root
2025-11-19 16:28:05,435 - INFO - [2023] MISSING_CENTRAL: WZ1E2Mu/Central/muons/2/eta in Skim_TriLep_DYJets10to50.root
2025-11-19 16:28:05,435 - INFO - [2023] MISSING_CENTRAL: WZ1E2Mu/Central/muons/2/eta in Skim_TriLep_DYGTo2LG_MLL4to50_PTG10to100.root
2025-11-19 16:28:05,436 - INFO - [2023] MISSING_CENTRAL: WZ1E2Mu/Central/muons/2/eta in Skim_TriLep_DYGTo2LG_MLL4to50_PTG100to200.root
2025-11-19 16:28:05,436 - INFO - [2023] MISSING_CENTRAL: WZ1E2Mu/Central/muons/2/eta in Skim_TriLep_DYGTo2LG_MLL4to50_PTG200toInf.root
2025-11-19 16:28:05,444 - INFO - [2023] MISSING_FILE: /home/choij/Sync/workspace/ChargedHiggsAnalysisV3/SKNanoOutput/CRPromptSelector/Run1E2Mu_RunNoWZSF_RunSyst/2023/Skim_TriLep_ZZTo4L_powheg.root
2025-11-19 16:28:05,447 - INFO - [2023] MISSING_FILE: /home/choij/Sync/workspace/ChargedHiggsAnalysisV3/SKNanoOutput/CRPromptSelector/Run1E2Mu_RunNoWZSF_RunSyst/2023/Skim_TriLep_VBFHToZZTo4L.root
2025-11-19 16:28:05,448 - INFO - [2023] MISSING_FILE: /home/choij/Sync/workspace/ChargedHiggsAnalysisV3/SKNanoOutput/CRPromptSelector/Run1E2Mu_RunNoWZSF_RunSyst/2023/Skim_TriLep_ggHToZZTo4L.root
2025-12-17 12:27:59,339 - INFO - [2023] MISSING_CENTRAL: WZ1E2Mu/Central/muons/2/eta in Skim_TriLep_DYJets10to50.root
2025-12-17 12:27:59,359 - INFO - [2023] MISSING_CENTRAL: WZ1E2Mu/Central/muons/2/eta in Skim_TriLep_TTG_PTG200toInf.root
2025-12-17 12:28:03,815 - INFO - [2023] MISSING_CENTRAL: WZ1E2Mu/Central/muons/2/eta in Skim_TriLep_DYJets10to50.root
2025-12-17 12:28:03,826 - INFO - [2023] MISSING_CENTRAL: WZ1E2Mu/Central/muons/2/eta in Skim_TriLep_TTG_PTG200toInf.root
2025-12-17 12:28:03,857 - INFO - [2023] MISSING_FILE: /data9/Users/choij/Sync/workspace/ChargedHiggsAnalysisV3/SKNanoOutput/CRPromptSelector/Run1E2Mu_RunNoWZSF_RunSyst/2023/Skim_TriLep_ZZTo4L_powheg.root
2025-12-17 12:28:03,883 - INFO - [2023] MISSING_FILE: /data9/Users/choij/Sync/workspace/ChargedHiggsAnalysisV3/SKNanoOutput/CRPromptSelector/Run1E2Mu_RunNoWZSF_RunSyst/2023/Skim_TriLep_VBFHToZZTo4L.root
2025-12-17 12:28:03,884 - INFO - [2023] MISSING_FILE: /data9/Users/choij/Sync/workspace/ChargedHiggsAnalysisV3/SKNanoOutput/CRPromptSelector/Run1E2Mu_RunNoWZSF_RunSyst/2023/Skim_TriLep_ggHToZZTo4L.root
2025-12-17 16:09:34,777 - INFO - [2023] MISSING_CENTRAL: WZ1E2Mu/Central/muons/2/eta in Skim_TriLep_DYJets10to50.root
2025-12-17 16:09:34,788 - INFO - [2023] MISSING_CENTRAL: WZ1E2Mu/Central/muons/2/eta in Skim_TriLep_TTG_PTG200toInf.root
2025-12-17 16:09:38,317 - INFO - [2023] MISSING_CENTRAL: WZ1E2Mu/Central/muons/2/eta in Skim_TriLep_DYJets10to50.root
2025-12-17 16:09:38,321 - INFO - [2023] MISSING_CENTRAL: WZ1E2Mu/Central/muons/2/eta in Skim_TriLep_TTG_PTG200toInf.root
2025-12-17 16:09:38,326 - INFO - [2023] MISSING_FILE: /data9/Users/choij/Sync/workspace/ChargedHiggsAnalysisV3/SKNanoOutput/CRPromptSelector/Run1E2Mu_RunNoWZSF_RunSyst/2023/Skim_TriLep_WZTo3LNu_powheg.root
2025-12-17 16:09:38,326 - INFO - [2023] MISSING_FILE: /data9/Users/choij/Sync/workspace/ChargedHiggsAnalysisV3/SKNanoOutput/CRPromptSelector/Run1E2Mu_RunNoWZSF_RunSyst/2023/Skim_TriLep_ZZTo4L_powheg.root
2025-12-17 16:09:38,334 - INFO - [2023] MISSING_FILE: /data9/Users/choij/Sync/workspace/ChargedHiggsAnalysisV3/SKNanoOutput/CRPromptSelector/Run1E2Mu_RunNoWZSF_RunSyst/2023/Skim_TriLep_VBFHToZZTo4L.root
2025-12-17 16:09:38,334 - INFO - [2023] MISSING_FILE: /data9/Users/choij/Sync/workspace/ChargedHiggsAnalysisV3/SKNanoOutput/CRPromptSelector/Run1E2Mu_RunNoWZSF_RunSyst/2023/Skim_TriLep_ggHToZZTo4L.root
2025-12-17 22:42:50,682 - INFO - [2023] MISSING_CENTRAL: WZ1E2Mu/Central/muons/2/eta in Skim_TriLep_DYJets10to50.root
2025-12-17 22:42:50,703 - INFO - [2023] MISSING_CENTRAL: WZ1E2Mu/Central/muons/2/eta in Skim_TriLep_TTG_PTG200toInf.root
2025-12-17 22:42:55,411 - INFO - [2023] MISSING_CENTRAL: WZ1E2Mu/Central/muons/2/eta in Skim_TriLep_DYJets10to50.root
2025-12-17 22:42:55,413 - INFO - [2023] MISSING_CENTRAL: WZ1E2Mu/Central/muons/2/eta in Skim_TriLep_TTG_PTG200toInf.root
2025-12-17 22:42:55,425 - INFO - [2023] MISSING_FILE: /data9/Users/choij/Sync/workspace/ChargedHiggsAnalysisV3/SKNanoOutput/CRPromptSelector/Run1E2Mu_RunNoWZSF_RunSyst/2023/Skim_TriLep_WZTo3LNu_powheg.root
2025-12-17 22:42:55,425 - INFO - [2023] MISSING_FILE: /data9/Users/choij/Sync/workspace/ChargedHiggsAnalysisV3/SKNanoOutput/CRPromptSelector/Run1E2Mu_RunNoWZSF_RunSyst/2023/Skim_TriLep_ZZTo4L_powheg.root
2025-12-17 22:42:55,433 - INFO - [2023] MISSING_FILE: /data9/Users/choij/Sync/workspace/ChargedHiggsAnalysisV3/SKNanoOutput/CRPromptSelector/Run1E2Mu_RunNoWZSF_RunSyst/2023/Skim_TriLep_VBFHToZZTo4L.root
2025-12-17 22:42:55,434 - INFO - [2023] MISSING_FILE: /data9/Users/choij/Sync/workspace/ChargedHiggsAnalysisV3/SKNanoOutput/CRPromptSelector/Run1E2Mu_RunNoWZSF_RunSyst/2023/Skim_TriLep_ggHToZZTo4L.root
2025-12-18 14:43:43,742 - INFO - [2023] MISSING_CENTRAL: WZ1E2Mu/Central/muons/2/eta in Skim_TriLep_DYJets10to50.root
2025-12-18 14:43:43,762 - INFO - [2023] MISSING_CENTRAL: WZ1E2Mu/Central/muons/2/eta in Skim_TriLep_TTG_PTG200toInf.root
2025-12-18 14:43:48,880 - INFO - [2023] MISSING_CENTRAL: WZ1E2Mu/Central/muons/2/eta in Skim_TriLep_DYJets10to50.root
2025-12-18 14:43:48,883 - INFO - [2023] MISSING_CENTRAL: WZ1E2Mu/Central/muons/2/eta in Skim_TriLep_TTG_PTG200toInf.root
2025-12-18 14:43:48,887 - INFO - [2023] MISSING_FILE: /data9/Users/choij/Sync/workspace/ChargedHiggsAnalysisV3/SKNanoOutput/CRPromptSelector/Run1E2Mu_RunNoWZSF_RunSyst/2023/Skim_TriLep_WZTo3LNu_powheg.root
2025-12-18 14:43:48,887 - INFO - [2023] MISSING_FILE: /data9/Users/choij/Sync/workspace/ChargedHiggsAnalysisV3/SKNanoOutput/CRPromptSelector/Run1E2Mu_RunNoWZSF_RunSyst/2023/Skim_TriLep_ZZTo4L_powheg.root
2025-12-18 14:43:48,893 - INFO - [2023] MISSING_FILE: /data9/Users/choij/Sync/workspace/ChargedHiggsAnalysisV3/SKNanoOutput/CRPromptSelector/Run1E2Mu_RunNoWZSF_RunSyst/2023/Skim_TriLep_VBFHToZZTo4L.root
2025-12-18 14:43:48,893 - INFO - [2023] MISSING_FILE: /data9/Users/choij/Sync/workspace/ChargedHiggsAnalysisV3/SKNanoOutput/CRPromptSelector/Run1E2Mu_RunNoWZSF_RunSyst/2023/Skim_TriLep_ggHToZZTo4L.root
2025-12-18 22:08:00,442 - INFO - [2023] MISSING_CENTRAL: WZ1E2Mu/Central/muons/2/eta in Skim_TriLep_DYJets10to50.root
2025-12-18 22:08:00,453 - INFO - [2023] MISSING_CENTRAL: WZ1E2Mu/Central/muons/2/eta in Skim_TriLep_TTG_PTG200toInf.root
2025-12-18 22:08:04,096 - INFO - [2023] MISSING_CENTRAL: WZ1E2Mu/Central/muons/2/eta in Skim_TriLep_DYJets10to50.root
2025-12-18 22:08:04,100 - INFO - [2023] MISSING_CENTRAL: WZ1E2Mu/Central/muons/2/eta in Skim_TriLep_TTG_PTG200toInf.root
2025-12-18 22:08:04,105 - INFO - [2023] MISSING_FILE: /data9/Users/choij/Sync/workspace/ChargedHiggsAnalysisV3/SKNanoOutput/CRPromptSelector/Run1E2Mu_RunNoWZSF_RunSyst/2023/Skim_TriLep_ZZTo4L_powheg.root
2025-12-18 22:08:04,109 - INFO - [2023] MISSING_FILE: /data9/Users/choij/Sync/workspace/ChargedHiggsAnalysisV3/SKNanoOutput/CRPromptSelector/Run1E2Mu_RunNoWZSF_RunSyst/2023/Skim_TriLep_VBFHToZZTo4L.root
2025-12-18 22:08:04,110 - INFO - [2023] MISSING_FILE: /data9/Users/choij/Sync/workspace/ChargedHiggsAnalysisV3/SKNanoOutput/CRPromptSelector/Run1E2Mu_RunNoWZSF_RunSyst/2023/Skim_TriLep_ggHToZZTo4L.root
2026-01-07 11:52:48,924 - INFO - [2023] MISSING_FILE: /data9/Users/choij/Sync/workspace/ChargedHiggsAnalysisV3/SKNanoOutput/CRPromptSelector/Run1E2Mu/2023/Skim_TriLep_MuonEG_C_v1.root
2026-01-07 11:52:48,924 - INFO - [2023] MISSING_FILE: /data9/Users/choij/Sync/workspace/ChargedHiggsAnalysisV3/SKNanoOutput/CRPromptSelector/Run1E2Mu/2023/Skim_TriLep_MuonEG_C_v2.root
2026-01-07 11:52:48,924 - INFO - [2023] MISSING_FILE: /data9/Users/choij/Sync/workspace/ChargedHiggsAnalysisV3/SKNanoOutput/CRPromptSelector/Run1E2Mu/2023/Skim_TriLep_MuonEG_C_v3.root
2026-01-07 11:52:48,944 - INFO - [2023] MISSING_FILE: /data9/Users/choij/Sync/workspace/ChargedHiggsAnalysisV3/SKNanoOutput/CRPromptSelector/Run1E2Mu/2023/Skim_TriLep_MuonEG_C_v4.root
2026-01-07 11:52:51,892 - INFO - [2023] MISSING_FILE: /data9/Users/choij/Sync/workspace/ChargedHiggsAnalysisV3/SKNanoOutput/CRPromptSelector/Run1E2Mu/2023/Skim_TriLep_MuonEG_C_v1.root
2026-01-07 11:52:51,893 - INFO - [2023] MISSING_FILE: /data9/Users/choij/Sync/workspace/ChargedHiggsAnalysisV3/SKNanoOutput/CRPromptSelector/Run1E2Mu/2023/Skim_TriLep_MuonEG_C_v2.root
2026-01-07 11:52:51,893 - INFO - [2023] MISSING_FILE: /data9/Users/choij/Sync/workspace/ChargedHiggsAnalysisV3/SKNanoOutput/CRPromptSelector/Run1E2Mu/2023/Skim_TriLep_MuonEG_C_v3.root
2026-01-07 11:52:51,896 - INFO - [2023] MISSING_FILE: /data9/Users/choij/Sync/workspace/ChargedHiggsAnalysisV3/SKNanoOutput/CRPromptSelector/Run1E2Mu/2023/Skim_TriLep_MuonEG_C_v4.root
2026-01-07 18:49:24,854 - INFO - [2023] MISSING_CENTRAL: WZ1E2Mu/Central/muons/2/eta in Skim_TriLep_DYJets10to50.root
2026-01-07 18:49:24,874 - INFO - [2023] MISSING_CENTRAL: WZ1E2Mu/Central/muons/2/eta in Skim_TriLep_TTG_PTG200toInf.root
2026-01-07 18:49:29,674 - INFO - [2023] MISSING_CENTRAL: WZ1E2Mu/Central/muons/2/eta in Skim_TriLep_DYJets10to50.root
2026-01-07 18:49:29,677 - INFO - [2023] MISSING_CENTRAL: WZ1E2Mu/Central/muons/2/eta in Skim_TriLep_TTG_PTG200toInf.root
2026-01-07 18:49:29,680 - INFO - [2023] MISSING_FILE: /data9/Users/choij/Sync/workspace/ChargedHiggsAnalysisV3/SKNanoOutput/CRPromptSelector/Run1E2Mu_RunNoWZSF_RunSyst/2023/Skim_TriLep_ZZTo4L_powheg.root
2026-01-07 18:49:29,685 - INFO - [2023] MISSING_FILE: /data9/Users/choij/Sync/workspace/ChargedHiggsAnalysisV3/SKNanoOutput/CRPromptSelector/Run1E2Mu_RunNoWZSF_RunSyst/2023/Skim_TriLep_VBFHToZZTo4L.root
2026-01-07 18:49:29,685 - INFO - [2023] MISSING_FILE: /data9/Users/choij/Sync/workspace/ChargedHiggsAnalysisV3/SKNanoOutput/CRPromptSelector/Run1E2Mu_RunNoWZSF_RunSyst/2023/Skim_TriLep_ggHToZZTo4L.root
2026-01-08 23:12:10,047 - INFO - [2023] MISSING_CENTRAL: WZ1E2Mu/Central/muons/2/eta in Skim_TriLep_DYJets10to50.root
2026-01-08 23:12:10,136 - INFO - [2023] MISSING_CENTRAL: WZ1E2Mu/Central/muons/2/eta in Skim_TriLep_TTG_PTG200toInf.root
2026-01-08 23:12:14,735 - INFO - [2023] MISSING_CENTRAL: WZ1E2Mu/Central/muons/2/eta in Skim_TriLep_DYJets10to50.root
2026-01-08 23:12:14,737 - INFO - [2023] MISSING_CENTRAL: WZ1E2Mu/Central/muons/2/eta in Skim_TriLep_TTG_PTG200toInf.root
2026-01-08 23:12:14,741 - INFO - [2023] MISSING_FILE: /data9/Users/choij/Sync/workspace/ChargedHiggsAnalysisV3/SKNanoOutput/CRPromptSelector/Run1E2Mu_RunNoWZSF_RunSyst/2023/Skim_TriLep_ZZTo4L_powheg.root
2026-01-08 23:12:14,746 - INFO - [2023] MISSING_FILE: /data9/Users/choij/Sync/workspace/ChargedHiggsAnalysisV3/SKNanoOutput/CRPromptSelector/Run1E2Mu_RunNoWZSF_RunSyst/2023/Skim_TriLep_VBFHToZZTo4L.root
2026-01-08 23:12:14,746 - INFO - [2023] MISSING_FILE: /data9/Users/choij/Sync/workspace/ChargedHiggsAnalysisV3/SKNanoOutput/CRPromptSelector/Run1E2Mu_RunNoWZSF_RunSyst/2023/Skim_TriLep_ggHToZZTo4L.root
2026-01-09 12:24:09,863 - INFO - [2023] MISSING_CENTRAL: WZ1E2Mu/Central/muons/2/eta in Skim_TriLep_DYJets10to50.root
2026-01-09 12:24:09,889 - INFO - [2023] MISSING_CENTRAL: WZ1E2Mu/Central/muons/2/eta in Skim_TriLep_TTG_PTG200toInf.root
2026-01-09 12:24:15,123 - INFO - [2023] MISSING_CENTRAL: WZ1E2Mu/Central/muons/2/eta in Skim_TriLep_DYJets10to50.root
2026-01-09 12:24:15,126 - INFO - [2023] MISSING_CENTRAL: WZ1E2Mu/Central/muons/2/eta in Skim_TriLep_TTG_PTG200toInf.root
2026-01-09 12:24:15,129 - INFO - [2023] MISSING_FILE: /home/choij/Sync/workspace/ChargedHiggsAnalysisV3/SKNanoOutput/CRPromptSelector/Run1E2Mu_RunNoWZSF_RunSyst/2023/Skim_TriLep_ZZTo4L_powheg.root
2026-01-09 12:24:15,132 - INFO - [2023] MISSING_FILE: /home/choij/Sync/workspace/ChargedHiggsAnalysisV3/SKNanoOutput/CRPromptSelector/Run1E2Mu_RunNoWZSF_RunSyst/2023/Skim_TriLep_VBFHToZZTo4L.root
2026-01-09 12:24:15,132 - INFO - [2023] MISSING_FILE: /home/choij/Sync/workspace/ChargedHiggsAnalysisV3/SKNanoOutput/CRPromptSelector/Run1E2Mu_RunNoWZSF_RunSyst/2023/Skim_TriLep_ggHToZZTo4L.root
2026-01-11 09:44:11,884 - INFO - [2023] MISSING_CENTRAL: WZ1E2Mu/Central/muons/2/eta in Skim_TriLep_DYJets10to50.root
2026-01-11 09:44:11,897 - INFO - [2023] MISSING_CENTRAL: WZ1E2Mu/Central/muons/2/eta in Skim_TriLep_TTG_PTG200toInf.root
2026-01-11 09:44:16,954 - INFO - [2023] MISSING_CENTRAL: WZ1E2Mu/Central/muons/2/eta in Skim_TriLep_DYJets10to50.root
2026-01-11 09:44:16,956 - INFO - [2023] MISSING_CENTRAL: WZ1E2Mu/Central/muons/2/eta in Skim_TriLep_TTG_PTG200toInf.root
2026-01-11 09:44:16,958 - INFO - [2023] MISSING_FILE: /home/choij/Sync/workspace/ChargedHiggsAnalysisV3/SKNanoOutput/CRPromptSelector/Run1E2Mu_RunNoWZSF_RunSyst/2023/Skim_TriLep_ZZTo4L_powheg.root
2026-01-11 09:44:16,961 - INFO - [2023] MISSING_FILE: /home/choij/Sync/workspace/ChargedHiggsAnalysisV3/SKNanoOutput/CRPromptSelector/Run1E2Mu_RunNoWZSF_RunSyst/2023/Skim_TriLep_VBFHToZZTo4L.root
2026-01-11 09:44:16,961 - INFO - [2023] MISSING_FILE: /home/choij/Sync/workspace/ChargedHiggsAnalysisV3/SKNanoOutput/CRPromptSelector/Run1E2Mu_RunNoWZSF_RunSyst/2023/Skim_TriLep_ggHToZZTo4L.root
2026-01-12 13:52:59,642 - INFO - [2023] MISSING_CENTRAL: WZ1E2Mu/Central/muons/2/eta in Skim_TriLep_DYJets10to50.root
2026-01-12 13:52:59,654 - INFO - [2023] MISSING_CENTRAL: WZ1E2Mu/Central/muons/2/eta in Skim_TriLep_TTG_PTG200toInf.root
2026-01-12 13:53:04,750 - INFO - [2023] MISSING_CENTRAL: WZ1E2Mu/Central/muons/2/eta in Skim_TriLep_DYJets10to50.root
2026-01-12 13:53:04,752 - INFO - [2023] MISSING_CENTRAL: WZ1E2Mu/Central/muons/2/eta in Skim_TriLep_TTG_PTG200toInf.root
2026-01-12 13:53:04,755 - INFO - [2023] MISSING_FILE: /home/choij/Sync/workspace/ChargedHiggsAnalysisV3/SKNanoOutput/CRPromptSelector/Run1E2Mu_RunNoWZSF_RunSyst/2023/Skim_TriLep_ZZTo4L_powheg.root
2026-01-12 13:53:04,759 - INFO - [2023] MISSING_FILE: /home/choij/Sync/workspace/ChargedHiggsAnalysisV3/SKNanoOutput/CRPromptSelector/Run1E2Mu_RunNoWZSF_RunSyst/2023/Skim_TriLep_VBFHToZZTo4L.root
2026-01-12 13:53:04,759 - INFO - [2023] MISSING_FILE: /home/choij/Sync/workspace/ChargedHiggsAnalysisV3/SKNanoOutput/CRPromptSelector/Run1E2Mu_RunNoWZSF_RunSyst/2023/Skim_TriLep_ggHToZZTo4L.root
2026-01-16 19:07:48,061 - INFO - [2023] MISSING_CENTRAL: WZ1E2Mu/Central/muons/2/eta in Skim_TriLep_DYJets10to50.root
2026-01-16 19:07:48,073 - INFO - [2023] MISSING_CENTRAL: WZ1E2Mu/Central/muons/2/eta in Skim_TriLep_TTG_PTG200toInf.root
2026-01-16 19:07:52,973 - INFO - [2023] MISSING_CENTRAL: WZ1E2Mu/Central/muons/2/eta in Skim_TriLep_DYJets10to50.root
2026-01-16 19:07:52,975 - INFO - [2023] MISSING_CENTRAL: WZ1E2Mu/Central/muons/2/eta in Skim_TriLep_TTG_PTG200toInf.root
2026-01-16 19:07:52,978 - INFO - [2023] MISSING_FILE: /home/choij/Sync/workspace/ChargedHiggsAnalysisV3/SKNanoOutput/CRPromptSelector/Run1E2Mu_RunNoWZSF_RunSyst/2023/Skim_TriLep_ZZTo4L_powheg.root
2026-01-16 19:07:52,982 - INFO - [2023] MISSING_FILE: /home/choij/Sync/workspace/ChargedHiggsAnalysisV3/SKNanoOutput/CRPromptSelector/Run1E2Mu_RunNoWZSF_RunSyst/2023/Skim_TriLep_VBFHToZZTo4L.root
2026-01-16 19:07:52,982 - INFO - [2023] MISSING_FILE: /home/choij/Sync/workspace/ChargedHiggsAnalysisV3/SKNanoOutput/CRPromptSelector/Run1E2Mu_RunNoWZSF_RunSyst/2023/Skim_TriLep_ggHToZZTo4L.root
2026-01-28 15:01:02,300 - INFO - [2023] MISSING_CENTRAL: WZ1E2Mu/Central/muons/2/eta in Skim_TriLep_DYJets10to50.root
2026-01-28 15:01:02,312 - INFO - [2023] MISSING_CENTRAL: WZ1E2Mu/Central/muons/2/eta in Skim_TriLep_TTG_PTG200toInf.root
2026-01-28 15:01:07,193 - INFO - [2023] MISSING_CENTRAL: WZ1E2Mu/Central/muons/2/eta in Skim_TriLep_DYJets10to50.root
2026-01-28 15:01:07,196 - INFO - [2023] MISSING_CENTRAL: WZ1E2Mu/Central/muons/2/eta in Skim_TriLep_TTG_PTG200toInf.root
2026-01-28 15:01:07,200 - INFO - [2023] MISSING_FILE: /home/choij/Sync/workspace/ChargedHiggsAnalysisV3/SKNanoOutput/PromptAnalyzer/Run1E2Mu_RunNoWZSF_RunSyst_RunCR_NoTreeMode/2023/Skim_TriLep_ZZTo4L_powheg.root
2026-01-28 15:01:07,204 - INFO - [2023] MISSING_FILE: /home/choij/Sync/workspace/ChargedHiggsAnalysisV3/SKNanoOutput/PromptAnalyzer/Run1E2Mu_RunNoWZSF_RunSyst_RunCR_NoTreeMode/2023/Skim_TriLep_VBFHToZZTo4L.root
2026-01-28 15:01:07,204 - INFO - [2023] MISSING_FILE: /home/choij/Sync/workspace/ChargedHiggsAnalysisV3/SKNanoOutput/PromptAnalyzer/Run1E2Mu_RunNoWZSF_RunSyst_RunCR_NoTreeMode/2023/Skim_TriLep_ggHToZZTo4L.root
2026-01-28 15:13:38,191 - INFO - [2023] MISSING_CENTRAL: WZ1E2Mu/Central/muons/2/eta in Skim_TriLep_DYJets10to50.root
2026-01-28 15:13:38,206 - INFO - [2023] MISSING_CENTRAL: WZ1E2Mu/Central/muons/2/eta in Skim_TriLep_TTG_PTG200toInf.root
2026-01-28 15:13:43,212 - INFO - [2023] MISSING_CENTRAL: WZ1E2Mu/Central/muons/2/eta in Skim_TriLep_DYJets10to50.root
2026-01-28 15:13:43,215 - INFO - [2023] MISSING_CENTRAL: WZ1E2Mu/Central/muons/2/eta in Skim_TriLep_TTG_PTG200toInf.root
2026-01-28 15:13:43,219 - INFO - [2023] MISSING_FILE: /home/choij/Sync/workspace/ChargedHiggsAnalysisV3/SKNanoOutput/PromptAnalyzer/Run1E2Mu_RunNoWZSF_RunSyst_RunCR_NoTreeMode/2023/Skim_TriLep_ZZTo4L_powheg.root
2026-01-28 15:13:43,222 - INFO - [2023] MISSING_FILE: /home/choij/Sync/workspace/ChargedHiggsAnalysisV3/SKNanoOutput/PromptAnalyzer/Run1E2Mu_RunNoWZSF_RunSyst_RunCR_NoTreeMode/2023/Skim_TriLep_VBFHToZZTo4L.root
2026-01-28 15:13:43,223 - INFO - [2023] MISSING_FILE: /home/choij/Sync/workspace/ChargedHiggsAnalysisV3/SKNanoOutput/PromptAnalyzer/Run1E2Mu_RunNoWZSF_RunSyst_RunCR_NoTreeMode/2023/Skim_TriLep_ggHToZZTo4L.root
2026-01-28 17:05:24,839 - INFO - [2023] MISSING_CENTRAL: WZ1E2Mu/Central/muons/2/eta in Skim_TriLep_DYJets10to50.root
2026-01-28 17:05:24,855 - INFO - [2023] MISSING_CENTRAL: WZ1E2Mu/Central/muons/2/eta in Skim_TriLep_TTG_PTG200toInf.root
2026-01-28 17:05:24,937 - INFO - [2023] MISSING_FILE: /home/choij/Sync/workspace/ChargedHiggsAnalysisV3/SKNanoOutput/PromptAnalyzer/Run1E2Mu_RunSyst_RunCR_NoTreeMode/2023/Skim_TriLep_WZTo3LNu_powheg.root
2026-01-28 17:05:30,128 - INFO - [2023] MISSING_CENTRAL: WZ1E2Mu/Central/muons/2/eta in Skim_TriLep_DYJets10to50.root
2026-01-28 17:05:30,130 - INFO - [2023] MISSING_CENTRAL: WZ1E2Mu/Central/muons/2/eta in Skim_TriLep_TTG_PTG200toInf.root
2026-01-28 17:05:30,134 - INFO - [2023] MISSING_FILE: /home/choij/Sync/workspace/ChargedHiggsAnalysisV3/SKNanoOutput/PromptAnalyzer/Run1E2Mu_RunNoWZSF_RunSyst_RunCR_NoTreeMode/2023/Skim_TriLep_ZZTo4L_powheg.root
2026-01-28 17:05:30,138 - INFO - [2023] MISSING_FILE: /home/choij/Sync/workspace/ChargedHiggsAnalysisV3/SKNanoOutput/PromptAnalyzer/Run1E2Mu_RunNoWZSF_RunSyst_RunCR_NoTreeMode/2023/Skim_TriLep_VBFHToZZTo4L.root
2026-01-28 17:05:30,138 - INFO - [2023] MISSING_FILE: /home/choij/Sync/workspace/ChargedHiggsAnalysisV3/SKNanoOutput/PromptAnalyzer/Run1E2Mu_RunNoWZSF_RunSyst_RunCR_NoTreeMode/2023/Skim_TriLep_ggHToZZTo4L.root
2026-01-28 17:26:04,499 - INFO - [2023] MISSING_CENTRAL: WZ1E2Mu/Central/muons/2/eta in Skim_TriLep_DYJets10to50.root
2026-01-28 17:26:04,513 - INFO - [2023] MISSING_CENTRAL: WZ1E2Mu/Central/muons/2/eta in Skim_TriLep_TTG_PTG200toInf.root
2026-01-28 17:26:04,547 - INFO - [2023] MISSING_FILE: /home/choij/Sync/workspace/ChargedHiggsAnalysisV3/SKNanoOutput/PromptAnalyzer/Run1E2Mu_RunSyst_RunCR_NoTreeMode/2023/Skim_TriLep_WZTo3LNu_powheg.root
2026-01-28 17:26:09,390 - INFO - [2023] MISSING_CENTRAL: WZ1E2Mu/Central/muons/2/eta in Skim_TriLep_DYJets10to50.root
2026-01-28 17:26:09,393 - INFO - [2023] MISSING_CENTRAL: WZ1E2Mu/Central/muons/2/eta in Skim_TriLep_TTG_PTG200toInf.root
2026-01-28 17:26:09,397 - INFO - [2023] MISSING_FILE: /home/choij/Sync/workspace/ChargedHiggsAnalysisV3/SKNanoOutput/PromptAnalyzer/Run1E2Mu_RunNoWZSF_RunSyst_RunCR_NoTreeMode/2023/Skim_TriLep_ZZTo4L_powheg.root
2026-01-28 17:26:09,401 - INFO - [2023] MISSING_FILE: /home/choij/Sync/workspace/ChargedHiggsAnalysisV3/SKNanoOutput/PromptAnalyzer/Run1E2Mu_RunNoWZSF_RunSyst_RunCR_NoTreeMode/2023/Skim_TriLep_VBFHToZZTo4L.root
2026-01-28 17:26:09,401 - INFO - [2023] MISSING_FILE: /home/choij/Sync/workspace/ChargedHiggsAnalysisV3/SKNanoOutput/PromptAnalyzer/Run1E2Mu_RunNoWZSF_RunSyst_RunCR_NoTreeMode/2023/Skim_TriLep_ggHToZZTo4L.root
2026-01-28 19:59:41,165 - INFO - [2023] MISSING_CENTRAL: WZ1E2Mu/Central/muons/2/eta in Skim_TriLep_DYJets10to50.root
2026-01-28 19:59:41,183 - INFO - [2023] MISSING_CENTRAL: WZ1E2Mu/Central/muons/2/eta in Skim_TriLep_TTG_PTG200toInf.root
2026-01-28 19:59:46,291 - INFO - [2023] MISSING_CENTRAL: WZ1E2Mu/Central/muons/2/eta in Skim_TriLep_DYJets10to50.root
2026-01-28 19:59:46,294 - INFO - [2023] MISSING_CENTRAL: WZ1E2Mu/Central/muons/2/eta in Skim_TriLep_TTG_PTG200toInf.root
2026-01-28 19:59:46,298 - INFO - [2023] MISSING_FILE: /home/choij/Sync/workspace/ChargedHiggsAnalysisV3/SKNanoOutput/PromptAnalyzer/Run1E2Mu_RunNoWZSF_RunSyst_RunCR_NoTreeMode/2023/Skim_TriLep_ZZTo4L_powheg.root
2026-01-28 19:59:46,301 - INFO - [2023] MISSING_FILE: /home/choij/Sync/workspace/ChargedHiggsAnalysisV3/SKNanoOutput/PromptAnalyzer/Run1E2Mu_RunNoWZSF_RunSyst_RunCR_NoTreeMode/2023/Skim_TriLep_VBFHToZZTo4L.root
2026-01-28 19:59:46,302 - INFO - [2023] MISSING_FILE: /home/choij/Sync/workspace/ChargedHiggsAnalysisV3/SKNanoOutput/PromptAnalyzer/Run1E2Mu_RunNoWZSF_RunSyst_RunCR_NoTreeMode/2023/Skim_TriLep_ggHToZZTo4L.root
2026-01-29 07:16:31,555 - INFO - [2023] MISSING_CENTRAL: WZ1E2Mu/Central/muons/2/eta in Skim_TriLep_DYJets10to50.root
2026-01-29 07:16:31,567 - INFO - [2023] MISSING_CENTRAL: WZ1E2Mu/Central/muons/2/eta in Skim_TriLep_TTG_PTG200toInf.root
2026-01-29 07:16:36,361 - INFO - [2023] MISSING_CENTRAL: WZ1E2Mu/Central/muons/2/eta in Skim_TriLep_DYJets10to50.root
2026-01-29 07:16:36,363 - INFO - [2023] MISSING_CENTRAL: WZ1E2Mu/Central/muons/2/eta in Skim_TriLep_TTG_PTG200toInf.root
2026-01-29 07:16:36,367 - INFO - [2023] MISSING_FILE: /home/choij/Sync/workspace/ChargedHiggsAnalysisV3/SKNanoOutput/PromptAnalyzer/Run1E2Mu_RunNoWZSF_RunSyst_RunCR_NoTreeMode/2023/Skim_TriLep_ZZTo4L_powheg.root
2026-01-29 07:16:36,370 - INFO - [2023] MISSING_FILE: /home/choij/Sync/workspace/ChargedHiggsAnalysisV3/SKNanoOutput/PromptAnalyzer/Run1E2Mu_RunNoWZSF_RunSyst_RunCR_NoTreeMode/2023/Skim_TriLep_VBFHToZZTo4L.root
2026-01-29 07:16:36,370 - INFO - [2023] MISSING_FILE: /home/choij/Sync/workspace/ChargedHiggsAnalysisV3/SKNanoOutput/PromptAnalyzer/Run1E2Mu_RunNoWZSF_RunSyst_RunCR_NoTreeMode/2023/Skim_TriLep_ggHToZZTo4L.root
2026-03-02 12:02:36,691 - INFO - [2023] MISSING_CENTRAL: WZ1E2Mu/Central/muons/2/eta in Skim_TriLep_DYJets10to50.root
2026-03-02 12:02:36,703 - INFO - [2023] MISSING_CENTRAL: WZ1E2Mu/Central/muons/2/eta in Skim_TriLep_TTG_PTG200toInf.root
2026-03-02 12:02:41,469 - INFO - [2023] MISSING_CENTRAL: WZ1E2Mu/Central/muons/2/eta in Skim_TriLep_DYJets10to50.root
2026-03-02 12:02:41,471 - INFO - [2023] MISSING_CENTRAL: WZ1E2Mu/Central/muons/2/eta in Skim_TriLep_TTG_PTG200toInf.root
2026-03-02 12:02:41,475 - INFO - [2023] MISSING_FILE: /home/choij/Sync/workspace/ChargedHiggsAnalysisV3/SKNanoOutput/PromptAnalyzer/Run1E2Mu_RunNoWZSF_RunSyst_RunCR_NoTreeMode/2023/Skim_TriLep_ZZTo4L_powheg.root
2026-03-02 12:02:41,479 - INFO - [2023] MISSING_FILE: /home/choij/Sync/workspace/ChargedHiggsAnalysisV3/SKNanoOutput/PromptAnalyzer/Run1E2Mu_RunNoWZSF_RunSyst_RunCR_NoTreeMode/2023/Skim_TriLep_VBFHToZZTo4L.root
2026-03-02 12:02:41,480 - INFO - [2023] MISSING_FILE: /home/choij/Sync/workspace/ChargedHiggsAnalysisV3/SKNanoOutput/PromptAnalyzer/Run1E2Mu_RunNoWZSF_RunSyst_RunCR_NoTreeMode/2023/Skim_TriLep_ggHToZZTo4L.root
2026-04-10 20:14:42,039 - INFO - [2023] MISSING_CENTRAL: WZ1E2Mu/Central/muons/2/eta in Skim_TriLep_DYJets10to50.root
2026-04-10 20:14:42,071 - INFO - [2023] MISSING_CENTRAL: WZ1E2Mu/Central/muons/2/eta in Skim_TriLep_TTG_PTG200toInf.root
2026-04-10 20:14:46,678 - INFO - [2023] MISSING_CENTRAL: WZ1E2Mu/Central/muons/2/eta in Skim_TriLep_DYJets10to50.root
2026-04-10 20:14:46,680 - INFO - [2023] MISSING_CENTRAL: WZ1E2Mu/Central/muons/2/eta in Skim_TriLep_TTG_PTG200toInf.root
2026-04-10 20:14:46,683 - INFO - [2023] MISSING_FILE: /home/choij/Sync/workspace/ChargedHiggsAnalysisV3/SKNanoOutput/PromptAnalyzer/Run1E2Mu_RunNoWZSF_RunSyst_RunCR_NoTreeMode/2023/Skim_TriLep_ZZTo4L_powheg.root
2026-04-10 20:14:46,687 - INFO - [2023] MISSING_FILE: /home/choij/Sync/workspace/ChargedHiggsAnalysisV3/SKNanoOutput/PromptAnalyzer/Run1E2Mu_RunNoWZSF_RunSyst_RunCR_NoTreeMode/2023/Skim_TriLep_VBFHToZZTo4L.root
2026-04-10 20:14:46,687 - INFO - [2023] MISSING_FILE: /home/choij/Sync/workspace/ChargedHiggsAnalysisV3/SKNanoOutput/PromptAnalyzer/Run1E2Mu_RunNoWZSF_RunSyst_RunCR_NoTreeMode/2023/Skim_TriLep_ggHToZZTo4L.root
2026-04-12 11:29:29,643 - INFO - [2023] MISSING_CENTRAL: WZ1E2Mu/Central/muons/2/eta in Skim_TriLep_DYJets10to50.root
2026-04-12 11:29:29,672 - INFO - [2023] MISSING_CENTRAL: WZ1E2Mu/Central/muons/2/eta in Skim_TriLep_TTG_PTG200toInf.root
2026-04-12 11:29:34,451 - INFO - [2023] MISSING_CENTRAL: WZ1E2Mu/Central/muons/2/eta in Skim_TriLep_DYJets10to50.root
2026-04-12 11:29:34,454 - INFO - [2023] MISSING_CENTRAL: WZ1E2Mu/Central/muons/2/eta in Skim_TriLep_TTG_PTG200toInf.root
2026-04-12 11:29:34,458 - INFO - [2023] MISSING_FILE: /home/choij/Sync/workspace/ChargedHiggsAnalysisV3/SKNanoOutput/PromptAnalyzer/Run1E2Mu_RunNoWZSF_RunSyst_RunCR_NoTreeMode/2023/Skim_TriLep_ZZTo4L_powheg.root
2026-04-12 11:29:34,461 - INFO - [2023] MISSING_FILE: /home/choij/Sync/workspace/ChargedHiggsAnalysisV3/SKNanoOutput/PromptAnalyzer/Run1E2Mu_RunNoWZSF_RunSyst_RunCR_NoTreeMode/2023/Skim_TriLep_VBFHToZZTo4L.root
2026-04-12 11:29:34,462 - INFO - [2023] MISSING_FILE: /home/choij/Sync/workspace/ChargedHiggsAnalysisV3/SKNanoOutput/PromptAnalyzer/Run1E2Mu_RunNoWZSF_RunSyst_RunCR_NoTreeMode/2023/Skim_TriLep_ggHToZZTo4L.root
2026-04-12 12:11:57,829 - INFO - [2023] MISSING_CENTRAL: WZ1E2Mu/Central/muons/2/eta in Skim_TriLep_DYJets10to50.root
2026-04-12 12:11:57,842 - INFO - [2023] MISSING_CENTRAL: WZ1E2Mu/Central/muons/2/eta in Skim_TriLep_TTG_PTG200toInf.root
2026-04-12 12:12:02,350 - INFO - [2023] MISSING_CENTRAL: WZ1E2Mu/Central/muons/2/eta in Skim_TriLep_DYJets10to50.root
2026-04-12 12:12:02,352 - INFO - [2023] MISSING_CENTRAL: WZ1E2Mu/Central/muons/2/eta in Skim_TriLep_TTG_PTG200toInf.root
2026-04-12 12:12:02,356 - INFO - [2023] MISSING_FILE: /home/choij/Sync/workspace/ChargedHiggsAnalysisV3/SKNanoOutput/PromptAnalyzer/Run1E2Mu_RunNoWZSF_RunSyst_RunCR_NoTreeMode/2023/Skim_TriLep_ZZTo4L_powheg.root
2026-04-12 12:12:02,359 - INFO - [2023] MISSING_FILE: /home/choij/Sync/workspace/ChargedHiggsAnalysisV3/SKNanoOutput/PromptAnalyzer/Run1E2Mu_RunNoWZSF_RunSyst_RunCR_NoTreeMode/2023/Skim_TriLep_VBFHToZZTo4L.root
2026-04-12 12:12:02,360 - INFO - [2023] MISSING_FILE: /home/choij/Sync/workspace/ChargedHiggsAnalysisV3/SKNanoOutput/PromptAnalyzer/Run1E2Mu_RunNoWZSF_RunSyst_RunCR_NoTreeMode/2023/Skim_TriLep_ggHToZZTo4L.root
2026-04-12 12:31:37,073 - INFO - [2023] MISSING_CENTRAL: WZ1E2Mu/Central/muons/2/eta in Skim_TriLep_DYJets10to50.root
2026-04-12 12:31:37,085 - INFO - [2023] MISSING_CENTRAL: WZ1E2Mu/Central/muons/2/eta in Skim_TriLep_TTG_PTG200toInf.root
2026-04-12 12:31:41,744 - INFO - [2023] MISSING_CENTRAL: WZ1E2Mu/Central/muons/2/eta in Skim_TriLep_DYJets10to50.root
2026-04-12 12:31:41,746 - INFO - [2023] MISSING_CENTRAL: WZ1E2Mu/Central/muons/2/eta in Skim_TriLep_TTG_PTG200toInf.root
2026-04-12 12:31:41,750 - INFO - [2023] MISSING_FILE: /home/choij/Sync/workspace/ChargedHiggsAnalysisV3/SKNanoOutput/PromptAnalyzer/Run1E2Mu_RunNoWZSF_RunSyst_RunCR_NoTreeMode/2023/Skim_TriLep_ZZTo4L_powheg.root
2026-04-12 12:31:41,754 - INFO - [2023] MISSING_FILE: /home/choij/Sync/workspace/ChargedHiggsAnalysisV3/SKNanoOutput/PromptAnalyzer/Run1E2Mu_RunNoWZSF_RunSyst_RunCR_NoTreeMode/2023/Skim_TriLep_VBFHToZZTo4L.root
2026-04-12 12:31:41,755 - INFO - [2023] MISSING_FILE: /home/choij/Sync/workspace/ChargedHiggsAnalysisV3/SKNanoOutput/PromptAnalyzer/Run1E2Mu_RunNoWZSF_RunSyst_RunCR_NoTreeMode/2023/Skim_TriLep_ggHToZZTo4L.root
2026-04-12 20:39:34,140 - INFO - [2023] MISSING_CENTRAL: WZ1E2Mu/Central/muons/2/eta in Skim_TriLep_DYJets10to50.root
2026-04-12 20:39:34,152 - INFO - [2023] MISSING_CENTRAL: WZ1E2Mu/Central/muons/2/eta in Skim_TriLep_TTG_PTG200toInf.root
2026-04-12 20:39:38,440 - INFO - [2023] MISSING_CENTRAL: WZ1E2Mu/Central/muons/2/eta in Skim_TriLep_DYJets10to50.root
2026-04-12 20:39:38,442 - INFO - [2023] MISSING_CENTRAL: WZ1E2Mu/Central/muons/2/eta in Skim_TriLep_TTG_PTG200toInf.root
2026-04-12 20:39:38,445 - INFO - [2023] MISSING_FILE: /home/choij/Sync/workspace/ChargedHiggsAnalysisV3/SKNanoOutput/PromptAnalyzer/Run1E2Mu_RunNoWZSF_RunSyst_RunCR_NoTreeMode/2023/Skim_TriLep_ZZTo4L_powheg.root
2026-04-12 20:39:38,449 - INFO - [2023] MISSING_FILE: /home/choij/Sync/workspace/ChargedHiggsAnalysisV3/SKNanoOutput/PromptAnalyzer/Run1E2Mu_RunNoWZSF_RunSyst_RunCR_NoTreeMode/2023/Skim_TriLep_VBFHToZZTo4L.root
2026-04-12 20:39:38,449 - INFO - [2023] MISSING_FILE: /home/choij/Sync/workspace/ChargedHiggsAnalysisV3/SKNanoOutput/PromptAnalyzer/Run1E2Mu_RunNoWZSF_RunSyst_RunCR_NoTreeMode/2023/Skim_TriLep_ggHToZZTo4L.root
2026-04-12 21:11:14,797 - INFO - [2023] MISSING_CENTRAL: WZ1E2Mu/Central/muons/2/eta in Skim_TriLep_DYJets10to50.root
2026-04-12 21:11:14,810 - INFO - [2023] MISSING_CENTRAL: WZ1E2Mu/Central/muons/2/eta in Skim_TriLep_TTG_PTG200toInf.root
2026-04-12 21:11:19,254 - INFO - [2023] MISSING_CENTRAL: WZ1E2Mu/Central/muons/2/eta in Skim_TriLep_DYJets10to50.root
2026-04-12 21:11:19,256 - INFO - [2023] MISSING_CENTRAL: WZ1E2Mu/Central/muons/2/eta in Skim_TriLep_TTG_PTG200toInf.root
2026-04-12 21:11:19,259 - INFO - [2023] MISSING_FILE: /home/choij/Sync/workspace/ChargedHiggsAnalysisV3/SKNanoOutput/PromptAnalyzer/Run1E2Mu_RunNoWZSF_RunSyst_RunCR_NoTreeMode/2023/Skim_TriLep_ZZTo4L_powheg.root
2026-04-12 21:11:19,263 - INFO - [2023] MISSING_FILE: /home/choij/Sync/workspace/ChargedHiggsAnalysisV3/SKNanoOutput/PromptAnalyzer/Run1E2Mu_RunNoWZSF_RunSyst_RunCR_NoTreeMode/2023/Skim_TriLep_VBFHToZZTo4L.root
2026-04-12 21:11:19,263 - INFO - [2023] MISSING_FILE: /home/choij/Sync/workspace/ChargedHiggsAnalysisV3/SKNanoOutput/PromptAnalyzer/Run1E2Mu_RunNoWZSF_RunSyst_RunCR_NoTreeMode/2023/Skim_TriLep_ggHToZZTo4L.root
2026-04-13 12:48:39,564 - INFO - [2023] MISSING_CENTRAL: WZ1E2Mu/Central/muons/2/eta in Skim_TriLep_DYJets10to50.root
2026-04-13 12:48:39,593 - INFO - [2023] MISSING_CENTRAL: WZ1E2Mu/Central/muons/2/eta in Skim_TriLep_TTG_PTG200toInf.root
2026-04-13 12:48:44,248 - INFO - [2023] MISSING_CENTRAL: WZ1E2Mu/Central/muons/2/eta in Skim_TriLep_DYJets10to50.root
2026-04-13 12:48:44,250 - INFO - [2023] MISSING_CENTRAL: WZ1E2Mu/Central/muons/2/eta in Skim_TriLep_TTG_PTG200toInf.root
2026-04-13 12:48:44,254 - INFO - [2023] MISSING_FILE: /home/choij/Sync/workspace/ChargedHiggsAnalysisV3/SKNanoOutput/PromptAnalyzer/Run1E2Mu_RunNoWZSF_RunSyst_RunCR_NoTreeMode/2023/Skim_TriLep_ZZTo4L_powheg.root
2026-04-13 12:48:44,259 - INFO - [2023] MISSING_FILE: /home/choij/Sync/workspace/ChargedHiggsAnalysisV3/SKNanoOutput/PromptAnalyzer/Run1E2Mu_RunNoWZSF_RunSyst_RunCR_NoTreeMode/2023/Skim_TriLep_VBFHToZZTo4L.root
2026-04-13 12:48:44,259 - INFO - [2023] MISSING_FILE: /home/choij/Sync/workspace/ChargedHiggsAnalysisV3/SKNanoOutput/PromptAnalyzer/Run1E2Mu_RunNoWZSF_RunSyst_RunCR_NoTreeMode/2023/Skim_TriLep_ggHToZZTo4L.root
2026-06-12 14:09:09,654 - INFO - [2023] MISSING_CENTRAL: WZ1E2Mu/Central/muons/2/eta in Skim_TriLep_DYJets10to50.root
2026-06-12 14:09:09,668 - INFO - [2023] MISSING_CENTRAL: WZ1E2Mu/Central/muons/2/eta in Skim_TriLep_TTG_PTG200toInf.root
2026-06-12 14:09:14,159 - INFO - [2023] MISSING_CENTRAL: WZ1E2Mu/Central/muons/2/eta in Skim_TriLep_DYJets10to50.root
2026-06-12 14:09:14,161 - INFO - [2023] MISSING_CENTRAL: WZ1E2Mu/Central/muons/2/eta in Skim_TriLep_TTG_PTG200toInf.root
2026-06-12 14:09:14,165 - INFO - [2023] MISSING_FILE: /home/choij/Sync/workspace/ChargedHiggsAnalysisV3/SKNanoOutput/PromptAnalyzer/Run1E2Mu_RunNoWZSF_RunSyst_RunCR_NoTreeMode/2023/Skim_TriLep_ZZTo4L_powheg.root
2026-06-12 14:09:14,169 - INFO - [2023] MISSING_FILE: /home/choij/Sync/workspace/ChargedHiggsAnalysisV3/SKNanoOutput/PromptAnalyzer/Run1E2Mu_RunNoWZSF_RunSyst_RunCR_NoTreeMode/2023/Skim_TriLep_VBFHToZZTo4L.root
2026-06-12 14:09:14,169 - INFO - [2023] MISSING_FILE: /home/choij/Sync/workspace/ChargedHiggsAnalysisV3/SKNanoOutput/PromptAnalyzer/Run1E2Mu_RunNoWZSF_RunSyst_RunCR_NoTreeMode/2023/Skim_TriLep_ggHToZZTo4L.root
2026-06-12 14:32:22,005 - INFO - [2023] MISSING_CENTRAL: WZ1E2Mu/Central/muons/2/eta in Skim_TriLep_DYJets10to50.root
2026-06-12 14:32:22,018 - INFO - [2023] MISSING_CENTRAL: WZ1E2Mu/Central/muons/2/eta in Skim_TriLep_TTG_PTG200toInf.root
2026-06-12 14:32:26,780 - INFO - [2023] MISSING_CENTRAL: WZ1E2Mu/Central/muons/2/eta in Skim_TriLep_DYJets10to50.root
2026-06-12 14:32:26,782 - INFO - [2023] MISSING_CENTRAL: WZ1E2Mu/Central/muons/2/eta in Skim_TriLep_TTG_PTG200toInf.root
2026-06-12 14:32:26,786 - INFO - [2023] MISSING_FILE: /home/choij/Sync/workspace/ChargedHiggsAnalysisV3/SKNanoOutput/PromptAnalyzer/Run1E2Mu_RunNoWZSF_RunSyst_RunCR_NoTreeMode/2023/Skim_TriLep_ZZTo4L_powheg.root
2026-06-12 14:32:26,789 - INFO - [2023] MISSING_FILE: /home/choij/Sync/workspace/ChargedHiggsAnalysisV3/SKNanoOutput/PromptAnalyzer/Run1E2Mu_RunNoWZSF_RunSyst_RunCR_NoTreeMode/2023/Skim_TriLep_VBFHToZZTo4L.root
2026-06-12 14:32:26,789 - INFO - [2023] MISSING_FILE: /home/choij/Sync/workspace/ChargedHiggsAnalysisV3/SKNanoOutput/PromptAnalyzer/Run1E2Mu_RunNoWZSF_RunSyst_RunCR_NoTreeMode/2023/Skim_TriLep_ggHToZZTo4L.root
2026-06-18 00:27:00,618 - INFO - [2023] MISSING_CENTRAL: WZ1E2Mu/Central/muons/2/eta in Skim_TriLep_DYJets10to50.root
2026-06-18 00:27:00,632 - INFO - [2023] MISSING_CENTRAL: WZ1E2Mu/Central/muons/2/eta in Skim_TriLep_TTG_PTG200toInf.root
2026-06-18 00:27:05,456 - INFO - [2023] MISSING_CENTRAL: WZ1E2Mu/Central/muons/2/eta in Skim_TriLep_DYJets10to50.root
2026-06-18 00:27:05,458 - INFO - [2023] MISSING_CENTRAL: WZ1E2Mu/Central/muons/2/eta in Skim_TriLep_TTG_PTG200toInf.root
2026-06-29 16:38:41,184 - INFO - [2023] MISSING_CENTRAL: WZ1E2Mu/Central/muons/2/eta in Skim_TriLep_DYJets10to50.root
2026-06-29 16:38:41,197 - INFO - [2023] MISSING_CENTRAL: WZ1E2Mu/Central/muons/2/eta in Skim_TriLep_TTG_PTG200toInf.root
2026-06-29 16:38:41,570 - INFO - [2023] MISSING_FILE: /data9/Users/choij/Sync/workspace/ChargedHiggsAnalysisV3/SKNanoOutput/PromptAnalyzer/Run1E2Mu_RunSyst_RunCR_NoTreeMode/2023/Skim_TriLep_tHW.root
2026-06-29 16:38:41,571 - INFO - [2023] MISSING_FILE: /data9/Users/choij/Sync/workspace/ChargedHiggsAnalysisV3/SKNanoOutput/PromptAnalyzer/Run1E2Mu_RunSyst_RunCR_NoTreeMode/2023/Skim_TriLep_tWZ_thadWlep.root
2026-06-29 16:38:41,571 - INFO - [2023] MISSING_FILE: /data9/Users/choij/Sync/workspace/ChargedHiggsAnalysisV3/SKNanoOutput/PromptAnalyzer/Run1E2Mu_RunSyst_RunCR_NoTreeMode/2023/Skim_TriLep_tWZ_tlepWhad.root
2026-06-29 16:38:41,571 - INFO - [2023] MISSING_FILE: /data9/Users/choij/Sync/workspace/ChargedHiggsAnalysisV3/SKNanoOutput/PromptAnalyzer/Run1E2Mu_RunSyst_RunCR_NoTreeMode/2023/Skim_TriLep_tWZ_tlepWlep.root
2026-06-29 16:38:45,529 - INFO - [2023] MISSING_CENTRAL: WZ1E2Mu/Central/muons/2/eta in Skim_TriLep_DYJets10to50.root
2026-06-29 16:38:45,532 - INFO - [2023] MISSING_CENTRAL: WZ1E2Mu/Central/muons/2/eta in Skim_TriLep_TTG_PTG200toInf.root
2026-06-29 16:38:45,539 - INFO - [2023] MISSING_FILE: /data9/Users/choij/Sync/workspace/ChargedHiggsAnalysisV3/SKNanoOutput/PromptAnalyzer/Run1E2Mu_RunSyst_RunCR_NoTreeMode/2023/Skim_TriLep_tHW.root
2026-06-29 16:38:45,539 - INFO - [2023] MISSING_FILE: /data9/Users/choij/Sync/workspace/ChargedHiggsAnalysisV3/SKNanoOutput/PromptAnalyzer/Run1E2Mu_RunSyst_RunCR_NoTreeMode/2023/Skim_TriLep_tWZ_thadWlep.root
2026-06-29 16:38:45,540 - INFO - [2023] MISSING_FILE: /data9/Users/choij/Sync/workspace/ChargedHiggsAnalysisV3/SKNanoOutput/PromptAnalyzer/Run1E2Mu_RunSyst_RunCR_NoTreeMode/2023/Skim_TriLep_tWZ_tlepWhad.root
2026-06-29 16:38:45,540 - INFO - [2023] MISSING_FILE: /data9/Users/choij/Sync/workspace/ChargedHiggsAnalysisV3/SKNanoOutput/PromptAnalyzer/Run1E2Mu_RunSyst_RunCR_NoTreeMode/2023/Skim_TriLep_tWZ_tlepWlep.root
2026-07-01 05:33:38,233 - INFO - [2023] MISSING_CENTRAL: WZ1E2Mu/Central/muons/2/eta in Skim_TriLep_DYJets10to50.root
2026-07-01 05:33:38,247 - INFO - [2023] MISSING_CENTRAL: WZ1E2Mu/Central/muons/2/eta in Skim_TriLep_TTG_PTG200toInf.root
2026-07-01 05:33:42,377 - INFO - [2023] MISSING_CENTRAL: WZ1E2Mu/Central/muons/2/eta in Skim_TriLep_DYJets10to50.root
2026-07-01 05:33:42,380 - INFO - [2023] MISSING_CENTRAL: WZ1E2Mu/Central/muons/2/eta in Skim_TriLep_TTG_PTG200toInf.root
2026-07-01 05:59:28,289 - INFO - [2023] MISSING_FILE: /data9/Users/choij/Sync/workspace/ChargedHiggsAnalysisV3/SKNanoOutput/PromptAnalyzer/Run1E2Mu_RunCR_NoTreeMode/2023/Skim_TriLep_MuonEG_C_v1.root
2026-07-01 05:59:28,289 - INFO - [2023] MISSING_FILE: /data9/Users/choij/Sync/workspace/ChargedHiggsAnalysisV3/SKNanoOutput/PromptAnalyzer/Run1E2Mu_RunCR_NoTreeMode/2023/Skim_TriLep_MuonEG_C_v2.root
2026-07-01 05:59:28,289 - INFO - [2023] MISSING_FILE: /data9/Users/choij/Sync/workspace/ChargedHiggsAnalysisV3/SKNanoOutput/PromptAnalyzer/Run1E2Mu_RunCR_NoTreeMode/2023/Skim_TriLep_MuonEG_C_v3.root
2026-07-01 05:59:28,289 - INFO - [2023] MISSING_FILE: /data9/Users/choij/Sync/workspace/ChargedHiggsAnalysisV3/SKNanoOutput/PromptAnalyzer/Run1E2Mu_RunCR_NoTreeMode/2023/Skim_TriLep_MuonEG_C_v4.root
2026-07-01 05:59:30,790 - INFO - [2023] MISSING_FILE: /data9/Users/choij/Sync/workspace/ChargedHiggsAnalysisV3/SKNanoOutput/PromptAnalyzer/Run1E2Mu_RunCR_NoTreeMode/2023/Skim_TriLep_MuonEG_C_v1.root
2026-07-01 05:59:30,790 - INFO - [2023] MISSING_FILE: /data9/Users/choij/Sync/workspace/ChargedHiggsAnalysisV3/SKNanoOutput/PromptAnalyzer/Run1E2Mu_RunCR_NoTreeMode/2023/Skim_TriLep_MuonEG_C_v2.root
2026-07-01 05:59:30,791 - INFO - [2023] MISSING_FILE: /data9/Users/choij/Sync/workspace/ChargedHiggsAnalysisV3/SKNanoOutput/PromptAnalyzer/Run1E2Mu_RunCR_NoTreeMode/2023/Skim_TriLep_MuonEG_C_v3.root
2026-07-01 05:59:30,791 - INFO - [2023] MISSING_FILE: /data9/Users/choij/Sync/workspace/ChargedHiggsAnalysisV3/SKNanoOutput/PromptAnalyzer/Run1E2Mu_RunCR_NoTreeMode/2023/Skim_TriLep_MuonEG_C_v4.root
2026-07-01 06:51:21,923 - INFO - [2023] MISSING_CENTRAL: WZ1E2Mu/Central/muons/2/eta in Skim_TriLep_DYJets10to50.root
2026-07-01 06:51:21,936 - INFO - [2023] MISSING_CENTRAL: WZ1E2Mu/Central/muons/2/eta in Skim_TriLep_TTG_PTG200toInf.root
2026-07-01 06:51:26,088 - INFO - [2023] MISSING_CENTRAL: WZ1E2Mu/Central/muons/2/eta in Skim_TriLep_DYJets10to50.root
2026-07-01 06:51:26,091 - INFO - [2023] MISSING_CENTRAL: WZ1E2Mu/Central/muons/2/eta in Skim_TriLep_TTG_PTG200toInf.root
2026-07-01 15:26:37,180 - INFO - [2023] MISSING_CENTRAL: WZ1E2Mu/Central/muons/2/eta in Skim_TriLep_DYJets10to50.root
2026-07-01 15:26:37,221 - INFO - [2023] MISSING_CENTRAL: WZ1E2Mu/Central/muons/2/eta in Skim_TriLep_TTG_PTG200toInf.root
2026-07-01 15:26:41,945 - INFO - [2023] MISSING_CENTRAL: WZ1E2Mu/Central/muons/2/eta in Skim_TriLep_DYJets10to50.root
2026-07-01 15:26:41,949 - INFO - [2023] MISSING_CENTRAL: WZ1E2Mu/Central/muons/2/eta in Skim_TriLep_TTG_PTG200toInf.root
2026-07-01 17:41:28,466 - INFO - [2023] MISSING_CENTRAL: WZ1E2Mu/Central/muons/2/eta in Skim_TriLep_DYJets10to50.root
2026-07-01 17:41:28,482 - INFO - [2023] MISSING_CENTRAL: WZ1E2Mu/Central/muons/2/eta in Skim_TriLep_TTG_PTG200toInf.root
2026-07-01 17:41:33,321 - INFO - [2023] MISSING_CENTRAL: WZ1E2Mu/Central/muons/2/eta in Skim_TriLep_DYJets10to50.root
2026-07-01 17:41:33,326 - INFO - [2023] MISSING_CENTRAL: WZ1E2Mu/Central/muons/2/eta in Skim_TriLep_TTG_PTG200toInf.root
