2025-09-24 15:50:26,298 - INFO - [2016preVFP] MISSING_CENTRAL: ZFake1E2Mu/Central/jets/1/phi in Skim_TriLep_DYJets.root
2025-09-24 15:50:26,298 - INFO - [2016preVFP] MISSING_CENTRAL: ZFake1E2Mu/Central/jets/1/phi in Skim_TriLep_DYJets10to50.root
2025-09-24 15:50:26,505 - INFO - [2016postVFP] MISSING_CENTRAL: ZFake1E2Mu/Central/jets/1/phi in Skim_TriLep_DYJets10to50.root
2025-09-24 15:50:26,736 - INFO - [2017] MISSING_CENTRAL: ZFake1E2Mu/Central/jets/1/phi in Skim_TriLep_DYJets.root
2025-09-24 15:50:26,736 - INFO - [2017] MISSING_CENTRAL: ZFake1E2Mu/Central/jets/1/phi in Skim_TriLep_DYJets10to50.root
2025-09-24 15:50:26,963 - INFO - [2018] MISSING_CENTRAL: ZFake1E2Mu/Central/jets/1/phi in Skim_TriLep_DYJets.root
2025-09-24 15:50:26,963 - INFO - [2018] MISSING_CENTRAL: ZFake1E2Mu/Central/jets/1/phi in Skim_TriLep_DYJets10to50.root
2025-09-24 15:50:26,983 - INFO - [2018] MISSING_FILE: /Users/choij/Sync/workspace/ChargedHiggsAnalysisV3/SKNanoOutput/PromptSelector/Run1E2Mu_RunSyst/2018/Skim_TriLep_TTG.root
2025-09-24 15:50:27,017 - INFO - [2018] MISSING_FILE: /Users/choij/Sync/workspace/ChargedHiggsAnalysisV3/SKNanoOutput/PromptSelector/Run1E2Mu_RunSyst/2018/Skim_TriLep_TTHToNonbb.root
2025-09-24 15:50:27,056 - INFO - [2018] MISSING_FILE: /Users/choij/Sync/workspace/ChargedHiggsAnalysisV3/SKNanoOutput/PromptSelector/Run1E2Mu_RunSyst/2018/Skim_TriLep_tHq.root
2025-09-24 15:50:27,135 - INFO - [2018] MISSING_FILE: /Users/choij/Sync/workspace/ChargedHiggsAnalysisV3/SKNanoOutput/PromptSelector/Run1E2Mu_RunSyst/2018/Skim_TriLep_VBFHToZZTo4L.root
2025-10-02 21:14:25,583 - INFO - [2016preVFP] MISSING_CENTRAL: ZFake1E2Mu/Central/jets/1/phi in Skim_TriLep_DYJets.root
2025-10-02 21:14:25,585 - INFO - [2016preVFP] MISSING_CENTRAL: ZFake1E2Mu/Central/jets/1/phi in Skim_TriLep_DYJets10to50.root
2025-10-02 21:14:25,880 - INFO - [2016postVFP] MISSING_CENTRAL: ZFake1E2Mu/Central/jets/1/phi in Skim_TriLep_DYJets10to50.root
2025-10-02 21:14:26,242 - INFO - [2017] MISSING_CENTRAL: ZFake1E2Mu/Central/jets/1/phi in Skim_TriLep_DYJets.root
2025-10-02 21:14:26,256 - INFO - [2017] MISSING_CENTRAL: ZFake1E2Mu/Central/jets/1/phi in Skim_TriLep_DYJets10to50.root
2025-10-02 21:14:26,656 - INFO - [2018] MISSING_CENTRAL: ZFake1E2Mu/Central/jets/1/phi in Skim_TriLep_DYJets.root
2025-10-02 21:14:26,657 - INFO - [2018] MISSING_CENTRAL: ZFake1E2Mu/Central/jets/1/phi in Skim_TriLep_DYJets10to50.root
2025-10-02 21:14:26,673 - INFO - [2018] MISSING_FILE: /data9/Users/choij/Sync/workspace/ChargedHiggsAnalysisV3/SKNanoOutput/PromptSelector/Run1E2Mu_RunSyst/2018/Skim_TriLep_TTG.root
2025-10-02 21:14:26,715 - INFO - [2018] MISSING_FILE: /data9/Users/choij/Sync/workspace/ChargedHiggsAnalysisV3/SKNanoOutput/PromptSelector/Run1E2Mu_RunSyst/2018/Skim_TriLep_TTHToNonbb.root
2025-10-02 21:14:26,797 - INFO - [2018] MISSING_FILE: /data9/Users/choij/Sync/workspace/ChargedHiggsAnalysisV3/SKNanoOutput/PromptSelector/Run1E2Mu_RunSyst/2018/Skim_TriLep_tHq.root
2025-10-02 21:14:26,942 - INFO - [2018] MISSING_FILE: /data9/Users/choij/Sync/workspace/ChargedHiggsAnalysisV3/SKNanoOutput/PromptSelector/Run1E2Mu_RunSyst/2018/Skim_TriLep_VBFHToZZTo4L.root
2025-10-03 00:02:55,235 - INFO - [2016preVFP] MISSING_CENTRAL: ZFake1E2Mu/Central/jets/1/phi in Skim_TriLep_DYJets.root
2025-10-03 00:02:55,235 - INFO - [2016preVFP] MISSING_CENTRAL: ZFake1E2Mu/Central/jets/1/phi in Skim_TriLep_DYJets10to50.root
2025-10-03 00:02:55,379 - INFO - [2016postVFP] MISSING_CENTRAL: ZFake1E2Mu/Central/jets/1/phi in Skim_TriLep_DYJets10to50.root
2025-10-03 00:02:55,649 - INFO - [2017] MISSING_CENTRAL: ZFake1E2Mu/Central/jets/1/phi in Skim_TriLep_DYJets.root
2025-10-03 00:02:55,649 - INFO - [2017] MISSING_CENTRAL: ZFake1E2Mu/Central/jets/1/phi in Skim_TriLep_DYJets10to50.root
2025-10-03 00:02:55,787 - INFO - [2018] MISSING_CENTRAL: ZFake1E2Mu/Central/jets/1/phi in Skim_TriLep_DYJets.root
2025-10-03 00:02:55,787 - INFO - [2018] MISSING_CENTRAL: ZFake1E2Mu/Central/jets/1/phi in Skim_TriLep_DYJets10to50.root
2025-10-03 00:02:55,794 - INFO - [2018] MISSING_FILE: /Users/choij/Sync/workspace/ChargedHiggsAnalysisV3/SKNanoOutput/PromptSelector/Run1E2Mu_RunSyst/2018/Skim_TriLep_TTG.root
2025-10-03 00:02:55,827 - INFO - [2018] MISSING_FILE: /Users/choij/Sync/workspace/ChargedHiggsAnalysisV3/SKNanoOutput/PromptSelector/Run1E2Mu_RunSyst/2018/Skim_TriLep_TTHToNonbb.root
2025-10-03 00:02:55,858 - INFO - [2018] MISSING_FILE: /Users/choij/Sync/workspace/ChargedHiggsAnalysisV3/SKNanoOutput/PromptSelector/Run1E2Mu_RunSyst/2018/Skim_TriLep_tHq.root
2025-10-03 00:02:55,893 - INFO - [2018] MISSING_FILE: /Users/choij/Sync/workspace/ChargedHiggsAnalysisV3/SKNanoOutput/PromptSelector/Run1E2Mu_RunSyst/2018/Skim_TriLep_VBFHToZZTo4L.root
2025-11-05 22:03:55,483 - INFO - [2016preVFP] MISSING_CENTRAL: ZFake1E2Mu/Central/jets/1/phi in Skim_TriLep_DYJets.root
2025-11-05 22:03:55,484 - INFO - [2016preVFP] MISSING_CENTRAL: ZFake1E2Mu/Central/jets/1/phi in Skim_TriLep_DYJets10to50.root
2025-11-05 22:03:55,649 - INFO - [2016postVFP] MISSING_CENTRAL: ZFake1E2Mu/Central/jets/1/phi in Skim_TriLep_DYJets10to50.root
2025-11-05 22:03:55,943 - INFO - [2017] MISSING_CENTRAL: ZFake1E2Mu/Central/jets/1/phi in Skim_TriLep_DYJets.root
2025-11-05 22:03:55,953 - INFO - [2017] MISSING_CENTRAL: ZFake1E2Mu/Central/jets/1/phi in Skim_TriLep_DYJets10to50.root
2025-11-05 22:03:56,198 - INFO - [2018] MISSING_CENTRAL: ZFake1E2Mu/Central/jets/1/phi in Skim_TriLep_DYJets.root
2025-11-05 22:03:56,200 - INFO - [2018] MISSING_CENTRAL: ZFake1E2Mu/Central/jets/1/phi in Skim_TriLep_DYJets10to50.root
2025-11-05 22:19:39,013 - INFO - [2016preVFP] MISSING_CENTRAL: ZFake1E2Mu/Central/jets/1/phi in Skim_TriLep_DYJets.root
2025-11-05 22:19:39,014 - INFO - [2016preVFP] MISSING_CENTRAL: ZFake1E2Mu/Central/jets/1/phi in Skim_TriLep_DYJets10to50.root
2025-11-05 22:19:39,258 - INFO - [2016postVFP] MISSING_CENTRAL: ZFake1E2Mu/Central/jets/1/phi in Skim_TriLep_DYJets10to50.root
2025-11-05 22:19:39,441 - INFO - [2017] MISSING_CENTRAL: ZFake1E2Mu/Central/jets/1/phi in Skim_TriLep_DYJets.root
2025-11-05 22:19:39,442 - INFO - [2017] MISSING_CENTRAL: ZFake1E2Mu/Central/jets/1/phi in Skim_TriLep_DYJets10to50.root
2025-11-05 22:19:39,648 - INFO - [2018] MISSING_CENTRAL: ZFake1E2Mu/Central/jets/1/phi in Skim_TriLep_DYJets.root
2025-11-05 22:19:39,652 - INFO - [2018] MISSING_CENTRAL: ZFake1E2Mu/Central/jets/1/phi in Skim_TriLep_DYJets10to50.root
2025-11-05 23:24:13,465 - INFO - [2016preVFP] MISSING_CENTRAL: ZFake1E2Mu/Central/jets/1/phi in Skim_TriLep_DYJets.root
2025-11-05 23:24:13,466 - INFO - [2016preVFP] MISSING_CENTRAL: ZFake1E2Mu/Central/jets/1/phi in Skim_TriLep_DYJets10to50.root
2025-11-05 23:24:13,638 - INFO - [2016postVFP] MISSING_CENTRAL: ZFake1E2Mu/Central/jets/1/phi in Skim_TriLep_DYJets10to50.root
2025-11-05 23:24:13,795 - INFO - [2017] MISSING_CENTRAL: ZFake1E2Mu/Central/jets/1/phi in Skim_TriLep_DYJets.root
2025-11-05 23:24:13,796 - INFO - [2017] MISSING_CENTRAL: ZFake1E2Mu/Central/jets/1/phi in Skim_TriLep_DYJets10to50.root
2025-11-05 23:24:13,934 - INFO - [2018] MISSING_CENTRAL: ZFake1E2Mu/Central/jets/1/phi in Skim_TriLep_DYJets.root
2025-11-05 23:24:13,935 - INFO - [2018] MISSING_CENTRAL: ZFake1E2Mu/Central/jets/1/phi in Skim_TriLep_DYJets10to50.root
2025-11-07 12:27:23,989 - INFO - [2016preVFP] MISSING_CENTRAL: ZFake1E2Mu/Central/jets/1/phi in Skim_TriLep_DYJets.root
2025-11-07 12:27:23,990 - INFO - [2016preVFP] MISSING_CENTRAL: ZFake1E2Mu/Central/jets/1/phi in Skim_TriLep_DYJets10to50.root
2025-11-07 12:27:24,143 - INFO - [2016postVFP] MISSING_CENTRAL: ZFake1E2Mu/Central/jets/1/phi in Skim_TriLep_DYJets10to50.root
2025-11-07 12:27:24,401 - INFO - [2017] MISSING_CENTRAL: ZFake1E2Mu/Central/jets/1/phi in Skim_TriLep_DYJets.root
2025-11-07 12:27:24,402 - INFO - [2017] MISSING_CENTRAL: ZFake1E2Mu/Central/jets/1/phi in Skim_TriLep_DYJets10to50.root
2025-11-07 12:27:24,597 - INFO - [2018] MISSING_CENTRAL: ZFake1E2Mu/Central/jets/1/phi in Skim_TriLep_DYJets.root
2025-11-07 12:27:24,597 - INFO - [2018] MISSING_CENTRAL: ZFake1E2Mu/Central/jets/1/phi in Skim_TriLep_DYJets10to50.root
2025-11-07 13:08:01,236 - INFO - [2016preVFP] MISSING_CENTRAL: ZFake1E2Mu/Central/jets/1/phi in Skim_TriLep_DYJets.root
2025-11-07 13:08:01,237 - INFO - [2016preVFP] MISSING_CENTRAL: ZFake1E2Mu/Central/jets/1/phi in Skim_TriLep_DYJets10to50.root
2025-11-07 13:08:01,399 - INFO - [2016postVFP] MISSING_CENTRAL: ZFake1E2Mu/Central/jets/1/phi in Skim_TriLep_DYJets10to50.root
2025-11-07 13:08:01,628 - INFO - [2017] MISSING_CENTRAL: ZFake1E2Mu/Central/jets/1/phi in Skim_TriLep_DYJets.root
2025-11-07 13:08:01,628 - INFO - [2017] MISSING_CENTRAL: ZFake1E2Mu/Central/jets/1/phi in Skim_TriLep_DYJets10to50.root
2025-11-07 13:08:01,828 - INFO - [2018] MISSING_CENTRAL: ZFake1E2Mu/Central/jets/1/phi in Skim_TriLep_DYJets.root
2025-11-07 13:08:01,829 - INFO - [2018] MISSING_CENTRAL: ZFake1E2Mu/Central/jets/1/phi in Skim_TriLep_DYJets10to50.root
2025-11-07 14:04:44,126 - INFO - [2016preVFP] MISSING_CENTRAL: ZFake1E2Mu/Central/jets/1/phi in Skim_TriLep_DYJets.root
2025-11-07 14:04:44,126 - INFO - [2016preVFP] MISSING_CENTRAL: ZFake1E2Mu/Central/jets/1/phi in Skim_TriLep_DYJets10to50.root
2025-11-07 14:04:44,305 - INFO - [2016postVFP] MISSING_CENTRAL: ZFake1E2Mu/Central/jets/1/phi in Skim_TriLep_DYJets10to50.root
2025-11-07 14:04:44,526 - INFO - [2017] MISSING_CENTRAL: ZFake1E2Mu/Central/jets/1/phi in Skim_TriLep_DYJets.root
2025-11-07 14:04:44,526 - INFO - [2017] MISSING_CENTRAL: ZFake1E2Mu/Central/jets/1/phi in Skim_TriLep_DYJets10to50.root
2025-11-07 14:04:44,682 - INFO - [2018] MISSING_CENTRAL: ZFake1E2Mu/Central/jets/1/phi in Skim_TriLep_DYJets.root
2025-11-07 14:04:44,683 - INFO - [2018] MISSING_CENTRAL: ZFake1E2Mu/Central/jets/1/phi in Skim_TriLep_DYJets10to50.root
2025-11-10 05:55:49,888 - INFO - [2016preVFP] MISSING_CENTRAL: ZFake1E2Mu/Central/jets/1/phi in Skim_TriLep_DYJets.root
2025-11-10 05:55:49,891 - INFO - [2016preVFP] MISSING_CENTRAL: ZFake1E2Mu/Central/jets/1/phi in Skim_TriLep_DYJets10to50.root
2025-11-10 05:55:50,046 - INFO - [2016postVFP] MISSING_CENTRAL: ZFake1E2Mu/Central/jets/1/phi in Skim_TriLep_DYJets10to50.root
2025-11-10 05:55:50,383 - INFO - [2017] MISSING_CENTRAL: ZFake1E2Mu/Central/jets/1/phi in Skim_TriLep_DYJets.root
2025-11-10 05:55:50,384 - INFO - [2017] MISSING_CENTRAL: ZFake1E2Mu/Central/jets/1/phi in Skim_TriLep_DYJets10to50.root
2025-11-10 05:55:50,836 - INFO - [2018] MISSING_CENTRAL: ZFake1E2Mu/Central/jets/1/phi in Skim_TriLep_DYJets.root
2025-11-10 05:55:50,837 - INFO - [2018] MISSING_CENTRAL: ZFake1E2Mu/Central/jets/1/phi in Skim_TriLep_DYJets10to50.root
2025-11-10 12:19:47,475 - INFO - [2016preVFP] MISSING_CENTRAL: ZFake1E2Mu/Central/jets/1/phi in Skim_TriLep_DYJets.root
2025-11-10 12:19:47,476 - INFO - [2016preVFP] MISSING_CENTRAL: ZFake1E2Mu/Central/jets/1/phi in Skim_TriLep_DYJets10to50.root
2025-11-10 12:19:47,693 - INFO - [2016postVFP] MISSING_CENTRAL: ZFake1E2Mu/Central/jets/1/phi in Skim_TriLep_DYJets10to50.root
2025-11-10 12:19:47,822 - INFO - [2017] MISSING_CENTRAL: ZFake1E2Mu/Central/jets/1/phi in Skim_TriLep_DYJets.root
2025-11-10 12:19:47,823 - INFO - [2017] MISSING_CENTRAL: ZFake1E2Mu/Central/jets/1/phi in Skim_TriLep_DYJets10to50.root
2025-11-10 12:19:48,046 - INFO - [2018] MISSING_CENTRAL: ZFake1E2Mu/Central/jets/1/phi in Skim_TriLep_DYJets.root
2025-11-10 12:19:48,055 - INFO - [2018] MISSING_CENTRAL: ZFake1E2Mu/Central/jets/1/phi in Skim_TriLep_DYJets10to50.root
2025-11-13 11:09:14,669 - INFO - [2016preVFP] MISSING_CENTRAL: ZFake1E2Mu/Central/jets/1/phi in Skim_TriLep_DYJets.root
2025-11-13 11:09:14,670 - INFO - [2016preVFP] MISSING_CENTRAL: ZFake1E2Mu/Central/jets/1/phi in Skim_TriLep_DYJets10to50.root
2025-11-13 11:09:14,969 - INFO - [2016postVFP] MISSING_CENTRAL: ZFake1E2Mu/Central/jets/1/phi in Skim_TriLep_DYJets10to50.root
2025-11-13 11:09:15,279 - INFO - [2017] MISSING_CENTRAL: ZFake1E2Mu/Central/jets/1/phi in Skim_TriLep_DYJets.root
2025-11-13 11:09:15,282 - INFO - [2017] MISSING_CENTRAL: ZFake1E2Mu/Central/jets/1/phi in Skim_TriLep_DYJets10to50.root
2025-11-13 11:09:15,600 - INFO - [2018] MISSING_CENTRAL: ZFake1E2Mu/Central/jets/1/phi in Skim_TriLep_DYJets.root
2025-11-13 11:09:15,603 - INFO - [2018] MISSING_CENTRAL: ZFake1E2Mu/Central/jets/1/phi in Skim_TriLep_DYJets10to50.root
2025-11-19 16:09:34,075 - INFO - [2016preVFP] MISSING_CENTRAL: ZFake1E2Mu/Central/jets/1/phi in Skim_TriLep_DYJets.root
2025-11-19 16:09:34,075 - INFO - [2016preVFP] MISSING_CENTRAL: ZFake1E2Mu/Central/jets/1/phi in Skim_TriLep_DYJets10to50.root
2025-11-19 16:09:34,215 - INFO - [2016postVFP] MISSING_CENTRAL: ZFake1E2Mu/Central/jets/1/phi in Skim_TriLep_DYJets10to50.root
2025-11-19 16:09:34,477 - INFO - [2017] MISSING_CENTRAL: ZFake1E2Mu/Central/jets/1/phi in Skim_TriLep_DYJets.root
2025-11-19 16:09:34,481 - INFO - [2017] MISSING_CENTRAL: ZFake1E2Mu/Central/jets/1/phi in Skim_TriLep_DYJets10to50.root
2025-11-19 16:09:34,652 - INFO - [2018] MISSING_CENTRAL: ZFake1E2Mu/Central/jets/1/phi in Skim_TriLep_DYJets.root
2025-11-19 16:09:34,653 - INFO - [2018] MISSING_CENTRAL: ZFake1E2Mu/Central/jets/1/phi in Skim_TriLep_DYJets10to50.root
2025-11-19 16:22:10,019 - INFO - [2016preVFP] MISSING_CENTRAL: ZFake1E2Mu/Central/jets/1/phi in Skim_TriLep_DYJets.root
2025-11-19 16:22:10,020 - INFO - [2016preVFP] MISSING_CENTRAL: ZFake1E2Mu/Central/jets/1/phi in Skim_TriLep_DYJets10to50.root
2025-11-19 16:22:10,166 - INFO - [2016postVFP] MISSING_CENTRAL: ZFake1E2Mu/Central/jets/1/phi in Skim_TriLep_DYJets10to50.root
2025-11-19 16:22:10,346 - INFO - [2017] MISSING_CENTRAL: ZFake1E2Mu/Central/jets/1/phi in Skim_TriLep_DYJets.root
2025-11-19 16:22:10,347 - INFO - [2017] MISSING_CENTRAL: ZFake1E2Mu/Central/jets/1/phi in Skim_TriLep_DYJets10to50.root
2025-11-19 16:22:10,518 - INFO - [2018] MISSING_CENTRAL: ZFake1E2Mu/Central/jets/1/phi in Skim_TriLep_DYJets.root
2025-11-19 16:22:10,518 - INFO - [2018] MISSING_CENTRAL: ZFake1E2Mu/Central/jets/1/phi in Skim_TriLep_DYJets10to50.root
2025-12-17 22:36:36,886 - INFO - [2016preVFP] MISSING_CENTRAL: ZFake1E2Mu/Central/jets/1/phi in Skim_TriLep_DYJets10to50.root
2025-12-17 22:36:37,104 - INFO - [2016postVFP] MISSING_CENTRAL: ZFake1E2Mu/Central/jets/1/phi in Skim_TriLep_DYJets10to50.root
2025-12-17 22:36:37,334 - INFO - [2017] MISSING_CENTRAL: ZFake1E2Mu/Central/jets/1/phi in Skim_TriLep_DYJets10to50.root
2025-12-17 22:36:37,568 - INFO - [2018] MISSING_CENTRAL: ZFake1E2Mu/Central/jets/1/phi in Skim_TriLep_DYJets10to50.root
2025-12-18 14:20:38,298 - INFO - [2016preVFP] MISSING_CENTRAL: ZFake1E2Mu/Central/jets/1/phi in Skim_TriLep_DYJets10to50.root
2025-12-18 14:20:38,663 - INFO - [2016postVFP] MISSING_CENTRAL: ZFake1E2Mu/Central/jets/1/phi in Skim_TriLep_DYJets10to50.root
2025-12-18 14:20:38,952 - INFO - [2017] MISSING_CENTRAL: ZFake1E2Mu/Central/jets/1/phi in Skim_TriLep_DYJets10to50.root
2025-12-18 14:20:39,240 - INFO - [2018] MISSING_CENTRAL: ZFake1E2Mu/Central/jets/1/phi in Skim_TriLep_DYJets10to50.root
2025-12-18 14:36:03,430 - INFO - [2016preVFP] MISSING_CENTRAL: ZFake1E2Mu/Central/jets/1/phi in Skim_TriLep_DYJets10to50.root
2025-12-18 14:36:03,699 - INFO - [2016postVFP] MISSING_CENTRAL: ZFake1E2Mu/Central/jets/1/phi in Skim_TriLep_DYJets10to50.root
2025-12-18 14:36:03,994 - INFO - [2017] MISSING_CENTRAL: ZFake1E2Mu/Central/jets/1/phi in Skim_TriLep_DYJets10to50.root
2025-12-18 14:36:04,398 - INFO - [2018] MISSING_CENTRAL: ZFake1E2Mu/Central/jets/1/phi in Skim_TriLep_DYJets10to50.root
2026-01-07 11:46:04,727 - INFO - [2016preVFP] MISSING_CENTRAL: ZFake1E2Mu/Central/jets/1/phi in Skim_TriLep_DYJets10to50.root
2026-01-07 11:46:04,950 - INFO - [2016postVFP] MISSING_CENTRAL: ZFake1E2Mu/Central/jets/1/phi in Skim_TriLep_DYJets10to50.root
2026-01-07 11:46:05,187 - INFO - [2017] MISSING_CENTRAL: ZFake1E2Mu/Central/jets/1/phi in Skim_TriLep_DYJets10to50.root
2026-01-07 11:46:05,436 - INFO - [2018] MISSING_CENTRAL: ZFake1E2Mu/Central/jets/1/phi in Skim_TriLep_DYJets10to50.root
2026-01-07 18:42:44,425 - INFO - [2016preVFP] MISSING_CENTRAL: ZFake1E2Mu/Central/jets/1/phi in Skim_TriLep_DYJets10to50.root
2026-01-07 18:42:44,657 - INFO - [2016postVFP] MISSING_CENTRAL: ZFake1E2Mu/Central/jets/1/phi in Skim_TriLep_DYJets10to50.root
2026-01-07 18:42:44,893 - INFO - [2017] MISSING_CENTRAL: ZFake1E2Mu/Central/jets/1/phi in Skim_TriLep_DYJets10to50.root
2026-01-07 18:42:45,133 - INFO - [2018] MISSING_CENTRAL: ZFake1E2Mu/Central/jets/1/phi in Skim_TriLep_DYJets10to50.root
2026-01-09 12:16:41,845 - INFO - [2016preVFP] MISSING_CENTRAL: ZFake1E2Mu/Central/jets/1/phi in Skim_TriLep_DYJets10to50.root
2026-01-09 12:16:42,057 - INFO - [2016postVFP] MISSING_CENTRAL: ZFake1E2Mu/Central/jets/1/phi in Skim_TriLep_DYJets10to50.root
2026-01-09 12:16:42,256 - INFO - [2017] MISSING_CENTRAL: ZFake1E2Mu/Central/jets/1/phi in Skim_TriLep_DYJets10to50.root
2026-01-09 12:16:42,402 - INFO - [2018] MISSING_CENTRAL: ZFake1E2Mu/Central/jets/1/phi in Skim_TriLep_DYJets10to50.root
2026-01-11 09:36:45,620 - INFO - [2016preVFP] MISSING_CENTRAL: ZFake1E2Mu/Central/jets/1/phi in Skim_TriLep_DYJets10to50.root
2026-01-11 09:36:45,829 - INFO - [2016postVFP] MISSING_CENTRAL: ZFake1E2Mu/Central/jets/1/phi in Skim_TriLep_DYJets10to50.root
2026-01-11 09:36:46,002 - INFO - [2017] MISSING_CENTRAL: ZFake1E2Mu/Central/jets/1/phi in Skim_TriLep_DYJets10to50.root
2026-01-11 09:36:46,242 - INFO - [2018] MISSING_CENTRAL: ZFake1E2Mu/Central/jets/1/phi in Skim_TriLep_DYJets10to50.root
2026-01-12 13:45:24,222 - INFO - [2016preVFP] MISSING_FILE: /home/choij/Sync/workspace/ChargedHiggsAnalysisV3/SKNanoOutput/MatrixSelector/Run1E2Mu/2016preVFP/Skim_TriLep_MuonEG_B.root
2026-01-12 13:45:24,223 - INFO - [2016preVFP] MISSING_FILE: /home/choij/Sync/workspace/ChargedHiggsAnalysisV3/SKNanoOutput/MatrixSelector/Run1E2Mu/2016preVFP/Skim_TriLep_MuonEG_C.root
2026-01-12 13:45:24,223 - INFO - [2016preVFP] MISSING_FILE: /home/choij/Sync/workspace/ChargedHiggsAnalysisV3/SKNanoOutput/MatrixSelector/Run1E2Mu/2016preVFP/Skim_TriLep_MuonEG_D.root
2026-01-12 13:45:24,223 - INFO - [2016preVFP] MISSING_FILE: /home/choij/Sync/workspace/ChargedHiggsAnalysisV3/SKNanoOutput/MatrixSelector/Run1E2Mu/2016preVFP/Skim_TriLep_MuonEG_E.root
2026-01-12 13:45:24,223 - INFO - [2016preVFP] MISSING_FILE: /home/choij/Sync/workspace/ChargedHiggsAnalysisV3/SKNanoOutput/MatrixSelector/Run1E2Mu/2016preVFP/Skim_TriLep_MuonEG_F.root
2026-01-12 13:45:24,247 - INFO - [2016preVFP] MISSING_CENTRAL: ZFake1E2Mu/Central/jets/1/phi in Skim_TriLep_DYJets10to50.root
2026-01-12 13:45:24,366 - INFO - [2016postVFP] MISSING_FILE: /home/choij/Sync/workspace/ChargedHiggsAnalysisV3/SKNanoOutput/MatrixSelector/Run1E2Mu/2016postVFP/Skim_TriLep_MuonEG_F.root
2026-01-12 13:45:24,366 - INFO - [2016postVFP] MISSING_FILE: /home/choij/Sync/workspace/ChargedHiggsAnalysisV3/SKNanoOutput/MatrixSelector/Run1E2Mu/2016postVFP/Skim_TriLep_MuonEG_G.root
2026-01-12 13:45:24,366 - INFO - [2016postVFP] MISSING_FILE: /home/choij/Sync/workspace/ChargedHiggsAnalysisV3/SKNanoOutput/MatrixSelector/Run1E2Mu/2016postVFP/Skim_TriLep_MuonEG_H.root
2026-01-12 13:45:24,373 - INFO - [2016postVFP] MISSING_CENTRAL: ZFake1E2Mu/Central/jets/1/phi in Skim_TriLep_DYJets10to50.root
2026-01-12 13:45:24,538 - INFO - [2017] MISSING_FILE: /home/choij/Sync/workspace/ChargedHiggsAnalysisV3/SKNanoOutput/MatrixSelector/Run1E2Mu/2017/Skim_TriLep_MuonEG_B.root
2026-01-12 13:45:24,538 - INFO - [2017] MISSING_FILE: /home/choij/Sync/workspace/ChargedHiggsAnalysisV3/SKNanoOutput/MatrixSelector/Run1E2Mu/2017/Skim_TriLep_MuonEG_C.root
2026-01-12 13:45:24,538 - INFO - [2017] MISSING_FILE: /home/choij/Sync/workspace/ChargedHiggsAnalysisV3/SKNanoOutput/MatrixSelector/Run1E2Mu/2017/Skim_TriLep_MuonEG_D.root
2026-01-12 13:45:24,538 - INFO - [2017] MISSING_FILE: /home/choij/Sync/workspace/ChargedHiggsAnalysisV3/SKNanoOutput/MatrixSelector/Run1E2Mu/2017/Skim_TriLep_MuonEG_E.root
2026-01-12 13:45:24,538 - INFO - [2017] MISSING_FILE: /home/choij/Sync/workspace/ChargedHiggsAnalysisV3/SKNanoOutput/MatrixSelector/Run1E2Mu/2017/Skim_TriLep_MuonEG_F.root
2026-01-12 13:45:24,548 - INFO - [2017] MISSING_CENTRAL: ZFake1E2Mu/Central/jets/1/phi in Skim_TriLep_DYJets10to50.root
2026-01-12 13:45:24,691 - INFO - [2018] MISSING_FILE: /home/choij/Sync/workspace/ChargedHiggsAnalysisV3/SKNanoOutput/MatrixSelector/Run1E2Mu/2018/Skim_TriLep_MuonEG_A.root
2026-01-12 13:45:24,692 - INFO - [2018] MISSING_FILE: /home/choij/Sync/workspace/ChargedHiggsAnalysisV3/SKNanoOutput/MatrixSelector/Run1E2Mu/2018/Skim_TriLep_MuonEG_B.root
2026-01-12 13:45:24,692 - INFO - [2018] MISSING_FILE: /home/choij/Sync/workspace/ChargedHiggsAnalysisV3/SKNanoOutput/MatrixSelector/Run1E2Mu/2018/Skim_TriLep_MuonEG_C.root
2026-01-12 13:45:24,692 - INFO - [2018] MISSING_FILE: /home/choij/Sync/workspace/ChargedHiggsAnalysisV3/SKNanoOutput/MatrixSelector/Run1E2Mu/2018/Skim_TriLep_MuonEG_D.root
2026-01-12 13:45:24,702 - INFO - [2018] MISSING_CENTRAL: ZFake1E2Mu/Central/jets/1/phi in Skim_TriLep_DYJets10to50.root
2026-01-16 19:00:36,221 - INFO - [2016preVFP] MISSING_CENTRAL: ZFake1E2Mu/Central/jets/1/phi in Skim_TriLep_DYJets10to50.root
2026-01-16 19:00:36,345 - INFO - [2016postVFP] MISSING_CENTRAL: ZFake1E2Mu/Central/jets/1/phi in Skim_TriLep_DYJets10to50.root
2026-01-16 19:00:36,487 - INFO - [2017] MISSING_CENTRAL: ZFake1E2Mu/Central/jets/1/phi in Skim_TriLep_DYJets10to50.root
2026-01-16 19:00:36,650 - INFO - [2018] MISSING_CENTRAL: ZFake1E2Mu/Central/jets/1/phi in Skim_TriLep_DYJets10to50.root
2026-01-28 16:08:34,112 - INFO - [2016preVFP] MISSING_CENTRAL: ZFake1E2Mu/Central/jets/1/phi in Skim_TriLep_DYJets10to50.root
2026-01-28 16:08:34,290 - INFO - [2016postVFP] MISSING_CENTRAL: ZFake1E2Mu/Central/jets/1/phi in Skim_TriLep_DYJets10to50.root
2026-01-28 16:08:34,467 - INFO - [2017] MISSING_CENTRAL: ZFake1E2Mu/Central/jets/1/phi in Skim_TriLep_DYJets10to50.root
2026-01-28 16:08:34,656 - INFO - [2018] MISSING_CENTRAL: ZFake1E2Mu/Central/jets/1/phi in Skim_TriLep_DYJets10to50.root
2026-01-28 17:20:26,004 - INFO - [2016preVFP] MISSING_CENTRAL: ZFake1E2Mu/Central/jets/1/phi in Skim_TriLep_DYJets10to50.root
2026-01-28 17:20:26,164 - INFO - [2016postVFP] MISSING_CENTRAL: ZFake1E2Mu/Central/jets/1/phi in Skim_TriLep_DYJets10to50.root
2026-01-28 17:20:26,338 - INFO - [2017] MISSING_CENTRAL: ZFake1E2Mu/Central/jets/1/phi in Skim_TriLep_DYJets10to50.root
2026-01-28 17:20:26,520 - INFO - [2018] MISSING_CENTRAL: ZFake1E2Mu/Central/jets/1/phi in Skim_TriLep_DYJets10to50.root
2026-01-28 19:53:58,509 - INFO - [2016preVFP] MISSING_CENTRAL: ZFake1E2Mu/Central/jets/1/phi in Skim_TriLep_DYJets10to50.root
2026-01-28 19:53:58,668 - INFO - [2016postVFP] MISSING_CENTRAL: ZFake1E2Mu/Central/jets/1/phi in Skim_TriLep_DYJets10to50.root
2026-01-28 19:53:58,839 - INFO - [2017] MISSING_CENTRAL: ZFake1E2Mu/Central/jets/1/phi in Skim_TriLep_DYJets10to50.root
2026-01-28 19:53:59,017 - INFO - [2018] MISSING_CENTRAL: ZFake1E2Mu/Central/jets/1/phi in Skim_TriLep_DYJets10to50.root
2026-01-29 07:11:18,350 - INFO - [2016preVFP] MISSING_CENTRAL: ZFake1E2Mu/Central/jets/1/phi in Skim_TriLep_DYJets10to50.root
2026-01-29 07:11:18,484 - INFO - [2016postVFP] MISSING_CENTRAL: ZFake1E2Mu/Central/jets/1/phi in Skim_TriLep_DYJets10to50.root
2026-01-29 07:11:18,675 - INFO - [2017] MISSING_CENTRAL: ZFake1E2Mu/Central/jets/1/phi in Skim_TriLep_DYJets10to50.root
2026-01-29 07:11:18,845 - INFO - [2018] MISSING_CENTRAL: ZFake1E2Mu/Central/jets/1/phi in Skim_TriLep_DYJets10to50.root
2026-03-06 09:39:46,585 - INFO - [2016preVFP] MISSING_CENTRAL: ZFake1E2Mu/Central/jets/1/phi in Skim_TriLep_DYJets10to50.root
2026-03-06 09:39:46,722 - INFO - [2016postVFP] MISSING_CENTRAL: ZFake1E2Mu/Central/jets/1/phi in Skim_TriLep_DYJets10to50.root
2026-03-06 09:39:46,883 - INFO - [2017] MISSING_CENTRAL: ZFake1E2Mu/Central/jets/1/phi in Skim_TriLep_DYJets10to50.root
2026-03-06 09:39:47,042 - INFO - [2018] MISSING_CENTRAL: ZFake1E2Mu/Central/jets/1/phi in Skim_TriLep_DYJets10to50.root
2026-03-06 19:45:34,845 - INFO - [2016preVFP] MISSING_CENTRAL: ZFake1E2Mu/Central/jets/1/phi in Skim_TriLep_DYJets10to50.root
2026-03-06 19:45:34,987 - INFO - [2016postVFP] MISSING_CENTRAL: ZFake1E2Mu/Central/jets/1/phi in Skim_TriLep_DYJets10to50.root
2026-03-06 19:45:35,144 - INFO - [2017] MISSING_CENTRAL: ZFake1E2Mu/Central/jets/1/phi in Skim_TriLep_DYJets10to50.root
2026-03-06 19:45:35,307 - INFO - [2018] MISSING_CENTRAL: ZFake1E2Mu/Central/jets/1/phi in Skim_TriLep_DYJets10to50.root
2026-03-12 21:34:16,036 - INFO - [2016preVFP] MISSING_CENTRAL: ZFake1E2Mu/Central/jets/1/phi in Skim_TriLep_DYJets10to50.root
2026-03-12 21:34:16,246 - INFO - [2016postVFP] MISSING_CENTRAL: ZFake1E2Mu/Central/jets/1/phi in Skim_TriLep_DYJets10to50.root
2026-03-12 21:34:16,395 - INFO - [2017] MISSING_CENTRAL: ZFake1E2Mu/Central/jets/1/phi in Skim_TriLep_DYJets10to50.root
2026-03-12 21:34:16,551 - INFO - [2018] MISSING_CENTRAL: ZFake1E2Mu/Central/jets/1/phi in Skim_TriLep_DYJets10to50.root
2026-04-10 20:20:34,721 - INFO - [2016preVFP] MISSING_CENTRAL: ZFake1E2Mu/Central/jets/1/phi in Skim_TriLep_DYJets10to50.root
2026-04-10 20:20:34,858 - INFO - [2016postVFP] MISSING_CENTRAL: ZFake1E2Mu/Central/jets/1/phi in Skim_TriLep_DYJets10to50.root
2026-04-10 20:20:35,008 - INFO - [2017] MISSING_CENTRAL: ZFake1E2Mu/Central/jets/1/phi in Skim_TriLep_DYJets10to50.root
2026-04-10 20:20:35,165 - INFO - [2018] MISSING_CENTRAL: ZFake1E2Mu/Central/jets/1/phi in Skim_TriLep_DYJets10to50.root
2026-04-12 11:35:41,724 - INFO - [2016preVFP] MISSING_CENTRAL: ZFake1E2Mu/Central/jets/1/phi in Skim_TriLep_DYJets10to50.root
2026-04-12 11:35:41,863 - INFO - [2016postVFP] MISSING_CENTRAL: ZFake1E2Mu/Central/jets/1/phi in Skim_TriLep_DYJets10to50.root
2026-04-12 11:35:42,049 - INFO - [2017] MISSING_CENTRAL: ZFake1E2Mu/Central/jets/1/phi in Skim_TriLep_DYJets10to50.root
2026-04-12 11:35:42,199 - INFO - [2018] MISSING_CENTRAL: ZFake1E2Mu/Central/jets/1/phi in Skim_TriLep_DYJets10to50.root
2026-04-12 12:17:44,450 - INFO - [2016preVFP] MISSING_CENTRAL: ZFake1E2Mu/Central/jets/1/phi in Skim_TriLep_DYJets10to50.root
2026-04-12 12:17:44,584 - INFO - [2016postVFP] MISSING_CENTRAL: ZFake1E2Mu/Central/jets/1/phi in Skim_TriLep_DYJets10to50.root
2026-04-12 12:17:44,724 - INFO - [2017] MISSING_CENTRAL: ZFake1E2Mu/Central/jets/1/phi in Skim_TriLep_DYJets10to50.root
2026-04-12 12:17:44,873 - INFO - [2018] MISSING_CENTRAL: ZFake1E2Mu/Central/jets/1/phi in Skim_TriLep_DYJets10to50.root
2026-04-12 12:37:23,485 - INFO - [2016preVFP] MISSING_CENTRAL: ZFake1E2Mu/Central/jets/1/phi in Skim_TriLep_DYJets10to50.root
2026-04-12 12:37:23,623 - INFO - [2016postVFP] MISSING_CENTRAL: ZFake1E2Mu/Central/jets/1/phi in Skim_TriLep_DYJets10to50.root
2026-04-12 12:37:23,773 - INFO - [2017] MISSING_CENTRAL: ZFake1E2Mu/Central/jets/1/phi in Skim_TriLep_DYJets10to50.root
2026-04-12 12:37:23,937 - INFO - [2018] MISSING_CENTRAL: ZFake1E2Mu/Central/jets/1/phi in Skim_TriLep_DYJets10to50.root
2026-04-12 20:45:28,415 - INFO - [2016preVFP] MISSING_CENTRAL: ZFake1E2Mu/Central/jets/1/phi in Skim_TriLep_DYJets10to50.root
2026-04-12 20:45:28,547 - INFO - [2016postVFP] MISSING_CENTRAL: ZFake1E2Mu/Central/jets/1/phi in Skim_TriLep_DYJets10to50.root
2026-04-12 20:45:28,697 - INFO - [2017] MISSING_CENTRAL: ZFake1E2Mu/Central/jets/1/phi in Skim_TriLep_DYJets10to50.root
2026-04-12 20:45:28,858 - INFO - [2018] MISSING_CENTRAL: ZFake1E2Mu/Central/jets/1/phi in Skim_TriLep_DYJets10to50.root
2026-04-12 21:17:05,077 - INFO - [2016preVFP] MISSING_CENTRAL: ZFake1E2Mu/Central/jets/1/phi in Skim_TriLep_DYJets10to50.root
2026-04-12 21:17:05,212 - INFO - [2016postVFP] MISSING_CENTRAL: ZFake1E2Mu/Central/jets/1/phi in Skim_TriLep_DYJets10to50.root
2026-04-12 21:17:05,365 - INFO - [2017] MISSING_CENTRAL: ZFake1E2Mu/Central/jets/1/phi in Skim_TriLep_DYJets10to50.root
2026-04-12 21:17:05,517 - INFO - [2018] MISSING_CENTRAL: ZFake1E2Mu/Central/jets/1/phi in Skim_TriLep_DYJets10to50.root
2026-04-13 12:54:41,319 - INFO - [2016preVFP] MISSING_CENTRAL: ZFake1E2Mu/Central/jets/1/phi in Skim_TriLep_DYJets10to50.root
2026-04-13 12:54:41,462 - INFO - [2016postVFP] MISSING_CENTRAL: ZFake1E2Mu/Central/jets/1/phi in Skim_TriLep_DYJets10to50.root
2026-04-13 12:54:41,619 - INFO - [2017] MISSING_CENTRAL: ZFake1E2Mu/Central/jets/1/phi in Skim_TriLep_DYJets10to50.root
2026-04-13 12:54:41,798 - INFO - [2018] MISSING_CENTRAL: ZFake1E2Mu/Central/jets/1/phi in Skim_TriLep_DYJets10to50.root
2026-04-16 17:37:11,284 - INFO - [2016preVFP] MISSING_CENTRAL: ZFake1E2Mu/Central/jets/1/phi in Skim_TriLep_DYJets10to50.root
2026-04-16 17:37:11,431 - INFO - [2016postVFP] MISSING_CENTRAL: ZFake1E2Mu/Central/jets/1/phi in Skim_TriLep_DYJets10to50.root
2026-04-16 17:37:11,591 - INFO - [2017] MISSING_CENTRAL: ZFake1E2Mu/Central/jets/1/phi in Skim_TriLep_DYJets10to50.root
2026-04-16 17:37:11,756 - INFO - [2018] MISSING_CENTRAL: ZFake1E2Mu/Central/jets/1/phi in Skim_TriLep_DYJets10to50.root
2026-04-28 15:19:42,520 - INFO - [2016preVFP] MISSING_CENTRAL: ZFake1E2Mu/Central/jets/1/phi in Skim_TriLep_DYJets10to50.root
2026-04-28 15:19:42,666 - INFO - [2016postVFP] MISSING_CENTRAL: ZFake1E2Mu/Central/jets/1/phi in Skim_TriLep_DYJets10to50.root
2026-04-28 15:19:42,822 - INFO - [2017] MISSING_CENTRAL: ZFake1E2Mu/Central/jets/1/phi in Skim_TriLep_DYJets10to50.root
2026-04-28 15:19:42,992 - INFO - [2018] MISSING_CENTRAL: ZFake1E2Mu/Central/jets/1/phi in Skim_TriLep_DYJets10to50.root
2026-04-28 20:32:53,139 - INFO - [2016preVFP] MISSING_CENTRAL: ZFake1E2Mu/Central/jets/1/phi in Skim_TriLep_DYJets10to50.root
2026-04-28 20:32:53,283 - INFO - [2016postVFP] MISSING_CENTRAL: ZFake1E2Mu/Central/jets/1/phi in Skim_TriLep_DYJets10to50.root
2026-04-28 20:32:53,439 - INFO - [2017] MISSING_CENTRAL: ZFake1E2Mu/Central/jets/1/phi in Skim_TriLep_DYJets10to50.root
2026-04-28 20:32:53,601 - INFO - [2018] MISSING_CENTRAL: ZFake1E2Mu/Central/jets/1/phi in Skim_TriLep_DYJets10to50.root
2026-05-04 15:39:23,639 - INFO - [2016preVFP] MISSING_CENTRAL: ZFake1E2Mu/Central/jets/1/phi in Skim_TriLep_DYJets10to50.root
2026-05-04 15:39:23,901 - INFO - [2016postVFP] MISSING_CENTRAL: ZFake1E2Mu/Central/jets/1/phi in Skim_TriLep_DYJets10to50.root
2026-05-04 15:39:24,169 - INFO - [2017] MISSING_CENTRAL: ZFake1E2Mu/Central/jets/1/phi in Skim_TriLep_DYJets10to50.root
2026-05-04 15:39:24,445 - INFO - [2018] MISSING_CENTRAL: ZFake1E2Mu/Central/jets/1/phi in Skim_TriLep_DYJets10to50.root
2026-05-04 16:03:30,555 - INFO - [2016preVFP] MISSING_CENTRAL: ZFake1E2Mu/Central/jets/1/phi in Skim_TriLep_DYJets10to50.root
2026-05-04 16:03:30,690 - INFO - [2016postVFP] MISSING_CENTRAL: ZFake1E2Mu/Central/jets/1/phi in Skim_TriLep_DYJets10to50.root
2026-05-04 16:03:30,846 - INFO - [2017] MISSING_CENTRAL: ZFake1E2Mu/Central/jets/1/phi in Skim_TriLep_DYJets10to50.root
2026-05-04 16:03:31,009 - INFO - [2018] MISSING_CENTRAL: ZFake1E2Mu/Central/jets/1/phi in Skim_TriLep_DYJets10to50.root
2026-05-04 17:06:47,748 - INFO - [2016preVFP] MISSING_CENTRAL: ZFake1E2Mu/Central/jets/1/phi in Skim_TriLep_DYJets10to50.root
2026-05-04 17:06:47,901 - INFO - [2016postVFP] MISSING_CENTRAL: ZFake1E2Mu/Central/jets/1/phi in Skim_TriLep_DYJets10to50.root
2026-05-04 17:06:48,077 - INFO - [2017] MISSING_CENTRAL: ZFake1E2Mu/Central/jets/1/phi in Skim_TriLep_DYJets10to50.root
2026-05-04 17:06:48,250 - INFO - [2018] MISSING_CENTRAL: ZFake1E2Mu/Central/jets/1/phi in Skim_TriLep_DYJets10to50.root
2026-05-28 15:43:44,258 - INFO - [2016preVFP] MISSING_CENTRAL: ZFake1E2Mu/Central/jets/1/phi in Skim_TriLep_DYJets10to50.root
2026-05-28 15:43:44,518 - INFO - [2016postVFP] MISSING_CENTRAL: ZFake1E2Mu/Central/jets/1/phi in Skim_TriLep_DYJets10to50.root
2026-05-28 15:43:44,782 - INFO - [2017] MISSING_CENTRAL: ZFake1E2Mu/Central/jets/1/phi in Skim_TriLep_DYJets10to50.root
2026-05-28 15:43:45,055 - INFO - [2018] MISSING_CENTRAL: ZFake1E2Mu/Central/jets/1/phi in Skim_TriLep_DYJets10to50.root
2026-05-29 15:20:31,317 - INFO - [2016preVFP] MISSING_CENTRAL: ZFake1E2Mu/Central/jets/1/phi in Skim_TriLep_DYJets10to50.root
2026-05-29 15:20:31,577 - INFO - [2016postVFP] MISSING_CENTRAL: ZFake1E2Mu/Central/jets/1/phi in Skim_TriLep_DYJets10to50.root
2026-05-29 15:20:31,832 - INFO - [2017] MISSING_CENTRAL: ZFake1E2Mu/Central/jets/1/phi in Skim_TriLep_DYJets10to50.root
2026-05-29 15:20:32,092 - INFO - [2018] MISSING_CENTRAL: ZFake1E2Mu/Central/jets/1/phi in Skim_TriLep_DYJets10to50.root
2026-05-29 15:34:35,169 - INFO - [2016preVFP] MISSING_CENTRAL: ZFake1E2Mu/Central/jets/1/phi in Skim_TriLep_DYJets10to50.root
2026-05-29 15:34:35,305 - INFO - [2016postVFP] MISSING_CENTRAL: ZFake1E2Mu/Central/jets/1/phi in Skim_TriLep_DYJets10to50.root
2026-05-29 15:34:35,459 - INFO - [2017] MISSING_CENTRAL: ZFake1E2Mu/Central/jets/1/phi in Skim_TriLep_DYJets10to50.root
2026-05-29 15:34:35,629 - INFO - [2018] MISSING_CENTRAL: ZFake1E2Mu/Central/jets/1/phi in Skim_TriLep_DYJets10to50.root
2026-05-29 18:25:47,635 - INFO - [2016preVFP] MISSING_CENTRAL: ZFake1E2Mu/Central/jets/1/phi in Skim_TriLep_DYJets10to50.root
2026-05-29 18:25:47,847 - INFO - [2016postVFP] MISSING_CENTRAL: ZFake1E2Mu/Central/jets/1/phi in Skim_TriLep_DYJets10to50.root
2026-05-29 18:25:48,130 - INFO - [2017] MISSING_CENTRAL: ZFake1E2Mu/Central/jets/1/phi in Skim_TriLep_DYJets10to50.root
2026-05-29 18:25:48,397 - INFO - [2018] MISSING_CENTRAL: ZFake1E2Mu/Central/jets/1/phi in Skim_TriLep_DYJets10to50.root
2026-06-12 14:27:24,341 - INFO - [2016preVFP] MISSING_CENTRAL: ZFake1E2Mu/Central/jets/1/phi in Skim_TriLep_DYJets10to50.root
2026-06-12 14:27:24,482 - INFO - [2016postVFP] MISSING_CENTRAL: ZFake1E2Mu/Central/jets/1/phi in Skim_TriLep_DYJets10to50.root
2026-06-12 14:27:24,628 - INFO - [2017] MISSING_CENTRAL: ZFake1E2Mu/Central/jets/1/phi in Skim_TriLep_DYJets10to50.root
2026-06-12 14:27:24,795 - INFO - [2018] MISSING_CENTRAL: ZFake1E2Mu/Central/jets/1/phi in Skim_TriLep_DYJets10to50.root
2026-06-18 00:21:45,711 - INFO - [2016preVFP] MISSING_CENTRAL: ZFake1E2Mu/Central/jets/1/phi in Skim_TriLep_DYJets10to50.root
2026-06-18 00:21:45,851 - INFO - [2016postVFP] MISSING_CENTRAL: ZFake1E2Mu/Central/jets/1/phi in Skim_TriLep_DYJets10to50.root
2026-06-18 00:21:46,004 - INFO - [2017] MISSING_CENTRAL: ZFake1E2Mu/Central/jets/1/phi in Skim_TriLep_DYJets10to50.root
2026-06-18 00:21:46,254 - INFO - [2018] MISSING_CENTRAL: ZFake1E2Mu/Central/jets/1/phi in Skim_TriLep_DYJets10to50.root
2026-07-01 17:36:04,399 - INFO - [2016preVFP] MISSING_CENTRAL: ZFake1E2Mu/Central/jets/1/phi in Skim_TriLep_DYJets10to50.root
2026-07-01 17:36:04,738 - INFO - [2016postVFP] MISSING_CENTRAL: ZFake1E2Mu/Central/jets/1/phi in Skim_TriLep_DYJets10to50.root
2026-07-01 17:36:05,111 - INFO - [2017] MISSING_CENTRAL: ZFake1E2Mu/Central/jets/1/phi in Skim_TriLep_DYJets10to50.root
2026-07-01 17:36:05,515 - INFO - [2018] MISSING_CENTRAL: ZFake1E2Mu/Central/jets/1/phi in Skim_TriLep_DYJets10to50.root
