2025-09-24 15:50:17,776 - INFO - [2016preVFP] MISSING_CENTRAL: ZFake1E2Mu/Central/muons/1/charge in Skim_TriLep_DYJets.root
2025-09-24 15:50:17,777 - INFO - [2016preVFP] MISSING_CENTRAL: ZFake1E2Mu/Central/muons/1/charge in Skim_TriLep_DYJets10to50.root
2025-09-24 15:50:17,863 - INFO - [2016postVFP] MISSING_CENTRAL: ZFake1E2Mu/Central/muons/1/charge in Skim_TriLep_DYJets10to50.root
2025-09-24 15:50:18,007 - INFO - [2017] MISSING_CENTRAL: ZFake1E2Mu/Central/muons/1/charge in Skim_TriLep_DYJets.root
2025-09-24 15:50:18,008 - INFO - [2017] MISSING_CENTRAL: ZFake1E2Mu/Central/muons/1/charge in Skim_TriLep_DYJets10to50.root
2025-09-24 15:50:18,396 - INFO - [2018] MISSING_CENTRAL: ZFake1E2Mu/Central/muons/1/charge in Skim_TriLep_DYJets.root
2025-09-24 15:50:18,396 - INFO - [2018] MISSING_CENTRAL: ZFake1E2Mu/Central/muons/1/charge in Skim_TriLep_DYJets10to50.root
2025-09-24 15:50:18,415 - INFO - [2018] MISSING_FILE: /Users/choij/Sync/workspace/ChargedHiggsAnalysisV3/SKNanoOutput/PromptSelector/Run1E2Mu_RunSyst/2018/Skim_TriLep_TTG.root
2025-09-24 15:50:18,472 - INFO - [2018] MISSING_FILE: /Users/choij/Sync/workspace/ChargedHiggsAnalysisV3/SKNanoOutput/PromptSelector/Run1E2Mu_RunSyst/2018/Skim_TriLep_TTHToNonbb.root
2025-09-24 15:50:18,546 - INFO - [2018] MISSING_FILE: /Users/choij/Sync/workspace/ChargedHiggsAnalysisV3/SKNanoOutput/PromptSelector/Run1E2Mu_RunSyst/2018/Skim_TriLep_tHq.root
2025-09-24 15:50:18,660 - INFO - [2018] MISSING_FILE: /Users/choij/Sync/workspace/ChargedHiggsAnalysisV3/SKNanoOutput/PromptSelector/Run1E2Mu_RunSyst/2018/Skim_TriLep_VBFHToZZTo4L.root
2025-10-02 21:14:23,704 - INFO - [2016preVFP] MISSING_CENTRAL: ZFake1E2Mu/Central/muons/1/charge in Skim_TriLep_DYJets.root
2025-10-02 21:14:23,706 - INFO - [2016preVFP] MISSING_CENTRAL: ZFake1E2Mu/Central/muons/1/charge in Skim_TriLep_DYJets10to50.root
2025-10-02 21:14:24,148 - INFO - [2016postVFP] MISSING_CENTRAL: ZFake1E2Mu/Central/muons/1/charge in Skim_TriLep_DYJets10to50.root
2025-10-02 21:14:24,786 - INFO - [2017] MISSING_CENTRAL: ZFake1E2Mu/Central/muons/1/charge in Skim_TriLep_DYJets.root
2025-10-02 21:14:24,787 - INFO - [2017] MISSING_CENTRAL: ZFake1E2Mu/Central/muons/1/charge in Skim_TriLep_DYJets10to50.root
2025-10-02 21:14:25,266 - INFO - [2018] MISSING_CENTRAL: ZFake1E2Mu/Central/muons/1/charge in Skim_TriLep_DYJets.root
2025-10-02 21:14:25,271 - INFO - [2018] MISSING_CENTRAL: ZFake1E2Mu/Central/muons/1/charge in Skim_TriLep_DYJets10to50.root
2025-10-02 21:14:25,291 - INFO - [2018] MISSING_FILE: /data9/Users/choij/Sync/workspace/ChargedHiggsAnalysisV3/SKNanoOutput/PromptSelector/Run1E2Mu_RunSyst/2018/Skim_TriLep_TTG.root
2025-10-02 21:14:25,456 - INFO - [2018] MISSING_FILE: /data9/Users/choij/Sync/workspace/ChargedHiggsAnalysisV3/SKNanoOutput/PromptSelector/Run1E2Mu_RunSyst/2018/Skim_TriLep_TTHToNonbb.root
2025-10-02 21:14:25,527 - INFO - [2018] MISSING_FILE: /data9/Users/choij/Sync/workspace/ChargedHiggsAnalysisV3/SKNanoOutput/PromptSelector/Run1E2Mu_RunSyst/2018/Skim_TriLep_tHq.root
2025-10-02 21:14:25,607 - INFO - [2018] MISSING_FILE: /data9/Users/choij/Sync/workspace/ChargedHiggsAnalysisV3/SKNanoOutput/PromptSelector/Run1E2Mu_RunSyst/2018/Skim_TriLep_VBFHToZZTo4L.root
2025-10-03 00:02:48,283 - INFO - [2016preVFP] MISSING_CENTRAL: ZFake1E2Mu/Central/muons/1/charge in Skim_TriLep_DYJets.root
2025-10-03 00:02:48,283 - INFO - [2016preVFP] MISSING_CENTRAL: ZFake1E2Mu/Central/muons/1/charge in Skim_TriLep_DYJets10to50.root
2025-10-03 00:02:48,450 - INFO - [2016postVFP] MISSING_CENTRAL: ZFake1E2Mu/Central/muons/1/charge in Skim_TriLep_DYJets10to50.root
2025-10-03 00:02:48,675 - INFO - [2017] MISSING_CENTRAL: ZFake1E2Mu/Central/muons/1/charge in Skim_TriLep_DYJets.root
2025-10-03 00:02:48,675 - INFO - [2017] MISSING_CENTRAL: ZFake1E2Mu/Central/muons/1/charge in Skim_TriLep_DYJets10to50.root
2025-10-03 00:02:48,777 - INFO - [2018] MISSING_CENTRAL: ZFake1E2Mu/Central/muons/1/charge in Skim_TriLep_DYJets.root
2025-10-03 00:02:48,777 - INFO - [2018] MISSING_CENTRAL: ZFake1E2Mu/Central/muons/1/charge in Skim_TriLep_DYJets10to50.root
2025-10-03 00:02:48,782 - INFO - [2018] MISSING_FILE: /Users/choij/Sync/workspace/ChargedHiggsAnalysisV3/SKNanoOutput/PromptSelector/Run1E2Mu_RunSyst/2018/Skim_TriLep_TTG.root
2025-10-03 00:02:48,798 - INFO - [2018] MISSING_FILE: /Users/choij/Sync/workspace/ChargedHiggsAnalysisV3/SKNanoOutput/PromptSelector/Run1E2Mu_RunSyst/2018/Skim_TriLep_TTHToNonbb.root
2025-10-03 00:02:48,818 - INFO - [2018] MISSING_FILE: /Users/choij/Sync/workspace/ChargedHiggsAnalysisV3/SKNanoOutput/PromptSelector/Run1E2Mu_RunSyst/2018/Skim_TriLep_tHq.root
2025-10-03 00:02:48,854 - INFO - [2018] MISSING_FILE: /Users/choij/Sync/workspace/ChargedHiggsAnalysisV3/SKNanoOutput/PromptSelector/Run1E2Mu_RunSyst/2018/Skim_TriLep_VBFHToZZTo4L.root
2025-11-05 22:03:51,674 - INFO - [2016preVFP] MISSING_CENTRAL: ZFake1E2Mu/Central/muons/1/charge in Skim_TriLep_DYJets.root
2025-11-05 22:03:51,674 - INFO - [2016preVFP] MISSING_CENTRAL: ZFake1E2Mu/Central/muons/1/charge in Skim_TriLep_DYJets10to50.root
2025-11-05 22:03:51,838 - INFO - [2016postVFP] MISSING_CENTRAL: ZFake1E2Mu/Central/muons/1/charge in Skim_TriLep_DYJets10to50.root
2025-11-05 22:03:51,939 - INFO - [2017] MISSING_CENTRAL: ZFake1E2Mu/Central/muons/1/charge in Skim_TriLep_DYJets.root
2025-11-05 22:03:51,940 - INFO - [2017] MISSING_CENTRAL: ZFake1E2Mu/Central/muons/1/charge in Skim_TriLep_DYJets10to50.root
2025-11-05 22:03:52,045 - INFO - [2018] MISSING_CENTRAL: ZFake1E2Mu/Central/muons/1/charge in Skim_TriLep_DYJets.root
2025-11-05 22:03:52,045 - INFO - [2018] MISSING_CENTRAL: ZFake1E2Mu/Central/muons/1/charge in Skim_TriLep_DYJets10to50.root
2025-11-05 22:19:35,625 - INFO - [2016preVFP] MISSING_CENTRAL: ZFake1E2Mu/Central/muons/1/charge in Skim_TriLep_DYJets.root
2025-11-05 22:19:35,626 - INFO - [2016preVFP] MISSING_CENTRAL: ZFake1E2Mu/Central/muons/1/charge in Skim_TriLep_DYJets10to50.root
2025-11-05 22:19:35,734 - INFO - [2016postVFP] MISSING_CENTRAL: ZFake1E2Mu/Central/muons/1/charge in Skim_TriLep_DYJets10to50.root
2025-11-05 22:19:35,835 - INFO - [2017] MISSING_CENTRAL: ZFake1E2Mu/Central/muons/1/charge in Skim_TriLep_DYJets.root
2025-11-05 22:19:35,835 - INFO - [2017] MISSING_CENTRAL: ZFake1E2Mu/Central/muons/1/charge in Skim_TriLep_DYJets10to50.root
2025-11-05 22:19:35,938 - INFO - [2018] MISSING_CENTRAL: ZFake1E2Mu/Central/muons/1/charge in Skim_TriLep_DYJets.root
2025-11-05 22:19:35,938 - INFO - [2018] MISSING_CENTRAL: ZFake1E2Mu/Central/muons/1/charge in Skim_TriLep_DYJets10to50.root
2025-11-05 23:24:09,650 - INFO - [2016preVFP] MISSING_CENTRAL: ZFake1E2Mu/Central/muons/1/charge in Skim_TriLep_DYJets.root
2025-11-05 23:24:09,651 - INFO - [2016preVFP] MISSING_CENTRAL: ZFake1E2Mu/Central/muons/1/charge in Skim_TriLep_DYJets10to50.root
2025-11-05 23:24:09,772 - INFO - [2016postVFP] MISSING_CENTRAL: ZFake1E2Mu/Central/muons/1/charge in Skim_TriLep_DYJets10to50.root
2025-11-05 23:24:09,870 - INFO - [2017] MISSING_CENTRAL: ZFake1E2Mu/Central/muons/1/charge in Skim_TriLep_DYJets.root
2025-11-05 23:24:09,870 - INFO - [2017] MISSING_CENTRAL: ZFake1E2Mu/Central/muons/1/charge in Skim_TriLep_DYJets10to50.root
2025-11-05 23:24:09,973 - INFO - [2018] MISSING_CENTRAL: ZFake1E2Mu/Central/muons/1/charge in Skim_TriLep_DYJets.root
2025-11-05 23:24:09,974 - INFO - [2018] MISSING_CENTRAL: ZFake1E2Mu/Central/muons/1/charge in Skim_TriLep_DYJets10to50.root
2025-11-07 12:27:20,680 - INFO - [2016preVFP] MISSING_CENTRAL: ZFake1E2Mu/Central/muons/1/charge in Skim_TriLep_DYJets.root
2025-11-07 12:27:20,681 - INFO - [2016preVFP] MISSING_CENTRAL: ZFake1E2Mu/Central/muons/1/charge in Skim_TriLep_DYJets10to50.root
2025-11-07 12:27:20,789 - INFO - [2016postVFP] MISSING_CENTRAL: ZFake1E2Mu/Central/muons/1/charge in Skim_TriLep_DYJets10to50.root
2025-11-07 12:27:20,888 - INFO - [2017] MISSING_CENTRAL: ZFake1E2Mu/Central/muons/1/charge in Skim_TriLep_DYJets.root
2025-11-07 12:27:20,889 - INFO - [2017] MISSING_CENTRAL: ZFake1E2Mu/Central/muons/1/charge in Skim_TriLep_DYJets10to50.root
2025-11-07 12:27:20,994 - INFO - [2018] MISSING_CENTRAL: ZFake1E2Mu/Central/muons/1/charge in Skim_TriLep_DYJets.root
2025-11-07 12:27:20,995 - INFO - [2018] MISSING_CENTRAL: ZFake1E2Mu/Central/muons/1/charge in Skim_TriLep_DYJets10to50.root
2025-11-07 13:07:57,996 - INFO - [2016preVFP] MISSING_CENTRAL: ZFake1E2Mu/Central/muons/1/charge in Skim_TriLep_DYJets.root
2025-11-07 13:07:57,997 - INFO - [2016preVFP] MISSING_CENTRAL: ZFake1E2Mu/Central/muons/1/charge in Skim_TriLep_DYJets10to50.root
2025-11-07 13:07:58,101 - INFO - [2016postVFP] MISSING_CENTRAL: ZFake1E2Mu/Central/muons/1/charge in Skim_TriLep_DYJets10to50.root
2025-11-07 13:07:58,198 - INFO - [2017] MISSING_CENTRAL: ZFake1E2Mu/Central/muons/1/charge in Skim_TriLep_DYJets.root
2025-11-07 13:07:58,199 - INFO - [2017] MISSING_CENTRAL: ZFake1E2Mu/Central/muons/1/charge in Skim_TriLep_DYJets10to50.root
2025-11-07 13:07:58,300 - INFO - [2018] MISSING_CENTRAL: ZFake1E2Mu/Central/muons/1/charge in Skim_TriLep_DYJets.root
2025-11-07 13:07:58,301 - INFO - [2018] MISSING_CENTRAL: ZFake1E2Mu/Central/muons/1/charge in Skim_TriLep_DYJets10to50.root
2025-11-07 14:04:40,879 - INFO - [2016preVFP] MISSING_CENTRAL: ZFake1E2Mu/Central/muons/1/charge in Skim_TriLep_DYJets.root
2025-11-07 14:04:40,880 - INFO - [2016preVFP] MISSING_CENTRAL: ZFake1E2Mu/Central/muons/1/charge in Skim_TriLep_DYJets10to50.root
2025-11-07 14:04:40,986 - INFO - [2016postVFP] MISSING_CENTRAL: ZFake1E2Mu/Central/muons/1/charge in Skim_TriLep_DYJets10to50.root
2025-11-07 14:04:41,090 - INFO - [2017] MISSING_CENTRAL: ZFake1E2Mu/Central/muons/1/charge in Skim_TriLep_DYJets.root
2025-11-07 14:04:41,091 - INFO - [2017] MISSING_CENTRAL: ZFake1E2Mu/Central/muons/1/charge in Skim_TriLep_DYJets10to50.root
2025-11-07 14:04:41,197 - INFO - [2018] MISSING_CENTRAL: ZFake1E2Mu/Central/muons/1/charge in Skim_TriLep_DYJets.root
2025-11-07 14:04:41,197 - INFO - [2018] MISSING_CENTRAL: ZFake1E2Mu/Central/muons/1/charge in Skim_TriLep_DYJets10to50.root
2025-11-10 05:55:43,356 - INFO - [2016preVFP] MISSING_CENTRAL: ZFake1E2Mu/Central/muons/1/charge in Skim_TriLep_DYJets.root
2025-11-10 05:55:43,358 - INFO - [2016preVFP] MISSING_CENTRAL: ZFake1E2Mu/Central/muons/1/charge in Skim_TriLep_DYJets10to50.root
2025-11-10 05:55:43,572 - INFO - [2016postVFP] MISSING_CENTRAL: ZFake1E2Mu/Central/muons/1/charge in Skim_TriLep_DYJets10to50.root
2025-11-10 05:55:44,145 - INFO - [2017] MISSING_CENTRAL: ZFake1E2Mu/Central/muons/1/charge in Skim_TriLep_DYJets.root
2025-11-10 05:55:44,146 - INFO - [2017] MISSING_CENTRAL: ZFake1E2Mu/Central/muons/1/charge in Skim_TriLep_DYJets10to50.root
2025-11-10 05:55:44,691 - INFO - [2018] MISSING_CENTRAL: ZFake1E2Mu/Central/muons/1/charge in Skim_TriLep_DYJets.root
2025-11-10 05:55:44,694 - INFO - [2018] MISSING_CENTRAL: ZFake1E2Mu/Central/muons/1/charge in Skim_TriLep_DYJets10to50.root
2025-11-10 12:19:44,131 - INFO - [2016preVFP] MISSING_CENTRAL: ZFake1E2Mu/Central/muons/1/charge in Skim_TriLep_DYJets.root
2025-11-10 12:19:44,132 - INFO - [2016preVFP] MISSING_CENTRAL: ZFake1E2Mu/Central/muons/1/charge in Skim_TriLep_DYJets10to50.root
2025-11-10 12:19:44,238 - INFO - [2016postVFP] MISSING_CENTRAL: ZFake1E2Mu/Central/muons/1/charge in Skim_TriLep_DYJets10to50.root
2025-11-10 12:19:44,336 - INFO - [2017] MISSING_CENTRAL: ZFake1E2Mu/Central/muons/1/charge in Skim_TriLep_DYJets.root
2025-11-10 12:19:44,336 - INFO - [2017] MISSING_CENTRAL: ZFake1E2Mu/Central/muons/1/charge in Skim_TriLep_DYJets10to50.root
2025-11-10 12:19:44,437 - INFO - [2018] MISSING_CENTRAL: ZFake1E2Mu/Central/muons/1/charge in Skim_TriLep_DYJets.root
2025-11-10 12:19:44,437 - INFO - [2018] MISSING_CENTRAL: ZFake1E2Mu/Central/muons/1/charge in Skim_TriLep_DYJets10to50.root
2025-11-13 11:09:14,630 - INFO - [2016preVFP] MISSING_CENTRAL: ZFake1E2Mu/Central/muons/1/charge in Skim_TriLep_DYJets.root
2025-11-13 11:09:14,632 - INFO - [2016preVFP] MISSING_CENTRAL: ZFake1E2Mu/Central/muons/1/charge in Skim_TriLep_DYJets10to50.root
2025-11-13 11:09:14,904 - INFO - [2016postVFP] MISSING_CENTRAL: ZFake1E2Mu/Central/muons/1/charge in Skim_TriLep_DYJets10to50.root
2025-11-13 11:09:15,139 - INFO - [2017] MISSING_CENTRAL: ZFake1E2Mu/Central/muons/1/charge in Skim_TriLep_DYJets.root
2025-11-13 11:09:15,141 - INFO - [2017] MISSING_CENTRAL: ZFake1E2Mu/Central/muons/1/charge in Skim_TriLep_DYJets10to50.root
2025-11-13 11:09:15,452 - INFO - [2018] MISSING_CENTRAL: ZFake1E2Mu/Central/muons/1/charge in Skim_TriLep_DYJets.root
2025-11-13 11:09:15,457 - INFO - [2018] MISSING_CENTRAL: ZFake1E2Mu/Central/muons/1/charge in Skim_TriLep_DYJets10to50.root
2025-11-19 16:09:30,852 - INFO - [2016preVFP] MISSING_CENTRAL: ZFake1E2Mu/Central/muons/1/charge in Skim_TriLep_DYJets.root
2025-11-19 16:09:30,853 - INFO - [2016preVFP] MISSING_CENTRAL: ZFake1E2Mu/Central/muons/1/charge in Skim_TriLep_DYJets10to50.root
2025-11-19 16:09:30,955 - INFO - [2016postVFP] MISSING_CENTRAL: ZFake1E2Mu/Central/muons/1/charge in Skim_TriLep_DYJets10to50.root
2025-11-19 16:09:31,051 - INFO - [2017] MISSING_CENTRAL: ZFake1E2Mu/Central/muons/1/charge in Skim_TriLep_DYJets.root
2025-11-19 16:09:31,052 - INFO - [2017] MISSING_CENTRAL: ZFake1E2Mu/Central/muons/1/charge in Skim_TriLep_DYJets10to50.root
2025-11-19 16:09:31,152 - INFO - [2018] MISSING_CENTRAL: ZFake1E2Mu/Central/muons/1/charge in Skim_TriLep_DYJets.root
2025-11-19 16:09:31,152 - INFO - [2018] MISSING_CENTRAL: ZFake1E2Mu/Central/muons/1/charge in Skim_TriLep_DYJets10to50.root
2025-11-19 16:22:06,770 - INFO - [2016preVFP] MISSING_CENTRAL: ZFake1E2Mu/Central/muons/1/charge in Skim_TriLep_DYJets.root
2025-11-19 16:22:06,771 - INFO - [2016preVFP] MISSING_CENTRAL: ZFake1E2Mu/Central/muons/1/charge in Skim_TriLep_DYJets10to50.root
2025-11-19 16:22:06,884 - INFO - [2016postVFP] MISSING_CENTRAL: ZFake1E2Mu/Central/muons/1/charge in Skim_TriLep_DYJets10to50.root
2025-11-19 16:22:06,980 - INFO - [2017] MISSING_CENTRAL: ZFake1E2Mu/Central/muons/1/charge in Skim_TriLep_DYJets.root
2025-11-19 16:22:06,981 - INFO - [2017] MISSING_CENTRAL: ZFake1E2Mu/Central/muons/1/charge in Skim_TriLep_DYJets10to50.root
2025-11-19 16:22:07,079 - INFO - [2018] MISSING_CENTRAL: ZFake1E2Mu/Central/muons/1/charge in Skim_TriLep_DYJets.root
2025-11-19 16:22:07,079 - INFO - [2018] MISSING_CENTRAL: ZFake1E2Mu/Central/muons/1/charge in Skim_TriLep_DYJets10to50.root
2025-12-17 22:36:36,617 - INFO - [2016preVFP] MISSING_CENTRAL: ZFake1E2Mu/Central/muons/1/charge in Skim_TriLep_DYJets10to50.root
2025-12-17 22:36:36,913 - INFO - [2016postVFP] MISSING_CENTRAL: ZFake1E2Mu/Central/muons/1/charge in Skim_TriLep_DYJets10to50.root
2025-12-17 22:36:37,099 - INFO - [2017] MISSING_CENTRAL: ZFake1E2Mu/Central/muons/1/charge in Skim_TriLep_DYJets10to50.root
2025-12-17 22:36:37,350 - INFO - [2018] MISSING_CENTRAL: ZFake1E2Mu/Central/muons/1/charge in Skim_TriLep_DYJets10to50.root
2025-12-18 14:20:38,320 - INFO - [2016preVFP] MISSING_CENTRAL: ZFake1E2Mu/Central/muons/1/charge in Skim_TriLep_DYJets10to50.root
2025-12-18 14:20:38,526 - INFO - [2016postVFP] MISSING_CENTRAL: ZFake1E2Mu/Central/muons/1/charge in Skim_TriLep_DYJets10to50.root
2025-12-18 14:20:38,807 - INFO - [2017] MISSING_CENTRAL: ZFake1E2Mu/Central/muons/1/charge in Skim_TriLep_DYJets10to50.root
2025-12-18 14:20:39,143 - INFO - [2018] MISSING_CENTRAL: ZFake1E2Mu/Central/muons/1/charge in Skim_TriLep_DYJets10to50.root
2025-12-18 14:36:03,263 - INFO - [2016preVFP] MISSING_CENTRAL: ZFake1E2Mu/Central/muons/1/charge in Skim_TriLep_DYJets10to50.root
2025-12-18 14:36:03,483 - INFO - [2016postVFP] MISSING_CENTRAL: ZFake1E2Mu/Central/muons/1/charge in Skim_TriLep_DYJets10to50.root
2025-12-18 14:36:03,703 - INFO - [2017] MISSING_CENTRAL: ZFake1E2Mu/Central/muons/1/charge in Skim_TriLep_DYJets10to50.root
2025-12-18 14:36:03,956 - INFO - [2018] MISSING_CENTRAL: ZFake1E2Mu/Central/muons/1/charge in Skim_TriLep_DYJets10to50.root
2026-01-07 11:46:04,837 - INFO - [2016preVFP] MISSING_CENTRAL: ZFake1E2Mu/Central/muons/1/charge in Skim_TriLep_DYJets10to50.root
2026-01-07 11:46:05,000 - INFO - [2016postVFP] MISSING_CENTRAL: ZFake1E2Mu/Central/muons/1/charge in Skim_TriLep_DYJets10to50.root
2026-01-07 11:46:05,179 - INFO - [2017] MISSING_CENTRAL: ZFake1E2Mu/Central/muons/1/charge in Skim_TriLep_DYJets10to50.root
2026-01-07 11:46:05,360 - INFO - [2018] MISSING_CENTRAL: ZFake1E2Mu/Central/muons/1/charge in Skim_TriLep_DYJets10to50.root
2026-01-07 18:42:44,337 - INFO - [2016preVFP] MISSING_CENTRAL: ZFake1E2Mu/Central/muons/1/charge in Skim_TriLep_DYJets10to50.root
2026-01-07 18:42:44,519 - INFO - [2016postVFP] MISSING_CENTRAL: ZFake1E2Mu/Central/muons/1/charge in Skim_TriLep_DYJets10to50.root
2026-01-07 18:42:44,705 - INFO - [2017] MISSING_CENTRAL: ZFake1E2Mu/Central/muons/1/charge in Skim_TriLep_DYJets10to50.root
2026-01-07 18:42:44,878 - INFO - [2018] MISSING_CENTRAL: ZFake1E2Mu/Central/muons/1/charge in Skim_TriLep_DYJets10to50.root
2026-01-09 12:16:38,636 - INFO - [2016preVFP] MISSING_CENTRAL: ZFake1E2Mu/Central/muons/1/charge in Skim_TriLep_DYJets10to50.root
2026-01-09 12:16:38,732 - INFO - [2016postVFP] MISSING_CENTRAL: ZFake1E2Mu/Central/muons/1/charge in Skim_TriLep_DYJets10to50.root
2026-01-09 12:16:38,833 - INFO - [2017] MISSING_CENTRAL: ZFake1E2Mu/Central/muons/1/charge in Skim_TriLep_DYJets10to50.root
2026-01-09 12:16:38,936 - INFO - [2018] MISSING_CENTRAL: ZFake1E2Mu/Central/muons/1/charge in Skim_TriLep_DYJets10to50.root
2026-01-11 09:36:42,160 - INFO - [2016preVFP] MISSING_CENTRAL: ZFake1E2Mu/Central/muons/1/charge in Skim_TriLep_DYJets10to50.root
2026-01-11 09:36:42,263 - INFO - [2016postVFP] MISSING_CENTRAL: ZFake1E2Mu/Central/muons/1/charge in Skim_TriLep_DYJets10to50.root
2026-01-11 09:36:42,372 - INFO - [2017] MISSING_CENTRAL: ZFake1E2Mu/Central/muons/1/charge in Skim_TriLep_DYJets10to50.root
2026-01-11 09:36:42,481 - INFO - [2018] MISSING_CENTRAL: ZFake1E2Mu/Central/muons/1/charge in Skim_TriLep_DYJets10to50.root
2026-01-12 13:45:20,377 - INFO - [2016preVFP] MISSING_FILE: /home/choij/Sync/workspace/ChargedHiggsAnalysisV3/SKNanoOutput/MatrixSelector/Run1E2Mu/2016preVFP/Skim_TriLep_MuonEG_B.root
2026-01-12 13:45:20,377 - INFO - [2016preVFP] MISSING_FILE: /home/choij/Sync/workspace/ChargedHiggsAnalysisV3/SKNanoOutput/MatrixSelector/Run1E2Mu/2016preVFP/Skim_TriLep_MuonEG_C.root
2026-01-12 13:45:20,377 - INFO - [2016preVFP] MISSING_FILE: /home/choij/Sync/workspace/ChargedHiggsAnalysisV3/SKNanoOutput/MatrixSelector/Run1E2Mu/2016preVFP/Skim_TriLep_MuonEG_D.root
2026-01-12 13:45:20,377 - INFO - [2016preVFP] MISSING_FILE: /home/choij/Sync/workspace/ChargedHiggsAnalysisV3/SKNanoOutput/MatrixSelector/Run1E2Mu/2016preVFP/Skim_TriLep_MuonEG_E.root
2026-01-12 13:45:20,378 - INFO - [2016preVFP] MISSING_FILE: /home/choij/Sync/workspace/ChargedHiggsAnalysisV3/SKNanoOutput/MatrixSelector/Run1E2Mu/2016preVFP/Skim_TriLep_MuonEG_F.root
2026-01-12 13:45:20,399 - INFO - [2016preVFP] MISSING_CENTRAL: ZFake1E2Mu/Central/muons/1/charge in Skim_TriLep_DYJets10to50.root
2026-01-12 13:45:20,483 - INFO - [2016postVFP] MISSING_FILE: /home/choij/Sync/workspace/ChargedHiggsAnalysisV3/SKNanoOutput/MatrixSelector/Run1E2Mu/2016postVFP/Skim_TriLep_MuonEG_F.root
2026-01-12 13:45:20,484 - INFO - [2016postVFP] MISSING_FILE: /home/choij/Sync/workspace/ChargedHiggsAnalysisV3/SKNanoOutput/MatrixSelector/Run1E2Mu/2016postVFP/Skim_TriLep_MuonEG_G.root
2026-01-12 13:45:20,484 - INFO - [2016postVFP] MISSING_FILE: /home/choij/Sync/workspace/ChargedHiggsAnalysisV3/SKNanoOutput/MatrixSelector/Run1E2Mu/2016postVFP/Skim_TriLep_MuonEG_H.root
2026-01-12 13:45:20,490 - INFO - [2016postVFP] MISSING_CENTRAL: ZFake1E2Mu/Central/muons/1/charge in Skim_TriLep_DYJets10to50.root
2026-01-12 13:45:20,578 - INFO - [2017] MISSING_FILE: /home/choij/Sync/workspace/ChargedHiggsAnalysisV3/SKNanoOutput/MatrixSelector/Run1E2Mu/2017/Skim_TriLep_MuonEG_B.root
2026-01-12 13:45:20,578 - INFO - [2017] MISSING_FILE: /home/choij/Sync/workspace/ChargedHiggsAnalysisV3/SKNanoOutput/MatrixSelector/Run1E2Mu/2017/Skim_TriLep_MuonEG_C.root
2026-01-12 13:45:20,578 - INFO - [2017] MISSING_FILE: /home/choij/Sync/workspace/ChargedHiggsAnalysisV3/SKNanoOutput/MatrixSelector/Run1E2Mu/2017/Skim_TriLep_MuonEG_D.root
2026-01-12 13:45:20,578 - INFO - [2017] MISSING_FILE: /home/choij/Sync/workspace/ChargedHiggsAnalysisV3/SKNanoOutput/MatrixSelector/Run1E2Mu/2017/Skim_TriLep_MuonEG_E.root
2026-01-12 13:45:20,578 - INFO - [2017] MISSING_FILE: /home/choij/Sync/workspace/ChargedHiggsAnalysisV3/SKNanoOutput/MatrixSelector/Run1E2Mu/2017/Skim_TriLep_MuonEG_F.root
2026-01-12 13:45:20,584 - INFO - [2017] MISSING_CENTRAL: ZFake1E2Mu/Central/muons/1/charge in Skim_TriLep_DYJets10to50.root
2026-01-12 13:45:20,666 - INFO - [2018] MISSING_FILE: /home/choij/Sync/workspace/ChargedHiggsAnalysisV3/SKNanoOutput/MatrixSelector/Run1E2Mu/2018/Skim_TriLep_MuonEG_A.root
2026-01-12 13:45:20,667 - INFO - [2018] MISSING_FILE: /home/choij/Sync/workspace/ChargedHiggsAnalysisV3/SKNanoOutput/MatrixSelector/Run1E2Mu/2018/Skim_TriLep_MuonEG_B.root
2026-01-12 13:45:20,667 - INFO - [2018] MISSING_FILE: /home/choij/Sync/workspace/ChargedHiggsAnalysisV3/SKNanoOutput/MatrixSelector/Run1E2Mu/2018/Skim_TriLep_MuonEG_C.root
2026-01-12 13:45:20,667 - INFO - [2018] MISSING_FILE: /home/choij/Sync/workspace/ChargedHiggsAnalysisV3/SKNanoOutput/MatrixSelector/Run1E2Mu/2018/Skim_TriLep_MuonEG_D.root
2026-01-12 13:45:20,672 - INFO - [2018] MISSING_CENTRAL: ZFake1E2Mu/Central/muons/1/charge in Skim_TriLep_DYJets10to50.root
2026-01-16 19:00:32,822 - INFO - [2016preVFP] MISSING_CENTRAL: ZFake1E2Mu/Central/muons/1/charge in Skim_TriLep_DYJets10to50.root
2026-01-16 19:00:32,924 - INFO - [2016postVFP] MISSING_CENTRAL: ZFake1E2Mu/Central/muons/1/charge in Skim_TriLep_DYJets10to50.root
2026-01-16 19:00:33,025 - INFO - [2017] MISSING_CENTRAL: ZFake1E2Mu/Central/muons/1/charge in Skim_TriLep_DYJets10to50.root
2026-01-16 19:00:33,128 - INFO - [2018] MISSING_CENTRAL: ZFake1E2Mu/Central/muons/1/charge in Skim_TriLep_DYJets10to50.root
2026-01-28 16:08:30,568 - INFO - [2016preVFP] MISSING_CENTRAL: ZFake1E2Mu/Central/muons/1/charge in Skim_TriLep_DYJets10to50.root
2026-01-28 16:08:30,666 - INFO - [2016postVFP] MISSING_CENTRAL: ZFake1E2Mu/Central/muons/1/charge in Skim_TriLep_DYJets10to50.root
2026-01-28 16:08:30,769 - INFO - [2017] MISSING_CENTRAL: ZFake1E2Mu/Central/muons/1/charge in Skim_TriLep_DYJets10to50.root
2026-01-28 16:08:30,868 - INFO - [2018] MISSING_CENTRAL: ZFake1E2Mu/Central/muons/1/charge in Skim_TriLep_DYJets10to50.root
2026-01-28 17:20:21,992 - INFO - [2016preVFP] MISSING_CENTRAL: ZFake1E2Mu/Central/muons/1/charge in Skim_TriLep_DYJets10to50.root
2026-01-28 17:20:22,102 - INFO - [2016postVFP] MISSING_CENTRAL: ZFake1E2Mu/Central/muons/1/charge in Skim_TriLep_DYJets10to50.root
2026-01-28 17:20:22,203 - INFO - [2017] MISSING_CENTRAL: ZFake1E2Mu/Central/muons/1/charge in Skim_TriLep_DYJets10to50.root
2026-01-28 17:20:22,308 - INFO - [2018] MISSING_CENTRAL: ZFake1E2Mu/Central/muons/1/charge in Skim_TriLep_DYJets10to50.root
2026-01-28 19:53:55,274 - INFO - [2016preVFP] MISSING_CENTRAL: ZFake1E2Mu/Central/muons/1/charge in Skim_TriLep_DYJets10to50.root
2026-01-28 19:53:55,369 - INFO - [2016postVFP] MISSING_CENTRAL: ZFake1E2Mu/Central/muons/1/charge in Skim_TriLep_DYJets10to50.root
2026-01-28 19:53:55,465 - INFO - [2017] MISSING_CENTRAL: ZFake1E2Mu/Central/muons/1/charge in Skim_TriLep_DYJets10to50.root
2026-01-28 19:53:55,563 - INFO - [2018] MISSING_CENTRAL: ZFake1E2Mu/Central/muons/1/charge in Skim_TriLep_DYJets10to50.root
2026-01-29 07:11:15,254 - INFO - [2016preVFP] MISSING_CENTRAL: ZFake1E2Mu/Central/muons/1/charge in Skim_TriLep_DYJets10to50.root
2026-01-29 07:11:15,352 - INFO - [2016postVFP] MISSING_CENTRAL: ZFake1E2Mu/Central/muons/1/charge in Skim_TriLep_DYJets10to50.root
2026-01-29 07:11:15,450 - INFO - [2017] MISSING_CENTRAL: ZFake1E2Mu/Central/muons/1/charge in Skim_TriLep_DYJets10to50.root
2026-01-29 07:11:15,547 - INFO - [2018] MISSING_CENTRAL: ZFake1E2Mu/Central/muons/1/charge in Skim_TriLep_DYJets10to50.root
2026-03-06 09:39:43,238 - INFO - [2016preVFP] MISSING_CENTRAL: ZFake1E2Mu/Central/muons/1/charge in Skim_TriLep_DYJets10to50.root
2026-03-06 09:39:43,342 - INFO - [2016postVFP] MISSING_CENTRAL: ZFake1E2Mu/Central/muons/1/charge in Skim_TriLep_DYJets10to50.root
2026-03-06 09:39:43,449 - INFO - [2017] MISSING_CENTRAL: ZFake1E2Mu/Central/muons/1/charge in Skim_TriLep_DYJets10to50.root
2026-03-06 09:39:43,550 - INFO - [2018] MISSING_CENTRAL: ZFake1E2Mu/Central/muons/1/charge in Skim_TriLep_DYJets10to50.root
2026-03-06 19:45:31,703 - INFO - [2016preVFP] MISSING_CENTRAL: ZFake1E2Mu/Central/muons/1/charge in Skim_TriLep_DYJets10to50.root
2026-03-06 19:45:31,798 - INFO - [2016postVFP] MISSING_CENTRAL: ZFake1E2Mu/Central/muons/1/charge in Skim_TriLep_DYJets10to50.root
2026-03-06 19:45:31,899 - INFO - [2017] MISSING_CENTRAL: ZFake1E2Mu/Central/muons/1/charge in Skim_TriLep_DYJets10to50.root
2026-03-06 19:45:32,001 - INFO - [2018] MISSING_CENTRAL: ZFake1E2Mu/Central/muons/1/charge in Skim_TriLep_DYJets10to50.root
2026-03-12 21:34:12,743 - INFO - [2016preVFP] MISSING_CENTRAL: ZFake1E2Mu/Central/muons/1/charge in Skim_TriLep_DYJets10to50.root
2026-03-12 21:34:12,838 - INFO - [2016postVFP] MISSING_CENTRAL: ZFake1E2Mu/Central/muons/1/charge in Skim_TriLep_DYJets10to50.root
2026-03-12 21:34:12,939 - INFO - [2017] MISSING_CENTRAL: ZFake1E2Mu/Central/muons/1/charge in Skim_TriLep_DYJets10to50.root
2026-03-12 21:34:13,043 - INFO - [2018] MISSING_CENTRAL: ZFake1E2Mu/Central/muons/1/charge in Skim_TriLep_DYJets10to50.root
2026-04-10 20:20:31,646 - INFO - [2016preVFP] MISSING_CENTRAL: ZFake1E2Mu/Central/muons/1/charge in Skim_TriLep_DYJets10to50.root
2026-04-10 20:20:31,741 - INFO - [2016postVFP] MISSING_CENTRAL: ZFake1E2Mu/Central/muons/1/charge in Skim_TriLep_DYJets10to50.root
2026-04-10 20:20:31,838 - INFO - [2017] MISSING_CENTRAL: ZFake1E2Mu/Central/muons/1/charge in Skim_TriLep_DYJets10to50.root
2026-04-10 20:20:31,935 - INFO - [2018] MISSING_CENTRAL: ZFake1E2Mu/Central/muons/1/charge in Skim_TriLep_DYJets10to50.root
2026-04-12 11:35:38,392 - INFO - [2016preVFP] MISSING_CENTRAL: ZFake1E2Mu/Central/muons/1/charge in Skim_TriLep_DYJets10to50.root
2026-04-12 11:35:38,496 - INFO - [2016postVFP] MISSING_CENTRAL: ZFake1E2Mu/Central/muons/1/charge in Skim_TriLep_DYJets10to50.root
2026-04-12 11:35:38,602 - INFO - [2017] MISSING_CENTRAL: ZFake1E2Mu/Central/muons/1/charge in Skim_TriLep_DYJets10to50.root
2026-04-12 11:35:38,706 - INFO - [2018] MISSING_CENTRAL: ZFake1E2Mu/Central/muons/1/charge in Skim_TriLep_DYJets10to50.root
2026-04-12 12:17:41,390 - INFO - [2016preVFP] MISSING_CENTRAL: ZFake1E2Mu/Central/muons/1/charge in Skim_TriLep_DYJets10to50.root
2026-04-12 12:17:41,483 - INFO - [2016postVFP] MISSING_CENTRAL: ZFake1E2Mu/Central/muons/1/charge in Skim_TriLep_DYJets10to50.root
2026-04-12 12:17:41,580 - INFO - [2017] MISSING_CENTRAL: ZFake1E2Mu/Central/muons/1/charge in Skim_TriLep_DYJets10to50.root
2026-04-12 12:17:41,679 - INFO - [2018] MISSING_CENTRAL: ZFake1E2Mu/Central/muons/1/charge in Skim_TriLep_DYJets10to50.root
2026-04-12 12:37:20,382 - INFO - [2016preVFP] MISSING_CENTRAL: ZFake1E2Mu/Central/muons/1/charge in Skim_TriLep_DYJets10to50.root
2026-04-12 12:37:20,475 - INFO - [2016postVFP] MISSING_CENTRAL: ZFake1E2Mu/Central/muons/1/charge in Skim_TriLep_DYJets10to50.root
2026-04-12 12:37:20,574 - INFO - [2017] MISSING_CENTRAL: ZFake1E2Mu/Central/muons/1/charge in Skim_TriLep_DYJets10to50.root
2026-04-12 12:37:20,679 - INFO - [2018] MISSING_CENTRAL: ZFake1E2Mu/Central/muons/1/charge in Skim_TriLep_DYJets10to50.root
2026-04-12 20:45:24,820 - INFO - [2016preVFP] MISSING_CENTRAL: ZFake1E2Mu/Central/muons/1/charge in Skim_TriLep_DYJets10to50.root
2026-04-12 20:45:24,938 - INFO - [2016postVFP] MISSING_CENTRAL: ZFake1E2Mu/Central/muons/1/charge in Skim_TriLep_DYJets10to50.root
2026-04-12 20:45:25,069 - INFO - [2017] MISSING_CENTRAL: ZFake1E2Mu/Central/muons/1/charge in Skim_TriLep_DYJets10to50.root
2026-04-12 20:45:25,171 - INFO - [2018] MISSING_CENTRAL: ZFake1E2Mu/Central/muons/1/charge in Skim_TriLep_DYJets10to50.root
2026-04-12 21:17:01,896 - INFO - [2016preVFP] MISSING_CENTRAL: ZFake1E2Mu/Central/muons/1/charge in Skim_TriLep_DYJets10to50.root
2026-04-12 21:17:01,992 - INFO - [2016postVFP] MISSING_CENTRAL: ZFake1E2Mu/Central/muons/1/charge in Skim_TriLep_DYJets10to50.root
2026-04-12 21:17:02,095 - INFO - [2017] MISSING_CENTRAL: ZFake1E2Mu/Central/muons/1/charge in Skim_TriLep_DYJets10to50.root
2026-04-12 21:17:02,195 - INFO - [2018] MISSING_CENTRAL: ZFake1E2Mu/Central/muons/1/charge in Skim_TriLep_DYJets10to50.root
2026-04-13 12:54:37,929 - INFO - [2016preVFP] MISSING_CENTRAL: ZFake1E2Mu/Central/muons/1/charge in Skim_TriLep_DYJets10to50.root
2026-04-13 12:54:38,024 - INFO - [2016postVFP] MISSING_CENTRAL: ZFake1E2Mu/Central/muons/1/charge in Skim_TriLep_DYJets10to50.root
2026-04-13 12:54:38,139 - INFO - [2017] MISSING_CENTRAL: ZFake1E2Mu/Central/muons/1/charge in Skim_TriLep_DYJets10to50.root
2026-04-13 12:54:38,248 - INFO - [2018] MISSING_CENTRAL: ZFake1E2Mu/Central/muons/1/charge in Skim_TriLep_DYJets10to50.root
2026-04-16 17:37:08,227 - INFO - [2016preVFP] MISSING_CENTRAL: ZFake1E2Mu/Central/muons/1/charge in Skim_TriLep_DYJets10to50.root
2026-04-16 17:37:08,331 - INFO - [2016postVFP] MISSING_CENTRAL: ZFake1E2Mu/Central/muons/1/charge in Skim_TriLep_DYJets10to50.root
2026-04-16 17:37:08,429 - INFO - [2017] MISSING_CENTRAL: ZFake1E2Mu/Central/muons/1/charge in Skim_TriLep_DYJets10to50.root
2026-04-16 17:37:08,530 - INFO - [2018] MISSING_CENTRAL: ZFake1E2Mu/Central/muons/1/charge in Skim_TriLep_DYJets10to50.root
2026-04-28 15:19:39,480 - INFO - [2016preVFP] MISSING_CENTRAL: ZFake1E2Mu/Central/muons/1/charge in Skim_TriLep_DYJets10to50.root
2026-04-28 15:19:39,579 - INFO - [2016postVFP] MISSING_CENTRAL: ZFake1E2Mu/Central/muons/1/charge in Skim_TriLep_DYJets10to50.root
2026-04-28 15:19:39,676 - INFO - [2017] MISSING_CENTRAL: ZFake1E2Mu/Central/muons/1/charge in Skim_TriLep_DYJets10to50.root
2026-04-28 15:19:39,774 - INFO - [2018] MISSING_CENTRAL: ZFake1E2Mu/Central/muons/1/charge in Skim_TriLep_DYJets10to50.root
2026-04-28 20:32:49,959 - INFO - [2016preVFP] MISSING_CENTRAL: ZFake1E2Mu/Central/muons/1/charge in Skim_TriLep_DYJets10to50.root
2026-04-28 20:32:50,066 - INFO - [2016postVFP] MISSING_CENTRAL: ZFake1E2Mu/Central/muons/1/charge in Skim_TriLep_DYJets10to50.root
2026-04-28 20:32:50,168 - INFO - [2017] MISSING_CENTRAL: ZFake1E2Mu/Central/muons/1/charge in Skim_TriLep_DYJets10to50.root
2026-04-28 20:32:50,273 - INFO - [2018] MISSING_CENTRAL: ZFake1E2Mu/Central/muons/1/charge in Skim_TriLep_DYJets10to50.root
2026-05-04 15:39:18,909 - INFO - [2016preVFP] MISSING_CENTRAL: ZFake1E2Mu/Central/muons/1/charge in Skim_TriLep_DYJets10to50.root
2026-05-04 15:39:19,391 - INFO - [2016postVFP] MISSING_CENTRAL: ZFake1E2Mu/Central/muons/1/charge in Skim_TriLep_DYJets10to50.root
2026-05-04 15:39:19,900 - INFO - [2017] MISSING_CENTRAL: ZFake1E2Mu/Central/muons/1/charge in Skim_TriLep_DYJets10to50.root
2026-05-04 15:39:20,405 - INFO - [2018] MISSING_CENTRAL: ZFake1E2Mu/Central/muons/1/charge in Skim_TriLep_DYJets10to50.root
2026-05-04 16:03:27,188 - INFO - [2016preVFP] MISSING_CENTRAL: ZFake1E2Mu/Central/muons/1/charge in Skim_TriLep_DYJets10to50.root
2026-05-04 16:03:27,285 - INFO - [2016postVFP] MISSING_CENTRAL: ZFake1E2Mu/Central/muons/1/charge in Skim_TriLep_DYJets10to50.root
2026-05-04 16:03:27,385 - INFO - [2017] MISSING_CENTRAL: ZFake1E2Mu/Central/muons/1/charge in Skim_TriLep_DYJets10to50.root
2026-05-04 16:03:27,485 - INFO - [2018] MISSING_CENTRAL: ZFake1E2Mu/Central/muons/1/charge in Skim_TriLep_DYJets10to50.root
2026-05-04 17:06:44,432 - INFO - [2016preVFP] MISSING_CENTRAL: ZFake1E2Mu/Central/muons/1/charge in Skim_TriLep_DYJets10to50.root
2026-05-04 17:06:44,528 - INFO - [2016postVFP] MISSING_CENTRAL: ZFake1E2Mu/Central/muons/1/charge in Skim_TriLep_DYJets10to50.root
2026-05-04 17:06:44,627 - INFO - [2017] MISSING_CENTRAL: ZFake1E2Mu/Central/muons/1/charge in Skim_TriLep_DYJets10to50.root
2026-05-04 17:06:44,726 - INFO - [2018] MISSING_CENTRAL: ZFake1E2Mu/Central/muons/1/charge in Skim_TriLep_DYJets10to50.root
2026-05-28 15:43:44,703 - INFO - [2016preVFP] MISSING_CENTRAL: ZFake1E2Mu/Central/muons/1/charge in Skim_TriLep_DYJets10to50.root
2026-05-28 15:43:44,866 - INFO - [2016postVFP] MISSING_CENTRAL: ZFake1E2Mu/Central/muons/1/charge in Skim_TriLep_DYJets10to50.root
2026-05-28 15:43:45,026 - INFO - [2017] MISSING_CENTRAL: ZFake1E2Mu/Central/muons/1/charge in Skim_TriLep_DYJets10to50.root
2026-05-28 15:43:45,189 - INFO - [2018] MISSING_CENTRAL: ZFake1E2Mu/Central/muons/1/charge in Skim_TriLep_DYJets10to50.root
2026-05-29 15:20:26,768 - INFO - [2016preVFP] MISSING_CENTRAL: ZFake1E2Mu/Central/muons/1/charge in Skim_TriLep_DYJets10to50.root
2026-05-29 15:20:27,273 - INFO - [2016postVFP] MISSING_CENTRAL: ZFake1E2Mu/Central/muons/1/charge in Skim_TriLep_DYJets10to50.root
2026-05-29 15:20:27,767 - INFO - [2017] MISSING_CENTRAL: ZFake1E2Mu/Central/muons/1/charge in Skim_TriLep_DYJets10to50.root
2026-05-29 15:20:28,266 - INFO - [2018] MISSING_CENTRAL: ZFake1E2Mu/Central/muons/1/charge in Skim_TriLep_DYJets10to50.root
2026-05-29 15:34:31,909 - INFO - [2016preVFP] MISSING_CENTRAL: ZFake1E2Mu/Central/muons/1/charge in Skim_TriLep_DYJets10to50.root
2026-05-29 15:34:32,005 - INFO - [2016postVFP] MISSING_CENTRAL: ZFake1E2Mu/Central/muons/1/charge in Skim_TriLep_DYJets10to50.root
2026-05-29 15:34:32,102 - INFO - [2017] MISSING_CENTRAL: ZFake1E2Mu/Central/muons/1/charge in Skim_TriLep_DYJets10to50.root
2026-05-29 15:34:32,202 - INFO - [2018] MISSING_CENTRAL: ZFake1E2Mu/Central/muons/1/charge in Skim_TriLep_DYJets10to50.root
2026-05-29 18:25:43,317 - INFO - [2016preVFP] MISSING_CENTRAL: ZFake1E2Mu/Central/muons/1/charge in Skim_TriLep_DYJets10to50.root
2026-05-29 18:25:43,825 - INFO - [2016postVFP] MISSING_CENTRAL: ZFake1E2Mu/Central/muons/1/charge in Skim_TriLep_DYJets10to50.root
2026-05-29 18:25:44,340 - INFO - [2017] MISSING_CENTRAL: ZFake1E2Mu/Central/muons/1/charge in Skim_TriLep_DYJets10to50.root
2026-05-29 18:25:44,819 - INFO - [2018] MISSING_CENTRAL: ZFake1E2Mu/Central/muons/1/charge in Skim_TriLep_DYJets10to50.root
2026-06-12 14:27:21,269 - INFO - [2016preVFP] MISSING_CENTRAL: ZFake1E2Mu/Central/muons/1/charge in Skim_TriLep_DYJets10to50.root
2026-06-12 14:27:21,363 - INFO - [2016postVFP] MISSING_CENTRAL: ZFake1E2Mu/Central/muons/1/charge in Skim_TriLep_DYJets10to50.root
2026-06-12 14:27:21,460 - INFO - [2017] MISSING_CENTRAL: ZFake1E2Mu/Central/muons/1/charge in Skim_TriLep_DYJets10to50.root
2026-06-12 14:27:21,559 - INFO - [2018] MISSING_CENTRAL: ZFake1E2Mu/Central/muons/1/charge in Skim_TriLep_DYJets10to50.root
