2025-09-24 16:05:03,618 - INFO - [2023BPix] MISSING_CENTRAL: ZG1E2Mu/Central/METv/pt in Skim_TriLep_DYJets10to50.root
2025-09-24 16:05:03,851 - INFO - [2023BPix] MISSING_CENTRAL: ZG1E2Mu/Central/METv/pt in Skim_TriLep_TTG_PTG10to100.root
2025-09-24 16:05:03,852 - INFO - [2023BPix] MISSING_CENTRAL: ZG1E2Mu/Central/METv/pt in Skim_TriLep_TTG_PTG100to200.root
2025-09-24 16:05:03,852 - INFO - [2023BPix] MISSING_CENTRAL: ZG1E2Mu/Central/METv/pt in Skim_TriLep_TTG_PTG200toInf.root
2025-09-24 16:05:13,369 - INFO - [2023BPix] MISSING_CENTRAL: ZG1E2Mu/Central/METv/pt in Skim_TriLep_DYJets10to50.root
2025-09-24 16:05:13,372 - INFO - [2023BPix] MISSING_CENTRAL: ZG1E2Mu/Central/METv/pt in Skim_TriLep_TTG_PTG10to100.root
2025-09-24 16:05:13,372 - INFO - [2023BPix] MISSING_CENTRAL: ZG1E2Mu/Central/METv/pt in Skim_TriLep_TTG_PTG100to200.root
2025-09-24 16:05:13,372 - INFO - [2023BPix] MISSING_CENTRAL: ZG1E2Mu/Central/METv/pt in Skim_TriLep_TTG_PTG200toInf.root
2025-10-02 21:22:14,024 - INFO - [2023BPix] MISSING_CENTRAL: ZG1E2Mu/Central/METv/pt in Skim_TriLep_DYJets10to50.root
2025-10-02 21:22:14,272 - INFO - [2023BPix] MISSING_CENTRAL: ZG1E2Mu/Central/METv/pt in Skim_TriLep_TTG_PTG10to100.root
2025-10-02 21:22:14,273 - INFO - [2023BPix] MISSING_CENTRAL: ZG1E2Mu/Central/METv/pt in Skim_TriLep_TTG_PTG100to200.root
2025-10-02 21:22:14,273 - INFO - [2023BPix] MISSING_CENTRAL: ZG1E2Mu/Central/METv/pt in Skim_TriLep_TTG_PTG200toInf.root
2025-10-02 21:22:20,393 - INFO - [2023BPix] MISSING_CENTRAL: ZG1E2Mu/Central/METv/pt in Skim_TriLep_DYJets10to50.root
2025-10-02 21:22:20,400 - INFO - [2023BPix] MISSING_CENTRAL: ZG1E2Mu/Central/METv/pt in Skim_TriLep_TTG_PTG10to100.root
2025-10-02 21:22:20,401 - INFO - [2023BPix] MISSING_CENTRAL: ZG1E2Mu/Central/METv/pt in Skim_TriLep_TTG_PTG100to200.root
2025-10-02 21:22:20,401 - INFO - [2023BPix] MISSING_CENTRAL: ZG1E2Mu/Central/METv/pt in Skim_TriLep_TTG_PTG200toInf.root
2025-10-03 00:35:38,277 - INFO - [2023BPix] MISSING_CENTRAL: ZG1E2Mu/Central/METv/pt in Skim_TriLep_DYJets10to50.root
2025-10-03 00:35:38,470 - INFO - [2023BPix] MISSING_CENTRAL: ZG1E2Mu/Central/METv/pt in Skim_TriLep_TTG_PTG10to100.root
2025-10-03 00:35:38,471 - INFO - [2023BPix] MISSING_CENTRAL: ZG1E2Mu/Central/METv/pt in Skim_TriLep_TTG_PTG100to200.root
2025-10-03 00:35:38,471 - INFO - [2023BPix] MISSING_CENTRAL: ZG1E2Mu/Central/METv/pt in Skim_TriLep_TTG_PTG200toInf.root
2025-10-03 00:35:54,466 - INFO - [2023BPix] MISSING_CENTRAL: ZG1E2Mu/Central/METv/pt in Skim_TriLep_DYJets10to50.root
2025-10-03 00:35:54,473 - INFO - [2023BPix] MISSING_CENTRAL: ZG1E2Mu/Central/METv/pt in Skim_TriLep_TTG_PTG10to100.root
2025-10-03 00:35:54,474 - INFO - [2023BPix] MISSING_CENTRAL: ZG1E2Mu/Central/METv/pt in Skim_TriLep_TTG_PTG100to200.root
2025-10-03 00:35:54,474 - INFO - [2023BPix] MISSING_CENTRAL: ZG1E2Mu/Central/METv/pt in Skim_TriLep_TTG_PTG200toInf.root
2025-11-07 13:13:10,842 - INFO - [2023BPix] MISSING_CENTRAL: ZG1E2Mu/Central/METv/pt in Skim_TriLep_DYJets10to50.root
2025-11-07 13:13:10,895 - INFO - [2023BPix] MISSING_CENTRAL: ZG1E2Mu/Central/METv/pt in Skim_TriLep_TTG_PTG10to100.root
2025-11-07 13:13:10,896 - INFO - [2023BPix] MISSING_CENTRAL: ZG1E2Mu/Central/METv/pt in Skim_TriLep_TTG_PTG100to200.root
2025-11-07 13:13:10,896 - INFO - [2023BPix] MISSING_CENTRAL: ZG1E2Mu/Central/METv/pt in Skim_TriLep_TTG_PTG200toInf.root
2025-11-07 13:13:16,022 - INFO - [2023BPix] MISSING_CENTRAL: ZG1E2Mu/Central/METv/pt in Skim_TriLep_DYJets10to50.root
2025-11-07 13:13:16,025 - INFO - [2023BPix] MISSING_CENTRAL: ZG1E2Mu/Central/METv/pt in Skim_TriLep_TTG_PTG10to100.root
2025-11-07 13:13:16,025 - INFO - [2023BPix] MISSING_CENTRAL: ZG1E2Mu/Central/METv/pt in Skim_TriLep_TTG_PTG100to200.root
2025-11-07 13:13:16,026 - INFO - [2023BPix] MISSING_CENTRAL: ZG1E2Mu/Central/METv/pt in Skim_TriLep_TTG_PTG200toInf.root
2025-11-07 14:10:44,305 - INFO - [2023BPix] MISSING_CENTRAL: ZG1E2Mu/Central/METv/pt in Skim_TriLep_DYJets10to50.root
2025-11-07 14:10:44,356 - INFO - [2023BPix] MISSING_CENTRAL: ZG1E2Mu/Central/METv/pt in Skim_TriLep_TTG_PTG10to100.root
2025-11-07 14:10:44,356 - INFO - [2023BPix] MISSING_CENTRAL: ZG1E2Mu/Central/METv/pt in Skim_TriLep_TTG_PTG100to200.root
2025-11-07 14:10:44,356 - INFO - [2023BPix] MISSING_CENTRAL: ZG1E2Mu/Central/METv/pt in Skim_TriLep_TTG_PTG200toInf.root
2025-11-07 14:10:49,295 - INFO - [2023BPix] MISSING_CENTRAL: ZG1E2Mu/Central/METv/pt in Skim_TriLep_DYJets10to50.root
2025-11-07 14:10:49,299 - INFO - [2023BPix] MISSING_CENTRAL: ZG1E2Mu/Central/METv/pt in Skim_TriLep_TTG_PTG10to100.root
2025-11-07 14:10:49,299 - INFO - [2023BPix] MISSING_CENTRAL: ZG1E2Mu/Central/METv/pt in Skim_TriLep_TTG_PTG100to200.root
2025-11-07 14:10:49,299 - INFO - [2023BPix] MISSING_CENTRAL: ZG1E2Mu/Central/METv/pt in Skim_TriLep_TTG_PTG200toInf.root
2025-11-10 12:26:58,165 - INFO - [2023BPix] MISSING_CENTRAL: ZG1E2Mu/Central/METv/pt in Skim_TriLep_DYJets10to50.root
2025-11-10 12:26:58,224 - INFO - [2023BPix] MISSING_CENTRAL: ZG1E2Mu/Central/METv/pt in Skim_TriLep_TTG_PTG10to100.root
2025-11-10 12:26:58,225 - INFO - [2023BPix] MISSING_CENTRAL: ZG1E2Mu/Central/METv/pt in Skim_TriLep_TTG_PTG100to200.root
2025-11-10 12:26:58,225 - INFO - [2023BPix] MISSING_CENTRAL: ZG1E2Mu/Central/METv/pt in Skim_TriLep_TTG_PTG200toInf.root
2025-11-10 12:27:03,333 - INFO - [2023BPix] MISSING_CENTRAL: ZG1E2Mu/Central/METv/pt in Skim_TriLep_DYJets10to50.root
2025-11-10 12:27:03,336 - INFO - [2023BPix] MISSING_CENTRAL: ZG1E2Mu/Central/METv/pt in Skim_TriLep_TTG_PTG10to100.root
2025-11-10 12:27:03,336 - INFO - [2023BPix] MISSING_CENTRAL: ZG1E2Mu/Central/METv/pt in Skim_TriLep_TTG_PTG100to200.root
2025-11-10 12:27:03,337 - INFO - [2023BPix] MISSING_CENTRAL: ZG1E2Mu/Central/METv/pt in Skim_TriLep_TTG_PTG200toInf.root
2025-11-13 11:17:17,715 - INFO - [2023BPix] MISSING_CENTRAL: ZG1E2Mu/Central/METv/pt in Skim_TriLep_DYJets10to50.root
2025-11-13 11:17:18,440 - INFO - [2023BPix] MISSING_CENTRAL: ZG1E2Mu/Central/METv/pt in Skim_TriLep_TTG_PTG10to100.root
2025-11-13 11:17:18,440 - INFO - [2023BPix] MISSING_CENTRAL: ZG1E2Mu/Central/METv/pt in Skim_TriLep_TTG_PTG100to200.root
2025-11-13 11:17:18,441 - INFO - [2023BPix] MISSING_CENTRAL: ZG1E2Mu/Central/METv/pt in Skim_TriLep_TTG_PTG200toInf.root
2025-11-13 11:17:24,701 - INFO - [2023BPix] MISSING_CENTRAL: ZG1E2Mu/Central/METv/pt in Skim_TriLep_DYJets10to50.root
2025-11-13 11:17:24,708 - INFO - [2023BPix] MISSING_CENTRAL: ZG1E2Mu/Central/METv/pt in Skim_TriLep_TTG_PTG10to100.root
2025-11-13 11:17:24,709 - INFO - [2023BPix] MISSING_CENTRAL: ZG1E2Mu/Central/METv/pt in Skim_TriLep_TTG_PTG100to200.root
2025-11-13 11:17:24,710 - INFO - [2023BPix] MISSING_CENTRAL: ZG1E2Mu/Central/METv/pt in Skim_TriLep_TTG_PTG200toInf.root
2025-11-19 00:19:46,363 - INFO - [2023BPix] MISSING_CENTRAL: ZG1E2Mu/Central/METv/pt in Skim_TriLep_DYJets10to50.root
2025-11-19 00:19:46,504 - INFO - [2023BPix] MISSING_CENTRAL: ZG1E2Mu/Central/METv/pt in Skim_TriLep_TTG_PTG10to100.root
2025-11-19 00:19:46,505 - INFO - [2023BPix] MISSING_CENTRAL: ZG1E2Mu/Central/METv/pt in Skim_TriLep_TTG_PTG100to200.root
2025-11-19 00:19:46,506 - INFO - [2023BPix] MISSING_CENTRAL: ZG1E2Mu/Central/METv/pt in Skim_TriLep_TTG_PTG200toInf.root
2025-11-19 00:19:46,571 - INFO - [2023BPix] MISSING_FILE: /data9/Users/choij/Sync/workspace/ChargedHiggsAnalysisV3/SKNanoOutput/CRPromptSelector/Run1E2Mu_RunSyst/2023BPix/Skim_TriLep_WZTo3LNu_powheg.root
2025-11-19 00:19:52,749 - INFO - [2023BPix] MISSING_CENTRAL: ZG1E2Mu/Central/METv/pt in Skim_TriLep_DYJets10to50.root
2025-11-19 00:19:52,756 - INFO - [2023BPix] MISSING_CENTRAL: ZG1E2Mu/Central/METv/pt in Skim_TriLep_TTG_PTG10to100.root
2025-11-19 00:19:52,756 - INFO - [2023BPix] MISSING_CENTRAL: ZG1E2Mu/Central/METv/pt in Skim_TriLep_TTG_PTG100to200.root
2025-11-19 00:19:52,757 - INFO - [2023BPix] MISSING_CENTRAL: ZG1E2Mu/Central/METv/pt in Skim_TriLep_TTG_PTG200toInf.root
2025-11-19 00:19:52,759 - INFO - [2023BPix] MISSING_FILE: /data9/Users/choij/Sync/workspace/ChargedHiggsAnalysisV3/SKNanoOutput/CRPromptSelector/Run1E2Mu_RunSyst/2023BPix/Skim_TriLep_WZTo3LNu_powheg.root
2025-11-19 15:45:05,852 - INFO - [2023BPix] MISSING_CENTRAL: ZG1E2Mu/Central/METv/pt in Skim_TriLep_DYJets10to50.root
2025-11-19 15:45:05,904 - INFO - [2023BPix] MISSING_CENTRAL: ZG1E2Mu/Central/METv/pt in Skim_TriLep_TTG_PTG10to100.root
2025-11-19 15:45:05,904 - INFO - [2023BPix] MISSING_CENTRAL: ZG1E2Mu/Central/METv/pt in Skim_TriLep_TTG_PTG100to200.root
2025-11-19 15:45:05,904 - INFO - [2023BPix] MISSING_CENTRAL: ZG1E2Mu/Central/METv/pt in Skim_TriLep_TTG_PTG200toInf.root
2025-11-19 15:45:10,860 - INFO - [2023BPix] MISSING_CENTRAL: ZG1E2Mu/Central/METv/pt in Skim_TriLep_DYJets10to50.root
2025-11-19 15:45:10,864 - INFO - [2023BPix] MISSING_CENTRAL: ZG1E2Mu/Central/METv/pt in Skim_TriLep_TTG_PTG10to100.root
2025-11-19 15:45:10,864 - INFO - [2023BPix] MISSING_CENTRAL: ZG1E2Mu/Central/METv/pt in Skim_TriLep_TTG_PTG100to200.root
2025-11-19 15:45:10,864 - INFO - [2023BPix] MISSING_CENTRAL: ZG1E2Mu/Central/METv/pt in Skim_TriLep_TTG_PTG200toInf.root
2025-11-19 16:29:25,919 - INFO - [2023BPix] MISSING_CENTRAL: ZG1E2Mu/Central/METv/pt in Skim_TriLep_DYJets10to50.root
2025-11-19 16:29:25,968 - INFO - [2023BPix] MISSING_CENTRAL: ZG1E2Mu/Central/METv/pt in Skim_TriLep_TTG_PTG10to100.root
2025-11-19 16:29:25,969 - INFO - [2023BPix] MISSING_CENTRAL: ZG1E2Mu/Central/METv/pt in Skim_TriLep_TTG_PTG100to200.root
2025-11-19 16:29:25,969 - INFO - [2023BPix] MISSING_CENTRAL: ZG1E2Mu/Central/METv/pt in Skim_TriLep_TTG_PTG200toInf.root
2025-11-19 16:29:31,075 - INFO - [2023BPix] MISSING_CENTRAL: ZG1E2Mu/Central/METv/pt in Skim_TriLep_DYJets10to50.root
2025-11-19 16:29:31,080 - INFO - [2023BPix] MISSING_CENTRAL: ZG1E2Mu/Central/METv/pt in Skim_TriLep_TTG_PTG10to100.root
2025-11-19 16:29:31,080 - INFO - [2023BPix] MISSING_CENTRAL: ZG1E2Mu/Central/METv/pt in Skim_TriLep_TTG_PTG100to200.root
2025-11-19 16:29:31,081 - INFO - [2023BPix] MISSING_CENTRAL: ZG1E2Mu/Central/METv/pt in Skim_TriLep_TTG_PTG200toInf.root
2025-12-17 12:28:20,968 - INFO - [2023BPix] MISSING_CENTRAL: ZG1E2Mu/Central/METv/pt in Skim_TriLep_DYJets10to50.root
2025-12-17 12:28:20,969 - INFO - [2023BPix] MISSING_CENTRAL: ZG1E2Mu/Central/METv/pt in Skim_TriLep_TTG_PTG10to100.root
2025-12-17 12:28:20,971 - INFO - [2023BPix] MISSING_CENTRAL: ZG1E2Mu/Central/METv/pt in Skim_TriLep_TTG_PTG100to200.root
2025-12-17 12:28:20,972 - INFO - [2023BPix] MISSING_CENTRAL: ZG1E2Mu/Central/METv/pt in Skim_TriLep_TTG_PTG200toInf.root
2025-12-17 12:28:26,111 - INFO - [2023BPix] MISSING_CENTRAL: ZG1E2Mu/Central/METv/pt in Skim_TriLep_DYJets10to50.root
2025-12-17 12:28:26,113 - INFO - [2023BPix] MISSING_CENTRAL: ZG1E2Mu/Central/METv/pt in Skim_TriLep_TTG_PTG10to100.root
2025-12-17 12:28:26,115 - INFO - [2023BPix] MISSING_CENTRAL: ZG1E2Mu/Central/METv/pt in Skim_TriLep_TTG_PTG100to200.root
2025-12-17 12:28:26,116 - INFO - [2023BPix] MISSING_CENTRAL: ZG1E2Mu/Central/METv/pt in Skim_TriLep_TTG_PTG200toInf.root
2025-12-17 16:09:53,851 - INFO - [2023BPix] MISSING_CENTRAL: ZG1E2Mu/Central/METv/pt in Skim_TriLep_DYJets10to50.root
2025-12-17 16:09:53,852 - INFO - [2023BPix] MISSING_CENTRAL: ZG1E2Mu/Central/METv/pt in Skim_TriLep_TTG_PTG10to100.root
2025-12-17 16:09:53,853 - INFO - [2023BPix] MISSING_CENTRAL: ZG1E2Mu/Central/METv/pt in Skim_TriLep_TTG_PTG100to200.root
2025-12-17 16:09:53,854 - INFO - [2023BPix] MISSING_CENTRAL: ZG1E2Mu/Central/METv/pt in Skim_TriLep_TTG_PTG200toInf.root
2025-12-17 16:09:58,701 - INFO - [2023BPix] MISSING_CENTRAL: ZG1E2Mu/Central/METv/pt in Skim_TriLep_DYJets10to50.root
2025-12-17 16:09:58,702 - INFO - [2023BPix] MISSING_CENTRAL: ZG1E2Mu/Central/METv/pt in Skim_TriLep_TTG_PTG10to100.root
2025-12-17 16:09:58,703 - INFO - [2023BPix] MISSING_CENTRAL: ZG1E2Mu/Central/METv/pt in Skim_TriLep_TTG_PTG100to200.root
2025-12-17 16:09:58,703 - INFO - [2023BPix] MISSING_CENTRAL: ZG1E2Mu/Central/METv/pt in Skim_TriLep_TTG_PTG200toInf.root
2025-12-17 22:44:27,200 - INFO - [2023BPix] MISSING_CENTRAL: ZG1E2Mu/Central/METv/pt in Skim_TriLep_DYJets10to50.root
2025-12-17 22:44:27,201 - INFO - [2023BPix] MISSING_CENTRAL: ZG1E2Mu/Central/METv/pt in Skim_TriLep_TTG_PTG10to100.root
2025-12-17 22:44:27,203 - INFO - [2023BPix] MISSING_CENTRAL: ZG1E2Mu/Central/METv/pt in Skim_TriLep_TTG_PTG100to200.root
2025-12-17 22:44:27,204 - INFO - [2023BPix] MISSING_CENTRAL: ZG1E2Mu/Central/METv/pt in Skim_TriLep_TTG_PTG200toInf.root
2025-12-17 22:44:32,095 - INFO - [2023BPix] MISSING_CENTRAL: ZG1E2Mu/Central/METv/pt in Skim_TriLep_DYJets10to50.root
2025-12-17 22:44:32,096 - INFO - [2023BPix] MISSING_CENTRAL: ZG1E2Mu/Central/METv/pt in Skim_TriLep_TTG_PTG10to100.root
2025-12-17 22:44:32,097 - INFO - [2023BPix] MISSING_CENTRAL: ZG1E2Mu/Central/METv/pt in Skim_TriLep_TTG_PTG100to200.root
2025-12-17 22:44:32,097 - INFO - [2023BPix] MISSING_CENTRAL: ZG1E2Mu/Central/METv/pt in Skim_TriLep_TTG_PTG200toInf.root
2025-12-18 14:45:40,423 - INFO - [2023BPix] MISSING_CENTRAL: ZG1E2Mu/Central/METv/pt in Skim_TriLep_DYJets10to50.root
2025-12-18 14:45:40,425 - INFO - [2023BPix] MISSING_CENTRAL: ZG1E2Mu/Central/METv/pt in Skim_TriLep_TTG_PTG10to100.root
2025-12-18 14:45:40,437 - INFO - [2023BPix] MISSING_CENTRAL: ZG1E2Mu/Central/METv/pt in Skim_TriLep_TTG_PTG100to200.root
2025-12-18 14:45:40,438 - INFO - [2023BPix] MISSING_CENTRAL: ZG1E2Mu/Central/METv/pt in Skim_TriLep_TTG_PTG200toInf.root
2025-12-18 14:45:45,958 - INFO - [2023BPix] MISSING_CENTRAL: ZG1E2Mu/Central/METv/pt in Skim_TriLep_DYJets10to50.root
2025-12-18 14:45:45,959 - INFO - [2023BPix] MISSING_CENTRAL: ZG1E2Mu/Central/METv/pt in Skim_TriLep_TTG_PTG10to100.root
2025-12-18 14:45:45,961 - INFO - [2023BPix] MISSING_CENTRAL: ZG1E2Mu/Central/METv/pt in Skim_TriLep_TTG_PTG100to200.root
2025-12-18 14:45:45,961 - INFO - [2023BPix] MISSING_CENTRAL: ZG1E2Mu/Central/METv/pt in Skim_TriLep_TTG_PTG200toInf.root
2026-01-07 11:54:34,229 - INFO - [2023BPix] MISSING_FILE: /data9/Users/choij/Sync/workspace/ChargedHiggsAnalysisV3/SKNanoOutput/CRPromptSelector/Run1E2Mu/2023BPix/Skim_TriLep_MuonEG_D_v1.root
2026-01-07 11:54:34,229 - INFO - [2023BPix] MISSING_FILE: /data9/Users/choij/Sync/workspace/ChargedHiggsAnalysisV3/SKNanoOutput/CRPromptSelector/Run1E2Mu/2023BPix/Skim_TriLep_MuonEG_D_v2.root
2026-01-07 11:54:39,005 - INFO - [2023BPix] MISSING_FILE: /data9/Users/choij/Sync/workspace/ChargedHiggsAnalysisV3/SKNanoOutput/CRPromptSelector/Run1E2Mu/2023BPix/Skim_TriLep_MuonEG_D_v1.root
2026-01-07 11:54:39,005 - INFO - [2023BPix] MISSING_FILE: /data9/Users/choij/Sync/workspace/ChargedHiggsAnalysisV3/SKNanoOutput/CRPromptSelector/Run1E2Mu/2023BPix/Skim_TriLep_MuonEG_D_v2.root
2026-01-07 18:51:03,364 - INFO - [2023BPix] MISSING_CENTRAL: ZG1E2Mu/Central/METv/pt in Skim_TriLep_DYJets10to50.root
2026-01-07 18:51:03,366 - INFO - [2023BPix] MISSING_CENTRAL: ZG1E2Mu/Central/METv/pt in Skim_TriLep_TTG_PTG10to100.root
2026-01-07 18:51:03,367 - INFO - [2023BPix] MISSING_CENTRAL: ZG1E2Mu/Central/METv/pt in Skim_TriLep_TTG_PTG100to200.root
2026-01-07 18:51:03,368 - INFO - [2023BPix] MISSING_CENTRAL: ZG1E2Mu/Central/METv/pt in Skim_TriLep_TTG_PTG200toInf.root
2026-01-07 18:51:08,353 - INFO - [2023BPix] MISSING_CENTRAL: ZG1E2Mu/Central/METv/pt in Skim_TriLep_DYJets10to50.root
2026-01-07 18:51:08,354 - INFO - [2023BPix] MISSING_CENTRAL: ZG1E2Mu/Central/METv/pt in Skim_TriLep_TTG_PTG10to100.root
2026-01-07 18:51:08,355 - INFO - [2023BPix] MISSING_CENTRAL: ZG1E2Mu/Central/METv/pt in Skim_TriLep_TTG_PTG100to200.root
2026-01-07 18:51:08,355 - INFO - [2023BPix] MISSING_CENTRAL: ZG1E2Mu/Central/METv/pt in Skim_TriLep_TTG_PTG200toInf.root
2026-01-08 23:12:20,605 - INFO - [2023BPix] MISSING_CENTRAL: ZG1E2Mu/Central/METv/pt in Skim_TriLep_DYJets10to50.root
2026-01-08 23:12:20,605 - INFO - [2023BPix] MISSING_CENTRAL: ZG1E2Mu/Central/METv/pt in Skim_TriLep_TTG_PTG10to100.root
2026-01-08 23:12:20,606 - INFO - [2023BPix] MISSING_CENTRAL: ZG1E2Mu/Central/METv/pt in Skim_TriLep_TTG_PTG100to200.root
2026-01-08 23:12:20,606 - INFO - [2023BPix] MISSING_CENTRAL: ZG1E2Mu/Central/METv/pt in Skim_TriLep_TTG_PTG200toInf.root
2026-01-08 23:12:25,348 - INFO - [2023BPix] MISSING_CENTRAL: ZG1E2Mu/Central/METv/pt in Skim_TriLep_DYJets10to50.root
2026-01-08 23:12:25,349 - INFO - [2023BPix] MISSING_CENTRAL: ZG1E2Mu/Central/METv/pt in Skim_TriLep_TTG_PTG10to100.root
2026-01-08 23:12:25,349 - INFO - [2023BPix] MISSING_CENTRAL: ZG1E2Mu/Central/METv/pt in Skim_TriLep_TTG_PTG100to200.root
2026-01-08 23:12:25,350 - INFO - [2023BPix] MISSING_CENTRAL: ZG1E2Mu/Central/METv/pt in Skim_TriLep_TTG_PTG200toInf.root
2026-01-09 12:26:04,152 - INFO - [2023BPix] MISSING_CENTRAL: ZG1E2Mu/Central/METv/pt in Skim_TriLep_DYJets10to50.root
2026-01-09 12:26:04,153 - INFO - [2023BPix] MISSING_CENTRAL: ZG1E2Mu/Central/METv/pt in Skim_TriLep_TTG_PTG10to100.root
2026-01-09 12:26:04,153 - INFO - [2023BPix] MISSING_CENTRAL: ZG1E2Mu/Central/METv/pt in Skim_TriLep_TTG_PTG100to200.root
2026-01-09 12:26:04,153 - INFO - [2023BPix] MISSING_CENTRAL: ZG1E2Mu/Central/METv/pt in Skim_TriLep_TTG_PTG200toInf.root
2026-01-09 12:26:09,074 - INFO - [2023BPix] MISSING_CENTRAL: ZG1E2Mu/Central/METv/pt in Skim_TriLep_DYJets10to50.root
2026-01-09 12:26:09,075 - INFO - [2023BPix] MISSING_CENTRAL: ZG1E2Mu/Central/METv/pt in Skim_TriLep_TTG_PTG10to100.root
2026-01-09 12:26:09,075 - INFO - [2023BPix] MISSING_CENTRAL: ZG1E2Mu/Central/METv/pt in Skim_TriLep_TTG_PTG100to200.root
2026-01-09 12:26:09,075 - INFO - [2023BPix] MISSING_CENTRAL: ZG1E2Mu/Central/METv/pt in Skim_TriLep_TTG_PTG200toInf.root
2026-01-11 09:46:05,060 - INFO - [2023BPix] MISSING_CENTRAL: ZG1E2Mu/Central/METv/pt in Skim_TriLep_DYJets10to50.root
2026-01-11 09:46:05,061 - INFO - [2023BPix] MISSING_CENTRAL: ZG1E2Mu/Central/METv/pt in Skim_TriLep_TTG_PTG10to100.root
2026-01-11 09:46:05,061 - INFO - [2023BPix] MISSING_CENTRAL: ZG1E2Mu/Central/METv/pt in Skim_TriLep_TTG_PTG100to200.root
2026-01-11 09:46:05,061 - INFO - [2023BPix] MISSING_CENTRAL: ZG1E2Mu/Central/METv/pt in Skim_TriLep_TTG_PTG200toInf.root
2026-01-11 09:46:09,986 - INFO - [2023BPix] MISSING_CENTRAL: ZG1E2Mu/Central/METv/pt in Skim_TriLep_DYJets10to50.root
2026-01-11 09:46:09,986 - INFO - [2023BPix] MISSING_CENTRAL: ZG1E2Mu/Central/METv/pt in Skim_TriLep_TTG_PTG10to100.root
2026-01-11 09:46:09,986 - INFO - [2023BPix] MISSING_CENTRAL: ZG1E2Mu/Central/METv/pt in Skim_TriLep_TTG_PTG100to200.root
2026-01-11 09:46:09,986 - INFO - [2023BPix] MISSING_CENTRAL: ZG1E2Mu/Central/METv/pt in Skim_TriLep_TTG_PTG200toInf.root
2026-01-12 13:54:55,384 - INFO - [2023BPix] MISSING_CENTRAL: ZG1E2Mu/Central/METv/pt in Skim_TriLep_DYJets10to50.root
2026-01-12 13:54:55,384 - INFO - [2023BPix] MISSING_CENTRAL: ZG1E2Mu/Central/METv/pt in Skim_TriLep_TTG_PTG10to100.root
2026-01-12 13:54:55,385 - INFO - [2023BPix] MISSING_CENTRAL: ZG1E2Mu/Central/METv/pt in Skim_TriLep_TTG_PTG100to200.root
2026-01-12 13:54:55,385 - INFO - [2023BPix] MISSING_CENTRAL: ZG1E2Mu/Central/METv/pt in Skim_TriLep_TTG_PTG200toInf.root
2026-01-12 13:55:00,753 - INFO - [2023BPix] MISSING_CENTRAL: ZG1E2Mu/Central/METv/pt in Skim_TriLep_DYJets10to50.root
2026-01-12 13:55:00,753 - INFO - [2023BPix] MISSING_CENTRAL: ZG1E2Mu/Central/METv/pt in Skim_TriLep_TTG_PTG10to100.root
2026-01-12 13:55:00,754 - INFO - [2023BPix] MISSING_CENTRAL: ZG1E2Mu/Central/METv/pt in Skim_TriLep_TTG_PTG100to200.root
2026-01-12 13:55:00,754 - INFO - [2023BPix] MISSING_CENTRAL: ZG1E2Mu/Central/METv/pt in Skim_TriLep_TTG_PTG200toInf.root
2026-01-16 19:09:38,756 - INFO - [2023BPix] MISSING_CENTRAL: ZG1E2Mu/Central/METv/pt in Skim_TriLep_DYJets10to50.root
2026-01-16 19:09:38,757 - INFO - [2023BPix] MISSING_CENTRAL: ZG1E2Mu/Central/METv/pt in Skim_TriLep_TTG_PTG10to100.root
2026-01-16 19:09:38,757 - INFO - [2023BPix] MISSING_CENTRAL: ZG1E2Mu/Central/METv/pt in Skim_TriLep_TTG_PTG100to200.root
2026-01-16 19:09:38,757 - INFO - [2023BPix] MISSING_CENTRAL: ZG1E2Mu/Central/METv/pt in Skim_TriLep_TTG_PTG200toInf.root
2026-01-16 19:09:43,512 - INFO - [2023BPix] MISSING_CENTRAL: ZG1E2Mu/Central/METv/pt in Skim_TriLep_DYJets10to50.root
2026-01-16 19:09:43,512 - INFO - [2023BPix] MISSING_CENTRAL: ZG1E2Mu/Central/METv/pt in Skim_TriLep_TTG_PTG10to100.root
2026-01-16 19:09:43,512 - INFO - [2023BPix] MISSING_CENTRAL: ZG1E2Mu/Central/METv/pt in Skim_TriLep_TTG_PTG100to200.root
2026-01-16 19:09:43,513 - INFO - [2023BPix] MISSING_CENTRAL: ZG1E2Mu/Central/METv/pt in Skim_TriLep_TTG_PTG200toInf.root
2026-01-28 17:06:48,679 - INFO - [2023BPix] MISSING_CENTRAL: ZG1E2Mu/Central/METv/pt in Skim_TriLep_DYJets10to50.root
2026-01-28 17:06:48,679 - INFO - [2023BPix] MISSING_CENTRAL: ZG1E2Mu/Central/METv/pt in Skim_TriLep_TTG_PTG10to100.root
2026-01-28 17:06:48,680 - INFO - [2023BPix] MISSING_CENTRAL: ZG1E2Mu/Central/METv/pt in Skim_TriLep_TTG_PTG100to200.root
2026-01-28 17:06:48,680 - INFO - [2023BPix] MISSING_CENTRAL: ZG1E2Mu/Central/METv/pt in Skim_TriLep_TTG_PTG200toInf.root
2026-01-28 17:06:53,623 - INFO - [2023BPix] MISSING_CENTRAL: ZG1E2Mu/Central/METv/pt in Skim_TriLep_DYJets10to50.root
2026-01-28 17:06:53,623 - INFO - [2023BPix] MISSING_CENTRAL: ZG1E2Mu/Central/METv/pt in Skim_TriLep_TTG_PTG10to100.root
2026-01-28 17:06:53,623 - INFO - [2023BPix] MISSING_CENTRAL: ZG1E2Mu/Central/METv/pt in Skim_TriLep_TTG_PTG100to200.root
2026-01-28 17:06:53,624 - INFO - [2023BPix] MISSING_CENTRAL: ZG1E2Mu/Central/METv/pt in Skim_TriLep_TTG_PTG200toInf.root
2026-01-28 17:27:25,020 - INFO - [2023BPix] MISSING_CENTRAL: ZG1E2Mu/Central/METv/pt in Skim_TriLep_DYJets10to50.root
2026-01-28 17:27:25,020 - INFO - [2023BPix] MISSING_CENTRAL: ZG1E2Mu/Central/METv/pt in Skim_TriLep_TTG_PTG10to100.root
2026-01-28 17:27:25,021 - INFO - [2023BPix] MISSING_CENTRAL: ZG1E2Mu/Central/METv/pt in Skim_TriLep_TTG_PTG100to200.root
2026-01-28 17:27:25,021 - INFO - [2023BPix] MISSING_CENTRAL: ZG1E2Mu/Central/METv/pt in Skim_TriLep_TTG_PTG200toInf.root
2026-01-28 17:27:30,036 - INFO - [2023BPix] MISSING_CENTRAL: ZG1E2Mu/Central/METv/pt in Skim_TriLep_DYJets10to50.root
2026-01-28 17:27:30,037 - INFO - [2023BPix] MISSING_CENTRAL: ZG1E2Mu/Central/METv/pt in Skim_TriLep_TTG_PTG10to100.root
2026-01-28 17:27:30,037 - INFO - [2023BPix] MISSING_CENTRAL: ZG1E2Mu/Central/METv/pt in Skim_TriLep_TTG_PTG100to200.root
2026-01-28 17:27:30,037 - INFO - [2023BPix] MISSING_CENTRAL: ZG1E2Mu/Central/METv/pt in Skim_TriLep_TTG_PTG200toInf.root
2026-01-28 20:01:06,306 - INFO - [2023BPix] MISSING_CENTRAL: ZG1E2Mu/Central/METv/pt in Skim_TriLep_DYJets10to50.root
2026-01-28 20:01:06,306 - INFO - [2023BPix] MISSING_CENTRAL: ZG1E2Mu/Central/METv/pt in Skim_TriLep_TTG_PTG10to100.root
2026-01-28 20:01:06,306 - INFO - [2023BPix] MISSING_CENTRAL: ZG1E2Mu/Central/METv/pt in Skim_TriLep_TTG_PTG100to200.root
2026-01-28 20:01:06,307 - INFO - [2023BPix] MISSING_CENTRAL: ZG1E2Mu/Central/METv/pt in Skim_TriLep_TTG_PTG200toInf.root
2026-01-28 20:01:11,140 - INFO - [2023BPix] MISSING_CENTRAL: ZG1E2Mu/Central/METv/pt in Skim_TriLep_DYJets10to50.root
2026-01-28 20:01:11,140 - INFO - [2023BPix] MISSING_CENTRAL: ZG1E2Mu/Central/METv/pt in Skim_TriLep_TTG_PTG10to100.root
2026-01-28 20:01:11,141 - INFO - [2023BPix] MISSING_CENTRAL: ZG1E2Mu/Central/METv/pt in Skim_TriLep_TTG_PTG100to200.root
2026-01-28 20:01:11,141 - INFO - [2023BPix] MISSING_CENTRAL: ZG1E2Mu/Central/METv/pt in Skim_TriLep_TTG_PTG200toInf.root
2026-01-29 07:17:49,444 - INFO - [2023BPix] MISSING_CENTRAL: ZG1E2Mu/Central/METv/pt in Skim_TriLep_DYJets10to50.root
2026-01-29 07:17:49,444 - INFO - [2023BPix] MISSING_CENTRAL: ZG1E2Mu/Central/METv/pt in Skim_TriLep_TTG_PTG10to100.root
2026-01-29 07:17:49,445 - INFO - [2023BPix] MISSING_CENTRAL: ZG1E2Mu/Central/METv/pt in Skim_TriLep_TTG_PTG100to200.root
2026-01-29 07:17:49,445 - INFO - [2023BPix] MISSING_CENTRAL: ZG1E2Mu/Central/METv/pt in Skim_TriLep_TTG_PTG200toInf.root
2026-01-29 07:17:54,037 - INFO - [2023BPix] MISSING_CENTRAL: ZG1E2Mu/Central/METv/pt in Skim_TriLep_DYJets10to50.root
2026-01-29 07:17:54,038 - INFO - [2023BPix] MISSING_CENTRAL: ZG1E2Mu/Central/METv/pt in Skim_TriLep_TTG_PTG10to100.root
2026-01-29 07:17:54,038 - INFO - [2023BPix] MISSING_CENTRAL: ZG1E2Mu/Central/METv/pt in Skim_TriLep_TTG_PTG100to200.root
2026-01-29 07:17:54,038 - INFO - [2023BPix] MISSING_CENTRAL: ZG1E2Mu/Central/METv/pt in Skim_TriLep_TTG_PTG200toInf.root
2026-03-02 12:02:58,614 - INFO - [2023BPix] MISSING_CENTRAL: ZG1E2Mu/Central/METv/pt in Skim_TriLep_DYJets10to50.root
2026-03-02 12:02:58,614 - INFO - [2023BPix] MISSING_CENTRAL: ZG1E2Mu/Central/METv/pt in Skim_TriLep_TTG_PTG10to100.root
2026-03-02 12:02:58,615 - INFO - [2023BPix] MISSING_CENTRAL: ZG1E2Mu/Central/METv/pt in Skim_TriLep_TTG_PTG100to200.root
2026-03-02 12:02:58,615 - INFO - [2023BPix] MISSING_CENTRAL: ZG1E2Mu/Central/METv/pt in Skim_TriLep_TTG_PTG200toInf.root
2026-03-02 12:03:03,531 - INFO - [2023BPix] MISSING_CENTRAL: ZG1E2Mu/Central/METv/pt in Skim_TriLep_DYJets10to50.root
2026-03-02 12:03:03,531 - INFO - [2023BPix] MISSING_CENTRAL: ZG1E2Mu/Central/METv/pt in Skim_TriLep_TTG_PTG10to100.root
2026-03-02 12:03:03,531 - INFO - [2023BPix] MISSING_CENTRAL: ZG1E2Mu/Central/METv/pt in Skim_TriLep_TTG_PTG100to200.root
2026-03-02 12:03:03,532 - INFO - [2023BPix] MISSING_CENTRAL: ZG1E2Mu/Central/METv/pt in Skim_TriLep_TTG_PTG200toInf.root
2026-04-10 20:15:02,724 - INFO - [2023BPix] MISSING_CENTRAL: ZG1E2Mu/Central/METv/pt in Skim_TriLep_DYJets10to50.root
2026-04-10 20:15:02,724 - INFO - [2023BPix] MISSING_CENTRAL: ZG1E2Mu/Central/METv/pt in Skim_TriLep_TTG_PTG10to100.root
2026-04-10 20:15:02,725 - INFO - [2023BPix] MISSING_CENTRAL: ZG1E2Mu/Central/METv/pt in Skim_TriLep_TTG_PTG100to200.root
2026-04-10 20:15:02,725 - INFO - [2023BPix] MISSING_CENTRAL: ZG1E2Mu/Central/METv/pt in Skim_TriLep_TTG_PTG200toInf.root
2026-04-10 20:15:07,086 - INFO - [2023BPix] MISSING_CENTRAL: ZG1E2Mu/Central/METv/pt in Skim_TriLep_DYJets10to50.root
2026-04-10 20:15:07,087 - INFO - [2023BPix] MISSING_CENTRAL: ZG1E2Mu/Central/METv/pt in Skim_TriLep_TTG_PTG10to100.root
2026-04-10 20:15:07,087 - INFO - [2023BPix] MISSING_CENTRAL: ZG1E2Mu/Central/METv/pt in Skim_TriLep_TTG_PTG100to200.root
2026-04-10 20:15:07,087 - INFO - [2023BPix] MISSING_CENTRAL: ZG1E2Mu/Central/METv/pt in Skim_TriLep_TTG_PTG200toInf.root
2026-04-12 11:29:50,677 - INFO - [2023BPix] MISSING_CENTRAL: ZG1E2Mu/Central/METv/pt in Skim_TriLep_DYJets10to50.root
2026-04-12 11:29:50,678 - INFO - [2023BPix] MISSING_CENTRAL: ZG1E2Mu/Central/METv/pt in Skim_TriLep_TTG_PTG10to100.root
2026-04-12 11:29:50,678 - INFO - [2023BPix] MISSING_CENTRAL: ZG1E2Mu/Central/METv/pt in Skim_TriLep_TTG_PTG100to200.root
2026-04-12 11:29:50,678 - INFO - [2023BPix] MISSING_CENTRAL: ZG1E2Mu/Central/METv/pt in Skim_TriLep_TTG_PTG200toInf.root
2026-04-12 11:29:55,704 - INFO - [2023BPix] MISSING_CENTRAL: ZG1E2Mu/Central/METv/pt in Skim_TriLep_DYJets10to50.root
2026-04-12 11:29:55,704 - INFO - [2023BPix] MISSING_CENTRAL: ZG1E2Mu/Central/METv/pt in Skim_TriLep_TTG_PTG10to100.root
2026-04-12 11:29:55,705 - INFO - [2023BPix] MISSING_CENTRAL: ZG1E2Mu/Central/METv/pt in Skim_TriLep_TTG_PTG100to200.root
2026-04-12 11:29:55,705 - INFO - [2023BPix] MISSING_CENTRAL: ZG1E2Mu/Central/METv/pt in Skim_TriLep_TTG_PTG200toInf.root
2026-04-12 12:12:18,173 - INFO - [2023BPix] MISSING_CENTRAL: ZG1E2Mu/Central/METv/pt in Skim_TriLep_DYJets10to50.root
2026-04-12 12:12:18,173 - INFO - [2023BPix] MISSING_CENTRAL: ZG1E2Mu/Central/METv/pt in Skim_TriLep_TTG_PTG10to100.root
2026-04-12 12:12:18,174 - INFO - [2023BPix] MISSING_CENTRAL: ZG1E2Mu/Central/METv/pt in Skim_TriLep_TTG_PTG100to200.root
2026-04-12 12:12:18,174 - INFO - [2023BPix] MISSING_CENTRAL: ZG1E2Mu/Central/METv/pt in Skim_TriLep_TTG_PTG200toInf.root
2026-04-12 12:12:22,537 - INFO - [2023BPix] MISSING_CENTRAL: ZG1E2Mu/Central/METv/pt in Skim_TriLep_DYJets10to50.root
2026-04-12 12:12:22,537 - INFO - [2023BPix] MISSING_CENTRAL: ZG1E2Mu/Central/METv/pt in Skim_TriLep_TTG_PTG10to100.root
2026-04-12 12:12:22,538 - INFO - [2023BPix] MISSING_CENTRAL: ZG1E2Mu/Central/METv/pt in Skim_TriLep_TTG_PTG100to200.root
2026-04-12 12:12:22,538 - INFO - [2023BPix] MISSING_CENTRAL: ZG1E2Mu/Central/METv/pt in Skim_TriLep_TTG_PTG200toInf.root
2026-04-12 12:31:57,459 - INFO - [2023BPix] MISSING_CENTRAL: ZG1E2Mu/Central/METv/pt in Skim_TriLep_DYJets10to50.root
2026-04-12 12:31:57,459 - INFO - [2023BPix] MISSING_CENTRAL: ZG1E2Mu/Central/METv/pt in Skim_TriLep_TTG_PTG10to100.root
2026-04-12 12:31:57,459 - INFO - [2023BPix] MISSING_CENTRAL: ZG1E2Mu/Central/METv/pt in Skim_TriLep_TTG_PTG100to200.root
2026-04-12 12:31:57,460 - INFO - [2023BPix] MISSING_CENTRAL: ZG1E2Mu/Central/METv/pt in Skim_TriLep_TTG_PTG200toInf.root
2026-04-12 12:32:01,846 - INFO - [2023BPix] MISSING_CENTRAL: ZG1E2Mu/Central/METv/pt in Skim_TriLep_DYJets10to50.root
2026-04-12 12:32:01,846 - INFO - [2023BPix] MISSING_CENTRAL: ZG1E2Mu/Central/METv/pt in Skim_TriLep_TTG_PTG10to100.root
2026-04-12 12:32:01,847 - INFO - [2023BPix] MISSING_CENTRAL: ZG1E2Mu/Central/METv/pt in Skim_TriLep_TTG_PTG100to200.root
2026-04-12 12:32:01,847 - INFO - [2023BPix] MISSING_CENTRAL: ZG1E2Mu/Central/METv/pt in Skim_TriLep_TTG_PTG200toInf.root
2026-04-12 20:39:56,139 - INFO - [2023BPix] MISSING_CENTRAL: ZG1E2Mu/Central/METv/pt in Skim_TriLep_DYJets10to50.root
2026-04-12 20:39:56,139 - INFO - [2023BPix] MISSING_CENTRAL: ZG1E2Mu/Central/METv/pt in Skim_TriLep_TTG_PTG10to100.root
2026-04-12 20:39:56,140 - INFO - [2023BPix] MISSING_CENTRAL: ZG1E2Mu/Central/METv/pt in Skim_TriLep_TTG_PTG100to200.root
2026-04-12 20:39:56,140 - INFO - [2023BPix] MISSING_CENTRAL: ZG1E2Mu/Central/METv/pt in Skim_TriLep_TTG_PTG200toInf.root
2026-04-12 20:40:01,023 - INFO - [2023BPix] MISSING_CENTRAL: ZG1E2Mu/Central/METv/pt in Skim_TriLep_DYJets10to50.root
2026-04-12 20:40:01,024 - INFO - [2023BPix] MISSING_CENTRAL: ZG1E2Mu/Central/METv/pt in Skim_TriLep_TTG_PTG10to100.root
2026-04-12 20:40:01,024 - INFO - [2023BPix] MISSING_CENTRAL: ZG1E2Mu/Central/METv/pt in Skim_TriLep_TTG_PTG100to200.root
2026-04-12 20:40:01,024 - INFO - [2023BPix] MISSING_CENTRAL: ZG1E2Mu/Central/METv/pt in Skim_TriLep_TTG_PTG200toInf.root
2026-04-12 21:11:35,071 - INFO - [2023BPix] MISSING_CENTRAL: ZG1E2Mu/Central/METv/pt in Skim_TriLep_DYJets10to50.root
2026-04-12 21:11:35,072 - INFO - [2023BPix] MISSING_CENTRAL: ZG1E2Mu/Central/METv/pt in Skim_TriLep_TTG_PTG10to100.root
2026-04-12 21:11:35,072 - INFO - [2023BPix] MISSING_CENTRAL: ZG1E2Mu/Central/METv/pt in Skim_TriLep_TTG_PTG100to200.root
2026-04-12 21:11:35,072 - INFO - [2023BPix] MISSING_CENTRAL: ZG1E2Mu/Central/METv/pt in Skim_TriLep_TTG_PTG200toInf.root
2026-04-12 21:11:39,466 - INFO - [2023BPix] MISSING_CENTRAL: ZG1E2Mu/Central/METv/pt in Skim_TriLep_DYJets10to50.root
2026-04-12 21:11:39,466 - INFO - [2023BPix] MISSING_CENTRAL: ZG1E2Mu/Central/METv/pt in Skim_TriLep_TTG_PTG10to100.root
2026-04-12 21:11:39,466 - INFO - [2023BPix] MISSING_CENTRAL: ZG1E2Mu/Central/METv/pt in Skim_TriLep_TTG_PTG100to200.root
2026-04-12 21:11:39,467 - INFO - [2023BPix] MISSING_CENTRAL: ZG1E2Mu/Central/METv/pt in Skim_TriLep_TTG_PTG200toInf.root
2026-04-13 12:49:00,667 - INFO - [2023BPix] MISSING_CENTRAL: ZG1E2Mu/Central/METv/pt in Skim_TriLep_DYJets10to50.root
2026-04-13 12:49:00,667 - INFO - [2023BPix] MISSING_CENTRAL: ZG1E2Mu/Central/METv/pt in Skim_TriLep_TTG_PTG10to100.root
2026-04-13 12:49:00,667 - INFO - [2023BPix] MISSING_CENTRAL: ZG1E2Mu/Central/METv/pt in Skim_TriLep_TTG_PTG100to200.root
2026-04-13 12:49:00,668 - INFO - [2023BPix] MISSING_CENTRAL: ZG1E2Mu/Central/METv/pt in Skim_TriLep_TTG_PTG200toInf.root
2026-04-13 12:49:05,090 - INFO - [2023BPix] MISSING_CENTRAL: ZG1E2Mu/Central/METv/pt in Skim_TriLep_DYJets10to50.root
2026-04-13 12:49:05,091 - INFO - [2023BPix] MISSING_CENTRAL: ZG1E2Mu/Central/METv/pt in Skim_TriLep_TTG_PTG10to100.root
2026-04-13 12:49:05,091 - INFO - [2023BPix] MISSING_CENTRAL: ZG1E2Mu/Central/METv/pt in Skim_TriLep_TTG_PTG100to200.root
2026-04-13 12:49:05,091 - INFO - [2023BPix] MISSING_CENTRAL: ZG1E2Mu/Central/METv/pt in Skim_TriLep_TTG_PTG200toInf.root
2026-06-12 14:10:04,460 - INFO - [2023BPix] MISSING_CENTRAL: ZG1E2Mu/Central/METv/pt in Skim_TriLep_DYJets10to50.root
2026-06-12 14:10:04,460 - INFO - [2023BPix] MISSING_CENTRAL: ZG1E2Mu/Central/METv/pt in Skim_TriLep_TTG_PTG10to100.root
2026-06-12 14:10:04,460 - INFO - [2023BPix] MISSING_CENTRAL: ZG1E2Mu/Central/METv/pt in Skim_TriLep_TTG_PTG100to200.root
2026-06-12 14:10:04,461 - INFO - [2023BPix] MISSING_CENTRAL: ZG1E2Mu/Central/METv/pt in Skim_TriLep_TTG_PTG200toInf.root
2026-06-12 14:10:08,957 - INFO - [2023BPix] MISSING_CENTRAL: ZG1E2Mu/Central/METv/pt in Skim_TriLep_DYJets10to50.root
2026-06-12 14:10:08,958 - INFO - [2023BPix] MISSING_CENTRAL: ZG1E2Mu/Central/METv/pt in Skim_TriLep_TTG_PTG10to100.root
2026-06-12 14:10:08,958 - INFO - [2023BPix] MISSING_CENTRAL: ZG1E2Mu/Central/METv/pt in Skim_TriLep_TTG_PTG100to200.root
2026-06-12 14:10:08,958 - INFO - [2023BPix] MISSING_CENTRAL: ZG1E2Mu/Central/METv/pt in Skim_TriLep_TTG_PTG200toInf.root
2026-06-12 14:33:35,884 - INFO - [2023BPix] MISSING_CENTRAL: ZG1E2Mu/Central/METv/pt in Skim_TriLep_DYJets10to50.root
2026-06-12 14:33:35,884 - INFO - [2023BPix] MISSING_CENTRAL: ZG1E2Mu/Central/METv/pt in Skim_TriLep_TTG_PTG10to100.root
2026-06-12 14:33:35,884 - INFO - [2023BPix] MISSING_CENTRAL: ZG1E2Mu/Central/METv/pt in Skim_TriLep_TTG_PTG100to200.root
2026-06-12 14:33:35,885 - INFO - [2023BPix] MISSING_CENTRAL: ZG1E2Mu/Central/METv/pt in Skim_TriLep_TTG_PTG200toInf.root
2026-06-12 14:33:40,277 - INFO - [2023BPix] MISSING_CENTRAL: ZG1E2Mu/Central/METv/pt in Skim_TriLep_DYJets10to50.root
2026-06-12 14:33:40,277 - INFO - [2023BPix] MISSING_CENTRAL: ZG1E2Mu/Central/METv/pt in Skim_TriLep_TTG_PTG10to100.root
2026-06-12 14:33:40,278 - INFO - [2023BPix] MISSING_CENTRAL: ZG1E2Mu/Central/METv/pt in Skim_TriLep_TTG_PTG100to200.root
2026-06-12 14:33:40,278 - INFO - [2023BPix] MISSING_CENTRAL: ZG1E2Mu/Central/METv/pt in Skim_TriLep_TTG_PTG200toInf.root
2026-06-18 00:28:17,700 - INFO - [2023BPix] MISSING_CENTRAL: ZG1E2Mu/Central/METv/pt in Skim_TriLep_DYJets10to50.root
2026-06-18 00:28:17,701 - INFO - [2023BPix] MISSING_CENTRAL: ZG1E2Mu/Central/METv/pt in Skim_TriLep_TTG_PTG10to100.root
2026-06-18 00:28:17,701 - INFO - [2023BPix] MISSING_CENTRAL: ZG1E2Mu/Central/METv/pt in Skim_TriLep_TTG_PTG100to200.root
2026-06-18 00:28:17,701 - INFO - [2023BPix] MISSING_CENTRAL: ZG1E2Mu/Central/METv/pt in Skim_TriLep_TTG_PTG200toInf.root
2026-06-18 00:28:22,419 - INFO - [2023BPix] MISSING_CENTRAL: ZG1E2Mu/Central/METv/pt in Skim_TriLep_DYJets10to50.root
2026-06-18 00:28:22,420 - INFO - [2023BPix] MISSING_CENTRAL: ZG1E2Mu/Central/METv/pt in Skim_TriLep_TTG_PTG10to100.root
2026-06-18 00:28:22,420 - INFO - [2023BPix] MISSING_CENTRAL: ZG1E2Mu/Central/METv/pt in Skim_TriLep_TTG_PTG100to200.root
2026-06-18 00:28:22,420 - INFO - [2023BPix] MISSING_CENTRAL: ZG1E2Mu/Central/METv/pt in Skim_TriLep_TTG_PTG200toInf.root
2026-06-29 16:38:58,301 - INFO - [2023BPix] MISSING_CENTRAL: ZG1E2Mu/Central/METv/pt in Skim_TriLep_DYJets10to50.root
2026-06-29 16:38:58,302 - INFO - [2023BPix] MISSING_CENTRAL: ZG1E2Mu/Central/METv/pt in Skim_TriLep_TTG_PTG10to100.root
2026-06-29 16:38:58,303 - INFO - [2023BPix] MISSING_CENTRAL: ZG1E2Mu/Central/METv/pt in Skim_TriLep_TTG_PTG100to200.root
2026-06-29 16:38:58,304 - INFO - [2023BPix] MISSING_CENTRAL: ZG1E2Mu/Central/METv/pt in Skim_TriLep_TTG_PTG200toInf.root
2026-06-29 16:38:59,131 - INFO - [2023BPix] MISSING_FILE: /data9/Users/choij/Sync/workspace/ChargedHiggsAnalysisV3/SKNanoOutput/PromptAnalyzer/Run1E2Mu_RunSyst_RunCR_NoTreeMode/2023BPix/Skim_TriLep_tHW.root
2026-06-29 16:38:59,132 - INFO - [2023BPix] MISSING_FILE: /data9/Users/choij/Sync/workspace/ChargedHiggsAnalysisV3/SKNanoOutput/PromptAnalyzer/Run1E2Mu_RunSyst_RunCR_NoTreeMode/2023BPix/Skim_TriLep_tWZ_thadWlep.root
2026-06-29 16:38:59,132 - INFO - [2023BPix] MISSING_FILE: /data9/Users/choij/Sync/workspace/ChargedHiggsAnalysisV3/SKNanoOutput/PromptAnalyzer/Run1E2Mu_RunSyst_RunCR_NoTreeMode/2023BPix/Skim_TriLep_tWZ_tlepWhad.root
2026-06-29 16:38:59,132 - INFO - [2023BPix] MISSING_FILE: /data9/Users/choij/Sync/workspace/ChargedHiggsAnalysisV3/SKNanoOutput/PromptAnalyzer/Run1E2Mu_RunSyst_RunCR_NoTreeMode/2023BPix/Skim_TriLep_tWZ_tlepWlep.root
2026-06-29 16:39:03,642 - INFO - [2023BPix] MISSING_CENTRAL: ZG1E2Mu/Central/METv/pt in Skim_TriLep_DYJets10to50.root
2026-06-29 16:39:03,644 - INFO - [2023BPix] MISSING_CENTRAL: ZG1E2Mu/Central/METv/pt in Skim_TriLep_TTG_PTG10to100.root
2026-06-29 16:39:03,644 - INFO - [2023BPix] MISSING_CENTRAL: ZG1E2Mu/Central/METv/pt in Skim_TriLep_TTG_PTG100to200.root
2026-06-29 16:39:03,645 - INFO - [2023BPix] MISSING_CENTRAL: ZG1E2Mu/Central/METv/pt in Skim_TriLep_TTG_PTG200toInf.root
2026-06-29 16:39:03,664 - INFO - [2023BPix] MISSING_FILE: /data9/Users/choij/Sync/workspace/ChargedHiggsAnalysisV3/SKNanoOutput/PromptAnalyzer/Run1E2Mu_RunSyst_RunCR_NoTreeMode/2023BPix/Skim_TriLep_tHW.root
2026-06-29 16:39:03,664 - INFO - [2023BPix] MISSING_FILE: /data9/Users/choij/Sync/workspace/ChargedHiggsAnalysisV3/SKNanoOutput/PromptAnalyzer/Run1E2Mu_RunSyst_RunCR_NoTreeMode/2023BPix/Skim_TriLep_tWZ_thadWlep.root
2026-06-29 16:39:03,664 - INFO - [2023BPix] MISSING_FILE: /data9/Users/choij/Sync/workspace/ChargedHiggsAnalysisV3/SKNanoOutput/PromptAnalyzer/Run1E2Mu_RunSyst_RunCR_NoTreeMode/2023BPix/Skim_TriLep_tWZ_tlepWhad.root
2026-06-29 16:39:03,664 - INFO - [2023BPix] MISSING_FILE: /data9/Users/choij/Sync/workspace/ChargedHiggsAnalysisV3/SKNanoOutput/PromptAnalyzer/Run1E2Mu_RunSyst_RunCR_NoTreeMode/2023BPix/Skim_TriLep_tWZ_tlepWlep.root
2026-07-01 05:33:57,437 - INFO - [2023BPix] MISSING_CENTRAL: ZG1E2Mu/Central/METv/pt in Skim_TriLep_DYJets10to50.root
2026-07-01 05:33:57,438 - INFO - [2023BPix] MISSING_CENTRAL: ZG1E2Mu/Central/METv/pt in Skim_TriLep_TTG_PTG10to100.root
2026-07-01 05:33:57,439 - INFO - [2023BPix] MISSING_CENTRAL: ZG1E2Mu/Central/METv/pt in Skim_TriLep_TTG_PTG100to200.root
2026-07-01 05:33:57,440 - INFO - [2023BPix] MISSING_CENTRAL: ZG1E2Mu/Central/METv/pt in Skim_TriLep_TTG_PTG200toInf.root
2026-07-01 05:34:02,501 - INFO - [2023BPix] MISSING_CENTRAL: ZG1E2Mu/Central/METv/pt in Skim_TriLep_DYJets10to50.root
2026-07-01 05:34:02,502 - INFO - [2023BPix] MISSING_CENTRAL: ZG1E2Mu/Central/METv/pt in Skim_TriLep_TTG_PTG10to100.root
2026-07-01 05:34:02,503 - INFO - [2023BPix] MISSING_CENTRAL: ZG1E2Mu/Central/METv/pt in Skim_TriLep_TTG_PTG100to200.root
2026-07-01 05:34:02,504 - INFO - [2023BPix] MISSING_CENTRAL: ZG1E2Mu/Central/METv/pt in Skim_TriLep_TTG_PTG200toInf.root
2026-07-01 05:59:39,089 - INFO - [2023BPix] MISSING_FILE: /data9/Users/choij/Sync/workspace/ChargedHiggsAnalysisV3/SKNanoOutput/PromptAnalyzer/Run1E2Mu_RunCR_NoTreeMode/2023BPix/Skim_TriLep_MuonEG_D_v1.root
2026-07-01 05:59:39,089 - INFO - [2023BPix] MISSING_FILE: /data9/Users/choij/Sync/workspace/ChargedHiggsAnalysisV3/SKNanoOutput/PromptAnalyzer/Run1E2Mu_RunCR_NoTreeMode/2023BPix/Skim_TriLep_MuonEG_D_v2.root
2026-07-01 05:59:41,752 - INFO - [2023BPix] MISSING_FILE: /data9/Users/choij/Sync/workspace/ChargedHiggsAnalysisV3/SKNanoOutput/PromptAnalyzer/Run1E2Mu_RunCR_NoTreeMode/2023BPix/Skim_TriLep_MuonEG_D_v1.root
2026-07-01 05:59:41,753 - INFO - [2023BPix] MISSING_FILE: /data9/Users/choij/Sync/workspace/ChargedHiggsAnalysisV3/SKNanoOutput/PromptAnalyzer/Run1E2Mu_RunCR_NoTreeMode/2023BPix/Skim_TriLep_MuonEG_D_v2.root
2026-07-01 06:51:38,403 - INFO - [2023BPix] MISSING_CENTRAL: ZG1E2Mu/Central/METv/pt in Skim_TriLep_DYJets10to50.root
2026-07-01 06:51:38,405 - INFO - [2023BPix] MISSING_CENTRAL: ZG1E2Mu/Central/METv/pt in Skim_TriLep_TTG_PTG10to100.root
2026-07-01 06:51:38,406 - INFO - [2023BPix] MISSING_CENTRAL: ZG1E2Mu/Central/METv/pt in Skim_TriLep_TTG_PTG100to200.root
2026-07-01 06:51:38,407 - INFO - [2023BPix] MISSING_CENTRAL: ZG1E2Mu/Central/METv/pt in Skim_TriLep_TTG_PTG200toInf.root
2026-07-01 06:51:42,443 - INFO - [2023BPix] MISSING_CENTRAL: ZG1E2Mu/Central/METv/pt in Skim_TriLep_DYJets10to50.root
2026-07-01 06:51:42,444 - INFO - [2023BPix] MISSING_CENTRAL: ZG1E2Mu/Central/METv/pt in Skim_TriLep_TTG_PTG10to100.root
2026-07-01 06:51:42,445 - INFO - [2023BPix] MISSING_CENTRAL: ZG1E2Mu/Central/METv/pt in Skim_TriLep_TTG_PTG100to200.root
2026-07-01 06:51:42,446 - INFO - [2023BPix] MISSING_CENTRAL: ZG1E2Mu/Central/METv/pt in Skim_TriLep_TTG_PTG200toInf.root
2026-07-01 15:26:53,742 - INFO - [2023BPix] MISSING_CENTRAL: ZG1E2Mu/Central/METv/pt in Skim_TriLep_DYJets10to50.root
2026-07-01 15:26:53,743 - INFO - [2023BPix] MISSING_CENTRAL: ZG1E2Mu/Central/METv/pt in Skim_TriLep_TTG_PTG10to100.root
2026-07-01 15:26:53,751 - INFO - [2023BPix] MISSING_CENTRAL: ZG1E2Mu/Central/METv/pt in Skim_TriLep_TTG_PTG100to200.root
2026-07-01 15:26:53,752 - INFO - [2023BPix] MISSING_CENTRAL: ZG1E2Mu/Central/METv/pt in Skim_TriLep_TTG_PTG200toInf.root
2026-07-01 15:26:57,126 - INFO - [2023BPix] MISSING_CENTRAL: ZG1E2Mu/Central/METv/pt in Skim_TriLep_DYJets10to50.root
2026-07-01 15:26:57,127 - INFO - [2023BPix] MISSING_CENTRAL: ZG1E2Mu/Central/METv/pt in Skim_TriLep_TTG_PTG10to100.root
2026-07-01 15:26:57,128 - INFO - [2023BPix] MISSING_CENTRAL: ZG1E2Mu/Central/METv/pt in Skim_TriLep_TTG_PTG100to200.root
2026-07-01 15:26:57,129 - INFO - [2023BPix] MISSING_CENTRAL: ZG1E2Mu/Central/METv/pt in Skim_TriLep_TTG_PTG200toInf.root
2026-07-01 17:42:51,176 - INFO - [2023BPix] MISSING_CENTRAL: ZG1E2Mu/Central/METv/pt in Skim_TriLep_DYJets10to50.root
2026-07-01 17:42:51,217 - INFO - [2023BPix] MISSING_CENTRAL: ZG1E2Mu/Central/METv/pt in Skim_TriLep_TTG_PTG10to100.root
2026-07-01 17:42:51,218 - INFO - [2023BPix] MISSING_CENTRAL: ZG1E2Mu/Central/METv/pt in Skim_TriLep_TTG_PTG100to200.root
2026-07-01 17:42:51,223 - INFO - [2023BPix] MISSING_CENTRAL: ZG1E2Mu/Central/METv/pt in Skim_TriLep_TTG_PTG200toInf.root
2026-07-01 17:42:57,644 - INFO - [2023BPix] MISSING_CENTRAL: ZG1E2Mu/Central/METv/pt in Skim_TriLep_DYJets10to50.root
2026-07-01 17:42:57,645 - INFO - [2023BPix] MISSING_CENTRAL: ZG1E2Mu/Central/METv/pt in Skim_TriLep_TTG_PTG10to100.root
2026-07-01 17:42:57,647 - INFO - [2023BPix] MISSING_CENTRAL: ZG1E2Mu/Central/METv/pt in Skim_TriLep_TTG_PTG100to200.root
2026-07-01 17:42:57,648 - INFO - [2023BPix] MISSING_CENTRAL: ZG1E2Mu/Central/METv/pt in Skim_TriLep_TTG_PTG200toInf.root
2026-07-21 19:41:44,047 - INFO - [2023BPix] MISSING_CENTRAL: ZG1E2Mu/Central/METv/pt in Skim_TriLep_DYJets10to50.root
2026-07-21 19:41:44,047 - INFO - [2023BPix] MISSING_CENTRAL: ZG1E2Mu/Central/METv/pt in Skim_TriLep_TTG_PTG10to100.root
2026-07-21 19:41:44,047 - INFO - [2023BPix] MISSING_CENTRAL: ZG1E2Mu/Central/METv/pt in Skim_TriLep_TTG_PTG100to200.root
2026-07-21 19:41:44,048 - INFO - [2023BPix] MISSING_CENTRAL: ZG1E2Mu/Central/METv/pt in Skim_TriLep_TTG_PTG200toInf.root
2026-07-21 19:41:49,163 - INFO - [2023BPix] MISSING_CENTRAL: ZG1E2Mu/Central/METv/pt in Skim_TriLep_DYJets10to50.root
2026-07-21 19:41:49,163 - INFO - [2023BPix] MISSING_CENTRAL: ZG1E2Mu/Central/METv/pt in Skim_TriLep_TTG_PTG10to100.root
2026-07-21 19:41:49,164 - INFO - [2023BPix] MISSING_CENTRAL: ZG1E2Mu/Central/METv/pt in Skim_TriLep_TTG_PTG100to200.root
2026-07-21 19:41:49,164 - INFO - [2023BPix] MISSING_CENTRAL: ZG1E2Mu/Central/METv/pt in Skim_TriLep_TTG_PTG200toInf.root
