2025-09-24 15:49:18,221 - INFO - [2018] MISSING_CENTRAL: SR1E2Mu/Central/jets/1/eta in Skim_TriLep_DYJets10to50.root
2025-09-24 15:49:18,241 - INFO - [2018] MISSING_FILE: /Users/choij/Sync/workspace/ChargedHiggsAnalysisV3/SKNanoOutput/PromptSelector/Run1E2Mu_RunSyst/2018/Skim_TriLep_TTG.root
2025-09-24 15:49:18,271 - INFO - [2018] MISSING_FILE: /Users/choij/Sync/workspace/ChargedHiggsAnalysisV3/SKNanoOutput/PromptSelector/Run1E2Mu_RunSyst/2018/Skim_TriLep_TTHToNonbb.root
2025-09-24 15:49:18,315 - INFO - [2018] MISSING_FILE: /Users/choij/Sync/workspace/ChargedHiggsAnalysisV3/SKNanoOutput/PromptSelector/Run1E2Mu_RunSyst/2018/Skim_TriLep_tHq.root
2025-09-24 15:49:18,378 - INFO - [2018] MISSING_FILE: /Users/choij/Sync/workspace/ChargedHiggsAnalysisV3/SKNanoOutput/PromptSelector/Run1E2Mu_RunSyst/2018/Skim_TriLep_VBFHToZZTo4L.root
2025-10-02 21:13:49,800 - INFO - [2018] MISSING_CENTRAL: SR1E2Mu/Central/jets/1/eta in Skim_TriLep_DYJets10to50.root
2025-10-02 21:13:49,816 - INFO - [2018] MISSING_FILE: /data9/Users/choij/Sync/workspace/ChargedHiggsAnalysisV3/SKNanoOutput/PromptSelector/Run1E2Mu_RunSyst/2018/Skim_TriLep_TTG.root
2025-10-02 21:13:50,263 - INFO - [2018] MISSING_FILE: /data9/Users/choij/Sync/workspace/ChargedHiggsAnalysisV3/SKNanoOutput/PromptSelector/Run1E2Mu_RunSyst/2018/Skim_TriLep_TTHToNonbb.root
2025-10-02 21:13:51,224 - INFO - [2018] MISSING_FILE: /data9/Users/choij/Sync/workspace/ChargedHiggsAnalysisV3/SKNanoOutput/PromptSelector/Run1E2Mu_RunSyst/2018/Skim_TriLep_tHq.root
2025-10-02 21:13:52,355 - INFO - [2018] MISSING_FILE: /data9/Users/choij/Sync/workspace/ChargedHiggsAnalysisV3/SKNanoOutput/PromptSelector/Run1E2Mu_RunSyst/2018/Skim_TriLep_VBFHToZZTo4L.root
2025-10-03 00:01:59,101 - INFO - [2018] MISSING_CENTRAL: SR1E2Mu/Central/jets/1/eta in Skim_TriLep_DYJets10to50.root
2025-10-03 00:01:59,110 - INFO - [2018] MISSING_FILE: /Users/choij/Sync/workspace/ChargedHiggsAnalysisV3/SKNanoOutput/PromptSelector/Run1E2Mu_RunSyst/2018/Skim_TriLep_TTG.root
2025-10-03 00:01:59,135 - INFO - [2018] MISSING_FILE: /Users/choij/Sync/workspace/ChargedHiggsAnalysisV3/SKNanoOutput/PromptSelector/Run1E2Mu_RunSyst/2018/Skim_TriLep_TTHToNonbb.root
2025-10-03 00:01:59,166 - INFO - [2018] MISSING_FILE: /Users/choij/Sync/workspace/ChargedHiggsAnalysisV3/SKNanoOutput/PromptSelector/Run1E2Mu_RunSyst/2018/Skim_TriLep_tHq.root
2025-10-03 00:01:59,216 - INFO - [2018] MISSING_FILE: /Users/choij/Sync/workspace/ChargedHiggsAnalysisV3/SKNanoOutput/PromptSelector/Run1E2Mu_RunSyst/2018/Skim_TriLep_VBFHToZZTo4L.root
2025-11-05 20:28:40,289 - INFO - [2018] MISSING_CENTRAL: SR1E2Mu/Central/jets/1/eta in Skim_TriLep_DYJets10to50.root
2025-11-05 21:33:55,880 - INFO - [2018] MISSING_CENTRAL: SR1E2Mu/Central/jets/1/eta in Skim_TriLep_DYJets10to50.root
2025-11-05 21:38:59,145 - INFO - [2018] MISSING_CENTRAL: SR1E2Mu/Central/jets/1/eta in Skim_TriLep_DYJets10to50.root
2025-11-05 22:02:21,260 - INFO - [2018] MISSING_CENTRAL: SR1E2Mu/Central/jets/1/eta in Skim_TriLep_DYJets10to50.root
2025-11-05 22:18:08,167 - INFO - [2018] MISSING_CENTRAL: SR1E2Mu/Central/jets/1/eta in Skim_TriLep_DYJets10to50.root
2025-11-05 23:22:40,829 - INFO - [2018] MISSING_CENTRAL: SR1E2Mu/Central/jets/1/eta in Skim_TriLep_DYJets10to50.root
2025-11-07 12:25:53,841 - INFO - [2018] MISSING_CENTRAL: SR1E2Mu/Central/jets/1/eta in Skim_TriLep_DYJets10to50.root
2025-11-07 13:06:19,669 - INFO - [2018] MISSING_CENTRAL: SR1E2Mu/Central/jets/1/eta in Skim_TriLep_DYJets10to50.root
2025-11-07 14:04:11,903 - INFO - [2018] MISSING_CENTRAL: SR1E2Mu/Central/jets/1/eta in Skim_TriLep_DYJets10to50.root
2025-11-10 05:55:05,271 - INFO - [2018] MISSING_CENTRAL: SR1E2Mu/Central/jets/1/eta in Skim_TriLep_DYJets10to50.root
2025-11-10 12:19:15,518 - INFO - [2018] MISSING_CENTRAL: SR1E2Mu/Central/jets/1/eta in Skim_TriLep_DYJets10to50.root
2025-11-13 11:08:33,467 - INFO - [2018] MISSING_CENTRAL: SR1E2Mu/Central/jets/1/eta in Skim_TriLep_DYJets10to50.root
2025-11-19 16:21:36,699 - INFO - [2018] MISSING_CENTRAL: SR1E2Mu/Central/jets/1/eta in Skim_TriLep_DYJets10to50.root
2025-12-17 22:35:55,360 - INFO - [2018] MISSING_CENTRAL: SR1E2Mu/Central/jets/1/eta in Skim_TriLep_DYJets10to50.root
2025-12-18 14:19:35,591 - INFO - [2018] MISSING_CENTRAL: SR1E2Mu/Central/jets/1/eta in Skim_TriLep_DYJets10to50.root
2025-12-18 14:35:03,390 - INFO - [2018] MISSING_CENTRAL: SR1E2Mu/Central/jets/1/eta in Skim_TriLep_DYJets10to50.root
2026-01-07 11:45:05,527 - INFO - [2018] MISSING_CENTRAL: SR1E2Mu/Central/jets/1/eta in Skim_TriLep_DYJets10to50.root
2026-01-07 18:41:54,852 - INFO - [2018] MISSING_CENTRAL: SR1E2Mu/Central/jets/1/eta in Skim_TriLep_DYJets10to50.root
2026-01-07 19:28:11,384 - INFO - [2018] MISSING_CENTRAL: SR1E2Mu/Central/jets/1/eta in Skim_TriLep_DYJets10to50.root
2026-01-09 12:15:43,639 - INFO - [2018] MISSING_CENTRAL: SR1E2Mu/Central/jets/1/eta in Skim_TriLep_DYJets10to50.root
2026-01-11 09:35:47,631 - INFO - [2018] MISSING_CENTRAL: SR1E2Mu/Central/jets/1/eta in Skim_TriLep_DYJets10to50.root
2026-01-12 13:44:24,471 - INFO - [2018] MISSING_FILE: /home/choij/Sync/workspace/ChargedHiggsAnalysisV3/SKNanoOutput/MatrixSelector/Run1E2Mu/2018/Skim_TriLep_MuonEG_A.root
2026-01-12 13:44:24,471 - INFO - [2018] MISSING_FILE: /home/choij/Sync/workspace/ChargedHiggsAnalysisV3/SKNanoOutput/MatrixSelector/Run1E2Mu/2018/Skim_TriLep_MuonEG_B.root
2026-01-12 13:44:24,471 - INFO - [2018] MISSING_FILE: /home/choij/Sync/workspace/ChargedHiggsAnalysisV3/SKNanoOutput/MatrixSelector/Run1E2Mu/2018/Skim_TriLep_MuonEG_C.root
2026-01-12 13:44:24,472 - INFO - [2018] MISSING_FILE: /home/choij/Sync/workspace/ChargedHiggsAnalysisV3/SKNanoOutput/MatrixSelector/Run1E2Mu/2018/Skim_TriLep_MuonEG_D.root
2026-01-12 13:44:24,495 - INFO - [2018] MISSING_CENTRAL: SR1E2Mu/Central/jets/1/eta in Skim_TriLep_DYJets10to50.root
2026-01-16 18:59:38,235 - INFO - [2018] MISSING_CENTRAL: SR1E2Mu/Central/jets/1/eta in Skim_TriLep_DYJets10to50.root
2026-01-28 16:07:52,727 - INFO - [2018] MISSING_CENTRAL: SR1E2Mu/Central/jets/1/eta in Skim_TriLep_DYJets10to50.root
2026-01-28 17:19:41,890 - INFO - [2018] MISSING_CENTRAL: SR1E2Mu/Central/jets/1/eta in Skim_TriLep_DYJets10to50.root
2026-01-28 19:53:17,692 - INFO - [2018] MISSING_CENTRAL: SR1E2Mu/Central/jets/1/eta in Skim_TriLep_DYJets10to50.root
2026-01-29 07:10:39,671 - INFO - [2018] MISSING_CENTRAL: SR1E2Mu/Central/jets/1/eta in Skim_TriLep_DYJets10to50.root
2026-03-06 09:39:08,229 - INFO - [2018] MISSING_CENTRAL: SR1E2Mu/Central/jets/1/eta in Skim_TriLep_DYJets10to50.root
2026-03-06 19:44:56,608 - INFO - [2018] MISSING_CENTRAL: SR1E2Mu/Central/jets/1/eta in Skim_TriLep_DYJets10to50.root
2026-03-12 21:33:11,533 - INFO - [2018] MISSING_CENTRAL: SR1E2Mu/Central/jets/1/eta in Skim_TriLep_DYJets10to50.root
2026-03-12 21:33:24,883 - INFO - [2018] MISSING_CENTRAL: SR1E2Mu/Central/jets/1/eta in Skim_TriLep_DYJets10to50.root
2026-04-10 20:19:33,347 - INFO - [2018] MISSING_CENTRAL: SR1E2Mu/Central/jets/1/eta in Skim_TriLep_DYJets10to50.root
2026-04-10 20:19:46,267 - INFO - [2018] MISSING_CENTRAL: SR1E2Mu/Central/jets/1/eta in Skim_TriLep_DYJets10to50.root
2026-04-12 11:34:37,254 - INFO - [2018] MISSING_CENTRAL: SR1E2Mu/Central/jets/1/eta in Skim_TriLep_DYJets10to50.root
2026-04-12 11:34:50,832 - INFO - [2018] MISSING_CENTRAL: SR1E2Mu/Central/jets/1/eta in Skim_TriLep_DYJets10to50.root
2026-04-12 12:16:44,779 - INFO - [2018] MISSING_CENTRAL: SR1E2Mu/Central/jets/1/eta in Skim_TriLep_DYJets10to50.root
2026-04-12 12:16:57,013 - INFO - [2018] MISSING_CENTRAL: SR1E2Mu/Central/jets/1/eta in Skim_TriLep_DYJets10to50.root
2026-04-12 12:36:23,296 - INFO - [2018] MISSING_CENTRAL: SR1E2Mu/Central/jets/1/eta in Skim_TriLep_DYJets10to50.root
2026-04-12 12:36:35,692 - INFO - [2018] MISSING_CENTRAL: SR1E2Mu/Central/jets/1/eta in Skim_TriLep_DYJets10to50.root
2026-04-12 20:44:26,861 - INFO - [2018] MISSING_CENTRAL: SR1E2Mu/Central/jets/1/eta in Skim_TriLep_DYJets10to50.root
2026-04-12 20:44:39,286 - INFO - [2018] MISSING_CENTRAL: SR1E2Mu/Central/jets/1/eta in Skim_TriLep_DYJets10to50.root
2026-04-12 21:16:05,245 - INFO - [2018] MISSING_CENTRAL: SR1E2Mu/Central/jets/1/eta in Skim_TriLep_DYJets10to50.root
2026-04-12 21:16:17,574 - INFO - [2018] MISSING_CENTRAL: SR1E2Mu/Central/jets/1/eta in Skim_TriLep_DYJets10to50.root
2026-04-13 12:53:38,453 - INFO - [2018] MISSING_CENTRAL: SR1E2Mu/Central/jets/1/eta in Skim_TriLep_DYJets10to50.root
2026-04-13 12:53:51,344 - INFO - [2018] MISSING_CENTRAL: SR1E2Mu/Central/jets/1/eta in Skim_TriLep_DYJets10to50.root
2026-04-16 17:29:23,614 - INFO - [2018] MISSING_CENTRAL: SR1E2Mu/Central/jets/1/eta in Skim_TriLep_DYJets10to50.root
2026-04-16 17:29:36,124 - INFO - [2018] MISSING_CENTRAL: SR1E2Mu/Central/jets/1/eta in Skim_TriLep_DYJets10to50.root
2026-04-16 17:36:08,244 - INFO - [2018] MISSING_CENTRAL: SR1E2Mu/Central/jets/1/eta in Skim_TriLep_DYJets10to50.root
2026-04-16 17:36:20,945 - INFO - [2018] MISSING_CENTRAL: SR1E2Mu/Central/jets/1/eta in Skim_TriLep_DYJets10to50.root
2026-04-28 15:10:02,464 - INFO - [2018] MISSING_CENTRAL: SR1E2Mu/Central/jets/1/eta in Skim_TriLep_DYJets10to50.root
2026-04-28 15:10:15,490 - INFO - [2018] MISSING_CENTRAL: SR1E2Mu/Central/jets/1/eta in Skim_TriLep_DYJets10to50.root
2026-04-28 15:16:42,026 - INFO - [2018] MISSING_CENTRAL: SR1E2Mu/Central/jets/1/eta in Skim_TriLep_DYJets10to50.root
2026-05-04 16:59:26,731 - INFO - [2018] MISSING_CENTRAL: SR1E2Mu/Central/jets/1/eta in Skim_TriLep_DYJets10to50.root
2026-05-04 16:59:39,326 - INFO - [2018] MISSING_CENTRAL: SR1E2Mu/Central/jets/1/eta in Skim_TriLep_DYJets10to50.root
2026-05-04 17:05:47,688 - INFO - [2018] MISSING_CENTRAL: SR1E2Mu/Central/jets/1/eta in Skim_TriLep_DYJets10to50.root
2026-05-04 17:05:59,562 - INFO - [2018] MISSING_CENTRAL: SR1E2Mu/Central/jets/1/eta in Skim_TriLep_DYJets10to50.root
2026-05-28 15:36:00,960 - INFO - [2018] MISSING_CENTRAL: SR1E2Mu/Central/jets/1/eta in Skim_TriLep_DYJets10to50.root
2026-05-28 15:36:14,360 - INFO - [2018] MISSING_CENTRAL: SR1E2Mu/Central/jets/1/eta in Skim_TriLep_DYJets10to50.root
2026-05-28 15:42:43,463 - INFO - [2018] MISSING_CENTRAL: SR1E2Mu/Central/jets/1/eta in Skim_TriLep_DYJets10to50.root
2026-05-28 15:42:53,883 - INFO - [2018] MISSING_CENTRAL: SR1E2Mu/Central/jets/1/eta in Skim_TriLep_DYJets10to50.root
2026-05-29 15:27:03,591 - INFO - [2018] MISSING_CENTRAL: SR1E2Mu/Central/jets/1/eta in Skim_TriLep_DYJets10to50.root
2026-05-29 15:27:16,500 - INFO - [2018] MISSING_CENTRAL: SR1E2Mu/Central/jets/1/eta in Skim_TriLep_DYJets10to50.root
2026-05-29 15:33:35,040 - INFO - [2018] MISSING_CENTRAL: SR1E2Mu/Central/jets/1/eta in Skim_TriLep_DYJets10to50.root
2026-05-29 15:33:47,313 - INFO - [2018] MISSING_CENTRAL: SR1E2Mu/Central/jets/1/eta in Skim_TriLep_DYJets10to50.root
2026-05-29 18:18:18,845 - INFO - [2018] MISSING_CENTRAL: SR1E2Mu/Central/jets/1/eta in Skim_TriLep_DYJets10to50.root
2026-05-29 18:18:30,962 - INFO - [2018] MISSING_CENTRAL: SR1E2Mu/Central/jets/1/eta in Skim_TriLep_DYJets10to50.root
2026-05-29 18:24:43,540 - INFO - [2018] MISSING_CENTRAL: SR1E2Mu/Central/jets/1/eta in Skim_TriLep_DYJets10to50.root
2026-05-29 18:24:55,777 - INFO - [2018] MISSING_CENTRAL: SR1E2Mu/Central/jets/1/eta in Skim_TriLep_DYJets10to50.root
2026-06-12 14:03:43,100 - INFO - [2018] MISSING_CENTRAL: SR1E2Mu/Central/jets/1/eta in Skim_TriLep_DYJets10to50.root
2026-06-12 14:03:56,097 - INFO - [2018] MISSING_CENTRAL: SR1E2Mu/Central/jets/1/eta in Skim_TriLep_DYJets10to50.root
2026-06-12 14:25:06,353 - INFO - [2018] MISSING_CENTRAL: SR1E2Mu/Central/jets/1/eta in Skim_TriLep_DYJets10to50.root
2026-06-12 14:25:19,034 - INFO - [2018] MISSING_CENTRAL: SR1E2Mu/Central/jets/1/eta in Skim_TriLep_DYJets10to50.root
2026-06-18 00:19:20,280 - INFO - [2018] MISSING_CENTRAL: SR1E2Mu/Central/jets/1/eta in Skim_TriLep_DYJets10to50.root
2026-06-18 00:19:33,452 - INFO - [2018] MISSING_CENTRAL: SR1E2Mu/Central/jets/1/eta in Skim_TriLep_DYJets10to50.root
2026-07-01 17:33:49,806 - INFO - [2018] MISSING_CENTRAL: SR1E2Mu/Central/jets/1/eta in Skim_TriLep_DYJets10to50.root
2026-07-01 17:34:06,111 - INFO - [2018] MISSING_FILE: /data9/Users/choij/Sync/workspace/ChargedHiggsAnalysisV3/SKNanoOutput/PromptAnalyzer/Run1E2Mu_RunNoHEMVeto_NoTreeMode/2018/Skim_TriLep_MuonEG_A.root
2026-07-01 17:34:06,111 - INFO - [2018] MISSING_FILE: /data9/Users/choij/Sync/workspace/ChargedHiggsAnalysisV3/SKNanoOutput/PromptAnalyzer/Run1E2Mu_RunNoHEMVeto_NoTreeMode/2018/Skim_TriLep_MuonEG_B.root
2026-07-01 17:34:06,112 - INFO - [2018] MISSING_FILE: /data9/Users/choij/Sync/workspace/ChargedHiggsAnalysisV3/SKNanoOutput/PromptAnalyzer/Run1E2Mu_RunNoHEMVeto_NoTreeMode/2018/Skim_TriLep_MuonEG_C.root
2026-07-01 17:34:06,112 - INFO - [2018] MISSING_FILE: /data9/Users/choij/Sync/workspace/ChargedHiggsAnalysisV3/SKNanoOutput/PromptAnalyzer/Run1E2Mu_RunNoHEMVeto_NoTreeMode/2018/Skim_TriLep_MuonEG_D.root
