2025-09-24 15:49:31,398 - INFO - [2018] MISSING_CENTRAL: SR1E2Mu/Central/jets/4/py in Skim_TriLep_DYJets.root
2025-09-24 15:49:31,398 - INFO - [2018] MISSING_CENTRAL: SR1E2Mu/Central/jets/4/py in Skim_TriLep_DYJets10to50.root
2025-09-24 15:49:31,414 - INFO - [2018] MISSING_FILE: /Users/choij/Sync/workspace/ChargedHiggsAnalysisV3/SKNanoOutput/PromptSelector/Run1E2Mu_RunSyst/2018/Skim_TriLep_TTG.root
2025-09-24 15:49:31,505 - INFO - [2018] MISSING_FILE: /Users/choij/Sync/workspace/ChargedHiggsAnalysisV3/SKNanoOutput/PromptSelector/Run1E2Mu_RunSyst/2018/Skim_TriLep_TTHToNonbb.root
2025-09-24 15:49:31,572 - INFO - [2018] MISSING_FILE: /Users/choij/Sync/workspace/ChargedHiggsAnalysisV3/SKNanoOutput/PromptSelector/Run1E2Mu_RunSyst/2018/Skim_TriLep_tHq.root
2025-09-24 15:49:31,683 - INFO - [2018] MISSING_FILE: /Users/choij/Sync/workspace/ChargedHiggsAnalysisV3/SKNanoOutput/PromptSelector/Run1E2Mu_RunSyst/2018/Skim_TriLep_VBFHToZZTo4L.root
2025-10-02 21:13:59,579 - INFO - [2018] MISSING_CENTRAL: SR1E2Mu/Central/jets/4/py in Skim_TriLep_DYJets.root
2025-10-02 21:13:59,580 - INFO - [2018] MISSING_CENTRAL: SR1E2Mu/Central/jets/4/py in Skim_TriLep_DYJets10to50.root
2025-10-02 21:13:59,621 - INFO - [2018] MISSING_FILE: /data9/Users/choij/Sync/workspace/ChargedHiggsAnalysisV3/SKNanoOutput/PromptSelector/Run1E2Mu_RunSyst/2018/Skim_TriLep_TTG.root
2025-10-02 21:13:59,784 - INFO - [2018] MISSING_FILE: /data9/Users/choij/Sync/workspace/ChargedHiggsAnalysisV3/SKNanoOutput/PromptSelector/Run1E2Mu_RunSyst/2018/Skim_TriLep_TTHToNonbb.root
2025-10-02 21:13:59,951 - INFO - [2018] MISSING_FILE: /data9/Users/choij/Sync/workspace/ChargedHiggsAnalysisV3/SKNanoOutput/PromptSelector/Run1E2Mu_RunSyst/2018/Skim_TriLep_tHq.root
2025-10-02 21:14:00,210 - INFO - [2018] MISSING_FILE: /data9/Users/choij/Sync/workspace/ChargedHiggsAnalysisV3/SKNanoOutput/PromptSelector/Run1E2Mu_RunSyst/2018/Skim_TriLep_VBFHToZZTo4L.root
2025-10-03 00:02:09,139 - INFO - [2018] MISSING_CENTRAL: SR1E2Mu/Central/jets/4/py in Skim_TriLep_DYJets.root
2025-10-03 00:02:09,141 - INFO - [2018] MISSING_CENTRAL: SR1E2Mu/Central/jets/4/py in Skim_TriLep_DYJets10to50.root
2025-10-03 00:02:09,209 - INFO - [2018] MISSING_FILE: /Users/choij/Sync/workspace/ChargedHiggsAnalysisV3/SKNanoOutput/PromptSelector/Run1E2Mu_RunSyst/2018/Skim_TriLep_TTG.root
2025-10-03 00:02:09,392 - INFO - [2018] MISSING_FILE: /Users/choij/Sync/workspace/ChargedHiggsAnalysisV3/SKNanoOutput/PromptSelector/Run1E2Mu_RunSyst/2018/Skim_TriLep_TTHToNonbb.root
2025-10-03 00:02:09,523 - INFO - [2018] MISSING_FILE: /Users/choij/Sync/workspace/ChargedHiggsAnalysisV3/SKNanoOutput/PromptSelector/Run1E2Mu_RunSyst/2018/Skim_TriLep_tHq.root
2025-10-03 00:02:09,910 - INFO - [2018] MISSING_FILE: /Users/choij/Sync/workspace/ChargedHiggsAnalysisV3/SKNanoOutput/PromptSelector/Run1E2Mu_RunSyst/2018/Skim_TriLep_VBFHToZZTo4L.root
2025-11-05 20:28:43,790 - INFO - [2018] MISSING_CENTRAL: SR1E2Mu/Central/jets/4/py in Skim_TriLep_DYJets.root
2025-11-05 20:28:43,791 - INFO - [2018] MISSING_CENTRAL: SR1E2Mu/Central/jets/4/py in Skim_TriLep_DYJets10to50.root
2025-11-05 21:33:59,421 - INFO - [2018] MISSING_CENTRAL: SR1E2Mu/Central/jets/4/py in Skim_TriLep_DYJets.root
2025-11-05 21:33:59,422 - INFO - [2018] MISSING_CENTRAL: SR1E2Mu/Central/jets/4/py in Skim_TriLep_DYJets10to50.root
2025-11-05 21:39:03,010 - INFO - [2018] MISSING_CENTRAL: SR1E2Mu/Central/jets/4/py in Skim_TriLep_DYJets.root
2025-11-05 21:39:03,011 - INFO - [2018] MISSING_CENTRAL: SR1E2Mu/Central/jets/4/py in Skim_TriLep_DYJets10to50.root
2025-11-05 22:02:24,925 - INFO - [2018] MISSING_CENTRAL: SR1E2Mu/Central/jets/4/py in Skim_TriLep_DYJets.root
2025-11-05 22:02:24,926 - INFO - [2018] MISSING_CENTRAL: SR1E2Mu/Central/jets/4/py in Skim_TriLep_DYJets10to50.root
2025-11-05 22:18:11,711 - INFO - [2018] MISSING_CENTRAL: SR1E2Mu/Central/jets/4/py in Skim_TriLep_DYJets.root
2025-11-05 22:18:11,712 - INFO - [2018] MISSING_CENTRAL: SR1E2Mu/Central/jets/4/py in Skim_TriLep_DYJets10to50.root
2025-11-05 23:22:44,372 - INFO - [2018] MISSING_CENTRAL: SR1E2Mu/Central/jets/4/py in Skim_TriLep_DYJets.root
2025-11-05 23:22:44,373 - INFO - [2018] MISSING_CENTRAL: SR1E2Mu/Central/jets/4/py in Skim_TriLep_DYJets10to50.root
2025-11-07 12:25:57,039 - INFO - [2018] MISSING_CENTRAL: SR1E2Mu/Central/jets/4/py in Skim_TriLep_DYJets.root
2025-11-07 12:25:57,039 - INFO - [2018] MISSING_CENTRAL: SR1E2Mu/Central/jets/4/py in Skim_TriLep_DYJets10to50.root
2025-11-07 13:06:23,237 - INFO - [2018] MISSING_CENTRAL: SR1E2Mu/Central/jets/4/py in Skim_TriLep_DYJets.root
2025-11-07 13:06:23,238 - INFO - [2018] MISSING_CENTRAL: SR1E2Mu/Central/jets/4/py in Skim_TriLep_DYJets10to50.root
2025-11-07 14:04:15,464 - INFO - [2018] MISSING_CENTRAL: SR1E2Mu/Central/jets/4/py in Skim_TriLep_DYJets.root
2025-11-07 14:04:15,465 - INFO - [2018] MISSING_CENTRAL: SR1E2Mu/Central/jets/4/py in Skim_TriLep_DYJets10to50.root
2025-11-10 05:55:09,062 - INFO - [2018] MISSING_CENTRAL: SR1E2Mu/Central/jets/4/py in Skim_TriLep_DYJets.root
2025-11-10 05:55:09,065 - INFO - [2018] MISSING_CENTRAL: SR1E2Mu/Central/jets/4/py in Skim_TriLep_DYJets10to50.root
2025-11-10 12:19:18,802 - INFO - [2018] MISSING_CENTRAL: SR1E2Mu/Central/jets/4/py in Skim_TriLep_DYJets.root
2025-11-10 12:19:18,803 - INFO - [2018] MISSING_CENTRAL: SR1E2Mu/Central/jets/4/py in Skim_TriLep_DYJets10to50.root
2025-11-13 11:08:44,770 - INFO - [2018] MISSING_CENTRAL: SR1E2Mu/Central/jets/4/py in Skim_TriLep_DYJets.root
2025-11-13 11:08:44,771 - INFO - [2018] MISSING_CENTRAL: SR1E2Mu/Central/jets/4/py in Skim_TriLep_DYJets10to50.root
2025-11-19 16:21:40,198 - INFO - [2018] MISSING_CENTRAL: SR1E2Mu/Central/jets/4/py in Skim_TriLep_DYJets.root
2025-11-19 16:21:40,199 - INFO - [2018] MISSING_CENTRAL: SR1E2Mu/Central/jets/4/py in Skim_TriLep_DYJets10to50.root
2025-12-17 22:36:06,749 - INFO - [2018] MISSING_CENTRAL: SR1E2Mu/Central/jets/4/py in Skim_TriLep_DYJets10to50.root
2025-12-18 14:19:40,898 - INFO - [2018] MISSING_CENTRAL: SR1E2Mu/Central/jets/4/py in Skim_TriLep_DYJets10to50.root
2025-12-18 14:35:08,949 - INFO - [2018] MISSING_CENTRAL: SR1E2Mu/Central/jets/4/py in Skim_TriLep_DYJets10to50.root
2026-01-07 11:45:15,363 - INFO - [2018] MISSING_CENTRAL: SR1E2Mu/Central/jets/4/py in Skim_TriLep_DYJets10to50.root
2026-01-07 18:42:00,256 - INFO - [2018] MISSING_CENTRAL: SR1E2Mu/Central/jets/4/py in Skim_TriLep_DYJets10to50.root
2026-01-07 19:28:16,868 - INFO - [2018] MISSING_CENTRAL: SR1E2Mu/Central/jets/4/py in Skim_TriLep_DYJets10to50.root
2026-01-09 12:15:47,142 - INFO - [2018] MISSING_CENTRAL: SR1E2Mu/Central/jets/4/py in Skim_TriLep_DYJets10to50.root
2026-01-11 09:35:51,066 - INFO - [2018] MISSING_CENTRAL: SR1E2Mu/Central/jets/4/py in Skim_TriLep_DYJets10to50.root
2026-01-12 13:44:27,987 - INFO - [2018] MISSING_FILE: /home/choij/Sync/workspace/ChargedHiggsAnalysisV3/SKNanoOutput/MatrixSelector/Run1E2Mu/2018/Skim_TriLep_MuonEG_A.root
2026-01-12 13:44:27,987 - INFO - [2018] MISSING_FILE: /home/choij/Sync/workspace/ChargedHiggsAnalysisV3/SKNanoOutput/MatrixSelector/Run1E2Mu/2018/Skim_TriLep_MuonEG_B.root
2026-01-12 13:44:27,988 - INFO - [2018] MISSING_FILE: /home/choij/Sync/workspace/ChargedHiggsAnalysisV3/SKNanoOutput/MatrixSelector/Run1E2Mu/2018/Skim_TriLep_MuonEG_C.root
2026-01-12 13:44:27,988 - INFO - [2018] MISSING_FILE: /home/choij/Sync/workspace/ChargedHiggsAnalysisV3/SKNanoOutput/MatrixSelector/Run1E2Mu/2018/Skim_TriLep_MuonEG_D.root
2026-01-12 13:44:28,025 - INFO - [2018] MISSING_CENTRAL: SR1E2Mu/Central/jets/4/py in Skim_TriLep_DYJets10to50.root
2026-01-16 18:59:41,279 - INFO - [2018] MISSING_CENTRAL: SR1E2Mu/Central/jets/4/py in Skim_TriLep_DYJets10to50.root
2026-01-28 16:07:56,192 - INFO - [2018] MISSING_CENTRAL: SR1E2Mu/Central/jets/4/py in Skim_TriLep_DYJets10to50.root
2026-01-28 17:19:45,228 - INFO - [2018] MISSING_CENTRAL: SR1E2Mu/Central/jets/4/py in Skim_TriLep_DYJets10to50.root
2026-01-28 19:53:21,086 - INFO - [2018] MISSING_CENTRAL: SR1E2Mu/Central/jets/4/py in Skim_TriLep_DYJets10to50.root
2026-01-29 07:10:42,587 - INFO - [2018] MISSING_CENTRAL: SR1E2Mu/Central/jets/4/py in Skim_TriLep_DYJets10to50.root
2026-03-06 09:39:11,094 - INFO - [2018] MISSING_CENTRAL: SR1E2Mu/Central/jets/4/py in Skim_TriLep_DYJets10to50.root
2026-03-06 19:44:59,489 - INFO - [2018] MISSING_CENTRAL: SR1E2Mu/Central/jets/4/py in Skim_TriLep_DYJets10to50.root
2026-03-12 21:33:14,663 - INFO - [2018] MISSING_CENTRAL: SR1E2Mu/Central/jets/4/py in Skim_TriLep_DYJets10to50.root
2026-03-12 21:33:27,917 - INFO - [2018] MISSING_CENTRAL: SR1E2Mu/Central/jets/4/py in Skim_TriLep_DYJets10to50.root
2026-04-10 20:19:36,422 - INFO - [2018] MISSING_CENTRAL: SR1E2Mu/Central/jets/4/py in Skim_TriLep_DYJets10to50.root
2026-04-10 20:19:49,075 - INFO - [2018] MISSING_CENTRAL: SR1E2Mu/Central/jets/4/py in Skim_TriLep_DYJets10to50.root
2026-04-12 11:34:40,661 - INFO - [2018] MISSING_CENTRAL: SR1E2Mu/Central/jets/4/py in Skim_TriLep_DYJets10to50.root
2026-04-12 11:34:53,578 - INFO - [2018] MISSING_CENTRAL: SR1E2Mu/Central/jets/4/py in Skim_TriLep_DYJets10to50.root
2026-04-12 12:16:47,592 - INFO - [2018] MISSING_CENTRAL: SR1E2Mu/Central/jets/4/py in Skim_TriLep_DYJets10to50.root
2026-04-12 12:16:59,824 - INFO - [2018] MISSING_CENTRAL: SR1E2Mu/Central/jets/4/py in Skim_TriLep_DYJets10to50.root
2026-04-12 12:36:26,163 - INFO - [2018] MISSING_CENTRAL: SR1E2Mu/Central/jets/4/py in Skim_TriLep_DYJets10to50.root
2026-04-12 12:36:38,483 - INFO - [2018] MISSING_CENTRAL: SR1E2Mu/Central/jets/4/py in Skim_TriLep_DYJets10to50.root
2026-04-12 20:44:29,689 - INFO - [2018] MISSING_CENTRAL: SR1E2Mu/Central/jets/4/py in Skim_TriLep_DYJets10to50.root
2026-04-12 20:44:42,227 - INFO - [2018] MISSING_CENTRAL: SR1E2Mu/Central/jets/4/py in Skim_TriLep_DYJets10to50.root
2026-04-12 21:16:07,997 - INFO - [2018] MISSING_CENTRAL: SR1E2Mu/Central/jets/4/py in Skim_TriLep_DYJets10to50.root
2026-04-12 21:16:20,437 - INFO - [2018] MISSING_CENTRAL: SR1E2Mu/Central/jets/4/py in Skim_TriLep_DYJets10to50.root
2026-04-13 12:53:41,369 - INFO - [2018] MISSING_CENTRAL: SR1E2Mu/Central/jets/4/py in Skim_TriLep_DYJets10to50.root
2026-04-13 12:53:54,154 - INFO - [2018] MISSING_CENTRAL: SR1E2Mu/Central/jets/4/py in Skim_TriLep_DYJets10to50.root
2026-04-16 17:29:26,403 - INFO - [2018] MISSING_CENTRAL: SR1E2Mu/Central/jets/4/py in Skim_TriLep_DYJets10to50.root
2026-04-16 17:29:39,084 - INFO - [2018] MISSING_CENTRAL: SR1E2Mu/Central/jets/4/py in Skim_TriLep_DYJets10to50.root
2026-04-16 17:36:11,285 - INFO - [2018] MISSING_CENTRAL: SR1E2Mu/Central/jets/4/py in Skim_TriLep_DYJets10to50.root
2026-04-16 17:36:23,998 - INFO - [2018] MISSING_CENTRAL: SR1E2Mu/Central/jets/4/py in Skim_TriLep_DYJets10to50.root
2026-04-28 15:10:05,583 - INFO - [2018] MISSING_CENTRAL: SR1E2Mu/Central/jets/4/py in Skim_TriLep_DYJets10to50.root
2026-04-28 15:10:18,107 - INFO - [2018] MISSING_CENTRAL: SR1E2Mu/Central/jets/4/py in Skim_TriLep_DYJets10to50.root
2026-05-04 16:59:29,347 - INFO - [2018] MISSING_CENTRAL: SR1E2Mu/Central/jets/4/py in Skim_TriLep_DYJets10to50.root
2026-05-04 16:59:42,243 - INFO - [2018] MISSING_CENTRAL: SR1E2Mu/Central/jets/4/py in Skim_TriLep_DYJets10to50.root
2026-05-04 17:05:50,398 - INFO - [2018] MISSING_CENTRAL: SR1E2Mu/Central/jets/4/py in Skim_TriLep_DYJets10to50.root
2026-05-04 17:06:02,285 - INFO - [2018] MISSING_CENTRAL: SR1E2Mu/Central/jets/4/py in Skim_TriLep_DYJets10to50.root
2026-05-28 15:36:07,387 - INFO - [2018] MISSING_CENTRAL: SR1E2Mu/Central/jets/4/py in Skim_TriLep_DYJets10to50.root
2026-05-28 15:36:21,893 - INFO - [2018] MISSING_CENTRAL: SR1E2Mu/Central/jets/4/py in Skim_TriLep_DYJets10to50.root
2026-05-28 15:42:47,416 - INFO - [2018] MISSING_CENTRAL: SR1E2Mu/Central/jets/4/py in Skim_TriLep_DYJets10to50.root
2026-05-28 15:42:58,667 - INFO - [2018] MISSING_CENTRAL: SR1E2Mu/Central/jets/4/py in Skim_TriLep_DYJets10to50.root
2026-05-29 15:27:06,478 - INFO - [2018] MISSING_CENTRAL: SR1E2Mu/Central/jets/4/py in Skim_TriLep_DYJets10to50.root
2026-05-29 15:27:19,386 - INFO - [2018] MISSING_CENTRAL: SR1E2Mu/Central/jets/4/py in Skim_TriLep_DYJets10to50.root
2026-05-29 15:33:37,835 - INFO - [2018] MISSING_CENTRAL: SR1E2Mu/Central/jets/4/py in Skim_TriLep_DYJets10to50.root
2026-05-29 15:33:50,117 - INFO - [2018] MISSING_CENTRAL: SR1E2Mu/Central/jets/4/py in Skim_TriLep_DYJets10to50.root
2026-05-29 18:18:21,750 - INFO - [2018] MISSING_CENTRAL: SR1E2Mu/Central/jets/4/py in Skim_TriLep_DYJets10to50.root
2026-05-29 18:18:33,815 - INFO - [2018] MISSING_CENTRAL: SR1E2Mu/Central/jets/4/py in Skim_TriLep_DYJets10to50.root
2026-05-29 18:24:46,227 - INFO - [2018] MISSING_CENTRAL: SR1E2Mu/Central/jets/4/py in Skim_TriLep_DYJets10to50.root
2026-05-29 18:24:58,508 - INFO - [2018] MISSING_CENTRAL: SR1E2Mu/Central/jets/4/py in Skim_TriLep_DYJets10to50.root
