2025-09-24 15:49:11,789 - INFO - [2018] MISSING_CENTRAL: SR1E2Mu/Central/muons/1/charge in Skim_TriLep_DYJets10to50.root
2025-09-24 15:49:11,792 - INFO - [2018] MISSING_FILE: /Users/choij/Sync/workspace/ChargedHiggsAnalysisV3/SKNanoOutput/PromptSelector/Run1E2Mu_RunSyst/2018/Skim_TriLep_TTG.root
2025-09-24 15:49:11,800 - INFO - [2018] MISSING_FILE: /Users/choij/Sync/workspace/ChargedHiggsAnalysisV3/SKNanoOutput/PromptSelector/Run1E2Mu_RunSyst/2018/Skim_TriLep_TTHToNonbb.root
2025-09-24 15:49:11,809 - INFO - [2018] MISSING_FILE: /Users/choij/Sync/workspace/ChargedHiggsAnalysisV3/SKNanoOutput/PromptSelector/Run1E2Mu_RunSyst/2018/Skim_TriLep_tHq.root
2025-09-24 15:49:11,842 - INFO - [2018] MISSING_FILE: /Users/choij/Sync/workspace/ChargedHiggsAnalysisV3/SKNanoOutput/PromptSelector/Run1E2Mu_RunSyst/2018/Skim_TriLep_VBFHToZZTo4L.root
2025-10-02 21:13:49,187 - INFO - [2018] MISSING_CENTRAL: SR1E2Mu/Central/muons/1/charge in Skim_TriLep_DYJets10to50.root
2025-10-02 21:13:49,502 - INFO - [2018] MISSING_FILE: /data9/Users/choij/Sync/workspace/ChargedHiggsAnalysisV3/SKNanoOutput/PromptSelector/Run1E2Mu_RunSyst/2018/Skim_TriLep_TTG.root
2025-10-02 21:13:50,258 - INFO - [2018] MISSING_FILE: /data9/Users/choij/Sync/workspace/ChargedHiggsAnalysisV3/SKNanoOutput/PromptSelector/Run1E2Mu_RunSyst/2018/Skim_TriLep_TTHToNonbb.root
2025-10-02 21:13:51,232 - INFO - [2018] MISSING_FILE: /data9/Users/choij/Sync/workspace/ChargedHiggsAnalysisV3/SKNanoOutput/PromptSelector/Run1E2Mu_RunSyst/2018/Skim_TriLep_tHq.root
2025-10-02 21:13:52,354 - INFO - [2018] MISSING_FILE: /data9/Users/choij/Sync/workspace/ChargedHiggsAnalysisV3/SKNanoOutput/PromptSelector/Run1E2Mu_RunSyst/2018/Skim_TriLep_VBFHToZZTo4L.root
2025-10-03 00:01:53,488 - INFO - [2018] MISSING_CENTRAL: SR1E2Mu/Central/muons/1/charge in Skim_TriLep_DYJets10to50.root
2025-10-03 00:01:53,501 - INFO - [2018] MISSING_FILE: /Users/choij/Sync/workspace/ChargedHiggsAnalysisV3/SKNanoOutput/PromptSelector/Run1E2Mu_RunSyst/2018/Skim_TriLep_TTG.root
2025-10-03 00:01:53,550 - INFO - [2018] MISSING_FILE: /Users/choij/Sync/workspace/ChargedHiggsAnalysisV3/SKNanoOutput/PromptSelector/Run1E2Mu_RunSyst/2018/Skim_TriLep_TTHToNonbb.root
2025-10-03 00:01:53,599 - INFO - [2018] MISSING_FILE: /Users/choij/Sync/workspace/ChargedHiggsAnalysisV3/SKNanoOutput/PromptSelector/Run1E2Mu_RunSyst/2018/Skim_TriLep_tHq.root
2025-10-03 00:01:53,678 - INFO - [2018] MISSING_FILE: /Users/choij/Sync/workspace/ChargedHiggsAnalysisV3/SKNanoOutput/PromptSelector/Run1E2Mu_RunSyst/2018/Skim_TriLep_VBFHToZZTo4L.root
2025-11-05 20:28:37,271 - INFO - [2018] MISSING_CENTRAL: SR1E2Mu/Central/muons/1/charge in Skim_TriLep_DYJets10to50.root
2025-11-05 21:33:52,782 - INFO - [2018] MISSING_CENTRAL: SR1E2Mu/Central/muons/1/charge in Skim_TriLep_DYJets10to50.root
2025-11-05 21:38:56,072 - INFO - [2018] MISSING_CENTRAL: SR1E2Mu/Central/muons/1/charge in Skim_TriLep_DYJets10to50.root
2025-11-05 22:02:18,285 - INFO - [2018] MISSING_CENTRAL: SR1E2Mu/Central/muons/1/charge in Skim_TriLep_DYJets10to50.root
2025-11-05 22:18:05,053 - INFO - [2018] MISSING_CENTRAL: SR1E2Mu/Central/muons/1/charge in Skim_TriLep_DYJets10to50.root
2025-11-05 23:22:37,841 - INFO - [2018] MISSING_CENTRAL: SR1E2Mu/Central/muons/1/charge in Skim_TriLep_DYJets10to50.root
2025-11-07 12:25:50,549 - INFO - [2018] MISSING_CENTRAL: SR1E2Mu/Central/muons/1/charge in Skim_TriLep_DYJets10to50.root
2025-11-07 13:06:16,478 - INFO - [2018] MISSING_CENTRAL: SR1E2Mu/Central/muons/1/charge in Skim_TriLep_DYJets10to50.root
2025-11-07 14:04:08,740 - INFO - [2018] MISSING_CENTRAL: SR1E2Mu/Central/muons/1/charge in Skim_TriLep_DYJets10to50.root
2025-11-10 05:55:01,388 - INFO - [2018] MISSING_CENTRAL: SR1E2Mu/Central/muons/1/charge in Skim_TriLep_DYJets10to50.root
2025-11-10 12:19:12,211 - INFO - [2018] MISSING_CENTRAL: SR1E2Mu/Central/muons/1/charge in Skim_TriLep_DYJets10to50.root
2025-11-13 11:08:33,699 - INFO - [2018] MISSING_CENTRAL: SR1E2Mu/Central/muons/1/charge in Skim_TriLep_DYJets10to50.root
2025-11-19 16:21:33,407 - INFO - [2018] MISSING_CENTRAL: SR1E2Mu/Central/muons/1/charge in Skim_TriLep_DYJets10to50.root
2025-12-17 22:35:55,359 - INFO - [2018] MISSING_CENTRAL: SR1E2Mu/Central/muons/1/charge in Skim_TriLep_DYJets10to50.root
2025-12-18 14:19:35,405 - INFO - [2018] MISSING_CENTRAL: SR1E2Mu/Central/muons/1/charge in Skim_TriLep_DYJets10to50.root
2025-12-18 14:35:02,840 - INFO - [2018] MISSING_CENTRAL: SR1E2Mu/Central/muons/1/charge in Skim_TriLep_DYJets10to50.root
2026-01-07 11:45:05,520 - INFO - [2018] MISSING_CENTRAL: SR1E2Mu/Central/muons/1/charge in Skim_TriLep_DYJets10to50.root
2026-01-07 18:41:54,903 - INFO - [2018] MISSING_CENTRAL: SR1E2Mu/Central/muons/1/charge in Skim_TriLep_DYJets10to50.root
2026-01-07 19:28:11,370 - INFO - [2018] MISSING_CENTRAL: SR1E2Mu/Central/muons/1/charge in Skim_TriLep_DYJets10to50.root
2026-01-09 12:15:40,447 - INFO - [2018] MISSING_CENTRAL: SR1E2Mu/Central/muons/1/charge in Skim_TriLep_DYJets10to50.root
2026-01-11 09:35:44,447 - INFO - [2018] MISSING_CENTRAL: SR1E2Mu/Central/muons/1/charge in Skim_TriLep_DYJets10to50.root
2026-01-12 13:44:21,385 - INFO - [2018] MISSING_FILE: /home/choij/Sync/workspace/ChargedHiggsAnalysisV3/SKNanoOutput/MatrixSelector/Run1E2Mu/2018/Skim_TriLep_MuonEG_A.root
2026-01-12 13:44:21,389 - INFO - [2018] MISSING_FILE: /home/choij/Sync/workspace/ChargedHiggsAnalysisV3/SKNanoOutput/MatrixSelector/Run1E2Mu/2018/Skim_TriLep_MuonEG_B.root
2026-01-12 13:44:21,389 - INFO - [2018] MISSING_FILE: /home/choij/Sync/workspace/ChargedHiggsAnalysisV3/SKNanoOutput/MatrixSelector/Run1E2Mu/2018/Skim_TriLep_MuonEG_C.root
2026-01-12 13:44:21,389 - INFO - [2018] MISSING_FILE: /home/choij/Sync/workspace/ChargedHiggsAnalysisV3/SKNanoOutput/MatrixSelector/Run1E2Mu/2018/Skim_TriLep_MuonEG_D.root
2026-01-12 13:44:21,414 - INFO - [2018] MISSING_CENTRAL: SR1E2Mu/Central/muons/1/charge in Skim_TriLep_DYJets10to50.root
2026-01-16 18:59:34,819 - INFO - [2018] MISSING_CENTRAL: SR1E2Mu/Central/muons/1/charge in Skim_TriLep_DYJets10to50.root
2026-01-28 16:07:49,705 - INFO - [2018] MISSING_CENTRAL: SR1E2Mu/Central/muons/1/charge in Skim_TriLep_DYJets10to50.root
2026-01-28 17:19:38,581 - INFO - [2018] MISSING_CENTRAL: SR1E2Mu/Central/muons/1/charge in Skim_TriLep_DYJets10to50.root
2026-01-28 19:53:14,711 - INFO - [2018] MISSING_CENTRAL: SR1E2Mu/Central/muons/1/charge in Skim_TriLep_DYJets10to50.root
2026-01-29 07:10:36,379 - INFO - [2018] MISSING_CENTRAL: SR1E2Mu/Central/muons/1/charge in Skim_TriLep_DYJets10to50.root
2026-03-06 09:39:05,051 - INFO - [2018] MISSING_CENTRAL: SR1E2Mu/Central/muons/1/charge in Skim_TriLep_DYJets10to50.root
2026-03-06 19:44:53,930 - INFO - [2018] MISSING_CENTRAL: SR1E2Mu/Central/muons/1/charge in Skim_TriLep_DYJets10to50.root
2026-03-12 21:28:39,844 - INFO - [2018] MISSING_CENTRAL: SR1E2Mu/Central/muons/1/charge in Skim_TriLep_DYJets10to50.root
2026-03-12 21:33:08,627 - INFO - [2018] MISSING_CENTRAL: SR1E2Mu/Central/muons/1/charge in Skim_TriLep_DYJets10to50.root
2026-03-12 21:33:21,933 - INFO - [2018] MISSING_CENTRAL: SR1E2Mu/Central/muons/1/charge in Skim_TriLep_DYJets10to50.root
2026-04-10 20:19:30,283 - INFO - [2018] MISSING_CENTRAL: SR1E2Mu/Central/muons/1/charge in Skim_TriLep_DYJets10to50.root
2026-04-10 20:19:43,390 - INFO - [2018] MISSING_CENTRAL: SR1E2Mu/Central/muons/1/charge in Skim_TriLep_DYJets10to50.root
2026-04-12 11:34:34,126 - INFO - [2018] MISSING_CENTRAL: SR1E2Mu/Central/muons/1/charge in Skim_TriLep_DYJets10to50.root
2026-04-12 11:34:47,430 - INFO - [2018] MISSING_CENTRAL: SR1E2Mu/Central/muons/1/charge in Skim_TriLep_DYJets10to50.root
2026-04-12 12:16:42,114 - INFO - [2018] MISSING_CENTRAL: SR1E2Mu/Central/muons/1/charge in Skim_TriLep_DYJets10to50.root
2026-04-12 12:16:54,329 - INFO - [2018] MISSING_CENTRAL: SR1E2Mu/Central/muons/1/charge in Skim_TriLep_DYJets10to50.root
2026-04-12 12:36:20,679 - INFO - [2018] MISSING_CENTRAL: SR1E2Mu/Central/muons/1/charge in Skim_TriLep_DYJets10to50.root
2026-04-12 12:36:32,947 - INFO - [2018] MISSING_CENTRAL: SR1E2Mu/Central/muons/1/charge in Skim_TriLep_DYJets10to50.root
2026-04-12 20:44:24,041 - INFO - [2018] MISSING_CENTRAL: SR1E2Mu/Central/muons/1/charge in Skim_TriLep_DYJets10to50.root
2026-04-12 20:44:36,533 - INFO - [2018] MISSING_CENTRAL: SR1E2Mu/Central/muons/1/charge in Skim_TriLep_DYJets10to50.root
2026-04-12 21:16:02,572 - INFO - [2018] MISSING_CENTRAL: SR1E2Mu/Central/muons/1/charge in Skim_TriLep_DYJets10to50.root
2026-04-12 21:16:14,961 - INFO - [2018] MISSING_CENTRAL: SR1E2Mu/Central/muons/1/charge in Skim_TriLep_DYJets10to50.root
2026-04-13 12:53:35,335 - INFO - [2018] MISSING_CENTRAL: SR1E2Mu/Central/muons/1/charge in Skim_TriLep_DYJets10to50.root
2026-04-13 12:53:48,332 - INFO - [2018] MISSING_CENTRAL: SR1E2Mu/Central/muons/1/charge in Skim_TriLep_DYJets10to50.root
2026-04-16 17:29:20,813 - INFO - [2018] MISSING_CENTRAL: SR1E2Mu/Central/muons/1/charge in Skim_TriLep_DYJets10to50.root
2026-04-16 17:29:33,139 - INFO - [2018] MISSING_CENTRAL: SR1E2Mu/Central/muons/1/charge in Skim_TriLep_DYJets10to50.root
2026-04-16 17:36:05,523 - INFO - [2018] MISSING_CENTRAL: SR1E2Mu/Central/muons/1/charge in Skim_TriLep_DYJets10to50.root
2026-04-16 17:36:18,249 - INFO - [2018] MISSING_CENTRAL: SR1E2Mu/Central/muons/1/charge in Skim_TriLep_DYJets10to50.root
2026-04-28 15:09:59,446 - INFO - [2018] MISSING_CENTRAL: SR1E2Mu/Central/muons/1/charge in Skim_TriLep_DYJets10to50.root
2026-04-28 15:10:12,694 - INFO - [2018] MISSING_CENTRAL: SR1E2Mu/Central/muons/1/charge in Skim_TriLep_DYJets10to50.root
2026-04-28 15:16:39,341 - INFO - [2018] MISSING_CENTRAL: SR1E2Mu/Central/muons/1/charge in Skim_TriLep_DYJets10to50.root
2026-05-04 16:59:23,901 - INFO - [2018] MISSING_CENTRAL: SR1E2Mu/Central/muons/1/charge in Skim_TriLep_DYJets10to50.root
2026-05-04 16:59:36,338 - INFO - [2018] MISSING_CENTRAL: SR1E2Mu/Central/muons/1/charge in Skim_TriLep_DYJets10to50.root
2026-05-04 17:05:45,083 - INFO - [2018] MISSING_CENTRAL: SR1E2Mu/Central/muons/1/charge in Skim_TriLep_DYJets10to50.root
2026-05-04 17:05:57,016 - INFO - [2018] MISSING_CENTRAL: SR1E2Mu/Central/muons/1/charge in Skim_TriLep_DYJets10to50.root
2026-05-28 15:36:00,959 - INFO - [2018] MISSING_CENTRAL: SR1E2Mu/Central/muons/1/charge in Skim_TriLep_DYJets10to50.root
2026-05-28 15:36:14,358 - INFO - [2018] MISSING_CENTRAL: SR1E2Mu/Central/muons/1/charge in Skim_TriLep_DYJets10to50.root
2026-05-28 15:42:43,186 - INFO - [2018] MISSING_CENTRAL: SR1E2Mu/Central/muons/1/charge in Skim_TriLep_DYJets10to50.root
2026-05-28 15:42:54,092 - INFO - [2018] MISSING_CENTRAL: SR1E2Mu/Central/muons/1/charge in Skim_TriLep_DYJets10to50.root
2026-05-29 15:27:00,966 - INFO - [2018] MISSING_CENTRAL: SR1E2Mu/Central/muons/1/charge in Skim_TriLep_DYJets10to50.root
2026-05-29 15:27:13,412 - INFO - [2018] MISSING_CENTRAL: SR1E2Mu/Central/muons/1/charge in Skim_TriLep_DYJets10to50.root
2026-05-29 15:33:32,372 - INFO - [2018] MISSING_CENTRAL: SR1E2Mu/Central/muons/1/charge in Skim_TriLep_DYJets10to50.root
2026-05-29 15:33:44,602 - INFO - [2018] MISSING_CENTRAL: SR1E2Mu/Central/muons/1/charge in Skim_TriLep_DYJets10to50.root
2026-05-29 18:18:16,184 - INFO - [2018] MISSING_CENTRAL: SR1E2Mu/Central/muons/1/charge in Skim_TriLep_DYJets10to50.root
2026-05-29 18:18:28,355 - INFO - [2018] MISSING_CENTRAL: SR1E2Mu/Central/muons/1/charge in Skim_TriLep_DYJets10to50.root
2026-05-29 18:24:40,699 - INFO - [2018] MISSING_CENTRAL: SR1E2Mu/Central/muons/1/charge in Skim_TriLep_DYJets10to50.root
2026-05-29 18:24:52,999 - INFO - [2018] MISSING_CENTRAL: SR1E2Mu/Central/muons/1/charge in Skim_TriLep_DYJets10to50.root
2026-06-12 14:03:40,172 - INFO - [2018] MISSING_CENTRAL: SR1E2Mu/Central/muons/1/charge in Skim_TriLep_DYJets10to50.root
2026-06-12 14:03:52,855 - INFO - [2018] MISSING_CENTRAL: SR1E2Mu/Central/muons/1/charge in Skim_TriLep_DYJets10to50.root
2026-06-12 14:25:03,613 - INFO - [2018] MISSING_CENTRAL: SR1E2Mu/Central/muons/1/charge in Skim_TriLep_DYJets10to50.root
2026-06-12 14:25:16,316 - INFO - [2018] MISSING_CENTRAL: SR1E2Mu/Central/muons/1/charge in Skim_TriLep_DYJets10to50.root
2026-06-18 00:19:17,278 - INFO - [2018] MISSING_CENTRAL: SR1E2Mu/Central/muons/1/charge in Skim_TriLep_DYJets10to50.root
2026-06-18 00:19:30,361 - INFO - [2018] MISSING_CENTRAL: SR1E2Mu/Central/muons/1/charge in Skim_TriLep_DYJets10to50.root
2026-07-01 17:33:49,806 - INFO - [2018] MISSING_CENTRAL: SR1E2Mu/Central/muons/1/charge in Skim_TriLep_DYJets10to50.root
2026-07-01 17:34:06,261 - INFO - [2018] MISSING_FILE: /data9/Users/choij/Sync/workspace/ChargedHiggsAnalysisV3/SKNanoOutput/PromptAnalyzer/Run1E2Mu_RunNoHEMVeto_NoTreeMode/2018/Skim_TriLep_MuonEG_A.root
2026-07-01 17:34:06,261 - INFO - [2018] MISSING_FILE: /data9/Users/choij/Sync/workspace/ChargedHiggsAnalysisV3/SKNanoOutput/PromptAnalyzer/Run1E2Mu_RunNoHEMVeto_NoTreeMode/2018/Skim_TriLep_MuonEG_B.root
2026-07-01 17:34:06,261 - INFO - [2018] MISSING_FILE: /data9/Users/choij/Sync/workspace/ChargedHiggsAnalysisV3/SKNanoOutput/PromptAnalyzer/Run1E2Mu_RunNoHEMVeto_NoTreeMode/2018/Skim_TriLep_MuonEG_C.root
2026-07-01 17:34:06,262 - INFO - [2018] MISSING_FILE: /data9/Users/choij/Sync/workspace/ChargedHiggsAnalysisV3/SKNanoOutput/PromptAnalyzer/Run1E2Mu_RunNoHEMVeto_NoTreeMode/2018/Skim_TriLep_MuonEG_D.root
2026-07-21 19:26:07,313 - INFO - [2018] MISSING_CENTRAL: SR1E2Mu/Central/muons/1/charge in Skim_TriLep_DYJets10to50.root
2026-07-21 19:26:39,884 - INFO - [2018] MISSING_CENTRAL: SR1E2Mu/Central/muons/1/charge in Skim_TriLep_DYJets10to50.root
2026-07-21 19:26:43,140 - INFO - [2018] MISSING_FILE: /home/choij/Sync/workspace/ChargedHiggsAnalysisV3/SKNanoOutput/PromptAnalyzer/Run1E2Mu_RunSyst_RunNoHEMVeto_NoTreeMode/2018/Skim_TriLep_tHW.root
2026-07-21 19:26:43,141 - INFO - [2018] MISSING_FILE: /home/choij/Sync/workspace/ChargedHiggsAnalysisV3/SKNanoOutput/PromptAnalyzer/Run1E2Mu_RunSyst_RunNoHEMVeto_NoTreeMode/2018/Skim_TriLep_tWZ_thadWlep.root
2026-07-21 19:26:43,141 - INFO - [2018] MISSING_FILE: /home/choij/Sync/workspace/ChargedHiggsAnalysisV3/SKNanoOutput/PromptAnalyzer/Run1E2Mu_RunSyst_RunNoHEMVeto_NoTreeMode/2018/Skim_TriLep_tWZ_tlepWhad.root
2026-07-21 19:26:43,141 - INFO - [2018] MISSING_FILE: /home/choij/Sync/workspace/ChargedHiggsAnalysisV3/SKNanoOutput/PromptAnalyzer/Run1E2Mu_RunSyst_RunNoHEMVeto_NoTreeMode/2018/Skim_TriLep_tWZ_tlepWlep.root
