2025-09-24 15:49:14,240 - INFO - [2018] MISSING_CENTRAL: SR1E2Mu/Central/muons/2/py in Skim_TriLep_DYJets10to50.root
2025-09-24 15:49:14,318 - INFO - [2018] MISSING_FILE: /Users/choij/Sync/workspace/ChargedHiggsAnalysisV3/SKNanoOutput/PromptSelector/Run1E2Mu_RunSyst/2018/Skim_TriLep_TTG.root
2025-09-24 15:49:14,508 - INFO - [2018] MISSING_FILE: /Users/choij/Sync/workspace/ChargedHiggsAnalysisV3/SKNanoOutput/PromptSelector/Run1E2Mu_RunSyst/2018/Skim_TriLep_TTHToNonbb.root
2025-09-24 15:49:14,620 - INFO - [2018] MISSING_FILE: /Users/choij/Sync/workspace/ChargedHiggsAnalysisV3/SKNanoOutput/PromptSelector/Run1E2Mu_RunSyst/2018/Skim_TriLep_tHq.root
2025-09-24 15:49:14,811 - INFO - [2018] MISSING_FILE: /Users/choij/Sync/workspace/ChargedHiggsAnalysisV3/SKNanoOutput/PromptSelector/Run1E2Mu_RunSyst/2018/Skim_TriLep_VBFHToZZTo4L.root
2025-10-02 21:13:50,722 - INFO - [2018] MISSING_CENTRAL: SR1E2Mu/Central/muons/2/py in Skim_TriLep_DYJets10to50.root
2025-10-02 21:13:50,748 - INFO - [2018] MISSING_FILE: /data9/Users/choij/Sync/workspace/ChargedHiggsAnalysisV3/SKNanoOutput/PromptSelector/Run1E2Mu_RunSyst/2018/Skim_TriLep_TTG.root
2025-10-02 21:13:50,832 - INFO - [2018] MISSING_FILE: /data9/Users/choij/Sync/workspace/ChargedHiggsAnalysisV3/SKNanoOutput/PromptSelector/Run1E2Mu_RunSyst/2018/Skim_TriLep_TTHToNonbb.root
2025-10-02 21:13:51,251 - INFO - [2018] MISSING_FILE: /data9/Users/choij/Sync/workspace/ChargedHiggsAnalysisV3/SKNanoOutput/PromptSelector/Run1E2Mu_RunSyst/2018/Skim_TriLep_tHq.root
2025-10-02 21:13:52,375 - INFO - [2018] MISSING_FILE: /data9/Users/choij/Sync/workspace/ChargedHiggsAnalysisV3/SKNanoOutput/PromptSelector/Run1E2Mu_RunSyst/2018/Skim_TriLep_VBFHToZZTo4L.root
2025-10-03 00:01:56,190 - INFO - [2018] MISSING_CENTRAL: SR1E2Mu/Central/muons/2/py in Skim_TriLep_DYJets10to50.root
2025-10-03 00:01:56,275 - INFO - [2018] MISSING_FILE: /Users/choij/Sync/workspace/ChargedHiggsAnalysisV3/SKNanoOutput/PromptSelector/Run1E2Mu_RunSyst/2018/Skim_TriLep_TTG.root
2025-10-03 00:01:56,396 - INFO - [2018] MISSING_FILE: /Users/choij/Sync/workspace/ChargedHiggsAnalysisV3/SKNanoOutput/PromptSelector/Run1E2Mu_RunSyst/2018/Skim_TriLep_TTHToNonbb.root
2025-10-03 00:01:56,484 - INFO - [2018] MISSING_FILE: /Users/choij/Sync/workspace/ChargedHiggsAnalysisV3/SKNanoOutput/PromptSelector/Run1E2Mu_RunSyst/2018/Skim_TriLep_tHq.root
2025-10-03 00:01:56,589 - INFO - [2018] MISSING_FILE: /Users/choij/Sync/workspace/ChargedHiggsAnalysisV3/SKNanoOutput/PromptSelector/Run1E2Mu_RunSyst/2018/Skim_TriLep_VBFHToZZTo4L.root
2025-11-05 20:28:37,115 - INFO - [2018] MISSING_CENTRAL: SR1E2Mu/Central/muons/2/py in Skim_TriLep_DYJets10to50.root
2025-11-05 21:33:52,776 - INFO - [2018] MISSING_CENTRAL: SR1E2Mu/Central/muons/2/py in Skim_TriLep_DYJets10to50.root
2025-11-05 21:38:56,460 - INFO - [2018] MISSING_CENTRAL: SR1E2Mu/Central/muons/2/py in Skim_TriLep_DYJets10to50.root
2025-11-05 22:02:17,870 - INFO - [2018] MISSING_CENTRAL: SR1E2Mu/Central/muons/2/py in Skim_TriLep_DYJets10to50.root
2025-11-05 22:18:05,125 - INFO - [2018] MISSING_CENTRAL: SR1E2Mu/Central/muons/2/py in Skim_TriLep_DYJets10to50.root
2025-11-05 23:22:37,806 - INFO - [2018] MISSING_CENTRAL: SR1E2Mu/Central/muons/2/py in Skim_TriLep_DYJets10to50.root
2025-11-07 12:25:50,484 - INFO - [2018] MISSING_CENTRAL: SR1E2Mu/Central/muons/2/py in Skim_TriLep_DYJets10to50.root
2025-11-07 13:06:16,572 - INFO - [2018] MISSING_CENTRAL: SR1E2Mu/Central/muons/2/py in Skim_TriLep_DYJets10to50.root
2025-11-07 14:04:08,759 - INFO - [2018] MISSING_CENTRAL: SR1E2Mu/Central/muons/2/py in Skim_TriLep_DYJets10to50.root
2025-11-10 05:55:01,534 - INFO - [2018] MISSING_CENTRAL: SR1E2Mu/Central/muons/2/py in Skim_TriLep_DYJets10to50.root
2025-11-10 12:19:12,237 - INFO - [2018] MISSING_CENTRAL: SR1E2Mu/Central/muons/2/py in Skim_TriLep_DYJets10to50.root
2025-11-13 11:08:33,453 - INFO - [2018] MISSING_CENTRAL: SR1E2Mu/Central/muons/2/py in Skim_TriLep_DYJets10to50.root
2025-11-19 16:21:33,375 - INFO - [2018] MISSING_CENTRAL: SR1E2Mu/Central/muons/2/py in Skim_TriLep_DYJets10to50.root
2025-12-17 22:35:55,370 - INFO - [2018] MISSING_CENTRAL: SR1E2Mu/Central/muons/2/py in Skim_TriLep_DYJets10to50.root
2025-12-18 14:19:35,299 - INFO - [2018] MISSING_CENTRAL: SR1E2Mu/Central/muons/2/py in Skim_TriLep_DYJets10to50.root
2025-12-18 14:35:02,497 - INFO - [2018] MISSING_CENTRAL: SR1E2Mu/Central/muons/2/py in Skim_TriLep_DYJets10to50.root
2026-01-07 11:45:05,531 - INFO - [2018] MISSING_CENTRAL: SR1E2Mu/Central/muons/2/py in Skim_TriLep_DYJets10to50.root
2026-01-07 18:41:54,896 - INFO - [2018] MISSING_CENTRAL: SR1E2Mu/Central/muons/2/py in Skim_TriLep_DYJets10to50.root
2026-01-07 19:28:11,283 - INFO - [2018] MISSING_CENTRAL: SR1E2Mu/Central/muons/2/py in Skim_TriLep_DYJets10to50.root
2026-01-09 12:15:40,500 - INFO - [2018] MISSING_CENTRAL: SR1E2Mu/Central/muons/2/py in Skim_TriLep_DYJets10to50.root
2026-01-11 09:35:44,530 - INFO - [2018] MISSING_CENTRAL: SR1E2Mu/Central/muons/2/py in Skim_TriLep_DYJets10to50.root
2026-01-12 13:44:21,528 - INFO - [2018] MISSING_FILE: /home/choij/Sync/workspace/ChargedHiggsAnalysisV3/SKNanoOutput/MatrixSelector/Run1E2Mu/2018/Skim_TriLep_MuonEG_A.root
2026-01-12 13:44:21,528 - INFO - [2018] MISSING_FILE: /home/choij/Sync/workspace/ChargedHiggsAnalysisV3/SKNanoOutput/MatrixSelector/Run1E2Mu/2018/Skim_TriLep_MuonEG_B.root
2026-01-12 13:44:21,528 - INFO - [2018] MISSING_FILE: /home/choij/Sync/workspace/ChargedHiggsAnalysisV3/SKNanoOutput/MatrixSelector/Run1E2Mu/2018/Skim_TriLep_MuonEG_C.root
2026-01-12 13:44:21,529 - INFO - [2018] MISSING_FILE: /home/choij/Sync/workspace/ChargedHiggsAnalysisV3/SKNanoOutput/MatrixSelector/Run1E2Mu/2018/Skim_TriLep_MuonEG_D.root
2026-01-12 13:44:21,564 - INFO - [2018] MISSING_CENTRAL: SR1E2Mu/Central/muons/2/py in Skim_TriLep_DYJets10to50.root
2026-01-16 18:59:34,626 - INFO - [2018] MISSING_CENTRAL: SR1E2Mu/Central/muons/2/py in Skim_TriLep_DYJets10to50.root
2026-01-28 16:07:49,655 - INFO - [2018] MISSING_CENTRAL: SR1E2Mu/Central/muons/2/py in Skim_TriLep_DYJets10to50.root
2026-01-28 17:19:38,603 - INFO - [2018] MISSING_CENTRAL: SR1E2Mu/Central/muons/2/py in Skim_TriLep_DYJets10to50.root
2026-01-28 19:53:14,847 - INFO - [2018] MISSING_CENTRAL: SR1E2Mu/Central/muons/2/py in Skim_TriLep_DYJets10to50.root
2026-01-29 07:10:36,404 - INFO - [2018] MISSING_CENTRAL: SR1E2Mu/Central/muons/2/py in Skim_TriLep_DYJets10to50.root
2026-03-06 09:39:05,098 - INFO - [2018] MISSING_CENTRAL: SR1E2Mu/Central/muons/2/py in Skim_TriLep_DYJets10to50.root
2026-03-06 19:44:53,793 - INFO - [2018] MISSING_CENTRAL: SR1E2Mu/Central/muons/2/py in Skim_TriLep_DYJets10to50.root
2026-03-12 21:28:39,903 - INFO - [2018] MISSING_CENTRAL: SR1E2Mu/Central/muons/2/py in Skim_TriLep_DYJets10to50.root
2026-03-12 21:33:08,762 - INFO - [2018] MISSING_CENTRAL: SR1E2Mu/Central/muons/2/py in Skim_TriLep_DYJets10to50.root
2026-03-12 21:33:22,034 - INFO - [2018] MISSING_CENTRAL: SR1E2Mu/Central/muons/2/py in Skim_TriLep_DYJets10to50.root
2026-04-10 20:19:30,344 - INFO - [2018] MISSING_CENTRAL: SR1E2Mu/Central/muons/2/py in Skim_TriLep_DYJets10to50.root
2026-04-10 20:19:43,326 - INFO - [2018] MISSING_CENTRAL: SR1E2Mu/Central/muons/2/py in Skim_TriLep_DYJets10to50.root
2026-04-12 11:34:34,272 - INFO - [2018] MISSING_CENTRAL: SR1E2Mu/Central/muons/2/py in Skim_TriLep_DYJets10to50.root
2026-04-12 11:34:47,601 - INFO - [2018] MISSING_CENTRAL: SR1E2Mu/Central/muons/2/py in Skim_TriLep_DYJets10to50.root
2026-04-12 12:16:42,164 - INFO - [2018] MISSING_CENTRAL: SR1E2Mu/Central/muons/2/py in Skim_TriLep_DYJets10to50.root
2026-04-12 12:16:54,409 - INFO - [2018] MISSING_CENTRAL: SR1E2Mu/Central/muons/2/py in Skim_TriLep_DYJets10to50.root
2026-04-12 12:36:20,713 - INFO - [2018] MISSING_CENTRAL: SR1E2Mu/Central/muons/2/py in Skim_TriLep_DYJets10to50.root
2026-04-12 12:36:33,004 - INFO - [2018] MISSING_CENTRAL: SR1E2Mu/Central/muons/2/py in Skim_TriLep_DYJets10to50.root
2026-04-12 20:44:24,099 - INFO - [2018] MISSING_CENTRAL: SR1E2Mu/Central/muons/2/py in Skim_TriLep_DYJets10to50.root
2026-04-12 20:44:36,555 - INFO - [2018] MISSING_CENTRAL: SR1E2Mu/Central/muons/2/py in Skim_TriLep_DYJets10to50.root
2026-04-12 21:16:02,602 - INFO - [2018] MISSING_CENTRAL: SR1E2Mu/Central/muons/2/py in Skim_TriLep_DYJets10to50.root
2026-04-12 21:16:14,878 - INFO - [2018] MISSING_CENTRAL: SR1E2Mu/Central/muons/2/py in Skim_TriLep_DYJets10to50.root
2026-04-13 12:53:35,366 - INFO - [2018] MISSING_CENTRAL: SR1E2Mu/Central/muons/2/py in Skim_TriLep_DYJets10to50.root
2026-04-13 12:53:48,317 - INFO - [2018] MISSING_CENTRAL: SR1E2Mu/Central/muons/2/py in Skim_TriLep_DYJets10to50.root
2026-04-16 17:29:20,988 - INFO - [2018] MISSING_CENTRAL: SR1E2Mu/Central/muons/2/py in Skim_TriLep_DYJets10to50.root
2026-04-16 17:29:33,211 - INFO - [2018] MISSING_CENTRAL: SR1E2Mu/Central/muons/2/py in Skim_TriLep_DYJets10to50.root
2026-04-16 17:36:05,466 - INFO - [2018] MISSING_CENTRAL: SR1E2Mu/Central/muons/2/py in Skim_TriLep_DYJets10to50.root
2026-04-16 17:36:18,251 - INFO - [2018] MISSING_CENTRAL: SR1E2Mu/Central/muons/2/py in Skim_TriLep_DYJets10to50.root
2026-04-28 15:09:59,455 - INFO - [2018] MISSING_CENTRAL: SR1E2Mu/Central/muons/2/py in Skim_TriLep_DYJets10to50.root
2026-04-28 15:10:12,513 - INFO - [2018] MISSING_CENTRAL: SR1E2Mu/Central/muons/2/py in Skim_TriLep_DYJets10to50.root
2026-04-28 15:16:39,391 - INFO - [2018] MISSING_CENTRAL: SR1E2Mu/Central/muons/2/py in Skim_TriLep_DYJets10to50.root
2026-05-04 16:59:23,918 - INFO - [2018] MISSING_CENTRAL: SR1E2Mu/Central/muons/2/py in Skim_TriLep_DYJets10to50.root
2026-05-04 16:59:36,382 - INFO - [2018] MISSING_CENTRAL: SR1E2Mu/Central/muons/2/py in Skim_TriLep_DYJets10to50.root
2026-05-04 17:05:45,139 - INFO - [2018] MISSING_CENTRAL: SR1E2Mu/Central/muons/2/py in Skim_TriLep_DYJets10to50.root
2026-05-04 17:05:57,149 - INFO - [2018] MISSING_CENTRAL: SR1E2Mu/Central/muons/2/py in Skim_TriLep_DYJets10to50.root
2026-05-28 15:36:00,977 - INFO - [2018] MISSING_CENTRAL: SR1E2Mu/Central/muons/2/py in Skim_TriLep_DYJets10to50.root
2026-05-28 15:36:14,368 - INFO - [2018] MISSING_CENTRAL: SR1E2Mu/Central/muons/2/py in Skim_TriLep_DYJets10to50.root
2026-05-28 15:42:43,240 - INFO - [2018] MISSING_CENTRAL: SR1E2Mu/Central/muons/2/py in Skim_TriLep_DYJets10to50.root
2026-05-28 15:42:54,109 - INFO - [2018] MISSING_CENTRAL: SR1E2Mu/Central/muons/2/py in Skim_TriLep_DYJets10to50.root
2026-05-29 15:27:00,977 - INFO - [2018] MISSING_CENTRAL: SR1E2Mu/Central/muons/2/py in Skim_TriLep_DYJets10to50.root
2026-05-29 15:27:13,437 - INFO - [2018] MISSING_CENTRAL: SR1E2Mu/Central/muons/2/py in Skim_TriLep_DYJets10to50.root
2026-05-29 15:33:32,436 - INFO - [2018] MISSING_CENTRAL: SR1E2Mu/Central/muons/2/py in Skim_TriLep_DYJets10to50.root
2026-05-29 15:33:44,677 - INFO - [2018] MISSING_CENTRAL: SR1E2Mu/Central/muons/2/py in Skim_TriLep_DYJets10to50.root
2026-05-29 18:18:16,275 - INFO - [2018] MISSING_CENTRAL: SR1E2Mu/Central/muons/2/py in Skim_TriLep_DYJets10to50.root
2026-05-29 18:18:28,385 - INFO - [2018] MISSING_CENTRAL: SR1E2Mu/Central/muons/2/py in Skim_TriLep_DYJets10to50.root
2026-05-29 18:24:40,762 - INFO - [2018] MISSING_CENTRAL: SR1E2Mu/Central/muons/2/py in Skim_TriLep_DYJets10to50.root
2026-05-29 18:24:53,063 - INFO - [2018] MISSING_CENTRAL: SR1E2Mu/Central/muons/2/py in Skim_TriLep_DYJets10to50.root
