2025-09-24 15:49:37,680 - INFO - [2018] MISSING_CENTRAL: SR1E2Mu/Central/pair/pt in Skim_TriLep_DYJets10to50.root
2025-09-24 15:49:37,694 - INFO - [2018] MISSING_FILE: /Users/choij/Sync/workspace/ChargedHiggsAnalysisV3/SKNanoOutput/PromptSelector/Run1E2Mu_RunSyst/2018/Skim_TriLep_TTG.root
2025-09-24 15:49:37,751 - INFO - [2018] MISSING_FILE: /Users/choij/Sync/workspace/ChargedHiggsAnalysisV3/SKNanoOutput/PromptSelector/Run1E2Mu_RunSyst/2018/Skim_TriLep_TTHToNonbb.root
2025-09-24 15:49:37,793 - INFO - [2018] MISSING_FILE: /Users/choij/Sync/workspace/ChargedHiggsAnalysisV3/SKNanoOutput/PromptSelector/Run1E2Mu_RunSyst/2018/Skim_TriLep_tHq.root
2025-09-24 15:49:37,868 - INFO - [2018] MISSING_FILE: /Users/choij/Sync/workspace/ChargedHiggsAnalysisV3/SKNanoOutput/PromptSelector/Run1E2Mu_RunSyst/2018/Skim_TriLep_VBFHToZZTo4L.root
2025-10-02 21:13:59,321 - INFO - [2018] MISSING_CENTRAL: SR1E2Mu/Central/pair/pt in Skim_TriLep_DYJets10to50.root
2025-10-02 21:13:59,356 - INFO - [2018] MISSING_FILE: /data9/Users/choij/Sync/workspace/ChargedHiggsAnalysisV3/SKNanoOutput/PromptSelector/Run1E2Mu_RunSyst/2018/Skim_TriLep_TTG.root
2025-10-02 21:13:59,477 - INFO - [2018] MISSING_FILE: /data9/Users/choij/Sync/workspace/ChargedHiggsAnalysisV3/SKNanoOutput/PromptSelector/Run1E2Mu_RunSyst/2018/Skim_TriLep_TTHToNonbb.root
2025-10-02 21:13:59,591 - INFO - [2018] MISSING_FILE: /data9/Users/choij/Sync/workspace/ChargedHiggsAnalysisV3/SKNanoOutput/PromptSelector/Run1E2Mu_RunSyst/2018/Skim_TriLep_tHq.root
2025-10-02 21:13:59,792 - INFO - [2018] MISSING_FILE: /data9/Users/choij/Sync/workspace/ChargedHiggsAnalysisV3/SKNanoOutput/PromptSelector/Run1E2Mu_RunSyst/2018/Skim_TriLep_VBFHToZZTo4L.root
2025-10-03 00:02:16,177 - INFO - [2018] MISSING_CENTRAL: SR1E2Mu/Central/pair/pt in Skim_TriLep_DYJets10to50.root
2025-10-03 00:02:16,187 - INFO - [2018] MISSING_FILE: /Users/choij/Sync/workspace/ChargedHiggsAnalysisV3/SKNanoOutput/PromptSelector/Run1E2Mu_RunSyst/2018/Skim_TriLep_TTG.root
2025-10-03 00:02:16,226 - INFO - [2018] MISSING_FILE: /Users/choij/Sync/workspace/ChargedHiggsAnalysisV3/SKNanoOutput/PromptSelector/Run1E2Mu_RunSyst/2018/Skim_TriLep_TTHToNonbb.root
2025-10-03 00:02:16,262 - INFO - [2018] MISSING_FILE: /Users/choij/Sync/workspace/ChargedHiggsAnalysisV3/SKNanoOutput/PromptSelector/Run1E2Mu_RunSyst/2018/Skim_TriLep_tHq.root
2025-10-03 00:02:16,321 - INFO - [2018] MISSING_FILE: /Users/choij/Sync/workspace/ChargedHiggsAnalysisV3/SKNanoOutput/PromptSelector/Run1E2Mu_RunSyst/2018/Skim_TriLep_VBFHToZZTo4L.root
2025-11-05 20:28:46,999 - INFO - [2018] MISSING_CENTRAL: SR1E2Mu/Central/pair/pt in Skim_TriLep_DYJets10to50.root
2025-11-05 21:34:02,737 - INFO - [2018] MISSING_CENTRAL: SR1E2Mu/Central/pair/pt in Skim_TriLep_DYJets10to50.root
2025-11-05 21:39:06,453 - INFO - [2018] MISSING_CENTRAL: SR1E2Mu/Central/pair/pt in Skim_TriLep_DYJets10to50.root
2025-11-05 22:02:28,054 - INFO - [2018] MISSING_CENTRAL: SR1E2Mu/Central/pair/pt in Skim_TriLep_DYJets10to50.root
2025-11-05 22:18:14,655 - INFO - [2018] MISSING_CENTRAL: SR1E2Mu/Central/pair/pt in Skim_TriLep_DYJets10to50.root
2025-11-05 23:22:47,790 - INFO - [2018] MISSING_CENTRAL: SR1E2Mu/Central/pair/pt in Skim_TriLep_DYJets10to50.root
2025-11-07 12:26:00,293 - INFO - [2018] MISSING_CENTRAL: SR1E2Mu/Central/pair/pt in Skim_TriLep_DYJets10to50.root
2025-11-07 13:06:26,588 - INFO - [2018] MISSING_CENTRAL: SR1E2Mu/Central/pair/pt in Skim_TriLep_DYJets10to50.root
2025-11-07 14:04:18,456 - INFO - [2018] MISSING_CENTRAL: SR1E2Mu/Central/pair/pt in Skim_TriLep_DYJets10to50.root
2025-11-10 05:55:13,794 - INFO - [2018] MISSING_CENTRAL: SR1E2Mu/Central/pair/pt in Skim_TriLep_DYJets10to50.root
2025-11-10 12:19:22,063 - INFO - [2018] MISSING_CENTRAL: SR1E2Mu/Central/pair/pt in Skim_TriLep_DYJets10to50.root
2025-11-13 11:08:44,343 - INFO - [2018] MISSING_CENTRAL: SR1E2Mu/Central/pair/pt in Skim_TriLep_DYJets10to50.root
2025-11-19 16:21:43,374 - INFO - [2018] MISSING_CENTRAL: SR1E2Mu/Central/pair/pt in Skim_TriLep_DYJets10to50.root
2025-12-17 22:36:06,641 - INFO - [2018] MISSING_CENTRAL: SR1E2Mu/Central/pair/pt in Skim_TriLep_DYJets10to50.root
2025-12-18 14:19:41,781 - INFO - [2018] MISSING_CENTRAL: SR1E2Mu/Central/pair/pt in Skim_TriLep_DYJets10to50.root
2025-12-18 14:35:09,699 - INFO - [2018] MISSING_CENTRAL: SR1E2Mu/Central/pair/pt in Skim_TriLep_DYJets10to50.root
2026-01-07 11:45:15,316 - INFO - [2018] MISSING_CENTRAL: SR1E2Mu/Central/pair/pt in Skim_TriLep_DYJets10to50.root
2026-01-07 18:42:00,490 - INFO - [2018] MISSING_CENTRAL: SR1E2Mu/Central/pair/pt in Skim_TriLep_DYJets10to50.root
2026-01-07 19:28:17,215 - INFO - [2018] MISSING_CENTRAL: SR1E2Mu/Central/pair/pt in Skim_TriLep_DYJets10to50.root
2026-01-09 12:15:50,269 - INFO - [2018] MISSING_CENTRAL: SR1E2Mu/Central/pair/pt in Skim_TriLep_DYJets10to50.root
2026-01-11 09:35:54,468 - INFO - [2018] MISSING_CENTRAL: SR1E2Mu/Central/pair/pt in Skim_TriLep_DYJets10to50.root
2026-01-12 13:44:31,336 - INFO - [2018] MISSING_FILE: /home/choij/Sync/workspace/ChargedHiggsAnalysisV3/SKNanoOutput/MatrixSelector/Run1E2Mu/2018/Skim_TriLep_MuonEG_A.root
2026-01-12 13:44:31,336 - INFO - [2018] MISSING_FILE: /home/choij/Sync/workspace/ChargedHiggsAnalysisV3/SKNanoOutput/MatrixSelector/Run1E2Mu/2018/Skim_TriLep_MuonEG_B.root
2026-01-12 13:44:31,336 - INFO - [2018] MISSING_FILE: /home/choij/Sync/workspace/ChargedHiggsAnalysisV3/SKNanoOutput/MatrixSelector/Run1E2Mu/2018/Skim_TriLep_MuonEG_C.root
2026-01-12 13:44:31,336 - INFO - [2018] MISSING_FILE: /home/choij/Sync/workspace/ChargedHiggsAnalysisV3/SKNanoOutput/MatrixSelector/Run1E2Mu/2018/Skim_TriLep_MuonEG_D.root
2026-01-12 13:44:31,366 - INFO - [2018] MISSING_CENTRAL: SR1E2Mu/Central/pair/pt in Skim_TriLep_DYJets10to50.root
2026-01-16 18:59:44,464 - INFO - [2018] MISSING_CENTRAL: SR1E2Mu/Central/pair/pt in Skim_TriLep_DYJets10to50.root
2026-01-28 16:07:59,308 - INFO - [2018] MISSING_CENTRAL: SR1E2Mu/Central/pair/pt in Skim_TriLep_DYJets10to50.root
2026-01-28 17:19:48,690 - INFO - [2018] MISSING_CENTRAL: SR1E2Mu/Central/pair/pt in Skim_TriLep_DYJets10to50.root
2026-01-28 19:53:24,378 - INFO - [2018] MISSING_CENTRAL: SR1E2Mu/Central/pair/pt in Skim_TriLep_DYJets10to50.root
2026-01-29 07:10:45,627 - INFO - [2018] MISSING_CENTRAL: SR1E2Mu/Central/pair/pt in Skim_TriLep_DYJets10to50.root
2026-03-06 09:39:14,168 - INFO - [2018] MISSING_CENTRAL: SR1E2Mu/Central/pair/pt in Skim_TriLep_DYJets10to50.root
2026-03-06 19:45:02,613 - INFO - [2018] MISSING_CENTRAL: SR1E2Mu/Central/pair/pt in Skim_TriLep_DYJets10to50.root
2026-03-12 21:33:17,833 - INFO - [2018] MISSING_CENTRAL: SR1E2Mu/Central/pair/pt in Skim_TriLep_DYJets10to50.root
2026-03-12 21:33:31,244 - INFO - [2018] MISSING_CENTRAL: SR1E2Mu/Central/pair/pt in Skim_TriLep_DYJets10to50.root
2026-04-10 20:19:39,210 - INFO - [2018] MISSING_CENTRAL: SR1E2Mu/Central/pair/pt in Skim_TriLep_DYJets10to50.root
2026-04-10 20:19:51,911 - INFO - [2018] MISSING_CENTRAL: SR1E2Mu/Central/pair/pt in Skim_TriLep_DYJets10to50.root
2026-04-12 11:34:43,551 - INFO - [2018] MISSING_CENTRAL: SR1E2Mu/Central/pair/pt in Skim_TriLep_DYJets10to50.root
2026-04-12 11:34:56,697 - INFO - [2018] MISSING_CENTRAL: SR1E2Mu/Central/pair/pt in Skim_TriLep_DYJets10to50.root
2026-04-12 12:16:50,453 - INFO - [2018] MISSING_CENTRAL: SR1E2Mu/Central/pair/pt in Skim_TriLep_DYJets10to50.root
2026-04-12 12:17:02,677 - INFO - [2018] MISSING_CENTRAL: SR1E2Mu/Central/pair/pt in Skim_TriLep_DYJets10to50.root
2026-04-12 12:36:29,038 - INFO - [2018] MISSING_CENTRAL: SR1E2Mu/Central/pair/pt in Skim_TriLep_DYJets10to50.root
2026-04-12 12:36:41,594 - INFO - [2018] MISSING_CENTRAL: SR1E2Mu/Central/pair/pt in Skim_TriLep_DYJets10to50.root
2026-04-12 20:44:32,511 - INFO - [2018] MISSING_CENTRAL: SR1E2Mu/Central/pair/pt in Skim_TriLep_DYJets10to50.root
2026-04-12 20:44:45,291 - INFO - [2018] MISSING_CENTRAL: SR1E2Mu/Central/pair/pt in Skim_TriLep_DYJets10to50.root
2026-04-12 21:16:10,856 - INFO - [2018] MISSING_CENTRAL: SR1E2Mu/Central/pair/pt in Skim_TriLep_DYJets10to50.root
2026-04-12 21:16:23,718 - INFO - [2018] MISSING_CENTRAL: SR1E2Mu/Central/pair/pt in Skim_TriLep_DYJets10to50.root
2026-04-13 12:53:44,268 - INFO - [2018] MISSING_CENTRAL: SR1E2Mu/Central/pair/pt in Skim_TriLep_DYJets10to50.root
2026-04-13 12:53:57,277 - INFO - [2018] MISSING_CENTRAL: SR1E2Mu/Central/pair/pt in Skim_TriLep_DYJets10to50.root
2026-04-16 17:29:29,339 - INFO - [2018] MISSING_CENTRAL: SR1E2Mu/Central/pair/pt in Skim_TriLep_DYJets10to50.root
2026-04-16 17:29:41,874 - INFO - [2018] MISSING_CENTRAL: SR1E2Mu/Central/pair/pt in Skim_TriLep_DYJets10to50.root
2026-04-16 17:36:14,628 - INFO - [2018] MISSING_CENTRAL: SR1E2Mu/Central/pair/pt in Skim_TriLep_DYJets10to50.root
2026-04-16 17:36:27,135 - INFO - [2018] MISSING_CENTRAL: SR1E2Mu/Central/pair/pt in Skim_TriLep_DYJets10to50.root
2026-04-28 15:10:08,528 - INFO - [2018] MISSING_CENTRAL: SR1E2Mu/Central/pair/pt in Skim_TriLep_DYJets10to50.root
2026-04-28 15:10:20,885 - INFO - [2018] MISSING_CENTRAL: SR1E2Mu/Central/pair/pt in Skim_TriLep_DYJets10to50.root
2026-05-04 16:59:32,878 - INFO - [2018] MISSING_CENTRAL: SR1E2Mu/Central/pair/pt in Skim_TriLep_DYJets10to50.root
2026-05-04 16:59:44,902 - INFO - [2018] MISSING_CENTRAL: SR1E2Mu/Central/pair/pt in Skim_TriLep_DYJets10to50.root
2026-05-04 17:05:53,436 - INFO - [2018] MISSING_CENTRAL: SR1E2Mu/Central/pair/pt in Skim_TriLep_DYJets10to50.root
2026-05-04 17:06:05,165 - INFO - [2018] MISSING_CENTRAL: SR1E2Mu/Central/pair/pt in Skim_TriLep_DYJets10to50.root
2026-05-28 15:36:07,448 - INFO - [2018] MISSING_CENTRAL: SR1E2Mu/Central/pair/pt in Skim_TriLep_DYJets10to50.root
2026-05-28 15:36:21,968 - INFO - [2018] MISSING_CENTRAL: SR1E2Mu/Central/pair/pt in Skim_TriLep_DYJets10to50.root
2026-05-28 15:42:47,762 - INFO - [2018] MISSING_CENTRAL: SR1E2Mu/Central/pair/pt in Skim_TriLep_DYJets10to50.root
2026-05-28 15:42:58,513 - INFO - [2018] MISSING_CENTRAL: SR1E2Mu/Central/pair/pt in Skim_TriLep_DYJets10to50.root
2026-05-29 15:27:09,504 - INFO - [2018] MISSING_CENTRAL: SR1E2Mu/Central/pair/pt in Skim_TriLep_DYJets10to50.root
2026-05-29 15:27:22,338 - INFO - [2018] MISSING_CENTRAL: SR1E2Mu/Central/pair/pt in Skim_TriLep_DYJets10to50.root
2026-05-29 15:33:40,761 - INFO - [2018] MISSING_CENTRAL: SR1E2Mu/Central/pair/pt in Skim_TriLep_DYJets10to50.root
2026-05-29 15:33:53,072 - INFO - [2018] MISSING_CENTRAL: SR1E2Mu/Central/pair/pt in Skim_TriLep_DYJets10to50.root
2026-05-29 18:18:24,583 - INFO - [2018] MISSING_CENTRAL: SR1E2Mu/Central/pair/pt in Skim_TriLep_DYJets10to50.root
2026-05-29 18:18:36,769 - INFO - [2018] MISSING_CENTRAL: SR1E2Mu/Central/pair/pt in Skim_TriLep_DYJets10to50.root
2026-05-29 18:24:49,081 - INFO - [2018] MISSING_CENTRAL: SR1E2Mu/Central/pair/pt in Skim_TriLep_DYJets10to50.root
2026-05-29 18:25:01,482 - INFO - [2018] MISSING_CENTRAL: SR1E2Mu/Central/pair/pt in Skim_TriLep_DYJets10to50.root
2026-06-12 14:03:49,005 - INFO - [2018] MISSING_CENTRAL: SR1E2Mu/Central/pair/pt in Skim_TriLep_DYJets10to50.root
2026-06-12 14:04:01,853 - INFO - [2018] MISSING_CENTRAL: SR1E2Mu/Central/pair/pt in Skim_TriLep_DYJets10to50.root
2026-06-12 14:25:12,407 - INFO - [2018] MISSING_CENTRAL: SR1E2Mu/Central/pair/pt in Skim_TriLep_DYJets10to50.root
2026-06-12 14:25:25,203 - INFO - [2018] MISSING_CENTRAL: SR1E2Mu/Central/pair/pt in Skim_TriLep_DYJets10to50.root
2026-06-18 00:19:26,283 - INFO - [2018] MISSING_CENTRAL: SR1E2Mu/Central/pair/pt in Skim_TriLep_DYJets10to50.root
2026-06-18 00:19:39,805 - INFO - [2018] MISSING_CENTRAL: SR1E2Mu/Central/pair/pt in Skim_TriLep_DYJets10to50.root
2026-07-01 17:34:00,604 - INFO - [2018] MISSING_CENTRAL: SR1E2Mu/Central/pair/pt in Skim_TriLep_DYJets10to50.root
2026-07-01 17:34:09,205 - INFO - [2018] MISSING_FILE: /data9/Users/choij/Sync/workspace/ChargedHiggsAnalysisV3/SKNanoOutput/PromptAnalyzer/Run1E2Mu_RunNoHEMVeto_NoTreeMode/2018/Skim_TriLep_MuonEG_A.root
2026-07-01 17:34:09,205 - INFO - [2018] MISSING_FILE: /data9/Users/choij/Sync/workspace/ChargedHiggsAnalysisV3/SKNanoOutput/PromptAnalyzer/Run1E2Mu_RunNoHEMVeto_NoTreeMode/2018/Skim_TriLep_MuonEG_B.root
2026-07-01 17:34:09,205 - INFO - [2018] MISSING_FILE: /data9/Users/choij/Sync/workspace/ChargedHiggsAnalysisV3/SKNanoOutput/PromptAnalyzer/Run1E2Mu_RunNoHEMVeto_NoTreeMode/2018/Skim_TriLep_MuonEG_C.root
2026-07-01 17:34:09,205 - INFO - [2018] MISSING_FILE: /data9/Users/choij/Sync/workspace/ChargedHiggsAnalysisV3/SKNanoOutput/PromptAnalyzer/Run1E2Mu_RunNoHEMVeto_NoTreeMode/2018/Skim_TriLep_MuonEG_D.root
