2025-09-24 15:49:38,711 - INFO - [2018] MISSING_CENTRAL: SR1E2Mu/Central/pair/eta in Skim_TriLep_DYJets10to50.root
2025-09-24 15:49:38,726 - INFO - [2018] MISSING_FILE: /Users/choij/Sync/workspace/ChargedHiggsAnalysisV3/SKNanoOutput/PromptSelector/Run1E2Mu_RunSyst/2018/Skim_TriLep_TTG.root
2025-09-24 15:49:38,742 - INFO - [2018] MISSING_FILE: /Users/choij/Sync/workspace/ChargedHiggsAnalysisV3/SKNanoOutput/PromptSelector/Run1E2Mu_RunSyst/2018/Skim_TriLep_TTHToNonbb.root
2025-09-24 15:49:38,758 - INFO - [2018] MISSING_FILE: /Users/choij/Sync/workspace/ChargedHiggsAnalysisV3/SKNanoOutput/PromptSelector/Run1E2Mu_RunSyst/2018/Skim_TriLep_tHq.root
2025-09-24 15:49:38,788 - INFO - [2018] MISSING_FILE: /Users/choij/Sync/workspace/ChargedHiggsAnalysisV3/SKNanoOutput/PromptSelector/Run1E2Mu_RunSyst/2018/Skim_TriLep_VBFHToZZTo4L.root
2025-10-02 21:13:58,403 - INFO - [2018] MISSING_CENTRAL: SR1E2Mu/Central/pair/eta in Skim_TriLep_DYJets10to50.root
2025-10-02 21:13:58,454 - INFO - [2018] MISSING_FILE: /data9/Users/choij/Sync/workspace/ChargedHiggsAnalysisV3/SKNanoOutput/PromptSelector/Run1E2Mu_RunSyst/2018/Skim_TriLep_TTG.root
2025-10-02 21:13:58,631 - INFO - [2018] MISSING_FILE: /data9/Users/choij/Sync/workspace/ChargedHiggsAnalysisV3/SKNanoOutput/PromptSelector/Run1E2Mu_RunSyst/2018/Skim_TriLep_TTHToNonbb.root
2025-10-02 21:13:58,717 - INFO - [2018] MISSING_FILE: /data9/Users/choij/Sync/workspace/ChargedHiggsAnalysisV3/SKNanoOutput/PromptSelector/Run1E2Mu_RunSyst/2018/Skim_TriLep_tHq.root
2025-10-02 21:13:58,948 - INFO - [2018] MISSING_FILE: /data9/Users/choij/Sync/workspace/ChargedHiggsAnalysisV3/SKNanoOutput/PromptSelector/Run1E2Mu_RunSyst/2018/Skim_TriLep_VBFHToZZTo4L.root
2025-10-03 00:02:17,027 - INFO - [2018] MISSING_CENTRAL: SR1E2Mu/Central/pair/eta in Skim_TriLep_DYJets10to50.root
2025-10-03 00:02:17,033 - INFO - [2018] MISSING_FILE: /Users/choij/Sync/workspace/ChargedHiggsAnalysisV3/SKNanoOutput/PromptSelector/Run1E2Mu_RunSyst/2018/Skim_TriLep_TTG.root
2025-10-03 00:02:17,056 - INFO - [2018] MISSING_FILE: /Users/choij/Sync/workspace/ChargedHiggsAnalysisV3/SKNanoOutput/PromptSelector/Run1E2Mu_RunSyst/2018/Skim_TriLep_TTHToNonbb.root
2025-10-03 00:02:17,075 - INFO - [2018] MISSING_FILE: /Users/choij/Sync/workspace/ChargedHiggsAnalysisV3/SKNanoOutput/PromptSelector/Run1E2Mu_RunSyst/2018/Skim_TriLep_tHq.root
2025-10-03 00:02:17,103 - INFO - [2018] MISSING_FILE: /Users/choij/Sync/workspace/ChargedHiggsAnalysisV3/SKNanoOutput/PromptSelector/Run1E2Mu_RunSyst/2018/Skim_TriLep_VBFHToZZTo4L.root
2025-11-05 20:28:46,962 - INFO - [2018] MISSING_CENTRAL: SR1E2Mu/Central/pair/eta in Skim_TriLep_DYJets10to50.root
2025-11-05 21:34:02,790 - INFO - [2018] MISSING_CENTRAL: SR1E2Mu/Central/pair/eta in Skim_TriLep_DYJets10to50.root
2025-11-05 21:39:06,356 - INFO - [2018] MISSING_CENTRAL: SR1E2Mu/Central/pair/eta in Skim_TriLep_DYJets10to50.root
2025-11-05 22:02:28,633 - INFO - [2018] MISSING_CENTRAL: SR1E2Mu/Central/pair/eta in Skim_TriLep_DYJets10to50.root
2025-11-05 22:18:15,181 - INFO - [2018] MISSING_CENTRAL: SR1E2Mu/Central/pair/eta in Skim_TriLep_DYJets10to50.root
2025-11-05 23:22:47,858 - INFO - [2018] MISSING_CENTRAL: SR1E2Mu/Central/pair/eta in Skim_TriLep_DYJets10to50.root
2025-11-07 12:26:00,310 - INFO - [2018] MISSING_CENTRAL: SR1E2Mu/Central/pair/eta in Skim_TriLep_DYJets10to50.root
2025-11-07 13:06:26,609 - INFO - [2018] MISSING_CENTRAL: SR1E2Mu/Central/pair/eta in Skim_TriLep_DYJets10to50.root
2025-11-07 14:04:18,554 - INFO - [2018] MISSING_CENTRAL: SR1E2Mu/Central/pair/eta in Skim_TriLep_DYJets10to50.root
2025-11-10 05:55:14,527 - INFO - [2018] MISSING_CENTRAL: SR1E2Mu/Central/pair/eta in Skim_TriLep_DYJets10to50.root
2025-11-10 12:19:22,107 - INFO - [2018] MISSING_CENTRAL: SR1E2Mu/Central/pair/eta in Skim_TriLep_DYJets10to50.root
2025-11-13 11:08:44,983 - INFO - [2018] MISSING_CENTRAL: SR1E2Mu/Central/pair/eta in Skim_TriLep_DYJets10to50.root
2025-11-19 16:21:43,750 - INFO - [2018] MISSING_CENTRAL: SR1E2Mu/Central/pair/eta in Skim_TriLep_DYJets10to50.root
2025-12-17 22:36:06,527 - INFO - [2018] MISSING_CENTRAL: SR1E2Mu/Central/pair/eta in Skim_TriLep_DYJets10to50.root
2025-12-18 14:19:41,994 - INFO - [2018] MISSING_CENTRAL: SR1E2Mu/Central/pair/eta in Skim_TriLep_DYJets10to50.root
2025-12-18 14:35:09,978 - INFO - [2018] MISSING_CENTRAL: SR1E2Mu/Central/pair/eta in Skim_TriLep_DYJets10to50.root
2026-01-07 11:45:15,397 - INFO - [2018] MISSING_CENTRAL: SR1E2Mu/Central/pair/eta in Skim_TriLep_DYJets10to50.root
2026-01-07 18:42:00,744 - INFO - [2018] MISSING_CENTRAL: SR1E2Mu/Central/pair/eta in Skim_TriLep_DYJets10to50.root
2026-01-07 19:28:17,066 - INFO - [2018] MISSING_CENTRAL: SR1E2Mu/Central/pair/eta in Skim_TriLep_DYJets10to50.root
2026-01-09 12:15:50,453 - INFO - [2018] MISSING_CENTRAL: SR1E2Mu/Central/pair/eta in Skim_TriLep_DYJets10to50.root
2026-01-11 09:35:54,489 - INFO - [2018] MISSING_CENTRAL: SR1E2Mu/Central/pair/eta in Skim_TriLep_DYJets10to50.root
2026-01-12 13:44:31,348 - INFO - [2018] MISSING_FILE: /home/choij/Sync/workspace/ChargedHiggsAnalysisV3/SKNanoOutput/MatrixSelector/Run1E2Mu/2018/Skim_TriLep_MuonEG_A.root
2026-01-12 13:44:31,348 - INFO - [2018] MISSING_FILE: /home/choij/Sync/workspace/ChargedHiggsAnalysisV3/SKNanoOutput/MatrixSelector/Run1E2Mu/2018/Skim_TriLep_MuonEG_B.root
2026-01-12 13:44:31,348 - INFO - [2018] MISSING_FILE: /home/choij/Sync/workspace/ChargedHiggsAnalysisV3/SKNanoOutput/MatrixSelector/Run1E2Mu/2018/Skim_TriLep_MuonEG_C.root
2026-01-12 13:44:31,348 - INFO - [2018] MISSING_FILE: /home/choij/Sync/workspace/ChargedHiggsAnalysisV3/SKNanoOutput/MatrixSelector/Run1E2Mu/2018/Skim_TriLep_MuonEG_D.root
2026-01-12 13:44:31,373 - INFO - [2018] MISSING_CENTRAL: SR1E2Mu/Central/pair/eta in Skim_TriLep_DYJets10to50.root
2026-01-16 18:59:44,526 - INFO - [2018] MISSING_CENTRAL: SR1E2Mu/Central/pair/eta in Skim_TriLep_DYJets10to50.root
2026-01-28 16:07:59,356 - INFO - [2018] MISSING_CENTRAL: SR1E2Mu/Central/pair/eta in Skim_TriLep_DYJets10to50.root
2026-01-28 17:19:48,646 - INFO - [2018] MISSING_CENTRAL: SR1E2Mu/Central/pair/eta in Skim_TriLep_DYJets10to50.root
2026-01-28 19:53:24,328 - INFO - [2018] MISSING_CENTRAL: SR1E2Mu/Central/pair/eta in Skim_TriLep_DYJets10to50.root
2026-01-29 07:10:45,727 - INFO - [2018] MISSING_CENTRAL: SR1E2Mu/Central/pair/eta in Skim_TriLep_DYJets10to50.root
2026-03-06 09:39:14,094 - INFO - [2018] MISSING_CENTRAL: SR1E2Mu/Central/pair/eta in Skim_TriLep_DYJets10to50.root
2026-03-06 19:45:02,619 - INFO - [2018] MISSING_CENTRAL: SR1E2Mu/Central/pair/eta in Skim_TriLep_DYJets10to50.root
2026-03-12 21:33:17,921 - INFO - [2018] MISSING_CENTRAL: SR1E2Mu/Central/pair/eta in Skim_TriLep_DYJets10to50.root
2026-03-12 21:33:31,070 - INFO - [2018] MISSING_CENTRAL: SR1E2Mu/Central/pair/eta in Skim_TriLep_DYJets10to50.root
2026-04-10 20:19:39,159 - INFO - [2018] MISSING_CENTRAL: SR1E2Mu/Central/pair/eta in Skim_TriLep_DYJets10to50.root
2026-04-10 20:19:51,949 - INFO - [2018] MISSING_CENTRAL: SR1E2Mu/Central/pair/eta in Skim_TriLep_DYJets10to50.root
2026-04-12 11:34:43,713 - INFO - [2018] MISSING_CENTRAL: SR1E2Mu/Central/pair/eta in Skim_TriLep_DYJets10to50.root
2026-04-12 11:34:56,732 - INFO - [2018] MISSING_CENTRAL: SR1E2Mu/Central/pair/eta in Skim_TriLep_DYJets10to50.root
2026-04-12 12:16:50,472 - INFO - [2018] MISSING_CENTRAL: SR1E2Mu/Central/pair/eta in Skim_TriLep_DYJets10to50.root
2026-04-12 12:17:02,673 - INFO - [2018] MISSING_CENTRAL: SR1E2Mu/Central/pair/eta in Skim_TriLep_DYJets10to50.root
2026-04-12 12:36:29,072 - INFO - [2018] MISSING_CENTRAL: SR1E2Mu/Central/pair/eta in Skim_TriLep_DYJets10to50.root
2026-04-12 12:36:41,572 - INFO - [2018] MISSING_CENTRAL: SR1E2Mu/Central/pair/eta in Skim_TriLep_DYJets10to50.root
2026-04-12 20:44:32,616 - INFO - [2018] MISSING_CENTRAL: SR1E2Mu/Central/pair/eta in Skim_TriLep_DYJets10to50.root
2026-04-12 20:44:45,353 - INFO - [2018] MISSING_CENTRAL: SR1E2Mu/Central/pair/eta in Skim_TriLep_DYJets10to50.root
2026-04-12 21:16:10,916 - INFO - [2018] MISSING_CENTRAL: SR1E2Mu/Central/pair/eta in Skim_TriLep_DYJets10to50.root
2026-04-12 21:16:23,738 - INFO - [2018] MISSING_CENTRAL: SR1E2Mu/Central/pair/eta in Skim_TriLep_DYJets10to50.root
2026-04-13 12:53:44,240 - INFO - [2018] MISSING_CENTRAL: SR1E2Mu/Central/pair/eta in Skim_TriLep_DYJets10to50.root
2026-04-13 12:53:57,098 - INFO - [2018] MISSING_CENTRAL: SR1E2Mu/Central/pair/eta in Skim_TriLep_DYJets10to50.root
2026-04-16 17:29:29,387 - INFO - [2018] MISSING_CENTRAL: SR1E2Mu/Central/pair/eta in Skim_TriLep_DYJets10to50.root
2026-04-16 17:29:42,058 - INFO - [2018] MISSING_CENTRAL: SR1E2Mu/Central/pair/eta in Skim_TriLep_DYJets10to50.root
2026-04-16 17:36:14,411 - INFO - [2018] MISSING_CENTRAL: SR1E2Mu/Central/pair/eta in Skim_TriLep_DYJets10to50.root
2026-04-16 17:36:27,220 - INFO - [2018] MISSING_CENTRAL: SR1E2Mu/Central/pair/eta in Skim_TriLep_DYJets10to50.root
2026-04-28 15:10:08,750 - INFO - [2018] MISSING_CENTRAL: SR1E2Mu/Central/pair/eta in Skim_TriLep_DYJets10to50.root
2026-04-28 15:10:20,885 - INFO - [2018] MISSING_CENTRAL: SR1E2Mu/Central/pair/eta in Skim_TriLep_DYJets10to50.root
2026-05-04 16:59:32,814 - INFO - [2018] MISSING_CENTRAL: SR1E2Mu/Central/pair/eta in Skim_TriLep_DYJets10to50.root
2026-05-04 16:59:45,024 - INFO - [2018] MISSING_CENTRAL: SR1E2Mu/Central/pair/eta in Skim_TriLep_DYJets10to50.root
2026-05-04 17:05:53,404 - INFO - [2018] MISSING_CENTRAL: SR1E2Mu/Central/pair/eta in Skim_TriLep_DYJets10to50.root
2026-05-04 17:06:05,138 - INFO - [2018] MISSING_CENTRAL: SR1E2Mu/Central/pair/eta in Skim_TriLep_DYJets10to50.root
2026-05-28 15:36:07,554 - INFO - [2018] MISSING_CENTRAL: SR1E2Mu/Central/pair/eta in Skim_TriLep_DYJets10to50.root
2026-05-28 15:36:21,938 - INFO - [2018] MISSING_CENTRAL: SR1E2Mu/Central/pair/eta in Skim_TriLep_DYJets10to50.root
2026-05-28 15:42:47,788 - INFO - [2018] MISSING_CENTRAL: SR1E2Mu/Central/pair/eta in Skim_TriLep_DYJets10to50.root
2026-05-28 15:42:58,490 - INFO - [2018] MISSING_CENTRAL: SR1E2Mu/Central/pair/eta in Skim_TriLep_DYJets10to50.root
2026-05-29 15:27:09,606 - INFO - [2018] MISSING_CENTRAL: SR1E2Mu/Central/pair/eta in Skim_TriLep_DYJets10to50.root
2026-05-29 15:27:22,348 - INFO - [2018] MISSING_CENTRAL: SR1E2Mu/Central/pair/eta in Skim_TriLep_DYJets10to50.root
2026-05-29 15:33:40,793 - INFO - [2018] MISSING_CENTRAL: SR1E2Mu/Central/pair/eta in Skim_TriLep_DYJets10to50.root
2026-05-29 15:33:53,099 - INFO - [2018] MISSING_CENTRAL: SR1E2Mu/Central/pair/eta in Skim_TriLep_DYJets10to50.root
2026-05-29 18:18:24,770 - INFO - [2018] MISSING_CENTRAL: SR1E2Mu/Central/pair/eta in Skim_TriLep_DYJets10to50.root
2026-05-29 18:18:36,818 - INFO - [2018] MISSING_CENTRAL: SR1E2Mu/Central/pair/eta in Skim_TriLep_DYJets10to50.root
2026-05-29 18:24:49,123 - INFO - [2018] MISSING_CENTRAL: SR1E2Mu/Central/pair/eta in Skim_TriLep_DYJets10to50.root
2026-05-29 18:25:01,543 - INFO - [2018] MISSING_CENTRAL: SR1E2Mu/Central/pair/eta in Skim_TriLep_DYJets10to50.root
2026-06-12 14:03:48,979 - INFO - [2018] MISSING_CENTRAL: SR1E2Mu/Central/pair/eta in Skim_TriLep_DYJets10to50.root
2026-06-12 14:04:01,841 - INFO - [2018] MISSING_CENTRAL: SR1E2Mu/Central/pair/eta in Skim_TriLep_DYJets10to50.root
2026-06-12 14:25:12,431 - INFO - [2018] MISSING_CENTRAL: SR1E2Mu/Central/pair/eta in Skim_TriLep_DYJets10to50.root
2026-06-12 14:25:25,169 - INFO - [2018] MISSING_CENTRAL: SR1E2Mu/Central/pair/eta in Skim_TriLep_DYJets10to50.root
2026-06-18 00:19:26,493 - INFO - [2018] MISSING_CENTRAL: SR1E2Mu/Central/pair/eta in Skim_TriLep_DYJets10to50.root
2026-06-18 00:19:39,700 - INFO - [2018] MISSING_CENTRAL: SR1E2Mu/Central/pair/eta in Skim_TriLep_DYJets10to50.root
