2025-09-24 15:44:15,998 - INFO - [2016postVFP] MISSING_CENTRAL: SR1E2Mu/Central/jets/4/pz in Skim_TriLep_DYJets.root
2025-09-24 15:44:15,998 - INFO - [2016postVFP] MISSING_CENTRAL: SR1E2Mu/Central/jets/4/pz in Skim_TriLep_DYJets10to50.root
2025-09-24 15:44:16,096 - INFO - [2016postVFP] MISSING_CENTRAL: SR1E2Mu/Central/jets/4/pz in Skim_TriLep_WWG.root
2025-10-02 21:10:56,574 - INFO - [2016postVFP] MISSING_CENTRAL: SR1E2Mu/Central/jets/4/pz in Skim_TriLep_DYJets.root
2025-10-02 21:10:56,576 - INFO - [2016postVFP] MISSING_CENTRAL: SR1E2Mu/Central/jets/4/pz in Skim_TriLep_DYJets10to50.root
2025-10-02 21:10:56,740 - INFO - [2016postVFP] MISSING_CENTRAL: SR1E2Mu/Central/jets/4/pz in Skim_TriLep_WWG.root
2025-10-02 23:57:22,377 - INFO - [2016postVFP] MISSING_CENTRAL: SR1E2Mu/Central/jets/4/pz in Skim_TriLep_DYJets.root
2025-10-02 23:57:22,378 - INFO - [2016postVFP] MISSING_CENTRAL: SR1E2Mu/Central/jets/4/pz in Skim_TriLep_DYJets10to50.root
2025-10-02 23:57:22,479 - INFO - [2016postVFP] MISSING_CENTRAL: SR1E2Mu/Central/jets/4/pz in Skim_TriLep_WWG.root
2025-11-05 21:33:01,929 - INFO - [2016postVFP] MISSING_CENTRAL: SR1E2Mu/Central/jets/4/pz in Skim_TriLep_DYJets.root
2025-11-05 21:33:01,930 - INFO - [2016postVFP] MISSING_CENTRAL: SR1E2Mu/Central/jets/4/pz in Skim_TriLep_DYJets10to50.root
2025-11-05 21:33:02,001 - INFO - [2016postVFP] MISSING_CENTRAL: SR1E2Mu/Central/jets/4/pz in Skim_TriLep_WWG.root
2025-11-05 21:36:58,102 - INFO - [2016postVFP] MISSING_CENTRAL: SR1E2Mu/Central/jets/4/pz in Skim_TriLep_DYJets.root
2025-11-05 21:36:58,103 - INFO - [2016postVFP] MISSING_CENTRAL: SR1E2Mu/Central/jets/4/pz in Skim_TriLep_DYJets10to50.root
2025-11-05 21:36:58,141 - INFO - [2016postVFP] MISSING_CENTRAL: SR1E2Mu/Central/jets/4/pz in Skim_TriLep_WWG.root
2025-11-05 21:38:03,705 - INFO - [2016postVFP] MISSING_CENTRAL: SR1E2Mu/Central/jets/4/pz in Skim_TriLep_DYJets.root
2025-11-05 21:38:03,706 - INFO - [2016postVFP] MISSING_CENTRAL: SR1E2Mu/Central/jets/4/pz in Skim_TriLep_DYJets10to50.root
2025-11-05 21:38:03,743 - INFO - [2016postVFP] MISSING_CENTRAL: SR1E2Mu/Central/jets/4/pz in Skim_TriLep_WWG.root
2025-11-05 22:00:31,946 - INFO - [2016postVFP] MISSING_CENTRAL: SR1E2Mu/Central/jets/4/pz in Skim_TriLep_DYJets.root
2025-11-05 22:00:31,946 - INFO - [2016postVFP] MISSING_CENTRAL: SR1E2Mu/Central/jets/4/pz in Skim_TriLep_DYJets10to50.root
2025-11-05 22:00:32,026 - INFO - [2016postVFP] MISSING_CENTRAL: SR1E2Mu/Central/jets/4/pz in Skim_TriLep_WWG.root
2025-11-05 22:16:17,359 - INFO - [2016postVFP] MISSING_CENTRAL: SR1E2Mu/Central/jets/4/pz in Skim_TriLep_DYJets.root
2025-11-05 22:16:17,360 - INFO - [2016postVFP] MISSING_CENTRAL: SR1E2Mu/Central/jets/4/pz in Skim_TriLep_DYJets10to50.root
2025-11-05 22:16:17,398 - INFO - [2016postVFP] MISSING_CENTRAL: SR1E2Mu/Central/jets/4/pz in Skim_TriLep_WWG.root
2025-11-05 23:20:52,334 - INFO - [2016postVFP] MISSING_CENTRAL: SR1E2Mu/Central/jets/4/pz in Skim_TriLep_DYJets.root
2025-11-05 23:20:52,335 - INFO - [2016postVFP] MISSING_CENTRAL: SR1E2Mu/Central/jets/4/pz in Skim_TriLep_DYJets10to50.root
2025-11-05 23:20:52,416 - INFO - [2016postVFP] MISSING_CENTRAL: SR1E2Mu/Central/jets/4/pz in Skim_TriLep_WWG.root
2025-11-07 12:24:07,954 - INFO - [2016postVFP] MISSING_CENTRAL: SR1E2Mu/Central/jets/4/pz in Skim_TriLep_DYJets.root
2025-11-07 12:24:07,955 - INFO - [2016postVFP] MISSING_CENTRAL: SR1E2Mu/Central/jets/4/pz in Skim_TriLep_DYJets10to50.root
2025-11-07 12:24:07,993 - INFO - [2016postVFP] MISSING_CENTRAL: SR1E2Mu/Central/jets/4/pz in Skim_TriLep_WWG.root
2025-11-07 13:04:18,561 - INFO - [2016postVFP] MISSING_CENTRAL: SR1E2Mu/Central/jets/4/pz in Skim_TriLep_DYJets.root
2025-11-07 13:04:18,561 - INFO - [2016postVFP] MISSING_CENTRAL: SR1E2Mu/Central/jets/4/pz in Skim_TriLep_DYJets10to50.root
2025-11-07 13:04:18,597 - INFO - [2016postVFP] MISSING_CENTRAL: SR1E2Mu/Central/jets/4/pz in Skim_TriLep_WWG.root
2025-11-07 13:26:22,251 - INFO - [2016postVFP] MISSING_CENTRAL: SR1E2Mu/Central/jets/4/pz in Skim_TriLep_DYJets.root
2025-11-07 13:26:22,252 - INFO - [2016postVFP] MISSING_CENTRAL: SR1E2Mu/Central/jets/4/pz in Skim_TriLep_DYJets10to50.root
2025-11-07 13:26:22,289 - INFO - [2016postVFP] MISSING_CENTRAL: SR1E2Mu/Central/jets/4/pz in Skim_TriLep_WWG.root
2025-11-07 13:28:48,285 - INFO - [2016postVFP] MISSING_CENTRAL: SR1E2Mu/Central/jets/4/pz in Skim_TriLep_DYJets.root
2025-11-07 13:28:48,286 - INFO - [2016postVFP] MISSING_CENTRAL: SR1E2Mu/Central/jets/4/pz in Skim_TriLep_DYJets10to50.root
2025-11-07 13:28:48,323 - INFO - [2016postVFP] MISSING_CENTRAL: SR1E2Mu/Central/jets/4/pz in Skim_TriLep_WWG.root
2025-11-07 13:45:11,986 - INFO - [2016postVFP] MISSING_CENTRAL: SR1E2Mu/Central/jets/4/pz in Skim_TriLep_DYJets.root
2025-11-07 13:45:11,987 - INFO - [2016postVFP] MISSING_CENTRAL: SR1E2Mu/Central/jets/4/pz in Skim_TriLep_DYJets10to50.root
2025-11-07 13:45:12,025 - INFO - [2016postVFP] MISSING_CENTRAL: SR1E2Mu/Central/jets/4/pz in Skim_TriLep_WWG.root
2025-11-07 14:01:33,690 - INFO - [2016postVFP] MISSING_CENTRAL: SR1E2Mu/Central/jets/4/pz in Skim_TriLep_DYJets.root
2025-11-07 14:01:33,690 - INFO - [2016postVFP] MISSING_CENTRAL: SR1E2Mu/Central/jets/4/pz in Skim_TriLep_DYJets10to50.root
2025-11-07 14:01:33,727 - INFO - [2016postVFP] MISSING_CENTRAL: SR1E2Mu/Central/jets/4/pz in Skim_TriLep_WWG.root
2025-11-10 05:51:44,873 - INFO - [2016postVFP] MISSING_CENTRAL: SR1E2Mu/Central/jets/4/pz in Skim_TriLep_DYJets.root
2025-11-10 05:51:44,874 - INFO - [2016postVFP] MISSING_CENTRAL: SR1E2Mu/Central/jets/4/pz in Skim_TriLep_DYJets10to50.root
2025-11-10 05:51:44,914 - INFO - [2016postVFP] MISSING_CENTRAL: SR1E2Mu/Central/jets/4/pz in Skim_TriLep_WWG.root
2025-11-10 12:16:35,087 - INFO - [2016postVFP] MISSING_CENTRAL: SR1E2Mu/Central/jets/4/pz in Skim_TriLep_DYJets.root
2025-11-10 12:16:35,088 - INFO - [2016postVFP] MISSING_CENTRAL: SR1E2Mu/Central/jets/4/pz in Skim_TriLep_DYJets10to50.root
2025-11-10 12:16:35,129 - INFO - [2016postVFP] MISSING_CENTRAL: SR1E2Mu/Central/jets/4/pz in Skim_TriLep_WWG.root
2025-11-13 11:05:27,580 - INFO - [2016postVFP] MISSING_CENTRAL: SR1E2Mu/Central/jets/4/pz in Skim_TriLep_DYJets.root
2025-11-13 11:05:27,581 - INFO - [2016postVFP] MISSING_CENTRAL: SR1E2Mu/Central/jets/4/pz in Skim_TriLep_DYJets10to50.root
2025-11-13 11:05:27,646 - INFO - [2016postVFP] MISSING_CENTRAL: SR1E2Mu/Central/jets/4/pz in Skim_TriLep_WWG.root
2025-11-19 16:18:54,491 - INFO - [2016postVFP] MISSING_CENTRAL: SR1E2Mu/Central/jets/4/pz in Skim_TriLep_DYJets.root
2025-11-19 16:18:54,493 - INFO - [2016postVFP] MISSING_CENTRAL: SR1E2Mu/Central/jets/4/pz in Skim_TriLep_DYJets10to50.root
2025-11-19 16:18:54,531 - INFO - [2016postVFP] MISSING_CENTRAL: SR1E2Mu/Central/jets/4/pz in Skim_TriLep_WWG.root
2025-12-17 22:32:39,725 - INFO - [2016postVFP] MISSING_CENTRAL: SR1E2Mu/Central/jets/4/pz in Skim_TriLep_DYJets.root
2025-12-17 22:32:39,726 - INFO - [2016postVFP] MISSING_CENTRAL: SR1E2Mu/Central/jets/4/pz in Skim_TriLep_DYJets10to50.root
2025-12-17 22:32:39,759 - INFO - [2016postVFP] MISSING_CENTRAL: SR1E2Mu/Central/jets/4/pz in Skim_TriLep_WWG.root
2025-12-18 14:11:41,247 - INFO - [2016postVFP] MISSING_CENTRAL: SR1E2Mu/Central/jets/4/pz in Skim_TriLep_DYJets.root
2025-12-18 14:11:41,254 - INFO - [2016postVFP] MISSING_CENTRAL: SR1E2Mu/Central/jets/4/pz in Skim_TriLep_DYJets10to50.root
2025-12-18 14:11:41,345 - INFO - [2016postVFP] MISSING_CENTRAL: SR1E2Mu/Central/jets/4/pz in Skim_TriLep_WWG.root
2025-12-18 14:15:46,267 - INFO - [2016postVFP] MISSING_CENTRAL: SR1E2Mu/Central/jets/4/pz in Skim_TriLep_DYJets.root
2025-12-18 14:15:46,269 - INFO - [2016postVFP] MISSING_CENTRAL: SR1E2Mu/Central/jets/4/pz in Skim_TriLep_DYJets10to50.root
2025-12-18 14:15:46,309 - INFO - [2016postVFP] MISSING_CENTRAL: SR1E2Mu/Central/jets/4/pz in Skim_TriLep_WWG.root
2025-12-18 14:31:17,004 - INFO - [2016postVFP] MISSING_CENTRAL: SR1E2Mu/Central/jets/4/pz in Skim_TriLep_DYJets.root
2025-12-18 14:31:17,006 - INFO - [2016postVFP] MISSING_CENTRAL: SR1E2Mu/Central/jets/4/pz in Skim_TriLep_DYJets10to50.root
2025-12-18 14:31:17,115 - INFO - [2016postVFP] MISSING_CENTRAL: SR1E2Mu/Central/jets/4/pz in Skim_TriLep_WWG.root
2026-01-07 11:41:29,475 - INFO - [2016postVFP] MISSING_CENTRAL: SR1E2Mu/Central/jets/4/pz in Skim_TriLep_DYJets.root
2026-01-07 11:41:29,476 - INFO - [2016postVFP] MISSING_CENTRAL: SR1E2Mu/Central/jets/4/pz in Skim_TriLep_DYJets10to50.root
2026-01-07 11:41:29,534 - INFO - [2016postVFP] MISSING_CENTRAL: SR1E2Mu/Central/jets/4/pz in Skim_TriLep_WWG.root
2026-01-07 18:38:42,123 - INFO - [2016postVFP] MISSING_CENTRAL: SR1E2Mu/Central/jets/4/pz in Skim_TriLep_DYJets.root
2026-01-07 18:38:42,124 - INFO - [2016postVFP] MISSING_CENTRAL: SR1E2Mu/Central/jets/4/pz in Skim_TriLep_DYJets10to50.root
2026-01-07 18:38:42,223 - INFO - [2016postVFP] MISSING_CENTRAL: SR1E2Mu/Central/jets/4/pz in Skim_TriLep_WWG.root
2026-01-07 19:27:10,357 - INFO - [2016postVFP] MISSING_CENTRAL: SR1E2Mu/Central/jets/4/pz in Skim_TriLep_DYJets.root
2026-01-07 19:27:10,358 - INFO - [2016postVFP] MISSING_CENTRAL: SR1E2Mu/Central/jets/4/pz in Skim_TriLep_DYJets10to50.root
2026-01-07 19:27:10,399 - INFO - [2016postVFP] MISSING_CENTRAL: SR1E2Mu/Central/jets/4/pz in Skim_TriLep_WWG.root
2026-01-09 12:12:01,203 - INFO - [2016postVFP] MISSING_CENTRAL: SR1E2Mu/Central/jets/4/pz in Skim_TriLep_DYJets.root
2026-01-09 12:12:01,204 - INFO - [2016postVFP] MISSING_CENTRAL: SR1E2Mu/Central/jets/4/pz in Skim_TriLep_DYJets10to50.root
2026-01-09 12:12:01,229 - INFO - [2016postVFP] MISSING_CENTRAL: SR1E2Mu/Central/jets/4/pz in Skim_TriLep_WWG.root
2026-01-11 09:32:05,504 - INFO - [2016postVFP] MISSING_CENTRAL: SR1E2Mu/Central/jets/4/pz in Skim_TriLep_DYJets.root
2026-01-11 09:32:05,505 - INFO - [2016postVFP] MISSING_CENTRAL: SR1E2Mu/Central/jets/4/pz in Skim_TriLep_DYJets10to50.root
2026-01-11 09:32:05,531 - INFO - [2016postVFP] MISSING_CENTRAL: SR1E2Mu/Central/jets/4/pz in Skim_TriLep_WWG.root
2026-01-12 13:40:39,297 - INFO - [2016postVFP] MISSING_FILE: /home/choij/Sync/workspace/ChargedHiggsAnalysisV3/SKNanoOutput/MatrixSelector/Run1E2Mu/2016postVFP/Skim_TriLep_MuonEG_F.root
2026-01-12 13:40:39,297 - INFO - [2016postVFP] MISSING_FILE: /home/choij/Sync/workspace/ChargedHiggsAnalysisV3/SKNanoOutput/MatrixSelector/Run1E2Mu/2016postVFP/Skim_TriLep_MuonEG_G.root
2026-01-12 13:40:39,297 - INFO - [2016postVFP] MISSING_FILE: /home/choij/Sync/workspace/ChargedHiggsAnalysisV3/SKNanoOutput/MatrixSelector/Run1E2Mu/2016postVFP/Skim_TriLep_MuonEG_H.root
2026-01-12 13:40:39,298 - INFO - [2016postVFP] MISSING_CENTRAL: SR1E2Mu/Central/jets/4/pz in Skim_TriLep_DYJets.root
2026-01-12 13:40:39,298 - INFO - [2016postVFP] MISSING_CENTRAL: SR1E2Mu/Central/jets/4/pz in Skim_TriLep_DYJets10to50.root
2026-01-12 13:40:39,329 - INFO - [2016postVFP] MISSING_CENTRAL: SR1E2Mu/Central/jets/4/pz in Skim_TriLep_WWG.root
2026-01-16 18:56:00,490 - INFO - [2016postVFP] MISSING_CENTRAL: SR1E2Mu/Central/jets/4/pz in Skim_TriLep_DYJets.root
2026-01-16 18:56:00,491 - INFO - [2016postVFP] MISSING_CENTRAL: SR1E2Mu/Central/jets/4/pz in Skim_TriLep_DYJets10to50.root
2026-01-16 18:56:00,516 - INFO - [2016postVFP] MISSING_CENTRAL: SR1E2Mu/Central/jets/4/pz in Skim_TriLep_WWG.root
2026-01-28 16:05:51,000 - INFO - [2016postVFP] MISSING_CENTRAL: SR1E2Mu/Central/jets/4/pz in Skim_TriLep_DYJets10to50.root
2026-01-28 16:05:51,035 - INFO - [2016postVFP] MISSING_CENTRAL: SR1E2Mu/Central/jets/4/pz in Skim_TriLep_WWG.root
2026-01-28 17:16:57,461 - INFO - [2016postVFP] MISSING_CENTRAL: SR1E2Mu/Central/jets/4/pz in Skim_TriLep_DYJets10to50.root
2026-01-28 17:16:57,489 - INFO - [2016postVFP] MISSING_CENTRAL: SR1E2Mu/Central/jets/4/pz in Skim_TriLep_WWG.root
2026-01-28 19:50:37,822 - INFO - [2016postVFP] MISSING_CENTRAL: SR1E2Mu/Central/jets/4/pz in Skim_TriLep_DYJets10to50.root
2026-01-28 19:50:37,853 - INFO - [2016postVFP] MISSING_CENTRAL: SR1E2Mu/Central/jets/4/pz in Skim_TriLep_WWG.root
2026-01-29 07:08:07,344 - INFO - [2016postVFP] MISSING_CENTRAL: SR1E2Mu/Central/jets/4/pz in Skim_TriLep_DYJets10to50.root
2026-01-29 07:08:07,363 - INFO - [2016postVFP] MISSING_CENTRAL: SR1E2Mu/Central/jets/4/pz in Skim_TriLep_WWG.root
2026-03-06 09:37:15,899 - INFO - [2016postVFP] MISSING_CENTRAL: SR1E2Mu/Central/jets/4/pz in Skim_TriLep_DYJets10to50.root
2026-03-06 09:37:15,918 - INFO - [2016postVFP] MISSING_CENTRAL: SR1E2Mu/Central/jets/4/pz in Skim_TriLep_WWG.root
2026-03-06 19:43:06,658 - INFO - [2016postVFP] MISSING_CENTRAL: SR1E2Mu/Central/jets/4/pz in Skim_TriLep_DYJets10to50.root
2026-03-06 19:43:06,679 - INFO - [2016postVFP] MISSING_CENTRAL: SR1E2Mu/Central/jets/4/pz in Skim_TriLep_WWG.root
2026-04-10 20:17:35,244 - INFO - [2016postVFP] MISSING_CENTRAL: SR1E2Mu/Central/jets/4/pz in Skim_TriLep_DYJets10to50.root
2026-04-10 20:17:35,265 - INFO - [2016postVFP] MISSING_CENTRAL: SR1E2Mu/Central/jets/4/pz in Skim_TriLep_WWG.root
2026-04-12 11:32:32,544 - INFO - [2016postVFP] MISSING_CENTRAL: SR1E2Mu/Central/jets/4/pz in Skim_TriLep_DYJets10to50.root
2026-04-12 11:32:32,564 - INFO - [2016postVFP] MISSING_CENTRAL: SR1E2Mu/Central/jets/4/pz in Skim_TriLep_WWG.root
2026-04-12 12:14:49,947 - INFO - [2016postVFP] MISSING_CENTRAL: SR1E2Mu/Central/jets/4/pz in Skim_TriLep_DYJets10to50.root
2026-04-12 12:14:49,967 - INFO - [2016postVFP] MISSING_CENTRAL: SR1E2Mu/Central/jets/4/pz in Skim_TriLep_WWG.root
2026-04-12 12:34:28,200 - INFO - [2016postVFP] MISSING_CENTRAL: SR1E2Mu/Central/jets/4/pz in Skim_TriLep_DYJets10to50.root
2026-04-12 12:34:28,220 - INFO - [2016postVFP] MISSING_CENTRAL: SR1E2Mu/Central/jets/4/pz in Skim_TriLep_WWG.root
2026-04-12 20:42:29,893 - INFO - [2016postVFP] MISSING_CENTRAL: SR1E2Mu/Central/jets/4/pz in Skim_TriLep_DYJets10to50.root
2026-04-12 20:42:29,913 - INFO - [2016postVFP] MISSING_CENTRAL: SR1E2Mu/Central/jets/4/pz in Skim_TriLep_WWG.root
2026-04-12 21:14:08,079 - INFO - [2016postVFP] MISSING_CENTRAL: SR1E2Mu/Central/jets/4/pz in Skim_TriLep_DYJets10to50.root
2026-04-12 21:14:08,099 - INFO - [2016postVFP] MISSING_CENTRAL: SR1E2Mu/Central/jets/4/pz in Skim_TriLep_WWG.root
2026-04-13 12:51:38,138 - INFO - [2016postVFP] MISSING_CENTRAL: SR1E2Mu/Central/jets/4/pz in Skim_TriLep_DYJets10to50.root
2026-04-13 12:51:38,165 - INFO - [2016postVFP] MISSING_CENTRAL: SR1E2Mu/Central/jets/4/pz in Skim_TriLep_WWG.root
2026-04-16 17:28:36,065 - INFO - [2016postVFP] MISSING_CENTRAL: SR1E2Mu/Central/jets/4/pz in Skim_TriLep_DYJets10to50.root
2026-04-16 17:28:36,091 - INFO - [2016postVFP] MISSING_CENTRAL: SR1E2Mu/Central/jets/4/pz in Skim_TriLep_WWG.root
2026-04-16 17:34:08,302 - INFO - [2016postVFP] MISSING_CENTRAL: SR1E2Mu/Central/jets/4/pz in Skim_TriLep_DYJets10to50.root
2026-04-16 17:34:08,328 - INFO - [2016postVFP] MISSING_CENTRAL: SR1E2Mu/Central/jets/4/pz in Skim_TriLep_WWG.root
2026-04-28 15:09:13,891 - INFO - [2016postVFP] MISSING_CENTRAL: SR1E2Mu/Central/jets/4/pz in Skim_TriLep_DYJets10to50.root
2026-04-28 15:09:13,917 - INFO - [2016postVFP] MISSING_CENTRAL: SR1E2Mu/Central/jets/4/pz in Skim_TriLep_WWG.root
2026-04-28 15:14:44,125 - INFO - [2016postVFP] MISSING_CENTRAL: SR1E2Mu/Central/jets/4/pz in Skim_TriLep_DYJets10to50.root
2026-04-28 15:14:44,147 - INFO - [2016postVFP] MISSING_CENTRAL: SR1E2Mu/Central/jets/4/pz in Skim_TriLep_WWG.root
2026-05-04 16:58:40,648 - INFO - [2016postVFP] MISSING_CENTRAL: SR1E2Mu/Central/jets/4/pz in Skim_TriLep_DYJets10to50.root
2026-05-04 16:58:40,673 - INFO - [2016postVFP] MISSING_CENTRAL: SR1E2Mu/Central/jets/4/pz in Skim_TriLep_WWG.root
2026-05-04 17:03:53,024 - INFO - [2016postVFP] MISSING_CENTRAL: SR1E2Mu/Central/jets/4/pz in Skim_TriLep_DYJets10to50.root
2026-05-04 17:03:53,050 - INFO - [2016postVFP] MISSING_CENTRAL: SR1E2Mu/Central/jets/4/pz in Skim_TriLep_WWG.root
2026-05-28 15:35:12,045 - INFO - [2016postVFP] MISSING_CENTRAL: SR1E2Mu/Central/jets/4/pz in Skim_TriLep_DYJets10to50.root
2026-05-28 15:35:12,084 - INFO - [2016postVFP] MISSING_CENTRAL: SR1E2Mu/Central/jets/4/pz in Skim_TriLep_WWG.root
2026-05-28 15:40:50,833 - INFO - [2016postVFP] MISSING_CENTRAL: SR1E2Mu/Central/jets/4/pz in Skim_TriLep_DYJets10to50.root
2026-05-28 15:40:50,881 - INFO - [2016postVFP] MISSING_CENTRAL: SR1E2Mu/Central/jets/4/pz in Skim_TriLep_WWG.root
2026-05-29 15:25:08,184 - INFO - [2016postVFP] MISSING_CENTRAL: SR1E2Mu/Central/jets/4/pz in Skim_TriLep_DYJets10to50.root
2026-05-29 15:25:08,208 - INFO - [2016postVFP] MISSING_CENTRAL: SR1E2Mu/Central/jets/4/pz in Skim_TriLep_WWG.root
2026-05-29 15:26:17,127 - INFO - [2016postVFP] MISSING_CENTRAL: SR1E2Mu/Central/jets/4/pz in Skim_TriLep_DYJets10to50.root
2026-05-29 15:26:17,152 - INFO - [2016postVFP] MISSING_CENTRAL: SR1E2Mu/Central/jets/4/pz in Skim_TriLep_WWG.root
2026-05-29 15:31:40,932 - INFO - [2016postVFP] MISSING_CENTRAL: SR1E2Mu/Central/jets/4/pz in Skim_TriLep_DYJets10to50.root
2026-05-29 15:31:40,957 - INFO - [2016postVFP] MISSING_CENTRAL: SR1E2Mu/Central/jets/4/pz in Skim_TriLep_WWG.root
2026-05-29 18:17:32,452 - INFO - [2016postVFP] MISSING_CENTRAL: SR1E2Mu/Central/jets/4/pz in Skim_TriLep_DYJets10to50.root
2026-05-29 18:17:32,476 - INFO - [2016postVFP] MISSING_CENTRAL: SR1E2Mu/Central/jets/4/pz in Skim_TriLep_WWG.root
2026-05-29 18:22:47,866 - INFO - [2016postVFP] MISSING_CENTRAL: SR1E2Mu/Central/jets/4/pz in Skim_TriLep_DYJets10to50.root
2026-05-29 18:22:47,891 - INFO - [2016postVFP] MISSING_CENTRAL: SR1E2Mu/Central/jets/4/pz in Skim_TriLep_WWG.root
2026-06-12 14:01:57,906 - INFO - [2016postVFP] MISSING_CENTRAL: SR1E2Mu/Central/jets/4/pz in Skim_TriLep_DYJets10to50.root
2026-06-12 14:01:57,931 - INFO - [2016postVFP] MISSING_CENTRAL: SR1E2Mu/Central/jets/4/pz in Skim_TriLep_WWG.root
2026-06-12 14:22:41,534 - INFO - [2016postVFP] MISSING_CENTRAL: SR1E2Mu/Central/jets/4/pz in Skim_TriLep_DYJets10to50.root
2026-06-12 14:22:41,559 - INFO - [2016postVFP] MISSING_CENTRAL: SR1E2Mu/Central/jets/4/pz in Skim_TriLep_WWG.root
2026-06-18 00:13:13,134 - INFO - [2016postVFP] MISSING_CENTRAL: SR1E2Mu/Central/jets/4/pz in Skim_TriLep_DYJets10to50.root
2026-06-18 00:13:13,159 - INFO - [2016postVFP] MISSING_CENTRAL: SR1E2Mu/Central/jets/4/pz in Skim_TriLep_WWG.root
2026-06-18 00:16:51,399 - INFO - [2016postVFP] MISSING_CENTRAL: SR1E2Mu/Central/jets/4/pz in Skim_TriLep_DYJets10to50.root
2026-06-18 00:16:51,427 - INFO - [2016postVFP] MISSING_CENTRAL: SR1E2Mu/Central/jets/4/pz in Skim_TriLep_WWG.root
2026-07-01 17:31:11,469 - INFO - [2016postVFP] MISSING_CENTRAL: SR1E2Mu/Central/jets/4/pz in Skim_TriLep_DYJets10to50.root
2026-07-01 17:31:11,511 - INFO - [2016postVFP] MISSING_CENTRAL: SR1E2Mu/Central/jets/4/pz in Skim_TriLep_WWG.root
