2025-09-24 15:55:12,156 - INFO - [2022] MISSING_CENTRAL: WZ1E2Mu/Central/muons/2/phi in Skim_TriLep_DYJets.root
2025-09-24 15:55:12,156 - INFO - [2022] MISSING_CENTRAL: WZ1E2Mu/Central/muons/2/phi in Skim_TriLep_DYJets10to50.root
2025-09-24 15:55:12,156 - INFO - [2022] MISSING_CENTRAL: WZ1E2Mu/Central/muons/2/phi in Skim_TriLep_DYGTo2LG_MLL4to50_PTG10to100.root
2025-09-24 15:55:12,157 - INFO - [2022] MISSING_CENTRAL: WZ1E2Mu/Central/muons/2/phi in Skim_TriLep_DYGTo2LG_MLL4to50_PTG100to200.root
2025-09-24 15:55:12,157 - INFO - [2022] MISSING_CENTRAL: WZ1E2Mu/Central/muons/2/phi in Skim_TriLep_DYGTo2LG_MLL4to50_PTG200toInf.root
2025-09-24 15:55:22,848 - INFO - [2022] MISSING_CENTRAL: WZ1E2Mu/Central/muons/2/phi in Skim_TriLep_DYJets.root
2025-09-24 15:55:22,848 - INFO - [2022] MISSING_CENTRAL: WZ1E2Mu/Central/muons/2/phi in Skim_TriLep_DYJets10to50.root
2025-09-24 15:55:22,849 - INFO - [2022] MISSING_CENTRAL: WZ1E2Mu/Central/muons/2/phi in Skim_TriLep_DYGTo2LG_MLL4to50_PTG10to100.root
2025-09-24 15:55:22,849 - INFO - [2022] MISSING_CENTRAL: WZ1E2Mu/Central/muons/2/phi in Skim_TriLep_DYGTo2LG_MLL4to50_PTG100to200.root
2025-09-24 15:55:22,849 - INFO - [2022] MISSING_CENTRAL: WZ1E2Mu/Central/muons/2/phi in Skim_TriLep_DYGTo2LG_MLL4to50_PTG200toInf.root
2025-09-24 15:55:22,856 - INFO - [2022] MISSING_FILE: /Users/choij/Sync/workspace/ChargedHiggsAnalysisV3/SKNanoOutput/CRPromptSelector/Run1E2Mu_RunNoWZSF_RunSyst/2022/Skim_TriLep_ZZTo4L_powheg.root
2025-09-24 15:55:22,858 - INFO - [2022] MISSING_FILE: /Users/choij/Sync/workspace/ChargedHiggsAnalysisV3/SKNanoOutput/CRPromptSelector/Run1E2Mu_RunNoWZSF_RunSyst/2022/Skim_TriLep_VBFHToZZTo4L.root
2025-09-24 15:55:22,858 - INFO - [2022] MISSING_FILE: /Users/choij/Sync/workspace/ChargedHiggsAnalysisV3/SKNanoOutput/CRPromptSelector/Run1E2Mu_RunNoWZSF_RunSyst/2022/Skim_TriLep_ggHToZZTo4L.root
2025-10-02 21:16:50,777 - INFO - [2022] MISSING_CENTRAL: WZ1E2Mu/Central/muons/2/phi in Skim_TriLep_DYJets.root
2025-10-02 21:16:50,778 - INFO - [2022] MISSING_CENTRAL: WZ1E2Mu/Central/muons/2/phi in Skim_TriLep_DYJets10to50.root
2025-10-02 21:16:50,779 - INFO - [2022] MISSING_CENTRAL: WZ1E2Mu/Central/muons/2/phi in Skim_TriLep_DYGTo2LG_MLL4to50_PTG10to100.root
2025-10-02 21:16:50,780 - INFO - [2022] MISSING_CENTRAL: WZ1E2Mu/Central/muons/2/phi in Skim_TriLep_DYGTo2LG_MLL4to50_PTG100to200.root
2025-10-02 21:16:50,782 - INFO - [2022] MISSING_CENTRAL: WZ1E2Mu/Central/muons/2/phi in Skim_TriLep_DYGTo2LG_MLL4to50_PTG200toInf.root
2025-10-02 21:16:57,387 - INFO - [2022] MISSING_CENTRAL: WZ1E2Mu/Central/muons/2/phi in Skim_TriLep_DYJets.root
2025-10-02 21:16:57,388 - INFO - [2022] MISSING_CENTRAL: WZ1E2Mu/Central/muons/2/phi in Skim_TriLep_DYJets10to50.root
2025-10-02 21:16:57,389 - INFO - [2022] MISSING_CENTRAL: WZ1E2Mu/Central/muons/2/phi in Skim_TriLep_DYGTo2LG_MLL4to50_PTG10to100.root
2025-10-02 21:16:57,390 - INFO - [2022] MISSING_CENTRAL: WZ1E2Mu/Central/muons/2/phi in Skim_TriLep_DYGTo2LG_MLL4to50_PTG100to200.root
2025-10-02 21:16:57,391 - INFO - [2022] MISSING_CENTRAL: WZ1E2Mu/Central/muons/2/phi in Skim_TriLep_DYGTo2LG_MLL4to50_PTG200toInf.root
2025-10-02 21:16:57,405 - INFO - [2022] MISSING_FILE: /data9/Users/choij/Sync/workspace/ChargedHiggsAnalysisV3/SKNanoOutput/CRPromptSelector/Run1E2Mu_RunNoWZSF_RunSyst/2022/Skim_TriLep_ZZTo4L_powheg.root
2025-10-02 21:16:57,413 - INFO - [2022] MISSING_FILE: /data9/Users/choij/Sync/workspace/ChargedHiggsAnalysisV3/SKNanoOutput/CRPromptSelector/Run1E2Mu_RunNoWZSF_RunSyst/2022/Skim_TriLep_VBFHToZZTo4L.root
2025-10-02 21:16:57,414 - INFO - [2022] MISSING_FILE: /data9/Users/choij/Sync/workspace/ChargedHiggsAnalysisV3/SKNanoOutput/CRPromptSelector/Run1E2Mu_RunNoWZSF_RunSyst/2022/Skim_TriLep_ggHToZZTo4L.root
2025-10-03 00:23:13,517 - INFO - [2022] MISSING_CENTRAL: WZ1E2Mu/Central/muons/2/phi in Skim_TriLep_DYJets.root
2025-10-03 00:23:13,517 - INFO - [2022] MISSING_CENTRAL: WZ1E2Mu/Central/muons/2/phi in Skim_TriLep_DYJets10to50.root
2025-10-03 00:23:13,517 - INFO - [2022] MISSING_CENTRAL: WZ1E2Mu/Central/muons/2/phi in Skim_TriLep_DYGTo2LG_MLL4to50_PTG10to100.root
2025-10-03 00:23:13,518 - INFO - [2022] MISSING_CENTRAL: WZ1E2Mu/Central/muons/2/phi in Skim_TriLep_DYGTo2LG_MLL4to50_PTG100to200.root
2025-10-03 00:23:13,518 - INFO - [2022] MISSING_CENTRAL: WZ1E2Mu/Central/muons/2/phi in Skim_TriLep_DYGTo2LG_MLL4to50_PTG200toInf.root
2025-10-03 00:23:22,000 - INFO - [2022] MISSING_CENTRAL: WZ1E2Mu/Central/muons/2/phi in Skim_TriLep_DYJets.root
2025-10-03 00:23:22,000 - INFO - [2022] MISSING_CENTRAL: WZ1E2Mu/Central/muons/2/phi in Skim_TriLep_DYJets10to50.root
2025-10-03 00:23:22,001 - INFO - [2022] MISSING_CENTRAL: WZ1E2Mu/Central/muons/2/phi in Skim_TriLep_DYGTo2LG_MLL4to50_PTG10to100.root
2025-10-03 00:23:22,001 - INFO - [2022] MISSING_CENTRAL: WZ1E2Mu/Central/muons/2/phi in Skim_TriLep_DYGTo2LG_MLL4to50_PTG100to200.root
2025-10-03 00:23:22,001 - INFO - [2022] MISSING_CENTRAL: WZ1E2Mu/Central/muons/2/phi in Skim_TriLep_DYGTo2LG_MLL4to50_PTG200toInf.root
2025-10-03 00:23:22,006 - INFO - [2022] MISSING_FILE: /Users/choij/Sync/workspace/ChargedHiggsAnalysisV3/SKNanoOutput/CRPromptSelector/Run1E2Mu_RunNoWZSF_RunSyst/2022/Skim_TriLep_ZZTo4L_powheg.root
2025-10-03 00:23:22,008 - INFO - [2022] MISSING_FILE: /Users/choij/Sync/workspace/ChargedHiggsAnalysisV3/SKNanoOutput/CRPromptSelector/Run1E2Mu_RunNoWZSF_RunSyst/2022/Skim_TriLep_VBFHToZZTo4L.root
2025-10-03 00:23:22,008 - INFO - [2022] MISSING_FILE: /Users/choij/Sync/workspace/ChargedHiggsAnalysisV3/SKNanoOutput/CRPromptSelector/Run1E2Mu_RunNoWZSF_RunSyst/2022/Skim_TriLep_ggHToZZTo4L.root
2025-11-07 13:09:14,554 - INFO - [2022] MISSING_CENTRAL: WZ1E2Mu/Central/muons/2/phi in Skim_TriLep_DYJets.root
2025-11-07 13:09:14,555 - INFO - [2022] MISSING_CENTRAL: WZ1E2Mu/Central/muons/2/phi in Skim_TriLep_DYJets10to50.root
2025-11-07 13:09:14,556 - INFO - [2022] MISSING_CENTRAL: WZ1E2Mu/Central/muons/2/phi in Skim_TriLep_DYGTo2LG_MLL4to50_PTG10to100.root
2025-11-07 13:09:14,556 - INFO - [2022] MISSING_CENTRAL: WZ1E2Mu/Central/muons/2/phi in Skim_TriLep_DYGTo2LG_MLL4to50_PTG100to200.root
2025-11-07 13:09:14,557 - INFO - [2022] MISSING_CENTRAL: WZ1E2Mu/Central/muons/2/phi in Skim_TriLep_DYGTo2LG_MLL4to50_PTG200toInf.root
2025-11-07 13:09:19,555 - INFO - [2022] MISSING_CENTRAL: WZ1E2Mu/Central/muons/2/phi in Skim_TriLep_DYJets.root
2025-11-07 13:09:19,558 - INFO - [2022] MISSING_CENTRAL: WZ1E2Mu/Central/muons/2/phi in Skim_TriLep_DYJets10to50.root
2025-11-07 13:09:19,559 - INFO - [2022] MISSING_CENTRAL: WZ1E2Mu/Central/muons/2/phi in Skim_TriLep_DYGTo2LG_MLL4to50_PTG10to100.root
2025-11-07 13:09:19,560 - INFO - [2022] MISSING_CENTRAL: WZ1E2Mu/Central/muons/2/phi in Skim_TriLep_DYGTo2LG_MLL4to50_PTG100to200.root
2025-11-07 13:09:19,561 - INFO - [2022] MISSING_CENTRAL: WZ1E2Mu/Central/muons/2/phi in Skim_TriLep_DYGTo2LG_MLL4to50_PTG200toInf.root
2025-11-07 13:09:19,572 - INFO - [2022] MISSING_FILE: /home/choij/Sync/workspace/ChargedHiggsAnalysisV3/SKNanoOutput/CRPromptSelector/Run1E2Mu_RunNoWZSF_RunSyst/2022/Skim_TriLep_ZZTo4L_powheg.root
2025-11-07 13:09:19,580 - INFO - [2022] MISSING_FILE: /home/choij/Sync/workspace/ChargedHiggsAnalysisV3/SKNanoOutput/CRPromptSelector/Run1E2Mu_RunNoWZSF_RunSyst/2022/Skim_TriLep_VBFHToZZTo4L.root
2025-11-07 13:09:19,580 - INFO - [2022] MISSING_FILE: /home/choij/Sync/workspace/ChargedHiggsAnalysisV3/SKNanoOutput/CRPromptSelector/Run1E2Mu_RunNoWZSF_RunSyst/2022/Skim_TriLep_ggHToZZTo4L.root
2025-11-07 14:06:55,760 - INFO - [2022] MISSING_CENTRAL: WZ1E2Mu/Central/muons/2/phi in Skim_TriLep_DYJets.root
2025-11-07 14:06:55,760 - INFO - [2022] MISSING_CENTRAL: WZ1E2Mu/Central/muons/2/phi in Skim_TriLep_DYJets10to50.root
2025-11-07 14:06:55,761 - INFO - [2022] MISSING_CENTRAL: WZ1E2Mu/Central/muons/2/phi in Skim_TriLep_DYGTo2LG_MLL4to50_PTG10to100.root
2025-11-07 14:06:55,761 - INFO - [2022] MISSING_CENTRAL: WZ1E2Mu/Central/muons/2/phi in Skim_TriLep_DYGTo2LG_MLL4to50_PTG100to200.root
2025-11-07 14:06:55,762 - INFO - [2022] MISSING_CENTRAL: WZ1E2Mu/Central/muons/2/phi in Skim_TriLep_DYGTo2LG_MLL4to50_PTG200toInf.root
2025-11-07 14:07:00,667 - INFO - [2022] MISSING_CENTRAL: WZ1E2Mu/Central/muons/2/phi in Skim_TriLep_DYJets.root
2025-11-07 14:07:00,668 - INFO - [2022] MISSING_CENTRAL: WZ1E2Mu/Central/muons/2/phi in Skim_TriLep_DYJets10to50.root
2025-11-07 14:07:00,668 - INFO - [2022] MISSING_CENTRAL: WZ1E2Mu/Central/muons/2/phi in Skim_TriLep_DYGTo2LG_MLL4to50_PTG10to100.root
2025-11-07 14:07:00,669 - INFO - [2022] MISSING_CENTRAL: WZ1E2Mu/Central/muons/2/phi in Skim_TriLep_DYGTo2LG_MLL4to50_PTG100to200.root
2025-11-07 14:07:00,670 - INFO - [2022] MISSING_CENTRAL: WZ1E2Mu/Central/muons/2/phi in Skim_TriLep_DYGTo2LG_MLL4to50_PTG200toInf.root
2025-11-07 14:07:00,676 - INFO - [2022] MISSING_FILE: /home/choij/Sync/workspace/ChargedHiggsAnalysisV3/SKNanoOutput/CRPromptSelector/Run1E2Mu_RunNoWZSF_RunSyst/2022/Skim_TriLep_ZZTo4L_powheg.root
2025-11-07 14:07:00,680 - INFO - [2022] MISSING_FILE: /home/choij/Sync/workspace/ChargedHiggsAnalysisV3/SKNanoOutput/CRPromptSelector/Run1E2Mu_RunNoWZSF_RunSyst/2022/Skim_TriLep_VBFHToZZTo4L.root
2025-11-07 14:07:00,680 - INFO - [2022] MISSING_FILE: /home/choij/Sync/workspace/ChargedHiggsAnalysisV3/SKNanoOutput/CRPromptSelector/Run1E2Mu_RunNoWZSF_RunSyst/2022/Skim_TriLep_ggHToZZTo4L.root
2025-11-10 12:22:08,099 - INFO - [2022] MISSING_CENTRAL: WZ1E2Mu/Central/muons/2/phi in Skim_TriLep_DYJets.root
2025-11-10 12:22:08,100 - INFO - [2022] MISSING_CENTRAL: WZ1E2Mu/Central/muons/2/phi in Skim_TriLep_DYJets10to50.root
2025-11-10 12:22:08,101 - INFO - [2022] MISSING_CENTRAL: WZ1E2Mu/Central/muons/2/phi in Skim_TriLep_DYGTo2LG_MLL4to50_PTG10to100.root
2025-11-10 12:22:08,101 - INFO - [2022] MISSING_CENTRAL: WZ1E2Mu/Central/muons/2/phi in Skim_TriLep_DYGTo2LG_MLL4to50_PTG100to200.root
2025-11-10 12:22:08,102 - INFO - [2022] MISSING_CENTRAL: WZ1E2Mu/Central/muons/2/phi in Skim_TriLep_DYGTo2LG_MLL4to50_PTG200toInf.root
2025-11-10 12:22:13,146 - INFO - [2022] MISSING_CENTRAL: WZ1E2Mu/Central/muons/2/phi in Skim_TriLep_DYJets.root
2025-11-10 12:22:13,146 - INFO - [2022] MISSING_CENTRAL: WZ1E2Mu/Central/muons/2/phi in Skim_TriLep_DYJets10to50.root
2025-11-10 12:22:13,147 - INFO - [2022] MISSING_CENTRAL: WZ1E2Mu/Central/muons/2/phi in Skim_TriLep_DYGTo2LG_MLL4to50_PTG10to100.root
2025-11-10 12:22:13,147 - INFO - [2022] MISSING_CENTRAL: WZ1E2Mu/Central/muons/2/phi in Skim_TriLep_DYGTo2LG_MLL4to50_PTG100to200.root
2025-11-10 12:22:13,148 - INFO - [2022] MISSING_CENTRAL: WZ1E2Mu/Central/muons/2/phi in Skim_TriLep_DYGTo2LG_MLL4to50_PTG200toInf.root
2025-11-10 12:22:13,156 - INFO - [2022] MISSING_FILE: /home/choij/Sync/workspace/ChargedHiggsAnalysisV3/SKNanoOutput/CRPromptSelector/Run1E2Mu_RunNoWZSF_RunSyst/2022/Skim_TriLep_ZZTo4L_powheg.root
2025-11-10 12:22:13,160 - INFO - [2022] MISSING_FILE: /home/choij/Sync/workspace/ChargedHiggsAnalysisV3/SKNanoOutput/CRPromptSelector/Run1E2Mu_RunNoWZSF_RunSyst/2022/Skim_TriLep_VBFHToZZTo4L.root
2025-11-10 12:22:13,160 - INFO - [2022] MISSING_FILE: /home/choij/Sync/workspace/ChargedHiggsAnalysisV3/SKNanoOutput/CRPromptSelector/Run1E2Mu_RunNoWZSF_RunSyst/2022/Skim_TriLep_ggHToZZTo4L.root
2025-11-13 11:11:44,908 - INFO - [2022] MISSING_CENTRAL: WZ1E2Mu/Central/muons/2/phi in Skim_TriLep_DYJets.root
2025-11-13 11:11:44,909 - INFO - [2022] MISSING_CENTRAL: WZ1E2Mu/Central/muons/2/phi in Skim_TriLep_DYJets10to50.root
2025-11-13 11:11:44,911 - INFO - [2022] MISSING_CENTRAL: WZ1E2Mu/Central/muons/2/phi in Skim_TriLep_DYGTo2LG_MLL4to50_PTG10to100.root
2025-11-13 11:11:44,912 - INFO - [2022] MISSING_CENTRAL: WZ1E2Mu/Central/muons/2/phi in Skim_TriLep_DYGTo2LG_MLL4to50_PTG100to200.root
2025-11-13 11:11:44,913 - INFO - [2022] MISSING_CENTRAL: WZ1E2Mu/Central/muons/2/phi in Skim_TriLep_DYGTo2LG_MLL4to50_PTG200toInf.root
2025-11-13 11:11:50,890 - INFO - [2022] MISSING_CENTRAL: WZ1E2Mu/Central/muons/2/phi in Skim_TriLep_DYJets.root
2025-11-13 11:11:50,891 - INFO - [2022] MISSING_CENTRAL: WZ1E2Mu/Central/muons/2/phi in Skim_TriLep_DYJets10to50.root
2025-11-13 11:11:50,892 - INFO - [2022] MISSING_CENTRAL: WZ1E2Mu/Central/muons/2/phi in Skim_TriLep_DYGTo2LG_MLL4to50_PTG10to100.root
2025-11-13 11:11:50,894 - INFO - [2022] MISSING_CENTRAL: WZ1E2Mu/Central/muons/2/phi in Skim_TriLep_DYGTo2LG_MLL4to50_PTG100to200.root
2025-11-13 11:11:50,895 - INFO - [2022] MISSING_CENTRAL: WZ1E2Mu/Central/muons/2/phi in Skim_TriLep_DYGTo2LG_MLL4to50_PTG200toInf.root
2025-11-13 11:11:50,910 - INFO - [2022] MISSING_FILE: /data9/Users/choij/Sync/workspace/ChargedHiggsAnalysisV3/SKNanoOutput/CRPromptSelector/Run1E2Mu_RunNoWZSF_RunSyst/2022/Skim_TriLep_ZZTo4L_powheg.root
2025-11-13 11:11:50,920 - INFO - [2022] MISSING_FILE: /data9/Users/choij/Sync/workspace/ChargedHiggsAnalysisV3/SKNanoOutput/CRPromptSelector/Run1E2Mu_RunNoWZSF_RunSyst/2022/Skim_TriLep_VBFHToZZTo4L.root
2025-11-13 11:11:50,920 - INFO - [2022] MISSING_FILE: /data9/Users/choij/Sync/workspace/ChargedHiggsAnalysisV3/SKNanoOutput/CRPromptSelector/Run1E2Mu_RunNoWZSF_RunSyst/2022/Skim_TriLep_ggHToZZTo4L.root
2025-11-19 00:18:08,989 - INFO - [2022] MISSING_CENTRAL: WZ1E2Mu/Central/muons/2/phi in Skim_TriLep_DYJets.root
2025-11-19 00:18:08,989 - INFO - [2022] MISSING_CENTRAL: WZ1E2Mu/Central/muons/2/phi in Skim_TriLep_DYJets10to50.root
2025-11-19 00:18:08,990 - INFO - [2022] MISSING_CENTRAL: WZ1E2Mu/Central/muons/2/phi in Skim_TriLep_DYGTo2LG_MLL4to50_PTG10to100.root
2025-11-19 00:18:08,991 - INFO - [2022] MISSING_CENTRAL: WZ1E2Mu/Central/muons/2/phi in Skim_TriLep_DYGTo2LG_MLL4to50_PTG100to200.root
2025-11-19 00:18:08,991 - INFO - [2022] MISSING_CENTRAL: WZ1E2Mu/Central/muons/2/phi in Skim_TriLep_DYGTo2LG_MLL4to50_PTG200toInf.root
2025-11-19 00:18:15,220 - INFO - [2022] MISSING_CENTRAL: WZ1E2Mu/Central/muons/2/phi in Skim_TriLep_DYJets.root
2025-11-19 00:18:15,221 - INFO - [2022] MISSING_CENTRAL: WZ1E2Mu/Central/muons/2/phi in Skim_TriLep_DYJets10to50.root
2025-11-19 00:18:15,222 - INFO - [2022] MISSING_CENTRAL: WZ1E2Mu/Central/muons/2/phi in Skim_TriLep_DYGTo2LG_MLL4to50_PTG10to100.root
2025-11-19 00:18:15,222 - INFO - [2022] MISSING_CENTRAL: WZ1E2Mu/Central/muons/2/phi in Skim_TriLep_DYGTo2LG_MLL4to50_PTG100to200.root
2025-11-19 00:18:15,223 - INFO - [2022] MISSING_CENTRAL: WZ1E2Mu/Central/muons/2/phi in Skim_TriLep_DYGTo2LG_MLL4to50_PTG200toInf.root
2025-11-19 00:18:15,230 - INFO - [2022] MISSING_FILE: /data9/Users/choij/Sync/workspace/ChargedHiggsAnalysisV3/SKNanoOutput/CRPromptSelector/Run1E2Mu_RunNoWZSF_RunSyst/2022/Skim_TriLep_ZZTo4L_powheg.root
2025-11-19 00:18:15,235 - INFO - [2022] MISSING_FILE: /data9/Users/choij/Sync/workspace/ChargedHiggsAnalysisV3/SKNanoOutput/CRPromptSelector/Run1E2Mu_RunNoWZSF_RunSyst/2022/Skim_TriLep_VBFHToZZTo4L.root
2025-11-19 00:18:15,235 - INFO - [2022] MISSING_FILE: /data9/Users/choij/Sync/workspace/ChargedHiggsAnalysisV3/SKNanoOutput/CRPromptSelector/Run1E2Mu_RunNoWZSF_RunSyst/2022/Skim_TriLep_ggHToZZTo4L.root
2025-11-19 15:43:20,871 - INFO - [2022] MISSING_CENTRAL: WZ1E2Mu/Central/muons/2/phi in Skim_TriLep_DYJets.root
2025-11-19 15:43:20,871 - INFO - [2022] MISSING_CENTRAL: WZ1E2Mu/Central/muons/2/phi in Skim_TriLep_DYJets10to50.root
2025-11-19 15:43:20,872 - INFO - [2022] MISSING_CENTRAL: WZ1E2Mu/Central/muons/2/phi in Skim_TriLep_DYGTo2LG_MLL4to50_PTG10to100.root
2025-11-19 15:43:20,872 - INFO - [2022] MISSING_CENTRAL: WZ1E2Mu/Central/muons/2/phi in Skim_TriLep_DYGTo2LG_MLL4to50_PTG100to200.root
2025-11-19 15:43:20,873 - INFO - [2022] MISSING_CENTRAL: WZ1E2Mu/Central/muons/2/phi in Skim_TriLep_DYGTo2LG_MLL4to50_PTG200toInf.root
2025-11-19 15:43:25,954 - INFO - [2022] MISSING_CENTRAL: WZ1E2Mu/Central/muons/2/phi in Skim_TriLep_DYJets.root
2025-11-19 15:43:25,954 - INFO - [2022] MISSING_CENTRAL: WZ1E2Mu/Central/muons/2/phi in Skim_TriLep_DYJets10to50.root
2025-11-19 15:43:25,954 - INFO - [2022] MISSING_CENTRAL: WZ1E2Mu/Central/muons/2/phi in Skim_TriLep_DYGTo2LG_MLL4to50_PTG10to100.root
2025-11-19 15:43:25,955 - INFO - [2022] MISSING_CENTRAL: WZ1E2Mu/Central/muons/2/phi in Skim_TriLep_DYGTo2LG_MLL4to50_PTG100to200.root
2025-11-19 15:43:25,955 - INFO - [2022] MISSING_CENTRAL: WZ1E2Mu/Central/muons/2/phi in Skim_TriLep_DYGTo2LG_MLL4to50_PTG200toInf.root
2025-11-19 15:43:25,962 - INFO - [2022] MISSING_FILE: /home/choij/Sync/workspace/ChargedHiggsAnalysisV3/SKNanoOutput/CRPromptSelector/Run1E2Mu_RunNoWZSF_RunSyst/2022/Skim_TriLep_ZZTo4L_powheg.root
2025-11-19 15:43:25,966 - INFO - [2022] MISSING_FILE: /home/choij/Sync/workspace/ChargedHiggsAnalysisV3/SKNanoOutput/CRPromptSelector/Run1E2Mu_RunNoWZSF_RunSyst/2022/Skim_TriLep_VBFHToZZTo4L.root
2025-11-19 15:43:25,966 - INFO - [2022] MISSING_FILE: /home/choij/Sync/workspace/ChargedHiggsAnalysisV3/SKNanoOutput/CRPromptSelector/Run1E2Mu_RunNoWZSF_RunSyst/2022/Skim_TriLep_ggHToZZTo4L.root
2025-11-19 16:24:31,386 - INFO - [2022] MISSING_CENTRAL: WZ1E2Mu/Central/muons/2/phi in Skim_TriLep_DYJets.root
2025-11-19 16:24:31,387 - INFO - [2022] MISSING_CENTRAL: WZ1E2Mu/Central/muons/2/phi in Skim_TriLep_DYJets10to50.root
2025-11-19 16:24:31,387 - INFO - [2022] MISSING_CENTRAL: WZ1E2Mu/Central/muons/2/phi in Skim_TriLep_DYGTo2LG_MLL4to50_PTG10to100.root
2025-11-19 16:24:31,388 - INFO - [2022] MISSING_CENTRAL: WZ1E2Mu/Central/muons/2/phi in Skim_TriLep_DYGTo2LG_MLL4to50_PTG100to200.root
2025-11-19 16:24:31,388 - INFO - [2022] MISSING_CENTRAL: WZ1E2Mu/Central/muons/2/phi in Skim_TriLep_DYGTo2LG_MLL4to50_PTG200toInf.root
2025-11-19 16:24:36,392 - INFO - [2022] MISSING_CENTRAL: WZ1E2Mu/Central/muons/2/phi in Skim_TriLep_DYJets.root
2025-11-19 16:24:36,392 - INFO - [2022] MISSING_CENTRAL: WZ1E2Mu/Central/muons/2/phi in Skim_TriLep_DYJets10to50.root
2025-11-19 16:24:36,393 - INFO - [2022] MISSING_CENTRAL: WZ1E2Mu/Central/muons/2/phi in Skim_TriLep_DYGTo2LG_MLL4to50_PTG10to100.root
2025-11-19 16:24:36,394 - INFO - [2022] MISSING_CENTRAL: WZ1E2Mu/Central/muons/2/phi in Skim_TriLep_DYGTo2LG_MLL4to50_PTG100to200.root
2025-11-19 16:24:36,394 - INFO - [2022] MISSING_CENTRAL: WZ1E2Mu/Central/muons/2/phi in Skim_TriLep_DYGTo2LG_MLL4to50_PTG200toInf.root
2025-11-19 16:24:36,401 - INFO - [2022] MISSING_FILE: /home/choij/Sync/workspace/ChargedHiggsAnalysisV3/SKNanoOutput/CRPromptSelector/Run1E2Mu_RunNoWZSF_RunSyst/2022/Skim_TriLep_ZZTo4L_powheg.root
2025-11-19 16:24:36,404 - INFO - [2022] MISSING_FILE: /home/choij/Sync/workspace/ChargedHiggsAnalysisV3/SKNanoOutput/CRPromptSelector/Run1E2Mu_RunNoWZSF_RunSyst/2022/Skim_TriLep_VBFHToZZTo4L.root
2025-11-19 16:24:36,405 - INFO - [2022] MISSING_FILE: /home/choij/Sync/workspace/ChargedHiggsAnalysisV3/SKNanoOutput/CRPromptSelector/Run1E2Mu_RunNoWZSF_RunSyst/2022/Skim_TriLep_ggHToZZTo4L.root
2025-12-17 12:26:35,916 - INFO - [2022] MISSING_CENTRAL: WZ1E2Mu/Central/muons/2/phi in Skim_TriLep_DYJets10to50.root
2025-12-17 12:26:41,067 - INFO - [2022] MISSING_CENTRAL: WZ1E2Mu/Central/muons/2/phi in Skim_TriLep_DYJets10to50.root
2025-12-17 12:26:41,075 - INFO - [2022] MISSING_FILE: /data9/Users/choij/Sync/workspace/ChargedHiggsAnalysisV3/SKNanoOutput/CRPromptSelector/Run1E2Mu_RunNoWZSF_RunSyst/2022/Skim_TriLep_ZZTo4L_powheg.root
2025-12-17 12:26:41,082 - INFO - [2022] MISSING_FILE: /data9/Users/choij/Sync/workspace/ChargedHiggsAnalysisV3/SKNanoOutput/CRPromptSelector/Run1E2Mu_RunNoWZSF_RunSyst/2022/Skim_TriLep_VBFHToZZTo4L.root
2025-12-17 12:26:41,082 - INFO - [2022] MISSING_FILE: /data9/Users/choij/Sync/workspace/ChargedHiggsAnalysisV3/SKNanoOutput/CRPromptSelector/Run1E2Mu_RunNoWZSF_RunSyst/2022/Skim_TriLep_ggHToZZTo4L.root
2025-12-17 16:08:18,167 - INFO - [2022] MISSING_CENTRAL: WZ1E2Mu/Central/muons/2/phi in Skim_TriLep_DYJets10to50.root
2025-12-17 16:08:22,620 - INFO - [2022] MISSING_CENTRAL: WZ1E2Mu/Central/muons/2/phi in Skim_TriLep_DYJets10to50.root
2025-12-17 16:08:22,627 - INFO - [2022] MISSING_FILE: /data9/Users/choij/Sync/workspace/ChargedHiggsAnalysisV3/SKNanoOutput/CRPromptSelector/Run1E2Mu_RunNoWZSF_RunSyst/2022/Skim_TriLep_WZTo3LNu_powheg.root
2025-12-17 16:08:22,627 - INFO - [2022] MISSING_FILE: /data9/Users/choij/Sync/workspace/ChargedHiggsAnalysisV3/SKNanoOutput/CRPromptSelector/Run1E2Mu_RunNoWZSF_RunSyst/2022/Skim_TriLep_ZZTo4L_powheg.root
2025-12-17 16:08:22,635 - INFO - [2022] MISSING_FILE: /data9/Users/choij/Sync/workspace/ChargedHiggsAnalysisV3/SKNanoOutput/CRPromptSelector/Run1E2Mu_RunNoWZSF_RunSyst/2022/Skim_TriLep_VBFHToZZTo4L.root
2025-12-17 16:08:22,635 - INFO - [2022] MISSING_FILE: /data9/Users/choij/Sync/workspace/ChargedHiggsAnalysisV3/SKNanoOutput/CRPromptSelector/Run1E2Mu_RunNoWZSF_RunSyst/2022/Skim_TriLep_ggHToZZTo4L.root
2025-12-17 22:39:00,770 - INFO - [2022] MISSING_CENTRAL: WZ1E2Mu/Central/muons/2/phi in Skim_TriLep_DYJets10to50.root
2025-12-17 22:39:06,765 - INFO - [2022] MISSING_CENTRAL: WZ1E2Mu/Central/muons/2/phi in Skim_TriLep_DYJets10to50.root
2025-12-17 22:39:06,772 - INFO - [2022] MISSING_FILE: /data9/Users/choij/Sync/workspace/ChargedHiggsAnalysisV3/SKNanoOutput/CRPromptSelector/Run1E2Mu_RunNoWZSF_RunSyst/2022/Skim_TriLep_WZTo3LNu_powheg.root
2025-12-17 22:39:06,773 - INFO - [2022] MISSING_FILE: /data9/Users/choij/Sync/workspace/ChargedHiggsAnalysisV3/SKNanoOutput/CRPromptSelector/Run1E2Mu_RunNoWZSF_RunSyst/2022/Skim_TriLep_ZZTo4L_powheg.root
2025-12-17 22:39:06,779 - INFO - [2022] MISSING_FILE: /data9/Users/choij/Sync/workspace/ChargedHiggsAnalysisV3/SKNanoOutput/CRPromptSelector/Run1E2Mu_RunNoWZSF_RunSyst/2022/Skim_TriLep_VBFHToZZTo4L.root
2025-12-17 22:39:06,779 - INFO - [2022] MISSING_FILE: /data9/Users/choij/Sync/workspace/ChargedHiggsAnalysisV3/SKNanoOutput/CRPromptSelector/Run1E2Mu_RunNoWZSF_RunSyst/2022/Skim_TriLep_ggHToZZTo4L.root
2025-12-18 14:23:47,831 - INFO - [2022] MISSING_CENTRAL: WZ1E2Mu/Central/muons/2/phi in Skim_TriLep_DYJets10to50.root
2025-12-18 14:23:52,847 - INFO - [2022] MISSING_CENTRAL: WZ1E2Mu/Central/muons/2/phi in Skim_TriLep_DYJets10to50.root
2025-12-18 14:23:52,857 - INFO - [2022] MISSING_FILE: /data9/Users/choij/Sync/workspace/ChargedHiggsAnalysisV3/SKNanoOutput/CRPromptSelector/Run1E2Mu_RunNoWZSF_RunSyst/2022/Skim_TriLep_WZTo3LNu_powheg.root
2025-12-18 14:23:52,858 - INFO - [2022] MISSING_FILE: /data9/Users/choij/Sync/workspace/ChargedHiggsAnalysisV3/SKNanoOutput/CRPromptSelector/Run1E2Mu_RunNoWZSF_RunSyst/2022/Skim_TriLep_ZZTo4L_powheg.root
2025-12-18 14:23:52,868 - INFO - [2022] MISSING_FILE: /data9/Users/choij/Sync/workspace/ChargedHiggsAnalysisV3/SKNanoOutput/CRPromptSelector/Run1E2Mu_RunNoWZSF_RunSyst/2022/Skim_TriLep_VBFHToZZTo4L.root
2025-12-18 14:23:52,868 - INFO - [2022] MISSING_FILE: /data9/Users/choij/Sync/workspace/ChargedHiggsAnalysisV3/SKNanoOutput/CRPromptSelector/Run1E2Mu_RunNoWZSF_RunSyst/2022/Skim_TriLep_ggHToZZTo4L.root
2025-12-18 14:39:12,602 - INFO - [2022] MISSING_CENTRAL: WZ1E2Mu/Central/muons/2/phi in Skim_TriLep_DYJets10to50.root
2025-12-18 14:39:17,955 - INFO - [2022] MISSING_CENTRAL: WZ1E2Mu/Central/muons/2/phi in Skim_TriLep_DYJets10to50.root
2025-12-18 14:39:17,961 - INFO - [2022] MISSING_FILE: /data9/Users/choij/Sync/workspace/ChargedHiggsAnalysisV3/SKNanoOutput/CRPromptSelector/Run1E2Mu_RunNoWZSF_RunSyst/2022/Skim_TriLep_WZTo3LNu_powheg.root
2025-12-18 14:39:17,961 - INFO - [2022] MISSING_FILE: /data9/Users/choij/Sync/workspace/ChargedHiggsAnalysisV3/SKNanoOutput/CRPromptSelector/Run1E2Mu_RunNoWZSF_RunSyst/2022/Skim_TriLep_ZZTo4L_powheg.root
2025-12-18 14:39:17,965 - INFO - [2022] MISSING_FILE: /data9/Users/choij/Sync/workspace/ChargedHiggsAnalysisV3/SKNanoOutput/CRPromptSelector/Run1E2Mu_RunNoWZSF_RunSyst/2022/Skim_TriLep_VBFHToZZTo4L.root
2025-12-18 14:39:17,965 - INFO - [2022] MISSING_FILE: /data9/Users/choij/Sync/workspace/ChargedHiggsAnalysisV3/SKNanoOutput/CRPromptSelector/Run1E2Mu_RunNoWZSF_RunSyst/2022/Skim_TriLep_ggHToZZTo4L.root
2025-12-18 22:07:22,413 - INFO - [2022] MISSING_CENTRAL: WZ1E2Mu/Central/muons/2/phi in Skim_TriLep_DYJets10to50.root
2025-12-18 22:07:27,146 - INFO - [2022] MISSING_CENTRAL: WZ1E2Mu/Central/muons/2/phi in Skim_TriLep_DYJets10to50.root
2025-12-18 22:07:27,152 - INFO - [2022] MISSING_FILE: /data9/Users/choij/Sync/workspace/ChargedHiggsAnalysisV3/SKNanoOutput/CRPromptSelector/Run1E2Mu_RunNoWZSF_RunSyst/2022/Skim_TriLep_ZZTo4L_powheg.root
2025-12-18 22:07:27,157 - INFO - [2022] MISSING_FILE: /data9/Users/choij/Sync/workspace/ChargedHiggsAnalysisV3/SKNanoOutput/CRPromptSelector/Run1E2Mu_RunNoWZSF_RunSyst/2022/Skim_TriLep_VBFHToZZTo4L.root
2025-12-18 22:07:27,157 - INFO - [2022] MISSING_FILE: /data9/Users/choij/Sync/workspace/ChargedHiggsAnalysisV3/SKNanoOutput/CRPromptSelector/Run1E2Mu_RunNoWZSF_RunSyst/2022/Skim_TriLep_ggHToZZTo4L.root
2026-01-07 11:48:45,368 - INFO - [2022] MISSING_FILE: /data9/Users/choij/Sync/workspace/ChargedHiggsAnalysisV3/SKNanoOutput/CRPromptSelector/Run1E2Mu/2022/Skim_TriLep_MuonEG_C.root
2026-01-07 11:48:45,368 - INFO - [2022] MISSING_FILE: /data9/Users/choij/Sync/workspace/ChargedHiggsAnalysisV3/SKNanoOutput/CRPromptSelector/Run1E2Mu/2022/Skim_TriLep_MuonEG_D.root
2026-01-07 11:48:50,096 - INFO - [2022] MISSING_FILE: /data9/Users/choij/Sync/workspace/ChargedHiggsAnalysisV3/SKNanoOutput/CRPromptSelector/Run1E2Mu/2022/Skim_TriLep_MuonEG_C.root
2026-01-07 11:48:50,097 - INFO - [2022] MISSING_FILE: /data9/Users/choij/Sync/workspace/ChargedHiggsAnalysisV3/SKNanoOutput/CRPromptSelector/Run1E2Mu/2022/Skim_TriLep_MuonEG_D.root
2026-01-07 18:45:29,779 - INFO - [2022] MISSING_CENTRAL: WZ1E2Mu/Central/muons/2/phi in Skim_TriLep_DYJets10to50.root
2026-01-07 18:45:35,690 - INFO - [2022] MISSING_CENTRAL: WZ1E2Mu/Central/muons/2/phi in Skim_TriLep_DYJets10to50.root
2026-01-07 18:45:35,696 - INFO - [2022] MISSING_FILE: /data9/Users/choij/Sync/workspace/ChargedHiggsAnalysisV3/SKNanoOutput/CRPromptSelector/Run1E2Mu_RunNoWZSF_RunSyst/2022/Skim_TriLep_ZZTo4L_powheg.root
2026-01-07 18:45:35,700 - INFO - [2022] MISSING_FILE: /data9/Users/choij/Sync/workspace/ChargedHiggsAnalysisV3/SKNanoOutput/CRPromptSelector/Run1E2Mu_RunNoWZSF_RunSyst/2022/Skim_TriLep_VBFHToZZTo4L.root
2026-01-07 18:45:35,700 - INFO - [2022] MISSING_FILE: /data9/Users/choij/Sync/workspace/ChargedHiggsAnalysisV3/SKNanoOutput/CRPromptSelector/Run1E2Mu_RunNoWZSF_RunSyst/2022/Skim_TriLep_ggHToZZTo4L.root
2026-01-08 23:11:33,481 - INFO - [2022] MISSING_CENTRAL: WZ1E2Mu/Central/muons/2/phi in Skim_TriLep_DYJets10to50.root
2026-01-08 23:11:38,041 - INFO - [2022] MISSING_CENTRAL: WZ1E2Mu/Central/muons/2/phi in Skim_TriLep_DYJets10to50.root
2026-01-08 23:11:38,050 - INFO - [2022] MISSING_FILE: /data9/Users/choij/Sync/workspace/ChargedHiggsAnalysisV3/SKNanoOutput/CRPromptSelector/Run1E2Mu_RunNoWZSF_RunSyst/2022/Skim_TriLep_ZZTo4L_powheg.root
2026-01-08 23:11:38,056 - INFO - [2022] MISSING_FILE: /data9/Users/choij/Sync/workspace/ChargedHiggsAnalysisV3/SKNanoOutput/CRPromptSelector/Run1E2Mu_RunNoWZSF_RunSyst/2022/Skim_TriLep_VBFHToZZTo4L.root
2026-01-08 23:11:38,056 - INFO - [2022] MISSING_FILE: /data9/Users/choij/Sync/workspace/ChargedHiggsAnalysisV3/SKNanoOutput/CRPromptSelector/Run1E2Mu_RunNoWZSF_RunSyst/2022/Skim_TriLep_ggHToZZTo4L.root
2026-01-09 12:19:45,423 - INFO - [2022] MISSING_CENTRAL: WZ1E2Mu/Central/muons/2/phi in Skim_TriLep_DYJets10to50.root
2026-01-09 12:19:50,368 - INFO - [2022] MISSING_CENTRAL: WZ1E2Mu/Central/muons/2/phi in Skim_TriLep_DYJets10to50.root
2026-01-09 12:19:50,373 - INFO - [2022] MISSING_FILE: /home/choij/Sync/workspace/ChargedHiggsAnalysisV3/SKNanoOutput/CRPromptSelector/Run1E2Mu_RunNoWZSF_RunSyst/2022/Skim_TriLep_ZZTo4L_powheg.root
2026-01-09 12:19:50,377 - INFO - [2022] MISSING_FILE: /home/choij/Sync/workspace/ChargedHiggsAnalysisV3/SKNanoOutput/CRPromptSelector/Run1E2Mu_RunNoWZSF_RunSyst/2022/Skim_TriLep_VBFHToZZTo4L.root
2026-01-09 12:19:50,377 - INFO - [2022] MISSING_FILE: /home/choij/Sync/workspace/ChargedHiggsAnalysisV3/SKNanoOutput/CRPromptSelector/Run1E2Mu_RunNoWZSF_RunSyst/2022/Skim_TriLep_ggHToZZTo4L.root
2026-01-11 09:39:49,014 - INFO - [2022] MISSING_CENTRAL: WZ1E2Mu/Central/muons/2/phi in Skim_TriLep_DYJets10to50.root
2026-01-11 09:39:54,011 - INFO - [2022] MISSING_CENTRAL: WZ1E2Mu/Central/muons/2/phi in Skim_TriLep_DYJets10to50.root
2026-01-11 09:39:54,016 - INFO - [2022] MISSING_FILE: /home/choij/Sync/workspace/ChargedHiggsAnalysisV3/SKNanoOutput/CRPromptSelector/Run1E2Mu_RunNoWZSF_RunSyst/2022/Skim_TriLep_ZZTo4L_powheg.root
2026-01-11 09:39:54,021 - INFO - [2022] MISSING_FILE: /home/choij/Sync/workspace/ChargedHiggsAnalysisV3/SKNanoOutput/CRPromptSelector/Run1E2Mu_RunNoWZSF_RunSyst/2022/Skim_TriLep_VBFHToZZTo4L.root
2026-01-11 09:39:54,021 - INFO - [2022] MISSING_FILE: /home/choij/Sync/workspace/ChargedHiggsAnalysisV3/SKNanoOutput/CRPromptSelector/Run1E2Mu_RunNoWZSF_RunSyst/2022/Skim_TriLep_ggHToZZTo4L.root
2026-01-12 13:48:30,743 - INFO - [2022] MISSING_CENTRAL: WZ1E2Mu/Central/muons/2/phi in Skim_TriLep_DYJets10to50.root
2026-01-12 13:48:35,744 - INFO - [2022] MISSING_CENTRAL: WZ1E2Mu/Central/muons/2/phi in Skim_TriLep_DYJets10to50.root
2026-01-12 13:48:35,749 - INFO - [2022] MISSING_FILE: /home/choij/Sync/workspace/ChargedHiggsAnalysisV3/SKNanoOutput/CRPromptSelector/Run1E2Mu_RunNoWZSF_RunSyst/2022/Skim_TriLep_ZZTo4L_powheg.root
2026-01-12 13:48:35,753 - INFO - [2022] MISSING_FILE: /home/choij/Sync/workspace/ChargedHiggsAnalysisV3/SKNanoOutput/CRPromptSelector/Run1E2Mu_RunNoWZSF_RunSyst/2022/Skim_TriLep_VBFHToZZTo4L.root
2026-01-12 13:48:35,753 - INFO - [2022] MISSING_FILE: /home/choij/Sync/workspace/ChargedHiggsAnalysisV3/SKNanoOutput/CRPromptSelector/Run1E2Mu_RunNoWZSF_RunSyst/2022/Skim_TriLep_ggHToZZTo4L.root
2026-01-16 19:03:31,752 - INFO - [2022] MISSING_CENTRAL: WZ1E2Mu/Central/muons/2/phi in Skim_TriLep_DYJets10to50.root
2026-01-16 19:03:36,696 - INFO - [2022] MISSING_CENTRAL: WZ1E2Mu/Central/muons/2/phi in Skim_TriLep_DYJets10to50.root
2026-01-16 19:03:36,703 - INFO - [2022] MISSING_FILE: /home/choij/Sync/workspace/ChargedHiggsAnalysisV3/SKNanoOutput/CRPromptSelector/Run1E2Mu_RunNoWZSF_RunSyst/2022/Skim_TriLep_ZZTo4L_powheg.root
2026-01-16 19:03:36,707 - INFO - [2022] MISSING_FILE: /home/choij/Sync/workspace/ChargedHiggsAnalysisV3/SKNanoOutput/CRPromptSelector/Run1E2Mu_RunNoWZSF_RunSyst/2022/Skim_TriLep_VBFHToZZTo4L.root
2026-01-16 19:03:36,707 - INFO - [2022] MISSING_FILE: /home/choij/Sync/workspace/ChargedHiggsAnalysisV3/SKNanoOutput/CRPromptSelector/Run1E2Mu_RunNoWZSF_RunSyst/2022/Skim_TriLep_ggHToZZTo4L.root
2026-01-28 15:00:22,519 - INFO - [2022] MISSING_CENTRAL: WZ1E2Mu/Central/muons/2/phi in Skim_TriLep_DYJets10to50.root
2026-01-28 15:00:27,554 - INFO - [2022] MISSING_CENTRAL: WZ1E2Mu/Central/muons/2/phi in Skim_TriLep_DYJets10to50.root
2026-01-28 15:00:27,561 - INFO - [2022] MISSING_FILE: /home/choij/Sync/workspace/ChargedHiggsAnalysisV3/SKNanoOutput/PromptAnalyzer/Run1E2Mu_RunNoWZSF_RunSyst_RunCR_NoTreeMode/2022/Skim_TriLep_ZZTo4L_powheg.root
2026-01-28 15:00:27,564 - INFO - [2022] MISSING_FILE: /home/choij/Sync/workspace/ChargedHiggsAnalysisV3/SKNanoOutput/PromptAnalyzer/Run1E2Mu_RunNoWZSF_RunSyst_RunCR_NoTreeMode/2022/Skim_TriLep_VBFHToZZTo4L.root
2026-01-28 15:00:27,564 - INFO - [2022] MISSING_FILE: /home/choij/Sync/workspace/ChargedHiggsAnalysisV3/SKNanoOutput/PromptAnalyzer/Run1E2Mu_RunNoWZSF_RunSyst_RunCR_NoTreeMode/2022/Skim_TriLep_ggHToZZTo4L.root
2026-01-28 15:12:58,295 - INFO - [2022] MISSING_CENTRAL: WZ1E2Mu/Central/muons/2/phi in Skim_TriLep_DYJets10to50.root
2026-01-28 15:13:03,289 - INFO - [2022] MISSING_CENTRAL: WZ1E2Mu/Central/muons/2/phi in Skim_TriLep_DYJets10to50.root
2026-01-28 15:13:03,296 - INFO - [2022] MISSING_FILE: /home/choij/Sync/workspace/ChargedHiggsAnalysisV3/SKNanoOutput/PromptAnalyzer/Run1E2Mu_RunNoWZSF_RunSyst_RunCR_NoTreeMode/2022/Skim_TriLep_ZZTo4L_powheg.root
2026-01-28 15:13:03,299 - INFO - [2022] MISSING_FILE: /home/choij/Sync/workspace/ChargedHiggsAnalysisV3/SKNanoOutput/PromptAnalyzer/Run1E2Mu_RunNoWZSF_RunSyst_RunCR_NoTreeMode/2022/Skim_TriLep_VBFHToZZTo4L.root
2026-01-28 15:13:03,299 - INFO - [2022] MISSING_FILE: /home/choij/Sync/workspace/ChargedHiggsAnalysisV3/SKNanoOutput/PromptAnalyzer/Run1E2Mu_RunNoWZSF_RunSyst_RunCR_NoTreeMode/2022/Skim_TriLep_ggHToZZTo4L.root
2026-01-28 17:01:56,951 - INFO - [2022] MISSING_CENTRAL: WZ1E2Mu/Central/muons/2/phi in Skim_TriLep_DYJets10to50.root
2026-01-28 17:02:02,414 - INFO - [2022] MISSING_CENTRAL: WZ1E2Mu/Central/muons/2/phi in Skim_TriLep_DYJets10to50.root
2026-01-28 17:02:02,422 - INFO - [2022] MISSING_FILE: /home/choij/Sync/workspace/ChargedHiggsAnalysisV3/SKNanoOutput/PromptAnalyzer/Run1E2Mu_RunNoWZSF_RunSyst_RunCR_NoTreeMode/2022/Skim_TriLep_ZZTo4L_powheg.root
2026-01-28 17:02:02,426 - INFO - [2022] MISSING_FILE: /home/choij/Sync/workspace/ChargedHiggsAnalysisV3/SKNanoOutput/PromptAnalyzer/Run1E2Mu_RunNoWZSF_RunSyst_RunCR_NoTreeMode/2022/Skim_TriLep_VBFHToZZTo4L.root
2026-01-28 17:02:02,426 - INFO - [2022] MISSING_FILE: /home/choij/Sync/workspace/ChargedHiggsAnalysisV3/SKNanoOutput/PromptAnalyzer/Run1E2Mu_RunNoWZSF_RunSyst_RunCR_NoTreeMode/2022/Skim_TriLep_ggHToZZTo4L.root
2026-01-28 17:22:44,232 - INFO - [2022] MISSING_CENTRAL: WZ1E2Mu/Central/muons/2/phi in Skim_TriLep_DYJets10to50.root
2026-01-28 17:22:49,472 - INFO - [2022] MISSING_CENTRAL: WZ1E2Mu/Central/muons/2/phi in Skim_TriLep_DYJets10to50.root
2026-01-28 17:22:49,479 - INFO - [2022] MISSING_FILE: /home/choij/Sync/workspace/ChargedHiggsAnalysisV3/SKNanoOutput/PromptAnalyzer/Run1E2Mu_RunNoWZSF_RunSyst_RunCR_NoTreeMode/2022/Skim_TriLep_ZZTo4L_powheg.root
2026-01-28 17:22:49,483 - INFO - [2022] MISSING_FILE: /home/choij/Sync/workspace/ChargedHiggsAnalysisV3/SKNanoOutput/PromptAnalyzer/Run1E2Mu_RunNoWZSF_RunSyst_RunCR_NoTreeMode/2022/Skim_TriLep_VBFHToZZTo4L.root
2026-01-28 17:22:49,483 - INFO - [2022] MISSING_FILE: /home/choij/Sync/workspace/ChargedHiggsAnalysisV3/SKNanoOutput/PromptAnalyzer/Run1E2Mu_RunNoWZSF_RunSyst_RunCR_NoTreeMode/2022/Skim_TriLep_ggHToZZTo4L.root
2026-01-28 19:56:16,688 - INFO - [2022] MISSING_CENTRAL: WZ1E2Mu/Central/muons/2/phi in Skim_TriLep_DYJets10to50.root
2026-01-28 19:56:21,639 - INFO - [2022] MISSING_CENTRAL: WZ1E2Mu/Central/muons/2/phi in Skim_TriLep_DYJets10to50.root
2026-01-28 19:56:21,647 - INFO - [2022] MISSING_FILE: /home/choij/Sync/workspace/ChargedHiggsAnalysisV3/SKNanoOutput/PromptAnalyzer/Run1E2Mu_RunNoWZSF_RunSyst_RunCR_NoTreeMode/2022/Skim_TriLep_ZZTo4L_powheg.root
2026-01-28 19:56:21,651 - INFO - [2022] MISSING_FILE: /home/choij/Sync/workspace/ChargedHiggsAnalysisV3/SKNanoOutput/PromptAnalyzer/Run1E2Mu_RunNoWZSF_RunSyst_RunCR_NoTreeMode/2022/Skim_TriLep_VBFHToZZTo4L.root
2026-01-28 19:56:21,651 - INFO - [2022] MISSING_FILE: /home/choij/Sync/workspace/ChargedHiggsAnalysisV3/SKNanoOutput/PromptAnalyzer/Run1E2Mu_RunNoWZSF_RunSyst_RunCR_NoTreeMode/2022/Skim_TriLep_ggHToZZTo4L.root
2026-01-29 07:13:21,947 - INFO - [2022] MISSING_CENTRAL: WZ1E2Mu/Central/muons/2/phi in Skim_TriLep_DYJets10to50.root
2026-01-29 07:13:26,592 - INFO - [2022] MISSING_CENTRAL: WZ1E2Mu/Central/muons/2/phi in Skim_TriLep_DYJets10to50.root
2026-01-29 07:13:26,599 - INFO - [2022] MISSING_FILE: /home/choij/Sync/workspace/ChargedHiggsAnalysisV3/SKNanoOutput/PromptAnalyzer/Run1E2Mu_RunNoWZSF_RunSyst_RunCR_NoTreeMode/2022/Skim_TriLep_ZZTo4L_powheg.root
2026-01-29 07:13:26,602 - INFO - [2022] MISSING_FILE: /home/choij/Sync/workspace/ChargedHiggsAnalysisV3/SKNanoOutput/PromptAnalyzer/Run1E2Mu_RunNoWZSF_RunSyst_RunCR_NoTreeMode/2022/Skim_TriLep_VBFHToZZTo4L.root
2026-01-29 07:13:26,602 - INFO - [2022] MISSING_FILE: /home/choij/Sync/workspace/ChargedHiggsAnalysisV3/SKNanoOutput/PromptAnalyzer/Run1E2Mu_RunNoWZSF_RunSyst_RunCR_NoTreeMode/2022/Skim_TriLep_ggHToZZTo4L.root
2026-03-02 12:01:18,224 - INFO - [2022] MISSING_CENTRAL: WZ1E2Mu/Central/muons/2/phi in Skim_TriLep_DYJets10to50.root
2026-03-02 12:01:23,199 - INFO - [2022] MISSING_CENTRAL: WZ1E2Mu/Central/muons/2/phi in Skim_TriLep_DYJets10to50.root
2026-03-02 12:01:23,205 - INFO - [2022] MISSING_FILE: /home/choij/Sync/workspace/ChargedHiggsAnalysisV3/SKNanoOutput/PromptAnalyzer/Run1E2Mu_RunNoWZSF_RunSyst_RunCR_NoTreeMode/2022/Skim_TriLep_ZZTo4L_powheg.root
2026-03-02 12:01:23,209 - INFO - [2022] MISSING_FILE: /home/choij/Sync/workspace/ChargedHiggsAnalysisV3/SKNanoOutput/PromptAnalyzer/Run1E2Mu_RunNoWZSF_RunSyst_RunCR_NoTreeMode/2022/Skim_TriLep_VBFHToZZTo4L.root
2026-03-02 12:01:23,209 - INFO - [2022] MISSING_FILE: /home/choij/Sync/workspace/ChargedHiggsAnalysisV3/SKNanoOutput/PromptAnalyzer/Run1E2Mu_RunNoWZSF_RunSyst_RunCR_NoTreeMode/2022/Skim_TriLep_ggHToZZTo4L.root
2026-04-10 20:13:30,048 - INFO - [2022] MISSING_CENTRAL: WZ1E2Mu/Central/muons/2/phi in Skim_TriLep_DYJets10to50.root
2026-04-10 20:13:34,574 - INFO - [2022] MISSING_CENTRAL: WZ1E2Mu/Central/muons/2/phi in Skim_TriLep_DYJets10to50.root
2026-04-10 20:13:34,580 - INFO - [2022] MISSING_FILE: /home/choij/Sync/workspace/ChargedHiggsAnalysisV3/SKNanoOutput/PromptAnalyzer/Run1E2Mu_RunNoWZSF_RunSyst_RunCR_NoTreeMode/2022/Skim_TriLep_ZZTo4L_powheg.root
2026-04-10 20:13:34,584 - INFO - [2022] MISSING_FILE: /home/choij/Sync/workspace/ChargedHiggsAnalysisV3/SKNanoOutput/PromptAnalyzer/Run1E2Mu_RunNoWZSF_RunSyst_RunCR_NoTreeMode/2022/Skim_TriLep_VBFHToZZTo4L.root
2026-04-10 20:13:34,584 - INFO - [2022] MISSING_FILE: /home/choij/Sync/workspace/ChargedHiggsAnalysisV3/SKNanoOutput/PromptAnalyzer/Run1E2Mu_RunNoWZSF_RunSyst_RunCR_NoTreeMode/2022/Skim_TriLep_ggHToZZTo4L.root
2026-04-12 11:28:13,826 - INFO - [2022] MISSING_CENTRAL: WZ1E2Mu/Central/muons/2/phi in Skim_TriLep_DYJets10to50.root
2026-04-12 11:28:18,379 - INFO - [2022] MISSING_CENTRAL: WZ1E2Mu/Central/muons/2/phi in Skim_TriLep_DYJets10to50.root
2026-04-12 11:28:18,385 - INFO - [2022] MISSING_FILE: /home/choij/Sync/workspace/ChargedHiggsAnalysisV3/SKNanoOutput/PromptAnalyzer/Run1E2Mu_RunNoWZSF_RunSyst_RunCR_NoTreeMode/2022/Skim_TriLep_ZZTo4L_powheg.root
2026-04-12 11:28:18,389 - INFO - [2022] MISSING_FILE: /home/choij/Sync/workspace/ChargedHiggsAnalysisV3/SKNanoOutput/PromptAnalyzer/Run1E2Mu_RunNoWZSF_RunSyst_RunCR_NoTreeMode/2022/Skim_TriLep_VBFHToZZTo4L.root
2026-04-12 11:28:18,389 - INFO - [2022] MISSING_FILE: /home/choij/Sync/workspace/ChargedHiggsAnalysisV3/SKNanoOutput/PromptAnalyzer/Run1E2Mu_RunNoWZSF_RunSyst_RunCR_NoTreeMode/2022/Skim_TriLep_ggHToZZTo4L.root
2026-04-12 12:10:45,978 - INFO - [2022] MISSING_CENTRAL: WZ1E2Mu/Central/muons/2/phi in Skim_TriLep_DYJets10to50.root
2026-04-12 12:10:50,428 - INFO - [2022] MISSING_CENTRAL: WZ1E2Mu/Central/muons/2/phi in Skim_TriLep_DYJets10to50.root
2026-04-12 12:10:50,434 - INFO - [2022] MISSING_FILE: /home/choij/Sync/workspace/ChargedHiggsAnalysisV3/SKNanoOutput/PromptAnalyzer/Run1E2Mu_RunNoWZSF_RunSyst_RunCR_NoTreeMode/2022/Skim_TriLep_ZZTo4L_powheg.root
2026-04-12 12:10:50,438 - INFO - [2022] MISSING_FILE: /home/choij/Sync/workspace/ChargedHiggsAnalysisV3/SKNanoOutput/PromptAnalyzer/Run1E2Mu_RunNoWZSF_RunSyst_RunCR_NoTreeMode/2022/Skim_TriLep_VBFHToZZTo4L.root
2026-04-12 12:10:50,438 - INFO - [2022] MISSING_FILE: /home/choij/Sync/workspace/ChargedHiggsAnalysisV3/SKNanoOutput/PromptAnalyzer/Run1E2Mu_RunNoWZSF_RunSyst_RunCR_NoTreeMode/2022/Skim_TriLep_ggHToZZTo4L.root
2026-04-12 12:30:25,542 - INFO - [2022] MISSING_CENTRAL: WZ1E2Mu/Central/muons/2/phi in Skim_TriLep_DYJets10to50.root
2026-04-12 12:30:30,016 - INFO - [2022] MISSING_CENTRAL: WZ1E2Mu/Central/muons/2/phi in Skim_TriLep_DYJets10to50.root
2026-04-12 12:30:30,023 - INFO - [2022] MISSING_FILE: /home/choij/Sync/workspace/ChargedHiggsAnalysisV3/SKNanoOutput/PromptAnalyzer/Run1E2Mu_RunNoWZSF_RunSyst_RunCR_NoTreeMode/2022/Skim_TriLep_ZZTo4L_powheg.root
2026-04-12 12:30:30,027 - INFO - [2022] MISSING_FILE: /home/choij/Sync/workspace/ChargedHiggsAnalysisV3/SKNanoOutput/PromptAnalyzer/Run1E2Mu_RunNoWZSF_RunSyst_RunCR_NoTreeMode/2022/Skim_TriLep_VBFHToZZTo4L.root
2026-04-12 12:30:30,027 - INFO - [2022] MISSING_FILE: /home/choij/Sync/workspace/ChargedHiggsAnalysisV3/SKNanoOutput/PromptAnalyzer/Run1E2Mu_RunNoWZSF_RunSyst_RunCR_NoTreeMode/2022/Skim_TriLep_ggHToZZTo4L.root
2026-04-12 20:38:19,023 - INFO - [2022] MISSING_CENTRAL: WZ1E2Mu/Central/muons/2/phi in Skim_TriLep_DYJets10to50.root
2026-04-12 20:38:23,547 - INFO - [2022] MISSING_CENTRAL: WZ1E2Mu/Central/muons/2/phi in Skim_TriLep_DYJets10to50.root
2026-04-12 20:38:23,553 - INFO - [2022] MISSING_FILE: /home/choij/Sync/workspace/ChargedHiggsAnalysisV3/SKNanoOutput/PromptAnalyzer/Run1E2Mu_RunNoWZSF_RunSyst_RunCR_NoTreeMode/2022/Skim_TriLep_ZZTo4L_powheg.root
2026-04-12 20:38:23,557 - INFO - [2022] MISSING_FILE: /home/choij/Sync/workspace/ChargedHiggsAnalysisV3/SKNanoOutput/PromptAnalyzer/Run1E2Mu_RunNoWZSF_RunSyst_RunCR_NoTreeMode/2022/Skim_TriLep_VBFHToZZTo4L.root
2026-04-12 20:38:23,557 - INFO - [2022] MISSING_FILE: /home/choij/Sync/workspace/ChargedHiggsAnalysisV3/SKNanoOutput/PromptAnalyzer/Run1E2Mu_RunNoWZSF_RunSyst_RunCR_NoTreeMode/2022/Skim_TriLep_ggHToZZTo4L.root
2026-04-12 21:10:02,147 - INFO - [2022] MISSING_CENTRAL: WZ1E2Mu/Central/muons/2/phi in Skim_TriLep_DYJets10to50.root
2026-04-12 21:10:06,730 - INFO - [2022] MISSING_CENTRAL: WZ1E2Mu/Central/muons/2/phi in Skim_TriLep_DYJets10to50.root
2026-04-12 21:10:06,736 - INFO - [2022] MISSING_FILE: /home/choij/Sync/workspace/ChargedHiggsAnalysisV3/SKNanoOutput/PromptAnalyzer/Run1E2Mu_RunNoWZSF_RunSyst_RunCR_NoTreeMode/2022/Skim_TriLep_ZZTo4L_powheg.root
2026-04-12 21:10:06,740 - INFO - [2022] MISSING_FILE: /home/choij/Sync/workspace/ChargedHiggsAnalysisV3/SKNanoOutput/PromptAnalyzer/Run1E2Mu_RunNoWZSF_RunSyst_RunCR_NoTreeMode/2022/Skim_TriLep_VBFHToZZTo4L.root
2026-04-12 21:10:06,740 - INFO - [2022] MISSING_FILE: /home/choij/Sync/workspace/ChargedHiggsAnalysisV3/SKNanoOutput/PromptAnalyzer/Run1E2Mu_RunNoWZSF_RunSyst_RunCR_NoTreeMode/2022/Skim_TriLep_ggHToZZTo4L.root
2026-04-13 12:47:25,764 - INFO - [2022] MISSING_CENTRAL: WZ1E2Mu/Central/muons/2/phi in Skim_TriLep_DYJets10to50.root
2026-04-13 12:47:30,418 - INFO - [2022] MISSING_CENTRAL: WZ1E2Mu/Central/muons/2/phi in Skim_TriLep_DYJets10to50.root
2026-04-13 12:47:30,424 - INFO - [2022] MISSING_FILE: /home/choij/Sync/workspace/ChargedHiggsAnalysisV3/SKNanoOutput/PromptAnalyzer/Run1E2Mu_RunNoWZSF_RunSyst_RunCR_NoTreeMode/2022/Skim_TriLep_ZZTo4L_powheg.root
2026-04-13 12:47:30,428 - INFO - [2022] MISSING_FILE: /home/choij/Sync/workspace/ChargedHiggsAnalysisV3/SKNanoOutput/PromptAnalyzer/Run1E2Mu_RunNoWZSF_RunSyst_RunCR_NoTreeMode/2022/Skim_TriLep_VBFHToZZTo4L.root
2026-04-13 12:47:30,428 - INFO - [2022] MISSING_FILE: /home/choij/Sync/workspace/ChargedHiggsAnalysisV3/SKNanoOutput/PromptAnalyzer/Run1E2Mu_RunNoWZSF_RunSyst_RunCR_NoTreeMode/2022/Skim_TriLep_ggHToZZTo4L.root
2026-06-12 14:06:47,305 - INFO - [2022] MISSING_CENTRAL: WZ1E2Mu/Central/muons/2/phi in Skim_TriLep_DYJets10to50.root
2026-06-12 14:06:51,806 - INFO - [2022] MISSING_CENTRAL: WZ1E2Mu/Central/muons/2/phi in Skim_TriLep_DYJets10to50.root
2026-06-12 14:06:51,812 - INFO - [2022] MISSING_FILE: /home/choij/Sync/workspace/ChargedHiggsAnalysisV3/SKNanoOutput/PromptAnalyzer/Run1E2Mu_RunNoWZSF_RunSyst_RunCR_NoTreeMode/2022/Skim_TriLep_ZZTo4L_powheg.root
2026-06-12 14:06:51,816 - INFO - [2022] MISSING_FILE: /home/choij/Sync/workspace/ChargedHiggsAnalysisV3/SKNanoOutput/PromptAnalyzer/Run1E2Mu_RunNoWZSF_RunSyst_RunCR_NoTreeMode/2022/Skim_TriLep_VBFHToZZTo4L.root
2026-06-12 14:06:51,816 - INFO - [2022] MISSING_FILE: /home/choij/Sync/workspace/ChargedHiggsAnalysisV3/SKNanoOutput/PromptAnalyzer/Run1E2Mu_RunNoWZSF_RunSyst_RunCR_NoTreeMode/2022/Skim_TriLep_ggHToZZTo4L.root
2026-06-12 14:29:20,126 - INFO - [2022] MISSING_CENTRAL: WZ1E2Mu/Central/muons/2/phi in Skim_TriLep_DYJets10to50.root
2026-06-12 14:29:24,716 - INFO - [2022] MISSING_CENTRAL: WZ1E2Mu/Central/muons/2/phi in Skim_TriLep_DYJets10to50.root
2026-06-12 14:29:24,723 - INFO - [2022] MISSING_FILE: /home/choij/Sync/workspace/ChargedHiggsAnalysisV3/SKNanoOutput/PromptAnalyzer/Run1E2Mu_RunNoWZSF_RunSyst_RunCR_NoTreeMode/2022/Skim_TriLep_ZZTo4L_powheg.root
2026-06-12 14:29:24,727 - INFO - [2022] MISSING_FILE: /home/choij/Sync/workspace/ChargedHiggsAnalysisV3/SKNanoOutput/PromptAnalyzer/Run1E2Mu_RunNoWZSF_RunSyst_RunCR_NoTreeMode/2022/Skim_TriLep_VBFHToZZTo4L.root
2026-06-12 14:29:24,727 - INFO - [2022] MISSING_FILE: /home/choij/Sync/workspace/ChargedHiggsAnalysisV3/SKNanoOutput/PromptAnalyzer/Run1E2Mu_RunNoWZSF_RunSyst_RunCR_NoTreeMode/2022/Skim_TriLep_ggHToZZTo4L.root
2026-06-18 00:23:47,749 - INFO - [2022] MISSING_CENTRAL: WZ1E2Mu/Central/muons/2/phi in Skim_TriLep_DYJets10to50.root
2026-06-18 00:23:52,859 - INFO - [2022] MISSING_CENTRAL: WZ1E2Mu/Central/muons/2/phi in Skim_TriLep_DYJets10to50.root
2026-06-29 16:37:27,459 - INFO - [2022] MISSING_CENTRAL: WZ1E2Mu/Central/muons/2/phi in Skim_TriLep_DYJets10to50.root
2026-06-29 16:37:27,895 - INFO - [2022] MISSING_FILE: /data9/Users/choij/Sync/workspace/ChargedHiggsAnalysisV3/SKNanoOutput/PromptAnalyzer/Run1E2Mu_RunSyst_RunCR_NoTreeMode/2022/Skim_TriLep_tHW.root
2026-06-29 16:37:27,895 - INFO - [2022] MISSING_FILE: /data9/Users/choij/Sync/workspace/ChargedHiggsAnalysisV3/SKNanoOutput/PromptAnalyzer/Run1E2Mu_RunSyst_RunCR_NoTreeMode/2022/Skim_TriLep_tWZ_thadWlep.root
2026-06-29 16:37:27,895 - INFO - [2022] MISSING_FILE: /data9/Users/choij/Sync/workspace/ChargedHiggsAnalysisV3/SKNanoOutput/PromptAnalyzer/Run1E2Mu_RunSyst_RunCR_NoTreeMode/2022/Skim_TriLep_tWZ_tlepWhad.root
2026-06-29 16:37:27,895 - INFO - [2022] MISSING_FILE: /data9/Users/choij/Sync/workspace/ChargedHiggsAnalysisV3/SKNanoOutput/PromptAnalyzer/Run1E2Mu_RunSyst_RunCR_NoTreeMode/2022/Skim_TriLep_tWZ_tlepWlep.root
2026-06-29 16:37:32,198 - INFO - [2022] MISSING_CENTRAL: WZ1E2Mu/Central/muons/2/phi in Skim_TriLep_DYJets10to50.root
2026-06-29 16:37:32,216 - INFO - [2022] MISSING_FILE: /data9/Users/choij/Sync/workspace/ChargedHiggsAnalysisV3/SKNanoOutput/PromptAnalyzer/Run1E2Mu_RunSyst_RunCR_NoTreeMode/2022/Skim_TriLep_tHW.root
2026-06-29 16:37:32,216 - INFO - [2022] MISSING_FILE: /data9/Users/choij/Sync/workspace/ChargedHiggsAnalysisV3/SKNanoOutput/PromptAnalyzer/Run1E2Mu_RunSyst_RunCR_NoTreeMode/2022/Skim_TriLep_tWZ_thadWlep.root
2026-06-29 16:37:32,217 - INFO - [2022] MISSING_FILE: /data9/Users/choij/Sync/workspace/ChargedHiggsAnalysisV3/SKNanoOutput/PromptAnalyzer/Run1E2Mu_RunSyst_RunCR_NoTreeMode/2022/Skim_TriLep_tWZ_tlepWhad.root
2026-06-29 16:37:32,217 - INFO - [2022] MISSING_FILE: /data9/Users/choij/Sync/workspace/ChargedHiggsAnalysisV3/SKNanoOutput/PromptAnalyzer/Run1E2Mu_RunSyst_RunCR_NoTreeMode/2022/Skim_TriLep_tWZ_tlepWlep.root
2026-07-01 05:32:31,656 - INFO - [2022] MISSING_CENTRAL: WZ1E2Mu/Central/muons/2/phi in Skim_TriLep_DYJets10to50.root
2026-07-01 05:32:35,163 - INFO - [2022] MISSING_CENTRAL: WZ1E2Mu/Central/muons/2/phi in Skim_TriLep_DYJets10to50.root
2026-07-01 05:58:45,288 - INFO - [2022] MISSING_FILE: /data9/Users/choij/Sync/workspace/ChargedHiggsAnalysisV3/SKNanoOutput/PromptAnalyzer/Run1E2Mu_RunCR_NoTreeMode/2022/Skim_TriLep_MuonEG_C.root
2026-07-01 05:58:45,288 - INFO - [2022] MISSING_FILE: /data9/Users/choij/Sync/workspace/ChargedHiggsAnalysisV3/SKNanoOutput/PromptAnalyzer/Run1E2Mu_RunCR_NoTreeMode/2022/Skim_TriLep_MuonEG_D.root
2026-07-01 05:58:48,378 - INFO - [2022] MISSING_FILE: /data9/Users/choij/Sync/workspace/ChargedHiggsAnalysisV3/SKNanoOutput/PromptAnalyzer/Run1E2Mu_RunCR_NoTreeMode/2022/Skim_TriLep_MuonEG_C.root
2026-07-01 05:58:48,378 - INFO - [2022] MISSING_FILE: /data9/Users/choij/Sync/workspace/ChargedHiggsAnalysisV3/SKNanoOutput/PromptAnalyzer/Run1E2Mu_RunCR_NoTreeMode/2022/Skim_TriLep_MuonEG_D.root
2026-07-01 06:50:21,187 - INFO - [2022] MISSING_CENTRAL: WZ1E2Mu/Central/muons/2/phi in Skim_TriLep_DYJets10to50.root
2026-07-01 06:50:25,181 - INFO - [2022] MISSING_CENTRAL: WZ1E2Mu/Central/muons/2/phi in Skim_TriLep_DYJets10to50.root
2026-07-01 15:25:35,263 - INFO - [2022] MISSING_CENTRAL: WZ1E2Mu/Central/muons/2/phi in Skim_TriLep_DYJets10to50.root
2026-07-01 15:25:39,122 - INFO - [2022] MISSING_CENTRAL: WZ1E2Mu/Central/muons/2/phi in Skim_TriLep_DYJets10to50.root
2026-07-01 17:38:06,132 - INFO - [2022] MISSING_CENTRAL: WZ1E2Mu/Central/muons/2/phi in Skim_TriLep_DYJets10to50.root
2026-07-01 17:38:10,452 - INFO - [2022] MISSING_CENTRAL: WZ1E2Mu/Central/muons/2/phi in Skim_TriLep_DYJets10to50.root
2026-07-21 19:34:06,266 - INFO - [2022] MISSING_CENTRAL: WZ1E2Mu/Central/muons/2/phi in Skim_TriLep_DYJets10to50.root
2026-07-21 19:34:13,110 - INFO - [2022] MISSING_CENTRAL: WZ1E2Mu/Central/muons/2/phi in Skim_TriLep_DYJets10to50.root
