2025-09-24 16:11:21,023 - INFO - [2022] MISSING_CENTRAL: SR3Mu/Central/METv/pt in Skim_TriLep_DYJets.root
2025-09-24 16:11:21,024 - INFO - [2022] MISSING_CENTRAL: SR3Mu/Central/METv/pt in Skim_TriLep_DYJets10to50.root
2025-09-24 16:11:21,024 - INFO - [2022] MISSING_CENTRAL: SR3Mu/Central/METv/pt in Skim_TriLep_DYGTo2LG_MLL4to50_PTG10to100.root
2025-09-24 16:11:21,024 - INFO - [2022] MISSING_CENTRAL: SR3Mu/Central/METv/pt in Skim_TriLep_DYGTo2LG_MLL4to50_PTG100to200.root
2025-09-24 16:11:21,024 - INFO - [2022] MISSING_CENTRAL: SR3Mu/Central/METv/pt in Skim_TriLep_DYGTo2LG_MLL4to50_PTG200toInf.root
2025-09-24 16:11:21,045 - INFO - [2022] MISSING_CENTRAL: SR3Mu/Central/METv/pt in Skim_TriLep_DYGTo2LG_MLL50_PTG100to200.root
2025-09-24 16:11:21,658 - INFO - [2022EE] MISSING_CENTRAL: SR3Mu/Central/METv/pt in Skim_TriLep_DYJets10to50.root
2025-09-24 16:11:21,733 - INFO - [2022EE] MISSING_CENTRAL: SR3Mu/Central/METv/pt in Skim_TriLep_DYGTo2LG_MLL50_PTG100to200.root
2025-09-24 16:11:22,314 - INFO - [2023] MISSING_CENTRAL: SR3Mu/Central/METv/pt in Skim_TriLep_DYJets10to50.root
2025-09-24 16:11:22,672 - INFO - [2023BPix] MISSING_CENTRAL: SR3Mu/Central/METv/pt in Skim_TriLep_DYJets10to50.root
2025-10-02 21:25:03,711 - INFO - [2022] MISSING_CENTRAL: SR3Mu/Central/METv/pt in Skim_TriLep_DYJets.root
2025-10-02 21:25:03,712 - INFO - [2022] MISSING_CENTRAL: SR3Mu/Central/METv/pt in Skim_TriLep_DYJets10to50.root
2025-10-02 21:25:03,713 - INFO - [2022] MISSING_CENTRAL: SR3Mu/Central/METv/pt in Skim_TriLep_DYGTo2LG_MLL4to50_PTG10to100.root
2025-10-02 21:25:03,714 - INFO - [2022] MISSING_CENTRAL: SR3Mu/Central/METv/pt in Skim_TriLep_DYGTo2LG_MLL4to50_PTG100to200.root
2025-10-02 21:25:03,715 - INFO - [2022] MISSING_CENTRAL: SR3Mu/Central/METv/pt in Skim_TriLep_DYGTo2LG_MLL4to50_PTG200toInf.root
2025-10-02 21:25:03,743 - INFO - [2022] MISSING_CENTRAL: SR3Mu/Central/METv/pt in Skim_TriLep_DYGTo2LG_MLL50_PTG100to200.root
2025-10-02 21:25:04,066 - INFO - [2022EE] MISSING_CENTRAL: SR3Mu/Central/METv/pt in Skim_TriLep_DYJets10to50.root
2025-10-02 21:25:04,132 - INFO - [2022EE] MISSING_CENTRAL: SR3Mu/Central/METv/pt in Skim_TriLep_DYGTo2LG_MLL50_PTG100to200.root
2025-10-02 21:25:04,495 - INFO - [2023] MISSING_CENTRAL: SR3Mu/Central/METv/pt in Skim_TriLep_DYJets10to50.root
2025-10-02 21:25:04,944 - INFO - [2023BPix] MISSING_CENTRAL: SR3Mu/Central/METv/pt in Skim_TriLep_DYJets10to50.root
2025-10-03 00:46:16,823 - INFO - [2022] MISSING_CENTRAL: SR3Mu/Central/METv/pt in Skim_TriLep_DYJets.root
2025-10-03 00:46:16,824 - INFO - [2022] MISSING_CENTRAL: SR3Mu/Central/METv/pt in Skim_TriLep_DYJets10to50.root
2025-10-03 00:46:16,825 - INFO - [2022] MISSING_CENTRAL: SR3Mu/Central/METv/pt in Skim_TriLep_DYGTo2LG_MLL4to50_PTG10to100.root
2025-10-03 00:46:16,826 - INFO - [2022] MISSING_CENTRAL: SR3Mu/Central/METv/pt in Skim_TriLep_DYGTo2LG_MLL4to50_PTG100to200.root
2025-10-03 00:46:16,826 - INFO - [2022] MISSING_CENTRAL: SR3Mu/Central/METv/pt in Skim_TriLep_DYGTo2LG_MLL4to50_PTG200toInf.root
2025-10-03 00:46:16,855 - INFO - [2022] MISSING_CENTRAL: SR3Mu/Central/METv/pt in Skim_TriLep_DYGTo2LG_MLL50_PTG100to200.root
2025-10-03 00:46:17,552 - INFO - [2022EE] MISSING_CENTRAL: SR3Mu/Central/METv/pt in Skim_TriLep_DYJets10to50.root
2025-10-03 00:46:17,641 - INFO - [2022EE] MISSING_CENTRAL: SR3Mu/Central/METv/pt in Skim_TriLep_DYGTo2LG_MLL50_PTG100to200.root
2025-10-03 00:46:18,185 - INFO - [2023] MISSING_CENTRAL: SR3Mu/Central/METv/pt in Skim_TriLep_DYJets10to50.root
2025-10-03 00:46:19,028 - INFO - [2023BPix] MISSING_CENTRAL: SR3Mu/Central/METv/pt in Skim_TriLep_DYJets10to50.root
2025-11-07 13:15:34,670 - INFO - [2022] MISSING_FILE: /home/choij/Sync/workspace/ChargedHiggsAnalysisV3/SKNanoOutput/PromptSelector/Run3Mu/2022/Skim_TriLep_DoubleMuon_C.root
2025-11-07 13:15:34,671 - INFO - [2022] MISSING_FILE: /home/choij/Sync/workspace/ChargedHiggsAnalysisV3/SKNanoOutput/PromptSelector/Run3Mu/2022/Skim_TriLep_Muon_C.root
2025-11-07 13:15:34,671 - INFO - [2022] MISSING_FILE: /home/choij/Sync/workspace/ChargedHiggsAnalysisV3/SKNanoOutput/PromptSelector/Run3Mu/2022/Skim_TriLep_Muon_D.root
2025-11-07 13:15:34,671 - INFO - [2022EE] MISSING_FILE: /home/choij/Sync/workspace/ChargedHiggsAnalysisV3/SKNanoOutput/PromptSelector/Run3Mu/2022EE/Skim_TriLep_Muon_E.root
2025-11-07 13:15:34,671 - INFO - [2022EE] MISSING_FILE: /home/choij/Sync/workspace/ChargedHiggsAnalysisV3/SKNanoOutput/PromptSelector/Run3Mu/2022EE/Skim_TriLep_Muon_F.root
2025-11-07 13:15:34,671 - INFO - [2022EE] MISSING_FILE: /home/choij/Sync/workspace/ChargedHiggsAnalysisV3/SKNanoOutput/PromptSelector/Run3Mu/2022EE/Skim_TriLep_Muon_G.root
2025-11-07 13:15:34,671 - INFO - [2023] MISSING_FILE: /home/choij/Sync/workspace/ChargedHiggsAnalysisV3/SKNanoOutput/PromptSelector/Run3Mu/2023/Skim_TriLep_Muon0_C_v1.root
2025-11-07 13:15:34,672 - INFO - [2023] MISSING_FILE: /home/choij/Sync/workspace/ChargedHiggsAnalysisV3/SKNanoOutput/PromptSelector/Run3Mu/2023/Skim_TriLep_Muon0_C_v2.root
2025-11-07 13:15:34,672 - INFO - [2023] MISSING_FILE: /home/choij/Sync/workspace/ChargedHiggsAnalysisV3/SKNanoOutput/PromptSelector/Run3Mu/2023/Skim_TriLep_Muon0_C_v3.root
2025-11-07 13:15:34,672 - INFO - [2023] MISSING_FILE: /home/choij/Sync/workspace/ChargedHiggsAnalysisV3/SKNanoOutput/PromptSelector/Run3Mu/2023/Skim_TriLep_Muon0_C_v4.root
2025-11-07 13:15:34,672 - INFO - [2023] MISSING_FILE: /home/choij/Sync/workspace/ChargedHiggsAnalysisV3/SKNanoOutput/PromptSelector/Run3Mu/2023/Skim_TriLep_Muon1_C_v1.root
2025-11-07 13:15:34,672 - INFO - [2023] MISSING_FILE: /home/choij/Sync/workspace/ChargedHiggsAnalysisV3/SKNanoOutput/PromptSelector/Run3Mu/2023/Skim_TriLep_Muon1_C_v2.root
2025-11-07 13:15:34,672 - INFO - [2023] MISSING_FILE: /home/choij/Sync/workspace/ChargedHiggsAnalysisV3/SKNanoOutput/PromptSelector/Run3Mu/2023/Skim_TriLep_Muon1_C_v3.root
2025-11-07 13:15:34,672 - INFO - [2023] MISSING_FILE: /home/choij/Sync/workspace/ChargedHiggsAnalysisV3/SKNanoOutput/PromptSelector/Run3Mu/2023/Skim_TriLep_Muon1_C_v4.root
2025-11-07 13:15:34,672 - INFO - [2023BPix] MISSING_FILE: /home/choij/Sync/workspace/ChargedHiggsAnalysisV3/SKNanoOutput/PromptSelector/Run3Mu/2023BPix/Skim_TriLep_Muon0_D_v1.root
2025-11-07 13:15:34,672 - INFO - [2023BPix] MISSING_FILE: /home/choij/Sync/workspace/ChargedHiggsAnalysisV3/SKNanoOutput/PromptSelector/Run3Mu/2023BPix/Skim_TriLep_Muon0_D_v2.root
2025-11-07 13:15:34,672 - INFO - [2023BPix] MISSING_FILE: /home/choij/Sync/workspace/ChargedHiggsAnalysisV3/SKNanoOutput/PromptSelector/Run3Mu/2023BPix/Skim_TriLep_Muon1_D_v1.root
2025-11-07 13:15:34,673 - INFO - [2023BPix] MISSING_FILE: /home/choij/Sync/workspace/ChargedHiggsAnalysisV3/SKNanoOutput/PromptSelector/Run3Mu/2023BPix/Skim_TriLep_Muon1_D_v2.root
2025-11-07 14:13:05,862 - INFO - [2022] MISSING_FILE: /home/choij/Sync/workspace/ChargedHiggsAnalysisV3/SKNanoOutput/PromptSelector/Run3Mu/2022/Skim_TriLep_DoubleMuon_C.root
2025-11-07 14:13:05,863 - INFO - [2022] MISSING_FILE: /home/choij/Sync/workspace/ChargedHiggsAnalysisV3/SKNanoOutput/PromptSelector/Run3Mu/2022/Skim_TriLep_Muon_C.root
2025-11-07 14:13:05,863 - INFO - [2022] MISSING_FILE: /home/choij/Sync/workspace/ChargedHiggsAnalysisV3/SKNanoOutput/PromptSelector/Run3Mu/2022/Skim_TriLep_Muon_D.root
2025-11-07 14:13:05,863 - INFO - [2022EE] MISSING_FILE: /home/choij/Sync/workspace/ChargedHiggsAnalysisV3/SKNanoOutput/PromptSelector/Run3Mu/2022EE/Skim_TriLep_Muon_E.root
2025-11-07 14:13:05,863 - INFO - [2022EE] MISSING_FILE: /home/choij/Sync/workspace/ChargedHiggsAnalysisV3/SKNanoOutput/PromptSelector/Run3Mu/2022EE/Skim_TriLep_Muon_F.root
2025-11-07 14:13:05,863 - INFO - [2022EE] MISSING_FILE: /home/choij/Sync/workspace/ChargedHiggsAnalysisV3/SKNanoOutput/PromptSelector/Run3Mu/2022EE/Skim_TriLep_Muon_G.root
2025-11-07 14:13:05,863 - INFO - [2023] MISSING_FILE: /home/choij/Sync/workspace/ChargedHiggsAnalysisV3/SKNanoOutput/PromptSelector/Run3Mu/2023/Skim_TriLep_Muon0_C_v1.root
2025-11-07 14:13:05,863 - INFO - [2023] MISSING_FILE: /home/choij/Sync/workspace/ChargedHiggsAnalysisV3/SKNanoOutput/PromptSelector/Run3Mu/2023/Skim_TriLep_Muon0_C_v2.root
2025-11-07 14:13:05,863 - INFO - [2023] MISSING_FILE: /home/choij/Sync/workspace/ChargedHiggsAnalysisV3/SKNanoOutput/PromptSelector/Run3Mu/2023/Skim_TriLep_Muon0_C_v3.root
2025-11-07 14:13:05,863 - INFO - [2023] MISSING_FILE: /home/choij/Sync/workspace/ChargedHiggsAnalysisV3/SKNanoOutput/PromptSelector/Run3Mu/2023/Skim_TriLep_Muon0_C_v4.root
2025-11-07 14:13:05,863 - INFO - [2023] MISSING_FILE: /home/choij/Sync/workspace/ChargedHiggsAnalysisV3/SKNanoOutput/PromptSelector/Run3Mu/2023/Skim_TriLep_Muon1_C_v1.root
2025-11-07 14:13:05,863 - INFO - [2023] MISSING_FILE: /home/choij/Sync/workspace/ChargedHiggsAnalysisV3/SKNanoOutput/PromptSelector/Run3Mu/2023/Skim_TriLep_Muon1_C_v2.root
2025-11-07 14:13:05,863 - INFO - [2023] MISSING_FILE: /home/choij/Sync/workspace/ChargedHiggsAnalysisV3/SKNanoOutput/PromptSelector/Run3Mu/2023/Skim_TriLep_Muon1_C_v3.root
2025-11-07 14:13:05,863 - INFO - [2023] MISSING_FILE: /home/choij/Sync/workspace/ChargedHiggsAnalysisV3/SKNanoOutput/PromptSelector/Run3Mu/2023/Skim_TriLep_Muon1_C_v4.root
2025-11-07 14:13:05,863 - INFO - [2023BPix] MISSING_FILE: /home/choij/Sync/workspace/ChargedHiggsAnalysisV3/SKNanoOutput/PromptSelector/Run3Mu/2023BPix/Skim_TriLep_Muon0_D_v1.root
2025-11-07 14:13:05,863 - INFO - [2023BPix] MISSING_FILE: /home/choij/Sync/workspace/ChargedHiggsAnalysisV3/SKNanoOutput/PromptSelector/Run3Mu/2023BPix/Skim_TriLep_Muon0_D_v2.root
2025-11-07 14:13:05,863 - INFO - [2023BPix] MISSING_FILE: /home/choij/Sync/workspace/ChargedHiggsAnalysisV3/SKNanoOutput/PromptSelector/Run3Mu/2023BPix/Skim_TriLep_Muon1_D_v1.root
2025-11-07 14:13:05,863 - INFO - [2023BPix] MISSING_FILE: /home/choij/Sync/workspace/ChargedHiggsAnalysisV3/SKNanoOutput/PromptSelector/Run3Mu/2023BPix/Skim_TriLep_Muon1_D_v2.root
2025-11-10 12:30:03,199 - INFO - [2022EE] MISSING_FILE: /home/choij/Sync/workspace/ChargedHiggsAnalysisV3/SKNanoOutput/PromptSelector/Run3Mu/2022EE/Skim_TriLep_Muon_F.root
2025-11-10 12:30:03,220 - INFO - [2022] MISSING_CENTRAL: SR3Mu/Central/METv/pt in Skim_TriLep_DYJets.root
2025-11-10 12:30:03,220 - INFO - [2022] MISSING_CENTRAL: SR3Mu/Central/METv/pt in Skim_TriLep_DYJets10to50.root
2025-11-10 12:30:03,221 - INFO - [2022] MISSING_CENTRAL: SR3Mu/Central/METv/pt in Skim_TriLep_DYGTo2LG_MLL4to50_PTG10to100.root
2025-11-10 12:30:03,221 - INFO - [2022] MISSING_CENTRAL: SR3Mu/Central/METv/pt in Skim_TriLep_DYGTo2LG_MLL4to50_PTG100to200.root
2025-11-10 12:30:03,221 - INFO - [2022] MISSING_CENTRAL: SR3Mu/Central/METv/pt in Skim_TriLep_DYGTo2LG_MLL4to50_PTG200toInf.root
2025-11-10 12:30:03,234 - INFO - [2022] MISSING_CENTRAL: SR3Mu/Central/METv/pt in Skim_TriLep_DYGTo2LG_MLL50_PTG100to200.root
2025-11-10 12:30:03,430 - INFO - [2022EE] MISSING_CENTRAL: SR3Mu/Central/METv/pt in Skim_TriLep_DYJets10to50.root
2025-11-10 12:30:03,472 - INFO - [2022EE] MISSING_CENTRAL: SR3Mu/Central/METv/pt in Skim_TriLep_DYGTo2LG_MLL50_PTG100to200.root
2025-11-10 12:30:03,730 - INFO - [2023] MISSING_CENTRAL: SR3Mu/Central/METv/pt in Skim_TriLep_DYJets10to50.root
2025-11-10 12:30:04,069 - INFO - [2023BPix] MISSING_CENTRAL: SR3Mu/Central/METv/pt in Skim_TriLep_DYJets10to50.root
2025-11-13 11:20:21,492 - INFO - [2022] MISSING_CENTRAL: SR3Mu/Central/METv/pt in Skim_TriLep_DYJets.root
2025-11-13 11:20:21,493 - INFO - [2022] MISSING_CENTRAL: SR3Mu/Central/METv/pt in Skim_TriLep_DYJets10to50.root
2025-11-13 11:20:21,495 - INFO - [2022] MISSING_CENTRAL: SR3Mu/Central/METv/pt in Skim_TriLep_DYGTo2LG_MLL4to50_PTG10to100.root
2025-11-13 11:20:21,496 - INFO - [2022] MISSING_CENTRAL: SR3Mu/Central/METv/pt in Skim_TriLep_DYGTo2LG_MLL4to50_PTG100to200.root
2025-11-13 11:20:21,497 - INFO - [2022] MISSING_CENTRAL: SR3Mu/Central/METv/pt in Skim_TriLep_DYGTo2LG_MLL4to50_PTG200toInf.root
2025-11-13 11:20:21,523 - INFO - [2022] MISSING_CENTRAL: SR3Mu/Central/METv/pt in Skim_TriLep_DYGTo2LG_MLL50_PTG100to200.root
2025-11-13 11:20:22,030 - INFO - [2022EE] MISSING_CENTRAL: SR3Mu/Central/METv/pt in Skim_TriLep_DYJets10to50.root
2025-11-13 11:20:22,096 - INFO - [2022EE] MISSING_CENTRAL: SR3Mu/Central/METv/pt in Skim_TriLep_DYGTo2LG_MLL50_PTG100to200.root
2025-11-13 11:20:22,472 - INFO - [2023] MISSING_CENTRAL: SR3Mu/Central/METv/pt in Skim_TriLep_DYJets10to50.root
2025-11-13 11:20:22,974 - INFO - [2023BPix] MISSING_CENTRAL: SR3Mu/Central/METv/pt in Skim_TriLep_DYJets10to50.root
2025-11-13 19:56:23,914 - INFO - [2022] MISSING_CENTRAL: SR3Mu/Central/METv/pt in Skim_TriLep_DYJets.root
2025-11-13 19:56:23,915 - INFO - [2022] MISSING_CENTRAL: SR3Mu/Central/METv/pt in Skim_TriLep_DYJets10to50.root
2025-11-13 19:56:23,915 - INFO - [2022] MISSING_CENTRAL: SR3Mu/Central/METv/pt in Skim_TriLep_DYGTo2LG_MLL4to50_PTG10to100.root
2025-11-13 19:56:23,915 - INFO - [2022] MISSING_CENTRAL: SR3Mu/Central/METv/pt in Skim_TriLep_DYGTo2LG_MLL4to50_PTG100to200.root
2025-11-13 19:56:23,916 - INFO - [2022] MISSING_CENTRAL: SR3Mu/Central/METv/pt in Skim_TriLep_DYGTo2LG_MLL4to50_PTG200toInf.root
2025-11-13 19:56:23,929 - INFO - [2022] MISSING_CENTRAL: SR3Mu/Central/METv/pt in Skim_TriLep_DYGTo2LG_MLL50_PTG100to200.root
2025-11-13 19:56:24,126 - INFO - [2022EE] MISSING_CENTRAL: SR3Mu/Central/METv/pt in Skim_TriLep_DYJets10to50.root
2025-11-13 19:56:24,164 - INFO - [2022EE] MISSING_CENTRAL: SR3Mu/Central/METv/pt in Skim_TriLep_DYGTo2LG_MLL50_PTG100to200.root
2025-11-13 19:56:24,377 - INFO - [2023] MISSING_CENTRAL: SR3Mu/Central/METv/pt in Skim_TriLep_DYJets10to50.root
2025-11-13 19:56:24,754 - INFO - [2023BPix] MISSING_CENTRAL: SR3Mu/Central/METv/pt in Skim_TriLep_DYJets10to50.root
2025-11-13 20:03:18,714 - INFO - [2022] MISSING_CENTRAL: SR3Mu/Central/METv/pt in Skim_TriLep_DYJets.root
2025-11-13 20:03:18,715 - INFO - [2022] MISSING_CENTRAL: SR3Mu/Central/METv/pt in Skim_TriLep_DYJets10to50.root
2025-11-13 20:03:18,715 - INFO - [2022] MISSING_CENTRAL: SR3Mu/Central/METv/pt in Skim_TriLep_DYGTo2LG_MLL4to50_PTG10to100.root
2025-11-13 20:03:18,717 - INFO - [2022] MISSING_CENTRAL: SR3Mu/Central/METv/pt in Skim_TriLep_DYGTo2LG_MLL4to50_PTG100to200.root
2025-11-13 20:03:18,718 - INFO - [2022] MISSING_CENTRAL: SR3Mu/Central/METv/pt in Skim_TriLep_DYGTo2LG_MLL4to50_PTG200toInf.root
2025-11-13 20:03:18,743 - INFO - [2022] MISSING_CENTRAL: SR3Mu/Central/METv/pt in Skim_TriLep_DYGTo2LG_MLL50_PTG100to200.root
2025-11-13 20:03:19,002 - INFO - [2022EE] MISSING_CENTRAL: SR3Mu/Central/METv/pt in Skim_TriLep_DYJets10to50.root
2025-11-13 20:03:19,037 - INFO - [2022EE] MISSING_CENTRAL: SR3Mu/Central/METv/pt in Skim_TriLep_DYGTo2LG_MLL50_PTG100to200.root
2025-11-13 20:03:19,250 - INFO - [2023] MISSING_CENTRAL: SR3Mu/Central/METv/pt in Skim_TriLep_DYJets10to50.root
2025-11-13 20:03:19,573 - INFO - [2023BPix] MISSING_CENTRAL: SR3Mu/Central/METv/pt in Skim_TriLep_DYJets10to50.root
2025-11-19 16:32:30,533 - INFO - [2022] MISSING_CENTRAL: SR3Mu/Central/METv/pt in Skim_TriLep_DYJets.root
2025-11-19 16:32:30,533 - INFO - [2022] MISSING_CENTRAL: SR3Mu/Central/METv/pt in Skim_TriLep_DYJets10to50.root
2025-11-19 16:32:30,534 - INFO - [2022] MISSING_CENTRAL: SR3Mu/Central/METv/pt in Skim_TriLep_DYGTo2LG_MLL4to50_PTG10to100.root
2025-11-19 16:32:30,534 - INFO - [2022] MISSING_CENTRAL: SR3Mu/Central/METv/pt in Skim_TriLep_DYGTo2LG_MLL4to50_PTG100to200.root
2025-11-19 16:32:30,535 - INFO - [2022] MISSING_CENTRAL: SR3Mu/Central/METv/pt in Skim_TriLep_DYGTo2LG_MLL4to50_PTG200toInf.root
2025-11-19 16:32:30,549 - INFO - [2022] MISSING_CENTRAL: SR3Mu/Central/METv/pt in Skim_TriLep_DYGTo2LG_MLL50_PTG100to200.root
2025-11-19 16:32:30,833 - INFO - [2022EE] MISSING_CENTRAL: SR3Mu/Central/METv/pt in Skim_TriLep_DYJets10to50.root
2025-11-19 16:32:30,880 - INFO - [2022EE] MISSING_CENTRAL: SR3Mu/Central/METv/pt in Skim_TriLep_DYGTo2LG_MLL50_PTG100to200.root
2025-11-19 16:32:31,227 - INFO - [2023] MISSING_CENTRAL: SR3Mu/Central/METv/pt in Skim_TriLep_DYJets10to50.root
2025-11-19 16:32:31,687 - INFO - [2023BPix] MISSING_CENTRAL: SR3Mu/Central/METv/pt in Skim_TriLep_DYJets10to50.root
2025-12-17 22:47:21,404 - INFO - [2022] MISSING_CENTRAL: SR3Mu/Central/METv/pt in Skim_TriLep_DYJets10to50.root
2025-12-17 22:47:21,743 - INFO - [2022EE] MISSING_CENTRAL: SR3Mu/Central/METv/pt in Skim_TriLep_DYJets10to50.root
2025-12-17 22:47:22,155 - INFO - [2023] MISSING_CENTRAL: SR3Mu/Central/METv/pt in Skim_TriLep_DYJets10to50.root
2025-12-17 22:47:22,489 - INFO - [2023BPix] MISSING_CENTRAL: SR3Mu/Central/METv/pt in Skim_TriLep_DYJets10to50.root
2025-12-18 14:49:21,524 - INFO - [2022] MISSING_CENTRAL: SR3Mu/Central/METv/pt in Skim_TriLep_DYJets10to50.root
2025-12-18 14:49:21,876 - INFO - [2022EE] MISSING_CENTRAL: SR3Mu/Central/METv/pt in Skim_TriLep_DYJets10to50.root
2025-12-18 14:49:22,350 - INFO - [2023] MISSING_CENTRAL: SR3Mu/Central/METv/pt in Skim_TriLep_DYJets10to50.root
2025-12-18 14:49:22,869 - INFO - [2023BPix] MISSING_CENTRAL: SR3Mu/Central/METv/pt in Skim_TriLep_DYJets10to50.root
2026-01-07 11:57:35,316 - INFO - [2022] MISSING_CENTRAL: SR3Mu/Central/METv/pt in Skim_TriLep_DYJets10to50.root
2026-01-07 11:57:35,870 - INFO - [2022EE] MISSING_CENTRAL: SR3Mu/Central/METv/pt in Skim_TriLep_DYJets10to50.root
2026-01-07 11:57:36,292 - INFO - [2023] MISSING_CENTRAL: SR3Mu/Central/METv/pt in Skim_TriLep_DYJets10to50.root
2026-01-07 11:57:36,684 - INFO - [2023BPix] MISSING_CENTRAL: SR3Mu/Central/METv/pt in Skim_TriLep_DYJets10to50.root
2026-01-07 18:54:12,901 - INFO - [2022] MISSING_CENTRAL: SR3Mu/Central/METv/pt in Skim_TriLep_DYJets10to50.root
2026-01-07 18:54:13,558 - INFO - [2022EE] MISSING_CENTRAL: SR3Mu/Central/METv/pt in Skim_TriLep_DYJets10to50.root
2026-01-07 18:54:13,934 - INFO - [2023] MISSING_CENTRAL: SR3Mu/Central/METv/pt in Skim_TriLep_DYJets10to50.root
2026-01-07 18:54:14,353 - INFO - [2023BPix] MISSING_CENTRAL: SR3Mu/Central/METv/pt in Skim_TriLep_DYJets10to50.root
2026-01-07 19:32:04,413 - INFO - [2022] MISSING_CENTRAL: SR3Mu/Central/METv/pt in Skim_TriLep_DYJets10to50.root
2026-01-07 19:32:05,200 - INFO - [2022EE] MISSING_CENTRAL: SR3Mu/Central/METv/pt in Skim_TriLep_DYJets10to50.root
2026-01-07 19:32:05,547 - INFO - [2023] MISSING_CENTRAL: SR3Mu/Central/METv/pt in Skim_TriLep_DYJets10to50.root
2026-01-07 19:32:05,894 - INFO - [2023BPix] MISSING_CENTRAL: SR3Mu/Central/METv/pt in Skim_TriLep_DYJets10to50.root
2026-01-09 12:29:36,569 - INFO - [2022] MISSING_CENTRAL: SR3Mu/Central/METv/pt in Skim_TriLep_DYJets10to50.root
2026-01-09 12:29:36,767 - INFO - [2022EE] MISSING_CENTRAL: SR3Mu/Central/METv/pt in Skim_TriLep_DYJets10to50.root
2026-01-09 12:29:36,981 - INFO - [2023] MISSING_CENTRAL: SR3Mu/Central/METv/pt in Skim_TriLep_DYJets10to50.root
2026-01-09 12:29:37,256 - INFO - [2023BPix] MISSING_CENTRAL: SR3Mu/Central/METv/pt in Skim_TriLep_DYJets10to50.root
2026-01-11 09:49:36,276 - INFO - [2022] MISSING_CENTRAL: SR3Mu/Central/METv/pt in Skim_TriLep_DYJets10to50.root
2026-01-11 09:49:36,498 - INFO - [2022EE] MISSING_CENTRAL: SR3Mu/Central/METv/pt in Skim_TriLep_DYJets10to50.root
2026-01-11 09:49:36,715 - INFO - [2023] MISSING_CENTRAL: SR3Mu/Central/METv/pt in Skim_TriLep_DYJets10to50.root
2026-01-11 09:49:36,918 - INFO - [2023BPix] MISSING_CENTRAL: SR3Mu/Central/METv/pt in Skim_TriLep_DYJets10to50.root
2026-01-12 13:58:33,929 - INFO - [2022] MISSING_FILE: /home/choij/Sync/workspace/ChargedHiggsAnalysisV3/SKNanoOutput/MatrixSelector/Run3Mu/2022/Skim_TriLep_DoubleMuon_C.root
2026-01-12 13:58:33,929 - INFO - [2022] MISSING_FILE: /home/choij/Sync/workspace/ChargedHiggsAnalysisV3/SKNanoOutput/MatrixSelector/Run3Mu/2022/Skim_TriLep_Muon_C.root
2026-01-12 13:58:33,929 - INFO - [2022] MISSING_FILE: /home/choij/Sync/workspace/ChargedHiggsAnalysisV3/SKNanoOutput/MatrixSelector/Run3Mu/2022/Skim_TriLep_Muon_D.root
2026-01-12 13:58:33,995 - INFO - [2022] MISSING_CENTRAL: SR3Mu/Central/METv/pt in Skim_TriLep_DYJets10to50.root
2026-01-12 13:58:34,226 - INFO - [2022EE] MISSING_FILE: /home/choij/Sync/workspace/ChargedHiggsAnalysisV3/SKNanoOutput/MatrixSelector/Run3Mu/2022EE/Skim_TriLep_Muon_E.root
2026-01-12 13:58:34,227 - INFO - [2022EE] MISSING_FILE: /home/choij/Sync/workspace/ChargedHiggsAnalysisV3/SKNanoOutput/MatrixSelector/Run3Mu/2022EE/Skim_TriLep_Muon_F.root
2026-01-12 13:58:34,227 - INFO - [2022EE] MISSING_FILE: /home/choij/Sync/workspace/ChargedHiggsAnalysisV3/SKNanoOutput/MatrixSelector/Run3Mu/2022EE/Skim_TriLep_Muon_G.root
2026-01-12 13:58:34,238 - INFO - [2022EE] MISSING_CENTRAL: SR3Mu/Central/METv/pt in Skim_TriLep_DYJets10to50.root
2026-01-12 13:58:34,437 - INFO - [2023] MISSING_FILE: /home/choij/Sync/workspace/ChargedHiggsAnalysisV3/SKNanoOutput/MatrixSelector/Run3Mu/2023/Skim_TriLep_Muon0_C_v1.root
2026-01-12 13:58:34,438 - INFO - [2023] MISSING_FILE: /home/choij/Sync/workspace/ChargedHiggsAnalysisV3/SKNanoOutput/MatrixSelector/Run3Mu/2023/Skim_TriLep_Muon0_C_v2.root
2026-01-12 13:58:34,438 - INFO - [2023] MISSING_FILE: /home/choij/Sync/workspace/ChargedHiggsAnalysisV3/SKNanoOutput/MatrixSelector/Run3Mu/2023/Skim_TriLep_Muon0_C_v3.root
2026-01-12 13:58:34,438 - INFO - [2023] MISSING_FILE: /home/choij/Sync/workspace/ChargedHiggsAnalysisV3/SKNanoOutput/MatrixSelector/Run3Mu/2023/Skim_TriLep_Muon0_C_v4.root
2026-01-12 13:58:34,438 - INFO - [2023] MISSING_FILE: /home/choij/Sync/workspace/ChargedHiggsAnalysisV3/SKNanoOutput/MatrixSelector/Run3Mu/2023/Skim_TriLep_Muon1_C_v1.root
2026-01-12 13:58:34,438 - INFO - [2023] MISSING_FILE: /home/choij/Sync/workspace/ChargedHiggsAnalysisV3/SKNanoOutput/MatrixSelector/Run3Mu/2023/Skim_TriLep_Muon1_C_v2.root
2026-01-12 13:58:34,438 - INFO - [2023] MISSING_FILE: /home/choij/Sync/workspace/ChargedHiggsAnalysisV3/SKNanoOutput/MatrixSelector/Run3Mu/2023/Skim_TriLep_Muon1_C_v3.root
2026-01-12 13:58:34,438 - INFO - [2023] MISSING_FILE: /home/choij/Sync/workspace/ChargedHiggsAnalysisV3/SKNanoOutput/MatrixSelector/Run3Mu/2023/Skim_TriLep_Muon1_C_v4.root
2026-01-12 13:58:34,450 - INFO - [2023] MISSING_CENTRAL: SR3Mu/Central/METv/pt in Skim_TriLep_DYJets10to50.root
2026-01-12 13:58:34,714 - INFO - [2023BPix] MISSING_FILE: /home/choij/Sync/workspace/ChargedHiggsAnalysisV3/SKNanoOutput/MatrixSelector/Run3Mu/2023BPix/Skim_TriLep_Muon0_D_v1.root
2026-01-12 13:58:34,714 - INFO - [2023BPix] MISSING_FILE: /home/choij/Sync/workspace/ChargedHiggsAnalysisV3/SKNanoOutput/MatrixSelector/Run3Mu/2023BPix/Skim_TriLep_Muon0_D_v2.root
2026-01-12 13:58:34,714 - INFO - [2023BPix] MISSING_FILE: /home/choij/Sync/workspace/ChargedHiggsAnalysisV3/SKNanoOutput/MatrixSelector/Run3Mu/2023BPix/Skim_TriLep_Muon1_D_v1.root
2026-01-12 13:58:34,714 - INFO - [2023BPix] MISSING_FILE: /home/choij/Sync/workspace/ChargedHiggsAnalysisV3/SKNanoOutput/MatrixSelector/Run3Mu/2023BPix/Skim_TriLep_Muon1_D_v2.root
2026-01-12 13:58:34,726 - INFO - [2023BPix] MISSING_CENTRAL: SR3Mu/Central/METv/pt in Skim_TriLep_DYJets10to50.root
2026-01-16 19:13:05,912 - INFO - [2022] MISSING_CENTRAL: SR3Mu/Central/METv/pt in Skim_TriLep_DYJets10to50.root
2026-01-16 19:13:06,101 - INFO - [2022EE] MISSING_CENTRAL: SR3Mu/Central/METv/pt in Skim_TriLep_DYJets10to50.root
2026-01-16 19:13:06,307 - INFO - [2023] MISSING_CENTRAL: SR3Mu/Central/METv/pt in Skim_TriLep_DYJets10to50.root
2026-01-16 19:13:06,515 - INFO - [2023BPix] MISSING_CENTRAL: SR3Mu/Central/METv/pt in Skim_TriLep_DYJets10to50.root
2026-01-21 13:02:25,296 - INFO - [2022] MISSING_CENTRAL: SR3Mu/Central/METv/pt in Skim_TriLep_DYJets10to50.root
2026-01-21 13:02:25,534 - INFO - [2022EE] MISSING_CENTRAL: SR3Mu/Central/METv/pt in Skim_TriLep_DYJets10to50.root
2026-01-21 13:02:25,751 - INFO - [2023] MISSING_CENTRAL: SR3Mu/Central/METv/pt in Skim_TriLep_DYJets10to50.root
2026-01-21 13:02:25,968 - INFO - [2023BPix] MISSING_CENTRAL: SR3Mu/Central/METv/pt in Skim_TriLep_DYJets10to50.root
2026-01-21 14:50:51,672 - INFO - [2022] MISSING_CENTRAL: SR3Mu/Central/METv/pt in Skim_TriLep_DYJets10to50.root
2026-01-21 14:50:51,880 - INFO - [2022EE] MISSING_CENTRAL: SR3Mu/Central/METv/pt in Skim_TriLep_DYJets10to50.root
2026-01-21 14:50:52,111 - INFO - [2023] MISSING_CENTRAL: SR3Mu/Central/METv/pt in Skim_TriLep_DYJets10to50.root
2026-01-21 14:50:52,335 - INFO - [2023BPix] MISSING_CENTRAL: SR3Mu/Central/METv/pt in Skim_TriLep_DYJets10to50.root
2026-01-28 17:09:48,762 - INFO - [2022] MISSING_CENTRAL: SR3Mu/Central/METv/pt in Skim_TriLep_DYJets10to50.root
2026-01-28 17:09:49,062 - INFO - [2022EE] MISSING_CENTRAL: SR3Mu/Central/METv/pt in Skim_TriLep_DYJets10to50.root
2026-01-28 17:09:49,357 - INFO - [2023] MISSING_CENTRAL: SR3Mu/Central/METv/pt in Skim_TriLep_DYJets10to50.root
2026-01-28 17:09:49,657 - INFO - [2023BPix] MISSING_CENTRAL: SR3Mu/Central/METv/pt in Skim_TriLep_DYJets10to50.root
2026-01-28 17:30:17,844 - INFO - [2022] MISSING_CENTRAL: SR3Mu/Central/METv/pt in Skim_TriLep_DYJets10to50.root
2026-01-28 17:30:18,136 - INFO - [2022EE] MISSING_CENTRAL: SR3Mu/Central/METv/pt in Skim_TriLep_DYJets10to50.root
2026-01-28 17:30:18,451 - INFO - [2023] MISSING_CENTRAL: SR3Mu/Central/METv/pt in Skim_TriLep_DYJets10to50.root
2026-01-28 17:30:18,764 - INFO - [2023BPix] MISSING_CENTRAL: SR3Mu/Central/METv/pt in Skim_TriLep_DYJets10to50.root
2026-01-28 20:04:11,143 - INFO - [2022] MISSING_CENTRAL: SR3Mu/Central/METv/pt in Skim_TriLep_DYJets10to50.root
2026-01-28 20:04:11,436 - INFO - [2022EE] MISSING_CENTRAL: SR3Mu/Central/METv/pt in Skim_TriLep_DYJets10to50.root
2026-01-28 20:04:11,854 - INFO - [2023] MISSING_CENTRAL: SR3Mu/Central/METv/pt in Skim_TriLep_DYJets10to50.root
2026-01-28 20:04:12,386 - INFO - [2023BPix] MISSING_CENTRAL: SR3Mu/Central/METv/pt in Skim_TriLep_DYJets10to50.root
2026-01-29 07:20:31,014 - INFO - [2022] MISSING_CENTRAL: SR3Mu/Central/METv/pt in Skim_TriLep_DYJets10to50.root
2026-01-29 07:20:31,215 - INFO - [2022EE] MISSING_CENTRAL: SR3Mu/Central/METv/pt in Skim_TriLep_DYJets10to50.root
2026-01-29 07:20:31,439 - INFO - [2023] MISSING_CENTRAL: SR3Mu/Central/METv/pt in Skim_TriLep_DYJets10to50.root
2026-01-29 07:20:31,647 - INFO - [2023BPix] MISSING_CENTRAL: SR3Mu/Central/METv/pt in Skim_TriLep_DYJets10to50.root
2026-03-06 09:45:23,914 - INFO - [2022] MISSING_CENTRAL: SR3Mu/Central/METv/pt in Skim_TriLep_DYJets10to50.root
2026-03-06 09:45:24,105 - INFO - [2022EE] MISSING_CENTRAL: SR3Mu/Central/METv/pt in Skim_TriLep_DYJets10to50.root
2026-03-06 09:45:24,310 - INFO - [2023] MISSING_CENTRAL: SR3Mu/Central/METv/pt in Skim_TriLep_DYJets10to50.root
2026-03-06 09:45:24,521 - INFO - [2023BPix] MISSING_CENTRAL: SR3Mu/Central/METv/pt in Skim_TriLep_DYJets10to50.root
2026-03-06 19:51:09,769 - INFO - [2022] MISSING_CENTRAL: SR3Mu/Central/METv/pt in Skim_TriLep_DYJets10to50.root
2026-03-06 19:51:09,972 - INFO - [2022EE] MISSING_CENTRAL: SR3Mu/Central/METv/pt in Skim_TriLep_DYJets10to50.root
2026-03-06 19:51:10,188 - INFO - [2023] MISSING_CENTRAL: SR3Mu/Central/METv/pt in Skim_TriLep_DYJets10to50.root
2026-03-06 19:51:10,411 - INFO - [2023BPix] MISSING_CENTRAL: SR3Mu/Central/METv/pt in Skim_TriLep_DYJets10to50.root
2026-04-10 20:26:03,645 - INFO - [2022] MISSING_CENTRAL: SR3Mu/Central/METv/pt in Skim_TriLep_DYJets10to50.root
2026-04-10 20:26:03,845 - INFO - [2022EE] MISSING_CENTRAL: SR3Mu/Central/METv/pt in Skim_TriLep_DYJets10to50.root
2026-04-10 20:26:04,050 - INFO - [2023] MISSING_CENTRAL: SR3Mu/Central/METv/pt in Skim_TriLep_DYJets10to50.root
2026-04-10 20:26:04,266 - INFO - [2023BPix] MISSING_CENTRAL: SR3Mu/Central/METv/pt in Skim_TriLep_DYJets10to50.root
2026-04-12 11:41:29,834 - INFO - [2022] MISSING_CENTRAL: SR3Mu/Central/METv/pt in Skim_TriLep_DYJets10to50.root
2026-04-12 11:41:30,159 - INFO - [2022EE] MISSING_CENTRAL: SR3Mu/Central/METv/pt in Skim_TriLep_DYJets10to50.root
2026-04-12 11:41:30,377 - INFO - [2023] MISSING_CENTRAL: SR3Mu/Central/METv/pt in Skim_TriLep_DYJets10to50.root
2026-04-12 11:41:30,594 - INFO - [2023BPix] MISSING_CENTRAL: SR3Mu/Central/METv/pt in Skim_TriLep_DYJets10to50.root
2026-04-12 12:23:09,087 - INFO - [2022] MISSING_CENTRAL: SR3Mu/Central/METv/pt in Skim_TriLep_DYJets10to50.root
2026-04-12 12:23:09,295 - INFO - [2022EE] MISSING_CENTRAL: SR3Mu/Central/METv/pt in Skim_TriLep_DYJets10to50.root
2026-04-12 12:23:09,520 - INFO - [2023] MISSING_CENTRAL: SR3Mu/Central/METv/pt in Skim_TriLep_DYJets10to50.root
2026-04-12 12:23:09,770 - INFO - [2023BPix] MISSING_CENTRAL: SR3Mu/Central/METv/pt in Skim_TriLep_DYJets10to50.root
2026-04-12 12:42:48,130 - INFO - [2022] MISSING_CENTRAL: SR3Mu/Central/METv/pt in Skim_TriLep_DYJets10to50.root
2026-04-12 12:42:48,353 - INFO - [2022EE] MISSING_CENTRAL: SR3Mu/Central/METv/pt in Skim_TriLep_DYJets10to50.root
2026-04-12 12:42:48,586 - INFO - [2023] MISSING_CENTRAL: SR3Mu/Central/METv/pt in Skim_TriLep_DYJets10to50.root
2026-04-12 12:42:48,781 - INFO - [2023BPix] MISSING_CENTRAL: SR3Mu/Central/METv/pt in Skim_TriLep_DYJets10to50.root
2026-04-12 20:50:59,372 - INFO - [2022] MISSING_CENTRAL: SR3Mu/Central/METv/pt in Skim_TriLep_DYJets10to50.root
2026-04-12 20:50:59,572 - INFO - [2022EE] MISSING_CENTRAL: SR3Mu/Central/METv/pt in Skim_TriLep_DYJets10to50.root
2026-04-12 20:50:59,786 - INFO - [2023] MISSING_CENTRAL: SR3Mu/Central/METv/pt in Skim_TriLep_DYJets10to50.root
2026-04-12 20:51:00,011 - INFO - [2023BPix] MISSING_CENTRAL: SR3Mu/Central/METv/pt in Skim_TriLep_DYJets10to50.root
2026-04-12 21:22:33,342 - INFO - [2022] MISSING_CENTRAL: SR3Mu/Central/METv/pt in Skim_TriLep_DYJets10to50.root
2026-04-12 21:22:33,554 - INFO - [2022EE] MISSING_CENTRAL: SR3Mu/Central/METv/pt in Skim_TriLep_DYJets10to50.root
2026-04-12 21:22:33,789 - INFO - [2023] MISSING_CENTRAL: SR3Mu/Central/METv/pt in Skim_TriLep_DYJets10to50.root
2026-04-12 21:22:34,015 - INFO - [2023BPix] MISSING_CENTRAL: SR3Mu/Central/METv/pt in Skim_TriLep_DYJets10to50.root
2026-04-13 13:00:22,839 - INFO - [2022] MISSING_CENTRAL: SR3Mu/Central/METv/pt in Skim_TriLep_DYJets10to50.root
2026-04-13 13:00:23,092 - INFO - [2022EE] MISSING_CENTRAL: SR3Mu/Central/METv/pt in Skim_TriLep_DYJets10to50.root
2026-04-13 13:00:23,358 - INFO - [2023] MISSING_CENTRAL: SR3Mu/Central/METv/pt in Skim_TriLep_DYJets10to50.root
2026-04-13 13:00:23,627 - INFO - [2023BPix] MISSING_CENTRAL: SR3Mu/Central/METv/pt in Skim_TriLep_DYJets10to50.root
2026-04-16 17:32:39,607 - INFO - [2022] MISSING_CENTRAL: SR3Mu/Central/METv/pt in Skim_TriLep_DYJets10to50.root
2026-04-16 17:32:39,902 - INFO - [2022EE] MISSING_CENTRAL: SR3Mu/Central/METv/pt in Skim_TriLep_DYJets10to50.root
2026-04-16 17:32:40,154 - INFO - [2023] MISSING_CENTRAL: SR3Mu/Central/METv/pt in Skim_TriLep_DYJets10to50.root
2026-04-16 17:32:40,405 - INFO - [2023BPix] MISSING_CENTRAL: SR3Mu/Central/METv/pt in Skim_TriLep_DYJets10to50.root
2026-04-16 17:42:54,442 - INFO - [2022] MISSING_CENTRAL: SR3Mu/Central/METv/pt in Skim_TriLep_DYJets10to50.root
2026-04-16 17:42:54,682 - INFO - [2022EE] MISSING_CENTRAL: SR3Mu/Central/METv/pt in Skim_TriLep_DYJets10to50.root
2026-04-16 17:42:54,972 - INFO - [2023] MISSING_CENTRAL: SR3Mu/Central/METv/pt in Skim_TriLep_DYJets10to50.root
2026-04-16 17:42:55,240 - INFO - [2023BPix] MISSING_CENTRAL: SR3Mu/Central/METv/pt in Skim_TriLep_DYJets10to50.root
2026-04-28 15:13:19,098 - INFO - [2022] MISSING_CENTRAL: SR3Mu/Central/METv/pt in Skim_TriLep_DYJets10to50.root
2026-04-28 15:13:19,339 - INFO - [2022EE] MISSING_CENTRAL: SR3Mu/Central/METv/pt in Skim_TriLep_DYJets10to50.root
2026-04-28 15:13:19,584 - INFO - [2023] MISSING_CENTRAL: SR3Mu/Central/METv/pt in Skim_TriLep_DYJets10to50.root
2026-04-28 15:13:19,853 - INFO - [2023BPix] MISSING_CENTRAL: SR3Mu/Central/METv/pt in Skim_TriLep_DYJets10to50.root
2026-04-28 15:19:34,829 - INFO - [2022] MISSING_CENTRAL: SR3Mu/Central/METv/pt in Skim_TriLep_DYJets10to50.root
2026-04-28 15:19:35,145 - INFO - [2022EE] MISSING_CENTRAL: SR3Mu/Central/METv/pt in Skim_TriLep_DYJets10to50.root
2026-04-28 15:19:35,414 - INFO - [2023] MISSING_CENTRAL: SR3Mu/Central/METv/pt in Skim_TriLep_DYJets10to50.root
2026-04-28 15:19:35,691 - INFO - [2023BPix] MISSING_CENTRAL: SR3Mu/Central/METv/pt in Skim_TriLep_DYJets10to50.root
2026-04-28 15:21:40,141 - INFO - [2022] MISSING_CENTRAL: SR3Mu/Central/METv/pt in Skim_TriLep_DYJets10to50.root
2026-04-28 15:21:40,380 - INFO - [2022EE] MISSING_CENTRAL: SR3Mu/Central/METv/pt in Skim_TriLep_DYJets10to50.root
2026-04-28 15:21:40,652 - INFO - [2023] MISSING_CENTRAL: SR3Mu/Central/METv/pt in Skim_TriLep_DYJets10to50.root
2026-04-28 15:21:40,942 - INFO - [2023BPix] MISSING_CENTRAL: SR3Mu/Central/METv/pt in Skim_TriLep_DYJets10to50.root
2026-04-28 20:32:45,224 - INFO - [2022] MISSING_CENTRAL: SR3Mu/Central/METv/pt in Skim_TriLep_DYJets10to50.root
2026-04-28 20:32:45,484 - INFO - [2022EE] MISSING_CENTRAL: SR3Mu/Central/METv/pt in Skim_TriLep_DYJets10to50.root
2026-04-28 20:32:45,744 - INFO - [2023] MISSING_CENTRAL: SR3Mu/Central/METv/pt in Skim_TriLep_DYJets10to50.root
2026-04-28 20:32:46,002 - INFO - [2023BPix] MISSING_CENTRAL: SR3Mu/Central/METv/pt in Skim_TriLep_DYJets10to50.root
2026-04-28 20:34:44,874 - INFO - [2022] MISSING_CENTRAL: SR3Mu/Central/METv/pt in Skim_TriLep_DYJets10to50.root
2026-04-28 20:34:45,113 - INFO - [2022EE] MISSING_CENTRAL: SR3Mu/Central/METv/pt in Skim_TriLep_DYJets10to50.root
2026-04-28 20:34:45,371 - INFO - [2023] MISSING_CENTRAL: SR3Mu/Central/METv/pt in Skim_TriLep_DYJets10to50.root
2026-04-28 20:34:45,639 - INFO - [2023BPix] MISSING_CENTRAL: SR3Mu/Central/METv/pt in Skim_TriLep_DYJets10to50.root
2026-05-04 15:39:14,111 - INFO - [2022] MISSING_CENTRAL: SR3Mu/Central/METv/pt in Skim_TriLep_DYJets10to50.root
2026-05-04 15:39:14,384 - INFO - [2022EE] MISSING_CENTRAL: SR3Mu/Central/METv/pt in Skim_TriLep_DYJets10to50.root
2026-05-04 15:39:14,718 - INFO - [2023] MISSING_CENTRAL: SR3Mu/Central/METv/pt in Skim_TriLep_DYJets10to50.root
2026-05-04 15:39:15,018 - INFO - [2023BPix] MISSING_CENTRAL: SR3Mu/Central/METv/pt in Skim_TriLep_DYJets10to50.root
2026-05-04 15:41:23,998 - INFO - [2022] MISSING_CENTRAL: SR3Mu/Central/METv/pt in Skim_TriLep_DYJets10to50.root
2026-05-04 15:41:24,252 - INFO - [2022EE] MISSING_CENTRAL: SR3Mu/Central/METv/pt in Skim_TriLep_DYJets10to50.root
2026-05-04 15:41:24,521 - INFO - [2023] MISSING_CENTRAL: SR3Mu/Central/METv/pt in Skim_TriLep_DYJets10to50.root
2026-05-04 15:41:24,793 - INFO - [2023BPix] MISSING_CENTRAL: SR3Mu/Central/METv/pt in Skim_TriLep_DYJets10to50.root
2026-05-04 16:03:22,607 - INFO - [2022] MISSING_CENTRAL: SR3Mu/Central/METv/pt in Skim_TriLep_DYJets10to50.root
2026-05-04 16:03:22,857 - INFO - [2022EE] MISSING_CENTRAL: SR3Mu/Central/METv/pt in Skim_TriLep_DYJets10to50.root
2026-05-04 16:03:23,119 - INFO - [2023] MISSING_CENTRAL: SR3Mu/Central/METv/pt in Skim_TriLep_DYJets10to50.root
2026-05-04 16:03:23,381 - INFO - [2023BPix] MISSING_CENTRAL: SR3Mu/Central/METv/pt in Skim_TriLep_DYJets10to50.root
2026-05-04 16:05:25,149 - INFO - [2022] MISSING_CENTRAL: SR3Mu/Central/METv/pt in Skim_TriLep_DYJets10to50.root
2026-05-04 16:05:25,450 - INFO - [2022EE] MISSING_CENTRAL: SR3Mu/Central/METv/pt in Skim_TriLep_DYJets10to50.root
2026-05-04 16:05:25,702 - INFO - [2023] MISSING_CENTRAL: SR3Mu/Central/METv/pt in Skim_TriLep_DYJets10to50.root
2026-05-04 16:05:25,972 - INFO - [2023BPix] MISSING_CENTRAL: SR3Mu/Central/METv/pt in Skim_TriLep_DYJets10to50.root
2026-05-04 17:02:31,107 - INFO - [2022] MISSING_CENTRAL: SR3Mu/Central/METv/pt in Skim_TriLep_DYJets10to50.root
2026-05-04 17:02:31,359 - INFO - [2022EE] MISSING_CENTRAL: SR3Mu/Central/METv/pt in Skim_TriLep_DYJets10to50.root
2026-05-04 17:02:31,620 - INFO - [2023] MISSING_CENTRAL: SR3Mu/Central/METv/pt in Skim_TriLep_DYJets10to50.root
2026-05-04 17:02:31,869 - INFO - [2023BPix] MISSING_CENTRAL: SR3Mu/Central/METv/pt in Skim_TriLep_DYJets10to50.root
2026-05-04 17:12:18,477 - INFO - [2022] MISSING_CENTRAL: SR3Mu/Central/METv/pt in Skim_TriLep_DYJets10to50.root
2026-05-04 17:12:18,715 - INFO - [2022EE] MISSING_CENTRAL: SR3Mu/Central/METv/pt in Skim_TriLep_DYJets10to50.root
2026-05-04 17:12:18,972 - INFO - [2023] MISSING_CENTRAL: SR3Mu/Central/METv/pt in Skim_TriLep_DYJets10to50.root
2026-05-04 17:12:19,240 - INFO - [2023BPix] MISSING_CENTRAL: SR3Mu/Central/METv/pt in Skim_TriLep_DYJets10to50.root
2026-05-28 15:39:28,555 - INFO - [2022] MISSING_CENTRAL: SR3Mu/Central/METv/pt in Skim_TriLep_DYJets10to50.root
2026-05-28 15:39:29,024 - INFO - [2022EE] MISSING_CENTRAL: SR3Mu/Central/METv/pt in Skim_TriLep_DYJets10to50.root
2026-05-28 15:39:29,434 - INFO - [2023] MISSING_CENTRAL: SR3Mu/Central/METv/pt in Skim_TriLep_DYJets10to50.root
2026-05-28 15:39:29,863 - INFO - [2023BPix] MISSING_CENTRAL: SR3Mu/Central/METv/pt in Skim_TriLep_DYJets10to50.root
2026-05-28 15:48:56,110 - INFO - [2022] MISSING_CENTRAL: SR3Mu/Central/METv/pt in Skim_TriLep_DYJets10to50.root
2026-05-28 15:48:56,523 - INFO - [2022EE] MISSING_CENTRAL: SR3Mu/Central/METv/pt in Skim_TriLep_DYJets10to50.root
2026-05-28 15:48:56,955 - INFO - [2023] MISSING_CENTRAL: SR3Mu/Central/METv/pt in Skim_TriLep_DYJets10to50.root
2026-05-28 15:48:57,390 - INFO - [2023BPix] MISSING_CENTRAL: SR3Mu/Central/METv/pt in Skim_TriLep_DYJets10to50.root
2026-05-29 15:20:21,822 - INFO - [2022] MISSING_CENTRAL: SR3Mu/Central/METv/pt in Skim_TriLep_DYJets10to50.root
2026-05-29 15:20:22,096 - INFO - [2022EE] MISSING_CENTRAL: SR3Mu/Central/METv/pt in Skim_TriLep_DYJets10to50.root
2026-05-29 15:20:22,383 - INFO - [2023] MISSING_CENTRAL: SR3Mu/Central/METv/pt in Skim_TriLep_DYJets10to50.root
2026-05-29 15:20:22,666 - INFO - [2023BPix] MISSING_CENTRAL: SR3Mu/Central/METv/pt in Skim_TriLep_DYJets10to50.root
2026-05-29 15:22:31,663 - INFO - [2022] MISSING_CENTRAL: SR3Mu/Central/METv/pt in Skim_TriLep_DYJets10to50.root
2026-05-29 15:22:31,921 - INFO - [2022EE] MISSING_CENTRAL: SR3Mu/Central/METv/pt in Skim_TriLep_DYJets10to50.root
2026-05-29 15:22:32,185 - INFO - [2023] MISSING_CENTRAL: SR3Mu/Central/METv/pt in Skim_TriLep_DYJets10to50.root
2026-05-29 15:22:32,455 - INFO - [2023BPix] MISSING_CENTRAL: SR3Mu/Central/METv/pt in Skim_TriLep_DYJets10to50.root
2026-05-29 15:30:19,540 - INFO - [2022] MISSING_CENTRAL: SR3Mu/Central/METv/pt in Skim_TriLep_DYJets10to50.root
2026-05-29 15:30:19,784 - INFO - [2022EE] MISSING_CENTRAL: SR3Mu/Central/METv/pt in Skim_TriLep_DYJets10to50.root
2026-05-29 15:30:20,045 - INFO - [2023] MISSING_CENTRAL: SR3Mu/Central/METv/pt in Skim_TriLep_DYJets10to50.root
2026-05-29 15:30:20,265 - INFO - [2023BPix] MISSING_CENTRAL: SR3Mu/Central/METv/pt in Skim_TriLep_DYJets10to50.root
2026-05-29 15:39:59,442 - INFO - [2022] MISSING_CENTRAL: SR3Mu/Central/METv/pt in Skim_TriLep_DYJets10to50.root
2026-05-29 15:39:59,677 - INFO - [2022EE] MISSING_CENTRAL: SR3Mu/Central/METv/pt in Skim_TriLep_DYJets10to50.root
2026-05-29 15:39:59,937 - INFO - [2023] MISSING_CENTRAL: SR3Mu/Central/METv/pt in Skim_TriLep_DYJets10to50.root
2026-05-29 15:40:00,227 - INFO - [2023BPix] MISSING_CENTRAL: SR3Mu/Central/METv/pt in Skim_TriLep_DYJets10to50.root
2026-05-29 18:21:26,196 - INFO - [2022] MISSING_CENTRAL: SR3Mu/Central/METv/pt in Skim_TriLep_DYJets10to50.root
2026-05-29 18:21:26,437 - INFO - [2022EE] MISSING_CENTRAL: SR3Mu/Central/METv/pt in Skim_TriLep_DYJets10to50.root
2026-05-29 18:21:26,696 - INFO - [2023] MISSING_CENTRAL: SR3Mu/Central/METv/pt in Skim_TriLep_DYJets10to50.root
2026-05-29 18:21:26,956 - INFO - [2023BPix] MISSING_CENTRAL: SR3Mu/Central/METv/pt in Skim_TriLep_DYJets10to50.root
2026-05-29 18:31:22,356 - INFO - [2022] MISSING_CENTRAL: SR3Mu/Central/METv/pt in Skim_TriLep_DYJets10to50.root
2026-05-29 18:31:22,608 - INFO - [2022EE] MISSING_CENTRAL: SR3Mu/Central/METv/pt in Skim_TriLep_DYJets10to50.root
2026-05-29 18:31:22,864 - INFO - [2023] MISSING_CENTRAL: SR3Mu/Central/METv/pt in Skim_TriLep_DYJets10to50.root
2026-05-29 18:31:23,128 - INFO - [2023BPix] MISSING_CENTRAL: SR3Mu/Central/METv/pt in Skim_TriLep_DYJets10to50.root
2026-06-12 13:59:09,298 - INFO - [2022] MISSING_CENTRAL: SR3Mu/Central/METv/pt in Skim_TriLep_DYJets10to50.root
2026-06-12 13:59:09,573 - INFO - [2022EE] MISSING_CENTRAL: SR3Mu/Central/METv/pt in Skim_TriLep_DYJets10to50.root
2026-06-12 13:59:09,844 - INFO - [2023] MISSING_CENTRAL: SR3Mu/Central/METv/pt in Skim_TriLep_DYJets10to50.root
2026-06-12 13:59:10,116 - INFO - [2023BPix] MISSING_CENTRAL: SR3Mu/Central/METv/pt in Skim_TriLep_DYJets10to50.root
2026-06-12 14:11:15,287 - INFO - [2022] MISSING_CENTRAL: SR3Mu/Central/METv/pt in Skim_TriLep_DYJets10to50.root
2026-06-12 14:11:15,527 - INFO - [2022EE] MISSING_CENTRAL: SR3Mu/Central/METv/pt in Skim_TriLep_DYJets10to50.root
2026-06-12 14:11:15,788 - INFO - [2023] MISSING_CENTRAL: SR3Mu/Central/METv/pt in Skim_TriLep_DYJets10to50.root
2026-06-12 14:11:16,041 - INFO - [2023BPix] MISSING_CENTRAL: SR3Mu/Central/METv/pt in Skim_TriLep_DYJets10to50.root
2026-06-12 14:34:47,375 - INFO - [2022] MISSING_CENTRAL: SR3Mu/Central/METv/pt in Skim_TriLep_DYJets10to50.root
2026-06-12 14:34:47,634 - INFO - [2022EE] MISSING_CENTRAL: SR3Mu/Central/METv/pt in Skim_TriLep_DYJets10to50.root
2026-06-12 14:34:47,899 - INFO - [2023] MISSING_CENTRAL: SR3Mu/Central/METv/pt in Skim_TriLep_DYJets10to50.root
2026-06-12 14:34:48,168 - INFO - [2023BPix] MISSING_CENTRAL: SR3Mu/Central/METv/pt in Skim_TriLep_DYJets10to50.root
