2025-09-24 16:10:52,452 - INFO - [2022] MISSING_CENTRAL: SR3Mu/Central/muons/3/eta in Skim_TriLep_DYJets.root
2025-09-24 16:10:52,452 - INFO - [2022] MISSING_CENTRAL: SR3Mu/Central/muons/3/eta in Skim_TriLep_DYJets10to50.root
2025-09-24 16:10:52,452 - INFO - [2022] MISSING_CENTRAL: SR3Mu/Central/muons/3/eta in Skim_TriLep_DYGTo2LG_MLL4to50_PTG10to100.root
2025-09-24 16:10:52,452 - INFO - [2022] MISSING_CENTRAL: SR3Mu/Central/muons/3/eta in Skim_TriLep_DYGTo2LG_MLL4to50_PTG100to200.root
2025-09-24 16:10:52,453 - INFO - [2022] MISSING_CENTRAL: SR3Mu/Central/muons/3/eta in Skim_TriLep_DYGTo2LG_MLL4to50_PTG200toInf.root
2025-09-24 16:10:52,473 - INFO - [2022] MISSING_CENTRAL: SR3Mu/Central/muons/3/eta in Skim_TriLep_DYGTo2LG_MLL50_PTG100to200.root
2025-09-24 16:10:52,579 - INFO - [2022EE] MISSING_CENTRAL: SR3Mu/Central/muons/3/eta in Skim_TriLep_DYJets10to50.root
2025-09-24 16:10:52,614 - INFO - [2022EE] MISSING_CENTRAL: SR3Mu/Central/muons/3/eta in Skim_TriLep_DYGTo2LG_MLL50_PTG100to200.root
2025-09-24 16:10:52,740 - INFO - [2023] MISSING_CENTRAL: SR3Mu/Central/muons/3/eta in Skim_TriLep_DYJets10to50.root
2025-09-24 16:10:52,903 - INFO - [2023BPix] MISSING_CENTRAL: SR3Mu/Central/muons/3/eta in Skim_TriLep_DYJets10to50.root
2025-10-02 21:24:55,535 - INFO - [2022] MISSING_CENTRAL: SR3Mu/Central/muons/3/eta in Skim_TriLep_DYJets.root
2025-10-02 21:24:55,536 - INFO - [2022] MISSING_CENTRAL: SR3Mu/Central/muons/3/eta in Skim_TriLep_DYJets10to50.root
2025-10-02 21:24:55,537 - INFO - [2022] MISSING_CENTRAL: SR3Mu/Central/muons/3/eta in Skim_TriLep_DYGTo2LG_MLL4to50_PTG10to100.root
2025-10-02 21:24:55,538 - INFO - [2022] MISSING_CENTRAL: SR3Mu/Central/muons/3/eta in Skim_TriLep_DYGTo2LG_MLL4to50_PTG100to200.root
2025-10-02 21:24:55,539 - INFO - [2022] MISSING_CENTRAL: SR3Mu/Central/muons/3/eta in Skim_TriLep_DYGTo2LG_MLL4to50_PTG200toInf.root
2025-10-02 21:24:55,554 - INFO - [2022] MISSING_CENTRAL: SR3Mu/Central/muons/3/eta in Skim_TriLep_DYGTo2LG_MLL50_PTG100to200.root
2025-10-02 21:24:55,765 - INFO - [2022EE] MISSING_CENTRAL: SR3Mu/Central/muons/3/eta in Skim_TriLep_DYJets10to50.root
2025-10-02 21:24:55,805 - INFO - [2022EE] MISSING_CENTRAL: SR3Mu/Central/muons/3/eta in Skim_TriLep_DYGTo2LG_MLL50_PTG100to200.root
2025-10-02 21:24:55,998 - INFO - [2023] MISSING_CENTRAL: SR3Mu/Central/muons/3/eta in Skim_TriLep_DYJets10to50.root
2025-10-02 21:24:56,262 - INFO - [2023BPix] MISSING_CENTRAL: SR3Mu/Central/muons/3/eta in Skim_TriLep_DYJets10to50.root
2025-10-03 00:45:28,814 - INFO - [2022] MISSING_CENTRAL: SR3Mu/Central/muons/3/eta in Skim_TriLep_DYJets.root
2025-10-03 00:45:28,816 - INFO - [2022] MISSING_CENTRAL: SR3Mu/Central/muons/3/eta in Skim_TriLep_DYJets10to50.root
2025-10-03 00:45:28,816 - INFO - [2022] MISSING_CENTRAL: SR3Mu/Central/muons/3/eta in Skim_TriLep_DYGTo2LG_MLL4to50_PTG10to100.root
2025-10-03 00:45:28,817 - INFO - [2022] MISSING_CENTRAL: SR3Mu/Central/muons/3/eta in Skim_TriLep_DYGTo2LG_MLL4to50_PTG100to200.root
2025-10-03 00:45:28,818 - INFO - [2022] MISSING_CENTRAL: SR3Mu/Central/muons/3/eta in Skim_TriLep_DYGTo2LG_MLL4to50_PTG200toInf.root
2025-10-03 00:45:28,832 - INFO - [2022] MISSING_CENTRAL: SR3Mu/Central/muons/3/eta in Skim_TriLep_DYGTo2LG_MLL50_PTG100to200.root
2025-10-03 00:45:29,053 - INFO - [2022EE] MISSING_CENTRAL: SR3Mu/Central/muons/3/eta in Skim_TriLep_DYJets10to50.root
2025-10-03 00:45:29,095 - INFO - [2022EE] MISSING_CENTRAL: SR3Mu/Central/muons/3/eta in Skim_TriLep_DYGTo2LG_MLL50_PTG100to200.root
2025-10-03 00:45:29,364 - INFO - [2023] MISSING_CENTRAL: SR3Mu/Central/muons/3/eta in Skim_TriLep_DYJets10to50.root
2025-10-03 00:45:29,829 - INFO - [2023BPix] MISSING_CENTRAL: SR3Mu/Central/muons/3/eta in Skim_TriLep_DYJets10to50.root
2025-11-07 13:15:28,484 - INFO - [2022] MISSING_FILE: /home/choij/Sync/workspace/ChargedHiggsAnalysisV3/SKNanoOutput/PromptSelector/Run3Mu/2022/Skim_TriLep_DoubleMuon_C.root
2025-11-07 13:15:28,484 - INFO - [2022] MISSING_FILE: /home/choij/Sync/workspace/ChargedHiggsAnalysisV3/SKNanoOutput/PromptSelector/Run3Mu/2022/Skim_TriLep_Muon_C.root
2025-11-07 13:15:28,484 - INFO - [2022] MISSING_FILE: /home/choij/Sync/workspace/ChargedHiggsAnalysisV3/SKNanoOutput/PromptSelector/Run3Mu/2022/Skim_TriLep_Muon_D.root
2025-11-07 13:15:28,485 - INFO - [2022EE] MISSING_FILE: /home/choij/Sync/workspace/ChargedHiggsAnalysisV3/SKNanoOutput/PromptSelector/Run3Mu/2022EE/Skim_TriLep_Muon_E.root
2025-11-07 13:15:28,485 - INFO - [2022EE] MISSING_FILE: /home/choij/Sync/workspace/ChargedHiggsAnalysisV3/SKNanoOutput/PromptSelector/Run3Mu/2022EE/Skim_TriLep_Muon_F.root
2025-11-07 13:15:28,485 - INFO - [2022EE] MISSING_FILE: /home/choij/Sync/workspace/ChargedHiggsAnalysisV3/SKNanoOutput/PromptSelector/Run3Mu/2022EE/Skim_TriLep_Muon_G.root
2025-11-07 13:15:28,485 - INFO - [2023] MISSING_FILE: /home/choij/Sync/workspace/ChargedHiggsAnalysisV3/SKNanoOutput/PromptSelector/Run3Mu/2023/Skim_TriLep_Muon0_C_v1.root
2025-11-07 13:15:28,485 - INFO - [2023] MISSING_FILE: /home/choij/Sync/workspace/ChargedHiggsAnalysisV3/SKNanoOutput/PromptSelector/Run3Mu/2023/Skim_TriLep_Muon0_C_v2.root
2025-11-07 13:15:28,485 - INFO - [2023] MISSING_FILE: /home/choij/Sync/workspace/ChargedHiggsAnalysisV3/SKNanoOutput/PromptSelector/Run3Mu/2023/Skim_TriLep_Muon0_C_v3.root
2025-11-07 13:15:28,485 - INFO - [2023] MISSING_FILE: /home/choij/Sync/workspace/ChargedHiggsAnalysisV3/SKNanoOutput/PromptSelector/Run3Mu/2023/Skim_TriLep_Muon0_C_v4.root
2025-11-07 13:15:28,485 - INFO - [2023] MISSING_FILE: /home/choij/Sync/workspace/ChargedHiggsAnalysisV3/SKNanoOutput/PromptSelector/Run3Mu/2023/Skim_TriLep_Muon1_C_v1.root
2025-11-07 13:15:28,485 - INFO - [2023] MISSING_FILE: /home/choij/Sync/workspace/ChargedHiggsAnalysisV3/SKNanoOutput/PromptSelector/Run3Mu/2023/Skim_TriLep_Muon1_C_v2.root
2025-11-07 13:15:28,485 - INFO - [2023] MISSING_FILE: /home/choij/Sync/workspace/ChargedHiggsAnalysisV3/SKNanoOutput/PromptSelector/Run3Mu/2023/Skim_TriLep_Muon1_C_v3.root
2025-11-07 13:15:28,485 - INFO - [2023] MISSING_FILE: /home/choij/Sync/workspace/ChargedHiggsAnalysisV3/SKNanoOutput/PromptSelector/Run3Mu/2023/Skim_TriLep_Muon1_C_v4.root
2025-11-07 13:15:28,485 - INFO - [2023BPix] MISSING_FILE: /home/choij/Sync/workspace/ChargedHiggsAnalysisV3/SKNanoOutput/PromptSelector/Run3Mu/2023BPix/Skim_TriLep_Muon0_D_v1.root
2025-11-07 13:15:28,485 - INFO - [2023BPix] MISSING_FILE: /home/choij/Sync/workspace/ChargedHiggsAnalysisV3/SKNanoOutput/PromptSelector/Run3Mu/2023BPix/Skim_TriLep_Muon0_D_v2.root
2025-11-07 13:15:28,485 - INFO - [2023BPix] MISSING_FILE: /home/choij/Sync/workspace/ChargedHiggsAnalysisV3/SKNanoOutput/PromptSelector/Run3Mu/2023BPix/Skim_TriLep_Muon1_D_v1.root
2025-11-07 13:15:28,485 - INFO - [2023BPix] MISSING_FILE: /home/choij/Sync/workspace/ChargedHiggsAnalysisV3/SKNanoOutput/PromptSelector/Run3Mu/2023BPix/Skim_TriLep_Muon1_D_v2.root
2025-11-07 14:12:59,484 - INFO - [2022] MISSING_FILE: /home/choij/Sync/workspace/ChargedHiggsAnalysisV3/SKNanoOutput/PromptSelector/Run3Mu/2022/Skim_TriLep_DoubleMuon_C.root
2025-11-07 14:12:59,484 - INFO - [2022] MISSING_FILE: /home/choij/Sync/workspace/ChargedHiggsAnalysisV3/SKNanoOutput/PromptSelector/Run3Mu/2022/Skim_TriLep_Muon_C.root
2025-11-07 14:12:59,484 - INFO - [2022] MISSING_FILE: /home/choij/Sync/workspace/ChargedHiggsAnalysisV3/SKNanoOutput/PromptSelector/Run3Mu/2022/Skim_TriLep_Muon_D.root
2025-11-07 14:12:59,484 - INFO - [2022EE] MISSING_FILE: /home/choij/Sync/workspace/ChargedHiggsAnalysisV3/SKNanoOutput/PromptSelector/Run3Mu/2022EE/Skim_TriLep_Muon_E.root
2025-11-07 14:12:59,484 - INFO - [2022EE] MISSING_FILE: /home/choij/Sync/workspace/ChargedHiggsAnalysisV3/SKNanoOutput/PromptSelector/Run3Mu/2022EE/Skim_TriLep_Muon_F.root
2025-11-07 14:12:59,484 - INFO - [2022EE] MISSING_FILE: /home/choij/Sync/workspace/ChargedHiggsAnalysisV3/SKNanoOutput/PromptSelector/Run3Mu/2022EE/Skim_TriLep_Muon_G.root
2025-11-07 14:12:59,484 - INFO - [2023] MISSING_FILE: /home/choij/Sync/workspace/ChargedHiggsAnalysisV3/SKNanoOutput/PromptSelector/Run3Mu/2023/Skim_TriLep_Muon0_C_v1.root
2025-11-07 14:12:59,484 - INFO - [2023] MISSING_FILE: /home/choij/Sync/workspace/ChargedHiggsAnalysisV3/SKNanoOutput/PromptSelector/Run3Mu/2023/Skim_TriLep_Muon0_C_v2.root
2025-11-07 14:12:59,484 - INFO - [2023] MISSING_FILE: /home/choij/Sync/workspace/ChargedHiggsAnalysisV3/SKNanoOutput/PromptSelector/Run3Mu/2023/Skim_TriLep_Muon0_C_v3.root
2025-11-07 14:12:59,484 - INFO - [2023] MISSING_FILE: /home/choij/Sync/workspace/ChargedHiggsAnalysisV3/SKNanoOutput/PromptSelector/Run3Mu/2023/Skim_TriLep_Muon0_C_v4.root
2025-11-07 14:12:59,484 - INFO - [2023] MISSING_FILE: /home/choij/Sync/workspace/ChargedHiggsAnalysisV3/SKNanoOutput/PromptSelector/Run3Mu/2023/Skim_TriLep_Muon1_C_v1.root
2025-11-07 14:12:59,484 - INFO - [2023] MISSING_FILE: /home/choij/Sync/workspace/ChargedHiggsAnalysisV3/SKNanoOutput/PromptSelector/Run3Mu/2023/Skim_TriLep_Muon1_C_v2.root
2025-11-07 14:12:59,484 - INFO - [2023] MISSING_FILE: /home/choij/Sync/workspace/ChargedHiggsAnalysisV3/SKNanoOutput/PromptSelector/Run3Mu/2023/Skim_TriLep_Muon1_C_v3.root
2025-11-07 14:12:59,485 - INFO - [2023] MISSING_FILE: /home/choij/Sync/workspace/ChargedHiggsAnalysisV3/SKNanoOutput/PromptSelector/Run3Mu/2023/Skim_TriLep_Muon1_C_v4.root
2025-11-07 14:12:59,485 - INFO - [2023BPix] MISSING_FILE: /home/choij/Sync/workspace/ChargedHiggsAnalysisV3/SKNanoOutput/PromptSelector/Run3Mu/2023BPix/Skim_TriLep_Muon0_D_v1.root
2025-11-07 14:12:59,485 - INFO - [2023BPix] MISSING_FILE: /home/choij/Sync/workspace/ChargedHiggsAnalysisV3/SKNanoOutput/PromptSelector/Run3Mu/2023BPix/Skim_TriLep_Muon0_D_v2.root
2025-11-07 14:12:59,485 - INFO - [2023BPix] MISSING_FILE: /home/choij/Sync/workspace/ChargedHiggsAnalysisV3/SKNanoOutput/PromptSelector/Run3Mu/2023BPix/Skim_TriLep_Muon1_D_v1.root
2025-11-07 14:12:59,485 - INFO - [2023BPix] MISSING_FILE: /home/choij/Sync/workspace/ChargedHiggsAnalysisV3/SKNanoOutput/PromptSelector/Run3Mu/2023BPix/Skim_TriLep_Muon1_D_v2.root
2025-11-10 12:29:51,204 - INFO - [2022EE] MISSING_FILE: /home/choij/Sync/workspace/ChargedHiggsAnalysisV3/SKNanoOutput/PromptSelector/Run3Mu/2022EE/Skim_TriLep_Muon_F.root
2025-11-10 12:29:51,233 - INFO - [2022] MISSING_CENTRAL: SR3Mu/Central/muons/3/eta in Skim_TriLep_DYJets.root
2025-11-10 12:29:51,234 - INFO - [2022] MISSING_CENTRAL: SR3Mu/Central/muons/3/eta in Skim_TriLep_DYJets10to50.root
2025-11-10 12:29:51,234 - INFO - [2022] MISSING_CENTRAL: SR3Mu/Central/muons/3/eta in Skim_TriLep_DYGTo2LG_MLL4to50_PTG10to100.root
2025-11-10 12:29:51,235 - INFO - [2022] MISSING_CENTRAL: SR3Mu/Central/muons/3/eta in Skim_TriLep_DYGTo2LG_MLL4to50_PTG100to200.root
2025-11-10 12:29:51,235 - INFO - [2022] MISSING_CENTRAL: SR3Mu/Central/muons/3/eta in Skim_TriLep_DYGTo2LG_MLL4to50_PTG200toInf.root
2025-11-10 12:29:51,245 - INFO - [2022] MISSING_CENTRAL: SR3Mu/Central/muons/3/eta in Skim_TriLep_DYGTo2LG_MLL50_PTG100to200.root
2025-11-10 12:29:51,363 - INFO - [2022EE] MISSING_CENTRAL: SR3Mu/Central/muons/3/eta in Skim_TriLep_DYJets10to50.root
2025-11-10 12:29:51,388 - INFO - [2022EE] MISSING_CENTRAL: SR3Mu/Central/muons/3/eta in Skim_TriLep_DYGTo2LG_MLL50_PTG100to200.root
2025-11-10 12:29:51,519 - INFO - [2023] MISSING_CENTRAL: SR3Mu/Central/muons/3/eta in Skim_TriLep_DYJets10to50.root
2025-11-10 12:29:51,696 - INFO - [2023BPix] MISSING_CENTRAL: SR3Mu/Central/muons/3/eta in Skim_TriLep_DYJets10to50.root
2025-11-13 11:20:13,811 - INFO - [2022] MISSING_CENTRAL: SR3Mu/Central/muons/3/eta in Skim_TriLep_DYJets.root
2025-11-13 11:20:13,812 - INFO - [2022] MISSING_CENTRAL: SR3Mu/Central/muons/3/eta in Skim_TriLep_DYJets10to50.root
2025-11-13 11:20:13,813 - INFO - [2022] MISSING_CENTRAL: SR3Mu/Central/muons/3/eta in Skim_TriLep_DYGTo2LG_MLL4to50_PTG10to100.root
2025-11-13 11:20:13,814 - INFO - [2022] MISSING_CENTRAL: SR3Mu/Central/muons/3/eta in Skim_TriLep_DYGTo2LG_MLL4to50_PTG100to200.root
2025-11-13 11:20:13,814 - INFO - [2022] MISSING_CENTRAL: SR3Mu/Central/muons/3/eta in Skim_TriLep_DYGTo2LG_MLL4to50_PTG200toInf.root
2025-11-13 11:20:13,830 - INFO - [2022] MISSING_CENTRAL: SR3Mu/Central/muons/3/eta in Skim_TriLep_DYGTo2LG_MLL50_PTG100to200.root
2025-11-13 11:20:14,040 - INFO - [2022EE] MISSING_CENTRAL: SR3Mu/Central/muons/3/eta in Skim_TriLep_DYJets10to50.root
2025-11-13 11:20:14,082 - INFO - [2022EE] MISSING_CENTRAL: SR3Mu/Central/muons/3/eta in Skim_TriLep_DYGTo2LG_MLL50_PTG100to200.root
2025-11-13 11:20:14,303 - INFO - [2023] MISSING_CENTRAL: SR3Mu/Central/muons/3/eta in Skim_TriLep_DYJets10to50.root
2025-11-13 11:20:14,606 - INFO - [2023BPix] MISSING_CENTRAL: SR3Mu/Central/muons/3/eta in Skim_TriLep_DYJets10to50.root
2025-11-13 19:56:12,107 - INFO - [2022] MISSING_CENTRAL: SR3Mu/Central/muons/3/eta in Skim_TriLep_DYJets.root
2025-11-13 19:56:12,107 - INFO - [2022] MISSING_CENTRAL: SR3Mu/Central/muons/3/eta in Skim_TriLep_DYJets10to50.root
2025-11-13 19:56:12,108 - INFO - [2022] MISSING_CENTRAL: SR3Mu/Central/muons/3/eta in Skim_TriLep_DYGTo2LG_MLL4to50_PTG10to100.root
2025-11-13 19:56:12,108 - INFO - [2022] MISSING_CENTRAL: SR3Mu/Central/muons/3/eta in Skim_TriLep_DYGTo2LG_MLL4to50_PTG100to200.root
2025-11-13 19:56:12,109 - INFO - [2022] MISSING_CENTRAL: SR3Mu/Central/muons/3/eta in Skim_TriLep_DYGTo2LG_MLL4to50_PTG200toInf.root
2025-11-13 19:56:12,119 - INFO - [2022] MISSING_CENTRAL: SR3Mu/Central/muons/3/eta in Skim_TriLep_DYGTo2LG_MLL50_PTG100to200.root
2025-11-13 19:56:12,236 - INFO - [2022EE] MISSING_CENTRAL: SR3Mu/Central/muons/3/eta in Skim_TriLep_DYJets10to50.root
2025-11-13 19:56:12,259 - INFO - [2022EE] MISSING_CENTRAL: SR3Mu/Central/muons/3/eta in Skim_TriLep_DYGTo2LG_MLL50_PTG100to200.root
2025-11-13 19:56:12,389 - INFO - [2023] MISSING_CENTRAL: SR3Mu/Central/muons/3/eta in Skim_TriLep_DYJets10to50.root
2025-11-13 19:56:12,566 - INFO - [2023BPix] MISSING_CENTRAL: SR3Mu/Central/muons/3/eta in Skim_TriLep_DYJets10to50.root
2025-11-13 20:03:06,928 - INFO - [2022] MISSING_CENTRAL: SR3Mu/Central/muons/3/eta in Skim_TriLep_DYJets.root
2025-11-13 20:03:06,928 - INFO - [2022] MISSING_CENTRAL: SR3Mu/Central/muons/3/eta in Skim_TriLep_DYJets10to50.root
2025-11-13 20:03:06,929 - INFO - [2022] MISSING_CENTRAL: SR3Mu/Central/muons/3/eta in Skim_TriLep_DYGTo2LG_MLL4to50_PTG10to100.root
2025-11-13 20:03:06,929 - INFO - [2022] MISSING_CENTRAL: SR3Mu/Central/muons/3/eta in Skim_TriLep_DYGTo2LG_MLL4to50_PTG100to200.root
2025-11-13 20:03:06,930 - INFO - [2022] MISSING_CENTRAL: SR3Mu/Central/muons/3/eta in Skim_TriLep_DYGTo2LG_MLL4to50_PTG200toInf.root
2025-11-13 20:03:06,940 - INFO - [2022] MISSING_CENTRAL: SR3Mu/Central/muons/3/eta in Skim_TriLep_DYGTo2LG_MLL50_PTG100to200.root
2025-11-13 20:03:07,056 - INFO - [2022EE] MISSING_CENTRAL: SR3Mu/Central/muons/3/eta in Skim_TriLep_DYJets10to50.root
2025-11-13 20:03:07,080 - INFO - [2022EE] MISSING_CENTRAL: SR3Mu/Central/muons/3/eta in Skim_TriLep_DYGTo2LG_MLL50_PTG100to200.root
2025-11-13 20:03:07,230 - INFO - [2023] MISSING_CENTRAL: SR3Mu/Central/muons/3/eta in Skim_TriLep_DYJets10to50.root
2025-11-13 20:03:07,400 - INFO - [2023BPix] MISSING_CENTRAL: SR3Mu/Central/muons/3/eta in Skim_TriLep_DYJets10to50.root
2025-11-19 16:32:18,467 - INFO - [2022] MISSING_CENTRAL: SR3Mu/Central/muons/3/eta in Skim_TriLep_DYJets.root
2025-11-19 16:32:18,468 - INFO - [2022] MISSING_CENTRAL: SR3Mu/Central/muons/3/eta in Skim_TriLep_DYJets10to50.root
2025-11-19 16:32:18,468 - INFO - [2022] MISSING_CENTRAL: SR3Mu/Central/muons/3/eta in Skim_TriLep_DYGTo2LG_MLL4to50_PTG10to100.root
2025-11-19 16:32:18,468 - INFO - [2022] MISSING_CENTRAL: SR3Mu/Central/muons/3/eta in Skim_TriLep_DYGTo2LG_MLL4to50_PTG100to200.root
2025-11-19 16:32:18,469 - INFO - [2022] MISSING_CENTRAL: SR3Mu/Central/muons/3/eta in Skim_TriLep_DYGTo2LG_MLL4to50_PTG200toInf.root
2025-11-19 16:32:18,480 - INFO - [2022] MISSING_CENTRAL: SR3Mu/Central/muons/3/eta in Skim_TriLep_DYGTo2LG_MLL50_PTG100to200.root
2025-11-19 16:32:18,603 - INFO - [2022EE] MISSING_CENTRAL: SR3Mu/Central/muons/3/eta in Skim_TriLep_DYJets10to50.root
2025-11-19 16:32:18,630 - INFO - [2022EE] MISSING_CENTRAL: SR3Mu/Central/muons/3/eta in Skim_TriLep_DYGTo2LG_MLL50_PTG100to200.root
2025-11-19 16:32:18,863 - INFO - [2023] MISSING_CENTRAL: SR3Mu/Central/muons/3/eta in Skim_TriLep_DYJets10to50.root
2025-11-19 16:32:19,144 - INFO - [2023BPix] MISSING_CENTRAL: SR3Mu/Central/muons/3/eta in Skim_TriLep_DYJets10to50.root
2025-12-17 22:47:14,242 - INFO - [2022] MISSING_CENTRAL: SR3Mu/Central/muons/3/eta in Skim_TriLep_DYJets10to50.root
2025-12-17 22:47:14,433 - INFO - [2022EE] MISSING_CENTRAL: SR3Mu/Central/muons/3/eta in Skim_TriLep_DYJets10to50.root
2025-12-17 22:47:14,640 - INFO - [2023] MISSING_CENTRAL: SR3Mu/Central/muons/3/eta in Skim_TriLep_DYJets10to50.root
2025-12-17 22:47:14,846 - INFO - [2023BPix] MISSING_CENTRAL: SR3Mu/Central/muons/3/eta in Skim_TriLep_DYJets10to50.root
2025-12-18 14:49:12,746 - INFO - [2022] MISSING_CENTRAL: SR3Mu/Central/muons/3/eta in Skim_TriLep_DYJets10to50.root
2025-12-18 14:49:13,166 - INFO - [2022EE] MISSING_CENTRAL: SR3Mu/Central/muons/3/eta in Skim_TriLep_DYJets10to50.root
2025-12-18 14:49:13,433 - INFO - [2023] MISSING_CENTRAL: SR3Mu/Central/muons/3/eta in Skim_TriLep_DYJets10to50.root
2025-12-18 14:49:13,659 - INFO - [2023BPix] MISSING_CENTRAL: SR3Mu/Central/muons/3/eta in Skim_TriLep_DYJets10to50.root
2026-01-07 11:57:27,929 - INFO - [2022] MISSING_CENTRAL: SR3Mu/Central/muons/3/eta in Skim_TriLep_DYJets10to50.root
2026-01-07 11:57:28,119 - INFO - [2022EE] MISSING_CENTRAL: SR3Mu/Central/muons/3/eta in Skim_TriLep_DYJets10to50.root
2026-01-07 11:57:28,324 - INFO - [2023] MISSING_CENTRAL: SR3Mu/Central/muons/3/eta in Skim_TriLep_DYJets10to50.root
2026-01-07 11:57:28,532 - INFO - [2023BPix] MISSING_CENTRAL: SR3Mu/Central/muons/3/eta in Skim_TriLep_DYJets10to50.root
2026-01-07 18:54:05,909 - INFO - [2022] MISSING_CENTRAL: SR3Mu/Central/muons/3/eta in Skim_TriLep_DYJets10to50.root
2026-01-07 18:54:06,100 - INFO - [2022EE] MISSING_CENTRAL: SR3Mu/Central/muons/3/eta in Skim_TriLep_DYJets10to50.root
2026-01-07 18:54:06,301 - INFO - [2023] MISSING_CENTRAL: SR3Mu/Central/muons/3/eta in Skim_TriLep_DYJets10to50.root
2026-01-07 18:54:06,504 - INFO - [2023BPix] MISSING_CENTRAL: SR3Mu/Central/muons/3/eta in Skim_TriLep_DYJets10to50.root
2026-01-07 19:31:57,668 - INFO - [2022] MISSING_CENTRAL: SR3Mu/Central/muons/3/eta in Skim_TriLep_DYJets10to50.root
2026-01-07 19:31:57,853 - INFO - [2022EE] MISSING_CENTRAL: SR3Mu/Central/muons/3/eta in Skim_TriLep_DYJets10to50.root
2026-01-07 19:31:58,058 - INFO - [2023] MISSING_CENTRAL: SR3Mu/Central/muons/3/eta in Skim_TriLep_DYJets10to50.root
2026-01-07 19:31:58,264 - INFO - [2023BPix] MISSING_CENTRAL: SR3Mu/Central/muons/3/eta in Skim_TriLep_DYJets10to50.root
2026-01-09 12:29:25,640 - INFO - [2022] MISSING_CENTRAL: SR3Mu/Central/muons/3/eta in Skim_TriLep_DYJets10to50.root
2026-01-09 12:29:25,752 - INFO - [2022EE] MISSING_CENTRAL: SR3Mu/Central/muons/3/eta in Skim_TriLep_DYJets10to50.root
2026-01-09 12:29:25,874 - INFO - [2023] MISSING_CENTRAL: SR3Mu/Central/muons/3/eta in Skim_TriLep_DYJets10to50.root
2026-01-09 12:29:25,994 - INFO - [2023BPix] MISSING_CENTRAL: SR3Mu/Central/muons/3/eta in Skim_TriLep_DYJets10to50.root
2026-01-11 09:49:25,346 - INFO - [2022] MISSING_CENTRAL: SR3Mu/Central/muons/3/eta in Skim_TriLep_DYJets10to50.root
2026-01-11 09:49:25,458 - INFO - [2022EE] MISSING_CENTRAL: SR3Mu/Central/muons/3/eta in Skim_TriLep_DYJets10to50.root
2026-01-11 09:49:25,580 - INFO - [2023] MISSING_CENTRAL: SR3Mu/Central/muons/3/eta in Skim_TriLep_DYJets10to50.root
2026-01-11 09:49:25,705 - INFO - [2023BPix] MISSING_CENTRAL: SR3Mu/Central/muons/3/eta in Skim_TriLep_DYJets10to50.root
2026-01-12 13:58:22,817 - INFO - [2022] MISSING_FILE: /home/choij/Sync/workspace/ChargedHiggsAnalysisV3/SKNanoOutput/MatrixSelector/Run3Mu/2022/Skim_TriLep_DoubleMuon_C.root
2026-01-12 13:58:22,817 - INFO - [2022] MISSING_FILE: /home/choij/Sync/workspace/ChargedHiggsAnalysisV3/SKNanoOutput/MatrixSelector/Run3Mu/2022/Skim_TriLep_Muon_C.root
2026-01-12 13:58:22,818 - INFO - [2022] MISSING_FILE: /home/choij/Sync/workspace/ChargedHiggsAnalysisV3/SKNanoOutput/MatrixSelector/Run3Mu/2022/Skim_TriLep_Muon_D.root
2026-01-12 13:58:22,841 - INFO - [2022] MISSING_CENTRAL: SR3Mu/Central/muons/3/eta in Skim_TriLep_DYJets10to50.root
2026-01-12 13:58:22,944 - INFO - [2022EE] MISSING_FILE: /home/choij/Sync/workspace/ChargedHiggsAnalysisV3/SKNanoOutput/MatrixSelector/Run3Mu/2022EE/Skim_TriLep_Muon_E.root
2026-01-12 13:58:22,944 - INFO - [2022EE] MISSING_FILE: /home/choij/Sync/workspace/ChargedHiggsAnalysisV3/SKNanoOutput/MatrixSelector/Run3Mu/2022EE/Skim_TriLep_Muon_F.root
2026-01-12 13:58:22,944 - INFO - [2022EE] MISSING_FILE: /home/choij/Sync/workspace/ChargedHiggsAnalysisV3/SKNanoOutput/MatrixSelector/Run3Mu/2022EE/Skim_TriLep_Muon_G.root
2026-01-12 13:58:22,951 - INFO - [2022EE] MISSING_CENTRAL: SR3Mu/Central/muons/3/eta in Skim_TriLep_DYJets10to50.root
2026-01-12 13:58:23,063 - INFO - [2023] MISSING_FILE: /home/choij/Sync/workspace/ChargedHiggsAnalysisV3/SKNanoOutput/MatrixSelector/Run3Mu/2023/Skim_TriLep_Muon0_C_v1.root
2026-01-12 13:58:23,063 - INFO - [2023] MISSING_FILE: /home/choij/Sync/workspace/ChargedHiggsAnalysisV3/SKNanoOutput/MatrixSelector/Run3Mu/2023/Skim_TriLep_Muon0_C_v2.root
2026-01-12 13:58:23,063 - INFO - [2023] MISSING_FILE: /home/choij/Sync/workspace/ChargedHiggsAnalysisV3/SKNanoOutput/MatrixSelector/Run3Mu/2023/Skim_TriLep_Muon0_C_v3.root
2026-01-12 13:58:23,064 - INFO - [2023] MISSING_FILE: /home/choij/Sync/workspace/ChargedHiggsAnalysisV3/SKNanoOutput/MatrixSelector/Run3Mu/2023/Skim_TriLep_Muon0_C_v4.root
2026-01-12 13:58:23,064 - INFO - [2023] MISSING_FILE: /home/choij/Sync/workspace/ChargedHiggsAnalysisV3/SKNanoOutput/MatrixSelector/Run3Mu/2023/Skim_TriLep_Muon1_C_v1.root
2026-01-12 13:58:23,064 - INFO - [2023] MISSING_FILE: /home/choij/Sync/workspace/ChargedHiggsAnalysisV3/SKNanoOutput/MatrixSelector/Run3Mu/2023/Skim_TriLep_Muon1_C_v2.root
2026-01-12 13:58:23,064 - INFO - [2023] MISSING_FILE: /home/choij/Sync/workspace/ChargedHiggsAnalysisV3/SKNanoOutput/MatrixSelector/Run3Mu/2023/Skim_TriLep_Muon1_C_v3.root
2026-01-12 13:58:23,064 - INFO - [2023] MISSING_FILE: /home/choij/Sync/workspace/ChargedHiggsAnalysisV3/SKNanoOutput/MatrixSelector/Run3Mu/2023/Skim_TriLep_Muon1_C_v4.root
2026-01-12 13:58:23,071 - INFO - [2023] MISSING_CENTRAL: SR3Mu/Central/muons/3/eta in Skim_TriLep_DYJets10to50.root
2026-01-12 13:58:23,187 - INFO - [2023BPix] MISSING_FILE: /home/choij/Sync/workspace/ChargedHiggsAnalysisV3/SKNanoOutput/MatrixSelector/Run3Mu/2023BPix/Skim_TriLep_Muon0_D_v1.root
2026-01-12 13:58:23,188 - INFO - [2023BPix] MISSING_FILE: /home/choij/Sync/workspace/ChargedHiggsAnalysisV3/SKNanoOutput/MatrixSelector/Run3Mu/2023BPix/Skim_TriLep_Muon0_D_v2.root
2026-01-12 13:58:23,188 - INFO - [2023BPix] MISSING_FILE: /home/choij/Sync/workspace/ChargedHiggsAnalysisV3/SKNanoOutput/MatrixSelector/Run3Mu/2023BPix/Skim_TriLep_Muon1_D_v1.root
2026-01-12 13:58:23,188 - INFO - [2023BPix] MISSING_FILE: /home/choij/Sync/workspace/ChargedHiggsAnalysisV3/SKNanoOutput/MatrixSelector/Run3Mu/2023BPix/Skim_TriLep_Muon1_D_v2.root
2026-01-12 13:58:23,195 - INFO - [2023BPix] MISSING_CENTRAL: SR3Mu/Central/muons/3/eta in Skim_TriLep_DYJets10to50.root
2026-01-16 19:12:54,854 - INFO - [2022] MISSING_CENTRAL: SR3Mu/Central/muons/3/eta in Skim_TriLep_DYJets10to50.root
2026-01-16 19:12:54,974 - INFO - [2022EE] MISSING_CENTRAL: SR3Mu/Central/muons/3/eta in Skim_TriLep_DYJets10to50.root
2026-01-16 19:12:55,099 - INFO - [2023] MISSING_CENTRAL: SR3Mu/Central/muons/3/eta in Skim_TriLep_DYJets10to50.root
2026-01-16 19:12:55,222 - INFO - [2023BPix] MISSING_CENTRAL: SR3Mu/Central/muons/3/eta in Skim_TriLep_DYJets10to50.root
2026-01-21 13:02:13,013 - INFO - [2022] MISSING_CENTRAL: SR3Mu/Central/muons/3/eta in Skim_TriLep_DYJets10to50.root
2026-01-21 13:02:13,489 - INFO - [2022EE] MISSING_CENTRAL: SR3Mu/Central/muons/3/eta in Skim_TriLep_DYJets10to50.root
2026-01-21 13:02:14,047 - INFO - [2023] MISSING_CENTRAL: SR3Mu/Central/muons/3/eta in Skim_TriLep_DYJets10to50.root
2026-01-21 13:02:14,599 - INFO - [2023BPix] MISSING_CENTRAL: SR3Mu/Central/muons/3/eta in Skim_TriLep_DYJets10to50.root
2026-01-21 14:50:40,967 - INFO - [2022] MISSING_CENTRAL: SR3Mu/Central/muons/3/eta in Skim_TriLep_DYJets10to50.root
2026-01-21 14:50:41,084 - INFO - [2022EE] MISSING_CENTRAL: SR3Mu/Central/muons/3/eta in Skim_TriLep_DYJets10to50.root
2026-01-21 14:50:41,212 - INFO - [2023] MISSING_CENTRAL: SR3Mu/Central/muons/3/eta in Skim_TriLep_DYJets10to50.root
2026-01-21 14:50:41,342 - INFO - [2023BPix] MISSING_CENTRAL: SR3Mu/Central/muons/3/eta in Skim_TriLep_DYJets10to50.root
2026-01-28 17:09:36,652 - INFO - [2022] MISSING_CENTRAL: SR3Mu/Central/muons/3/eta in Skim_TriLep_DYJets10to50.root
2026-01-28 17:09:36,783 - INFO - [2022EE] MISSING_CENTRAL: SR3Mu/Central/muons/3/eta in Skim_TriLep_DYJets10to50.root
2026-01-28 17:09:36,939 - INFO - [2023] MISSING_CENTRAL: SR3Mu/Central/muons/3/eta in Skim_TriLep_DYJets10to50.root
2026-01-28 17:09:37,073 - INFO - [2023BPix] MISSING_CENTRAL: SR3Mu/Central/muons/3/eta in Skim_TriLep_DYJets10to50.root
2026-01-28 17:30:06,075 - INFO - [2022] MISSING_CENTRAL: SR3Mu/Central/muons/3/eta in Skim_TriLep_DYJets10to50.root
2026-01-28 17:30:06,211 - INFO - [2022EE] MISSING_CENTRAL: SR3Mu/Central/muons/3/eta in Skim_TriLep_DYJets10to50.root
2026-01-28 17:30:06,354 - INFO - [2023] MISSING_CENTRAL: SR3Mu/Central/muons/3/eta in Skim_TriLep_DYJets10to50.root
2026-01-28 17:30:06,497 - INFO - [2023BPix] MISSING_CENTRAL: SR3Mu/Central/muons/3/eta in Skim_TriLep_DYJets10to50.root
2026-01-28 20:03:57,794 - INFO - [2022] MISSING_CENTRAL: SR3Mu/Central/muons/3/eta in Skim_TriLep_DYJets10to50.root
2026-01-28 20:03:57,957 - INFO - [2022EE] MISSING_CENTRAL: SR3Mu/Central/muons/3/eta in Skim_TriLep_DYJets10to50.root
2026-01-28 20:03:58,203 - INFO - [2023] MISSING_CENTRAL: SR3Mu/Central/muons/3/eta in Skim_TriLep_DYJets10to50.root
2026-01-28 20:03:58,343 - INFO - [2023BPix] MISSING_CENTRAL: SR3Mu/Central/muons/3/eta in Skim_TriLep_DYJets10to50.root
2026-01-29 07:20:20,566 - INFO - [2022] MISSING_CENTRAL: SR3Mu/Central/muons/3/eta in Skim_TriLep_DYJets10to50.root
2026-01-29 07:20:20,679 - INFO - [2022EE] MISSING_CENTRAL: SR3Mu/Central/muons/3/eta in Skim_TriLep_DYJets10to50.root
2026-01-29 07:20:20,797 - INFO - [2023] MISSING_CENTRAL: SR3Mu/Central/muons/3/eta in Skim_TriLep_DYJets10to50.root
2026-01-29 07:20:20,919 - INFO - [2023BPix] MISSING_CENTRAL: SR3Mu/Central/muons/3/eta in Skim_TriLep_DYJets10to50.root
2026-03-06 09:45:13,608 - INFO - [2022] MISSING_CENTRAL: SR3Mu/Central/muons/3/eta in Skim_TriLep_DYJets10to50.root
2026-03-06 09:45:13,724 - INFO - [2022EE] MISSING_CENTRAL: SR3Mu/Central/muons/3/eta in Skim_TriLep_DYJets10to50.root
2026-03-06 09:45:13,848 - INFO - [2023] MISSING_CENTRAL: SR3Mu/Central/muons/3/eta in Skim_TriLep_DYJets10to50.root
2026-03-06 09:45:13,974 - INFO - [2023BPix] MISSING_CENTRAL: SR3Mu/Central/muons/3/eta in Skim_TriLep_DYJets10to50.root
2026-03-06 19:50:59,180 - INFO - [2022] MISSING_CENTRAL: SR3Mu/Central/muons/3/eta in Skim_TriLep_DYJets10to50.root
2026-03-06 19:50:59,302 - INFO - [2022EE] MISSING_CENTRAL: SR3Mu/Central/muons/3/eta in Skim_TriLep_DYJets10to50.root
2026-03-06 19:50:59,422 - INFO - [2023] MISSING_CENTRAL: SR3Mu/Central/muons/3/eta in Skim_TriLep_DYJets10to50.root
2026-03-06 19:50:59,543 - INFO - [2023BPix] MISSING_CENTRAL: SR3Mu/Central/muons/3/eta in Skim_TriLep_DYJets10to50.root
2026-04-10 20:25:53,170 - INFO - [2022] MISSING_CENTRAL: SR3Mu/Central/muons/3/eta in Skim_TriLep_DYJets10to50.root
2026-04-10 20:25:53,287 - INFO - [2022EE] MISSING_CENTRAL: SR3Mu/Central/muons/3/eta in Skim_TriLep_DYJets10to50.root
2026-04-10 20:25:53,414 - INFO - [2023] MISSING_CENTRAL: SR3Mu/Central/muons/3/eta in Skim_TriLep_DYJets10to50.root
2026-04-10 20:25:53,572 - INFO - [2023BPix] MISSING_CENTRAL: SR3Mu/Central/muons/3/eta in Skim_TriLep_DYJets10to50.root
2026-04-12 11:41:18,529 - INFO - [2022] MISSING_CENTRAL: SR3Mu/Central/muons/3/eta in Skim_TriLep_DYJets10to50.root
2026-04-12 11:41:18,657 - INFO - [2022EE] MISSING_CENTRAL: SR3Mu/Central/muons/3/eta in Skim_TriLep_DYJets10to50.root
2026-04-12 11:41:18,786 - INFO - [2023] MISSING_CENTRAL: SR3Mu/Central/muons/3/eta in Skim_TriLep_DYJets10to50.root
2026-04-12 11:41:18,918 - INFO - [2023BPix] MISSING_CENTRAL: SR3Mu/Central/muons/3/eta in Skim_TriLep_DYJets10to50.root
2026-04-12 12:22:58,383 - INFO - [2022] MISSING_CENTRAL: SR3Mu/Central/muons/3/eta in Skim_TriLep_DYJets10to50.root
2026-04-12 12:22:58,502 - INFO - [2022EE] MISSING_CENTRAL: SR3Mu/Central/muons/3/eta in Skim_TriLep_DYJets10to50.root
2026-04-12 12:22:58,627 - INFO - [2023] MISSING_CENTRAL: SR3Mu/Central/muons/3/eta in Skim_TriLep_DYJets10to50.root
2026-04-12 12:22:58,755 - INFO - [2023BPix] MISSING_CENTRAL: SR3Mu/Central/muons/3/eta in Skim_TriLep_DYJets10to50.root
2026-04-12 12:42:37,586 - INFO - [2022] MISSING_CENTRAL: SR3Mu/Central/muons/3/eta in Skim_TriLep_DYJets10to50.root
2026-04-12 12:42:37,705 - INFO - [2022EE] MISSING_CENTRAL: SR3Mu/Central/muons/3/eta in Skim_TriLep_DYJets10to50.root
2026-04-12 12:42:37,828 - INFO - [2023] MISSING_CENTRAL: SR3Mu/Central/muons/3/eta in Skim_TriLep_DYJets10to50.root
2026-04-12 12:42:37,953 - INFO - [2023BPix] MISSING_CENTRAL: SR3Mu/Central/muons/3/eta in Skim_TriLep_DYJets10to50.root
2026-04-12 20:50:48,510 - INFO - [2022] MISSING_CENTRAL: SR3Mu/Central/muons/3/eta in Skim_TriLep_DYJets10to50.root
2026-04-12 20:50:48,700 - INFO - [2022EE] MISSING_CENTRAL: SR3Mu/Central/muons/3/eta in Skim_TriLep_DYJets10to50.root
2026-04-12 20:50:48,873 - INFO - [2023] MISSING_CENTRAL: SR3Mu/Central/muons/3/eta in Skim_TriLep_DYJets10to50.root
2026-04-12 20:50:49,013 - INFO - [2023BPix] MISSING_CENTRAL: SR3Mu/Central/muons/3/eta in Skim_TriLep_DYJets10to50.root
2026-04-12 21:22:22,846 - INFO - [2022] MISSING_CENTRAL: SR3Mu/Central/muons/3/eta in Skim_TriLep_DYJets10to50.root
2026-04-12 21:22:22,970 - INFO - [2022EE] MISSING_CENTRAL: SR3Mu/Central/muons/3/eta in Skim_TriLep_DYJets10to50.root
2026-04-12 21:22:23,096 - INFO - [2023] MISSING_CENTRAL: SR3Mu/Central/muons/3/eta in Skim_TriLep_DYJets10to50.root
2026-04-12 21:22:23,222 - INFO - [2023BPix] MISSING_CENTRAL: SR3Mu/Central/muons/3/eta in Skim_TriLep_DYJets10to50.root
2026-04-13 13:00:11,921 - INFO - [2022] MISSING_CENTRAL: SR3Mu/Central/muons/3/eta in Skim_TriLep_DYJets10to50.root
2026-04-13 13:00:12,052 - INFO - [2022EE] MISSING_CENTRAL: SR3Mu/Central/muons/3/eta in Skim_TriLep_DYJets10to50.root
2026-04-13 13:00:12,188 - INFO - [2023] MISSING_CENTRAL: SR3Mu/Central/muons/3/eta in Skim_TriLep_DYJets10to50.root
2026-04-13 13:00:12,328 - INFO - [2023BPix] MISSING_CENTRAL: SR3Mu/Central/muons/3/eta in Skim_TriLep_DYJets10to50.root
2026-04-16 17:32:28,118 - INFO - [2022] MISSING_CENTRAL: SR3Mu/Central/muons/3/eta in Skim_TriLep_DYJets10to50.root
2026-04-16 17:32:28,247 - INFO - [2022EE] MISSING_CENTRAL: SR3Mu/Central/muons/3/eta in Skim_TriLep_DYJets10to50.root
2026-04-16 17:32:28,382 - INFO - [2023] MISSING_CENTRAL: SR3Mu/Central/muons/3/eta in Skim_TriLep_DYJets10to50.root
2026-04-16 17:32:28,524 - INFO - [2023BPix] MISSING_CENTRAL: SR3Mu/Central/muons/3/eta in Skim_TriLep_DYJets10to50.root
2026-04-16 17:42:43,582 - INFO - [2022] MISSING_CENTRAL: SR3Mu/Central/muons/3/eta in Skim_TriLep_DYJets10to50.root
2026-04-16 17:42:43,710 - INFO - [2022EE] MISSING_CENTRAL: SR3Mu/Central/muons/3/eta in Skim_TriLep_DYJets10to50.root
2026-04-16 17:42:43,846 - INFO - [2023] MISSING_CENTRAL: SR3Mu/Central/muons/3/eta in Skim_TriLep_DYJets10to50.root
2026-04-16 17:42:43,987 - INFO - [2023BPix] MISSING_CENTRAL: SR3Mu/Central/muons/3/eta in Skim_TriLep_DYJets10to50.root
2026-04-28 15:13:07,579 - INFO - [2022] MISSING_CENTRAL: SR3Mu/Central/muons/3/eta in Skim_TriLep_DYJets10to50.root
2026-04-28 15:13:07,716 - INFO - [2022EE] MISSING_CENTRAL: SR3Mu/Central/muons/3/eta in Skim_TriLep_DYJets10to50.root
2026-04-28 15:13:07,860 - INFO - [2023] MISSING_CENTRAL: SR3Mu/Central/muons/3/eta in Skim_TriLep_DYJets10to50.root
2026-04-28 15:13:08,005 - INFO - [2023BPix] MISSING_CENTRAL: SR3Mu/Central/muons/3/eta in Skim_TriLep_DYJets10to50.root
2026-04-28 15:19:23,459 - INFO - [2022] MISSING_CENTRAL: SR3Mu/Central/muons/3/eta in Skim_TriLep_DYJets10to50.root
2026-04-28 15:19:23,594 - INFO - [2022EE] MISSING_CENTRAL: SR3Mu/Central/muons/3/eta in Skim_TriLep_DYJets10to50.root
2026-04-28 15:19:23,731 - INFO - [2023] MISSING_CENTRAL: SR3Mu/Central/muons/3/eta in Skim_TriLep_DYJets10to50.root
2026-04-28 15:19:23,868 - INFO - [2023BPix] MISSING_CENTRAL: SR3Mu/Central/muons/3/eta in Skim_TriLep_DYJets10to50.root
2026-04-28 15:21:28,847 - INFO - [2022] MISSING_CENTRAL: SR3Mu/Central/muons/3/eta in Skim_TriLep_DYJets10to50.root
2026-04-28 15:21:28,976 - INFO - [2022EE] MISSING_CENTRAL: SR3Mu/Central/muons/3/eta in Skim_TriLep_DYJets10to50.root
2026-04-28 15:21:29,115 - INFO - [2023] MISSING_CENTRAL: SR3Mu/Central/muons/3/eta in Skim_TriLep_DYJets10to50.root
2026-04-28 15:21:29,256 - INFO - [2023BPix] MISSING_CENTRAL: SR3Mu/Central/muons/3/eta in Skim_TriLep_DYJets10to50.root
2026-04-28 20:32:35,035 - INFO - [2022] MISSING_CENTRAL: SR3Mu/Central/muons/3/eta in Skim_TriLep_DYJets10to50.root
2026-04-28 20:32:35,165 - INFO - [2022EE] MISSING_CENTRAL: SR3Mu/Central/muons/3/eta in Skim_TriLep_DYJets10to50.root
2026-04-28 20:32:35,301 - INFO - [2023] MISSING_CENTRAL: SR3Mu/Central/muons/3/eta in Skim_TriLep_DYJets10to50.root
2026-04-28 20:32:35,439 - INFO - [2023BPix] MISSING_CENTRAL: SR3Mu/Central/muons/3/eta in Skim_TriLep_DYJets10to50.root
2026-04-28 20:34:34,597 - INFO - [2022] MISSING_CENTRAL: SR3Mu/Central/muons/3/eta in Skim_TriLep_DYJets10to50.root
2026-04-28 20:34:34,723 - INFO - [2022EE] MISSING_CENTRAL: SR3Mu/Central/muons/3/eta in Skim_TriLep_DYJets10to50.root
2026-04-28 20:34:34,859 - INFO - [2023] MISSING_CENTRAL: SR3Mu/Central/muons/3/eta in Skim_TriLep_DYJets10to50.root
2026-04-28 20:34:34,997 - INFO - [2023BPix] MISSING_CENTRAL: SR3Mu/Central/muons/3/eta in Skim_TriLep_DYJets10to50.root
2026-05-04 15:39:01,919 - INFO - [2022] MISSING_CENTRAL: SR3Mu/Central/muons/3/eta in Skim_TriLep_DYJets10to50.root
2026-05-04 15:39:02,414 - INFO - [2022EE] MISSING_CENTRAL: SR3Mu/Central/muons/3/eta in Skim_TriLep_DYJets10to50.root
2026-05-04 15:39:02,981 - INFO - [2023] MISSING_CENTRAL: SR3Mu/Central/muons/3/eta in Skim_TriLep_DYJets10to50.root
2026-05-04 15:39:03,520 - INFO - [2023BPix] MISSING_CENTRAL: SR3Mu/Central/muons/3/eta in Skim_TriLep_DYJets10to50.root
2026-05-04 15:41:13,390 - INFO - [2022] MISSING_CENTRAL: SR3Mu/Central/muons/3/eta in Skim_TriLep_DYJets10to50.root
2026-05-04 15:41:13,524 - INFO - [2022EE] MISSING_CENTRAL: SR3Mu/Central/muons/3/eta in Skim_TriLep_DYJets10to50.root
2026-05-04 15:41:13,669 - INFO - [2023] MISSING_CENTRAL: SR3Mu/Central/muons/3/eta in Skim_TriLep_DYJets10to50.root
2026-05-04 15:41:13,836 - INFO - [2023BPix] MISSING_CENTRAL: SR3Mu/Central/muons/3/eta in Skim_TriLep_DYJets10to50.root
2026-05-04 16:03:12,182 - INFO - [2022] MISSING_CENTRAL: SR3Mu/Central/muons/3/eta in Skim_TriLep_DYJets10to50.root
2026-05-04 16:03:12,313 - INFO - [2022EE] MISSING_CENTRAL: SR3Mu/Central/muons/3/eta in Skim_TriLep_DYJets10to50.root
2026-05-04 16:03:12,452 - INFO - [2023] MISSING_CENTRAL: SR3Mu/Central/muons/3/eta in Skim_TriLep_DYJets10to50.root
2026-05-04 16:03:12,594 - INFO - [2023BPix] MISSING_CENTRAL: SR3Mu/Central/muons/3/eta in Skim_TriLep_DYJets10to50.root
2026-05-04 16:05:14,739 - INFO - [2022] MISSING_CENTRAL: SR3Mu/Central/muons/3/eta in Skim_TriLep_DYJets10to50.root
2026-05-04 16:05:14,865 - INFO - [2022EE] MISSING_CENTRAL: SR3Mu/Central/muons/3/eta in Skim_TriLep_DYJets10to50.root
2026-05-04 16:05:15,013 - INFO - [2023] MISSING_CENTRAL: SR3Mu/Central/muons/3/eta in Skim_TriLep_DYJets10to50.root
2026-05-04 16:05:15,157 - INFO - [2023BPix] MISSING_CENTRAL: SR3Mu/Central/muons/3/eta in Skim_TriLep_DYJets10to50.root
2026-05-04 17:02:19,851 - INFO - [2022] MISSING_CENTRAL: SR3Mu/Central/muons/3/eta in Skim_TriLep_DYJets10to50.root
2026-05-04 17:02:19,984 - INFO - [2022EE] MISSING_CENTRAL: SR3Mu/Central/muons/3/eta in Skim_TriLep_DYJets10to50.root
2026-05-04 17:02:20,125 - INFO - [2023] MISSING_CENTRAL: SR3Mu/Central/muons/3/eta in Skim_TriLep_DYJets10to50.root
2026-05-04 17:02:20,267 - INFO - [2023BPix] MISSING_CENTRAL: SR3Mu/Central/muons/3/eta in Skim_TriLep_DYJets10to50.root
2026-05-04 17:12:07,508 - INFO - [2022] MISSING_CENTRAL: SR3Mu/Central/muons/3/eta in Skim_TriLep_DYJets10to50.root
2026-05-04 17:12:07,673 - INFO - [2022EE] MISSING_CENTRAL: SR3Mu/Central/muons/3/eta in Skim_TriLep_DYJets10to50.root
2026-05-04 17:12:07,804 - INFO - [2023] MISSING_CENTRAL: SR3Mu/Central/muons/3/eta in Skim_TriLep_DYJets10to50.root
2026-05-04 17:12:07,935 - INFO - [2023BPix] MISSING_CENTRAL: SR3Mu/Central/muons/3/eta in Skim_TriLep_DYJets10to50.root
2026-05-28 15:39:21,666 - INFO - [2022] MISSING_CENTRAL: SR3Mu/Central/muons/3/eta in Skim_TriLep_DYJets10to50.root
2026-05-28 15:39:21,897 - INFO - [2022EE] MISSING_CENTRAL: SR3Mu/Central/muons/3/eta in Skim_TriLep_DYJets10to50.root
2026-05-28 15:39:22,174 - INFO - [2023] MISSING_CENTRAL: SR3Mu/Central/muons/3/eta in Skim_TriLep_DYJets10to50.root
2026-05-28 15:39:22,408 - INFO - [2023BPix] MISSING_CENTRAL: SR3Mu/Central/muons/3/eta in Skim_TriLep_DYJets10to50.root
2026-05-28 15:48:49,326 - INFO - [2022] MISSING_CENTRAL: SR3Mu/Central/muons/3/eta in Skim_TriLep_DYJets10to50.root
2026-05-28 15:48:49,556 - INFO - [2022EE] MISSING_CENTRAL: SR3Mu/Central/muons/3/eta in Skim_TriLep_DYJets10to50.root
2026-05-28 15:48:49,781 - INFO - [2023] MISSING_CENTRAL: SR3Mu/Central/muons/3/eta in Skim_TriLep_DYJets10to50.root
2026-05-28 15:48:50,006 - INFO - [2023BPix] MISSING_CENTRAL: SR3Mu/Central/muons/3/eta in Skim_TriLep_DYJets10to50.root
2026-05-29 15:20:09,541 - INFO - [2022] MISSING_CENTRAL: SR3Mu/Central/muons/3/eta in Skim_TriLep_DYJets10to50.root
2026-05-29 15:20:10,054 - INFO - [2022EE] MISSING_CENTRAL: SR3Mu/Central/muons/3/eta in Skim_TriLep_DYJets10to50.root
2026-05-29 15:20:10,654 - INFO - [2023] MISSING_CENTRAL: SR3Mu/Central/muons/3/eta in Skim_TriLep_DYJets10to50.root
2026-05-29 15:20:11,190 - INFO - [2023BPix] MISSING_CENTRAL: SR3Mu/Central/muons/3/eta in Skim_TriLep_DYJets10to50.root
2026-05-29 15:22:20,845 - INFO - [2022] MISSING_CENTRAL: SR3Mu/Central/muons/3/eta in Skim_TriLep_DYJets10to50.root
2026-05-29 15:22:20,969 - INFO - [2022EE] MISSING_CENTRAL: SR3Mu/Central/muons/3/eta in Skim_TriLep_DYJets10to50.root
2026-05-29 15:22:21,105 - INFO - [2023] MISSING_CENTRAL: SR3Mu/Central/muons/3/eta in Skim_TriLep_DYJets10to50.root
2026-05-29 15:22:21,245 - INFO - [2023BPix] MISSING_CENTRAL: SR3Mu/Central/muons/3/eta in Skim_TriLep_DYJets10to50.root
2026-05-29 15:30:07,718 - INFO - [2022] MISSING_CENTRAL: SR3Mu/Central/muons/3/eta in Skim_TriLep_DYJets10to50.root
2026-05-29 15:30:07,844 - INFO - [2022EE] MISSING_CENTRAL: SR3Mu/Central/muons/3/eta in Skim_TriLep_DYJets10to50.root
2026-05-29 15:30:07,983 - INFO - [2023] MISSING_CENTRAL: SR3Mu/Central/muons/3/eta in Skim_TriLep_DYJets10to50.root
2026-05-29 15:30:08,122 - INFO - [2023BPix] MISSING_CENTRAL: SR3Mu/Central/muons/3/eta in Skim_TriLep_DYJets10to50.root
2026-05-29 15:39:48,854 - INFO - [2022] MISSING_CENTRAL: SR3Mu/Central/muons/3/eta in Skim_TriLep_DYJets10to50.root
2026-05-29 15:39:48,979 - INFO - [2022EE] MISSING_CENTRAL: SR3Mu/Central/muons/3/eta in Skim_TriLep_DYJets10to50.root
2026-05-29 15:39:49,113 - INFO - [2023] MISSING_CENTRAL: SR3Mu/Central/muons/3/eta in Skim_TriLep_DYJets10to50.root
2026-05-29 15:39:49,251 - INFO - [2023BPix] MISSING_CENTRAL: SR3Mu/Central/muons/3/eta in Skim_TriLep_DYJets10to50.root
2026-05-29 18:21:15,602 - INFO - [2022] MISSING_CENTRAL: SR3Mu/Central/muons/3/eta in Skim_TriLep_DYJets10to50.root
2026-05-29 18:21:15,727 - INFO - [2022EE] MISSING_CENTRAL: SR3Mu/Central/muons/3/eta in Skim_TriLep_DYJets10to50.root
2026-05-29 18:21:15,860 - INFO - [2023] MISSING_CENTRAL: SR3Mu/Central/muons/3/eta in Skim_TriLep_DYJets10to50.root
2026-05-29 18:21:15,997 - INFO - [2023BPix] MISSING_CENTRAL: SR3Mu/Central/muons/3/eta in Skim_TriLep_DYJets10to50.root
2026-05-29 18:31:11,742 - INFO - [2022] MISSING_CENTRAL: SR3Mu/Central/muons/3/eta in Skim_TriLep_DYJets10to50.root
2026-05-29 18:31:11,868 - INFO - [2022EE] MISSING_CENTRAL: SR3Mu/Central/muons/3/eta in Skim_TriLep_DYJets10to50.root
2026-05-29 18:31:12,001 - INFO - [2023] MISSING_CENTRAL: SR3Mu/Central/muons/3/eta in Skim_TriLep_DYJets10to50.root
2026-05-29 18:31:12,135 - INFO - [2023BPix] MISSING_CENTRAL: SR3Mu/Central/muons/3/eta in Skim_TriLep_DYJets10to50.root
2026-06-12 13:58:57,434 - INFO - [2022] MISSING_CENTRAL: SR3Mu/Central/muons/3/eta in Skim_TriLep_DYJets10to50.root
2026-06-12 13:58:57,819 - INFO - [2022EE] MISSING_CENTRAL: SR3Mu/Central/muons/3/eta in Skim_TriLep_DYJets10to50.root
2026-06-12 13:58:58,271 - INFO - [2023] MISSING_CENTRAL: SR3Mu/Central/muons/3/eta in Skim_TriLep_DYJets10to50.root
2026-06-12 13:58:58,721 - INFO - [2023BPix] MISSING_CENTRAL: SR3Mu/Central/muons/3/eta in Skim_TriLep_DYJets10to50.root
2026-06-12 14:11:04,655 - INFO - [2022] MISSING_CENTRAL: SR3Mu/Central/muons/3/eta in Skim_TriLep_DYJets10to50.root
2026-06-12 14:11:04,782 - INFO - [2022EE] MISSING_CENTRAL: SR3Mu/Central/muons/3/eta in Skim_TriLep_DYJets10to50.root
2026-06-12 14:11:04,917 - INFO - [2023] MISSING_CENTRAL: SR3Mu/Central/muons/3/eta in Skim_TriLep_DYJets10to50.root
2026-06-12 14:11:05,057 - INFO - [2023BPix] MISSING_CENTRAL: SR3Mu/Central/muons/3/eta in Skim_TriLep_DYJets10to50.root
2026-06-12 14:34:36,590 - INFO - [2022] MISSING_CENTRAL: SR3Mu/Central/muons/3/eta in Skim_TriLep_DYJets10to50.root
2026-06-12 14:34:36,713 - INFO - [2022EE] MISSING_CENTRAL: SR3Mu/Central/muons/3/eta in Skim_TriLep_DYJets10to50.root
2026-06-12 14:34:36,845 - INFO - [2023] MISSING_CENTRAL: SR3Mu/Central/muons/3/eta in Skim_TriLep_DYJets10to50.root
2026-06-12 14:34:36,979 - INFO - [2023BPix] MISSING_CENTRAL: SR3Mu/Central/muons/3/eta in Skim_TriLep_DYJets10to50.root
2026-06-18 00:29:21,265 - INFO - [2022] MISSING_CENTRAL: SR3Mu/Central/muons/3/eta in Skim_TriLep_DYJets10to50.root
2026-06-18 00:29:21,396 - INFO - [2022EE] MISSING_CENTRAL: SR3Mu/Central/muons/3/eta in Skim_TriLep_DYJets10to50.root
2026-06-18 00:29:21,533 - INFO - [2023] MISSING_CENTRAL: SR3Mu/Central/muons/3/eta in Skim_TriLep_DYJets10to50.root
2026-06-18 00:29:21,674 - INFO - [2023BPix] MISSING_CENTRAL: SR3Mu/Central/muons/3/eta in Skim_TriLep_DYJets10to50.root
2026-07-01 17:43:56,892 - INFO - [2022] MISSING_CENTRAL: SR3Mu/Central/muons/3/eta in Skim_TriLep_DYJets10to50.root
2026-07-01 17:43:57,197 - INFO - [2022EE] MISSING_CENTRAL: SR3Mu/Central/muons/3/eta in Skim_TriLep_DYJets10to50.root
2026-07-01 17:43:57,516 - INFO - [2023] MISSING_CENTRAL: SR3Mu/Central/muons/3/eta in Skim_TriLep_DYJets10to50.root
2026-07-01 17:43:57,854 - INFO - [2023BPix] MISSING_CENTRAL: SR3Mu/Central/muons/3/eta in Skim_TriLep_DYJets10to50.root
2026-07-21 19:43:10,287 - INFO - [2022] MISSING_CENTRAL: SR3Mu/Central/muons/3/eta in Skim_TriLep_DYJets10to50.root
2026-07-21 19:43:10,685 - INFO - [2022EE] MISSING_CENTRAL: SR3Mu/Central/muons/3/eta in Skim_TriLep_DYJets10to50.root
2026-07-21 19:43:11,122 - INFO - [2023] MISSING_CENTRAL: SR3Mu/Central/muons/3/eta in Skim_TriLep_DYJets10to50.root
2026-07-21 19:43:11,619 - INFO - [2023BPix] MISSING_CENTRAL: SR3Mu/Central/muons/3/eta in Skim_TriLep_DYJets10to50.root
