2025-09-24 16:10:55,705 - INFO - [2022] MISSING_CENTRAL: SR3Mu/Central/muons/3/energy in Skim_TriLep_DYJets.root
2025-09-24 16:10:55,705 - INFO - [2022] MISSING_CENTRAL: SR3Mu/Central/muons/3/energy in Skim_TriLep_DYJets10to50.root
2025-09-24 16:10:55,705 - INFO - [2022] MISSING_CENTRAL: SR3Mu/Central/muons/3/energy in Skim_TriLep_DYGTo2LG_MLL4to50_PTG10to100.root
2025-09-24 16:10:55,705 - INFO - [2022] MISSING_CENTRAL: SR3Mu/Central/muons/3/energy in Skim_TriLep_DYGTo2LG_MLL4to50_PTG100to200.root
2025-09-24 16:10:55,706 - INFO - [2022] MISSING_CENTRAL: SR3Mu/Central/muons/3/energy in Skim_TriLep_DYGTo2LG_MLL4to50_PTG200toInf.root
2025-09-24 16:10:55,919 - INFO - [2022] MISSING_CENTRAL: SR3Mu/Central/muons/3/energy in Skim_TriLep_DYGTo2LG_MLL50_PTG100to200.root
2025-09-24 16:10:56,301 - INFO - [2022EE] MISSING_CENTRAL: SR3Mu/Central/muons/3/energy in Skim_TriLep_DYJets10to50.root
2025-09-24 16:10:56,550 - INFO - [2022EE] MISSING_CENTRAL: SR3Mu/Central/muons/3/energy in Skim_TriLep_DYGTo2LG_MLL50_PTG100to200.root
2025-09-24 16:10:56,905 - INFO - [2023] MISSING_CENTRAL: SR3Mu/Central/muons/3/energy in Skim_TriLep_DYJets10to50.root
2025-09-24 16:10:57,237 - INFO - [2023BPix] MISSING_CENTRAL: SR3Mu/Central/muons/3/energy in Skim_TriLep_DYJets10to50.root
2025-10-02 21:24:55,583 - INFO - [2022] MISSING_CENTRAL: SR3Mu/Central/muons/3/energy in Skim_TriLep_DYJets.root
2025-10-02 21:24:55,584 - INFO - [2022] MISSING_CENTRAL: SR3Mu/Central/muons/3/energy in Skim_TriLep_DYJets10to50.root
2025-10-02 21:24:55,585 - INFO - [2022] MISSING_CENTRAL: SR3Mu/Central/muons/3/energy in Skim_TriLep_DYGTo2LG_MLL4to50_PTG10to100.root
2025-10-02 21:24:55,586 - INFO - [2022] MISSING_CENTRAL: SR3Mu/Central/muons/3/energy in Skim_TriLep_DYGTo2LG_MLL4to50_PTG100to200.root
2025-10-02 21:24:55,587 - INFO - [2022] MISSING_CENTRAL: SR3Mu/Central/muons/3/energy in Skim_TriLep_DYGTo2LG_MLL4to50_PTG200toInf.root
2025-10-02 21:24:55,626 - INFO - [2022] MISSING_CENTRAL: SR3Mu/Central/muons/3/energy in Skim_TriLep_DYGTo2LG_MLL50_PTG100to200.root
2025-10-02 21:24:56,052 - INFO - [2022EE] MISSING_CENTRAL: SR3Mu/Central/muons/3/energy in Skim_TriLep_DYJets10to50.root
2025-10-02 21:24:56,124 - INFO - [2022EE] MISSING_CENTRAL: SR3Mu/Central/muons/3/energy in Skim_TriLep_DYGTo2LG_MLL50_PTG100to200.root
2025-10-02 21:24:56,500 - INFO - [2023] MISSING_CENTRAL: SR3Mu/Central/muons/3/energy in Skim_TriLep_DYJets10to50.root
2025-10-02 21:24:57,010 - INFO - [2023BPix] MISSING_CENTRAL: SR3Mu/Central/muons/3/energy in Skim_TriLep_DYJets10to50.root
2025-10-03 00:45:35,522 - INFO - [2022] MISSING_CENTRAL: SR3Mu/Central/muons/3/energy in Skim_TriLep_DYJets.root
2025-10-03 00:45:35,523 - INFO - [2022] MISSING_CENTRAL: SR3Mu/Central/muons/3/energy in Skim_TriLep_DYJets10to50.root
2025-10-03 00:45:35,523 - INFO - [2022] MISSING_CENTRAL: SR3Mu/Central/muons/3/energy in Skim_TriLep_DYGTo2LG_MLL4to50_PTG10to100.root
2025-10-03 00:45:35,524 - INFO - [2022] MISSING_CENTRAL: SR3Mu/Central/muons/3/energy in Skim_TriLep_DYGTo2LG_MLL4to50_PTG100to200.root
2025-10-03 00:45:35,525 - INFO - [2022] MISSING_CENTRAL: SR3Mu/Central/muons/3/energy in Skim_TriLep_DYGTo2LG_MLL4to50_PTG200toInf.root
2025-10-03 00:45:35,568 - INFO - [2022] MISSING_CENTRAL: SR3Mu/Central/muons/3/energy in Skim_TriLep_DYGTo2LG_MLL50_PTG100to200.root
2025-10-03 00:45:36,237 - INFO - [2022EE] MISSING_CENTRAL: SR3Mu/Central/muons/3/energy in Skim_TriLep_DYJets10to50.root
2025-10-03 00:45:36,381 - INFO - [2022EE] MISSING_CENTRAL: SR3Mu/Central/muons/3/energy in Skim_TriLep_DYGTo2LG_MLL50_PTG100to200.root
2025-10-03 00:45:37,061 - INFO - [2023] MISSING_CENTRAL: SR3Mu/Central/muons/3/energy in Skim_TriLep_DYJets10to50.root
2025-10-03 00:45:37,822 - INFO - [2023BPix] MISSING_CENTRAL: SR3Mu/Central/muons/3/energy in Skim_TriLep_DYJets10to50.root
2025-11-07 13:15:30,332 - INFO - [2022] MISSING_FILE: /home/choij/Sync/workspace/ChargedHiggsAnalysisV3/SKNanoOutput/PromptSelector/Run3Mu/2022/Skim_TriLep_DoubleMuon_C.root
2025-11-07 13:15:30,336 - INFO - [2022] MISSING_FILE: /home/choij/Sync/workspace/ChargedHiggsAnalysisV3/SKNanoOutput/PromptSelector/Run3Mu/2022/Skim_TriLep_Muon_C.root
2025-11-07 13:15:30,336 - INFO - [2022] MISSING_FILE: /home/choij/Sync/workspace/ChargedHiggsAnalysisV3/SKNanoOutput/PromptSelector/Run3Mu/2022/Skim_TriLep_Muon_D.root
2025-11-07 13:15:30,336 - INFO - [2022EE] MISSING_FILE: /home/choij/Sync/workspace/ChargedHiggsAnalysisV3/SKNanoOutput/PromptSelector/Run3Mu/2022EE/Skim_TriLep_Muon_E.root
2025-11-07 13:15:30,336 - INFO - [2022EE] MISSING_FILE: /home/choij/Sync/workspace/ChargedHiggsAnalysisV3/SKNanoOutput/PromptSelector/Run3Mu/2022EE/Skim_TriLep_Muon_F.root
2025-11-07 13:15:30,336 - INFO - [2022EE] MISSING_FILE: /home/choij/Sync/workspace/ChargedHiggsAnalysisV3/SKNanoOutput/PromptSelector/Run3Mu/2022EE/Skim_TriLep_Muon_G.root
2025-11-07 13:15:30,336 - INFO - [2023] MISSING_FILE: /home/choij/Sync/workspace/ChargedHiggsAnalysisV3/SKNanoOutput/PromptSelector/Run3Mu/2023/Skim_TriLep_Muon0_C_v1.root
2025-11-07 13:15:30,336 - INFO - [2023] MISSING_FILE: /home/choij/Sync/workspace/ChargedHiggsAnalysisV3/SKNanoOutput/PromptSelector/Run3Mu/2023/Skim_TriLep_Muon0_C_v2.root
2025-11-07 13:15:30,336 - INFO - [2023] MISSING_FILE: /home/choij/Sync/workspace/ChargedHiggsAnalysisV3/SKNanoOutput/PromptSelector/Run3Mu/2023/Skim_TriLep_Muon0_C_v3.root
2025-11-07 13:15:30,337 - INFO - [2023] MISSING_FILE: /home/choij/Sync/workspace/ChargedHiggsAnalysisV3/SKNanoOutput/PromptSelector/Run3Mu/2023/Skim_TriLep_Muon0_C_v4.root
2025-11-07 13:15:30,337 - INFO - [2023] MISSING_FILE: /home/choij/Sync/workspace/ChargedHiggsAnalysisV3/SKNanoOutput/PromptSelector/Run3Mu/2023/Skim_TriLep_Muon1_C_v1.root
2025-11-07 13:15:30,337 - INFO - [2023] MISSING_FILE: /home/choij/Sync/workspace/ChargedHiggsAnalysisV3/SKNanoOutput/PromptSelector/Run3Mu/2023/Skim_TriLep_Muon1_C_v2.root
2025-11-07 13:15:30,337 - INFO - [2023] MISSING_FILE: /home/choij/Sync/workspace/ChargedHiggsAnalysisV3/SKNanoOutput/PromptSelector/Run3Mu/2023/Skim_TriLep_Muon1_C_v3.root
2025-11-07 13:15:30,337 - INFO - [2023] MISSING_FILE: /home/choij/Sync/workspace/ChargedHiggsAnalysisV3/SKNanoOutput/PromptSelector/Run3Mu/2023/Skim_TriLep_Muon1_C_v4.root
2025-11-07 13:15:30,337 - INFO - [2023BPix] MISSING_FILE: /home/choij/Sync/workspace/ChargedHiggsAnalysisV3/SKNanoOutput/PromptSelector/Run3Mu/2023BPix/Skim_TriLep_Muon0_D_v1.root
2025-11-07 13:15:30,337 - INFO - [2023BPix] MISSING_FILE: /home/choij/Sync/workspace/ChargedHiggsAnalysisV3/SKNanoOutput/PromptSelector/Run3Mu/2023BPix/Skim_TriLep_Muon0_D_v2.root
2025-11-07 13:15:30,337 - INFO - [2023BPix] MISSING_FILE: /home/choij/Sync/workspace/ChargedHiggsAnalysisV3/SKNanoOutput/PromptSelector/Run3Mu/2023BPix/Skim_TriLep_Muon1_D_v1.root
2025-11-07 13:15:30,338 - INFO - [2023BPix] MISSING_FILE: /home/choij/Sync/workspace/ChargedHiggsAnalysisV3/SKNanoOutput/PromptSelector/Run3Mu/2023BPix/Skim_TriLep_Muon1_D_v2.root
2025-11-07 14:13:01,455 - INFO - [2022] MISSING_FILE: /home/choij/Sync/workspace/ChargedHiggsAnalysisV3/SKNanoOutput/PromptSelector/Run3Mu/2022/Skim_TriLep_DoubleMuon_C.root
2025-11-07 14:13:01,455 - INFO - [2022] MISSING_FILE: /home/choij/Sync/workspace/ChargedHiggsAnalysisV3/SKNanoOutput/PromptSelector/Run3Mu/2022/Skim_TriLep_Muon_C.root
2025-11-07 14:13:01,455 - INFO - [2022] MISSING_FILE: /home/choij/Sync/workspace/ChargedHiggsAnalysisV3/SKNanoOutput/PromptSelector/Run3Mu/2022/Skim_TriLep_Muon_D.root
2025-11-07 14:13:01,455 - INFO - [2022EE] MISSING_FILE: /home/choij/Sync/workspace/ChargedHiggsAnalysisV3/SKNanoOutput/PromptSelector/Run3Mu/2022EE/Skim_TriLep_Muon_E.root
2025-11-07 14:13:01,455 - INFO - [2022EE] MISSING_FILE: /home/choij/Sync/workspace/ChargedHiggsAnalysisV3/SKNanoOutput/PromptSelector/Run3Mu/2022EE/Skim_TriLep_Muon_F.root
2025-11-07 14:13:01,455 - INFO - [2022EE] MISSING_FILE: /home/choij/Sync/workspace/ChargedHiggsAnalysisV3/SKNanoOutput/PromptSelector/Run3Mu/2022EE/Skim_TriLep_Muon_G.root
2025-11-07 14:13:01,455 - INFO - [2023] MISSING_FILE: /home/choij/Sync/workspace/ChargedHiggsAnalysisV3/SKNanoOutput/PromptSelector/Run3Mu/2023/Skim_TriLep_Muon0_C_v1.root
2025-11-07 14:13:01,455 - INFO - [2023] MISSING_FILE: /home/choij/Sync/workspace/ChargedHiggsAnalysisV3/SKNanoOutput/PromptSelector/Run3Mu/2023/Skim_TriLep_Muon0_C_v2.root
2025-11-07 14:13:01,455 - INFO - [2023] MISSING_FILE: /home/choij/Sync/workspace/ChargedHiggsAnalysisV3/SKNanoOutput/PromptSelector/Run3Mu/2023/Skim_TriLep_Muon0_C_v3.root
2025-11-07 14:13:01,456 - INFO - [2023] MISSING_FILE: /home/choij/Sync/workspace/ChargedHiggsAnalysisV3/SKNanoOutput/PromptSelector/Run3Mu/2023/Skim_TriLep_Muon0_C_v4.root
2025-11-07 14:13:01,456 - INFO - [2023] MISSING_FILE: /home/choij/Sync/workspace/ChargedHiggsAnalysisV3/SKNanoOutput/PromptSelector/Run3Mu/2023/Skim_TriLep_Muon1_C_v1.root
2025-11-07 14:13:01,456 - INFO - [2023] MISSING_FILE: /home/choij/Sync/workspace/ChargedHiggsAnalysisV3/SKNanoOutput/PromptSelector/Run3Mu/2023/Skim_TriLep_Muon1_C_v2.root
2025-11-07 14:13:01,456 - INFO - [2023] MISSING_FILE: /home/choij/Sync/workspace/ChargedHiggsAnalysisV3/SKNanoOutput/PromptSelector/Run3Mu/2023/Skim_TriLep_Muon1_C_v3.root
2025-11-07 14:13:01,456 - INFO - [2023] MISSING_FILE: /home/choij/Sync/workspace/ChargedHiggsAnalysisV3/SKNanoOutput/PromptSelector/Run3Mu/2023/Skim_TriLep_Muon1_C_v4.root
2025-11-07 14:13:01,456 - INFO - [2023BPix] MISSING_FILE: /home/choij/Sync/workspace/ChargedHiggsAnalysisV3/SKNanoOutput/PromptSelector/Run3Mu/2023BPix/Skim_TriLep_Muon0_D_v1.root
2025-11-07 14:13:01,456 - INFO - [2023BPix] MISSING_FILE: /home/choij/Sync/workspace/ChargedHiggsAnalysisV3/SKNanoOutput/PromptSelector/Run3Mu/2023BPix/Skim_TriLep_Muon0_D_v2.root
2025-11-07 14:13:01,456 - INFO - [2023BPix] MISSING_FILE: /home/choij/Sync/workspace/ChargedHiggsAnalysisV3/SKNanoOutput/PromptSelector/Run3Mu/2023BPix/Skim_TriLep_Muon1_D_v1.root
2025-11-07 14:13:01,456 - INFO - [2023BPix] MISSING_FILE: /home/choij/Sync/workspace/ChargedHiggsAnalysisV3/SKNanoOutput/PromptSelector/Run3Mu/2023BPix/Skim_TriLep_Muon1_D_v2.root
2025-11-10 12:29:54,523 - INFO - [2022EE] MISSING_FILE: /home/choij/Sync/workspace/ChargedHiggsAnalysisV3/SKNanoOutput/PromptSelector/Run3Mu/2022EE/Skim_TriLep_Muon_F.root
2025-11-10 12:29:54,563 - INFO - [2022] MISSING_CENTRAL: SR3Mu/Central/muons/3/energy in Skim_TriLep_DYJets.root
2025-11-10 12:29:54,567 - INFO - [2022] MISSING_CENTRAL: SR3Mu/Central/muons/3/energy in Skim_TriLep_DYJets10to50.root
2025-11-10 12:29:54,568 - INFO - [2022] MISSING_CENTRAL: SR3Mu/Central/muons/3/energy in Skim_TriLep_DYGTo2LG_MLL4to50_PTG10to100.root
2025-11-10 12:29:54,568 - INFO - [2022] MISSING_CENTRAL: SR3Mu/Central/muons/3/energy in Skim_TriLep_DYGTo2LG_MLL4to50_PTG100to200.root
2025-11-10 12:29:54,569 - INFO - [2022] MISSING_CENTRAL: SR3Mu/Central/muons/3/energy in Skim_TriLep_DYGTo2LG_MLL4to50_PTG200toInf.root
2025-11-10 12:29:54,583 - INFO - [2022] MISSING_CENTRAL: SR3Mu/Central/muons/3/energy in Skim_TriLep_DYGTo2LG_MLL50_PTG100to200.root
2025-11-10 12:29:54,844 - INFO - [2022EE] MISSING_CENTRAL: SR3Mu/Central/muons/3/energy in Skim_TriLep_DYJets10to50.root
2025-11-10 12:29:54,889 - INFO - [2022EE] MISSING_CENTRAL: SR3Mu/Central/muons/3/energy in Skim_TriLep_DYGTo2LG_MLL50_PTG100to200.root
2025-11-10 12:29:55,156 - INFO - [2023] MISSING_CENTRAL: SR3Mu/Central/muons/3/energy in Skim_TriLep_DYJets10to50.root
2025-11-10 12:29:55,552 - INFO - [2023BPix] MISSING_CENTRAL: SR3Mu/Central/muons/3/energy in Skim_TriLep_DYJets10to50.root
2025-11-13 11:20:13,733 - INFO - [2022] MISSING_CENTRAL: SR3Mu/Central/muons/3/energy in Skim_TriLep_DYJets.root
2025-11-13 11:20:13,734 - INFO - [2022] MISSING_CENTRAL: SR3Mu/Central/muons/3/energy in Skim_TriLep_DYJets10to50.root
2025-11-13 11:20:13,735 - INFO - [2022] MISSING_CENTRAL: SR3Mu/Central/muons/3/energy in Skim_TriLep_DYGTo2LG_MLL4to50_PTG10to100.root
2025-11-13 11:20:13,737 - INFO - [2022] MISSING_CENTRAL: SR3Mu/Central/muons/3/energy in Skim_TriLep_DYGTo2LG_MLL4to50_PTG100to200.root
2025-11-13 11:20:13,738 - INFO - [2022] MISSING_CENTRAL: SR3Mu/Central/muons/3/energy in Skim_TriLep_DYGTo2LG_MLL4to50_PTG200toInf.root
2025-11-13 11:20:13,762 - INFO - [2022] MISSING_CENTRAL: SR3Mu/Central/muons/3/energy in Skim_TriLep_DYGTo2LG_MLL50_PTG100to200.root
2025-11-13 11:20:14,125 - INFO - [2022EE] MISSING_CENTRAL: SR3Mu/Central/muons/3/energy in Skim_TriLep_DYJets10to50.root
2025-11-13 11:20:14,198 - INFO - [2022EE] MISSING_CENTRAL: SR3Mu/Central/muons/3/energy in Skim_TriLep_DYGTo2LG_MLL50_PTG100to200.root
2025-11-13 11:20:14,578 - INFO - [2023] MISSING_CENTRAL: SR3Mu/Central/muons/3/energy in Skim_TriLep_DYJets10to50.root
2025-11-13 11:20:15,094 - INFO - [2023BPix] MISSING_CENTRAL: SR3Mu/Central/muons/3/energy in Skim_TriLep_DYJets10to50.root
2025-11-13 19:56:15,500 - INFO - [2022] MISSING_CENTRAL: SR3Mu/Central/muons/3/energy in Skim_TriLep_DYJets.root
2025-11-13 19:56:15,500 - INFO - [2022] MISSING_CENTRAL: SR3Mu/Central/muons/3/energy in Skim_TriLep_DYJets10to50.root
2025-11-13 19:56:15,501 - INFO - [2022] MISSING_CENTRAL: SR3Mu/Central/muons/3/energy in Skim_TriLep_DYGTo2LG_MLL4to50_PTG10to100.root
2025-11-13 19:56:15,501 - INFO - [2022] MISSING_CENTRAL: SR3Mu/Central/muons/3/energy in Skim_TriLep_DYGTo2LG_MLL4to50_PTG100to200.root
2025-11-13 19:56:15,502 - INFO - [2022] MISSING_CENTRAL: SR3Mu/Central/muons/3/energy in Skim_TriLep_DYGTo2LG_MLL4to50_PTG200toInf.root
2025-11-13 19:56:15,516 - INFO - [2022] MISSING_CENTRAL: SR3Mu/Central/muons/3/energy in Skim_TriLep_DYGTo2LG_MLL50_PTG100to200.root
2025-11-13 19:56:15,773 - INFO - [2022EE] MISSING_CENTRAL: SR3Mu/Central/muons/3/energy in Skim_TriLep_DYJets10to50.root
2025-11-13 19:56:15,824 - INFO - [2022EE] MISSING_CENTRAL: SR3Mu/Central/muons/3/energy in Skim_TriLep_DYGTo2LG_MLL50_PTG100to200.root
2025-11-13 19:56:16,161 - INFO - [2023] MISSING_CENTRAL: SR3Mu/Central/muons/3/energy in Skim_TriLep_DYJets10to50.root
2025-11-13 19:56:16,720 - INFO - [2023BPix] MISSING_CENTRAL: SR3Mu/Central/muons/3/energy in Skim_TriLep_DYJets10to50.root
2025-11-13 20:03:10,302 - INFO - [2022] MISSING_CENTRAL: SR3Mu/Central/muons/3/energy in Skim_TriLep_DYJets.root
2025-11-13 20:03:10,302 - INFO - [2022] MISSING_CENTRAL: SR3Mu/Central/muons/3/energy in Skim_TriLep_DYJets10to50.root
2025-11-13 20:03:10,303 - INFO - [2022] MISSING_CENTRAL: SR3Mu/Central/muons/3/energy in Skim_TriLep_DYGTo2LG_MLL4to50_PTG10to100.root
2025-11-13 20:03:10,303 - INFO - [2022] MISSING_CENTRAL: SR3Mu/Central/muons/3/energy in Skim_TriLep_DYGTo2LG_MLL4to50_PTG100to200.root
2025-11-13 20:03:10,304 - INFO - [2022] MISSING_CENTRAL: SR3Mu/Central/muons/3/energy in Skim_TriLep_DYGTo2LG_MLL4to50_PTG200toInf.root
2025-11-13 20:03:10,319 - INFO - [2022] MISSING_CENTRAL: SR3Mu/Central/muons/3/energy in Skim_TriLep_DYGTo2LG_MLL50_PTG100to200.root
2025-11-13 20:03:10,543 - INFO - [2022EE] MISSING_CENTRAL: SR3Mu/Central/muons/3/energy in Skim_TriLep_DYJets10to50.root
2025-11-13 20:03:10,585 - INFO - [2022EE] MISSING_CENTRAL: SR3Mu/Central/muons/3/energy in Skim_TriLep_DYGTo2LG_MLL50_PTG100to200.root
2025-11-13 20:03:10,938 - INFO - [2023] MISSING_CENTRAL: SR3Mu/Central/muons/3/energy in Skim_TriLep_DYJets10to50.root
2025-11-13 20:03:11,349 - INFO - [2023BPix] MISSING_CENTRAL: SR3Mu/Central/muons/3/energy in Skim_TriLep_DYJets10to50.root
2025-11-19 16:32:22,112 - INFO - [2022] MISSING_CENTRAL: SR3Mu/Central/muons/3/energy in Skim_TriLep_DYJets.root
2025-11-19 16:32:22,112 - INFO - [2022] MISSING_CENTRAL: SR3Mu/Central/muons/3/energy in Skim_TriLep_DYJets10to50.root
2025-11-19 16:32:22,113 - INFO - [2022] MISSING_CENTRAL: SR3Mu/Central/muons/3/energy in Skim_TriLep_DYGTo2LG_MLL4to50_PTG10to100.root
2025-11-19 16:32:22,114 - INFO - [2022] MISSING_CENTRAL: SR3Mu/Central/muons/3/energy in Skim_TriLep_DYGTo2LG_MLL4to50_PTG100to200.root
2025-11-19 16:32:22,114 - INFO - [2022] MISSING_CENTRAL: SR3Mu/Central/muons/3/energy in Skim_TriLep_DYGTo2LG_MLL4to50_PTG200toInf.root
2025-11-19 16:32:22,129 - INFO - [2022] MISSING_CENTRAL: SR3Mu/Central/muons/3/energy in Skim_TriLep_DYGTo2LG_MLL50_PTG100to200.root
2025-11-19 16:32:22,607 - INFO - [2022EE] MISSING_CENTRAL: SR3Mu/Central/muons/3/energy in Skim_TriLep_DYJets10to50.root
2025-11-19 16:32:22,650 - INFO - [2022EE] MISSING_CENTRAL: SR3Mu/Central/muons/3/energy in Skim_TriLep_DYGTo2LG_MLL50_PTG100to200.root
2025-11-19 16:32:22,886 - INFO - [2023] MISSING_CENTRAL: SR3Mu/Central/muons/3/energy in Skim_TriLep_DYJets10to50.root
2025-11-19 16:32:23,269 - INFO - [2023BPix] MISSING_CENTRAL: SR3Mu/Central/muons/3/energy in Skim_TriLep_DYJets10to50.root
2025-12-17 22:47:14,286 - INFO - [2022] MISSING_CENTRAL: SR3Mu/Central/muons/3/energy in Skim_TriLep_DYJets10to50.root
2025-12-17 22:47:14,629 - INFO - [2022EE] MISSING_CENTRAL: SR3Mu/Central/muons/3/energy in Skim_TriLep_DYJets10to50.root
2025-12-17 22:47:14,995 - INFO - [2023] MISSING_CENTRAL: SR3Mu/Central/muons/3/energy in Skim_TriLep_DYJets10to50.root
2025-12-17 22:47:15,363 - INFO - [2023BPix] MISSING_CENTRAL: SR3Mu/Central/muons/3/energy in Skim_TriLep_DYJets10to50.root
2025-12-18 14:49:12,799 - INFO - [2022] MISSING_CENTRAL: SR3Mu/Central/muons/3/energy in Skim_TriLep_DYJets10to50.root
2025-12-18 14:49:13,331 - INFO - [2022EE] MISSING_CENTRAL: SR3Mu/Central/muons/3/energy in Skim_TriLep_DYJets10to50.root
2025-12-18 14:49:13,751 - INFO - [2023] MISSING_CENTRAL: SR3Mu/Central/muons/3/energy in Skim_TriLep_DYJets10to50.root
2025-12-18 14:49:14,217 - INFO - [2023BPix] MISSING_CENTRAL: SR3Mu/Central/muons/3/energy in Skim_TriLep_DYJets10to50.root
2026-01-07 11:57:27,768 - INFO - [2022] MISSING_CENTRAL: SR3Mu/Central/muons/3/energy in Skim_TriLep_DYJets10to50.root
2026-01-07 11:57:28,117 - INFO - [2022EE] MISSING_CENTRAL: SR3Mu/Central/muons/3/energy in Skim_TriLep_DYJets10to50.root
2026-01-07 11:57:28,487 - INFO - [2023] MISSING_CENTRAL: SR3Mu/Central/muons/3/energy in Skim_TriLep_DYJets10to50.root
2026-01-07 11:57:28,863 - INFO - [2023BPix] MISSING_CENTRAL: SR3Mu/Central/muons/3/energy in Skim_TriLep_DYJets10to50.root
2026-01-07 18:54:05,944 - INFO - [2022] MISSING_CENTRAL: SR3Mu/Central/muons/3/energy in Skim_TriLep_DYJets10to50.root
2026-01-07 18:54:06,305 - INFO - [2022EE] MISSING_CENTRAL: SR3Mu/Central/muons/3/energy in Skim_TriLep_DYJets10to50.root
2026-01-07 18:54:06,690 - INFO - [2023] MISSING_CENTRAL: SR3Mu/Central/muons/3/energy in Skim_TriLep_DYJets10to50.root
2026-01-07 18:54:07,081 - INFO - [2023BPix] MISSING_CENTRAL: SR3Mu/Central/muons/3/energy in Skim_TriLep_DYJets10to50.root
2026-01-07 19:31:57,655 - INFO - [2022] MISSING_CENTRAL: SR3Mu/Central/muons/3/energy in Skim_TriLep_DYJets10to50.root
2026-01-07 19:31:58,011 - INFO - [2022EE] MISSING_CENTRAL: SR3Mu/Central/muons/3/energy in Skim_TriLep_DYJets10to50.root
2026-01-07 19:31:58,388 - INFO - [2023] MISSING_CENTRAL: SR3Mu/Central/muons/3/energy in Skim_TriLep_DYJets10to50.root
2026-01-07 19:31:58,776 - INFO - [2023BPix] MISSING_CENTRAL: SR3Mu/Central/muons/3/energy in Skim_TriLep_DYJets10to50.root
2026-01-09 12:29:28,881 - INFO - [2022] MISSING_CENTRAL: SR3Mu/Central/muons/3/energy in Skim_TriLep_DYJets10to50.root
2026-01-09 12:29:29,095 - INFO - [2022EE] MISSING_CENTRAL: SR3Mu/Central/muons/3/energy in Skim_TriLep_DYJets10to50.root
2026-01-09 12:29:29,437 - INFO - [2023] MISSING_CENTRAL: SR3Mu/Central/muons/3/energy in Skim_TriLep_DYJets10to50.root
2026-01-09 12:29:29,857 - INFO - [2023BPix] MISSING_CENTRAL: SR3Mu/Central/muons/3/energy in Skim_TriLep_DYJets10to50.root
2026-01-11 09:49:28,561 - INFO - [2022] MISSING_CENTRAL: SR3Mu/Central/muons/3/energy in Skim_TriLep_DYJets10to50.root
2026-01-11 09:49:28,802 - INFO - [2022EE] MISSING_CENTRAL: SR3Mu/Central/muons/3/energy in Skim_TriLep_DYJets10to50.root
2026-01-11 09:49:29,234 - INFO - [2023] MISSING_CENTRAL: SR3Mu/Central/muons/3/energy in Skim_TriLep_DYJets10to50.root
2026-01-11 09:49:29,470 - INFO - [2023BPix] MISSING_CENTRAL: SR3Mu/Central/muons/3/energy in Skim_TriLep_DYJets10to50.root
2026-01-12 13:58:26,076 - INFO - [2022] MISSING_FILE: /home/choij/Sync/workspace/ChargedHiggsAnalysisV3/SKNanoOutput/MatrixSelector/Run3Mu/2022/Skim_TriLep_DoubleMuon_C.root
2026-01-12 13:58:26,076 - INFO - [2022] MISSING_FILE: /home/choij/Sync/workspace/ChargedHiggsAnalysisV3/SKNanoOutput/MatrixSelector/Run3Mu/2022/Skim_TriLep_Muon_C.root
2026-01-12 13:58:26,076 - INFO - [2022] MISSING_FILE: /home/choij/Sync/workspace/ChargedHiggsAnalysisV3/SKNanoOutput/MatrixSelector/Run3Mu/2022/Skim_TriLep_Muon_D.root
2026-01-12 13:58:26,115 - INFO - [2022] MISSING_CENTRAL: SR3Mu/Central/muons/3/energy in Skim_TriLep_DYJets10to50.root
2026-01-12 13:58:26,347 - INFO - [2022EE] MISSING_FILE: /home/choij/Sync/workspace/ChargedHiggsAnalysisV3/SKNanoOutput/MatrixSelector/Run3Mu/2022EE/Skim_TriLep_Muon_E.root
2026-01-12 13:58:26,347 - INFO - [2022EE] MISSING_FILE: /home/choij/Sync/workspace/ChargedHiggsAnalysisV3/SKNanoOutput/MatrixSelector/Run3Mu/2022EE/Skim_TriLep_Muon_F.root
2026-01-12 13:58:26,347 - INFO - [2022EE] MISSING_FILE: /home/choij/Sync/workspace/ChargedHiggsAnalysisV3/SKNanoOutput/MatrixSelector/Run3Mu/2022EE/Skim_TriLep_Muon_G.root
2026-01-12 13:58:26,362 - INFO - [2022EE] MISSING_CENTRAL: SR3Mu/Central/muons/3/energy in Skim_TriLep_DYJets10to50.root
2026-01-12 13:58:26,688 - INFO - [2023] MISSING_FILE: /home/choij/Sync/workspace/ChargedHiggsAnalysisV3/SKNanoOutput/MatrixSelector/Run3Mu/2023/Skim_TriLep_Muon0_C_v1.root
2026-01-12 13:58:26,689 - INFO - [2023] MISSING_FILE: /home/choij/Sync/workspace/ChargedHiggsAnalysisV3/SKNanoOutput/MatrixSelector/Run3Mu/2023/Skim_TriLep_Muon0_C_v2.root
2026-01-12 13:58:26,689 - INFO - [2023] MISSING_FILE: /home/choij/Sync/workspace/ChargedHiggsAnalysisV3/SKNanoOutput/MatrixSelector/Run3Mu/2023/Skim_TriLep_Muon0_C_v3.root
2026-01-12 13:58:26,689 - INFO - [2023] MISSING_FILE: /home/choij/Sync/workspace/ChargedHiggsAnalysisV3/SKNanoOutput/MatrixSelector/Run3Mu/2023/Skim_TriLep_Muon0_C_v4.root
2026-01-12 13:58:26,689 - INFO - [2023] MISSING_FILE: /home/choij/Sync/workspace/ChargedHiggsAnalysisV3/SKNanoOutput/MatrixSelector/Run3Mu/2023/Skim_TriLep_Muon1_C_v1.root
2026-01-12 13:58:26,690 - INFO - [2023] MISSING_FILE: /home/choij/Sync/workspace/ChargedHiggsAnalysisV3/SKNanoOutput/MatrixSelector/Run3Mu/2023/Skim_TriLep_Muon1_C_v2.root
2026-01-12 13:58:26,690 - INFO - [2023] MISSING_FILE: /home/choij/Sync/workspace/ChargedHiggsAnalysisV3/SKNanoOutput/MatrixSelector/Run3Mu/2023/Skim_TriLep_Muon1_C_v3.root
2026-01-12 13:58:26,690 - INFO - [2023] MISSING_FILE: /home/choij/Sync/workspace/ChargedHiggsAnalysisV3/SKNanoOutput/MatrixSelector/Run3Mu/2023/Skim_TriLep_Muon1_C_v4.root
2026-01-12 13:58:26,715 - INFO - [2023] MISSING_CENTRAL: SR3Mu/Central/muons/3/energy in Skim_TriLep_DYJets10to50.root
2026-01-12 13:58:26,961 - INFO - [2023BPix] MISSING_FILE: /home/choij/Sync/workspace/ChargedHiggsAnalysisV3/SKNanoOutput/MatrixSelector/Run3Mu/2023BPix/Skim_TriLep_Muon0_D_v1.root
2026-01-12 13:58:26,961 - INFO - [2023BPix] MISSING_FILE: /home/choij/Sync/workspace/ChargedHiggsAnalysisV3/SKNanoOutput/MatrixSelector/Run3Mu/2023BPix/Skim_TriLep_Muon0_D_v2.root
2026-01-12 13:58:26,961 - INFO - [2023BPix] MISSING_FILE: /home/choij/Sync/workspace/ChargedHiggsAnalysisV3/SKNanoOutput/MatrixSelector/Run3Mu/2023BPix/Skim_TriLep_Muon1_D_v1.root
2026-01-12 13:58:26,961 - INFO - [2023BPix] MISSING_FILE: /home/choij/Sync/workspace/ChargedHiggsAnalysisV3/SKNanoOutput/MatrixSelector/Run3Mu/2023BPix/Skim_TriLep_Muon1_D_v2.root
2026-01-12 13:58:26,975 - INFO - [2023BPix] MISSING_CENTRAL: SR3Mu/Central/muons/3/energy in Skim_TriLep_DYJets10to50.root
2026-01-16 19:12:58,053 - INFO - [2022] MISSING_CENTRAL: SR3Mu/Central/muons/3/energy in Skim_TriLep_DYJets10to50.root
2026-01-16 19:12:58,310 - INFO - [2022EE] MISSING_CENTRAL: SR3Mu/Central/muons/3/energy in Skim_TriLep_DYJets10to50.root
2026-01-16 19:12:58,537 - INFO - [2023] MISSING_CENTRAL: SR3Mu/Central/muons/3/energy in Skim_TriLep_DYJets10to50.root
2026-01-16 19:12:58,770 - INFO - [2023BPix] MISSING_CENTRAL: SR3Mu/Central/muons/3/energy in Skim_TriLep_DYJets10to50.root
2026-01-21 13:02:17,922 - INFO - [2022] MISSING_CENTRAL: SR3Mu/Central/muons/3/energy in Skim_TriLep_DYJets10to50.root
2026-01-21 13:02:18,134 - INFO - [2022EE] MISSING_CENTRAL: SR3Mu/Central/muons/3/energy in Skim_TriLep_DYJets10to50.root
2026-01-21 13:02:18,355 - INFO - [2023] MISSING_CENTRAL: SR3Mu/Central/muons/3/energy in Skim_TriLep_DYJets10to50.root
2026-01-21 13:02:18,576 - INFO - [2023BPix] MISSING_CENTRAL: SR3Mu/Central/muons/3/energy in Skim_TriLep_DYJets10to50.root
2026-01-21 14:50:44,090 - INFO - [2022] MISSING_CENTRAL: SR3Mu/Central/muons/3/energy in Skim_TriLep_DYJets10to50.root
2026-01-21 14:50:44,294 - INFO - [2022EE] MISSING_CENTRAL: SR3Mu/Central/muons/3/energy in Skim_TriLep_DYJets10to50.root
2026-01-21 14:50:44,523 - INFO - [2023] MISSING_CENTRAL: SR3Mu/Central/muons/3/energy in Skim_TriLep_DYJets10to50.root
2026-01-21 14:50:44,756 - INFO - [2023BPix] MISSING_CENTRAL: SR3Mu/Central/muons/3/energy in Skim_TriLep_DYJets10to50.root
2026-01-28 17:09:39,897 - INFO - [2022] MISSING_CENTRAL: SR3Mu/Central/muons/3/energy in Skim_TriLep_DYJets10to50.root
2026-01-28 17:09:40,202 - INFO - [2022EE] MISSING_CENTRAL: SR3Mu/Central/muons/3/energy in Skim_TriLep_DYJets10to50.root
2026-01-28 17:09:40,538 - INFO - [2023] MISSING_CENTRAL: SR3Mu/Central/muons/3/energy in Skim_TriLep_DYJets10to50.root
2026-01-28 17:09:41,033 - INFO - [2023BPix] MISSING_CENTRAL: SR3Mu/Central/muons/3/energy in Skim_TriLep_DYJets10to50.root
2026-01-28 17:30:09,310 - INFO - [2022] MISSING_CENTRAL: SR3Mu/Central/muons/3/energy in Skim_TriLep_DYJets10to50.root
2026-01-28 17:30:09,615 - INFO - [2022EE] MISSING_CENTRAL: SR3Mu/Central/muons/3/energy in Skim_TriLep_DYJets10to50.root
2026-01-28 17:30:10,001 - INFO - [2023] MISSING_CENTRAL: SR3Mu/Central/muons/3/energy in Skim_TriLep_DYJets10to50.root
2026-01-28 17:30:10,384 - INFO - [2023BPix] MISSING_CENTRAL: SR3Mu/Central/muons/3/energy in Skim_TriLep_DYJets10to50.root
2026-01-28 20:04:01,603 - INFO - [2022] MISSING_CENTRAL: SR3Mu/Central/muons/3/energy in Skim_TriLep_DYJets10to50.root
2026-01-28 20:04:01,913 - INFO - [2022EE] MISSING_CENTRAL: SR3Mu/Central/muons/3/energy in Skim_TriLep_DYJets10to50.root
2026-01-28 20:04:02,237 - INFO - [2023] MISSING_CENTRAL: SR3Mu/Central/muons/3/energy in Skim_TriLep_DYJets10to50.root
2026-01-28 20:04:02,544 - INFO - [2023BPix] MISSING_CENTRAL: SR3Mu/Central/muons/3/energy in Skim_TriLep_DYJets10to50.root
2026-01-29 07:20:23,507 - INFO - [2022] MISSING_CENTRAL: SR3Mu/Central/muons/3/energy in Skim_TriLep_DYJets10to50.root
2026-01-29 07:20:23,711 - INFO - [2022EE] MISSING_CENTRAL: SR3Mu/Central/muons/3/energy in Skim_TriLep_DYJets10to50.root
2026-01-29 07:20:23,933 - INFO - [2023] MISSING_CENTRAL: SR3Mu/Central/muons/3/energy in Skim_TriLep_DYJets10to50.root
2026-01-29 07:20:24,115 - INFO - [2023BPix] MISSING_CENTRAL: SR3Mu/Central/muons/3/energy in Skim_TriLep_DYJets10to50.root
2026-03-06 09:45:16,725 - INFO - [2022] MISSING_CENTRAL: SR3Mu/Central/muons/3/energy in Skim_TriLep_DYJets10to50.root
2026-03-06 09:45:16,935 - INFO - [2022EE] MISSING_CENTRAL: SR3Mu/Central/muons/3/energy in Skim_TriLep_DYJets10to50.root
2026-03-06 09:45:17,144 - INFO - [2023] MISSING_CENTRAL: SR3Mu/Central/muons/3/energy in Skim_TriLep_DYJets10to50.root
2026-03-06 09:45:17,382 - INFO - [2023BPix] MISSING_CENTRAL: SR3Mu/Central/muons/3/energy in Skim_TriLep_DYJets10to50.root
2026-03-06 19:51:02,239 - INFO - [2022] MISSING_CENTRAL: SR3Mu/Central/muons/3/energy in Skim_TriLep_DYJets10to50.root
2026-03-06 19:51:02,459 - INFO - [2022EE] MISSING_CENTRAL: SR3Mu/Central/muons/3/energy in Skim_TriLep_DYJets10to50.root
2026-03-06 19:51:02,727 - INFO - [2023] MISSING_CENTRAL: SR3Mu/Central/muons/3/energy in Skim_TriLep_DYJets10to50.root
2026-03-06 19:51:02,971 - INFO - [2023BPix] MISSING_CENTRAL: SR3Mu/Central/muons/3/energy in Skim_TriLep_DYJets10to50.root
2026-04-10 20:25:56,267 - INFO - [2022] MISSING_CENTRAL: SR3Mu/Central/muons/3/energy in Skim_TriLep_DYJets10to50.root
2026-04-10 20:25:56,486 - INFO - [2022EE] MISSING_CENTRAL: SR3Mu/Central/muons/3/energy in Skim_TriLep_DYJets10to50.root
2026-04-10 20:25:56,723 - INFO - [2023] MISSING_CENTRAL: SR3Mu/Central/muons/3/energy in Skim_TriLep_DYJets10to50.root
2026-04-10 20:25:56,960 - INFO - [2023BPix] MISSING_CENTRAL: SR3Mu/Central/muons/3/energy in Skim_TriLep_DYJets10to50.root
2026-04-12 11:41:21,512 - INFO - [2022] MISSING_CENTRAL: SR3Mu/Central/muons/3/energy in Skim_TriLep_DYJets10to50.root
2026-04-12 11:41:21,730 - INFO - [2022EE] MISSING_CENTRAL: SR3Mu/Central/muons/3/energy in Skim_TriLep_DYJets10to50.root
2026-04-12 11:41:21,976 - INFO - [2023] MISSING_CENTRAL: SR3Mu/Central/muons/3/energy in Skim_TriLep_DYJets10to50.root
2026-04-12 11:41:22,249 - INFO - [2023BPix] MISSING_CENTRAL: SR3Mu/Central/muons/3/energy in Skim_TriLep_DYJets10to50.root
2026-04-12 12:23:01,296 - INFO - [2022] MISSING_CENTRAL: SR3Mu/Central/muons/3/energy in Skim_TriLep_DYJets10to50.root
2026-04-12 12:23:01,522 - INFO - [2022EE] MISSING_CENTRAL: SR3Mu/Central/muons/3/energy in Skim_TriLep_DYJets10to50.root
2026-04-12 12:23:01,770 - INFO - [2023] MISSING_CENTRAL: SR3Mu/Central/muons/3/energy in Skim_TriLep_DYJets10to50.root
2026-04-12 12:23:02,031 - INFO - [2023BPix] MISSING_CENTRAL: SR3Mu/Central/muons/3/energy in Skim_TriLep_DYJets10to50.root
2026-04-12 12:42:40,513 - INFO - [2022] MISSING_CENTRAL: SR3Mu/Central/muons/3/energy in Skim_TriLep_DYJets10to50.root
2026-04-12 12:42:40,736 - INFO - [2022EE] MISSING_CENTRAL: SR3Mu/Central/muons/3/energy in Skim_TriLep_DYJets10to50.root
2026-04-12 12:42:40,985 - INFO - [2023] MISSING_CENTRAL: SR3Mu/Central/muons/3/energy in Skim_TriLep_DYJets10to50.root
2026-04-12 12:42:41,233 - INFO - [2023BPix] MISSING_CENTRAL: SR3Mu/Central/muons/3/energy in Skim_TriLep_DYJets10to50.root
2026-04-12 20:50:51,524 - INFO - [2022] MISSING_CENTRAL: SR3Mu/Central/muons/3/energy in Skim_TriLep_DYJets10to50.root
2026-04-12 20:50:51,833 - INFO - [2022EE] MISSING_CENTRAL: SR3Mu/Central/muons/3/energy in Skim_TriLep_DYJets10to50.root
2026-04-12 20:50:52,082 - INFO - [2023] MISSING_CENTRAL: SR3Mu/Central/muons/3/energy in Skim_TriLep_DYJets10to50.root
2026-04-12 20:50:52,333 - INFO - [2023BPix] MISSING_CENTRAL: SR3Mu/Central/muons/3/energy in Skim_TriLep_DYJets10to50.root
2026-04-12 21:22:25,801 - INFO - [2022] MISSING_CENTRAL: SR3Mu/Central/muons/3/energy in Skim_TriLep_DYJets10to50.root
2026-04-12 21:22:26,058 - INFO - [2022EE] MISSING_CENTRAL: SR3Mu/Central/muons/3/energy in Skim_TriLep_DYJets10to50.root
2026-04-12 21:22:26,309 - INFO - [2023] MISSING_CENTRAL: SR3Mu/Central/muons/3/energy in Skim_TriLep_DYJets10to50.root
2026-04-12 21:22:26,568 - INFO - [2023BPix] MISSING_CENTRAL: SR3Mu/Central/muons/3/energy in Skim_TriLep_DYJets10to50.root
2026-04-13 13:00:14,972 - INFO - [2022] MISSING_CENTRAL: SR3Mu/Central/muons/3/energy in Skim_TriLep_DYJets10to50.root
2026-04-13 13:00:15,244 - INFO - [2022EE] MISSING_CENTRAL: SR3Mu/Central/muons/3/energy in Skim_TriLep_DYJets10to50.root
2026-04-13 13:00:15,541 - INFO - [2023] MISSING_CENTRAL: SR3Mu/Central/muons/3/energy in Skim_TriLep_DYJets10to50.root
2026-04-13 13:00:15,843 - INFO - [2023BPix] MISSING_CENTRAL: SR3Mu/Central/muons/3/energy in Skim_TriLep_DYJets10to50.root
2026-04-16 17:32:31,590 - INFO - [2022] MISSING_CENTRAL: SR3Mu/Central/muons/3/energy in Skim_TriLep_DYJets10to50.root
2026-04-16 17:32:31,877 - INFO - [2022EE] MISSING_CENTRAL: SR3Mu/Central/muons/3/energy in Skim_TriLep_DYJets10to50.root
2026-04-16 17:32:32,242 - INFO - [2023] MISSING_CENTRAL: SR3Mu/Central/muons/3/energy in Skim_TriLep_DYJets10to50.root
2026-04-16 17:32:32,532 - INFO - [2023BPix] MISSING_CENTRAL: SR3Mu/Central/muons/3/energy in Skim_TriLep_DYJets10to50.root
2026-04-16 17:42:46,567 - INFO - [2022] MISSING_CENTRAL: SR3Mu/Central/muons/3/energy in Skim_TriLep_DYJets10to50.root
2026-04-16 17:42:46,836 - INFO - [2022EE] MISSING_CENTRAL: SR3Mu/Central/muons/3/energy in Skim_TriLep_DYJets10to50.root
2026-04-16 17:42:47,130 - INFO - [2023] MISSING_CENTRAL: SR3Mu/Central/muons/3/energy in Skim_TriLep_DYJets10to50.root
2026-04-16 17:42:47,449 - INFO - [2023BPix] MISSING_CENTRAL: SR3Mu/Central/muons/3/energy in Skim_TriLep_DYJets10to50.root
2026-04-28 15:13:10,719 - INFO - [2022] MISSING_CENTRAL: SR3Mu/Central/muons/3/energy in Skim_TriLep_DYJets10to50.root
2026-04-28 15:13:11,021 - INFO - [2022EE] MISSING_CENTRAL: SR3Mu/Central/muons/3/energy in Skim_TriLep_DYJets10to50.root
2026-04-28 15:13:11,320 - INFO - [2023] MISSING_CENTRAL: SR3Mu/Central/muons/3/energy in Skim_TriLep_DYJets10to50.root
2026-04-28 15:13:11,613 - INFO - [2023BPix] MISSING_CENTRAL: SR3Mu/Central/muons/3/energy in Skim_TriLep_DYJets10to50.root
2026-04-28 15:19:26,528 - INFO - [2022] MISSING_CENTRAL: SR3Mu/Central/muons/3/energy in Skim_TriLep_DYJets10to50.root
2026-04-28 15:19:26,811 - INFO - [2022EE] MISSING_CENTRAL: SR3Mu/Central/muons/3/energy in Skim_TriLep_DYJets10to50.root
2026-04-28 15:19:27,094 - INFO - [2023] MISSING_CENTRAL: SR3Mu/Central/muons/3/energy in Skim_TriLep_DYJets10to50.root
2026-04-28 15:19:27,383 - INFO - [2023BPix] MISSING_CENTRAL: SR3Mu/Central/muons/3/energy in Skim_TriLep_DYJets10to50.root
2026-04-28 15:21:31,939 - INFO - [2022] MISSING_CENTRAL: SR3Mu/Central/muons/3/energy in Skim_TriLep_DYJets10to50.root
2026-04-28 15:21:32,225 - INFO - [2022EE] MISSING_CENTRAL: SR3Mu/Central/muons/3/energy in Skim_TriLep_DYJets10to50.root
2026-04-28 15:21:32,512 - INFO - [2023] MISSING_CENTRAL: SR3Mu/Central/muons/3/energy in Skim_TriLep_DYJets10to50.root
2026-04-28 15:21:32,809 - INFO - [2023BPix] MISSING_CENTRAL: SR3Mu/Central/muons/3/energy in Skim_TriLep_DYJets10to50.root
2026-04-28 20:32:37,892 - INFO - [2022] MISSING_CENTRAL: SR3Mu/Central/muons/3/energy in Skim_TriLep_DYJets10to50.root
2026-04-28 20:32:38,146 - INFO - [2022EE] MISSING_CENTRAL: SR3Mu/Central/muons/3/energy in Skim_TriLep_DYJets10to50.root
2026-04-28 20:32:38,419 - INFO - [2023] MISSING_CENTRAL: SR3Mu/Central/muons/3/energy in Skim_TriLep_DYJets10to50.root
2026-04-28 20:32:38,701 - INFO - [2023BPix] MISSING_CENTRAL: SR3Mu/Central/muons/3/energy in Skim_TriLep_DYJets10to50.root
2026-04-28 20:34:37,515 - INFO - [2022] MISSING_CENTRAL: SR3Mu/Central/muons/3/energy in Skim_TriLep_DYJets10to50.root
2026-04-28 20:34:37,805 - INFO - [2022EE] MISSING_CENTRAL: SR3Mu/Central/muons/3/energy in Skim_TriLep_DYJets10to50.root
2026-04-28 20:34:38,089 - INFO - [2023] MISSING_CENTRAL: SR3Mu/Central/muons/3/energy in Skim_TriLep_DYJets10to50.root
2026-04-28 20:34:38,373 - INFO - [2023BPix] MISSING_CENTRAL: SR3Mu/Central/muons/3/energy in Skim_TriLep_DYJets10to50.root
2026-05-04 15:39:06,650 - INFO - [2022] MISSING_CENTRAL: SR3Mu/Central/muons/3/energy in Skim_TriLep_DYJets10to50.root
2026-05-04 15:39:06,891 - INFO - [2022EE] MISSING_CENTRAL: SR3Mu/Central/muons/3/energy in Skim_TriLep_DYJets10to50.root
2026-05-04 15:39:07,120 - INFO - [2023] MISSING_CENTRAL: SR3Mu/Central/muons/3/energy in Skim_TriLep_DYJets10to50.root
2026-05-04 15:39:07,368 - INFO - [2023BPix] MISSING_CENTRAL: SR3Mu/Central/muons/3/energy in Skim_TriLep_DYJets10to50.root
2026-05-04 15:41:16,251 - INFO - [2022] MISSING_CENTRAL: SR3Mu/Central/muons/3/energy in Skim_TriLep_DYJets10to50.root
2026-05-04 15:41:16,524 - INFO - [2022EE] MISSING_CENTRAL: SR3Mu/Central/muons/3/energy in Skim_TriLep_DYJets10to50.root
2026-05-04 15:41:16,814 - INFO - [2023] MISSING_CENTRAL: SR3Mu/Central/muons/3/energy in Skim_TriLep_DYJets10to50.root
2026-05-04 15:41:17,107 - INFO - [2023BPix] MISSING_CENTRAL: SR3Mu/Central/muons/3/energy in Skim_TriLep_DYJets10to50.root
2026-05-04 16:03:15,229 - INFO - [2022] MISSING_CENTRAL: SR3Mu/Central/muons/3/energy in Skim_TriLep_DYJets10to50.root
2026-05-04 16:03:15,497 - INFO - [2022EE] MISSING_CENTRAL: SR3Mu/Central/muons/3/energy in Skim_TriLep_DYJets10to50.root
2026-05-04 16:03:15,786 - INFO - [2023] MISSING_CENTRAL: SR3Mu/Central/muons/3/energy in Skim_TriLep_DYJets10to50.root
2026-05-04 16:03:16,075 - INFO - [2023BPix] MISSING_CENTRAL: SR3Mu/Central/muons/3/energy in Skim_TriLep_DYJets10to50.root
2026-05-04 16:05:17,567 - INFO - [2022] MISSING_CENTRAL: SR3Mu/Central/muons/3/energy in Skim_TriLep_DYJets10to50.root
2026-05-04 16:05:17,828 - INFO - [2022EE] MISSING_CENTRAL: SR3Mu/Central/muons/3/energy in Skim_TriLep_DYJets10to50.root
2026-05-04 16:05:18,112 - INFO - [2023] MISSING_CENTRAL: SR3Mu/Central/muons/3/energy in Skim_TriLep_DYJets10to50.root
2026-05-04 16:05:18,410 - INFO - [2023BPix] MISSING_CENTRAL: SR3Mu/Central/muons/3/energy in Skim_TriLep_DYJets10to50.root
2026-05-04 17:02:22,760 - INFO - [2022] MISSING_CENTRAL: SR3Mu/Central/muons/3/energy in Skim_TriLep_DYJets10to50.root
2026-05-04 17:02:23,020 - INFO - [2022EE] MISSING_CENTRAL: SR3Mu/Central/muons/3/energy in Skim_TriLep_DYJets10to50.root
2026-05-04 17:02:23,318 - INFO - [2023] MISSING_CENTRAL: SR3Mu/Central/muons/3/energy in Skim_TriLep_DYJets10to50.root
2026-05-04 17:02:23,610 - INFO - [2023BPix] MISSING_CENTRAL: SR3Mu/Central/muons/3/energy in Skim_TriLep_DYJets10to50.root
2026-05-04 17:12:10,481 - INFO - [2022] MISSING_CENTRAL: SR3Mu/Central/muons/3/energy in Skim_TriLep_DYJets10to50.root
2026-05-04 17:12:10,760 - INFO - [2022EE] MISSING_CENTRAL: SR3Mu/Central/muons/3/energy in Skim_TriLep_DYJets10to50.root
2026-05-04 17:12:11,054 - INFO - [2023] MISSING_CENTRAL: SR3Mu/Central/muons/3/energy in Skim_TriLep_DYJets10to50.root
2026-05-04 17:12:11,443 - INFO - [2023BPix] MISSING_CENTRAL: SR3Mu/Central/muons/3/energy in Skim_TriLep_DYJets10to50.root
2026-05-28 15:39:21,692 - INFO - [2022] MISSING_CENTRAL: SR3Mu/Central/muons/3/energy in Skim_TriLep_DYJets10to50.root
2026-05-28 15:39:22,170 - INFO - [2022EE] MISSING_CENTRAL: SR3Mu/Central/muons/3/energy in Skim_TriLep_DYJets10to50.root
2026-05-28 15:39:22,641 - INFO - [2023] MISSING_CENTRAL: SR3Mu/Central/muons/3/energy in Skim_TriLep_DYJets10to50.root
2026-05-28 15:39:23,133 - INFO - [2023BPix] MISSING_CENTRAL: SR3Mu/Central/muons/3/energy in Skim_TriLep_DYJets10to50.root
2026-05-28 15:48:49,469 - INFO - [2022] MISSING_CENTRAL: SR3Mu/Central/muons/3/energy in Skim_TriLep_DYJets10to50.root
2026-05-28 15:48:49,998 - INFO - [2022EE] MISSING_CENTRAL: SR3Mu/Central/muons/3/energy in Skim_TriLep_DYJets10to50.root
2026-05-28 15:48:50,499 - INFO - [2023] MISSING_CENTRAL: SR3Mu/Central/muons/3/energy in Skim_TriLep_DYJets10to50.root
2026-05-28 15:48:51,001 - INFO - [2023BPix] MISSING_CENTRAL: SR3Mu/Central/muons/3/energy in Skim_TriLep_DYJets10to50.root
2026-05-29 15:20:14,281 - INFO - [2022] MISSING_CENTRAL: SR3Mu/Central/muons/3/energy in Skim_TriLep_DYJets10to50.root
2026-05-29 15:20:14,541 - INFO - [2022EE] MISSING_CENTRAL: SR3Mu/Central/muons/3/energy in Skim_TriLep_DYJets10to50.root
2026-05-29 15:20:14,815 - INFO - [2023] MISSING_CENTRAL: SR3Mu/Central/muons/3/energy in Skim_TriLep_DYJets10to50.root
2026-05-29 15:20:15,053 - INFO - [2023BPix] MISSING_CENTRAL: SR3Mu/Central/muons/3/energy in Skim_TriLep_DYJets10to50.root
2026-05-29 15:22:23,890 - INFO - [2022] MISSING_CENTRAL: SR3Mu/Central/muons/3/energy in Skim_TriLep_DYJets10to50.root
2026-05-29 15:22:24,147 - INFO - [2022EE] MISSING_CENTRAL: SR3Mu/Central/muons/3/energy in Skim_TriLep_DYJets10to50.root
2026-05-29 15:22:24,443 - INFO - [2023] MISSING_CENTRAL: SR3Mu/Central/muons/3/energy in Skim_TriLep_DYJets10to50.root
2026-05-29 15:22:24,746 - INFO - [2023BPix] MISSING_CENTRAL: SR3Mu/Central/muons/3/energy in Skim_TriLep_DYJets10to50.root
2026-05-29 15:30:10,967 - INFO - [2022] MISSING_CENTRAL: SR3Mu/Central/muons/3/energy in Skim_TriLep_DYJets10to50.root
2026-05-29 15:30:11,267 - INFO - [2022EE] MISSING_CENTRAL: SR3Mu/Central/muons/3/energy in Skim_TriLep_DYJets10to50.root
2026-05-29 15:30:11,584 - INFO - [2023] MISSING_CENTRAL: SR3Mu/Central/muons/3/energy in Skim_TriLep_DYJets10to50.root
2026-05-29 15:30:11,877 - INFO - [2023BPix] MISSING_CENTRAL: SR3Mu/Central/muons/3/energy in Skim_TriLep_DYJets10to50.root
2026-05-29 15:39:51,709 - INFO - [2022] MISSING_CENTRAL: SR3Mu/Central/muons/3/energy in Skim_TriLep_DYJets10to50.root
2026-05-29 15:39:51,984 - INFO - [2022EE] MISSING_CENTRAL: SR3Mu/Central/muons/3/energy in Skim_TriLep_DYJets10to50.root
2026-05-29 15:39:52,275 - INFO - [2023] MISSING_CENTRAL: SR3Mu/Central/muons/3/energy in Skim_TriLep_DYJets10to50.root
2026-05-29 15:39:52,567 - INFO - [2023BPix] MISSING_CENTRAL: SR3Mu/Central/muons/3/energy in Skim_TriLep_DYJets10to50.root
2026-05-29 18:21:18,515 - INFO - [2022] MISSING_CENTRAL: SR3Mu/Central/muons/3/energy in Skim_TriLep_DYJets10to50.root
2026-05-29 18:21:18,779 - INFO - [2022EE] MISSING_CENTRAL: SR3Mu/Central/muons/3/energy in Skim_TriLep_DYJets10to50.root
2026-05-29 18:21:19,055 - INFO - [2023] MISSING_CENTRAL: SR3Mu/Central/muons/3/energy in Skim_TriLep_DYJets10to50.root
2026-05-29 18:21:19,348 - INFO - [2023BPix] MISSING_CENTRAL: SR3Mu/Central/muons/3/energy in Skim_TriLep_DYJets10to50.root
2026-05-29 18:31:14,683 - INFO - [2022] MISSING_CENTRAL: SR3Mu/Central/muons/3/energy in Skim_TriLep_DYJets10to50.root
2026-05-29 18:31:14,947 - INFO - [2022EE] MISSING_CENTRAL: SR3Mu/Central/muons/3/energy in Skim_TriLep_DYJets10to50.root
2026-05-29 18:31:15,226 - INFO - [2023] MISSING_CENTRAL: SR3Mu/Central/muons/3/energy in Skim_TriLep_DYJets10to50.root
2026-05-29 18:31:15,520 - INFO - [2023BPix] MISSING_CENTRAL: SR3Mu/Central/muons/3/energy in Skim_TriLep_DYJets10to50.root
2026-06-12 13:59:01,675 - INFO - [2022] MISSING_CENTRAL: SR3Mu/Central/muons/3/energy in Skim_TriLep_DYJets10to50.root
2026-06-12 13:59:01,933 - INFO - [2022EE] MISSING_CENTRAL: SR3Mu/Central/muons/3/energy in Skim_TriLep_DYJets10to50.root
2026-06-12 13:59:02,196 - INFO - [2023] MISSING_CENTRAL: SR3Mu/Central/muons/3/energy in Skim_TriLep_DYJets10to50.root
2026-06-12 13:59:02,413 - INFO - [2023BPix] MISSING_CENTRAL: SR3Mu/Central/muons/3/energy in Skim_TriLep_DYJets10to50.root
2026-06-12 14:11:07,612 - INFO - [2022] MISSING_CENTRAL: SR3Mu/Central/muons/3/energy in Skim_TriLep_DYJets10to50.root
2026-06-12 14:11:07,875 - INFO - [2022EE] MISSING_CENTRAL: SR3Mu/Central/muons/3/energy in Skim_TriLep_DYJets10to50.root
2026-06-12 14:11:08,156 - INFO - [2023] MISSING_CENTRAL: SR3Mu/Central/muons/3/energy in Skim_TriLep_DYJets10to50.root
2026-06-12 14:11:08,454 - INFO - [2023BPix] MISSING_CENTRAL: SR3Mu/Central/muons/3/energy in Skim_TriLep_DYJets10to50.root
2026-06-12 14:34:39,526 - INFO - [2022] MISSING_CENTRAL: SR3Mu/Central/muons/3/energy in Skim_TriLep_DYJets10to50.root
2026-06-12 14:34:39,790 - INFO - [2022EE] MISSING_CENTRAL: SR3Mu/Central/muons/3/energy in Skim_TriLep_DYJets10to50.root
2026-06-12 14:34:40,060 - INFO - [2023] MISSING_CENTRAL: SR3Mu/Central/muons/3/energy in Skim_TriLep_DYJets10to50.root
2026-06-12 14:34:40,348 - INFO - [2023BPix] MISSING_CENTRAL: SR3Mu/Central/muons/3/energy in Skim_TriLep_DYJets10to50.root
2026-06-18 00:29:24,199 - INFO - [2022] MISSING_CENTRAL: SR3Mu/Central/muons/3/energy in Skim_TriLep_DYJets10to50.root
2026-06-18 00:29:24,528 - INFO - [2022EE] MISSING_CENTRAL: SR3Mu/Central/muons/3/energy in Skim_TriLep_DYJets10to50.root
2026-06-18 00:29:24,823 - INFO - [2023] MISSING_CENTRAL: SR3Mu/Central/muons/3/energy in Skim_TriLep_DYJets10to50.root
2026-06-18 00:29:25,123 - INFO - [2023BPix] MISSING_CENTRAL: SR3Mu/Central/muons/3/energy in Skim_TriLep_DYJets10to50.root
2026-07-01 17:43:56,688 - INFO - [2022] MISSING_CENTRAL: SR3Mu/Central/muons/3/energy in Skim_TriLep_DYJets10to50.root
2026-07-01 17:43:57,343 - INFO - [2022EE] MISSING_CENTRAL: SR3Mu/Central/muons/3/energy in Skim_TriLep_DYJets10to50.root
2026-07-01 17:43:58,204 - INFO - [2023] MISSING_CENTRAL: SR3Mu/Central/muons/3/energy in Skim_TriLep_DYJets10to50.root
2026-07-01 17:43:58,727 - INFO - [2023BPix] MISSING_CENTRAL: SR3Mu/Central/muons/3/energy in Skim_TriLep_DYJets10to50.root
2026-07-21 19:43:14,631 - INFO - [2022] MISSING_CENTRAL: SR3Mu/Central/muons/3/energy in Skim_TriLep_DYJets10to50.root
2026-07-21 19:43:15,071 - INFO - [2022EE] MISSING_CENTRAL: SR3Mu/Central/muons/3/energy in Skim_TriLep_DYJets10to50.root
2026-07-21 19:43:15,577 - INFO - [2023] MISSING_CENTRAL: SR3Mu/Central/muons/3/energy in Skim_TriLep_DYJets10to50.root
2026-07-21 19:43:16,153 - INFO - [2023BPix] MISSING_CENTRAL: SR3Mu/Central/muons/3/energy in Skim_TriLep_DYJets10to50.root
2026-08-18 18:27:55,119 - INFO - [2022] MISSING_CENTRAL: SR3Mu/Central/muons/3/energy in Skim_TriLep_DYJets10to50.root
2026-08-18 18:27:55,558 - INFO - [2022EE] MISSING_CENTRAL: SR3Mu/Central/muons/3/energy in Skim_TriLep_DYJets10to50.root
2026-08-18 18:27:56,057 - INFO - [2023] MISSING_CENTRAL: SR3Mu/Central/muons/3/energy in Skim_TriLep_DYJets10to50.root
2026-08-18 18:27:56,698 - INFO - [2023BPix] MISSING_CENTRAL: SR3Mu/Central/muons/3/energy in Skim_TriLep_DYJets10to50.root
2026-08-19 10:21:35,646 - INFO - [2022] MISSING_CENTRAL: SR3Mu/Central/muons/3/energy in Skim_TriLep_DYJets10to50.root
2026-08-19 10:21:36,128 - INFO - [2022EE] MISSING_CENTRAL: SR3Mu/Central/muons/3/energy in Skim_TriLep_DYJets10to50.root
2026-08-19 10:21:36,614 - INFO - [2023] MISSING_CENTRAL: SR3Mu/Central/muons/3/energy in Skim_TriLep_DYJets10to50.root
2026-08-19 10:21:37,181 - INFO - [2023BPix] MISSING_CENTRAL: SR3Mu/Central/muons/3/energy in Skim_TriLep_DYJets10to50.root
