2025-11-13 19:56:25,000 - INFO - [2022] MISSING_CENTRAL: SR3Mu/Central/pair_highM/eta in Skim_TriLep_DYJets.root
2025-11-13 19:56:25,000 - INFO - [2022] MISSING_CENTRAL: SR3Mu/Central/pair_highM/eta in Skim_TriLep_DYJets10to50.root
2025-11-13 19:56:25,001 - INFO - [2022] MISSING_CENTRAL: SR3Mu/Central/pair_highM/eta in Skim_TriLep_DYGTo2LG_MLL4to50_PTG10to100.root
2025-11-13 19:56:25,001 - INFO - [2022] MISSING_CENTRAL: SR3Mu/Central/pair_highM/eta in Skim_TriLep_DYGTo2LG_MLL4to50_PTG100to200.root
2025-11-13 19:56:25,001 - INFO - [2022] MISSING_CENTRAL: SR3Mu/Central/pair_highM/eta in Skim_TriLep_DYGTo2LG_MLL4to50_PTG200toInf.root
2025-11-13 19:56:25,017 - INFO - [2022] MISSING_CENTRAL: SR3Mu/Central/pair_highM/eta in Skim_TriLep_DYGTo2LG_MLL50_PTG100to200.root
2025-11-13 19:56:25,176 - INFO - [2022EE] MISSING_CENTRAL: SR3Mu/Central/pair_highM/eta in Skim_TriLep_DYJets10to50.root
2025-11-13 19:56:25,198 - INFO - [2022EE] MISSING_CENTRAL: SR3Mu/Central/pair_highM/eta in Skim_TriLep_DYGTo2LG_MLL50_PTG100to200.root
2025-11-13 19:56:25,338 - INFO - [2023] MISSING_CENTRAL: SR3Mu/Central/pair_highM/eta in Skim_TriLep_DYJets10to50.root
2025-11-13 19:56:25,623 - INFO - [2023BPix] MISSING_CENTRAL: SR3Mu/Central/pair_highM/eta in Skim_TriLep_DYJets10to50.root
2025-11-13 20:03:20,060 - INFO - [2022] MISSING_CENTRAL: SR3Mu/Central/pair_highM/eta in Skim_TriLep_DYJets.root
2025-11-13 20:03:20,060 - INFO - [2022] MISSING_CENTRAL: SR3Mu/Central/pair_highM/eta in Skim_TriLep_DYJets10to50.root
2025-11-13 20:03:20,061 - INFO - [2022] MISSING_CENTRAL: SR3Mu/Central/pair_highM/eta in Skim_TriLep_DYGTo2LG_MLL4to50_PTG10to100.root
2025-11-13 20:03:20,062 - INFO - [2022] MISSING_CENTRAL: SR3Mu/Central/pair_highM/eta in Skim_TriLep_DYGTo2LG_MLL4to50_PTG100to200.root
2025-11-13 20:03:20,062 - INFO - [2022] MISSING_CENTRAL: SR3Mu/Central/pair_highM/eta in Skim_TriLep_DYGTo2LG_MLL4to50_PTG200toInf.root
2025-11-13 20:03:20,073 - INFO - [2022] MISSING_CENTRAL: SR3Mu/Central/pair_highM/eta in Skim_TriLep_DYGTo2LG_MLL50_PTG100to200.root
2025-11-13 20:03:20,199 - INFO - [2022EE] MISSING_CENTRAL: SR3Mu/Central/pair_highM/eta in Skim_TriLep_DYJets10to50.root
2025-11-13 20:03:20,225 - INFO - [2022EE] MISSING_CENTRAL: SR3Mu/Central/pair_highM/eta in Skim_TriLep_DYGTo2LG_MLL50_PTG100to200.root
2025-11-13 20:03:20,417 - INFO - [2023] MISSING_CENTRAL: SR3Mu/Central/pair_highM/eta in Skim_TriLep_DYJets10to50.root
2025-11-13 20:03:20,636 - INFO - [2023BPix] MISSING_CENTRAL: SR3Mu/Central/pair_highM/eta in Skim_TriLep_DYJets10to50.root
2025-11-19 16:32:32,159 - INFO - [2022] MISSING_CENTRAL: SR3Mu/Central/pair_highM/eta in Skim_TriLep_DYJets.root
2025-11-19 16:32:32,160 - INFO - [2022] MISSING_CENTRAL: SR3Mu/Central/pair_highM/eta in Skim_TriLep_DYJets10to50.root
2025-11-19 16:32:32,160 - INFO - [2022] MISSING_CENTRAL: SR3Mu/Central/pair_highM/eta in Skim_TriLep_DYGTo2LG_MLL4to50_PTG10to100.root
2025-11-19 16:32:32,161 - INFO - [2022] MISSING_CENTRAL: SR3Mu/Central/pair_highM/eta in Skim_TriLep_DYGTo2LG_MLL4to50_PTG100to200.root
2025-11-19 16:32:32,161 - INFO - [2022] MISSING_CENTRAL: SR3Mu/Central/pair_highM/eta in Skim_TriLep_DYGTo2LG_MLL4to50_PTG200toInf.root
2025-11-19 16:32:32,171 - INFO - [2022] MISSING_CENTRAL: SR3Mu/Central/pair_highM/eta in Skim_TriLep_DYGTo2LG_MLL50_PTG100to200.root
2025-11-19 16:32:32,342 - INFO - [2022EE] MISSING_CENTRAL: SR3Mu/Central/pair_highM/eta in Skim_TriLep_DYJets10to50.root
2025-11-19 16:32:32,369 - INFO - [2022EE] MISSING_CENTRAL: SR3Mu/Central/pair_highM/eta in Skim_TriLep_DYGTo2LG_MLL50_PTG100to200.root
2025-11-19 16:32:32,509 - INFO - [2023] MISSING_CENTRAL: SR3Mu/Central/pair_highM/eta in Skim_TriLep_DYJets10to50.root
2025-11-19 16:32:32,743 - INFO - [2023BPix] MISSING_CENTRAL: SR3Mu/Central/pair_highM/eta in Skim_TriLep_DYJets10to50.root
2025-12-17 22:47:21,843 - INFO - [2022] MISSING_CENTRAL: SR3Mu/Central/pair_highM/eta in Skim_TriLep_DYJets10to50.root
2025-12-17 22:47:22,120 - INFO - [2022EE] MISSING_CENTRAL: SR3Mu/Central/pair_highM/eta in Skim_TriLep_DYJets10to50.root
2025-12-17 22:47:22,339 - INFO - [2023] MISSING_CENTRAL: SR3Mu/Central/pair_highM/eta in Skim_TriLep_DYJets10to50.root
2025-12-17 22:47:22,570 - INFO - [2023BPix] MISSING_CENTRAL: SR3Mu/Central/pair_highM/eta in Skim_TriLep_DYJets10to50.root
2025-12-18 14:49:21,526 - INFO - [2022] MISSING_CENTRAL: SR3Mu/Central/pair_highM/eta in Skim_TriLep_DYJets10to50.root
2025-12-18 14:49:21,859 - INFO - [2022EE] MISSING_CENTRAL: SR3Mu/Central/pair_highM/eta in Skim_TriLep_DYJets10to50.root
2025-12-18 14:49:22,283 - INFO - [2023] MISSING_CENTRAL: SR3Mu/Central/pair_highM/eta in Skim_TriLep_DYJets10to50.root
2025-12-18 14:49:22,644 - INFO - [2023BPix] MISSING_CENTRAL: SR3Mu/Central/pair_highM/eta in Skim_TriLep_DYJets10to50.root
2026-01-07 11:57:35,441 - INFO - [2022] MISSING_CENTRAL: SR3Mu/Central/pair_highM/eta in Skim_TriLep_DYJets10to50.root
2026-01-07 11:57:35,745 - INFO - [2022EE] MISSING_CENTRAL: SR3Mu/Central/pair_highM/eta in Skim_TriLep_DYJets10to50.root
2026-01-07 11:57:35,972 - INFO - [2023] MISSING_CENTRAL: SR3Mu/Central/pair_highM/eta in Skim_TriLep_DYJets10to50.root
2026-01-07 11:57:36,216 - INFO - [2023BPix] MISSING_CENTRAL: SR3Mu/Central/pair_highM/eta in Skim_TriLep_DYJets10to50.root
2026-01-07 18:54:13,784 - INFO - [2022] MISSING_CENTRAL: SR3Mu/Central/pair_highM/eta in Skim_TriLep_DYJets10to50.root
2026-01-07 18:54:14,069 - INFO - [2022EE] MISSING_CENTRAL: SR3Mu/Central/pair_highM/eta in Skim_TriLep_DYJets10to50.root
2026-01-07 18:54:14,308 - INFO - [2023] MISSING_CENTRAL: SR3Mu/Central/pair_highM/eta in Skim_TriLep_DYJets10to50.root
2026-01-07 18:54:14,617 - INFO - [2023BPix] MISSING_CENTRAL: SR3Mu/Central/pair_highM/eta in Skim_TriLep_DYJets10to50.root
2026-01-07 19:32:05,443 - INFO - [2022] MISSING_CENTRAL: SR3Mu/Central/pair_highM/eta in Skim_TriLep_DYJets10to50.root
2026-01-07 19:32:05,654 - INFO - [2022EE] MISSING_CENTRAL: SR3Mu/Central/pair_highM/eta in Skim_TriLep_DYJets10to50.root
2026-01-07 19:32:05,881 - INFO - [2023] MISSING_CENTRAL: SR3Mu/Central/pair_highM/eta in Skim_TriLep_DYJets10to50.root
2026-01-07 19:32:06,114 - INFO - [2023BPix] MISSING_CENTRAL: SR3Mu/Central/pair_highM/eta in Skim_TriLep_DYJets10to50.root
2026-01-09 12:29:37,855 - INFO - [2022] MISSING_CENTRAL: SR3Mu/Central/pair_highM/eta in Skim_TriLep_DYJets10to50.root
2026-01-09 12:29:37,970 - INFO - [2022EE] MISSING_CENTRAL: SR3Mu/Central/pair_highM/eta in Skim_TriLep_DYJets10to50.root
2026-01-09 12:29:38,133 - INFO - [2023] MISSING_CENTRAL: SR3Mu/Central/pair_highM/eta in Skim_TriLep_DYJets10to50.root
2026-01-09 12:29:38,309 - INFO - [2023BPix] MISSING_CENTRAL: SR3Mu/Central/pair_highM/eta in Skim_TriLep_DYJets10to50.root
2026-01-11 09:49:37,577 - INFO - [2022] MISSING_CENTRAL: SR3Mu/Central/pair_highM/eta in Skim_TriLep_DYJets10to50.root
2026-01-11 09:49:37,701 - INFO - [2022EE] MISSING_CENTRAL: SR3Mu/Central/pair_highM/eta in Skim_TriLep_DYJets10to50.root
2026-01-11 09:49:37,834 - INFO - [2023] MISSING_CENTRAL: SR3Mu/Central/pair_highM/eta in Skim_TriLep_DYJets10to50.root
2026-01-11 09:49:37,998 - INFO - [2023BPix] MISSING_CENTRAL: SR3Mu/Central/pair_highM/eta in Skim_TriLep_DYJets10to50.root
2026-01-12 13:58:34,843 - INFO - [2022] MISSING_FILE: /home/choij/Sync/workspace/ChargedHiggsAnalysisV3/SKNanoOutput/MatrixSelector/Run3Mu/2022/Skim_TriLep_DoubleMuon_C.root
2026-01-12 13:58:34,844 - INFO - [2022] MISSING_FILE: /home/choij/Sync/workspace/ChargedHiggsAnalysisV3/SKNanoOutput/MatrixSelector/Run3Mu/2022/Skim_TriLep_Muon_C.root
2026-01-12 13:58:34,844 - INFO - [2022] MISSING_FILE: /home/choij/Sync/workspace/ChargedHiggsAnalysisV3/SKNanoOutput/MatrixSelector/Run3Mu/2022/Skim_TriLep_Muon_D.root
2026-01-12 13:58:34,867 - INFO - [2022] MISSING_CENTRAL: SR3Mu/Central/pair_highM/eta in Skim_TriLep_DYJets10to50.root
2026-01-12 13:58:35,046 - INFO - [2022EE] MISSING_FILE: /home/choij/Sync/workspace/ChargedHiggsAnalysisV3/SKNanoOutput/MatrixSelector/Run3Mu/2022EE/Skim_TriLep_Muon_E.root
2026-01-12 13:58:35,046 - INFO - [2022EE] MISSING_FILE: /home/choij/Sync/workspace/ChargedHiggsAnalysisV3/SKNanoOutput/MatrixSelector/Run3Mu/2022EE/Skim_TriLep_Muon_F.root
2026-01-12 13:58:35,046 - INFO - [2022EE] MISSING_FILE: /home/choij/Sync/workspace/ChargedHiggsAnalysisV3/SKNanoOutput/MatrixSelector/Run3Mu/2022EE/Skim_TriLep_Muon_G.root
2026-01-12 13:58:35,053 - INFO - [2022EE] MISSING_CENTRAL: SR3Mu/Central/pair_highM/eta in Skim_TriLep_DYJets10to50.root
2026-01-12 13:58:35,174 - INFO - [2023] MISSING_FILE: /home/choij/Sync/workspace/ChargedHiggsAnalysisV3/SKNanoOutput/MatrixSelector/Run3Mu/2023/Skim_TriLep_Muon0_C_v1.root
2026-01-12 13:58:35,175 - INFO - [2023] MISSING_FILE: /home/choij/Sync/workspace/ChargedHiggsAnalysisV3/SKNanoOutput/MatrixSelector/Run3Mu/2023/Skim_TriLep_Muon0_C_v2.root
2026-01-12 13:58:35,175 - INFO - [2023] MISSING_FILE: /home/choij/Sync/workspace/ChargedHiggsAnalysisV3/SKNanoOutput/MatrixSelector/Run3Mu/2023/Skim_TriLep_Muon0_C_v3.root
2026-01-12 13:58:35,175 - INFO - [2023] MISSING_FILE: /home/choij/Sync/workspace/ChargedHiggsAnalysisV3/SKNanoOutput/MatrixSelector/Run3Mu/2023/Skim_TriLep_Muon0_C_v4.root
2026-01-12 13:58:35,175 - INFO - [2023] MISSING_FILE: /home/choij/Sync/workspace/ChargedHiggsAnalysisV3/SKNanoOutput/MatrixSelector/Run3Mu/2023/Skim_TriLep_Muon1_C_v1.root
2026-01-12 13:58:35,175 - INFO - [2023] MISSING_FILE: /home/choij/Sync/workspace/ChargedHiggsAnalysisV3/SKNanoOutput/MatrixSelector/Run3Mu/2023/Skim_TriLep_Muon1_C_v2.root
2026-01-12 13:58:35,175 - INFO - [2023] MISSING_FILE: /home/choij/Sync/workspace/ChargedHiggsAnalysisV3/SKNanoOutput/MatrixSelector/Run3Mu/2023/Skim_TriLep_Muon1_C_v3.root
2026-01-12 13:58:35,175 - INFO - [2023] MISSING_FILE: /home/choij/Sync/workspace/ChargedHiggsAnalysisV3/SKNanoOutput/MatrixSelector/Run3Mu/2023/Skim_TriLep_Muon1_C_v4.root
2026-01-12 13:58:35,183 - INFO - [2023] MISSING_CENTRAL: SR3Mu/Central/pair_highM/eta in Skim_TriLep_DYJets10to50.root
2026-01-12 13:58:35,319 - INFO - [2023BPix] MISSING_FILE: /home/choij/Sync/workspace/ChargedHiggsAnalysisV3/SKNanoOutput/MatrixSelector/Run3Mu/2023BPix/Skim_TriLep_Muon0_D_v1.root
2026-01-12 13:58:35,319 - INFO - [2023BPix] MISSING_FILE: /home/choij/Sync/workspace/ChargedHiggsAnalysisV3/SKNanoOutput/MatrixSelector/Run3Mu/2023BPix/Skim_TriLep_Muon0_D_v2.root
2026-01-12 13:58:35,319 - INFO - [2023BPix] MISSING_FILE: /home/choij/Sync/workspace/ChargedHiggsAnalysisV3/SKNanoOutput/MatrixSelector/Run3Mu/2023BPix/Skim_TriLep_Muon1_D_v1.root
2026-01-12 13:58:35,319 - INFO - [2023BPix] MISSING_FILE: /home/choij/Sync/workspace/ChargedHiggsAnalysisV3/SKNanoOutput/MatrixSelector/Run3Mu/2023BPix/Skim_TriLep_Muon1_D_v2.root
2026-01-12 13:58:35,327 - INFO - [2023BPix] MISSING_CENTRAL: SR3Mu/Central/pair_highM/eta in Skim_TriLep_DYJets10to50.root
2026-01-16 19:13:06,605 - INFO - [2022] MISSING_CENTRAL: SR3Mu/Central/pair_highM/eta in Skim_TriLep_DYJets10to50.root
2026-01-16 19:13:06,722 - INFO - [2022EE] MISSING_CENTRAL: SR3Mu/Central/pair_highM/eta in Skim_TriLep_DYJets10to50.root
2026-01-16 19:13:06,839 - INFO - [2023] MISSING_CENTRAL: SR3Mu/Central/pair_highM/eta in Skim_TriLep_DYJets10to50.root
2026-01-16 19:13:06,956 - INFO - [2023BPix] MISSING_CENTRAL: SR3Mu/Central/pair_highM/eta in Skim_TriLep_DYJets10to50.root
2026-01-21 13:02:25,684 - INFO - [2022] MISSING_CENTRAL: SR3Mu/Central/pair_highM/eta in Skim_TriLep_DYJets10to50.root
2026-01-21 13:02:25,824 - INFO - [2022EE] MISSING_CENTRAL: SR3Mu/Central/pair_highM/eta in Skim_TriLep_DYJets10to50.root
2026-01-21 13:02:25,981 - INFO - [2023] MISSING_CENTRAL: SR3Mu/Central/pair_highM/eta in Skim_TriLep_DYJets10to50.root
2026-01-21 13:02:26,152 - INFO - [2023BPix] MISSING_CENTRAL: SR3Mu/Central/pair_highM/eta in Skim_TriLep_DYJets10to50.root
2026-01-21 14:50:52,691 - INFO - [2022] MISSING_CENTRAL: SR3Mu/Central/pair_highM/eta in Skim_TriLep_DYJets10to50.root
2026-01-21 14:50:52,808 - INFO - [2022EE] MISSING_CENTRAL: SR3Mu/Central/pair_highM/eta in Skim_TriLep_DYJets10to50.root
2026-01-21 14:50:52,936 - INFO - [2023] MISSING_CENTRAL: SR3Mu/Central/pair_highM/eta in Skim_TriLep_DYJets10to50.root
2026-01-21 14:50:53,067 - INFO - [2023BPix] MISSING_CENTRAL: SR3Mu/Central/pair_highM/eta in Skim_TriLep_DYJets10to50.root
2026-01-28 17:09:50,221 - INFO - [2022] MISSING_CENTRAL: SR3Mu/Central/pair_highM/eta in Skim_TriLep_DYJets10to50.root
2026-01-28 17:09:50,327 - INFO - [2022EE] MISSING_CENTRAL: SR3Mu/Central/pair_highM/eta in Skim_TriLep_DYJets10to50.root
2026-01-28 17:09:50,438 - INFO - [2023] MISSING_CENTRAL: SR3Mu/Central/pair_highM/eta in Skim_TriLep_DYJets10to50.root
2026-01-28 17:09:50,539 - INFO - [2023BPix] MISSING_CENTRAL: SR3Mu/Central/pair_highM/eta in Skim_TriLep_DYJets10to50.root
2026-01-28 17:30:19,351 - INFO - [2022] MISSING_CENTRAL: SR3Mu/Central/pair_highM/eta in Skim_TriLep_DYJets10to50.root
2026-01-28 17:30:19,466 - INFO - [2022EE] MISSING_CENTRAL: SR3Mu/Central/pair_highM/eta in Skim_TriLep_DYJets10to50.root
2026-01-28 17:30:19,577 - INFO - [2023] MISSING_CENTRAL: SR3Mu/Central/pair_highM/eta in Skim_TriLep_DYJets10to50.root
2026-01-28 17:30:19,684 - INFO - [2023BPix] MISSING_CENTRAL: SR3Mu/Central/pair_highM/eta in Skim_TriLep_DYJets10to50.root
2026-01-28 20:04:12,786 - INFO - [2022] MISSING_CENTRAL: SR3Mu/Central/pair_highM/eta in Skim_TriLep_DYJets10to50.root
2026-01-28 20:04:12,910 - INFO - [2022EE] MISSING_CENTRAL: SR3Mu/Central/pair_highM/eta in Skim_TriLep_DYJets10to50.root
2026-01-28 20:04:13,027 - INFO - [2023] MISSING_CENTRAL: SR3Mu/Central/pair_highM/eta in Skim_TriLep_DYJets10to50.root
2026-01-28 20:04:13,147 - INFO - [2023BPix] MISSING_CENTRAL: SR3Mu/Central/pair_highM/eta in Skim_TriLep_DYJets10to50.root
2026-01-29 07:20:32,214 - INFO - [2022] MISSING_CENTRAL: SR3Mu/Central/pair_highM/eta in Skim_TriLep_DYJets10to50.root
2026-01-29 07:20:32,329 - INFO - [2022EE] MISSING_CENTRAL: SR3Mu/Central/pair_highM/eta in Skim_TriLep_DYJets10to50.root
2026-01-29 07:20:32,436 - INFO - [2023] MISSING_CENTRAL: SR3Mu/Central/pair_highM/eta in Skim_TriLep_DYJets10to50.root
2026-01-29 07:20:32,521 - INFO - [2023BPix] MISSING_CENTRAL: SR3Mu/Central/pair_highM/eta in Skim_TriLep_DYJets10to50.root
2026-03-06 09:45:25,331 - INFO - [2022] MISSING_CENTRAL: SR3Mu/Central/pair_highM/eta in Skim_TriLep_DYJets10to50.root
2026-03-06 09:45:25,439 - INFO - [2022EE] MISSING_CENTRAL: SR3Mu/Central/pair_highM/eta in Skim_TriLep_DYJets10to50.root
2026-03-06 09:45:25,561 - INFO - [2023] MISSING_CENTRAL: SR3Mu/Central/pair_highM/eta in Skim_TriLep_DYJets10to50.root
2026-03-06 09:45:25,692 - INFO - [2023BPix] MISSING_CENTRAL: SR3Mu/Central/pair_highM/eta in Skim_TriLep_DYJets10to50.root
2026-03-06 19:51:10,983 - INFO - [2022] MISSING_CENTRAL: SR3Mu/Central/pair_highM/eta in Skim_TriLep_DYJets10to50.root
2026-03-06 19:51:11,093 - INFO - [2022EE] MISSING_CENTRAL: SR3Mu/Central/pair_highM/eta in Skim_TriLep_DYJets10to50.root
2026-03-06 19:51:11,209 - INFO - [2023] MISSING_CENTRAL: SR3Mu/Central/pair_highM/eta in Skim_TriLep_DYJets10to50.root
2026-03-06 19:51:11,338 - INFO - [2023BPix] MISSING_CENTRAL: SR3Mu/Central/pair_highM/eta in Skim_TriLep_DYJets10to50.root
2026-04-10 20:26:04,852 - INFO - [2022] MISSING_CENTRAL: SR3Mu/Central/pair_highM/eta in Skim_TriLep_DYJets10to50.root
2026-04-10 20:26:04,973 - INFO - [2022EE] MISSING_CENTRAL: SR3Mu/Central/pair_highM/eta in Skim_TriLep_DYJets10to50.root
2026-04-10 20:26:05,055 - INFO - [2023] MISSING_CENTRAL: SR3Mu/Central/pair_highM/eta in Skim_TriLep_DYJets10to50.root
2026-04-10 20:26:05,138 - INFO - [2023BPix] MISSING_CENTRAL: SR3Mu/Central/pair_highM/eta in Skim_TriLep_DYJets10to50.root
2026-04-12 11:41:30,418 - INFO - [2022] MISSING_CENTRAL: SR3Mu/Central/pair_highM/eta in Skim_TriLep_DYJets10to50.root
2026-04-12 11:41:30,554 - INFO - [2022EE] MISSING_CENTRAL: SR3Mu/Central/pair_highM/eta in Skim_TriLep_DYJets10to50.root
2026-04-12 11:41:30,689 - INFO - [2023] MISSING_CENTRAL: SR3Mu/Central/pair_highM/eta in Skim_TriLep_DYJets10to50.root
2026-04-12 11:41:30,795 - INFO - [2023BPix] MISSING_CENTRAL: SR3Mu/Central/pair_highM/eta in Skim_TriLep_DYJets10to50.root
2026-04-12 12:23:10,228 - INFO - [2022] MISSING_CENTRAL: SR3Mu/Central/pair_highM/eta in Skim_TriLep_DYJets10to50.root
2026-04-12 12:23:10,350 - INFO - [2022EE] MISSING_CENTRAL: SR3Mu/Central/pair_highM/eta in Skim_TriLep_DYJets10to50.root
2026-04-12 12:23:10,487 - INFO - [2023] MISSING_CENTRAL: SR3Mu/Central/pair_highM/eta in Skim_TriLep_DYJets10to50.root
2026-04-12 12:23:10,604 - INFO - [2023BPix] MISSING_CENTRAL: SR3Mu/Central/pair_highM/eta in Skim_TriLep_DYJets10to50.root
2026-04-12 12:42:49,282 - INFO - [2022] MISSING_CENTRAL: SR3Mu/Central/pair_highM/eta in Skim_TriLep_DYJets10to50.root
2026-04-12 12:42:49,362 - INFO - [2022EE] MISSING_CENTRAL: SR3Mu/Central/pair_highM/eta in Skim_TriLep_DYJets10to50.root
2026-04-12 12:42:49,448 - INFO - [2023] MISSING_CENTRAL: SR3Mu/Central/pair_highM/eta in Skim_TriLep_DYJets10to50.root
2026-04-12 12:42:49,538 - INFO - [2023BPix] MISSING_CENTRAL: SR3Mu/Central/pair_highM/eta in Skim_TriLep_DYJets10to50.root
2026-04-12 20:51:00,233 - INFO - [2022] MISSING_CENTRAL: SR3Mu/Central/pair_highM/eta in Skim_TriLep_DYJets10to50.root
2026-04-12 20:51:00,346 - INFO - [2022EE] MISSING_CENTRAL: SR3Mu/Central/pair_highM/eta in Skim_TriLep_DYJets10to50.root
2026-04-12 20:51:00,434 - INFO - [2023] MISSING_CENTRAL: SR3Mu/Central/pair_highM/eta in Skim_TriLep_DYJets10to50.root
2026-04-12 20:51:00,526 - INFO - [2023BPix] MISSING_CENTRAL: SR3Mu/Central/pair_highM/eta in Skim_TriLep_DYJets10to50.root
2026-04-12 21:22:34,548 - INFO - [2022] MISSING_CENTRAL: SR3Mu/Central/pair_highM/eta in Skim_TriLep_DYJets10to50.root
2026-04-12 21:22:34,631 - INFO - [2022EE] MISSING_CENTRAL: SR3Mu/Central/pair_highM/eta in Skim_TriLep_DYJets10to50.root
2026-04-12 21:22:34,717 - INFO - [2023] MISSING_CENTRAL: SR3Mu/Central/pair_highM/eta in Skim_TriLep_DYJets10to50.root
2026-04-12 21:22:34,799 - INFO - [2023BPix] MISSING_CENTRAL: SR3Mu/Central/pair_highM/eta in Skim_TriLep_DYJets10to50.root
2026-04-13 13:00:24,357 - INFO - [2022] MISSING_CENTRAL: SR3Mu/Central/pair_highM/eta in Skim_TriLep_DYJets10to50.root
2026-04-13 13:00:24,493 - INFO - [2022EE] MISSING_CENTRAL: SR3Mu/Central/pair_highM/eta in Skim_TriLep_DYJets10to50.root
2026-04-13 13:00:24,641 - INFO - [2023] MISSING_CENTRAL: SR3Mu/Central/pair_highM/eta in Skim_TriLep_DYJets10to50.root
2026-04-13 13:00:24,794 - INFO - [2023BPix] MISSING_CENTRAL: SR3Mu/Central/pair_highM/eta in Skim_TriLep_DYJets10to50.root
2026-04-16 17:32:41,094 - INFO - [2022] MISSING_CENTRAL: SR3Mu/Central/pair_highM/eta in Skim_TriLep_DYJets10to50.root
2026-04-16 17:32:41,184 - INFO - [2022EE] MISSING_CENTRAL: SR3Mu/Central/pair_highM/eta in Skim_TriLep_DYJets10to50.root
2026-04-16 17:32:41,291 - INFO - [2023] MISSING_CENTRAL: SR3Mu/Central/pair_highM/eta in Skim_TriLep_DYJets10to50.root
2026-04-16 17:32:41,392 - INFO - [2023BPix] MISSING_CENTRAL: SR3Mu/Central/pair_highM/eta in Skim_TriLep_DYJets10to50.root
2026-04-16 17:42:56,041 - INFO - [2022] MISSING_CENTRAL: SR3Mu/Central/pair_highM/eta in Skim_TriLep_DYJets10to50.root
2026-04-16 17:42:56,159 - INFO - [2022EE] MISSING_CENTRAL: SR3Mu/Central/pair_highM/eta in Skim_TriLep_DYJets10to50.root
2026-04-16 17:42:56,254 - INFO - [2023] MISSING_CENTRAL: SR3Mu/Central/pair_highM/eta in Skim_TriLep_DYJets10to50.root
2026-04-16 17:42:56,350 - INFO - [2023BPix] MISSING_CENTRAL: SR3Mu/Central/pair_highM/eta in Skim_TriLep_DYJets10to50.root
2026-04-28 15:13:20,029 - INFO - [2022] MISSING_CENTRAL: SR3Mu/Central/pair_highM/eta in Skim_TriLep_DYJets10to50.root
2026-04-28 15:13:20,136 - INFO - [2022EE] MISSING_CENTRAL: SR3Mu/Central/pair_highM/eta in Skim_TriLep_DYJets10to50.root
2026-04-28 15:13:20,271 - INFO - [2023] MISSING_CENTRAL: SR3Mu/Central/pair_highM/eta in Skim_TriLep_DYJets10to50.root
2026-04-28 15:13:20,374 - INFO - [2023BPix] MISSING_CENTRAL: SR3Mu/Central/pair_highM/eta in Skim_TriLep_DYJets10to50.root
2026-04-28 15:19:36,062 - INFO - [2022] MISSING_CENTRAL: SR3Mu/Central/pair_highM/eta in Skim_TriLep_DYJets10to50.root
2026-04-28 15:19:36,172 - INFO - [2022EE] MISSING_CENTRAL: SR3Mu/Central/pair_highM/eta in Skim_TriLep_DYJets10to50.root
2026-04-28 15:19:36,322 - INFO - [2023] MISSING_CENTRAL: SR3Mu/Central/pair_highM/eta in Skim_TriLep_DYJets10to50.root
2026-04-28 15:19:36,457 - INFO - [2023BPix] MISSING_CENTRAL: SR3Mu/Central/pair_highM/eta in Skim_TriLep_DYJets10to50.root
2026-04-28 15:21:41,396 - INFO - [2022] MISSING_CENTRAL: SR3Mu/Central/pair_highM/eta in Skim_TriLep_DYJets10to50.root
2026-04-28 15:21:41,489 - INFO - [2022EE] MISSING_CENTRAL: SR3Mu/Central/pair_highM/eta in Skim_TriLep_DYJets10to50.root
2026-04-28 15:21:41,589 - INFO - [2023] MISSING_CENTRAL: SR3Mu/Central/pair_highM/eta in Skim_TriLep_DYJets10to50.root
2026-04-28 15:21:41,691 - INFO - [2023BPix] MISSING_CENTRAL: SR3Mu/Central/pair_highM/eta in Skim_TriLep_DYJets10to50.root
2026-04-28 20:32:46,532 - INFO - [2022] MISSING_CENTRAL: SR3Mu/Central/pair_highM/eta in Skim_TriLep_DYJets10to50.root
2026-04-28 20:32:46,621 - INFO - [2022EE] MISSING_CENTRAL: SR3Mu/Central/pair_highM/eta in Skim_TriLep_DYJets10to50.root
2026-04-28 20:32:46,717 - INFO - [2023] MISSING_CENTRAL: SR3Mu/Central/pair_highM/eta in Skim_TriLep_DYJets10to50.root
2026-04-28 20:32:46,806 - INFO - [2023BPix] MISSING_CENTRAL: SR3Mu/Central/pair_highM/eta in Skim_TriLep_DYJets10to50.root
2026-04-28 20:34:46,131 - INFO - [2022] MISSING_CENTRAL: SR3Mu/Central/pair_highM/eta in Skim_TriLep_DYJets10to50.root
2026-04-28 20:34:46,218 - INFO - [2022EE] MISSING_CENTRAL: SR3Mu/Central/pair_highM/eta in Skim_TriLep_DYJets10to50.root
2026-04-28 20:34:46,311 - INFO - [2023] MISSING_CENTRAL: SR3Mu/Central/pair_highM/eta in Skim_TriLep_DYJets10to50.root
2026-04-28 20:34:46,405 - INFO - [2023BPix] MISSING_CENTRAL: SR3Mu/Central/pair_highM/eta in Skim_TriLep_DYJets10to50.root
2026-05-04 15:39:14,934 - INFO - [2022] MISSING_CENTRAL: SR3Mu/Central/pair_highM/eta in Skim_TriLep_DYJets10to50.root
2026-05-04 15:39:15,070 - INFO - [2022EE] MISSING_CENTRAL: SR3Mu/Central/pair_highM/eta in Skim_TriLep_DYJets10to50.root
2026-05-04 15:39:15,214 - INFO - [2023] MISSING_CENTRAL: SR3Mu/Central/pair_highM/eta in Skim_TriLep_DYJets10to50.root
2026-05-04 15:39:15,361 - INFO - [2023BPix] MISSING_CENTRAL: SR3Mu/Central/pair_highM/eta in Skim_TriLep_DYJets10to50.root
2026-05-04 15:41:25,325 - INFO - [2022] MISSING_CENTRAL: SR3Mu/Central/pair_highM/eta in Skim_TriLep_DYJets10to50.root
2026-05-04 15:41:25,423 - INFO - [2022EE] MISSING_CENTRAL: SR3Mu/Central/pair_highM/eta in Skim_TriLep_DYJets10to50.root
2026-05-04 15:41:25,514 - INFO - [2023] MISSING_CENTRAL: SR3Mu/Central/pair_highM/eta in Skim_TriLep_DYJets10to50.root
2026-05-04 15:41:25,622 - INFO - [2023BPix] MISSING_CENTRAL: SR3Mu/Central/pair_highM/eta in Skim_TriLep_DYJets10to50.root
2026-05-04 16:03:24,114 - INFO - [2022] MISSING_CENTRAL: SR3Mu/Central/pair_highM/eta in Skim_TriLep_DYJets10to50.root
2026-05-04 16:03:24,202 - INFO - [2022EE] MISSING_CENTRAL: SR3Mu/Central/pair_highM/eta in Skim_TriLep_DYJets10to50.root
2026-05-04 16:03:24,296 - INFO - [2023] MISSING_CENTRAL: SR3Mu/Central/pair_highM/eta in Skim_TriLep_DYJets10to50.root
2026-05-04 16:03:24,390 - INFO - [2023BPix] MISSING_CENTRAL: SR3Mu/Central/pair_highM/eta in Skim_TriLep_DYJets10to50.root
2026-05-04 16:05:26,402 - INFO - [2022] MISSING_CENTRAL: SR3Mu/Central/pair_highM/eta in Skim_TriLep_DYJets10to50.root
2026-05-04 16:05:26,492 - INFO - [2022EE] MISSING_CENTRAL: SR3Mu/Central/pair_highM/eta in Skim_TriLep_DYJets10to50.root
2026-05-04 16:05:26,586 - INFO - [2023] MISSING_CENTRAL: SR3Mu/Central/pair_highM/eta in Skim_TriLep_DYJets10to50.root
2026-05-04 16:05:26,683 - INFO - [2023BPix] MISSING_CENTRAL: SR3Mu/Central/pair_highM/eta in Skim_TriLep_DYJets10to50.root
2026-05-04 17:02:32,023 - INFO - [2022] MISSING_CENTRAL: SR3Mu/Central/pair_highM/eta in Skim_TriLep_DYJets10to50.root
2026-05-04 17:02:32,112 - INFO - [2022EE] MISSING_CENTRAL: SR3Mu/Central/pair_highM/eta in Skim_TriLep_DYJets10to50.root
2026-05-04 17:02:32,203 - INFO - [2023] MISSING_CENTRAL: SR3Mu/Central/pair_highM/eta in Skim_TriLep_DYJets10to50.root
2026-05-04 17:02:32,294 - INFO - [2023BPix] MISSING_CENTRAL: SR3Mu/Central/pair_highM/eta in Skim_TriLep_DYJets10to50.root
2026-05-04 17:12:19,881 - INFO - [2022] MISSING_CENTRAL: SR3Mu/Central/pair_highM/eta in Skim_TriLep_DYJets10to50.root
2026-05-04 17:12:19,975 - INFO - [2022EE] MISSING_CENTRAL: SR3Mu/Central/pair_highM/eta in Skim_TriLep_DYJets10to50.root
2026-05-04 17:12:20,070 - INFO - [2023] MISSING_CENTRAL: SR3Mu/Central/pair_highM/eta in Skim_TriLep_DYJets10to50.root
2026-05-04 17:12:20,193 - INFO - [2023BPix] MISSING_CENTRAL: SR3Mu/Central/pair_highM/eta in Skim_TriLep_DYJets10to50.root
2026-05-28 15:39:28,967 - INFO - [2022] MISSING_CENTRAL: SR3Mu/Central/pair_highM/eta in Skim_TriLep_DYJets10to50.root
2026-05-28 15:39:29,238 - INFO - [2022EE] MISSING_CENTRAL: SR3Mu/Central/pair_highM/eta in Skim_TriLep_DYJets10to50.root
2026-05-28 15:39:29,508 - INFO - [2023] MISSING_CENTRAL: SR3Mu/Central/pair_highM/eta in Skim_TriLep_DYJets10to50.root
2026-05-28 15:39:29,781 - INFO - [2023BPix] MISSING_CENTRAL: SR3Mu/Central/pair_highM/eta in Skim_TriLep_DYJets10to50.root
2026-05-28 15:48:56,303 - INFO - [2022] MISSING_CENTRAL: SR3Mu/Central/pair_highM/eta in Skim_TriLep_DYJets10to50.root
2026-05-28 15:48:56,538 - INFO - [2022EE] MISSING_CENTRAL: SR3Mu/Central/pair_highM/eta in Skim_TriLep_DYJets10to50.root
2026-05-28 15:48:56,782 - INFO - [2023] MISSING_CENTRAL: SR3Mu/Central/pair_highM/eta in Skim_TriLep_DYJets10to50.root
2026-05-28 15:48:57,029 - INFO - [2023BPix] MISSING_CENTRAL: SR3Mu/Central/pair_highM/eta in Skim_TriLep_DYJets10to50.root
2026-05-29 15:20:22,862 - INFO - [2022] MISSING_CENTRAL: SR3Mu/Central/pair_highM/eta in Skim_TriLep_DYJets10to50.root
2026-05-29 15:20:23,008 - INFO - [2022EE] MISSING_CENTRAL: SR3Mu/Central/pair_highM/eta in Skim_TriLep_DYJets10to50.root
2026-05-29 15:20:23,157 - INFO - [2023] MISSING_CENTRAL: SR3Mu/Central/pair_highM/eta in Skim_TriLep_DYJets10to50.root
2026-05-29 15:20:23,306 - INFO - [2023BPix] MISSING_CENTRAL: SR3Mu/Central/pair_highM/eta in Skim_TriLep_DYJets10to50.root
2026-05-29 15:22:33,115 - INFO - [2022] MISSING_CENTRAL: SR3Mu/Central/pair_highM/eta in Skim_TriLep_DYJets10to50.root
2026-05-29 15:22:33,204 - INFO - [2022EE] MISSING_CENTRAL: SR3Mu/Central/pair_highM/eta in Skim_TriLep_DYJets10to50.root
2026-05-29 15:22:33,307 - INFO - [2023] MISSING_CENTRAL: SR3Mu/Central/pair_highM/eta in Skim_TriLep_DYJets10to50.root
2026-05-29 15:22:33,407 - INFO - [2023BPix] MISSING_CENTRAL: SR3Mu/Central/pair_highM/eta in Skim_TriLep_DYJets10to50.root
2026-05-29 15:30:20,509 - INFO - [2022] MISSING_CENTRAL: SR3Mu/Central/pair_highM/eta in Skim_TriLep_DYJets10to50.root
2026-05-29 15:30:20,599 - INFO - [2022EE] MISSING_CENTRAL: SR3Mu/Central/pair_highM/eta in Skim_TriLep_DYJets10to50.root
2026-05-29 15:30:20,694 - INFO - [2023] MISSING_CENTRAL: SR3Mu/Central/pair_highM/eta in Skim_TriLep_DYJets10to50.root
2026-05-29 15:30:20,793 - INFO - [2023BPix] MISSING_CENTRAL: SR3Mu/Central/pair_highM/eta in Skim_TriLep_DYJets10to50.root
2026-05-29 15:40:00,924 - INFO - [2022] MISSING_CENTRAL: SR3Mu/Central/pair_highM/eta in Skim_TriLep_DYJets10to50.root
2026-05-29 15:40:01,014 - INFO - [2022EE] MISSING_CENTRAL: SR3Mu/Central/pair_highM/eta in Skim_TriLep_DYJets10to50.root
2026-05-29 15:40:01,103 - INFO - [2023] MISSING_CENTRAL: SR3Mu/Central/pair_highM/eta in Skim_TriLep_DYJets10to50.root
2026-05-29 15:40:01,193 - INFO - [2023BPix] MISSING_CENTRAL: SR3Mu/Central/pair_highM/eta in Skim_TriLep_DYJets10to50.root
2026-05-29 18:21:27,569 - INFO - [2022] MISSING_CENTRAL: SR3Mu/Central/pair_highM/eta in Skim_TriLep_DYJets10to50.root
2026-05-29 18:21:27,662 - INFO - [2022EE] MISSING_CENTRAL: SR3Mu/Central/pair_highM/eta in Skim_TriLep_DYJets10to50.root
2026-05-29 18:21:27,757 - INFO - [2023] MISSING_CENTRAL: SR3Mu/Central/pair_highM/eta in Skim_TriLep_DYJets10to50.root
2026-05-29 18:21:27,852 - INFO - [2023BPix] MISSING_CENTRAL: SR3Mu/Central/pair_highM/eta in Skim_TriLep_DYJets10to50.root
2026-05-29 18:31:23,714 - INFO - [2022] MISSING_CENTRAL: SR3Mu/Central/pair_highM/eta in Skim_TriLep_DYJets10to50.root
2026-05-29 18:31:23,804 - INFO - [2022EE] MISSING_CENTRAL: SR3Mu/Central/pair_highM/eta in Skim_TriLep_DYJets10to50.root
2026-05-29 18:31:23,901 - INFO - [2023] MISSING_CENTRAL: SR3Mu/Central/pair_highM/eta in Skim_TriLep_DYJets10to50.root
2026-05-29 18:31:24,000 - INFO - [2023BPix] MISSING_CENTRAL: SR3Mu/Central/pair_highM/eta in Skim_TriLep_DYJets10to50.root
