2025-09-24 15:44:51,078 - INFO - [2016postVFP] MISSING_CENTRAL: SR3Mu/Central/bjets/2/mass in Skim_TriLep_DYJets.root
2025-09-24 15:44:51,082 - INFO - [2016postVFP] MISSING_CENTRAL: SR3Mu/Central/bjets/2/mass in Skim_TriLep_DYJets10to50.root
2025-09-24 15:44:51,166 - INFO - [2016postVFP] MISSING_CENTRAL: SR3Mu/Central/bjets/2/mass in Skim_TriLep_WWG.root
2025-10-02 21:11:16,259 - INFO - [2016postVFP] MISSING_CENTRAL: SR3Mu/Central/bjets/2/mass in Skim_TriLep_DYJets.root
2025-10-02 21:11:16,260 - INFO - [2016postVFP] MISSING_CENTRAL: SR3Mu/Central/bjets/2/mass in Skim_TriLep_DYJets10to50.root
2025-10-02 21:11:16,320 - INFO - [2016postVFP] MISSING_CENTRAL: SR3Mu/Central/bjets/2/mass in Skim_TriLep_WWG.root
2025-10-02 23:57:53,399 - INFO - [2016postVFP] MISSING_CENTRAL: SR3Mu/Central/bjets/2/mass in Skim_TriLep_DYJets.root
2025-10-02 23:57:53,399 - INFO - [2016postVFP] MISSING_CENTRAL: SR3Mu/Central/bjets/2/mass in Skim_TriLep_DYJets10to50.root
2025-10-02 23:57:53,422 - INFO - [2016postVFP] MISSING_CENTRAL: SR3Mu/Central/bjets/2/mass in Skim_TriLep_WWG.root
2025-11-05 21:33:18,828 - INFO - [2016postVFP] MISSING_CENTRAL: SR3Mu/Central/bjets/2/mass in Skim_TriLep_DYJets.root
2025-11-05 21:33:18,829 - INFO - [2016postVFP] MISSING_CENTRAL: SR3Mu/Central/bjets/2/mass in Skim_TriLep_DYJets10to50.root
2025-11-05 21:33:18,848 - INFO - [2016postVFP] MISSING_CENTRAL: SR3Mu/Central/bjets/2/mass in Skim_TriLep_WWG.root
2025-11-05 21:37:14,454 - INFO - [2016postVFP] MISSING_CENTRAL: SR3Mu/Central/bjets/2/mass in Skim_TriLep_DYJets.root
2025-11-05 21:37:14,455 - INFO - [2016postVFP] MISSING_CENTRAL: SR3Mu/Central/bjets/2/mass in Skim_TriLep_DYJets10to50.root
2025-11-05 21:37:14,474 - INFO - [2016postVFP] MISSING_CENTRAL: SR3Mu/Central/bjets/2/mass in Skim_TriLep_WWG.root
2025-11-05 21:38:20,846 - INFO - [2016postVFP] MISSING_CENTRAL: SR3Mu/Central/bjets/2/mass in Skim_TriLep_DYJets.root
2025-11-05 21:38:20,848 - INFO - [2016postVFP] MISSING_CENTRAL: SR3Mu/Central/bjets/2/mass in Skim_TriLep_DYJets10to50.root
2025-11-05 21:38:20,888 - INFO - [2016postVFP] MISSING_CENTRAL: SR3Mu/Central/bjets/2/mass in Skim_TriLep_WWG.root
2025-11-05 22:00:49,716 - INFO - [2016postVFP] MISSING_CENTRAL: SR3Mu/Central/bjets/2/mass in Skim_TriLep_DYJets.root
2025-11-05 22:00:49,717 - INFO - [2016postVFP] MISSING_CENTRAL: SR3Mu/Central/bjets/2/mass in Skim_TriLep_DYJets10to50.root
2025-11-05 22:00:49,752 - INFO - [2016postVFP] MISSING_CENTRAL: SR3Mu/Central/bjets/2/mass in Skim_TriLep_WWG.root
2025-11-05 22:16:35,313 - INFO - [2016postVFP] MISSING_CENTRAL: SR3Mu/Central/bjets/2/mass in Skim_TriLep_DYJets.root
2025-11-05 22:16:35,313 - INFO - [2016postVFP] MISSING_CENTRAL: SR3Mu/Central/bjets/2/mass in Skim_TriLep_DYJets10to50.root
2025-11-05 22:16:35,333 - INFO - [2016postVFP] MISSING_CENTRAL: SR3Mu/Central/bjets/2/mass in Skim_TriLep_WWG.root
2025-11-05 23:21:09,816 - INFO - [2016postVFP] MISSING_CENTRAL: SR3Mu/Central/bjets/2/mass in Skim_TriLep_DYJets.root
2025-11-05 23:21:09,822 - INFO - [2016postVFP] MISSING_CENTRAL: SR3Mu/Central/bjets/2/mass in Skim_TriLep_DYJets10to50.root
2025-11-05 23:21:09,864 - INFO - [2016postVFP] MISSING_CENTRAL: SR3Mu/Central/bjets/2/mass in Skim_TriLep_WWG.root
2025-11-07 12:24:25,529 - INFO - [2016postVFP] MISSING_CENTRAL: SR3Mu/Central/bjets/2/mass in Skim_TriLep_DYJets.root
2025-11-07 12:24:25,530 - INFO - [2016postVFP] MISSING_CENTRAL: SR3Mu/Central/bjets/2/mass in Skim_TriLep_DYJets10to50.root
2025-11-07 12:24:25,555 - INFO - [2016postVFP] MISSING_CENTRAL: SR3Mu/Central/bjets/2/mass in Skim_TriLep_WWG.root
2025-11-07 13:04:37,314 - INFO - [2016postVFP] MISSING_CENTRAL: SR3Mu/Central/bjets/2/mass in Skim_TriLep_DYJets.root
2025-11-07 13:04:37,317 - INFO - [2016postVFP] MISSING_CENTRAL: SR3Mu/Central/bjets/2/mass in Skim_TriLep_DYJets10to50.root
2025-11-07 13:04:37,349 - INFO - [2016postVFP] MISSING_CENTRAL: SR3Mu/Central/bjets/2/mass in Skim_TriLep_WWG.root
2025-11-07 13:29:06,666 - INFO - [2016postVFP] MISSING_CENTRAL: SR3Mu/Central/bjets/2/mass in Skim_TriLep_DYJets.root
2025-11-07 13:29:06,667 - INFO - [2016postVFP] MISSING_CENTRAL: SR3Mu/Central/bjets/2/mass in Skim_TriLep_DYJets10to50.root
2025-11-07 13:29:06,693 - INFO - [2016postVFP] MISSING_CENTRAL: SR3Mu/Central/bjets/2/mass in Skim_TriLep_WWG.root
2025-11-07 13:45:30,452 - INFO - [2016postVFP] MISSING_CENTRAL: SR3Mu/Central/bjets/2/mass in Skim_TriLep_DYJets.root
2025-11-07 13:45:30,459 - INFO - [2016postVFP] MISSING_CENTRAL: SR3Mu/Central/bjets/2/mass in Skim_TriLep_DYJets10to50.root
2025-11-07 13:45:30,522 - INFO - [2016postVFP] MISSING_CENTRAL: SR3Mu/Central/bjets/2/mass in Skim_TriLep_WWG.root
2025-11-07 14:01:52,385 - INFO - [2016postVFP] MISSING_CENTRAL: SR3Mu/Central/bjets/2/mass in Skim_TriLep_DYJets.root
2025-11-07 14:01:52,385 - INFO - [2016postVFP] MISSING_CENTRAL: SR3Mu/Central/bjets/2/mass in Skim_TriLep_DYJets10to50.root
2025-11-07 14:01:52,431 - INFO - [2016postVFP] MISSING_CENTRAL: SR3Mu/Central/bjets/2/mass in Skim_TriLep_WWG.root
2025-11-10 05:52:08,173 - INFO - [2016postVFP] MISSING_CENTRAL: SR3Mu/Central/bjets/2/mass in Skim_TriLep_DYJets.root
2025-11-10 05:52:08,174 - INFO - [2016postVFP] MISSING_CENTRAL: SR3Mu/Central/bjets/2/mass in Skim_TriLep_DYJets10to50.root
2025-11-10 05:52:08,196 - INFO - [2016postVFP] MISSING_CENTRAL: SR3Mu/Central/bjets/2/mass in Skim_TriLep_WWG.root
2025-11-10 12:16:53,827 - INFO - [2016postVFP] MISSING_CENTRAL: SR3Mu/Central/bjets/2/mass in Skim_TriLep_DYJets.root
2025-11-10 12:16:53,830 - INFO - [2016postVFP] MISSING_CENTRAL: SR3Mu/Central/bjets/2/mass in Skim_TriLep_DYJets10to50.root
2025-11-10 12:16:53,861 - INFO - [2016postVFP] MISSING_CENTRAL: SR3Mu/Central/bjets/2/mass in Skim_TriLep_WWG.root
2025-11-13 11:05:46,821 - INFO - [2016postVFP] MISSING_CENTRAL: SR3Mu/Central/bjets/2/mass in Skim_TriLep_DYJets.root
2025-11-13 11:05:46,822 - INFO - [2016postVFP] MISSING_CENTRAL: SR3Mu/Central/bjets/2/mass in Skim_TriLep_DYJets10to50.root
2025-11-13 11:05:46,852 - INFO - [2016postVFP] MISSING_CENTRAL: SR3Mu/Central/bjets/2/mass in Skim_TriLep_WWG.root
2025-11-13 19:54:04,991 - INFO - [2016postVFP] MISSING_CENTRAL: SR3Mu/Central/bjets/2/mass in Skim_TriLep_DYJets.root
2025-11-13 19:54:04,991 - INFO - [2016postVFP] MISSING_CENTRAL: SR3Mu/Central/bjets/2/mass in Skim_TriLep_DYJets10to50.root
2025-11-13 19:54:05,010 - INFO - [2016postVFP] MISSING_CENTRAL: SR3Mu/Central/bjets/2/mass in Skim_TriLep_WWG.root
2025-11-13 20:00:59,220 - INFO - [2016postVFP] MISSING_CENTRAL: SR3Mu/Central/bjets/2/mass in Skim_TriLep_DYJets.root
2025-11-13 20:00:59,223 - INFO - [2016postVFP] MISSING_CENTRAL: SR3Mu/Central/bjets/2/mass in Skim_TriLep_DYJets10to50.root
2025-11-13 20:00:59,259 - INFO - [2016postVFP] MISSING_CENTRAL: SR3Mu/Central/bjets/2/mass in Skim_TriLep_WWG.root
2025-11-19 16:19:12,756 - INFO - [2016postVFP] MISSING_CENTRAL: SR3Mu/Central/bjets/2/mass in Skim_TriLep_DYJets.root
2025-11-19 16:19:12,757 - INFO - [2016postVFP] MISSING_CENTRAL: SR3Mu/Central/bjets/2/mass in Skim_TriLep_DYJets10to50.root
2025-11-19 16:19:12,776 - INFO - [2016postVFP] MISSING_CENTRAL: SR3Mu/Central/bjets/2/mass in Skim_TriLep_WWG.root
2025-12-17 22:33:01,261 - INFO - [2016postVFP] MISSING_CENTRAL: SR3Mu/Central/bjets/2/mass in Skim_TriLep_DYJets.root
2025-12-17 22:33:01,262 - INFO - [2016postVFP] MISSING_CENTRAL: SR3Mu/Central/bjets/2/mass in Skim_TriLep_DYJets10to50.root
2025-12-17 22:33:01,282 - INFO - [2016postVFP] MISSING_CENTRAL: SR3Mu/Central/bjets/2/mass in Skim_TriLep_WWG.root
2025-12-18 14:16:06,050 - INFO - [2016postVFP] MISSING_CENTRAL: SR3Mu/Central/bjets/2/mass in Skim_TriLep_DYJets.root
2025-12-18 14:16:06,051 - INFO - [2016postVFP] MISSING_CENTRAL: SR3Mu/Central/bjets/2/mass in Skim_TriLep_DYJets10to50.root
2025-12-18 14:16:06,077 - INFO - [2016postVFP] MISSING_CENTRAL: SR3Mu/Central/bjets/2/mass in Skim_TriLep_WWG.root
2025-12-18 14:31:36,889 - INFO - [2016postVFP] MISSING_CENTRAL: SR3Mu/Central/bjets/2/mass in Skim_TriLep_DYJets.root
2025-12-18 14:31:36,898 - INFO - [2016postVFP] MISSING_CENTRAL: SR3Mu/Central/bjets/2/mass in Skim_TriLep_DYJets10to50.root
2025-12-18 14:31:36,974 - INFO - [2016postVFP] MISSING_CENTRAL: SR3Mu/Central/bjets/2/mass in Skim_TriLep_WWG.root
2026-01-07 11:41:50,242 - INFO - [2016postVFP] MISSING_CENTRAL: SR3Mu/Central/bjets/2/mass in Skim_TriLep_DYJets.root
2026-01-07 11:41:50,243 - INFO - [2016postVFP] MISSING_CENTRAL: SR3Mu/Central/bjets/2/mass in Skim_TriLep_DYJets10to50.root
2026-01-07 11:41:50,381 - INFO - [2016postVFP] MISSING_CENTRAL: SR3Mu/Central/bjets/2/mass in Skim_TriLep_WWG.root
2026-01-07 18:38:58,743 - INFO - [2016postVFP] MISSING_CENTRAL: SR3Mu/Central/bjets/2/mass in Skim_TriLep_DYJets.root
2026-01-07 18:38:58,744 - INFO - [2016postVFP] MISSING_CENTRAL: SR3Mu/Central/bjets/2/mass in Skim_TriLep_DYJets10to50.root
2026-01-07 18:38:58,769 - INFO - [2016postVFP] MISSING_CENTRAL: SR3Mu/Central/bjets/2/mass in Skim_TriLep_WWG.root
2026-01-07 19:27:26,797 - INFO - [2016postVFP] MISSING_CENTRAL: SR3Mu/Central/bjets/2/mass in Skim_TriLep_DYJets.root
2026-01-07 19:27:26,799 - INFO - [2016postVFP] MISSING_CENTRAL: SR3Mu/Central/bjets/2/mass in Skim_TriLep_DYJets10to50.root
2026-01-07 19:27:26,825 - INFO - [2016postVFP] MISSING_CENTRAL: SR3Mu/Central/bjets/2/mass in Skim_TriLep_WWG.root
2026-01-09 12:12:22,540 - INFO - [2016postVFP] MISSING_CENTRAL: SR3Mu/Central/bjets/2/mass in Skim_TriLep_DYJets.root
2026-01-09 12:12:22,542 - INFO - [2016postVFP] MISSING_CENTRAL: SR3Mu/Central/bjets/2/mass in Skim_TriLep_DYJets10to50.root
2026-01-09 12:12:22,560 - INFO - [2016postVFP] MISSING_CENTRAL: SR3Mu/Central/bjets/2/mass in Skim_TriLep_WWG.root
2026-01-11 09:32:26,754 - INFO - [2016postVFP] MISSING_CENTRAL: SR3Mu/Central/bjets/2/mass in Skim_TriLep_DYJets.root
2026-01-11 09:32:26,755 - INFO - [2016postVFP] MISSING_CENTRAL: SR3Mu/Central/bjets/2/mass in Skim_TriLep_DYJets10to50.root
2026-01-11 09:32:26,771 - INFO - [2016postVFP] MISSING_CENTRAL: SR3Mu/Central/bjets/2/mass in Skim_TriLep_WWG.root
2026-01-12 13:41:00,733 - INFO - [2016postVFP] MISSING_FILE: /home/choij/Sync/workspace/ChargedHiggsAnalysisV3/SKNanoOutput/MatrixSelector/Run3Mu/2016postVFP/Skim_TriLep_DoubleMuon_F.root
2026-01-12 13:41:00,733 - INFO - [2016postVFP] MISSING_FILE: /home/choij/Sync/workspace/ChargedHiggsAnalysisV3/SKNanoOutput/MatrixSelector/Run3Mu/2016postVFP/Skim_TriLep_DoubleMuon_G.root
2026-01-12 13:41:00,733 - INFO - [2016postVFP] MISSING_FILE: /home/choij/Sync/workspace/ChargedHiggsAnalysisV3/SKNanoOutput/MatrixSelector/Run3Mu/2016postVFP/Skim_TriLep_DoubleMuon_H.root
2026-01-12 13:41:00,734 - INFO - [2016postVFP] MISSING_CENTRAL: SR3Mu/Central/bjets/2/mass in Skim_TriLep_DYJets.root
2026-01-12 13:41:00,735 - INFO - [2016postVFP] MISSING_CENTRAL: SR3Mu/Central/bjets/2/mass in Skim_TriLep_DYJets10to50.root
2026-01-12 13:41:00,774 - INFO - [2016postVFP] MISSING_CENTRAL: SR3Mu/Central/bjets/2/mass in Skim_TriLep_WWG.root
2026-01-16 18:56:23,041 - INFO - [2016postVFP] MISSING_CENTRAL: SR3Mu/Central/bjets/2/mass in Skim_TriLep_DYJets.root
2026-01-16 18:56:23,042 - INFO - [2016postVFP] MISSING_CENTRAL: SR3Mu/Central/bjets/2/mass in Skim_TriLep_DYJets10to50.root
2026-01-16 18:56:23,058 - INFO - [2016postVFP] MISSING_CENTRAL: SR3Mu/Central/bjets/2/mass in Skim_TriLep_WWG.root
2026-01-28 16:06:08,067 - INFO - [2016postVFP] MISSING_CENTRAL: SR3Mu/Central/bjets/2/mass in Skim_TriLep_DYJets.root
2026-01-28 16:06:08,067 - INFO - [2016postVFP] MISSING_CENTRAL: SR3Mu/Central/bjets/2/mass in Skim_TriLep_DYJets10to50.root
2026-01-28 16:06:08,084 - INFO - [2016postVFP] MISSING_CENTRAL: SR3Mu/Central/bjets/2/mass in Skim_TriLep_WWG.root
2026-01-28 17:17:14,554 - INFO - [2016postVFP] MISSING_CENTRAL: SR3Mu/Central/bjets/2/mass in Skim_TriLep_DYJets.root
2026-01-28 17:17:14,554 - INFO - [2016postVFP] MISSING_CENTRAL: SR3Mu/Central/bjets/2/mass in Skim_TriLep_DYJets10to50.root
2026-01-28 17:17:14,570 - INFO - [2016postVFP] MISSING_CENTRAL: SR3Mu/Central/bjets/2/mass in Skim_TriLep_WWG.root
2026-01-28 19:50:54,512 - INFO - [2016postVFP] MISSING_CENTRAL: SR3Mu/Central/bjets/2/mass in Skim_TriLep_DYJets.root
2026-01-28 19:50:54,513 - INFO - [2016postVFP] MISSING_CENTRAL: SR3Mu/Central/bjets/2/mass in Skim_TriLep_DYJets10to50.root
2026-01-28 19:50:54,530 - INFO - [2016postVFP] MISSING_CENTRAL: SR3Mu/Central/bjets/2/mass in Skim_TriLep_WWG.root
2026-01-29 07:08:23,339 - INFO - [2016postVFP] MISSING_CENTRAL: SR3Mu/Central/bjets/2/mass in Skim_TriLep_DYJets.root
2026-01-29 07:08:23,340 - INFO - [2016postVFP] MISSING_CENTRAL: SR3Mu/Central/bjets/2/mass in Skim_TriLep_DYJets10to50.root
2026-01-29 07:08:23,356 - INFO - [2016postVFP] MISSING_CENTRAL: SR3Mu/Central/bjets/2/mass in Skim_TriLep_WWG.root
2026-03-06 09:37:31,842 - INFO - [2016postVFP] MISSING_CENTRAL: SR3Mu/Central/bjets/2/mass in Skim_TriLep_DYJets.root
2026-03-06 09:37:31,843 - INFO - [2016postVFP] MISSING_CENTRAL: SR3Mu/Central/bjets/2/mass in Skim_TriLep_DYJets10to50.root
2026-03-06 09:37:31,859 - INFO - [2016postVFP] MISSING_CENTRAL: SR3Mu/Central/bjets/2/mass in Skim_TriLep_WWG.root
2026-03-06 19:43:22,224 - INFO - [2016postVFP] MISSING_CENTRAL: SR3Mu/Central/bjets/2/mass in Skim_TriLep_DYJets.root
2026-03-06 19:43:22,225 - INFO - [2016postVFP] MISSING_CENTRAL: SR3Mu/Central/bjets/2/mass in Skim_TriLep_DYJets10to50.root
2026-03-06 19:43:22,240 - INFO - [2016postVFP] MISSING_CENTRAL: SR3Mu/Central/bjets/2/mass in Skim_TriLep_WWG.root
2026-04-10 20:17:50,275 - INFO - [2016postVFP] MISSING_CENTRAL: SR3Mu/Central/bjets/2/mass in Skim_TriLep_DYJets.root
2026-04-10 20:17:50,276 - INFO - [2016postVFP] MISSING_CENTRAL: SR3Mu/Central/bjets/2/mass in Skim_TriLep_DYJets10to50.root
2026-04-10 20:17:50,291 - INFO - [2016postVFP] MISSING_CENTRAL: SR3Mu/Central/bjets/2/mass in Skim_TriLep_WWG.root
2026-04-12 11:32:48,337 - INFO - [2016postVFP] MISSING_CENTRAL: SR3Mu/Central/bjets/2/mass in Skim_TriLep_DYJets.root
2026-04-12 11:32:48,338 - INFO - [2016postVFP] MISSING_CENTRAL: SR3Mu/Central/bjets/2/mass in Skim_TriLep_DYJets10to50.root
2026-04-12 11:32:48,353 - INFO - [2016postVFP] MISSING_CENTRAL: SR3Mu/Central/bjets/2/mass in Skim_TriLep_WWG.root
2026-04-12 12:15:04,663 - INFO - [2016postVFP] MISSING_CENTRAL: SR3Mu/Central/bjets/2/mass in Skim_TriLep_DYJets.root
2026-04-12 12:15:04,663 - INFO - [2016postVFP] MISSING_CENTRAL: SR3Mu/Central/bjets/2/mass in Skim_TriLep_DYJets10to50.root
2026-04-12 12:15:04,679 - INFO - [2016postVFP] MISSING_CENTRAL: SR3Mu/Central/bjets/2/mass in Skim_TriLep_WWG.root
2026-04-12 12:34:43,278 - INFO - [2016postVFP] MISSING_CENTRAL: SR3Mu/Central/bjets/2/mass in Skim_TriLep_DYJets.root
2026-04-12 12:34:43,279 - INFO - [2016postVFP] MISSING_CENTRAL: SR3Mu/Central/bjets/2/mass in Skim_TriLep_DYJets10to50.root
2026-04-12 12:34:43,294 - INFO - [2016postVFP] MISSING_CENTRAL: SR3Mu/Central/bjets/2/mass in Skim_TriLep_WWG.root
2026-04-12 20:42:44,593 - INFO - [2016postVFP] MISSING_CENTRAL: SR3Mu/Central/bjets/2/mass in Skim_TriLep_DYJets.root
2026-04-12 20:42:44,594 - INFO - [2016postVFP] MISSING_CENTRAL: SR3Mu/Central/bjets/2/mass in Skim_TriLep_DYJets10to50.root
2026-04-12 20:42:44,613 - INFO - [2016postVFP] MISSING_CENTRAL: SR3Mu/Central/bjets/2/mass in Skim_TriLep_WWG.root
2026-04-12 21:14:23,384 - INFO - [2016postVFP] MISSING_CENTRAL: SR3Mu/Central/bjets/2/mass in Skim_TriLep_DYJets.root
2026-04-12 21:14:23,385 - INFO - [2016postVFP] MISSING_CENTRAL: SR3Mu/Central/bjets/2/mass in Skim_TriLep_DYJets10to50.root
2026-04-12 21:14:23,402 - INFO - [2016postVFP] MISSING_CENTRAL: SR3Mu/Central/bjets/2/mass in Skim_TriLep_WWG.root
2026-04-13 12:51:53,145 - INFO - [2016postVFP] MISSING_CENTRAL: SR3Mu/Central/bjets/2/mass in Skim_TriLep_DYJets.root
2026-04-13 12:51:53,146 - INFO - [2016postVFP] MISSING_CENTRAL: SR3Mu/Central/bjets/2/mass in Skim_TriLep_DYJets10to50.root
2026-04-13 12:51:53,162 - INFO - [2016postVFP] MISSING_CENTRAL: SR3Mu/Central/bjets/2/mass in Skim_TriLep_WWG.root
2026-04-16 17:28:50,558 - INFO - [2016postVFP] MISSING_CENTRAL: SR3Mu/Central/bjets/2/mass in Skim_TriLep_DYJets.root
2026-04-16 17:28:50,558 - INFO - [2016postVFP] MISSING_CENTRAL: SR3Mu/Central/bjets/2/mass in Skim_TriLep_DYJets10to50.root
2026-04-16 17:28:50,573 - INFO - [2016postVFP] MISSING_CENTRAL: SR3Mu/Central/bjets/2/mass in Skim_TriLep_WWG.root
2026-04-16 17:34:22,719 - INFO - [2016postVFP] MISSING_CENTRAL: SR3Mu/Central/bjets/2/mass in Skim_TriLep_DYJets.root
2026-04-16 17:34:22,720 - INFO - [2016postVFP] MISSING_CENTRAL: SR3Mu/Central/bjets/2/mass in Skim_TriLep_DYJets10to50.root
2026-04-16 17:34:22,737 - INFO - [2016postVFP] MISSING_CENTRAL: SR3Mu/Central/bjets/2/mass in Skim_TriLep_WWG.root
2026-04-28 15:09:29,278 - INFO - [2016postVFP] MISSING_CENTRAL: SR3Mu/Central/bjets/2/mass in Skim_TriLep_DYJets.root
2026-04-28 15:09:29,281 - INFO - [2016postVFP] MISSING_CENTRAL: SR3Mu/Central/bjets/2/mass in Skim_TriLep_DYJets10to50.root
2026-04-28 15:09:29,312 - INFO - [2016postVFP] MISSING_CENTRAL: SR3Mu/Central/bjets/2/mass in Skim_TriLep_WWG.root
2026-04-28 15:14:59,122 - INFO - [2016postVFP] MISSING_CENTRAL: SR3Mu/Central/bjets/2/mass in Skim_TriLep_DYJets.root
2026-04-28 15:14:59,122 - INFO - [2016postVFP] MISSING_CENTRAL: SR3Mu/Central/bjets/2/mass in Skim_TriLep_DYJets10to50.root
2026-04-28 15:14:59,138 - INFO - [2016postVFP] MISSING_CENTRAL: SR3Mu/Central/bjets/2/mass in Skim_TriLep_WWG.root
2026-05-04 16:58:54,771 - INFO - [2016postVFP] MISSING_CENTRAL: SR3Mu/Central/bjets/2/mass in Skim_TriLep_DYJets.root
2026-05-04 16:58:54,772 - INFO - [2016postVFP] MISSING_CENTRAL: SR3Mu/Central/bjets/2/mass in Skim_TriLep_DYJets10to50.root
2026-05-04 16:58:54,788 - INFO - [2016postVFP] MISSING_CENTRAL: SR3Mu/Central/bjets/2/mass in Skim_TriLep_WWG.root
2026-05-04 17:04:07,381 - INFO - [2016postVFP] MISSING_CENTRAL: SR3Mu/Central/bjets/2/mass in Skim_TriLep_DYJets.root
2026-05-04 17:04:07,382 - INFO - [2016postVFP] MISSING_CENTRAL: SR3Mu/Central/bjets/2/mass in Skim_TriLep_DYJets10to50.root
2026-05-04 17:04:07,398 - INFO - [2016postVFP] MISSING_CENTRAL: SR3Mu/Central/bjets/2/mass in Skim_TriLep_WWG.root
2026-05-28 15:35:26,109 - INFO - [2016postVFP] MISSING_CENTRAL: SR3Mu/Central/bjets/2/mass in Skim_TriLep_DYJets.root
2026-05-28 15:35:26,110 - INFO - [2016postVFP] MISSING_CENTRAL: SR3Mu/Central/bjets/2/mass in Skim_TriLep_DYJets10to50.root
2026-05-28 15:35:26,135 - INFO - [2016postVFP] MISSING_CENTRAL: SR3Mu/Central/bjets/2/mass in Skim_TriLep_WWG.root
2026-05-28 15:41:01,421 - INFO - [2016postVFP] MISSING_CENTRAL: SR3Mu/Central/bjets/2/mass in Skim_TriLep_DYJets.root
2026-05-28 15:41:01,422 - INFO - [2016postVFP] MISSING_CENTRAL: SR3Mu/Central/bjets/2/mass in Skim_TriLep_DYJets10to50.root
2026-05-28 15:41:01,450 - INFO - [2016postVFP] MISSING_CENTRAL: SR3Mu/Central/bjets/2/mass in Skim_TriLep_WWG.root
2026-05-29 15:25:22,792 - INFO - [2016postVFP] MISSING_CENTRAL: SR3Mu/Central/bjets/2/mass in Skim_TriLep_DYJets.root
2026-05-29 15:25:22,793 - INFO - [2016postVFP] MISSING_CENTRAL: SR3Mu/Central/bjets/2/mass in Skim_TriLep_DYJets10to50.root
2026-05-29 15:25:22,809 - INFO - [2016postVFP] MISSING_CENTRAL: SR3Mu/Central/bjets/2/mass in Skim_TriLep_WWG.root
2026-05-29 15:26:31,512 - INFO - [2016postVFP] MISSING_CENTRAL: SR3Mu/Central/bjets/2/mass in Skim_TriLep_DYJets.root
2026-05-29 15:26:31,513 - INFO - [2016postVFP] MISSING_CENTRAL: SR3Mu/Central/bjets/2/mass in Skim_TriLep_DYJets10to50.root
2026-05-29 15:26:31,530 - INFO - [2016postVFP] MISSING_CENTRAL: SR3Mu/Central/bjets/2/mass in Skim_TriLep_WWG.root
2026-05-29 15:31:55,387 - INFO - [2016postVFP] MISSING_CENTRAL: SR3Mu/Central/bjets/2/mass in Skim_TriLep_DYJets.root
2026-05-29 15:31:55,388 - INFO - [2016postVFP] MISSING_CENTRAL: SR3Mu/Central/bjets/2/mass in Skim_TriLep_DYJets10to50.root
2026-05-29 15:31:55,404 - INFO - [2016postVFP] MISSING_CENTRAL: SR3Mu/Central/bjets/2/mass in Skim_TriLep_WWG.root
2026-05-29 18:17:46,995 - INFO - [2016postVFP] MISSING_CENTRAL: SR3Mu/Central/bjets/2/mass in Skim_TriLep_DYJets.root
2026-05-29 18:17:46,996 - INFO - [2016postVFP] MISSING_CENTRAL: SR3Mu/Central/bjets/2/mass in Skim_TriLep_DYJets10to50.root
2026-05-29 18:17:47,012 - INFO - [2016postVFP] MISSING_CENTRAL: SR3Mu/Central/bjets/2/mass in Skim_TriLep_WWG.root
2026-05-29 18:23:02,655 - INFO - [2016postVFP] MISSING_CENTRAL: SR3Mu/Central/bjets/2/mass in Skim_TriLep_DYJets.root
2026-05-29 18:23:02,656 - INFO - [2016postVFP] MISSING_CENTRAL: SR3Mu/Central/bjets/2/mass in Skim_TriLep_DYJets10to50.root
2026-05-29 18:23:02,674 - INFO - [2016postVFP] MISSING_CENTRAL: SR3Mu/Central/bjets/2/mass in Skim_TriLep_WWG.root
2026-06-12 14:02:12,505 - INFO - [2016postVFP] MISSING_CENTRAL: SR3Mu/Central/bjets/2/mass in Skim_TriLep_DYJets.root
2026-06-12 14:02:12,506 - INFO - [2016postVFP] MISSING_CENTRAL: SR3Mu/Central/bjets/2/mass in Skim_TriLep_DYJets10to50.root
2026-06-12 14:02:12,522 - INFO - [2016postVFP] MISSING_CENTRAL: SR3Mu/Central/bjets/2/mass in Skim_TriLep_WWG.root
2026-06-12 14:22:56,866 - INFO - [2016postVFP] MISSING_CENTRAL: SR3Mu/Central/bjets/2/mass in Skim_TriLep_DYJets.root
2026-06-12 14:22:56,867 - INFO - [2016postVFP] MISSING_CENTRAL: SR3Mu/Central/bjets/2/mass in Skim_TriLep_DYJets10to50.root
2026-06-12 14:22:56,883 - INFO - [2016postVFP] MISSING_CENTRAL: SR3Mu/Central/bjets/2/mass in Skim_TriLep_WWG.root
2026-06-18 00:13:28,594 - INFO - [2016postVFP] MISSING_CENTRAL: SR3Mu/Central/bjets/2/mass in Skim_TriLep_DYJets.root
2026-06-18 00:13:28,595 - INFO - [2016postVFP] MISSING_CENTRAL: SR3Mu/Central/bjets/2/mass in Skim_TriLep_DYJets10to50.root
2026-06-18 00:13:28,612 - INFO - [2016postVFP] MISSING_CENTRAL: SR3Mu/Central/bjets/2/mass in Skim_TriLep_WWG.root
2026-06-18 00:17:06,770 - INFO - [2016postVFP] MISSING_CENTRAL: SR3Mu/Central/bjets/2/mass in Skim_TriLep_DYJets.root
2026-06-18 00:17:06,771 - INFO - [2016postVFP] MISSING_CENTRAL: SR3Mu/Central/bjets/2/mass in Skim_TriLep_DYJets10to50.root
2026-06-18 00:17:06,788 - INFO - [2016postVFP] MISSING_CENTRAL: SR3Mu/Central/bjets/2/mass in Skim_TriLep_WWG.root
2026-07-01 17:31:27,707 - INFO - [2016postVFP] MISSING_CENTRAL: SR3Mu/Central/bjets/2/mass in Skim_TriLep_DYJets.root
2026-07-01 17:31:27,708 - INFO - [2016postVFP] MISSING_CENTRAL: SR3Mu/Central/bjets/2/mass in Skim_TriLep_DYJets10to50.root
2026-07-01 17:31:27,734 - INFO - [2016postVFP] MISSING_CENTRAL: SR3Mu/Central/bjets/2/mass in Skim_TriLep_WWG.root
2026-07-21 19:21:33,023 - INFO - [2016postVFP] MISSING_CENTRAL: SR3Mu/Central/bjets/2/mass in Skim_TriLep_DYJets.root
2026-07-21 19:21:33,023 - INFO - [2016postVFP] MISSING_CENTRAL: SR3Mu/Central/bjets/2/mass in Skim_TriLep_DYJets10to50.root
2026-07-21 19:21:33,043 - INFO - [2016postVFP] MISSING_CENTRAL: SR3Mu/Central/bjets/2/mass in Skim_TriLep_WWG.root
