2025-09-24 15:44:38,343 - INFO - [2016postVFP] MISSING_CENTRAL: SR3Mu/Central/jets/2/pt in Skim_TriLep_DYJets.root
2025-09-24 15:44:38,343 - INFO - [2016postVFP] MISSING_CENTRAL: SR3Mu/Central/jets/2/pt in Skim_TriLep_DYJets10to50.root
2025-09-24 15:44:38,380 - INFO - [2016postVFP] MISSING_CENTRAL: SR3Mu/Central/jets/2/pt in Skim_TriLep_WWG.root
2025-10-02 21:11:07,027 - INFO - [2016postVFP] MISSING_CENTRAL: SR3Mu/Central/jets/2/pt in Skim_TriLep_DYJets.root
2025-10-02 21:11:07,028 - INFO - [2016postVFP] MISSING_CENTRAL: SR3Mu/Central/jets/2/pt in Skim_TriLep_DYJets10to50.root
2025-10-02 21:11:07,076 - INFO - [2016postVFP] MISSING_CENTRAL: SR3Mu/Central/jets/2/pt in Skim_TriLep_WWG.root
2025-10-02 23:57:42,167 - INFO - [2016postVFP] MISSING_CENTRAL: SR3Mu/Central/jets/2/pt in Skim_TriLep_DYJets.root
2025-10-02 23:57:42,168 - INFO - [2016postVFP] MISSING_CENTRAL: SR3Mu/Central/jets/2/pt in Skim_TriLep_DYJets10to50.root
2025-10-02 23:57:42,192 - INFO - [2016postVFP] MISSING_CENTRAL: SR3Mu/Central/jets/2/pt in Skim_TriLep_WWG.root
2025-11-05 21:33:13,029 - INFO - [2016postVFP] MISSING_CENTRAL: SR3Mu/Central/jets/2/pt in Skim_TriLep_DYJets.root
2025-11-05 21:33:13,030 - INFO - [2016postVFP] MISSING_CENTRAL: SR3Mu/Central/jets/2/pt in Skim_TriLep_DYJets10to50.root
2025-11-05 21:33:13,109 - INFO - [2016postVFP] MISSING_CENTRAL: SR3Mu/Central/jets/2/pt in Skim_TriLep_WWG.root
2025-11-05 21:37:08,835 - INFO - [2016postVFP] MISSING_CENTRAL: SR3Mu/Central/jets/2/pt in Skim_TriLep_DYJets.root
2025-11-05 21:37:08,836 - INFO - [2016postVFP] MISSING_CENTRAL: SR3Mu/Central/jets/2/pt in Skim_TriLep_DYJets10to50.root
2025-11-05 21:37:08,863 - INFO - [2016postVFP] MISSING_CENTRAL: SR3Mu/Central/jets/2/pt in Skim_TriLep_WWG.root
2025-11-05 21:38:14,897 - INFO - [2016postVFP] MISSING_CENTRAL: SR3Mu/Central/jets/2/pt in Skim_TriLep_DYJets.root
2025-11-05 21:38:14,897 - INFO - [2016postVFP] MISSING_CENTRAL: SR3Mu/Central/jets/2/pt in Skim_TriLep_DYJets10to50.root
2025-11-05 21:38:14,926 - INFO - [2016postVFP] MISSING_CENTRAL: SR3Mu/Central/jets/2/pt in Skim_TriLep_WWG.root
2025-11-05 22:00:43,930 - INFO - [2016postVFP] MISSING_CENTRAL: SR3Mu/Central/jets/2/pt in Skim_TriLep_DYJets.root
2025-11-05 22:00:43,930 - INFO - [2016postVFP] MISSING_CENTRAL: SR3Mu/Central/jets/2/pt in Skim_TriLep_DYJets10to50.root
2025-11-05 22:00:43,958 - INFO - [2016postVFP] MISSING_CENTRAL: SR3Mu/Central/jets/2/pt in Skim_TriLep_WWG.root
2025-11-05 22:16:29,352 - INFO - [2016postVFP] MISSING_CENTRAL: SR3Mu/Central/jets/2/pt in Skim_TriLep_DYJets.root
2025-11-05 22:16:29,353 - INFO - [2016postVFP] MISSING_CENTRAL: SR3Mu/Central/jets/2/pt in Skim_TriLep_DYJets10to50.root
2025-11-05 22:16:29,423 - INFO - [2016postVFP] MISSING_CENTRAL: SR3Mu/Central/jets/2/pt in Skim_TriLep_WWG.root
2025-11-05 23:21:03,953 - INFO - [2016postVFP] MISSING_CENTRAL: SR3Mu/Central/jets/2/pt in Skim_TriLep_DYJets.root
2025-11-05 23:21:03,954 - INFO - [2016postVFP] MISSING_CENTRAL: SR3Mu/Central/jets/2/pt in Skim_TriLep_DYJets10to50.root
2025-11-05 23:21:03,981 - INFO - [2016postVFP] MISSING_CENTRAL: SR3Mu/Central/jets/2/pt in Skim_TriLep_WWG.root
2025-11-07 12:24:19,456 - INFO - [2016postVFP] MISSING_CENTRAL: SR3Mu/Central/jets/2/pt in Skim_TriLep_DYJets.root
2025-11-07 12:24:19,457 - INFO - [2016postVFP] MISSING_CENTRAL: SR3Mu/Central/jets/2/pt in Skim_TriLep_DYJets10to50.root
2025-11-07 12:24:19,485 - INFO - [2016postVFP] MISSING_CENTRAL: SR3Mu/Central/jets/2/pt in Skim_TriLep_WWG.root
2025-11-07 13:04:31,305 - INFO - [2016postVFP] MISSING_CENTRAL: SR3Mu/Central/jets/2/pt in Skim_TriLep_DYJets.root
2025-11-07 13:04:31,306 - INFO - [2016postVFP] MISSING_CENTRAL: SR3Mu/Central/jets/2/pt in Skim_TriLep_DYJets10to50.root
2025-11-07 13:04:31,359 - INFO - [2016postVFP] MISSING_CENTRAL: SR3Mu/Central/jets/2/pt in Skim_TriLep_WWG.root
2025-11-07 13:29:00,893 - INFO - [2016postVFP] MISSING_CENTRAL: SR3Mu/Central/jets/2/pt in Skim_TriLep_DYJets.root
2025-11-07 13:29:00,894 - INFO - [2016postVFP] MISSING_CENTRAL: SR3Mu/Central/jets/2/pt in Skim_TriLep_DYJets10to50.root
2025-11-07 13:29:00,923 - INFO - [2016postVFP] MISSING_CENTRAL: SR3Mu/Central/jets/2/pt in Skim_TriLep_WWG.root
2025-11-07 13:45:24,431 - INFO - [2016postVFP] MISSING_CENTRAL: SR3Mu/Central/jets/2/pt in Skim_TriLep_DYJets.root
2025-11-07 13:45:24,431 - INFO - [2016postVFP] MISSING_CENTRAL: SR3Mu/Central/jets/2/pt in Skim_TriLep_DYJets10to50.root
2025-11-07 13:45:24,458 - INFO - [2016postVFP] MISSING_CENTRAL: SR3Mu/Central/jets/2/pt in Skim_TriLep_WWG.root
2025-11-07 14:01:46,399 - INFO - [2016postVFP] MISSING_CENTRAL: SR3Mu/Central/jets/2/pt in Skim_TriLep_DYJets.root
2025-11-07 14:01:46,401 - INFO - [2016postVFP] MISSING_CENTRAL: SR3Mu/Central/jets/2/pt in Skim_TriLep_DYJets10to50.root
2025-11-07 14:01:46,453 - INFO - [2016postVFP] MISSING_CENTRAL: SR3Mu/Central/jets/2/pt in Skim_TriLep_WWG.root
2025-11-10 05:52:01,615 - INFO - [2016postVFP] MISSING_CENTRAL: SR3Mu/Central/jets/2/pt in Skim_TriLep_DYJets.root
2025-11-10 05:52:01,616 - INFO - [2016postVFP] MISSING_CENTRAL: SR3Mu/Central/jets/2/pt in Skim_TriLep_DYJets10to50.root
2025-11-10 05:52:01,670 - INFO - [2016postVFP] MISSING_CENTRAL: SR3Mu/Central/jets/2/pt in Skim_TriLep_WWG.root
2025-11-10 12:16:47,845 - INFO - [2016postVFP] MISSING_CENTRAL: SR3Mu/Central/jets/2/pt in Skim_TriLep_DYJets.root
2025-11-10 12:16:47,845 - INFO - [2016postVFP] MISSING_CENTRAL: SR3Mu/Central/jets/2/pt in Skim_TriLep_DYJets10to50.root
2025-11-10 12:16:47,872 - INFO - [2016postVFP] MISSING_CENTRAL: SR3Mu/Central/jets/2/pt in Skim_TriLep_WWG.root
2025-11-13 11:05:36,585 - INFO - [2016postVFP] MISSING_CENTRAL: SR3Mu/Central/jets/2/pt in Skim_TriLep_DYJets.root
2025-11-13 11:05:36,586 - INFO - [2016postVFP] MISSING_CENTRAL: SR3Mu/Central/jets/2/pt in Skim_TriLep_DYJets10to50.root
2025-11-13 11:05:37,091 - INFO - [2016postVFP] MISSING_CENTRAL: SR3Mu/Central/jets/2/pt in Skim_TriLep_WWG.root
2025-11-13 19:53:59,568 - INFO - [2016postVFP] MISSING_CENTRAL: SR3Mu/Central/jets/2/pt in Skim_TriLep_DYJets.root
2025-11-13 19:53:59,568 - INFO - [2016postVFP] MISSING_CENTRAL: SR3Mu/Central/jets/2/pt in Skim_TriLep_DYJets10to50.root
2025-11-13 19:53:59,596 - INFO - [2016postVFP] MISSING_CENTRAL: SR3Mu/Central/jets/2/pt in Skim_TriLep_WWG.root
2025-11-13 20:00:54,016 - INFO - [2016postVFP] MISSING_CENTRAL: SR3Mu/Central/jets/2/pt in Skim_TriLep_DYJets.root
2025-11-13 20:00:54,017 - INFO - [2016postVFP] MISSING_CENTRAL: SR3Mu/Central/jets/2/pt in Skim_TriLep_DYJets10to50.root
2025-11-13 20:00:54,054 - INFO - [2016postVFP] MISSING_CENTRAL: SR3Mu/Central/jets/2/pt in Skim_TriLep_WWG.root
2025-11-19 16:19:07,359 - INFO - [2016postVFP] MISSING_CENTRAL: SR3Mu/Central/jets/2/pt in Skim_TriLep_DYJets.root
2025-11-19 16:19:07,360 - INFO - [2016postVFP] MISSING_CENTRAL: SR3Mu/Central/jets/2/pt in Skim_TriLep_DYJets10to50.root
2025-11-19 16:19:07,393 - INFO - [2016postVFP] MISSING_CENTRAL: SR3Mu/Central/jets/2/pt in Skim_TriLep_WWG.root
2025-12-17 22:32:49,368 - INFO - [2016postVFP] MISSING_CENTRAL: SR3Mu/Central/jets/2/pt in Skim_TriLep_DYJets10to50.root
2025-12-17 22:32:49,875 - INFO - [2016postVFP] MISSING_CENTRAL: SR3Mu/Central/jets/2/pt in Skim_TriLep_WWG.root
2025-12-18 14:16:00,192 - INFO - [2016postVFP] MISSING_CENTRAL: SR3Mu/Central/jets/2/pt in Skim_TriLep_DYJets10to50.root
2025-12-18 14:16:00,214 - INFO - [2016postVFP] MISSING_CENTRAL: SR3Mu/Central/jets/2/pt in Skim_TriLep_WWG.root
2025-12-18 14:31:30,994 - INFO - [2016postVFP] MISSING_CENTRAL: SR3Mu/Central/jets/2/pt in Skim_TriLep_DYJets10to50.root
2025-12-18 14:31:31,015 - INFO - [2016postVFP] MISSING_CENTRAL: SR3Mu/Central/jets/2/pt in Skim_TriLep_WWG.root
2026-01-07 11:41:40,639 - INFO - [2016postVFP] MISSING_CENTRAL: SR3Mu/Central/jets/2/pt in Skim_TriLep_DYJets10to50.root
2026-01-07 11:41:40,911 - INFO - [2016postVFP] MISSING_CENTRAL: SR3Mu/Central/jets/2/pt in Skim_TriLep_WWG.root
2026-01-07 18:38:53,280 - INFO - [2016postVFP] MISSING_CENTRAL: SR3Mu/Central/jets/2/pt in Skim_TriLep_DYJets10to50.root
2026-01-07 18:38:53,301 - INFO - [2016postVFP] MISSING_CENTRAL: SR3Mu/Central/jets/2/pt in Skim_TriLep_WWG.root
2026-01-07 19:27:21,279 - INFO - [2016postVFP] MISSING_CENTRAL: SR3Mu/Central/jets/2/pt in Skim_TriLep_DYJets10to50.root
2026-01-07 19:27:21,299 - INFO - [2016postVFP] MISSING_CENTRAL: SR3Mu/Central/jets/2/pt in Skim_TriLep_WWG.root
2026-01-09 12:12:17,186 - INFO - [2016postVFP] MISSING_CENTRAL: SR3Mu/Central/jets/2/pt in Skim_TriLep_DYJets10to50.root
2026-01-09 12:12:17,198 - INFO - [2016postVFP] MISSING_CENTRAL: SR3Mu/Central/jets/2/pt in Skim_TriLep_WWG.root
2026-01-11 09:32:21,372 - INFO - [2016postVFP] MISSING_CENTRAL: SR3Mu/Central/jets/2/pt in Skim_TriLep_DYJets10to50.root
2026-01-11 09:32:21,384 - INFO - [2016postVFP] MISSING_CENTRAL: SR3Mu/Central/jets/2/pt in Skim_TriLep_WWG.root
2026-01-12 13:40:55,437 - INFO - [2016postVFP] MISSING_FILE: /home/choij/Sync/workspace/ChargedHiggsAnalysisV3/SKNanoOutput/MatrixSelector/Run3Mu/2016postVFP/Skim_TriLep_DoubleMuon_F.root
2026-01-12 13:40:55,438 - INFO - [2016postVFP] MISSING_FILE: /home/choij/Sync/workspace/ChargedHiggsAnalysisV3/SKNanoOutput/MatrixSelector/Run3Mu/2016postVFP/Skim_TriLep_DoubleMuon_G.root
2026-01-12 13:40:55,438 - INFO - [2016postVFP] MISSING_FILE: /home/choij/Sync/workspace/ChargedHiggsAnalysisV3/SKNanoOutput/MatrixSelector/Run3Mu/2016postVFP/Skim_TriLep_DoubleMuon_H.root
2026-01-12 13:40:55,466 - INFO - [2016postVFP] MISSING_CENTRAL: SR3Mu/Central/jets/2/pt in Skim_TriLep_DYJets10to50.root
2026-01-12 13:40:55,478 - INFO - [2016postVFP] MISSING_CENTRAL: SR3Mu/Central/jets/2/pt in Skim_TriLep_WWG.root
2026-01-16 18:56:17,333 - INFO - [2016postVFP] MISSING_CENTRAL: SR3Mu/Central/jets/2/pt in Skim_TriLep_DYJets10to50.root
2026-01-16 18:56:17,345 - INFO - [2016postVFP] MISSING_CENTRAL: SR3Mu/Central/jets/2/pt in Skim_TriLep_WWG.root
2026-01-28 16:06:02,063 - INFO - [2016postVFP] MISSING_CENTRAL: SR3Mu/Central/jets/2/pt in Skim_TriLep_DYJets10to50.root
2026-01-28 16:06:02,080 - INFO - [2016postVFP] MISSING_CENTRAL: SR3Mu/Central/jets/2/pt in Skim_TriLep_WWG.root
2026-01-28 17:17:08,768 - INFO - [2016postVFP] MISSING_CENTRAL: SR3Mu/Central/jets/2/pt in Skim_TriLep_DYJets10to50.root
2026-01-28 17:17:08,786 - INFO - [2016postVFP] MISSING_CENTRAL: SR3Mu/Central/jets/2/pt in Skim_TriLep_WWG.root
2026-01-28 19:50:48,500 - INFO - [2016postVFP] MISSING_CENTRAL: SR3Mu/Central/jets/2/pt in Skim_TriLep_DYJets10to50.root
2026-01-28 19:50:48,516 - INFO - [2016postVFP] MISSING_CENTRAL: SR3Mu/Central/jets/2/pt in Skim_TriLep_WWG.root
2026-01-29 07:08:17,842 - INFO - [2016postVFP] MISSING_CENTRAL: SR3Mu/Central/jets/2/pt in Skim_TriLep_DYJets10to50.root
2026-01-29 07:08:17,853 - INFO - [2016postVFP] MISSING_CENTRAL: SR3Mu/Central/jets/2/pt in Skim_TriLep_WWG.root
2026-03-06 09:37:26,104 - INFO - [2016postVFP] MISSING_CENTRAL: SR3Mu/Central/jets/2/pt in Skim_TriLep_DYJets10to50.root
2026-03-06 09:37:26,117 - INFO - [2016postVFP] MISSING_CENTRAL: SR3Mu/Central/jets/2/pt in Skim_TriLep_WWG.root
2026-03-06 19:43:16,639 - INFO - [2016postVFP] MISSING_CENTRAL: SR3Mu/Central/jets/2/pt in Skim_TriLep_DYJets10to50.root
2026-03-06 19:43:16,652 - INFO - [2016postVFP] MISSING_CENTRAL: SR3Mu/Central/jets/2/pt in Skim_TriLep_WWG.root
2026-04-10 20:17:45,318 - INFO - [2016postVFP] MISSING_CENTRAL: SR3Mu/Central/jets/2/pt in Skim_TriLep_DYJets10to50.root
2026-04-10 20:17:45,327 - INFO - [2016postVFP] MISSING_CENTRAL: SR3Mu/Central/jets/2/pt in Skim_TriLep_WWG.root
2026-04-12 11:32:42,982 - INFO - [2016postVFP] MISSING_CENTRAL: SR3Mu/Central/jets/2/pt in Skim_TriLep_DYJets10to50.root
2026-04-12 11:32:42,996 - INFO - [2016postVFP] MISSING_CENTRAL: SR3Mu/Central/jets/2/pt in Skim_TriLep_WWG.root
2026-04-12 12:14:59,587 - INFO - [2016postVFP] MISSING_CENTRAL: SR3Mu/Central/jets/2/pt in Skim_TriLep_DYJets10to50.root
2026-04-12 12:14:59,599 - INFO - [2016postVFP] MISSING_CENTRAL: SR3Mu/Central/jets/2/pt in Skim_TriLep_WWG.root
2026-04-12 12:34:37,854 - INFO - [2016postVFP] MISSING_CENTRAL: SR3Mu/Central/jets/2/pt in Skim_TriLep_DYJets10to50.root
2026-04-12 12:34:37,866 - INFO - [2016postVFP] MISSING_CENTRAL: SR3Mu/Central/jets/2/pt in Skim_TriLep_WWG.root
2026-04-12 20:42:39,503 - INFO - [2016postVFP] MISSING_CENTRAL: SR3Mu/Central/jets/2/pt in Skim_TriLep_DYJets10to50.root
2026-04-12 20:42:39,515 - INFO - [2016postVFP] MISSING_CENTRAL: SR3Mu/Central/jets/2/pt in Skim_TriLep_WWG.root
2026-04-12 21:14:17,864 - INFO - [2016postVFP] MISSING_CENTRAL: SR3Mu/Central/jets/2/pt in Skim_TriLep_DYJets10to50.root
2026-04-12 21:14:17,876 - INFO - [2016postVFP] MISSING_CENTRAL: SR3Mu/Central/jets/2/pt in Skim_TriLep_WWG.root
2026-04-13 12:51:47,986 - INFO - [2016postVFP] MISSING_CENTRAL: SR3Mu/Central/jets/2/pt in Skim_TriLep_DYJets10to50.root
2026-04-13 12:51:47,998 - INFO - [2016postVFP] MISSING_CENTRAL: SR3Mu/Central/jets/2/pt in Skim_TriLep_WWG.root
2026-04-16 17:28:45,556 - INFO - [2016postVFP] MISSING_CENTRAL: SR3Mu/Central/jets/2/pt in Skim_TriLep_DYJets10to50.root
2026-04-16 17:28:45,577 - INFO - [2016postVFP] MISSING_CENTRAL: SR3Mu/Central/jets/2/pt in Skim_TriLep_WWG.root
2026-04-16 17:34:17,630 - INFO - [2016postVFP] MISSING_CENTRAL: SR3Mu/Central/jets/2/pt in Skim_TriLep_DYJets10to50.root
2026-04-16 17:34:17,644 - INFO - [2016postVFP] MISSING_CENTRAL: SR3Mu/Central/jets/2/pt in Skim_TriLep_WWG.root
2026-04-28 15:09:23,722 - INFO - [2016postVFP] MISSING_CENTRAL: SR3Mu/Central/jets/2/pt in Skim_TriLep_DYJets10to50.root
2026-04-28 15:09:23,736 - INFO - [2016postVFP] MISSING_CENTRAL: SR3Mu/Central/jets/2/pt in Skim_TriLep_WWG.root
2026-04-28 15:14:53,905 - INFO - [2016postVFP] MISSING_CENTRAL: SR3Mu/Central/jets/2/pt in Skim_TriLep_DYJets10to50.root
2026-04-28 15:14:53,919 - INFO - [2016postVFP] MISSING_CENTRAL: SR3Mu/Central/jets/2/pt in Skim_TriLep_WWG.root
2026-05-04 16:58:49,869 - INFO - [2016postVFP] MISSING_CENTRAL: SR3Mu/Central/jets/2/pt in Skim_TriLep_DYJets10to50.root
2026-05-04 16:58:49,884 - INFO - [2016postVFP] MISSING_CENTRAL: SR3Mu/Central/jets/2/pt in Skim_TriLep_WWG.root
2026-05-04 17:04:02,749 - INFO - [2016postVFP] MISSING_CENTRAL: SR3Mu/Central/jets/2/pt in Skim_TriLep_DYJets10to50.root
2026-05-04 17:04:02,763 - INFO - [2016postVFP] MISSING_CENTRAL: SR3Mu/Central/jets/2/pt in Skim_TriLep_WWG.root
2026-05-28 15:35:18,955 - INFO - [2016postVFP] MISSING_CENTRAL: SR3Mu/Central/jets/2/pt in Skim_TriLep_DYJets10to50.root
2026-05-28 15:35:19,106 - INFO - [2016postVFP] MISSING_CENTRAL: SR3Mu/Central/jets/2/pt in Skim_TriLep_WWG.root
2026-05-28 15:40:57,423 - INFO - [2016postVFP] MISSING_CENTRAL: SR3Mu/Central/jets/2/pt in Skim_TriLep_DYJets10to50.root
2026-05-28 15:40:57,449 - INFO - [2016postVFP] MISSING_CENTRAL: SR3Mu/Central/jets/2/pt in Skim_TriLep_WWG.root
2026-05-29 15:25:17,778 - INFO - [2016postVFP] MISSING_CENTRAL: SR3Mu/Central/jets/2/pt in Skim_TriLep_DYJets10to50.root
2026-05-29 15:25:17,793 - INFO - [2016postVFP] MISSING_CENTRAL: SR3Mu/Central/jets/2/pt in Skim_TriLep_WWG.root
2026-05-29 15:26:26,606 - INFO - [2016postVFP] MISSING_CENTRAL: SR3Mu/Central/jets/2/pt in Skim_TriLep_DYJets10to50.root
2026-05-29 15:26:26,621 - INFO - [2016postVFP] MISSING_CENTRAL: SR3Mu/Central/jets/2/pt in Skim_TriLep_WWG.root
2026-05-29 15:31:50,455 - INFO - [2016postVFP] MISSING_CENTRAL: SR3Mu/Central/jets/2/pt in Skim_TriLep_DYJets10to50.root
2026-05-29 15:31:50,470 - INFO - [2016postVFP] MISSING_CENTRAL: SR3Mu/Central/jets/2/pt in Skim_TriLep_WWG.root
2026-05-29 18:17:41,887 - INFO - [2016postVFP] MISSING_CENTRAL: SR3Mu/Central/jets/2/pt in Skim_TriLep_DYJets10to50.root
2026-05-29 18:17:41,902 - INFO - [2016postVFP] MISSING_CENTRAL: SR3Mu/Central/jets/2/pt in Skim_TriLep_WWG.root
2026-05-29 18:22:57,443 - INFO - [2016postVFP] MISSING_CENTRAL: SR3Mu/Central/jets/2/pt in Skim_TriLep_DYJets10to50.root
2026-05-29 18:22:57,459 - INFO - [2016postVFP] MISSING_CENTRAL: SR3Mu/Central/jets/2/pt in Skim_TriLep_WWG.root
2026-06-12 14:02:07,476 - INFO - [2016postVFP] MISSING_CENTRAL: SR3Mu/Central/jets/2/pt in Skim_TriLep_DYJets10to50.root
2026-06-12 14:02:07,491 - INFO - [2016postVFP] MISSING_CENTRAL: SR3Mu/Central/jets/2/pt in Skim_TriLep_WWG.root
2026-06-12 14:22:51,671 - INFO - [2016postVFP] MISSING_CENTRAL: SR3Mu/Central/jets/2/pt in Skim_TriLep_DYJets10to50.root
2026-06-12 14:22:51,686 - INFO - [2016postVFP] MISSING_CENTRAL: SR3Mu/Central/jets/2/pt in Skim_TriLep_WWG.root
2026-06-18 00:13:23,413 - INFO - [2016postVFP] MISSING_CENTRAL: SR3Mu/Central/jets/2/pt in Skim_TriLep_DYJets10to50.root
2026-06-18 00:13:23,425 - INFO - [2016postVFP] MISSING_CENTRAL: SR3Mu/Central/jets/2/pt in Skim_TriLep_WWG.root
2026-06-18 00:17:01,595 - INFO - [2016postVFP] MISSING_CENTRAL: SR3Mu/Central/jets/2/pt in Skim_TriLep_DYJets10to50.root
2026-06-18 00:17:01,609 - INFO - [2016postVFP] MISSING_CENTRAL: SR3Mu/Central/jets/2/pt in Skim_TriLep_WWG.root
2026-07-01 17:31:18,838 - INFO - [2016postVFP] MISSING_CENTRAL: SR3Mu/Central/jets/2/pt in Skim_TriLep_DYJets10to50.root
2026-07-01 17:31:18,937 - INFO - [2016postVFP] MISSING_CENTRAL: SR3Mu/Central/jets/2/pt in Skim_TriLep_WWG.root
2026-07-21 19:21:23,539 - INFO - [2016postVFP] MISSING_CENTRAL: SR3Mu/Central/jets/2/pt in Skim_TriLep_DYJets10to50.root
2026-07-21 19:21:23,758 - INFO - [2016postVFP] MISSING_CENTRAL: SR3Mu/Central/jets/2/pt in Skim_TriLep_WWG.root
2026-08-18 18:07:06,964 - INFO - [2016postVFP] MISSING_CENTRAL: SR3Mu/Central/jets/2/pt in Skim_TriLep_DYJets10to50.root
2026-08-18 18:07:07,161 - INFO - [2016postVFP] MISSING_CENTRAL: SR3Mu/Central/jets/2/pt in Skim_TriLep_WWG.root
2026-08-19 09:59:05,972 - INFO - [2016postVFP] MISSING_CENTRAL: SR3Mu/Central/jets/2/pt in Skim_TriLep_DYJets10to50.root
2026-08-19 09:59:06,190 - INFO - [2016postVFP] MISSING_CENTRAL: SR3Mu/Central/jets/2/pt in Skim_TriLep_WWG.root
