2025-11-13 19:54:06,034 - INFO - [2016postVFP] MISSING_CENTRAL: SR3Mu/Central/pair_lowM/pt in Skim_TriLep_DYJets.root
2025-11-13 19:54:06,034 - INFO - [2016postVFP] MISSING_CENTRAL: SR3Mu/Central/pair_lowM/pt in Skim_TriLep_DYJets10to50.root
2025-11-13 19:54:06,082 - INFO - [2016postVFP] MISSING_CENTRAL: SR3Mu/Central/pair_lowM/pt in Skim_TriLep_WWG.root
2025-11-13 20:01:00,590 - INFO - [2016postVFP] MISSING_CENTRAL: SR3Mu/Central/pair_lowM/pt in Skim_TriLep_DYJets.root
2025-11-13 20:01:00,590 - INFO - [2016postVFP] MISSING_CENTRAL: SR3Mu/Central/pair_lowM/pt in Skim_TriLep_DYJets10to50.root
2025-11-13 20:01:00,613 - INFO - [2016postVFP] MISSING_CENTRAL: SR3Mu/Central/pair_lowM/pt in Skim_TriLep_WWG.root
2025-11-19 16:19:13,905 - INFO - [2016postVFP] MISSING_CENTRAL: SR3Mu/Central/pair_lowM/pt in Skim_TriLep_DYJets.root
2025-11-19 16:19:13,906 - INFO - [2016postVFP] MISSING_CENTRAL: SR3Mu/Central/pair_lowM/pt in Skim_TriLep_DYJets10to50.root
2025-11-19 16:19:13,931 - INFO - [2016postVFP] MISSING_CENTRAL: SR3Mu/Central/pair_lowM/pt in Skim_TriLep_WWG.root
2025-12-17 22:33:00,706 - INFO - [2016postVFP] MISSING_CENTRAL: SR3Mu/Central/pair_lowM/pt in Skim_TriLep_DYJets10to50.root
2025-12-17 22:33:00,730 - INFO - [2016postVFP] MISSING_CENTRAL: SR3Mu/Central/pair_lowM/pt in Skim_TriLep_WWG.root
2025-12-18 14:16:06,077 - INFO - [2016postVFP] MISSING_CENTRAL: SR3Mu/Central/pair_lowM/pt in Skim_TriLep_DYJets10to50.root
2025-12-18 14:16:06,100 - INFO - [2016postVFP] MISSING_CENTRAL: SR3Mu/Central/pair_lowM/pt in Skim_TriLep_WWG.root
2025-12-18 14:31:38,085 - INFO - [2016postVFP] MISSING_CENTRAL: SR3Mu/Central/pair_lowM/pt in Skim_TriLep_DYJets10to50.root
2025-12-18 14:31:38,105 - INFO - [2016postVFP] MISSING_CENTRAL: SR3Mu/Central/pair_lowM/pt in Skim_TriLep_WWG.root
2026-01-07 11:41:50,377 - INFO - [2016postVFP] MISSING_CENTRAL: SR3Mu/Central/pair_lowM/pt in Skim_TriLep_DYJets10to50.root
2026-01-07 11:41:50,396 - INFO - [2016postVFP] MISSING_CENTRAL: SR3Mu/Central/pair_lowM/pt in Skim_TriLep_WWG.root
2026-01-07 18:38:58,843 - INFO - [2016postVFP] MISSING_CENTRAL: SR3Mu/Central/pair_lowM/pt in Skim_TriLep_DYJets10to50.root
2026-01-07 18:38:58,862 - INFO - [2016postVFP] MISSING_CENTRAL: SR3Mu/Central/pair_lowM/pt in Skim_TriLep_WWG.root
2026-01-07 19:27:27,091 - INFO - [2016postVFP] MISSING_CENTRAL: SR3Mu/Central/pair_lowM/pt in Skim_TriLep_DYJets10to50.root
2026-01-07 19:27:27,110 - INFO - [2016postVFP] MISSING_CENTRAL: SR3Mu/Central/pair_lowM/pt in Skim_TriLep_WWG.root
2026-01-09 12:12:23,833 - INFO - [2016postVFP] MISSING_CENTRAL: SR3Mu/Central/pair_lowM/pt in Skim_TriLep_DYJets10to50.root
2026-01-09 12:12:23,844 - INFO - [2016postVFP] MISSING_CENTRAL: SR3Mu/Central/pair_lowM/pt in Skim_TriLep_WWG.root
2026-01-11 09:32:28,006 - INFO - [2016postVFP] MISSING_CENTRAL: SR3Mu/Central/pair_lowM/pt in Skim_TriLep_DYJets10to50.root
2026-01-11 09:32:28,017 - INFO - [2016postVFP] MISSING_CENTRAL: SR3Mu/Central/pair_lowM/pt in Skim_TriLep_WWG.root
2026-01-12 13:41:01,851 - INFO - [2016postVFP] MISSING_FILE: /home/choij/Sync/workspace/ChargedHiggsAnalysisV3/SKNanoOutput/MatrixSelector/Run3Mu/2016postVFP/Skim_TriLep_DoubleMuon_F.root
2026-01-12 13:41:01,851 - INFO - [2016postVFP] MISSING_FILE: /home/choij/Sync/workspace/ChargedHiggsAnalysisV3/SKNanoOutput/MatrixSelector/Run3Mu/2016postVFP/Skim_TriLep_DoubleMuon_G.root
2026-01-12 13:41:01,851 - INFO - [2016postVFP] MISSING_FILE: /home/choij/Sync/workspace/ChargedHiggsAnalysisV3/SKNanoOutput/MatrixSelector/Run3Mu/2016postVFP/Skim_TriLep_DoubleMuon_H.root
2026-01-12 13:41:01,882 - INFO - [2016postVFP] MISSING_CENTRAL: SR3Mu/Central/pair_lowM/pt in Skim_TriLep_DYJets10to50.root
2026-01-12 13:41:01,894 - INFO - [2016postVFP] MISSING_CENTRAL: SR3Mu/Central/pair_lowM/pt in Skim_TriLep_WWG.root
2026-01-16 18:56:23,466 - INFO - [2016postVFP] MISSING_CENTRAL: SR3Mu/Central/pair_lowM/pt in Skim_TriLep_DYJets10to50.root
2026-01-16 18:56:23,478 - INFO - [2016postVFP] MISSING_CENTRAL: SR3Mu/Central/pair_lowM/pt in Skim_TriLep_WWG.root
2026-01-28 16:06:08,565 - INFO - [2016postVFP] MISSING_CENTRAL: SR3Mu/Central/pair_lowM/pt in Skim_TriLep_DYJets10to50.root
2026-01-28 16:06:08,590 - INFO - [2016postVFP] MISSING_CENTRAL: SR3Mu/Central/pair_lowM/pt in Skim_TriLep_WWG.root
2026-01-28 17:17:15,148 - INFO - [2016postVFP] MISSING_CENTRAL: SR3Mu/Central/pair_lowM/pt in Skim_TriLep_DYJets10to50.root
2026-01-28 17:17:15,174 - INFO - [2016postVFP] MISSING_CENTRAL: SR3Mu/Central/pair_lowM/pt in Skim_TriLep_WWG.root
2026-01-28 19:50:54,932 - INFO - [2016postVFP] MISSING_CENTRAL: SR3Mu/Central/pair_lowM/pt in Skim_TriLep_DYJets10to50.root
2026-01-28 19:50:54,956 - INFO - [2016postVFP] MISSING_CENTRAL: SR3Mu/Central/pair_lowM/pt in Skim_TriLep_WWG.root
2026-01-29 07:08:23,736 - INFO - [2016postVFP] MISSING_CENTRAL: SR3Mu/Central/pair_lowM/pt in Skim_TriLep_DYJets10to50.root
2026-01-29 07:08:23,751 - INFO - [2016postVFP] MISSING_CENTRAL: SR3Mu/Central/pair_lowM/pt in Skim_TriLep_WWG.root
2026-03-06 09:37:32,115 - INFO - [2016postVFP] MISSING_CENTRAL: SR3Mu/Central/pair_lowM/pt in Skim_TriLep_DYJets10to50.root
2026-03-06 09:37:32,130 - INFO - [2016postVFP] MISSING_CENTRAL: SR3Mu/Central/pair_lowM/pt in Skim_TriLep_WWG.root
2026-03-06 19:43:22,485 - INFO - [2016postVFP] MISSING_CENTRAL: SR3Mu/Central/pair_lowM/pt in Skim_TriLep_DYJets10to50.root
2026-03-06 19:43:22,501 - INFO - [2016postVFP] MISSING_CENTRAL: SR3Mu/Central/pair_lowM/pt in Skim_TriLep_WWG.root
2026-04-10 20:17:50,922 - INFO - [2016postVFP] MISSING_CENTRAL: SR3Mu/Central/pair_lowM/pt in Skim_TriLep_DYJets10to50.root
2026-04-10 20:17:50,938 - INFO - [2016postVFP] MISSING_CENTRAL: SR3Mu/Central/pair_lowM/pt in Skim_TriLep_WWG.root
2026-04-12 11:32:49,034 - INFO - [2016postVFP] MISSING_CENTRAL: SR3Mu/Central/pair_lowM/pt in Skim_TriLep_DYJets10to50.root
2026-04-12 11:32:49,050 - INFO - [2016postVFP] MISSING_CENTRAL: SR3Mu/Central/pair_lowM/pt in Skim_TriLep_WWG.root
2026-04-12 12:15:05,178 - INFO - [2016postVFP] MISSING_CENTRAL: SR3Mu/Central/pair_lowM/pt in Skim_TriLep_DYJets10to50.root
2026-04-12 12:15:05,195 - INFO - [2016postVFP] MISSING_CENTRAL: SR3Mu/Central/pair_lowM/pt in Skim_TriLep_WWG.root
2026-04-12 12:34:43,563 - INFO - [2016postVFP] MISSING_CENTRAL: SR3Mu/Central/pair_lowM/pt in Skim_TriLep_DYJets10to50.root
2026-04-12 12:34:43,578 - INFO - [2016postVFP] MISSING_CENTRAL: SR3Mu/Central/pair_lowM/pt in Skim_TriLep_WWG.root
2026-04-12 20:42:45,148 - INFO - [2016postVFP] MISSING_CENTRAL: SR3Mu/Central/pair_lowM/pt in Skim_TriLep_DYJets10to50.root
2026-04-12 20:42:45,163 - INFO - [2016postVFP] MISSING_CENTRAL: SR3Mu/Central/pair_lowM/pt in Skim_TriLep_WWG.root
2026-04-12 21:14:23,762 - INFO - [2016postVFP] MISSING_CENTRAL: SR3Mu/Central/pair_lowM/pt in Skim_TriLep_DYJets10to50.root
2026-04-12 21:14:23,777 - INFO - [2016postVFP] MISSING_CENTRAL: SR3Mu/Central/pair_lowM/pt in Skim_TriLep_WWG.root
2026-04-13 12:51:53,676 - INFO - [2016postVFP] MISSING_CENTRAL: SR3Mu/Central/pair_lowM/pt in Skim_TriLep_DYJets10to50.root
2026-04-13 12:51:53,694 - INFO - [2016postVFP] MISSING_CENTRAL: SR3Mu/Central/pair_lowM/pt in Skim_TriLep_WWG.root
2026-04-16 17:28:51,280 - INFO - [2016postVFP] MISSING_CENTRAL: SR3Mu/Central/pair_lowM/pt in Skim_TriLep_DYJets10to50.root
2026-04-16 17:28:51,299 - INFO - [2016postVFP] MISSING_CENTRAL: SR3Mu/Central/pair_lowM/pt in Skim_TriLep_WWG.root
2026-04-16 17:34:23,342 - INFO - [2016postVFP] MISSING_CENTRAL: SR3Mu/Central/pair_lowM/pt in Skim_TriLep_DYJets10to50.root
2026-04-16 17:34:23,362 - INFO - [2016postVFP] MISSING_CENTRAL: SR3Mu/Central/pair_lowM/pt in Skim_TriLep_WWG.root
2026-04-28 15:09:29,589 - INFO - [2016postVFP] MISSING_CENTRAL: SR3Mu/Central/pair_lowM/pt in Skim_TriLep_DYJets10to50.root
2026-04-28 15:09:29,609 - INFO - [2016postVFP] MISSING_CENTRAL: SR3Mu/Central/pair_lowM/pt in Skim_TriLep_WWG.root
2026-04-28 15:14:59,877 - INFO - [2016postVFP] MISSING_CENTRAL: SR3Mu/Central/pair_lowM/pt in Skim_TriLep_DYJets10to50.root
2026-04-28 15:14:59,897 - INFO - [2016postVFP] MISSING_CENTRAL: SR3Mu/Central/pair_lowM/pt in Skim_TriLep_WWG.root
2026-05-04 16:58:55,277 - INFO - [2016postVFP] MISSING_CENTRAL: SR3Mu/Central/pair_lowM/pt in Skim_TriLep_DYJets10to50.root
2026-05-04 16:58:55,296 - INFO - [2016postVFP] MISSING_CENTRAL: SR3Mu/Central/pair_lowM/pt in Skim_TriLep_WWG.root
2026-05-04 17:04:08,021 - INFO - [2016postVFP] MISSING_CENTRAL: SR3Mu/Central/pair_lowM/pt in Skim_TriLep_DYJets10to50.root
2026-05-04 17:04:08,041 - INFO - [2016postVFP] MISSING_CENTRAL: SR3Mu/Central/pair_lowM/pt in Skim_TriLep_WWG.root
2026-05-28 15:35:26,233 - INFO - [2016postVFP] MISSING_CENTRAL: SR3Mu/Central/pair_lowM/pt in Skim_TriLep_DYJets10to50.root
2026-05-28 15:35:26,266 - INFO - [2016postVFP] MISSING_CENTRAL: SR3Mu/Central/pair_lowM/pt in Skim_TriLep_WWG.root
2026-05-28 15:41:01,730 - INFO - [2016postVFP] MISSING_CENTRAL: SR3Mu/Central/pair_lowM/pt in Skim_TriLep_DYJets10to50.root
2026-05-28 15:41:01,763 - INFO - [2016postVFP] MISSING_CENTRAL: SR3Mu/Central/pair_lowM/pt in Skim_TriLep_WWG.root
2026-05-29 15:25:23,652 - INFO - [2016postVFP] MISSING_CENTRAL: SR3Mu/Central/pair_lowM/pt in Skim_TriLep_DYJets10to50.root
2026-05-29 15:25:23,672 - INFO - [2016postVFP] MISSING_CENTRAL: SR3Mu/Central/pair_lowM/pt in Skim_TriLep_WWG.root
2026-05-29 15:26:32,121 - INFO - [2016postVFP] MISSING_CENTRAL: SR3Mu/Central/pair_lowM/pt in Skim_TriLep_DYJets10to50.root
2026-05-29 15:26:32,140 - INFO - [2016postVFP] MISSING_CENTRAL: SR3Mu/Central/pair_lowM/pt in Skim_TriLep_WWG.root
2026-05-29 15:31:55,963 - INFO - [2016postVFP] MISSING_CENTRAL: SR3Mu/Central/pair_lowM/pt in Skim_TriLep_DYJets10to50.root
2026-05-29 15:31:55,982 - INFO - [2016postVFP] MISSING_CENTRAL: SR3Mu/Central/pair_lowM/pt in Skim_TriLep_WWG.root
2026-05-29 18:17:47,560 - INFO - [2016postVFP] MISSING_CENTRAL: SR3Mu/Central/pair_lowM/pt in Skim_TriLep_DYJets10to50.root
2026-05-29 18:17:47,580 - INFO - [2016postVFP] MISSING_CENTRAL: SR3Mu/Central/pair_lowM/pt in Skim_TriLep_WWG.root
2026-05-29 18:23:03,121 - INFO - [2016postVFP] MISSING_CENTRAL: SR3Mu/Central/pair_lowM/pt in Skim_TriLep_DYJets10to50.root
2026-05-29 18:23:03,140 - INFO - [2016postVFP] MISSING_CENTRAL: SR3Mu/Central/pair_lowM/pt in Skim_TriLep_WWG.root
2026-06-12 14:02:13,077 - INFO - [2016postVFP] MISSING_CENTRAL: SR3Mu/Central/pair_lowM/pt in Skim_TriLep_DYJets10to50.root
2026-06-12 14:02:13,097 - INFO - [2016postVFP] MISSING_CENTRAL: SR3Mu/Central/pair_lowM/pt in Skim_TriLep_WWG.root
2026-06-12 14:22:57,469 - INFO - [2016postVFP] MISSING_CENTRAL: SR3Mu/Central/pair_lowM/pt in Skim_TriLep_DYJets10to50.root
2026-06-12 14:22:57,489 - INFO - [2016postVFP] MISSING_CENTRAL: SR3Mu/Central/pair_lowM/pt in Skim_TriLep_WWG.root
2026-06-18 00:13:29,129 - INFO - [2016postVFP] MISSING_CENTRAL: SR3Mu/Central/pair_lowM/pt in Skim_TriLep_DYJets10to50.root
2026-06-18 00:13:29,149 - INFO - [2016postVFP] MISSING_CENTRAL: SR3Mu/Central/pair_lowM/pt in Skim_TriLep_WWG.root
2026-06-18 00:17:07,956 - INFO - [2016postVFP] MISSING_CENTRAL: SR3Mu/Central/pair_lowM/pt in Skim_TriLep_DYJets10to50.root
2026-06-18 00:17:07,976 - INFO - [2016postVFP] MISSING_CENTRAL: SR3Mu/Central/pair_lowM/pt in Skim_TriLep_WWG.root
2026-07-01 17:31:28,075 - INFO - [2016postVFP] MISSING_CENTRAL: SR3Mu/Central/pair_lowM/pt in Skim_TriLep_DYJets10to50.root
2026-07-01 17:31:28,105 - INFO - [2016postVFP] MISSING_CENTRAL: SR3Mu/Central/pair_lowM/pt in Skim_TriLep_WWG.root
