2025-12-18 14:10:27,987 - INFO - [2016preVFP] MISSING_CENTRAL: TTZ2E1Mu/Central/bjets/1/pt in Skim_TriLep_DYJets10to50.root
2025-12-18 14:14:30,711 - INFO - [2016preVFP] MISSING_CENTRAL: TTZ2E1Mu/Central/bjets/1/pt in Skim_TriLep_DYJets10to50.root
2025-12-18 14:30:01,174 - INFO - [2016preVFP] MISSING_CENTRAL: TTZ2E1Mu/Central/bjets/1/pt in Skim_TriLep_DYJets10to50.root
2025-12-18 21:33:25,993 - INFO - [2016preVFP] MISSING_CENTRAL: TTZ2E1Mu/Central/bjets/1/pt in Skim_TriLep_DYJets10to50.root
2025-12-18 23:42:07,881 - INFO - [2016preVFP] MISSING_CENTRAL: TTZ2E1Mu/Central/bjets/1/pt in Skim_TriLep_DYJets10to50.root
2026-01-07 11:17:08,042 - INFO - [2016preVFP] MISSING_FILE: /home/choij/Sync/workspace/ChargedHiggsAnalysisV3/SKNanoOutput/PromptSelector/Run2E1Mu/2016preVFP/Skim_TriLep_MuonEG_B.root
2026-01-07 11:17:08,045 - INFO - [2016preVFP] MISSING_FILE: /home/choij/Sync/workspace/ChargedHiggsAnalysisV3/SKNanoOutput/PromptSelector/Run2E1Mu/2016preVFP/Skim_TriLep_MuonEG_C.root
2026-01-07 11:17:08,045 - INFO - [2016preVFP] MISSING_FILE: /home/choij/Sync/workspace/ChargedHiggsAnalysisV3/SKNanoOutput/PromptSelector/Run2E1Mu/2016preVFP/Skim_TriLep_MuonEG_D.root
2026-01-07 11:17:08,046 - INFO - [2016preVFP] MISSING_FILE: /home/choij/Sync/workspace/ChargedHiggsAnalysisV3/SKNanoOutput/PromptSelector/Run2E1Mu/2016preVFP/Skim_TriLep_MuonEG_E.root
2026-01-07 11:17:08,046 - INFO - [2016preVFP] MISSING_FILE: /home/choij/Sync/workspace/ChargedHiggsAnalysisV3/SKNanoOutput/PromptSelector/Run2E1Mu/2016preVFP/Skim_TriLep_MuonEG_F.root
2026-01-07 11:21:53,673 - INFO - [2016preVFP] MISSING_CENTRAL: TTZ2E1Mu/Central/bjets/1/pt in Skim_TriLep_DYJets10to50.root
2026-01-07 11:40:17,151 - INFO - [2016preVFP] MISSING_CENTRAL: TTZ2E1Mu/Central/bjets/1/pt in Skim_TriLep_DYJets10to50.root
2026-01-07 18:37:36,324 - INFO - [2016preVFP] MISSING_CENTRAL: TTZ2E1Mu/Central/bjets/1/pt in Skim_TriLep_DYJets10to50.root
2026-01-09 12:10:47,604 - INFO - [2016preVFP] MISSING_CENTRAL: TTZ2E1Mu/Central/bjets/1/pt in Skim_TriLep_DYJets10to50.root
2026-01-11 09:30:51,830 - INFO - [2016preVFP] MISSING_CENTRAL: TTZ2E1Mu/Central/bjets/1/pt in Skim_TriLep_DYJets10to50.root
2026-01-12 13:39:23,480 - INFO - [2016preVFP] MISSING_CENTRAL: TTZ2E1Mu/Central/bjets/1/pt in Skim_TriLep_DYJets10to50.root
2026-01-12 21:58:59,698 - INFO - [2016preVFP] MISSING_CENTRAL: TTZ2E1Mu/Central/bjets/1/pt in Skim_TriLep_DYJets10to50.root
2026-01-12 23:04:10,741 - INFO - [2016preVFP] MISSING_CENTRAL: TTZ2E1Mu/Central/bjets/1/pt in Skim_TriLep_DYJets10to50.root
2026-01-13 14:57:17,719 - INFO - [2016preVFP] MISSING_CENTRAL: TTZ2E1Mu/Central/bjets/1/pt in Skim_TriLep_DYJets10to50.root
2026-01-16 18:54:50,794 - INFO - [2016preVFP] MISSING_CENTRAL: TTZ2E1Mu/Central/bjets/1/pt in Skim_TriLep_DYJets10to50.root
2026-01-28 16:05:17,642 - INFO - [2016preVFP] MISSING_CENTRAL: TTZ2E1Mu/Central/bjets/1/pt in Skim_TriLep_DYJets10to50.root
2026-01-28 17:16:01,719 - INFO - [2016preVFP] MISSING_CENTRAL: TTZ2E1Mu/Central/bjets/1/pt in Skim_TriLep_DYJets10to50.root
2026-01-28 19:49:43,685 - INFO - [2016preVFP] MISSING_CENTRAL: TTZ2E1Mu/Central/bjets/1/pt in Skim_TriLep_DYJets10to50.root
2026-01-29 07:07:16,917 - INFO - [2016preVFP] MISSING_CENTRAL: TTZ2E1Mu/Central/bjets/1/pt in Skim_TriLep_DYJets10to50.root
2026-03-06 09:36:44,516 - INFO - [2016preVFP] MISSING_CENTRAL: TTZ2E1Mu/Central/bjets/1/pt in Skim_TriLep_DYJets10to50.root
2026-03-06 19:42:36,672 - INFO - [2016preVFP] MISSING_CENTRAL: TTZ2E1Mu/Central/bjets/1/pt in Skim_TriLep_DYJets10to50.root
2026-04-10 20:17:05,125 - INFO - [2016preVFP] MISSING_CENTRAL: TTZ2E1Mu/Central/bjets/1/pt in Skim_TriLep_DYJets10to50.root
2026-04-12 11:32:00,897 - INFO - [2016preVFP] MISSING_CENTRAL: TTZ2E1Mu/Central/bjets/1/pt in Skim_TriLep_DYJets10to50.root
2026-04-12 12:14:20,219 - INFO - [2016preVFP] MISSING_CENTRAL: TTZ2E1Mu/Central/bjets/1/pt in Skim_TriLep_DYJets10to50.root
2026-04-12 12:33:58,814 - INFO - [2016preVFP] MISSING_CENTRAL: TTZ2E1Mu/Central/bjets/1/pt in Skim_TriLep_DYJets10to50.root
2026-04-12 20:41:59,804 - INFO - [2016preVFP] MISSING_CENTRAL: TTZ2E1Mu/Central/bjets/1/pt in Skim_TriLep_DYJets10to50.root
2026-04-12 21:13:38,252 - INFO - [2016preVFP] MISSING_CENTRAL: TTZ2E1Mu/Central/bjets/1/pt in Skim_TriLep_DYJets10to50.root
2026-04-13 12:51:07,312 - INFO - [2016preVFP] MISSING_CENTRAL: TTZ2E1Mu/Central/bjets/1/pt in Skim_TriLep_DYJets10to50.root
2026-04-16 17:33:36,107 - INFO - [2016preVFP] MISSING_CENTRAL: TTZ2E1Mu/Central/bjets/1/pt in Skim_TriLep_DYJets10to50.root
2026-04-28 15:14:13,916 - INFO - [2016preVFP] MISSING_CENTRAL: TTZ2E1Mu/Central/bjets/1/pt in Skim_TriLep_DYJets10to50.root
2026-05-04 17:03:23,716 - INFO - [2016preVFP] MISSING_CENTRAL: TTZ2E1Mu/Central/bjets/1/pt in Skim_TriLep_DYJets10to50.root
2026-05-28 15:40:22,913 - INFO - [2016preVFP] MISSING_CENTRAL: TTZ2E1Mu/Central/bjets/1/pt in Skim_TriLep_DYJets10to50.root
2026-05-29 15:31:11,890 - INFO - [2016preVFP] MISSING_CENTRAL: TTZ2E1Mu/Central/bjets/1/pt in Skim_TriLep_DYJets10to50.root
2026-05-29 18:22:18,619 - INFO - [2016preVFP] MISSING_CENTRAL: TTZ2E1Mu/Central/bjets/1/pt in Skim_TriLep_DYJets10to50.root
2026-06-12 14:01:46,442 - INFO - [2016preVFP] MISSING_CENTRAL: TTZ2E1Mu/Central/bjets/1/pt in Skim_TriLep_DYJets10to50.root
2026-06-12 14:22:30,303 - INFO - [2016preVFP] MISSING_CENTRAL: TTZ2E1Mu/Central/bjets/1/pt in Skim_TriLep_DYJets10to50.root
2026-06-18 00:13:01,396 - INFO - [2016preVFP] MISSING_CENTRAL: TTZ2E1Mu/Central/bjets/1/pt in Skim_TriLep_DYJets10to50.root
2026-06-18 00:16:39,380 - INFO - [2016preVFP] MISSING_CENTRAL: TTZ2E1Mu/Central/bjets/1/pt in Skim_TriLep_DYJets10to50.root
2026-07-01 17:30:56,457 - INFO - [2016preVFP] MISSING_CENTRAL: TTZ2E1Mu/Central/bjets/1/pt in Skim_TriLep_DYJets10to50.root
2026-07-01 17:48:28,954 - INFO - [2016preVFP] MISSING_CENTRAL: TTZ2E1Mu/Central/bjets/1/pt in Skim_TriLep_DYJets10to50.root
2026-07-01 17:50:28,982 - INFO - [2016preVFP] MISSING_CENTRAL: TTZ2E1Mu/Central/bjets/1/pt in Skim_TriLep_DYJets10to50.root
