2026-01-12 23:04:12,042 - INFO - [2016preVFP] MISSING_CENTRAL: TTZ2E1Mu/Central/bjets/3/energy in Skim_TriLep_MuonEG_B.root
2026-01-12 23:04:12,049 - INFO - [2016preVFP] MISSING_CENTRAL: TTZ2E1Mu/Central/bjets/3/energy in Skim_TriLep_MuonEG_C.root
2026-01-12 23:04:12,051 - INFO - [2016preVFP] MISSING_CENTRAL: TTZ2E1Mu/Central/bjets/3/energy in Skim_TriLep_MuonEG_D.root
2026-01-12 23:04:12,058 - INFO - [2016preVFP] MISSING_CENTRAL: TTZ2E1Mu/Central/bjets/3/energy in Skim_TriLep_MuonEG_E.root
2026-01-12 23:04:12,062 - INFO - [2016preVFP] MISSING_CENTRAL: TTZ2E1Mu/Central/bjets/3/energy in Skim_TriLep_MuonEG_F.root
2026-01-13 14:57:17,968 - INFO - [2016preVFP] MISSING_CENTRAL: TTZ2E1Mu/Central/bjets/3/energy in Skim_TriLep_MuonEG_B.root
2026-01-13 14:57:17,969 - INFO - [2016preVFP] MISSING_CENTRAL: TTZ2E1Mu/Central/bjets/3/energy in Skim_TriLep_MuonEG_C.root
2026-01-13 14:57:17,971 - INFO - [2016preVFP] MISSING_CENTRAL: TTZ2E1Mu/Central/bjets/3/energy in Skim_TriLep_MuonEG_D.root
2026-01-13 14:57:17,972 - INFO - [2016preVFP] MISSING_CENTRAL: TTZ2E1Mu/Central/bjets/3/energy in Skim_TriLep_MuonEG_E.root
2026-01-13 14:57:17,973 - INFO - [2016preVFP] MISSING_CENTRAL: TTZ2E1Mu/Central/bjets/3/energy in Skim_TriLep_MuonEG_F.root
2026-01-16 18:54:53,536 - INFO - [2016preVFP] MISSING_CENTRAL: TTZ2E1Mu/Central/bjets/3/energy in Skim_TriLep_MuonEG_B.root
2026-01-16 18:54:53,537 - INFO - [2016preVFP] MISSING_CENTRAL: TTZ2E1Mu/Central/bjets/3/energy in Skim_TriLep_MuonEG_C.root
2026-01-16 18:54:53,538 - INFO - [2016preVFP] MISSING_CENTRAL: TTZ2E1Mu/Central/bjets/3/energy in Skim_TriLep_MuonEG_D.root
2026-01-16 18:54:53,538 - INFO - [2016preVFP] MISSING_CENTRAL: TTZ2E1Mu/Central/bjets/3/energy in Skim_TriLep_MuonEG_E.root
2026-01-16 18:54:53,539 - INFO - [2016preVFP] MISSING_CENTRAL: TTZ2E1Mu/Central/bjets/3/energy in Skim_TriLep_MuonEG_F.root
2026-01-28 16:05:20,372 - INFO - [2016preVFP] MISSING_CENTRAL: TTZ2E1Mu/Central/bjets/3/energy in Skim_TriLep_MuonEG_B.root
2026-01-28 16:05:20,373 - INFO - [2016preVFP] MISSING_CENTRAL: TTZ2E1Mu/Central/bjets/3/energy in Skim_TriLep_MuonEG_C.root
2026-01-28 16:05:20,406 - INFO - [2016preVFP] MISSING_CENTRAL: TTZ2E1Mu/Central/bjets/3/energy in Skim_TriLep_MuonEG_E.root
2026-01-28 16:05:20,406 - INFO - [2016preVFP] MISSING_CENTRAL: TTZ2E1Mu/Central/bjets/3/energy in Skim_TriLep_MuonEG_F.root
2026-01-28 16:05:20,438 - INFO - [2016preVFP] MISSING_CENTRAL: TTZ2E1Mu/Central/bjets/3/energy in Skim_TriLep_MuonEG_C.root
2026-01-28 16:05:20,438 - INFO - [2016preVFP] MISSING_CENTRAL: TTZ2E1Mu/Central/bjets/3/energy in Skim_TriLep_MuonEG_D.root
2026-01-28 16:05:20,440 - INFO - [2016preVFP] MISSING_CENTRAL: TTZ2E1Mu/Central/bjets/3/energy in Skim_TriLep_MuonEG_F.root
2026-01-28 16:05:20,441 - INFO - [2016preVFP] MISSING_CENTRAL: TTZ2E1Mu/Central/bjets/3/energy in Skim_TriLep_DYJets.root
2026-01-28 16:05:20,441 - INFO - [2016preVFP] MISSING_CENTRAL: TTZ2E1Mu/Central/bjets/3/energy in Skim_TriLep_DYJets10to50.root
2026-01-28 16:05:20,471 - INFO - [2016preVFP] MISSING_CENTRAL: TTZ2E1Mu/Central/bjets/3/energy in Skim_TriLep_WWG.root
2026-01-28 16:05:20,658 - INFO - [2016preVFP] MISSING_CENTRAL: TTZ2E1Mu/Central/bjets/3/energy in Skim_TriLep_WWW.root
2026-01-28 16:05:20,758 - INFO - [2016preVFP] MISSING_CENTRAL: TTZ2E1Mu/Central/bjets/3/energy in Skim_TriLep_VBFHToZZTo4L.root
2026-01-28 16:05:20,759 - INFO - [2016preVFP] MISSING_CENTRAL: TTZ2E1Mu/Central/bjets/3/energy in Skim_TriLep_ggHToZZTo4L.root
2026-01-28 17:16:04,825 - INFO - [2016preVFP] MISSING_CENTRAL: TTZ2E1Mu/Central/bjets/3/energy in Skim_TriLep_MuonEG_B.root
2026-01-28 17:16:04,826 - INFO - [2016preVFP] MISSING_CENTRAL: TTZ2E1Mu/Central/bjets/3/energy in Skim_TriLep_MuonEG_C.root
2026-01-28 17:16:04,853 - INFO - [2016preVFP] MISSING_CENTRAL: TTZ2E1Mu/Central/bjets/3/energy in Skim_TriLep_MuonEG_E.root
2026-01-28 17:16:04,854 - INFO - [2016preVFP] MISSING_CENTRAL: TTZ2E1Mu/Central/bjets/3/energy in Skim_TriLep_MuonEG_F.root
2026-01-28 17:16:04,879 - INFO - [2016preVFP] MISSING_CENTRAL: TTZ2E1Mu/Central/bjets/3/energy in Skim_TriLep_MuonEG_C.root
2026-01-28 17:16:04,880 - INFO - [2016preVFP] MISSING_CENTRAL: TTZ2E1Mu/Central/bjets/3/energy in Skim_TriLep_MuonEG_D.root
2026-01-28 17:16:04,881 - INFO - [2016preVFP] MISSING_CENTRAL: TTZ2E1Mu/Central/bjets/3/energy in Skim_TriLep_MuonEG_F.root
2026-01-28 17:16:04,882 - INFO - [2016preVFP] MISSING_CENTRAL: TTZ2E1Mu/Central/bjets/3/energy in Skim_TriLep_DYJets.root
2026-01-28 17:16:04,882 - INFO - [2016preVFP] MISSING_CENTRAL: TTZ2E1Mu/Central/bjets/3/energy in Skim_TriLep_DYJets10to50.root
2026-01-28 17:16:04,903 - INFO - [2016preVFP] MISSING_CENTRAL: TTZ2E1Mu/Central/bjets/3/energy in Skim_TriLep_WWG.root
2026-01-28 17:16:05,073 - INFO - [2016preVFP] MISSING_CENTRAL: TTZ2E1Mu/Central/bjets/3/energy in Skim_TriLep_WWW.root
2026-01-28 17:16:05,175 - INFO - [2016preVFP] MISSING_CENTRAL: TTZ2E1Mu/Central/bjets/3/energy in Skim_TriLep_VBFHToZZTo4L.root
2026-01-28 17:16:05,176 - INFO - [2016preVFP] MISSING_CENTRAL: TTZ2E1Mu/Central/bjets/3/energy in Skim_TriLep_ggHToZZTo4L.root
2026-01-28 19:49:46,392 - INFO - [2016preVFP] MISSING_CENTRAL: TTZ2E1Mu/Central/bjets/3/energy in Skim_TriLep_MuonEG_B.root
2026-01-28 19:49:46,393 - INFO - [2016preVFP] MISSING_CENTRAL: TTZ2E1Mu/Central/bjets/3/energy in Skim_TriLep_MuonEG_C.root
2026-01-28 19:49:46,426 - INFO - [2016preVFP] MISSING_CENTRAL: TTZ2E1Mu/Central/bjets/3/energy in Skim_TriLep_MuonEG_E.root
2026-01-28 19:49:46,426 - INFO - [2016preVFP] MISSING_CENTRAL: TTZ2E1Mu/Central/bjets/3/energy in Skim_TriLep_MuonEG_F.root
2026-01-28 19:49:46,453 - INFO - [2016preVFP] MISSING_CENTRAL: TTZ2E1Mu/Central/bjets/3/energy in Skim_TriLep_MuonEG_C.root
2026-01-28 19:49:46,453 - INFO - [2016preVFP] MISSING_CENTRAL: TTZ2E1Mu/Central/bjets/3/energy in Skim_TriLep_MuonEG_D.root
2026-01-28 19:49:46,455 - INFO - [2016preVFP] MISSING_CENTRAL: TTZ2E1Mu/Central/bjets/3/energy in Skim_TriLep_MuonEG_F.root
2026-01-28 19:49:46,456 - INFO - [2016preVFP] MISSING_CENTRAL: TTZ2E1Mu/Central/bjets/3/energy in Skim_TriLep_DYJets.root
2026-01-28 19:49:46,456 - INFO - [2016preVFP] MISSING_CENTRAL: TTZ2E1Mu/Central/bjets/3/energy in Skim_TriLep_DYJets10to50.root
2026-01-28 19:49:46,481 - INFO - [2016preVFP] MISSING_CENTRAL: TTZ2E1Mu/Central/bjets/3/energy in Skim_TriLep_WWG.root
2026-01-28 19:49:46,673 - INFO - [2016preVFP] MISSING_CENTRAL: TTZ2E1Mu/Central/bjets/3/energy in Skim_TriLep_WWW.root
2026-01-28 19:49:46,775 - INFO - [2016preVFP] MISSING_CENTRAL: TTZ2E1Mu/Central/bjets/3/energy in Skim_TriLep_VBFHToZZTo4L.root
2026-01-28 19:49:46,776 - INFO - [2016preVFP] MISSING_CENTRAL: TTZ2E1Mu/Central/bjets/3/energy in Skim_TriLep_ggHToZZTo4L.root
2026-01-29 07:07:19,715 - INFO - [2016preVFP] MISSING_CENTRAL: TTZ2E1Mu/Central/bjets/3/energy in Skim_TriLep_MuonEG_B.root
2026-01-29 07:07:19,716 - INFO - [2016preVFP] MISSING_CENTRAL: TTZ2E1Mu/Central/bjets/3/energy in Skim_TriLep_MuonEG_C.root
2026-01-29 07:07:19,748 - INFO - [2016preVFP] MISSING_CENTRAL: TTZ2E1Mu/Central/bjets/3/energy in Skim_TriLep_MuonEG_E.root
2026-01-29 07:07:19,749 - INFO - [2016preVFP] MISSING_CENTRAL: TTZ2E1Mu/Central/bjets/3/energy in Skim_TriLep_MuonEG_F.root
2026-01-29 07:07:19,782 - INFO - [2016preVFP] MISSING_CENTRAL: TTZ2E1Mu/Central/bjets/3/energy in Skim_TriLep_MuonEG_C.root
2026-01-29 07:07:19,782 - INFO - [2016preVFP] MISSING_CENTRAL: TTZ2E1Mu/Central/bjets/3/energy in Skim_TriLep_MuonEG_D.root
2026-01-29 07:07:19,783 - INFO - [2016preVFP] MISSING_CENTRAL: TTZ2E1Mu/Central/bjets/3/energy in Skim_TriLep_MuonEG_F.root
2026-01-29 07:07:19,784 - INFO - [2016preVFP] MISSING_CENTRAL: TTZ2E1Mu/Central/bjets/3/energy in Skim_TriLep_DYJets.root
2026-01-29 07:07:19,785 - INFO - [2016preVFP] MISSING_CENTRAL: TTZ2E1Mu/Central/bjets/3/energy in Skim_TriLep_DYJets10to50.root
2026-01-29 07:07:19,805 - INFO - [2016preVFP] MISSING_CENTRAL: TTZ2E1Mu/Central/bjets/3/energy in Skim_TriLep_WWG.root
2026-01-29 07:07:19,929 - INFO - [2016preVFP] MISSING_CENTRAL: TTZ2E1Mu/Central/bjets/3/energy in Skim_TriLep_WWW.root
2026-01-29 07:07:19,997 - INFO - [2016preVFP] MISSING_CENTRAL: TTZ2E1Mu/Central/bjets/3/energy in Skim_TriLep_VBFHToZZTo4L.root
2026-01-29 07:07:19,998 - INFO - [2016preVFP] MISSING_CENTRAL: TTZ2E1Mu/Central/bjets/3/energy in Skim_TriLep_ggHToZZTo4L.root
2026-03-06 09:36:47,287 - INFO - [2016preVFP] MISSING_CENTRAL: TTZ2E1Mu/Central/bjets/3/energy in Skim_TriLep_MuonEG_B.root
2026-03-06 09:36:47,288 - INFO - [2016preVFP] MISSING_CENTRAL: TTZ2E1Mu/Central/bjets/3/energy in Skim_TriLep_MuonEG_C.root
2026-03-06 09:36:47,313 - INFO - [2016preVFP] MISSING_CENTRAL: TTZ2E1Mu/Central/bjets/3/energy in Skim_TriLep_MuonEG_E.root
2026-03-06 09:36:47,314 - INFO - [2016preVFP] MISSING_CENTRAL: TTZ2E1Mu/Central/bjets/3/energy in Skim_TriLep_MuonEG_F.root
2026-03-06 09:36:47,338 - INFO - [2016preVFP] MISSING_CENTRAL: TTZ2E1Mu/Central/bjets/3/energy in Skim_TriLep_MuonEG_C.root
2026-03-06 09:36:47,339 - INFO - [2016preVFP] MISSING_CENTRAL: TTZ2E1Mu/Central/bjets/3/energy in Skim_TriLep_MuonEG_D.root
2026-03-06 09:36:47,340 - INFO - [2016preVFP] MISSING_CENTRAL: TTZ2E1Mu/Central/bjets/3/energy in Skim_TriLep_MuonEG_F.root
2026-03-06 09:36:47,340 - INFO - [2016preVFP] MISSING_CENTRAL: TTZ2E1Mu/Central/bjets/3/energy in Skim_TriLep_DYJets.root
2026-03-06 09:36:47,341 - INFO - [2016preVFP] MISSING_CENTRAL: TTZ2E1Mu/Central/bjets/3/energy in Skim_TriLep_DYJets10to50.root
2026-03-06 09:36:47,354 - INFO - [2016preVFP] MISSING_CENTRAL: TTZ2E1Mu/Central/bjets/3/energy in Skim_TriLep_WWG.root
2026-03-06 09:36:47,437 - INFO - [2016preVFP] MISSING_CENTRAL: TTZ2E1Mu/Central/bjets/3/energy in Skim_TriLep_WWW.root
2026-03-06 09:36:47,481 - INFO - [2016preVFP] MISSING_CENTRAL: TTZ2E1Mu/Central/bjets/3/energy in Skim_TriLep_VBFHToZZTo4L.root
2026-03-06 09:36:47,482 - INFO - [2016preVFP] MISSING_CENTRAL: TTZ2E1Mu/Central/bjets/3/energy in Skim_TriLep_ggHToZZTo4L.root
2026-03-06 19:42:39,112 - INFO - [2016preVFP] MISSING_CENTRAL: TTZ2E1Mu/Central/bjets/3/energy in Skim_TriLep_MuonEG_B.root
2026-03-06 19:42:39,113 - INFO - [2016preVFP] MISSING_CENTRAL: TTZ2E1Mu/Central/bjets/3/energy in Skim_TriLep_MuonEG_C.root
2026-03-06 19:42:39,139 - INFO - [2016preVFP] MISSING_CENTRAL: TTZ2E1Mu/Central/bjets/3/energy in Skim_TriLep_MuonEG_E.root
2026-03-06 19:42:39,140 - INFO - [2016preVFP] MISSING_CENTRAL: TTZ2E1Mu/Central/bjets/3/energy in Skim_TriLep_MuonEG_F.root
2026-03-06 19:42:39,166 - INFO - [2016preVFP] MISSING_CENTRAL: TTZ2E1Mu/Central/bjets/3/energy in Skim_TriLep_MuonEG_C.root
2026-03-06 19:42:39,166 - INFO - [2016preVFP] MISSING_CENTRAL: TTZ2E1Mu/Central/bjets/3/energy in Skim_TriLep_MuonEG_D.root
2026-03-06 19:42:39,167 - INFO - [2016preVFP] MISSING_CENTRAL: TTZ2E1Mu/Central/bjets/3/energy in Skim_TriLep_MuonEG_F.root
2026-03-06 19:42:39,168 - INFO - [2016preVFP] MISSING_CENTRAL: TTZ2E1Mu/Central/bjets/3/energy in Skim_TriLep_DYJets.root
2026-03-06 19:42:39,168 - INFO - [2016preVFP] MISSING_CENTRAL: TTZ2E1Mu/Central/bjets/3/energy in Skim_TriLep_DYJets10to50.root
2026-03-06 19:42:39,182 - INFO - [2016preVFP] MISSING_CENTRAL: TTZ2E1Mu/Central/bjets/3/energy in Skim_TriLep_WWG.root
2026-03-06 19:42:39,266 - INFO - [2016preVFP] MISSING_CENTRAL: TTZ2E1Mu/Central/bjets/3/energy in Skim_TriLep_WWW.root
2026-03-06 19:42:39,310 - INFO - [2016preVFP] MISSING_CENTRAL: TTZ2E1Mu/Central/bjets/3/energy in Skim_TriLep_VBFHToZZTo4L.root
2026-03-06 19:42:39,311 - INFO - [2016preVFP] MISSING_CENTRAL: TTZ2E1Mu/Central/bjets/3/energy in Skim_TriLep_ggHToZZTo4L.root
2026-04-10 20:17:07,777 - INFO - [2016preVFP] MISSING_CENTRAL: TTZ2E1Mu/Central/bjets/3/energy in Skim_TriLep_MuonEG_B.root
2026-04-10 20:17:07,778 - INFO - [2016preVFP] MISSING_CENTRAL: TTZ2E1Mu/Central/bjets/3/energy in Skim_TriLep_MuonEG_C.root
2026-04-10 20:17:07,812 - INFO - [2016preVFP] MISSING_CENTRAL: TTZ2E1Mu/Central/bjets/3/energy in Skim_TriLep_MuonEG_E.root
2026-04-10 20:17:07,813 - INFO - [2016preVFP] MISSING_CENTRAL: TTZ2E1Mu/Central/bjets/3/energy in Skim_TriLep_MuonEG_F.root
2026-04-10 20:17:07,845 - INFO - [2016preVFP] MISSING_CENTRAL: TTZ2E1Mu/Central/bjets/3/energy in Skim_TriLep_MuonEG_C.root
2026-04-10 20:17:07,846 - INFO - [2016preVFP] MISSING_CENTRAL: TTZ2E1Mu/Central/bjets/3/energy in Skim_TriLep_MuonEG_D.root
2026-04-10 20:17:07,847 - INFO - [2016preVFP] MISSING_CENTRAL: TTZ2E1Mu/Central/bjets/3/energy in Skim_TriLep_MuonEG_F.root
2026-04-10 20:17:07,848 - INFO - [2016preVFP] MISSING_CENTRAL: TTZ2E1Mu/Central/bjets/3/energy in Skim_TriLep_DYJets.root
2026-04-10 20:17:07,849 - INFO - [2016preVFP] MISSING_CENTRAL: TTZ2E1Mu/Central/bjets/3/energy in Skim_TriLep_DYJets10to50.root
2026-04-10 20:17:07,869 - INFO - [2016preVFP] MISSING_CENTRAL: TTZ2E1Mu/Central/bjets/3/energy in Skim_TriLep_WWG.root
2026-04-10 20:17:07,992 - INFO - [2016preVFP] MISSING_CENTRAL: TTZ2E1Mu/Central/bjets/3/energy in Skim_TriLep_WWW.root
2026-04-10 20:17:08,059 - INFO - [2016preVFP] MISSING_CENTRAL: TTZ2E1Mu/Central/bjets/3/energy in Skim_TriLep_VBFHToZZTo4L.root
2026-04-10 20:17:08,060 - INFO - [2016preVFP] MISSING_CENTRAL: TTZ2E1Mu/Central/bjets/3/energy in Skim_TriLep_ggHToZZTo4L.root
2026-04-12 11:32:03,646 - INFO - [2016preVFP] MISSING_CENTRAL: TTZ2E1Mu/Central/bjets/3/energy in Skim_TriLep_MuonEG_B.root
2026-04-12 11:32:03,647 - INFO - [2016preVFP] MISSING_CENTRAL: TTZ2E1Mu/Central/bjets/3/energy in Skim_TriLep_MuonEG_C.root
2026-04-12 11:32:03,685 - INFO - [2016preVFP] MISSING_CENTRAL: TTZ2E1Mu/Central/bjets/3/energy in Skim_TriLep_MuonEG_E.root
2026-04-12 11:32:03,685 - INFO - [2016preVFP] MISSING_CENTRAL: TTZ2E1Mu/Central/bjets/3/energy in Skim_TriLep_MuonEG_F.root
2026-04-12 11:32:03,722 - INFO - [2016preVFP] MISSING_CENTRAL: TTZ2E1Mu/Central/bjets/3/energy in Skim_TriLep_MuonEG_C.root
2026-04-12 11:32:03,723 - INFO - [2016preVFP] MISSING_CENTRAL: TTZ2E1Mu/Central/bjets/3/energy in Skim_TriLep_MuonEG_D.root
2026-04-12 11:32:03,724 - INFO - [2016preVFP] MISSING_CENTRAL: TTZ2E1Mu/Central/bjets/3/energy in Skim_TriLep_MuonEG_F.root
2026-04-12 11:32:03,725 - INFO - [2016preVFP] MISSING_CENTRAL: TTZ2E1Mu/Central/bjets/3/energy in Skim_TriLep_DYJets.root
2026-04-12 11:32:03,726 - INFO - [2016preVFP] MISSING_CENTRAL: TTZ2E1Mu/Central/bjets/3/energy in Skim_TriLep_DYJets10to50.root
2026-04-12 11:32:03,746 - INFO - [2016preVFP] MISSING_CENTRAL: TTZ2E1Mu/Central/bjets/3/energy in Skim_TriLep_WWG.root
2026-04-12 11:32:03,885 - INFO - [2016preVFP] MISSING_CENTRAL: TTZ2E1Mu/Central/bjets/3/energy in Skim_TriLep_WWW.root
2026-04-12 11:32:03,953 - INFO - [2016preVFP] MISSING_CENTRAL: TTZ2E1Mu/Central/bjets/3/energy in Skim_TriLep_VBFHToZZTo4L.root
2026-04-12 11:32:03,954 - INFO - [2016preVFP] MISSING_CENTRAL: TTZ2E1Mu/Central/bjets/3/energy in Skim_TriLep_ggHToZZTo4L.root
2026-04-12 12:14:22,712 - INFO - [2016preVFP] MISSING_CENTRAL: TTZ2E1Mu/Central/bjets/3/energy in Skim_TriLep_MuonEG_B.root
2026-04-12 12:14:22,713 - INFO - [2016preVFP] MISSING_CENTRAL: TTZ2E1Mu/Central/bjets/3/energy in Skim_TriLep_MuonEG_C.root
2026-04-12 12:14:22,745 - INFO - [2016preVFP] MISSING_CENTRAL: TTZ2E1Mu/Central/bjets/3/energy in Skim_TriLep_MuonEG_E.root
2026-04-12 12:14:22,745 - INFO - [2016preVFP] MISSING_CENTRAL: TTZ2E1Mu/Central/bjets/3/energy in Skim_TriLep_MuonEG_F.root
2026-04-12 12:14:22,778 - INFO - [2016preVFP] MISSING_CENTRAL: TTZ2E1Mu/Central/bjets/3/energy in Skim_TriLep_MuonEG_C.root
2026-04-12 12:14:22,778 - INFO - [2016preVFP] MISSING_CENTRAL: TTZ2E1Mu/Central/bjets/3/energy in Skim_TriLep_MuonEG_D.root
2026-04-12 12:14:22,780 - INFO - [2016preVFP] MISSING_CENTRAL: TTZ2E1Mu/Central/bjets/3/energy in Skim_TriLep_MuonEG_F.root
2026-04-12 12:14:22,781 - INFO - [2016preVFP] MISSING_CENTRAL: TTZ2E1Mu/Central/bjets/3/energy in Skim_TriLep_DYJets.root
2026-04-12 12:14:22,781 - INFO - [2016preVFP] MISSING_CENTRAL: TTZ2E1Mu/Central/bjets/3/energy in Skim_TriLep_DYJets10to50.root
2026-04-12 12:14:22,802 - INFO - [2016preVFP] MISSING_CENTRAL: TTZ2E1Mu/Central/bjets/3/energy in Skim_TriLep_WWG.root
2026-04-12 12:14:22,924 - INFO - [2016preVFP] MISSING_CENTRAL: TTZ2E1Mu/Central/bjets/3/energy in Skim_TriLep_WWW.root
2026-04-12 12:14:22,996 - INFO - [2016preVFP] MISSING_CENTRAL: TTZ2E1Mu/Central/bjets/3/energy in Skim_TriLep_VBFHToZZTo4L.root
2026-04-12 12:14:22,997 - INFO - [2016preVFP] MISSING_CENTRAL: TTZ2E1Mu/Central/bjets/3/energy in Skim_TriLep_ggHToZZTo4L.root
2026-04-12 12:34:01,411 - INFO - [2016preVFP] MISSING_CENTRAL: TTZ2E1Mu/Central/bjets/3/energy in Skim_TriLep_MuonEG_B.root
2026-04-12 12:34:01,412 - INFO - [2016preVFP] MISSING_CENTRAL: TTZ2E1Mu/Central/bjets/3/energy in Skim_TriLep_MuonEG_C.root
2026-04-12 12:34:01,445 - INFO - [2016preVFP] MISSING_CENTRAL: TTZ2E1Mu/Central/bjets/3/energy in Skim_TriLep_MuonEG_E.root
2026-04-12 12:34:01,445 - INFO - [2016preVFP] MISSING_CENTRAL: TTZ2E1Mu/Central/bjets/3/energy in Skim_TriLep_MuonEG_F.root
2026-04-12 12:34:01,477 - INFO - [2016preVFP] MISSING_CENTRAL: TTZ2E1Mu/Central/bjets/3/energy in Skim_TriLep_MuonEG_C.root
2026-04-12 12:34:01,477 - INFO - [2016preVFP] MISSING_CENTRAL: TTZ2E1Mu/Central/bjets/3/energy in Skim_TriLep_MuonEG_D.root
2026-04-12 12:34:01,479 - INFO - [2016preVFP] MISSING_CENTRAL: TTZ2E1Mu/Central/bjets/3/energy in Skim_TriLep_MuonEG_F.root
2026-04-12 12:34:01,480 - INFO - [2016preVFP] MISSING_CENTRAL: TTZ2E1Mu/Central/bjets/3/energy in Skim_TriLep_DYJets.root
2026-04-12 12:34:01,480 - INFO - [2016preVFP] MISSING_CENTRAL: TTZ2E1Mu/Central/bjets/3/energy in Skim_TriLep_DYJets10to50.root
2026-04-12 12:34:01,502 - INFO - [2016preVFP] MISSING_CENTRAL: TTZ2E1Mu/Central/bjets/3/energy in Skim_TriLep_WWG.root
2026-04-12 12:34:01,625 - INFO - [2016preVFP] MISSING_CENTRAL: TTZ2E1Mu/Central/bjets/3/energy in Skim_TriLep_WWW.root
2026-04-12 12:34:01,696 - INFO - [2016preVFP] MISSING_CENTRAL: TTZ2E1Mu/Central/bjets/3/energy in Skim_TriLep_VBFHToZZTo4L.root
2026-04-12 12:34:01,697 - INFO - [2016preVFP] MISSING_CENTRAL: TTZ2E1Mu/Central/bjets/3/energy in Skim_TriLep_ggHToZZTo4L.root
2026-04-12 20:42:02,330 - INFO - [2016preVFP] MISSING_CENTRAL: TTZ2E1Mu/Central/bjets/3/energy in Skim_TriLep_MuonEG_B.root
2026-04-12 20:42:02,330 - INFO - [2016preVFP] MISSING_CENTRAL: TTZ2E1Mu/Central/bjets/3/energy in Skim_TriLep_MuonEG_C.root
2026-04-12 20:42:02,365 - INFO - [2016preVFP] MISSING_CENTRAL: TTZ2E1Mu/Central/bjets/3/energy in Skim_TriLep_MuonEG_E.root
2026-04-12 20:42:02,366 - INFO - [2016preVFP] MISSING_CENTRAL: TTZ2E1Mu/Central/bjets/3/energy in Skim_TriLep_MuonEG_F.root
2026-04-12 20:42:02,402 - INFO - [2016preVFP] MISSING_CENTRAL: TTZ2E1Mu/Central/bjets/3/energy in Skim_TriLep_MuonEG_C.root
2026-04-12 20:42:02,402 - INFO - [2016preVFP] MISSING_CENTRAL: TTZ2E1Mu/Central/bjets/3/energy in Skim_TriLep_MuonEG_D.root
2026-04-12 20:42:02,404 - INFO - [2016preVFP] MISSING_CENTRAL: TTZ2E1Mu/Central/bjets/3/energy in Skim_TriLep_MuonEG_F.root
2026-04-12 20:42:02,405 - INFO - [2016preVFP] MISSING_CENTRAL: TTZ2E1Mu/Central/bjets/3/energy in Skim_TriLep_DYJets.root
2026-04-12 20:42:02,405 - INFO - [2016preVFP] MISSING_CENTRAL: TTZ2E1Mu/Central/bjets/3/energy in Skim_TriLep_DYJets10to50.root
2026-04-12 20:42:02,427 - INFO - [2016preVFP] MISSING_CENTRAL: TTZ2E1Mu/Central/bjets/3/energy in Skim_TriLep_WWG.root
2026-04-12 20:42:02,548 - INFO - [2016preVFP] MISSING_CENTRAL: TTZ2E1Mu/Central/bjets/3/energy in Skim_TriLep_WWW.root
2026-04-12 20:42:02,616 - INFO - [2016preVFP] MISSING_CENTRAL: TTZ2E1Mu/Central/bjets/3/energy in Skim_TriLep_VBFHToZZTo4L.root
2026-04-12 20:42:02,617 - INFO - [2016preVFP] MISSING_CENTRAL: TTZ2E1Mu/Central/bjets/3/energy in Skim_TriLep_ggHToZZTo4L.root
2026-04-12 21:13:40,751 - INFO - [2016preVFP] MISSING_CENTRAL: TTZ2E1Mu/Central/bjets/3/energy in Skim_TriLep_MuonEG_B.root
2026-04-12 21:13:40,752 - INFO - [2016preVFP] MISSING_CENTRAL: TTZ2E1Mu/Central/bjets/3/energy in Skim_TriLep_MuonEG_C.root
2026-04-12 21:13:40,785 - INFO - [2016preVFP] MISSING_CENTRAL: TTZ2E1Mu/Central/bjets/3/energy in Skim_TriLep_MuonEG_E.root
2026-04-12 21:13:40,786 - INFO - [2016preVFP] MISSING_CENTRAL: TTZ2E1Mu/Central/bjets/3/energy in Skim_TriLep_MuonEG_F.root
2026-04-12 21:13:40,818 - INFO - [2016preVFP] MISSING_CENTRAL: TTZ2E1Mu/Central/bjets/3/energy in Skim_TriLep_MuonEG_C.root
2026-04-12 21:13:40,819 - INFO - [2016preVFP] MISSING_CENTRAL: TTZ2E1Mu/Central/bjets/3/energy in Skim_TriLep_MuonEG_D.root
2026-04-12 21:13:40,820 - INFO - [2016preVFP] MISSING_CENTRAL: TTZ2E1Mu/Central/bjets/3/energy in Skim_TriLep_MuonEG_F.root
2026-04-12 21:13:40,821 - INFO - [2016preVFP] MISSING_CENTRAL: TTZ2E1Mu/Central/bjets/3/energy in Skim_TriLep_DYJets.root
2026-04-12 21:13:40,822 - INFO - [2016preVFP] MISSING_CENTRAL: TTZ2E1Mu/Central/bjets/3/energy in Skim_TriLep_DYJets10to50.root
2026-04-12 21:13:40,842 - INFO - [2016preVFP] MISSING_CENTRAL: TTZ2E1Mu/Central/bjets/3/energy in Skim_TriLep_WWG.root
2026-04-12 21:13:40,963 - INFO - [2016preVFP] MISSING_CENTRAL: TTZ2E1Mu/Central/bjets/3/energy in Skim_TriLep_WWW.root
2026-04-12 21:13:41,035 - INFO - [2016preVFP] MISSING_CENTRAL: TTZ2E1Mu/Central/bjets/3/energy in Skim_TriLep_VBFHToZZTo4L.root
2026-04-12 21:13:41,035 - INFO - [2016preVFP] MISSING_CENTRAL: TTZ2E1Mu/Central/bjets/3/energy in Skim_TriLep_ggHToZZTo4L.root
2026-04-13 12:51:09,740 - INFO - [2016preVFP] MISSING_CENTRAL: TTZ2E1Mu/Central/bjets/3/energy in Skim_TriLep_MuonEG_B.root
2026-04-13 12:51:09,741 - INFO - [2016preVFP] MISSING_CENTRAL: TTZ2E1Mu/Central/bjets/3/energy in Skim_TriLep_MuonEG_C.root
2026-04-13 12:51:09,781 - INFO - [2016preVFP] MISSING_CENTRAL: TTZ2E1Mu/Central/bjets/3/energy in Skim_TriLep_MuonEG_E.root
2026-04-13 12:51:09,782 - INFO - [2016preVFP] MISSING_CENTRAL: TTZ2E1Mu/Central/bjets/3/energy in Skim_TriLep_MuonEG_F.root
2026-04-13 12:51:09,813 - INFO - [2016preVFP] MISSING_CENTRAL: TTZ2E1Mu/Central/bjets/3/energy in Skim_TriLep_MuonEG_C.root
2026-04-13 12:51:09,813 - INFO - [2016preVFP] MISSING_CENTRAL: TTZ2E1Mu/Central/bjets/3/energy in Skim_TriLep_MuonEG_D.root
2026-04-13 12:51:09,815 - INFO - [2016preVFP] MISSING_CENTRAL: TTZ2E1Mu/Central/bjets/3/energy in Skim_TriLep_MuonEG_F.root
2026-04-13 12:51:09,816 - INFO - [2016preVFP] MISSING_CENTRAL: TTZ2E1Mu/Central/bjets/3/energy in Skim_TriLep_DYJets.root
2026-04-13 12:51:09,816 - INFO - [2016preVFP] MISSING_CENTRAL: TTZ2E1Mu/Central/bjets/3/energy in Skim_TriLep_DYJets10to50.root
2026-04-13 12:51:09,841 - INFO - [2016preVFP] MISSING_CENTRAL: TTZ2E1Mu/Central/bjets/3/energy in Skim_TriLep_WWG.root
2026-04-13 12:51:09,999 - INFO - [2016preVFP] MISSING_CENTRAL: TTZ2E1Mu/Central/bjets/3/energy in Skim_TriLep_WWW.root
2026-04-13 12:51:10,089 - INFO - [2016preVFP] MISSING_CENTRAL: TTZ2E1Mu/Central/bjets/3/energy in Skim_TriLep_VBFHToZZTo4L.root
2026-04-13 12:51:10,090 - INFO - [2016preVFP] MISSING_CENTRAL: TTZ2E1Mu/Central/bjets/3/energy in Skim_TriLep_ggHToZZTo4L.root
2026-04-16 17:33:38,844 - INFO - [2016preVFP] MISSING_CENTRAL: TTZ2E1Mu/Central/bjets/3/energy in Skim_TriLep_MuonEG_B.root
2026-04-16 17:33:38,845 - INFO - [2016preVFP] MISSING_CENTRAL: TTZ2E1Mu/Central/bjets/3/energy in Skim_TriLep_MuonEG_C.root
2026-04-16 17:33:38,885 - INFO - [2016preVFP] MISSING_CENTRAL: TTZ2E1Mu/Central/bjets/3/energy in Skim_TriLep_MuonEG_E.root
2026-04-16 17:33:38,885 - INFO - [2016preVFP] MISSING_CENTRAL: TTZ2E1Mu/Central/bjets/3/energy in Skim_TriLep_MuonEG_F.root
2026-04-16 17:33:38,914 - INFO - [2016preVFP] MISSING_CENTRAL: TTZ2E1Mu/Central/bjets/3/energy in Skim_TriLep_MuonEG_C.root
2026-04-16 17:33:38,915 - INFO - [2016preVFP] MISSING_CENTRAL: TTZ2E1Mu/Central/bjets/3/energy in Skim_TriLep_MuonEG_D.root
2026-04-16 17:33:38,916 - INFO - [2016preVFP] MISSING_CENTRAL: TTZ2E1Mu/Central/bjets/3/energy in Skim_TriLep_MuonEG_F.root
2026-04-16 17:33:38,917 - INFO - [2016preVFP] MISSING_CENTRAL: TTZ2E1Mu/Central/bjets/3/energy in Skim_TriLep_DYJets.root
2026-04-16 17:33:38,918 - INFO - [2016preVFP] MISSING_CENTRAL: TTZ2E1Mu/Central/bjets/3/energy in Skim_TriLep_DYJets10to50.root
2026-04-16 17:33:38,944 - INFO - [2016preVFP] MISSING_CENTRAL: TTZ2E1Mu/Central/bjets/3/energy in Skim_TriLep_WWG.root
2026-04-16 17:33:39,094 - INFO - [2016preVFP] MISSING_CENTRAL: TTZ2E1Mu/Central/bjets/3/energy in Skim_TriLep_WWW.root
2026-04-16 17:33:39,185 - INFO - [2016preVFP] MISSING_CENTRAL: TTZ2E1Mu/Central/bjets/3/energy in Skim_TriLep_VBFHToZZTo4L.root
2026-04-16 17:33:39,186 - INFO - [2016preVFP] MISSING_CENTRAL: TTZ2E1Mu/Central/bjets/3/energy in Skim_TriLep_ggHToZZTo4L.root
