2025-12-18 14:10:18,199 - INFO - [2016preVFP] MISSING_CENTRAL: TTZ2E1Mu/Central/jets/1/px in Skim_TriLep_DYJets10to50.root
2025-12-18 14:14:24,178 - INFO - [2016preVFP] MISSING_CENTRAL: TTZ2E1Mu/Central/jets/1/px in Skim_TriLep_DYJets10to50.root
2025-12-18 14:29:55,692 - INFO - [2016preVFP] MISSING_CENTRAL: TTZ2E1Mu/Central/jets/1/px in Skim_TriLep_DYJets10to50.root
2025-12-18 21:33:20,335 - INFO - [2016preVFP] MISSING_CENTRAL: TTZ2E1Mu/Central/jets/1/px in Skim_TriLep_DYJets10to50.root
2025-12-18 23:42:04,529 - INFO - [2016preVFP] MISSING_CENTRAL: TTZ2E1Mu/Central/jets/1/px in Skim_TriLep_DYJets10to50.root
2026-01-07 11:17:05,655 - INFO - [2016preVFP] MISSING_FILE: /home/choij/Sync/workspace/ChargedHiggsAnalysisV3/SKNanoOutput/PromptSelector/Run2E1Mu/2016preVFP/Skim_TriLep_MuonEG_B.root
2026-01-07 11:17:05,655 - INFO - [2016preVFP] MISSING_FILE: /home/choij/Sync/workspace/ChargedHiggsAnalysisV3/SKNanoOutput/PromptSelector/Run2E1Mu/2016preVFP/Skim_TriLep_MuonEG_C.root
2026-01-07 11:17:05,655 - INFO - [2016preVFP] MISSING_FILE: /home/choij/Sync/workspace/ChargedHiggsAnalysisV3/SKNanoOutput/PromptSelector/Run2E1Mu/2016preVFP/Skim_TriLep_MuonEG_D.root
2026-01-07 11:17:05,656 - INFO - [2016preVFP] MISSING_FILE: /home/choij/Sync/workspace/ChargedHiggsAnalysisV3/SKNanoOutput/PromptSelector/Run2E1Mu/2016preVFP/Skim_TriLep_MuonEG_E.root
2026-01-07 11:17:05,656 - INFO - [2016preVFP] MISSING_FILE: /home/choij/Sync/workspace/ChargedHiggsAnalysisV3/SKNanoOutput/PromptSelector/Run2E1Mu/2016preVFP/Skim_TriLep_MuonEG_F.root
2026-01-07 11:21:32,642 - INFO - [2016preVFP] MISSING_CENTRAL: TTZ2E1Mu/Central/jets/1/px in Skim_TriLep_DYJets10to50.root
2026-01-07 11:40:11,745 - INFO - [2016preVFP] MISSING_CENTRAL: TTZ2E1Mu/Central/jets/1/px in Skim_TriLep_DYJets10to50.root
2026-01-07 18:37:30,772 - INFO - [2016preVFP] MISSING_CENTRAL: TTZ2E1Mu/Central/jets/1/px in Skim_TriLep_DYJets10to50.root
2026-01-09 12:10:44,185 - INFO - [2016preVFP] MISSING_CENTRAL: TTZ2E1Mu/Central/jets/1/px in Skim_TriLep_DYJets10to50.root
2026-01-11 09:30:48,529 - INFO - [2016preVFP] MISSING_CENTRAL: TTZ2E1Mu/Central/jets/1/px in Skim_TriLep_DYJets10to50.root
2026-01-12 13:39:20,080 - INFO - [2016preVFP] MISSING_CENTRAL: TTZ2E1Mu/Central/jets/1/px in Skim_TriLep_DYJets10to50.root
2026-01-12 21:58:53,293 - INFO - [2016preVFP] MISSING_CENTRAL: TTZ2E1Mu/Central/jets/1/px in Skim_TriLep_DYJets10to50.root
2026-01-12 23:04:05,033 - INFO - [2016preVFP] MISSING_CENTRAL: TTZ2E1Mu/Central/jets/1/px in Skim_TriLep_DYJets10to50.root
2026-01-13 14:57:11,894 - INFO - [2016preVFP] MISSING_CENTRAL: TTZ2E1Mu/Central/jets/1/px in Skim_TriLep_DYJets10to50.root
2026-01-16 18:53:02,459 - INFO - [2016preVFP] MISSING_CENTRAL: TTZ2E1Mu/Central/jets/1/px in Skim_TriLep_DYJets10to50.root
2026-01-16 18:54:47,905 - INFO - [2016preVFP] MISSING_CENTRAL: TTZ2E1Mu/Central/jets/1/px in Skim_TriLep_DYJets10to50.root
2026-01-28 16:05:14,312 - INFO - [2016preVFP] MISSING_CENTRAL: TTZ2E1Mu/Central/jets/1/px in Skim_TriLep_DYJets10to50.root
2026-01-28 17:15:58,518 - INFO - [2016preVFP] MISSING_CENTRAL: TTZ2E1Mu/Central/jets/1/px in Skim_TriLep_DYJets10to50.root
2026-01-28 19:49:40,573 - INFO - [2016preVFP] MISSING_CENTRAL: TTZ2E1Mu/Central/jets/1/px in Skim_TriLep_DYJets10to50.root
2026-01-29 07:07:13,981 - INFO - [2016preVFP] MISSING_CENTRAL: TTZ2E1Mu/Central/jets/1/px in Skim_TriLep_DYJets10to50.root
2026-03-06 09:36:41,545 - INFO - [2016preVFP] MISSING_CENTRAL: TTZ2E1Mu/Central/jets/1/px in Skim_TriLep_DYJets10to50.root
2026-03-06 19:42:33,637 - INFO - [2016preVFP] MISSING_CENTRAL: TTZ2E1Mu/Central/jets/1/px in Skim_TriLep_DYJets10to50.root
2026-04-10 20:17:02,239 - INFO - [2016preVFP] MISSING_CENTRAL: TTZ2E1Mu/Central/jets/1/px in Skim_TriLep_DYJets10to50.root
2026-04-12 11:31:57,941 - INFO - [2016preVFP] MISSING_CENTRAL: TTZ2E1Mu/Central/jets/1/px in Skim_TriLep_DYJets10to50.root
2026-04-12 12:14:17,335 - INFO - [2016preVFP] MISSING_CENTRAL: TTZ2E1Mu/Central/jets/1/px in Skim_TriLep_DYJets10to50.root
2026-04-12 12:33:56,066 - INFO - [2016preVFP] MISSING_CENTRAL: TTZ2E1Mu/Central/jets/1/px in Skim_TriLep_DYJets10to50.root
2026-04-12 20:41:57,014 - INFO - [2016preVFP] MISSING_CENTRAL: TTZ2E1Mu/Central/jets/1/px in Skim_TriLep_DYJets10to50.root
2026-04-12 21:13:35,096 - INFO - [2016preVFP] MISSING_CENTRAL: TTZ2E1Mu/Central/jets/1/px in Skim_TriLep_DYJets10to50.root
2026-04-13 12:51:04,548 - INFO - [2016preVFP] MISSING_CENTRAL: TTZ2E1Mu/Central/jets/1/px in Skim_TriLep_DYJets10to50.root
2026-04-16 17:33:33,439 - INFO - [2016preVFP] MISSING_CENTRAL: TTZ2E1Mu/Central/jets/1/px in Skim_TriLep_DYJets10to50.root
2026-04-28 15:14:10,979 - INFO - [2016preVFP] MISSING_CENTRAL: TTZ2E1Mu/Central/jets/1/px in Skim_TriLep_DYJets10to50.root
2026-05-04 17:03:20,677 - INFO - [2016preVFP] MISSING_CENTRAL: TTZ2E1Mu/Central/jets/1/px in Skim_TriLep_DYJets10to50.root
2026-05-28 15:40:15,737 - INFO - [2016preVFP] MISSING_CENTRAL: TTZ2E1Mu/Central/jets/1/px in Skim_TriLep_DYJets10to50.root
2026-05-29 15:31:09,076 - INFO - [2016preVFP] MISSING_CENTRAL: TTZ2E1Mu/Central/jets/1/px in Skim_TriLep_DYJets10to50.root
2026-05-29 18:22:15,801 - INFO - [2016preVFP] MISSING_CENTRAL: TTZ2E1Mu/Central/jets/1/px in Skim_TriLep_DYJets10to50.root
2026-06-12 14:01:43,563 - INFO - [2016preVFP] MISSING_CENTRAL: TTZ2E1Mu/Central/jets/1/px in Skim_TriLep_DYJets10to50.root
2026-06-12 14:22:27,498 - INFO - [2016preVFP] MISSING_CENTRAL: TTZ2E1Mu/Central/jets/1/px in Skim_TriLep_DYJets10to50.root
2026-06-18 00:12:58,450 - INFO - [2016preVFP] MISSING_CENTRAL: TTZ2E1Mu/Central/jets/1/px in Skim_TriLep_DYJets10to50.root
2026-06-18 00:16:36,486 - INFO - [2016preVFP] MISSING_CENTRAL: TTZ2E1Mu/Central/jets/1/px in Skim_TriLep_DYJets10to50.root
2026-07-01 17:30:46,642 - INFO - [2016preVFP] MISSING_CENTRAL: TTZ2E1Mu/Central/jets/1/px in Skim_TriLep_DYJets10to50.root
2026-07-01 17:48:24,890 - INFO - [2016preVFP] MISSING_CENTRAL: TTZ2E1Mu/Central/jets/1/px in Skim_TriLep_DYJets10to50.root
2026-07-01 17:50:24,888 - INFO - [2016preVFP] MISSING_CENTRAL: TTZ2E1Mu/Central/jets/1/px in Skim_TriLep_DYJets10to50.root
2026-07-21 19:20:21,515 - INFO - [2016preVFP] MISSING_CENTRAL: TTZ2E1Mu/Central/jets/1/px in Skim_TriLep_DYJets10to50.root
2026-08-18 18:05:52,339 - INFO - [2016preVFP] MISSING_CENTRAL: TTZ2E1Mu/Central/jets/1/px in Skim_TriLep_DYJets10to50.root
2026-08-19 09:57:52,897 - INFO - [2016preVFP] MISSING_CENTRAL: TTZ2E1Mu/Central/jets/1/px in Skim_TriLep_DYJets10to50.root
