2025-12-18 14:10:17,967 - INFO - [2016preVFP] MISSING_CENTRAL: TTZ2E1Mu/Central/muons/1/energy in Skim_TriLep_DYJets10to50.root
2025-12-18 14:14:23,839 - INFO - [2016preVFP] MISSING_CENTRAL: TTZ2E1Mu/Central/muons/1/energy in Skim_TriLep_DYJets10to50.root
2025-12-18 14:29:55,012 - INFO - [2016preVFP] MISSING_CENTRAL: TTZ2E1Mu/Central/muons/1/energy in Skim_TriLep_DYJets10to50.root
2025-12-18 21:33:20,357 - INFO - [2016preVFP] MISSING_CENTRAL: TTZ2E1Mu/Central/muons/1/energy in Skim_TriLep_DYJets10to50.root
2025-12-18 23:42:01,484 - INFO - [2016preVFP] MISSING_CENTRAL: TTZ2E1Mu/Central/muons/1/energy in Skim_TriLep_DYJets10to50.root
2026-01-07 11:17:03,440 - INFO - [2016preVFP] MISSING_FILE: /home/choij/Sync/workspace/ChargedHiggsAnalysisV3/SKNanoOutput/PromptSelector/Run2E1Mu/2016preVFP/Skim_TriLep_MuonEG_B.root
2026-01-07 11:17:03,440 - INFO - [2016preVFP] MISSING_FILE: /home/choij/Sync/workspace/ChargedHiggsAnalysisV3/SKNanoOutput/PromptSelector/Run2E1Mu/2016preVFP/Skim_TriLep_MuonEG_C.root
2026-01-07 11:17:03,440 - INFO - [2016preVFP] MISSING_FILE: /home/choij/Sync/workspace/ChargedHiggsAnalysisV3/SKNanoOutput/PromptSelector/Run2E1Mu/2016preVFP/Skim_TriLep_MuonEG_D.root
2026-01-07 11:17:03,440 - INFO - [2016preVFP] MISSING_FILE: /home/choij/Sync/workspace/ChargedHiggsAnalysisV3/SKNanoOutput/PromptSelector/Run2E1Mu/2016preVFP/Skim_TriLep_MuonEG_E.root
2026-01-07 11:17:03,440 - INFO - [2016preVFP] MISSING_FILE: /home/choij/Sync/workspace/ChargedHiggsAnalysisV3/SKNanoOutput/PromptSelector/Run2E1Mu/2016preVFP/Skim_TriLep_MuonEG_F.root
2026-01-07 11:21:32,623 - INFO - [2016preVFP] MISSING_CENTRAL: TTZ2E1Mu/Central/muons/1/energy in Skim_TriLep_DYJets10to50.root
2026-01-07 11:40:11,651 - INFO - [2016preVFP] MISSING_CENTRAL: TTZ2E1Mu/Central/muons/1/energy in Skim_TriLep_DYJets10to50.root
2026-01-07 18:37:30,912 - INFO - [2016preVFP] MISSING_CENTRAL: TTZ2E1Mu/Central/muons/1/energy in Skim_TriLep_DYJets10to50.root
2026-01-09 12:10:41,011 - INFO - [2016preVFP] MISSING_CENTRAL: TTZ2E1Mu/Central/muons/1/energy in Skim_TriLep_DYJets10to50.root
2026-01-11 09:30:45,279 - INFO - [2016preVFP] MISSING_CENTRAL: TTZ2E1Mu/Central/muons/1/energy in Skim_TriLep_DYJets10to50.root
2026-01-12 13:39:16,814 - INFO - [2016preVFP] MISSING_CENTRAL: TTZ2E1Mu/Central/muons/1/energy in Skim_TriLep_DYJets10to50.root
2026-01-12 21:58:53,259 - INFO - [2016preVFP] MISSING_CENTRAL: TTZ2E1Mu/Central/muons/1/energy in Skim_TriLep_DYJets10to50.root
2026-01-12 23:04:03,659 - INFO - [2016preVFP] MISSING_CENTRAL: TTZ2E1Mu/Central/muons/1/energy in Skim_TriLep_DYJets10to50.root
2026-01-13 14:57:11,912 - INFO - [2016preVFP] MISSING_CENTRAL: TTZ2E1Mu/Central/muons/1/energy in Skim_TriLep_DYJets10to50.root
2026-01-16 18:52:58,878 - INFO - [2016preVFP] MISSING_CENTRAL: TTZ2E1Mu/Central/muons/1/energy in Skim_TriLep_DYJets10to50.root
2026-01-16 18:54:44,749 - INFO - [2016preVFP] MISSING_CENTRAL: TTZ2E1Mu/Central/muons/1/energy in Skim_TriLep_DYJets10to50.root
2026-01-28 16:05:11,017 - INFO - [2016preVFP] MISSING_CENTRAL: TTZ2E1Mu/Central/muons/1/energy in Skim_TriLep_DYJets10to50.root
2026-01-28 17:15:55,340 - INFO - [2016preVFP] MISSING_CENTRAL: TTZ2E1Mu/Central/muons/1/energy in Skim_TriLep_DYJets10to50.root
2026-01-28 19:49:37,358 - INFO - [2016preVFP] MISSING_CENTRAL: TTZ2E1Mu/Central/muons/1/energy in Skim_TriLep_DYJets10to50.root
2026-01-29 07:07:11,030 - INFO - [2016preVFP] MISSING_CENTRAL: TTZ2E1Mu/Central/muons/1/energy in Skim_TriLep_DYJets10to50.root
2026-03-06 09:36:38,666 - INFO - [2016preVFP] MISSING_CENTRAL: TTZ2E1Mu/Central/muons/1/energy in Skim_TriLep_DYJets10to50.root
2026-03-06 19:42:30,563 - INFO - [2016preVFP] MISSING_CENTRAL: TTZ2E1Mu/Central/muons/1/energy in Skim_TriLep_DYJets10to50.root
2026-04-10 20:16:59,215 - INFO - [2016preVFP] MISSING_CENTRAL: TTZ2E1Mu/Central/muons/1/energy in Skim_TriLep_DYJets10to50.root
2026-04-12 11:31:55,104 - INFO - [2016preVFP] MISSING_CENTRAL: TTZ2E1Mu/Central/muons/1/energy in Skim_TriLep_DYJets10to50.root
2026-04-12 12:14:14,654 - INFO - [2016preVFP] MISSING_CENTRAL: TTZ2E1Mu/Central/muons/1/energy in Skim_TriLep_DYJets10to50.root
2026-04-12 12:33:53,256 - INFO - [2016preVFP] MISSING_CENTRAL: TTZ2E1Mu/Central/muons/1/energy in Skim_TriLep_DYJets10to50.root
2026-04-12 20:41:54,320 - INFO - [2016preVFP] MISSING_CENTRAL: TTZ2E1Mu/Central/muons/1/energy in Skim_TriLep_DYJets10to50.root
2026-04-12 21:13:32,432 - INFO - [2016preVFP] MISSING_CENTRAL: TTZ2E1Mu/Central/muons/1/energy in Skim_TriLep_DYJets10to50.root
2026-04-13 12:51:01,524 - INFO - [2016preVFP] MISSING_CENTRAL: TTZ2E1Mu/Central/muons/1/energy in Skim_TriLep_DYJets10to50.root
2026-04-16 17:33:30,039 - INFO - [2016preVFP] MISSING_CENTRAL: TTZ2E1Mu/Central/muons/1/energy in Skim_TriLep_DYJets10to50.root
2026-04-28 15:14:07,951 - INFO - [2016preVFP] MISSING_CENTRAL: TTZ2E1Mu/Central/muons/1/energy in Skim_TriLep_DYJets10to50.root
2026-05-04 17:03:17,901 - INFO - [2016preVFP] MISSING_CENTRAL: TTZ2E1Mu/Central/muons/1/energy in Skim_TriLep_DYJets10to50.root
