2025-09-24 16:08:38,784 - INFO - [2022] MISSING_CENTRAL: ZG1E2Mu/Central/jets/4/phi in Skim_TriLep_MuonEG_C.root
2025-09-24 16:08:38,784 - INFO - [2022] MISSING_CENTRAL: ZG1E2Mu/Central/jets/4/phi in Skim_TriLep_MuonEG_D.root
2025-09-24 16:08:38,784 - INFO - [2022EE] MISSING_CENTRAL: ZG1E2Mu/Central/jets/4/phi in Skim_TriLep_MuonEG_E.root
2025-09-24 16:08:38,785 - INFO - [2022EE] MISSING_CENTRAL: ZG1E2Mu/Central/jets/4/phi in Skim_TriLep_MuonEG_F.root
2025-09-24 16:08:38,785 - INFO - [2022EE] MISSING_CENTRAL: ZG1E2Mu/Central/jets/4/phi in Skim_TriLep_MuonEG_G.root
2025-09-24 16:08:38,785 - INFO - [2023] MISSING_CENTRAL: ZG1E2Mu/Central/jets/4/phi in Skim_TriLep_MuonEG_C_v1.root
2025-09-24 16:08:38,785 - INFO - [2023] MISSING_CENTRAL: ZG1E2Mu/Central/jets/4/phi in Skim_TriLep_MuonEG_C_v2.root
2025-09-24 16:08:38,786 - INFO - [2023] MISSING_CENTRAL: ZG1E2Mu/Central/jets/4/phi in Skim_TriLep_MuonEG_C_v3.root
2025-09-24 16:08:38,786 - INFO - [2023] MISSING_CENTRAL: ZG1E2Mu/Central/jets/4/phi in Skim_TriLep_MuonEG_C_v4.root
2025-09-24 16:08:38,786 - INFO - [2023BPix] MISSING_CENTRAL: ZG1E2Mu/Central/jets/4/phi in Skim_TriLep_MuonEG_D_v1.root
2025-09-24 16:08:38,786 - INFO - [2023BPix] MISSING_CENTRAL: ZG1E2Mu/Central/jets/4/phi in Skim_TriLep_MuonEG_D_v2.root
2025-09-24 16:08:51,484 - INFO - [2022] MISSING_CENTRAL: ZG1E2Mu/Central/jets/4/phi in Skim_TriLep_MuonEG_C.root
2025-09-24 16:08:51,494 - INFO - [2022] MISSING_CENTRAL: ZG1E2Mu/Central/jets/4/phi in Skim_TriLep_MuonEG_D.root
2025-09-24 16:08:51,494 - INFO - [2022EE] MISSING_CENTRAL: ZG1E2Mu/Central/jets/4/phi in Skim_TriLep_MuonEG_E.root
2025-09-24 16:08:51,494 - INFO - [2022EE] MISSING_CENTRAL: ZG1E2Mu/Central/jets/4/phi in Skim_TriLep_MuonEG_F.root
2025-09-24 16:08:51,495 - INFO - [2022EE] MISSING_CENTRAL: ZG1E2Mu/Central/jets/4/phi in Skim_TriLep_MuonEG_G.root
2025-09-24 16:08:51,495 - INFO - [2023] MISSING_CENTRAL: ZG1E2Mu/Central/jets/4/phi in Skim_TriLep_MuonEG_C_v1.root
2025-09-24 16:08:51,495 - INFO - [2023] MISSING_CENTRAL: ZG1E2Mu/Central/jets/4/phi in Skim_TriLep_MuonEG_C_v2.root
2025-09-24 16:08:51,495 - INFO - [2023] MISSING_CENTRAL: ZG1E2Mu/Central/jets/4/phi in Skim_TriLep_MuonEG_C_v3.root
2025-09-24 16:08:51,496 - INFO - [2023] MISSING_CENTRAL: ZG1E2Mu/Central/jets/4/phi in Skim_TriLep_MuonEG_C_v4.root
2025-09-24 16:08:51,496 - INFO - [2023BPix] MISSING_CENTRAL: ZG1E2Mu/Central/jets/4/phi in Skim_TriLep_MuonEG_D_v1.root
2025-09-24 16:08:51,496 - INFO - [2023BPix] MISSING_CENTRAL: ZG1E2Mu/Central/jets/4/phi in Skim_TriLep_MuonEG_D_v2.root
2025-10-02 21:23:55,756 - INFO - [2022] MISSING_CENTRAL: ZG1E2Mu/Central/jets/4/phi in Skim_TriLep_MuonEG_C.root
2025-10-02 21:23:55,757 - INFO - [2022] MISSING_CENTRAL: ZG1E2Mu/Central/jets/4/phi in Skim_TriLep_MuonEG_D.root
2025-10-02 21:23:55,758 - INFO - [2022EE] MISSING_CENTRAL: ZG1E2Mu/Central/jets/4/phi in Skim_TriLep_MuonEG_E.root
2025-10-02 21:23:55,759 - INFO - [2022EE] MISSING_CENTRAL: ZG1E2Mu/Central/jets/4/phi in Skim_TriLep_MuonEG_F.root
2025-10-02 21:23:55,760 - INFO - [2022EE] MISSING_CENTRAL: ZG1E2Mu/Central/jets/4/phi in Skim_TriLep_MuonEG_G.root
2025-10-02 21:23:55,761 - INFO - [2023] MISSING_CENTRAL: ZG1E2Mu/Central/jets/4/phi in Skim_TriLep_MuonEG_C_v1.root
2025-10-02 21:23:55,762 - INFO - [2023] MISSING_CENTRAL: ZG1E2Mu/Central/jets/4/phi in Skim_TriLep_MuonEG_C_v2.root
2025-10-02 21:23:55,763 - INFO - [2023] MISSING_CENTRAL: ZG1E2Mu/Central/jets/4/phi in Skim_TriLep_MuonEG_C_v3.root
2025-10-02 21:23:55,764 - INFO - [2023] MISSING_CENTRAL: ZG1E2Mu/Central/jets/4/phi in Skim_TriLep_MuonEG_C_v4.root
2025-10-02 21:23:55,765 - INFO - [2023BPix] MISSING_CENTRAL: ZG1E2Mu/Central/jets/4/phi in Skim_TriLep_MuonEG_D_v1.root
2025-10-02 21:23:55,766 - INFO - [2023BPix] MISSING_CENTRAL: ZG1E2Mu/Central/jets/4/phi in Skim_TriLep_MuonEG_D_v2.root
2025-10-02 21:24:01,769 - INFO - [2022] MISSING_CENTRAL: ZG1E2Mu/Central/jets/4/phi in Skim_TriLep_MuonEG_C.root
2025-10-02 21:24:01,770 - INFO - [2022] MISSING_CENTRAL: ZG1E2Mu/Central/jets/4/phi in Skim_TriLep_MuonEG_D.root
2025-10-02 21:24:01,771 - INFO - [2022EE] MISSING_CENTRAL: ZG1E2Mu/Central/jets/4/phi in Skim_TriLep_MuonEG_E.root
2025-10-02 21:24:01,772 - INFO - [2022EE] MISSING_CENTRAL: ZG1E2Mu/Central/jets/4/phi in Skim_TriLep_MuonEG_F.root
2025-10-02 21:24:01,774 - INFO - [2022EE] MISSING_CENTRAL: ZG1E2Mu/Central/jets/4/phi in Skim_TriLep_MuonEG_G.root
2025-10-02 21:24:01,775 - INFO - [2023] MISSING_CENTRAL: ZG1E2Mu/Central/jets/4/phi in Skim_TriLep_MuonEG_C_v1.root
2025-10-02 21:24:01,776 - INFO - [2023] MISSING_CENTRAL: ZG1E2Mu/Central/jets/4/phi in Skim_TriLep_MuonEG_C_v2.root
2025-10-02 21:24:01,777 - INFO - [2023] MISSING_CENTRAL: ZG1E2Mu/Central/jets/4/phi in Skim_TriLep_MuonEG_C_v3.root
2025-10-02 21:24:01,778 - INFO - [2023] MISSING_CENTRAL: ZG1E2Mu/Central/jets/4/phi in Skim_TriLep_MuonEG_C_v4.root
2025-10-02 21:24:01,779 - INFO - [2023BPix] MISSING_CENTRAL: ZG1E2Mu/Central/jets/4/phi in Skim_TriLep_MuonEG_D_v1.root
2025-10-02 21:24:01,780 - INFO - [2023BPix] MISSING_CENTRAL: ZG1E2Mu/Central/jets/4/phi in Skim_TriLep_MuonEG_D_v2.root
2025-10-03 00:41:42,727 - INFO - [2022] MISSING_CENTRAL: ZG1E2Mu/Central/jets/4/phi in Skim_TriLep_MuonEG_C.root
2025-10-03 00:41:42,729 - INFO - [2022] MISSING_CENTRAL: ZG1E2Mu/Central/jets/4/phi in Skim_TriLep_MuonEG_D.root
2025-10-03 00:41:42,730 - INFO - [2022EE] MISSING_CENTRAL: ZG1E2Mu/Central/jets/4/phi in Skim_TriLep_MuonEG_E.root
2025-10-03 00:41:42,730 - INFO - [2022EE] MISSING_CENTRAL: ZG1E2Mu/Central/jets/4/phi in Skim_TriLep_MuonEG_F.root
2025-10-03 00:41:42,731 - INFO - [2022EE] MISSING_CENTRAL: ZG1E2Mu/Central/jets/4/phi in Skim_TriLep_MuonEG_G.root
2025-10-03 00:41:42,731 - INFO - [2023] MISSING_CENTRAL: ZG1E2Mu/Central/jets/4/phi in Skim_TriLep_MuonEG_C_v1.root
2025-10-03 00:41:42,732 - INFO - [2023] MISSING_CENTRAL: ZG1E2Mu/Central/jets/4/phi in Skim_TriLep_MuonEG_C_v2.root
2025-10-03 00:41:42,733 - INFO - [2023] MISSING_CENTRAL: ZG1E2Mu/Central/jets/4/phi in Skim_TriLep_MuonEG_C_v3.root
2025-10-03 00:41:42,733 - INFO - [2023] MISSING_CENTRAL: ZG1E2Mu/Central/jets/4/phi in Skim_TriLep_MuonEG_C_v4.root
2025-10-03 00:41:42,734 - INFO - [2023BPix] MISSING_CENTRAL: ZG1E2Mu/Central/jets/4/phi in Skim_TriLep_MuonEG_D_v1.root
2025-10-03 00:41:42,735 - INFO - [2023BPix] MISSING_CENTRAL: ZG1E2Mu/Central/jets/4/phi in Skim_TriLep_MuonEG_D_v2.root
2025-10-03 00:42:01,389 - INFO - [2022] MISSING_CENTRAL: ZG1E2Mu/Central/jets/4/phi in Skim_TriLep_MuonEG_C.root
2025-10-03 00:42:01,391 - INFO - [2022] MISSING_CENTRAL: ZG1E2Mu/Central/jets/4/phi in Skim_TriLep_MuonEG_D.root
2025-10-03 00:42:01,392 - INFO - [2022EE] MISSING_CENTRAL: ZG1E2Mu/Central/jets/4/phi in Skim_TriLep_MuonEG_E.root
2025-10-03 00:42:01,393 - INFO - [2022EE] MISSING_CENTRAL: ZG1E2Mu/Central/jets/4/phi in Skim_TriLep_MuonEG_F.root
2025-10-03 00:42:01,394 - INFO - [2022EE] MISSING_CENTRAL: ZG1E2Mu/Central/jets/4/phi in Skim_TriLep_MuonEG_G.root
2025-10-03 00:42:01,394 - INFO - [2023] MISSING_CENTRAL: ZG1E2Mu/Central/jets/4/phi in Skim_TriLep_MuonEG_C_v1.root
2025-10-03 00:42:01,395 - INFO - [2023] MISSING_CENTRAL: ZG1E2Mu/Central/jets/4/phi in Skim_TriLep_MuonEG_C_v2.root
2025-10-03 00:42:01,396 - INFO - [2023] MISSING_CENTRAL: ZG1E2Mu/Central/jets/4/phi in Skim_TriLep_MuonEG_C_v3.root
2025-10-03 00:42:01,396 - INFO - [2023] MISSING_CENTRAL: ZG1E2Mu/Central/jets/4/phi in Skim_TriLep_MuonEG_C_v4.root
2025-10-03 00:42:01,397 - INFO - [2023BPix] MISSING_CENTRAL: ZG1E2Mu/Central/jets/4/phi in Skim_TriLep_MuonEG_D_v1.root
2025-10-03 00:42:01,398 - INFO - [2023BPix] MISSING_CENTRAL: ZG1E2Mu/Central/jets/4/phi in Skim_TriLep_MuonEG_D_v2.root
2025-11-07 13:14:35,830 - INFO - [2022] MISSING_CENTRAL: ZG1E2Mu/Central/jets/4/phi in Skim_TriLep_MuonEG_C.root
2025-11-07 13:14:35,831 - INFO - [2022] MISSING_CENTRAL: ZG1E2Mu/Central/jets/4/phi in Skim_TriLep_MuonEG_D.root
2025-11-07 13:14:35,832 - INFO - [2022EE] MISSING_CENTRAL: ZG1E2Mu/Central/jets/4/phi in Skim_TriLep_MuonEG_E.root
2025-11-07 13:14:35,832 - INFO - [2022EE] MISSING_CENTRAL: ZG1E2Mu/Central/jets/4/phi in Skim_TriLep_MuonEG_F.root
2025-11-07 13:14:35,833 - INFO - [2022EE] MISSING_CENTRAL: ZG1E2Mu/Central/jets/4/phi in Skim_TriLep_MuonEG_G.root
2025-11-07 13:14:35,833 - INFO - [2023] MISSING_CENTRAL: ZG1E2Mu/Central/jets/4/phi in Skim_TriLep_MuonEG_C_v1.root
2025-11-07 13:14:35,833 - INFO - [2023] MISSING_CENTRAL: ZG1E2Mu/Central/jets/4/phi in Skim_TriLep_MuonEG_C_v2.root
2025-11-07 13:14:35,834 - INFO - [2023] MISSING_CENTRAL: ZG1E2Mu/Central/jets/4/phi in Skim_TriLep_MuonEG_C_v3.root
2025-11-07 13:14:35,834 - INFO - [2023] MISSING_CENTRAL: ZG1E2Mu/Central/jets/4/phi in Skim_TriLep_MuonEG_C_v4.root
2025-11-07 13:14:35,835 - INFO - [2023BPix] MISSING_CENTRAL: ZG1E2Mu/Central/jets/4/phi in Skim_TriLep_MuonEG_D_v1.root
2025-11-07 13:14:35,835 - INFO - [2023BPix] MISSING_CENTRAL: ZG1E2Mu/Central/jets/4/phi in Skim_TriLep_MuonEG_D_v2.root
2025-11-07 13:14:41,490 - INFO - [2022] MISSING_CENTRAL: ZG1E2Mu/Central/jets/4/phi in Skim_TriLep_MuonEG_C.root
2025-11-07 13:14:41,490 - INFO - [2022] MISSING_CENTRAL: ZG1E2Mu/Central/jets/4/phi in Skim_TriLep_MuonEG_D.root
2025-11-07 13:14:41,491 - INFO - [2022EE] MISSING_CENTRAL: ZG1E2Mu/Central/jets/4/phi in Skim_TriLep_MuonEG_E.root
2025-11-07 13:14:41,491 - INFO - [2022EE] MISSING_CENTRAL: ZG1E2Mu/Central/jets/4/phi in Skim_TriLep_MuonEG_F.root
2025-11-07 13:14:41,491 - INFO - [2022EE] MISSING_CENTRAL: ZG1E2Mu/Central/jets/4/phi in Skim_TriLep_MuonEG_G.root
2025-11-07 13:14:41,492 - INFO - [2023] MISSING_CENTRAL: ZG1E2Mu/Central/jets/4/phi in Skim_TriLep_MuonEG_C_v1.root
2025-11-07 13:14:41,492 - INFO - [2023] MISSING_CENTRAL: ZG1E2Mu/Central/jets/4/phi in Skim_TriLep_MuonEG_C_v2.root
2025-11-07 13:14:41,492 - INFO - [2023] MISSING_CENTRAL: ZG1E2Mu/Central/jets/4/phi in Skim_TriLep_MuonEG_C_v3.root
2025-11-07 13:14:41,493 - INFO - [2023] MISSING_CENTRAL: ZG1E2Mu/Central/jets/4/phi in Skim_TriLep_MuonEG_C_v4.root
2025-11-07 13:14:41,493 - INFO - [2023BPix] MISSING_CENTRAL: ZG1E2Mu/Central/jets/4/phi in Skim_TriLep_MuonEG_D_v1.root
2025-11-07 13:14:41,493 - INFO - [2023BPix] MISSING_CENTRAL: ZG1E2Mu/Central/jets/4/phi in Skim_TriLep_MuonEG_D_v2.root
2025-11-07 14:12:06,599 - INFO - [2022] MISSING_CENTRAL: ZG1E2Mu/Central/jets/4/phi in Skim_TriLep_MuonEG_C.root
2025-11-07 14:12:06,599 - INFO - [2022] MISSING_CENTRAL: ZG1E2Mu/Central/jets/4/phi in Skim_TriLep_MuonEG_D.root
2025-11-07 14:12:06,600 - INFO - [2022EE] MISSING_CENTRAL: ZG1E2Mu/Central/jets/4/phi in Skim_TriLep_MuonEG_E.root
2025-11-07 14:12:06,607 - INFO - [2022EE] MISSING_CENTRAL: ZG1E2Mu/Central/jets/4/phi in Skim_TriLep_MuonEG_F.root
2025-11-07 14:12:06,608 - INFO - [2022EE] MISSING_CENTRAL: ZG1E2Mu/Central/jets/4/phi in Skim_TriLep_MuonEG_G.root
2025-11-07 14:12:06,609 - INFO - [2023] MISSING_CENTRAL: ZG1E2Mu/Central/jets/4/phi in Skim_TriLep_MuonEG_C_v1.root
2025-11-07 14:12:06,610 - INFO - [2023] MISSING_CENTRAL: ZG1E2Mu/Central/jets/4/phi in Skim_TriLep_MuonEG_C_v2.root
2025-11-07 14:12:06,611 - INFO - [2023] MISSING_CENTRAL: ZG1E2Mu/Central/jets/4/phi in Skim_TriLep_MuonEG_C_v3.root
2025-11-07 14:12:06,612 - INFO - [2023] MISSING_CENTRAL: ZG1E2Mu/Central/jets/4/phi in Skim_TriLep_MuonEG_C_v4.root
2025-11-07 14:12:06,612 - INFO - [2023BPix] MISSING_CENTRAL: ZG1E2Mu/Central/jets/4/phi in Skim_TriLep_MuonEG_D_v1.root
2025-11-07 14:12:06,614 - INFO - [2023BPix] MISSING_CENTRAL: ZG1E2Mu/Central/jets/4/phi in Skim_TriLep_MuonEG_D_v2.root
2025-11-07 14:12:12,318 - INFO - [2022] MISSING_CENTRAL: ZG1E2Mu/Central/jets/4/phi in Skim_TriLep_MuonEG_C.root
2025-11-07 14:12:12,319 - INFO - [2022] MISSING_CENTRAL: ZG1E2Mu/Central/jets/4/phi in Skim_TriLep_MuonEG_D.root
2025-11-07 14:12:12,320 - INFO - [2022EE] MISSING_CENTRAL: ZG1E2Mu/Central/jets/4/phi in Skim_TriLep_MuonEG_E.root
2025-11-07 14:12:12,320 - INFO - [2022EE] MISSING_CENTRAL: ZG1E2Mu/Central/jets/4/phi in Skim_TriLep_MuonEG_F.root
2025-11-07 14:12:12,321 - INFO - [2022EE] MISSING_CENTRAL: ZG1E2Mu/Central/jets/4/phi in Skim_TriLep_MuonEG_G.root
2025-11-07 14:12:12,321 - INFO - [2023] MISSING_CENTRAL: ZG1E2Mu/Central/jets/4/phi in Skim_TriLep_MuonEG_C_v1.root
2025-11-07 14:12:12,322 - INFO - [2023] MISSING_CENTRAL: ZG1E2Mu/Central/jets/4/phi in Skim_TriLep_MuonEG_C_v2.root
2025-11-07 14:12:12,322 - INFO - [2023] MISSING_CENTRAL: ZG1E2Mu/Central/jets/4/phi in Skim_TriLep_MuonEG_C_v3.root
2025-11-07 14:12:12,323 - INFO - [2023] MISSING_CENTRAL: ZG1E2Mu/Central/jets/4/phi in Skim_TriLep_MuonEG_C_v4.root
2025-11-07 14:12:12,323 - INFO - [2023BPix] MISSING_CENTRAL: ZG1E2Mu/Central/jets/4/phi in Skim_TriLep_MuonEG_D_v1.root
2025-11-07 14:12:12,324 - INFO - [2023BPix] MISSING_CENTRAL: ZG1E2Mu/Central/jets/4/phi in Skim_TriLep_MuonEG_D_v2.root
2025-11-10 12:28:47,737 - INFO - [2022] MISSING_CENTRAL: ZG1E2Mu/Central/jets/4/phi in Skim_TriLep_MuonEG_C.root
2025-11-10 12:28:47,738 - INFO - [2022] MISSING_CENTRAL: ZG1E2Mu/Central/jets/4/phi in Skim_TriLep_MuonEG_D.root
2025-11-10 12:28:47,738 - INFO - [2022EE] MISSING_CENTRAL: ZG1E2Mu/Central/jets/4/phi in Skim_TriLep_MuonEG_E.root
2025-11-10 12:28:47,738 - INFO - [2022EE] MISSING_CENTRAL: ZG1E2Mu/Central/jets/4/phi in Skim_TriLep_MuonEG_F.root
2025-11-10 12:28:47,739 - INFO - [2022EE] MISSING_CENTRAL: ZG1E2Mu/Central/jets/4/phi in Skim_TriLep_MuonEG_G.root
2025-11-10 12:28:47,739 - INFO - [2023] MISSING_CENTRAL: ZG1E2Mu/Central/jets/4/phi in Skim_TriLep_MuonEG_C_v1.root
2025-11-10 12:28:47,739 - INFO - [2023] MISSING_CENTRAL: ZG1E2Mu/Central/jets/4/phi in Skim_TriLep_MuonEG_C_v2.root
2025-11-10 12:28:47,739 - INFO - [2023] MISSING_CENTRAL: ZG1E2Mu/Central/jets/4/phi in Skim_TriLep_MuonEG_C_v3.root
2025-11-10 12:28:47,740 - INFO - [2023] MISSING_CENTRAL: ZG1E2Mu/Central/jets/4/phi in Skim_TriLep_MuonEG_C_v4.root
2025-11-10 12:28:47,740 - INFO - [2023BPix] MISSING_CENTRAL: ZG1E2Mu/Central/jets/4/phi in Skim_TriLep_MuonEG_D_v1.root
2025-11-10 12:28:47,740 - INFO - [2023BPix] MISSING_CENTRAL: ZG1E2Mu/Central/jets/4/phi in Skim_TriLep_MuonEG_D_v2.root
2025-11-10 12:28:53,524 - INFO - [2022] MISSING_CENTRAL: ZG1E2Mu/Central/jets/4/phi in Skim_TriLep_MuonEG_C.root
2025-11-10 12:28:53,525 - INFO - [2022] MISSING_CENTRAL: ZG1E2Mu/Central/jets/4/phi in Skim_TriLep_MuonEG_D.root
2025-11-10 12:28:53,525 - INFO - [2022EE] MISSING_CENTRAL: ZG1E2Mu/Central/jets/4/phi in Skim_TriLep_MuonEG_E.root
2025-11-10 12:28:53,526 - INFO - [2022EE] MISSING_CENTRAL: ZG1E2Mu/Central/jets/4/phi in Skim_TriLep_MuonEG_F.root
2025-11-10 12:28:53,526 - INFO - [2022EE] MISSING_CENTRAL: ZG1E2Mu/Central/jets/4/phi in Skim_TriLep_MuonEG_G.root
2025-11-10 12:28:53,526 - INFO - [2023] MISSING_CENTRAL: ZG1E2Mu/Central/jets/4/phi in Skim_TriLep_MuonEG_C_v1.root
2025-11-10 12:28:53,526 - INFO - [2023] MISSING_CENTRAL: ZG1E2Mu/Central/jets/4/phi in Skim_TriLep_MuonEG_C_v2.root
2025-11-10 12:28:53,527 - INFO - [2023] MISSING_CENTRAL: ZG1E2Mu/Central/jets/4/phi in Skim_TriLep_MuonEG_C_v3.root
2025-11-10 12:28:53,527 - INFO - [2023] MISSING_CENTRAL: ZG1E2Mu/Central/jets/4/phi in Skim_TriLep_MuonEG_C_v4.root
2025-11-10 12:28:53,527 - INFO - [2023BPix] MISSING_CENTRAL: ZG1E2Mu/Central/jets/4/phi in Skim_TriLep_MuonEG_D_v1.root
2025-11-10 12:28:53,528 - INFO - [2023BPix] MISSING_CENTRAL: ZG1E2Mu/Central/jets/4/phi in Skim_TriLep_MuonEG_D_v2.root
2025-11-13 11:19:12,743 - INFO - [2022] MISSING_CENTRAL: ZG1E2Mu/Central/jets/4/phi in Skim_TriLep_MuonEG_C.root
2025-11-13 11:19:12,745 - INFO - [2022] MISSING_CENTRAL: ZG1E2Mu/Central/jets/4/phi in Skim_TriLep_MuonEG_D.root
2025-11-13 11:19:12,745 - INFO - [2022EE] MISSING_CENTRAL: ZG1E2Mu/Central/jets/4/phi in Skim_TriLep_MuonEG_E.root
2025-11-13 11:19:12,746 - INFO - [2022EE] MISSING_CENTRAL: ZG1E2Mu/Central/jets/4/phi in Skim_TriLep_MuonEG_F.root
2025-11-13 11:19:12,747 - INFO - [2022EE] MISSING_CENTRAL: ZG1E2Mu/Central/jets/4/phi in Skim_TriLep_MuonEG_G.root
2025-11-13 11:19:12,748 - INFO - [2023] MISSING_CENTRAL: ZG1E2Mu/Central/jets/4/phi in Skim_TriLep_MuonEG_C_v1.root
2025-11-13 11:19:12,749 - INFO - [2023] MISSING_CENTRAL: ZG1E2Mu/Central/jets/4/phi in Skim_TriLep_MuonEG_C_v2.root
2025-11-13 11:19:12,750 - INFO - [2023] MISSING_CENTRAL: ZG1E2Mu/Central/jets/4/phi in Skim_TriLep_MuonEG_C_v3.root
2025-11-13 11:19:12,751 - INFO - [2023] MISSING_CENTRAL: ZG1E2Mu/Central/jets/4/phi in Skim_TriLep_MuonEG_C_v4.root
2025-11-13 11:19:12,752 - INFO - [2023BPix] MISSING_CENTRAL: ZG1E2Mu/Central/jets/4/phi in Skim_TriLep_MuonEG_D_v1.root
2025-11-13 11:19:12,753 - INFO - [2023BPix] MISSING_CENTRAL: ZG1E2Mu/Central/jets/4/phi in Skim_TriLep_MuonEG_D_v2.root
2025-11-13 11:19:17,296 - INFO - [2022] MISSING_CENTRAL: ZG1E2Mu/Central/jets/4/phi in Skim_TriLep_MuonEG_C.root
2025-11-13 11:19:17,297 - INFO - [2022] MISSING_CENTRAL: ZG1E2Mu/Central/jets/4/phi in Skim_TriLep_MuonEG_D.root
2025-11-13 11:19:17,298 - INFO - [2022EE] MISSING_CENTRAL: ZG1E2Mu/Central/jets/4/phi in Skim_TriLep_MuonEG_E.root
2025-11-13 11:19:17,298 - INFO - [2022EE] MISSING_CENTRAL: ZG1E2Mu/Central/jets/4/phi in Skim_TriLep_MuonEG_F.root
2025-11-13 11:19:17,299 - INFO - [2022EE] MISSING_CENTRAL: ZG1E2Mu/Central/jets/4/phi in Skim_TriLep_MuonEG_G.root
2025-11-13 11:19:17,299 - INFO - [2023] MISSING_CENTRAL: ZG1E2Mu/Central/jets/4/phi in Skim_TriLep_MuonEG_C_v1.root
2025-11-13 11:19:17,300 - INFO - [2023] MISSING_CENTRAL: ZG1E2Mu/Central/jets/4/phi in Skim_TriLep_MuonEG_C_v2.root
2025-11-13 11:19:17,300 - INFO - [2023] MISSING_CENTRAL: ZG1E2Mu/Central/jets/4/phi in Skim_TriLep_MuonEG_C_v3.root
2025-11-13 11:19:17,301 - INFO - [2023] MISSING_CENTRAL: ZG1E2Mu/Central/jets/4/phi in Skim_TriLep_MuonEG_C_v4.root
2025-11-13 11:19:17,302 - INFO - [2023BPix] MISSING_CENTRAL: ZG1E2Mu/Central/jets/4/phi in Skim_TriLep_MuonEG_D_v1.root
2025-11-13 11:19:17,302 - INFO - [2023BPix] MISSING_CENTRAL: ZG1E2Mu/Central/jets/4/phi in Skim_TriLep_MuonEG_D_v2.root
2025-11-19 00:20:25,547 - INFO - [2022] MISSING_CENTRAL: ZG1E2Mu/Central/jets/4/phi in Skim_TriLep_MuonEG_C.root
2025-11-19 00:20:25,548 - INFO - [2022] MISSING_CENTRAL: ZG1E2Mu/Central/jets/4/phi in Skim_TriLep_MuonEG_D.root
2025-11-19 00:20:25,549 - INFO - [2022EE] MISSING_CENTRAL: ZG1E2Mu/Central/jets/4/phi in Skim_TriLep_MuonEG_E.root
2025-11-19 00:20:25,550 - INFO - [2022EE] MISSING_CENTRAL: ZG1E2Mu/Central/jets/4/phi in Skim_TriLep_MuonEG_F.root
2025-11-19 00:20:25,551 - INFO - [2022EE] MISSING_CENTRAL: ZG1E2Mu/Central/jets/4/phi in Skim_TriLep_MuonEG_G.root
2025-11-19 00:20:25,552 - INFO - [2023] MISSING_CENTRAL: ZG1E2Mu/Central/jets/4/phi in Skim_TriLep_MuonEG_C_v1.root
2025-11-19 00:20:25,553 - INFO - [2023] MISSING_CENTRAL: ZG1E2Mu/Central/jets/4/phi in Skim_TriLep_MuonEG_C_v2.root
2025-11-19 00:20:25,554 - INFO - [2023] MISSING_CENTRAL: ZG1E2Mu/Central/jets/4/phi in Skim_TriLep_MuonEG_C_v3.root
2025-11-19 00:20:25,554 - INFO - [2023] MISSING_CENTRAL: ZG1E2Mu/Central/jets/4/phi in Skim_TriLep_MuonEG_C_v4.root
2025-11-19 00:20:25,555 - INFO - [2023BPix] MISSING_CENTRAL: ZG1E2Mu/Central/jets/4/phi in Skim_TriLep_MuonEG_D_v1.root
2025-11-19 00:20:25,556 - INFO - [2023BPix] MISSING_CENTRAL: ZG1E2Mu/Central/jets/4/phi in Skim_TriLep_MuonEG_D_v2.root
2025-11-19 00:20:31,256 - INFO - [2022] MISSING_CENTRAL: ZG1E2Mu/Central/jets/4/phi in Skim_TriLep_MuonEG_C.root
2025-11-19 00:20:31,258 - INFO - [2022] MISSING_CENTRAL: ZG1E2Mu/Central/jets/4/phi in Skim_TriLep_MuonEG_D.root
2025-11-19 00:20:31,259 - INFO - [2022EE] MISSING_CENTRAL: ZG1E2Mu/Central/jets/4/phi in Skim_TriLep_MuonEG_E.root
2025-11-19 00:20:31,261 - INFO - [2022EE] MISSING_CENTRAL: ZG1E2Mu/Central/jets/4/phi in Skim_TriLep_MuonEG_F.root
2025-11-19 00:20:31,262 - INFO - [2022EE] MISSING_CENTRAL: ZG1E2Mu/Central/jets/4/phi in Skim_TriLep_MuonEG_G.root
2025-11-19 00:20:31,263 - INFO - [2023] MISSING_CENTRAL: ZG1E2Mu/Central/jets/4/phi in Skim_TriLep_MuonEG_C_v1.root
2025-11-19 00:20:31,264 - INFO - [2023] MISSING_CENTRAL: ZG1E2Mu/Central/jets/4/phi in Skim_TriLep_MuonEG_C_v2.root
2025-11-19 00:20:31,264 - INFO - [2023] MISSING_CENTRAL: ZG1E2Mu/Central/jets/4/phi in Skim_TriLep_MuonEG_C_v3.root
2025-11-19 00:20:31,265 - INFO - [2023] MISSING_CENTRAL: ZG1E2Mu/Central/jets/4/phi in Skim_TriLep_MuonEG_C_v4.root
2025-11-19 00:20:31,266 - INFO - [2023BPix] MISSING_CENTRAL: ZG1E2Mu/Central/jets/4/phi in Skim_TriLep_MuonEG_D_v1.root
2025-11-19 00:20:31,267 - INFO - [2023BPix] MISSING_CENTRAL: ZG1E2Mu/Central/jets/4/phi in Skim_TriLep_MuonEG_D_v2.root
2025-11-19 15:45:46,992 - INFO - [2022] MISSING_CENTRAL: ZG1E2Mu/Central/jets/4/phi in Skim_TriLep_MuonEG_C.root
2025-11-19 15:45:46,993 - INFO - [2022] MISSING_CENTRAL: ZG1E2Mu/Central/jets/4/phi in Skim_TriLep_MuonEG_D.root
2025-11-19 15:45:46,994 - INFO - [2022EE] MISSING_CENTRAL: ZG1E2Mu/Central/jets/4/phi in Skim_TriLep_MuonEG_E.root
2025-11-19 15:45:46,996 - INFO - [2022EE] MISSING_CENTRAL: ZG1E2Mu/Central/jets/4/phi in Skim_TriLep_MuonEG_F.root
2025-11-19 15:45:46,997 - INFO - [2022EE] MISSING_CENTRAL: ZG1E2Mu/Central/jets/4/phi in Skim_TriLep_MuonEG_G.root
2025-11-19 15:45:46,999 - INFO - [2023] MISSING_CENTRAL: ZG1E2Mu/Central/jets/4/phi in Skim_TriLep_MuonEG_C_v1.root
2025-11-19 15:45:47,001 - INFO - [2023] MISSING_CENTRAL: ZG1E2Mu/Central/jets/4/phi in Skim_TriLep_MuonEG_C_v2.root
2025-11-19 15:45:47,002 - INFO - [2023] MISSING_CENTRAL: ZG1E2Mu/Central/jets/4/phi in Skim_TriLep_MuonEG_C_v3.root
2025-11-19 15:45:47,004 - INFO - [2023] MISSING_CENTRAL: ZG1E2Mu/Central/jets/4/phi in Skim_TriLep_MuonEG_C_v4.root
2025-11-19 15:45:47,006 - INFO - [2023BPix] MISSING_CENTRAL: ZG1E2Mu/Central/jets/4/phi in Skim_TriLep_MuonEG_D_v1.root
2025-11-19 15:45:47,009 - INFO - [2023BPix] MISSING_CENTRAL: ZG1E2Mu/Central/jets/4/phi in Skim_TriLep_MuonEG_D_v2.root
2025-11-19 15:45:52,563 - INFO - [2022] MISSING_CENTRAL: ZG1E2Mu/Central/jets/4/phi in Skim_TriLep_MuonEG_C.root
2025-11-19 15:45:52,564 - INFO - [2022] MISSING_CENTRAL: ZG1E2Mu/Central/jets/4/phi in Skim_TriLep_MuonEG_D.root
2025-11-19 15:45:52,564 - INFO - [2022EE] MISSING_CENTRAL: ZG1E2Mu/Central/jets/4/phi in Skim_TriLep_MuonEG_E.root
2025-11-19 15:45:52,564 - INFO - [2022EE] MISSING_CENTRAL: ZG1E2Mu/Central/jets/4/phi in Skim_TriLep_MuonEG_F.root
2025-11-19 15:45:52,565 - INFO - [2022EE] MISSING_CENTRAL: ZG1E2Mu/Central/jets/4/phi in Skim_TriLep_MuonEG_G.root
2025-11-19 15:45:52,565 - INFO - [2023] MISSING_CENTRAL: ZG1E2Mu/Central/jets/4/phi in Skim_TriLep_MuonEG_C_v1.root
2025-11-19 15:45:52,566 - INFO - [2023] MISSING_CENTRAL: ZG1E2Mu/Central/jets/4/phi in Skim_TriLep_MuonEG_C_v2.root
2025-11-19 15:45:52,566 - INFO - [2023] MISSING_CENTRAL: ZG1E2Mu/Central/jets/4/phi in Skim_TriLep_MuonEG_C_v3.root
2025-11-19 15:45:52,567 - INFO - [2023] MISSING_CENTRAL: ZG1E2Mu/Central/jets/4/phi in Skim_TriLep_MuonEG_C_v4.root
2025-11-19 15:45:52,567 - INFO - [2023BPix] MISSING_CENTRAL: ZG1E2Mu/Central/jets/4/phi in Skim_TriLep_MuonEG_D_v1.root
2025-11-19 15:45:52,568 - INFO - [2023BPix] MISSING_CENTRAL: ZG1E2Mu/Central/jets/4/phi in Skim_TriLep_MuonEG_D_v2.root
2025-11-19 16:31:15,706 - INFO - [2022] MISSING_CENTRAL: ZG1E2Mu/Central/jets/4/phi in Skim_TriLep_MuonEG_C.root
2025-11-19 16:31:15,707 - INFO - [2022] MISSING_CENTRAL: ZG1E2Mu/Central/jets/4/phi in Skim_TriLep_MuonEG_D.root
2025-11-19 16:31:15,707 - INFO - [2022EE] MISSING_CENTRAL: ZG1E2Mu/Central/jets/4/phi in Skim_TriLep_MuonEG_E.root
2025-11-19 16:31:15,708 - INFO - [2022EE] MISSING_CENTRAL: ZG1E2Mu/Central/jets/4/phi in Skim_TriLep_MuonEG_F.root
2025-11-19 16:31:15,708 - INFO - [2022EE] MISSING_CENTRAL: ZG1E2Mu/Central/jets/4/phi in Skim_TriLep_MuonEG_G.root
2025-11-19 16:31:15,709 - INFO - [2023] MISSING_CENTRAL: ZG1E2Mu/Central/jets/4/phi in Skim_TriLep_MuonEG_C_v1.root
2025-11-19 16:31:15,709 - INFO - [2023] MISSING_CENTRAL: ZG1E2Mu/Central/jets/4/phi in Skim_TriLep_MuonEG_C_v2.root
2025-11-19 16:31:15,709 - INFO - [2023] MISSING_CENTRAL: ZG1E2Mu/Central/jets/4/phi in Skim_TriLep_MuonEG_C_v3.root
2025-11-19 16:31:15,710 - INFO - [2023] MISSING_CENTRAL: ZG1E2Mu/Central/jets/4/phi in Skim_TriLep_MuonEG_C_v4.root
2025-11-19 16:31:15,710 - INFO - [2023BPix] MISSING_CENTRAL: ZG1E2Mu/Central/jets/4/phi in Skim_TriLep_MuonEG_D_v1.root
2025-11-19 16:31:15,711 - INFO - [2023BPix] MISSING_CENTRAL: ZG1E2Mu/Central/jets/4/phi in Skim_TriLep_MuonEG_D_v2.root
2025-11-19 16:31:21,502 - INFO - [2022] MISSING_CENTRAL: ZG1E2Mu/Central/jets/4/phi in Skim_TriLep_MuonEG_C.root
2025-11-19 16:31:21,502 - INFO - [2022] MISSING_CENTRAL: ZG1E2Mu/Central/jets/4/phi in Skim_TriLep_MuonEG_D.root
2025-11-19 16:31:21,503 - INFO - [2022EE] MISSING_CENTRAL: ZG1E2Mu/Central/jets/4/phi in Skim_TriLep_MuonEG_E.root
2025-11-19 16:31:21,504 - INFO - [2022EE] MISSING_CENTRAL: ZG1E2Mu/Central/jets/4/phi in Skim_TriLep_MuonEG_F.root
2025-11-19 16:31:21,504 - INFO - [2022EE] MISSING_CENTRAL: ZG1E2Mu/Central/jets/4/phi in Skim_TriLep_MuonEG_G.root
2025-11-19 16:31:21,505 - INFO - [2023] MISSING_CENTRAL: ZG1E2Mu/Central/jets/4/phi in Skim_TriLep_MuonEG_C_v1.root
2025-11-19 16:31:21,505 - INFO - [2023] MISSING_CENTRAL: ZG1E2Mu/Central/jets/4/phi in Skim_TriLep_MuonEG_C_v2.root
2025-11-19 16:31:21,506 - INFO - [2023] MISSING_CENTRAL: ZG1E2Mu/Central/jets/4/phi in Skim_TriLep_MuonEG_C_v3.root
2025-11-19 16:31:21,506 - INFO - [2023] MISSING_CENTRAL: ZG1E2Mu/Central/jets/4/phi in Skim_TriLep_MuonEG_C_v4.root
2025-11-19 16:31:21,507 - INFO - [2023BPix] MISSING_CENTRAL: ZG1E2Mu/Central/jets/4/phi in Skim_TriLep_MuonEG_D_v1.root
2025-11-19 16:31:21,507 - INFO - [2023BPix] MISSING_CENTRAL: ZG1E2Mu/Central/jets/4/phi in Skim_TriLep_MuonEG_D_v2.root
2025-12-17 12:29:02,564 - INFO - [2022] MISSING_CENTRAL: ZG1E2Mu/Central/jets/4/phi in Skim_TriLep_MuonEG_C.root
2025-12-17 12:29:02,566 - INFO - [2022] MISSING_CENTRAL: ZG1E2Mu/Central/jets/4/phi in Skim_TriLep_MuonEG_D.root
2025-12-17 12:29:02,598 - INFO - [2022EE] MISSING_CENTRAL: ZG1E2Mu/Central/jets/4/phi in Skim_TriLep_MuonEG_E.root
2025-12-17 12:29:02,599 - INFO - [2022EE] MISSING_CENTRAL: ZG1E2Mu/Central/jets/4/phi in Skim_TriLep_MuonEG_F.root
2025-12-17 12:29:02,600 - INFO - [2022EE] MISSING_CENTRAL: ZG1E2Mu/Central/jets/4/phi in Skim_TriLep_MuonEG_G.root
2025-12-17 12:29:02,602 - INFO - [2023] MISSING_CENTRAL: ZG1E2Mu/Central/jets/4/phi in Skim_TriLep_MuonEG_C_v1.root
2025-12-17 12:29:02,603 - INFO - [2023] MISSING_CENTRAL: ZG1E2Mu/Central/jets/4/phi in Skim_TriLep_MuonEG_C_v2.root
2025-12-17 12:29:02,604 - INFO - [2023] MISSING_CENTRAL: ZG1E2Mu/Central/jets/4/phi in Skim_TriLep_MuonEG_C_v3.root
2025-12-17 12:29:02,607 - INFO - [2023] MISSING_CENTRAL: ZG1E2Mu/Central/jets/4/phi in Skim_TriLep_MuonEG_C_v4.root
2025-12-17 12:29:02,609 - INFO - [2023BPix] MISSING_CENTRAL: ZG1E2Mu/Central/jets/4/phi in Skim_TriLep_MuonEG_D_v1.root
2025-12-17 12:29:02,611 - INFO - [2023BPix] MISSING_CENTRAL: ZG1E2Mu/Central/jets/4/phi in Skim_TriLep_MuonEG_D_v2.root
2025-12-17 12:29:08,549 - INFO - [2022] MISSING_CENTRAL: ZG1E2Mu/Central/jets/4/phi in Skim_TriLep_MuonEG_C.root
2025-12-17 12:29:08,550 - INFO - [2022] MISSING_CENTRAL: ZG1E2Mu/Central/jets/4/phi in Skim_TriLep_MuonEG_D.root
2025-12-17 12:29:08,552 - INFO - [2022EE] MISSING_CENTRAL: ZG1E2Mu/Central/jets/4/phi in Skim_TriLep_MuonEG_E.root
2025-12-17 12:29:08,554 - INFO - [2022EE] MISSING_CENTRAL: ZG1E2Mu/Central/jets/4/phi in Skim_TriLep_MuonEG_F.root
2025-12-17 12:29:08,555 - INFO - [2022EE] MISSING_CENTRAL: ZG1E2Mu/Central/jets/4/phi in Skim_TriLep_MuonEG_G.root
2025-12-17 12:29:08,557 - INFO - [2023] MISSING_CENTRAL: ZG1E2Mu/Central/jets/4/phi in Skim_TriLep_MuonEG_C_v1.root
2025-12-17 12:29:08,558 - INFO - [2023] MISSING_CENTRAL: ZG1E2Mu/Central/jets/4/phi in Skim_TriLep_MuonEG_C_v2.root
2025-12-17 12:29:08,559 - INFO - [2023] MISSING_CENTRAL: ZG1E2Mu/Central/jets/4/phi in Skim_TriLep_MuonEG_C_v3.root
2025-12-17 12:29:08,561 - INFO - [2023] MISSING_CENTRAL: ZG1E2Mu/Central/jets/4/phi in Skim_TriLep_MuonEG_C_v4.root
2025-12-17 12:29:08,562 - INFO - [2023BPix] MISSING_CENTRAL: ZG1E2Mu/Central/jets/4/phi in Skim_TriLep_MuonEG_D_v1.root
2025-12-17 12:29:08,564 - INFO - [2023BPix] MISSING_CENTRAL: ZG1E2Mu/Central/jets/4/phi in Skim_TriLep_MuonEG_D_v2.root
2025-12-17 16:10:29,945 - INFO - [2022] MISSING_CENTRAL: ZG1E2Mu/Central/jets/4/phi in Skim_TriLep_MuonEG_C.root
2025-12-17 16:10:29,946 - INFO - [2022] MISSING_CENTRAL: ZG1E2Mu/Central/jets/4/phi in Skim_TriLep_MuonEG_D.root
2025-12-17 16:10:29,959 - INFO - [2022EE] MISSING_CENTRAL: ZG1E2Mu/Central/jets/4/phi in Skim_TriLep_MuonEG_E.root
2025-12-17 16:10:29,960 - INFO - [2022EE] MISSING_CENTRAL: ZG1E2Mu/Central/jets/4/phi in Skim_TriLep_MuonEG_F.root
2025-12-17 16:10:29,961 - INFO - [2022EE] MISSING_CENTRAL: ZG1E2Mu/Central/jets/4/phi in Skim_TriLep_MuonEG_G.root
2025-12-17 16:10:29,962 - INFO - [2023] MISSING_CENTRAL: ZG1E2Mu/Central/jets/4/phi in Skim_TriLep_MuonEG_C_v1.root
2025-12-17 16:10:29,963 - INFO - [2023] MISSING_CENTRAL: ZG1E2Mu/Central/jets/4/phi in Skim_TriLep_MuonEG_C_v2.root
2025-12-17 16:10:29,964 - INFO - [2023] MISSING_CENTRAL: ZG1E2Mu/Central/jets/4/phi in Skim_TriLep_MuonEG_C_v3.root
2025-12-17 16:10:29,965 - INFO - [2023] MISSING_CENTRAL: ZG1E2Mu/Central/jets/4/phi in Skim_TriLep_MuonEG_C_v4.root
2025-12-17 16:10:29,966 - INFO - [2023BPix] MISSING_CENTRAL: ZG1E2Mu/Central/jets/4/phi in Skim_TriLep_MuonEG_D_v1.root
2025-12-17 16:10:29,966 - INFO - [2023BPix] MISSING_CENTRAL: ZG1E2Mu/Central/jets/4/phi in Skim_TriLep_MuonEG_D_v2.root
2025-12-17 16:10:35,527 - INFO - [2022] MISSING_CENTRAL: ZG1E2Mu/Central/jets/4/phi in Skim_TriLep_MuonEG_C.root
2025-12-17 16:10:35,527 - INFO - [2022] MISSING_CENTRAL: ZG1E2Mu/Central/jets/4/phi in Skim_TriLep_MuonEG_D.root
2025-12-17 16:10:35,528 - INFO - [2022EE] MISSING_CENTRAL: ZG1E2Mu/Central/jets/4/phi in Skim_TriLep_MuonEG_E.root
2025-12-17 16:10:35,529 - INFO - [2022EE] MISSING_CENTRAL: ZG1E2Mu/Central/jets/4/phi in Skim_TriLep_MuonEG_F.root
2025-12-17 16:10:35,529 - INFO - [2022EE] MISSING_CENTRAL: ZG1E2Mu/Central/jets/4/phi in Skim_TriLep_MuonEG_G.root
2025-12-17 16:10:35,530 - INFO - [2023] MISSING_CENTRAL: ZG1E2Mu/Central/jets/4/phi in Skim_TriLep_MuonEG_C_v1.root
2025-12-17 16:10:35,530 - INFO - [2023] MISSING_CENTRAL: ZG1E2Mu/Central/jets/4/phi in Skim_TriLep_MuonEG_C_v2.root
2025-12-17 16:10:35,531 - INFO - [2023] MISSING_CENTRAL: ZG1E2Mu/Central/jets/4/phi in Skim_TriLep_MuonEG_C_v3.root
2025-12-17 16:10:35,531 - INFO - [2023] MISSING_CENTRAL: ZG1E2Mu/Central/jets/4/phi in Skim_TriLep_MuonEG_C_v4.root
2025-12-17 16:10:35,532 - INFO - [2023BPix] MISSING_CENTRAL: ZG1E2Mu/Central/jets/4/phi in Skim_TriLep_MuonEG_D_v1.root
2025-12-17 16:10:35,533 - INFO - [2023BPix] MISSING_CENTRAL: ZG1E2Mu/Central/jets/4/phi in Skim_TriLep_MuonEG_D_v2.root
2025-12-17 22:46:14,418 - INFO - [2022] MISSING_CENTRAL: ZG1E2Mu/Central/jets/4/phi in Skim_TriLep_MuonEG_C.root
2025-12-17 22:46:14,419 - INFO - [2022] MISSING_CENTRAL: ZG1E2Mu/Central/jets/4/phi in Skim_TriLep_MuonEG_D.root
2025-12-17 22:46:14,447 - INFO - [2022EE] MISSING_CENTRAL: ZG1E2Mu/Central/jets/4/phi in Skim_TriLep_MuonEG_E.root
2025-12-17 22:46:14,448 - INFO - [2022EE] MISSING_CENTRAL: ZG1E2Mu/Central/jets/4/phi in Skim_TriLep_MuonEG_F.root
2025-12-17 22:46:14,449 - INFO - [2022EE] MISSING_CENTRAL: ZG1E2Mu/Central/jets/4/phi in Skim_TriLep_MuonEG_G.root
2025-12-17 22:46:14,476 - INFO - [2023] MISSING_CENTRAL: ZG1E2Mu/Central/jets/4/phi in Skim_TriLep_MuonEG_C_v1.root
2025-12-17 22:46:14,477 - INFO - [2023] MISSING_CENTRAL: ZG1E2Mu/Central/jets/4/phi in Skim_TriLep_MuonEG_C_v2.root
2025-12-17 22:46:14,478 - INFO - [2023] MISSING_CENTRAL: ZG1E2Mu/Central/jets/4/phi in Skim_TriLep_MuonEG_C_v3.root
2025-12-17 22:46:14,479 - INFO - [2023] MISSING_CENTRAL: ZG1E2Mu/Central/jets/4/phi in Skim_TriLep_MuonEG_C_v4.root
2025-12-17 22:46:14,480 - INFO - [2023BPix] MISSING_CENTRAL: ZG1E2Mu/Central/jets/4/phi in Skim_TriLep_MuonEG_D_v1.root
2025-12-17 22:46:14,481 - INFO - [2023BPix] MISSING_CENTRAL: ZG1E2Mu/Central/jets/4/phi in Skim_TriLep_MuonEG_D_v2.root
2025-12-17 22:46:19,948 - INFO - [2022] MISSING_CENTRAL: ZG1E2Mu/Central/jets/4/phi in Skim_TriLep_MuonEG_C.root
2025-12-17 22:46:19,949 - INFO - [2022] MISSING_CENTRAL: ZG1E2Mu/Central/jets/4/phi in Skim_TriLep_MuonEG_D.root
2025-12-17 22:46:19,950 - INFO - [2022EE] MISSING_CENTRAL: ZG1E2Mu/Central/jets/4/phi in Skim_TriLep_MuonEG_E.root
2025-12-17 22:46:19,950 - INFO - [2022EE] MISSING_CENTRAL: ZG1E2Mu/Central/jets/4/phi in Skim_TriLep_MuonEG_F.root
2025-12-17 22:46:19,951 - INFO - [2022EE] MISSING_CENTRAL: ZG1E2Mu/Central/jets/4/phi in Skim_TriLep_MuonEG_G.root
2025-12-17 22:46:19,952 - INFO - [2023] MISSING_CENTRAL: ZG1E2Mu/Central/jets/4/phi in Skim_TriLep_MuonEG_C_v1.root
2025-12-17 22:46:19,952 - INFO - [2023] MISSING_CENTRAL: ZG1E2Mu/Central/jets/4/phi in Skim_TriLep_MuonEG_C_v2.root
2025-12-17 22:46:19,953 - INFO - [2023] MISSING_CENTRAL: ZG1E2Mu/Central/jets/4/phi in Skim_TriLep_MuonEG_C_v3.root
2025-12-17 22:46:19,953 - INFO - [2023] MISSING_CENTRAL: ZG1E2Mu/Central/jets/4/phi in Skim_TriLep_MuonEG_C_v4.root
2025-12-17 22:46:19,954 - INFO - [2023BPix] MISSING_CENTRAL: ZG1E2Mu/Central/jets/4/phi in Skim_TriLep_MuonEG_D_v1.root
2025-12-17 22:46:19,954 - INFO - [2023BPix] MISSING_CENTRAL: ZG1E2Mu/Central/jets/4/phi in Skim_TriLep_MuonEG_D_v2.root
2025-12-18 14:48:04,363 - INFO - [2022] MISSING_CENTRAL: ZG1E2Mu/Central/jets/4/phi in Skim_TriLep_MuonEG_C.root
2025-12-18 14:48:04,364 - INFO - [2022] MISSING_CENTRAL: ZG1E2Mu/Central/jets/4/phi in Skim_TriLep_MuonEG_D.root
2025-12-18 14:48:04,365 - INFO - [2022EE] MISSING_CENTRAL: ZG1E2Mu/Central/jets/4/phi in Skim_TriLep_MuonEG_E.root
2025-12-18 14:48:04,366 - INFO - [2022EE] MISSING_CENTRAL: ZG1E2Mu/Central/jets/4/phi in Skim_TriLep_MuonEG_F.root
2025-12-18 14:48:04,367 - INFO - [2022EE] MISSING_CENTRAL: ZG1E2Mu/Central/jets/4/phi in Skim_TriLep_MuonEG_G.root
2025-12-18 14:48:04,368 - INFO - [2023] MISSING_CENTRAL: ZG1E2Mu/Central/jets/4/phi in Skim_TriLep_MuonEG_C_v1.root
2025-12-18 14:48:04,369 - INFO - [2023] MISSING_CENTRAL: ZG1E2Mu/Central/jets/4/phi in Skim_TriLep_MuonEG_C_v2.root
2025-12-18 14:48:04,370 - INFO - [2023] MISSING_CENTRAL: ZG1E2Mu/Central/jets/4/phi in Skim_TriLep_MuonEG_C_v3.root
2025-12-18 14:48:04,371 - INFO - [2023] MISSING_CENTRAL: ZG1E2Mu/Central/jets/4/phi in Skim_TriLep_MuonEG_C_v4.root
2025-12-18 14:48:04,372 - INFO - [2023BPix] MISSING_CENTRAL: ZG1E2Mu/Central/jets/4/phi in Skim_TriLep_MuonEG_D_v1.root
2025-12-18 14:48:04,373 - INFO - [2023BPix] MISSING_CENTRAL: ZG1E2Mu/Central/jets/4/phi in Skim_TriLep_MuonEG_D_v2.root
2025-12-18 14:48:10,294 - INFO - [2022] MISSING_CENTRAL: ZG1E2Mu/Central/jets/4/phi in Skim_TriLep_MuonEG_C.root
2025-12-18 14:48:10,295 - INFO - [2022] MISSING_CENTRAL: ZG1E2Mu/Central/jets/4/phi in Skim_TriLep_MuonEG_D.root
2025-12-18 14:48:10,296 - INFO - [2022EE] MISSING_CENTRAL: ZG1E2Mu/Central/jets/4/phi in Skim_TriLep_MuonEG_E.root
2025-12-18 14:48:10,298 - INFO - [2022EE] MISSING_CENTRAL: ZG1E2Mu/Central/jets/4/phi in Skim_TriLep_MuonEG_F.root
2025-12-18 14:48:10,299 - INFO - [2022EE] MISSING_CENTRAL: ZG1E2Mu/Central/jets/4/phi in Skim_TriLep_MuonEG_G.root
2025-12-18 14:48:10,300 - INFO - [2023] MISSING_CENTRAL: ZG1E2Mu/Central/jets/4/phi in Skim_TriLep_MuonEG_C_v1.root
2025-12-18 14:48:10,301 - INFO - [2023] MISSING_CENTRAL: ZG1E2Mu/Central/jets/4/phi in Skim_TriLep_MuonEG_C_v2.root
2025-12-18 14:48:10,302 - INFO - [2023] MISSING_CENTRAL: ZG1E2Mu/Central/jets/4/phi in Skim_TriLep_MuonEG_C_v3.root
2025-12-18 14:48:10,309 - INFO - [2023] MISSING_CENTRAL: ZG1E2Mu/Central/jets/4/phi in Skim_TriLep_MuonEG_C_v4.root
2025-12-18 14:48:10,310 - INFO - [2023BPix] MISSING_CENTRAL: ZG1E2Mu/Central/jets/4/phi in Skim_TriLep_MuonEG_D_v1.root
2025-12-18 14:48:10,318 - INFO - [2023BPix] MISSING_CENTRAL: ZG1E2Mu/Central/jets/4/phi in Skim_TriLep_MuonEG_D_v2.root
2026-01-07 11:56:36,993 - INFO - [2022] MISSING_FILE: /data9/Users/choij/Sync/workspace/ChargedHiggsAnalysisV3/SKNanoOutput/CRPromptSelector/Run1E2Mu/2022/Skim_TriLep_MuonEG_C.root
2026-01-07 11:56:36,993 - INFO - [2022] MISSING_FILE: /data9/Users/choij/Sync/workspace/ChargedHiggsAnalysisV3/SKNanoOutput/CRPromptSelector/Run1E2Mu/2022/Skim_TriLep_MuonEG_D.root
2026-01-07 11:56:36,993 - INFO - [2022EE] MISSING_FILE: /data9/Users/choij/Sync/workspace/ChargedHiggsAnalysisV3/SKNanoOutput/CRPromptSelector/Run1E2Mu/2022EE/Skim_TriLep_MuonEG_E.root
2026-01-07 11:56:37,023 - INFO - [2022EE] MISSING_FILE: /data9/Users/choij/Sync/workspace/ChargedHiggsAnalysisV3/SKNanoOutput/CRPromptSelector/Run1E2Mu/2022EE/Skim_TriLep_MuonEG_F.root
2026-01-07 11:56:37,024 - INFO - [2022EE] MISSING_FILE: /data9/Users/choij/Sync/workspace/ChargedHiggsAnalysisV3/SKNanoOutput/CRPromptSelector/Run1E2Mu/2022EE/Skim_TriLep_MuonEG_G.root
2026-01-07 11:56:37,024 - INFO - [2023] MISSING_FILE: /data9/Users/choij/Sync/workspace/ChargedHiggsAnalysisV3/SKNanoOutput/CRPromptSelector/Run1E2Mu/2023/Skim_TriLep_MuonEG_C_v1.root
2026-01-07 11:56:37,024 - INFO - [2023] MISSING_FILE: /data9/Users/choij/Sync/workspace/ChargedHiggsAnalysisV3/SKNanoOutput/CRPromptSelector/Run1E2Mu/2023/Skim_TriLep_MuonEG_C_v2.root
2026-01-07 11:56:37,024 - INFO - [2023] MISSING_FILE: /data9/Users/choij/Sync/workspace/ChargedHiggsAnalysisV3/SKNanoOutput/CRPromptSelector/Run1E2Mu/2023/Skim_TriLep_MuonEG_C_v3.root
2026-01-07 11:56:37,024 - INFO - [2023] MISSING_FILE: /data9/Users/choij/Sync/workspace/ChargedHiggsAnalysisV3/SKNanoOutput/CRPromptSelector/Run1E2Mu/2023/Skim_TriLep_MuonEG_C_v4.root
2026-01-07 11:56:37,024 - INFO - [2023BPix] MISSING_FILE: /data9/Users/choij/Sync/workspace/ChargedHiggsAnalysisV3/SKNanoOutput/CRPromptSelector/Run1E2Mu/2023BPix/Skim_TriLep_MuonEG_D_v1.root
2026-01-07 11:56:37,025 - INFO - [2023BPix] MISSING_FILE: /data9/Users/choij/Sync/workspace/ChargedHiggsAnalysisV3/SKNanoOutput/CRPromptSelector/Run1E2Mu/2023BPix/Skim_TriLep_MuonEG_D_v2.root
2026-01-07 11:56:39,610 - INFO - [2022] MISSING_FILE: /data9/Users/choij/Sync/workspace/ChargedHiggsAnalysisV3/SKNanoOutput/CRPromptSelector/Run1E2Mu/2022/Skim_TriLep_MuonEG_C.root
2026-01-07 11:56:39,610 - INFO - [2022] MISSING_FILE: /data9/Users/choij/Sync/workspace/ChargedHiggsAnalysisV3/SKNanoOutput/CRPromptSelector/Run1E2Mu/2022/Skim_TriLep_MuonEG_D.root
2026-01-07 11:56:39,611 - INFO - [2022EE] MISSING_FILE: /data9/Users/choij/Sync/workspace/ChargedHiggsAnalysisV3/SKNanoOutput/CRPromptSelector/Run1E2Mu/2022EE/Skim_TriLep_MuonEG_E.root
2026-01-07 11:56:39,611 - INFO - [2022EE] MISSING_FILE: /data9/Users/choij/Sync/workspace/ChargedHiggsAnalysisV3/SKNanoOutput/CRPromptSelector/Run1E2Mu/2022EE/Skim_TriLep_MuonEG_F.root
2026-01-07 11:56:39,612 - INFO - [2022EE] MISSING_FILE: /data9/Users/choij/Sync/workspace/ChargedHiggsAnalysisV3/SKNanoOutput/CRPromptSelector/Run1E2Mu/2022EE/Skim_TriLep_MuonEG_G.root
2026-01-07 11:56:39,612 - INFO - [2023] MISSING_FILE: /data9/Users/choij/Sync/workspace/ChargedHiggsAnalysisV3/SKNanoOutput/CRPromptSelector/Run1E2Mu/2023/Skim_TriLep_MuonEG_C_v1.root
2026-01-07 11:56:39,613 - INFO - [2023] MISSING_FILE: /data9/Users/choij/Sync/workspace/ChargedHiggsAnalysisV3/SKNanoOutput/CRPromptSelector/Run1E2Mu/2023/Skim_TriLep_MuonEG_C_v2.root
2026-01-07 11:56:39,613 - INFO - [2023] MISSING_FILE: /data9/Users/choij/Sync/workspace/ChargedHiggsAnalysisV3/SKNanoOutput/CRPromptSelector/Run1E2Mu/2023/Skim_TriLep_MuonEG_C_v3.root
2026-01-07 11:56:39,613 - INFO - [2023] MISSING_FILE: /data9/Users/choij/Sync/workspace/ChargedHiggsAnalysisV3/SKNanoOutput/CRPromptSelector/Run1E2Mu/2023/Skim_TriLep_MuonEG_C_v4.root
2026-01-07 11:56:39,614 - INFO - [2023BPix] MISSING_FILE: /data9/Users/choij/Sync/workspace/ChargedHiggsAnalysisV3/SKNanoOutput/CRPromptSelector/Run1E2Mu/2023BPix/Skim_TriLep_MuonEG_D_v1.root
2026-01-07 11:56:39,614 - INFO - [2023BPix] MISSING_FILE: /data9/Users/choij/Sync/workspace/ChargedHiggsAnalysisV3/SKNanoOutput/CRPromptSelector/Run1E2Mu/2023BPix/Skim_TriLep_MuonEG_D_v2.root
2026-01-07 18:53:03,708 - INFO - [2022] MISSING_CENTRAL: ZG1E2Mu/Central/jets/4/phi in Skim_TriLep_MuonEG_C.root
2026-01-07 18:53:03,709 - INFO - [2022] MISSING_CENTRAL: ZG1E2Mu/Central/jets/4/phi in Skim_TriLep_MuonEG_D.root
2026-01-07 18:53:03,710 - INFO - [2022EE] MISSING_CENTRAL: ZG1E2Mu/Central/jets/4/phi in Skim_TriLep_MuonEG_E.root
2026-01-07 18:53:03,711 - INFO - [2022EE] MISSING_CENTRAL: ZG1E2Mu/Central/jets/4/phi in Skim_TriLep_MuonEG_F.root
2026-01-07 18:53:03,712 - INFO - [2022EE] MISSING_CENTRAL: ZG1E2Mu/Central/jets/4/phi in Skim_TriLep_MuonEG_G.root
2026-01-07 18:53:03,713 - INFO - [2023] MISSING_CENTRAL: ZG1E2Mu/Central/jets/4/phi in Skim_TriLep_MuonEG_C_v1.root
2026-01-07 18:53:03,714 - INFO - [2023] MISSING_CENTRAL: ZG1E2Mu/Central/jets/4/phi in Skim_TriLep_MuonEG_C_v2.root
2026-01-07 18:53:03,715 - INFO - [2023] MISSING_CENTRAL: ZG1E2Mu/Central/jets/4/phi in Skim_TriLep_MuonEG_C_v3.root
2026-01-07 18:53:03,716 - INFO - [2023] MISSING_CENTRAL: ZG1E2Mu/Central/jets/4/phi in Skim_TriLep_MuonEG_C_v4.root
2026-01-07 18:53:03,717 - INFO - [2023BPix] MISSING_CENTRAL: ZG1E2Mu/Central/jets/4/phi in Skim_TriLep_MuonEG_D_v1.root
2026-01-07 18:53:03,718 - INFO - [2023BPix] MISSING_CENTRAL: ZG1E2Mu/Central/jets/4/phi in Skim_TriLep_MuonEG_D_v2.root
2026-01-07 18:53:10,483 - INFO - [2022] MISSING_CENTRAL: ZG1E2Mu/Central/jets/4/phi in Skim_TriLep_MuonEG_C.root
2026-01-07 18:53:10,484 - INFO - [2022] MISSING_CENTRAL: ZG1E2Mu/Central/jets/4/phi in Skim_TriLep_MuonEG_D.root
2026-01-07 18:53:10,485 - INFO - [2022EE] MISSING_CENTRAL: ZG1E2Mu/Central/jets/4/phi in Skim_TriLep_MuonEG_E.root
2026-01-07 18:53:10,485 - INFO - [2022EE] MISSING_CENTRAL: ZG1E2Mu/Central/jets/4/phi in Skim_TriLep_MuonEG_F.root
2026-01-07 18:53:10,486 - INFO - [2022EE] MISSING_CENTRAL: ZG1E2Mu/Central/jets/4/phi in Skim_TriLep_MuonEG_G.root
2026-01-07 18:53:10,486 - INFO - [2023] MISSING_CENTRAL: ZG1E2Mu/Central/jets/4/phi in Skim_TriLep_MuonEG_C_v1.root
2026-01-07 18:53:10,487 - INFO - [2023] MISSING_CENTRAL: ZG1E2Mu/Central/jets/4/phi in Skim_TriLep_MuonEG_C_v2.root
2026-01-07 18:53:10,487 - INFO - [2023] MISSING_CENTRAL: ZG1E2Mu/Central/jets/4/phi in Skim_TriLep_MuonEG_C_v3.root
2026-01-07 18:53:10,488 - INFO - [2023] MISSING_CENTRAL: ZG1E2Mu/Central/jets/4/phi in Skim_TriLep_MuonEG_C_v4.root
2026-01-07 18:53:10,489 - INFO - [2023BPix] MISSING_CENTRAL: ZG1E2Mu/Central/jets/4/phi in Skim_TriLep_MuonEG_D_v1.root
2026-01-07 18:53:10,489 - INFO - [2023BPix] MISSING_CENTRAL: ZG1E2Mu/Central/jets/4/phi in Skim_TriLep_MuonEG_D_v2.root
2026-01-08 23:12:38,991 - INFO - [2022] MISSING_CENTRAL: ZG1E2Mu/Central/jets/4/phi in Skim_TriLep_MuonEG_C.root
2026-01-08 23:12:38,991 - INFO - [2022] MISSING_CENTRAL: ZG1E2Mu/Central/jets/4/phi in Skim_TriLep_MuonEG_D.root
2026-01-08 23:12:38,992 - INFO - [2022EE] MISSING_CENTRAL: ZG1E2Mu/Central/jets/4/phi in Skim_TriLep_MuonEG_E.root
2026-01-08 23:12:38,993 - INFO - [2022EE] MISSING_CENTRAL: ZG1E2Mu/Central/jets/4/phi in Skim_TriLep_MuonEG_F.root
2026-01-08 23:12:38,993 - INFO - [2022EE] MISSING_CENTRAL: ZG1E2Mu/Central/jets/4/phi in Skim_TriLep_MuonEG_G.root
2026-01-08 23:12:38,994 - INFO - [2023] MISSING_CENTRAL: ZG1E2Mu/Central/jets/4/phi in Skim_TriLep_MuonEG_C_v1.root
2026-01-08 23:12:38,994 - INFO - [2023] MISSING_CENTRAL: ZG1E2Mu/Central/jets/4/phi in Skim_TriLep_MuonEG_C_v2.root
2026-01-08 23:12:38,995 - INFO - [2023] MISSING_CENTRAL: ZG1E2Mu/Central/jets/4/phi in Skim_TriLep_MuonEG_C_v3.root
2026-01-08 23:12:38,995 - INFO - [2023] MISSING_CENTRAL: ZG1E2Mu/Central/jets/4/phi in Skim_TriLep_MuonEG_C_v4.root
2026-01-08 23:12:38,996 - INFO - [2023BPix] MISSING_CENTRAL: ZG1E2Mu/Central/jets/4/phi in Skim_TriLep_MuonEG_D_v1.root
2026-01-08 23:12:38,996 - INFO - [2023BPix] MISSING_CENTRAL: ZG1E2Mu/Central/jets/4/phi in Skim_TriLep_MuonEG_D_v2.root
2026-01-08 23:12:44,350 - INFO - [2022] MISSING_CENTRAL: ZG1E2Mu/Central/jets/4/phi in Skim_TriLep_MuonEG_C.root
2026-01-08 23:12:44,359 - INFO - [2022] MISSING_CENTRAL: ZG1E2Mu/Central/jets/4/phi in Skim_TriLep_MuonEG_D.root
2026-01-08 23:12:44,364 - INFO - [2022EE] MISSING_CENTRAL: ZG1E2Mu/Central/jets/4/phi in Skim_TriLep_MuonEG_E.root
2026-01-08 23:12:44,368 - INFO - [2022EE] MISSING_CENTRAL: ZG1E2Mu/Central/jets/4/phi in Skim_TriLep_MuonEG_F.root
2026-01-08 23:12:44,380 - INFO - [2022EE] MISSING_CENTRAL: ZG1E2Mu/Central/jets/4/phi in Skim_TriLep_MuonEG_G.root
2026-01-08 23:12:44,392 - INFO - [2023] MISSING_CENTRAL: ZG1E2Mu/Central/jets/4/phi in Skim_TriLep_MuonEG_C_v1.root
2026-01-08 23:12:44,393 - INFO - [2023] MISSING_CENTRAL: ZG1E2Mu/Central/jets/4/phi in Skim_TriLep_MuonEG_C_v2.root
2026-01-08 23:12:44,397 - INFO - [2023] MISSING_CENTRAL: ZG1E2Mu/Central/jets/4/phi in Skim_TriLep_MuonEG_C_v3.root
2026-01-08 23:12:44,403 - INFO - [2023] MISSING_CENTRAL: ZG1E2Mu/Central/jets/4/phi in Skim_TriLep_MuonEG_C_v4.root
2026-01-08 23:12:44,419 - INFO - [2023BPix] MISSING_CENTRAL: ZG1E2Mu/Central/jets/4/phi in Skim_TriLep_MuonEG_D_v1.root
2026-01-08 23:12:44,424 - INFO - [2023BPix] MISSING_CENTRAL: ZG1E2Mu/Central/jets/4/phi in Skim_TriLep_MuonEG_D_v2.root
2026-01-09 12:28:21,752 - INFO - [2022] MISSING_CENTRAL: ZG1E2Mu/Central/jets/4/phi in Skim_TriLep_MuonEG_C.root
2026-01-09 12:28:21,753 - INFO - [2022] MISSING_CENTRAL: ZG1E2Mu/Central/jets/4/phi in Skim_TriLep_MuonEG_D.root
2026-01-09 12:28:21,753 - INFO - [2022EE] MISSING_CENTRAL: ZG1E2Mu/Central/jets/4/phi in Skim_TriLep_MuonEG_E.root
2026-01-09 12:28:21,754 - INFO - [2022EE] MISSING_CENTRAL: ZG1E2Mu/Central/jets/4/phi in Skim_TriLep_MuonEG_F.root
2026-01-09 12:28:21,754 - INFO - [2022EE] MISSING_CENTRAL: ZG1E2Mu/Central/jets/4/phi in Skim_TriLep_MuonEG_G.root
2026-01-09 12:28:21,755 - INFO - [2023] MISSING_CENTRAL: ZG1E2Mu/Central/jets/4/phi in Skim_TriLep_MuonEG_C_v1.root
2026-01-09 12:28:21,755 - INFO - [2023] MISSING_CENTRAL: ZG1E2Mu/Central/jets/4/phi in Skim_TriLep_MuonEG_C_v2.root
2026-01-09 12:28:21,755 - INFO - [2023] MISSING_CENTRAL: ZG1E2Mu/Central/jets/4/phi in Skim_TriLep_MuonEG_C_v3.root
2026-01-09 12:28:21,756 - INFO - [2023] MISSING_CENTRAL: ZG1E2Mu/Central/jets/4/phi in Skim_TriLep_MuonEG_C_v4.root
2026-01-09 12:28:21,756 - INFO - [2023BPix] MISSING_CENTRAL: ZG1E2Mu/Central/jets/4/phi in Skim_TriLep_MuonEG_D_v1.root
2026-01-09 12:28:21,757 - INFO - [2023BPix] MISSING_CENTRAL: ZG1E2Mu/Central/jets/4/phi in Skim_TriLep_MuonEG_D_v2.root
2026-01-09 12:28:27,296 - INFO - [2022] MISSING_CENTRAL: ZG1E2Mu/Central/jets/4/phi in Skim_TriLep_MuonEG_C.root
2026-01-09 12:28:27,297 - INFO - [2022] MISSING_CENTRAL: ZG1E2Mu/Central/jets/4/phi in Skim_TriLep_MuonEG_D.root
2026-01-09 12:28:27,297 - INFO - [2022EE] MISSING_CENTRAL: ZG1E2Mu/Central/jets/4/phi in Skim_TriLep_MuonEG_E.root
2026-01-09 12:28:27,298 - INFO - [2022EE] MISSING_CENTRAL: ZG1E2Mu/Central/jets/4/phi in Skim_TriLep_MuonEG_F.root
2026-01-09 12:28:27,298 - INFO - [2022EE] MISSING_CENTRAL: ZG1E2Mu/Central/jets/4/phi in Skim_TriLep_MuonEG_G.root
2026-01-09 12:28:27,298 - INFO - [2023] MISSING_CENTRAL: ZG1E2Mu/Central/jets/4/phi in Skim_TriLep_MuonEG_C_v1.root
2026-01-09 12:28:27,299 - INFO - [2023] MISSING_CENTRAL: ZG1E2Mu/Central/jets/4/phi in Skim_TriLep_MuonEG_C_v2.root
2026-01-09 12:28:27,299 - INFO - [2023] MISSING_CENTRAL: ZG1E2Mu/Central/jets/4/phi in Skim_TriLep_MuonEG_C_v3.root
2026-01-09 12:28:27,299 - INFO - [2023] MISSING_CENTRAL: ZG1E2Mu/Central/jets/4/phi in Skim_TriLep_MuonEG_C_v4.root
2026-01-09 12:28:27,299 - INFO - [2023BPix] MISSING_CENTRAL: ZG1E2Mu/Central/jets/4/phi in Skim_TriLep_MuonEG_D_v1.root
2026-01-09 12:28:27,300 - INFO - [2023BPix] MISSING_CENTRAL: ZG1E2Mu/Central/jets/4/phi in Skim_TriLep_MuonEG_D_v2.root
2026-01-11 09:48:22,212 - INFO - [2022] MISSING_CENTRAL: ZG1E2Mu/Central/jets/4/phi in Skim_TriLep_MuonEG_C.root
2026-01-11 09:48:22,213 - INFO - [2022] MISSING_CENTRAL: ZG1E2Mu/Central/jets/4/phi in Skim_TriLep_MuonEG_D.root
2026-01-11 09:48:22,213 - INFO - [2022EE] MISSING_CENTRAL: ZG1E2Mu/Central/jets/4/phi in Skim_TriLep_MuonEG_E.root
2026-01-11 09:48:22,213 - INFO - [2022EE] MISSING_CENTRAL: ZG1E2Mu/Central/jets/4/phi in Skim_TriLep_MuonEG_F.root
2026-01-11 09:48:22,213 - INFO - [2022EE] MISSING_CENTRAL: ZG1E2Mu/Central/jets/4/phi in Skim_TriLep_MuonEG_G.root
2026-01-11 09:48:22,214 - INFO - [2023] MISSING_CENTRAL: ZG1E2Mu/Central/jets/4/phi in Skim_TriLep_MuonEG_C_v1.root
2026-01-11 09:48:22,214 - INFO - [2023] MISSING_CENTRAL: ZG1E2Mu/Central/jets/4/phi in Skim_TriLep_MuonEG_C_v2.root
2026-01-11 09:48:22,214 - INFO - [2023] MISSING_CENTRAL: ZG1E2Mu/Central/jets/4/phi in Skim_TriLep_MuonEG_C_v3.root
2026-01-11 09:48:22,215 - INFO - [2023] MISSING_CENTRAL: ZG1E2Mu/Central/jets/4/phi in Skim_TriLep_MuonEG_C_v4.root
2026-01-11 09:48:22,215 - INFO - [2023BPix] MISSING_CENTRAL: ZG1E2Mu/Central/jets/4/phi in Skim_TriLep_MuonEG_D_v1.root
2026-01-11 09:48:22,215 - INFO - [2023BPix] MISSING_CENTRAL: ZG1E2Mu/Central/jets/4/phi in Skim_TriLep_MuonEG_D_v2.root
2026-01-11 09:48:27,524 - INFO - [2022] MISSING_CENTRAL: ZG1E2Mu/Central/jets/4/phi in Skim_TriLep_MuonEG_C.root
2026-01-11 09:48:27,524 - INFO - [2022] MISSING_CENTRAL: ZG1E2Mu/Central/jets/4/phi in Skim_TriLep_MuonEG_D.root
2026-01-11 09:48:27,524 - INFO - [2022EE] MISSING_CENTRAL: ZG1E2Mu/Central/jets/4/phi in Skim_TriLep_MuonEG_E.root
2026-01-11 09:48:27,525 - INFO - [2022EE] MISSING_CENTRAL: ZG1E2Mu/Central/jets/4/phi in Skim_TriLep_MuonEG_F.root
2026-01-11 09:48:27,525 - INFO - [2022EE] MISSING_CENTRAL: ZG1E2Mu/Central/jets/4/phi in Skim_TriLep_MuonEG_G.root
2026-01-11 09:48:27,525 - INFO - [2023] MISSING_CENTRAL: ZG1E2Mu/Central/jets/4/phi in Skim_TriLep_MuonEG_C_v1.root
2026-01-11 09:48:27,526 - INFO - [2023] MISSING_CENTRAL: ZG1E2Mu/Central/jets/4/phi in Skim_TriLep_MuonEG_C_v2.root
2026-01-11 09:48:27,526 - INFO - [2023] MISSING_CENTRAL: ZG1E2Mu/Central/jets/4/phi in Skim_TriLep_MuonEG_C_v3.root
2026-01-11 09:48:27,526 - INFO - [2023] MISSING_CENTRAL: ZG1E2Mu/Central/jets/4/phi in Skim_TriLep_MuonEG_C_v4.root
2026-01-11 09:48:27,527 - INFO - [2023BPix] MISSING_CENTRAL: ZG1E2Mu/Central/jets/4/phi in Skim_TriLep_MuonEG_D_v1.root
2026-01-11 09:48:27,527 - INFO - [2023BPix] MISSING_CENTRAL: ZG1E2Mu/Central/jets/4/phi in Skim_TriLep_MuonEG_D_v2.root
2026-01-12 13:57:17,794 - INFO - [2022] MISSING_CENTRAL: ZG1E2Mu/Central/jets/4/phi in Skim_TriLep_MuonEG_C.root
2026-01-12 13:57:17,795 - INFO - [2022] MISSING_CENTRAL: ZG1E2Mu/Central/jets/4/phi in Skim_TriLep_MuonEG_D.root
2026-01-12 13:57:17,795 - INFO - [2022EE] MISSING_CENTRAL: ZG1E2Mu/Central/jets/4/phi in Skim_TriLep_MuonEG_E.root
2026-01-12 13:57:17,795 - INFO - [2022EE] MISSING_CENTRAL: ZG1E2Mu/Central/jets/4/phi in Skim_TriLep_MuonEG_F.root
2026-01-12 13:57:17,796 - INFO - [2022EE] MISSING_CENTRAL: ZG1E2Mu/Central/jets/4/phi in Skim_TriLep_MuonEG_G.root
2026-01-12 13:57:17,796 - INFO - [2023] MISSING_CENTRAL: ZG1E2Mu/Central/jets/4/phi in Skim_TriLep_MuonEG_C_v1.root
2026-01-12 13:57:17,796 - INFO - [2023] MISSING_CENTRAL: ZG1E2Mu/Central/jets/4/phi in Skim_TriLep_MuonEG_C_v2.root
2026-01-12 13:57:17,797 - INFO - [2023] MISSING_CENTRAL: ZG1E2Mu/Central/jets/4/phi in Skim_TriLep_MuonEG_C_v3.root
2026-01-12 13:57:17,797 - INFO - [2023] MISSING_CENTRAL: ZG1E2Mu/Central/jets/4/phi in Skim_TriLep_MuonEG_C_v4.root
2026-01-12 13:57:17,797 - INFO - [2023BPix] MISSING_CENTRAL: ZG1E2Mu/Central/jets/4/phi in Skim_TriLep_MuonEG_D_v1.root
2026-01-12 13:57:17,797 - INFO - [2023BPix] MISSING_CENTRAL: ZG1E2Mu/Central/jets/4/phi in Skim_TriLep_MuonEG_D_v2.root
2026-01-12 13:57:23,082 - INFO - [2022] MISSING_CENTRAL: ZG1E2Mu/Central/jets/4/phi in Skim_TriLep_MuonEG_C.root
2026-01-12 13:57:23,083 - INFO - [2022] MISSING_CENTRAL: ZG1E2Mu/Central/jets/4/phi in Skim_TriLep_MuonEG_D.root
2026-01-12 13:57:23,084 - INFO - [2022EE] MISSING_CENTRAL: ZG1E2Mu/Central/jets/4/phi in Skim_TriLep_MuonEG_E.root
2026-01-12 13:57:23,084 - INFO - [2022EE] MISSING_CENTRAL: ZG1E2Mu/Central/jets/4/phi in Skim_TriLep_MuonEG_F.root
2026-01-12 13:57:23,085 - INFO - [2022EE] MISSING_CENTRAL: ZG1E2Mu/Central/jets/4/phi in Skim_TriLep_MuonEG_G.root
2026-01-12 13:57:23,085 - INFO - [2023] MISSING_CENTRAL: ZG1E2Mu/Central/jets/4/phi in Skim_TriLep_MuonEG_C_v1.root
2026-01-12 13:57:23,085 - INFO - [2023] MISSING_CENTRAL: ZG1E2Mu/Central/jets/4/phi in Skim_TriLep_MuonEG_C_v2.root
2026-01-12 13:57:23,086 - INFO - [2023] MISSING_CENTRAL: ZG1E2Mu/Central/jets/4/phi in Skim_TriLep_MuonEG_C_v3.root
2026-01-12 13:57:23,086 - INFO - [2023] MISSING_CENTRAL: ZG1E2Mu/Central/jets/4/phi in Skim_TriLep_MuonEG_C_v4.root
2026-01-12 13:57:23,087 - INFO - [2023BPix] MISSING_CENTRAL: ZG1E2Mu/Central/jets/4/phi in Skim_TriLep_MuonEG_D_v1.root
2026-01-12 13:57:23,087 - INFO - [2023BPix] MISSING_CENTRAL: ZG1E2Mu/Central/jets/4/phi in Skim_TriLep_MuonEG_D_v2.root
2026-01-16 19:11:51,996 - INFO - [2022] MISSING_CENTRAL: ZG1E2Mu/Central/jets/4/phi in Skim_TriLep_MuonEG_C.root
2026-01-16 19:11:51,997 - INFO - [2022] MISSING_CENTRAL: ZG1E2Mu/Central/jets/4/phi in Skim_TriLep_MuonEG_D.root
2026-01-16 19:11:51,997 - INFO - [2022EE] MISSING_CENTRAL: ZG1E2Mu/Central/jets/4/phi in Skim_TriLep_MuonEG_E.root
2026-01-16 19:11:51,998 - INFO - [2022EE] MISSING_CENTRAL: ZG1E2Mu/Central/jets/4/phi in Skim_TriLep_MuonEG_F.root
2026-01-16 19:11:51,998 - INFO - [2022EE] MISSING_CENTRAL: ZG1E2Mu/Central/jets/4/phi in Skim_TriLep_MuonEG_G.root
2026-01-16 19:11:51,998 - INFO - [2023] MISSING_CENTRAL: ZG1E2Mu/Central/jets/4/phi in Skim_TriLep_MuonEG_C_v1.root
2026-01-16 19:11:51,999 - INFO - [2023] MISSING_CENTRAL: ZG1E2Mu/Central/jets/4/phi in Skim_TriLep_MuonEG_C_v2.root
2026-01-16 19:11:51,999 - INFO - [2023] MISSING_CENTRAL: ZG1E2Mu/Central/jets/4/phi in Skim_TriLep_MuonEG_C_v3.root
2026-01-16 19:11:51,999 - INFO - [2023] MISSING_CENTRAL: ZG1E2Mu/Central/jets/4/phi in Skim_TriLep_MuonEG_C_v4.root
2026-01-16 19:11:52,000 - INFO - [2023BPix] MISSING_CENTRAL: ZG1E2Mu/Central/jets/4/phi in Skim_TriLep_MuonEG_D_v1.root
2026-01-16 19:11:52,000 - INFO - [2023BPix] MISSING_CENTRAL: ZG1E2Mu/Central/jets/4/phi in Skim_TriLep_MuonEG_D_v2.root
2026-01-16 19:11:57,017 - INFO - [2022] MISSING_CENTRAL: ZG1E2Mu/Central/jets/4/phi in Skim_TriLep_MuonEG_C.root
2026-01-16 19:11:57,018 - INFO - [2022] MISSING_CENTRAL: ZG1E2Mu/Central/jets/4/phi in Skim_TriLep_MuonEG_D.root
2026-01-16 19:11:57,018 - INFO - [2022EE] MISSING_CENTRAL: ZG1E2Mu/Central/jets/4/phi in Skim_TriLep_MuonEG_E.root
2026-01-16 19:11:57,018 - INFO - [2022EE] MISSING_CENTRAL: ZG1E2Mu/Central/jets/4/phi in Skim_TriLep_MuonEG_F.root
2026-01-16 19:11:57,018 - INFO - [2022EE] MISSING_CENTRAL: ZG1E2Mu/Central/jets/4/phi in Skim_TriLep_MuonEG_G.root
2026-01-16 19:11:57,019 - INFO - [2023] MISSING_CENTRAL: ZG1E2Mu/Central/jets/4/phi in Skim_TriLep_MuonEG_C_v1.root
2026-01-16 19:11:57,019 - INFO - [2023] MISSING_CENTRAL: ZG1E2Mu/Central/jets/4/phi in Skim_TriLep_MuonEG_C_v2.root
2026-01-16 19:11:57,019 - INFO - [2023] MISSING_CENTRAL: ZG1E2Mu/Central/jets/4/phi in Skim_TriLep_MuonEG_C_v3.root
2026-01-16 19:11:57,020 - INFO - [2023] MISSING_CENTRAL: ZG1E2Mu/Central/jets/4/phi in Skim_TriLep_MuonEG_C_v4.root
2026-01-16 19:11:57,020 - INFO - [2023BPix] MISSING_CENTRAL: ZG1E2Mu/Central/jets/4/phi in Skim_TriLep_MuonEG_D_v1.root
2026-01-16 19:11:57,020 - INFO - [2023BPix] MISSING_CENTRAL: ZG1E2Mu/Central/jets/4/phi in Skim_TriLep_MuonEG_D_v2.root
2026-01-28 17:08:36,087 - INFO - [2022] MISSING_CENTRAL: ZG1E2Mu/Central/jets/4/phi in Skim_TriLep_MuonEG_C.root
2026-01-28 17:08:36,087 - INFO - [2022] MISSING_CENTRAL: ZG1E2Mu/Central/jets/4/phi in Skim_TriLep_MuonEG_D.root
2026-01-28 17:08:36,088 - INFO - [2022EE] MISSING_CENTRAL: ZG1E2Mu/Central/jets/4/phi in Skim_TriLep_MuonEG_E.root
2026-01-28 17:08:36,088 - INFO - [2022EE] MISSING_CENTRAL: ZG1E2Mu/Central/jets/4/phi in Skim_TriLep_MuonEG_F.root
2026-01-28 17:08:36,088 - INFO - [2022EE] MISSING_CENTRAL: ZG1E2Mu/Central/jets/4/phi in Skim_TriLep_MuonEG_G.root
2026-01-28 17:08:36,089 - INFO - [2023] MISSING_CENTRAL: ZG1E2Mu/Central/jets/4/phi in Skim_TriLep_MuonEG_C_v1.root
2026-01-28 17:08:36,089 - INFO - [2023] MISSING_CENTRAL: ZG1E2Mu/Central/jets/4/phi in Skim_TriLep_MuonEG_C_v2.root
2026-01-28 17:08:36,089 - INFO - [2023] MISSING_CENTRAL: ZG1E2Mu/Central/jets/4/phi in Skim_TriLep_MuonEG_C_v3.root
2026-01-28 17:08:36,090 - INFO - [2023] MISSING_CENTRAL: ZG1E2Mu/Central/jets/4/phi in Skim_TriLep_MuonEG_C_v4.root
2026-01-28 17:08:36,090 - INFO - [2023BPix] MISSING_CENTRAL: ZG1E2Mu/Central/jets/4/phi in Skim_TriLep_MuonEG_D_v1.root
2026-01-28 17:08:36,090 - INFO - [2023BPix] MISSING_CENTRAL: ZG1E2Mu/Central/jets/4/phi in Skim_TriLep_MuonEG_D_v2.root
2026-01-28 17:08:41,761 - INFO - [2022] MISSING_CENTRAL: ZG1E2Mu/Central/jets/4/phi in Skim_TriLep_MuonEG_C.root
2026-01-28 17:08:41,762 - INFO - [2022] MISSING_CENTRAL: ZG1E2Mu/Central/jets/4/phi in Skim_TriLep_MuonEG_D.root
2026-01-28 17:08:41,762 - INFO - [2022EE] MISSING_CENTRAL: ZG1E2Mu/Central/jets/4/phi in Skim_TriLep_MuonEG_E.root
2026-01-28 17:08:41,762 - INFO - [2022EE] MISSING_CENTRAL: ZG1E2Mu/Central/jets/4/phi in Skim_TriLep_MuonEG_F.root
2026-01-28 17:08:41,763 - INFO - [2022EE] MISSING_CENTRAL: ZG1E2Mu/Central/jets/4/phi in Skim_TriLep_MuonEG_G.root
2026-01-28 17:08:41,763 - INFO - [2023] MISSING_CENTRAL: ZG1E2Mu/Central/jets/4/phi in Skim_TriLep_MuonEG_C_v1.root
2026-01-28 17:08:41,763 - INFO - [2023] MISSING_CENTRAL: ZG1E2Mu/Central/jets/4/phi in Skim_TriLep_MuonEG_C_v2.root
2026-01-28 17:08:41,764 - INFO - [2023] MISSING_CENTRAL: ZG1E2Mu/Central/jets/4/phi in Skim_TriLep_MuonEG_C_v3.root
2026-01-28 17:08:41,764 - INFO - [2023] MISSING_CENTRAL: ZG1E2Mu/Central/jets/4/phi in Skim_TriLep_MuonEG_C_v4.root
2026-01-28 17:08:41,764 - INFO - [2023BPix] MISSING_CENTRAL: ZG1E2Mu/Central/jets/4/phi in Skim_TriLep_MuonEG_D_v1.root
2026-01-28 17:08:41,765 - INFO - [2023BPix] MISSING_CENTRAL: ZG1E2Mu/Central/jets/4/phi in Skim_TriLep_MuonEG_D_v2.root
2026-01-28 17:29:07,866 - INFO - [2022] MISSING_CENTRAL: ZG1E2Mu/Central/jets/4/phi in Skim_TriLep_MuonEG_C.root
2026-01-28 17:29:07,867 - INFO - [2022] MISSING_CENTRAL: ZG1E2Mu/Central/jets/4/phi in Skim_TriLep_MuonEG_D.root
2026-01-28 17:29:07,867 - INFO - [2022EE] MISSING_CENTRAL: ZG1E2Mu/Central/jets/4/phi in Skim_TriLep_MuonEG_E.root
2026-01-28 17:29:07,867 - INFO - [2022EE] MISSING_CENTRAL: ZG1E2Mu/Central/jets/4/phi in Skim_TriLep_MuonEG_F.root
2026-01-28 17:29:07,868 - INFO - [2022EE] MISSING_CENTRAL: ZG1E2Mu/Central/jets/4/phi in Skim_TriLep_MuonEG_G.root
2026-01-28 17:29:07,868 - INFO - [2023] MISSING_CENTRAL: ZG1E2Mu/Central/jets/4/phi in Skim_TriLep_MuonEG_C_v1.root
2026-01-28 17:29:07,868 - INFO - [2023] MISSING_CENTRAL: ZG1E2Mu/Central/jets/4/phi in Skim_TriLep_MuonEG_C_v2.root
2026-01-28 17:29:07,869 - INFO - [2023] MISSING_CENTRAL: ZG1E2Mu/Central/jets/4/phi in Skim_TriLep_MuonEG_C_v3.root
2026-01-28 17:29:07,869 - INFO - [2023] MISSING_CENTRAL: ZG1E2Mu/Central/jets/4/phi in Skim_TriLep_MuonEG_C_v4.root
2026-01-28 17:29:07,869 - INFO - [2023BPix] MISSING_CENTRAL: ZG1E2Mu/Central/jets/4/phi in Skim_TriLep_MuonEG_D_v1.root
2026-01-28 17:29:07,870 - INFO - [2023BPix] MISSING_CENTRAL: ZG1E2Mu/Central/jets/4/phi in Skim_TriLep_MuonEG_D_v2.root
2026-01-28 17:29:13,212 - INFO - [2022] MISSING_CENTRAL: ZG1E2Mu/Central/jets/4/phi in Skim_TriLep_MuonEG_C.root
2026-01-28 17:29:13,212 - INFO - [2022] MISSING_CENTRAL: ZG1E2Mu/Central/jets/4/phi in Skim_TriLep_MuonEG_D.root
2026-01-28 17:29:13,213 - INFO - [2022EE] MISSING_CENTRAL: ZG1E2Mu/Central/jets/4/phi in Skim_TriLep_MuonEG_E.root
2026-01-28 17:29:13,213 - INFO - [2022EE] MISSING_CENTRAL: ZG1E2Mu/Central/jets/4/phi in Skim_TriLep_MuonEG_F.root
2026-01-28 17:29:13,213 - INFO - [2022EE] MISSING_CENTRAL: ZG1E2Mu/Central/jets/4/phi in Skim_TriLep_MuonEG_G.root
2026-01-28 17:29:13,214 - INFO - [2023] MISSING_CENTRAL: ZG1E2Mu/Central/jets/4/phi in Skim_TriLep_MuonEG_C_v1.root
2026-01-28 17:29:13,214 - INFO - [2023] MISSING_CENTRAL: ZG1E2Mu/Central/jets/4/phi in Skim_TriLep_MuonEG_C_v2.root
2026-01-28 17:29:13,214 - INFO - [2023] MISSING_CENTRAL: ZG1E2Mu/Central/jets/4/phi in Skim_TriLep_MuonEG_C_v3.root
2026-01-28 17:29:13,215 - INFO - [2023] MISSING_CENTRAL: ZG1E2Mu/Central/jets/4/phi in Skim_TriLep_MuonEG_C_v4.root
2026-01-28 17:29:13,215 - INFO - [2023BPix] MISSING_CENTRAL: ZG1E2Mu/Central/jets/4/phi in Skim_TriLep_MuonEG_D_v1.root
2026-01-28 17:29:13,215 - INFO - [2023BPix] MISSING_CENTRAL: ZG1E2Mu/Central/jets/4/phi in Skim_TriLep_MuonEG_D_v2.root
2026-01-28 20:02:53,447 - INFO - [2022] MISSING_CENTRAL: ZG1E2Mu/Central/jets/4/phi in Skim_TriLep_MuonEG_C.root
2026-01-28 20:02:53,447 - INFO - [2022] MISSING_CENTRAL: ZG1E2Mu/Central/jets/4/phi in Skim_TriLep_MuonEG_D.root
2026-01-28 20:02:53,448 - INFO - [2022EE] MISSING_CENTRAL: ZG1E2Mu/Central/jets/4/phi in Skim_TriLep_MuonEG_E.root
2026-01-28 20:02:53,448 - INFO - [2022EE] MISSING_CENTRAL: ZG1E2Mu/Central/jets/4/phi in Skim_TriLep_MuonEG_F.root
2026-01-28 20:02:53,448 - INFO - [2022EE] MISSING_CENTRAL: ZG1E2Mu/Central/jets/4/phi in Skim_TriLep_MuonEG_G.root
2026-01-28 20:02:53,449 - INFO - [2023] MISSING_CENTRAL: ZG1E2Mu/Central/jets/4/phi in Skim_TriLep_MuonEG_C_v1.root
2026-01-28 20:02:53,449 - INFO - [2023] MISSING_CENTRAL: ZG1E2Mu/Central/jets/4/phi in Skim_TriLep_MuonEG_C_v2.root
2026-01-28 20:02:53,449 - INFO - [2023] MISSING_CENTRAL: ZG1E2Mu/Central/jets/4/phi in Skim_TriLep_MuonEG_C_v3.root
2026-01-28 20:02:53,449 - INFO - [2023] MISSING_CENTRAL: ZG1E2Mu/Central/jets/4/phi in Skim_TriLep_MuonEG_C_v4.root
2026-01-28 20:02:53,450 - INFO - [2023BPix] MISSING_CENTRAL: ZG1E2Mu/Central/jets/4/phi in Skim_TriLep_MuonEG_D_v1.root
2026-01-28 20:02:53,450 - INFO - [2023BPix] MISSING_CENTRAL: ZG1E2Mu/Central/jets/4/phi in Skim_TriLep_MuonEG_D_v2.root
2026-01-28 20:02:59,018 - INFO - [2022] MISSING_CENTRAL: ZG1E2Mu/Central/jets/4/phi in Skim_TriLep_MuonEG_C.root
2026-01-28 20:02:59,019 - INFO - [2022] MISSING_CENTRAL: ZG1E2Mu/Central/jets/4/phi in Skim_TriLep_MuonEG_D.root
2026-01-28 20:02:59,019 - INFO - [2022EE] MISSING_CENTRAL: ZG1E2Mu/Central/jets/4/phi in Skim_TriLep_MuonEG_E.root
2026-01-28 20:02:59,019 - INFO - [2022EE] MISSING_CENTRAL: ZG1E2Mu/Central/jets/4/phi in Skim_TriLep_MuonEG_F.root
2026-01-28 20:02:59,020 - INFO - [2022EE] MISSING_CENTRAL: ZG1E2Mu/Central/jets/4/phi in Skim_TriLep_MuonEG_G.root
2026-01-28 20:02:59,020 - INFO - [2023] MISSING_CENTRAL: ZG1E2Mu/Central/jets/4/phi in Skim_TriLep_MuonEG_C_v1.root
2026-01-28 20:02:59,021 - INFO - [2023] MISSING_CENTRAL: ZG1E2Mu/Central/jets/4/phi in Skim_TriLep_MuonEG_C_v2.root
2026-01-28 20:02:59,022 - INFO - [2023] MISSING_CENTRAL: ZG1E2Mu/Central/jets/4/phi in Skim_TriLep_MuonEG_C_v3.root
2026-01-28 20:02:59,022 - INFO - [2023] MISSING_CENTRAL: ZG1E2Mu/Central/jets/4/phi in Skim_TriLep_MuonEG_C_v4.root
2026-01-28 20:02:59,023 - INFO - [2023BPix] MISSING_CENTRAL: ZG1E2Mu/Central/jets/4/phi in Skim_TriLep_MuonEG_D_v1.root
2026-01-28 20:02:59,023 - INFO - [2023BPix] MISSING_CENTRAL: ZG1E2Mu/Central/jets/4/phi in Skim_TriLep_MuonEG_D_v2.root
2026-01-29 07:19:26,818 - INFO - [2022] MISSING_CENTRAL: ZG1E2Mu/Central/jets/4/phi in Skim_TriLep_MuonEG_C.root
2026-01-29 07:19:26,818 - INFO - [2022] MISSING_CENTRAL: ZG1E2Mu/Central/jets/4/phi in Skim_TriLep_MuonEG_D.root
2026-01-29 07:19:26,819 - INFO - [2022EE] MISSING_CENTRAL: ZG1E2Mu/Central/jets/4/phi in Skim_TriLep_MuonEG_E.root
2026-01-29 07:19:26,819 - INFO - [2022EE] MISSING_CENTRAL: ZG1E2Mu/Central/jets/4/phi in Skim_TriLep_MuonEG_F.root
2026-01-29 07:19:26,819 - INFO - [2022EE] MISSING_CENTRAL: ZG1E2Mu/Central/jets/4/phi in Skim_TriLep_MuonEG_G.root
2026-01-29 07:19:26,820 - INFO - [2023] MISSING_CENTRAL: ZG1E2Mu/Central/jets/4/phi in Skim_TriLep_MuonEG_C_v1.root
2026-01-29 07:19:26,820 - INFO - [2023] MISSING_CENTRAL: ZG1E2Mu/Central/jets/4/phi in Skim_TriLep_MuonEG_C_v2.root
2026-01-29 07:19:26,820 - INFO - [2023] MISSING_CENTRAL: ZG1E2Mu/Central/jets/4/phi in Skim_TriLep_MuonEG_C_v3.root
2026-01-29 07:19:26,821 - INFO - [2023] MISSING_CENTRAL: ZG1E2Mu/Central/jets/4/phi in Skim_TriLep_MuonEG_C_v4.root
2026-01-29 07:19:26,821 - INFO - [2023BPix] MISSING_CENTRAL: ZG1E2Mu/Central/jets/4/phi in Skim_TriLep_MuonEG_D_v1.root
2026-01-29 07:19:26,821 - INFO - [2023BPix] MISSING_CENTRAL: ZG1E2Mu/Central/jets/4/phi in Skim_TriLep_MuonEG_D_v2.root
2026-01-29 07:19:31,919 - INFO - [2022] MISSING_CENTRAL: ZG1E2Mu/Central/jets/4/phi in Skim_TriLep_MuonEG_C.root
2026-01-29 07:19:31,920 - INFO - [2022] MISSING_CENTRAL: ZG1E2Mu/Central/jets/4/phi in Skim_TriLep_MuonEG_D.root
2026-01-29 07:19:31,920 - INFO - [2022EE] MISSING_CENTRAL: ZG1E2Mu/Central/jets/4/phi in Skim_TriLep_MuonEG_E.root
2026-01-29 07:19:31,920 - INFO - [2022EE] MISSING_CENTRAL: ZG1E2Mu/Central/jets/4/phi in Skim_TriLep_MuonEG_F.root
2026-01-29 07:19:31,921 - INFO - [2022EE] MISSING_CENTRAL: ZG1E2Mu/Central/jets/4/phi in Skim_TriLep_MuonEG_G.root
2026-01-29 07:19:31,921 - INFO - [2023] MISSING_CENTRAL: ZG1E2Mu/Central/jets/4/phi in Skim_TriLep_MuonEG_C_v1.root
2026-01-29 07:19:31,921 - INFO - [2023] MISSING_CENTRAL: ZG1E2Mu/Central/jets/4/phi in Skim_TriLep_MuonEG_C_v2.root
2026-01-29 07:19:31,922 - INFO - [2023] MISSING_CENTRAL: ZG1E2Mu/Central/jets/4/phi in Skim_TriLep_MuonEG_C_v3.root
2026-01-29 07:19:31,922 - INFO - [2023] MISSING_CENTRAL: ZG1E2Mu/Central/jets/4/phi in Skim_TriLep_MuonEG_C_v4.root
2026-01-29 07:19:31,922 - INFO - [2023BPix] MISSING_CENTRAL: ZG1E2Mu/Central/jets/4/phi in Skim_TriLep_MuonEG_D_v1.root
2026-01-29 07:19:31,923 - INFO - [2023BPix] MISSING_CENTRAL: ZG1E2Mu/Central/jets/4/phi in Skim_TriLep_MuonEG_D_v2.root
2026-03-02 12:03:37,820 - INFO - [2022] MISSING_CENTRAL: ZG1E2Mu/Central/jets/4/phi in Skim_TriLep_MuonEG_C.root
2026-03-02 12:03:37,821 - INFO - [2022] MISSING_CENTRAL: ZG1E2Mu/Central/jets/4/phi in Skim_TriLep_MuonEG_D.root
2026-03-02 12:03:37,821 - INFO - [2022EE] MISSING_CENTRAL: ZG1E2Mu/Central/jets/4/phi in Skim_TriLep_MuonEG_E.root
2026-03-02 12:03:37,821 - INFO - [2022EE] MISSING_CENTRAL: ZG1E2Mu/Central/jets/4/phi in Skim_TriLep_MuonEG_F.root
2026-03-02 12:03:37,822 - INFO - [2022EE] MISSING_CENTRAL: ZG1E2Mu/Central/jets/4/phi in Skim_TriLep_MuonEG_G.root
2026-03-02 12:03:37,822 - INFO - [2023] MISSING_CENTRAL: ZG1E2Mu/Central/jets/4/phi in Skim_TriLep_MuonEG_C_v1.root
2026-03-02 12:03:37,822 - INFO - [2023] MISSING_CENTRAL: ZG1E2Mu/Central/jets/4/phi in Skim_TriLep_MuonEG_C_v2.root
2026-03-02 12:03:37,823 - INFO - [2023] MISSING_CENTRAL: ZG1E2Mu/Central/jets/4/phi in Skim_TriLep_MuonEG_C_v3.root
2026-03-02 12:03:37,823 - INFO - [2023] MISSING_CENTRAL: ZG1E2Mu/Central/jets/4/phi in Skim_TriLep_MuonEG_C_v4.root
2026-03-02 12:03:37,823 - INFO - [2023BPix] MISSING_CENTRAL: ZG1E2Mu/Central/jets/4/phi in Skim_TriLep_MuonEG_D_v1.root
2026-03-02 12:03:37,824 - INFO - [2023BPix] MISSING_CENTRAL: ZG1E2Mu/Central/jets/4/phi in Skim_TriLep_MuonEG_D_v2.root
2026-03-02 12:03:43,017 - INFO - [2022] MISSING_CENTRAL: ZG1E2Mu/Central/jets/4/phi in Skim_TriLep_MuonEG_C.root
2026-03-02 12:03:43,017 - INFO - [2022] MISSING_CENTRAL: ZG1E2Mu/Central/jets/4/phi in Skim_TriLep_MuonEG_D.root
2026-03-02 12:03:43,018 - INFO - [2022EE] MISSING_CENTRAL: ZG1E2Mu/Central/jets/4/phi in Skim_TriLep_MuonEG_E.root
2026-03-02 12:03:43,018 - INFO - [2022EE] MISSING_CENTRAL: ZG1E2Mu/Central/jets/4/phi in Skim_TriLep_MuonEG_F.root
2026-03-02 12:03:43,019 - INFO - [2022EE] MISSING_CENTRAL: ZG1E2Mu/Central/jets/4/phi in Skim_TriLep_MuonEG_G.root
2026-03-02 12:03:43,019 - INFO - [2023] MISSING_CENTRAL: ZG1E2Mu/Central/jets/4/phi in Skim_TriLep_MuonEG_C_v1.root
2026-03-02 12:03:43,020 - INFO - [2023] MISSING_CENTRAL: ZG1E2Mu/Central/jets/4/phi in Skim_TriLep_MuonEG_C_v2.root
2026-03-02 12:03:43,020 - INFO - [2023] MISSING_CENTRAL: ZG1E2Mu/Central/jets/4/phi in Skim_TriLep_MuonEG_C_v3.root
2026-03-02 12:03:43,021 - INFO - [2023] MISSING_CENTRAL: ZG1E2Mu/Central/jets/4/phi in Skim_TriLep_MuonEG_C_v4.root
2026-03-02 12:03:43,021 - INFO - [2023BPix] MISSING_CENTRAL: ZG1E2Mu/Central/jets/4/phi in Skim_TriLep_MuonEG_D_v1.root
2026-03-02 12:03:43,022 - INFO - [2023BPix] MISSING_CENTRAL: ZG1E2Mu/Central/jets/4/phi in Skim_TriLep_MuonEG_D_v2.root
2026-04-10 20:15:38,595 - INFO - [2022] MISSING_CENTRAL: ZG1E2Mu/Central/jets/4/phi in Skim_TriLep_MuonEG_C.root
2026-04-10 20:15:38,596 - INFO - [2022] MISSING_CENTRAL: ZG1E2Mu/Central/jets/4/phi in Skim_TriLep_MuonEG_D.root
2026-04-10 20:15:38,596 - INFO - [2022EE] MISSING_CENTRAL: ZG1E2Mu/Central/jets/4/phi in Skim_TriLep_MuonEG_E.root
2026-04-10 20:15:38,597 - INFO - [2022EE] MISSING_CENTRAL: ZG1E2Mu/Central/jets/4/phi in Skim_TriLep_MuonEG_F.root
2026-04-10 20:15:38,597 - INFO - [2022EE] MISSING_CENTRAL: ZG1E2Mu/Central/jets/4/phi in Skim_TriLep_MuonEG_G.root
2026-04-10 20:15:38,597 - INFO - [2023] MISSING_CENTRAL: ZG1E2Mu/Central/jets/4/phi in Skim_TriLep_MuonEG_C_v1.root
2026-04-10 20:15:38,598 - INFO - [2023] MISSING_CENTRAL: ZG1E2Mu/Central/jets/4/phi in Skim_TriLep_MuonEG_C_v2.root
2026-04-10 20:15:38,598 - INFO - [2023] MISSING_CENTRAL: ZG1E2Mu/Central/jets/4/phi in Skim_TriLep_MuonEG_C_v3.root
2026-04-10 20:15:38,598 - INFO - [2023] MISSING_CENTRAL: ZG1E2Mu/Central/jets/4/phi in Skim_TriLep_MuonEG_C_v4.root
2026-04-10 20:15:38,599 - INFO - [2023BPix] MISSING_CENTRAL: ZG1E2Mu/Central/jets/4/phi in Skim_TriLep_MuonEG_D_v1.root
2026-04-10 20:15:38,599 - INFO - [2023BPix] MISSING_CENTRAL: ZG1E2Mu/Central/jets/4/phi in Skim_TriLep_MuonEG_D_v2.root
2026-04-10 20:15:43,312 - INFO - [2022] MISSING_CENTRAL: ZG1E2Mu/Central/jets/4/phi in Skim_TriLep_MuonEG_C.root
2026-04-10 20:15:43,313 - INFO - [2022] MISSING_CENTRAL: ZG1E2Mu/Central/jets/4/phi in Skim_TriLep_MuonEG_D.root
2026-04-10 20:15:43,313 - INFO - [2022EE] MISSING_CENTRAL: ZG1E2Mu/Central/jets/4/phi in Skim_TriLep_MuonEG_E.root
2026-04-10 20:15:43,313 - INFO - [2022EE] MISSING_CENTRAL: ZG1E2Mu/Central/jets/4/phi in Skim_TriLep_MuonEG_F.root
2026-04-10 20:15:43,314 - INFO - [2022EE] MISSING_CENTRAL: ZG1E2Mu/Central/jets/4/phi in Skim_TriLep_MuonEG_G.root
2026-04-10 20:15:43,314 - INFO - [2023] MISSING_CENTRAL: ZG1E2Mu/Central/jets/4/phi in Skim_TriLep_MuonEG_C_v1.root
2026-04-10 20:15:43,314 - INFO - [2023] MISSING_CENTRAL: ZG1E2Mu/Central/jets/4/phi in Skim_TriLep_MuonEG_C_v2.root
2026-04-10 20:15:43,315 - INFO - [2023] MISSING_CENTRAL: ZG1E2Mu/Central/jets/4/phi in Skim_TriLep_MuonEG_C_v3.root
2026-04-10 20:15:43,315 - INFO - [2023] MISSING_CENTRAL: ZG1E2Mu/Central/jets/4/phi in Skim_TriLep_MuonEG_C_v4.root
2026-04-10 20:15:43,315 - INFO - [2023BPix] MISSING_CENTRAL: ZG1E2Mu/Central/jets/4/phi in Skim_TriLep_MuonEG_D_v1.root
2026-04-10 20:15:43,316 - INFO - [2023BPix] MISSING_CENTRAL: ZG1E2Mu/Central/jets/4/phi in Skim_TriLep_MuonEG_D_v2.root
2026-04-12 11:30:29,029 - INFO - [2022] MISSING_CENTRAL: ZG1E2Mu/Central/jets/4/phi in Skim_TriLep_MuonEG_C.root
2026-04-12 11:30:29,030 - INFO - [2022] MISSING_CENTRAL: ZG1E2Mu/Central/jets/4/phi in Skim_TriLep_MuonEG_D.root
2026-04-12 11:30:29,030 - INFO - [2022EE] MISSING_CENTRAL: ZG1E2Mu/Central/jets/4/phi in Skim_TriLep_MuonEG_E.root
2026-04-12 11:30:29,031 - INFO - [2022EE] MISSING_CENTRAL: ZG1E2Mu/Central/jets/4/phi in Skim_TriLep_MuonEG_F.root
2026-04-12 11:30:29,031 - INFO - [2022EE] MISSING_CENTRAL: ZG1E2Mu/Central/jets/4/phi in Skim_TriLep_MuonEG_G.root
2026-04-12 11:30:29,032 - INFO - [2023] MISSING_CENTRAL: ZG1E2Mu/Central/jets/4/phi in Skim_TriLep_MuonEG_C_v1.root
2026-04-12 11:30:29,032 - INFO - [2023] MISSING_CENTRAL: ZG1E2Mu/Central/jets/4/phi in Skim_TriLep_MuonEG_C_v2.root
2026-04-12 11:30:29,032 - INFO - [2023] MISSING_CENTRAL: ZG1E2Mu/Central/jets/4/phi in Skim_TriLep_MuonEG_C_v3.root
2026-04-12 11:30:29,032 - INFO - [2023] MISSING_CENTRAL: ZG1E2Mu/Central/jets/4/phi in Skim_TriLep_MuonEG_C_v4.root
2026-04-12 11:30:29,033 - INFO - [2023BPix] MISSING_CENTRAL: ZG1E2Mu/Central/jets/4/phi in Skim_TriLep_MuonEG_D_v1.root
2026-04-12 11:30:29,033 - INFO - [2023BPix] MISSING_CENTRAL: ZG1E2Mu/Central/jets/4/phi in Skim_TriLep_MuonEG_D_v2.root
2026-04-12 11:30:33,972 - INFO - [2022] MISSING_CENTRAL: ZG1E2Mu/Central/jets/4/phi in Skim_TriLep_MuonEG_C.root
2026-04-12 11:30:33,972 - INFO - [2022] MISSING_CENTRAL: ZG1E2Mu/Central/jets/4/phi in Skim_TriLep_MuonEG_D.root
2026-04-12 11:30:33,972 - INFO - [2022EE] MISSING_CENTRAL: ZG1E2Mu/Central/jets/4/phi in Skim_TriLep_MuonEG_E.root
2026-04-12 11:30:33,973 - INFO - [2022EE] MISSING_CENTRAL: ZG1E2Mu/Central/jets/4/phi in Skim_TriLep_MuonEG_F.root
2026-04-12 11:30:33,973 - INFO - [2022EE] MISSING_CENTRAL: ZG1E2Mu/Central/jets/4/phi in Skim_TriLep_MuonEG_G.root
2026-04-12 11:30:33,973 - INFO - [2023] MISSING_CENTRAL: ZG1E2Mu/Central/jets/4/phi in Skim_TriLep_MuonEG_C_v1.root
2026-04-12 11:30:33,974 - INFO - [2023] MISSING_CENTRAL: ZG1E2Mu/Central/jets/4/phi in Skim_TriLep_MuonEG_C_v2.root
2026-04-12 11:30:33,974 - INFO - [2023] MISSING_CENTRAL: ZG1E2Mu/Central/jets/4/phi in Skim_TriLep_MuonEG_C_v3.root
2026-04-12 11:30:33,974 - INFO - [2023] MISSING_CENTRAL: ZG1E2Mu/Central/jets/4/phi in Skim_TriLep_MuonEG_C_v4.root
2026-04-12 11:30:33,975 - INFO - [2023BPix] MISSING_CENTRAL: ZG1E2Mu/Central/jets/4/phi in Skim_TriLep_MuonEG_D_v1.root
2026-04-12 11:30:33,975 - INFO - [2023BPix] MISSING_CENTRAL: ZG1E2Mu/Central/jets/4/phi in Skim_TriLep_MuonEG_D_v2.root
2026-04-12 12:12:54,251 - INFO - [2022] MISSING_CENTRAL: ZG1E2Mu/Central/jets/4/phi in Skim_TriLep_MuonEG_C.root
2026-04-12 12:12:54,252 - INFO - [2022] MISSING_CENTRAL: ZG1E2Mu/Central/jets/4/phi in Skim_TriLep_MuonEG_D.root
2026-04-12 12:12:54,252 - INFO - [2022EE] MISSING_CENTRAL: ZG1E2Mu/Central/jets/4/phi in Skim_TriLep_MuonEG_E.root
2026-04-12 12:12:54,252 - INFO - [2022EE] MISSING_CENTRAL: ZG1E2Mu/Central/jets/4/phi in Skim_TriLep_MuonEG_F.root
2026-04-12 12:12:54,253 - INFO - [2022EE] MISSING_CENTRAL: ZG1E2Mu/Central/jets/4/phi in Skim_TriLep_MuonEG_G.root
2026-04-12 12:12:54,253 - INFO - [2023] MISSING_CENTRAL: ZG1E2Mu/Central/jets/4/phi in Skim_TriLep_MuonEG_C_v1.root
2026-04-12 12:12:54,253 - INFO - [2023] MISSING_CENTRAL: ZG1E2Mu/Central/jets/4/phi in Skim_TriLep_MuonEG_C_v2.root
2026-04-12 12:12:54,254 - INFO - [2023] MISSING_CENTRAL: ZG1E2Mu/Central/jets/4/phi in Skim_TriLep_MuonEG_C_v3.root
2026-04-12 12:12:54,254 - INFO - [2023] MISSING_CENTRAL: ZG1E2Mu/Central/jets/4/phi in Skim_TriLep_MuonEG_C_v4.root
2026-04-12 12:12:54,254 - INFO - [2023BPix] MISSING_CENTRAL: ZG1E2Mu/Central/jets/4/phi in Skim_TriLep_MuonEG_D_v1.root
2026-04-12 12:12:54,255 - INFO - [2023BPix] MISSING_CENTRAL: ZG1E2Mu/Central/jets/4/phi in Skim_TriLep_MuonEG_D_v2.root
2026-04-12 12:12:59,095 - INFO - [2022] MISSING_CENTRAL: ZG1E2Mu/Central/jets/4/phi in Skim_TriLep_MuonEG_C.root
2026-04-12 12:12:59,096 - INFO - [2022] MISSING_CENTRAL: ZG1E2Mu/Central/jets/4/phi in Skim_TriLep_MuonEG_D.root
2026-04-12 12:12:59,096 - INFO - [2022EE] MISSING_CENTRAL: ZG1E2Mu/Central/jets/4/phi in Skim_TriLep_MuonEG_E.root
2026-04-12 12:12:59,096 - INFO - [2022EE] MISSING_CENTRAL: ZG1E2Mu/Central/jets/4/phi in Skim_TriLep_MuonEG_F.root
2026-04-12 12:12:59,097 - INFO - [2022EE] MISSING_CENTRAL: ZG1E2Mu/Central/jets/4/phi in Skim_TriLep_MuonEG_G.root
2026-04-12 12:12:59,097 - INFO - [2023] MISSING_CENTRAL: ZG1E2Mu/Central/jets/4/phi in Skim_TriLep_MuonEG_C_v1.root
2026-04-12 12:12:59,097 - INFO - [2023] MISSING_CENTRAL: ZG1E2Mu/Central/jets/4/phi in Skim_TriLep_MuonEG_C_v2.root
2026-04-12 12:12:59,098 - INFO - [2023] MISSING_CENTRAL: ZG1E2Mu/Central/jets/4/phi in Skim_TriLep_MuonEG_C_v3.root
2026-04-12 12:12:59,098 - INFO - [2023] MISSING_CENTRAL: ZG1E2Mu/Central/jets/4/phi in Skim_TriLep_MuonEG_C_v4.root
2026-04-12 12:12:59,098 - INFO - [2023BPix] MISSING_CENTRAL: ZG1E2Mu/Central/jets/4/phi in Skim_TriLep_MuonEG_D_v1.root
2026-04-12 12:12:59,099 - INFO - [2023BPix] MISSING_CENTRAL: ZG1E2Mu/Central/jets/4/phi in Skim_TriLep_MuonEG_D_v2.root
2026-04-12 12:32:33,478 - INFO - [2022] MISSING_CENTRAL: ZG1E2Mu/Central/jets/4/phi in Skim_TriLep_MuonEG_C.root
2026-04-12 12:32:33,479 - INFO - [2022] MISSING_CENTRAL: ZG1E2Mu/Central/jets/4/phi in Skim_TriLep_MuonEG_D.root
2026-04-12 12:32:33,479 - INFO - [2022EE] MISSING_CENTRAL: ZG1E2Mu/Central/jets/4/phi in Skim_TriLep_MuonEG_E.root
2026-04-12 12:32:33,480 - INFO - [2022EE] MISSING_CENTRAL: ZG1E2Mu/Central/jets/4/phi in Skim_TriLep_MuonEG_F.root
2026-04-12 12:32:33,480 - INFO - [2022EE] MISSING_CENTRAL: ZG1E2Mu/Central/jets/4/phi in Skim_TriLep_MuonEG_G.root
2026-04-12 12:32:33,480 - INFO - [2023] MISSING_CENTRAL: ZG1E2Mu/Central/jets/4/phi in Skim_TriLep_MuonEG_C_v1.root
2026-04-12 12:32:33,481 - INFO - [2023] MISSING_CENTRAL: ZG1E2Mu/Central/jets/4/phi in Skim_TriLep_MuonEG_C_v2.root
2026-04-12 12:32:33,481 - INFO - [2023] MISSING_CENTRAL: ZG1E2Mu/Central/jets/4/phi in Skim_TriLep_MuonEG_C_v3.root
2026-04-12 12:32:33,481 - INFO - [2023] MISSING_CENTRAL: ZG1E2Mu/Central/jets/4/phi in Skim_TriLep_MuonEG_C_v4.root
2026-04-12 12:32:33,482 - INFO - [2023BPix] MISSING_CENTRAL: ZG1E2Mu/Central/jets/4/phi in Skim_TriLep_MuonEG_D_v1.root
2026-04-12 12:32:33,482 - INFO - [2023BPix] MISSING_CENTRAL: ZG1E2Mu/Central/jets/4/phi in Skim_TriLep_MuonEG_D_v2.root
2026-04-12 12:32:38,189 - INFO - [2022] MISSING_CENTRAL: ZG1E2Mu/Central/jets/4/phi in Skim_TriLep_MuonEG_C.root
2026-04-12 12:32:38,190 - INFO - [2022] MISSING_CENTRAL: ZG1E2Mu/Central/jets/4/phi in Skim_TriLep_MuonEG_D.root
2026-04-12 12:32:38,191 - INFO - [2022EE] MISSING_CENTRAL: ZG1E2Mu/Central/jets/4/phi in Skim_TriLep_MuonEG_E.root
2026-04-12 12:32:38,191 - INFO - [2022EE] MISSING_CENTRAL: ZG1E2Mu/Central/jets/4/phi in Skim_TriLep_MuonEG_F.root
2026-04-12 12:32:38,192 - INFO - [2022EE] MISSING_CENTRAL: ZG1E2Mu/Central/jets/4/phi in Skim_TriLep_MuonEG_G.root
2026-04-12 12:32:38,192 - INFO - [2023] MISSING_CENTRAL: ZG1E2Mu/Central/jets/4/phi in Skim_TriLep_MuonEG_C_v1.root
2026-04-12 12:32:38,193 - INFO - [2023] MISSING_CENTRAL: ZG1E2Mu/Central/jets/4/phi in Skim_TriLep_MuonEG_C_v2.root
2026-04-12 12:32:38,193 - INFO - [2023] MISSING_CENTRAL: ZG1E2Mu/Central/jets/4/phi in Skim_TriLep_MuonEG_C_v3.root
2026-04-12 12:32:38,194 - INFO - [2023] MISSING_CENTRAL: ZG1E2Mu/Central/jets/4/phi in Skim_TriLep_MuonEG_C_v4.root
2026-04-12 12:32:38,194 - INFO - [2023BPix] MISSING_CENTRAL: ZG1E2Mu/Central/jets/4/phi in Skim_TriLep_MuonEG_D_v1.root
2026-04-12 12:32:38,195 - INFO - [2023BPix] MISSING_CENTRAL: ZG1E2Mu/Central/jets/4/phi in Skim_TriLep_MuonEG_D_v2.root
2026-04-12 20:40:33,412 - INFO - [2022] MISSING_CENTRAL: ZG1E2Mu/Central/jets/4/phi in Skim_TriLep_MuonEG_C.root
2026-04-12 20:40:33,413 - INFO - [2022] MISSING_CENTRAL: ZG1E2Mu/Central/jets/4/phi in Skim_TriLep_MuonEG_D.root
2026-04-12 20:40:33,414 - INFO - [2022EE] MISSING_CENTRAL: ZG1E2Mu/Central/jets/4/phi in Skim_TriLep_MuonEG_E.root
2026-04-12 20:40:33,414 - INFO - [2022EE] MISSING_CENTRAL: ZG1E2Mu/Central/jets/4/phi in Skim_TriLep_MuonEG_F.root
2026-04-12 20:40:33,415 - INFO - [2022EE] MISSING_CENTRAL: ZG1E2Mu/Central/jets/4/phi in Skim_TriLep_MuonEG_G.root
2026-04-12 20:40:33,415 - INFO - [2023] MISSING_CENTRAL: ZG1E2Mu/Central/jets/4/phi in Skim_TriLep_MuonEG_C_v1.root
2026-04-12 20:40:33,416 - INFO - [2023] MISSING_CENTRAL: ZG1E2Mu/Central/jets/4/phi in Skim_TriLep_MuonEG_C_v2.root
2026-04-12 20:40:33,416 - INFO - [2023] MISSING_CENTRAL: ZG1E2Mu/Central/jets/4/phi in Skim_TriLep_MuonEG_C_v3.root
2026-04-12 20:40:33,417 - INFO - [2023] MISSING_CENTRAL: ZG1E2Mu/Central/jets/4/phi in Skim_TriLep_MuonEG_C_v4.root
2026-04-12 20:40:33,417 - INFO - [2023BPix] MISSING_CENTRAL: ZG1E2Mu/Central/jets/4/phi in Skim_TriLep_MuonEG_D_v1.root
2026-04-12 20:40:33,418 - INFO - [2023BPix] MISSING_CENTRAL: ZG1E2Mu/Central/jets/4/phi in Skim_TriLep_MuonEG_D_v2.root
2026-04-12 20:40:38,332 - INFO - [2022] MISSING_CENTRAL: ZG1E2Mu/Central/jets/4/phi in Skim_TriLep_MuonEG_C.root
2026-04-12 20:40:38,333 - INFO - [2022] MISSING_CENTRAL: ZG1E2Mu/Central/jets/4/phi in Skim_TriLep_MuonEG_D.root
2026-04-12 20:40:38,333 - INFO - [2022EE] MISSING_CENTRAL: ZG1E2Mu/Central/jets/4/phi in Skim_TriLep_MuonEG_E.root
2026-04-12 20:40:38,334 - INFO - [2022EE] MISSING_CENTRAL: ZG1E2Mu/Central/jets/4/phi in Skim_TriLep_MuonEG_F.root
2026-04-12 20:40:38,334 - INFO - [2022EE] MISSING_CENTRAL: ZG1E2Mu/Central/jets/4/phi in Skim_TriLep_MuonEG_G.root
2026-04-12 20:40:38,334 - INFO - [2023] MISSING_CENTRAL: ZG1E2Mu/Central/jets/4/phi in Skim_TriLep_MuonEG_C_v1.root
2026-04-12 20:40:38,335 - INFO - [2023] MISSING_CENTRAL: ZG1E2Mu/Central/jets/4/phi in Skim_TriLep_MuonEG_C_v2.root
2026-04-12 20:40:38,335 - INFO - [2023] MISSING_CENTRAL: ZG1E2Mu/Central/jets/4/phi in Skim_TriLep_MuonEG_C_v3.root
2026-04-12 20:40:38,335 - INFO - [2023] MISSING_CENTRAL: ZG1E2Mu/Central/jets/4/phi in Skim_TriLep_MuonEG_C_v4.root
2026-04-12 20:40:38,336 - INFO - [2023BPix] MISSING_CENTRAL: ZG1E2Mu/Central/jets/4/phi in Skim_TriLep_MuonEG_D_v1.root
2026-04-12 20:40:38,336 - INFO - [2023BPix] MISSING_CENTRAL: ZG1E2Mu/Central/jets/4/phi in Skim_TriLep_MuonEG_D_v2.root
2026-04-12 21:12:11,417 - INFO - [2022] MISSING_CENTRAL: ZG1E2Mu/Central/jets/4/phi in Skim_TriLep_MuonEG_C.root
2026-04-12 21:12:11,417 - INFO - [2022] MISSING_CENTRAL: ZG1E2Mu/Central/jets/4/phi in Skim_TriLep_MuonEG_D.root
2026-04-12 21:12:11,418 - INFO - [2022EE] MISSING_CENTRAL: ZG1E2Mu/Central/jets/4/phi in Skim_TriLep_MuonEG_E.root
2026-04-12 21:12:11,418 - INFO - [2022EE] MISSING_CENTRAL: ZG1E2Mu/Central/jets/4/phi in Skim_TriLep_MuonEG_F.root
2026-04-12 21:12:11,418 - INFO - [2022EE] MISSING_CENTRAL: ZG1E2Mu/Central/jets/4/phi in Skim_TriLep_MuonEG_G.root
2026-04-12 21:12:11,419 - INFO - [2023] MISSING_CENTRAL: ZG1E2Mu/Central/jets/4/phi in Skim_TriLep_MuonEG_C_v1.root
2026-04-12 21:12:11,419 - INFO - [2023] MISSING_CENTRAL: ZG1E2Mu/Central/jets/4/phi in Skim_TriLep_MuonEG_C_v2.root
2026-04-12 21:12:11,419 - INFO - [2023] MISSING_CENTRAL: ZG1E2Mu/Central/jets/4/phi in Skim_TriLep_MuonEG_C_v3.root
2026-04-12 21:12:11,420 - INFO - [2023] MISSING_CENTRAL: ZG1E2Mu/Central/jets/4/phi in Skim_TriLep_MuonEG_C_v4.root
2026-04-12 21:12:11,420 - INFO - [2023BPix] MISSING_CENTRAL: ZG1E2Mu/Central/jets/4/phi in Skim_TriLep_MuonEG_D_v1.root
2026-04-12 21:12:11,420 - INFO - [2023BPix] MISSING_CENTRAL: ZG1E2Mu/Central/jets/4/phi in Skim_TriLep_MuonEG_D_v2.root
2026-04-12 21:12:16,062 - INFO - [2022] MISSING_CENTRAL: ZG1E2Mu/Central/jets/4/phi in Skim_TriLep_MuonEG_C.root
2026-04-12 21:12:16,063 - INFO - [2022] MISSING_CENTRAL: ZG1E2Mu/Central/jets/4/phi in Skim_TriLep_MuonEG_D.root
2026-04-12 21:12:16,063 - INFO - [2022EE] MISSING_CENTRAL: ZG1E2Mu/Central/jets/4/phi in Skim_TriLep_MuonEG_E.root
2026-04-12 21:12:16,063 - INFO - [2022EE] MISSING_CENTRAL: ZG1E2Mu/Central/jets/4/phi in Skim_TriLep_MuonEG_F.root
2026-04-12 21:12:16,064 - INFO - [2022EE] MISSING_CENTRAL: ZG1E2Mu/Central/jets/4/phi in Skim_TriLep_MuonEG_G.root
2026-04-12 21:12:16,064 - INFO - [2023] MISSING_CENTRAL: ZG1E2Mu/Central/jets/4/phi in Skim_TriLep_MuonEG_C_v1.root
2026-04-12 21:12:16,064 - INFO - [2023] MISSING_CENTRAL: ZG1E2Mu/Central/jets/4/phi in Skim_TriLep_MuonEG_C_v2.root
2026-04-12 21:12:16,065 - INFO - [2023] MISSING_CENTRAL: ZG1E2Mu/Central/jets/4/phi in Skim_TriLep_MuonEG_C_v3.root
2026-04-12 21:12:16,065 - INFO - [2023] MISSING_CENTRAL: ZG1E2Mu/Central/jets/4/phi in Skim_TriLep_MuonEG_C_v4.root
2026-04-12 21:12:16,065 - INFO - [2023BPix] MISSING_CENTRAL: ZG1E2Mu/Central/jets/4/phi in Skim_TriLep_MuonEG_D_v1.root
2026-04-12 21:12:16,066 - INFO - [2023BPix] MISSING_CENTRAL: ZG1E2Mu/Central/jets/4/phi in Skim_TriLep_MuonEG_D_v2.root
2026-04-13 12:49:37,430 - INFO - [2022] MISSING_CENTRAL: ZG1E2Mu/Central/jets/4/phi in Skim_TriLep_MuonEG_C.root
2026-04-13 12:49:37,430 - INFO - [2022] MISSING_CENTRAL: ZG1E2Mu/Central/jets/4/phi in Skim_TriLep_MuonEG_D.root
2026-04-13 12:49:37,431 - INFO - [2022EE] MISSING_CENTRAL: ZG1E2Mu/Central/jets/4/phi in Skim_TriLep_MuonEG_E.root
2026-04-13 12:49:37,431 - INFO - [2022EE] MISSING_CENTRAL: ZG1E2Mu/Central/jets/4/phi in Skim_TriLep_MuonEG_F.root
2026-04-13 12:49:37,431 - INFO - [2022EE] MISSING_CENTRAL: ZG1E2Mu/Central/jets/4/phi in Skim_TriLep_MuonEG_G.root
2026-04-13 12:49:37,431 - INFO - [2023] MISSING_CENTRAL: ZG1E2Mu/Central/jets/4/phi in Skim_TriLep_MuonEG_C_v1.root
2026-04-13 12:49:37,432 - INFO - [2023] MISSING_CENTRAL: ZG1E2Mu/Central/jets/4/phi in Skim_TriLep_MuonEG_C_v2.root
2026-04-13 12:49:37,432 - INFO - [2023] MISSING_CENTRAL: ZG1E2Mu/Central/jets/4/phi in Skim_TriLep_MuonEG_C_v3.root
2026-04-13 12:49:37,432 - INFO - [2023] MISSING_CENTRAL: ZG1E2Mu/Central/jets/4/phi in Skim_TriLep_MuonEG_C_v4.root
2026-04-13 12:49:37,433 - INFO - [2023BPix] MISSING_CENTRAL: ZG1E2Mu/Central/jets/4/phi in Skim_TriLep_MuonEG_D_v1.root
2026-04-13 12:49:37,433 - INFO - [2023BPix] MISSING_CENTRAL: ZG1E2Mu/Central/jets/4/phi in Skim_TriLep_MuonEG_D_v2.root
2026-04-13 12:49:42,589 - INFO - [2022] MISSING_CENTRAL: ZG1E2Mu/Central/jets/4/phi in Skim_TriLep_MuonEG_C.root
2026-04-13 12:49:42,589 - INFO - [2022] MISSING_CENTRAL: ZG1E2Mu/Central/jets/4/phi in Skim_TriLep_MuonEG_D.root
2026-04-13 12:49:42,590 - INFO - [2022EE] MISSING_CENTRAL: ZG1E2Mu/Central/jets/4/phi in Skim_TriLep_MuonEG_E.root
2026-04-13 12:49:42,590 - INFO - [2022EE] MISSING_CENTRAL: ZG1E2Mu/Central/jets/4/phi in Skim_TriLep_MuonEG_F.root
2026-04-13 12:49:42,590 - INFO - [2022EE] MISSING_CENTRAL: ZG1E2Mu/Central/jets/4/phi in Skim_TriLep_MuonEG_G.root
2026-04-13 12:49:42,591 - INFO - [2023] MISSING_CENTRAL: ZG1E2Mu/Central/jets/4/phi in Skim_TriLep_MuonEG_C_v1.root
2026-04-13 12:49:42,591 - INFO - [2023] MISSING_CENTRAL: ZG1E2Mu/Central/jets/4/phi in Skim_TriLep_MuonEG_C_v2.root
2026-04-13 12:49:42,591 - INFO - [2023] MISSING_CENTRAL: ZG1E2Mu/Central/jets/4/phi in Skim_TriLep_MuonEG_C_v3.root
2026-04-13 12:49:42,592 - INFO - [2023] MISSING_CENTRAL: ZG1E2Mu/Central/jets/4/phi in Skim_TriLep_MuonEG_C_v4.root
2026-04-13 12:49:42,592 - INFO - [2023BPix] MISSING_CENTRAL: ZG1E2Mu/Central/jets/4/phi in Skim_TriLep_MuonEG_D_v1.root
2026-04-13 12:49:42,592 - INFO - [2023BPix] MISSING_CENTRAL: ZG1E2Mu/Central/jets/4/phi in Skim_TriLep_MuonEG_D_v2.root
2026-06-03 21:09:30,639 - INFO - [2022] MISSING_CENTRAL: ZG1E2Mu/Central/jets/4/phi in Skim_TriLep_MuonEG_C.root
2026-06-03 21:09:30,639 - INFO - [2022] MISSING_CENTRAL: ZG1E2Mu/Central/jets/4/phi in Skim_TriLep_MuonEG_D.root
2026-06-03 21:09:30,640 - INFO - [2022EE] MISSING_CENTRAL: ZG1E2Mu/Central/jets/4/phi in Skim_TriLep_MuonEG_E.root
2026-06-03 21:09:30,640 - INFO - [2022EE] MISSING_CENTRAL: ZG1E2Mu/Central/jets/4/phi in Skim_TriLep_MuonEG_F.root
2026-06-03 21:09:30,640 - INFO - [2022EE] MISSING_CENTRAL: ZG1E2Mu/Central/jets/4/phi in Skim_TriLep_MuonEG_G.root
2026-06-03 21:09:30,641 - INFO - [2023] MISSING_CENTRAL: ZG1E2Mu/Central/jets/4/phi in Skim_TriLep_MuonEG_C_v1.root
2026-06-03 21:09:30,641 - INFO - [2023] MISSING_CENTRAL: ZG1E2Mu/Central/jets/4/phi in Skim_TriLep_MuonEG_C_v2.root
2026-06-03 21:09:30,641 - INFO - [2023] MISSING_CENTRAL: ZG1E2Mu/Central/jets/4/phi in Skim_TriLep_MuonEG_C_v3.root
2026-06-03 21:09:30,642 - INFO - [2023] MISSING_CENTRAL: ZG1E2Mu/Central/jets/4/phi in Skim_TriLep_MuonEG_C_v4.root
2026-06-03 21:09:30,642 - INFO - [2023BPix] MISSING_CENTRAL: ZG1E2Mu/Central/jets/4/phi in Skim_TriLep_MuonEG_D_v1.root
2026-06-03 21:09:30,642 - INFO - [2023BPix] MISSING_CENTRAL: ZG1E2Mu/Central/jets/4/phi in Skim_TriLep_MuonEG_D_v2.root
2026-06-03 21:09:35,418 - INFO - [2022] MISSING_CENTRAL: ZG1E2Mu/Central/jets/4/phi in Skim_TriLep_MuonEG_C.root
2026-06-03 21:09:35,418 - INFO - [2022] MISSING_CENTRAL: ZG1E2Mu/Central/jets/4/phi in Skim_TriLep_MuonEG_D.root
2026-06-03 21:09:35,419 - INFO - [2022EE] MISSING_CENTRAL: ZG1E2Mu/Central/jets/4/phi in Skim_TriLep_MuonEG_E.root
2026-06-03 21:09:35,419 - INFO - [2022EE] MISSING_CENTRAL: ZG1E2Mu/Central/jets/4/phi in Skim_TriLep_MuonEG_F.root
2026-06-03 21:09:35,419 - INFO - [2022EE] MISSING_CENTRAL: ZG1E2Mu/Central/jets/4/phi in Skim_TriLep_MuonEG_G.root
2026-06-03 21:09:35,420 - INFO - [2023] MISSING_CENTRAL: ZG1E2Mu/Central/jets/4/phi in Skim_TriLep_MuonEG_C_v1.root
2026-06-03 21:09:35,420 - INFO - [2023] MISSING_CENTRAL: ZG1E2Mu/Central/jets/4/phi in Skim_TriLep_MuonEG_C_v2.root
2026-06-03 21:09:35,420 - INFO - [2023] MISSING_CENTRAL: ZG1E2Mu/Central/jets/4/phi in Skim_TriLep_MuonEG_C_v3.root
2026-06-03 21:09:35,420 - INFO - [2023] MISSING_CENTRAL: ZG1E2Mu/Central/jets/4/phi in Skim_TriLep_MuonEG_C_v4.root
2026-06-03 21:09:35,421 - INFO - [2023BPix] MISSING_CENTRAL: ZG1E2Mu/Central/jets/4/phi in Skim_TriLep_MuonEG_D_v1.root
2026-06-03 21:09:35,421 - INFO - [2023BPix] MISSING_CENTRAL: ZG1E2Mu/Central/jets/4/phi in Skim_TriLep_MuonEG_D_v2.root
2026-06-12 13:59:16,829 - INFO - [2022] MISSING_CENTRAL: ZG1E2Mu/Central/jets/4/phi in Skim_TriLep_MuonEG_C.root
2026-06-12 13:59:16,830 - INFO - [2022] MISSING_CENTRAL: ZG1E2Mu/Central/jets/4/phi in Skim_TriLep_MuonEG_D.root
2026-06-12 13:59:16,830 - INFO - [2022EE] MISSING_CENTRAL: ZG1E2Mu/Central/jets/4/phi in Skim_TriLep_MuonEG_E.root
2026-06-12 13:59:16,831 - INFO - [2022EE] MISSING_CENTRAL: ZG1E2Mu/Central/jets/4/phi in Skim_TriLep_MuonEG_F.root
2026-06-12 13:59:16,831 - INFO - [2022EE] MISSING_CENTRAL: ZG1E2Mu/Central/jets/4/phi in Skim_TriLep_MuonEG_G.root
2026-06-12 13:59:16,831 - INFO - [2023] MISSING_CENTRAL: ZG1E2Mu/Central/jets/4/phi in Skim_TriLep_MuonEG_C_v1.root
2026-06-12 13:59:16,831 - INFO - [2023] MISSING_CENTRAL: ZG1E2Mu/Central/jets/4/phi in Skim_TriLep_MuonEG_C_v2.root
2026-06-12 13:59:16,832 - INFO - [2023] MISSING_CENTRAL: ZG1E2Mu/Central/jets/4/phi in Skim_TriLep_MuonEG_C_v3.root
2026-06-12 13:59:16,832 - INFO - [2023] MISSING_CENTRAL: ZG1E2Mu/Central/jets/4/phi in Skim_TriLep_MuonEG_C_v4.root
2026-06-12 13:59:16,832 - INFO - [2023BPix] MISSING_CENTRAL: ZG1E2Mu/Central/jets/4/phi in Skim_TriLep_MuonEG_D_v1.root
2026-06-12 13:59:16,833 - INFO - [2023BPix] MISSING_CENTRAL: ZG1E2Mu/Central/jets/4/phi in Skim_TriLep_MuonEG_D_v2.root
2026-06-12 13:59:21,775 - INFO - [2022] MISSING_CENTRAL: ZG1E2Mu/Central/jets/4/phi in Skim_TriLep_MuonEG_C.root
2026-06-12 13:59:21,776 - INFO - [2022] MISSING_CENTRAL: ZG1E2Mu/Central/jets/4/phi in Skim_TriLep_MuonEG_D.root
2026-06-12 13:59:21,776 - INFO - [2022EE] MISSING_CENTRAL: ZG1E2Mu/Central/jets/4/phi in Skim_TriLep_MuonEG_E.root
2026-06-12 13:59:21,777 - INFO - [2022EE] MISSING_CENTRAL: ZG1E2Mu/Central/jets/4/phi in Skim_TriLep_MuonEG_F.root
2026-06-12 13:59:21,777 - INFO - [2022EE] MISSING_CENTRAL: ZG1E2Mu/Central/jets/4/phi in Skim_TriLep_MuonEG_G.root
2026-06-12 13:59:21,777 - INFO - [2023] MISSING_CENTRAL: ZG1E2Mu/Central/jets/4/phi in Skim_TriLep_MuonEG_C_v1.root
2026-06-12 13:59:21,777 - INFO - [2023] MISSING_CENTRAL: ZG1E2Mu/Central/jets/4/phi in Skim_TriLep_MuonEG_C_v2.root
2026-06-12 13:59:21,778 - INFO - [2023] MISSING_CENTRAL: ZG1E2Mu/Central/jets/4/phi in Skim_TriLep_MuonEG_C_v3.root
2026-06-12 13:59:21,778 - INFO - [2023] MISSING_CENTRAL: ZG1E2Mu/Central/jets/4/phi in Skim_TriLep_MuonEG_C_v4.root
2026-06-12 13:59:21,778 - INFO - [2023BPix] MISSING_CENTRAL: ZG1E2Mu/Central/jets/4/phi in Skim_TriLep_MuonEG_D_v1.root
2026-06-12 13:59:21,779 - INFO - [2023BPix] MISSING_CENTRAL: ZG1E2Mu/Central/jets/4/phi in Skim_TriLep_MuonEG_D_v2.root
2026-06-12 14:11:22,371 - INFO - [2022] MISSING_CENTRAL: ZG1E2Mu/Central/jets/4/phi in Skim_TriLep_MuonEG_C.root
2026-06-12 14:11:22,372 - INFO - [2022] MISSING_CENTRAL: ZG1E2Mu/Central/jets/4/phi in Skim_TriLep_MuonEG_D.root
2026-06-12 14:11:22,372 - INFO - [2022EE] MISSING_CENTRAL: ZG1E2Mu/Central/jets/4/phi in Skim_TriLep_MuonEG_E.root
2026-06-12 14:11:22,373 - INFO - [2022EE] MISSING_CENTRAL: ZG1E2Mu/Central/jets/4/phi in Skim_TriLep_MuonEG_F.root
2026-06-12 14:11:22,373 - INFO - [2022EE] MISSING_CENTRAL: ZG1E2Mu/Central/jets/4/phi in Skim_TriLep_MuonEG_G.root
2026-06-12 14:11:22,373 - INFO - [2023] MISSING_CENTRAL: ZG1E2Mu/Central/jets/4/phi in Skim_TriLep_MuonEG_C_v1.root
2026-06-12 14:11:22,374 - INFO - [2023] MISSING_CENTRAL: ZG1E2Mu/Central/jets/4/phi in Skim_TriLep_MuonEG_C_v2.root
2026-06-12 14:11:22,374 - INFO - [2023] MISSING_CENTRAL: ZG1E2Mu/Central/jets/4/phi in Skim_TriLep_MuonEG_C_v3.root
2026-06-12 14:11:22,374 - INFO - [2023] MISSING_CENTRAL: ZG1E2Mu/Central/jets/4/phi in Skim_TriLep_MuonEG_C_v4.root
2026-06-12 14:11:22,375 - INFO - [2023BPix] MISSING_CENTRAL: ZG1E2Mu/Central/jets/4/phi in Skim_TriLep_MuonEG_D_v1.root
2026-06-12 14:11:22,375 - INFO - [2023BPix] MISSING_CENTRAL: ZG1E2Mu/Central/jets/4/phi in Skim_TriLep_MuonEG_D_v2.root
2026-06-12 14:11:27,254 - INFO - [2022] MISSING_CENTRAL: ZG1E2Mu/Central/jets/4/phi in Skim_TriLep_MuonEG_C.root
2026-06-12 14:11:27,255 - INFO - [2022] MISSING_CENTRAL: ZG1E2Mu/Central/jets/4/phi in Skim_TriLep_MuonEG_D.root
2026-06-12 14:11:27,255 - INFO - [2022EE] MISSING_CENTRAL: ZG1E2Mu/Central/jets/4/phi in Skim_TriLep_MuonEG_E.root
2026-06-12 14:11:27,256 - INFO - [2022EE] MISSING_CENTRAL: ZG1E2Mu/Central/jets/4/phi in Skim_TriLep_MuonEG_F.root
2026-06-12 14:11:27,256 - INFO - [2022EE] MISSING_CENTRAL: ZG1E2Mu/Central/jets/4/phi in Skim_TriLep_MuonEG_G.root
2026-06-12 14:11:27,256 - INFO - [2023] MISSING_CENTRAL: ZG1E2Mu/Central/jets/4/phi in Skim_TriLep_MuonEG_C_v1.root
2026-06-12 14:11:27,257 - INFO - [2023] MISSING_CENTRAL: ZG1E2Mu/Central/jets/4/phi in Skim_TriLep_MuonEG_C_v2.root
2026-06-12 14:11:27,257 - INFO - [2023] MISSING_CENTRAL: ZG1E2Mu/Central/jets/4/phi in Skim_TriLep_MuonEG_C_v3.root
2026-06-12 14:11:27,257 - INFO - [2023] MISSING_CENTRAL: ZG1E2Mu/Central/jets/4/phi in Skim_TriLep_MuonEG_C_v4.root
2026-06-12 14:11:27,258 - INFO - [2023BPix] MISSING_CENTRAL: ZG1E2Mu/Central/jets/4/phi in Skim_TriLep_MuonEG_D_v1.root
2026-06-12 14:11:27,258 - INFO - [2023BPix] MISSING_CENTRAL: ZG1E2Mu/Central/jets/4/phi in Skim_TriLep_MuonEG_D_v2.root
2026-06-12 14:35:17,654 - INFO - [2022] MISSING_CENTRAL: ZG1E2Mu/Central/jets/4/phi in Skim_TriLep_MuonEG_C.root
2026-06-12 14:35:17,654 - INFO - [2022] MISSING_CENTRAL: ZG1E2Mu/Central/jets/4/phi in Skim_TriLep_MuonEG_D.root
2026-06-12 14:35:17,655 - INFO - [2022EE] MISSING_CENTRAL: ZG1E2Mu/Central/jets/4/phi in Skim_TriLep_MuonEG_E.root
2026-06-12 14:35:17,655 - INFO - [2022EE] MISSING_CENTRAL: ZG1E2Mu/Central/jets/4/phi in Skim_TriLep_MuonEG_F.root
2026-06-12 14:35:17,655 - INFO - [2022EE] MISSING_CENTRAL: ZG1E2Mu/Central/jets/4/phi in Skim_TriLep_MuonEG_G.root
2026-06-12 14:35:17,656 - INFO - [2023] MISSING_CENTRAL: ZG1E2Mu/Central/jets/4/phi in Skim_TriLep_MuonEG_C_v1.root
2026-06-12 14:35:17,656 - INFO - [2023] MISSING_CENTRAL: ZG1E2Mu/Central/jets/4/phi in Skim_TriLep_MuonEG_C_v2.root
2026-06-12 14:35:17,656 - INFO - [2023] MISSING_CENTRAL: ZG1E2Mu/Central/jets/4/phi in Skim_TriLep_MuonEG_C_v3.root
2026-06-12 14:35:17,657 - INFO - [2023] MISSING_CENTRAL: ZG1E2Mu/Central/jets/4/phi in Skim_TriLep_MuonEG_C_v4.root
2026-06-12 14:35:17,657 - INFO - [2023BPix] MISSING_CENTRAL: ZG1E2Mu/Central/jets/4/phi in Skim_TriLep_MuonEG_D_v1.root
2026-06-12 14:35:17,657 - INFO - [2023BPix] MISSING_CENTRAL: ZG1E2Mu/Central/jets/4/phi in Skim_TriLep_MuonEG_D_v2.root
2026-06-12 14:35:22,520 - INFO - [2022] MISSING_CENTRAL: ZG1E2Mu/Central/jets/4/phi in Skim_TriLep_MuonEG_C.root
2026-06-12 14:35:22,521 - INFO - [2022] MISSING_CENTRAL: ZG1E2Mu/Central/jets/4/phi in Skim_TriLep_MuonEG_D.root
2026-06-12 14:35:22,521 - INFO - [2022EE] MISSING_CENTRAL: ZG1E2Mu/Central/jets/4/phi in Skim_TriLep_MuonEG_E.root
2026-06-12 14:35:22,522 - INFO - [2022EE] MISSING_CENTRAL: ZG1E2Mu/Central/jets/4/phi in Skim_TriLep_MuonEG_F.root
2026-06-12 14:35:22,522 - INFO - [2022EE] MISSING_CENTRAL: ZG1E2Mu/Central/jets/4/phi in Skim_TriLep_MuonEG_G.root
2026-06-12 14:35:22,522 - INFO - [2023] MISSING_CENTRAL: ZG1E2Mu/Central/jets/4/phi in Skim_TriLep_MuonEG_C_v1.root
2026-06-12 14:35:22,523 - INFO - [2023] MISSING_CENTRAL: ZG1E2Mu/Central/jets/4/phi in Skim_TriLep_MuonEG_C_v2.root
2026-06-12 14:35:22,523 - INFO - [2023] MISSING_CENTRAL: ZG1E2Mu/Central/jets/4/phi in Skim_TriLep_MuonEG_C_v3.root
2026-06-12 14:35:22,523 - INFO - [2023] MISSING_CENTRAL: ZG1E2Mu/Central/jets/4/phi in Skim_TriLep_MuonEG_C_v4.root
2026-06-12 14:35:22,524 - INFO - [2023BPix] MISSING_CENTRAL: ZG1E2Mu/Central/jets/4/phi in Skim_TriLep_MuonEG_D_v1.root
2026-06-12 14:35:22,524 - INFO - [2023BPix] MISSING_CENTRAL: ZG1E2Mu/Central/jets/4/phi in Skim_TriLep_MuonEG_D_v2.root
