2025-09-24 15:56:50,435 - INFO - [2022] MISSING_CENTRAL: SR3Mu/Central/bjets/3/mass in Skim_TriLep_DoubleMuon_C.root
2025-09-24 15:56:50,447 - INFO - [2022] MISSING_CENTRAL: SR3Mu/Central/bjets/3/mass in Skim_TriLep_Muon_D.root
2025-09-24 15:56:50,458 - INFO - [2022] MISSING_CENTRAL: SR3Mu/Central/bjets/3/mass in Skim_TriLep_DoubleMuon_C.root
2025-09-24 15:56:50,552 - INFO - [2022] MISSING_CENTRAL: SR3Mu/Central/bjets/3/mass in Skim_TriLep_Muon_D.root
2025-09-24 15:56:50,552 - INFO - [2022] MISSING_CENTRAL: SR3Mu/Central/bjets/3/mass in Skim_TriLep_DYJets.root
2025-09-24 15:56:50,553 - INFO - [2022] MISSING_CENTRAL: SR3Mu/Central/bjets/3/mass in Skim_TriLep_DYJets10to50.root
2025-09-24 15:56:50,553 - INFO - [2022] MISSING_CENTRAL: SR3Mu/Central/bjets/3/mass in Skim_TriLep_DYGTo2LG_MLL4to50_PTG10to100.root
2025-09-24 15:56:50,553 - INFO - [2022] MISSING_CENTRAL: SR3Mu/Central/bjets/3/mass in Skim_TriLep_DYGTo2LG_MLL4to50_PTG100to200.root
2025-09-24 15:56:50,553 - INFO - [2022] MISSING_CENTRAL: SR3Mu/Central/bjets/3/mass in Skim_TriLep_DYGTo2LG_MLL4to50_PTG200toInf.root
2025-09-24 15:56:50,554 - INFO - [2022] MISSING_CENTRAL: SR3Mu/Central/bjets/3/mass in Skim_TriLep_DYGTo2LG_MLL50_PTG10to100.root
2025-09-24 15:56:50,554 - INFO - [2022] MISSING_CENTRAL: SR3Mu/Central/bjets/3/mass in Skim_TriLep_DYGTo2LG_MLL50_PTG100to200.root
2025-09-24 15:56:50,554 - INFO - [2022] MISSING_CENTRAL: SR3Mu/Central/bjets/3/mass in Skim_TriLep_DYGTo2LG_MLL50_PTG200toInf.root
2025-09-24 15:56:50,560 - INFO - [2022] MISSING_CENTRAL: SR3Mu/Central/bjets/3/mass in Skim_TriLep_TTG_PTG100to200.root
2025-09-24 15:56:50,560 - INFO - [2022] MISSING_CENTRAL: SR3Mu/Central/bjets/3/mass in Skim_TriLep_TTG_PTG200toInf.root
2025-09-24 15:56:50,561 - INFO - [2022] MISSING_CENTRAL: SR3Mu/Central/bjets/3/mass in Skim_TriLep_TTWToLNu.root
2025-09-24 15:56:50,574 - INFO - [2022] MISSING_CENTRAL: SR3Mu/Central/bjets/3/mass in Skim_TriLep_WZTo3LNu_powheg.root
2025-09-24 15:56:50,574 - INFO - [2022] MISSING_CENTRAL: SR3Mu/Central/bjets/3/mass in Skim_TriLep_ZZTo4L_powheg.root
2025-09-24 15:56:50,625 - INFO - [2022] MISSING_CENTRAL: SR3Mu/Central/bjets/3/mass in Skim_TriLep_WWW.root
2025-09-24 15:56:50,627 - INFO - [2022] MISSING_CENTRAL: SR3Mu/Central/bjets/3/mass in Skim_TriLep_WWZ.root
2025-09-24 15:56:50,627 - INFO - [2022] MISSING_CENTRAL: SR3Mu/Central/bjets/3/mass in Skim_TriLep_WZZ.root
2025-09-24 15:56:50,636 - INFO - [2022] MISSING_CENTRAL: SR3Mu/Central/bjets/3/mass in Skim_TriLep_VBFHToZZTo4L.root
2025-09-24 15:56:50,636 - INFO - [2022] MISSING_CENTRAL: SR3Mu/Central/bjets/3/mass in Skim_TriLep_ggHToZZTo4L.root
2025-10-02 21:17:40,895 - INFO - [2022] MISSING_CENTRAL: SR3Mu/Central/bjets/3/mass in Skim_TriLep_DoubleMuon_C.root
2025-10-02 21:17:41,052 - INFO - [2022] MISSING_CENTRAL: SR3Mu/Central/bjets/3/mass in Skim_TriLep_Muon_D.root
2025-10-02 21:17:41,152 - INFO - [2022] MISSING_CENTRAL: SR3Mu/Central/bjets/3/mass in Skim_TriLep_DoubleMuon_C.root
2025-10-02 21:17:41,195 - INFO - [2022] MISSING_CENTRAL: SR3Mu/Central/bjets/3/mass in Skim_TriLep_Muon_D.root
2025-10-02 21:17:41,196 - INFO - [2022] MISSING_CENTRAL: SR3Mu/Central/bjets/3/mass in Skim_TriLep_DYJets.root
2025-10-02 21:17:41,197 - INFO - [2022] MISSING_CENTRAL: SR3Mu/Central/bjets/3/mass in Skim_TriLep_DYJets10to50.root
2025-10-02 21:17:41,199 - INFO - [2022] MISSING_CENTRAL: SR3Mu/Central/bjets/3/mass in Skim_TriLep_DYGTo2LG_MLL4to50_PTG10to100.root
2025-10-02 21:17:41,200 - INFO - [2022] MISSING_CENTRAL: SR3Mu/Central/bjets/3/mass in Skim_TriLep_DYGTo2LG_MLL4to50_PTG100to200.root
2025-10-02 21:17:41,206 - INFO - [2022] MISSING_CENTRAL: SR3Mu/Central/bjets/3/mass in Skim_TriLep_DYGTo2LG_MLL4to50_PTG200toInf.root
2025-10-02 21:17:41,209 - INFO - [2022] MISSING_CENTRAL: SR3Mu/Central/bjets/3/mass in Skim_TriLep_DYGTo2LG_MLL50_PTG10to100.root
2025-10-02 21:17:41,218 - INFO - [2022] MISSING_CENTRAL: SR3Mu/Central/bjets/3/mass in Skim_TriLep_DYGTo2LG_MLL50_PTG100to200.root
2025-10-02 21:17:41,219 - INFO - [2022] MISSING_CENTRAL: SR3Mu/Central/bjets/3/mass in Skim_TriLep_DYGTo2LG_MLL50_PTG200toInf.root
2025-10-02 21:17:41,242 - INFO - [2022] MISSING_CENTRAL: SR3Mu/Central/bjets/3/mass in Skim_TriLep_TTG_PTG100to200.root
2025-10-02 21:17:41,244 - INFO - [2022] MISSING_CENTRAL: SR3Mu/Central/bjets/3/mass in Skim_TriLep_TTG_PTG200toInf.root
2025-10-02 21:17:41,245 - INFO - [2022] MISSING_CENTRAL: SR3Mu/Central/bjets/3/mass in Skim_TriLep_TTWToLNu.root
2025-10-02 21:17:41,438 - INFO - [2022] MISSING_CENTRAL: SR3Mu/Central/bjets/3/mass in Skim_TriLep_WZTo3LNu_powheg.root
2025-10-02 21:17:41,445 - INFO - [2022] MISSING_CENTRAL: SR3Mu/Central/bjets/3/mass in Skim_TriLep_ZZTo4L_powheg.root
2025-10-02 21:17:41,506 - INFO - [2022] MISSING_CENTRAL: SR3Mu/Central/bjets/3/mass in Skim_TriLep_WWW.root
2025-10-02 21:17:41,507 - INFO - [2022] MISSING_CENTRAL: SR3Mu/Central/bjets/3/mass in Skim_TriLep_WWZ.root
2025-10-02 21:17:41,510 - INFO - [2022] MISSING_CENTRAL: SR3Mu/Central/bjets/3/mass in Skim_TriLep_WZZ.root
2025-10-02 21:17:41,594 - INFO - [2022] MISSING_CENTRAL: SR3Mu/Central/bjets/3/mass in Skim_TriLep_VBFHToZZTo4L.root
2025-10-02 21:17:41,599 - INFO - [2022] MISSING_CENTRAL: SR3Mu/Central/bjets/3/mass in Skim_TriLep_ggHToZZTo4L.root
2025-10-03 00:24:43,029 - INFO - [2022] MISSING_CENTRAL: SR3Mu/Central/bjets/3/mass in Skim_TriLep_DoubleMuon_C.root
2025-10-03 00:24:43,052 - INFO - [2022] MISSING_CENTRAL: SR3Mu/Central/bjets/3/mass in Skim_TriLep_Muon_D.root
2025-10-03 00:24:43,074 - INFO - [2022] MISSING_CENTRAL: SR3Mu/Central/bjets/3/mass in Skim_TriLep_DoubleMuon_C.root
2025-10-03 00:24:43,080 - INFO - [2022] MISSING_CENTRAL: SR3Mu/Central/bjets/3/mass in Skim_TriLep_Muon_D.root
2025-10-03 00:24:43,080 - INFO - [2022] MISSING_CENTRAL: SR3Mu/Central/bjets/3/mass in Skim_TriLep_DYJets.root
2025-10-03 00:24:43,080 - INFO - [2022] MISSING_CENTRAL: SR3Mu/Central/bjets/3/mass in Skim_TriLep_DYJets10to50.root
2025-10-03 00:24:43,081 - INFO - [2022] MISSING_CENTRAL: SR3Mu/Central/bjets/3/mass in Skim_TriLep_DYGTo2LG_MLL4to50_PTG10to100.root
2025-10-03 00:24:43,081 - INFO - [2022] MISSING_CENTRAL: SR3Mu/Central/bjets/3/mass in Skim_TriLep_DYGTo2LG_MLL4to50_PTG100to200.root
2025-10-03 00:24:43,081 - INFO - [2022] MISSING_CENTRAL: SR3Mu/Central/bjets/3/mass in Skim_TriLep_DYGTo2LG_MLL4to50_PTG200toInf.root
2025-10-03 00:24:43,082 - INFO - [2022] MISSING_CENTRAL: SR3Mu/Central/bjets/3/mass in Skim_TriLep_DYGTo2LG_MLL50_PTG10to100.root
2025-10-03 00:24:43,082 - INFO - [2022] MISSING_CENTRAL: SR3Mu/Central/bjets/3/mass in Skim_TriLep_DYGTo2LG_MLL50_PTG100to200.root
2025-10-03 00:24:43,082 - INFO - [2022] MISSING_CENTRAL: SR3Mu/Central/bjets/3/mass in Skim_TriLep_DYGTo2LG_MLL50_PTG200toInf.root
2025-10-03 00:24:43,090 - INFO - [2022] MISSING_CENTRAL: SR3Mu/Central/bjets/3/mass in Skim_TriLep_TTG_PTG100to200.root
2025-10-03 00:24:43,090 - INFO - [2022] MISSING_CENTRAL: SR3Mu/Central/bjets/3/mass in Skim_TriLep_TTG_PTG200toInf.root
2025-10-03 00:24:43,091 - INFO - [2022] MISSING_CENTRAL: SR3Mu/Central/bjets/3/mass in Skim_TriLep_TTWToLNu.root
2025-10-03 00:24:43,108 - INFO - [2022] MISSING_CENTRAL: SR3Mu/Central/bjets/3/mass in Skim_TriLep_WZTo3LNu_powheg.root
2025-10-03 00:24:43,108 - INFO - [2022] MISSING_CENTRAL: SR3Mu/Central/bjets/3/mass in Skim_TriLep_ZZTo4L_powheg.root
2025-10-03 00:24:43,137 - INFO - [2022] MISSING_CENTRAL: SR3Mu/Central/bjets/3/mass in Skim_TriLep_WWW.root
2025-10-03 00:24:43,137 - INFO - [2022] MISSING_CENTRAL: SR3Mu/Central/bjets/3/mass in Skim_TriLep_WWZ.root
2025-10-03 00:24:43,138 - INFO - [2022] MISSING_CENTRAL: SR3Mu/Central/bjets/3/mass in Skim_TriLep_WZZ.root
2025-10-03 00:24:43,155 - INFO - [2022] MISSING_CENTRAL: SR3Mu/Central/bjets/3/mass in Skim_TriLep_VBFHToZZTo4L.root
2025-10-03 00:24:43,156 - INFO - [2022] MISSING_CENTRAL: SR3Mu/Central/bjets/3/mass in Skim_TriLep_ggHToZZTo4L.root
2025-11-07 13:09:52,941 - INFO - [2022] MISSING_FILE: /home/choij/Sync/workspace/ChargedHiggsAnalysisV3/SKNanoOutput/PromptSelector/Run3Mu/2022/Skim_TriLep_DoubleMuon_C.root
2025-11-07 13:09:52,942 - INFO - [2022] MISSING_FILE: /home/choij/Sync/workspace/ChargedHiggsAnalysisV3/SKNanoOutput/PromptSelector/Run3Mu/2022/Skim_TriLep_Muon_C.root
2025-11-07 13:09:52,942 - INFO - [2022] MISSING_FILE: /home/choij/Sync/workspace/ChargedHiggsAnalysisV3/SKNanoOutput/PromptSelector/Run3Mu/2022/Skim_TriLep_Muon_D.root
2025-11-07 14:07:32,872 - INFO - [2022] MISSING_FILE: /home/choij/Sync/workspace/ChargedHiggsAnalysisV3/SKNanoOutput/PromptSelector/Run3Mu/2022/Skim_TriLep_DoubleMuon_C.root
2025-11-07 14:07:32,872 - INFO - [2022] MISSING_FILE: /home/choij/Sync/workspace/ChargedHiggsAnalysisV3/SKNanoOutput/PromptSelector/Run3Mu/2022/Skim_TriLep_Muon_C.root
2025-11-07 14:07:32,872 - INFO - [2022] MISSING_FILE: /home/choij/Sync/workspace/ChargedHiggsAnalysisV3/SKNanoOutput/PromptSelector/Run3Mu/2022/Skim_TriLep_Muon_D.root
2025-11-10 12:22:53,823 - INFO - [2022] MISSING_CENTRAL: SR3Mu/Central/bjets/3/mass in Skim_TriLep_DoubleMuon_C.root
2025-11-10 12:22:53,858 - INFO - [2022] MISSING_CENTRAL: SR3Mu/Central/bjets/3/mass in Skim_TriLep_Muon_D.root
2025-11-10 12:22:53,881 - INFO - [2022] MISSING_CENTRAL: SR3Mu/Central/bjets/3/mass in Skim_TriLep_DoubleMuon_C.root
2025-11-10 12:22:53,891 - INFO - [2022] MISSING_CENTRAL: SR3Mu/Central/bjets/3/mass in Skim_TriLep_Muon_D.root
2025-11-10 12:22:53,892 - INFO - [2022] MISSING_CENTRAL: SR3Mu/Central/bjets/3/mass in Skim_TriLep_DYJets.root
2025-11-10 12:22:53,892 - INFO - [2022] MISSING_CENTRAL: SR3Mu/Central/bjets/3/mass in Skim_TriLep_DYJets10to50.root
2025-11-10 12:22:53,892 - INFO - [2022] MISSING_CENTRAL: SR3Mu/Central/bjets/3/mass in Skim_TriLep_DYGTo2LG_MLL4to50_PTG10to100.root
2025-11-10 12:22:53,893 - INFO - [2022] MISSING_CENTRAL: SR3Mu/Central/bjets/3/mass in Skim_TriLep_DYGTo2LG_MLL4to50_PTG100to200.root
2025-11-10 12:22:53,893 - INFO - [2022] MISSING_CENTRAL: SR3Mu/Central/bjets/3/mass in Skim_TriLep_DYGTo2LG_MLL4to50_PTG200toInf.root
2025-11-10 12:22:53,894 - INFO - [2022] MISSING_CENTRAL: SR3Mu/Central/bjets/3/mass in Skim_TriLep_DYGTo2LG_MLL50_PTG10to100.root
2025-11-10 12:22:53,894 - INFO - [2022] MISSING_CENTRAL: SR3Mu/Central/bjets/3/mass in Skim_TriLep_DYGTo2LG_MLL50_PTG100to200.root
2025-11-10 12:22:53,895 - INFO - [2022] MISSING_CENTRAL: SR3Mu/Central/bjets/3/mass in Skim_TriLep_DYGTo2LG_MLL50_PTG200toInf.root
2025-11-10 12:22:53,906 - INFO - [2022] MISSING_CENTRAL: SR3Mu/Central/bjets/3/mass in Skim_TriLep_TTG_PTG100to200.root
2025-11-10 12:22:53,907 - INFO - [2022] MISSING_CENTRAL: SR3Mu/Central/bjets/3/mass in Skim_TriLep_TTG_PTG200toInf.root
2025-11-10 12:22:53,907 - INFO - [2022] MISSING_CENTRAL: SR3Mu/Central/bjets/3/mass in Skim_TriLep_TTWToLNu.root
2025-11-10 12:22:53,928 - INFO - [2022] MISSING_CENTRAL: SR3Mu/Central/bjets/3/mass in Skim_TriLep_WZTo3LNu_powheg.root
2025-11-10 12:22:53,929 - INFO - [2022] MISSING_CENTRAL: SR3Mu/Central/bjets/3/mass in Skim_TriLep_ZZTo4L_powheg.root
2025-11-10 12:22:53,943 - INFO - [2022] MISSING_CENTRAL: SR3Mu/Central/bjets/3/mass in Skim_TriLep_WWW.root
2025-11-10 12:22:53,944 - INFO - [2022] MISSING_CENTRAL: SR3Mu/Central/bjets/3/mass in Skim_TriLep_WWZ.root
2025-11-10 12:22:53,945 - INFO - [2022] MISSING_CENTRAL: SR3Mu/Central/bjets/3/mass in Skim_TriLep_WZZ.root
2025-11-10 12:22:53,959 - INFO - [2022] MISSING_CENTRAL: SR3Mu/Central/bjets/3/mass in Skim_TriLep_VBFHToZZTo4L.root
2025-11-10 12:22:53,960 - INFO - [2022] MISSING_CENTRAL: SR3Mu/Central/bjets/3/mass in Skim_TriLep_ggHToZZTo4L.root
2025-11-13 11:12:34,737 - INFO - [2022] MISSING_CENTRAL: SR3Mu/Central/bjets/3/mass in Skim_TriLep_DoubleMuon_C.root
2025-11-13 11:12:34,902 - INFO - [2022] MISSING_CENTRAL: SR3Mu/Central/bjets/3/mass in Skim_TriLep_Muon_D.root
2025-11-13 11:12:34,936 - INFO - [2022] MISSING_CENTRAL: SR3Mu/Central/bjets/3/mass in Skim_TriLep_DoubleMuon_C.root
2025-11-13 11:12:34,958 - INFO - [2022] MISSING_CENTRAL: SR3Mu/Central/bjets/3/mass in Skim_TriLep_Muon_D.root
2025-11-13 11:12:34,961 - INFO - [2022] MISSING_CENTRAL: SR3Mu/Central/bjets/3/mass in Skim_TriLep_DYJets.root
2025-11-13 11:12:34,963 - INFO - [2022] MISSING_CENTRAL: SR3Mu/Central/bjets/3/mass in Skim_TriLep_DYJets10to50.root
2025-11-13 11:12:34,966 - INFO - [2022] MISSING_CENTRAL: SR3Mu/Central/bjets/3/mass in Skim_TriLep_DYGTo2LG_MLL4to50_PTG10to100.root
2025-11-13 11:12:34,967 - INFO - [2022] MISSING_CENTRAL: SR3Mu/Central/bjets/3/mass in Skim_TriLep_DYGTo2LG_MLL4to50_PTG100to200.root
2025-11-13 11:12:34,969 - INFO - [2022] MISSING_CENTRAL: SR3Mu/Central/bjets/3/mass in Skim_TriLep_DYGTo2LG_MLL4to50_PTG200toInf.root
2025-11-13 11:12:34,971 - INFO - [2022] MISSING_CENTRAL: SR3Mu/Central/bjets/3/mass in Skim_TriLep_DYGTo2LG_MLL50_PTG10to100.root
2025-11-13 11:12:34,973 - INFO - [2022] MISSING_CENTRAL: SR3Mu/Central/bjets/3/mass in Skim_TriLep_DYGTo2LG_MLL50_PTG100to200.root
2025-11-13 11:12:34,975 - INFO - [2022] MISSING_CENTRAL: SR3Mu/Central/bjets/3/mass in Skim_TriLep_DYGTo2LG_MLL50_PTG200toInf.root
2025-11-13 11:12:34,996 - INFO - [2022] MISSING_CENTRAL: SR3Mu/Central/bjets/3/mass in Skim_TriLep_TTG_PTG100to200.root
2025-11-13 11:12:35,000 - INFO - [2022] MISSING_CENTRAL: SR3Mu/Central/bjets/3/mass in Skim_TriLep_TTG_PTG200toInf.root
2025-11-13 11:12:35,002 - INFO - [2022] MISSING_CENTRAL: SR3Mu/Central/bjets/3/mass in Skim_TriLep_TTWToLNu.root
2025-11-13 11:12:35,061 - INFO - [2022] MISSING_CENTRAL: SR3Mu/Central/bjets/3/mass in Skim_TriLep_WZTo3LNu_powheg.root
2025-11-13 11:12:35,063 - INFO - [2022] MISSING_CENTRAL: SR3Mu/Central/bjets/3/mass in Skim_TriLep_ZZTo4L_powheg.root
2025-11-13 11:12:35,088 - INFO - [2022] MISSING_CENTRAL: SR3Mu/Central/bjets/3/mass in Skim_TriLep_WWW.root
2025-11-13 11:12:35,089 - INFO - [2022] MISSING_CENTRAL: SR3Mu/Central/bjets/3/mass in Skim_TriLep_WWZ.root
2025-11-13 11:12:35,090 - INFO - [2022] MISSING_CENTRAL: SR3Mu/Central/bjets/3/mass in Skim_TriLep_WZZ.root
2025-11-13 11:12:35,144 - INFO - [2022] MISSING_CENTRAL: SR3Mu/Central/bjets/3/mass in Skim_TriLep_VBFHToZZTo4L.root
2025-11-13 11:12:35,145 - INFO - [2022] MISSING_CENTRAL: SR3Mu/Central/bjets/3/mass in Skim_TriLep_ggHToZZTo4L.root
2025-11-13 19:55:14,849 - INFO - [2022] MISSING_CENTRAL: SR3Mu/Central/bjets/3/mass in Skim_TriLep_DoubleMuon_C.root
2025-11-13 19:55:14,911 - INFO - [2022] MISSING_CENTRAL: SR3Mu/Central/bjets/3/mass in Skim_TriLep_Muon_D.root
2025-11-13 19:55:14,938 - INFO - [2022] MISSING_CENTRAL: SR3Mu/Central/bjets/3/mass in Skim_TriLep_DoubleMuon_C.root
2025-11-13 19:55:14,950 - INFO - [2022] MISSING_CENTRAL: SR3Mu/Central/bjets/3/mass in Skim_TriLep_Muon_D.root
2025-11-13 19:55:14,950 - INFO - [2022] MISSING_CENTRAL: SR3Mu/Central/bjets/3/mass in Skim_TriLep_DYJets.root
2025-11-13 19:55:14,951 - INFO - [2022] MISSING_CENTRAL: SR3Mu/Central/bjets/3/mass in Skim_TriLep_DYJets10to50.root
2025-11-13 19:55:14,951 - INFO - [2022] MISSING_CENTRAL: SR3Mu/Central/bjets/3/mass in Skim_TriLep_DYGTo2LG_MLL4to50_PTG10to100.root
2025-11-13 19:55:14,952 - INFO - [2022] MISSING_CENTRAL: SR3Mu/Central/bjets/3/mass in Skim_TriLep_DYGTo2LG_MLL4to50_PTG100to200.root
2025-11-13 19:55:14,952 - INFO - [2022] MISSING_CENTRAL: SR3Mu/Central/bjets/3/mass in Skim_TriLep_DYGTo2LG_MLL4to50_PTG200toInf.root
2025-11-13 19:55:14,953 - INFO - [2022] MISSING_CENTRAL: SR3Mu/Central/bjets/3/mass in Skim_TriLep_DYGTo2LG_MLL50_PTG10to100.root
2025-11-13 19:55:14,954 - INFO - [2022] MISSING_CENTRAL: SR3Mu/Central/bjets/3/mass in Skim_TriLep_DYGTo2LG_MLL50_PTG100to200.root
2025-11-13 19:55:14,954 - INFO - [2022] MISSING_CENTRAL: SR3Mu/Central/bjets/3/mass in Skim_TriLep_DYGTo2LG_MLL50_PTG200toInf.root
2025-11-13 19:55:14,966 - INFO - [2022] MISSING_CENTRAL: SR3Mu/Central/bjets/3/mass in Skim_TriLep_TTG_PTG100to200.root
2025-11-13 19:55:14,966 - INFO - [2022] MISSING_CENTRAL: SR3Mu/Central/bjets/3/mass in Skim_TriLep_TTG_PTG200toInf.root
2025-11-13 19:55:14,967 - INFO - [2022] MISSING_CENTRAL: SR3Mu/Central/bjets/3/mass in Skim_TriLep_TTWToLNu.root
2025-11-13 19:55:14,989 - INFO - [2022] MISSING_CENTRAL: SR3Mu/Central/bjets/3/mass in Skim_TriLep_WZTo3LNu_powheg.root
2025-11-13 19:55:14,989 - INFO - [2022] MISSING_CENTRAL: SR3Mu/Central/bjets/3/mass in Skim_TriLep_ZZTo4L_powheg.root
2025-11-13 19:55:15,004 - INFO - [2022] MISSING_CENTRAL: SR3Mu/Central/bjets/3/mass in Skim_TriLep_WWW.root
2025-11-13 19:55:15,005 - INFO - [2022] MISSING_CENTRAL: SR3Mu/Central/bjets/3/mass in Skim_TriLep_WWZ.root
2025-11-13 19:55:15,005 - INFO - [2022] MISSING_CENTRAL: SR3Mu/Central/bjets/3/mass in Skim_TriLep_WZZ.root
2025-11-13 19:55:15,020 - INFO - [2022] MISSING_CENTRAL: SR3Mu/Central/bjets/3/mass in Skim_TriLep_VBFHToZZTo4L.root
2025-11-13 19:55:15,021 - INFO - [2022] MISSING_CENTRAL: SR3Mu/Central/bjets/3/mass in Skim_TriLep_ggHToZZTo4L.root
2025-11-13 20:02:09,461 - INFO - [2022] MISSING_CENTRAL: SR3Mu/Central/bjets/3/mass in Skim_TriLep_DoubleMuon_C.root
2025-11-13 20:02:09,510 - INFO - [2022] MISSING_CENTRAL: SR3Mu/Central/bjets/3/mass in Skim_TriLep_Muon_D.root
2025-11-13 20:02:09,570 - INFO - [2022] MISSING_CENTRAL: SR3Mu/Central/bjets/3/mass in Skim_TriLep_DoubleMuon_C.root
2025-11-13 20:02:09,589 - INFO - [2022] MISSING_CENTRAL: SR3Mu/Central/bjets/3/mass in Skim_TriLep_Muon_D.root
2025-11-13 20:02:09,590 - INFO - [2022] MISSING_CENTRAL: SR3Mu/Central/bjets/3/mass in Skim_TriLep_DYJets.root
2025-11-13 20:02:09,590 - INFO - [2022] MISSING_CENTRAL: SR3Mu/Central/bjets/3/mass in Skim_TriLep_DYJets10to50.root
2025-11-13 20:02:09,591 - INFO - [2022] MISSING_CENTRAL: SR3Mu/Central/bjets/3/mass in Skim_TriLep_DYGTo2LG_MLL4to50_PTG10to100.root
2025-11-13 20:02:09,591 - INFO - [2022] MISSING_CENTRAL: SR3Mu/Central/bjets/3/mass in Skim_TriLep_DYGTo2LG_MLL4to50_PTG100to200.root
2025-11-13 20:02:09,591 - INFO - [2022] MISSING_CENTRAL: SR3Mu/Central/bjets/3/mass in Skim_TriLep_DYGTo2LG_MLL4to50_PTG200toInf.root
2025-11-13 20:02:09,595 - INFO - [2022] MISSING_CENTRAL: SR3Mu/Central/bjets/3/mass in Skim_TriLep_DYGTo2LG_MLL50_PTG10to100.root
2025-11-13 20:02:09,596 - INFO - [2022] MISSING_CENTRAL: SR3Mu/Central/bjets/3/mass in Skim_TriLep_DYGTo2LG_MLL50_PTG100to200.root
2025-11-13 20:02:09,596 - INFO - [2022] MISSING_CENTRAL: SR3Mu/Central/bjets/3/mass in Skim_TriLep_DYGTo2LG_MLL50_PTG200toInf.root
2025-11-13 20:02:09,617 - INFO - [2022] MISSING_CENTRAL: SR3Mu/Central/bjets/3/mass in Skim_TriLep_TTG_PTG100to200.root
2025-11-13 20:02:09,617 - INFO - [2022] MISSING_CENTRAL: SR3Mu/Central/bjets/3/mass in Skim_TriLep_TTG_PTG200toInf.root
2025-11-13 20:02:09,620 - INFO - [2022] MISSING_CENTRAL: SR3Mu/Central/bjets/3/mass in Skim_TriLep_TTWToLNu.root
2025-11-13 20:02:09,642 - INFO - [2022] MISSING_CENTRAL: SR3Mu/Central/bjets/3/mass in Skim_TriLep_WZTo3LNu_powheg.root
2025-11-13 20:02:09,643 - INFO - [2022] MISSING_CENTRAL: SR3Mu/Central/bjets/3/mass in Skim_TriLep_ZZTo4L_powheg.root
2025-11-13 20:02:09,658 - INFO - [2022] MISSING_CENTRAL: SR3Mu/Central/bjets/3/mass in Skim_TriLep_WWW.root
2025-11-13 20:02:09,659 - INFO - [2022] MISSING_CENTRAL: SR3Mu/Central/bjets/3/mass in Skim_TriLep_WWZ.root
2025-11-13 20:02:09,660 - INFO - [2022] MISSING_CENTRAL: SR3Mu/Central/bjets/3/mass in Skim_TriLep_WZZ.root
2025-11-13 20:02:09,687 - INFO - [2022] MISSING_CENTRAL: SR3Mu/Central/bjets/3/mass in Skim_TriLep_VBFHToZZTo4L.root
2025-11-13 20:02:09,689 - INFO - [2022] MISSING_CENTRAL: SR3Mu/Central/bjets/3/mass in Skim_TriLep_ggHToZZTo4L.root
2025-11-19 16:25:17,639 - INFO - [2022] MISSING_CENTRAL: SR3Mu/Central/bjets/3/mass in Skim_TriLep_DoubleMuon_C.root
2025-11-19 16:25:17,696 - INFO - [2022] MISSING_CENTRAL: SR3Mu/Central/bjets/3/mass in Skim_TriLep_Muon_D.root
2025-11-19 16:25:17,740 - INFO - [2022] MISSING_CENTRAL: SR3Mu/Central/bjets/3/mass in Skim_TriLep_DoubleMuon_C.root
2025-11-19 16:25:17,756 - INFO - [2022] MISSING_CENTRAL: SR3Mu/Central/bjets/3/mass in Skim_TriLep_Muon_D.root
2025-11-19 16:25:17,757 - INFO - [2022] MISSING_CENTRAL: SR3Mu/Central/bjets/3/mass in Skim_TriLep_DYJets.root
2025-11-19 16:25:17,757 - INFO - [2022] MISSING_CENTRAL: SR3Mu/Central/bjets/3/mass in Skim_TriLep_DYJets10to50.root
2025-11-19 16:25:17,758 - INFO - [2022] MISSING_CENTRAL: SR3Mu/Central/bjets/3/mass in Skim_TriLep_DYGTo2LG_MLL4to50_PTG10to100.root
2025-11-19 16:25:17,758 - INFO - [2022] MISSING_CENTRAL: SR3Mu/Central/bjets/3/mass in Skim_TriLep_DYGTo2LG_MLL4to50_PTG100to200.root
2025-11-19 16:25:17,759 - INFO - [2022] MISSING_CENTRAL: SR3Mu/Central/bjets/3/mass in Skim_TriLep_DYGTo2LG_MLL4to50_PTG200toInf.root
2025-11-19 16:25:17,759 - INFO - [2022] MISSING_CENTRAL: SR3Mu/Central/bjets/3/mass in Skim_TriLep_DYGTo2LG_MLL50_PTG10to100.root
2025-11-19 16:25:17,760 - INFO - [2022] MISSING_CENTRAL: SR3Mu/Central/bjets/3/mass in Skim_TriLep_DYGTo2LG_MLL50_PTG100to200.root
2025-11-19 16:25:17,761 - INFO - [2022] MISSING_CENTRAL: SR3Mu/Central/bjets/3/mass in Skim_TriLep_DYGTo2LG_MLL50_PTG200toInf.root
2025-11-19 16:25:17,773 - INFO - [2022] MISSING_CENTRAL: SR3Mu/Central/bjets/3/mass in Skim_TriLep_TTG_PTG100to200.root
2025-11-19 16:25:17,773 - INFO - [2022] MISSING_CENTRAL: SR3Mu/Central/bjets/3/mass in Skim_TriLep_TTG_PTG200toInf.root
2025-11-19 16:25:17,774 - INFO - [2022] MISSING_CENTRAL: SR3Mu/Central/bjets/3/mass in Skim_TriLep_TTWToLNu.root
2025-11-19 16:25:17,793 - INFO - [2022] MISSING_CENTRAL: SR3Mu/Central/bjets/3/mass in Skim_TriLep_WZTo3LNu_powheg.root
2025-11-19 16:25:17,794 - INFO - [2022] MISSING_CENTRAL: SR3Mu/Central/bjets/3/mass in Skim_TriLep_ZZTo4L_powheg.root
2025-11-19 16:25:17,808 - INFO - [2022] MISSING_CENTRAL: SR3Mu/Central/bjets/3/mass in Skim_TriLep_WWW.root
2025-11-19 16:25:17,809 - INFO - [2022] MISSING_CENTRAL: SR3Mu/Central/bjets/3/mass in Skim_TriLep_WWZ.root
2025-11-19 16:25:17,809 - INFO - [2022] MISSING_CENTRAL: SR3Mu/Central/bjets/3/mass in Skim_TriLep_WZZ.root
2025-11-19 16:25:17,838 - INFO - [2022] MISSING_CENTRAL: SR3Mu/Central/bjets/3/mass in Skim_TriLep_VBFHToZZTo4L.root
2025-11-19 16:25:17,842 - INFO - [2022] MISSING_CENTRAL: SR3Mu/Central/bjets/3/mass in Skim_TriLep_ggHToZZTo4L.root
2025-12-17 22:39:52,466 - INFO - [2022] MISSING_CENTRAL: SR3Mu/Central/bjets/3/mass in Skim_TriLep_DoubleMuon_C.root
2025-12-17 22:39:52,513 - INFO - [2022] MISSING_CENTRAL: SR3Mu/Central/bjets/3/mass in Skim_TriLep_Muon_D.root
2025-12-17 22:39:52,541 - INFO - [2022] MISSING_CENTRAL: SR3Mu/Central/bjets/3/mass in Skim_TriLep_DoubleMuon_C.root
2025-12-17 22:39:52,557 - INFO - [2022] MISSING_CENTRAL: SR3Mu/Central/bjets/3/mass in Skim_TriLep_Muon_D.root
2025-12-17 22:39:52,818 - INFO - [2022] MISSING_CENTRAL: SR3Mu/Central/bjets/3/mass in Skim_TriLep_DYJets.root
2025-12-17 22:39:52,819 - INFO - [2022] MISSING_CENTRAL: SR3Mu/Central/bjets/3/mass in Skim_TriLep_DYJets10to50.root
2025-12-17 22:39:52,832 - INFO - [2022] MISSING_CENTRAL: SR3Mu/Central/bjets/3/mass in Skim_TriLep_TTG_PTG100to200.root
2025-12-17 22:39:52,833 - INFO - [2022] MISSING_CENTRAL: SR3Mu/Central/bjets/3/mass in Skim_TriLep_TTG_PTG200toInf.root
2025-12-17 22:39:52,834 - INFO - [2022] MISSING_CENTRAL: SR3Mu/Central/bjets/3/mass in Skim_TriLep_TTWToLNu.root
2025-12-17 22:39:52,961 - INFO - [2022] MISSING_CENTRAL: SR3Mu/Central/bjets/3/mass in Skim_TriLep_WZTo3LNu_powheg.root
2025-12-17 22:39:52,962 - INFO - [2022] MISSING_CENTRAL: SR3Mu/Central/bjets/3/mass in Skim_TriLep_ZZTo4L_powheg.root
2025-12-17 22:39:53,123 - INFO - [2022] MISSING_CENTRAL: SR3Mu/Central/bjets/3/mass in Skim_TriLep_WWW.root
2025-12-17 22:39:53,124 - INFO - [2022] MISSING_CENTRAL: SR3Mu/Central/bjets/3/mass in Skim_TriLep_WWZ.root
2025-12-17 22:39:53,125 - INFO - [2022] MISSING_CENTRAL: SR3Mu/Central/bjets/3/mass in Skim_TriLep_WZZ.root
2025-12-17 22:39:53,146 - INFO - [2022] MISSING_CENTRAL: SR3Mu/Central/bjets/3/mass in Skim_TriLep_VBFHToZZTo4L.root
2025-12-17 22:39:53,147 - INFO - [2022] MISSING_CENTRAL: SR3Mu/Central/bjets/3/mass in Skim_TriLep_ggHToZZTo4L.root
2025-12-18 14:24:36,511 - INFO - [2022] MISSING_CENTRAL: SR3Mu/Central/bjets/3/mass in Skim_TriLep_DoubleMuon_C.root
2025-12-18 14:24:36,559 - INFO - [2022] MISSING_CENTRAL: SR3Mu/Central/bjets/3/mass in Skim_TriLep_Muon_D.root
2025-12-18 14:24:36,594 - INFO - [2022] MISSING_CENTRAL: SR3Mu/Central/bjets/3/mass in Skim_TriLep_DoubleMuon_C.root
2025-12-18 14:24:36,624 - INFO - [2022] MISSING_CENTRAL: SR3Mu/Central/bjets/3/mass in Skim_TriLep_Muon_D.root
2025-12-18 14:24:36,625 - INFO - [2022] MISSING_CENTRAL: SR3Mu/Central/bjets/3/mass in Skim_TriLep_DYJets.root
2025-12-18 14:24:36,626 - INFO - [2022] MISSING_CENTRAL: SR3Mu/Central/bjets/3/mass in Skim_TriLep_DYJets10to50.root
2025-12-18 14:24:36,655 - INFO - [2022] MISSING_CENTRAL: SR3Mu/Central/bjets/3/mass in Skim_TriLep_TTG_PTG100to200.root
2025-12-18 14:24:36,657 - INFO - [2022] MISSING_CENTRAL: SR3Mu/Central/bjets/3/mass in Skim_TriLep_TTG_PTG200toInf.root
2025-12-18 14:24:36,659 - INFO - [2022] MISSING_CENTRAL: SR3Mu/Central/bjets/3/mass in Skim_TriLep_TTWToLNu.root
2025-12-18 14:24:36,735 - INFO - [2022] MISSING_CENTRAL: SR3Mu/Central/bjets/3/mass in Skim_TriLep_WZTo3LNu_powheg.root
2025-12-18 14:24:36,737 - INFO - [2022] MISSING_CENTRAL: SR3Mu/Central/bjets/3/mass in Skim_TriLep_ZZTo4L_powheg.root
2025-12-18 14:24:36,772 - INFO - [2022] MISSING_CENTRAL: SR3Mu/Central/bjets/3/mass in Skim_TriLep_WWW.root
2025-12-18 14:24:36,774 - INFO - [2022] MISSING_CENTRAL: SR3Mu/Central/bjets/3/mass in Skim_TriLep_WWZ.root
2025-12-18 14:24:36,776 - INFO - [2022] MISSING_CENTRAL: SR3Mu/Central/bjets/3/mass in Skim_TriLep_WZZ.root
2025-12-18 14:24:36,805 - INFO - [2022] MISSING_CENTRAL: SR3Mu/Central/bjets/3/mass in Skim_TriLep_VBFHToZZTo4L.root
2025-12-18 14:24:36,806 - INFO - [2022] MISSING_CENTRAL: SR3Mu/Central/bjets/3/mass in Skim_TriLep_ggHToZZTo4L.root
2025-12-18 14:40:00,449 - INFO - [2022] MISSING_CENTRAL: SR3Mu/Central/bjets/3/mass in Skim_TriLep_DoubleMuon_C.root
2025-12-18 14:40:00,501 - INFO - [2022] MISSING_CENTRAL: SR3Mu/Central/bjets/3/mass in Skim_TriLep_Muon_D.root
2025-12-18 14:40:00,529 - INFO - [2022] MISSING_CENTRAL: SR3Mu/Central/bjets/3/mass in Skim_TriLep_DoubleMuon_C.root
2025-12-18 14:40:00,545 - INFO - [2022] MISSING_CENTRAL: SR3Mu/Central/bjets/3/mass in Skim_TriLep_Muon_D.root
2025-12-18 14:40:00,547 - INFO - [2022] MISSING_CENTRAL: SR3Mu/Central/bjets/3/mass in Skim_TriLep_DYJets.root
2025-12-18 14:40:00,548 - INFO - [2022] MISSING_CENTRAL: SR3Mu/Central/bjets/3/mass in Skim_TriLep_DYJets10to50.root
2025-12-18 14:40:00,573 - INFO - [2022] MISSING_CENTRAL: SR3Mu/Central/bjets/3/mass in Skim_TriLep_TTG_PTG100to200.root
2025-12-18 14:40:00,575 - INFO - [2022] MISSING_CENTRAL: SR3Mu/Central/bjets/3/mass in Skim_TriLep_TTG_PTG200toInf.root
2025-12-18 14:40:00,576 - INFO - [2022] MISSING_CENTRAL: SR3Mu/Central/bjets/3/mass in Skim_TriLep_TTWToLNu.root
2025-12-18 14:40:00,614 - INFO - [2022] MISSING_CENTRAL: SR3Mu/Central/bjets/3/mass in Skim_TriLep_WZTo3LNu_powheg.root
2025-12-18 14:40:00,616 - INFO - [2022] MISSING_CENTRAL: SR3Mu/Central/bjets/3/mass in Skim_TriLep_ZZTo4L_powheg.root
2025-12-18 14:40:00,663 - INFO - [2022] MISSING_CENTRAL: SR3Mu/Central/bjets/3/mass in Skim_TriLep_WWW.root
2025-12-18 14:40:00,666 - INFO - [2022] MISSING_CENTRAL: SR3Mu/Central/bjets/3/mass in Skim_TriLep_WWZ.root
2025-12-18 14:40:00,680 - INFO - [2022] MISSING_CENTRAL: SR3Mu/Central/bjets/3/mass in Skim_TriLep_WZZ.root
2025-12-18 14:40:00,722 - INFO - [2022] MISSING_CENTRAL: SR3Mu/Central/bjets/3/mass in Skim_TriLep_VBFHToZZTo4L.root
2025-12-18 14:40:00,730 - INFO - [2022] MISSING_CENTRAL: SR3Mu/Central/bjets/3/mass in Skim_TriLep_ggHToZZTo4L.root
2026-01-07 11:49:27,598 - INFO - [2022] MISSING_CENTRAL: SR3Mu/Central/bjets/3/mass in Skim_TriLep_DoubleMuon_C.root
2026-01-07 11:49:27,647 - INFO - [2022] MISSING_CENTRAL: SR3Mu/Central/bjets/3/mass in Skim_TriLep_Muon_D.root
2026-01-07 11:49:27,674 - INFO - [2022] MISSING_CENTRAL: SR3Mu/Central/bjets/3/mass in Skim_TriLep_DoubleMuon_C.root
2026-01-07 11:49:27,690 - INFO - [2022] MISSING_CENTRAL: SR3Mu/Central/bjets/3/mass in Skim_TriLep_Muon_D.root
2026-01-07 11:49:27,691 - INFO - [2022] MISSING_CENTRAL: SR3Mu/Central/bjets/3/mass in Skim_TriLep_DYJets.root
2026-01-07 11:49:27,692 - INFO - [2022] MISSING_CENTRAL: SR3Mu/Central/bjets/3/mass in Skim_TriLep_DYJets10to50.root
2026-01-07 11:49:27,715 - INFO - [2022] MISSING_CENTRAL: SR3Mu/Central/bjets/3/mass in Skim_TriLep_TTG_PTG100to200.root
2026-01-07 11:49:27,717 - INFO - [2022] MISSING_CENTRAL: SR3Mu/Central/bjets/3/mass in Skim_TriLep_TTG_PTG200toInf.root
2026-01-07 11:49:27,718 - INFO - [2022] MISSING_CENTRAL: SR3Mu/Central/bjets/3/mass in Skim_TriLep_TTWToLNu.root
2026-01-07 11:49:27,755 - INFO - [2022] MISSING_CENTRAL: SR3Mu/Central/bjets/3/mass in Skim_TriLep_WZTo3LNu_powheg.root
2026-01-07 11:49:27,756 - INFO - [2022] MISSING_CENTRAL: SR3Mu/Central/bjets/3/mass in Skim_TriLep_ZZTo4L_powheg.root
2026-01-07 11:49:27,781 - INFO - [2022] MISSING_CENTRAL: SR3Mu/Central/bjets/3/mass in Skim_TriLep_WWW.root
2026-01-07 11:49:27,782 - INFO - [2022] MISSING_CENTRAL: SR3Mu/Central/bjets/3/mass in Skim_TriLep_WWZ.root
2026-01-07 11:49:27,783 - INFO - [2022] MISSING_CENTRAL: SR3Mu/Central/bjets/3/mass in Skim_TriLep_WZZ.root
2026-01-07 11:49:27,811 - INFO - [2022] MISSING_CENTRAL: SR3Mu/Central/bjets/3/mass in Skim_TriLep_VBFHToZZTo4L.root
2026-01-07 11:49:27,812 - INFO - [2022] MISSING_CENTRAL: SR3Mu/Central/bjets/3/mass in Skim_TriLep_ggHToZZTo4L.root
2026-01-07 18:46:12,299 - INFO - [2022] MISSING_CENTRAL: SR3Mu/Central/bjets/3/mass in Skim_TriLep_DoubleMuon_C.root
2026-01-07 18:46:12,382 - INFO - [2022] MISSING_CENTRAL: SR3Mu/Central/bjets/3/mass in Skim_TriLep_Muon_D.root
2026-01-07 18:46:12,409 - INFO - [2022] MISSING_CENTRAL: SR3Mu/Central/bjets/3/mass in Skim_TriLep_DoubleMuon_C.root
2026-01-07 18:46:12,426 - INFO - [2022] MISSING_CENTRAL: SR3Mu/Central/bjets/3/mass in Skim_TriLep_Muon_D.root
2026-01-07 18:46:12,428 - INFO - [2022] MISSING_CENTRAL: SR3Mu/Central/bjets/3/mass in Skim_TriLep_DYJets.root
2026-01-07 18:46:12,429 - INFO - [2022] MISSING_CENTRAL: SR3Mu/Central/bjets/3/mass in Skim_TriLep_DYJets10to50.root
2026-01-07 18:46:12,452 - INFO - [2022] MISSING_CENTRAL: SR3Mu/Central/bjets/3/mass in Skim_TriLep_TTG_PTG100to200.root
2026-01-07 18:46:12,453 - INFO - [2022] MISSING_CENTRAL: SR3Mu/Central/bjets/3/mass in Skim_TriLep_TTG_PTG200toInf.root
2026-01-07 18:46:12,454 - INFO - [2022] MISSING_CENTRAL: SR3Mu/Central/bjets/3/mass in Skim_TriLep_TTWToLNu.root
2026-01-07 18:46:12,489 - INFO - [2022] MISSING_CENTRAL: SR3Mu/Central/bjets/3/mass in Skim_TriLep_WZTo3LNu_powheg.root
2026-01-07 18:46:12,490 - INFO - [2022] MISSING_CENTRAL: SR3Mu/Central/bjets/3/mass in Skim_TriLep_ZZTo4L_powheg.root
2026-01-07 18:46:12,515 - INFO - [2022] MISSING_CENTRAL: SR3Mu/Central/bjets/3/mass in Skim_TriLep_WWW.root
2026-01-07 18:46:12,516 - INFO - [2022] MISSING_CENTRAL: SR3Mu/Central/bjets/3/mass in Skim_TriLep_WWZ.root
2026-01-07 18:46:12,519 - INFO - [2022] MISSING_CENTRAL: SR3Mu/Central/bjets/3/mass in Skim_TriLep_WZZ.root
2026-01-07 18:46:12,558 - INFO - [2022] MISSING_CENTRAL: SR3Mu/Central/bjets/3/mass in Skim_TriLep_VBFHToZZTo4L.root
2026-01-07 18:46:12,560 - INFO - [2022] MISSING_CENTRAL: SR3Mu/Central/bjets/3/mass in Skim_TriLep_ggHToZZTo4L.root
2026-01-07 19:29:47,344 - INFO - [2022] MISSING_CENTRAL: SR3Mu/Central/bjets/3/mass in Skim_TriLep_DoubleMuon_C.root
2026-01-07 19:29:47,392 - INFO - [2022] MISSING_CENTRAL: SR3Mu/Central/bjets/3/mass in Skim_TriLep_Muon_D.root
2026-01-07 19:29:47,420 - INFO - [2022] MISSING_CENTRAL: SR3Mu/Central/bjets/3/mass in Skim_TriLep_DoubleMuon_C.root
2026-01-07 19:29:47,436 - INFO - [2022] MISSING_CENTRAL: SR3Mu/Central/bjets/3/mass in Skim_TriLep_Muon_D.root
2026-01-07 19:29:47,437 - INFO - [2022] MISSING_CENTRAL: SR3Mu/Central/bjets/3/mass in Skim_TriLep_DYJets.root
2026-01-07 19:29:47,438 - INFO - [2022] MISSING_CENTRAL: SR3Mu/Central/bjets/3/mass in Skim_TriLep_DYJets10to50.root
2026-01-07 19:29:47,462 - INFO - [2022] MISSING_CENTRAL: SR3Mu/Central/bjets/3/mass in Skim_TriLep_TTG_PTG100to200.root
2026-01-07 19:29:47,463 - INFO - [2022] MISSING_CENTRAL: SR3Mu/Central/bjets/3/mass in Skim_TriLep_TTG_PTG200toInf.root
2026-01-07 19:29:47,464 - INFO - [2022] MISSING_CENTRAL: SR3Mu/Central/bjets/3/mass in Skim_TriLep_TTWToLNu.root
2026-01-07 19:29:47,497 - INFO - [2022] MISSING_CENTRAL: SR3Mu/Central/bjets/3/mass in Skim_TriLep_WZTo3LNu_powheg.root
2026-01-07 19:29:47,498 - INFO - [2022] MISSING_CENTRAL: SR3Mu/Central/bjets/3/mass in Skim_TriLep_ZZTo4L_powheg.root
2026-01-07 19:29:47,522 - INFO - [2022] MISSING_CENTRAL: SR3Mu/Central/bjets/3/mass in Skim_TriLep_WWW.root
2026-01-07 19:29:47,523 - INFO - [2022] MISSING_CENTRAL: SR3Mu/Central/bjets/3/mass in Skim_TriLep_WWZ.root
2026-01-07 19:29:47,524 - INFO - [2022] MISSING_CENTRAL: SR3Mu/Central/bjets/3/mass in Skim_TriLep_WZZ.root
2026-01-07 19:29:47,549 - INFO - [2022] MISSING_CENTRAL: SR3Mu/Central/bjets/3/mass in Skim_TriLep_VBFHToZZTo4L.root
2026-01-07 19:29:47,551 - INFO - [2022] MISSING_CENTRAL: SR3Mu/Central/bjets/3/mass in Skim_TriLep_ggHToZZTo4L.root
2026-01-09 12:20:33,777 - INFO - [2022] MISSING_CENTRAL: SR3Mu/Central/bjets/3/mass in Skim_TriLep_DoubleMuon_C.root
2026-01-09 12:20:33,853 - INFO - [2022] MISSING_CENTRAL: SR3Mu/Central/bjets/3/mass in Skim_TriLep_Muon_D.root
2026-01-09 12:20:33,876 - INFO - [2022] MISSING_CENTRAL: SR3Mu/Central/bjets/3/mass in Skim_TriLep_DoubleMuon_C.root
2026-01-09 12:20:33,893 - INFO - [2022] MISSING_CENTRAL: SR3Mu/Central/bjets/3/mass in Skim_TriLep_Muon_D.root
2026-01-09 12:20:33,894 - INFO - [2022] MISSING_CENTRAL: SR3Mu/Central/bjets/3/mass in Skim_TriLep_DYJets.root
2026-01-09 12:20:33,894 - INFO - [2022] MISSING_CENTRAL: SR3Mu/Central/bjets/3/mass in Skim_TriLep_DYJets10to50.root
2026-01-09 12:20:33,924 - INFO - [2022] MISSING_CENTRAL: SR3Mu/Central/bjets/3/mass in Skim_TriLep_TTG_PTG100to200.root
2026-01-09 12:20:33,924 - INFO - [2022] MISSING_CENTRAL: SR3Mu/Central/bjets/3/mass in Skim_TriLep_TTG_PTG200toInf.root
2026-01-09 12:20:33,925 - INFO - [2022] MISSING_CENTRAL: SR3Mu/Central/bjets/3/mass in Skim_TriLep_TTWToLNu.root
2026-01-09 12:20:33,953 - INFO - [2022] MISSING_CENTRAL: SR3Mu/Central/bjets/3/mass in Skim_TriLep_WZTo3LNu_powheg.root
2026-01-09 12:20:33,953 - INFO - [2022] MISSING_CENTRAL: SR3Mu/Central/bjets/3/mass in Skim_TriLep_ZZTo4L_powheg.root
2026-01-09 12:20:34,023 - INFO - [2022] MISSING_CENTRAL: SR3Mu/Central/bjets/3/mass in Skim_TriLep_WWW.root
2026-01-09 12:20:34,023 - INFO - [2022] MISSING_CENTRAL: SR3Mu/Central/bjets/3/mass in Skim_TriLep_WWZ.root
2026-01-09 12:20:34,024 - INFO - [2022] MISSING_CENTRAL: SR3Mu/Central/bjets/3/mass in Skim_TriLep_WZZ.root
2026-01-09 12:20:34,036 - INFO - [2022] MISSING_CENTRAL: SR3Mu/Central/bjets/3/mass in Skim_TriLep_VBFHToZZTo4L.root
2026-01-09 12:20:34,037 - INFO - [2022] MISSING_CENTRAL: SR3Mu/Central/bjets/3/mass in Skim_TriLep_ggHToZZTo4L.root
2026-01-11 09:40:37,340 - INFO - [2022] MISSING_CENTRAL: SR3Mu/Central/bjets/3/mass in Skim_TriLep_DoubleMuon_C.root
2026-01-11 09:40:37,374 - INFO - [2022] MISSING_CENTRAL: SR3Mu/Central/bjets/3/mass in Skim_TriLep_Muon_D.root
2026-01-11 09:40:37,399 - INFO - [2022] MISSING_CENTRAL: SR3Mu/Central/bjets/3/mass in Skim_TriLep_DoubleMuon_C.root
2026-01-11 09:40:37,410 - INFO - [2022] MISSING_CENTRAL: SR3Mu/Central/bjets/3/mass in Skim_TriLep_Muon_D.root
2026-01-11 09:40:37,411 - INFO - [2022] MISSING_CENTRAL: SR3Mu/Central/bjets/3/mass in Skim_TriLep_DYJets.root
2026-01-11 09:40:37,411 - INFO - [2022] MISSING_CENTRAL: SR3Mu/Central/bjets/3/mass in Skim_TriLep_DYJets10to50.root
2026-01-11 09:40:37,427 - INFO - [2022] MISSING_CENTRAL: SR3Mu/Central/bjets/3/mass in Skim_TriLep_TTG_PTG100to200.root
2026-01-11 09:40:37,428 - INFO - [2022] MISSING_CENTRAL: SR3Mu/Central/bjets/3/mass in Skim_TriLep_TTG_PTG200toInf.root
2026-01-11 09:40:37,428 - INFO - [2022] MISSING_CENTRAL: SR3Mu/Central/bjets/3/mass in Skim_TriLep_TTWToLNu.root
2026-01-11 09:40:37,449 - INFO - [2022] MISSING_CENTRAL: SR3Mu/Central/bjets/3/mass in Skim_TriLep_WZTo3LNu_powheg.root
2026-01-11 09:40:37,450 - INFO - [2022] MISSING_CENTRAL: SR3Mu/Central/bjets/3/mass in Skim_TriLep_ZZTo4L_powheg.root
2026-01-11 09:40:37,465 - INFO - [2022] MISSING_CENTRAL: SR3Mu/Central/bjets/3/mass in Skim_TriLep_WWW.root
2026-01-11 09:40:37,466 - INFO - [2022] MISSING_CENTRAL: SR3Mu/Central/bjets/3/mass in Skim_TriLep_WWZ.root
2026-01-11 09:40:37,467 - INFO - [2022] MISSING_CENTRAL: SR3Mu/Central/bjets/3/mass in Skim_TriLep_WZZ.root
2026-01-11 09:40:37,482 - INFO - [2022] MISSING_CENTRAL: SR3Mu/Central/bjets/3/mass in Skim_TriLep_VBFHToZZTo4L.root
2026-01-11 09:40:37,483 - INFO - [2022] MISSING_CENTRAL: SR3Mu/Central/bjets/3/mass in Skim_TriLep_ggHToZZTo4L.root
2026-01-12 13:49:19,639 - INFO - [2022] MISSING_CENTRAL: SR3Mu/Central/bjets/3/mass in Skim_TriLep_DoubleMuon_C.root
2026-01-12 13:49:19,675 - INFO - [2022] MISSING_CENTRAL: SR3Mu/Central/bjets/3/mass in Skim_TriLep_Muon_D.root
2026-01-12 13:49:19,697 - INFO - [2022] MISSING_FILE: /home/choij/Sync/workspace/ChargedHiggsAnalysisV3/SKNanoOutput/MatrixSelector/Run3Mu/2022/Skim_TriLep_DoubleMuon_C.root
2026-01-12 13:49:19,698 - INFO - [2022] MISSING_FILE: /home/choij/Sync/workspace/ChargedHiggsAnalysisV3/SKNanoOutput/MatrixSelector/Run3Mu/2022/Skim_TriLep_Muon_C.root
2026-01-12 13:49:19,698 - INFO - [2022] MISSING_FILE: /home/choij/Sync/workspace/ChargedHiggsAnalysisV3/SKNanoOutput/MatrixSelector/Run3Mu/2022/Skim_TriLep_Muon_D.root
2026-01-12 13:49:19,698 - INFO - [2022] MISSING_CENTRAL: SR3Mu/Central/bjets/3/mass in Skim_TriLep_DYJets.root
2026-01-12 13:49:19,699 - INFO - [2022] MISSING_CENTRAL: SR3Mu/Central/bjets/3/mass in Skim_TriLep_DYJets10to50.root
2026-01-12 13:49:19,720 - INFO - [2022] MISSING_CENTRAL: SR3Mu/Central/bjets/3/mass in Skim_TriLep_TTG_PTG100to200.root
2026-01-12 13:49:19,721 - INFO - [2022] MISSING_CENTRAL: SR3Mu/Central/bjets/3/mass in Skim_TriLep_TTG_PTG200toInf.root
2026-01-12 13:49:19,721 - INFO - [2022] MISSING_CENTRAL: SR3Mu/Central/bjets/3/mass in Skim_TriLep_TTWToLNu.root
2026-01-12 13:49:19,741 - INFO - [2022] MISSING_CENTRAL: SR3Mu/Central/bjets/3/mass in Skim_TriLep_WZTo3LNu_powheg.root
2026-01-12 13:49:19,742 - INFO - [2022] MISSING_CENTRAL: SR3Mu/Central/bjets/3/mass in Skim_TriLep_ZZTo4L_powheg.root
2026-01-12 13:49:19,765 - INFO - [2022] MISSING_CENTRAL: SR3Mu/Central/bjets/3/mass in Skim_TriLep_WWW.root
2026-01-12 13:49:19,766 - INFO - [2022] MISSING_CENTRAL: SR3Mu/Central/bjets/3/mass in Skim_TriLep_WWZ.root
2026-01-12 13:49:19,766 - INFO - [2022] MISSING_CENTRAL: SR3Mu/Central/bjets/3/mass in Skim_TriLep_WZZ.root
2026-01-12 13:49:19,795 - INFO - [2022] MISSING_CENTRAL: SR3Mu/Central/bjets/3/mass in Skim_TriLep_VBFHToZZTo4L.root
2026-01-12 13:49:19,795 - INFO - [2022] MISSING_CENTRAL: SR3Mu/Central/bjets/3/mass in Skim_TriLep_ggHToZZTo4L.root
2026-01-16 19:04:19,186 - INFO - [2022] MISSING_CENTRAL: SR3Mu/Central/bjets/3/mass in Skim_TriLep_DoubleMuon_C.root
2026-01-16 19:04:19,232 - INFO - [2022] MISSING_CENTRAL: SR3Mu/Central/bjets/3/mass in Skim_TriLep_Muon_D.root
2026-01-16 19:04:19,255 - INFO - [2022] MISSING_CENTRAL: SR3Mu/Central/bjets/3/mass in Skim_TriLep_DoubleMuon_C.root
2026-01-16 19:04:19,264 - INFO - [2022] MISSING_CENTRAL: SR3Mu/Central/bjets/3/mass in Skim_TriLep_Muon_D.root
2026-01-16 19:04:19,265 - INFO - [2022] MISSING_CENTRAL: SR3Mu/Central/bjets/3/mass in Skim_TriLep_DYJets.root
2026-01-16 19:04:19,266 - INFO - [2022] MISSING_CENTRAL: SR3Mu/Central/bjets/3/mass in Skim_TriLep_DYJets10to50.root
2026-01-16 19:04:19,281 - INFO - [2022] MISSING_CENTRAL: SR3Mu/Central/bjets/3/mass in Skim_TriLep_TTG_PTG100to200.root
2026-01-16 19:04:19,282 - INFO - [2022] MISSING_CENTRAL: SR3Mu/Central/bjets/3/mass in Skim_TriLep_TTG_PTG200toInf.root
2026-01-16 19:04:19,283 - INFO - [2022] MISSING_CENTRAL: SR3Mu/Central/bjets/3/mass in Skim_TriLep_TTWToLNu.root
2026-01-16 19:04:19,305 - INFO - [2022] MISSING_CENTRAL: SR3Mu/Central/bjets/3/mass in Skim_TriLep_WZTo3LNu_powheg.root
2026-01-16 19:04:19,305 - INFO - [2022] MISSING_CENTRAL: SR3Mu/Central/bjets/3/mass in Skim_TriLep_ZZTo4L_powheg.root
2026-01-16 19:04:19,321 - INFO - [2022] MISSING_CENTRAL: SR3Mu/Central/bjets/3/mass in Skim_TriLep_WWW.root
2026-01-16 19:04:19,322 - INFO - [2022] MISSING_CENTRAL: SR3Mu/Central/bjets/3/mass in Skim_TriLep_WWZ.root
2026-01-16 19:04:19,322 - INFO - [2022] MISSING_CENTRAL: SR3Mu/Central/bjets/3/mass in Skim_TriLep_WZZ.root
2026-01-16 19:04:19,338 - INFO - [2022] MISSING_CENTRAL: SR3Mu/Central/bjets/3/mass in Skim_TriLep_VBFHToZZTo4L.root
2026-01-16 19:04:19,338 - INFO - [2022] MISSING_CENTRAL: SR3Mu/Central/bjets/3/mass in Skim_TriLep_ggHToZZTo4L.root
2026-01-28 17:02:40,920 - INFO - [2022] MISSING_CENTRAL: SR3Mu/Central/bjets/3/mass in Skim_TriLep_DoubleMuon_C.root
2026-01-28 17:02:40,955 - INFO - [2022] MISSING_CENTRAL: SR3Mu/Central/bjets/3/mass in Skim_TriLep_Muon_D.root
2026-01-28 17:02:40,980 - INFO - [2022] MISSING_CENTRAL: SR3Mu/Central/bjets/3/mass in Skim_TriLep_DoubleMuon_C.root
2026-01-28 17:02:40,991 - INFO - [2022] MISSING_CENTRAL: SR3Mu/Central/bjets/3/mass in Skim_TriLep_Muon_D.root
2026-01-28 17:02:40,992 - INFO - [2022] MISSING_CENTRAL: SR3Mu/Central/bjets/3/mass in Skim_TriLep_DYJets.root
2026-01-28 17:02:40,992 - INFO - [2022] MISSING_CENTRAL: SR3Mu/Central/bjets/3/mass in Skim_TriLep_DYJets10to50.root
2026-01-28 17:02:40,993 - INFO - [2022] MISSING_CENTRAL: SR3Mu/Central/bjets/3/mass in Skim_TriLep_TTG_PTG10to100.root
2026-01-28 17:02:40,993 - INFO - [2022] MISSING_CENTRAL: SR3Mu/Central/bjets/3/mass in Skim_TriLep_TTG_PTG100to200.root
2026-01-28 17:02:40,994 - INFO - [2022] MISSING_CENTRAL: SR3Mu/Central/bjets/3/mass in Skim_TriLep_TTG_PTG200toInf.root
2026-01-28 17:02:40,996 - INFO - [2022] MISSING_CENTRAL: SR3Mu/Central/bjets/3/mass in Skim_TriLep_TTWToLNu.root
2026-01-28 17:02:41,040 - INFO - [2022] MISSING_CENTRAL: SR3Mu/Central/bjets/3/mass in Skim_TriLep_WZTo3LNu_powheg.root
2026-01-28 17:02:41,041 - INFO - [2022] MISSING_CENTRAL: SR3Mu/Central/bjets/3/mass in Skim_TriLep_ZZTo4L_powheg.root
2026-01-28 17:02:41,050 - INFO - [2022] MISSING_CENTRAL: SR3Mu/Central/bjets/3/mass in Skim_TriLep_WWW.root
2026-01-28 17:02:41,051 - INFO - [2022] MISSING_CENTRAL: SR3Mu/Central/bjets/3/mass in Skim_TriLep_WWZ.root
2026-01-28 17:02:41,052 - INFO - [2022] MISSING_CENTRAL: SR3Mu/Central/bjets/3/mass in Skim_TriLep_WZZ.root
2026-01-28 17:02:41,071 - INFO - [2022] MISSING_CENTRAL: SR3Mu/Central/bjets/3/mass in Skim_TriLep_VBFHToZZTo4L.root
2026-01-28 17:02:41,072 - INFO - [2022] MISSING_CENTRAL: SR3Mu/Central/bjets/3/mass in Skim_TriLep_ggHToZZTo4L.root
2026-01-28 17:23:26,614 - INFO - [2022] MISSING_CENTRAL: SR3Mu/Central/bjets/3/mass in Skim_TriLep_DoubleMuon_C.root
2026-01-28 17:23:26,651 - INFO - [2022] MISSING_CENTRAL: SR3Mu/Central/bjets/3/mass in Skim_TriLep_Muon_D.root
2026-01-28 17:23:26,676 - INFO - [2022] MISSING_CENTRAL: SR3Mu/Central/bjets/3/mass in Skim_TriLep_DoubleMuon_C.root
2026-01-28 17:23:26,687 - INFO - [2022] MISSING_CENTRAL: SR3Mu/Central/bjets/3/mass in Skim_TriLep_Muon_D.root
2026-01-28 17:23:26,688 - INFO - [2022] MISSING_CENTRAL: SR3Mu/Central/bjets/3/mass in Skim_TriLep_DYJets.root
2026-01-28 17:23:26,689 - INFO - [2022] MISSING_CENTRAL: SR3Mu/Central/bjets/3/mass in Skim_TriLep_DYJets10to50.root
2026-01-28 17:23:26,689 - INFO - [2022] MISSING_CENTRAL: SR3Mu/Central/bjets/3/mass in Skim_TriLep_TTG_PTG10to100.root
2026-01-28 17:23:26,690 - INFO - [2022] MISSING_CENTRAL: SR3Mu/Central/bjets/3/mass in Skim_TriLep_TTG_PTG100to200.root
2026-01-28 17:23:26,691 - INFO - [2022] MISSING_CENTRAL: SR3Mu/Central/bjets/3/mass in Skim_TriLep_TTG_PTG200toInf.root
2026-01-28 17:23:26,692 - INFO - [2022] MISSING_CENTRAL: SR3Mu/Central/bjets/3/mass in Skim_TriLep_TTWToLNu.root
2026-01-28 17:23:26,737 - INFO - [2022] MISSING_CENTRAL: SR3Mu/Central/bjets/3/mass in Skim_TriLep_WZTo3LNu_powheg.root
2026-01-28 17:23:26,738 - INFO - [2022] MISSING_CENTRAL: SR3Mu/Central/bjets/3/mass in Skim_TriLep_ZZTo4L_powheg.root
2026-01-28 17:23:26,747 - INFO - [2022] MISSING_CENTRAL: SR3Mu/Central/bjets/3/mass in Skim_TriLep_WWW.root
2026-01-28 17:23:26,748 - INFO - [2022] MISSING_CENTRAL: SR3Mu/Central/bjets/3/mass in Skim_TriLep_WWZ.root
2026-01-28 17:23:26,749 - INFO - [2022] MISSING_CENTRAL: SR3Mu/Central/bjets/3/mass in Skim_TriLep_WZZ.root
2026-01-28 17:23:26,767 - INFO - [2022] MISSING_CENTRAL: SR3Mu/Central/bjets/3/mass in Skim_TriLep_VBFHToZZTo4L.root
2026-01-28 17:23:26,768 - INFO - [2022] MISSING_CENTRAL: SR3Mu/Central/bjets/3/mass in Skim_TriLep_ggHToZZTo4L.root
2026-01-28 19:56:58,087 - INFO - [2022] MISSING_CENTRAL: SR3Mu/Central/bjets/3/mass in Skim_TriLep_DoubleMuon_C.root
2026-01-28 19:56:58,123 - INFO - [2022] MISSING_CENTRAL: SR3Mu/Central/bjets/3/mass in Skim_TriLep_Muon_D.root
2026-01-28 19:56:58,147 - INFO - [2022] MISSING_CENTRAL: SR3Mu/Central/bjets/3/mass in Skim_TriLep_DoubleMuon_C.root
2026-01-28 19:56:58,158 - INFO - [2022] MISSING_CENTRAL: SR3Mu/Central/bjets/3/mass in Skim_TriLep_Muon_D.root
2026-01-28 19:56:58,158 - INFO - [2022] MISSING_CENTRAL: SR3Mu/Central/bjets/3/mass in Skim_TriLep_DYJets.root
2026-01-28 19:56:58,159 - INFO - [2022] MISSING_CENTRAL: SR3Mu/Central/bjets/3/mass in Skim_TriLep_DYJets10to50.root
2026-01-28 19:56:58,159 - INFO - [2022] MISSING_CENTRAL: SR3Mu/Central/bjets/3/mass in Skim_TriLep_TTG_PTG10to100.root
2026-01-28 19:56:58,160 - INFO - [2022] MISSING_CENTRAL: SR3Mu/Central/bjets/3/mass in Skim_TriLep_TTG_PTG100to200.root
2026-01-28 19:56:58,161 - INFO - [2022] MISSING_CENTRAL: SR3Mu/Central/bjets/3/mass in Skim_TriLep_TTG_PTG200toInf.root
2026-01-28 19:56:58,162 - INFO - [2022] MISSING_CENTRAL: SR3Mu/Central/bjets/3/mass in Skim_TriLep_TTWToLNu.root
2026-01-28 19:56:58,230 - INFO - [2022] MISSING_CENTRAL: SR3Mu/Central/bjets/3/mass in Skim_TriLep_WZTo3LNu_powheg.root
2026-01-28 19:56:58,231 - INFO - [2022] MISSING_CENTRAL: SR3Mu/Central/bjets/3/mass in Skim_TriLep_ZZTo4L_powheg.root
2026-01-28 19:56:58,241 - INFO - [2022] MISSING_CENTRAL: SR3Mu/Central/bjets/3/mass in Skim_TriLep_WWW.root
2026-01-28 19:56:58,241 - INFO - [2022] MISSING_CENTRAL: SR3Mu/Central/bjets/3/mass in Skim_TriLep_WWZ.root
2026-01-28 19:56:58,242 - INFO - [2022] MISSING_CENTRAL: SR3Mu/Central/bjets/3/mass in Skim_TriLep_WZZ.root
2026-01-28 19:56:58,258 - INFO - [2022] MISSING_CENTRAL: SR3Mu/Central/bjets/3/mass in Skim_TriLep_VBFHToZZTo4L.root
2026-01-28 19:56:58,259 - INFO - [2022] MISSING_CENTRAL: SR3Mu/Central/bjets/3/mass in Skim_TriLep_ggHToZZTo4L.root
2026-01-29 07:14:01,902 - INFO - [2022] MISSING_CENTRAL: SR3Mu/Central/bjets/3/mass in Skim_TriLep_DoubleMuon_C.root
2026-01-29 07:14:01,945 - INFO - [2022] MISSING_CENTRAL: SR3Mu/Central/bjets/3/mass in Skim_TriLep_Muon_D.root
2026-01-29 07:14:01,969 - INFO - [2022] MISSING_CENTRAL: SR3Mu/Central/bjets/3/mass in Skim_TriLep_DoubleMuon_C.root
2026-01-29 07:14:01,978 - INFO - [2022] MISSING_CENTRAL: SR3Mu/Central/bjets/3/mass in Skim_TriLep_Muon_D.root
2026-01-29 07:14:01,979 - INFO - [2022] MISSING_CENTRAL: SR3Mu/Central/bjets/3/mass in Skim_TriLep_DYJets.root
2026-01-29 07:14:01,980 - INFO - [2022] MISSING_CENTRAL: SR3Mu/Central/bjets/3/mass in Skim_TriLep_DYJets10to50.root
2026-01-29 07:14:01,980 - INFO - [2022] MISSING_CENTRAL: SR3Mu/Central/bjets/3/mass in Skim_TriLep_TTG_PTG10to100.root
2026-01-29 07:14:01,981 - INFO - [2022] MISSING_CENTRAL: SR3Mu/Central/bjets/3/mass in Skim_TriLep_TTG_PTG100to200.root
2026-01-29 07:14:01,982 - INFO - [2022] MISSING_CENTRAL: SR3Mu/Central/bjets/3/mass in Skim_TriLep_TTG_PTG200toInf.root
2026-01-29 07:14:01,983 - INFO - [2022] MISSING_CENTRAL: SR3Mu/Central/bjets/3/mass in Skim_TriLep_TTWToLNu.root
2026-01-29 07:14:02,018 - INFO - [2022] MISSING_CENTRAL: SR3Mu/Central/bjets/3/mass in Skim_TriLep_WZTo3LNu_powheg.root
2026-01-29 07:14:02,019 - INFO - [2022] MISSING_CENTRAL: SR3Mu/Central/bjets/3/mass in Skim_TriLep_ZZTo4L_powheg.root
2026-01-29 07:14:02,027 - INFO - [2022] MISSING_CENTRAL: SR3Mu/Central/bjets/3/mass in Skim_TriLep_WWW.root
2026-01-29 07:14:02,028 - INFO - [2022] MISSING_CENTRAL: SR3Mu/Central/bjets/3/mass in Skim_TriLep_WWZ.root
2026-01-29 07:14:02,028 - INFO - [2022] MISSING_CENTRAL: SR3Mu/Central/bjets/3/mass in Skim_TriLep_WZZ.root
2026-01-29 07:14:02,043 - INFO - [2022] MISSING_CENTRAL: SR3Mu/Central/bjets/3/mass in Skim_TriLep_VBFHToZZTo4L.root
2026-01-29 07:14:02,044 - INFO - [2022] MISSING_CENTRAL: SR3Mu/Central/bjets/3/mass in Skim_TriLep_ggHToZZTo4L.root
2026-03-06 09:41:32,319 - INFO - [2022] MISSING_CENTRAL: SR3Mu/Central/bjets/3/mass in Skim_TriLep_DoubleMuon_C.root
2026-03-06 09:41:32,356 - INFO - [2022] MISSING_CENTRAL: SR3Mu/Central/bjets/3/mass in Skim_TriLep_Muon_D.root
2026-03-06 09:41:32,381 - INFO - [2022] MISSING_CENTRAL: SR3Mu/Central/bjets/3/mass in Skim_TriLep_DoubleMuon_C.root
2026-03-06 09:41:32,393 - INFO - [2022] MISSING_CENTRAL: SR3Mu/Central/bjets/3/mass in Skim_TriLep_Muon_D.root
2026-03-06 09:41:32,394 - INFO - [2022] MISSING_CENTRAL: SR3Mu/Central/bjets/3/mass in Skim_TriLep_DYJets.root
2026-03-06 09:41:32,394 - INFO - [2022] MISSING_CENTRAL: SR3Mu/Central/bjets/3/mass in Skim_TriLep_DYJets10to50.root
2026-03-06 09:41:32,395 - INFO - [2022] MISSING_CENTRAL: SR3Mu/Central/bjets/3/mass in Skim_TriLep_TTG_PTG10to100.root
2026-03-06 09:41:32,396 - INFO - [2022] MISSING_CENTRAL: SR3Mu/Central/bjets/3/mass in Skim_TriLep_TTG_PTG100to200.root
2026-03-06 09:41:32,396 - INFO - [2022] MISSING_CENTRAL: SR3Mu/Central/bjets/3/mass in Skim_TriLep_TTG_PTG200toInf.root
2026-03-06 09:41:32,398 - INFO - [2022] MISSING_CENTRAL: SR3Mu/Central/bjets/3/mass in Skim_TriLep_TTWToLNu.root
2026-03-06 09:41:32,435 - INFO - [2022] MISSING_CENTRAL: SR3Mu/Central/bjets/3/mass in Skim_TriLep_WZTo3LNu_powheg.root
2026-03-06 09:41:32,435 - INFO - [2022] MISSING_CENTRAL: SR3Mu/Central/bjets/3/mass in Skim_TriLep_ZZTo4L_powheg.root
2026-03-06 09:41:32,443 - INFO - [2022] MISSING_CENTRAL: SR3Mu/Central/bjets/3/mass in Skim_TriLep_WWW.root
2026-03-06 09:41:32,444 - INFO - [2022] MISSING_CENTRAL: SR3Mu/Central/bjets/3/mass in Skim_TriLep_WWZ.root
2026-03-06 09:41:32,444 - INFO - [2022] MISSING_CENTRAL: SR3Mu/Central/bjets/3/mass in Skim_TriLep_WZZ.root
2026-03-06 09:41:32,459 - INFO - [2022] MISSING_CENTRAL: SR3Mu/Central/bjets/3/mass in Skim_TriLep_VBFHToZZTo4L.root
2026-03-06 09:41:32,460 - INFO - [2022] MISSING_CENTRAL: SR3Mu/Central/bjets/3/mass in Skim_TriLep_ggHToZZTo4L.root
2026-03-06 19:47:19,543 - INFO - [2022] MISSING_CENTRAL: SR3Mu/Central/bjets/3/mass in Skim_TriLep_DoubleMuon_C.root
2026-03-06 19:47:19,578 - INFO - [2022] MISSING_CENTRAL: SR3Mu/Central/bjets/3/mass in Skim_TriLep_Muon_D.root
2026-03-06 19:47:19,605 - INFO - [2022] MISSING_CENTRAL: SR3Mu/Central/bjets/3/mass in Skim_TriLep_DoubleMuon_C.root
2026-03-06 19:47:19,614 - INFO - [2022] MISSING_CENTRAL: SR3Mu/Central/bjets/3/mass in Skim_TriLep_Muon_D.root
2026-03-06 19:47:19,615 - INFO - [2022] MISSING_CENTRAL: SR3Mu/Central/bjets/3/mass in Skim_TriLep_DYJets.root
2026-03-06 19:47:19,615 - INFO - [2022] MISSING_CENTRAL: SR3Mu/Central/bjets/3/mass in Skim_TriLep_DYJets10to50.root
2026-03-06 19:47:19,616 - INFO - [2022] MISSING_CENTRAL: SR3Mu/Central/bjets/3/mass in Skim_TriLep_TTG_PTG10to100.root
2026-03-06 19:47:19,616 - INFO - [2022] MISSING_CENTRAL: SR3Mu/Central/bjets/3/mass in Skim_TriLep_TTG_PTG100to200.root
2026-03-06 19:47:19,617 - INFO - [2022] MISSING_CENTRAL: SR3Mu/Central/bjets/3/mass in Skim_TriLep_TTG_PTG200toInf.root
2026-03-06 19:47:19,619 - INFO - [2022] MISSING_CENTRAL: SR3Mu/Central/bjets/3/mass in Skim_TriLep_TTWToLNu.root
2026-03-06 19:47:19,654 - INFO - [2022] MISSING_CENTRAL: SR3Mu/Central/bjets/3/mass in Skim_TriLep_WZTo3LNu_powheg.root
2026-03-06 19:47:19,655 - INFO - [2022] MISSING_CENTRAL: SR3Mu/Central/bjets/3/mass in Skim_TriLep_ZZTo4L_powheg.root
2026-03-06 19:47:19,663 - INFO - [2022] MISSING_CENTRAL: SR3Mu/Central/bjets/3/mass in Skim_TriLep_WWW.root
2026-03-06 19:47:19,664 - INFO - [2022] MISSING_CENTRAL: SR3Mu/Central/bjets/3/mass in Skim_TriLep_WWZ.root
2026-03-06 19:47:19,664 - INFO - [2022] MISSING_CENTRAL: SR3Mu/Central/bjets/3/mass in Skim_TriLep_WZZ.root
2026-03-06 19:47:19,679 - INFO - [2022] MISSING_CENTRAL: SR3Mu/Central/bjets/3/mass in Skim_TriLep_VBFHToZZTo4L.root
2026-03-06 19:47:19,679 - INFO - [2022] MISSING_CENTRAL: SR3Mu/Central/bjets/3/mass in Skim_TriLep_ggHToZZTo4L.root
2026-04-10 20:22:16,965 - INFO - [2022] MISSING_CENTRAL: SR3Mu/Central/bjets/3/mass in Skim_TriLep_DoubleMuon_C.root
2026-04-10 20:22:16,999 - INFO - [2022] MISSING_CENTRAL: SR3Mu/Central/bjets/3/mass in Skim_TriLep_Muon_D.root
2026-04-10 20:22:17,022 - INFO - [2022] MISSING_CENTRAL: SR3Mu/Central/bjets/3/mass in Skim_TriLep_DoubleMuon_C.root
2026-04-10 20:22:17,031 - INFO - [2022] MISSING_CENTRAL: SR3Mu/Central/bjets/3/mass in Skim_TriLep_Muon_D.root
2026-04-10 20:22:17,032 - INFO - [2022] MISSING_CENTRAL: SR3Mu/Central/bjets/3/mass in Skim_TriLep_DYJets.root
2026-04-10 20:22:17,032 - INFO - [2022] MISSING_CENTRAL: SR3Mu/Central/bjets/3/mass in Skim_TriLep_DYJets10to50.root
2026-04-10 20:22:17,033 - INFO - [2022] MISSING_CENTRAL: SR3Mu/Central/bjets/3/mass in Skim_TriLep_TTG_PTG10to100.root
2026-04-10 20:22:17,034 - INFO - [2022] MISSING_CENTRAL: SR3Mu/Central/bjets/3/mass in Skim_TriLep_TTG_PTG100to200.root
2026-04-10 20:22:17,034 - INFO - [2022] MISSING_CENTRAL: SR3Mu/Central/bjets/3/mass in Skim_TriLep_TTG_PTG200toInf.root
2026-04-10 20:22:17,036 - INFO - [2022] MISSING_CENTRAL: SR3Mu/Central/bjets/3/mass in Skim_TriLep_TTWToLNu.root
2026-04-10 20:22:17,074 - INFO - [2022] MISSING_CENTRAL: SR3Mu/Central/bjets/3/mass in Skim_TriLep_WZTo3LNu_powheg.root
2026-04-10 20:22:17,075 - INFO - [2022] MISSING_CENTRAL: SR3Mu/Central/bjets/3/mass in Skim_TriLep_ZZTo4L_powheg.root
2026-04-10 20:22:17,082 - INFO - [2022] MISSING_CENTRAL: SR3Mu/Central/bjets/3/mass in Skim_TriLep_WWW.root
2026-04-10 20:22:17,083 - INFO - [2022] MISSING_CENTRAL: SR3Mu/Central/bjets/3/mass in Skim_TriLep_WWZ.root
2026-04-10 20:22:17,084 - INFO - [2022] MISSING_CENTRAL: SR3Mu/Central/bjets/3/mass in Skim_TriLep_WZZ.root
2026-04-10 20:22:17,099 - INFO - [2022] MISSING_CENTRAL: SR3Mu/Central/bjets/3/mass in Skim_TriLep_VBFHToZZTo4L.root
2026-04-10 20:22:17,100 - INFO - [2022] MISSING_CENTRAL: SR3Mu/Central/bjets/3/mass in Skim_TriLep_ggHToZZTo4L.root
2026-04-12 11:37:30,211 - INFO - [2022] MISSING_CENTRAL: SR3Mu/Central/bjets/3/mass in Skim_TriLep_DoubleMuon_C.root
2026-04-12 11:37:30,249 - INFO - [2022] MISSING_CENTRAL: SR3Mu/Central/bjets/3/mass in Skim_TriLep_Muon_D.root
2026-04-12 11:37:30,274 - INFO - [2022] MISSING_CENTRAL: SR3Mu/Central/bjets/3/mass in Skim_TriLep_DoubleMuon_C.root
2026-04-12 11:37:30,283 - INFO - [2022] MISSING_CENTRAL: SR3Mu/Central/bjets/3/mass in Skim_TriLep_Muon_D.root
2026-04-12 11:37:30,284 - INFO - [2022] MISSING_CENTRAL: SR3Mu/Central/bjets/3/mass in Skim_TriLep_DYJets.root
2026-04-12 11:37:30,285 - INFO - [2022] MISSING_CENTRAL: SR3Mu/Central/bjets/3/mass in Skim_TriLep_DYJets10to50.root
2026-04-12 11:37:30,285 - INFO - [2022] MISSING_CENTRAL: SR3Mu/Central/bjets/3/mass in Skim_TriLep_TTG_PTG10to100.root
2026-04-12 11:37:30,286 - INFO - [2022] MISSING_CENTRAL: SR3Mu/Central/bjets/3/mass in Skim_TriLep_TTG_PTG100to200.root
2026-04-12 11:37:30,287 - INFO - [2022] MISSING_CENTRAL: SR3Mu/Central/bjets/3/mass in Skim_TriLep_TTG_PTG200toInf.root
2026-04-12 11:37:30,288 - INFO - [2022] MISSING_CENTRAL: SR3Mu/Central/bjets/3/mass in Skim_TriLep_TTWToLNu.root
2026-04-12 11:37:30,335 - INFO - [2022] MISSING_CENTRAL: SR3Mu/Central/bjets/3/mass in Skim_TriLep_WZTo3LNu_powheg.root
2026-04-12 11:37:30,336 - INFO - [2022] MISSING_CENTRAL: SR3Mu/Central/bjets/3/mass in Skim_TriLep_ZZTo4L_powheg.root
2026-04-12 11:37:30,343 - INFO - [2022] MISSING_CENTRAL: SR3Mu/Central/bjets/3/mass in Skim_TriLep_WWW.root
2026-04-12 11:37:30,344 - INFO - [2022] MISSING_CENTRAL: SR3Mu/Central/bjets/3/mass in Skim_TriLep_WWZ.root
2026-04-12 11:37:30,344 - INFO - [2022] MISSING_CENTRAL: SR3Mu/Central/bjets/3/mass in Skim_TriLep_WZZ.root
2026-04-12 11:37:30,360 - INFO - [2022] MISSING_CENTRAL: SR3Mu/Central/bjets/3/mass in Skim_TriLep_VBFHToZZTo4L.root
2026-04-12 11:37:30,361 - INFO - [2022] MISSING_CENTRAL: SR3Mu/Central/bjets/3/mass in Skim_TriLep_ggHToZZTo4L.root
2026-04-12 12:19:26,287 - INFO - [2022] MISSING_CENTRAL: SR3Mu/Central/bjets/3/mass in Skim_TriLep_DoubleMuon_C.root
2026-04-12 12:19:26,323 - INFO - [2022] MISSING_CENTRAL: SR3Mu/Central/bjets/3/mass in Skim_TriLep_Muon_D.root
2026-04-12 12:19:26,348 - INFO - [2022] MISSING_CENTRAL: SR3Mu/Central/bjets/3/mass in Skim_TriLep_DoubleMuon_C.root
2026-04-12 12:19:26,358 - INFO - [2022] MISSING_CENTRAL: SR3Mu/Central/bjets/3/mass in Skim_TriLep_Muon_D.root
2026-04-12 12:19:26,359 - INFO - [2022] MISSING_CENTRAL: SR3Mu/Central/bjets/3/mass in Skim_TriLep_DYJets.root
2026-04-12 12:19:26,359 - INFO - [2022] MISSING_CENTRAL: SR3Mu/Central/bjets/3/mass in Skim_TriLep_DYJets10to50.root
2026-04-12 12:19:26,360 - INFO - [2022] MISSING_CENTRAL: SR3Mu/Central/bjets/3/mass in Skim_TriLep_TTG_PTG10to100.root
2026-04-12 12:19:26,361 - INFO - [2022] MISSING_CENTRAL: SR3Mu/Central/bjets/3/mass in Skim_TriLep_TTG_PTG100to200.root
2026-04-12 12:19:26,362 - INFO - [2022] MISSING_CENTRAL: SR3Mu/Central/bjets/3/mass in Skim_TriLep_TTG_PTG200toInf.root
2026-04-12 12:19:26,363 - INFO - [2022] MISSING_CENTRAL: SR3Mu/Central/bjets/3/mass in Skim_TriLep_TTWToLNu.root
2026-04-12 12:19:26,402 - INFO - [2022] MISSING_CENTRAL: SR3Mu/Central/bjets/3/mass in Skim_TriLep_WZTo3LNu_powheg.root
2026-04-12 12:19:26,402 - INFO - [2022] MISSING_CENTRAL: SR3Mu/Central/bjets/3/mass in Skim_TriLep_ZZTo4L_powheg.root
2026-04-12 12:19:26,410 - INFO - [2022] MISSING_CENTRAL: SR3Mu/Central/bjets/3/mass in Skim_TriLep_WWW.root
2026-04-12 12:19:26,411 - INFO - [2022] MISSING_CENTRAL: SR3Mu/Central/bjets/3/mass in Skim_TriLep_WWZ.root
2026-04-12 12:19:26,412 - INFO - [2022] MISSING_CENTRAL: SR3Mu/Central/bjets/3/mass in Skim_TriLep_WZZ.root
2026-04-12 12:19:26,430 - INFO - [2022] MISSING_CENTRAL: SR3Mu/Central/bjets/3/mass in Skim_TriLep_VBFHToZZTo4L.root
2026-04-12 12:19:26,430 - INFO - [2022] MISSING_CENTRAL: SR3Mu/Central/bjets/3/mass in Skim_TriLep_ggHToZZTo4L.root
2026-04-12 12:39:05,012 - INFO - [2022] MISSING_CENTRAL: SR3Mu/Central/bjets/3/mass in Skim_TriLep_DoubleMuon_C.root
2026-04-12 12:39:05,046 - INFO - [2022] MISSING_CENTRAL: SR3Mu/Central/bjets/3/mass in Skim_TriLep_Muon_D.root
2026-04-12 12:39:05,070 - INFO - [2022] MISSING_CENTRAL: SR3Mu/Central/bjets/3/mass in Skim_TriLep_DoubleMuon_C.root
2026-04-12 12:39:05,080 - INFO - [2022] MISSING_CENTRAL: SR3Mu/Central/bjets/3/mass in Skim_TriLep_Muon_D.root
2026-04-12 12:39:05,081 - INFO - [2022] MISSING_CENTRAL: SR3Mu/Central/bjets/3/mass in Skim_TriLep_DYJets.root
2026-04-12 12:39:05,082 - INFO - [2022] MISSING_CENTRAL: SR3Mu/Central/bjets/3/mass in Skim_TriLep_DYJets10to50.root
2026-04-12 12:39:05,082 - INFO - [2022] MISSING_CENTRAL: SR3Mu/Central/bjets/3/mass in Skim_TriLep_TTG_PTG10to100.root
2026-04-12 12:39:05,083 - INFO - [2022] MISSING_CENTRAL: SR3Mu/Central/bjets/3/mass in Skim_TriLep_TTG_PTG100to200.root
2026-04-12 12:39:05,084 - INFO - [2022] MISSING_CENTRAL: SR3Mu/Central/bjets/3/mass in Skim_TriLep_TTG_PTG200toInf.root
2026-04-12 12:39:05,086 - INFO - [2022] MISSING_CENTRAL: SR3Mu/Central/bjets/3/mass in Skim_TriLep_TTWToLNu.root
2026-04-12 12:39:05,124 - INFO - [2022] MISSING_CENTRAL: SR3Mu/Central/bjets/3/mass in Skim_TriLep_WZTo3LNu_powheg.root
2026-04-12 12:39:05,124 - INFO - [2022] MISSING_CENTRAL: SR3Mu/Central/bjets/3/mass in Skim_TriLep_ZZTo4L_powheg.root
2026-04-12 12:39:05,132 - INFO - [2022] MISSING_CENTRAL: SR3Mu/Central/bjets/3/mass in Skim_TriLep_WWW.root
2026-04-12 12:39:05,133 - INFO - [2022] MISSING_CENTRAL: SR3Mu/Central/bjets/3/mass in Skim_TriLep_WWZ.root
2026-04-12 12:39:05,133 - INFO - [2022] MISSING_CENTRAL: SR3Mu/Central/bjets/3/mass in Skim_TriLep_WZZ.root
2026-04-12 12:39:05,148 - INFO - [2022] MISSING_CENTRAL: SR3Mu/Central/bjets/3/mass in Skim_TriLep_VBFHToZZTo4L.root
2026-04-12 12:39:05,149 - INFO - [2022] MISSING_CENTRAL: SR3Mu/Central/bjets/3/mass in Skim_TriLep_ggHToZZTo4L.root
2026-04-12 20:47:12,039 - INFO - [2022] MISSING_CENTRAL: SR3Mu/Central/bjets/3/mass in Skim_TriLep_DoubleMuon_C.root
2026-04-12 20:47:12,084 - INFO - [2022] MISSING_CENTRAL: SR3Mu/Central/bjets/3/mass in Skim_TriLep_Muon_D.root
2026-04-12 20:47:12,108 - INFO - [2022] MISSING_CENTRAL: SR3Mu/Central/bjets/3/mass in Skim_TriLep_DoubleMuon_C.root
2026-04-12 20:47:12,118 - INFO - [2022] MISSING_CENTRAL: SR3Mu/Central/bjets/3/mass in Skim_TriLep_Muon_D.root
2026-04-12 20:47:12,119 - INFO - [2022] MISSING_CENTRAL: SR3Mu/Central/bjets/3/mass in Skim_TriLep_DYJets.root
2026-04-12 20:47:12,119 - INFO - [2022] MISSING_CENTRAL: SR3Mu/Central/bjets/3/mass in Skim_TriLep_DYJets10to50.root
2026-04-12 20:47:12,120 - INFO - [2022] MISSING_CENTRAL: SR3Mu/Central/bjets/3/mass in Skim_TriLep_TTG_PTG10to100.root
2026-04-12 20:47:12,120 - INFO - [2022] MISSING_CENTRAL: SR3Mu/Central/bjets/3/mass in Skim_TriLep_TTG_PTG100to200.root
2026-04-12 20:47:12,121 - INFO - [2022] MISSING_CENTRAL: SR3Mu/Central/bjets/3/mass in Skim_TriLep_TTG_PTG200toInf.root
2026-04-12 20:47:12,124 - INFO - [2022] MISSING_CENTRAL: SR3Mu/Central/bjets/3/mass in Skim_TriLep_TTWToLNu.root
2026-04-12 20:47:12,159 - INFO - [2022] MISSING_CENTRAL: SR3Mu/Central/bjets/3/mass in Skim_TriLep_WZTo3LNu_powheg.root
2026-04-12 20:47:12,160 - INFO - [2022] MISSING_CENTRAL: SR3Mu/Central/bjets/3/mass in Skim_TriLep_ZZTo4L_powheg.root
2026-04-12 20:47:12,167 - INFO - [2022] MISSING_CENTRAL: SR3Mu/Central/bjets/3/mass in Skim_TriLep_WWW.root
2026-04-12 20:47:12,168 - INFO - [2022] MISSING_CENTRAL: SR3Mu/Central/bjets/3/mass in Skim_TriLep_WWZ.root
2026-04-12 20:47:12,168 - INFO - [2022] MISSING_CENTRAL: SR3Mu/Central/bjets/3/mass in Skim_TriLep_WZZ.root
2026-04-12 20:47:12,187 - INFO - [2022] MISSING_CENTRAL: SR3Mu/Central/bjets/3/mass in Skim_TriLep_VBFHToZZTo4L.root
2026-04-12 20:47:12,187 - INFO - [2022] MISSING_CENTRAL: SR3Mu/Central/bjets/3/mass in Skim_TriLep_ggHToZZTo4L.root
2026-04-12 21:18:46,559 - INFO - [2022] MISSING_CENTRAL: SR3Mu/Central/bjets/3/mass in Skim_TriLep_DoubleMuon_C.root
2026-04-12 21:18:46,594 - INFO - [2022] MISSING_CENTRAL: SR3Mu/Central/bjets/3/mass in Skim_TriLep_Muon_D.root
2026-04-12 21:18:46,618 - INFO - [2022] MISSING_CENTRAL: SR3Mu/Central/bjets/3/mass in Skim_TriLep_DoubleMuon_C.root
2026-04-12 21:18:46,628 - INFO - [2022] MISSING_CENTRAL: SR3Mu/Central/bjets/3/mass in Skim_TriLep_Muon_D.root
2026-04-12 21:18:46,629 - INFO - [2022] MISSING_CENTRAL: SR3Mu/Central/bjets/3/mass in Skim_TriLep_DYJets.root
2026-04-12 21:18:46,629 - INFO - [2022] MISSING_CENTRAL: SR3Mu/Central/bjets/3/mass in Skim_TriLep_DYJets10to50.root
2026-04-12 21:18:46,630 - INFO - [2022] MISSING_CENTRAL: SR3Mu/Central/bjets/3/mass in Skim_TriLep_TTG_PTG10to100.root
2026-04-12 21:18:46,630 - INFO - [2022] MISSING_CENTRAL: SR3Mu/Central/bjets/3/mass in Skim_TriLep_TTG_PTG100to200.root
2026-04-12 21:18:46,631 - INFO - [2022] MISSING_CENTRAL: SR3Mu/Central/bjets/3/mass in Skim_TriLep_TTG_PTG200toInf.root
2026-04-12 21:18:46,633 - INFO - [2022] MISSING_CENTRAL: SR3Mu/Central/bjets/3/mass in Skim_TriLep_TTWToLNu.root
2026-04-12 21:18:46,670 - INFO - [2022] MISSING_CENTRAL: SR3Mu/Central/bjets/3/mass in Skim_TriLep_WZTo3LNu_powheg.root
2026-04-12 21:18:46,671 - INFO - [2022] MISSING_CENTRAL: SR3Mu/Central/bjets/3/mass in Skim_TriLep_ZZTo4L_powheg.root
2026-04-12 21:18:46,678 - INFO - [2022] MISSING_CENTRAL: SR3Mu/Central/bjets/3/mass in Skim_TriLep_WWW.root
2026-04-12 21:18:46,679 - INFO - [2022] MISSING_CENTRAL: SR3Mu/Central/bjets/3/mass in Skim_TriLep_WWZ.root
2026-04-12 21:18:46,680 - INFO - [2022] MISSING_CENTRAL: SR3Mu/Central/bjets/3/mass in Skim_TriLep_WZZ.root
2026-04-12 21:18:46,694 - INFO - [2022] MISSING_CENTRAL: SR3Mu/Central/bjets/3/mass in Skim_TriLep_VBFHToZZTo4L.root
2026-04-12 21:18:46,695 - INFO - [2022] MISSING_CENTRAL: SR3Mu/Central/bjets/3/mass in Skim_TriLep_ggHToZZTo4L.root
2026-04-13 12:56:28,111 - INFO - [2022] MISSING_CENTRAL: SR3Mu/Central/bjets/3/mass in Skim_TriLep_DoubleMuon_C.root
2026-04-13 12:56:28,157 - INFO - [2022] MISSING_CENTRAL: SR3Mu/Central/bjets/3/mass in Skim_TriLep_Muon_D.root
2026-04-13 12:56:28,181 - INFO - [2022] MISSING_CENTRAL: SR3Mu/Central/bjets/3/mass in Skim_TriLep_DoubleMuon_C.root
2026-04-13 12:56:28,185 - INFO - [2022] MISSING_CENTRAL: SR3Mu/Central/bjets/3/mass in Skim_TriLep_Muon_D.root
2026-04-13 12:56:28,186 - INFO - [2022] MISSING_CENTRAL: SR3Mu/Central/bjets/3/mass in Skim_TriLep_DYJets.root
2026-04-13 12:56:28,186 - INFO - [2022] MISSING_CENTRAL: SR3Mu/Central/bjets/3/mass in Skim_TriLep_DYJets10to50.root
2026-04-13 12:56:28,187 - INFO - [2022] MISSING_CENTRAL: SR3Mu/Central/bjets/3/mass in Skim_TriLep_TTG_PTG10to100.root
2026-04-13 12:56:28,187 - INFO - [2022] MISSING_CENTRAL: SR3Mu/Central/bjets/3/mass in Skim_TriLep_TTG_PTG100to200.root
2026-04-13 12:56:28,188 - INFO - [2022] MISSING_CENTRAL: SR3Mu/Central/bjets/3/mass in Skim_TriLep_TTG_PTG200toInf.root
2026-04-13 12:56:28,189 - INFO - [2022] MISSING_CENTRAL: SR3Mu/Central/bjets/3/mass in Skim_TriLep_TTWToLNu.root
2026-04-13 12:56:28,231 - INFO - [2022] MISSING_CENTRAL: SR3Mu/Central/bjets/3/mass in Skim_TriLep_WZTo3LNu_powheg.root
2026-04-13 12:56:28,232 - INFO - [2022] MISSING_CENTRAL: SR3Mu/Central/bjets/3/mass in Skim_TriLep_ZZTo4L_powheg.root
2026-04-13 12:56:28,240 - INFO - [2022] MISSING_CENTRAL: SR3Mu/Central/bjets/3/mass in Skim_TriLep_WWW.root
2026-04-13 12:56:28,241 - INFO - [2022] MISSING_CENTRAL: SR3Mu/Central/bjets/3/mass in Skim_TriLep_WWZ.root
2026-04-13 12:56:28,242 - INFO - [2022] MISSING_CENTRAL: SR3Mu/Central/bjets/3/mass in Skim_TriLep_WZZ.root
2026-04-13 12:56:28,259 - INFO - [2022] MISSING_CENTRAL: SR3Mu/Central/bjets/3/mass in Skim_TriLep_VBFHToZZTo4L.root
2026-04-13 12:56:28,259 - INFO - [2022] MISSING_CENTRAL: SR3Mu/Central/bjets/3/mass in Skim_TriLep_ggHToZZTo4L.root
2026-04-16 17:30:50,902 - INFO - [2022] MISSING_CENTRAL: SR3Mu/Central/bjets/3/mass in Skim_TriLep_DoubleMuon_C.root
2026-04-16 17:30:50,943 - INFO - [2022] MISSING_CENTRAL: SR3Mu/Central/bjets/3/mass in Skim_TriLep_Muon_D.root
2026-04-16 17:30:50,967 - INFO - [2022] MISSING_CENTRAL: SR3Mu/Central/bjets/3/mass in Skim_TriLep_DoubleMuon_C.root
2026-04-16 17:30:50,971 - INFO - [2022] MISSING_CENTRAL: SR3Mu/Central/bjets/3/mass in Skim_TriLep_Muon_D.root
2026-04-16 17:30:50,971 - INFO - [2022] MISSING_CENTRAL: SR3Mu/Central/bjets/3/mass in Skim_TriLep_DYJets.root
2026-04-16 17:30:50,972 - INFO - [2022] MISSING_CENTRAL: SR3Mu/Central/bjets/3/mass in Skim_TriLep_DYJets10to50.root
2026-04-16 17:30:50,972 - INFO - [2022] MISSING_CENTRAL: SR3Mu/Central/bjets/3/mass in Skim_TriLep_TTG_PTG10to100.root
2026-04-16 17:30:50,973 - INFO - [2022] MISSING_CENTRAL: SR3Mu/Central/bjets/3/mass in Skim_TriLep_TTG_PTG100to200.root
2026-04-16 17:30:50,973 - INFO - [2022] MISSING_CENTRAL: SR3Mu/Central/bjets/3/mass in Skim_TriLep_TTG_PTG200toInf.root
2026-04-16 17:30:50,975 - INFO - [2022] MISSING_CENTRAL: SR3Mu/Central/bjets/3/mass in Skim_TriLep_TTWToLNu.root
2026-04-16 17:30:51,022 - INFO - [2022] MISSING_CENTRAL: SR3Mu/Central/bjets/3/mass in Skim_TriLep_WZTo3LNu_powheg.root
2026-04-16 17:30:51,023 - INFO - [2022] MISSING_CENTRAL: SR3Mu/Central/bjets/3/mass in Skim_TriLep_ZZTo4L_powheg.root
2026-04-16 17:30:51,031 - INFO - [2022] MISSING_CENTRAL: SR3Mu/Central/bjets/3/mass in Skim_TriLep_WWW.root
2026-04-16 17:30:51,032 - INFO - [2022] MISSING_CENTRAL: SR3Mu/Central/bjets/3/mass in Skim_TriLep_WWZ.root
2026-04-16 17:30:51,033 - INFO - [2022] MISSING_CENTRAL: SR3Mu/Central/bjets/3/mass in Skim_TriLep_WZZ.root
2026-04-16 17:30:51,051 - INFO - [2022] MISSING_CENTRAL: SR3Mu/Central/bjets/3/mass in Skim_TriLep_VBFHToZZTo4L.root
2026-04-16 17:30:51,052 - INFO - [2022] MISSING_CENTRAL: SR3Mu/Central/bjets/3/mass in Skim_TriLep_ggHToZZTo4L.root
2026-04-16 17:38:59,406 - INFO - [2022] MISSING_CENTRAL: SR3Mu/Central/bjets/3/mass in Skim_TriLep_DoubleMuon_C.root
2026-04-16 17:38:59,449 - INFO - [2022] MISSING_CENTRAL: SR3Mu/Central/bjets/3/mass in Skim_TriLep_Muon_D.root
2026-04-16 17:38:59,473 - INFO - [2022] MISSING_CENTRAL: SR3Mu/Central/bjets/3/mass in Skim_TriLep_DoubleMuon_C.root
2026-04-16 17:38:59,477 - INFO - [2022] MISSING_CENTRAL: SR3Mu/Central/bjets/3/mass in Skim_TriLep_Muon_D.root
2026-04-16 17:38:59,478 - INFO - [2022] MISSING_CENTRAL: SR3Mu/Central/bjets/3/mass in Skim_TriLep_DYJets.root
2026-04-16 17:38:59,478 - INFO - [2022] MISSING_CENTRAL: SR3Mu/Central/bjets/3/mass in Skim_TriLep_DYJets10to50.root
2026-04-16 17:38:59,479 - INFO - [2022] MISSING_CENTRAL: SR3Mu/Central/bjets/3/mass in Skim_TriLep_TTG_PTG10to100.root
2026-04-16 17:38:59,479 - INFO - [2022] MISSING_CENTRAL: SR3Mu/Central/bjets/3/mass in Skim_TriLep_TTG_PTG100to200.root
2026-04-16 17:38:59,480 - INFO - [2022] MISSING_CENTRAL: SR3Mu/Central/bjets/3/mass in Skim_TriLep_TTG_PTG200toInf.root
2026-04-16 17:38:59,482 - INFO - [2022] MISSING_CENTRAL: SR3Mu/Central/bjets/3/mass in Skim_TriLep_TTWToLNu.root
2026-04-16 17:38:59,526 - INFO - [2022] MISSING_CENTRAL: SR3Mu/Central/bjets/3/mass in Skim_TriLep_WZTo3LNu_powheg.root
2026-04-16 17:38:59,526 - INFO - [2022] MISSING_CENTRAL: SR3Mu/Central/bjets/3/mass in Skim_TriLep_ZZTo4L_powheg.root
2026-04-16 17:38:59,535 - INFO - [2022] MISSING_CENTRAL: SR3Mu/Central/bjets/3/mass in Skim_TriLep_WWW.root
2026-04-16 17:38:59,536 - INFO - [2022] MISSING_CENTRAL: SR3Mu/Central/bjets/3/mass in Skim_TriLep_WWZ.root
2026-04-16 17:38:59,537 - INFO - [2022] MISSING_CENTRAL: SR3Mu/Central/bjets/3/mass in Skim_TriLep_WZZ.root
2026-04-16 17:38:59,554 - INFO - [2022] MISSING_CENTRAL: SR3Mu/Central/bjets/3/mass in Skim_TriLep_VBFHToZZTo4L.root
2026-04-16 17:38:59,555 - INFO - [2022] MISSING_CENTRAL: SR3Mu/Central/bjets/3/mass in Skim_TriLep_ggHToZZTo4L.root
2026-04-28 15:11:29,918 - INFO - [2022] MISSING_CENTRAL: SR3Mu/Central/bjets/3/mass in Skim_TriLep_DoubleMuon_C.root
2026-04-28 15:11:29,957 - INFO - [2022] MISSING_CENTRAL: SR3Mu/Central/bjets/3/mass in Skim_TriLep_Muon_D.root
2026-04-28 15:11:29,980 - INFO - [2022] MISSING_CENTRAL: SR3Mu/Central/bjets/3/mass in Skim_TriLep_DoubleMuon_C.root
2026-04-28 15:11:29,984 - INFO - [2022] MISSING_CENTRAL: SR3Mu/Central/bjets/3/mass in Skim_TriLep_Muon_D.root
2026-04-28 15:11:29,985 - INFO - [2022] MISSING_CENTRAL: SR3Mu/Central/bjets/3/mass in Skim_TriLep_DYJets.root
2026-04-28 15:11:29,985 - INFO - [2022] MISSING_CENTRAL: SR3Mu/Central/bjets/3/mass in Skim_TriLep_DYJets10to50.root
2026-04-28 15:11:29,986 - INFO - [2022] MISSING_CENTRAL: SR3Mu/Central/bjets/3/mass in Skim_TriLep_TTG_PTG10to100.root
2026-04-28 15:11:29,987 - INFO - [2022] MISSING_CENTRAL: SR3Mu/Central/bjets/3/mass in Skim_TriLep_TTG_PTG100to200.root
2026-04-28 15:11:29,987 - INFO - [2022] MISSING_CENTRAL: SR3Mu/Central/bjets/3/mass in Skim_TriLep_TTG_PTG200toInf.root
2026-04-28 15:11:29,989 - INFO - [2022] MISSING_CENTRAL: SR3Mu/Central/bjets/3/mass in Skim_TriLep_TTWToLNu.root
2026-04-28 15:11:30,030 - INFO - [2022] MISSING_CENTRAL: SR3Mu/Central/bjets/3/mass in Skim_TriLep_WZTo3LNu_powheg.root
2026-04-28 15:11:30,031 - INFO - [2022] MISSING_CENTRAL: SR3Mu/Central/bjets/3/mass in Skim_TriLep_ZZTo4L_powheg.root
2026-04-28 15:11:30,040 - INFO - [2022] MISSING_CENTRAL: SR3Mu/Central/bjets/3/mass in Skim_TriLep_WWW.root
2026-04-28 15:11:30,041 - INFO - [2022] MISSING_CENTRAL: SR3Mu/Central/bjets/3/mass in Skim_TriLep_WWZ.root
2026-04-28 15:11:30,041 - INFO - [2022] MISSING_CENTRAL: SR3Mu/Central/bjets/3/mass in Skim_TriLep_WZZ.root
2026-04-28 15:11:30,059 - INFO - [2022] MISSING_CENTRAL: SR3Mu/Central/bjets/3/mass in Skim_TriLep_VBFHToZZTo4L.root
2026-04-28 15:11:30,060 - INFO - [2022] MISSING_CENTRAL: SR3Mu/Central/bjets/3/mass in Skim_TriLep_ggHToZZTo4L.root
2026-05-04 17:00:50,562 - INFO - [2022] MISSING_CENTRAL: SR3Mu/Central/bjets/3/mass in Skim_TriLep_DoubleMuon_C.root
2026-05-04 17:00:50,602 - INFO - [2022] MISSING_CENTRAL: SR3Mu/Central/bjets/3/mass in Skim_TriLep_Muon_D.root
2026-05-04 17:00:50,625 - INFO - [2022] MISSING_CENTRAL: SR3Mu/Central/bjets/3/mass in Skim_TriLep_DoubleMuon_C.root
2026-05-04 17:00:50,629 - INFO - [2022] MISSING_CENTRAL: SR3Mu/Central/bjets/3/mass in Skim_TriLep_Muon_D.root
2026-05-04 17:00:50,630 - INFO - [2022] MISSING_CENTRAL: SR3Mu/Central/bjets/3/mass in Skim_TriLep_DYJets.root
2026-05-04 17:00:50,631 - INFO - [2022] MISSING_CENTRAL: SR3Mu/Central/bjets/3/mass in Skim_TriLep_DYJets10to50.root
2026-05-04 17:00:50,631 - INFO - [2022] MISSING_CENTRAL: SR3Mu/Central/bjets/3/mass in Skim_TriLep_TTG_PTG10to100.root
2026-05-04 17:00:50,632 - INFO - [2022] MISSING_CENTRAL: SR3Mu/Central/bjets/3/mass in Skim_TriLep_TTG_PTG100to200.root
2026-05-04 17:00:50,633 - INFO - [2022] MISSING_CENTRAL: SR3Mu/Central/bjets/3/mass in Skim_TriLep_TTG_PTG200toInf.root
2026-05-04 17:00:50,634 - INFO - [2022] MISSING_CENTRAL: SR3Mu/Central/bjets/3/mass in Skim_TriLep_TTWToLNu.root
2026-05-04 17:00:50,678 - INFO - [2022] MISSING_CENTRAL: SR3Mu/Central/bjets/3/mass in Skim_TriLep_WZTo3LNu_powheg.root
2026-05-04 17:00:50,679 - INFO - [2022] MISSING_CENTRAL: SR3Mu/Central/bjets/3/mass in Skim_TriLep_ZZTo4L_powheg.root
2026-05-04 17:00:50,687 - INFO - [2022] MISSING_CENTRAL: SR3Mu/Central/bjets/3/mass in Skim_TriLep_WWW.root
2026-05-04 17:00:50,688 - INFO - [2022] MISSING_CENTRAL: SR3Mu/Central/bjets/3/mass in Skim_TriLep_WWZ.root
2026-05-04 17:00:50,688 - INFO - [2022] MISSING_CENTRAL: SR3Mu/Central/bjets/3/mass in Skim_TriLep_WZZ.root
2026-05-04 17:00:50,707 - INFO - [2022] MISSING_CENTRAL: SR3Mu/Central/bjets/3/mass in Skim_TriLep_VBFHToZZTo4L.root
2026-05-04 17:00:50,708 - INFO - [2022] MISSING_CENTRAL: SR3Mu/Central/bjets/3/mass in Skim_TriLep_ggHToZZTo4L.root
2026-05-04 17:08:31,307 - INFO - [2022] MISSING_CENTRAL: SR3Mu/Central/bjets/3/mass in Skim_TriLep_DoubleMuon_C.root
2026-05-04 17:08:31,350 - INFO - [2022] MISSING_CENTRAL: SR3Mu/Central/bjets/3/mass in Skim_TriLep_Muon_D.root
2026-05-04 17:08:31,378 - INFO - [2022] MISSING_CENTRAL: SR3Mu/Central/bjets/3/mass in Skim_TriLep_DoubleMuon_C.root
2026-05-04 17:08:31,382 - INFO - [2022] MISSING_CENTRAL: SR3Mu/Central/bjets/3/mass in Skim_TriLep_Muon_D.root
2026-05-04 17:08:31,383 - INFO - [2022] MISSING_CENTRAL: SR3Mu/Central/bjets/3/mass in Skim_TriLep_DYJets.root
2026-05-04 17:08:31,384 - INFO - [2022] MISSING_CENTRAL: SR3Mu/Central/bjets/3/mass in Skim_TriLep_DYJets10to50.root
2026-05-04 17:08:31,384 - INFO - [2022] MISSING_CENTRAL: SR3Mu/Central/bjets/3/mass in Skim_TriLep_TTG_PTG10to100.root
2026-05-04 17:08:31,385 - INFO - [2022] MISSING_CENTRAL: SR3Mu/Central/bjets/3/mass in Skim_TriLep_TTG_PTG100to200.root
2026-05-04 17:08:31,386 - INFO - [2022] MISSING_CENTRAL: SR3Mu/Central/bjets/3/mass in Skim_TriLep_TTG_PTG200toInf.root
2026-05-04 17:08:31,387 - INFO - [2022] MISSING_CENTRAL: SR3Mu/Central/bjets/3/mass in Skim_TriLep_TTWToLNu.root
2026-05-04 17:08:31,432 - INFO - [2022] MISSING_CENTRAL: SR3Mu/Central/bjets/3/mass in Skim_TriLep_WZTo3LNu_powheg.root
2026-05-04 17:08:31,433 - INFO - [2022] MISSING_CENTRAL: SR3Mu/Central/bjets/3/mass in Skim_TriLep_ZZTo4L_powheg.root
2026-05-04 17:08:31,442 - INFO - [2022] MISSING_CENTRAL: SR3Mu/Central/bjets/3/mass in Skim_TriLep_WWW.root
2026-05-04 17:08:31,442 - INFO - [2022] MISSING_CENTRAL: SR3Mu/Central/bjets/3/mass in Skim_TriLep_WWZ.root
2026-05-04 17:08:31,443 - INFO - [2022] MISSING_CENTRAL: SR3Mu/Central/bjets/3/mass in Skim_TriLep_WZZ.root
2026-05-04 17:08:31,460 - INFO - [2022] MISSING_CENTRAL: SR3Mu/Central/bjets/3/mass in Skim_TriLep_VBFHToZZTo4L.root
2026-05-04 17:08:31,461 - INFO - [2022] MISSING_CENTRAL: SR3Mu/Central/bjets/3/mass in Skim_TriLep_ggHToZZTo4L.root
2026-05-28 15:37:32,231 - INFO - [2022] MISSING_CENTRAL: SR3Mu/Central/bjets/3/mass in Skim_TriLep_DoubleMuon_C.root
2026-05-28 15:37:32,288 - INFO - [2022] MISSING_CENTRAL: SR3Mu/Central/bjets/3/mass in Skim_TriLep_Muon_D.root
2026-05-28 15:37:32,315 - INFO - [2022] MISSING_CENTRAL: SR3Mu/Central/bjets/3/mass in Skim_TriLep_DoubleMuon_C.root
2026-05-28 15:37:32,321 - INFO - [2022] MISSING_CENTRAL: SR3Mu/Central/bjets/3/mass in Skim_TriLep_Muon_D.root
2026-05-28 15:37:32,323 - INFO - [2022] MISSING_CENTRAL: SR3Mu/Central/bjets/3/mass in Skim_TriLep_DYJets.root
2026-05-28 15:37:32,324 - INFO - [2022] MISSING_CENTRAL: SR3Mu/Central/bjets/3/mass in Skim_TriLep_DYJets10to50.root
2026-05-28 15:37:32,325 - INFO - [2022] MISSING_CENTRAL: SR3Mu/Central/bjets/3/mass in Skim_TriLep_TTG_PTG10to100.root
2026-05-28 15:37:32,327 - INFO - [2022] MISSING_CENTRAL: SR3Mu/Central/bjets/3/mass in Skim_TriLep_TTG_PTG100to200.root
2026-05-28 15:37:32,329 - INFO - [2022] MISSING_CENTRAL: SR3Mu/Central/bjets/3/mass in Skim_TriLep_TTG_PTG200toInf.root
2026-05-28 15:37:32,332 - INFO - [2022] MISSING_CENTRAL: SR3Mu/Central/bjets/3/mass in Skim_TriLep_TTWToLNu.root
2026-05-28 15:37:32,404 - INFO - [2022] MISSING_CENTRAL: SR3Mu/Central/bjets/3/mass in Skim_TriLep_WZTo3LNu_powheg.root
2026-05-28 15:37:32,406 - INFO - [2022] MISSING_CENTRAL: SR3Mu/Central/bjets/3/mass in Skim_TriLep_ZZTo4L_powheg.root
2026-05-28 15:37:32,419 - INFO - [2022] MISSING_CENTRAL: SR3Mu/Central/bjets/3/mass in Skim_TriLep_WWW.root
2026-05-28 15:37:32,420 - INFO - [2022] MISSING_CENTRAL: SR3Mu/Central/bjets/3/mass in Skim_TriLep_WWZ.root
2026-05-28 15:37:32,422 - INFO - [2022] MISSING_CENTRAL: SR3Mu/Central/bjets/3/mass in Skim_TriLep_WZZ.root
2026-05-28 15:37:32,452 - INFO - [2022] MISSING_CENTRAL: SR3Mu/Central/bjets/3/mass in Skim_TriLep_VBFHToZZTo4L.root
2026-05-28 15:37:32,453 - INFO - [2022] MISSING_CENTRAL: SR3Mu/Central/bjets/3/mass in Skim_TriLep_ggHToZZTo4L.root
2026-05-28 15:45:16,226 - INFO - [2022] MISSING_CENTRAL: SR3Mu/Central/bjets/3/mass in Skim_TriLep_DoubleMuon_C.root
2026-05-28 15:45:16,283 - INFO - [2022] MISSING_CENTRAL: SR3Mu/Central/bjets/3/mass in Skim_TriLep_Muon_D.root
2026-05-28 15:45:16,325 - INFO - [2022] MISSING_CENTRAL: SR3Mu/Central/bjets/3/mass in Skim_TriLep_DoubleMuon_C.root
2026-05-28 15:45:16,332 - INFO - [2022] MISSING_CENTRAL: SR3Mu/Central/bjets/3/mass in Skim_TriLep_Muon_D.root
2026-05-28 15:45:16,334 - INFO - [2022] MISSING_CENTRAL: SR3Mu/Central/bjets/3/mass in Skim_TriLep_DYJets.root
2026-05-28 15:45:16,335 - INFO - [2022] MISSING_CENTRAL: SR3Mu/Central/bjets/3/mass in Skim_TriLep_DYJets10to50.root
2026-05-28 15:45:16,337 - INFO - [2022] MISSING_CENTRAL: SR3Mu/Central/bjets/3/mass in Skim_TriLep_TTG_PTG10to100.root
2026-05-28 15:45:16,341 - INFO - [2022] MISSING_CENTRAL: SR3Mu/Central/bjets/3/mass in Skim_TriLep_TTG_PTG100to200.root
2026-05-28 15:45:16,343 - INFO - [2022] MISSING_CENTRAL: SR3Mu/Central/bjets/3/mass in Skim_TriLep_TTG_PTG200toInf.root
2026-05-28 15:45:16,346 - INFO - [2022] MISSING_CENTRAL: SR3Mu/Central/bjets/3/mass in Skim_TriLep_TTWToLNu.root
2026-05-28 15:45:16,421 - INFO - [2022] MISSING_CENTRAL: SR3Mu/Central/bjets/3/mass in Skim_TriLep_WZTo3LNu_powheg.root
2026-05-28 15:45:16,435 - INFO - [2022] MISSING_CENTRAL: SR3Mu/Central/bjets/3/mass in Skim_TriLep_ZZTo4L_powheg.root
2026-05-28 15:45:16,449 - INFO - [2022] MISSING_CENTRAL: SR3Mu/Central/bjets/3/mass in Skim_TriLep_WWW.root
2026-05-28 15:45:16,451 - INFO - [2022] MISSING_CENTRAL: SR3Mu/Central/bjets/3/mass in Skim_TriLep_WWZ.root
2026-05-28 15:45:16,452 - INFO - [2022] MISSING_CENTRAL: SR3Mu/Central/bjets/3/mass in Skim_TriLep_WZZ.root
2026-05-28 15:45:16,497 - INFO - [2022] MISSING_CENTRAL: SR3Mu/Central/bjets/3/mass in Skim_TriLep_VBFHToZZTo4L.root
2026-05-28 15:45:16,498 - INFO - [2022] MISSING_CENTRAL: SR3Mu/Central/bjets/3/mass in Skim_TriLep_ggHToZZTo4L.root
2026-05-29 15:28:30,651 - INFO - [2022] MISSING_CENTRAL: SR3Mu/Central/bjets/3/mass in Skim_TriLep_DoubleMuon_C.root
2026-05-29 15:28:30,691 - INFO - [2022] MISSING_CENTRAL: SR3Mu/Central/bjets/3/mass in Skim_TriLep_Muon_D.root
2026-05-29 15:28:30,715 - INFO - [2022] MISSING_CENTRAL: SR3Mu/Central/bjets/3/mass in Skim_TriLep_DoubleMuon_C.root
2026-05-29 15:28:30,719 - INFO - [2022] MISSING_CENTRAL: SR3Mu/Central/bjets/3/mass in Skim_TriLep_Muon_D.root
2026-05-29 15:28:30,720 - INFO - [2022] MISSING_CENTRAL: SR3Mu/Central/bjets/3/mass in Skim_TriLep_DYJets.root
2026-05-29 15:28:30,720 - INFO - [2022] MISSING_CENTRAL: SR3Mu/Central/bjets/3/mass in Skim_TriLep_DYJets10to50.root
2026-05-29 15:28:30,721 - INFO - [2022] MISSING_CENTRAL: SR3Mu/Central/bjets/3/mass in Skim_TriLep_TTG_PTG10to100.root
2026-05-29 15:28:30,721 - INFO - [2022] MISSING_CENTRAL: SR3Mu/Central/bjets/3/mass in Skim_TriLep_TTG_PTG100to200.root
2026-05-29 15:28:30,722 - INFO - [2022] MISSING_CENTRAL: SR3Mu/Central/bjets/3/mass in Skim_TriLep_TTG_PTG200toInf.root
2026-05-29 15:28:30,724 - INFO - [2022] MISSING_CENTRAL: SR3Mu/Central/bjets/3/mass in Skim_TriLep_TTWToLNu.root
2026-05-29 15:28:30,767 - INFO - [2022] MISSING_CENTRAL: SR3Mu/Central/bjets/3/mass in Skim_TriLep_WZTo3LNu_powheg.root
2026-05-29 15:28:30,768 - INFO - [2022] MISSING_CENTRAL: SR3Mu/Central/bjets/3/mass in Skim_TriLep_ZZTo4L_powheg.root
2026-05-29 15:28:30,776 - INFO - [2022] MISSING_CENTRAL: SR3Mu/Central/bjets/3/mass in Skim_TriLep_WWW.root
2026-05-29 15:28:30,777 - INFO - [2022] MISSING_CENTRAL: SR3Mu/Central/bjets/3/mass in Skim_TriLep_WWZ.root
2026-05-29 15:28:30,778 - INFO - [2022] MISSING_CENTRAL: SR3Mu/Central/bjets/3/mass in Skim_TriLep_WZZ.root
2026-05-29 15:28:30,795 - INFO - [2022] MISSING_CENTRAL: SR3Mu/Central/bjets/3/mass in Skim_TriLep_VBFHToZZTo4L.root
2026-05-29 15:28:30,796 - INFO - [2022] MISSING_CENTRAL: SR3Mu/Central/bjets/3/mass in Skim_TriLep_ggHToZZTo4L.root
2026-05-29 15:36:17,721 - INFO - [2022] MISSING_CENTRAL: SR3Mu/Central/bjets/3/mass in Skim_TriLep_DoubleMuon_C.root
2026-05-29 15:36:17,762 - INFO - [2022] MISSING_CENTRAL: SR3Mu/Central/bjets/3/mass in Skim_TriLep_Muon_D.root
2026-05-29 15:36:17,787 - INFO - [2022] MISSING_CENTRAL: SR3Mu/Central/bjets/3/mass in Skim_TriLep_DoubleMuon_C.root
2026-05-29 15:36:17,790 - INFO - [2022] MISSING_CENTRAL: SR3Mu/Central/bjets/3/mass in Skim_TriLep_Muon_D.root
2026-05-29 15:36:17,791 - INFO - [2022] MISSING_CENTRAL: SR3Mu/Central/bjets/3/mass in Skim_TriLep_DYJets.root
2026-05-29 15:36:17,792 - INFO - [2022] MISSING_CENTRAL: SR3Mu/Central/bjets/3/mass in Skim_TriLep_DYJets10to50.root
2026-05-29 15:36:17,792 - INFO - [2022] MISSING_CENTRAL: SR3Mu/Central/bjets/3/mass in Skim_TriLep_TTG_PTG10to100.root
2026-05-29 15:36:17,793 - INFO - [2022] MISSING_CENTRAL: SR3Mu/Central/bjets/3/mass in Skim_TriLep_TTG_PTG100to200.root
2026-05-29 15:36:17,793 - INFO - [2022] MISSING_CENTRAL: SR3Mu/Central/bjets/3/mass in Skim_TriLep_TTG_PTG200toInf.root
2026-05-29 15:36:17,795 - INFO - [2022] MISSING_CENTRAL: SR3Mu/Central/bjets/3/mass in Skim_TriLep_TTWToLNu.root
2026-05-29 15:36:17,838 - INFO - [2022] MISSING_CENTRAL: SR3Mu/Central/bjets/3/mass in Skim_TriLep_WZTo3LNu_powheg.root
2026-05-29 15:36:17,839 - INFO - [2022] MISSING_CENTRAL: SR3Mu/Central/bjets/3/mass in Skim_TriLep_ZZTo4L_powheg.root
2026-05-29 15:36:17,847 - INFO - [2022] MISSING_CENTRAL: SR3Mu/Central/bjets/3/mass in Skim_TriLep_WWW.root
2026-05-29 15:36:17,848 - INFO - [2022] MISSING_CENTRAL: SR3Mu/Central/bjets/3/mass in Skim_TriLep_WWZ.root
2026-05-29 15:36:17,848 - INFO - [2022] MISSING_CENTRAL: SR3Mu/Central/bjets/3/mass in Skim_TriLep_WZZ.root
2026-05-29 15:36:17,865 - INFO - [2022] MISSING_CENTRAL: SR3Mu/Central/bjets/3/mass in Skim_TriLep_VBFHToZZTo4L.root
2026-05-29 15:36:17,866 - INFO - [2022] MISSING_CENTRAL: SR3Mu/Central/bjets/3/mass in Skim_TriLep_ggHToZZTo4L.root
2026-05-29 18:19:44,266 - INFO - [2022] MISSING_CENTRAL: SR3Mu/Central/bjets/3/mass in Skim_TriLep_DoubleMuon_C.root
2026-05-29 18:19:44,308 - INFO - [2022] MISSING_CENTRAL: SR3Mu/Central/bjets/3/mass in Skim_TriLep_Muon_D.root
2026-05-29 18:19:44,333 - INFO - [2022] MISSING_CENTRAL: SR3Mu/Central/bjets/3/mass in Skim_TriLep_DoubleMuon_C.root
2026-05-29 18:19:44,338 - INFO - [2022] MISSING_CENTRAL: SR3Mu/Central/bjets/3/mass in Skim_TriLep_Muon_D.root
2026-05-29 18:19:44,338 - INFO - [2022] MISSING_CENTRAL: SR3Mu/Central/bjets/3/mass in Skim_TriLep_DYJets.root
2026-05-29 18:19:44,339 - INFO - [2022] MISSING_CENTRAL: SR3Mu/Central/bjets/3/mass in Skim_TriLep_DYJets10to50.root
2026-05-29 18:19:44,339 - INFO - [2022] MISSING_CENTRAL: SR3Mu/Central/bjets/3/mass in Skim_TriLep_TTG_PTG10to100.root
2026-05-29 18:19:44,340 - INFO - [2022] MISSING_CENTRAL: SR3Mu/Central/bjets/3/mass in Skim_TriLep_TTG_PTG100to200.root
2026-05-29 18:19:44,341 - INFO - [2022] MISSING_CENTRAL: SR3Mu/Central/bjets/3/mass in Skim_TriLep_TTG_PTG200toInf.root
2026-05-29 18:19:44,342 - INFO - [2022] MISSING_CENTRAL: SR3Mu/Central/bjets/3/mass in Skim_TriLep_TTWToLNu.root
2026-05-29 18:19:44,385 - INFO - [2022] MISSING_CENTRAL: SR3Mu/Central/bjets/3/mass in Skim_TriLep_WZTo3LNu_powheg.root
2026-05-29 18:19:44,386 - INFO - [2022] MISSING_CENTRAL: SR3Mu/Central/bjets/3/mass in Skim_TriLep_ZZTo4L_powheg.root
2026-05-29 18:19:44,395 - INFO - [2022] MISSING_CENTRAL: SR3Mu/Central/bjets/3/mass in Skim_TriLep_WWW.root
2026-05-29 18:19:44,395 - INFO - [2022] MISSING_CENTRAL: SR3Mu/Central/bjets/3/mass in Skim_TriLep_WWZ.root
2026-05-29 18:19:44,396 - INFO - [2022] MISSING_CENTRAL: SR3Mu/Central/bjets/3/mass in Skim_TriLep_WZZ.root
2026-05-29 18:19:44,413 - INFO - [2022] MISSING_CENTRAL: SR3Mu/Central/bjets/3/mass in Skim_TriLep_VBFHToZZTo4L.root
2026-05-29 18:19:44,414 - INFO - [2022] MISSING_CENTRAL: SR3Mu/Central/bjets/3/mass in Skim_TriLep_ggHToZZTo4L.root
2026-05-29 18:27:34,613 - INFO - [2022] MISSING_CENTRAL: SR3Mu/Central/bjets/3/mass in Skim_TriLep_DoubleMuon_C.root
2026-05-29 18:27:34,654 - INFO - [2022] MISSING_CENTRAL: SR3Mu/Central/bjets/3/mass in Skim_TriLep_Muon_D.root
2026-05-29 18:27:34,678 - INFO - [2022] MISSING_CENTRAL: SR3Mu/Central/bjets/3/mass in Skim_TriLep_DoubleMuon_C.root
2026-05-29 18:27:34,682 - INFO - [2022] MISSING_CENTRAL: SR3Mu/Central/bjets/3/mass in Skim_TriLep_Muon_D.root
2026-05-29 18:27:34,683 - INFO - [2022] MISSING_CENTRAL: SR3Mu/Central/bjets/3/mass in Skim_TriLep_DYJets.root
2026-05-29 18:27:34,684 - INFO - [2022] MISSING_CENTRAL: SR3Mu/Central/bjets/3/mass in Skim_TriLep_DYJets10to50.root
2026-05-29 18:27:34,684 - INFO - [2022] MISSING_CENTRAL: SR3Mu/Central/bjets/3/mass in Skim_TriLep_TTG_PTG10to100.root
2026-05-29 18:27:34,685 - INFO - [2022] MISSING_CENTRAL: SR3Mu/Central/bjets/3/mass in Skim_TriLep_TTG_PTG100to200.root
2026-05-29 18:27:34,686 - INFO - [2022] MISSING_CENTRAL: SR3Mu/Central/bjets/3/mass in Skim_TriLep_TTG_PTG200toInf.root
2026-05-29 18:27:34,687 - INFO - [2022] MISSING_CENTRAL: SR3Mu/Central/bjets/3/mass in Skim_TriLep_TTWToLNu.root
2026-05-29 18:27:34,731 - INFO - [2022] MISSING_CENTRAL: SR3Mu/Central/bjets/3/mass in Skim_TriLep_WZTo3LNu_powheg.root
2026-05-29 18:27:34,732 - INFO - [2022] MISSING_CENTRAL: SR3Mu/Central/bjets/3/mass in Skim_TriLep_ZZTo4L_powheg.root
2026-05-29 18:27:34,741 - INFO - [2022] MISSING_CENTRAL: SR3Mu/Central/bjets/3/mass in Skim_TriLep_WWW.root
2026-05-29 18:27:34,741 - INFO - [2022] MISSING_CENTRAL: SR3Mu/Central/bjets/3/mass in Skim_TriLep_WWZ.root
2026-05-29 18:27:34,742 - INFO - [2022] MISSING_CENTRAL: SR3Mu/Central/bjets/3/mass in Skim_TriLep_WZZ.root
2026-05-29 18:27:34,759 - INFO - [2022] MISSING_CENTRAL: SR3Mu/Central/bjets/3/mass in Skim_TriLep_VBFHToZZTo4L.root
2026-05-29 18:27:34,759 - INFO - [2022] MISSING_CENTRAL: SR3Mu/Central/bjets/3/mass in Skim_TriLep_ggHToZZTo4L.root
