2026-01-16 19:04:19,327 - INFO - [2022] MISSING_CENTRAL: SR3Mu/Central/bjets/3/py in Skim_TriLep_DoubleMuon_C.root
2026-01-16 19:04:19,361 - INFO - [2022] MISSING_CENTRAL: SR3Mu/Central/bjets/3/py in Skim_TriLep_Muon_D.root
2026-01-16 19:04:19,384 - INFO - [2022] MISSING_CENTRAL: SR3Mu/Central/bjets/3/py in Skim_TriLep_DoubleMuon_C.root
2026-01-16 19:04:19,394 - INFO - [2022] MISSING_CENTRAL: SR3Mu/Central/bjets/3/py in Skim_TriLep_Muon_D.root
2026-01-16 19:04:19,395 - INFO - [2022] MISSING_CENTRAL: SR3Mu/Central/bjets/3/py in Skim_TriLep_DYJets.root
2026-01-16 19:04:19,395 - INFO - [2022] MISSING_CENTRAL: SR3Mu/Central/bjets/3/py in Skim_TriLep_DYJets10to50.root
2026-01-16 19:04:19,417 - INFO - [2022] MISSING_CENTRAL: SR3Mu/Central/bjets/3/py in Skim_TriLep_TTG_PTG100to200.root
2026-01-16 19:04:19,417 - INFO - [2022] MISSING_CENTRAL: SR3Mu/Central/bjets/3/py in Skim_TriLep_TTG_PTG200toInf.root
2026-01-16 19:04:19,418 - INFO - [2022] MISSING_CENTRAL: SR3Mu/Central/bjets/3/py in Skim_TriLep_TTWToLNu.root
2026-01-16 19:04:19,461 - INFO - [2022] MISSING_CENTRAL: SR3Mu/Central/bjets/3/py in Skim_TriLep_WZTo3LNu_powheg.root
2026-01-16 19:04:19,462 - INFO - [2022] MISSING_CENTRAL: SR3Mu/Central/bjets/3/py in Skim_TriLep_ZZTo4L_powheg.root
2026-01-16 19:04:19,490 - INFO - [2022] MISSING_CENTRAL: SR3Mu/Central/bjets/3/py in Skim_TriLep_WWW.root
2026-01-16 19:04:19,491 - INFO - [2022] MISSING_CENTRAL: SR3Mu/Central/bjets/3/py in Skim_TriLep_WWZ.root
2026-01-16 19:04:19,491 - INFO - [2022] MISSING_CENTRAL: SR3Mu/Central/bjets/3/py in Skim_TriLep_WZZ.root
2026-01-16 19:04:19,521 - INFO - [2022] MISSING_CENTRAL: SR3Mu/Central/bjets/3/py in Skim_TriLep_VBFHToZZTo4L.root
2026-01-16 19:04:19,522 - INFO - [2022] MISSING_CENTRAL: SR3Mu/Central/bjets/3/py in Skim_TriLep_ggHToZZTo4L.root
2026-01-28 17:02:40,378 - INFO - [2022] MISSING_CENTRAL: SR3Mu/Central/bjets/3/py in Skim_TriLep_DoubleMuon_C.root
2026-01-28 17:02:40,412 - INFO - [2022] MISSING_CENTRAL: SR3Mu/Central/bjets/3/py in Skim_TriLep_Muon_D.root
2026-01-28 17:02:40,436 - INFO - [2022] MISSING_CENTRAL: SR3Mu/Central/bjets/3/py in Skim_TriLep_DoubleMuon_C.root
2026-01-28 17:02:40,447 - INFO - [2022] MISSING_CENTRAL: SR3Mu/Central/bjets/3/py in Skim_TriLep_Muon_D.root
2026-01-28 17:02:40,447 - INFO - [2022] MISSING_CENTRAL: SR3Mu/Central/bjets/3/py in Skim_TriLep_DYJets.root
2026-01-28 17:02:40,448 - INFO - [2022] MISSING_CENTRAL: SR3Mu/Central/bjets/3/py in Skim_TriLep_DYJets10to50.root
2026-01-28 17:02:40,449 - INFO - [2022] MISSING_CENTRAL: SR3Mu/Central/bjets/3/py in Skim_TriLep_TTG_PTG10to100.root
2026-01-28 17:02:40,449 - INFO - [2022] MISSING_CENTRAL: SR3Mu/Central/bjets/3/py in Skim_TriLep_TTG_PTG100to200.root
2026-01-28 17:02:40,450 - INFO - [2022] MISSING_CENTRAL: SR3Mu/Central/bjets/3/py in Skim_TriLep_TTG_PTG200toInf.root
2026-01-28 17:02:40,452 - INFO - [2022] MISSING_CENTRAL: SR3Mu/Central/bjets/3/py in Skim_TriLep_TTWToLNu.root
2026-01-28 17:02:40,550 - INFO - [2022] MISSING_CENTRAL: SR3Mu/Central/bjets/3/py in Skim_TriLep_WZTo3LNu_powheg.root
2026-01-28 17:02:40,551 - INFO - [2022] MISSING_CENTRAL: SR3Mu/Central/bjets/3/py in Skim_TriLep_ZZTo4L_powheg.root
2026-01-28 17:02:40,573 - INFO - [2022] MISSING_CENTRAL: SR3Mu/Central/bjets/3/py in Skim_TriLep_WWW.root
2026-01-28 17:02:40,573 - INFO - [2022] MISSING_CENTRAL: SR3Mu/Central/bjets/3/py in Skim_TriLep_WWZ.root
2026-01-28 17:02:40,574 - INFO - [2022] MISSING_CENTRAL: SR3Mu/Central/bjets/3/py in Skim_TriLep_WZZ.root
2026-01-28 17:02:40,619 - INFO - [2022] MISSING_CENTRAL: SR3Mu/Central/bjets/3/py in Skim_TriLep_VBFHToZZTo4L.root
2026-01-28 17:02:40,619 - INFO - [2022] MISSING_CENTRAL: SR3Mu/Central/bjets/3/py in Skim_TriLep_ggHToZZTo4L.root
2026-01-28 17:23:26,703 - INFO - [2022] MISSING_CENTRAL: SR3Mu/Central/bjets/3/py in Skim_TriLep_DoubleMuon_C.root
2026-01-28 17:23:26,739 - INFO - [2022] MISSING_CENTRAL: SR3Mu/Central/bjets/3/py in Skim_TriLep_Muon_D.root
2026-01-28 17:23:26,764 - INFO - [2022] MISSING_CENTRAL: SR3Mu/Central/bjets/3/py in Skim_TriLep_DoubleMuon_C.root
2026-01-28 17:23:26,776 - INFO - [2022] MISSING_CENTRAL: SR3Mu/Central/bjets/3/py in Skim_TriLep_Muon_D.root
2026-01-28 17:23:26,777 - INFO - [2022] MISSING_CENTRAL: SR3Mu/Central/bjets/3/py in Skim_TriLep_DYJets.root
2026-01-28 17:23:26,777 - INFO - [2022] MISSING_CENTRAL: SR3Mu/Central/bjets/3/py in Skim_TriLep_DYJets10to50.root
2026-01-28 17:23:26,778 - INFO - [2022] MISSING_CENTRAL: SR3Mu/Central/bjets/3/py in Skim_TriLep_TTG_PTG10to100.root
2026-01-28 17:23:26,778 - INFO - [2022] MISSING_CENTRAL: SR3Mu/Central/bjets/3/py in Skim_TriLep_TTG_PTG100to200.root
2026-01-28 17:23:26,779 - INFO - [2022] MISSING_CENTRAL: SR3Mu/Central/bjets/3/py in Skim_TriLep_TTG_PTG200toInf.root
2026-01-28 17:23:26,780 - INFO - [2022] MISSING_CENTRAL: SR3Mu/Central/bjets/3/py in Skim_TriLep_TTWToLNu.root
2026-01-28 17:23:26,878 - INFO - [2022] MISSING_CENTRAL: SR3Mu/Central/bjets/3/py in Skim_TriLep_WZTo3LNu_powheg.root
2026-01-28 17:23:26,879 - INFO - [2022] MISSING_CENTRAL: SR3Mu/Central/bjets/3/py in Skim_TriLep_ZZTo4L_powheg.root
2026-01-28 17:23:26,902 - INFO - [2022] MISSING_CENTRAL: SR3Mu/Central/bjets/3/py in Skim_TriLep_WWW.root
2026-01-28 17:23:26,903 - INFO - [2022] MISSING_CENTRAL: SR3Mu/Central/bjets/3/py in Skim_TriLep_WWZ.root
2026-01-28 17:23:26,904 - INFO - [2022] MISSING_CENTRAL: SR3Mu/Central/bjets/3/py in Skim_TriLep_WZZ.root
2026-01-28 17:23:26,949 - INFO - [2022] MISSING_CENTRAL: SR3Mu/Central/bjets/3/py in Skim_TriLep_VBFHToZZTo4L.root
2026-01-28 17:23:26,950 - INFO - [2022] MISSING_CENTRAL: SR3Mu/Central/bjets/3/py in Skim_TriLep_ggHToZZTo4L.root
2026-01-28 19:56:58,135 - INFO - [2022] MISSING_CENTRAL: SR3Mu/Central/bjets/3/py in Skim_TriLep_DoubleMuon_C.root
2026-01-28 19:56:58,172 - INFO - [2022] MISSING_CENTRAL: SR3Mu/Central/bjets/3/py in Skim_TriLep_Muon_D.root
2026-01-28 19:56:58,199 - INFO - [2022] MISSING_CENTRAL: SR3Mu/Central/bjets/3/py in Skim_TriLep_DoubleMuon_C.root
2026-01-28 19:56:58,210 - INFO - [2022] MISSING_CENTRAL: SR3Mu/Central/bjets/3/py in Skim_TriLep_Muon_D.root
2026-01-28 19:56:58,211 - INFO - [2022] MISSING_CENTRAL: SR3Mu/Central/bjets/3/py in Skim_TriLep_DYJets.root
2026-01-28 19:56:58,211 - INFO - [2022] MISSING_CENTRAL: SR3Mu/Central/bjets/3/py in Skim_TriLep_DYJets10to50.root
2026-01-28 19:56:58,212 - INFO - [2022] MISSING_CENTRAL: SR3Mu/Central/bjets/3/py in Skim_TriLep_TTG_PTG10to100.root
2026-01-28 19:56:58,213 - INFO - [2022] MISSING_CENTRAL: SR3Mu/Central/bjets/3/py in Skim_TriLep_TTG_PTG100to200.root
2026-01-28 19:56:58,213 - INFO - [2022] MISSING_CENTRAL: SR3Mu/Central/bjets/3/py in Skim_TriLep_TTG_PTG200toInf.root
2026-01-28 19:56:58,215 - INFO - [2022] MISSING_CENTRAL: SR3Mu/Central/bjets/3/py in Skim_TriLep_TTWToLNu.root
2026-01-28 19:56:58,312 - INFO - [2022] MISSING_CENTRAL: SR3Mu/Central/bjets/3/py in Skim_TriLep_WZTo3LNu_powheg.root
2026-01-28 19:56:58,313 - INFO - [2022] MISSING_CENTRAL: SR3Mu/Central/bjets/3/py in Skim_TriLep_ZZTo4L_powheg.root
2026-01-28 19:56:58,335 - INFO - [2022] MISSING_CENTRAL: SR3Mu/Central/bjets/3/py in Skim_TriLep_WWW.root
2026-01-28 19:56:58,336 - INFO - [2022] MISSING_CENTRAL: SR3Mu/Central/bjets/3/py in Skim_TriLep_WWZ.root
2026-01-28 19:56:58,336 - INFO - [2022] MISSING_CENTRAL: SR3Mu/Central/bjets/3/py in Skim_TriLep_WZZ.root
2026-01-28 19:56:58,381 - INFO - [2022] MISSING_CENTRAL: SR3Mu/Central/bjets/3/py in Skim_TriLep_VBFHToZZTo4L.root
2026-01-28 19:56:58,382 - INFO - [2022] MISSING_CENTRAL: SR3Mu/Central/bjets/3/py in Skim_TriLep_ggHToZZTo4L.root
2026-01-29 07:14:02,326 - INFO - [2022] MISSING_CENTRAL: SR3Mu/Central/bjets/3/py in Skim_TriLep_DoubleMuon_C.root
2026-01-29 07:14:02,361 - INFO - [2022] MISSING_CENTRAL: SR3Mu/Central/bjets/3/py in Skim_TriLep_Muon_D.root
2026-01-29 07:14:02,384 - INFO - [2022] MISSING_CENTRAL: SR3Mu/Central/bjets/3/py in Skim_TriLep_DoubleMuon_C.root
2026-01-29 07:14:02,393 - INFO - [2022] MISSING_CENTRAL: SR3Mu/Central/bjets/3/py in Skim_TriLep_Muon_D.root
2026-01-29 07:14:02,394 - INFO - [2022] MISSING_CENTRAL: SR3Mu/Central/bjets/3/py in Skim_TriLep_DYJets.root
2026-01-29 07:14:02,394 - INFO - [2022] MISSING_CENTRAL: SR3Mu/Central/bjets/3/py in Skim_TriLep_DYJets10to50.root
2026-01-29 07:14:02,395 - INFO - [2022] MISSING_CENTRAL: SR3Mu/Central/bjets/3/py in Skim_TriLep_TTG_PTG10to100.root
2026-01-29 07:14:02,396 - INFO - [2022] MISSING_CENTRAL: SR3Mu/Central/bjets/3/py in Skim_TriLep_TTG_PTG100to200.root
2026-01-29 07:14:02,396 - INFO - [2022] MISSING_CENTRAL: SR3Mu/Central/bjets/3/py in Skim_TriLep_TTG_PTG200toInf.root
2026-01-29 07:14:02,398 - INFO - [2022] MISSING_CENTRAL: SR3Mu/Central/bjets/3/py in Skim_TriLep_TTWToLNu.root
2026-01-29 07:14:02,461 - INFO - [2022] MISSING_CENTRAL: SR3Mu/Central/bjets/3/py in Skim_TriLep_WZTo3LNu_powheg.root
2026-01-29 07:14:02,462 - INFO - [2022] MISSING_CENTRAL: SR3Mu/Central/bjets/3/py in Skim_TriLep_ZZTo4L_powheg.root
2026-01-29 07:14:02,478 - INFO - [2022] MISSING_CENTRAL: SR3Mu/Central/bjets/3/py in Skim_TriLep_WWW.root
2026-01-29 07:14:02,479 - INFO - [2022] MISSING_CENTRAL: SR3Mu/Central/bjets/3/py in Skim_TriLep_WWZ.root
2026-01-29 07:14:02,480 - INFO - [2022] MISSING_CENTRAL: SR3Mu/Central/bjets/3/py in Skim_TriLep_WZZ.root
2026-01-29 07:14:02,510 - INFO - [2022] MISSING_CENTRAL: SR3Mu/Central/bjets/3/py in Skim_TriLep_VBFHToZZTo4L.root
2026-01-29 07:14:02,511 - INFO - [2022] MISSING_CENTRAL: SR3Mu/Central/bjets/3/py in Skim_TriLep_ggHToZZTo4L.root
2026-03-06 09:41:32,435 - INFO - [2022] MISSING_CENTRAL: SR3Mu/Central/bjets/3/py in Skim_TriLep_DoubleMuon_C.root
2026-03-06 09:41:32,472 - INFO - [2022] MISSING_CENTRAL: SR3Mu/Central/bjets/3/py in Skim_TriLep_Muon_D.root
2026-03-06 09:41:32,499 - INFO - [2022] MISSING_CENTRAL: SR3Mu/Central/bjets/3/py in Skim_TriLep_DoubleMuon_C.root
2026-03-06 09:41:32,509 - INFO - [2022] MISSING_CENTRAL: SR3Mu/Central/bjets/3/py in Skim_TriLep_Muon_D.root
2026-03-06 09:41:32,510 - INFO - [2022] MISSING_CENTRAL: SR3Mu/Central/bjets/3/py in Skim_TriLep_DYJets.root
2026-03-06 09:41:32,511 - INFO - [2022] MISSING_CENTRAL: SR3Mu/Central/bjets/3/py in Skim_TriLep_DYJets10to50.root
2026-03-06 09:41:32,511 - INFO - [2022] MISSING_CENTRAL: SR3Mu/Central/bjets/3/py in Skim_TriLep_TTG_PTG10to100.root
2026-03-06 09:41:32,512 - INFO - [2022] MISSING_CENTRAL: SR3Mu/Central/bjets/3/py in Skim_TriLep_TTG_PTG100to200.root
2026-03-06 09:41:32,513 - INFO - [2022] MISSING_CENTRAL: SR3Mu/Central/bjets/3/py in Skim_TriLep_TTG_PTG200toInf.root
2026-03-06 09:41:32,514 - INFO - [2022] MISSING_CENTRAL: SR3Mu/Central/bjets/3/py in Skim_TriLep_TTWToLNu.root
2026-03-06 09:41:32,585 - INFO - [2022] MISSING_CENTRAL: SR3Mu/Central/bjets/3/py in Skim_TriLep_WZTo3LNu_powheg.root
2026-03-06 09:41:32,586 - INFO - [2022] MISSING_CENTRAL: SR3Mu/Central/bjets/3/py in Skim_TriLep_ZZTo4L_powheg.root
2026-03-06 09:41:32,602 - INFO - [2022] MISSING_CENTRAL: SR3Mu/Central/bjets/3/py in Skim_TriLep_WWW.root
2026-03-06 09:41:32,602 - INFO - [2022] MISSING_CENTRAL: SR3Mu/Central/bjets/3/py in Skim_TriLep_WWZ.root
2026-03-06 09:41:32,603 - INFO - [2022] MISSING_CENTRAL: SR3Mu/Central/bjets/3/py in Skim_TriLep_WZZ.root
2026-03-06 09:41:32,634 - INFO - [2022] MISSING_CENTRAL: SR3Mu/Central/bjets/3/py in Skim_TriLep_VBFHToZZTo4L.root
2026-03-06 09:41:32,635 - INFO - [2022] MISSING_CENTRAL: SR3Mu/Central/bjets/3/py in Skim_TriLep_ggHToZZTo4L.root
2026-03-06 19:47:19,771 - INFO - [2022] MISSING_CENTRAL: SR3Mu/Central/bjets/3/py in Skim_TriLep_DoubleMuon_C.root
2026-03-06 19:47:19,806 - INFO - [2022] MISSING_CENTRAL: SR3Mu/Central/bjets/3/py in Skim_TriLep_Muon_D.root
2026-03-06 19:47:19,829 - INFO - [2022] MISSING_CENTRAL: SR3Mu/Central/bjets/3/py in Skim_TriLep_DoubleMuon_C.root
2026-03-06 19:47:19,840 - INFO - [2022] MISSING_CENTRAL: SR3Mu/Central/bjets/3/py in Skim_TriLep_Muon_D.root
2026-03-06 19:47:19,841 - INFO - [2022] MISSING_CENTRAL: SR3Mu/Central/bjets/3/py in Skim_TriLep_DYJets.root
2026-03-06 19:47:19,842 - INFO - [2022] MISSING_CENTRAL: SR3Mu/Central/bjets/3/py in Skim_TriLep_DYJets10to50.root
2026-03-06 19:47:19,843 - INFO - [2022] MISSING_CENTRAL: SR3Mu/Central/bjets/3/py in Skim_TriLep_TTG_PTG10to100.root
2026-03-06 19:47:19,844 - INFO - [2022] MISSING_CENTRAL: SR3Mu/Central/bjets/3/py in Skim_TriLep_TTG_PTG100to200.root
2026-03-06 19:47:19,845 - INFO - [2022] MISSING_CENTRAL: SR3Mu/Central/bjets/3/py in Skim_TriLep_TTG_PTG200toInf.root
2026-03-06 19:47:19,846 - INFO - [2022] MISSING_CENTRAL: SR3Mu/Central/bjets/3/py in Skim_TriLep_TTWToLNu.root
2026-03-06 19:47:19,914 - INFO - [2022] MISSING_CENTRAL: SR3Mu/Central/bjets/3/py in Skim_TriLep_WZTo3LNu_powheg.root
2026-03-06 19:47:19,914 - INFO - [2022] MISSING_CENTRAL: SR3Mu/Central/bjets/3/py in Skim_TriLep_ZZTo4L_powheg.root
2026-03-06 19:47:19,929 - INFO - [2022] MISSING_CENTRAL: SR3Mu/Central/bjets/3/py in Skim_TriLep_WWW.root
2026-03-06 19:47:19,930 - INFO - [2022] MISSING_CENTRAL: SR3Mu/Central/bjets/3/py in Skim_TriLep_WWZ.root
2026-03-06 19:47:19,931 - INFO - [2022] MISSING_CENTRAL: SR3Mu/Central/bjets/3/py in Skim_TriLep_WZZ.root
2026-03-06 19:47:19,961 - INFO - [2022] MISSING_CENTRAL: SR3Mu/Central/bjets/3/py in Skim_TriLep_VBFHToZZTo4L.root
2026-03-06 19:47:19,963 - INFO - [2022] MISSING_CENTRAL: SR3Mu/Central/bjets/3/py in Skim_TriLep_ggHToZZTo4L.root
2026-04-10 20:22:17,103 - INFO - [2022] MISSING_CENTRAL: SR3Mu/Central/bjets/3/py in Skim_TriLep_DoubleMuon_C.root
2026-04-10 20:22:17,138 - INFO - [2022] MISSING_CENTRAL: SR3Mu/Central/bjets/3/py in Skim_TriLep_Muon_D.root
2026-04-10 20:22:17,161 - INFO - [2022] MISSING_CENTRAL: SR3Mu/Central/bjets/3/py in Skim_TriLep_DoubleMuon_C.root
2026-04-10 20:22:17,171 - INFO - [2022] MISSING_CENTRAL: SR3Mu/Central/bjets/3/py in Skim_TriLep_Muon_D.root
2026-04-10 20:22:17,172 - INFO - [2022] MISSING_CENTRAL: SR3Mu/Central/bjets/3/py in Skim_TriLep_DYJets.root
2026-04-10 20:22:17,172 - INFO - [2022] MISSING_CENTRAL: SR3Mu/Central/bjets/3/py in Skim_TriLep_DYJets10to50.root
2026-04-10 20:22:17,173 - INFO - [2022] MISSING_CENTRAL: SR3Mu/Central/bjets/3/py in Skim_TriLep_TTG_PTG10to100.root
2026-04-10 20:22:17,173 - INFO - [2022] MISSING_CENTRAL: SR3Mu/Central/bjets/3/py in Skim_TriLep_TTG_PTG100to200.root
2026-04-10 20:22:17,174 - INFO - [2022] MISSING_CENTRAL: SR3Mu/Central/bjets/3/py in Skim_TriLep_TTG_PTG200toInf.root
2026-04-10 20:22:17,176 - INFO - [2022] MISSING_CENTRAL: SR3Mu/Central/bjets/3/py in Skim_TriLep_TTWToLNu.root
2026-04-10 20:22:17,242 - INFO - [2022] MISSING_CENTRAL: SR3Mu/Central/bjets/3/py in Skim_TriLep_WZTo3LNu_powheg.root
2026-04-10 20:22:17,243 - INFO - [2022] MISSING_CENTRAL: SR3Mu/Central/bjets/3/py in Skim_TriLep_ZZTo4L_powheg.root
2026-04-10 20:22:17,258 - INFO - [2022] MISSING_CENTRAL: SR3Mu/Central/bjets/3/py in Skim_TriLep_WWW.root
2026-04-10 20:22:17,259 - INFO - [2022] MISSING_CENTRAL: SR3Mu/Central/bjets/3/py in Skim_TriLep_WWZ.root
2026-04-10 20:22:17,259 - INFO - [2022] MISSING_CENTRAL: SR3Mu/Central/bjets/3/py in Skim_TriLep_WZZ.root
2026-04-10 20:22:17,290 - INFO - [2022] MISSING_CENTRAL: SR3Mu/Central/bjets/3/py in Skim_TriLep_VBFHToZZTo4L.root
2026-04-10 20:22:17,291 - INFO - [2022] MISSING_CENTRAL: SR3Mu/Central/bjets/3/py in Skim_TriLep_ggHToZZTo4L.root
2026-04-12 11:37:30,218 - INFO - [2022] MISSING_CENTRAL: SR3Mu/Central/bjets/3/py in Skim_TriLep_DoubleMuon_C.root
2026-04-12 11:37:30,254 - INFO - [2022] MISSING_CENTRAL: SR3Mu/Central/bjets/3/py in Skim_TriLep_Muon_D.root
2026-04-12 11:37:30,277 - INFO - [2022] MISSING_CENTRAL: SR3Mu/Central/bjets/3/py in Skim_TriLep_DoubleMuon_C.root
2026-04-12 11:37:30,286 - INFO - [2022] MISSING_CENTRAL: SR3Mu/Central/bjets/3/py in Skim_TriLep_Muon_D.root
2026-04-12 11:37:30,287 - INFO - [2022] MISSING_CENTRAL: SR3Mu/Central/bjets/3/py in Skim_TriLep_DYJets.root
2026-04-12 11:37:30,288 - INFO - [2022] MISSING_CENTRAL: SR3Mu/Central/bjets/3/py in Skim_TriLep_DYJets10to50.root
2026-04-12 11:37:30,288 - INFO - [2022] MISSING_CENTRAL: SR3Mu/Central/bjets/3/py in Skim_TriLep_TTG_PTG10to100.root
2026-04-12 11:37:30,289 - INFO - [2022] MISSING_CENTRAL: SR3Mu/Central/bjets/3/py in Skim_TriLep_TTG_PTG100to200.root
2026-04-12 11:37:30,290 - INFO - [2022] MISSING_CENTRAL: SR3Mu/Central/bjets/3/py in Skim_TriLep_TTG_PTG200toInf.root
2026-04-12 11:37:30,291 - INFO - [2022] MISSING_CENTRAL: SR3Mu/Central/bjets/3/py in Skim_TriLep_TTWToLNu.root
2026-04-12 11:37:30,360 - INFO - [2022] MISSING_CENTRAL: SR3Mu/Central/bjets/3/py in Skim_TriLep_WZTo3LNu_powheg.root
2026-04-12 11:37:30,361 - INFO - [2022] MISSING_CENTRAL: SR3Mu/Central/bjets/3/py in Skim_TriLep_ZZTo4L_powheg.root
2026-04-12 11:37:30,376 - INFO - [2022] MISSING_CENTRAL: SR3Mu/Central/bjets/3/py in Skim_TriLep_WWW.root
2026-04-12 11:37:30,377 - INFO - [2022] MISSING_CENTRAL: SR3Mu/Central/bjets/3/py in Skim_TriLep_WWZ.root
2026-04-12 11:37:30,381 - INFO - [2022] MISSING_CENTRAL: SR3Mu/Central/bjets/3/py in Skim_TriLep_WZZ.root
2026-04-12 11:37:30,445 - INFO - [2022] MISSING_CENTRAL: SR3Mu/Central/bjets/3/py in Skim_TriLep_VBFHToZZTo4L.root
2026-04-12 11:37:30,449 - INFO - [2022] MISSING_CENTRAL: SR3Mu/Central/bjets/3/py in Skim_TriLep_ggHToZZTo4L.root
2026-04-12 12:19:26,310 - INFO - [2022] MISSING_CENTRAL: SR3Mu/Central/bjets/3/py in Skim_TriLep_DoubleMuon_C.root
2026-04-12 12:19:26,346 - INFO - [2022] MISSING_CENTRAL: SR3Mu/Central/bjets/3/py in Skim_TriLep_Muon_D.root
2026-04-12 12:19:26,370 - INFO - [2022] MISSING_CENTRAL: SR3Mu/Central/bjets/3/py in Skim_TriLep_DoubleMuon_C.root
2026-04-12 12:19:26,380 - INFO - [2022] MISSING_CENTRAL: SR3Mu/Central/bjets/3/py in Skim_TriLep_Muon_D.root
2026-04-12 12:19:26,381 - INFO - [2022] MISSING_CENTRAL: SR3Mu/Central/bjets/3/py in Skim_TriLep_DYJets.root
2026-04-12 12:19:26,381 - INFO - [2022] MISSING_CENTRAL: SR3Mu/Central/bjets/3/py in Skim_TriLep_DYJets10to50.root
2026-04-12 12:19:26,382 - INFO - [2022] MISSING_CENTRAL: SR3Mu/Central/bjets/3/py in Skim_TriLep_TTG_PTG10to100.root
2026-04-12 12:19:26,383 - INFO - [2022] MISSING_CENTRAL: SR3Mu/Central/bjets/3/py in Skim_TriLep_TTG_PTG100to200.root
2026-04-12 12:19:26,383 - INFO - [2022] MISSING_CENTRAL: SR3Mu/Central/bjets/3/py in Skim_TriLep_TTG_PTG200toInf.root
2026-04-12 12:19:26,385 - INFO - [2022] MISSING_CENTRAL: SR3Mu/Central/bjets/3/py in Skim_TriLep_TTWToLNu.root
2026-04-12 12:19:26,454 - INFO - [2022] MISSING_CENTRAL: SR3Mu/Central/bjets/3/py in Skim_TriLep_WZTo3LNu_powheg.root
2026-04-12 12:19:26,455 - INFO - [2022] MISSING_CENTRAL: SR3Mu/Central/bjets/3/py in Skim_TriLep_ZZTo4L_powheg.root
2026-04-12 12:19:26,470 - INFO - [2022] MISSING_CENTRAL: SR3Mu/Central/bjets/3/py in Skim_TriLep_WWW.root
2026-04-12 12:19:26,471 - INFO - [2022] MISSING_CENTRAL: SR3Mu/Central/bjets/3/py in Skim_TriLep_WWZ.root
2026-04-12 12:19:26,471 - INFO - [2022] MISSING_CENTRAL: SR3Mu/Central/bjets/3/py in Skim_TriLep_WZZ.root
2026-04-12 12:19:26,502 - INFO - [2022] MISSING_CENTRAL: SR3Mu/Central/bjets/3/py in Skim_TriLep_VBFHToZZTo4L.root
2026-04-12 12:19:26,503 - INFO - [2022] MISSING_CENTRAL: SR3Mu/Central/bjets/3/py in Skim_TriLep_ggHToZZTo4L.root
2026-04-12 12:39:05,115 - INFO - [2022] MISSING_CENTRAL: SR3Mu/Central/bjets/3/py in Skim_TriLep_DoubleMuon_C.root
2026-04-12 12:39:05,161 - INFO - [2022] MISSING_CENTRAL: SR3Mu/Central/bjets/3/py in Skim_TriLep_Muon_D.root
2026-04-12 12:39:05,184 - INFO - [2022] MISSING_CENTRAL: SR3Mu/Central/bjets/3/py in Skim_TriLep_DoubleMuon_C.root
2026-04-12 12:39:05,194 - INFO - [2022] MISSING_CENTRAL: SR3Mu/Central/bjets/3/py in Skim_TriLep_Muon_D.root
2026-04-12 12:39:05,195 - INFO - [2022] MISSING_CENTRAL: SR3Mu/Central/bjets/3/py in Skim_TriLep_DYJets.root
2026-04-12 12:39:05,195 - INFO - [2022] MISSING_CENTRAL: SR3Mu/Central/bjets/3/py in Skim_TriLep_DYJets10to50.root
2026-04-12 12:39:05,196 - INFO - [2022] MISSING_CENTRAL: SR3Mu/Central/bjets/3/py in Skim_TriLep_TTG_PTG10to100.root
2026-04-12 12:39:05,197 - INFO - [2022] MISSING_CENTRAL: SR3Mu/Central/bjets/3/py in Skim_TriLep_TTG_PTG100to200.root
2026-04-12 12:39:05,197 - INFO - [2022] MISSING_CENTRAL: SR3Mu/Central/bjets/3/py in Skim_TriLep_TTG_PTG200toInf.root
2026-04-12 12:39:05,199 - INFO - [2022] MISSING_CENTRAL: SR3Mu/Central/bjets/3/py in Skim_TriLep_TTWToLNu.root
2026-04-12 12:39:05,266 - INFO - [2022] MISSING_CENTRAL: SR3Mu/Central/bjets/3/py in Skim_TriLep_WZTo3LNu_powheg.root
2026-04-12 12:39:05,266 - INFO - [2022] MISSING_CENTRAL: SR3Mu/Central/bjets/3/py in Skim_TriLep_ZZTo4L_powheg.root
2026-04-12 12:39:05,282 - INFO - [2022] MISSING_CENTRAL: SR3Mu/Central/bjets/3/py in Skim_TriLep_WWW.root
2026-04-12 12:39:05,282 - INFO - [2022] MISSING_CENTRAL: SR3Mu/Central/bjets/3/py in Skim_TriLep_WWZ.root
2026-04-12 12:39:05,283 - INFO - [2022] MISSING_CENTRAL: SR3Mu/Central/bjets/3/py in Skim_TriLep_WZZ.root
2026-04-12 12:39:05,314 - INFO - [2022] MISSING_CENTRAL: SR3Mu/Central/bjets/3/py in Skim_TriLep_VBFHToZZTo4L.root
2026-04-12 12:39:05,315 - INFO - [2022] MISSING_CENTRAL: SR3Mu/Central/bjets/3/py in Skim_TriLep_ggHToZZTo4L.root
2026-04-12 20:47:12,076 - INFO - [2022] MISSING_CENTRAL: SR3Mu/Central/bjets/3/py in Skim_TriLep_DoubleMuon_C.root
2026-04-12 20:47:12,107 - INFO - [2022] MISSING_CENTRAL: SR3Mu/Central/bjets/3/py in Skim_TriLep_Muon_D.root
2026-04-12 20:47:12,131 - INFO - [2022] MISSING_CENTRAL: SR3Mu/Central/bjets/3/py in Skim_TriLep_DoubleMuon_C.root
2026-04-12 20:47:12,141 - INFO - [2022] MISSING_CENTRAL: SR3Mu/Central/bjets/3/py in Skim_TriLep_Muon_D.root
2026-04-12 20:47:12,142 - INFO - [2022] MISSING_CENTRAL: SR3Mu/Central/bjets/3/py in Skim_TriLep_DYJets.root
2026-04-12 20:47:12,142 - INFO - [2022] MISSING_CENTRAL: SR3Mu/Central/bjets/3/py in Skim_TriLep_DYJets10to50.root
2026-04-12 20:47:12,143 - INFO - [2022] MISSING_CENTRAL: SR3Mu/Central/bjets/3/py in Skim_TriLep_TTG_PTG10to100.root
2026-04-12 20:47:12,143 - INFO - [2022] MISSING_CENTRAL: SR3Mu/Central/bjets/3/py in Skim_TriLep_TTG_PTG100to200.root
2026-04-12 20:47:12,144 - INFO - [2022] MISSING_CENTRAL: SR3Mu/Central/bjets/3/py in Skim_TriLep_TTG_PTG200toInf.root
2026-04-12 20:47:12,145 - INFO - [2022] MISSING_CENTRAL: SR3Mu/Central/bjets/3/py in Skim_TriLep_TTWToLNu.root
2026-04-12 20:47:12,212 - INFO - [2022] MISSING_CENTRAL: SR3Mu/Central/bjets/3/py in Skim_TriLep_WZTo3LNu_powheg.root
2026-04-12 20:47:12,213 - INFO - [2022] MISSING_CENTRAL: SR3Mu/Central/bjets/3/py in Skim_TriLep_ZZTo4L_powheg.root
2026-04-12 20:47:12,229 - INFO - [2022] MISSING_CENTRAL: SR3Mu/Central/bjets/3/py in Skim_TriLep_WWW.root
2026-04-12 20:47:12,230 - INFO - [2022] MISSING_CENTRAL: SR3Mu/Central/bjets/3/py in Skim_TriLep_WWZ.root
2026-04-12 20:47:12,231 - INFO - [2022] MISSING_CENTRAL: SR3Mu/Central/bjets/3/py in Skim_TriLep_WZZ.root
2026-04-12 20:47:12,265 - INFO - [2022] MISSING_CENTRAL: SR3Mu/Central/bjets/3/py in Skim_TriLep_VBFHToZZTo4L.root
2026-04-12 20:47:12,266 - INFO - [2022] MISSING_CENTRAL: SR3Mu/Central/bjets/3/py in Skim_TriLep_ggHToZZTo4L.root
2026-04-12 21:18:46,559 - INFO - [2022] MISSING_CENTRAL: SR3Mu/Central/bjets/3/py in Skim_TriLep_DoubleMuon_C.root
2026-04-12 21:18:46,593 - INFO - [2022] MISSING_CENTRAL: SR3Mu/Central/bjets/3/py in Skim_TriLep_Muon_D.root
2026-04-12 21:18:46,618 - INFO - [2022] MISSING_CENTRAL: SR3Mu/Central/bjets/3/py in Skim_TriLep_DoubleMuon_C.root
2026-04-12 21:18:46,628 - INFO - [2022] MISSING_CENTRAL: SR3Mu/Central/bjets/3/py in Skim_TriLep_Muon_D.root
2026-04-12 21:18:46,628 - INFO - [2022] MISSING_CENTRAL: SR3Mu/Central/bjets/3/py in Skim_TriLep_DYJets.root
2026-04-12 21:18:46,629 - INFO - [2022] MISSING_CENTRAL: SR3Mu/Central/bjets/3/py in Skim_TriLep_DYJets10to50.root
2026-04-12 21:18:46,629 - INFO - [2022] MISSING_CENTRAL: SR3Mu/Central/bjets/3/py in Skim_TriLep_TTG_PTG10to100.root
2026-04-12 21:18:46,630 - INFO - [2022] MISSING_CENTRAL: SR3Mu/Central/bjets/3/py in Skim_TriLep_TTG_PTG100to200.root
2026-04-12 21:18:46,631 - INFO - [2022] MISSING_CENTRAL: SR3Mu/Central/bjets/3/py in Skim_TriLep_TTG_PTG200toInf.root
2026-04-12 21:18:46,632 - INFO - [2022] MISSING_CENTRAL: SR3Mu/Central/bjets/3/py in Skim_TriLep_TTWToLNu.root
2026-04-12 21:18:46,699 - INFO - [2022] MISSING_CENTRAL: SR3Mu/Central/bjets/3/py in Skim_TriLep_WZTo3LNu_powheg.root
2026-04-12 21:18:46,700 - INFO - [2022] MISSING_CENTRAL: SR3Mu/Central/bjets/3/py in Skim_TriLep_ZZTo4L_powheg.root
2026-04-12 21:18:46,715 - INFO - [2022] MISSING_CENTRAL: SR3Mu/Central/bjets/3/py in Skim_TriLep_WWW.root
2026-04-12 21:18:46,716 - INFO - [2022] MISSING_CENTRAL: SR3Mu/Central/bjets/3/py in Skim_TriLep_WWZ.root
2026-04-12 21:18:46,716 - INFO - [2022] MISSING_CENTRAL: SR3Mu/Central/bjets/3/py in Skim_TriLep_WZZ.root
2026-04-12 21:18:46,748 - INFO - [2022] MISSING_CENTRAL: SR3Mu/Central/bjets/3/py in Skim_TriLep_VBFHToZZTo4L.root
2026-04-12 21:18:46,749 - INFO - [2022] MISSING_CENTRAL: SR3Mu/Central/bjets/3/py in Skim_TriLep_ggHToZZTo4L.root
2026-04-13 12:56:28,124 - INFO - [2022] MISSING_CENTRAL: SR3Mu/Central/bjets/3/py in Skim_TriLep_DoubleMuon_C.root
2026-04-13 12:56:28,165 - INFO - [2022] MISSING_CENTRAL: SR3Mu/Central/bjets/3/py in Skim_TriLep_Muon_D.root
2026-04-13 12:56:28,190 - INFO - [2022] MISSING_CENTRAL: SR3Mu/Central/bjets/3/py in Skim_TriLep_DoubleMuon_C.root
2026-04-13 12:56:28,194 - INFO - [2022] MISSING_CENTRAL: SR3Mu/Central/bjets/3/py in Skim_TriLep_Muon_D.root
2026-04-13 12:56:28,195 - INFO - [2022] MISSING_CENTRAL: SR3Mu/Central/bjets/3/py in Skim_TriLep_DYJets.root
2026-04-13 12:56:28,196 - INFO - [2022] MISSING_CENTRAL: SR3Mu/Central/bjets/3/py in Skim_TriLep_DYJets10to50.root
2026-04-13 12:56:28,196 - INFO - [2022] MISSING_CENTRAL: SR3Mu/Central/bjets/3/py in Skim_TriLep_TTG_PTG10to100.root
2026-04-13 12:56:28,197 - INFO - [2022] MISSING_CENTRAL: SR3Mu/Central/bjets/3/py in Skim_TriLep_TTG_PTG100to200.root
2026-04-13 12:56:28,198 - INFO - [2022] MISSING_CENTRAL: SR3Mu/Central/bjets/3/py in Skim_TriLep_TTG_PTG200toInf.root
2026-04-13 12:56:28,199 - INFO - [2022] MISSING_CENTRAL: SR3Mu/Central/bjets/3/py in Skim_TriLep_TTWToLNu.root
2026-04-13 12:56:28,287 - INFO - [2022] MISSING_CENTRAL: SR3Mu/Central/bjets/3/py in Skim_TriLep_WZTo3LNu_powheg.root
2026-04-13 12:56:28,288 - INFO - [2022] MISSING_CENTRAL: SR3Mu/Central/bjets/3/py in Skim_TriLep_ZZTo4L_powheg.root
2026-04-13 12:56:28,307 - INFO - [2022] MISSING_CENTRAL: SR3Mu/Central/bjets/3/py in Skim_TriLep_WWW.root
2026-04-13 12:56:28,308 - INFO - [2022] MISSING_CENTRAL: SR3Mu/Central/bjets/3/py in Skim_TriLep_WWZ.root
2026-04-13 12:56:28,308 - INFO - [2022] MISSING_CENTRAL: SR3Mu/Central/bjets/3/py in Skim_TriLep_WZZ.root
2026-04-13 12:56:28,349 - INFO - [2022] MISSING_CENTRAL: SR3Mu/Central/bjets/3/py in Skim_TriLep_VBFHToZZTo4L.root
2026-04-13 12:56:28,350 - INFO - [2022] MISSING_CENTRAL: SR3Mu/Central/bjets/3/py in Skim_TriLep_ggHToZZTo4L.root
2026-04-16 17:30:50,949 - INFO - [2022] MISSING_CENTRAL: SR3Mu/Central/bjets/3/py in Skim_TriLep_DoubleMuon_C.root
2026-04-16 17:30:50,996 - INFO - [2022] MISSING_CENTRAL: SR3Mu/Central/bjets/3/py in Skim_TriLep_Muon_D.root
2026-04-16 17:30:51,021 - INFO - [2022] MISSING_CENTRAL: SR3Mu/Central/bjets/3/py in Skim_TriLep_DoubleMuon_C.root
2026-04-16 17:30:51,025 - INFO - [2022] MISSING_CENTRAL: SR3Mu/Central/bjets/3/py in Skim_TriLep_Muon_D.root
2026-04-16 17:30:51,026 - INFO - [2022] MISSING_CENTRAL: SR3Mu/Central/bjets/3/py in Skim_TriLep_DYJets.root
2026-04-16 17:30:51,026 - INFO - [2022] MISSING_CENTRAL: SR3Mu/Central/bjets/3/py in Skim_TriLep_DYJets10to50.root
2026-04-16 17:30:51,027 - INFO - [2022] MISSING_CENTRAL: SR3Mu/Central/bjets/3/py in Skim_TriLep_TTG_PTG10to100.root
2026-04-16 17:30:51,028 - INFO - [2022] MISSING_CENTRAL: SR3Mu/Central/bjets/3/py in Skim_TriLep_TTG_PTG100to200.root
2026-04-16 17:30:51,028 - INFO - [2022] MISSING_CENTRAL: SR3Mu/Central/bjets/3/py in Skim_TriLep_TTG_PTG200toInf.root
2026-04-16 17:30:51,030 - INFO - [2022] MISSING_CENTRAL: SR3Mu/Central/bjets/3/py in Skim_TriLep_TTWToLNu.root
2026-04-16 17:30:51,113 - INFO - [2022] MISSING_CENTRAL: SR3Mu/Central/bjets/3/py in Skim_TriLep_WZTo3LNu_powheg.root
2026-04-16 17:30:51,114 - INFO - [2022] MISSING_CENTRAL: SR3Mu/Central/bjets/3/py in Skim_TriLep_ZZTo4L_powheg.root
2026-04-16 17:30:51,132 - INFO - [2022] MISSING_CENTRAL: SR3Mu/Central/bjets/3/py in Skim_TriLep_WWW.root
2026-04-16 17:30:51,132 - INFO - [2022] MISSING_CENTRAL: SR3Mu/Central/bjets/3/py in Skim_TriLep_WWZ.root
2026-04-16 17:30:51,133 - INFO - [2022] MISSING_CENTRAL: SR3Mu/Central/bjets/3/py in Skim_TriLep_WZZ.root
2026-04-16 17:30:51,172 - INFO - [2022] MISSING_CENTRAL: SR3Mu/Central/bjets/3/py in Skim_TriLep_VBFHToZZTo4L.root
2026-04-16 17:30:51,172 - INFO - [2022] MISSING_CENTRAL: SR3Mu/Central/bjets/3/py in Skim_TriLep_ggHToZZTo4L.root
2026-04-16 17:38:59,429 - INFO - [2022] MISSING_CENTRAL: SR3Mu/Central/bjets/3/py in Skim_TriLep_DoubleMuon_C.root
2026-04-16 17:38:59,473 - INFO - [2022] MISSING_CENTRAL: SR3Mu/Central/bjets/3/py in Skim_TriLep_Muon_D.root
2026-04-16 17:38:59,497 - INFO - [2022] MISSING_CENTRAL: SR3Mu/Central/bjets/3/py in Skim_TriLep_DoubleMuon_C.root
2026-04-16 17:38:59,501 - INFO - [2022] MISSING_CENTRAL: SR3Mu/Central/bjets/3/py in Skim_TriLep_Muon_D.root
2026-04-16 17:38:59,502 - INFO - [2022] MISSING_CENTRAL: SR3Mu/Central/bjets/3/py in Skim_TriLep_DYJets.root
2026-04-16 17:38:59,502 - INFO - [2022] MISSING_CENTRAL: SR3Mu/Central/bjets/3/py in Skim_TriLep_DYJets10to50.root
2026-04-16 17:38:59,503 - INFO - [2022] MISSING_CENTRAL: SR3Mu/Central/bjets/3/py in Skim_TriLep_TTG_PTG10to100.root
2026-04-16 17:38:59,504 - INFO - [2022] MISSING_CENTRAL: SR3Mu/Central/bjets/3/py in Skim_TriLep_TTG_PTG100to200.root
2026-04-16 17:38:59,504 - INFO - [2022] MISSING_CENTRAL: SR3Mu/Central/bjets/3/py in Skim_TriLep_TTG_PTG200toInf.root
2026-04-16 17:38:59,506 - INFO - [2022] MISSING_CENTRAL: SR3Mu/Central/bjets/3/py in Skim_TriLep_TTWToLNu.root
2026-04-16 17:38:59,591 - INFO - [2022] MISSING_CENTRAL: SR3Mu/Central/bjets/3/py in Skim_TriLep_WZTo3LNu_powheg.root
2026-04-16 17:38:59,592 - INFO - [2022] MISSING_CENTRAL: SR3Mu/Central/bjets/3/py in Skim_TriLep_ZZTo4L_powheg.root
2026-04-16 17:38:59,611 - INFO - [2022] MISSING_CENTRAL: SR3Mu/Central/bjets/3/py in Skim_TriLep_WWW.root
2026-04-16 17:38:59,612 - INFO - [2022] MISSING_CENTRAL: SR3Mu/Central/bjets/3/py in Skim_TriLep_WWZ.root
2026-04-16 17:38:59,612 - INFO - [2022] MISSING_CENTRAL: SR3Mu/Central/bjets/3/py in Skim_TriLep_WZZ.root
2026-04-16 17:38:59,652 - INFO - [2022] MISSING_CENTRAL: SR3Mu/Central/bjets/3/py in Skim_TriLep_VBFHToZZTo4L.root
2026-04-16 17:38:59,653 - INFO - [2022] MISSING_CENTRAL: SR3Mu/Central/bjets/3/py in Skim_TriLep_ggHToZZTo4L.root
2026-04-28 15:11:30,099 - INFO - [2022] MISSING_CENTRAL: SR3Mu/Central/bjets/3/py in Skim_TriLep_DoubleMuon_C.root
2026-04-28 15:11:30,141 - INFO - [2022] MISSING_CENTRAL: SR3Mu/Central/bjets/3/py in Skim_TriLep_Muon_D.root
2026-04-28 15:11:30,166 - INFO - [2022] MISSING_CENTRAL: SR3Mu/Central/bjets/3/py in Skim_TriLep_DoubleMuon_C.root
2026-04-28 15:11:30,170 - INFO - [2022] MISSING_CENTRAL: SR3Mu/Central/bjets/3/py in Skim_TriLep_Muon_D.root
2026-04-28 15:11:30,171 - INFO - [2022] MISSING_CENTRAL: SR3Mu/Central/bjets/3/py in Skim_TriLep_DYJets.root
2026-04-28 15:11:30,171 - INFO - [2022] MISSING_CENTRAL: SR3Mu/Central/bjets/3/py in Skim_TriLep_DYJets10to50.root
2026-04-28 15:11:30,172 - INFO - [2022] MISSING_CENTRAL: SR3Mu/Central/bjets/3/py in Skim_TriLep_TTG_PTG10to100.root
2026-04-28 15:11:30,172 - INFO - [2022] MISSING_CENTRAL: SR3Mu/Central/bjets/3/py in Skim_TriLep_TTG_PTG100to200.root
2026-04-28 15:11:30,173 - INFO - [2022] MISSING_CENTRAL: SR3Mu/Central/bjets/3/py in Skim_TriLep_TTG_PTG200toInf.root
2026-04-28 15:11:30,174 - INFO - [2022] MISSING_CENTRAL: SR3Mu/Central/bjets/3/py in Skim_TriLep_TTWToLNu.root
2026-04-28 15:11:30,262 - INFO - [2022] MISSING_CENTRAL: SR3Mu/Central/bjets/3/py in Skim_TriLep_WZTo3LNu_powheg.root
2026-04-28 15:11:30,263 - INFO - [2022] MISSING_CENTRAL: SR3Mu/Central/bjets/3/py in Skim_TriLep_ZZTo4L_powheg.root
2026-04-28 15:11:30,282 - INFO - [2022] MISSING_CENTRAL: SR3Mu/Central/bjets/3/py in Skim_TriLep_WWW.root
2026-04-28 15:11:30,283 - INFO - [2022] MISSING_CENTRAL: SR3Mu/Central/bjets/3/py in Skim_TriLep_WWZ.root
2026-04-28 15:11:30,283 - INFO - [2022] MISSING_CENTRAL: SR3Mu/Central/bjets/3/py in Skim_TriLep_WZZ.root
2026-04-28 15:11:30,322 - INFO - [2022] MISSING_CENTRAL: SR3Mu/Central/bjets/3/py in Skim_TriLep_VBFHToZZTo4L.root
2026-04-28 15:11:30,323 - INFO - [2022] MISSING_CENTRAL: SR3Mu/Central/bjets/3/py in Skim_TriLep_ggHToZZTo4L.root
2026-05-04 17:00:50,309 - INFO - [2022] MISSING_CENTRAL: SR3Mu/Central/bjets/3/py in Skim_TriLep_DoubleMuon_C.root
2026-05-04 17:00:50,361 - INFO - [2022] MISSING_CENTRAL: SR3Mu/Central/bjets/3/py in Skim_TriLep_Muon_D.root
2026-05-04 17:00:50,385 - INFO - [2022] MISSING_CENTRAL: SR3Mu/Central/bjets/3/py in Skim_TriLep_DoubleMuon_C.root
2026-05-04 17:00:50,390 - INFO - [2022] MISSING_CENTRAL: SR3Mu/Central/bjets/3/py in Skim_TriLep_Muon_D.root
2026-05-04 17:00:50,391 - INFO - [2022] MISSING_CENTRAL: SR3Mu/Central/bjets/3/py in Skim_TriLep_DYJets.root
2026-05-04 17:00:50,391 - INFO - [2022] MISSING_CENTRAL: SR3Mu/Central/bjets/3/py in Skim_TriLep_DYJets10to50.root
2026-05-04 17:00:50,392 - INFO - [2022] MISSING_CENTRAL: SR3Mu/Central/bjets/3/py in Skim_TriLep_TTG_PTG10to100.root
2026-05-04 17:00:50,392 - INFO - [2022] MISSING_CENTRAL: SR3Mu/Central/bjets/3/py in Skim_TriLep_TTG_PTG100to200.root
2026-05-04 17:00:50,393 - INFO - [2022] MISSING_CENTRAL: SR3Mu/Central/bjets/3/py in Skim_TriLep_TTG_PTG200toInf.root
2026-05-04 17:00:50,395 - INFO - [2022] MISSING_CENTRAL: SR3Mu/Central/bjets/3/py in Skim_TriLep_TTWToLNu.root
2026-05-04 17:00:50,481 - INFO - [2022] MISSING_CENTRAL: SR3Mu/Central/bjets/3/py in Skim_TriLep_WZTo3LNu_powheg.root
2026-05-04 17:00:50,482 - INFO - [2022] MISSING_CENTRAL: SR3Mu/Central/bjets/3/py in Skim_TriLep_ZZTo4L_powheg.root
2026-05-04 17:00:50,500 - INFO - [2022] MISSING_CENTRAL: SR3Mu/Central/bjets/3/py in Skim_TriLep_WWW.root
2026-05-04 17:00:50,501 - INFO - [2022] MISSING_CENTRAL: SR3Mu/Central/bjets/3/py in Skim_TriLep_WWZ.root
2026-05-04 17:00:50,502 - INFO - [2022] MISSING_CENTRAL: SR3Mu/Central/bjets/3/py in Skim_TriLep_WZZ.root
2026-05-04 17:00:50,541 - INFO - [2022] MISSING_CENTRAL: SR3Mu/Central/bjets/3/py in Skim_TriLep_VBFHToZZTo4L.root
2026-05-04 17:00:50,542 - INFO - [2022] MISSING_CENTRAL: SR3Mu/Central/bjets/3/py in Skim_TriLep_ggHToZZTo4L.root
2026-05-04 17:08:31,230 - INFO - [2022] MISSING_CENTRAL: SR3Mu/Central/bjets/3/py in Skim_TriLep_DoubleMuon_C.root
2026-05-04 17:08:31,272 - INFO - [2022] MISSING_CENTRAL: SR3Mu/Central/bjets/3/py in Skim_TriLep_Muon_D.root
2026-05-04 17:08:31,298 - INFO - [2022] MISSING_CENTRAL: SR3Mu/Central/bjets/3/py in Skim_TriLep_DoubleMuon_C.root
2026-05-04 17:08:31,303 - INFO - [2022] MISSING_CENTRAL: SR3Mu/Central/bjets/3/py in Skim_TriLep_Muon_D.root
2026-05-04 17:08:31,303 - INFO - [2022] MISSING_CENTRAL: SR3Mu/Central/bjets/3/py in Skim_TriLep_DYJets.root
2026-05-04 17:08:31,304 - INFO - [2022] MISSING_CENTRAL: SR3Mu/Central/bjets/3/py in Skim_TriLep_DYJets10to50.root
2026-05-04 17:08:31,304 - INFO - [2022] MISSING_CENTRAL: SR3Mu/Central/bjets/3/py in Skim_TriLep_TTG_PTG10to100.root
2026-05-04 17:08:31,305 - INFO - [2022] MISSING_CENTRAL: SR3Mu/Central/bjets/3/py in Skim_TriLep_TTG_PTG100to200.root
2026-05-04 17:08:31,306 - INFO - [2022] MISSING_CENTRAL: SR3Mu/Central/bjets/3/py in Skim_TriLep_TTG_PTG200toInf.root
2026-05-04 17:08:31,307 - INFO - [2022] MISSING_CENTRAL: SR3Mu/Central/bjets/3/py in Skim_TriLep_TTWToLNu.root
2026-05-04 17:08:31,393 - INFO - [2022] MISSING_CENTRAL: SR3Mu/Central/bjets/3/py in Skim_TriLep_WZTo3LNu_powheg.root
2026-05-04 17:08:31,394 - INFO - [2022] MISSING_CENTRAL: SR3Mu/Central/bjets/3/py in Skim_TriLep_ZZTo4L_powheg.root
2026-05-04 17:08:31,414 - INFO - [2022] MISSING_CENTRAL: SR3Mu/Central/bjets/3/py in Skim_TriLep_WWW.root
2026-05-04 17:08:31,415 - INFO - [2022] MISSING_CENTRAL: SR3Mu/Central/bjets/3/py in Skim_TriLep_WWZ.root
2026-05-04 17:08:31,415 - INFO - [2022] MISSING_CENTRAL: SR3Mu/Central/bjets/3/py in Skim_TriLep_WZZ.root
2026-05-04 17:08:31,457 - INFO - [2022] MISSING_CENTRAL: SR3Mu/Central/bjets/3/py in Skim_TriLep_VBFHToZZTo4L.root
2026-05-04 17:08:31,458 - INFO - [2022] MISSING_CENTRAL: SR3Mu/Central/bjets/3/py in Skim_TriLep_ggHToZZTo4L.root
2026-05-28 15:37:32,278 - INFO - [2022] MISSING_CENTRAL: SR3Mu/Central/bjets/3/py in Skim_TriLep_DoubleMuon_C.root
2026-05-28 15:37:32,332 - INFO - [2022] MISSING_CENTRAL: SR3Mu/Central/bjets/3/py in Skim_TriLep_Muon_D.root
2026-05-28 15:37:32,358 - INFO - [2022] MISSING_CENTRAL: SR3Mu/Central/bjets/3/py in Skim_TriLep_DoubleMuon_C.root
2026-05-28 15:37:32,364 - INFO - [2022] MISSING_CENTRAL: SR3Mu/Central/bjets/3/py in Skim_TriLep_Muon_D.root
2026-05-28 15:37:32,365 - INFO - [2022] MISSING_CENTRAL: SR3Mu/Central/bjets/3/py in Skim_TriLep_DYJets.root
2026-05-28 15:37:32,366 - INFO - [2022] MISSING_CENTRAL: SR3Mu/Central/bjets/3/py in Skim_TriLep_DYJets10to50.root
2026-05-28 15:37:32,367 - INFO - [2022] MISSING_CENTRAL: SR3Mu/Central/bjets/3/py in Skim_TriLep_TTG_PTG10to100.root
2026-05-28 15:37:32,368 - INFO - [2022] MISSING_CENTRAL: SR3Mu/Central/bjets/3/py in Skim_TriLep_TTG_PTG100to200.root
2026-05-28 15:37:32,369 - INFO - [2022] MISSING_CENTRAL: SR3Mu/Central/bjets/3/py in Skim_TriLep_TTG_PTG200toInf.root
2026-05-28 15:37:32,372 - INFO - [2022] MISSING_CENTRAL: SR3Mu/Central/bjets/3/py in Skim_TriLep_TTWToLNu.root
2026-05-28 15:37:32,540 - INFO - [2022] MISSING_CENTRAL: SR3Mu/Central/bjets/3/py in Skim_TriLep_WZTo3LNu_powheg.root
2026-05-28 15:37:32,542 - INFO - [2022] MISSING_CENTRAL: SR3Mu/Central/bjets/3/py in Skim_TriLep_ZZTo4L_powheg.root
2026-05-28 15:37:32,576 - INFO - [2022] MISSING_CENTRAL: SR3Mu/Central/bjets/3/py in Skim_TriLep_WWW.root
2026-05-28 15:37:32,578 - INFO - [2022] MISSING_CENTRAL: SR3Mu/Central/bjets/3/py in Skim_TriLep_WWZ.root
2026-05-28 15:37:32,579 - INFO - [2022] MISSING_CENTRAL: SR3Mu/Central/bjets/3/py in Skim_TriLep_WZZ.root
2026-05-28 15:37:32,650 - INFO - [2022] MISSING_CENTRAL: SR3Mu/Central/bjets/3/py in Skim_TriLep_VBFHToZZTo4L.root
2026-05-28 15:37:32,652 - INFO - [2022] MISSING_CENTRAL: SR3Mu/Central/bjets/3/py in Skim_TriLep_ggHToZZTo4L.root
2026-05-28 15:45:16,234 - INFO - [2022] MISSING_CENTRAL: SR3Mu/Central/bjets/3/py in Skim_TriLep_DoubleMuon_C.root
2026-05-28 15:45:16,284 - INFO - [2022] MISSING_CENTRAL: SR3Mu/Central/bjets/3/py in Skim_TriLep_Muon_D.root
2026-05-28 15:45:16,314 - INFO - [2022] MISSING_CENTRAL: SR3Mu/Central/bjets/3/py in Skim_TriLep_DoubleMuon_C.root
2026-05-28 15:45:16,321 - INFO - [2022] MISSING_CENTRAL: SR3Mu/Central/bjets/3/py in Skim_TriLep_Muon_D.root
2026-05-28 15:45:16,322 - INFO - [2022] MISSING_CENTRAL: SR3Mu/Central/bjets/3/py in Skim_TriLep_DYJets.root
2026-05-28 15:45:16,324 - INFO - [2022] MISSING_CENTRAL: SR3Mu/Central/bjets/3/py in Skim_TriLep_DYJets10to50.root
2026-05-28 15:45:16,325 - INFO - [2022] MISSING_CENTRAL: SR3Mu/Central/bjets/3/py in Skim_TriLep_TTG_PTG10to100.root
2026-05-28 15:45:16,326 - INFO - [2022] MISSING_CENTRAL: SR3Mu/Central/bjets/3/py in Skim_TriLep_TTG_PTG100to200.root
2026-05-28 15:45:16,328 - INFO - [2022] MISSING_CENTRAL: SR3Mu/Central/bjets/3/py in Skim_TriLep_TTG_PTG200toInf.root
2026-05-28 15:45:16,330 - INFO - [2022] MISSING_CENTRAL: SR3Mu/Central/bjets/3/py in Skim_TriLep_TTWToLNu.root
2026-05-28 15:45:16,486 - INFO - [2022] MISSING_CENTRAL: SR3Mu/Central/bjets/3/py in Skim_TriLep_WZTo3LNu_powheg.root
2026-05-28 15:45:16,488 - INFO - [2022] MISSING_CENTRAL: SR3Mu/Central/bjets/3/py in Skim_TriLep_ZZTo4L_powheg.root
2026-05-28 15:45:16,524 - INFO - [2022] MISSING_CENTRAL: SR3Mu/Central/bjets/3/py in Skim_TriLep_WWW.root
2026-05-28 15:45:16,525 - INFO - [2022] MISSING_CENTRAL: SR3Mu/Central/bjets/3/py in Skim_TriLep_WWZ.root
2026-05-28 15:45:16,528 - INFO - [2022] MISSING_CENTRAL: SR3Mu/Central/bjets/3/py in Skim_TriLep_WZZ.root
2026-05-28 15:45:16,597 - INFO - [2022] MISSING_CENTRAL: SR3Mu/Central/bjets/3/py in Skim_TriLep_VBFHToZZTo4L.root
2026-05-28 15:45:16,599 - INFO - [2022] MISSING_CENTRAL: SR3Mu/Central/bjets/3/py in Skim_TriLep_ggHToZZTo4L.root
