2026-03-02 16:43:41,398 - INFO - [2022] MISSING_CENTRAL: SR1E2Mu/Central/muons/3/eta in TTToHcToWAToMuMu-MHc70_MA15.root
2026-03-02 16:43:41,399 - INFO - [2022EE] MISSING_CENTRAL: SR1E2Mu/Central/muons/3/eta in TTToHcToWAToMuMu-MHc70_MA15.root
2026-03-02 16:43:41,399 - INFO - [2023] MISSING_CENTRAL: SR1E2Mu/Central/muons/3/eta in TTToHcToWAToMuMu-MHc70_MA15.root
2026-03-02 16:43:41,400 - INFO - [2023BPix] MISSING_CENTRAL: SR1E2Mu/Central/muons/3/eta in TTToHcToWAToMuMu-MHc70_MA15.root
2026-03-02 16:43:41,400 - INFO - [2022] MISSING_FILE: /home/choij/Sync/workspace/ChargedHiggsAnalysisV3/SKNanoOutput/SignalKinematics/Run1E2Mu/2022/TTToHcToWAToMuMu-MHc130_MA65.root
2026-03-02 16:43:41,400 - INFO - [2022EE] MISSING_FILE: /home/choij/Sync/workspace/ChargedHiggsAnalysisV3/SKNanoOutput/SignalKinematics/Run1E2Mu/2022EE/TTToHcToWAToMuMu-MHc130_MA65.root
2026-03-02 16:43:41,400 - INFO - [2023] MISSING_FILE: /home/choij/Sync/workspace/ChargedHiggsAnalysisV3/SKNanoOutput/SignalKinematics/Run1E2Mu/2023/TTToHcToWAToMuMu-MHc130_MA65.root
2026-03-02 16:43:41,400 - INFO - [2023BPix] MISSING_FILE: /home/choij/Sync/workspace/ChargedHiggsAnalysisV3/SKNanoOutput/SignalKinematics/Run1E2Mu/2023BPix/TTToHcToWAToMuMu-MHc130_MA65.root
2026-03-02 16:43:41,400 - INFO - [2022] MISSING_CENTRAL: SR1E2Mu/Central/muons/3/eta in TTToHcToWAToMuMu-MHc100_MA95.root
2026-03-02 16:43:41,400 - INFO - [2022EE] MISSING_CENTRAL: SR1E2Mu/Central/muons/3/eta in TTToHcToWAToMuMu-MHc100_MA95.root
2026-03-02 16:43:41,401 - INFO - [2023] MISSING_CENTRAL: SR1E2Mu/Central/muons/3/eta in TTToHcToWAToMuMu-MHc100_MA95.root
2026-03-02 16:43:41,401 - INFO - [2023BPix] MISSING_CENTRAL: SR1E2Mu/Central/muons/3/eta in TTToHcToWAToMuMu-MHc100_MA95.root
2026-03-02 16:43:41,401 - INFO - [2022] MISSING_CENTRAL: SR1E2Mu/Central/muons/3/eta in TTToHcToWAToMuMu-MHc160_MA145.root
2026-03-02 16:43:41,402 - INFO - [2022EE] MISSING_CENTRAL: SR1E2Mu/Central/muons/3/eta in TTToHcToWAToMuMu-MHc160_MA145.root
2026-03-02 16:43:41,402 - INFO - [2023] MISSING_CENTRAL: SR1E2Mu/Central/muons/3/eta in TTToHcToWAToMuMu-MHc160_MA145.root
2026-03-02 16:43:41,402 - INFO - [2023BPix] MISSING_CENTRAL: SR1E2Mu/Central/muons/3/eta in TTToHcToWAToMuMu-MHc160_MA145.root
2026-03-02 17:08:40,827 - INFO - [2022] MISSING_CENTRAL: SR1E2Mu/Central/muons/3/eta in TTToHcToWAToMuMu-MHc70_MA15.root
2026-03-02 17:08:40,828 - INFO - [2022EE] MISSING_CENTRAL: SR1E2Mu/Central/muons/3/eta in TTToHcToWAToMuMu-MHc70_MA15.root
2026-03-02 17:08:40,828 - INFO - [2023] MISSING_CENTRAL: SR1E2Mu/Central/muons/3/eta in TTToHcToWAToMuMu-MHc70_MA15.root
2026-03-02 17:08:40,828 - INFO - [2023BPix] MISSING_CENTRAL: SR1E2Mu/Central/muons/3/eta in TTToHcToWAToMuMu-MHc70_MA15.root
2026-03-02 17:08:40,828 - INFO - [2022] MISSING_FILE: /home/choij/Sync/workspace/ChargedHiggsAnalysisV3/SKNanoOutput/SignalKinematics/Run1E2Mu/2022/TTToHcToWAToMuMu-MHc130_MA65.root
2026-03-02 17:08:40,828 - INFO - [2022EE] MISSING_FILE: /home/choij/Sync/workspace/ChargedHiggsAnalysisV3/SKNanoOutput/SignalKinematics/Run1E2Mu/2022EE/TTToHcToWAToMuMu-MHc130_MA65.root
2026-03-02 17:08:40,829 - INFO - [2023] MISSING_FILE: /home/choij/Sync/workspace/ChargedHiggsAnalysisV3/SKNanoOutput/SignalKinematics/Run1E2Mu/2023/TTToHcToWAToMuMu-MHc130_MA65.root
2026-03-02 17:08:40,829 - INFO - [2023BPix] MISSING_FILE: /home/choij/Sync/workspace/ChargedHiggsAnalysisV3/SKNanoOutput/SignalKinematics/Run1E2Mu/2023BPix/TTToHcToWAToMuMu-MHc130_MA65.root
2026-03-02 17:08:40,829 - INFO - [2022] MISSING_CENTRAL: SR1E2Mu/Central/muons/3/eta in TTToHcToWAToMuMu-MHc100_MA95.root
2026-03-02 17:08:40,829 - INFO - [2022EE] MISSING_CENTRAL: SR1E2Mu/Central/muons/3/eta in TTToHcToWAToMuMu-MHc100_MA95.root
2026-03-02 17:08:40,829 - INFO - [2023] MISSING_CENTRAL: SR1E2Mu/Central/muons/3/eta in TTToHcToWAToMuMu-MHc100_MA95.root
2026-03-02 17:08:40,830 - INFO - [2023BPix] MISSING_CENTRAL: SR1E2Mu/Central/muons/3/eta in TTToHcToWAToMuMu-MHc100_MA95.root
2026-03-02 17:08:40,830 - INFO - [2022] MISSING_CENTRAL: SR1E2Mu/Central/muons/3/eta in TTToHcToWAToMuMu-MHc160_MA145.root
2026-03-02 17:08:40,830 - INFO - [2022EE] MISSING_CENTRAL: SR1E2Mu/Central/muons/3/eta in TTToHcToWAToMuMu-MHc160_MA145.root
2026-03-02 17:08:40,831 - INFO - [2023] MISSING_CENTRAL: SR1E2Mu/Central/muons/3/eta in TTToHcToWAToMuMu-MHc160_MA145.root
2026-03-02 17:08:40,831 - INFO - [2023BPix] MISSING_CENTRAL: SR1E2Mu/Central/muons/3/eta in TTToHcToWAToMuMu-MHc160_MA145.root
2026-04-12 14:00:15,892 - INFO - [2022] MISSING_CENTRAL: SR1E2Mu/Central/muons/3/eta in TTToHcToWAToMuMu-MHc70_MA15.root
2026-04-12 14:00:15,893 - INFO - [2022EE] MISSING_CENTRAL: SR1E2Mu/Central/muons/3/eta in TTToHcToWAToMuMu-MHc70_MA15.root
2026-04-12 14:00:15,893 - INFO - [2023] MISSING_CENTRAL: SR1E2Mu/Central/muons/3/eta in TTToHcToWAToMuMu-MHc70_MA15.root
2026-04-12 14:00:15,893 - INFO - [2023BPix] MISSING_CENTRAL: SR1E2Mu/Central/muons/3/eta in TTToHcToWAToMuMu-MHc70_MA15.root
2026-04-12 14:00:15,894 - INFO - [2022] MISSING_CENTRAL: SR1E2Mu/Central/muons/3/eta in TTToHcToWAToMuMu-MHc100_MA60.root
2026-04-12 14:00:15,894 - INFO - [2022EE] MISSING_CENTRAL: SR1E2Mu/Central/muons/3/eta in TTToHcToWAToMuMu-MHc100_MA60.root
2026-04-12 14:00:15,894 - INFO - [2023] MISSING_CENTRAL: SR1E2Mu/Central/muons/3/eta in TTToHcToWAToMuMu-MHc100_MA60.root
2026-04-12 14:00:15,895 - INFO - [2023BPix] MISSING_CENTRAL: SR1E2Mu/Central/muons/3/eta in TTToHcToWAToMuMu-MHc100_MA60.root
2026-04-12 14:00:15,895 - INFO - [2022] MISSING_CENTRAL: SR1E2Mu/Central/muons/3/eta in TTToHcToWAToMuMu-MHc130_MA90.root
2026-04-12 14:00:15,895 - INFO - [2022EE] MISSING_CENTRAL: SR1E2Mu/Central/muons/3/eta in TTToHcToWAToMuMu-MHc130_MA90.root
2026-04-12 14:00:15,896 - INFO - [2023] MISSING_CENTRAL: SR1E2Mu/Central/muons/3/eta in TTToHcToWAToMuMu-MHc130_MA90.root
2026-04-12 14:00:15,896 - INFO - [2023BPix] MISSING_CENTRAL: SR1E2Mu/Central/muons/3/eta in TTToHcToWAToMuMu-MHc130_MA90.root
2026-04-12 14:00:15,896 - INFO - [2022] MISSING_CENTRAL: SR1E2Mu/Central/muons/3/eta in TTToHcToWAToMuMu-MHc160_MA155.root
2026-04-12 14:00:15,897 - INFO - [2022EE] MISSING_CENTRAL: SR1E2Mu/Central/muons/3/eta in TTToHcToWAToMuMu-MHc160_MA155.root
2026-04-12 14:00:15,897 - INFO - [2023] MISSING_CENTRAL: SR1E2Mu/Central/muons/3/eta in TTToHcToWAToMuMu-MHc160_MA155.root
2026-04-12 14:00:15,897 - INFO - [2023BPix] MISSING_CENTRAL: SR1E2Mu/Central/muons/3/eta in TTToHcToWAToMuMu-MHc160_MA155.root
2026-04-12 14:25:29,554 - INFO - [2022] MISSING_CENTRAL: SR1E2Mu/Central/muons/3/eta in TTToHcToWAToMuMu-MHc70_MA15.root
2026-04-12 14:25:29,555 - INFO - [2022EE] MISSING_CENTRAL: SR1E2Mu/Central/muons/3/eta in TTToHcToWAToMuMu-MHc70_MA15.root
2026-04-12 14:25:29,555 - INFO - [2023] MISSING_CENTRAL: SR1E2Mu/Central/muons/3/eta in TTToHcToWAToMuMu-MHc70_MA15.root
2026-04-12 14:25:29,555 - INFO - [2023BPix] MISSING_CENTRAL: SR1E2Mu/Central/muons/3/eta in TTToHcToWAToMuMu-MHc70_MA15.root
2026-04-12 14:25:29,556 - INFO - [2022] MISSING_CENTRAL: SR1E2Mu/Central/muons/3/eta in TTToHcToWAToMuMu-MHc100_MA60.root
2026-04-12 14:25:29,556 - INFO - [2022EE] MISSING_CENTRAL: SR1E2Mu/Central/muons/3/eta in TTToHcToWAToMuMu-MHc100_MA60.root
2026-04-12 14:25:29,556 - INFO - [2023] MISSING_CENTRAL: SR1E2Mu/Central/muons/3/eta in TTToHcToWAToMuMu-MHc100_MA60.root
2026-04-12 14:25:29,556 - INFO - [2023BPix] MISSING_CENTRAL: SR1E2Mu/Central/muons/3/eta in TTToHcToWAToMuMu-MHc100_MA60.root
2026-04-12 14:25:29,557 - INFO - [2022] MISSING_CENTRAL: SR1E2Mu/Central/muons/3/eta in TTToHcToWAToMuMu-MHc130_MA90.root
2026-04-12 14:25:29,557 - INFO - [2022EE] MISSING_CENTRAL: SR1E2Mu/Central/muons/3/eta in TTToHcToWAToMuMu-MHc130_MA90.root
2026-04-12 14:25:29,557 - INFO - [2023] MISSING_CENTRAL: SR1E2Mu/Central/muons/3/eta in TTToHcToWAToMuMu-MHc130_MA90.root
2026-04-12 14:25:29,558 - INFO - [2023BPix] MISSING_CENTRAL: SR1E2Mu/Central/muons/3/eta in TTToHcToWAToMuMu-MHc130_MA90.root
2026-04-12 14:25:29,558 - INFO - [2022] MISSING_CENTRAL: SR1E2Mu/Central/muons/3/eta in TTToHcToWAToMuMu-MHc160_MA155.root
2026-04-12 14:25:29,558 - INFO - [2022EE] MISSING_CENTRAL: SR1E2Mu/Central/muons/3/eta in TTToHcToWAToMuMu-MHc160_MA155.root
2026-04-12 14:25:29,559 - INFO - [2023] MISSING_CENTRAL: SR1E2Mu/Central/muons/3/eta in TTToHcToWAToMuMu-MHc160_MA155.root
2026-04-12 14:25:29,559 - INFO - [2023BPix] MISSING_CENTRAL: SR1E2Mu/Central/muons/3/eta in TTToHcToWAToMuMu-MHc160_MA155.root
2026-04-12 14:34:35,149 - INFO - [2022] MISSING_CENTRAL: SR1E2Mu/Central/muons/3/eta in TTToHcToWAToMuMu-MHc70_MA15.root
2026-04-12 14:34:35,150 - INFO - [2022EE] MISSING_CENTRAL: SR1E2Mu/Central/muons/3/eta in TTToHcToWAToMuMu-MHc70_MA15.root
2026-04-12 14:34:35,150 - INFO - [2023] MISSING_CENTRAL: SR1E2Mu/Central/muons/3/eta in TTToHcToWAToMuMu-MHc70_MA15.root
2026-04-12 14:34:35,150 - INFO - [2023BPix] MISSING_CENTRAL: SR1E2Mu/Central/muons/3/eta in TTToHcToWAToMuMu-MHc70_MA15.root
2026-04-12 14:34:35,151 - INFO - [2022] MISSING_CENTRAL: SR1E2Mu/Central/muons/3/eta in TTToHcToWAToMuMu-MHc100_MA60.root
2026-04-12 14:34:35,151 - INFO - [2022EE] MISSING_CENTRAL: SR1E2Mu/Central/muons/3/eta in TTToHcToWAToMuMu-MHc100_MA60.root
2026-04-12 14:34:35,151 - INFO - [2023] MISSING_CENTRAL: SR1E2Mu/Central/muons/3/eta in TTToHcToWAToMuMu-MHc100_MA60.root
2026-04-12 14:34:35,151 - INFO - [2023BPix] MISSING_CENTRAL: SR1E2Mu/Central/muons/3/eta in TTToHcToWAToMuMu-MHc100_MA60.root
2026-04-12 14:34:35,152 - INFO - [2022] MISSING_CENTRAL: SR1E2Mu/Central/muons/3/eta in TTToHcToWAToMuMu-MHc130_MA90.root
2026-04-12 14:34:35,152 - INFO - [2022EE] MISSING_CENTRAL: SR1E2Mu/Central/muons/3/eta in TTToHcToWAToMuMu-MHc130_MA90.root
2026-04-12 14:34:35,152 - INFO - [2023] MISSING_CENTRAL: SR1E2Mu/Central/muons/3/eta in TTToHcToWAToMuMu-MHc130_MA90.root
2026-04-12 14:34:35,153 - INFO - [2023BPix] MISSING_CENTRAL: SR1E2Mu/Central/muons/3/eta in TTToHcToWAToMuMu-MHc130_MA90.root
2026-04-12 14:34:35,153 - INFO - [2022] MISSING_CENTRAL: SR1E2Mu/Central/muons/3/eta in TTToHcToWAToMuMu-MHc160_MA155.root
2026-04-12 14:34:35,153 - INFO - [2022EE] MISSING_CENTRAL: SR1E2Mu/Central/muons/3/eta in TTToHcToWAToMuMu-MHc160_MA155.root
2026-04-12 14:34:35,153 - INFO - [2023] MISSING_CENTRAL: SR1E2Mu/Central/muons/3/eta in TTToHcToWAToMuMu-MHc160_MA155.root
2026-04-12 14:34:35,154 - INFO - [2023BPix] MISSING_CENTRAL: SR1E2Mu/Central/muons/3/eta in TTToHcToWAToMuMu-MHc160_MA155.root
2026-04-12 15:12:20,547 - INFO - [2022] MISSING_CENTRAL: SR1E2Mu/Central/muons/3/eta in TTToHcToWAToMuMu-MHc70_MA15.root
2026-04-12 15:12:20,547 - INFO - [2022EE] MISSING_CENTRAL: SR1E2Mu/Central/muons/3/eta in TTToHcToWAToMuMu-MHc70_MA15.root
2026-04-12 15:12:20,548 - INFO - [2023] MISSING_CENTRAL: SR1E2Mu/Central/muons/3/eta in TTToHcToWAToMuMu-MHc70_MA15.root
2026-04-12 15:12:20,548 - INFO - [2023BPix] MISSING_CENTRAL: SR1E2Mu/Central/muons/3/eta in TTToHcToWAToMuMu-MHc70_MA15.root
2026-04-12 15:12:20,548 - INFO - [2022] MISSING_CENTRAL: SR1E2Mu/Central/muons/3/eta in TTToHcToWAToMuMu-MHc100_MA60.root
2026-04-12 15:12:20,548 - INFO - [2022EE] MISSING_CENTRAL: SR1E2Mu/Central/muons/3/eta in TTToHcToWAToMuMu-MHc100_MA60.root
2026-04-12 15:12:20,549 - INFO - [2023] MISSING_CENTRAL: SR1E2Mu/Central/muons/3/eta in TTToHcToWAToMuMu-MHc100_MA60.root
2026-04-12 15:12:20,549 - INFO - [2023BPix] MISSING_CENTRAL: SR1E2Mu/Central/muons/3/eta in TTToHcToWAToMuMu-MHc100_MA60.root
2026-04-12 15:12:20,549 - INFO - [2022] MISSING_CENTRAL: SR1E2Mu/Central/muons/3/eta in TTToHcToWAToMuMu-MHc130_MA90.root
2026-04-12 15:12:20,550 - INFO - [2022EE] MISSING_CENTRAL: SR1E2Mu/Central/muons/3/eta in TTToHcToWAToMuMu-MHc130_MA90.root
2026-04-12 15:12:20,550 - INFO - [2023] MISSING_CENTRAL: SR1E2Mu/Central/muons/3/eta in TTToHcToWAToMuMu-MHc130_MA90.root
2026-04-12 15:12:20,550 - INFO - [2023BPix] MISSING_CENTRAL: SR1E2Mu/Central/muons/3/eta in TTToHcToWAToMuMu-MHc130_MA90.root
2026-04-12 15:12:20,551 - INFO - [2022] MISSING_CENTRAL: SR1E2Mu/Central/muons/3/eta in TTToHcToWAToMuMu-MHc160_MA155.root
2026-04-12 15:12:20,551 - INFO - [2022EE] MISSING_CENTRAL: SR1E2Mu/Central/muons/3/eta in TTToHcToWAToMuMu-MHc160_MA155.root
2026-04-12 15:12:20,551 - INFO - [2023] MISSING_CENTRAL: SR1E2Mu/Central/muons/3/eta in TTToHcToWAToMuMu-MHc160_MA155.root
2026-04-12 15:12:20,551 - INFO - [2023BPix] MISSING_CENTRAL: SR1E2Mu/Central/muons/3/eta in TTToHcToWAToMuMu-MHc160_MA155.root
2026-04-12 15:21:14,901 - INFO - [2022] MISSING_CENTRAL: SR1E2Mu/Central/muons/3/eta in TTToHcToWAToMuMu-MHc70_MA15.root
2026-04-12 15:21:14,902 - INFO - [2022EE] MISSING_CENTRAL: SR1E2Mu/Central/muons/3/eta in TTToHcToWAToMuMu-MHc70_MA15.root
2026-04-12 15:21:14,903 - INFO - [2023] MISSING_CENTRAL: SR1E2Mu/Central/muons/3/eta in TTToHcToWAToMuMu-MHc70_MA15.root
2026-04-12 15:21:14,904 - INFO - [2023BPix] MISSING_CENTRAL: SR1E2Mu/Central/muons/3/eta in TTToHcToWAToMuMu-MHc70_MA15.root
2026-04-12 15:21:14,905 - INFO - [2022] MISSING_CENTRAL: SR1E2Mu/Central/muons/3/eta in TTToHcToWAToMuMu-MHc100_MA60.root
2026-04-12 15:21:14,906 - INFO - [2022EE] MISSING_CENTRAL: SR1E2Mu/Central/muons/3/eta in TTToHcToWAToMuMu-MHc100_MA60.root
2026-04-12 15:21:14,907 - INFO - [2023] MISSING_CENTRAL: SR1E2Mu/Central/muons/3/eta in TTToHcToWAToMuMu-MHc100_MA60.root
2026-04-12 15:21:14,907 - INFO - [2023BPix] MISSING_CENTRAL: SR1E2Mu/Central/muons/3/eta in TTToHcToWAToMuMu-MHc100_MA60.root
2026-04-12 15:21:14,908 - INFO - [2022] MISSING_CENTRAL: SR1E2Mu/Central/muons/3/eta in TTToHcToWAToMuMu-MHc130_MA90.root
2026-04-12 15:21:14,909 - INFO - [2022EE] MISSING_CENTRAL: SR1E2Mu/Central/muons/3/eta in TTToHcToWAToMuMu-MHc130_MA90.root
2026-04-12 15:21:14,910 - INFO - [2023] MISSING_CENTRAL: SR1E2Mu/Central/muons/3/eta in TTToHcToWAToMuMu-MHc130_MA90.root
2026-04-12 15:21:14,910 - INFO - [2023BPix] MISSING_CENTRAL: SR1E2Mu/Central/muons/3/eta in TTToHcToWAToMuMu-MHc130_MA90.root
2026-04-12 15:21:14,911 - INFO - [2022] MISSING_CENTRAL: SR1E2Mu/Central/muons/3/eta in TTToHcToWAToMuMu-MHc160_MA155.root
2026-04-12 15:21:14,912 - INFO - [2022EE] MISSING_CENTRAL: SR1E2Mu/Central/muons/3/eta in TTToHcToWAToMuMu-MHc160_MA155.root
2026-04-12 15:21:14,913 - INFO - [2023] MISSING_CENTRAL: SR1E2Mu/Central/muons/3/eta in TTToHcToWAToMuMu-MHc160_MA155.root
2026-04-12 15:21:14,914 - INFO - [2023BPix] MISSING_CENTRAL: SR1E2Mu/Central/muons/3/eta in TTToHcToWAToMuMu-MHc160_MA155.root
