2025-09-24 16:05:40,224 - INFO - [2023BPix] MISSING_CENTRAL: WZ1E2Mu/Central/jets/1/eta in Skim_TriLep_DYJets.root
2025-09-24 16:05:40,224 - INFO - [2023BPix] MISSING_CENTRAL: WZ1E2Mu/Central/jets/1/eta in Skim_TriLep_DYJets10to50.root
2025-09-24 16:05:40,225 - INFO - [2023BPix] MISSING_CENTRAL: WZ1E2Mu/Central/jets/1/eta in Skim_TriLep_DYGTo2LG_MLL4to50_PTG10to100.root
2025-09-24 16:05:40,225 - INFO - [2023BPix] MISSING_CENTRAL: WZ1E2Mu/Central/jets/1/eta in Skim_TriLep_DYGTo2LG_MLL4to50_PTG100to200.root
2025-09-24 16:05:40,225 - INFO - [2023BPix] MISSING_CENTRAL: WZ1E2Mu/Central/jets/1/eta in Skim_TriLep_DYGTo2LG_MLL4to50_PTG200toInf.root
2025-09-24 16:05:40,308 - INFO - [2023BPix] MISSING_CENTRAL: WZ1E2Mu/Central/jets/1/eta in Skim_TriLep_TTG_PTG200toInf.root
2025-09-24 16:05:50,422 - INFO - [2023BPix] MISSING_CENTRAL: WZ1E2Mu/Central/jets/1/eta in Skim_TriLep_DYJets.root
2025-09-24 16:05:50,422 - INFO - [2023BPix] MISSING_CENTRAL: WZ1E2Mu/Central/jets/1/eta in Skim_TriLep_DYJets10to50.root
2025-09-24 16:05:50,422 - INFO - [2023BPix] MISSING_CENTRAL: WZ1E2Mu/Central/jets/1/eta in Skim_TriLep_DYGTo2LG_MLL4to50_PTG10to100.root
2025-09-24 16:05:50,423 - INFO - [2023BPix] MISSING_CENTRAL: WZ1E2Mu/Central/jets/1/eta in Skim_TriLep_DYGTo2LG_MLL4to50_PTG100to200.root
2025-09-24 16:05:50,423 - INFO - [2023BPix] MISSING_CENTRAL: WZ1E2Mu/Central/jets/1/eta in Skim_TriLep_DYGTo2LG_MLL4to50_PTG200toInf.root
2025-09-24 16:05:50,425 - INFO - [2023BPix] MISSING_CENTRAL: WZ1E2Mu/Central/jets/1/eta in Skim_TriLep_TTG_PTG200toInf.root
2025-09-24 16:05:50,427 - INFO - [2023BPix] MISSING_FILE: /Users/choij/Sync/workspace/ChargedHiggsAnalysisV3/SKNanoOutput/CRPromptSelector/Run1E2Mu_RunNoWZSF_RunSyst/2023BPix/Skim_TriLep_ZZTo4L_powheg.root
2025-09-24 16:05:50,429 - INFO - [2023BPix] MISSING_FILE: /Users/choij/Sync/workspace/ChargedHiggsAnalysisV3/SKNanoOutput/CRPromptSelector/Run1E2Mu_RunNoWZSF_RunSyst/2023BPix/Skim_TriLep_VBFHToZZTo4L.root
2025-09-24 16:05:50,429 - INFO - [2023BPix] MISSING_FILE: /Users/choij/Sync/workspace/ChargedHiggsAnalysisV3/SKNanoOutput/CRPromptSelector/Run1E2Mu_RunNoWZSF_RunSyst/2023BPix/Skim_TriLep_ggHToZZTo4L.root
2025-10-02 21:22:35,713 - INFO - [2023BPix] MISSING_CENTRAL: WZ1E2Mu/Central/jets/1/eta in Skim_TriLep_DYJets.root
2025-10-02 21:22:35,713 - INFO - [2023BPix] MISSING_CENTRAL: WZ1E2Mu/Central/jets/1/eta in Skim_TriLep_DYJets10to50.root
2025-10-02 21:22:35,714 - INFO - [2023BPix] MISSING_CENTRAL: WZ1E2Mu/Central/jets/1/eta in Skim_TriLep_DYGTo2LG_MLL4to50_PTG10to100.root
2025-10-02 21:22:35,715 - INFO - [2023BPix] MISSING_CENTRAL: WZ1E2Mu/Central/jets/1/eta in Skim_TriLep_DYGTo2LG_MLL4to50_PTG100to200.root
2025-10-02 21:22:35,716 - INFO - [2023BPix] MISSING_CENTRAL: WZ1E2Mu/Central/jets/1/eta in Skim_TriLep_DYGTo2LG_MLL4to50_PTG200toInf.root
2025-10-02 21:22:35,769 - INFO - [2023BPix] MISSING_CENTRAL: WZ1E2Mu/Central/jets/1/eta in Skim_TriLep_TTG_PTG200toInf.root
2025-10-02 21:22:39,921 - INFO - [2023BPix] MISSING_CENTRAL: WZ1E2Mu/Central/jets/1/eta in Skim_TriLep_DYJets.root
2025-10-02 21:22:39,922 - INFO - [2023BPix] MISSING_CENTRAL: WZ1E2Mu/Central/jets/1/eta in Skim_TriLep_DYJets10to50.root
2025-10-02 21:22:39,922 - INFO - [2023BPix] MISSING_CENTRAL: WZ1E2Mu/Central/jets/1/eta in Skim_TriLep_DYGTo2LG_MLL4to50_PTG10to100.root
2025-10-02 21:22:39,923 - INFO - [2023BPix] MISSING_CENTRAL: WZ1E2Mu/Central/jets/1/eta in Skim_TriLep_DYGTo2LG_MLL4to50_PTG100to200.root
2025-10-02 21:22:39,924 - INFO - [2023BPix] MISSING_CENTRAL: WZ1E2Mu/Central/jets/1/eta in Skim_TriLep_DYGTo2LG_MLL4to50_PTG200toInf.root
2025-10-02 21:22:39,930 - INFO - [2023BPix] MISSING_CENTRAL: WZ1E2Mu/Central/jets/1/eta in Skim_TriLep_TTG_PTG200toInf.root
2025-10-02 21:22:39,947 - INFO - [2023BPix] MISSING_FILE: /data9/Users/choij/Sync/workspace/ChargedHiggsAnalysisV3/SKNanoOutput/CRPromptSelector/Run1E2Mu_RunNoWZSF_RunSyst/2023BPix/Skim_TriLep_ZZTo4L_powheg.root
2025-10-02 21:22:39,955 - INFO - [2023BPix] MISSING_FILE: /data9/Users/choij/Sync/workspace/ChargedHiggsAnalysisV3/SKNanoOutput/CRPromptSelector/Run1E2Mu_RunNoWZSF_RunSyst/2023BPix/Skim_TriLep_VBFHToZZTo4L.root
2025-10-02 21:22:39,955 - INFO - [2023BPix] MISSING_FILE: /data9/Users/choij/Sync/workspace/ChargedHiggsAnalysisV3/SKNanoOutput/CRPromptSelector/Run1E2Mu_RunNoWZSF_RunSyst/2023BPix/Skim_TriLep_ggHToZZTo4L.root
2025-10-03 00:36:37,858 - INFO - [2023BPix] MISSING_CENTRAL: WZ1E2Mu/Central/jets/1/eta in Skim_TriLep_DYJets.root
2025-10-03 00:36:37,859 - INFO - [2023BPix] MISSING_CENTRAL: WZ1E2Mu/Central/jets/1/eta in Skim_TriLep_DYJets10to50.root
2025-10-03 00:36:37,860 - INFO - [2023BPix] MISSING_CENTRAL: WZ1E2Mu/Central/jets/1/eta in Skim_TriLep_DYGTo2LG_MLL4to50_PTG10to100.root
2025-10-03 00:36:37,860 - INFO - [2023BPix] MISSING_CENTRAL: WZ1E2Mu/Central/jets/1/eta in Skim_TriLep_DYGTo2LG_MLL4to50_PTG100to200.root
2025-10-03 00:36:37,861 - INFO - [2023BPix] MISSING_CENTRAL: WZ1E2Mu/Central/jets/1/eta in Skim_TriLep_DYGTo2LG_MLL4to50_PTG200toInf.root
2025-10-03 00:36:38,019 - INFO - [2023BPix] MISSING_CENTRAL: WZ1E2Mu/Central/jets/1/eta in Skim_TriLep_TTG_PTG200toInf.root
2025-10-03 00:36:53,851 - INFO - [2023BPix] MISSING_CENTRAL: WZ1E2Mu/Central/jets/1/eta in Skim_TriLep_DYJets.root
2025-10-03 00:36:53,854 - INFO - [2023BPix] MISSING_CENTRAL: WZ1E2Mu/Central/jets/1/eta in Skim_TriLep_DYJets10to50.root
2025-10-03 00:36:53,854 - INFO - [2023BPix] MISSING_CENTRAL: WZ1E2Mu/Central/jets/1/eta in Skim_TriLep_DYGTo2LG_MLL4to50_PTG10to100.root
2025-10-03 00:36:53,855 - INFO - [2023BPix] MISSING_CENTRAL: WZ1E2Mu/Central/jets/1/eta in Skim_TriLep_DYGTo2LG_MLL4to50_PTG100to200.root
2025-10-03 00:36:53,856 - INFO - [2023BPix] MISSING_CENTRAL: WZ1E2Mu/Central/jets/1/eta in Skim_TriLep_DYGTo2LG_MLL4to50_PTG200toInf.root
2025-10-03 00:36:53,874 - INFO - [2023BPix] MISSING_CENTRAL: WZ1E2Mu/Central/jets/1/eta in Skim_TriLep_TTG_PTG200toInf.root
2025-10-03 00:36:53,879 - INFO - [2023BPix] MISSING_FILE: /Users/choij/Sync/workspace/ChargedHiggsAnalysisV3/SKNanoOutput/CRPromptSelector/Run1E2Mu_RunNoWZSF_RunSyst/2023BPix/Skim_TriLep_ZZTo4L_powheg.root
2025-10-03 00:36:53,884 - INFO - [2023BPix] MISSING_FILE: /Users/choij/Sync/workspace/ChargedHiggsAnalysisV3/SKNanoOutput/CRPromptSelector/Run1E2Mu_RunNoWZSF_RunSyst/2023BPix/Skim_TriLep_VBFHToZZTo4L.root
2025-10-03 00:36:53,884 - INFO - [2023BPix] MISSING_FILE: /Users/choij/Sync/workspace/ChargedHiggsAnalysisV3/SKNanoOutput/CRPromptSelector/Run1E2Mu_RunNoWZSF_RunSyst/2023BPix/Skim_TriLep_ggHToZZTo4L.root
2025-11-07 13:13:28,914 - INFO - [2023BPix] MISSING_CENTRAL: WZ1E2Mu/Central/jets/1/eta in Skim_TriLep_DYJets.root
2025-11-07 13:13:28,915 - INFO - [2023BPix] MISSING_CENTRAL: WZ1E2Mu/Central/jets/1/eta in Skim_TriLep_DYJets10to50.root
2025-11-07 13:13:28,915 - INFO - [2023BPix] MISSING_CENTRAL: WZ1E2Mu/Central/jets/1/eta in Skim_TriLep_DYGTo2LG_MLL4to50_PTG10to100.root
2025-11-07 13:13:28,916 - INFO - [2023BPix] MISSING_CENTRAL: WZ1E2Mu/Central/jets/1/eta in Skim_TriLep_DYGTo2LG_MLL4to50_PTG100to200.root
2025-11-07 13:13:28,916 - INFO - [2023BPix] MISSING_CENTRAL: WZ1E2Mu/Central/jets/1/eta in Skim_TriLep_DYGTo2LG_MLL4to50_PTG200toInf.root
2025-11-07 13:13:29,114 - INFO - [2023BPix] MISSING_CENTRAL: WZ1E2Mu/Central/jets/1/eta in Skim_TriLep_TTG_PTG200toInf.root
2025-11-07 13:13:34,630 - INFO - [2023BPix] MISSING_CENTRAL: WZ1E2Mu/Central/jets/1/eta in Skim_TriLep_DYJets.root
2025-11-07 13:13:34,631 - INFO - [2023BPix] MISSING_CENTRAL: WZ1E2Mu/Central/jets/1/eta in Skim_TriLep_DYJets10to50.root
2025-11-07 13:13:34,631 - INFO - [2023BPix] MISSING_CENTRAL: WZ1E2Mu/Central/jets/1/eta in Skim_TriLep_DYGTo2LG_MLL4to50_PTG10to100.root
2025-11-07 13:13:34,632 - INFO - [2023BPix] MISSING_CENTRAL: WZ1E2Mu/Central/jets/1/eta in Skim_TriLep_DYGTo2LG_MLL4to50_PTG100to200.root
2025-11-07 13:13:34,632 - INFO - [2023BPix] MISSING_CENTRAL: WZ1E2Mu/Central/jets/1/eta in Skim_TriLep_DYGTo2LG_MLL4to50_PTG200toInf.root
2025-11-07 13:13:34,637 - INFO - [2023BPix] MISSING_CENTRAL: WZ1E2Mu/Central/jets/1/eta in Skim_TriLep_TTG_PTG200toInf.root
2025-11-07 13:13:34,639 - INFO - [2023BPix] MISSING_FILE: /home/choij/Sync/workspace/ChargedHiggsAnalysisV3/SKNanoOutput/CRPromptSelector/Run1E2Mu_RunNoWZSF_RunSyst/2023BPix/Skim_TriLep_ZZTo4L_powheg.root
2025-11-07 13:13:34,643 - INFO - [2023BPix] MISSING_FILE: /home/choij/Sync/workspace/ChargedHiggsAnalysisV3/SKNanoOutput/CRPromptSelector/Run1E2Mu_RunNoWZSF_RunSyst/2023BPix/Skim_TriLep_VBFHToZZTo4L.root
2025-11-07 13:13:34,643 - INFO - [2023BPix] MISSING_FILE: /home/choij/Sync/workspace/ChargedHiggsAnalysisV3/SKNanoOutput/CRPromptSelector/Run1E2Mu_RunNoWZSF_RunSyst/2023BPix/Skim_TriLep_ggHToZZTo4L.root
2025-11-07 14:11:02,022 - INFO - [2023BPix] MISSING_CENTRAL: WZ1E2Mu/Central/jets/1/eta in Skim_TriLep_DYJets.root
2025-11-07 14:11:02,022 - INFO - [2023BPix] MISSING_CENTRAL: WZ1E2Mu/Central/jets/1/eta in Skim_TriLep_DYJets10to50.root
2025-11-07 14:11:02,023 - INFO - [2023BPix] MISSING_CENTRAL: WZ1E2Mu/Central/jets/1/eta in Skim_TriLep_DYGTo2LG_MLL4to50_PTG10to100.root
2025-11-07 14:11:02,023 - INFO - [2023BPix] MISSING_CENTRAL: WZ1E2Mu/Central/jets/1/eta in Skim_TriLep_DYGTo2LG_MLL4to50_PTG100to200.root
2025-11-07 14:11:02,023 - INFO - [2023BPix] MISSING_CENTRAL: WZ1E2Mu/Central/jets/1/eta in Skim_TriLep_DYGTo2LG_MLL4to50_PTG200toInf.root
2025-11-07 14:11:02,068 - INFO - [2023BPix] MISSING_CENTRAL: WZ1E2Mu/Central/jets/1/eta in Skim_TriLep_TTG_PTG200toInf.root
2025-11-07 14:11:06,999 - INFO - [2023BPix] MISSING_CENTRAL: WZ1E2Mu/Central/jets/1/eta in Skim_TriLep_DYJets.root
2025-11-07 14:11:07,000 - INFO - [2023BPix] MISSING_CENTRAL: WZ1E2Mu/Central/jets/1/eta in Skim_TriLep_DYJets10to50.root
2025-11-07 14:11:07,000 - INFO - [2023BPix] MISSING_CENTRAL: WZ1E2Mu/Central/jets/1/eta in Skim_TriLep_DYGTo2LG_MLL4to50_PTG10to100.root
2025-11-07 14:11:07,001 - INFO - [2023BPix] MISSING_CENTRAL: WZ1E2Mu/Central/jets/1/eta in Skim_TriLep_DYGTo2LG_MLL4to50_PTG100to200.root
2025-11-07 14:11:07,001 - INFO - [2023BPix] MISSING_CENTRAL: WZ1E2Mu/Central/jets/1/eta in Skim_TriLep_DYGTo2LG_MLL4to50_PTG200toInf.root
2025-11-07 14:11:07,006 - INFO - [2023BPix] MISSING_CENTRAL: WZ1E2Mu/Central/jets/1/eta in Skim_TriLep_TTG_PTG200toInf.root
2025-11-07 14:11:07,009 - INFO - [2023BPix] MISSING_FILE: /home/choij/Sync/workspace/ChargedHiggsAnalysisV3/SKNanoOutput/CRPromptSelector/Run1E2Mu_RunNoWZSF_RunSyst/2023BPix/Skim_TriLep_ZZTo4L_powheg.root
2025-11-07 14:11:07,013 - INFO - [2023BPix] MISSING_FILE: /home/choij/Sync/workspace/ChargedHiggsAnalysisV3/SKNanoOutput/CRPromptSelector/Run1E2Mu_RunNoWZSF_RunSyst/2023BPix/Skim_TriLep_VBFHToZZTo4L.root
2025-11-07 14:11:07,013 - INFO - [2023BPix] MISSING_FILE: /home/choij/Sync/workspace/ChargedHiggsAnalysisV3/SKNanoOutput/CRPromptSelector/Run1E2Mu_RunNoWZSF_RunSyst/2023BPix/Skim_TriLep_ggHToZZTo4L.root
2025-11-10 12:27:16,297 - INFO - [2023BPix] MISSING_CENTRAL: WZ1E2Mu/Central/jets/1/eta in Skim_TriLep_DYJets.root
2025-11-10 12:27:16,298 - INFO - [2023BPix] MISSING_CENTRAL: WZ1E2Mu/Central/jets/1/eta in Skim_TriLep_DYJets10to50.root
2025-11-10 12:27:16,299 - INFO - [2023BPix] MISSING_CENTRAL: WZ1E2Mu/Central/jets/1/eta in Skim_TriLep_DYGTo2LG_MLL4to50_PTG10to100.root
2025-11-10 12:27:16,300 - INFO - [2023BPix] MISSING_CENTRAL: WZ1E2Mu/Central/jets/1/eta in Skim_TriLep_DYGTo2LG_MLL4to50_PTG100to200.root
2025-11-10 12:27:16,301 - INFO - [2023BPix] MISSING_CENTRAL: WZ1E2Mu/Central/jets/1/eta in Skim_TriLep_DYGTo2LG_MLL4to50_PTG200toInf.root
2025-11-10 12:27:16,489 - INFO - [2023BPix] MISSING_CENTRAL: WZ1E2Mu/Central/jets/1/eta in Skim_TriLep_TTG_PTG200toInf.root
2025-11-10 12:27:21,668 - INFO - [2023BPix] MISSING_CENTRAL: WZ1E2Mu/Central/jets/1/eta in Skim_TriLep_DYJets.root
2025-11-10 12:27:21,668 - INFO - [2023BPix] MISSING_CENTRAL: WZ1E2Mu/Central/jets/1/eta in Skim_TriLep_DYJets10to50.root
2025-11-10 12:27:21,669 - INFO - [2023BPix] MISSING_CENTRAL: WZ1E2Mu/Central/jets/1/eta in Skim_TriLep_DYGTo2LG_MLL4to50_PTG10to100.root
2025-11-10 12:27:21,669 - INFO - [2023BPix] MISSING_CENTRAL: WZ1E2Mu/Central/jets/1/eta in Skim_TriLep_DYGTo2LG_MLL4to50_PTG100to200.root
2025-11-10 12:27:21,670 - INFO - [2023BPix] MISSING_CENTRAL: WZ1E2Mu/Central/jets/1/eta in Skim_TriLep_DYGTo2LG_MLL4to50_PTG200toInf.root
2025-11-10 12:27:21,674 - INFO - [2023BPix] MISSING_CENTRAL: WZ1E2Mu/Central/jets/1/eta in Skim_TriLep_TTG_PTG200toInf.root
2025-11-10 12:27:21,677 - INFO - [2023BPix] MISSING_FILE: /home/choij/Sync/workspace/ChargedHiggsAnalysisV3/SKNanoOutput/CRPromptSelector/Run1E2Mu_RunNoWZSF_RunSyst/2023BPix/Skim_TriLep_ZZTo4L_powheg.root
2025-11-10 12:27:21,681 - INFO - [2023BPix] MISSING_FILE: /home/choij/Sync/workspace/ChargedHiggsAnalysisV3/SKNanoOutput/CRPromptSelector/Run1E2Mu_RunNoWZSF_RunSyst/2023BPix/Skim_TriLep_VBFHToZZTo4L.root
2025-11-10 12:27:21,681 - INFO - [2023BPix] MISSING_FILE: /home/choij/Sync/workspace/ChargedHiggsAnalysisV3/SKNanoOutput/CRPromptSelector/Run1E2Mu_RunNoWZSF_RunSyst/2023BPix/Skim_TriLep_ggHToZZTo4L.root
2025-11-13 11:17:41,094 - INFO - [2023BPix] MISSING_CENTRAL: WZ1E2Mu/Central/jets/1/eta in Skim_TriLep_DYJets.root
2025-11-13 11:17:41,095 - INFO - [2023BPix] MISSING_CENTRAL: WZ1E2Mu/Central/jets/1/eta in Skim_TriLep_DYJets10to50.root
2025-11-13 11:17:41,096 - INFO - [2023BPix] MISSING_CENTRAL: WZ1E2Mu/Central/jets/1/eta in Skim_TriLep_DYGTo2LG_MLL4to50_PTG10to100.root
2025-11-13 11:17:41,096 - INFO - [2023BPix] MISSING_CENTRAL: WZ1E2Mu/Central/jets/1/eta in Skim_TriLep_DYGTo2LG_MLL4to50_PTG100to200.root
2025-11-13 11:17:41,097 - INFO - [2023BPix] MISSING_CENTRAL: WZ1E2Mu/Central/jets/1/eta in Skim_TriLep_DYGTo2LG_MLL4to50_PTG200toInf.root
2025-11-13 11:17:41,140 - INFO - [2023BPix] MISSING_CENTRAL: WZ1E2Mu/Central/jets/1/eta in Skim_TriLep_TTG_PTG200toInf.root
2025-11-13 11:17:46,810 - INFO - [2023BPix] MISSING_CENTRAL: WZ1E2Mu/Central/jets/1/eta in Skim_TriLep_DYJets.root
2025-11-13 11:17:46,811 - INFO - [2023BPix] MISSING_CENTRAL: WZ1E2Mu/Central/jets/1/eta in Skim_TriLep_DYJets10to50.root
2025-11-13 11:17:46,812 - INFO - [2023BPix] MISSING_CENTRAL: WZ1E2Mu/Central/jets/1/eta in Skim_TriLep_DYGTo2LG_MLL4to50_PTG10to100.root
2025-11-13 11:17:46,812 - INFO - [2023BPix] MISSING_CENTRAL: WZ1E2Mu/Central/jets/1/eta in Skim_TriLep_DYGTo2LG_MLL4to50_PTG100to200.root
2025-11-13 11:17:46,813 - INFO - [2023BPix] MISSING_CENTRAL: WZ1E2Mu/Central/jets/1/eta in Skim_TriLep_DYGTo2LG_MLL4to50_PTG200toInf.root
2025-11-13 11:17:46,819 - INFO - [2023BPix] MISSING_CENTRAL: WZ1E2Mu/Central/jets/1/eta in Skim_TriLep_TTG_PTG200toInf.root
2025-11-13 11:17:46,823 - INFO - [2023BPix] MISSING_FILE: /data9/Users/choij/Sync/workspace/ChargedHiggsAnalysisV3/SKNanoOutput/CRPromptSelector/Run1E2Mu_RunNoWZSF_RunSyst/2023BPix/Skim_TriLep_ZZTo4L_powheg.root
2025-11-13 11:17:46,827 - INFO - [2023BPix] MISSING_FILE: /data9/Users/choij/Sync/workspace/ChargedHiggsAnalysisV3/SKNanoOutput/CRPromptSelector/Run1E2Mu_RunNoWZSF_RunSyst/2023BPix/Skim_TriLep_VBFHToZZTo4L.root
2025-11-13 11:17:46,828 - INFO - [2023BPix] MISSING_FILE: /data9/Users/choij/Sync/workspace/ChargedHiggsAnalysisV3/SKNanoOutput/CRPromptSelector/Run1E2Mu_RunNoWZSF_RunSyst/2023BPix/Skim_TriLep_ggHToZZTo4L.root
2025-11-19 00:20:05,271 - INFO - [2023BPix] MISSING_CENTRAL: WZ1E2Mu/Central/jets/1/eta in Skim_TriLep_DYJets.root
2025-11-19 00:20:05,272 - INFO - [2023BPix] MISSING_CENTRAL: WZ1E2Mu/Central/jets/1/eta in Skim_TriLep_DYJets10to50.root
2025-11-19 00:20:05,273 - INFO - [2023BPix] MISSING_CENTRAL: WZ1E2Mu/Central/jets/1/eta in Skim_TriLep_DYGTo2LG_MLL4to50_PTG10to100.root
2025-11-19 00:20:05,274 - INFO - [2023BPix] MISSING_CENTRAL: WZ1E2Mu/Central/jets/1/eta in Skim_TriLep_DYGTo2LG_MLL4to50_PTG100to200.root
2025-11-19 00:20:05,275 - INFO - [2023BPix] MISSING_CENTRAL: WZ1E2Mu/Central/jets/1/eta in Skim_TriLep_DYGTo2LG_MLL4to50_PTG200toInf.root
2025-11-19 00:20:05,571 - INFO - [2023BPix] MISSING_CENTRAL: WZ1E2Mu/Central/jets/1/eta in Skim_TriLep_TTG_PTG200toInf.root
2025-11-19 00:20:05,881 - INFO - [2023BPix] MISSING_FILE: /data9/Users/choij/Sync/workspace/ChargedHiggsAnalysisV3/SKNanoOutput/CRPromptSelector/Run1E2Mu_RunSyst/2023BPix/Skim_TriLep_WZTo3LNu_powheg.root
2025-11-19 00:20:09,985 - INFO - [2023BPix] MISSING_CENTRAL: WZ1E2Mu/Central/jets/1/eta in Skim_TriLep_DYJets.root
2025-11-19 00:20:09,986 - INFO - [2023BPix] MISSING_CENTRAL: WZ1E2Mu/Central/jets/1/eta in Skim_TriLep_DYJets10to50.root
2025-11-19 00:20:09,987 - INFO - [2023BPix] MISSING_CENTRAL: WZ1E2Mu/Central/jets/1/eta in Skim_TriLep_DYGTo2LG_MLL4to50_PTG10to100.root
2025-11-19 00:20:09,988 - INFO - [2023BPix] MISSING_CENTRAL: WZ1E2Mu/Central/jets/1/eta in Skim_TriLep_DYGTo2LG_MLL4to50_PTG100to200.root
2025-11-19 00:20:09,989 - INFO - [2023BPix] MISSING_CENTRAL: WZ1E2Mu/Central/jets/1/eta in Skim_TriLep_DYGTo2LG_MLL4to50_PTG200toInf.root
2025-11-19 00:20:09,999 - INFO - [2023BPix] MISSING_CENTRAL: WZ1E2Mu/Central/jets/1/eta in Skim_TriLep_TTG_PTG200toInf.root
2025-11-19 00:20:10,004 - INFO - [2023BPix] MISSING_FILE: /data9/Users/choij/Sync/workspace/ChargedHiggsAnalysisV3/SKNanoOutput/CRPromptSelector/Run1E2Mu_RunNoWZSF_RunSyst/2023BPix/Skim_TriLep_WZTo3LNu_powheg.root
2025-11-19 00:20:10,004 - INFO - [2023BPix] MISSING_FILE: /data9/Users/choij/Sync/workspace/ChargedHiggsAnalysisV3/SKNanoOutput/CRPromptSelector/Run1E2Mu_RunNoWZSF_RunSyst/2023BPix/Skim_TriLep_ZZTo4L_powheg.root
2025-11-19 00:20:10,011 - INFO - [2023BPix] MISSING_FILE: /data9/Users/choij/Sync/workspace/ChargedHiggsAnalysisV3/SKNanoOutput/CRPromptSelector/Run1E2Mu_RunNoWZSF_RunSyst/2023BPix/Skim_TriLep_VBFHToZZTo4L.root
2025-11-19 00:20:10,011 - INFO - [2023BPix] MISSING_FILE: /data9/Users/choij/Sync/workspace/ChargedHiggsAnalysisV3/SKNanoOutput/CRPromptSelector/Run1E2Mu_RunNoWZSF_RunSyst/2023BPix/Skim_TriLep_ggHToZZTo4L.root
2025-11-19 15:45:23,662 - INFO - [2023BPix] MISSING_CENTRAL: WZ1E2Mu/Central/jets/1/eta in Skim_TriLep_DYJets.root
2025-11-19 15:45:23,663 - INFO - [2023BPix] MISSING_CENTRAL: WZ1E2Mu/Central/jets/1/eta in Skim_TriLep_DYJets10to50.root
2025-11-19 15:45:23,663 - INFO - [2023BPix] MISSING_CENTRAL: WZ1E2Mu/Central/jets/1/eta in Skim_TriLep_DYGTo2LG_MLL4to50_PTG10to100.root
2025-11-19 15:45:23,664 - INFO - [2023BPix] MISSING_CENTRAL: WZ1E2Mu/Central/jets/1/eta in Skim_TriLep_DYGTo2LG_MLL4to50_PTG100to200.root
2025-11-19 15:45:23,664 - INFO - [2023BPix] MISSING_CENTRAL: WZ1E2Mu/Central/jets/1/eta in Skim_TriLep_DYGTo2LG_MLL4to50_PTG200toInf.root
2025-11-19 15:45:23,715 - INFO - [2023BPix] MISSING_CENTRAL: WZ1E2Mu/Central/jets/1/eta in Skim_TriLep_TTG_PTG200toInf.root
2025-11-19 15:45:28,906 - INFO - [2023BPix] MISSING_CENTRAL: WZ1E2Mu/Central/jets/1/eta in Skim_TriLep_DYJets.root
2025-11-19 15:45:28,907 - INFO - [2023BPix] MISSING_CENTRAL: WZ1E2Mu/Central/jets/1/eta in Skim_TriLep_DYJets10to50.root
2025-11-19 15:45:28,908 - INFO - [2023BPix] MISSING_CENTRAL: WZ1E2Mu/Central/jets/1/eta in Skim_TriLep_DYGTo2LG_MLL4to50_PTG10to100.root
2025-11-19 15:45:28,908 - INFO - [2023BPix] MISSING_CENTRAL: WZ1E2Mu/Central/jets/1/eta in Skim_TriLep_DYGTo2LG_MLL4to50_PTG100to200.root
2025-11-19 15:45:28,909 - INFO - [2023BPix] MISSING_CENTRAL: WZ1E2Mu/Central/jets/1/eta in Skim_TriLep_DYGTo2LG_MLL4to50_PTG200toInf.root
2025-11-19 15:45:28,913 - INFO - [2023BPix] MISSING_CENTRAL: WZ1E2Mu/Central/jets/1/eta in Skim_TriLep_TTG_PTG200toInf.root
2025-11-19 15:45:28,917 - INFO - [2023BPix] MISSING_FILE: /home/choij/Sync/workspace/ChargedHiggsAnalysisV3/SKNanoOutput/CRPromptSelector/Run1E2Mu_RunNoWZSF_RunSyst/2023BPix/Skim_TriLep_ZZTo4L_powheg.root
2025-11-19 15:45:28,920 - INFO - [2023BPix] MISSING_FILE: /home/choij/Sync/workspace/ChargedHiggsAnalysisV3/SKNanoOutput/CRPromptSelector/Run1E2Mu_RunNoWZSF_RunSyst/2023BPix/Skim_TriLep_VBFHToZZTo4L.root
2025-11-19 15:45:28,920 - INFO - [2023BPix] MISSING_FILE: /home/choij/Sync/workspace/ChargedHiggsAnalysisV3/SKNanoOutput/CRPromptSelector/Run1E2Mu_RunNoWZSF_RunSyst/2023BPix/Skim_TriLep_ggHToZZTo4L.root
2025-11-19 16:29:44,259 - INFO - [2023BPix] MISSING_CENTRAL: WZ1E2Mu/Central/jets/1/eta in Skim_TriLep_DYJets.root
2025-11-19 16:29:44,259 - INFO - [2023BPix] MISSING_CENTRAL: WZ1E2Mu/Central/jets/1/eta in Skim_TriLep_DYJets10to50.root
2025-11-19 16:29:44,260 - INFO - [2023BPix] MISSING_CENTRAL: WZ1E2Mu/Central/jets/1/eta in Skim_TriLep_DYGTo2LG_MLL4to50_PTG10to100.root
2025-11-19 16:29:44,260 - INFO - [2023BPix] MISSING_CENTRAL: WZ1E2Mu/Central/jets/1/eta in Skim_TriLep_DYGTo2LG_MLL4to50_PTG100to200.root
2025-11-19 16:29:44,260 - INFO - [2023BPix] MISSING_CENTRAL: WZ1E2Mu/Central/jets/1/eta in Skim_TriLep_DYGTo2LG_MLL4to50_PTG200toInf.root
2025-11-19 16:29:44,305 - INFO - [2023BPix] MISSING_CENTRAL: WZ1E2Mu/Central/jets/1/eta in Skim_TriLep_TTG_PTG200toInf.root
2025-11-19 16:29:49,220 - INFO - [2023BPix] MISSING_CENTRAL: WZ1E2Mu/Central/jets/1/eta in Skim_TriLep_DYJets.root
2025-11-19 16:29:49,221 - INFO - [2023BPix] MISSING_CENTRAL: WZ1E2Mu/Central/jets/1/eta in Skim_TriLep_DYJets10to50.root
2025-11-19 16:29:49,222 - INFO - [2023BPix] MISSING_CENTRAL: WZ1E2Mu/Central/jets/1/eta in Skim_TriLep_DYGTo2LG_MLL4to50_PTG10to100.root
2025-11-19 16:29:49,222 - INFO - [2023BPix] MISSING_CENTRAL: WZ1E2Mu/Central/jets/1/eta in Skim_TriLep_DYGTo2LG_MLL4to50_PTG100to200.root
2025-11-19 16:29:49,223 - INFO - [2023BPix] MISSING_CENTRAL: WZ1E2Mu/Central/jets/1/eta in Skim_TriLep_DYGTo2LG_MLL4to50_PTG200toInf.root
2025-11-19 16:29:49,227 - INFO - [2023BPix] MISSING_CENTRAL: WZ1E2Mu/Central/jets/1/eta in Skim_TriLep_TTG_PTG200toInf.root
2025-11-19 16:29:49,230 - INFO - [2023BPix] MISSING_FILE: /home/choij/Sync/workspace/ChargedHiggsAnalysisV3/SKNanoOutput/CRPromptSelector/Run1E2Mu_RunNoWZSF_RunSyst/2023BPix/Skim_TriLep_ZZTo4L_powheg.root
2025-11-19 16:29:49,233 - INFO - [2023BPix] MISSING_FILE: /home/choij/Sync/workspace/ChargedHiggsAnalysisV3/SKNanoOutput/CRPromptSelector/Run1E2Mu_RunNoWZSF_RunSyst/2023BPix/Skim_TriLep_VBFHToZZTo4L.root
2025-11-19 16:29:49,234 - INFO - [2023BPix] MISSING_FILE: /home/choij/Sync/workspace/ChargedHiggsAnalysisV3/SKNanoOutput/CRPromptSelector/Run1E2Mu_RunNoWZSF_RunSyst/2023BPix/Skim_TriLep_ggHToZZTo4L.root
2025-12-17 12:28:41,412 - INFO - [2023BPix] MISSING_CENTRAL: WZ1E2Mu/Central/jets/1/eta in Skim_TriLep_DYJets10to50.root
2025-12-17 12:28:41,426 - INFO - [2023BPix] MISSING_CENTRAL: WZ1E2Mu/Central/jets/1/eta in Skim_TriLep_TTG_PTG200toInf.root
2025-12-17 12:28:46,864 - INFO - [2023BPix] MISSING_CENTRAL: WZ1E2Mu/Central/jets/1/eta in Skim_TriLep_DYJets10to50.root
2025-12-17 12:28:46,869 - INFO - [2023BPix] MISSING_CENTRAL: WZ1E2Mu/Central/jets/1/eta in Skim_TriLep_TTG_PTG200toInf.root
2025-12-17 12:28:46,877 - INFO - [2023BPix] MISSING_FILE: /data9/Users/choij/Sync/workspace/ChargedHiggsAnalysisV3/SKNanoOutput/CRPromptSelector/Run1E2Mu_RunNoWZSF_RunSyst/2023BPix/Skim_TriLep_ZZTo4L_powheg.root
2025-12-17 12:28:46,889 - INFO - [2023BPix] MISSING_FILE: /data9/Users/choij/Sync/workspace/ChargedHiggsAnalysisV3/SKNanoOutput/CRPromptSelector/Run1E2Mu_RunNoWZSF_RunSyst/2023BPix/Skim_TriLep_VBFHToZZTo4L.root
2025-12-17 12:28:46,889 - INFO - [2023BPix] MISSING_FILE: /data9/Users/choij/Sync/workspace/ChargedHiggsAnalysisV3/SKNanoOutput/CRPromptSelector/Run1E2Mu_RunNoWZSF_RunSyst/2023BPix/Skim_TriLep_ggHToZZTo4L.root
2025-12-17 16:10:11,216 - INFO - [2023BPix] MISSING_CENTRAL: WZ1E2Mu/Central/jets/1/eta in Skim_TriLep_DYJets10to50.root
2025-12-17 16:10:11,236 - INFO - [2023BPix] MISSING_CENTRAL: WZ1E2Mu/Central/jets/1/eta in Skim_TriLep_TTG_PTG200toInf.root
2025-12-17 16:10:17,217 - INFO - [2023BPix] MISSING_CENTRAL: WZ1E2Mu/Central/jets/1/eta in Skim_TriLep_DYJets10to50.root
2025-12-17 16:10:17,219 - INFO - [2023BPix] MISSING_CENTRAL: WZ1E2Mu/Central/jets/1/eta in Skim_TriLep_TTG_PTG200toInf.root
2025-12-17 16:10:17,222 - INFO - [2023BPix] MISSING_FILE: /data9/Users/choij/Sync/workspace/ChargedHiggsAnalysisV3/SKNanoOutput/CRPromptSelector/Run1E2Mu_RunNoWZSF_RunSyst/2023BPix/Skim_TriLep_WZTo3LNu_powheg.root
2025-12-17 16:10:17,222 - INFO - [2023BPix] MISSING_FILE: /data9/Users/choij/Sync/workspace/ChargedHiggsAnalysisV3/SKNanoOutput/CRPromptSelector/Run1E2Mu_RunNoWZSF_RunSyst/2023BPix/Skim_TriLep_ZZTo4L_powheg.root
2025-12-17 16:10:17,227 - INFO - [2023BPix] MISSING_FILE: /data9/Users/choij/Sync/workspace/ChargedHiggsAnalysisV3/SKNanoOutput/CRPromptSelector/Run1E2Mu_RunNoWZSF_RunSyst/2023BPix/Skim_TriLep_VBFHToZZTo4L.root
2025-12-17 16:10:17,227 - INFO - [2023BPix] MISSING_FILE: /data9/Users/choij/Sync/workspace/ChargedHiggsAnalysisV3/SKNanoOutput/CRPromptSelector/Run1E2Mu_RunNoWZSF_RunSyst/2023BPix/Skim_TriLep_ggHToZZTo4L.root
2025-12-17 22:44:47,206 - INFO - [2023BPix] MISSING_CENTRAL: WZ1E2Mu/Central/jets/1/eta in Skim_TriLep_DYJets10to50.root
2025-12-17 22:44:47,218 - INFO - [2023BPix] MISSING_CENTRAL: WZ1E2Mu/Central/jets/1/eta in Skim_TriLep_TTG_PTG200toInf.root
2025-12-17 22:44:51,910 - INFO - [2023BPix] MISSING_CENTRAL: WZ1E2Mu/Central/jets/1/eta in Skim_TriLep_DYJets10to50.root
2025-12-17 22:44:51,912 - INFO - [2023BPix] MISSING_CENTRAL: WZ1E2Mu/Central/jets/1/eta in Skim_TriLep_TTG_PTG200toInf.root
2025-12-17 22:44:51,915 - INFO - [2023BPix] MISSING_FILE: /data9/Users/choij/Sync/workspace/ChargedHiggsAnalysisV3/SKNanoOutput/CRPromptSelector/Run1E2Mu_RunNoWZSF_RunSyst/2023BPix/Skim_TriLep_WZTo3LNu_powheg.root
2025-12-17 22:44:51,915 - INFO - [2023BPix] MISSING_FILE: /data9/Users/choij/Sync/workspace/ChargedHiggsAnalysisV3/SKNanoOutput/CRPromptSelector/Run1E2Mu_RunNoWZSF_RunSyst/2023BPix/Skim_TriLep_ZZTo4L_powheg.root
2025-12-17 22:44:51,919 - INFO - [2023BPix] MISSING_FILE: /data9/Users/choij/Sync/workspace/ChargedHiggsAnalysisV3/SKNanoOutput/CRPromptSelector/Run1E2Mu_RunNoWZSF_RunSyst/2023BPix/Skim_TriLep_VBFHToZZTo4L.root
2025-12-17 22:44:51,920 - INFO - [2023BPix] MISSING_FILE: /data9/Users/choij/Sync/workspace/ChargedHiggsAnalysisV3/SKNanoOutput/CRPromptSelector/Run1E2Mu_RunNoWZSF_RunSyst/2023BPix/Skim_TriLep_ggHToZZTo4L.root
2025-12-18 14:46:00,994 - INFO - [2023BPix] MISSING_CENTRAL: WZ1E2Mu/Central/jets/1/eta in Skim_TriLep_DYJets10to50.root
2025-12-18 14:46:01,009 - INFO - [2023BPix] MISSING_CENTRAL: WZ1E2Mu/Central/jets/1/eta in Skim_TriLep_TTG_PTG200toInf.root
2025-12-18 14:46:06,095 - INFO - [2023BPix] MISSING_CENTRAL: WZ1E2Mu/Central/jets/1/eta in Skim_TriLep_DYJets10to50.root
2025-12-18 14:46:06,100 - INFO - [2023BPix] MISSING_CENTRAL: WZ1E2Mu/Central/jets/1/eta in Skim_TriLep_TTG_PTG200toInf.root
2025-12-18 14:46:06,104 - INFO - [2023BPix] MISSING_FILE: /data9/Users/choij/Sync/workspace/ChargedHiggsAnalysisV3/SKNanoOutput/CRPromptSelector/Run1E2Mu_RunNoWZSF_RunSyst/2023BPix/Skim_TriLep_WZTo3LNu_powheg.root
2025-12-18 14:46:06,104 - INFO - [2023BPix] MISSING_FILE: /data9/Users/choij/Sync/workspace/ChargedHiggsAnalysisV3/SKNanoOutput/CRPromptSelector/Run1E2Mu_RunNoWZSF_RunSyst/2023BPix/Skim_TriLep_ZZTo4L_powheg.root
2025-12-18 14:46:06,112 - INFO - [2023BPix] MISSING_FILE: /data9/Users/choij/Sync/workspace/ChargedHiggsAnalysisV3/SKNanoOutput/CRPromptSelector/Run1E2Mu_RunNoWZSF_RunSyst/2023BPix/Skim_TriLep_VBFHToZZTo4L.root
2025-12-18 14:46:06,112 - INFO - [2023BPix] MISSING_FILE: /data9/Users/choij/Sync/workspace/ChargedHiggsAnalysisV3/SKNanoOutput/CRPromptSelector/Run1E2Mu_RunNoWZSF_RunSyst/2023BPix/Skim_TriLep_ggHToZZTo4L.root
2025-12-18 22:08:18,475 - INFO - [2023BPix] MISSING_CENTRAL: WZ1E2Mu/Central/jets/1/eta in Skim_TriLep_DYJets10to50.root
2025-12-18 22:08:18,495 - INFO - [2023BPix] MISSING_CENTRAL: WZ1E2Mu/Central/jets/1/eta in Skim_TriLep_TTG_PTG200toInf.root
2025-12-18 22:08:22,982 - INFO - [2023BPix] MISSING_CENTRAL: WZ1E2Mu/Central/jets/1/eta in Skim_TriLep_DYJets10to50.root
2025-12-18 22:08:22,986 - INFO - [2023BPix] MISSING_CENTRAL: WZ1E2Mu/Central/jets/1/eta in Skim_TriLep_TTG_PTG200toInf.root
2025-12-18 22:08:22,992 - INFO - [2023BPix] MISSING_FILE: /data9/Users/choij/Sync/workspace/ChargedHiggsAnalysisV3/SKNanoOutput/CRPromptSelector/Run1E2Mu_RunNoWZSF_RunSyst/2023BPix/Skim_TriLep_ZZTo4L_powheg.root
2025-12-18 22:08:22,999 - INFO - [2023BPix] MISSING_FILE: /data9/Users/choij/Sync/workspace/ChargedHiggsAnalysisV3/SKNanoOutput/CRPromptSelector/Run1E2Mu_RunNoWZSF_RunSyst/2023BPix/Skim_TriLep_VBFHToZZTo4L.root
2025-12-18 22:08:22,999 - INFO - [2023BPix] MISSING_FILE: /data9/Users/choij/Sync/workspace/ChargedHiggsAnalysisV3/SKNanoOutput/CRPromptSelector/Run1E2Mu_RunNoWZSF_RunSyst/2023BPix/Skim_TriLep_ggHToZZTo4L.root
2026-01-07 11:54:49,093 - INFO - [2023BPix] MISSING_FILE: /data9/Users/choij/Sync/workspace/ChargedHiggsAnalysisV3/SKNanoOutput/CRPromptSelector/Run1E2Mu/2023BPix/Skim_TriLep_MuonEG_D_v1.root
2026-01-07 11:54:49,093 - INFO - [2023BPix] MISSING_FILE: /data9/Users/choij/Sync/workspace/ChargedHiggsAnalysisV3/SKNanoOutput/CRPromptSelector/Run1E2Mu/2023BPix/Skim_TriLep_MuonEG_D_v2.root
2026-01-07 11:54:53,657 - INFO - [2023BPix] MISSING_FILE: /data9/Users/choij/Sync/workspace/ChargedHiggsAnalysisV3/SKNanoOutput/CRPromptSelector/Run1E2Mu/2023BPix/Skim_TriLep_MuonEG_D_v1.root
2026-01-07 11:54:53,657 - INFO - [2023BPix] MISSING_FILE: /data9/Users/choij/Sync/workspace/ChargedHiggsAnalysisV3/SKNanoOutput/CRPromptSelector/Run1E2Mu/2023BPix/Skim_TriLep_MuonEG_D_v2.root
2026-01-07 18:51:22,188 - INFO - [2023BPix] MISSING_CENTRAL: WZ1E2Mu/Central/jets/1/eta in Skim_TriLep_DYJets10to50.root
2026-01-07 18:51:22,208 - INFO - [2023BPix] MISSING_CENTRAL: WZ1E2Mu/Central/jets/1/eta in Skim_TriLep_TTG_PTG200toInf.root
2026-01-07 18:51:26,585 - INFO - [2023BPix] MISSING_CENTRAL: WZ1E2Mu/Central/jets/1/eta in Skim_TriLep_DYJets10to50.root
2026-01-07 18:51:26,589 - INFO - [2023BPix] MISSING_CENTRAL: WZ1E2Mu/Central/jets/1/eta in Skim_TriLep_TTG_PTG200toInf.root
2026-01-07 18:51:26,595 - INFO - [2023BPix] MISSING_FILE: /data9/Users/choij/Sync/workspace/ChargedHiggsAnalysisV3/SKNanoOutput/CRPromptSelector/Run1E2Mu_RunNoWZSF_RunSyst/2023BPix/Skim_TriLep_ZZTo4L_powheg.root
2026-01-07 18:51:26,602 - INFO - [2023BPix] MISSING_FILE: /data9/Users/choij/Sync/workspace/ChargedHiggsAnalysisV3/SKNanoOutput/CRPromptSelector/Run1E2Mu_RunNoWZSF_RunSyst/2023BPix/Skim_TriLep_VBFHToZZTo4L.root
2026-01-07 18:51:26,602 - INFO - [2023BPix] MISSING_FILE: /data9/Users/choij/Sync/workspace/ChargedHiggsAnalysisV3/SKNanoOutput/CRPromptSelector/Run1E2Mu_RunNoWZSF_RunSyst/2023BPix/Skim_TriLep_ggHToZZTo4L.root
2026-01-08 23:12:28,667 - INFO - [2023BPix] MISSING_CENTRAL: WZ1E2Mu/Central/jets/1/eta in Skim_TriLep_DYJets10to50.root
2026-01-08 23:12:28,686 - INFO - [2023BPix] MISSING_CENTRAL: WZ1E2Mu/Central/jets/1/eta in Skim_TriLep_TTG_PTG200toInf.root
2026-01-08 23:12:33,322 - INFO - [2023BPix] MISSING_CENTRAL: WZ1E2Mu/Central/jets/1/eta in Skim_TriLep_DYJets10to50.root
2026-01-08 23:12:33,325 - INFO - [2023BPix] MISSING_CENTRAL: WZ1E2Mu/Central/jets/1/eta in Skim_TriLep_TTG_PTG200toInf.root
2026-01-08 23:12:33,331 - INFO - [2023BPix] MISSING_FILE: /data9/Users/choij/Sync/workspace/ChargedHiggsAnalysisV3/SKNanoOutput/CRPromptSelector/Run1E2Mu_RunNoWZSF_RunSyst/2023BPix/Skim_TriLep_ZZTo4L_powheg.root
2026-01-08 23:12:33,339 - INFO - [2023BPix] MISSING_FILE: /data9/Users/choij/Sync/workspace/ChargedHiggsAnalysisV3/SKNanoOutput/CRPromptSelector/Run1E2Mu_RunNoWZSF_RunSyst/2023BPix/Skim_TriLep_VBFHToZZTo4L.root
2026-01-08 23:12:33,339 - INFO - [2023BPix] MISSING_FILE: /data9/Users/choij/Sync/workspace/ChargedHiggsAnalysisV3/SKNanoOutput/CRPromptSelector/Run1E2Mu_RunNoWZSF_RunSyst/2023BPix/Skim_TriLep_ggHToZZTo4L.root
2026-01-09 12:26:21,648 - INFO - [2023BPix] MISSING_CENTRAL: WZ1E2Mu/Central/jets/1/eta in Skim_TriLep_DYJets10to50.root
2026-01-09 12:26:21,659 - INFO - [2023BPix] MISSING_CENTRAL: WZ1E2Mu/Central/jets/1/eta in Skim_TriLep_TTG_PTG200toInf.root
2026-01-09 12:26:26,635 - INFO - [2023BPix] MISSING_CENTRAL: WZ1E2Mu/Central/jets/1/eta in Skim_TriLep_DYJets10to50.root
2026-01-09 12:26:26,637 - INFO - [2023BPix] MISSING_CENTRAL: WZ1E2Mu/Central/jets/1/eta in Skim_TriLep_TTG_PTG200toInf.root
2026-01-09 12:26:26,640 - INFO - [2023BPix] MISSING_FILE: /home/choij/Sync/workspace/ChargedHiggsAnalysisV3/SKNanoOutput/CRPromptSelector/Run1E2Mu_RunNoWZSF_RunSyst/2023BPix/Skim_TriLep_ZZTo4L_powheg.root
2026-01-09 12:26:26,644 - INFO - [2023BPix] MISSING_FILE: /home/choij/Sync/workspace/ChargedHiggsAnalysisV3/SKNanoOutput/CRPromptSelector/Run1E2Mu_RunNoWZSF_RunSyst/2023BPix/Skim_TriLep_VBFHToZZTo4L.root
2026-01-09 12:26:26,644 - INFO - [2023BPix] MISSING_FILE: /home/choij/Sync/workspace/ChargedHiggsAnalysisV3/SKNanoOutput/CRPromptSelector/Run1E2Mu_RunNoWZSF_RunSyst/2023BPix/Skim_TriLep_ggHToZZTo4L.root
2026-01-11 09:46:22,609 - INFO - [2023BPix] MISSING_CENTRAL: WZ1E2Mu/Central/jets/1/eta in Skim_TriLep_DYJets10to50.root
2026-01-11 09:46:22,648 - INFO - [2023BPix] MISSING_CENTRAL: WZ1E2Mu/Central/jets/1/eta in Skim_TriLep_TTG_PTG200toInf.root
2026-01-11 09:46:27,657 - INFO - [2023BPix] MISSING_CENTRAL: WZ1E2Mu/Central/jets/1/eta in Skim_TriLep_DYJets10to50.root
2026-01-11 09:46:27,659 - INFO - [2023BPix] MISSING_CENTRAL: WZ1E2Mu/Central/jets/1/eta in Skim_TriLep_TTG_PTG200toInf.root
2026-01-11 09:46:27,662 - INFO - [2023BPix] MISSING_FILE: /home/choij/Sync/workspace/ChargedHiggsAnalysisV3/SKNanoOutput/CRPromptSelector/Run1E2Mu_RunNoWZSF_RunSyst/2023BPix/Skim_TriLep_ZZTo4L_powheg.root
2026-01-11 09:46:27,665 - INFO - [2023BPix] MISSING_FILE: /home/choij/Sync/workspace/ChargedHiggsAnalysisV3/SKNanoOutput/CRPromptSelector/Run1E2Mu_RunNoWZSF_RunSyst/2023BPix/Skim_TriLep_VBFHToZZTo4L.root
2026-01-11 09:46:27,666 - INFO - [2023BPix] MISSING_FILE: /home/choij/Sync/workspace/ChargedHiggsAnalysisV3/SKNanoOutput/CRPromptSelector/Run1E2Mu_RunNoWZSF_RunSyst/2023BPix/Skim_TriLep_ggHToZZTo4L.root
2026-01-12 13:55:14,455 - INFO - [2023BPix] MISSING_CENTRAL: WZ1E2Mu/Central/jets/1/eta in Skim_TriLep_DYJets10to50.root
2026-01-12 13:55:14,467 - INFO - [2023BPix] MISSING_CENTRAL: WZ1E2Mu/Central/jets/1/eta in Skim_TriLep_TTG_PTG200toInf.root
2026-01-12 13:55:19,561 - INFO - [2023BPix] MISSING_CENTRAL: WZ1E2Mu/Central/jets/1/eta in Skim_TriLep_DYJets10to50.root
2026-01-12 13:55:19,563 - INFO - [2023BPix] MISSING_CENTRAL: WZ1E2Mu/Central/jets/1/eta in Skim_TriLep_TTG_PTG200toInf.root
2026-01-12 13:55:19,566 - INFO - [2023BPix] MISSING_FILE: /home/choij/Sync/workspace/ChargedHiggsAnalysisV3/SKNanoOutput/CRPromptSelector/Run1E2Mu_RunNoWZSF_RunSyst/2023BPix/Skim_TriLep_ZZTo4L_powheg.root
2026-01-12 13:55:19,570 - INFO - [2023BPix] MISSING_FILE: /home/choij/Sync/workspace/ChargedHiggsAnalysisV3/SKNanoOutput/CRPromptSelector/Run1E2Mu_RunNoWZSF_RunSyst/2023BPix/Skim_TriLep_VBFHToZZTo4L.root
2026-01-12 13:55:19,571 - INFO - [2023BPix] MISSING_FILE: /home/choij/Sync/workspace/ChargedHiggsAnalysisV3/SKNanoOutput/CRPromptSelector/Run1E2Mu_RunNoWZSF_RunSyst/2023BPix/Skim_TriLep_ggHToZZTo4L.root
2026-01-16 19:09:55,944 - INFO - [2023BPix] MISSING_CENTRAL: WZ1E2Mu/Central/jets/1/eta in Skim_TriLep_DYJets10to50.root
2026-01-16 19:09:55,956 - INFO - [2023BPix] MISSING_CENTRAL: WZ1E2Mu/Central/jets/1/eta in Skim_TriLep_TTG_PTG200toInf.root
2026-01-16 19:10:00,888 - INFO - [2023BPix] MISSING_CENTRAL: WZ1E2Mu/Central/jets/1/eta in Skim_TriLep_DYJets10to50.root
2026-01-16 19:10:00,889 - INFO - [2023BPix] MISSING_CENTRAL: WZ1E2Mu/Central/jets/1/eta in Skim_TriLep_TTG_PTG200toInf.root
2026-01-16 19:10:00,892 - INFO - [2023BPix] MISSING_FILE: /home/choij/Sync/workspace/ChargedHiggsAnalysisV3/SKNanoOutput/CRPromptSelector/Run1E2Mu_RunNoWZSF_RunSyst/2023BPix/Skim_TriLep_ZZTo4L_powheg.root
2026-01-16 19:10:00,896 - INFO - [2023BPix] MISSING_FILE: /home/choij/Sync/workspace/ChargedHiggsAnalysisV3/SKNanoOutput/CRPromptSelector/Run1E2Mu_RunNoWZSF_RunSyst/2023BPix/Skim_TriLep_VBFHToZZTo4L.root
2026-01-16 19:10:00,897 - INFO - [2023BPix] MISSING_FILE: /home/choij/Sync/workspace/ChargedHiggsAnalysisV3/SKNanoOutput/CRPromptSelector/Run1E2Mu_RunNoWZSF_RunSyst/2023BPix/Skim_TriLep_ggHToZZTo4L.root
2026-01-28 15:01:22,092 - INFO - [2023BPix] MISSING_CENTRAL: WZ1E2Mu/Central/jets/1/eta in Skim_TriLep_DYJets10to50.root
2026-01-28 15:01:22,104 - INFO - [2023BPix] MISSING_CENTRAL: WZ1E2Mu/Central/jets/1/eta in Skim_TriLep_TTG_PTG200toInf.root
2026-01-28 15:01:27,173 - INFO - [2023BPix] MISSING_CENTRAL: WZ1E2Mu/Central/jets/1/eta in Skim_TriLep_DYJets10to50.root
2026-01-28 15:01:27,176 - INFO - [2023BPix] MISSING_CENTRAL: WZ1E2Mu/Central/jets/1/eta in Skim_TriLep_TTG_PTG200toInf.root
2026-01-28 15:01:27,181 - INFO - [2023BPix] MISSING_FILE: /home/choij/Sync/workspace/ChargedHiggsAnalysisV3/SKNanoOutput/PromptAnalyzer/Run1E2Mu_RunNoWZSF_RunSyst_RunCR_NoTreeMode/2023BPix/Skim_TriLep_ZZTo4L_powheg.root
2026-01-28 15:01:27,186 - INFO - [2023BPix] MISSING_FILE: /home/choij/Sync/workspace/ChargedHiggsAnalysisV3/SKNanoOutput/PromptAnalyzer/Run1E2Mu_RunNoWZSF_RunSyst_RunCR_NoTreeMode/2023BPix/Skim_TriLep_VBFHToZZTo4L.root
2026-01-28 15:01:27,186 - INFO - [2023BPix] MISSING_FILE: /home/choij/Sync/workspace/ChargedHiggsAnalysisV3/SKNanoOutput/PromptAnalyzer/Run1E2Mu_RunNoWZSF_RunSyst_RunCR_NoTreeMode/2023BPix/Skim_TriLep_ggHToZZTo4L.root
2026-01-28 15:13:57,972 - INFO - [2023BPix] MISSING_CENTRAL: WZ1E2Mu/Central/jets/1/eta in Skim_TriLep_DYJets10to50.root
2026-01-28 15:13:57,986 - INFO - [2023BPix] MISSING_CENTRAL: WZ1E2Mu/Central/jets/1/eta in Skim_TriLep_TTG_PTG200toInf.root
2026-01-28 15:14:02,948 - INFO - [2023BPix] MISSING_CENTRAL: WZ1E2Mu/Central/jets/1/eta in Skim_TriLep_DYJets10to50.root
2026-01-28 15:14:02,950 - INFO - [2023BPix] MISSING_CENTRAL: WZ1E2Mu/Central/jets/1/eta in Skim_TriLep_TTG_PTG200toInf.root
2026-01-28 15:14:02,957 - INFO - [2023BPix] MISSING_FILE: /home/choij/Sync/workspace/ChargedHiggsAnalysisV3/SKNanoOutput/PromptAnalyzer/Run1E2Mu_RunNoWZSF_RunSyst_RunCR_NoTreeMode/2023BPix/Skim_TriLep_ZZTo4L_powheg.root
2026-01-28 15:14:02,961 - INFO - [2023BPix] MISSING_FILE: /home/choij/Sync/workspace/ChargedHiggsAnalysisV3/SKNanoOutput/PromptAnalyzer/Run1E2Mu_RunNoWZSF_RunSyst_RunCR_NoTreeMode/2023BPix/Skim_TriLep_VBFHToZZTo4L.root
2026-01-28 15:14:02,961 - INFO - [2023BPix] MISSING_FILE: /home/choij/Sync/workspace/ChargedHiggsAnalysisV3/SKNanoOutput/PromptAnalyzer/Run1E2Mu_RunNoWZSF_RunSyst_RunCR_NoTreeMode/2023BPix/Skim_TriLep_ggHToZZTo4L.root
2026-01-28 17:07:06,675 - INFO - [2023BPix] MISSING_CENTRAL: WZ1E2Mu/Central/jets/1/eta in Skim_TriLep_DYJets10to50.root
2026-01-28 17:07:06,701 - INFO - [2023BPix] MISSING_CENTRAL: WZ1E2Mu/Central/jets/1/eta in Skim_TriLep_TTG_PTG200toInf.root
2026-01-28 17:07:12,198 - INFO - [2023BPix] MISSING_CENTRAL: WZ1E2Mu/Central/jets/1/eta in Skim_TriLep_DYJets10to50.root
2026-01-28 17:07:12,200 - INFO - [2023BPix] MISSING_CENTRAL: WZ1E2Mu/Central/jets/1/eta in Skim_TriLep_TTG_PTG200toInf.root
2026-01-28 17:07:12,205 - INFO - [2023BPix] MISSING_FILE: /home/choij/Sync/workspace/ChargedHiggsAnalysisV3/SKNanoOutput/PromptAnalyzer/Run1E2Mu_RunNoWZSF_RunSyst_RunCR_NoTreeMode/2023BPix/Skim_TriLep_ZZTo4L_powheg.root
2026-01-28 17:07:12,209 - INFO - [2023BPix] MISSING_FILE: /home/choij/Sync/workspace/ChargedHiggsAnalysisV3/SKNanoOutput/PromptAnalyzer/Run1E2Mu_RunNoWZSF_RunSyst_RunCR_NoTreeMode/2023BPix/Skim_TriLep_VBFHToZZTo4L.root
2026-01-28 17:07:12,209 - INFO - [2023BPix] MISSING_FILE: /home/choij/Sync/workspace/ChargedHiggsAnalysisV3/SKNanoOutput/PromptAnalyzer/Run1E2Mu_RunNoWZSF_RunSyst_RunCR_NoTreeMode/2023BPix/Skim_TriLep_ggHToZZTo4L.root
2026-01-28 17:27:42,210 - INFO - [2023BPix] MISSING_CENTRAL: WZ1E2Mu/Central/jets/1/eta in Skim_TriLep_DYJets10to50.root
2026-01-28 17:27:42,224 - INFO - [2023BPix] MISSING_CENTRAL: WZ1E2Mu/Central/jets/1/eta in Skim_TriLep_TTG_PTG200toInf.root
2026-01-28 17:27:47,255 - INFO - [2023BPix] MISSING_CENTRAL: WZ1E2Mu/Central/jets/1/eta in Skim_TriLep_DYJets10to50.root
2026-01-28 17:27:47,257 - INFO - [2023BPix] MISSING_CENTRAL: WZ1E2Mu/Central/jets/1/eta in Skim_TriLep_TTG_PTG200toInf.root
2026-01-28 17:27:47,262 - INFO - [2023BPix] MISSING_FILE: /home/choij/Sync/workspace/ChargedHiggsAnalysisV3/SKNanoOutput/PromptAnalyzer/Run1E2Mu_RunNoWZSF_RunSyst_RunCR_NoTreeMode/2023BPix/Skim_TriLep_ZZTo4L_powheg.root
2026-01-28 17:27:47,266 - INFO - [2023BPix] MISSING_FILE: /home/choij/Sync/workspace/ChargedHiggsAnalysisV3/SKNanoOutput/PromptAnalyzer/Run1E2Mu_RunNoWZSF_RunSyst_RunCR_NoTreeMode/2023BPix/Skim_TriLep_VBFHToZZTo4L.root
2026-01-28 17:27:47,266 - INFO - [2023BPix] MISSING_FILE: /home/choij/Sync/workspace/ChargedHiggsAnalysisV3/SKNanoOutput/PromptAnalyzer/Run1E2Mu_RunNoWZSF_RunSyst_RunCR_NoTreeMode/2023BPix/Skim_TriLep_ggHToZZTo4L.root
2026-01-28 20:01:23,431 - INFO - [2023BPix] MISSING_CENTRAL: WZ1E2Mu/Central/jets/1/eta in Skim_TriLep_DYJets10to50.root
2026-01-28 20:01:23,441 - INFO - [2023BPix] MISSING_CENTRAL: WZ1E2Mu/Central/jets/1/eta in Skim_TriLep_TTG_PTG200toInf.root
2026-01-28 20:01:28,512 - INFO - [2023BPix] MISSING_CENTRAL: WZ1E2Mu/Central/jets/1/eta in Skim_TriLep_DYJets10to50.root
2026-01-28 20:01:28,514 - INFO - [2023BPix] MISSING_CENTRAL: WZ1E2Mu/Central/jets/1/eta in Skim_TriLep_TTG_PTG200toInf.root
2026-01-28 20:01:28,519 - INFO - [2023BPix] MISSING_FILE: /home/choij/Sync/workspace/ChargedHiggsAnalysisV3/SKNanoOutput/PromptAnalyzer/Run1E2Mu_RunNoWZSF_RunSyst_RunCR_NoTreeMode/2023BPix/Skim_TriLep_ZZTo4L_powheg.root
2026-01-28 20:01:28,522 - INFO - [2023BPix] MISSING_FILE: /home/choij/Sync/workspace/ChargedHiggsAnalysisV3/SKNanoOutput/PromptAnalyzer/Run1E2Mu_RunNoWZSF_RunSyst_RunCR_NoTreeMode/2023BPix/Skim_TriLep_VBFHToZZTo4L.root
2026-01-28 20:01:28,522 - INFO - [2023BPix] MISSING_FILE: /home/choij/Sync/workspace/ChargedHiggsAnalysisV3/SKNanoOutput/PromptAnalyzer/Run1E2Mu_RunNoWZSF_RunSyst_RunCR_NoTreeMode/2023BPix/Skim_TriLep_ggHToZZTo4L.root
2026-01-29 07:18:05,765 - INFO - [2023BPix] MISSING_CENTRAL: WZ1E2Mu/Central/jets/1/eta in Skim_TriLep_DYJets10to50.root
2026-01-29 07:18:05,778 - INFO - [2023BPix] MISSING_CENTRAL: WZ1E2Mu/Central/jets/1/eta in Skim_TriLep_TTG_PTG200toInf.root
2026-01-29 07:18:10,529 - INFO - [2023BPix] MISSING_CENTRAL: WZ1E2Mu/Central/jets/1/eta in Skim_TriLep_DYJets10to50.root
2026-01-29 07:18:10,531 - INFO - [2023BPix] MISSING_CENTRAL: WZ1E2Mu/Central/jets/1/eta in Skim_TriLep_TTG_PTG200toInf.root
2026-01-29 07:18:10,535 - INFO - [2023BPix] MISSING_FILE: /home/choij/Sync/workspace/ChargedHiggsAnalysisV3/SKNanoOutput/PromptAnalyzer/Run1E2Mu_RunNoWZSF_RunSyst_RunCR_NoTreeMode/2023BPix/Skim_TriLep_ZZTo4L_powheg.root
2026-01-29 07:18:10,538 - INFO - [2023BPix] MISSING_FILE: /home/choij/Sync/workspace/ChargedHiggsAnalysisV3/SKNanoOutput/PromptAnalyzer/Run1E2Mu_RunNoWZSF_RunSyst_RunCR_NoTreeMode/2023BPix/Skim_TriLep_VBFHToZZTo4L.root
2026-01-29 07:18:10,538 - INFO - [2023BPix] MISSING_FILE: /home/choij/Sync/workspace/ChargedHiggsAnalysisV3/SKNanoOutput/PromptAnalyzer/Run1E2Mu_RunNoWZSF_RunSyst_RunCR_NoTreeMode/2023BPix/Skim_TriLep_ggHToZZTo4L.root
2026-03-02 12:03:15,778 - INFO - [2023BPix] MISSING_CENTRAL: WZ1E2Mu/Central/jets/1/eta in Skim_TriLep_DYJets10to50.root
2026-03-02 12:03:15,789 - INFO - [2023BPix] MISSING_CENTRAL: WZ1E2Mu/Central/jets/1/eta in Skim_TriLep_TTG_PTG200toInf.root
2026-03-02 12:03:20,660 - INFO - [2023BPix] MISSING_CENTRAL: WZ1E2Mu/Central/jets/1/eta in Skim_TriLep_DYJets10to50.root
2026-03-02 12:03:20,662 - INFO - [2023BPix] MISSING_CENTRAL: WZ1E2Mu/Central/jets/1/eta in Skim_TriLep_TTG_PTG200toInf.root
2026-03-02 12:03:20,666 - INFO - [2023BPix] MISSING_FILE: /home/choij/Sync/workspace/ChargedHiggsAnalysisV3/SKNanoOutput/PromptAnalyzer/Run1E2Mu_RunNoWZSF_RunSyst_RunCR_NoTreeMode/2023BPix/Skim_TriLep_ZZTo4L_powheg.root
2026-03-02 12:03:20,670 - INFO - [2023BPix] MISSING_FILE: /home/choij/Sync/workspace/ChargedHiggsAnalysisV3/SKNanoOutput/PromptAnalyzer/Run1E2Mu_RunNoWZSF_RunSyst_RunCR_NoTreeMode/2023BPix/Skim_TriLep_VBFHToZZTo4L.root
2026-03-02 12:03:20,670 - INFO - [2023BPix] MISSING_FILE: /home/choij/Sync/workspace/ChargedHiggsAnalysisV3/SKNanoOutput/PromptAnalyzer/Run1E2Mu_RunNoWZSF_RunSyst_RunCR_NoTreeMode/2023BPix/Skim_TriLep_ggHToZZTo4L.root
2026-04-10 20:15:18,343 - INFO - [2023BPix] MISSING_CENTRAL: WZ1E2Mu/Central/jets/1/eta in Skim_TriLep_DYJets10to50.root
2026-04-10 20:15:18,354 - INFO - [2023BPix] MISSING_CENTRAL: WZ1E2Mu/Central/jets/1/eta in Skim_TriLep_TTG_PTG200toInf.root
2026-04-10 20:15:22,873 - INFO - [2023BPix] MISSING_CENTRAL: WZ1E2Mu/Central/jets/1/eta in Skim_TriLep_DYJets10to50.root
2026-04-10 20:15:22,875 - INFO - [2023BPix] MISSING_CENTRAL: WZ1E2Mu/Central/jets/1/eta in Skim_TriLep_TTG_PTG200toInf.root
2026-04-10 20:15:22,879 - INFO - [2023BPix] MISSING_FILE: /home/choij/Sync/workspace/ChargedHiggsAnalysisV3/SKNanoOutput/PromptAnalyzer/Run1E2Mu_RunNoWZSF_RunSyst_RunCR_NoTreeMode/2023BPix/Skim_TriLep_ZZTo4L_powheg.root
2026-04-10 20:15:22,882 - INFO - [2023BPix] MISSING_FILE: /home/choij/Sync/workspace/ChargedHiggsAnalysisV3/SKNanoOutput/PromptAnalyzer/Run1E2Mu_RunNoWZSF_RunSyst_RunCR_NoTreeMode/2023BPix/Skim_TriLep_VBFHToZZTo4L.root
2026-04-10 20:15:22,883 - INFO - [2023BPix] MISSING_FILE: /home/choij/Sync/workspace/ChargedHiggsAnalysisV3/SKNanoOutput/PromptAnalyzer/Run1E2Mu_RunNoWZSF_RunSyst_RunCR_NoTreeMode/2023BPix/Skim_TriLep_ggHToZZTo4L.root
2026-04-12 11:30:07,796 - INFO - [2023BPix] MISSING_CENTRAL: WZ1E2Mu/Central/jets/1/eta in Skim_TriLep_DYJets10to50.root
2026-04-12 11:30:07,806 - INFO - [2023BPix] MISSING_CENTRAL: WZ1E2Mu/Central/jets/1/eta in Skim_TriLep_TTG_PTG200toInf.root
2026-04-12 11:30:12,420 - INFO - [2023BPix] MISSING_CENTRAL: WZ1E2Mu/Central/jets/1/eta in Skim_TriLep_DYJets10to50.root
2026-04-12 11:30:12,422 - INFO - [2023BPix] MISSING_CENTRAL: WZ1E2Mu/Central/jets/1/eta in Skim_TriLep_TTG_PTG200toInf.root
2026-04-12 11:30:12,426 - INFO - [2023BPix] MISSING_FILE: /home/choij/Sync/workspace/ChargedHiggsAnalysisV3/SKNanoOutput/PromptAnalyzer/Run1E2Mu_RunNoWZSF_RunSyst_RunCR_NoTreeMode/2023BPix/Skim_TriLep_ZZTo4L_powheg.root
2026-04-12 11:30:12,430 - INFO - [2023BPix] MISSING_FILE: /home/choij/Sync/workspace/ChargedHiggsAnalysisV3/SKNanoOutput/PromptAnalyzer/Run1E2Mu_RunNoWZSF_RunSyst_RunCR_NoTreeMode/2023BPix/Skim_TriLep_VBFHToZZTo4L.root
2026-04-12 11:30:12,430 - INFO - [2023BPix] MISSING_FILE: /home/choij/Sync/workspace/ChargedHiggsAnalysisV3/SKNanoOutput/PromptAnalyzer/Run1E2Mu_RunNoWZSF_RunSyst_RunCR_NoTreeMode/2023BPix/Skim_TriLep_ggHToZZTo4L.root
2026-04-12 12:12:33,591 - INFO - [2023BPix] MISSING_CENTRAL: WZ1E2Mu/Central/jets/1/eta in Skim_TriLep_DYJets10to50.root
2026-04-12 12:12:33,603 - INFO - [2023BPix] MISSING_CENTRAL: WZ1E2Mu/Central/jets/1/eta in Skim_TriLep_TTG_PTG200toInf.root
2026-04-12 12:12:38,237 - INFO - [2023BPix] MISSING_CENTRAL: WZ1E2Mu/Central/jets/1/eta in Skim_TriLep_DYJets10to50.root
2026-04-12 12:12:38,239 - INFO - [2023BPix] MISSING_CENTRAL: WZ1E2Mu/Central/jets/1/eta in Skim_TriLep_TTG_PTG200toInf.root
2026-04-12 12:12:38,243 - INFO - [2023BPix] MISSING_FILE: /home/choij/Sync/workspace/ChargedHiggsAnalysisV3/SKNanoOutput/PromptAnalyzer/Run1E2Mu_RunNoWZSF_RunSyst_RunCR_NoTreeMode/2023BPix/Skim_TriLep_ZZTo4L_powheg.root
2026-04-12 12:12:38,247 - INFO - [2023BPix] MISSING_FILE: /home/choij/Sync/workspace/ChargedHiggsAnalysisV3/SKNanoOutput/PromptAnalyzer/Run1E2Mu_RunNoWZSF_RunSyst_RunCR_NoTreeMode/2023BPix/Skim_TriLep_VBFHToZZTo4L.root
2026-04-12 12:12:38,247 - INFO - [2023BPix] MISSING_FILE: /home/choij/Sync/workspace/ChargedHiggsAnalysisV3/SKNanoOutput/PromptAnalyzer/Run1E2Mu_RunNoWZSF_RunSyst_RunCR_NoTreeMode/2023BPix/Skim_TriLep_ggHToZZTo4L.root
2026-04-12 12:32:13,060 - INFO - [2023BPix] MISSING_CENTRAL: WZ1E2Mu/Central/jets/1/eta in Skim_TriLep_DYJets10to50.root
2026-04-12 12:32:13,072 - INFO - [2023BPix] MISSING_CENTRAL: WZ1E2Mu/Central/jets/1/eta in Skim_TriLep_TTG_PTG200toInf.root
2026-04-12 12:32:17,812 - INFO - [2023BPix] MISSING_CENTRAL: WZ1E2Mu/Central/jets/1/eta in Skim_TriLep_DYJets10to50.root
2026-04-12 12:32:17,814 - INFO - [2023BPix] MISSING_CENTRAL: WZ1E2Mu/Central/jets/1/eta in Skim_TriLep_TTG_PTG200toInf.root
2026-04-12 12:32:17,818 - INFO - [2023BPix] MISSING_FILE: /home/choij/Sync/workspace/ChargedHiggsAnalysisV3/SKNanoOutput/PromptAnalyzer/Run1E2Mu_RunNoWZSF_RunSyst_RunCR_NoTreeMode/2023BPix/Skim_TriLep_ZZTo4L_powheg.root
2026-04-12 12:32:17,821 - INFO - [2023BPix] MISSING_FILE: /home/choij/Sync/workspace/ChargedHiggsAnalysisV3/SKNanoOutput/PromptAnalyzer/Run1E2Mu_RunNoWZSF_RunSyst_RunCR_NoTreeMode/2023BPix/Skim_TriLep_VBFHToZZTo4L.root
2026-04-12 12:32:17,822 - INFO - [2023BPix] MISSING_FILE: /home/choij/Sync/workspace/ChargedHiggsAnalysisV3/SKNanoOutput/PromptAnalyzer/Run1E2Mu_RunNoWZSF_RunSyst_RunCR_NoTreeMode/2023BPix/Skim_TriLep_ggHToZZTo4L.root
2026-04-12 20:40:12,779 - INFO - [2023BPix] MISSING_CENTRAL: WZ1E2Mu/Central/jets/1/eta in Skim_TriLep_DYJets10to50.root
2026-04-12 20:40:12,792 - INFO - [2023BPix] MISSING_CENTRAL: WZ1E2Mu/Central/jets/1/eta in Skim_TriLep_TTG_PTG200toInf.root
2026-04-12 20:40:17,242 - INFO - [2023BPix] MISSING_CENTRAL: WZ1E2Mu/Central/jets/1/eta in Skim_TriLep_DYJets10to50.root
2026-04-12 20:40:17,244 - INFO - [2023BPix] MISSING_CENTRAL: WZ1E2Mu/Central/jets/1/eta in Skim_TriLep_TTG_PTG200toInf.root
2026-04-12 20:40:17,249 - INFO - [2023BPix] MISSING_FILE: /home/choij/Sync/workspace/ChargedHiggsAnalysisV3/SKNanoOutput/PromptAnalyzer/Run1E2Mu_RunNoWZSF_RunSyst_RunCR_NoTreeMode/2023BPix/Skim_TriLep_ZZTo4L_powheg.root
2026-04-12 20:40:17,252 - INFO - [2023BPix] MISSING_FILE: /home/choij/Sync/workspace/ChargedHiggsAnalysisV3/SKNanoOutput/PromptAnalyzer/Run1E2Mu_RunNoWZSF_RunSyst_RunCR_NoTreeMode/2023BPix/Skim_TriLep_VBFHToZZTo4L.root
2026-04-12 20:40:17,252 - INFO - [2023BPix] MISSING_FILE: /home/choij/Sync/workspace/ChargedHiggsAnalysisV3/SKNanoOutput/PromptAnalyzer/Run1E2Mu_RunNoWZSF_RunSyst_RunCR_NoTreeMode/2023BPix/Skim_TriLep_ggHToZZTo4L.root
2026-04-12 21:11:50,781 - INFO - [2023BPix] MISSING_CENTRAL: WZ1E2Mu/Central/jets/1/eta in Skim_TriLep_DYJets10to50.root
2026-04-12 21:11:50,793 - INFO - [2023BPix] MISSING_CENTRAL: WZ1E2Mu/Central/jets/1/eta in Skim_TriLep_TTG_PTG200toInf.root
2026-04-12 21:11:55,331 - INFO - [2023BPix] MISSING_CENTRAL: WZ1E2Mu/Central/jets/1/eta in Skim_TriLep_DYJets10to50.root
2026-04-12 21:11:55,333 - INFO - [2023BPix] MISSING_CENTRAL: WZ1E2Mu/Central/jets/1/eta in Skim_TriLep_TTG_PTG200toInf.root
2026-04-12 21:11:55,337 - INFO - [2023BPix] MISSING_FILE: /home/choij/Sync/workspace/ChargedHiggsAnalysisV3/SKNanoOutput/PromptAnalyzer/Run1E2Mu_RunNoWZSF_RunSyst_RunCR_NoTreeMode/2023BPix/Skim_TriLep_ZZTo4L_powheg.root
2026-04-12 21:11:55,341 - INFO - [2023BPix] MISSING_FILE: /home/choij/Sync/workspace/ChargedHiggsAnalysisV3/SKNanoOutput/PromptAnalyzer/Run1E2Mu_RunNoWZSF_RunSyst_RunCR_NoTreeMode/2023BPix/Skim_TriLep_VBFHToZZTo4L.root
2026-04-12 21:11:55,341 - INFO - [2023BPix] MISSING_FILE: /home/choij/Sync/workspace/ChargedHiggsAnalysisV3/SKNanoOutput/PromptAnalyzer/Run1E2Mu_RunNoWZSF_RunSyst_RunCR_NoTreeMode/2023BPix/Skim_TriLep_ggHToZZTo4L.root
2026-04-13 12:49:16,706 - INFO - [2023BPix] MISSING_CENTRAL: WZ1E2Mu/Central/jets/1/eta in Skim_TriLep_DYJets10to50.root
2026-04-13 12:49:16,718 - INFO - [2023BPix] MISSING_CENTRAL: WZ1E2Mu/Central/jets/1/eta in Skim_TriLep_TTG_PTG200toInf.root
2026-04-13 12:49:21,416 - INFO - [2023BPix] MISSING_CENTRAL: WZ1E2Mu/Central/jets/1/eta in Skim_TriLep_DYJets10to50.root
2026-04-13 12:49:21,418 - INFO - [2023BPix] MISSING_CENTRAL: WZ1E2Mu/Central/jets/1/eta in Skim_TriLep_TTG_PTG200toInf.root
2026-04-13 12:49:21,422 - INFO - [2023BPix] MISSING_FILE: /home/choij/Sync/workspace/ChargedHiggsAnalysisV3/SKNanoOutput/PromptAnalyzer/Run1E2Mu_RunNoWZSF_RunSyst_RunCR_NoTreeMode/2023BPix/Skim_TriLep_ZZTo4L_powheg.root
2026-04-13 12:49:21,426 - INFO - [2023BPix] MISSING_FILE: /home/choij/Sync/workspace/ChargedHiggsAnalysisV3/SKNanoOutput/PromptAnalyzer/Run1E2Mu_RunNoWZSF_RunSyst_RunCR_NoTreeMode/2023BPix/Skim_TriLep_VBFHToZZTo4L.root
2026-04-13 12:49:21,426 - INFO - [2023BPix] MISSING_FILE: /home/choij/Sync/workspace/ChargedHiggsAnalysisV3/SKNanoOutput/PromptAnalyzer/Run1E2Mu_RunNoWZSF_RunSyst_RunCR_NoTreeMode/2023BPix/Skim_TriLep_ggHToZZTo4L.root
2026-06-12 14:10:20,117 - INFO - [2023BPix] MISSING_CENTRAL: WZ1E2Mu/Central/jets/1/eta in Skim_TriLep_DYJets10to50.root
2026-06-12 14:10:20,130 - INFO - [2023BPix] MISSING_CENTRAL: WZ1E2Mu/Central/jets/1/eta in Skim_TriLep_TTG_PTG200toInf.root
2026-06-12 14:10:24,654 - INFO - [2023BPix] MISSING_CENTRAL: WZ1E2Mu/Central/jets/1/eta in Skim_TriLep_DYJets10to50.root
2026-06-12 14:10:24,655 - INFO - [2023BPix] MISSING_CENTRAL: WZ1E2Mu/Central/jets/1/eta in Skim_TriLep_TTG_PTG200toInf.root
2026-06-12 14:10:24,659 - INFO - [2023BPix] MISSING_FILE: /home/choij/Sync/workspace/ChargedHiggsAnalysisV3/SKNanoOutput/PromptAnalyzer/Run1E2Mu_RunNoWZSF_RunSyst_RunCR_NoTreeMode/2023BPix/Skim_TriLep_ZZTo4L_powheg.root
2026-06-12 14:10:24,663 - INFO - [2023BPix] MISSING_FILE: /home/choij/Sync/workspace/ChargedHiggsAnalysisV3/SKNanoOutput/PromptAnalyzer/Run1E2Mu_RunNoWZSF_RunSyst_RunCR_NoTreeMode/2023BPix/Skim_TriLep_VBFHToZZTo4L.root
2026-06-12 14:10:24,663 - INFO - [2023BPix] MISSING_FILE: /home/choij/Sync/workspace/ChargedHiggsAnalysisV3/SKNanoOutput/PromptAnalyzer/Run1E2Mu_RunNoWZSF_RunSyst_RunCR_NoTreeMode/2023BPix/Skim_TriLep_ggHToZZTo4L.root
2026-06-12 14:33:51,488 - INFO - [2023BPix] MISSING_CENTRAL: WZ1E2Mu/Central/jets/1/eta in Skim_TriLep_DYJets10to50.root
2026-06-12 14:33:51,501 - INFO - [2023BPix] MISSING_CENTRAL: WZ1E2Mu/Central/jets/1/eta in Skim_TriLep_TTG_PTG200toInf.root
2026-06-12 14:33:56,012 - INFO - [2023BPix] MISSING_CENTRAL: WZ1E2Mu/Central/jets/1/eta in Skim_TriLep_DYJets10to50.root
2026-06-12 14:33:56,015 - INFO - [2023BPix] MISSING_CENTRAL: WZ1E2Mu/Central/jets/1/eta in Skim_TriLep_TTG_PTG200toInf.root
2026-06-12 14:33:56,019 - INFO - [2023BPix] MISSING_FILE: /home/choij/Sync/workspace/ChargedHiggsAnalysisV3/SKNanoOutput/PromptAnalyzer/Run1E2Mu_RunNoWZSF_RunSyst_RunCR_NoTreeMode/2023BPix/Skim_TriLep_ZZTo4L_powheg.root
2026-06-12 14:33:56,023 - INFO - [2023BPix] MISSING_FILE: /home/choij/Sync/workspace/ChargedHiggsAnalysisV3/SKNanoOutput/PromptAnalyzer/Run1E2Mu_RunNoWZSF_RunSyst_RunCR_NoTreeMode/2023BPix/Skim_TriLep_VBFHToZZTo4L.root
2026-06-12 14:33:56,023 - INFO - [2023BPix] MISSING_FILE: /home/choij/Sync/workspace/ChargedHiggsAnalysisV3/SKNanoOutput/PromptAnalyzer/Run1E2Mu_RunNoWZSF_RunSyst_RunCR_NoTreeMode/2023BPix/Skim_TriLep_ggHToZZTo4L.root
2026-06-18 00:28:34,111 - INFO - [2023BPix] MISSING_CENTRAL: WZ1E2Mu/Central/jets/1/eta in Skim_TriLep_DYJets10to50.root
2026-06-18 00:28:34,124 - INFO - [2023BPix] MISSING_CENTRAL: WZ1E2Mu/Central/jets/1/eta in Skim_TriLep_TTG_PTG200toInf.root
2026-06-18 00:28:38,868 - INFO - [2023BPix] MISSING_CENTRAL: WZ1E2Mu/Central/jets/1/eta in Skim_TriLep_DYJets10to50.root
2026-06-18 00:28:38,870 - INFO - [2023BPix] MISSING_CENTRAL: WZ1E2Mu/Central/jets/1/eta in Skim_TriLep_TTG_PTG200toInf.root
2026-06-29 16:39:17,570 - INFO - [2023BPix] MISSING_CENTRAL: WZ1E2Mu/Central/jets/1/eta in Skim_TriLep_DYJets10to50.root
2026-06-29 16:39:17,584 - INFO - [2023BPix] MISSING_CENTRAL: WZ1E2Mu/Central/jets/1/eta in Skim_TriLep_TTG_PTG200toInf.root
2026-06-29 16:39:17,829 - INFO - [2023BPix] MISSING_FILE: /data9/Users/choij/Sync/workspace/ChargedHiggsAnalysisV3/SKNanoOutput/PromptAnalyzer/Run1E2Mu_RunSyst_RunCR_NoTreeMode/2023BPix/Skim_TriLep_tHW.root
2026-06-29 16:39:17,829 - INFO - [2023BPix] MISSING_FILE: /data9/Users/choij/Sync/workspace/ChargedHiggsAnalysisV3/SKNanoOutput/PromptAnalyzer/Run1E2Mu_RunSyst_RunCR_NoTreeMode/2023BPix/Skim_TriLep_tWZ_thadWlep.root
2026-06-29 16:39:17,829 - INFO - [2023BPix] MISSING_FILE: /data9/Users/choij/Sync/workspace/ChargedHiggsAnalysisV3/SKNanoOutput/PromptAnalyzer/Run1E2Mu_RunSyst_RunCR_NoTreeMode/2023BPix/Skim_TriLep_tWZ_tlepWhad.root
2026-06-29 16:39:17,829 - INFO - [2023BPix] MISSING_FILE: /data9/Users/choij/Sync/workspace/ChargedHiggsAnalysisV3/SKNanoOutput/PromptAnalyzer/Run1E2Mu_RunSyst_RunCR_NoTreeMode/2023BPix/Skim_TriLep_tWZ_tlepWlep.root
2026-06-29 16:39:22,486 - INFO - [2023BPix] MISSING_CENTRAL: WZ1E2Mu/Central/jets/1/eta in Skim_TriLep_DYJets10to50.root
2026-06-29 16:39:22,491 - INFO - [2023BPix] MISSING_CENTRAL: WZ1E2Mu/Central/jets/1/eta in Skim_TriLep_TTG_PTG200toInf.root
2026-06-29 16:39:22,504 - INFO - [2023BPix] MISSING_FILE: /data9/Users/choij/Sync/workspace/ChargedHiggsAnalysisV3/SKNanoOutput/PromptAnalyzer/Run1E2Mu_RunSyst_RunCR_NoTreeMode/2023BPix/Skim_TriLep_tHW.root
2026-06-29 16:39:22,505 - INFO - [2023BPix] MISSING_FILE: /data9/Users/choij/Sync/workspace/ChargedHiggsAnalysisV3/SKNanoOutput/PromptAnalyzer/Run1E2Mu_RunSyst_RunCR_NoTreeMode/2023BPix/Skim_TriLep_tWZ_thadWlep.root
2026-06-29 16:39:22,505 - INFO - [2023BPix] MISSING_FILE: /data9/Users/choij/Sync/workspace/ChargedHiggsAnalysisV3/SKNanoOutput/PromptAnalyzer/Run1E2Mu_RunSyst_RunCR_NoTreeMode/2023BPix/Skim_TriLep_tWZ_tlepWhad.root
2026-06-29 16:39:22,506 - INFO - [2023BPix] MISSING_FILE: /data9/Users/choij/Sync/workspace/ChargedHiggsAnalysisV3/SKNanoOutput/PromptAnalyzer/Run1E2Mu_RunSyst_RunCR_NoTreeMode/2023BPix/Skim_TriLep_tWZ_tlepWlep.root
2026-07-01 05:34:14,009 - INFO - [2023BPix] MISSING_CENTRAL: WZ1E2Mu/Central/jets/1/eta in Skim_TriLep_DYJets10to50.root
2026-07-01 05:34:14,023 - INFO - [2023BPix] MISSING_CENTRAL: WZ1E2Mu/Central/jets/1/eta in Skim_TriLep_TTG_PTG200toInf.root
2026-07-01 05:34:18,880 - INFO - [2023BPix] MISSING_CENTRAL: WZ1E2Mu/Central/jets/1/eta in Skim_TriLep_DYJets10to50.root
2026-07-01 05:34:18,885 - INFO - [2023BPix] MISSING_CENTRAL: WZ1E2Mu/Central/jets/1/eta in Skim_TriLep_TTG_PTG200toInf.root
2026-07-01 05:59:49,605 - INFO - [2023BPix] MISSING_FILE: /data9/Users/choij/Sync/workspace/ChargedHiggsAnalysisV3/SKNanoOutput/PromptAnalyzer/Run1E2Mu_RunCR_NoTreeMode/2023BPix/Skim_TriLep_MuonEG_D_v1.root
2026-07-01 05:59:49,605 - INFO - [2023BPix] MISSING_FILE: /data9/Users/choij/Sync/workspace/ChargedHiggsAnalysisV3/SKNanoOutput/PromptAnalyzer/Run1E2Mu_RunCR_NoTreeMode/2023BPix/Skim_TriLep_MuonEG_D_v2.root
2026-07-01 05:59:52,186 - INFO - [2023BPix] MISSING_FILE: /data9/Users/choij/Sync/workspace/ChargedHiggsAnalysisV3/SKNanoOutput/PromptAnalyzer/Run1E2Mu_RunCR_NoTreeMode/2023BPix/Skim_TriLep_MuonEG_D_v1.root
2026-07-01 05:59:52,187 - INFO - [2023BPix] MISSING_FILE: /data9/Users/choij/Sync/workspace/ChargedHiggsAnalysisV3/SKNanoOutput/PromptAnalyzer/Run1E2Mu_RunCR_NoTreeMode/2023BPix/Skim_TriLep_MuonEG_D_v2.root
2026-07-01 06:51:53,808 - INFO - [2023BPix] MISSING_CENTRAL: WZ1E2Mu/Central/jets/1/eta in Skim_TriLep_DYJets10to50.root
2026-07-01 06:51:53,832 - INFO - [2023BPix] MISSING_CENTRAL: WZ1E2Mu/Central/jets/1/eta in Skim_TriLep_TTG_PTG200toInf.root
2026-07-01 06:51:57,811 - INFO - [2023BPix] MISSING_CENTRAL: WZ1E2Mu/Central/jets/1/eta in Skim_TriLep_DYJets10to50.root
2026-07-01 06:51:57,815 - INFO - [2023BPix] MISSING_CENTRAL: WZ1E2Mu/Central/jets/1/eta in Skim_TriLep_TTG_PTG200toInf.root
2026-07-01 15:27:09,014 - INFO - [2023BPix] MISSING_CENTRAL: WZ1E2Mu/Central/jets/1/eta in Skim_TriLep_DYJets10to50.root
2026-07-01 15:27:09,038 - INFO - [2023BPix] MISSING_CENTRAL: WZ1E2Mu/Central/jets/1/eta in Skim_TriLep_TTG_PTG200toInf.root
2026-07-01 15:27:13,659 - INFO - [2023BPix] MISSING_CENTRAL: WZ1E2Mu/Central/jets/1/eta in Skim_TriLep_DYJets10to50.root
2026-07-01 15:27:13,662 - INFO - [2023BPix] MISSING_CENTRAL: WZ1E2Mu/Central/jets/1/eta in Skim_TriLep_TTG_PTG200toInf.root
2026-07-01 17:43:09,408 - INFO - [2023BPix] MISSING_CENTRAL: WZ1E2Mu/Central/jets/1/eta in Skim_TriLep_DYJets10to50.root
2026-07-01 17:43:09,422 - INFO - [2023BPix] MISSING_CENTRAL: WZ1E2Mu/Central/jets/1/eta in Skim_TriLep_TTG_PTG200toInf.root
2026-07-01 17:43:13,665 - INFO - [2023BPix] MISSING_CENTRAL: WZ1E2Mu/Central/jets/1/eta in Skim_TriLep_DYJets10to50.root
2026-07-01 17:43:13,668 - INFO - [2023BPix] MISSING_CENTRAL: WZ1E2Mu/Central/jets/1/eta in Skim_TriLep_TTG_PTG200toInf.root
