2025-09-24 15:41:00,150 - INFO - [2016preVFP] MISSING_CENTRAL: ZG3Mu/Central/convLep/eta in Skim_TriLep_DYJets10to50.root
2025-09-24 15:41:00,153 - INFO - [2016preVFP] MISSING_CENTRAL: ZG3Mu/Central/convLep/eta in Skim_TriLep_TTG.root
2025-09-24 15:41:00,166 - INFO - [2016preVFP] MISSING_FILE: /Users/choij/Sync/workspace/ChargedHiggsAnalysisV3/SKNanoOutput/CRPromptSelector/Run3Mu_RunSyst/2016preVFP/Skim_TriLep_WZTo3LNu_amcatnlo.root
2025-09-24 15:41:10,361 - INFO - [2016preVFP] MISSING_CENTRAL: ZG3Mu/Central/convLep/eta in Skim_TriLep_DYJets10to50.root
2025-09-24 15:41:10,362 - INFO - [2016preVFP] MISSING_CENTRAL: ZG3Mu/Central/convLep/eta in Skim_TriLep_TTG.root
2025-09-24 15:41:10,363 - INFO - [2016preVFP] MISSING_FILE: /Users/choij/Sync/workspace/ChargedHiggsAnalysisV3/SKNanoOutput/CRPromptSelector/Run3Mu_RunSyst/2016preVFP/Skim_TriLep_WZTo3LNu_amcatnlo.root
2025-10-02 21:07:15,867 - INFO - [2016preVFP] MISSING_CENTRAL: ZG3Mu/Central/convLep/eta in Skim_TriLep_DYJets10to50.root
2025-10-02 21:07:16,027 - INFO - [2016preVFP] MISSING_CENTRAL: ZG3Mu/Central/convLep/eta in Skim_TriLep_TTG.root
2025-10-02 21:07:16,368 - INFO - [2016preVFP] MISSING_FILE: /data9/Users/choij/Sync/workspace/ChargedHiggsAnalysisV3/SKNanoOutput/CRPromptSelector/Run3Mu_RunSyst/2016preVFP/Skim_TriLep_WZTo3LNu_amcatnlo.root
2025-10-02 21:07:22,241 - INFO - [2016preVFP] MISSING_CENTRAL: ZG3Mu/Central/convLep/eta in Skim_TriLep_DYJets10to50.root
2025-10-02 21:07:22,243 - INFO - [2016preVFP] MISSING_CENTRAL: ZG3Mu/Central/convLep/eta in Skim_TriLep_TTG.root
2025-10-02 21:07:22,257 - INFO - [2016preVFP] MISSING_FILE: /data9/Users/choij/Sync/workspace/ChargedHiggsAnalysisV3/SKNanoOutput/CRPromptSelector/Run3Mu_RunSyst/2016preVFP/Skim_TriLep_WZTo3LNu_amcatnlo.root
2025-10-02 21:09:06,003 - INFO - [2016preVFP] MISSING_CENTRAL: ZG3Mu/Central/convLep/eta in Skim_TriLep_DYJets10to50.root
2025-10-02 21:09:06,013 - INFO - [2016preVFP] MISSING_CENTRAL: ZG3Mu/Central/convLep/eta in Skim_TriLep_TTG.root
2025-10-02 21:09:06,046 - INFO - [2016preVFP] MISSING_FILE: /data9/Users/choij/Sync/workspace/ChargedHiggsAnalysisV3/SKNanoOutput/CRPromptSelector/Run3Mu_RunSyst/2016preVFP/Skim_TriLep_WZTo3LNu_amcatnlo.root
2025-10-02 21:09:11,488 - INFO - [2016preVFP] MISSING_CENTRAL: ZG3Mu/Central/convLep/eta in Skim_TriLep_DYJets10to50.root
2025-10-02 21:09:11,491 - INFO - [2016preVFP] MISSING_CENTRAL: ZG3Mu/Central/convLep/eta in Skim_TriLep_TTG.root
2025-10-02 21:09:11,504 - INFO - [2016preVFP] MISSING_FILE: /data9/Users/choij/Sync/workspace/ChargedHiggsAnalysisV3/SKNanoOutput/CRPromptSelector/Run3Mu_RunSyst/2016preVFP/Skim_TriLep_WZTo3LNu_amcatnlo.root
2025-10-02 23:54:24,476 - INFO - [2016preVFP] MISSING_CENTRAL: ZG3Mu/Central/convLep/eta in Skim_TriLep_DYJets10to50.root
2025-10-02 23:54:24,480 - INFO - [2016preVFP] MISSING_CENTRAL: ZG3Mu/Central/convLep/eta in Skim_TriLep_TTG.root
2025-10-02 23:54:24,491 - INFO - [2016preVFP] MISSING_FILE: /Users/choij/Sync/workspace/ChargedHiggsAnalysisV3/SKNanoOutput/CRPromptSelector/Run3Mu_RunSyst/2016preVFP/Skim_TriLep_WZTo3LNu_amcatnlo.root
2025-10-02 23:54:34,247 - INFO - [2016preVFP] MISSING_CENTRAL: ZG3Mu/Central/convLep/eta in Skim_TriLep_DYJets10to50.root
2025-10-02 23:54:34,248 - INFO - [2016preVFP] MISSING_CENTRAL: ZG3Mu/Central/convLep/eta in Skim_TriLep_TTG.root
2025-10-02 23:54:34,249 - INFO - [2016preVFP] MISSING_FILE: /Users/choij/Sync/workspace/ChargedHiggsAnalysisV3/SKNanoOutput/CRPromptSelector/Run3Mu_RunSyst/2016preVFP/Skim_TriLep_WZTo3LNu_amcatnlo.root
2025-11-07 13:24:45,770 - INFO - [2016preVFP] MISSING_CENTRAL: ZG3Mu/Central/convLep/eta in Skim_TriLep_DYJets10to50.root
2025-11-07 13:24:45,774 - INFO - [2016preVFP] MISSING_CENTRAL: ZG3Mu/Central/convLep/eta in Skim_TriLep_TTG.root
2025-11-07 13:24:45,787 - INFO - [2016preVFP] MISSING_FILE: /home/choij/Sync/workspace/ChargedHiggsAnalysisV3/SKNanoOutput/CRPromptSelector/Run3Mu_RunSyst/2016preVFP/Skim_TriLep_WZTo3LNu_amcatnlo.root
2025-11-07 13:24:50,617 - INFO - [2016preVFP] MISSING_CENTRAL: ZG3Mu/Central/convLep/eta in Skim_TriLep_DYJets10to50.root
2025-11-07 13:24:50,618 - INFO - [2016preVFP] MISSING_CENTRAL: ZG3Mu/Central/convLep/eta in Skim_TriLep_TTG.root
2025-11-07 13:24:50,619 - INFO - [2016preVFP] MISSING_FILE: /home/choij/Sync/workspace/ChargedHiggsAnalysisV3/SKNanoOutput/CRPromptSelector/Run3Mu_RunSyst/2016preVFP/Skim_TriLep_WZTo3LNu_amcatnlo.root
2025-11-07 13:27:13,762 - INFO - [2016preVFP] MISSING_CENTRAL: ZG3Mu/Central/convLep/eta in Skim_TriLep_DYJets10to50.root
2025-11-07 13:27:13,765 - INFO - [2016preVFP] MISSING_CENTRAL: ZG3Mu/Central/convLep/eta in Skim_TriLep_TTG.root
2025-11-07 13:27:13,778 - INFO - [2016preVFP] MISSING_FILE: /home/choij/Sync/workspace/ChargedHiggsAnalysisV3/SKNanoOutput/CRPromptSelector/Run3Mu_RunSyst/2016preVFP/Skim_TriLep_WZTo3LNu_amcatnlo.root
2025-11-07 13:27:18,715 - INFO - [2016preVFP] MISSING_CENTRAL: ZG3Mu/Central/convLep/eta in Skim_TriLep_DYJets10to50.root
2025-11-07 13:27:18,716 - INFO - [2016preVFP] MISSING_CENTRAL: ZG3Mu/Central/convLep/eta in Skim_TriLep_TTG.root
2025-11-07 13:27:18,717 - INFO - [2016preVFP] MISSING_FILE: /home/choij/Sync/workspace/ChargedHiggsAnalysisV3/SKNanoOutput/CRPromptSelector/Run3Mu_RunSyst/2016preVFP/Skim_TriLep_WZTo3LNu_amcatnlo.root
2025-11-07 13:43:36,859 - INFO - [2016preVFP] MISSING_CENTRAL: ZG3Mu/Central/convLep/eta in Skim_TriLep_DYJets10to50.root
2025-11-07 13:43:36,863 - INFO - [2016preVFP] MISSING_CENTRAL: ZG3Mu/Central/convLep/eta in Skim_TriLep_TTG.root
2025-11-07 13:43:36,875 - INFO - [2016preVFP] MISSING_FILE: /home/choij/Sync/workspace/ChargedHiggsAnalysisV3/SKNanoOutput/CRPromptSelector/Run3Mu_RunSyst/2016preVFP/Skim_TriLep_WZTo3LNu_amcatnlo.root
2025-11-07 13:43:41,804 - INFO - [2016preVFP] MISSING_CENTRAL: ZG3Mu/Central/convLep/eta in Skim_TriLep_DYJets10to50.root
2025-11-07 13:43:41,804 - INFO - [2016preVFP] MISSING_CENTRAL: ZG3Mu/Central/convLep/eta in Skim_TriLep_TTG.root
2025-11-07 13:43:41,806 - INFO - [2016preVFP] MISSING_FILE: /home/choij/Sync/workspace/ChargedHiggsAnalysisV3/SKNanoOutput/CRPromptSelector/Run3Mu_RunSyst/2016preVFP/Skim_TriLep_WZTo3LNu_amcatnlo.root
2025-11-07 13:51:33,901 - INFO - [2016preVFP] MISSING_CENTRAL: ZG3Mu/Central/convLep/eta in Skim_TriLep_DYJets10to50.root
2025-11-07 13:51:33,904 - INFO - [2016preVFP] MISSING_CENTRAL: ZG3Mu/Central/convLep/eta in Skim_TriLep_TTG.root
2025-11-07 13:51:33,916 - INFO - [2016preVFP] MISSING_FILE: /home/choij/Sync/workspace/ChargedHiggsAnalysisV3/SKNanoOutput/CRPromptSelector/Run3Mu_RunSyst/2016preVFP/Skim_TriLep_WZTo3LNu_amcatnlo.root
2025-11-07 13:51:38,784 - INFO - [2016preVFP] MISSING_CENTRAL: ZG3Mu/Central/convLep/eta in Skim_TriLep_DYJets10to50.root
2025-11-07 13:51:38,784 - INFO - [2016preVFP] MISSING_CENTRAL: ZG3Mu/Central/convLep/eta in Skim_TriLep_TTG.root
2025-11-07 13:51:38,786 - INFO - [2016preVFP] MISSING_FILE: /home/choij/Sync/workspace/ChargedHiggsAnalysisV3/SKNanoOutput/CRPromptSelector/Run3Mu_RunSyst/2016preVFP/Skim_TriLep_WZTo3LNu_amcatnlo.root
2025-11-07 13:59:59,489 - INFO - [2016preVFP] MISSING_CENTRAL: ZG3Mu/Central/convLep/eta in Skim_TriLep_DYJets10to50.root
2025-11-07 13:59:59,493 - INFO - [2016preVFP] MISSING_CENTRAL: ZG3Mu/Central/convLep/eta in Skim_TriLep_TTG.root
2025-11-07 13:59:59,505 - INFO - [2016preVFP] MISSING_FILE: /home/choij/Sync/workspace/ChargedHiggsAnalysisV3/SKNanoOutput/CRPromptSelector/Run3Mu_RunSyst/2016preVFP/Skim_TriLep_WZTo3LNu_amcatnlo.root
2025-11-07 14:00:04,405 - INFO - [2016preVFP] MISSING_CENTRAL: ZG3Mu/Central/convLep/eta in Skim_TriLep_DYJets10to50.root
2025-11-07 14:00:04,406 - INFO - [2016preVFP] MISSING_CENTRAL: ZG3Mu/Central/convLep/eta in Skim_TriLep_TTG.root
2025-11-07 14:00:04,407 - INFO - [2016preVFP] MISSING_FILE: /home/choij/Sync/workspace/ChargedHiggsAnalysisV3/SKNanoOutput/CRPromptSelector/Run3Mu_RunSyst/2016preVFP/Skim_TriLep_WZTo3LNu_amcatnlo.root
2025-11-10 05:49:49,080 - INFO - [2016preVFP] MISSING_CENTRAL: ZG3Mu/Central/convLep/eta in Skim_TriLep_DYJets10to50.root
2025-11-10 05:49:49,084 - INFO - [2016preVFP] MISSING_CENTRAL: ZG3Mu/Central/convLep/eta in Skim_TriLep_TTG.root
2025-11-10 05:49:49,096 - INFO - [2016preVFP] MISSING_FILE: /home/choij/Sync/workspace/ChargedHiggsAnalysisV3/SKNanoOutput/CRPromptSelector/Run3Mu_RunSyst/2016preVFP/Skim_TriLep_WZTo3LNu_amcatnlo.root
2025-11-10 05:49:55,143 - INFO - [2016preVFP] MISSING_CENTRAL: ZG3Mu/Central/convLep/eta in Skim_TriLep_DYJets10to50.root
2025-11-10 05:49:55,144 - INFO - [2016preVFP] MISSING_CENTRAL: ZG3Mu/Central/convLep/eta in Skim_TriLep_TTG.root
2025-11-10 05:49:55,146 - INFO - [2016preVFP] MISSING_FILE: /home/choij/Sync/workspace/ChargedHiggsAnalysisV3/SKNanoOutput/CRPromptSelector/Run3Mu_RunSyst/2016preVFP/Skim_TriLep_WZTo3LNu_amcatnlo.root
2025-11-10 12:14:58,977 - INFO - [2016preVFP] MISSING_CENTRAL: ZG3Mu/Central/convLep/eta in Skim_TriLep_DYJets10to50.root
2025-11-10 12:14:58,982 - INFO - [2016preVFP] MISSING_CENTRAL: ZG3Mu/Central/convLep/eta in Skim_TriLep_TTG.root
2025-11-10 12:14:59,003 - INFO - [2016preVFP] MISSING_FILE: /home/choij/Sync/workspace/ChargedHiggsAnalysisV3/SKNanoOutput/CRPromptSelector/Run3Mu_RunSyst/2016preVFP/Skim_TriLep_WZTo3LNu_amcatnlo.root
2025-11-10 12:15:04,352 - INFO - [2016preVFP] MISSING_CENTRAL: ZG3Mu/Central/convLep/eta in Skim_TriLep_DYJets10to50.root
2025-11-10 12:15:04,353 - INFO - [2016preVFP] MISSING_CENTRAL: ZG3Mu/Central/convLep/eta in Skim_TriLep_TTG.root
2025-11-10 12:15:04,354 - INFO - [2016preVFP] MISSING_FILE: /home/choij/Sync/workspace/ChargedHiggsAnalysisV3/SKNanoOutput/CRPromptSelector/Run3Mu_RunSyst/2016preVFP/Skim_TriLep_WZTo3LNu_amcatnlo.root
2025-11-13 11:03:27,141 - INFO - [2016preVFP] MISSING_CENTRAL: ZG3Mu/Central/convLep/eta in Skim_TriLep_DYJets10to50.root
2025-11-13 11:03:27,152 - INFO - [2016preVFP] MISSING_CENTRAL: ZG3Mu/Central/convLep/eta in Skim_TriLep_TTG.root
2025-11-13 11:03:27,260 - INFO - [2016preVFP] MISSING_FILE: /data9/Users/choij/Sync/workspace/ChargedHiggsAnalysisV3/SKNanoOutput/CRPromptSelector/Run3Mu_RunSyst/2016preVFP/Skim_TriLep_WZTo3LNu_amcatnlo.root
2025-11-13 11:03:33,472 - INFO - [2016preVFP] MISSING_CENTRAL: ZG3Mu/Central/convLep/eta in Skim_TriLep_DYJets10to50.root
2025-11-13 11:03:33,474 - INFO - [2016preVFP] MISSING_CENTRAL: ZG3Mu/Central/convLep/eta in Skim_TriLep_TTG.root
2025-11-13 11:03:33,478 - INFO - [2016preVFP] MISSING_FILE: /data9/Users/choij/Sync/workspace/ChargedHiggsAnalysisV3/SKNanoOutput/CRPromptSelector/Run3Mu_RunSyst/2016preVFP/Skim_TriLep_WZTo3LNu_amcatnlo.root
2025-11-19 00:16:21,708 - INFO - [2016preVFP] MISSING_CENTRAL: ZG3Mu/Central/convLep/eta in Skim_TriLep_DYJets10to50.root
2025-11-19 00:16:21,715 - INFO - [2016preVFP] MISSING_CENTRAL: ZG3Mu/Central/convLep/eta in Skim_TriLep_TTG.root
2025-11-19 00:16:21,737 - INFO - [2016preVFP] MISSING_FILE: /data9/Users/choij/Sync/workspace/ChargedHiggsAnalysisV3/SKNanoOutput/CRPromptSelector/Run3Mu_RunSyst/2016preVFP/Skim_TriLep_WZTo3LNu_amcatnlo.root
2025-11-19 00:16:26,952 - INFO - [2016preVFP] MISSING_CENTRAL: ZG3Mu/Central/convLep/eta in Skim_TriLep_DYJets10to50.root
2025-11-19 00:16:26,954 - INFO - [2016preVFP] MISSING_CENTRAL: ZG3Mu/Central/convLep/eta in Skim_TriLep_TTG.root
2025-11-19 00:16:26,958 - INFO - [2016preVFP] MISSING_FILE: /data9/Users/choij/Sync/workspace/ChargedHiggsAnalysisV3/SKNanoOutput/CRPromptSelector/Run3Mu_RunSyst/2016preVFP/Skim_TriLep_WZTo3LNu_amcatnlo.root
2025-11-19 15:41:29,270 - INFO - [2016preVFP] MISSING_CENTRAL: ZG3Mu/Central/convLep/eta in Skim_TriLep_DYJets10to50.root
2025-11-19 15:41:29,274 - INFO - [2016preVFP] MISSING_CENTRAL: ZG3Mu/Central/convLep/eta in Skim_TriLep_TTG.root
2025-11-19 15:41:29,286 - INFO - [2016preVFP] MISSING_FILE: /home/choij/Sync/workspace/ChargedHiggsAnalysisV3/SKNanoOutput/CRPromptSelector/Run3Mu_RunSyst/2016preVFP/Skim_TriLep_WZTo3LNu_amcatnlo.root
2025-11-19 15:41:34,119 - INFO - [2016preVFP] MISSING_CENTRAL: ZG3Mu/Central/convLep/eta in Skim_TriLep_DYJets10to50.root
2025-11-19 15:41:34,120 - INFO - [2016preVFP] MISSING_CENTRAL: ZG3Mu/Central/convLep/eta in Skim_TriLep_TTG.root
2025-11-19 15:41:34,121 - INFO - [2016preVFP] MISSING_FILE: /home/choij/Sync/workspace/ChargedHiggsAnalysisV3/SKNanoOutput/CRPromptSelector/Run3Mu_RunSyst/2016preVFP/Skim_TriLep_WZTo3LNu_amcatnlo.root
2025-11-19 16:17:18,583 - INFO - [2016preVFP] MISSING_CENTRAL: ZG3Mu/Central/convLep/eta in Skim_TriLep_DYJets10to50.root
2025-11-19 16:17:18,586 - INFO - [2016preVFP] MISSING_CENTRAL: ZG3Mu/Central/convLep/eta in Skim_TriLep_TTG.root
2025-11-19 16:17:18,598 - INFO - [2016preVFP] MISSING_FILE: /home/choij/Sync/workspace/ChargedHiggsAnalysisV3/SKNanoOutput/CRPromptSelector/Run3Mu_RunSyst/2016preVFP/Skim_TriLep_WZTo3LNu_amcatnlo.root
2025-11-19 16:17:23,487 - INFO - [2016preVFP] MISSING_CENTRAL: ZG3Mu/Central/convLep/eta in Skim_TriLep_DYJets10to50.root
2025-11-19 16:17:23,488 - INFO - [2016preVFP] MISSING_CENTRAL: ZG3Mu/Central/convLep/eta in Skim_TriLep_TTG.root
2025-11-19 16:17:23,489 - INFO - [2016preVFP] MISSING_FILE: /home/choij/Sync/workspace/ChargedHiggsAnalysisV3/SKNanoOutput/CRPromptSelector/Run3Mu_RunSyst/2016preVFP/Skim_TriLep_WZTo3LNu_amcatnlo.root
2025-12-17 12:24:39,746 - INFO - [2016preVFP] MISSING_CENTRAL: ZG3Mu/Central/convLep/eta in Skim_TriLep_DYJets10to50.root
2025-12-17 12:24:39,746 - INFO - [2016preVFP] MISSING_FILE: /data9/Users/choij/Sync/workspace/ChargedHiggsAnalysisV3/SKNanoOutput/CRPromptSelector/Run3Mu_RunSyst/2016preVFP/Skim_TriLep_ZGToLLG.root
2025-12-17 12:24:39,748 - INFO - [2016preVFP] MISSING_CENTRAL: ZG3Mu/Central/convLep/eta in Skim_TriLep_TTG.root
2025-12-17 12:24:43,707 - INFO - [2016preVFP] MISSING_CENTRAL: ZG3Mu/Central/convLep/eta in Skim_TriLep_DYJets10to50.root
2025-12-17 12:24:43,707 - INFO - [2016preVFP] MISSING_FILE: /data9/Users/choij/Sync/workspace/ChargedHiggsAnalysisV3/SKNanoOutput/CRPromptSelector/Run3Mu_RunSyst/2016preVFP/Skim_TriLep_ZGToLLG.root
2025-12-17 12:24:43,709 - INFO - [2016preVFP] MISSING_CENTRAL: ZG3Mu/Central/convLep/eta in Skim_TriLep_TTG.root
2025-12-17 16:06:33,969 - INFO - [2016preVFP] MISSING_CENTRAL: ZG3Mu/Central/convLep/eta in Skim_TriLep_DYJets10to50.root
2025-12-17 16:06:33,970 - INFO - [2016preVFP] MISSING_FILE: /data9/Users/choij/Sync/workspace/ChargedHiggsAnalysisV3/SKNanoOutput/CRPromptSelector/Run3Mu_RunSyst/2016preVFP/Skim_TriLep_ZGToLLG.root
2025-12-17 16:06:33,971 - INFO - [2016preVFP] MISSING_CENTRAL: ZG3Mu/Central/convLep/eta in Skim_TriLep_TTG.root
2025-12-17 16:06:38,831 - INFO - [2016preVFP] MISSING_CENTRAL: ZG3Mu/Central/convLep/eta in Skim_TriLep_DYJets10to50.root
2025-12-17 16:06:38,832 - INFO - [2016preVFP] MISSING_FILE: /data9/Users/choij/Sync/workspace/ChargedHiggsAnalysisV3/SKNanoOutput/CRPromptSelector/Run3Mu_RunSyst/2016preVFP/Skim_TriLep_ZGToLLG.root
2025-12-17 16:06:38,832 - INFO - [2016preVFP] MISSING_CENTRAL: ZG3Mu/Central/convLep/eta in Skim_TriLep_TTG.root
2025-12-17 22:30:39,698 - INFO - [2016preVFP] MISSING_CENTRAL: ZG3Mu/Central/convLep/eta in Skim_TriLep_DYJets10to50.root
2025-12-17 22:30:39,698 - INFO - [2016preVFP] MISSING_FILE: /data9/Users/choij/Sync/workspace/ChargedHiggsAnalysisV3/SKNanoOutput/CRPromptSelector/Run3Mu_RunSyst/2016preVFP/Skim_TriLep_ZGToLLG.root
2025-12-17 22:30:39,699 - INFO - [2016preVFP] MISSING_CENTRAL: ZG3Mu/Central/convLep/eta in Skim_TriLep_TTG.root
2025-12-17 22:30:44,943 - INFO - [2016preVFP] MISSING_CENTRAL: ZG3Mu/Central/convLep/eta in Skim_TriLep_DYJets10to50.root
2025-12-17 22:30:44,943 - INFO - [2016preVFP] MISSING_FILE: /data9/Users/choij/Sync/workspace/ChargedHiggsAnalysisV3/SKNanoOutput/CRPromptSelector/Run3Mu_RunSyst/2016preVFP/Skim_TriLep_ZGToLLG.root
2025-12-17 22:30:44,944 - INFO - [2016preVFP] MISSING_CENTRAL: ZG3Mu/Central/convLep/eta in Skim_TriLep_TTG.root
2025-12-18 14:09:27,522 - INFO - [2016preVFP] MISSING_CENTRAL: ZG3Mu/Central/convLep/eta in Skim_TriLep_DYJets10to50.root
2025-12-18 14:09:27,523 - INFO - [2016preVFP] MISSING_FILE: /data9/Users/choij/Sync/workspace/ChargedHiggsAnalysisV3/SKNanoOutput/CRPromptSelector/Run3Mu_RunSyst/2016preVFP/Skim_TriLep_ZGToLLG.root
2025-12-18 14:09:27,524 - INFO - [2016preVFP] MISSING_CENTRAL: ZG3Mu/Central/convLep/eta in Skim_TriLep_TTG.root
2025-12-18 14:09:32,762 - INFO - [2016preVFP] MISSING_CENTRAL: ZG3Mu/Central/convLep/eta in Skim_TriLep_DYJets10to50.root
2025-12-18 14:09:32,762 - INFO - [2016preVFP] MISSING_FILE: /data9/Users/choij/Sync/workspace/ChargedHiggsAnalysisV3/SKNanoOutput/CRPromptSelector/Run3Mu_RunSyst/2016preVFP/Skim_TriLep_ZGToLLG.root
2025-12-18 14:09:32,763 - INFO - [2016preVFP] MISSING_CENTRAL: ZG3Mu/Central/convLep/eta in Skim_TriLep_TTG.root
2025-12-18 14:13:33,146 - INFO - [2016preVFP] MISSING_CENTRAL: ZG3Mu/Central/convLep/eta in Skim_TriLep_DYJets10to50.root
2025-12-18 14:13:33,147 - INFO - [2016preVFP] MISSING_FILE: /data9/Users/choij/Sync/workspace/ChargedHiggsAnalysisV3/SKNanoOutput/CRPromptSelector/Run3Mu_RunSyst/2016preVFP/Skim_TriLep_ZGToLLG.root
2025-12-18 14:13:33,148 - INFO - [2016preVFP] MISSING_CENTRAL: ZG3Mu/Central/convLep/eta in Skim_TriLep_TTG.root
2025-12-18 14:13:38,448 - INFO - [2016preVFP] MISSING_CENTRAL: ZG3Mu/Central/convLep/eta in Skim_TriLep_DYJets10to50.root
2025-12-18 14:13:38,448 - INFO - [2016preVFP] MISSING_FILE: /data9/Users/choij/Sync/workspace/ChargedHiggsAnalysisV3/SKNanoOutput/CRPromptSelector/Run3Mu_RunSyst/2016preVFP/Skim_TriLep_ZGToLLG.root
2025-12-18 14:13:38,450 - INFO - [2016preVFP] MISSING_CENTRAL: ZG3Mu/Central/convLep/eta in Skim_TriLep_TTG.root
2025-12-18 14:29:04,413 - INFO - [2016preVFP] MISSING_CENTRAL: ZG3Mu/Central/convLep/eta in Skim_TriLep_DYJets10to50.root
2025-12-18 14:29:04,413 - INFO - [2016preVFP] MISSING_FILE: /data9/Users/choij/Sync/workspace/ChargedHiggsAnalysisV3/SKNanoOutput/CRPromptSelector/Run3Mu_RunSyst/2016preVFP/Skim_TriLep_ZGToLLG.root
2025-12-18 14:29:04,414 - INFO - [2016preVFP] MISSING_CENTRAL: ZG3Mu/Central/convLep/eta in Skim_TriLep_TTG.root
2025-12-18 14:29:09,600 - INFO - [2016preVFP] MISSING_CENTRAL: ZG3Mu/Central/convLep/eta in Skim_TriLep_DYJets10to50.root
2025-12-18 14:29:09,601 - INFO - [2016preVFP] MISSING_FILE: /data9/Users/choij/Sync/workspace/ChargedHiggsAnalysisV3/SKNanoOutput/CRPromptSelector/Run3Mu_RunSyst/2016preVFP/Skim_TriLep_ZGToLLG.root
2025-12-18 14:29:09,602 - INFO - [2016preVFP] MISSING_CENTRAL: ZG3Mu/Central/convLep/eta in Skim_TriLep_TTG.root
2026-01-07 11:39:20,612 - INFO - [2016preVFP] MISSING_FILE: /data9/Users/choij/Sync/workspace/ChargedHiggsAnalysisV3/SKNanoOutput/CRPromptSelector/Run3Mu/2016preVFP/Skim_TriLep_DoubleMuon_B.root
2026-01-07 11:39:20,612 - INFO - [2016preVFP] MISSING_FILE: /data9/Users/choij/Sync/workspace/ChargedHiggsAnalysisV3/SKNanoOutput/CRPromptSelector/Run3Mu/2016preVFP/Skim_TriLep_DoubleMuon_C.root
2026-01-07 11:39:20,612 - INFO - [2016preVFP] MISSING_FILE: /data9/Users/choij/Sync/workspace/ChargedHiggsAnalysisV3/SKNanoOutput/CRPromptSelector/Run3Mu/2016preVFP/Skim_TriLep_DoubleMuon_D.root
2026-01-07 11:39:20,612 - INFO - [2016preVFP] MISSING_FILE: /data9/Users/choij/Sync/workspace/ChargedHiggsAnalysisV3/SKNanoOutput/CRPromptSelector/Run3Mu/2016preVFP/Skim_TriLep_DoubleMuon_E.root
2026-01-07 11:39:20,612 - INFO - [2016preVFP] MISSING_FILE: /data9/Users/choij/Sync/workspace/ChargedHiggsAnalysisV3/SKNanoOutput/CRPromptSelector/Run3Mu/2016preVFP/Skim_TriLep_DoubleMuon_F.root
2026-01-07 11:39:23,316 - INFO - [2016preVFP] MISSING_FILE: /data9/Users/choij/Sync/workspace/ChargedHiggsAnalysisV3/SKNanoOutput/CRPromptSelector/Run3Mu/2016preVFP/Skim_TriLep_DoubleMuon_B.root
2026-01-07 11:39:23,316 - INFO - [2016preVFP] MISSING_FILE: /data9/Users/choij/Sync/workspace/ChargedHiggsAnalysisV3/SKNanoOutput/CRPromptSelector/Run3Mu/2016preVFP/Skim_TriLep_DoubleMuon_C.root
2026-01-07 11:39:23,316 - INFO - [2016preVFP] MISSING_FILE: /data9/Users/choij/Sync/workspace/ChargedHiggsAnalysisV3/SKNanoOutput/CRPromptSelector/Run3Mu/2016preVFP/Skim_TriLep_DoubleMuon_D.root
2026-01-07 11:39:23,317 - INFO - [2016preVFP] MISSING_FILE: /data9/Users/choij/Sync/workspace/ChargedHiggsAnalysisV3/SKNanoOutput/CRPromptSelector/Run3Mu/2016preVFP/Skim_TriLep_DoubleMuon_E.root
2026-01-07 11:39:23,317 - INFO - [2016preVFP] MISSING_FILE: /data9/Users/choij/Sync/workspace/ChargedHiggsAnalysisV3/SKNanoOutput/CRPromptSelector/Run3Mu/2016preVFP/Skim_TriLep_DoubleMuon_F.root
2026-01-07 18:36:47,619 - INFO - [2016preVFP] MISSING_CENTRAL: ZG3Mu/Central/convLep/eta in Skim_TriLep_DYJets10to50.root
2026-01-07 18:36:47,620 - INFO - [2016preVFP] MISSING_FILE: /data9/Users/choij/Sync/workspace/ChargedHiggsAnalysisV3/SKNanoOutput/CRPromptSelector/Run3Mu_RunSyst/2016preVFP/Skim_TriLep_ZGToLLG.root
2026-01-07 18:36:47,621 - INFO - [2016preVFP] MISSING_CENTRAL: ZG3Mu/Central/convLep/eta in Skim_TriLep_TTG.root
2026-01-07 18:36:51,338 - INFO - [2016preVFP] MISSING_CENTRAL: ZG3Mu/Central/convLep/eta in Skim_TriLep_DYJets10to50.root
2026-01-07 18:36:51,338 - INFO - [2016preVFP] MISSING_FILE: /data9/Users/choij/Sync/workspace/ChargedHiggsAnalysisV3/SKNanoOutput/CRPromptSelector/Run3Mu_RunSyst/2016preVFP/Skim_TriLep_ZGToLLG.root
2026-01-07 18:36:51,338 - INFO - [2016preVFP] MISSING_CENTRAL: ZG3Mu/Central/convLep/eta in Skim_TriLep_TTG.root
2026-01-09 12:09:54,737 - INFO - [2016preVFP] MISSING_CENTRAL: ZG3Mu/Central/convLep/eta in Skim_TriLep_DYJets10to50.root
2026-01-09 12:09:54,737 - INFO - [2016preVFP] MISSING_FILE: /home/choij/Sync/workspace/ChargedHiggsAnalysisV3/SKNanoOutput/CRPromptSelector/Run3Mu_RunSyst/2016preVFP/Skim_TriLep_ZGToLLG.root
2026-01-09 12:09:54,738 - INFO - [2016preVFP] MISSING_CENTRAL: ZG3Mu/Central/convLep/eta in Skim_TriLep_TTG.root
2026-01-09 12:09:59,613 - INFO - [2016preVFP] MISSING_CENTRAL: ZG3Mu/Central/convLep/eta in Skim_TriLep_DYJets10to50.root
2026-01-09 12:09:59,613 - INFO - [2016preVFP] MISSING_FILE: /home/choij/Sync/workspace/ChargedHiggsAnalysisV3/SKNanoOutput/CRPromptSelector/Run3Mu_RunSyst/2016preVFP/Skim_TriLep_ZGToLLG.root
2026-01-09 12:09:59,613 - INFO - [2016preVFP] MISSING_CENTRAL: ZG3Mu/Central/convLep/eta in Skim_TriLep_TTG.root
2026-01-11 09:29:58,997 - INFO - [2016preVFP] MISSING_CENTRAL: ZG3Mu/Central/convLep/eta in Skim_TriLep_DYJets10to50.root
2026-01-11 09:29:58,998 - INFO - [2016preVFP] MISSING_FILE: /home/choij/Sync/workspace/ChargedHiggsAnalysisV3/SKNanoOutput/CRPromptSelector/Run3Mu_RunSyst/2016preVFP/Skim_TriLep_ZGToLLG.root
2026-01-11 09:29:58,998 - INFO - [2016preVFP] MISSING_CENTRAL: ZG3Mu/Central/convLep/eta in Skim_TriLep_TTG.root
2026-01-11 09:30:03,850 - INFO - [2016preVFP] MISSING_CENTRAL: ZG3Mu/Central/convLep/eta in Skim_TriLep_DYJets10to50.root
2026-01-11 09:30:03,850 - INFO - [2016preVFP] MISSING_FILE: /home/choij/Sync/workspace/ChargedHiggsAnalysisV3/SKNanoOutput/CRPromptSelector/Run3Mu_RunSyst/2016preVFP/Skim_TriLep_ZGToLLG.root
2026-01-11 09:30:03,851 - INFO - [2016preVFP] MISSING_CENTRAL: ZG3Mu/Central/convLep/eta in Skim_TriLep_TTG.root
2026-01-12 13:38:29,310 - INFO - [2016preVFP] MISSING_CENTRAL: ZG3Mu/Central/convLep/eta in Skim_TriLep_DYJets10to50.root
2026-01-12 13:38:29,310 - INFO - [2016preVFP] MISSING_FILE: /home/choij/Sync/workspace/ChargedHiggsAnalysisV3/SKNanoOutput/CRPromptSelector/Run3Mu_RunSyst/2016preVFP/Skim_TriLep_ZGToLLG.root
2026-01-12 13:38:29,310 - INFO - [2016preVFP] MISSING_CENTRAL: ZG3Mu/Central/convLep/eta in Skim_TriLep_TTG.root
2026-01-12 13:38:34,381 - INFO - [2016preVFP] MISSING_CENTRAL: ZG3Mu/Central/convLep/eta in Skim_TriLep_DYJets10to50.root
2026-01-12 13:38:34,381 - INFO - [2016preVFP] MISSING_FILE: /home/choij/Sync/workspace/ChargedHiggsAnalysisV3/SKNanoOutput/CRPromptSelector/Run3Mu_RunSyst/2016preVFP/Skim_TriLep_ZGToLLG.root
2026-01-12 13:38:34,382 - INFO - [2016preVFP] MISSING_CENTRAL: ZG3Mu/Central/convLep/eta in Skim_TriLep_TTG.root
2026-01-16 18:53:58,839 - INFO - [2016preVFP] MISSING_CENTRAL: ZG3Mu/Central/convLep/eta in Skim_TriLep_DYJets10to50.root
2026-01-16 18:53:58,839 - INFO - [2016preVFP] MISSING_FILE: /home/choij/Sync/workspace/ChargedHiggsAnalysisV3/SKNanoOutput/CRPromptSelector/Run3Mu_RunSyst/2016preVFP/Skim_TriLep_ZGToLLG.root
2026-01-16 18:53:58,839 - INFO - [2016preVFP] MISSING_CENTRAL: ZG3Mu/Central/convLep/eta in Skim_TriLep_TTG.root
2026-01-16 18:54:03,598 - INFO - [2016preVFP] MISSING_CENTRAL: ZG3Mu/Central/convLep/eta in Skim_TriLep_DYJets10to50.root
2026-01-16 18:54:03,598 - INFO - [2016preVFP] MISSING_FILE: /home/choij/Sync/workspace/ChargedHiggsAnalysisV3/SKNanoOutput/CRPromptSelector/Run3Mu_RunSyst/2016preVFP/Skim_TriLep_ZGToLLG.root
2026-01-16 18:54:03,599 - INFO - [2016preVFP] MISSING_CENTRAL: ZG3Mu/Central/convLep/eta in Skim_TriLep_TTG.root
2026-01-28 14:58:54,090 - INFO - [2016preVFP] MISSING_CENTRAL: ZG3Mu/Central/convLep/eta in Skim_TriLep_DYJets10to50.root
2026-01-28 14:58:54,091 - INFO - [2016preVFP] MISSING_CENTRAL: ZG3Mu/Central/convLep/eta in Skim_TriLep_TTG.root
2026-01-28 14:58:59,465 - INFO - [2016preVFP] MISSING_CENTRAL: ZG3Mu/Central/convLep/eta in Skim_TriLep_DYJets10to50.root
2026-01-28 14:58:59,465 - INFO - [2016preVFP] MISSING_CENTRAL: ZG3Mu/Central/convLep/eta in Skim_TriLep_TTG.root
2026-01-28 15:11:31,077 - INFO - [2016preVFP] MISSING_CENTRAL: ZG3Mu/Central/convLep/eta in Skim_TriLep_DYJets10to50.root
2026-01-28 15:11:31,077 - INFO - [2016preVFP] MISSING_CENTRAL: ZG3Mu/Central/convLep/eta in Skim_TriLep_TTG.root
2026-01-28 15:11:35,793 - INFO - [2016preVFP] MISSING_CENTRAL: ZG3Mu/Central/convLep/eta in Skim_TriLep_DYJets10to50.root
2026-01-28 15:11:35,794 - INFO - [2016preVFP] MISSING_CENTRAL: ZG3Mu/Central/convLep/eta in Skim_TriLep_TTG.root
2026-01-28 17:15:18,483 - INFO - [2016preVFP] MISSING_CENTRAL: ZG3Mu/Central/convLep/eta in Skim_TriLep_DYJets10to50.root
2026-01-28 17:15:18,483 - INFO - [2016preVFP] MISSING_CENTRAL: ZG3Mu/Central/convLep/eta in Skim_TriLep_TTG.root
2026-01-28 17:15:23,465 - INFO - [2016preVFP] MISSING_CENTRAL: ZG3Mu/Central/convLep/eta in Skim_TriLep_DYJets10to50.root
2026-01-28 17:15:23,466 - INFO - [2016preVFP] MISSING_CENTRAL: ZG3Mu/Central/convLep/eta in Skim_TriLep_TTG.root
2026-01-28 19:49:00,903 - INFO - [2016preVFP] MISSING_CENTRAL: ZG3Mu/Central/convLep/eta in Skim_TriLep_DYJets10to50.root
2026-01-28 19:49:00,903 - INFO - [2016preVFP] MISSING_CENTRAL: ZG3Mu/Central/convLep/eta in Skim_TriLep_TTG.root
2026-01-28 19:49:05,890 - INFO - [2016preVFP] MISSING_CENTRAL: ZG3Mu/Central/convLep/eta in Skim_TriLep_DYJets10to50.root
2026-01-28 19:49:05,890 - INFO - [2016preVFP] MISSING_CENTRAL: ZG3Mu/Central/convLep/eta in Skim_TriLep_TTG.root
2026-01-29 07:06:37,594 - INFO - [2016preVFP] MISSING_CENTRAL: ZG3Mu/Central/convLep/eta in Skim_TriLep_DYJets10to50.root
2026-01-29 07:06:37,595 - INFO - [2016preVFP] MISSING_CENTRAL: ZG3Mu/Central/convLep/eta in Skim_TriLep_TTG.root
2026-01-29 07:06:42,085 - INFO - [2016preVFP] MISSING_CENTRAL: ZG3Mu/Central/convLep/eta in Skim_TriLep_DYJets10to50.root
2026-01-29 07:06:42,086 - INFO - [2016preVFP] MISSING_CENTRAL: ZG3Mu/Central/convLep/eta in Skim_TriLep_TTG.root
2026-03-02 11:59:32,327 - INFO - [2016preVFP] MISSING_CENTRAL: ZG3Mu/Central/convLep/eta in Skim_TriLep_DYJets10to50.root
2026-03-02 11:59:32,328 - INFO - [2016preVFP] MISSING_CENTRAL: ZG3Mu/Central/convLep/eta in Skim_TriLep_TTG.root
2026-03-02 11:59:36,820 - INFO - [2016preVFP] MISSING_CENTRAL: ZG3Mu/Central/convLep/eta in Skim_TriLep_DYJets10to50.root
2026-03-02 11:59:36,820 - INFO - [2016preVFP] MISSING_CENTRAL: ZG3Mu/Central/convLep/eta in Skim_TriLep_TTG.root
2026-04-10 20:09:53,301 - INFO - [2016preVFP] MISSING_CENTRAL: ZG3Mu/Central/convLep/eta in Skim_TriLep_DYJets10to50.root
2026-04-10 20:09:53,301 - INFO - [2016preVFP] MISSING_CENTRAL: ZG3Mu/Central/convLep/eta in Skim_TriLep_TTG.root
2026-04-10 20:09:57,754 - INFO - [2016preVFP] MISSING_CENTRAL: ZG3Mu/Central/convLep/eta in Skim_TriLep_DYJets10to50.root
2026-04-10 20:09:57,754 - INFO - [2016preVFP] MISSING_CENTRAL: ZG3Mu/Central/convLep/eta in Skim_TriLep_TTG.root
2026-04-10 20:11:53,374 - INFO - [2016preVFP] MISSING_CENTRAL: ZG3Mu/Central/convLep/eta in Skim_TriLep_DYJets10to50.root
2026-04-10 20:11:53,375 - INFO - [2016preVFP] MISSING_CENTRAL: ZG3Mu/Central/convLep/eta in Skim_TriLep_TTG.root
2026-04-10 20:11:57,770 - INFO - [2016preVFP] MISSING_CENTRAL: ZG3Mu/Central/convLep/eta in Skim_TriLep_DYJets10to50.root
2026-04-10 20:11:57,770 - INFO - [2016preVFP] MISSING_CENTRAL: ZG3Mu/Central/convLep/eta in Skim_TriLep_TTG.root
2026-04-12 11:26:30,792 - INFO - [2016preVFP] MISSING_CENTRAL: ZG3Mu/Central/convLep/eta in Skim_TriLep_DYJets10to50.root
2026-04-12 11:26:30,792 - INFO - [2016preVFP] MISSING_CENTRAL: ZG3Mu/Central/convLep/eta in Skim_TriLep_TTG.root
2026-04-12 11:26:35,165 - INFO - [2016preVFP] MISSING_CENTRAL: ZG3Mu/Central/convLep/eta in Skim_TriLep_DYJets10to50.root
2026-04-12 11:26:35,166 - INFO - [2016preVFP] MISSING_CENTRAL: ZG3Mu/Central/convLep/eta in Skim_TriLep_TTG.root
2026-04-12 11:55:35,394 - INFO - [2016preVFP] MISSING_CENTRAL: ZG3Mu/Central/convLep/eta in Skim_TriLep_DYJets10to50.root
2026-04-12 11:55:35,395 - INFO - [2016preVFP] MISSING_CENTRAL: ZG3Mu/Central/convLep/eta in Skim_TriLep_TTG.root
2026-04-12 11:55:39,998 - INFO - [2016preVFP] MISSING_CENTRAL: ZG3Mu/Central/convLep/eta in Skim_TriLep_DYJets10to50.root
2026-04-12 11:55:39,998 - INFO - [2016preVFP] MISSING_CENTRAL: ZG3Mu/Central/convLep/eta in Skim_TriLep_TTG.root
2026-04-12 12:09:08,750 - INFO - [2016preVFP] MISSING_CENTRAL: ZG3Mu/Central/convLep/eta in Skim_TriLep_DYJets10to50.root
2026-04-12 12:09:08,751 - INFO - [2016preVFP] MISSING_CENTRAL: ZG3Mu/Central/convLep/eta in Skim_TriLep_TTG.root
2026-04-12 12:09:13,146 - INFO - [2016preVFP] MISSING_CENTRAL: ZG3Mu/Central/convLep/eta in Skim_TriLep_DYJets10to50.root
2026-04-12 12:09:13,147 - INFO - [2016preVFP] MISSING_CENTRAL: ZG3Mu/Central/convLep/eta in Skim_TriLep_TTG.root
2026-04-12 12:28:48,294 - INFO - [2016preVFP] MISSING_CENTRAL: ZG3Mu/Central/convLep/eta in Skim_TriLep_DYJets10to50.root
2026-04-12 12:28:48,295 - INFO - [2016preVFP] MISSING_CENTRAL: ZG3Mu/Central/convLep/eta in Skim_TriLep_TTG.root
2026-04-12 12:28:52,890 - INFO - [2016preVFP] MISSING_CENTRAL: ZG3Mu/Central/convLep/eta in Skim_TriLep_DYJets10to50.root
2026-04-12 12:28:52,890 - INFO - [2016preVFP] MISSING_CENTRAL: ZG3Mu/Central/convLep/eta in Skim_TriLep_TTG.root
2026-04-12 13:11:37,488 - INFO - [2016preVFP] MISSING_CENTRAL: ZG3Mu/Central/convLep/eta in Skim_TriLep_DYJets10to50.root
2026-04-12 13:11:37,488 - INFO - [2016preVFP] MISSING_CENTRAL: ZG3Mu/Central/convLep/eta in Skim_TriLep_TTG.root
2026-04-12 13:11:42,007 - INFO - [2016preVFP] MISSING_CENTRAL: ZG3Mu/Central/convLep/eta in Skim_TriLep_DYJets10to50.root
2026-04-12 13:11:42,008 - INFO - [2016preVFP] MISSING_CENTRAL: ZG3Mu/Central/convLep/eta in Skim_TriLep_TTG.root
2026-04-12 20:36:36,481 - INFO - [2016preVFP] MISSING_CENTRAL: ZG3Mu/Central/convLep/eta in Skim_TriLep_DYJets10to50.root
2026-04-12 20:36:36,481 - INFO - [2016preVFP] MISSING_CENTRAL: ZG3Mu/Central/convLep/eta in Skim_TriLep_TTG.root
2026-04-12 20:36:41,081 - INFO - [2016preVFP] MISSING_CENTRAL: ZG3Mu/Central/convLep/eta in Skim_TriLep_DYJets10to50.root
2026-04-12 20:36:41,081 - INFO - [2016preVFP] MISSING_CENTRAL: ZG3Mu/Central/convLep/eta in Skim_TriLep_TTG.root
2026-04-12 21:02:52,384 - INFO - [2016preVFP] MISSING_CENTRAL: ZG3Mu/Central/convLep/eta in Skim_TriLep_DYJets10to50.root
2026-04-12 21:02:52,384 - INFO - [2016preVFP] MISSING_CENTRAL: ZG3Mu/Central/convLep/eta in Skim_TriLep_TTG.root
2026-04-12 21:08:23,227 - INFO - [2016preVFP] MISSING_CENTRAL: ZG3Mu/Central/convLep/eta in Skim_TriLep_DYJets10to50.root
2026-04-12 21:08:23,227 - INFO - [2016preVFP] MISSING_CENTRAL: ZG3Mu/Central/convLep/eta in Skim_TriLep_TTG.root
2026-04-12 21:08:27,832 - INFO - [2016preVFP] MISSING_CENTRAL: ZG3Mu/Central/convLep/eta in Skim_TriLep_DYJets10to50.root
2026-04-12 21:08:27,832 - INFO - [2016preVFP] MISSING_CENTRAL: ZG3Mu/Central/convLep/eta in Skim_TriLep_TTG.root
2026-04-13 12:45:46,454 - INFO - [2016preVFP] MISSING_CENTRAL: ZG3Mu/Central/convLep/eta in Skim_TriLep_DYJets10to50.root
2026-04-13 12:45:46,455 - INFO - [2016preVFP] MISSING_CENTRAL: ZG3Mu/Central/convLep/eta in Skim_TriLep_TTG.root
2026-04-13 12:45:50,848 - INFO - [2016preVFP] MISSING_CENTRAL: ZG3Mu/Central/convLep/eta in Skim_TriLep_DYJets10to50.root
2026-04-13 12:45:50,849 - INFO - [2016preVFP] MISSING_CENTRAL: ZG3Mu/Central/convLep/eta in Skim_TriLep_TTG.root
2026-06-12 14:01:34,089 - INFO - [2016preVFP] MISSING_CENTRAL: ZG3Mu/Central/convLep/eta in Skim_TriLep_DYJets10to50.root
2026-06-12 14:01:34,090 - INFO - [2016preVFP] MISSING_CENTRAL: ZG3Mu/Central/convLep/eta in Skim_TriLep_TTG.root
2026-06-12 14:01:38,446 - INFO - [2016preVFP] MISSING_CENTRAL: ZG3Mu/Central/convLep/eta in Skim_TriLep_DYJets10to50.root
2026-06-12 14:01:38,446 - INFO - [2016preVFP] MISSING_CENTRAL: ZG3Mu/Central/convLep/eta in Skim_TriLep_TTG.root
2026-06-12 14:22:17,805 - INFO - [2016preVFP] MISSING_CENTRAL: ZG3Mu/Central/convLep/eta in Skim_TriLep_DYJets10to50.root
2026-06-12 14:22:17,805 - INFO - [2016preVFP] MISSING_CENTRAL: ZG3Mu/Central/convLep/eta in Skim_TriLep_TTG.root
2026-06-12 14:22:22,208 - INFO - [2016preVFP] MISSING_CENTRAL: ZG3Mu/Central/convLep/eta in Skim_TriLep_DYJets10to50.root
2026-06-12 14:22:22,209 - INFO - [2016preVFP] MISSING_CENTRAL: ZG3Mu/Central/convLep/eta in Skim_TriLep_TTG.root
2026-06-18 00:12:48,456 - INFO - [2016preVFP] MISSING_CENTRAL: ZG3Mu/Central/convLep/eta in Skim_TriLep_DYJets10to50.root
2026-06-18 00:12:48,456 - INFO - [2016preVFP] MISSING_CENTRAL: ZG3Mu/Central/convLep/eta in Skim_TriLep_TTG.root
2026-06-18 00:12:52,847 - INFO - [2016preVFP] MISSING_CENTRAL: ZG3Mu/Central/convLep/eta in Skim_TriLep_DYJets10to50.root
2026-06-18 00:12:52,847 - INFO - [2016preVFP] MISSING_CENTRAL: ZG3Mu/Central/convLep/eta in Skim_TriLep_TTG.root
2026-06-18 00:16:26,421 - INFO - [2016preVFP] MISSING_CENTRAL: ZG3Mu/Central/convLep/eta in Skim_TriLep_DYJets10to50.root
2026-06-18 00:16:26,422 - INFO - [2016preVFP] MISSING_CENTRAL: ZG3Mu/Central/convLep/eta in Skim_TriLep_TTG.root
2026-06-18 00:16:31,008 - INFO - [2016preVFP] MISSING_CENTRAL: ZG3Mu/Central/convLep/eta in Skim_TriLep_DYJets10to50.root
2026-06-18 00:16:31,008 - INFO - [2016preVFP] MISSING_CENTRAL: ZG3Mu/Central/convLep/eta in Skim_TriLep_TTG.root
2026-06-29 16:40:59,442 - INFO - [2016preVFP] MISSING_CENTRAL: ZG3Mu/Central/convLep/eta in Skim_TriLep_DYJets10to50.root
2026-06-29 16:40:59,443 - INFO - [2016preVFP] MISSING_CENTRAL: ZG3Mu/Central/convLep/eta in Skim_TriLep_TTG.root
2026-06-29 16:41:03,405 - INFO - [2016preVFP] MISSING_CENTRAL: ZG3Mu/Central/convLep/eta in Skim_TriLep_DYJets10to50.root
2026-06-29 16:41:03,406 - INFO - [2016preVFP] MISSING_CENTRAL: ZG3Mu/Central/convLep/eta in Skim_TriLep_TTG.root
2026-07-01 05:30:17,558 - INFO - [2016preVFP] MISSING_CENTRAL: ZG3Mu/Central/convLep/eta in Skim_TriLep_DYJets10to50.root
2026-07-01 05:30:17,560 - INFO - [2016preVFP] MISSING_CENTRAL: ZG3Mu/Central/convLep/eta in Skim_TriLep_TTG.root
2026-07-01 05:30:21,129 - INFO - [2016preVFP] MISSING_CENTRAL: ZG3Mu/Central/convLep/eta in Skim_TriLep_DYJets10to50.root
2026-07-01 05:30:21,130 - INFO - [2016preVFP] MISSING_CENTRAL: ZG3Mu/Central/convLep/eta in Skim_TriLep_TTG.root
2026-07-01 05:57:20,461 - INFO - [2016preVFP] MISSING_FILE: /data9/Users/choij/Sync/workspace/ChargedHiggsAnalysisV3/SKNanoOutput/PromptAnalyzer/Run3Mu_RunCR_NoTreeMode/2016preVFP/Skim_TriLep_DoubleMuon_B.root
2026-07-01 05:57:20,461 - INFO - [2016preVFP] MISSING_FILE: /data9/Users/choij/Sync/workspace/ChargedHiggsAnalysisV3/SKNanoOutput/PromptAnalyzer/Run3Mu_RunCR_NoTreeMode/2016preVFP/Skim_TriLep_DoubleMuon_C.root
2026-07-01 05:57:20,471 - INFO - [2016preVFP] MISSING_FILE: /data9/Users/choij/Sync/workspace/ChargedHiggsAnalysisV3/SKNanoOutput/PromptAnalyzer/Run3Mu_RunCR_NoTreeMode/2016preVFP/Skim_TriLep_DoubleMuon_D.root
2026-07-01 05:57:20,472 - INFO - [2016preVFP] MISSING_FILE: /data9/Users/choij/Sync/workspace/ChargedHiggsAnalysisV3/SKNanoOutput/PromptAnalyzer/Run3Mu_RunCR_NoTreeMode/2016preVFP/Skim_TriLep_DoubleMuon_E.root
2026-07-01 05:57:20,472 - INFO - [2016preVFP] MISSING_FILE: /data9/Users/choij/Sync/workspace/ChargedHiggsAnalysisV3/SKNanoOutput/PromptAnalyzer/Run3Mu_RunCR_NoTreeMode/2016preVFP/Skim_TriLep_DoubleMuon_F.root
2026-07-01 05:57:23,620 - INFO - [2016preVFP] MISSING_FILE: /data9/Users/choij/Sync/workspace/ChargedHiggsAnalysisV3/SKNanoOutput/PromptAnalyzer/Run3Mu_RunCR_NoTreeMode/2016preVFP/Skim_TriLep_DoubleMuon_B.root
2026-07-01 05:57:23,620 - INFO - [2016preVFP] MISSING_FILE: /data9/Users/choij/Sync/workspace/ChargedHiggsAnalysisV3/SKNanoOutput/PromptAnalyzer/Run3Mu_RunCR_NoTreeMode/2016preVFP/Skim_TriLep_DoubleMuon_C.root
2026-07-01 05:57:23,620 - INFO - [2016preVFP] MISSING_FILE: /data9/Users/choij/Sync/workspace/ChargedHiggsAnalysisV3/SKNanoOutput/PromptAnalyzer/Run3Mu_RunCR_NoTreeMode/2016preVFP/Skim_TriLep_DoubleMuon_D.root
2026-07-01 05:57:23,621 - INFO - [2016preVFP] MISSING_FILE: /data9/Users/choij/Sync/workspace/ChargedHiggsAnalysisV3/SKNanoOutput/PromptAnalyzer/Run3Mu_RunCR_NoTreeMode/2016preVFP/Skim_TriLep_DoubleMuon_E.root
2026-07-01 05:57:23,621 - INFO - [2016preVFP] MISSING_FILE: /data9/Users/choij/Sync/workspace/ChargedHiggsAnalysisV3/SKNanoOutput/PromptAnalyzer/Run3Mu_RunCR_NoTreeMode/2016preVFP/Skim_TriLep_DoubleMuon_F.root
2026-07-01 15:23:25,792 - INFO - [2016preVFP] MISSING_CENTRAL: ZG3Mu/Central/convLep/eta in Skim_TriLep_DYJets10to50.root
2026-07-01 15:23:25,793 - INFO - [2016preVFP] MISSING_CENTRAL: ZG3Mu/Central/convLep/eta in Skim_TriLep_TTG.root
2026-07-01 15:23:30,034 - INFO - [2016preVFP] MISSING_CENTRAL: ZG3Mu/Central/convLep/eta in Skim_TriLep_DYJets10to50.root
2026-07-01 15:23:30,035 - INFO - [2016preVFP] MISSING_CENTRAL: ZG3Mu/Central/convLep/eta in Skim_TriLep_TTG.root
2026-07-01 17:30:37,483 - INFO - [2016preVFP] MISSING_CENTRAL: ZG3Mu/Central/convLep/eta in Skim_TriLep_DYJets10to50.root
2026-07-01 17:30:37,484 - INFO - [2016preVFP] MISSING_CENTRAL: ZG3Mu/Central/convLep/eta in Skim_TriLep_TTG.root
2026-07-01 17:30:41,043 - INFO - [2016preVFP] MISSING_CENTRAL: ZG3Mu/Central/convLep/eta in Skim_TriLep_DYJets10to50.root
2026-07-01 17:30:41,043 - INFO - [2016preVFP] MISSING_CENTRAL: ZG3Mu/Central/convLep/eta in Skim_TriLep_TTG.root
