2025-09-24 16:04:03,545 - INFO - [2023BPix] MISSING_CENTRAL: ZFake1E2Mu/Central/electrons/1/eta in Skim_TriLep_DYJets.root
2025-09-24 16:04:03,545 - INFO - [2023BPix] MISSING_CENTRAL: ZFake1E2Mu/Central/electrons/1/eta in Skim_TriLep_DYJets10to50.root
2025-09-24 16:04:03,546 - INFO - [2023BPix] MISSING_CENTRAL: ZFake1E2Mu/Central/electrons/1/eta in Skim_TriLep_DYGTo2LG_MLL4to50_PTG10to100.root
2025-09-24 16:04:03,546 - INFO - [2023BPix] MISSING_CENTRAL: ZFake1E2Mu/Central/electrons/1/eta in Skim_TriLep_DYGTo2LG_MLL4to50_PTG100to200.root
2025-09-24 16:04:03,546 - INFO - [2023BPix] MISSING_CENTRAL: ZFake1E2Mu/Central/electrons/1/eta in Skim_TriLep_DYGTo2LG_MLL4to50_PTG200toInf.root
2025-09-24 16:04:03,637 - INFO - [2023BPix] MISSING_CENTRAL: ZFake1E2Mu/Central/electrons/1/eta in Skim_TriLep_TTG_PTG200toInf.root
2025-10-02 21:21:43,256 - INFO - [2023BPix] MISSING_CENTRAL: ZFake1E2Mu/Central/electrons/1/eta in Skim_TriLep_DYJets.root
2025-10-02 21:21:43,257 - INFO - [2023BPix] MISSING_CENTRAL: ZFake1E2Mu/Central/electrons/1/eta in Skim_TriLep_DYJets10to50.root
2025-10-02 21:21:43,259 - INFO - [2023BPix] MISSING_CENTRAL: ZFake1E2Mu/Central/electrons/1/eta in Skim_TriLep_DYGTo2LG_MLL4to50_PTG10to100.root
2025-10-02 21:21:43,260 - INFO - [2023BPix] MISSING_CENTRAL: ZFake1E2Mu/Central/electrons/1/eta in Skim_TriLep_DYGTo2LG_MLL4to50_PTG100to200.root
2025-10-02 21:21:43,261 - INFO - [2023BPix] MISSING_CENTRAL: ZFake1E2Mu/Central/electrons/1/eta in Skim_TriLep_DYGTo2LG_MLL4to50_PTG200toInf.root
2025-10-02 21:21:44,307 - INFO - [2023BPix] MISSING_CENTRAL: ZFake1E2Mu/Central/electrons/1/eta in Skim_TriLep_TTG_PTG200toInf.root
2025-10-03 00:34:10,579 - INFO - [2023BPix] MISSING_CENTRAL: ZFake1E2Mu/Central/electrons/1/eta in Skim_TriLep_DYJets.root
2025-10-03 00:34:10,580 - INFO - [2023BPix] MISSING_CENTRAL: ZFake1E2Mu/Central/electrons/1/eta in Skim_TriLep_DYJets10to50.root
2025-10-03 00:34:10,581 - INFO - [2023BPix] MISSING_CENTRAL: ZFake1E2Mu/Central/electrons/1/eta in Skim_TriLep_DYGTo2LG_MLL4to50_PTG10to100.root
2025-10-03 00:34:10,581 - INFO - [2023BPix] MISSING_CENTRAL: ZFake1E2Mu/Central/electrons/1/eta in Skim_TriLep_DYGTo2LG_MLL4to50_PTG100to200.root
2025-10-03 00:34:10,582 - INFO - [2023BPix] MISSING_CENTRAL: ZFake1E2Mu/Central/electrons/1/eta in Skim_TriLep_DYGTo2LG_MLL4to50_PTG200toInf.root
2025-10-03 00:34:10,653 - INFO - [2023BPix] MISSING_CENTRAL: ZFake1E2Mu/Central/electrons/1/eta in Skim_TriLep_TTG_PTG200toInf.root
2025-11-07 13:12:47,368 - INFO - [2023BPix] MISSING_FILE: /home/choij/Sync/workspace/ChargedHiggsAnalysisV3/SKNanoOutput/PromptSelector/Run1E2Mu/2023BPix/Skim_TriLep_MuonEG_D_v1.root
2025-11-07 13:12:47,368 - INFO - [2023BPix] MISSING_FILE: /home/choij/Sync/workspace/ChargedHiggsAnalysisV3/SKNanoOutput/PromptSelector/Run1E2Mu/2023BPix/Skim_TriLep_MuonEG_D_v2.root
2025-11-07 14:10:21,934 - INFO - [2023BPix] MISSING_FILE: /home/choij/Sync/workspace/ChargedHiggsAnalysisV3/SKNanoOutput/PromptSelector/Run1E2Mu/2023BPix/Skim_TriLep_MuonEG_D_v1.root
2025-11-07 14:10:21,934 - INFO - [2023BPix] MISSING_FILE: /home/choij/Sync/workspace/ChargedHiggsAnalysisV3/SKNanoOutput/PromptSelector/Run1E2Mu/2023BPix/Skim_TriLep_MuonEG_D_v2.root
2025-11-10 12:26:27,111 - INFO - [2023BPix] MISSING_CENTRAL: ZFake1E2Mu/Central/electrons/1/eta in Skim_TriLep_DYJets.root
2025-11-10 12:26:27,112 - INFO - [2023BPix] MISSING_CENTRAL: ZFake1E2Mu/Central/electrons/1/eta in Skim_TriLep_DYJets10to50.root
2025-11-10 12:26:27,113 - INFO - [2023BPix] MISSING_CENTRAL: ZFake1E2Mu/Central/electrons/1/eta in Skim_TriLep_DYGTo2LG_MLL4to50_PTG10to100.root
2025-11-10 12:26:27,113 - INFO - [2023BPix] MISSING_CENTRAL: ZFake1E2Mu/Central/electrons/1/eta in Skim_TriLep_DYGTo2LG_MLL4to50_PTG100to200.root
2025-11-10 12:26:27,114 - INFO - [2023BPix] MISSING_CENTRAL: ZFake1E2Mu/Central/electrons/1/eta in Skim_TriLep_DYGTo2LG_MLL4to50_PTG200toInf.root
2025-11-10 12:26:27,187 - INFO - [2023BPix] MISSING_CENTRAL: ZFake1E2Mu/Central/electrons/1/eta in Skim_TriLep_TTG_PTG200toInf.root
2025-11-13 11:16:42,921 - INFO - [2023BPix] MISSING_CENTRAL: ZFake1E2Mu/Central/electrons/1/eta in Skim_TriLep_DYJets.root
2025-11-13 11:16:42,932 - INFO - [2023BPix] MISSING_CENTRAL: ZFake1E2Mu/Central/electrons/1/eta in Skim_TriLep_DYJets10to50.root
2025-11-13 11:16:43,009 - INFO - [2023BPix] MISSING_CENTRAL: ZFake1E2Mu/Central/electrons/1/eta in Skim_TriLep_DYGTo2LG_MLL4to50_PTG10to100.root
2025-11-13 11:16:43,058 - INFO - [2023BPix] MISSING_CENTRAL: ZFake1E2Mu/Central/electrons/1/eta in Skim_TriLep_DYGTo2LG_MLL4to50_PTG100to200.root
2025-11-13 11:16:43,109 - INFO - [2023BPix] MISSING_CENTRAL: ZFake1E2Mu/Central/electrons/1/eta in Skim_TriLep_DYGTo2LG_MLL4to50_PTG200toInf.root
2025-11-13 11:16:44,812 - INFO - [2023BPix] MISSING_CENTRAL: ZFake1E2Mu/Central/electrons/1/eta in Skim_TriLep_TTG_PTG200toInf.root
2025-11-19 16:11:32,266 - INFO - [2023BPix] MISSING_CENTRAL: ZFake1E2Mu/Central/electrons/1/eta in Skim_TriLep_DYJets.root
2025-11-19 16:11:32,267 - INFO - [2023BPix] MISSING_CENTRAL: ZFake1E2Mu/Central/electrons/1/eta in Skim_TriLep_DYJets10to50.root
2025-11-19 16:11:32,268 - INFO - [2023BPix] MISSING_CENTRAL: ZFake1E2Mu/Central/electrons/1/eta in Skim_TriLep_DYGTo2LG_MLL4to50_PTG10to100.root
2025-11-19 16:11:32,268 - INFO - [2023BPix] MISSING_CENTRAL: ZFake1E2Mu/Central/electrons/1/eta in Skim_TriLep_DYGTo2LG_MLL4to50_PTG100to200.root
2025-11-19 16:11:32,269 - INFO - [2023BPix] MISSING_CENTRAL: ZFake1E2Mu/Central/electrons/1/eta in Skim_TriLep_DYGTo2LG_MLL4to50_PTG200toInf.root
2025-11-19 16:11:32,515 - INFO - [2023BPix] MISSING_CENTRAL: ZFake1E2Mu/Central/electrons/1/eta in Skim_TriLep_TTG_PTG200toInf.root
2025-11-19 16:28:54,763 - INFO - [2023BPix] MISSING_CENTRAL: ZFake1E2Mu/Central/electrons/1/eta in Skim_TriLep_DYJets.root
2025-11-19 16:28:54,764 - INFO - [2023BPix] MISSING_CENTRAL: ZFake1E2Mu/Central/electrons/1/eta in Skim_TriLep_DYJets10to50.root
2025-11-19 16:28:54,765 - INFO - [2023BPix] MISSING_CENTRAL: ZFake1E2Mu/Central/electrons/1/eta in Skim_TriLep_DYGTo2LG_MLL4to50_PTG10to100.root
2025-11-19 16:28:54,765 - INFO - [2023BPix] MISSING_CENTRAL: ZFake1E2Mu/Central/electrons/1/eta in Skim_TriLep_DYGTo2LG_MLL4to50_PTG100to200.root
2025-11-19 16:28:54,766 - INFO - [2023BPix] MISSING_CENTRAL: ZFake1E2Mu/Central/electrons/1/eta in Skim_TriLep_DYGTo2LG_MLL4to50_PTG200toInf.root
2025-11-19 16:28:54,812 - INFO - [2023BPix] MISSING_CENTRAL: ZFake1E2Mu/Central/electrons/1/eta in Skim_TriLep_TTG_PTG200toInf.root
2025-12-17 22:43:53,427 - INFO - [2023BPix] MISSING_CENTRAL: ZFake1E2Mu/Central/electrons/1/eta in Skim_TriLep_DYJets10to50.root
2025-12-17 22:43:53,809 - INFO - [2023BPix] MISSING_CENTRAL: ZFake1E2Mu/Central/electrons/1/eta in Skim_TriLep_TTG_PTG200toInf.root
2025-12-18 14:45:06,033 - INFO - [2023BPix] MISSING_CENTRAL: ZFake1E2Mu/Central/electrons/1/eta in Skim_TriLep_DYJets10to50.root
2025-12-18 14:45:06,056 - INFO - [2023BPix] MISSING_CENTRAL: ZFake1E2Mu/Central/electrons/1/eta in Skim_TriLep_TTG_PTG200toInf.root
2026-01-07 11:53:58,303 - INFO - [2023BPix] MISSING_CENTRAL: ZFake1E2Mu/Central/electrons/1/eta in Skim_TriLep_DYJets10to50.root
2026-01-07 11:53:58,845 - INFO - [2023BPix] MISSING_CENTRAL: ZFake1E2Mu/Central/electrons/1/eta in Skim_TriLep_TTG_PTG200toInf.root
2026-01-07 18:50:33,468 - INFO - [2023BPix] MISSING_CENTRAL: ZFake1E2Mu/Central/electrons/1/eta in Skim_TriLep_DYJets10to50.root
2026-01-07 18:50:33,490 - INFO - [2023BPix] MISSING_CENTRAL: ZFake1E2Mu/Central/electrons/1/eta in Skim_TriLep_TTG_PTG200toInf.root
2026-01-09 12:25:27,798 - INFO - [2023BPix] MISSING_CENTRAL: ZFake1E2Mu/Central/electrons/1/eta in Skim_TriLep_DYJets10to50.root
2026-01-09 12:25:27,810 - INFO - [2023BPix] MISSING_CENTRAL: ZFake1E2Mu/Central/electrons/1/eta in Skim_TriLep_TTG_PTG200toInf.root
2026-01-11 09:45:28,631 - INFO - [2023BPix] MISSING_CENTRAL: ZFake1E2Mu/Central/electrons/1/eta in Skim_TriLep_DYJets10to50.root
2026-01-11 09:45:28,643 - INFO - [2023BPix] MISSING_CENTRAL: ZFake1E2Mu/Central/electrons/1/eta in Skim_TriLep_TTG_PTG200toInf.root
2026-01-12 13:54:18,041 - INFO - [2023BPix] MISSING_FILE: /home/choij/Sync/workspace/ChargedHiggsAnalysisV3/SKNanoOutput/MatrixSelector/Run1E2Mu/2023BPix/Skim_TriLep_MuonEG_D_v1.root
2026-01-12 13:54:18,041 - INFO - [2023BPix] MISSING_FILE: /home/choij/Sync/workspace/ChargedHiggsAnalysisV3/SKNanoOutput/MatrixSelector/Run1E2Mu/2023BPix/Skim_TriLep_MuonEG_D_v2.root
2026-01-12 13:54:18,064 - INFO - [2023BPix] MISSING_CENTRAL: ZFake1E2Mu/Central/electrons/1/eta in Skim_TriLep_DYJets10to50.root
2026-01-12 13:54:18,077 - INFO - [2023BPix] MISSING_CENTRAL: ZFake1E2Mu/Central/electrons/1/eta in Skim_TriLep_TTG_PTG200toInf.root
2026-01-16 19:09:04,897 - INFO - [2023BPix] MISSING_CENTRAL: ZFake1E2Mu/Central/electrons/1/eta in Skim_TriLep_DYJets10to50.root
2026-01-16 19:09:04,908 - INFO - [2023BPix] MISSING_CENTRAL: ZFake1E2Mu/Central/electrons/1/eta in Skim_TriLep_TTG_PTG200toInf.root
2026-01-28 17:06:25,714 - INFO - [2023BPix] MISSING_CENTRAL: ZFake1E2Mu/Central/electrons/1/eta in Skim_TriLep_DYJets10to50.root
2026-01-28 17:06:25,743 - INFO - [2023BPix] MISSING_CENTRAL: ZFake1E2Mu/Central/electrons/1/eta in Skim_TriLep_TTG_PTG200toInf.root
2026-01-28 17:27:03,438 - INFO - [2023BPix] MISSING_CENTRAL: ZFake1E2Mu/Central/electrons/1/eta in Skim_TriLep_DYJets10to50.root
2026-01-28 17:27:03,453 - INFO - [2023BPix] MISSING_CENTRAL: ZFake1E2Mu/Central/electrons/1/eta in Skim_TriLep_TTG_PTG200toInf.root
2026-01-28 20:00:43,639 - INFO - [2023BPix] MISSING_CENTRAL: ZFake1E2Mu/Central/electrons/1/eta in Skim_TriLep_DYJets10to50.root
2026-01-28 20:00:43,655 - INFO - [2023BPix] MISSING_CENTRAL: ZFake1E2Mu/Central/electrons/1/eta in Skim_TriLep_TTG_PTG200toInf.root
2026-01-29 07:17:28,492 - INFO - [2023BPix] MISSING_CENTRAL: ZFake1E2Mu/Central/electrons/1/eta in Skim_TriLep_DYJets10to50.root
2026-01-29 07:17:28,523 - INFO - [2023BPix] MISSING_CENTRAL: ZFake1E2Mu/Central/electrons/1/eta in Skim_TriLep_TTG_PTG200toInf.root
2026-03-06 09:43:40,505 - INFO - [2023BPix] MISSING_CENTRAL: ZFake1E2Mu/Central/electrons/1/eta in Skim_TriLep_DYJets10to50.root
2026-03-06 09:43:40,520 - INFO - [2023BPix] MISSING_CENTRAL: ZFake1E2Mu/Central/electrons/1/eta in Skim_TriLep_TTG_PTG200toInf.root
2026-03-06 19:49:26,747 - INFO - [2023BPix] MISSING_CENTRAL: ZFake1E2Mu/Central/electrons/1/eta in Skim_TriLep_DYJets10to50.root
2026-03-06 19:49:26,759 - INFO - [2023BPix] MISSING_CENTRAL: ZFake1E2Mu/Central/electrons/1/eta in Skim_TriLep_TTG_PTG200toInf.root
2026-04-10 20:24:22,538 - INFO - [2023BPix] MISSING_CENTRAL: ZFake1E2Mu/Central/electrons/1/eta in Skim_TriLep_DYJets10to50.root
2026-04-10 20:24:22,571 - INFO - [2023BPix] MISSING_CENTRAL: ZFake1E2Mu/Central/electrons/1/eta in Skim_TriLep_TTG_PTG200toInf.root
2026-04-12 11:39:42,499 - INFO - [2023BPix] MISSING_CENTRAL: ZFake1E2Mu/Central/electrons/1/eta in Skim_TriLep_DYJets10to50.root
2026-04-12 11:39:42,522 - INFO - [2023BPix] MISSING_CENTRAL: ZFake1E2Mu/Central/electrons/1/eta in Skim_TriLep_TTG_PTG200toInf.root
2026-04-12 12:21:28,740 - INFO - [2023BPix] MISSING_CENTRAL: ZFake1E2Mu/Central/electrons/1/eta in Skim_TriLep_DYJets10to50.root
2026-04-12 12:21:28,753 - INFO - [2023BPix] MISSING_CENTRAL: ZFake1E2Mu/Central/electrons/1/eta in Skim_TriLep_TTG_PTG200toInf.root
2026-04-12 12:41:07,862 - INFO - [2023BPix] MISSING_CENTRAL: ZFake1E2Mu/Central/electrons/1/eta in Skim_TriLep_DYJets10to50.root
2026-04-12 12:41:07,875 - INFO - [2023BPix] MISSING_CENTRAL: ZFake1E2Mu/Central/electrons/1/eta in Skim_TriLep_TTG_PTG200toInf.root
2026-04-12 20:49:16,853 - INFO - [2023BPix] MISSING_CENTRAL: ZFake1E2Mu/Central/electrons/1/eta in Skim_TriLep_DYJets10to50.root
2026-04-12 20:49:16,865 - INFO - [2023BPix] MISSING_CENTRAL: ZFake1E2Mu/Central/electrons/1/eta in Skim_TriLep_TTG_PTG200toInf.root
2026-04-12 21:20:51,152 - INFO - [2023BPix] MISSING_CENTRAL: ZFake1E2Mu/Central/electrons/1/eta in Skim_TriLep_DYJets10to50.root
2026-04-12 21:20:51,165 - INFO - [2023BPix] MISSING_CENTRAL: ZFake1E2Mu/Central/electrons/1/eta in Skim_TriLep_TTG_PTG200toInf.root
2026-04-13 12:58:37,356 - INFO - [2023BPix] MISSING_CENTRAL: ZFake1E2Mu/Central/electrons/1/eta in Skim_TriLep_DYJets10to50.root
2026-04-13 12:58:37,369 - INFO - [2023BPix] MISSING_CENTRAL: ZFake1E2Mu/Central/electrons/1/eta in Skim_TriLep_TTG_PTG200toInf.root
2026-04-16 17:41:09,167 - INFO - [2023BPix] MISSING_CENTRAL: ZFake1E2Mu/Central/electrons/1/eta in Skim_TriLep_DYJets10to50.root
2026-04-16 17:41:09,197 - INFO - [2023BPix] MISSING_CENTRAL: ZFake1E2Mu/Central/electrons/1/eta in Skim_TriLep_TTG_PTG200toInf.root
2026-05-04 17:10:35,181 - INFO - [2023BPix] MISSING_CENTRAL: ZFake1E2Mu/Central/electrons/1/eta in Skim_TriLep_DYJets10to50.root
2026-05-04 17:10:35,196 - INFO - [2023BPix] MISSING_CENTRAL: ZFake1E2Mu/Central/electrons/1/eta in Skim_TriLep_TTG_PTG200toInf.root
2026-05-28 15:47:23,865 - INFO - [2023BPix] MISSING_CENTRAL: ZFake1E2Mu/Central/electrons/1/eta in Skim_TriLep_DYJets10to50.root
2026-05-28 15:47:23,928 - INFO - [2023BPix] MISSING_CENTRAL: ZFake1E2Mu/Central/electrons/1/eta in Skim_TriLep_TTG_PTG200toInf.root
2026-05-29 15:38:19,007 - INFO - [2023BPix] MISSING_CENTRAL: ZFake1E2Mu/Central/electrons/1/eta in Skim_TriLep_DYJets10to50.root
2026-05-29 15:38:19,022 - INFO - [2023BPix] MISSING_CENTRAL: ZFake1E2Mu/Central/electrons/1/eta in Skim_TriLep_TTG_PTG200toInf.root
2026-05-29 18:29:40,347 - INFO - [2023BPix] MISSING_CENTRAL: ZFake1E2Mu/Central/electrons/1/eta in Skim_TriLep_DYJets10to50.root
2026-05-29 18:29:40,379 - INFO - [2023BPix] MISSING_CENTRAL: ZFake1E2Mu/Central/electrons/1/eta in Skim_TriLep_TTG_PTG200toInf.root
2026-06-12 14:33:15,555 - INFO - [2023BPix] MISSING_CENTRAL: ZFake1E2Mu/Central/electrons/1/eta in Skim_TriLep_DYJets10to50.root
2026-06-12 14:33:15,593 - INFO - [2023BPix] MISSING_CENTRAL: ZFake1E2Mu/Central/electrons/1/eta in Skim_TriLep_TTG_PTG200toInf.root
2026-06-18 00:27:56,631 - INFO - [2023BPix] MISSING_CENTRAL: ZFake1E2Mu/Central/electrons/1/eta in Skim_TriLep_DYJets10to50.root
2026-06-18 00:27:56,646 - INFO - [2023BPix] MISSING_CENTRAL: ZFake1E2Mu/Central/electrons/1/eta in Skim_TriLep_TTG_PTG200toInf.root
2026-07-01 17:42:34,340 - INFO - [2023BPix] MISSING_CENTRAL: ZFake1E2Mu/Central/electrons/1/eta in Skim_TriLep_DYJets10to50.root
2026-07-01 17:42:34,376 - INFO - [2023BPix] MISSING_CENTRAL: ZFake1E2Mu/Central/electrons/1/eta in Skim_TriLep_TTG_PTG200toInf.root
2026-07-21 19:41:07,767 - INFO - [2023BPix] MISSING_CENTRAL: ZFake1E2Mu/Central/electrons/1/eta in Skim_TriLep_DYJets10to50.root
2026-07-21 19:41:07,949 - INFO - [2023BPix] MISSING_CENTRAL: ZFake1E2Mu/Central/electrons/1/eta in Skim_TriLep_TTG_PTG200toInf.root
