2025-09-24 16:04:13,376 - INFO - [2023BPix] MISSING_CENTRAL: ZFake1E2Mu/Central/jets/3/phi in Skim_TriLep_MuonEG_D_v2.root
2025-09-24 16:04:13,391 - INFO - [2023BPix] MISSING_CENTRAL: ZFake1E2Mu/Central/jets/3/phi in Skim_TriLep_MuonEG_D_v2.root
2025-09-24 16:04:13,392 - INFO - [2023BPix] MISSING_CENTRAL: ZFake1E2Mu/Central/jets/3/phi in Skim_TriLep_DYJets.root
2025-09-24 16:04:13,392 - INFO - [2023BPix] MISSING_CENTRAL: ZFake1E2Mu/Central/jets/3/phi in Skim_TriLep_DYJets10to50.root
2025-09-24 16:04:13,392 - INFO - [2023BPix] MISSING_CENTRAL: ZFake1E2Mu/Central/jets/3/phi in Skim_TriLep_DYGTo2LG_MLL4to50_PTG10to100.root
2025-09-24 16:04:13,392 - INFO - [2023BPix] MISSING_CENTRAL: ZFake1E2Mu/Central/jets/3/phi in Skim_TriLep_DYGTo2LG_MLL4to50_PTG100to200.root
2025-09-24 16:04:13,393 - INFO - [2023BPix] MISSING_CENTRAL: ZFake1E2Mu/Central/jets/3/phi in Skim_TriLep_DYGTo2LG_MLL4to50_PTG200toInf.root
2025-09-24 16:04:13,452 - INFO - [2023BPix] MISSING_CENTRAL: ZFake1E2Mu/Central/jets/3/phi in Skim_TriLep_TTG_PTG100to200.root
2025-09-24 16:04:13,453 - INFO - [2023BPix] MISSING_CENTRAL: ZFake1E2Mu/Central/jets/3/phi in Skim_TriLep_TTG_PTG200toInf.root
2025-09-24 16:04:13,484 - INFO - [2023BPix] MISSING_CENTRAL: ZFake1E2Mu/Central/jets/3/phi in Skim_TriLep_tHq.root
2025-09-24 16:04:13,484 - INFO - [2023BPix] MISSING_CENTRAL: ZFake1E2Mu/Central/jets/3/phi in Skim_TriLep_WWW.root
2025-10-02 21:21:51,903 - INFO - [2023BPix] MISSING_CENTRAL: ZFake1E2Mu/Central/jets/3/phi in Skim_TriLep_MuonEG_D_v2.root
2025-10-02 21:21:51,975 - INFO - [2023BPix] MISSING_CENTRAL: ZFake1E2Mu/Central/jets/3/phi in Skim_TriLep_MuonEG_D_v2.root
2025-10-02 21:21:51,982 - INFO - [2023BPix] MISSING_CENTRAL: ZFake1E2Mu/Central/jets/3/phi in Skim_TriLep_DYJets.root
2025-10-02 21:21:51,984 - INFO - [2023BPix] MISSING_CENTRAL: ZFake1E2Mu/Central/jets/3/phi in Skim_TriLep_DYJets10to50.root
2025-10-02 21:21:51,985 - INFO - [2023BPix] MISSING_CENTRAL: ZFake1E2Mu/Central/jets/3/phi in Skim_TriLep_DYGTo2LG_MLL4to50_PTG10to100.root
2025-10-02 21:21:51,986 - INFO - [2023BPix] MISSING_CENTRAL: ZFake1E2Mu/Central/jets/3/phi in Skim_TriLep_DYGTo2LG_MLL4to50_PTG100to200.root
2025-10-02 21:21:51,992 - INFO - [2023BPix] MISSING_CENTRAL: ZFake1E2Mu/Central/jets/3/phi in Skim_TriLep_DYGTo2LG_MLL4to50_PTG200toInf.root
2025-10-02 21:21:52,187 - INFO - [2023BPix] MISSING_CENTRAL: ZFake1E2Mu/Central/jets/3/phi in Skim_TriLep_TTG_PTG100to200.root
2025-10-02 21:21:52,194 - INFO - [2023BPix] MISSING_CENTRAL: ZFake1E2Mu/Central/jets/3/phi in Skim_TriLep_TTG_PTG200toInf.root
2025-10-02 21:21:52,298 - INFO - [2023BPix] MISSING_CENTRAL: ZFake1E2Mu/Central/jets/3/phi in Skim_TriLep_tHq.root
2025-10-02 21:21:52,300 - INFO - [2023BPix] MISSING_CENTRAL: ZFake1E2Mu/Central/jets/3/phi in Skim_TriLep_WWW.root
2025-10-03 00:34:24,298 - INFO - [2023BPix] MISSING_CENTRAL: ZFake1E2Mu/Central/jets/3/phi in Skim_TriLep_MuonEG_D_v2.root
2025-10-03 00:34:24,350 - INFO - [2023BPix] MISSING_CENTRAL: ZFake1E2Mu/Central/jets/3/phi in Skim_TriLep_MuonEG_D_v2.root
2025-10-03 00:34:24,351 - INFO - [2023BPix] MISSING_CENTRAL: ZFake1E2Mu/Central/jets/3/phi in Skim_TriLep_DYJets.root
2025-10-03 00:34:24,351 - INFO - [2023BPix] MISSING_CENTRAL: ZFake1E2Mu/Central/jets/3/phi in Skim_TriLep_DYJets10to50.root
2025-10-03 00:34:24,352 - INFO - [2023BPix] MISSING_CENTRAL: ZFake1E2Mu/Central/jets/3/phi in Skim_TriLep_DYGTo2LG_MLL4to50_PTG10to100.root
2025-10-03 00:34:24,352 - INFO - [2023BPix] MISSING_CENTRAL: ZFake1E2Mu/Central/jets/3/phi in Skim_TriLep_DYGTo2LG_MLL4to50_PTG100to200.root
2025-10-03 00:34:24,353 - INFO - [2023BPix] MISSING_CENTRAL: ZFake1E2Mu/Central/jets/3/phi in Skim_TriLep_DYGTo2LG_MLL4to50_PTG200toInf.root
2025-10-03 00:34:24,444 - INFO - [2023BPix] MISSING_CENTRAL: ZFake1E2Mu/Central/jets/3/phi in Skim_TriLep_TTG_PTG100to200.root
2025-10-03 00:34:24,445 - INFO - [2023BPix] MISSING_CENTRAL: ZFake1E2Mu/Central/jets/3/phi in Skim_TriLep_TTG_PTG200toInf.root
2025-10-03 00:34:24,520 - INFO - [2023BPix] MISSING_CENTRAL: ZFake1E2Mu/Central/jets/3/phi in Skim_TriLep_tHq.root
2025-10-03 00:34:24,521 - INFO - [2023BPix] MISSING_CENTRAL: ZFake1E2Mu/Central/jets/3/phi in Skim_TriLep_WWW.root
2025-11-07 13:12:51,370 - INFO - [2023BPix] MISSING_FILE: /home/choij/Sync/workspace/ChargedHiggsAnalysisV3/SKNanoOutput/PromptSelector/Run1E2Mu/2023BPix/Skim_TriLep_MuonEG_D_v1.root
2025-11-07 13:12:51,370 - INFO - [2023BPix] MISSING_FILE: /home/choij/Sync/workspace/ChargedHiggsAnalysisV3/SKNanoOutput/PromptSelector/Run1E2Mu/2023BPix/Skim_TriLep_MuonEG_D_v2.root
2025-11-07 14:10:24,122 - INFO - [2023BPix] MISSING_FILE: /home/choij/Sync/workspace/ChargedHiggsAnalysisV3/SKNanoOutput/PromptSelector/Run1E2Mu/2023BPix/Skim_TriLep_MuonEG_D_v1.root
2025-11-07 14:10:24,122 - INFO - [2023BPix] MISSING_FILE: /home/choij/Sync/workspace/ChargedHiggsAnalysisV3/SKNanoOutput/PromptSelector/Run1E2Mu/2023BPix/Skim_TriLep_MuonEG_D_v2.root
2025-11-10 12:26:30,460 - INFO - [2023BPix] MISSING_CENTRAL: ZFake1E2Mu/Central/jets/3/phi in Skim_TriLep_MuonEG_D_v2.root
2025-11-10 12:26:30,494 - INFO - [2023BPix] MISSING_CENTRAL: ZFake1E2Mu/Central/jets/3/phi in Skim_TriLep_MuonEG_D_v2.root
2025-11-10 12:26:30,494 - INFO - [2023BPix] MISSING_CENTRAL: ZFake1E2Mu/Central/jets/3/phi in Skim_TriLep_DYJets.root
2025-11-10 12:26:30,495 - INFO - [2023BPix] MISSING_CENTRAL: ZFake1E2Mu/Central/jets/3/phi in Skim_TriLep_DYJets10to50.root
2025-11-10 12:26:30,495 - INFO - [2023BPix] MISSING_CENTRAL: ZFake1E2Mu/Central/jets/3/phi in Skim_TriLep_DYGTo2LG_MLL4to50_PTG10to100.root
2025-11-10 12:26:30,495 - INFO - [2023BPix] MISSING_CENTRAL: ZFake1E2Mu/Central/jets/3/phi in Skim_TriLep_DYGTo2LG_MLL4to50_PTG100to200.root
2025-11-10 12:26:30,496 - INFO - [2023BPix] MISSING_CENTRAL: ZFake1E2Mu/Central/jets/3/phi in Skim_TriLep_DYGTo2LG_MLL4to50_PTG200toInf.root
2025-11-10 12:26:30,538 - INFO - [2023BPix] MISSING_CENTRAL: ZFake1E2Mu/Central/jets/3/phi in Skim_TriLep_TTG_PTG100to200.root
2025-11-10 12:26:30,539 - INFO - [2023BPix] MISSING_CENTRAL: ZFake1E2Mu/Central/jets/3/phi in Skim_TriLep_TTG_PTG200toInf.root
2025-11-10 12:26:30,585 - INFO - [2023BPix] MISSING_CENTRAL: ZFake1E2Mu/Central/jets/3/phi in Skim_TriLep_tHq.root
2025-11-10 12:26:30,585 - INFO - [2023BPix] MISSING_CENTRAL: ZFake1E2Mu/Central/jets/3/phi in Skim_TriLep_WWW.root
2025-11-13 11:16:42,874 - INFO - [2023BPix] MISSING_CENTRAL: ZFake1E2Mu/Central/jets/3/phi in Skim_TriLep_MuonEG_D_v2.root
2025-11-13 11:16:42,911 - INFO - [2023BPix] MISSING_CENTRAL: ZFake1E2Mu/Central/jets/3/phi in Skim_TriLep_MuonEG_D_v2.root
2025-11-13 11:16:42,921 - INFO - [2023BPix] MISSING_CENTRAL: ZFake1E2Mu/Central/jets/3/phi in Skim_TriLep_DYJets.root
2025-11-13 11:16:42,932 - INFO - [2023BPix] MISSING_CENTRAL: ZFake1E2Mu/Central/jets/3/phi in Skim_TriLep_DYJets10to50.root
2025-11-13 11:16:43,009 - INFO - [2023BPix] MISSING_CENTRAL: ZFake1E2Mu/Central/jets/3/phi in Skim_TriLep_DYGTo2LG_MLL4to50_PTG10to100.root
2025-11-13 11:16:43,058 - INFO - [2023BPix] MISSING_CENTRAL: ZFake1E2Mu/Central/jets/3/phi in Skim_TriLep_DYGTo2LG_MLL4to50_PTG100to200.root
2025-11-13 11:16:43,109 - INFO - [2023BPix] MISSING_CENTRAL: ZFake1E2Mu/Central/jets/3/phi in Skim_TriLep_DYGTo2LG_MLL4to50_PTG200toInf.root
2025-11-13 11:16:44,512 - INFO - [2023BPix] MISSING_CENTRAL: ZFake1E2Mu/Central/jets/3/phi in Skim_TriLep_TTG_PTG100to200.root
2025-11-13 11:16:44,543 - INFO - [2023BPix] MISSING_CENTRAL: ZFake1E2Mu/Central/jets/3/phi in Skim_TriLep_TTG_PTG200toInf.root
2025-11-13 11:16:46,533 - INFO - [2023BPix] MISSING_CENTRAL: ZFake1E2Mu/Central/jets/3/phi in Skim_TriLep_tHq.root
2025-11-13 11:16:46,579 - INFO - [2023BPix] MISSING_CENTRAL: ZFake1E2Mu/Central/jets/3/phi in Skim_TriLep_WWW.root
2025-11-19 16:11:35,990 - INFO - [2023BPix] MISSING_CENTRAL: ZFake1E2Mu/Central/jets/3/phi in Skim_TriLep_MuonEG_D_v2.root
2025-11-19 16:11:36,026 - INFO - [2023BPix] MISSING_CENTRAL: ZFake1E2Mu/Central/jets/3/phi in Skim_TriLep_MuonEG_D_v2.root
2025-11-19 16:11:36,026 - INFO - [2023BPix] MISSING_CENTRAL: ZFake1E2Mu/Central/jets/3/phi in Skim_TriLep_DYJets.root
2025-11-19 16:11:36,027 - INFO - [2023BPix] MISSING_CENTRAL: ZFake1E2Mu/Central/jets/3/phi in Skim_TriLep_DYJets10to50.root
2025-11-19 16:11:36,027 - INFO - [2023BPix] MISSING_CENTRAL: ZFake1E2Mu/Central/jets/3/phi in Skim_TriLep_DYGTo2LG_MLL4to50_PTG10to100.root
2025-11-19 16:11:36,027 - INFO - [2023BPix] MISSING_CENTRAL: ZFake1E2Mu/Central/jets/3/phi in Skim_TriLep_DYGTo2LG_MLL4to50_PTG100to200.root
2025-11-19 16:11:36,028 - INFO - [2023BPix] MISSING_CENTRAL: ZFake1E2Mu/Central/jets/3/phi in Skim_TriLep_DYGTo2LG_MLL4to50_PTG200toInf.root
2025-11-19 16:11:36,064 - INFO - [2023BPix] MISSING_CENTRAL: ZFake1E2Mu/Central/jets/3/phi in Skim_TriLep_TTG_PTG100to200.root
2025-11-19 16:11:36,064 - INFO - [2023BPix] MISSING_CENTRAL: ZFake1E2Mu/Central/jets/3/phi in Skim_TriLep_TTG_PTG200toInf.root
2025-11-19 16:11:36,106 - INFO - [2023BPix] MISSING_CENTRAL: ZFake1E2Mu/Central/jets/3/phi in Skim_TriLep_tHq.root
2025-11-19 16:11:36,106 - INFO - [2023BPix] MISSING_CENTRAL: ZFake1E2Mu/Central/jets/3/phi in Skim_TriLep_WWW.root
2025-11-19 16:28:58,094 - INFO - [2023BPix] MISSING_CENTRAL: ZFake1E2Mu/Central/jets/3/phi in Skim_TriLep_MuonEG_D_v2.root
2025-11-19 16:28:58,128 - INFO - [2023BPix] MISSING_CENTRAL: ZFake1E2Mu/Central/jets/3/phi in Skim_TriLep_MuonEG_D_v2.root
2025-11-19 16:28:58,129 - INFO - [2023BPix] MISSING_CENTRAL: ZFake1E2Mu/Central/jets/3/phi in Skim_TriLep_DYJets.root
2025-11-19 16:28:58,129 - INFO - [2023BPix] MISSING_CENTRAL: ZFake1E2Mu/Central/jets/3/phi in Skim_TriLep_DYJets10to50.root
2025-11-19 16:28:58,129 - INFO - [2023BPix] MISSING_CENTRAL: ZFake1E2Mu/Central/jets/3/phi in Skim_TriLep_DYGTo2LG_MLL4to50_PTG10to100.root
2025-11-19 16:28:58,130 - INFO - [2023BPix] MISSING_CENTRAL: ZFake1E2Mu/Central/jets/3/phi in Skim_TriLep_DYGTo2LG_MLL4to50_PTG100to200.root
2025-11-19 16:28:58,130 - INFO - [2023BPix] MISSING_CENTRAL: ZFake1E2Mu/Central/jets/3/phi in Skim_TriLep_DYGTo2LG_MLL4to50_PTG200toInf.root
2025-11-19 16:28:58,184 - INFO - [2023BPix] MISSING_CENTRAL: ZFake1E2Mu/Central/jets/3/phi in Skim_TriLep_TTG_PTG100to200.root
2025-11-19 16:28:58,185 - INFO - [2023BPix] MISSING_CENTRAL: ZFake1E2Mu/Central/jets/3/phi in Skim_TriLep_TTG_PTG200toInf.root
2025-11-19 16:28:58,236 - INFO - [2023BPix] MISSING_CENTRAL: ZFake1E2Mu/Central/jets/3/phi in Skim_TriLep_tHq.root
2025-11-19 16:28:58,237 - INFO - [2023BPix] MISSING_CENTRAL: ZFake1E2Mu/Central/jets/3/phi in Skim_TriLep_WWW.root
2025-12-17 22:43:53,196 - INFO - [2023BPix] MISSING_CENTRAL: ZFake1E2Mu/Central/jets/3/phi in Skim_TriLep_MuonEG_D_v2.root
2025-12-17 22:43:53,223 - INFO - [2023BPix] MISSING_CENTRAL: ZFake1E2Mu/Central/jets/3/phi in Skim_TriLep_MuonEG_D_v2.root
2025-12-17 22:43:53,426 - INFO - [2023BPix] MISSING_CENTRAL: ZFake1E2Mu/Central/jets/3/phi in Skim_TriLep_DYJets10to50.root
2025-12-17 22:43:53,752 - INFO - [2023BPix] MISSING_CENTRAL: ZFake1E2Mu/Central/jets/3/phi in Skim_TriLep_TTG_PTG100to200.root
2025-12-17 22:43:53,772 - INFO - [2023BPix] MISSING_CENTRAL: ZFake1E2Mu/Central/jets/3/phi in Skim_TriLep_TTG_PTG200toInf.root
2025-12-17 22:43:56,239 - INFO - [2023BPix] MISSING_CENTRAL: ZFake1E2Mu/Central/jets/3/phi in Skim_TriLep_tHq.root
2025-12-17 22:43:56,358 - INFO - [2023BPix] MISSING_CENTRAL: ZFake1E2Mu/Central/jets/3/phi in Skim_TriLep_WWW.root
2025-12-18 14:45:07,266 - INFO - [2023BPix] MISSING_CENTRAL: ZFake1E2Mu/Central/jets/3/phi in Skim_TriLep_MuonEG_D_v2.root
2025-12-18 14:45:07,312 - INFO - [2023BPix] MISSING_CENTRAL: ZFake1E2Mu/Central/jets/3/phi in Skim_TriLep_MuonEG_D_v2.root
2025-12-18 14:45:07,337 - INFO - [2023BPix] MISSING_CENTRAL: ZFake1E2Mu/Central/jets/3/phi in Skim_TriLep_DYJets10to50.root
2025-12-18 14:45:07,354 - INFO - [2023BPix] MISSING_CENTRAL: ZFake1E2Mu/Central/jets/3/phi in Skim_TriLep_TTG_PTG100to200.root
2025-12-18 14:45:07,355 - INFO - [2023BPix] MISSING_CENTRAL: ZFake1E2Mu/Central/jets/3/phi in Skim_TriLep_TTG_PTG200toInf.root
2025-12-18 14:45:07,478 - INFO - [2023BPix] MISSING_CENTRAL: ZFake1E2Mu/Central/jets/3/phi in Skim_TriLep_tHq.root
2025-12-18 14:45:07,481 - INFO - [2023BPix] MISSING_CENTRAL: ZFake1E2Mu/Central/jets/3/phi in Skim_TriLep_WWW.root
2026-01-07 11:53:57,840 - INFO - [2023BPix] MISSING_CENTRAL: ZFake1E2Mu/Central/jets/3/phi in Skim_TriLep_MuonEG_D_v2.root
2026-01-07 11:53:57,877 - INFO - [2023BPix] MISSING_CENTRAL: ZFake1E2Mu/Central/jets/3/phi in Skim_TriLep_MuonEG_D_v2.root
2026-01-07 11:53:58,302 - INFO - [2023BPix] MISSING_CENTRAL: ZFake1E2Mu/Central/jets/3/phi in Skim_TriLep_DYJets10to50.root
2026-01-07 11:53:58,716 - INFO - [2023BPix] MISSING_CENTRAL: ZFake1E2Mu/Central/jets/3/phi in Skim_TriLep_TTG_PTG100to200.root
2026-01-07 11:53:58,746 - INFO - [2023BPix] MISSING_CENTRAL: ZFake1E2Mu/Central/jets/3/phi in Skim_TriLep_TTG_PTG200toInf.root
2026-01-07 11:54:01,438 - INFO - [2023BPix] MISSING_CENTRAL: ZFake1E2Mu/Central/jets/3/phi in Skim_TriLep_tHq.root
2026-01-07 11:54:01,486 - INFO - [2023BPix] MISSING_CENTRAL: ZFake1E2Mu/Central/jets/3/phi in Skim_TriLep_WWW.root
2026-01-07 18:50:33,495 - INFO - [2023BPix] MISSING_CENTRAL: ZFake1E2Mu/Central/jets/3/phi in Skim_TriLep_MuonEG_D_v2.root
2026-01-07 18:50:33,536 - INFO - [2023BPix] MISSING_CENTRAL: ZFake1E2Mu/Central/jets/3/phi in Skim_TriLep_MuonEG_D_v2.root
2026-01-07 18:50:33,557 - INFO - [2023BPix] MISSING_CENTRAL: ZFake1E2Mu/Central/jets/3/phi in Skim_TriLep_DYJets10to50.root
2026-01-07 18:50:33,569 - INFO - [2023BPix] MISSING_CENTRAL: ZFake1E2Mu/Central/jets/3/phi in Skim_TriLep_TTG_PTG100to200.root
2026-01-07 18:50:33,570 - INFO - [2023BPix] MISSING_CENTRAL: ZFake1E2Mu/Central/jets/3/phi in Skim_TriLep_TTG_PTG200toInf.root
2026-01-07 18:50:33,643 - INFO - [2023BPix] MISSING_CENTRAL: ZFake1E2Mu/Central/jets/3/phi in Skim_TriLep_tHq.root
2026-01-07 18:50:33,644 - INFO - [2023BPix] MISSING_CENTRAL: ZFake1E2Mu/Central/jets/3/phi in Skim_TriLep_WWW.root
2026-01-09 12:25:30,911 - INFO - [2023BPix] MISSING_CENTRAL: ZFake1E2Mu/Central/jets/3/phi in Skim_TriLep_MuonEG_D_v2.root
2026-01-09 12:25:30,944 - INFO - [2023BPix] MISSING_CENTRAL: ZFake1E2Mu/Central/jets/3/phi in Skim_TriLep_MuonEG_D_v2.root
2026-01-09 12:25:30,959 - INFO - [2023BPix] MISSING_CENTRAL: ZFake1E2Mu/Central/jets/3/phi in Skim_TriLep_DYJets10to50.root
2026-01-09 12:25:30,966 - INFO - [2023BPix] MISSING_CENTRAL: ZFake1E2Mu/Central/jets/3/phi in Skim_TriLep_TTG_PTG100to200.root
2026-01-09 12:25:30,966 - INFO - [2023BPix] MISSING_CENTRAL: ZFake1E2Mu/Central/jets/3/phi in Skim_TriLep_TTG_PTG200toInf.root
2026-01-09 12:25:31,020 - INFO - [2023BPix] MISSING_CENTRAL: ZFake1E2Mu/Central/jets/3/phi in Skim_TriLep_tHq.root
2026-01-09 12:25:31,021 - INFO - [2023BPix] MISSING_CENTRAL: ZFake1E2Mu/Central/jets/3/phi in Skim_TriLep_WWW.root
2026-01-11 09:45:31,681 - INFO - [2023BPix] MISSING_CENTRAL: ZFake1E2Mu/Central/jets/3/phi in Skim_TriLep_MuonEG_D_v2.root
2026-01-11 09:45:31,714 - INFO - [2023BPix] MISSING_CENTRAL: ZFake1E2Mu/Central/jets/3/phi in Skim_TriLep_MuonEG_D_v2.root
2026-01-11 09:45:31,730 - INFO - [2023BPix] MISSING_CENTRAL: ZFake1E2Mu/Central/jets/3/phi in Skim_TriLep_DYJets10to50.root
2026-01-11 09:45:31,737 - INFO - [2023BPix] MISSING_CENTRAL: ZFake1E2Mu/Central/jets/3/phi in Skim_TriLep_TTG_PTG100to200.root
2026-01-11 09:45:31,737 - INFO - [2023BPix] MISSING_CENTRAL: ZFake1E2Mu/Central/jets/3/phi in Skim_TriLep_TTG_PTG200toInf.root
2026-01-11 09:45:31,782 - INFO - [2023BPix] MISSING_CENTRAL: ZFake1E2Mu/Central/jets/3/phi in Skim_TriLep_tHq.root
2026-01-11 09:45:31,783 - INFO - [2023BPix] MISSING_CENTRAL: ZFake1E2Mu/Central/jets/3/phi in Skim_TriLep_WWW.root
2026-01-12 13:54:21,471 - INFO - [2023BPix] MISSING_CENTRAL: ZFake1E2Mu/Central/jets/3/phi in Skim_TriLep_MuonEG_D_v2.root
2026-01-12 13:54:21,492 - INFO - [2023BPix] MISSING_FILE: /home/choij/Sync/workspace/ChargedHiggsAnalysisV3/SKNanoOutput/MatrixSelector/Run1E2Mu/2023BPix/Skim_TriLep_MuonEG_D_v1.root
2026-01-12 13:54:21,492 - INFO - [2023BPix] MISSING_FILE: /home/choij/Sync/workspace/ChargedHiggsAnalysisV3/SKNanoOutput/MatrixSelector/Run1E2Mu/2023BPix/Skim_TriLep_MuonEG_D_v2.root
2026-01-12 13:54:21,510 - INFO - [2023BPix] MISSING_CENTRAL: ZFake1E2Mu/Central/jets/3/phi in Skim_TriLep_DYJets10to50.root
2026-01-12 13:54:21,515 - INFO - [2023BPix] MISSING_CENTRAL: ZFake1E2Mu/Central/jets/3/phi in Skim_TriLep_TTG_PTG100to200.root
2026-01-12 13:54:21,515 - INFO - [2023BPix] MISSING_CENTRAL: ZFake1E2Mu/Central/jets/3/phi in Skim_TriLep_TTG_PTG200toInf.root
2026-01-12 13:54:21,560 - INFO - [2023BPix] MISSING_CENTRAL: ZFake1E2Mu/Central/jets/3/phi in Skim_TriLep_tHq.root
2026-01-12 13:54:21,561 - INFO - [2023BPix] MISSING_CENTRAL: ZFake1E2Mu/Central/jets/3/phi in Skim_TriLep_WWW.root
2026-01-16 19:09:08,085 - INFO - [2023BPix] MISSING_CENTRAL: ZFake1E2Mu/Central/jets/3/phi in Skim_TriLep_MuonEG_D_v2.root
2026-01-16 19:09:08,117 - INFO - [2023BPix] MISSING_CENTRAL: ZFake1E2Mu/Central/jets/3/phi in Skim_TriLep_MuonEG_D_v2.root
2026-01-16 19:09:08,132 - INFO - [2023BPix] MISSING_CENTRAL: ZFake1E2Mu/Central/jets/3/phi in Skim_TriLep_DYJets10to50.root
2026-01-16 19:09:08,139 - INFO - [2023BPix] MISSING_CENTRAL: ZFake1E2Mu/Central/jets/3/phi in Skim_TriLep_TTG_PTG100to200.root
2026-01-16 19:09:08,140 - INFO - [2023BPix] MISSING_CENTRAL: ZFake1E2Mu/Central/jets/3/phi in Skim_TriLep_TTG_PTG200toInf.root
2026-01-16 19:09:08,187 - INFO - [2023BPix] MISSING_CENTRAL: ZFake1E2Mu/Central/jets/3/phi in Skim_TriLep_tHq.root
2026-01-16 19:09:08,188 - INFO - [2023BPix] MISSING_CENTRAL: ZFake1E2Mu/Central/jets/3/phi in Skim_TriLep_WWW.root
2026-01-28 17:06:29,116 - INFO - [2023BPix] MISSING_CENTRAL: ZFake1E2Mu/Central/jets/3/phi in Skim_TriLep_MuonEG_D_v2.root
2026-01-28 17:06:29,153 - INFO - [2023BPix] MISSING_CENTRAL: ZFake1E2Mu/Central/jets/3/phi in Skim_TriLep_MuonEG_D_v2.root
2026-01-28 17:06:29,155 - INFO - [2023BPix] MISSING_CENTRAL: ZFake1E2Mu/Central/jets/3/phi in Skim_TriLep_DYJets.root
2026-01-28 17:06:29,155 - INFO - [2023BPix] MISSING_CENTRAL: ZFake1E2Mu/Central/jets/3/phi in Skim_TriLep_DYJets10to50.root
2026-01-28 17:06:29,156 - INFO - [2023BPix] MISSING_CENTRAL: ZFake1E2Mu/Central/jets/3/phi in Skim_TriLep_TTG_PTG10to100.root
2026-01-28 17:06:29,157 - INFO - [2023BPix] MISSING_CENTRAL: ZFake1E2Mu/Central/jets/3/phi in Skim_TriLep_TTG_PTG100to200.root
2026-01-28 17:06:29,158 - INFO - [2023BPix] MISSING_CENTRAL: ZFake1E2Mu/Central/jets/3/phi in Skim_TriLep_TTG_PTG200toInf.root
2026-01-28 17:06:29,222 - INFO - [2023BPix] MISSING_CENTRAL: ZFake1E2Mu/Central/jets/3/phi in Skim_TriLep_tHq.root
2026-01-28 17:06:29,222 - INFO - [2023BPix] MISSING_CENTRAL: ZFake1E2Mu/Central/jets/3/phi in Skim_TriLep_WWW.root
2026-01-28 17:27:06,649 - INFO - [2023BPix] MISSING_CENTRAL: ZFake1E2Mu/Central/jets/3/phi in Skim_TriLep_MuonEG_D_v2.root
2026-01-28 17:27:06,683 - INFO - [2023BPix] MISSING_CENTRAL: ZFake1E2Mu/Central/jets/3/phi in Skim_TriLep_MuonEG_D_v2.root
2026-01-28 17:27:06,684 - INFO - [2023BPix] MISSING_CENTRAL: ZFake1E2Mu/Central/jets/3/phi in Skim_TriLep_DYJets.root
2026-01-28 17:27:06,684 - INFO - [2023BPix] MISSING_CENTRAL: ZFake1E2Mu/Central/jets/3/phi in Skim_TriLep_DYJets10to50.root
2026-01-28 17:27:06,685 - INFO - [2023BPix] MISSING_CENTRAL: ZFake1E2Mu/Central/jets/3/phi in Skim_TriLep_TTG_PTG10to100.root
2026-01-28 17:27:06,686 - INFO - [2023BPix] MISSING_CENTRAL: ZFake1E2Mu/Central/jets/3/phi in Skim_TriLep_TTG_PTG100to200.root
2026-01-28 17:27:06,686 - INFO - [2023BPix] MISSING_CENTRAL: ZFake1E2Mu/Central/jets/3/phi in Skim_TriLep_TTG_PTG200toInf.root
2026-01-28 17:27:06,760 - INFO - [2023BPix] MISSING_CENTRAL: ZFake1E2Mu/Central/jets/3/phi in Skim_TriLep_tHq.root
2026-01-28 17:27:06,761 - INFO - [2023BPix] MISSING_CENTRAL: ZFake1E2Mu/Central/jets/3/phi in Skim_TriLep_WWW.root
2026-01-28 20:00:46,781 - INFO - [2023BPix] MISSING_CENTRAL: ZFake1E2Mu/Central/jets/3/phi in Skim_TriLep_MuonEG_D_v2.root
2026-01-28 20:00:46,817 - INFO - [2023BPix] MISSING_CENTRAL: ZFake1E2Mu/Central/jets/3/phi in Skim_TriLep_MuonEG_D_v2.root
2026-01-28 20:00:46,818 - INFO - [2023BPix] MISSING_CENTRAL: ZFake1E2Mu/Central/jets/3/phi in Skim_TriLep_DYJets.root
2026-01-28 20:00:46,819 - INFO - [2023BPix] MISSING_CENTRAL: ZFake1E2Mu/Central/jets/3/phi in Skim_TriLep_DYJets10to50.root
2026-01-28 20:00:46,820 - INFO - [2023BPix] MISSING_CENTRAL: ZFake1E2Mu/Central/jets/3/phi in Skim_TriLep_TTG_PTG10to100.root
2026-01-28 20:00:46,820 - INFO - [2023BPix] MISSING_CENTRAL: ZFake1E2Mu/Central/jets/3/phi in Skim_TriLep_TTG_PTG100to200.root
2026-01-28 20:00:46,821 - INFO - [2023BPix] MISSING_CENTRAL: ZFake1E2Mu/Central/jets/3/phi in Skim_TriLep_TTG_PTG200toInf.root
2026-01-28 20:00:46,882 - INFO - [2023BPix] MISSING_CENTRAL: ZFake1E2Mu/Central/jets/3/phi in Skim_TriLep_tHq.root
2026-01-28 20:00:46,883 - INFO - [2023BPix] MISSING_CENTRAL: ZFake1E2Mu/Central/jets/3/phi in Skim_TriLep_WWW.root
2026-01-29 07:17:31,516 - INFO - [2023BPix] MISSING_CENTRAL: ZFake1E2Mu/Central/jets/3/phi in Skim_TriLep_MuonEG_D_v2.root
2026-01-29 07:17:31,550 - INFO - [2023BPix] MISSING_CENTRAL: ZFake1E2Mu/Central/jets/3/phi in Skim_TriLep_MuonEG_D_v2.root
2026-01-29 07:17:31,552 - INFO - [2023BPix] MISSING_CENTRAL: ZFake1E2Mu/Central/jets/3/phi in Skim_TriLep_DYJets.root
2026-01-29 07:17:31,553 - INFO - [2023BPix] MISSING_CENTRAL: ZFake1E2Mu/Central/jets/3/phi in Skim_TriLep_DYJets10to50.root
2026-01-29 07:17:31,553 - INFO - [2023BPix] MISSING_CENTRAL: ZFake1E2Mu/Central/jets/3/phi in Skim_TriLep_TTG_PTG10to100.root
2026-01-29 07:17:31,554 - INFO - [2023BPix] MISSING_CENTRAL: ZFake1E2Mu/Central/jets/3/phi in Skim_TriLep_TTG_PTG100to200.root
2026-01-29 07:17:31,555 - INFO - [2023BPix] MISSING_CENTRAL: ZFake1E2Mu/Central/jets/3/phi in Skim_TriLep_TTG_PTG200toInf.root
2026-01-29 07:17:31,611 - INFO - [2023BPix] MISSING_CENTRAL: ZFake1E2Mu/Central/jets/3/phi in Skim_TriLep_tHq.root
2026-01-29 07:17:31,612 - INFO - [2023BPix] MISSING_CENTRAL: ZFake1E2Mu/Central/jets/3/phi in Skim_TriLep_WWW.root
2026-03-06 09:43:43,476 - INFO - [2023BPix] MISSING_CENTRAL: ZFake1E2Mu/Central/jets/3/phi in Skim_TriLep_MuonEG_D_v2.root
2026-03-06 09:43:43,509 - INFO - [2023BPix] MISSING_CENTRAL: ZFake1E2Mu/Central/jets/3/phi in Skim_TriLep_MuonEG_D_v2.root
2026-03-06 09:43:43,510 - INFO - [2023BPix] MISSING_CENTRAL: ZFake1E2Mu/Central/jets/3/phi in Skim_TriLep_DYJets.root
2026-03-06 09:43:43,511 - INFO - [2023BPix] MISSING_CENTRAL: ZFake1E2Mu/Central/jets/3/phi in Skim_TriLep_DYJets10to50.root
2026-03-06 09:43:43,512 - INFO - [2023BPix] MISSING_CENTRAL: ZFake1E2Mu/Central/jets/3/phi in Skim_TriLep_TTG_PTG10to100.root
2026-03-06 09:43:43,512 - INFO - [2023BPix] MISSING_CENTRAL: ZFake1E2Mu/Central/jets/3/phi in Skim_TriLep_TTG_PTG100to200.root
2026-03-06 09:43:43,513 - INFO - [2023BPix] MISSING_CENTRAL: ZFake1E2Mu/Central/jets/3/phi in Skim_TriLep_TTG_PTG200toInf.root
2026-03-06 09:43:43,565 - INFO - [2023BPix] MISSING_CENTRAL: ZFake1E2Mu/Central/jets/3/phi in Skim_TriLep_tHq.root
2026-03-06 09:43:43,566 - INFO - [2023BPix] MISSING_CENTRAL: ZFake1E2Mu/Central/jets/3/phi in Skim_TriLep_WWW.root
2026-03-06 19:49:29,561 - INFO - [2023BPix] MISSING_CENTRAL: ZFake1E2Mu/Central/jets/3/phi in Skim_TriLep_MuonEG_D_v2.root
2026-03-06 19:49:29,596 - INFO - [2023BPix] MISSING_CENTRAL: ZFake1E2Mu/Central/jets/3/phi in Skim_TriLep_MuonEG_D_v2.root
2026-03-06 19:49:29,597 - INFO - [2023BPix] MISSING_CENTRAL: ZFake1E2Mu/Central/jets/3/phi in Skim_TriLep_DYJets.root
2026-03-06 19:49:29,597 - INFO - [2023BPix] MISSING_CENTRAL: ZFake1E2Mu/Central/jets/3/phi in Skim_TriLep_DYJets10to50.root
2026-03-06 19:49:29,598 - INFO - [2023BPix] MISSING_CENTRAL: ZFake1E2Mu/Central/jets/3/phi in Skim_TriLep_TTG_PTG10to100.root
2026-03-06 19:49:29,598 - INFO - [2023BPix] MISSING_CENTRAL: ZFake1E2Mu/Central/jets/3/phi in Skim_TriLep_TTG_PTG100to200.root
2026-03-06 19:49:29,599 - INFO - [2023BPix] MISSING_CENTRAL: ZFake1E2Mu/Central/jets/3/phi in Skim_TriLep_TTG_PTG200toInf.root
2026-03-06 19:49:29,653 - INFO - [2023BPix] MISSING_CENTRAL: ZFake1E2Mu/Central/jets/3/phi in Skim_TriLep_tHq.root
2026-03-06 19:49:29,654 - INFO - [2023BPix] MISSING_CENTRAL: ZFake1E2Mu/Central/jets/3/phi in Skim_TriLep_WWW.root
2026-04-10 20:24:25,536 - INFO - [2023BPix] MISSING_CENTRAL: ZFake1E2Mu/Central/jets/3/phi in Skim_TriLep_MuonEG_D_v2.root
2026-04-10 20:24:25,569 - INFO - [2023BPix] MISSING_CENTRAL: ZFake1E2Mu/Central/jets/3/phi in Skim_TriLep_MuonEG_D_v2.root
2026-04-10 20:24:25,570 - INFO - [2023BPix] MISSING_CENTRAL: ZFake1E2Mu/Central/jets/3/phi in Skim_TriLep_DYJets.root
2026-04-10 20:24:25,571 - INFO - [2023BPix] MISSING_CENTRAL: ZFake1E2Mu/Central/jets/3/phi in Skim_TriLep_DYJets10to50.root
2026-04-10 20:24:25,571 - INFO - [2023BPix] MISSING_CENTRAL: ZFake1E2Mu/Central/jets/3/phi in Skim_TriLep_TTG_PTG10to100.root
2026-04-10 20:24:25,572 - INFO - [2023BPix] MISSING_CENTRAL: ZFake1E2Mu/Central/jets/3/phi in Skim_TriLep_TTG_PTG100to200.root
2026-04-10 20:24:25,573 - INFO - [2023BPix] MISSING_CENTRAL: ZFake1E2Mu/Central/jets/3/phi in Skim_TriLep_TTG_PTG200toInf.root
2026-04-10 20:24:25,638 - INFO - [2023BPix] MISSING_CENTRAL: ZFake1E2Mu/Central/jets/3/phi in Skim_TriLep_tHq.root
2026-04-10 20:24:25,638 - INFO - [2023BPix] MISSING_CENTRAL: ZFake1E2Mu/Central/jets/3/phi in Skim_TriLep_WWW.root
2026-04-12 11:39:45,892 - INFO - [2023BPix] MISSING_CENTRAL: ZFake1E2Mu/Central/jets/3/phi in Skim_TriLep_MuonEG_D_v2.root
2026-04-12 11:39:45,925 - INFO - [2023BPix] MISSING_CENTRAL: ZFake1E2Mu/Central/jets/3/phi in Skim_TriLep_MuonEG_D_v2.root
2026-04-12 11:39:45,926 - INFO - [2023BPix] MISSING_CENTRAL: ZFake1E2Mu/Central/jets/3/phi in Skim_TriLep_DYJets.root
2026-04-12 11:39:45,927 - INFO - [2023BPix] MISSING_CENTRAL: ZFake1E2Mu/Central/jets/3/phi in Skim_TriLep_DYJets10to50.root
2026-04-12 11:39:45,927 - INFO - [2023BPix] MISSING_CENTRAL: ZFake1E2Mu/Central/jets/3/phi in Skim_TriLep_TTG_PTG10to100.root
2026-04-12 11:39:45,928 - INFO - [2023BPix] MISSING_CENTRAL: ZFake1E2Mu/Central/jets/3/phi in Skim_TriLep_TTG_PTG100to200.root
2026-04-12 11:39:45,928 - INFO - [2023BPix] MISSING_CENTRAL: ZFake1E2Mu/Central/jets/3/phi in Skim_TriLep_TTG_PTG200toInf.root
2026-04-12 11:39:45,986 - INFO - [2023BPix] MISSING_CENTRAL: ZFake1E2Mu/Central/jets/3/phi in Skim_TriLep_tHq.root
2026-04-12 11:39:45,987 - INFO - [2023BPix] MISSING_CENTRAL: ZFake1E2Mu/Central/jets/3/phi in Skim_TriLep_WWW.root
2026-04-12 12:21:31,449 - INFO - [2023BPix] MISSING_CENTRAL: ZFake1E2Mu/Central/jets/3/phi in Skim_TriLep_MuonEG_D_v2.root
2026-04-12 12:21:31,486 - INFO - [2023BPix] MISSING_CENTRAL: ZFake1E2Mu/Central/jets/3/phi in Skim_TriLep_MuonEG_D_v2.root
2026-04-12 12:21:31,487 - INFO - [2023BPix] MISSING_CENTRAL: ZFake1E2Mu/Central/jets/3/phi in Skim_TriLep_DYJets.root
2026-04-12 12:21:31,488 - INFO - [2023BPix] MISSING_CENTRAL: ZFake1E2Mu/Central/jets/3/phi in Skim_TriLep_DYJets10to50.root
2026-04-12 12:21:31,489 - INFO - [2023BPix] MISSING_CENTRAL: ZFake1E2Mu/Central/jets/3/phi in Skim_TriLep_TTG_PTG10to100.root
2026-04-12 12:21:31,489 - INFO - [2023BPix] MISSING_CENTRAL: ZFake1E2Mu/Central/jets/3/phi in Skim_TriLep_TTG_PTG100to200.root
2026-04-12 12:21:31,490 - INFO - [2023BPix] MISSING_CENTRAL: ZFake1E2Mu/Central/jets/3/phi in Skim_TriLep_TTG_PTG200toInf.root
2026-04-12 12:21:31,547 - INFO - [2023BPix] MISSING_CENTRAL: ZFake1E2Mu/Central/jets/3/phi in Skim_TriLep_tHq.root
2026-04-12 12:21:31,548 - INFO - [2023BPix] MISSING_CENTRAL: ZFake1E2Mu/Central/jets/3/phi in Skim_TriLep_WWW.root
2026-04-12 12:41:10,588 - INFO - [2023BPix] MISSING_CENTRAL: ZFake1E2Mu/Central/jets/3/phi in Skim_TriLep_MuonEG_D_v2.root
2026-04-12 12:41:10,621 - INFO - [2023BPix] MISSING_CENTRAL: ZFake1E2Mu/Central/jets/3/phi in Skim_TriLep_MuonEG_D_v2.root
2026-04-12 12:41:10,622 - INFO - [2023BPix] MISSING_CENTRAL: ZFake1E2Mu/Central/jets/3/phi in Skim_TriLep_DYJets.root
2026-04-12 12:41:10,622 - INFO - [2023BPix] MISSING_CENTRAL: ZFake1E2Mu/Central/jets/3/phi in Skim_TriLep_DYJets10to50.root
2026-04-12 12:41:10,623 - INFO - [2023BPix] MISSING_CENTRAL: ZFake1E2Mu/Central/jets/3/phi in Skim_TriLep_TTG_PTG10to100.root
2026-04-12 12:41:10,624 - INFO - [2023BPix] MISSING_CENTRAL: ZFake1E2Mu/Central/jets/3/phi in Skim_TriLep_TTG_PTG100to200.root
2026-04-12 12:41:10,624 - INFO - [2023BPix] MISSING_CENTRAL: ZFake1E2Mu/Central/jets/3/phi in Skim_TriLep_TTG_PTG200toInf.root
2026-04-12 12:41:10,676 - INFO - [2023BPix] MISSING_CENTRAL: ZFake1E2Mu/Central/jets/3/phi in Skim_TriLep_tHq.root
2026-04-12 12:41:10,677 - INFO - [2023BPix] MISSING_CENTRAL: ZFake1E2Mu/Central/jets/3/phi in Skim_TriLep_WWW.root
2026-04-12 20:49:19,618 - INFO - [2023BPix] MISSING_CENTRAL: ZFake1E2Mu/Central/jets/3/phi in Skim_TriLep_MuonEG_D_v2.root
2026-04-12 20:49:19,650 - INFO - [2023BPix] MISSING_CENTRAL: ZFake1E2Mu/Central/jets/3/phi in Skim_TriLep_MuonEG_D_v2.root
2026-04-12 20:49:19,652 - INFO - [2023BPix] MISSING_CENTRAL: ZFake1E2Mu/Central/jets/3/phi in Skim_TriLep_DYJets.root
2026-04-12 20:49:19,652 - INFO - [2023BPix] MISSING_CENTRAL: ZFake1E2Mu/Central/jets/3/phi in Skim_TriLep_DYJets10to50.root
2026-04-12 20:49:19,653 - INFO - [2023BPix] MISSING_CENTRAL: ZFake1E2Mu/Central/jets/3/phi in Skim_TriLep_TTG_PTG10to100.root
2026-04-12 20:49:19,653 - INFO - [2023BPix] MISSING_CENTRAL: ZFake1E2Mu/Central/jets/3/phi in Skim_TriLep_TTG_PTG100to200.root
2026-04-12 20:49:19,654 - INFO - [2023BPix] MISSING_CENTRAL: ZFake1E2Mu/Central/jets/3/phi in Skim_TriLep_TTG_PTG200toInf.root
2026-04-12 20:49:19,711 - INFO - [2023BPix] MISSING_CENTRAL: ZFake1E2Mu/Central/jets/3/phi in Skim_TriLep_tHq.root
2026-04-12 20:49:19,712 - INFO - [2023BPix] MISSING_CENTRAL: ZFake1E2Mu/Central/jets/3/phi in Skim_TriLep_WWW.root
2026-04-12 21:20:53,910 - INFO - [2023BPix] MISSING_CENTRAL: ZFake1E2Mu/Central/jets/3/phi in Skim_TriLep_MuonEG_D_v2.root
2026-04-12 21:20:53,942 - INFO - [2023BPix] MISSING_CENTRAL: ZFake1E2Mu/Central/jets/3/phi in Skim_TriLep_MuonEG_D_v2.root
2026-04-12 21:20:53,943 - INFO - [2023BPix] MISSING_CENTRAL: ZFake1E2Mu/Central/jets/3/phi in Skim_TriLep_DYJets.root
2026-04-12 21:20:53,944 - INFO - [2023BPix] MISSING_CENTRAL: ZFake1E2Mu/Central/jets/3/phi in Skim_TriLep_DYJets10to50.root
2026-04-12 21:20:53,944 - INFO - [2023BPix] MISSING_CENTRAL: ZFake1E2Mu/Central/jets/3/phi in Skim_TriLep_TTG_PTG10to100.root
2026-04-12 21:20:53,945 - INFO - [2023BPix] MISSING_CENTRAL: ZFake1E2Mu/Central/jets/3/phi in Skim_TriLep_TTG_PTG100to200.root
2026-04-12 21:20:53,946 - INFO - [2023BPix] MISSING_CENTRAL: ZFake1E2Mu/Central/jets/3/phi in Skim_TriLep_TTG_PTG200toInf.root
2026-04-12 21:20:54,000 - INFO - [2023BPix] MISSING_CENTRAL: ZFake1E2Mu/Central/jets/3/phi in Skim_TriLep_tHq.root
2026-04-12 21:20:54,000 - INFO - [2023BPix] MISSING_CENTRAL: ZFake1E2Mu/Central/jets/3/phi in Skim_TriLep_WWW.root
2026-04-13 12:58:40,296 - INFO - [2023BPix] MISSING_CENTRAL: ZFake1E2Mu/Central/jets/3/phi in Skim_TriLep_MuonEG_D_v2.root
2026-04-13 12:58:40,323 - INFO - [2023BPix] MISSING_CENTRAL: ZFake1E2Mu/Central/jets/3/phi in Skim_TriLep_MuonEG_D_v2.root
2026-04-13 12:58:40,324 - INFO - [2023BPix] MISSING_CENTRAL: ZFake1E2Mu/Central/jets/3/phi in Skim_TriLep_DYJets.root
2026-04-13 12:58:40,325 - INFO - [2023BPix] MISSING_CENTRAL: ZFake1E2Mu/Central/jets/3/phi in Skim_TriLep_DYJets10to50.root
2026-04-13 12:58:40,326 - INFO - [2023BPix] MISSING_CENTRAL: ZFake1E2Mu/Central/jets/3/phi in Skim_TriLep_TTG_PTG10to100.root
2026-04-13 12:58:40,326 - INFO - [2023BPix] MISSING_CENTRAL: ZFake1E2Mu/Central/jets/3/phi in Skim_TriLep_TTG_PTG100to200.root
2026-04-13 12:58:40,327 - INFO - [2023BPix] MISSING_CENTRAL: ZFake1E2Mu/Central/jets/3/phi in Skim_TriLep_TTG_PTG200toInf.root
2026-04-13 12:58:40,394 - INFO - [2023BPix] MISSING_CENTRAL: ZFake1E2Mu/Central/jets/3/phi in Skim_TriLep_tHq.root
2026-04-13 12:58:40,395 - INFO - [2023BPix] MISSING_CENTRAL: ZFake1E2Mu/Central/jets/3/phi in Skim_TriLep_WWW.root
2026-04-16 17:41:12,248 - INFO - [2023BPix] MISSING_CENTRAL: ZFake1E2Mu/Central/jets/3/phi in Skim_TriLep_MuonEG_D_v2.root
2026-04-16 17:41:12,278 - INFO - [2023BPix] MISSING_CENTRAL: ZFake1E2Mu/Central/jets/3/phi in Skim_TriLep_MuonEG_D_v2.root
2026-04-16 17:41:12,279 - INFO - [2023BPix] MISSING_CENTRAL: ZFake1E2Mu/Central/jets/3/phi in Skim_TriLep_DYJets.root
2026-04-16 17:41:12,280 - INFO - [2023BPix] MISSING_CENTRAL: ZFake1E2Mu/Central/jets/3/phi in Skim_TriLep_DYJets10to50.root
2026-04-16 17:41:12,280 - INFO - [2023BPix] MISSING_CENTRAL: ZFake1E2Mu/Central/jets/3/phi in Skim_TriLep_TTG_PTG10to100.root
2026-04-16 17:41:12,281 - INFO - [2023BPix] MISSING_CENTRAL: ZFake1E2Mu/Central/jets/3/phi in Skim_TriLep_TTG_PTG100to200.root
2026-04-16 17:41:12,282 - INFO - [2023BPix] MISSING_CENTRAL: ZFake1E2Mu/Central/jets/3/phi in Skim_TriLep_TTG_PTG200toInf.root
2026-04-16 17:41:12,346 - INFO - [2023BPix] MISSING_CENTRAL: ZFake1E2Mu/Central/jets/3/phi in Skim_TriLep_tHq.root
2026-04-16 17:41:12,346 - INFO - [2023BPix] MISSING_CENTRAL: ZFake1E2Mu/Central/jets/3/phi in Skim_TriLep_WWW.root
2026-05-04 17:10:38,048 - INFO - [2023BPix] MISSING_CENTRAL: ZFake1E2Mu/Central/jets/3/phi in Skim_TriLep_MuonEG_D_v2.root
2026-05-04 17:10:38,079 - INFO - [2023BPix] MISSING_CENTRAL: ZFake1E2Mu/Central/jets/3/phi in Skim_TriLep_MuonEG_D_v2.root
2026-05-04 17:10:38,080 - INFO - [2023BPix] MISSING_CENTRAL: ZFake1E2Mu/Central/jets/3/phi in Skim_TriLep_DYJets.root
2026-05-04 17:10:38,080 - INFO - [2023BPix] MISSING_CENTRAL: ZFake1E2Mu/Central/jets/3/phi in Skim_TriLep_DYJets10to50.root
2026-05-04 17:10:38,081 - INFO - [2023BPix] MISSING_CENTRAL: ZFake1E2Mu/Central/jets/3/phi in Skim_TriLep_TTG_PTG10to100.root
2026-05-04 17:10:38,082 - INFO - [2023BPix] MISSING_CENTRAL: ZFake1E2Mu/Central/jets/3/phi in Skim_TriLep_TTG_PTG100to200.root
2026-05-04 17:10:38,082 - INFO - [2023BPix] MISSING_CENTRAL: ZFake1E2Mu/Central/jets/3/phi in Skim_TriLep_TTG_PTG200toInf.root
2026-05-04 17:10:38,143 - INFO - [2023BPix] MISSING_CENTRAL: ZFake1E2Mu/Central/jets/3/phi in Skim_TriLep_tHq.root
2026-05-04 17:10:38,144 - INFO - [2023BPix] MISSING_CENTRAL: ZFake1E2Mu/Central/jets/3/phi in Skim_TriLep_WWW.root
2026-05-28 15:47:24,082 - INFO - [2023BPix] MISSING_CENTRAL: ZFake1E2Mu/Central/jets/3/phi in Skim_TriLep_MuonEG_D_v2.root
2026-05-28 15:47:24,119 - INFO - [2023BPix] MISSING_CENTRAL: ZFake1E2Mu/Central/jets/3/phi in Skim_TriLep_MuonEG_D_v2.root
2026-05-28 15:47:24,120 - INFO - [2023BPix] MISSING_CENTRAL: ZFake1E2Mu/Central/jets/3/phi in Skim_TriLep_DYJets.root
2026-05-28 15:47:24,120 - INFO - [2023BPix] MISSING_CENTRAL: ZFake1E2Mu/Central/jets/3/phi in Skim_TriLep_DYJets10to50.root
2026-05-28 15:47:24,122 - INFO - [2023BPix] MISSING_CENTRAL: ZFake1E2Mu/Central/jets/3/phi in Skim_TriLep_TTG_PTG10to100.root
2026-05-28 15:47:24,122 - INFO - [2023BPix] MISSING_CENTRAL: ZFake1E2Mu/Central/jets/3/phi in Skim_TriLep_TTG_PTG100to200.root
2026-05-28 15:47:24,124 - INFO - [2023BPix] MISSING_CENTRAL: ZFake1E2Mu/Central/jets/3/phi in Skim_TriLep_TTG_PTG200toInf.root
2026-05-28 15:47:24,297 - INFO - [2023BPix] MISSING_CENTRAL: ZFake1E2Mu/Central/jets/3/phi in Skim_TriLep_tHq.root
2026-05-28 15:47:24,302 - INFO - [2023BPix] MISSING_CENTRAL: ZFake1E2Mu/Central/jets/3/phi in Skim_TriLep_WWW.root
2026-05-29 15:38:21,811 - INFO - [2023BPix] MISSING_CENTRAL: ZFake1E2Mu/Central/jets/3/phi in Skim_TriLep_MuonEG_D_v2.root
2026-05-29 15:38:21,841 - INFO - [2023BPix] MISSING_CENTRAL: ZFake1E2Mu/Central/jets/3/phi in Skim_TriLep_MuonEG_D_v2.root
2026-05-29 15:38:21,842 - INFO - [2023BPix] MISSING_CENTRAL: ZFake1E2Mu/Central/jets/3/phi in Skim_TriLep_DYJets.root
2026-05-29 15:38:21,842 - INFO - [2023BPix] MISSING_CENTRAL: ZFake1E2Mu/Central/jets/3/phi in Skim_TriLep_DYJets10to50.root
2026-05-29 15:38:21,843 - INFO - [2023BPix] MISSING_CENTRAL: ZFake1E2Mu/Central/jets/3/phi in Skim_TriLep_TTG_PTG10to100.root
2026-05-29 15:38:21,844 - INFO - [2023BPix] MISSING_CENTRAL: ZFake1E2Mu/Central/jets/3/phi in Skim_TriLep_TTG_PTG100to200.root
2026-05-29 15:38:21,844 - INFO - [2023BPix] MISSING_CENTRAL: ZFake1E2Mu/Central/jets/3/phi in Skim_TriLep_TTG_PTG200toInf.root
2026-05-29 15:38:21,903 - INFO - [2023BPix] MISSING_CENTRAL: ZFake1E2Mu/Central/jets/3/phi in Skim_TriLep_tHq.root
2026-05-29 15:38:21,904 - INFO - [2023BPix] MISSING_CENTRAL: ZFake1E2Mu/Central/jets/3/phi in Skim_TriLep_WWW.root
2026-05-29 18:29:43,329 - INFO - [2023BPix] MISSING_CENTRAL: ZFake1E2Mu/Central/jets/3/phi in Skim_TriLep_MuonEG_D_v2.root
2026-05-29 18:29:43,360 - INFO - [2023BPix] MISSING_CENTRAL: ZFake1E2Mu/Central/jets/3/phi in Skim_TriLep_MuonEG_D_v2.root
2026-05-29 18:29:43,361 - INFO - [2023BPix] MISSING_CENTRAL: ZFake1E2Mu/Central/jets/3/phi in Skim_TriLep_DYJets.root
2026-05-29 18:29:43,361 - INFO - [2023BPix] MISSING_CENTRAL: ZFake1E2Mu/Central/jets/3/phi in Skim_TriLep_DYJets10to50.root
2026-05-29 18:29:43,362 - INFO - [2023BPix] MISSING_CENTRAL: ZFake1E2Mu/Central/jets/3/phi in Skim_TriLep_TTG_PTG10to100.root
2026-05-29 18:29:43,362 - INFO - [2023BPix] MISSING_CENTRAL: ZFake1E2Mu/Central/jets/3/phi in Skim_TriLep_TTG_PTG100to200.root
2026-05-29 18:29:43,363 - INFO - [2023BPix] MISSING_CENTRAL: ZFake1E2Mu/Central/jets/3/phi in Skim_TriLep_TTG_PTG200toInf.root
2026-05-29 18:29:43,425 - INFO - [2023BPix] MISSING_CENTRAL: ZFake1E2Mu/Central/jets/3/phi in Skim_TriLep_tHq.root
2026-05-29 18:29:43,426 - INFO - [2023BPix] MISSING_CENTRAL: ZFake1E2Mu/Central/jets/3/phi in Skim_TriLep_WWW.root
2026-06-12 14:33:18,648 - INFO - [2023BPix] MISSING_CENTRAL: ZFake1E2Mu/Central/jets/3/phi in Skim_TriLep_MuonEG_D_v2.root
2026-06-12 14:33:18,678 - INFO - [2023BPix] MISSING_CENTRAL: ZFake1E2Mu/Central/jets/3/phi in Skim_TriLep_MuonEG_D_v2.root
2026-06-12 14:33:18,679 - INFO - [2023BPix] MISSING_CENTRAL: ZFake1E2Mu/Central/jets/3/phi in Skim_TriLep_DYJets.root
2026-06-12 14:33:18,679 - INFO - [2023BPix] MISSING_CENTRAL: ZFake1E2Mu/Central/jets/3/phi in Skim_TriLep_DYJets10to50.root
2026-06-12 14:33:18,680 - INFO - [2023BPix] MISSING_CENTRAL: ZFake1E2Mu/Central/jets/3/phi in Skim_TriLep_TTG_PTG10to100.root
2026-06-12 14:33:18,681 - INFO - [2023BPix] MISSING_CENTRAL: ZFake1E2Mu/Central/jets/3/phi in Skim_TriLep_TTG_PTG100to200.root
2026-06-12 14:33:18,681 - INFO - [2023BPix] MISSING_CENTRAL: ZFake1E2Mu/Central/jets/3/phi in Skim_TriLep_TTG_PTG200toInf.root
2026-06-12 14:33:18,740 - INFO - [2023BPix] MISSING_CENTRAL: ZFake1E2Mu/Central/jets/3/phi in Skim_TriLep_tHq.root
2026-06-12 14:33:18,741 - INFO - [2023BPix] MISSING_CENTRAL: ZFake1E2Mu/Central/jets/3/phi in Skim_TriLep_WWW.root
