2025-09-24 15:53:01,056 - INFO - [2016preVFP] MISSING_CENTRAL: SR3Mu/Central/bjets/size in Skim_TriLep_DYJets10to50.root
2025-09-24 15:53:01,064 - INFO - [2016preVFP] MISSING_CENTRAL: SR3Mu/Central/bjets/size in Skim_TriLep_WWG.root
2025-09-24 15:53:01,228 - INFO - [2016postVFP] MISSING_CENTRAL: SR3Mu/Central/bjets/size in Skim_TriLep_DYJets.root
2025-09-24 15:53:01,228 - INFO - [2016postVFP] MISSING_CENTRAL: SR3Mu/Central/bjets/size in Skim_TriLep_DYJets10to50.root
2025-09-24 15:53:01,238 - INFO - [2016postVFP] MISSING_CENTRAL: SR3Mu/Central/bjets/size in Skim_TriLep_WWG.root
2025-09-24 15:53:01,346 - INFO - [2017] MISSING_CENTRAL: SR3Mu/Central/bjets/size in Skim_TriLep_DYJets10to50.root
2025-09-24 15:53:01,357 - INFO - [2017] MISSING_CENTRAL: SR3Mu/Central/bjets/size in Skim_TriLep_WWG.root
2025-09-24 15:53:01,478 - INFO - [2018] MISSING_CENTRAL: SR3Mu/Central/bjets/size in Skim_TriLep_DYJets10to50.root
2025-09-24 15:53:01,483 - INFO - [2018] MISSING_FILE: /Users/choij/Sync/workspace/ChargedHiggsAnalysisV3/SKNanoOutput/PromptSelector/Run3Mu_RunSyst/2018/Skim_TriLep_TTG.root
2025-09-24 15:53:01,506 - INFO - [2018] MISSING_FILE: /Users/choij/Sync/workspace/ChargedHiggsAnalysisV3/SKNanoOutput/PromptSelector/Run3Mu_RunSyst/2018/Skim_TriLep_TTHToNonbb.root
2025-09-24 15:53:01,533 - INFO - [2018] MISSING_FILE: /Users/choij/Sync/workspace/ChargedHiggsAnalysisV3/SKNanoOutput/PromptSelector/Run3Mu_RunSyst/2018/Skim_TriLep_tHq.root
2025-09-24 15:53:01,616 - INFO - [2018] MISSING_FILE: /Users/choij/Sync/workspace/ChargedHiggsAnalysisV3/SKNanoOutput/PromptSelector/Run3Mu_RunSyst/2018/Skim_TriLep_VBFHToZZTo4L.root
2025-10-02 21:15:38,274 - INFO - [2016preVFP] MISSING_CENTRAL: SR3Mu/Central/bjets/size in Skim_TriLep_DYJets10to50.root
2025-10-02 21:15:38,289 - INFO - [2016preVFP] MISSING_CENTRAL: SR3Mu/Central/bjets/size in Skim_TriLep_WWG.root
2025-10-02 21:15:38,474 - INFO - [2016postVFP] MISSING_CENTRAL: SR3Mu/Central/bjets/size in Skim_TriLep_DYJets.root
2025-10-02 21:15:38,475 - INFO - [2016postVFP] MISSING_CENTRAL: SR3Mu/Central/bjets/size in Skim_TriLep_DYJets10to50.root
2025-10-02 21:15:38,493 - INFO - [2016postVFP] MISSING_CENTRAL: SR3Mu/Central/bjets/size in Skim_TriLep_WWG.root
2025-10-02 21:15:38,734 - INFO - [2017] MISSING_CENTRAL: SR3Mu/Central/bjets/size in Skim_TriLep_DYJets10to50.root
2025-10-02 21:15:38,766 - INFO - [2017] MISSING_CENTRAL: SR3Mu/Central/bjets/size in Skim_TriLep_WWG.root
2025-10-02 21:15:39,004 - INFO - [2018] MISSING_CENTRAL: SR3Mu/Central/bjets/size in Skim_TriLep_DYJets10to50.root
2025-10-02 21:15:39,025 - INFO - [2018] MISSING_FILE: /data9/Users/choij/Sync/workspace/ChargedHiggsAnalysisV3/SKNanoOutput/PromptSelector/Run3Mu_RunSyst/2018/Skim_TriLep_TTG.root
2025-10-02 21:15:39,073 - INFO - [2018] MISSING_FILE: /data9/Users/choij/Sync/workspace/ChargedHiggsAnalysisV3/SKNanoOutput/PromptSelector/Run3Mu_RunSyst/2018/Skim_TriLep_TTHToNonbb.root
2025-10-02 21:15:39,123 - INFO - [2018] MISSING_FILE: /data9/Users/choij/Sync/workspace/ChargedHiggsAnalysisV3/SKNanoOutput/PromptSelector/Run3Mu_RunSyst/2018/Skim_TriLep_tHq.root
2025-10-02 21:15:39,200 - INFO - [2018] MISSING_FILE: /data9/Users/choij/Sync/workspace/ChargedHiggsAnalysisV3/SKNanoOutput/PromptSelector/Run3Mu_RunSyst/2018/Skim_TriLep_VBFHToZZTo4L.root
2025-10-03 00:05:12,864 - INFO - [2016preVFP] MISSING_CENTRAL: SR3Mu/Central/bjets/size in Skim_TriLep_DYJets10to50.root
2025-10-03 00:05:12,871 - INFO - [2016preVFP] MISSING_CENTRAL: SR3Mu/Central/bjets/size in Skim_TriLep_WWG.root
2025-10-03 00:05:12,973 - INFO - [2016postVFP] MISSING_CENTRAL: SR3Mu/Central/bjets/size in Skim_TriLep_DYJets.root
2025-10-03 00:05:12,974 - INFO - [2016postVFP] MISSING_CENTRAL: SR3Mu/Central/bjets/size in Skim_TriLep_DYJets10to50.root
2025-10-03 00:05:12,981 - INFO - [2016postVFP] MISSING_CENTRAL: SR3Mu/Central/bjets/size in Skim_TriLep_WWG.root
2025-10-03 00:05:13,085 - INFO - [2017] MISSING_CENTRAL: SR3Mu/Central/bjets/size in Skim_TriLep_DYJets10to50.root
2025-10-03 00:05:13,095 - INFO - [2017] MISSING_CENTRAL: SR3Mu/Central/bjets/size in Skim_TriLep_WWG.root
2025-10-03 00:05:13,214 - INFO - [2018] MISSING_CENTRAL: SR3Mu/Central/bjets/size in Skim_TriLep_DYJets10to50.root
2025-10-03 00:05:13,220 - INFO - [2018] MISSING_FILE: /Users/choij/Sync/workspace/ChargedHiggsAnalysisV3/SKNanoOutput/PromptSelector/Run3Mu_RunSyst/2018/Skim_TriLep_TTG.root
2025-10-03 00:05:13,244 - INFO - [2018] MISSING_FILE: /Users/choij/Sync/workspace/ChargedHiggsAnalysisV3/SKNanoOutput/PromptSelector/Run3Mu_RunSyst/2018/Skim_TriLep_TTHToNonbb.root
2025-10-03 00:05:13,275 - INFO - [2018] MISSING_FILE: /Users/choij/Sync/workspace/ChargedHiggsAnalysisV3/SKNanoOutput/PromptSelector/Run3Mu_RunSyst/2018/Skim_TriLep_tHq.root
2025-10-03 00:05:13,318 - INFO - [2018] MISSING_FILE: /Users/choij/Sync/workspace/ChargedHiggsAnalysisV3/SKNanoOutput/PromptSelector/Run3Mu_RunSyst/2018/Skim_TriLep_VBFHToZZTo4L.root
2025-11-05 20:29:25,196 - INFO - [2016preVFP] MISSING_CENTRAL: SR3Mu/Central/bjets/size in Skim_TriLep_DYJets.root
2025-11-05 20:29:25,197 - INFO - [2016preVFP] MISSING_CENTRAL: SR3Mu/Central/bjets/size in Skim_TriLep_DYJets10to50.root
2025-11-05 20:29:25,211 - INFO - [2016preVFP] MISSING_CENTRAL: SR3Mu/Central/bjets/size in Skim_TriLep_WWG.root
2025-11-05 20:29:25,282 - INFO - [2016postVFP] MISSING_CENTRAL: SR3Mu/Central/bjets/size in Skim_TriLep_DYJets.root
2025-11-05 20:29:25,283 - INFO - [2016postVFP] MISSING_CENTRAL: SR3Mu/Central/bjets/size in Skim_TriLep_DYJets10to50.root
2025-11-05 20:29:25,293 - INFO - [2016postVFP] MISSING_CENTRAL: SR3Mu/Central/bjets/size in Skim_TriLep_WWG.root
2025-11-05 20:29:25,402 - INFO - [2017] MISSING_CENTRAL: SR3Mu/Central/bjets/size in Skim_TriLep_DYJets10to50.root
2025-11-05 20:29:25,416 - INFO - [2017] MISSING_CENTRAL: SR3Mu/Central/bjets/size in Skim_TriLep_WWG.root
2025-11-05 20:29:25,496 - INFO - [2018] MISSING_CENTRAL: SR3Mu/Central/bjets/size in Skim_TriLep_DYJets10to50.root
2025-11-05 21:34:26,694 - INFO - [2016preVFP] MISSING_CENTRAL: SR3Mu/Central/bjets/size in Skim_TriLep_DYJets.root
2025-11-05 21:34:26,695 - INFO - [2016preVFP] MISSING_CENTRAL: SR3Mu/Central/bjets/size in Skim_TriLep_DYJets10to50.root
2025-11-05 21:34:26,708 - INFO - [2016preVFP] MISSING_CENTRAL: SR3Mu/Central/bjets/size in Skim_TriLep_WWG.root
2025-11-05 21:34:26,819 - INFO - [2016postVFP] MISSING_CENTRAL: SR3Mu/Central/bjets/size in Skim_TriLep_DYJets.root
2025-11-05 21:34:26,820 - INFO - [2016postVFP] MISSING_CENTRAL: SR3Mu/Central/bjets/size in Skim_TriLep_DYJets10to50.root
2025-11-05 21:34:26,830 - INFO - [2016postVFP] MISSING_CENTRAL: SR3Mu/Central/bjets/size in Skim_TriLep_WWG.root
2025-11-05 21:34:26,989 - INFO - [2017] MISSING_CENTRAL: SR3Mu/Central/bjets/size in Skim_TriLep_DYJets10to50.root
2025-11-05 21:34:27,033 - INFO - [2017] MISSING_CENTRAL: SR3Mu/Central/bjets/size in Skim_TriLep_WWG.root
2025-11-05 21:34:27,170 - INFO - [2018] MISSING_CENTRAL: SR3Mu/Central/bjets/size in Skim_TriLep_DYJets10to50.root
2025-11-05 21:39:47,065 - INFO - [2016preVFP] MISSING_CENTRAL: SR3Mu/Central/bjets/size in Skim_TriLep_DYJets.root
2025-11-05 21:39:47,066 - INFO - [2016preVFP] MISSING_CENTRAL: SR3Mu/Central/bjets/size in Skim_TriLep_DYJets10to50.root
2025-11-05 21:39:47,080 - INFO - [2016preVFP] MISSING_CENTRAL: SR3Mu/Central/bjets/size in Skim_TriLep_WWG.root
2025-11-05 21:39:47,154 - INFO - [2016postVFP] MISSING_CENTRAL: SR3Mu/Central/bjets/size in Skim_TriLep_DYJets.root
2025-11-05 21:39:47,154 - INFO - [2016postVFP] MISSING_CENTRAL: SR3Mu/Central/bjets/size in Skim_TriLep_DYJets10to50.root
2025-11-05 21:39:47,164 - INFO - [2016postVFP] MISSING_CENTRAL: SR3Mu/Central/bjets/size in Skim_TriLep_WWG.root
2025-11-05 21:39:47,264 - INFO - [2017] MISSING_CENTRAL: SR3Mu/Central/bjets/size in Skim_TriLep_DYJets10to50.root
2025-11-05 21:39:47,290 - INFO - [2017] MISSING_CENTRAL: SR3Mu/Central/bjets/size in Skim_TriLep_WWG.root
2025-11-05 21:39:47,387 - INFO - [2018] MISSING_CENTRAL: SR3Mu/Central/bjets/size in Skim_TriLep_DYJets10to50.root
2025-11-05 22:03:37,026 - INFO - [2016preVFP] MISSING_CENTRAL: SR3Mu/Central/bjets/size in Skim_TriLep_DYJets.root
2025-11-05 22:03:37,027 - INFO - [2016preVFP] MISSING_CENTRAL: SR3Mu/Central/bjets/size in Skim_TriLep_DYJets10to50.root
2025-11-05 22:03:37,041 - INFO - [2016preVFP] MISSING_CENTRAL: SR3Mu/Central/bjets/size in Skim_TriLep_WWG.root
2025-11-05 22:03:37,160 - INFO - [2016postVFP] MISSING_CENTRAL: SR3Mu/Central/bjets/size in Skim_TriLep_DYJets.root
2025-11-05 22:03:37,160 - INFO - [2016postVFP] MISSING_CENTRAL: SR3Mu/Central/bjets/size in Skim_TriLep_DYJets10to50.root
2025-11-05 22:03:37,169 - INFO - [2016postVFP] MISSING_CENTRAL: SR3Mu/Central/bjets/size in Skim_TriLep_WWG.root
2025-11-05 22:03:37,292 - INFO - [2017] MISSING_CENTRAL: SR3Mu/Central/bjets/size in Skim_TriLep_DYJets10to50.root
2025-11-05 22:03:37,305 - INFO - [2017] MISSING_CENTRAL: SR3Mu/Central/bjets/size in Skim_TriLep_WWG.root
2025-11-05 22:03:37,420 - INFO - [2018] MISSING_CENTRAL: SR3Mu/Central/bjets/size in Skim_TriLep_DYJets10to50.root
2025-11-05 22:19:21,632 - INFO - [2016preVFP] MISSING_CENTRAL: SR3Mu/Central/bjets/size in Skim_TriLep_DYJets.root
2025-11-05 22:19:21,633 - INFO - [2016preVFP] MISSING_CENTRAL: SR3Mu/Central/bjets/size in Skim_TriLep_DYJets10to50.root
2025-11-05 22:19:21,647 - INFO - [2016preVFP] MISSING_CENTRAL: SR3Mu/Central/bjets/size in Skim_TriLep_WWG.root
2025-11-05 22:19:21,749 - INFO - [2016postVFP] MISSING_CENTRAL: SR3Mu/Central/bjets/size in Skim_TriLep_DYJets.root
2025-11-05 22:19:21,749 - INFO - [2016postVFP] MISSING_CENTRAL: SR3Mu/Central/bjets/size in Skim_TriLep_DYJets10to50.root
2025-11-05 22:19:21,759 - INFO - [2016postVFP] MISSING_CENTRAL: SR3Mu/Central/bjets/size in Skim_TriLep_WWG.root
2025-11-05 22:19:21,880 - INFO - [2017] MISSING_CENTRAL: SR3Mu/Central/bjets/size in Skim_TriLep_DYJets10to50.root
2025-11-05 22:19:21,891 - INFO - [2017] MISSING_CENTRAL: SR3Mu/Central/bjets/size in Skim_TriLep_WWG.root
2025-11-05 22:19:21,970 - INFO - [2018] MISSING_CENTRAL: SR3Mu/Central/bjets/size in Skim_TriLep_DYJets10to50.root
2025-11-05 23:23:55,269 - INFO - [2016preVFP] MISSING_CENTRAL: SR3Mu/Central/bjets/size in Skim_TriLep_DYJets.root
2025-11-05 23:23:55,270 - INFO - [2016preVFP] MISSING_CENTRAL: SR3Mu/Central/bjets/size in Skim_TriLep_DYJets10to50.root
2025-11-05 23:23:55,284 - INFO - [2016preVFP] MISSING_CENTRAL: SR3Mu/Central/bjets/size in Skim_TriLep_WWG.root
2025-11-05 23:23:55,354 - INFO - [2016postVFP] MISSING_CENTRAL: SR3Mu/Central/bjets/size in Skim_TriLep_DYJets.root
2025-11-05 23:23:55,355 - INFO - [2016postVFP] MISSING_CENTRAL: SR3Mu/Central/bjets/size in Skim_TriLep_DYJets10to50.root
2025-11-05 23:23:55,366 - INFO - [2016postVFP] MISSING_CENTRAL: SR3Mu/Central/bjets/size in Skim_TriLep_WWG.root
2025-11-05 23:23:55,441 - INFO - [2017] MISSING_CENTRAL: SR3Mu/Central/bjets/size in Skim_TriLep_DYJets10to50.root
2025-11-05 23:23:55,455 - INFO - [2017] MISSING_CENTRAL: SR3Mu/Central/bjets/size in Skim_TriLep_WWG.root
2025-11-05 23:23:55,574 - INFO - [2018] MISSING_CENTRAL: SR3Mu/Central/bjets/size in Skim_TriLep_DYJets10to50.root
2025-11-07 12:27:06,506 - INFO - [2016preVFP] MISSING_CENTRAL: SR3Mu/Central/bjets/size in Skim_TriLep_DYJets.root
2025-11-07 12:27:06,507 - INFO - [2016preVFP] MISSING_CENTRAL: SR3Mu/Central/bjets/size in Skim_TriLep_DYJets10to50.root
2025-11-07 12:27:06,521 - INFO - [2016preVFP] MISSING_CENTRAL: SR3Mu/Central/bjets/size in Skim_TriLep_WWG.root
2025-11-07 12:27:06,582 - INFO - [2016postVFP] MISSING_CENTRAL: SR3Mu/Central/bjets/size in Skim_TriLep_DYJets.root
2025-11-07 12:27:06,582 - INFO - [2016postVFP] MISSING_CENTRAL: SR3Mu/Central/bjets/size in Skim_TriLep_DYJets10to50.root
2025-11-07 12:27:06,590 - INFO - [2016postVFP] MISSING_CENTRAL: SR3Mu/Central/bjets/size in Skim_TriLep_WWG.root
2025-11-07 12:27:06,662 - INFO - [2017] MISSING_CENTRAL: SR3Mu/Central/bjets/size in Skim_TriLep_DYJets10to50.root
2025-11-07 12:27:06,673 - INFO - [2017] MISSING_CENTRAL: SR3Mu/Central/bjets/size in Skim_TriLep_WWG.root
2025-11-07 12:27:06,819 - INFO - [2018] MISSING_CENTRAL: SR3Mu/Central/bjets/size in Skim_TriLep_DYJets10to50.root
2025-11-07 13:07:42,156 - INFO - [2016preVFP] MISSING_CENTRAL: SR3Mu/Central/bjets/size in Skim_TriLep_DYJets.root
2025-11-07 13:07:42,156 - INFO - [2016preVFP] MISSING_CENTRAL: SR3Mu/Central/bjets/size in Skim_TriLep_DYJets10to50.root
2025-11-07 13:07:42,169 - INFO - [2016preVFP] MISSING_CENTRAL: SR3Mu/Central/bjets/size in Skim_TriLep_WWG.root
2025-11-07 13:07:42,237 - INFO - [2016postVFP] MISSING_CENTRAL: SR3Mu/Central/bjets/size in Skim_TriLep_DYJets.root
2025-11-07 13:07:42,238 - INFO - [2016postVFP] MISSING_CENTRAL: SR3Mu/Central/bjets/size in Skim_TriLep_DYJets10to50.root
2025-11-07 13:07:42,248 - INFO - [2016postVFP] MISSING_CENTRAL: SR3Mu/Central/bjets/size in Skim_TriLep_WWG.root
2025-11-07 13:07:42,321 - INFO - [2017] MISSING_CENTRAL: SR3Mu/Central/bjets/size in Skim_TriLep_DYJets10to50.root
2025-11-07 13:07:42,336 - INFO - [2017] MISSING_CENTRAL: SR3Mu/Central/bjets/size in Skim_TriLep_WWG.root
2025-11-07 13:07:42,438 - INFO - [2018] MISSING_CENTRAL: SR3Mu/Central/bjets/size in Skim_TriLep_DYJets10to50.root
2025-11-07 14:06:00,249 - INFO - [2016preVFP] MISSING_CENTRAL: SR3Mu/Central/bjets/size in Skim_TriLep_DYJets.root
2025-11-07 14:06:00,251 - INFO - [2016preVFP] MISSING_CENTRAL: SR3Mu/Central/bjets/size in Skim_TriLep_DYJets10to50.root
2025-11-07 14:06:00,276 - INFO - [2016preVFP] MISSING_CENTRAL: SR3Mu/Central/bjets/size in Skim_TriLep_WWG.root
2025-11-07 14:06:00,432 - INFO - [2016postVFP] MISSING_CENTRAL: SR3Mu/Central/bjets/size in Skim_TriLep_DYJets.root
2025-11-07 14:06:00,432 - INFO - [2016postVFP] MISSING_CENTRAL: SR3Mu/Central/bjets/size in Skim_TriLep_DYJets10to50.root
2025-11-07 14:06:00,455 - INFO - [2016postVFP] MISSING_CENTRAL: SR3Mu/Central/bjets/size in Skim_TriLep_WWG.root
2025-11-07 14:06:00,575 - INFO - [2017] MISSING_CENTRAL: SR3Mu/Central/bjets/size in Skim_TriLep_DYJets10to50.root
2025-11-07 14:06:00,588 - INFO - [2017] MISSING_CENTRAL: SR3Mu/Central/bjets/size in Skim_TriLep_WWG.root
2025-11-07 14:06:00,690 - INFO - [2018] MISSING_CENTRAL: SR3Mu/Central/bjets/size in Skim_TriLep_DYJets10to50.root
2025-11-10 05:58:43,001 - INFO - [2016preVFP] MISSING_CENTRAL: SR3Mu/Central/bjets/size in Skim_TriLep_DYJets.root
2025-11-10 05:58:43,002 - INFO - [2016preVFP] MISSING_CENTRAL: SR3Mu/Central/bjets/size in Skim_TriLep_DYJets10to50.root
2025-11-10 05:58:43,043 - INFO - [2016preVFP] MISSING_CENTRAL: SR3Mu/Central/bjets/size in Skim_TriLep_WWG.root
2025-11-10 05:58:43,337 - INFO - [2016postVFP] MISSING_CENTRAL: SR3Mu/Central/bjets/size in Skim_TriLep_DYJets.root
2025-11-10 05:58:43,338 - INFO - [2016postVFP] MISSING_CENTRAL: SR3Mu/Central/bjets/size in Skim_TriLep_DYJets10to50.root
2025-11-10 05:58:43,389 - INFO - [2016postVFP] MISSING_CENTRAL: SR3Mu/Central/bjets/size in Skim_TriLep_WWG.root
2025-11-10 05:58:43,831 - INFO - [2017] MISSING_CENTRAL: SR3Mu/Central/bjets/size in Skim_TriLep_DYJets10to50.root
2025-11-10 05:58:43,875 - INFO - [2017] MISSING_CENTRAL: SR3Mu/Central/bjets/size in Skim_TriLep_WWG.root
2025-11-10 05:58:44,358 - INFO - [2018] MISSING_CENTRAL: SR3Mu/Central/bjets/size in Skim_TriLep_DYJets10to50.root
2025-11-10 12:21:04,076 - INFO - [2016preVFP] MISSING_CENTRAL: SR3Mu/Central/bjets/size in Skim_TriLep_DYJets.root
2025-11-10 12:21:04,076 - INFO - [2016preVFP] MISSING_CENTRAL: SR3Mu/Central/bjets/size in Skim_TriLep_DYJets10to50.root
2025-11-10 12:21:04,088 - INFO - [2016preVFP] MISSING_CENTRAL: SR3Mu/Central/bjets/size in Skim_TriLep_WWG.root
2025-11-10 12:21:04,202 - INFO - [2016postVFP] MISSING_CENTRAL: SR3Mu/Central/bjets/size in Skim_TriLep_DYJets.root
2025-11-10 12:21:04,208 - INFO - [2016postVFP] MISSING_CENTRAL: SR3Mu/Central/bjets/size in Skim_TriLep_DYJets10to50.root
2025-11-10 12:21:04,232 - INFO - [2016postVFP] MISSING_CENTRAL: SR3Mu/Central/bjets/size in Skim_TriLep_WWG.root
2025-11-10 12:21:04,345 - INFO - [2017] MISSING_CENTRAL: SR3Mu/Central/bjets/size in Skim_TriLep_DYJets10to50.root
2025-11-10 12:21:04,356 - INFO - [2017] MISSING_CENTRAL: SR3Mu/Central/bjets/size in Skim_TriLep_WWG.root
2025-11-10 12:21:04,433 - INFO - [2018] MISSING_CENTRAL: SR3Mu/Central/bjets/size in Skim_TriLep_DYJets10to50.root
2025-11-13 11:10:33,040 - INFO - [2016preVFP] MISSING_CENTRAL: SR3Mu/Central/bjets/size in Skim_TriLep_DYJets.root
2025-11-13 11:10:33,041 - INFO - [2016preVFP] MISSING_CENTRAL: SR3Mu/Central/bjets/size in Skim_TriLep_DYJets10to50.root
2025-11-13 11:10:33,065 - INFO - [2016preVFP] MISSING_CENTRAL: SR3Mu/Central/bjets/size in Skim_TriLep_WWG.root
2025-11-13 11:10:33,186 - INFO - [2016postVFP] MISSING_CENTRAL: SR3Mu/Central/bjets/size in Skim_TriLep_DYJets.root
2025-11-13 11:10:33,188 - INFO - [2016postVFP] MISSING_CENTRAL: SR3Mu/Central/bjets/size in Skim_TriLep_DYJets10to50.root
2025-11-13 11:10:33,206 - INFO - [2016postVFP] MISSING_CENTRAL: SR3Mu/Central/bjets/size in Skim_TriLep_WWG.root
2025-11-13 11:10:33,348 - INFO - [2017] MISSING_CENTRAL: SR3Mu/Central/bjets/size in Skim_TriLep_DYJets10to50.root
2025-11-13 11:10:33,369 - INFO - [2017] MISSING_CENTRAL: SR3Mu/Central/bjets/size in Skim_TriLep_WWG.root
2025-11-13 11:10:33,522 - INFO - [2018] MISSING_CENTRAL: SR3Mu/Central/bjets/size in Skim_TriLep_DYJets10to50.root
2025-11-13 19:54:48,916 - INFO - [2016preVFP] MISSING_CENTRAL: SR3Mu/Central/bjets/size in Skim_TriLep_DYJets.root
2025-11-13 19:54:48,916 - INFO - [2016preVFP] MISSING_CENTRAL: SR3Mu/Central/bjets/size in Skim_TriLep_DYJets10to50.root
2025-11-13 19:54:48,931 - INFO - [2016preVFP] MISSING_CENTRAL: SR3Mu/Central/bjets/size in Skim_TriLep_WWG.root
2025-11-13 19:54:49,000 - INFO - [2016postVFP] MISSING_CENTRAL: SR3Mu/Central/bjets/size in Skim_TriLep_DYJets.root
2025-11-13 19:54:49,001 - INFO - [2016postVFP] MISSING_CENTRAL: SR3Mu/Central/bjets/size in Skim_TriLep_DYJets10to50.root
2025-11-13 19:54:49,012 - INFO - [2016postVFP] MISSING_CENTRAL: SR3Mu/Central/bjets/size in Skim_TriLep_WWG.root
2025-11-13 19:54:49,099 - INFO - [2017] MISSING_CENTRAL: SR3Mu/Central/bjets/size in Skim_TriLep_DYJets10to50.root
2025-11-13 19:54:49,120 - INFO - [2017] MISSING_CENTRAL: SR3Mu/Central/bjets/size in Skim_TriLep_WWG.root
2025-11-13 19:54:49,243 - INFO - [2018] MISSING_CENTRAL: SR3Mu/Central/bjets/size in Skim_TriLep_DYJets10to50.root
2025-11-13 20:01:43,855 - INFO - [2016preVFP] MISSING_CENTRAL: SR3Mu/Central/bjets/size in Skim_TriLep_DYJets.root
2025-11-13 20:01:43,856 - INFO - [2016preVFP] MISSING_CENTRAL: SR3Mu/Central/bjets/size in Skim_TriLep_DYJets10to50.root
2025-11-13 20:01:43,870 - INFO - [2016preVFP] MISSING_CENTRAL: SR3Mu/Central/bjets/size in Skim_TriLep_WWG.root
2025-11-13 20:01:43,954 - INFO - [2016postVFP] MISSING_CENTRAL: SR3Mu/Central/bjets/size in Skim_TriLep_DYJets.root
2025-11-13 20:01:43,954 - INFO - [2016postVFP] MISSING_CENTRAL: SR3Mu/Central/bjets/size in Skim_TriLep_DYJets10to50.root
2025-11-13 20:01:43,964 - INFO - [2016postVFP] MISSING_CENTRAL: SR3Mu/Central/bjets/size in Skim_TriLep_WWG.root
2025-11-13 20:01:44,057 - INFO - [2017] MISSING_CENTRAL: SR3Mu/Central/bjets/size in Skim_TriLep_DYJets10to50.root
2025-11-13 20:01:44,067 - INFO - [2017] MISSING_CENTRAL: SR3Mu/Central/bjets/size in Skim_TriLep_WWG.root
2025-11-13 20:01:44,146 - INFO - [2018] MISSING_CENTRAL: SR3Mu/Central/bjets/size in Skim_TriLep_DYJets10to50.root
2025-11-19 16:23:26,995 - INFO - [2016preVFP] MISSING_CENTRAL: SR3Mu/Central/bjets/size in Skim_TriLep_DYJets.root
2025-11-19 16:23:26,996 - INFO - [2016preVFP] MISSING_CENTRAL: SR3Mu/Central/bjets/size in Skim_TriLep_DYJets10to50.root
2025-11-19 16:23:27,011 - INFO - [2016preVFP] MISSING_CENTRAL: SR3Mu/Central/bjets/size in Skim_TriLep_WWG.root
2025-11-19 16:23:27,076 - INFO - [2016postVFP] MISSING_CENTRAL: SR3Mu/Central/bjets/size in Skim_TriLep_DYJets.root
2025-11-19 16:23:27,077 - INFO - [2016postVFP] MISSING_CENTRAL: SR3Mu/Central/bjets/size in Skim_TriLep_DYJets10to50.root
2025-11-19 16:23:27,086 - INFO - [2016postVFP] MISSING_CENTRAL: SR3Mu/Central/bjets/size in Skim_TriLep_WWG.root
2025-11-19 16:23:27,212 - INFO - [2017] MISSING_CENTRAL: SR3Mu/Central/bjets/size in Skim_TriLep_DYJets10to50.root
2025-11-19 16:23:27,222 - INFO - [2017] MISSING_CENTRAL: SR3Mu/Central/bjets/size in Skim_TriLep_WWG.root
2025-11-19 16:23:27,321 - INFO - [2018] MISSING_CENTRAL: SR3Mu/Central/bjets/size in Skim_TriLep_DYJets10to50.root
2025-12-17 22:37:49,410 - INFO - [2016preVFP] MISSING_CENTRAL: SR3Mu/Central/bjets/size in Skim_TriLep_DYJets10to50.root
2025-12-17 22:37:49,410 - INFO - [2016preVFP] MISSING_FILE: /data9/Users/choij/Sync/workspace/ChargedHiggsAnalysisV3/SKNanoOutput/PromptSelector/Run3Mu_RunSyst/2016preVFP/Skim_TriLep_ZGToLLG.root
2025-12-17 22:37:49,422 - INFO - [2016preVFP] MISSING_CENTRAL: SR3Mu/Central/bjets/size in Skim_TriLep_WWG.root
2025-12-17 22:37:49,615 - INFO - [2016postVFP] MISSING_CENTRAL: SR3Mu/Central/bjets/size in Skim_TriLep_DYJets10to50.root
2025-12-17 22:37:49,626 - INFO - [2016postVFP] MISSING_CENTRAL: SR3Mu/Central/bjets/size in Skim_TriLep_WWG.root
2025-12-17 22:37:49,784 - INFO - [2017] MISSING_CENTRAL: SR3Mu/Central/bjets/size in Skim_TriLep_DYJets10to50.root
2025-12-17 22:37:49,798 - INFO - [2017] MISSING_CENTRAL: SR3Mu/Central/bjets/size in Skim_TriLep_WWG.root
2025-12-17 22:37:49,967 - INFO - [2018] MISSING_CENTRAL: SR3Mu/Central/bjets/size in Skim_TriLep_DYJets10to50.root
2025-12-18 14:22:05,991 - INFO - [2016preVFP] MISSING_CENTRAL: SR3Mu/Central/bjets/size in Skim_TriLep_DYJets10to50.root
2025-12-18 14:22:05,991 - INFO - [2016preVFP] MISSING_FILE: /data9/Users/choij/Sync/workspace/ChargedHiggsAnalysisV3/SKNanoOutput/PromptSelector/Run3Mu_RunSyst/2016preVFP/Skim_TriLep_ZGToLLG.root
2025-12-18 14:22:06,002 - INFO - [2016preVFP] MISSING_CENTRAL: SR3Mu/Central/bjets/size in Skim_TriLep_WWG.root
2025-12-18 14:22:06,332 - INFO - [2016postVFP] MISSING_CENTRAL: SR3Mu/Central/bjets/size in Skim_TriLep_DYJets10to50.root
2025-12-18 14:22:06,345 - INFO - [2016postVFP] MISSING_CENTRAL: SR3Mu/Central/bjets/size in Skim_TriLep_WWG.root
2025-12-18 14:22:06,654 - INFO - [2017] MISSING_CENTRAL: SR3Mu/Central/bjets/size in Skim_TriLep_DYJets10to50.root
2025-12-18 14:22:06,679 - INFO - [2017] MISSING_CENTRAL: SR3Mu/Central/bjets/size in Skim_TriLep_WWG.root
2025-12-18 14:22:06,902 - INFO - [2018] MISSING_CENTRAL: SR3Mu/Central/bjets/size in Skim_TriLep_DYJets10to50.root
2025-12-18 14:37:31,457 - INFO - [2016preVFP] MISSING_CENTRAL: SR3Mu/Central/bjets/size in Skim_TriLep_DYJets10to50.root
2025-12-18 14:37:31,457 - INFO - [2016preVFP] MISSING_FILE: /data9/Users/choij/Sync/workspace/ChargedHiggsAnalysisV3/SKNanoOutput/PromptSelector/Run3Mu_RunSyst/2016preVFP/Skim_TriLep_ZGToLLG.root
2025-12-18 14:37:31,485 - INFO - [2016preVFP] MISSING_CENTRAL: SR3Mu/Central/bjets/size in Skim_TriLep_WWG.root
2025-12-18 14:37:31,688 - INFO - [2016postVFP] MISSING_CENTRAL: SR3Mu/Central/bjets/size in Skim_TriLep_DYJets10to50.root
2025-12-18 14:37:31,697 - INFO - [2016postVFP] MISSING_CENTRAL: SR3Mu/Central/bjets/size in Skim_TriLep_WWG.root
2025-12-18 14:37:31,855 - INFO - [2017] MISSING_CENTRAL: SR3Mu/Central/bjets/size in Skim_TriLep_DYJets10to50.root
2025-12-18 14:37:31,871 - INFO - [2017] MISSING_CENTRAL: SR3Mu/Central/bjets/size in Skim_TriLep_WWG.root
2025-12-18 14:37:32,043 - INFO - [2018] MISSING_CENTRAL: SR3Mu/Central/bjets/size in Skim_TriLep_DYJets10to50.root
2026-01-07 11:47:16,724 - INFO - [2016preVFP] MISSING_CENTRAL: SR3Mu/Central/bjets/size in Skim_TriLep_DYJets10to50.root
2026-01-07 11:47:16,724 - INFO - [2016preVFP] MISSING_FILE: /data9/Users/choij/Sync/workspace/ChargedHiggsAnalysisV3/SKNanoOutput/PromptSelector/Run3Mu_RunSyst/2016preVFP/Skim_TriLep_ZGToLLG.root
2026-01-07 11:47:16,734 - INFO - [2016preVFP] MISSING_CENTRAL: SR3Mu/Central/bjets/size in Skim_TriLep_WWG.root
2026-01-07 11:47:16,869 - INFO - [2016postVFP] MISSING_CENTRAL: SR3Mu/Central/bjets/size in Skim_TriLep_DYJets10to50.root
2026-01-07 11:47:16,880 - INFO - [2016postVFP] MISSING_CENTRAL: SR3Mu/Central/bjets/size in Skim_TriLep_WWG.root
2026-01-07 11:47:17,032 - INFO - [2017] MISSING_CENTRAL: SR3Mu/Central/bjets/size in Skim_TriLep_DYJets10to50.root
2026-01-07 11:47:17,045 - INFO - [2017] MISSING_CENTRAL: SR3Mu/Central/bjets/size in Skim_TriLep_WWG.root
2026-01-07 11:47:17,197 - INFO - [2018] MISSING_CENTRAL: SR3Mu/Central/bjets/size in Skim_TriLep_DYJets10to50.root
2026-01-07 18:44:02,159 - INFO - [2016preVFP] MISSING_CENTRAL: SR3Mu/Central/bjets/size in Skim_TriLep_DYJets10to50.root
2026-01-07 18:44:02,159 - INFO - [2016preVFP] MISSING_FILE: /data9/Users/choij/Sync/workspace/ChargedHiggsAnalysisV3/SKNanoOutput/PromptSelector/Run3Mu_RunSyst/2016preVFP/Skim_TriLep_ZGToLLG.root
2026-01-07 18:44:02,167 - INFO - [2016preVFP] MISSING_CENTRAL: SR3Mu/Central/bjets/size in Skim_TriLep_WWG.root
2026-01-07 18:44:02,281 - INFO - [2016postVFP] MISSING_CENTRAL: SR3Mu/Central/bjets/size in Skim_TriLep_DYJets10to50.root
2026-01-07 18:44:02,290 - INFO - [2016postVFP] MISSING_CENTRAL: SR3Mu/Central/bjets/size in Skim_TriLep_WWG.root
2026-01-07 18:44:02,426 - INFO - [2017] MISSING_CENTRAL: SR3Mu/Central/bjets/size in Skim_TriLep_DYJets10to50.root
2026-01-07 18:44:02,438 - INFO - [2017] MISSING_CENTRAL: SR3Mu/Central/bjets/size in Skim_TriLep_WWG.root
2026-01-07 18:44:02,570 - INFO - [2018] MISSING_CENTRAL: SR3Mu/Central/bjets/size in Skim_TriLep_DYJets10to50.root
2026-01-07 19:29:04,914 - INFO - [2016preVFP] MISSING_CENTRAL: SR3Mu/Central/bjets/size in Skim_TriLep_DYJets10to50.root
2026-01-07 19:29:04,914 - INFO - [2016preVFP] MISSING_FILE: /data9/Users/choij/Sync/workspace/ChargedHiggsAnalysisV3/SKNanoOutput/PromptSelector/Run3Mu_RunSyst/2016preVFP/Skim_TriLep_ZGToLLG.root
2026-01-07 19:29:04,924 - INFO - [2016preVFP] MISSING_CENTRAL: SR3Mu/Central/bjets/size in Skim_TriLep_WWG.root
2026-01-07 19:29:05,059 - INFO - [2016postVFP] MISSING_CENTRAL: SR3Mu/Central/bjets/size in Skim_TriLep_DYJets10to50.root
2026-01-07 19:29:05,069 - INFO - [2016postVFP] MISSING_CENTRAL: SR3Mu/Central/bjets/size in Skim_TriLep_WWG.root
2026-01-07 19:29:05,206 - INFO - [2017] MISSING_CENTRAL: SR3Mu/Central/bjets/size in Skim_TriLep_DYJets10to50.root
2026-01-07 19:29:05,219 - INFO - [2017] MISSING_CENTRAL: SR3Mu/Central/bjets/size in Skim_TriLep_WWG.root
2026-01-07 19:29:05,358 - INFO - [2018] MISSING_CENTRAL: SR3Mu/Central/bjets/size in Skim_TriLep_DYJets10to50.root
2026-01-09 12:18:08,903 - INFO - [2016preVFP] MISSING_CENTRAL: SR3Mu/Central/bjets/size in Skim_TriLep_DYJets10to50.root
2026-01-09 12:18:08,904 - INFO - [2016preVFP] MISSING_FILE: /home/choij/Sync/workspace/ChargedHiggsAnalysisV3/SKNanoOutput/PromptSelector/Run3Mu_RunSyst/2016preVFP/Skim_TriLep_ZGToLLG.root
2026-01-09 12:18:08,909 - INFO - [2016preVFP] MISSING_CENTRAL: SR3Mu/Central/bjets/size in Skim_TriLep_WWG.root
2026-01-09 12:18:08,985 - INFO - [2016postVFP] MISSING_CENTRAL: SR3Mu/Central/bjets/size in Skim_TriLep_DYJets10to50.root
2026-01-09 12:18:08,990 - INFO - [2016postVFP] MISSING_CENTRAL: SR3Mu/Central/bjets/size in Skim_TriLep_WWG.root
2026-01-09 12:18:09,105 - INFO - [2017] MISSING_CENTRAL: SR3Mu/Central/bjets/size in Skim_TriLep_DYJets10to50.root
2026-01-09 12:18:09,111 - INFO - [2017] MISSING_CENTRAL: SR3Mu/Central/bjets/size in Skim_TriLep_WWG.root
2026-01-09 12:18:09,200 - INFO - [2018] MISSING_CENTRAL: SR3Mu/Central/bjets/size in Skim_TriLep_DYJets10to50.root
2026-01-11 09:38:13,162 - INFO - [2016preVFP] MISSING_CENTRAL: SR3Mu/Central/bjets/size in Skim_TriLep_DYJets10to50.root
2026-01-11 09:38:13,166 - INFO - [2016preVFP] MISSING_FILE: /home/choij/Sync/workspace/ChargedHiggsAnalysisV3/SKNanoOutput/PromptSelector/Run3Mu_RunSyst/2016preVFP/Skim_TriLep_ZGToLLG.root
2026-01-11 09:38:13,171 - INFO - [2016preVFP] MISSING_CENTRAL: SR3Mu/Central/bjets/size in Skim_TriLep_WWG.root
2026-01-11 09:38:13,320 - INFO - [2016postVFP] MISSING_CENTRAL: SR3Mu/Central/bjets/size in Skim_TriLep_DYJets10to50.root
2026-01-11 09:38:13,325 - INFO - [2016postVFP] MISSING_CENTRAL: SR3Mu/Central/bjets/size in Skim_TriLep_WWG.root
2026-01-11 09:38:13,401 - INFO - [2017] MISSING_CENTRAL: SR3Mu/Central/bjets/size in Skim_TriLep_DYJets10to50.root
2026-01-11 09:38:13,408 - INFO - [2017] MISSING_CENTRAL: SR3Mu/Central/bjets/size in Skim_TriLep_WWG.root
2026-01-11 09:38:13,540 - INFO - [2018] MISSING_CENTRAL: SR3Mu/Central/bjets/size in Skim_TriLep_DYJets10to50.root
2026-01-12 13:46:52,302 - INFO - [2016preVFP] MISSING_FILE: /home/choij/Sync/workspace/ChargedHiggsAnalysisV3/SKNanoOutput/MatrixSelector/Run3Mu/2016preVFP/Skim_TriLep_DoubleMuon_B.root
2026-01-12 13:46:52,303 - INFO - [2016preVFP] MISSING_FILE: /home/choij/Sync/workspace/ChargedHiggsAnalysisV3/SKNanoOutput/MatrixSelector/Run3Mu/2016preVFP/Skim_TriLep_DoubleMuon_C.root
2026-01-12 13:46:52,303 - INFO - [2016preVFP] MISSING_FILE: /home/choij/Sync/workspace/ChargedHiggsAnalysisV3/SKNanoOutput/MatrixSelector/Run3Mu/2016preVFP/Skim_TriLep_DoubleMuon_D.root
2026-01-12 13:46:52,303 - INFO - [2016preVFP] MISSING_FILE: /home/choij/Sync/workspace/ChargedHiggsAnalysisV3/SKNanoOutput/MatrixSelector/Run3Mu/2016preVFP/Skim_TriLep_DoubleMuon_E.root
2026-01-12 13:46:52,303 - INFO - [2016preVFP] MISSING_FILE: /home/choij/Sync/workspace/ChargedHiggsAnalysisV3/SKNanoOutput/MatrixSelector/Run3Mu/2016preVFP/Skim_TriLep_DoubleMuon_F.root
2026-01-12 13:46:52,327 - INFO - [2016preVFP] MISSING_CENTRAL: SR3Mu/Central/bjets/size in Skim_TriLep_DYJets10to50.root
2026-01-12 13:46:52,327 - INFO - [2016preVFP] MISSING_FILE: /home/choij/Sync/workspace/ChargedHiggsAnalysisV3/SKNanoOutput/PromptSelector/Run3Mu_RunSyst/2016preVFP/Skim_TriLep_ZGToLLG.root
2026-01-12 13:46:52,332 - INFO - [2016preVFP] MISSING_CENTRAL: SR3Mu/Central/bjets/size in Skim_TriLep_WWG.root
2026-01-12 13:46:52,412 - INFO - [2016postVFP] MISSING_FILE: /home/choij/Sync/workspace/ChargedHiggsAnalysisV3/SKNanoOutput/MatrixSelector/Run3Mu/2016postVFP/Skim_TriLep_DoubleMuon_F.root
2026-01-12 13:46:52,412 - INFO - [2016postVFP] MISSING_FILE: /home/choij/Sync/workspace/ChargedHiggsAnalysisV3/SKNanoOutput/MatrixSelector/Run3Mu/2016postVFP/Skim_TriLep_DoubleMuon_G.root
2026-01-12 13:46:52,412 - INFO - [2016postVFP] MISSING_FILE: /home/choij/Sync/workspace/ChargedHiggsAnalysisV3/SKNanoOutput/MatrixSelector/Run3Mu/2016postVFP/Skim_TriLep_DoubleMuon_H.root
2026-01-12 13:46:52,423 - INFO - [2016postVFP] MISSING_CENTRAL: SR3Mu/Central/bjets/size in Skim_TriLep_DYJets10to50.root
2026-01-12 13:46:52,432 - INFO - [2016postVFP] MISSING_CENTRAL: SR3Mu/Central/bjets/size in Skim_TriLep_WWG.root
2026-01-12 13:46:52,498 - INFO - [2017] MISSING_FILE: /home/choij/Sync/workspace/ChargedHiggsAnalysisV3/SKNanoOutput/MatrixSelector/Run3Mu/2017/Skim_TriLep_DoubleMuon_B.root
2026-01-12 13:46:52,498 - INFO - [2017] MISSING_FILE: /home/choij/Sync/workspace/ChargedHiggsAnalysisV3/SKNanoOutput/MatrixSelector/Run3Mu/2017/Skim_TriLep_DoubleMuon_C.root
2026-01-12 13:46:52,498 - INFO - [2017] MISSING_FILE: /home/choij/Sync/workspace/ChargedHiggsAnalysisV3/SKNanoOutput/MatrixSelector/Run3Mu/2017/Skim_TriLep_DoubleMuon_D.root
2026-01-12 13:46:52,498 - INFO - [2017] MISSING_FILE: /home/choij/Sync/workspace/ChargedHiggsAnalysisV3/SKNanoOutput/MatrixSelector/Run3Mu/2017/Skim_TriLep_DoubleMuon_E.root
2026-01-12 13:46:52,498 - INFO - [2017] MISSING_FILE: /home/choij/Sync/workspace/ChargedHiggsAnalysisV3/SKNanoOutput/MatrixSelector/Run3Mu/2017/Skim_TriLep_DoubleMuon_F.root
2026-01-12 13:46:52,504 - INFO - [2017] MISSING_CENTRAL: SR3Mu/Central/bjets/size in Skim_TriLep_DYJets10to50.root
2026-01-12 13:46:52,519 - INFO - [2017] MISSING_CENTRAL: SR3Mu/Central/bjets/size in Skim_TriLep_WWG.root
2026-01-12 13:46:52,631 - INFO - [2018] MISSING_FILE: /home/choij/Sync/workspace/ChargedHiggsAnalysisV3/SKNanoOutput/MatrixSelector/Run3Mu/2018/Skim_TriLep_DoubleMuon_A.root
2026-01-12 13:46:52,631 - INFO - [2018] MISSING_FILE: /home/choij/Sync/workspace/ChargedHiggsAnalysisV3/SKNanoOutput/MatrixSelector/Run3Mu/2018/Skim_TriLep_DoubleMuon_B.root
2026-01-12 13:46:52,631 - INFO - [2018] MISSING_FILE: /home/choij/Sync/workspace/ChargedHiggsAnalysisV3/SKNanoOutput/MatrixSelector/Run3Mu/2018/Skim_TriLep_DoubleMuon_C.root
2026-01-12 13:46:52,632 - INFO - [2018] MISSING_FILE: /home/choij/Sync/workspace/ChargedHiggsAnalysisV3/SKNanoOutput/MatrixSelector/Run3Mu/2018/Skim_TriLep_DoubleMuon_D.root
2026-01-12 13:46:52,637 - INFO - [2018] MISSING_CENTRAL: SR3Mu/Central/bjets/size in Skim_TriLep_DYJets10to50.root
2026-01-16 19:01:58,773 - INFO - [2016preVFP] MISSING_CENTRAL: SR3Mu/Central/bjets/size in Skim_TriLep_DYJets10to50.root
2026-01-16 19:01:58,773 - INFO - [2016preVFP] MISSING_FILE: /home/choij/Sync/workspace/ChargedHiggsAnalysisV3/SKNanoOutput/PromptSelector/Run3Mu_RunSyst/2016preVFP/Skim_TriLep_ZGToLLG.root
2026-01-16 19:01:58,778 - INFO - [2016preVFP] MISSING_CENTRAL: SR3Mu/Central/bjets/size in Skim_TriLep_WWG.root
2026-01-16 19:01:58,857 - INFO - [2016postVFP] MISSING_CENTRAL: SR3Mu/Central/bjets/size in Skim_TriLep_DYJets10to50.root
2026-01-16 19:01:58,863 - INFO - [2016postVFP] MISSING_CENTRAL: SR3Mu/Central/bjets/size in Skim_TriLep_WWG.root
2026-01-16 19:01:58,957 - INFO - [2017] MISSING_CENTRAL: SR3Mu/Central/bjets/size in Skim_TriLep_DYJets10to50.root
2026-01-16 19:01:58,966 - INFO - [2017] MISSING_CENTRAL: SR3Mu/Central/bjets/size in Skim_TriLep_WWG.root
2026-01-16 19:01:59,061 - INFO - [2018] MISSING_CENTRAL: SR3Mu/Central/bjets/size in Skim_TriLep_DYJets10to50.root
2026-01-21 13:01:29,987 - INFO - [2016preVFP] MISSING_CENTRAL: SR3Mu/Central/bjets/size in Skim_TriLep_DYJets10to50.root
2026-01-21 13:01:29,987 - INFO - [2016preVFP] MISSING_FILE: /home/choij/Sync/workspace/ChargedHiggsAnalysisV3/SKNanoOutput/PromptSelector/Run3Mu_RunSyst/2016preVFP/Skim_TriLep_ZGToLLG.root
2026-01-21 13:01:29,996 - INFO - [2016preVFP] MISSING_CENTRAL: SR3Mu/Central/bjets/size in Skim_TriLep_WWG.root
2026-01-21 13:01:30,213 - INFO - [2016postVFP] MISSING_CENTRAL: SR3Mu/Central/bjets/size in Skim_TriLep_DYJets10to50.root
2026-01-21 13:01:30,218 - INFO - [2016postVFP] MISSING_CENTRAL: SR3Mu/Central/bjets/size in Skim_TriLep_WWG.root
2026-01-21 13:01:30,432 - INFO - [2017] MISSING_CENTRAL: SR3Mu/Central/bjets/size in Skim_TriLep_DYJets10to50.root
2026-01-21 13:01:30,443 - INFO - [2017] MISSING_CENTRAL: SR3Mu/Central/bjets/size in Skim_TriLep_WWG.root
2026-01-21 13:01:30,699 - INFO - [2018] MISSING_CENTRAL: SR3Mu/Central/bjets/size in Skim_TriLep_DYJets10to50.root
2026-01-21 14:49:59,459 - INFO - [2016preVFP] MISSING_CENTRAL: SR3Mu/Central/bjets/size in Skim_TriLep_DYJets10to50.root
2026-01-21 14:49:59,459 - INFO - [2016preVFP] MISSING_FILE: /home/choij/Sync/workspace/ChargedHiggsAnalysisV3/SKNanoOutput/PromptSelector/Run3Mu_RunSyst/2016preVFP/Skim_TriLep_ZGToLLG.root
2026-01-21 14:49:59,466 - INFO - [2016preVFP] MISSING_CENTRAL: SR3Mu/Central/bjets/size in Skim_TriLep_WWG.root
2026-01-21 14:49:59,543 - INFO - [2016postVFP] MISSING_CENTRAL: SR3Mu/Central/bjets/size in Skim_TriLep_DYJets10to50.root
2026-01-21 14:49:59,549 - INFO - [2016postVFP] MISSING_CENTRAL: SR3Mu/Central/bjets/size in Skim_TriLep_WWG.root
2026-01-21 14:49:59,661 - INFO - [2017] MISSING_CENTRAL: SR3Mu/Central/bjets/size in Skim_TriLep_DYJets10to50.root
2026-01-21 14:49:59,675 - INFO - [2017] MISSING_CENTRAL: SR3Mu/Central/bjets/size in Skim_TriLep_WWG.root
2026-01-21 14:49:59,781 - INFO - [2018] MISSING_CENTRAL: SR3Mu/Central/bjets/size in Skim_TriLep_DYJets10to50.root
2026-01-28 16:09:18,692 - INFO - [2016preVFP] MISSING_CENTRAL: SR3Mu/Central/bjets/size in Skim_TriLep_DYJets10to50.root
2026-01-28 16:09:18,697 - INFO - [2016preVFP] MISSING_CENTRAL: SR3Mu/Central/bjets/size in Skim_TriLep_WWG.root
2026-01-28 16:09:18,871 - INFO - [2016postVFP] MISSING_CENTRAL: SR3Mu/Central/bjets/size in Skim_TriLep_DYJets10to50.root
2026-01-28 16:09:18,883 - INFO - [2016postVFP] MISSING_CENTRAL: SR3Mu/Central/bjets/size in Skim_TriLep_WWG.root
2026-01-28 16:09:18,972 - INFO - [2017] MISSING_CENTRAL: SR3Mu/Central/bjets/size in Skim_TriLep_DYJets10to50.root
2026-01-28 16:09:18,977 - INFO - [2017] MISSING_CENTRAL: SR3Mu/Central/bjets/size in Skim_TriLep_WWG.root
2026-01-28 16:09:19,044 - INFO - [2018] MISSING_CENTRAL: SR3Mu/Central/bjets/size in Skim_TriLep_DYJets10to50.root
2026-01-28 17:21:33,741 - INFO - [2016preVFP] MISSING_CENTRAL: SR3Mu/Central/bjets/size in Skim_TriLep_DYJets10to50.root
2026-01-28 17:21:33,747 - INFO - [2016preVFP] MISSING_CENTRAL: SR3Mu/Central/bjets/size in Skim_TriLep_WWG.root
2026-01-28 17:21:33,834 - INFO - [2016postVFP] MISSING_CENTRAL: SR3Mu/Central/bjets/size in Skim_TriLep_DYJets10to50.root
2026-01-28 17:21:33,840 - INFO - [2016postVFP] MISSING_CENTRAL: SR3Mu/Central/bjets/size in Skim_TriLep_WWG.root
2026-01-28 17:21:33,928 - INFO - [2017] MISSING_CENTRAL: SR3Mu/Central/bjets/size in Skim_TriLep_DYJets10to50.root
2026-01-28 17:21:33,934 - INFO - [2017] MISSING_CENTRAL: SR3Mu/Central/bjets/size in Skim_TriLep_WWG.root
2026-01-28 17:21:34,021 - INFO - [2018] MISSING_CENTRAL: SR3Mu/Central/bjets/size in Skim_TriLep_DYJets10to50.root
2026-01-28 19:55:04,059 - INFO - [2016preVFP] MISSING_CENTRAL: SR3Mu/Central/bjets/size in Skim_TriLep_DYJets10to50.root
2026-01-28 19:55:04,065 - INFO - [2016preVFP] MISSING_CENTRAL: SR3Mu/Central/bjets/size in Skim_TriLep_WWG.root
2026-01-28 19:55:04,139 - INFO - [2016postVFP] MISSING_CENTRAL: SR3Mu/Central/bjets/size in Skim_TriLep_DYJets10to50.root
2026-01-28 19:55:04,145 - INFO - [2016postVFP] MISSING_CENTRAL: SR3Mu/Central/bjets/size in Skim_TriLep_WWG.root
2026-01-28 19:55:04,220 - INFO - [2017] MISSING_CENTRAL: SR3Mu/Central/bjets/size in Skim_TriLep_DYJets10to50.root
2026-01-28 19:55:04,226 - INFO - [2017] MISSING_CENTRAL: SR3Mu/Central/bjets/size in Skim_TriLep_WWG.root
2026-01-28 19:55:04,304 - INFO - [2018] MISSING_CENTRAL: SR3Mu/Central/bjets/size in Skim_TriLep_DYJets10to50.root
2026-01-29 07:12:17,273 - INFO - [2016preVFP] MISSING_CENTRAL: SR3Mu/Central/bjets/size in Skim_TriLep_DYJets10to50.root
2026-01-29 07:12:17,280 - INFO - [2016preVFP] MISSING_CENTRAL: SR3Mu/Central/bjets/size in Skim_TriLep_WWG.root
2026-01-29 07:12:17,358 - INFO - [2016postVFP] MISSING_CENTRAL: SR3Mu/Central/bjets/size in Skim_TriLep_DYJets10to50.root
2026-01-29 07:12:17,364 - INFO - [2016postVFP] MISSING_CENTRAL: SR3Mu/Central/bjets/size in Skim_TriLep_WWG.root
2026-01-29 07:12:17,448 - INFO - [2017] MISSING_CENTRAL: SR3Mu/Central/bjets/size in Skim_TriLep_DYJets10to50.root
2026-01-29 07:12:17,453 - INFO - [2017] MISSING_CENTRAL: SR3Mu/Central/bjets/size in Skim_TriLep_WWG.root
2026-01-29 07:12:17,537 - INFO - [2018] MISSING_CENTRAL: SR3Mu/Central/bjets/size in Skim_TriLep_DYJets10to50.root
2026-03-06 09:40:25,389 - INFO - [2016preVFP] MISSING_CENTRAL: SR3Mu/Central/bjets/size in Skim_TriLep_DYJets10to50.root
2026-03-06 09:40:25,395 - INFO - [2016preVFP] MISSING_CENTRAL: SR3Mu/Central/bjets/size in Skim_TriLep_WWG.root
2026-03-06 09:40:25,469 - INFO - [2016postVFP] MISSING_CENTRAL: SR3Mu/Central/bjets/size in Skim_TriLep_DYJets10to50.root
2026-03-06 09:40:25,474 - INFO - [2016postVFP] MISSING_CENTRAL: SR3Mu/Central/bjets/size in Skim_TriLep_WWG.root
2026-03-06 09:40:25,595 - INFO - [2017] MISSING_CENTRAL: SR3Mu/Central/bjets/size in Skim_TriLep_DYJets10to50.root
2026-03-06 09:40:25,602 - INFO - [2017] MISSING_CENTRAL: SR3Mu/Central/bjets/size in Skim_TriLep_WWG.root
2026-03-06 09:40:25,697 - INFO - [2018] MISSING_CENTRAL: SR3Mu/Central/bjets/size in Skim_TriLep_DYJets10to50.root
2026-03-06 19:46:13,267 - INFO - [2016preVFP] MISSING_CENTRAL: SR3Mu/Central/bjets/size in Skim_TriLep_DYJets10to50.root
2026-03-06 19:46:13,272 - INFO - [2016preVFP] MISSING_CENTRAL: SR3Mu/Central/bjets/size in Skim_TriLep_WWG.root
2026-03-06 19:46:13,353 - INFO - [2016postVFP] MISSING_CENTRAL: SR3Mu/Central/bjets/size in Skim_TriLep_DYJets10to50.root
2026-03-06 19:46:13,359 - INFO - [2016postVFP] MISSING_CENTRAL: SR3Mu/Central/bjets/size in Skim_TriLep_WWG.root
2026-03-06 19:46:13,449 - INFO - [2017] MISSING_CENTRAL: SR3Mu/Central/bjets/size in Skim_TriLep_DYJets10to50.root
2026-03-06 19:46:13,455 - INFO - [2017] MISSING_CENTRAL: SR3Mu/Central/bjets/size in Skim_TriLep_WWG.root
2026-03-06 19:46:13,542 - INFO - [2018] MISSING_CENTRAL: SR3Mu/Central/bjets/size in Skim_TriLep_DYJets10to50.root
2026-03-12 21:34:55,762 - INFO - [2016preVFP] MISSING_CENTRAL: SR3Mu/Central/bjets/size in Skim_TriLep_DYJets10to50.root
2026-03-12 21:34:55,768 - INFO - [2016preVFP] MISSING_CENTRAL: SR3Mu/Central/bjets/size in Skim_TriLep_WWG.root
2026-03-12 21:34:55,872 - INFO - [2016postVFP] MISSING_CENTRAL: SR3Mu/Central/bjets/size in Skim_TriLep_DYJets10to50.root
2026-03-12 21:34:55,876 - INFO - [2016postVFP] MISSING_CENTRAL: SR3Mu/Central/bjets/size in Skim_TriLep_WWG.root
2026-03-12 21:34:55,990 - INFO - [2017] MISSING_CENTRAL: SR3Mu/Central/bjets/size in Skim_TriLep_DYJets10to50.root
2026-03-12 21:34:55,996 - INFO - [2017] MISSING_CENTRAL: SR3Mu/Central/bjets/size in Skim_TriLep_WWG.root
2026-03-12 21:34:56,103 - INFO - [2018] MISSING_CENTRAL: SR3Mu/Central/bjets/size in Skim_TriLep_DYJets10to50.root
2026-04-10 20:21:11,951 - INFO - [2016preVFP] MISSING_CENTRAL: SR3Mu/Central/bjets/size in Skim_TriLep_DYJets10to50.root
2026-04-10 20:21:11,956 - INFO - [2016preVFP] MISSING_CENTRAL: SR3Mu/Central/bjets/size in Skim_TriLep_WWG.root
2026-04-10 20:21:12,025 - INFO - [2016postVFP] MISSING_CENTRAL: SR3Mu/Central/bjets/size in Skim_TriLep_DYJets10to50.root
2026-04-10 20:21:12,030 - INFO - [2016postVFP] MISSING_CENTRAL: SR3Mu/Central/bjets/size in Skim_TriLep_WWG.root
2026-04-10 20:21:12,110 - INFO - [2017] MISSING_CENTRAL: SR3Mu/Central/bjets/size in Skim_TriLep_DYJets10to50.root
2026-04-10 20:21:12,117 - INFO - [2017] MISSING_CENTRAL: SR3Mu/Central/bjets/size in Skim_TriLep_WWG.root
2026-04-10 20:21:12,200 - INFO - [2018] MISSING_CENTRAL: SR3Mu/Central/bjets/size in Skim_TriLep_DYJets10to50.root
2026-04-12 11:36:21,144 - INFO - [2016preVFP] MISSING_CENTRAL: SR3Mu/Central/bjets/size in Skim_TriLep_DYJets10to50.root
2026-04-12 11:36:21,149 - INFO - [2016preVFP] MISSING_CENTRAL: SR3Mu/Central/bjets/size in Skim_TriLep_WWG.root
2026-04-12 11:36:21,223 - INFO - [2016postVFP] MISSING_CENTRAL: SR3Mu/Central/bjets/size in Skim_TriLep_DYJets10to50.root
2026-04-12 11:36:21,228 - INFO - [2016postVFP] MISSING_CENTRAL: SR3Mu/Central/bjets/size in Skim_TriLep_WWG.root
2026-04-12 11:36:21,313 - INFO - [2017] MISSING_CENTRAL: SR3Mu/Central/bjets/size in Skim_TriLep_DYJets10to50.root
2026-04-12 11:36:21,320 - INFO - [2017] MISSING_CENTRAL: SR3Mu/Central/bjets/size in Skim_TriLep_WWG.root
2026-04-12 11:36:21,412 - INFO - [2018] MISSING_CENTRAL: SR3Mu/Central/bjets/size in Skim_TriLep_DYJets10to50.root
2026-04-12 12:18:21,979 - INFO - [2016preVFP] MISSING_CENTRAL: SR3Mu/Central/bjets/size in Skim_TriLep_DYJets10to50.root
2026-04-12 12:18:21,983 - INFO - [2016preVFP] MISSING_CENTRAL: SR3Mu/Central/bjets/size in Skim_TriLep_WWG.root
2026-04-12 12:18:22,051 - INFO - [2016postVFP] MISSING_CENTRAL: SR3Mu/Central/bjets/size in Skim_TriLep_DYJets10to50.root
2026-04-12 12:18:22,056 - INFO - [2016postVFP] MISSING_CENTRAL: SR3Mu/Central/bjets/size in Skim_TriLep_WWG.root
2026-04-12 12:18:22,130 - INFO - [2017] MISSING_CENTRAL: SR3Mu/Central/bjets/size in Skim_TriLep_DYJets10to50.root
2026-04-12 12:18:22,138 - INFO - [2017] MISSING_CENTRAL: SR3Mu/Central/bjets/size in Skim_TriLep_WWG.root
2026-04-12 12:18:22,217 - INFO - [2018] MISSING_CENTRAL: SR3Mu/Central/bjets/size in Skim_TriLep_DYJets10to50.root
2026-04-12 12:38:01,048 - INFO - [2016preVFP] MISSING_CENTRAL: SR3Mu/Central/bjets/size in Skim_TriLep_DYJets10to50.root
2026-04-12 12:38:01,053 - INFO - [2016preVFP] MISSING_CENTRAL: SR3Mu/Central/bjets/size in Skim_TriLep_WWG.root
2026-04-12 12:38:01,124 - INFO - [2016postVFP] MISSING_CENTRAL: SR3Mu/Central/bjets/size in Skim_TriLep_DYJets10to50.root
2026-04-12 12:38:01,130 - INFO - [2016postVFP] MISSING_CENTRAL: SR3Mu/Central/bjets/size in Skim_TriLep_WWG.root
2026-04-12 12:38:01,211 - INFO - [2017] MISSING_CENTRAL: SR3Mu/Central/bjets/size in Skim_TriLep_DYJets10to50.root
2026-04-12 12:38:01,218 - INFO - [2017] MISSING_CENTRAL: SR3Mu/Central/bjets/size in Skim_TriLep_WWG.root
2026-04-12 12:38:01,307 - INFO - [2018] MISSING_CENTRAL: SR3Mu/Central/bjets/size in Skim_TriLep_DYJets10to50.root
2026-04-12 20:46:06,465 - INFO - [2016preVFP] MISSING_CENTRAL: SR3Mu/Central/bjets/size in Skim_TriLep_DYJets10to50.root
2026-04-12 20:46:06,471 - INFO - [2016preVFP] MISSING_CENTRAL: SR3Mu/Central/bjets/size in Skim_TriLep_WWG.root
2026-04-12 20:46:06,543 - INFO - [2016postVFP] MISSING_CENTRAL: SR3Mu/Central/bjets/size in Skim_TriLep_DYJets10to50.root
2026-04-12 20:46:06,548 - INFO - [2016postVFP] MISSING_CENTRAL: SR3Mu/Central/bjets/size in Skim_TriLep_WWG.root
2026-04-12 20:46:06,629 - INFO - [2017] MISSING_CENTRAL: SR3Mu/Central/bjets/size in Skim_TriLep_DYJets10to50.root
2026-04-12 20:46:06,637 - INFO - [2017] MISSING_CENTRAL: SR3Mu/Central/bjets/size in Skim_TriLep_WWG.root
2026-04-12 20:46:06,739 - INFO - [2018] MISSING_CENTRAL: SR3Mu/Central/bjets/size in Skim_TriLep_DYJets10to50.root
2026-04-12 21:17:42,668 - INFO - [2016preVFP] MISSING_CENTRAL: SR3Mu/Central/bjets/size in Skim_TriLep_DYJets10to50.root
2026-04-12 21:17:42,673 - INFO - [2016preVFP] MISSING_CENTRAL: SR3Mu/Central/bjets/size in Skim_TriLep_WWG.root
2026-04-12 21:17:42,746 - INFO - [2016postVFP] MISSING_CENTRAL: SR3Mu/Central/bjets/size in Skim_TriLep_DYJets10to50.root
2026-04-12 21:17:42,752 - INFO - [2016postVFP] MISSING_CENTRAL: SR3Mu/Central/bjets/size in Skim_TriLep_WWG.root
2026-04-12 21:17:42,835 - INFO - [2017] MISSING_CENTRAL: SR3Mu/Central/bjets/size in Skim_TriLep_DYJets10to50.root
2026-04-12 21:17:42,843 - INFO - [2017] MISSING_CENTRAL: SR3Mu/Central/bjets/size in Skim_TriLep_WWG.root
2026-04-12 21:17:42,929 - INFO - [2018] MISSING_CENTRAL: SR3Mu/Central/bjets/size in Skim_TriLep_DYJets10to50.root
2026-04-13 12:55:20,760 - INFO - [2016preVFP] MISSING_CENTRAL: SR3Mu/Central/bjets/size in Skim_TriLep_DYJets10to50.root
2026-04-13 12:55:20,765 - INFO - [2016preVFP] MISSING_CENTRAL: SR3Mu/Central/bjets/size in Skim_TriLep_WWG.root
2026-04-13 12:55:20,837 - INFO - [2016postVFP] MISSING_CENTRAL: SR3Mu/Central/bjets/size in Skim_TriLep_DYJets10to50.root
2026-04-13 12:55:20,842 - INFO - [2016postVFP] MISSING_CENTRAL: SR3Mu/Central/bjets/size in Skim_TriLep_WWG.root
2026-04-13 12:55:20,920 - INFO - [2017] MISSING_CENTRAL: SR3Mu/Central/bjets/size in Skim_TriLep_DYJets10to50.root
2026-04-13 12:55:20,926 - INFO - [2017] MISSING_CENTRAL: SR3Mu/Central/bjets/size in Skim_TriLep_WWG.root
2026-04-13 12:55:21,004 - INFO - [2018] MISSING_CENTRAL: SR3Mu/Central/bjets/size in Skim_TriLep_DYJets10to50.root
2026-04-16 17:30:17,198 - INFO - [2016preVFP] MISSING_CENTRAL: SR3Mu/Central/bjets/size in Skim_TriLep_DYJets10to50.root
2026-04-16 17:30:17,203 - INFO - [2016preVFP] MISSING_CENTRAL: SR3Mu/Central/bjets/size in Skim_TriLep_WWG.root
2026-04-16 17:30:17,281 - INFO - [2016postVFP] MISSING_CENTRAL: SR3Mu/Central/bjets/size in Skim_TriLep_DYJets10to50.root
2026-04-16 17:30:17,287 - INFO - [2016postVFP] MISSING_CENTRAL: SR3Mu/Central/bjets/size in Skim_TriLep_WWG.root
2026-04-16 17:30:17,369 - INFO - [2017] MISSING_CENTRAL: SR3Mu/Central/bjets/size in Skim_TriLep_DYJets10to50.root
2026-04-16 17:30:17,377 - INFO - [2017] MISSING_CENTRAL: SR3Mu/Central/bjets/size in Skim_TriLep_WWG.root
2026-04-16 17:30:17,462 - INFO - [2018] MISSING_CENTRAL: SR3Mu/Central/bjets/size in Skim_TriLep_DYJets10to50.root
2026-04-16 17:37:51,753 - INFO - [2016preVFP] MISSING_CENTRAL: SR3Mu/Central/bjets/size in Skim_TriLep_DYJets10to50.root
2026-04-16 17:37:51,759 - INFO - [2016preVFP] MISSING_CENTRAL: SR3Mu/Central/bjets/size in Skim_TriLep_WWG.root
2026-04-16 17:37:51,836 - INFO - [2016postVFP] MISSING_CENTRAL: SR3Mu/Central/bjets/size in Skim_TriLep_DYJets10to50.root
2026-04-16 17:37:51,842 - INFO - [2016postVFP] MISSING_CENTRAL: SR3Mu/Central/bjets/size in Skim_TriLep_WWG.root
2026-04-16 17:37:51,939 - INFO - [2017] MISSING_CENTRAL: SR3Mu/Central/bjets/size in Skim_TriLep_DYJets10to50.root
2026-04-16 17:37:51,946 - INFO - [2017] MISSING_CENTRAL: SR3Mu/Central/bjets/size in Skim_TriLep_WWG.root
2026-04-16 17:37:52,049 - INFO - [2018] MISSING_CENTRAL: SR3Mu/Central/bjets/size in Skim_TriLep_DYJets10to50.root
2026-04-28 15:10:56,463 - INFO - [2016preVFP] MISSING_CENTRAL: SR3Mu/Central/bjets/size in Skim_TriLep_DYJets10to50.root
2026-04-28 15:10:56,468 - INFO - [2016preVFP] MISSING_CENTRAL: SR3Mu/Central/bjets/size in Skim_TriLep_WWG.root
2026-04-28 15:10:56,538 - INFO - [2016postVFP] MISSING_CENTRAL: SR3Mu/Central/bjets/size in Skim_TriLep_DYJets10to50.root
2026-04-28 15:10:56,543 - INFO - [2016postVFP] MISSING_CENTRAL: SR3Mu/Central/bjets/size in Skim_TriLep_WWG.root
2026-04-28 15:10:56,621 - INFO - [2017] MISSING_CENTRAL: SR3Mu/Central/bjets/size in Skim_TriLep_DYJets10to50.root
2026-04-28 15:10:56,629 - INFO - [2017] MISSING_CENTRAL: SR3Mu/Central/bjets/size in Skim_TriLep_WWG.root
2026-04-28 15:10:56,714 - INFO - [2018] MISSING_CENTRAL: SR3Mu/Central/bjets/size in Skim_TriLep_DYJets10to50.root
2026-04-28 15:18:55,733 - INFO - [2016preVFP] MISSING_CENTRAL: SR3Mu/Central/bjets/size in Skim_TriLep_DYJets10to50.root
2026-04-28 15:18:55,738 - INFO - [2016preVFP] MISSING_CENTRAL: SR3Mu/Central/bjets/size in Skim_TriLep_WWG.root
2026-04-28 15:18:55,812 - INFO - [2016postVFP] MISSING_CENTRAL: SR3Mu/Central/bjets/size in Skim_TriLep_DYJets10to50.root
2026-04-28 15:18:55,818 - INFO - [2016postVFP] MISSING_CENTRAL: SR3Mu/Central/bjets/size in Skim_TriLep_WWG.root
2026-04-28 15:18:55,898 - INFO - [2017] MISSING_CENTRAL: SR3Mu/Central/bjets/size in Skim_TriLep_DYJets10to50.root
2026-04-28 15:18:55,905 - INFO - [2017] MISSING_CENTRAL: SR3Mu/Central/bjets/size in Skim_TriLep_WWG.root
2026-04-28 15:18:55,991 - INFO - [2018] MISSING_CENTRAL: SR3Mu/Central/bjets/size in Skim_TriLep_DYJets10to50.root
2026-04-28 15:20:21,302 - INFO - [2016preVFP] MISSING_CENTRAL: SR3Mu/Central/bjets/size in Skim_TriLep_DYJets10to50.root
2026-04-28 15:20:21,308 - INFO - [2016preVFP] MISSING_CENTRAL: SR3Mu/Central/bjets/size in Skim_TriLep_WWG.root
2026-04-28 15:20:21,388 - INFO - [2016postVFP] MISSING_CENTRAL: SR3Mu/Central/bjets/size in Skim_TriLep_DYJets10to50.root
2026-04-28 15:20:21,395 - INFO - [2016postVFP] MISSING_CENTRAL: SR3Mu/Central/bjets/size in Skim_TriLep_WWG.root
2026-04-28 15:20:21,481 - INFO - [2017] MISSING_CENTRAL: SR3Mu/Central/bjets/size in Skim_TriLep_DYJets10to50.root
2026-04-28 15:20:21,493 - INFO - [2017] MISSING_CENTRAL: SR3Mu/Central/bjets/size in Skim_TriLep_WWG.root
2026-04-28 15:20:21,584 - INFO - [2018] MISSING_CENTRAL: SR3Mu/Central/bjets/size in Skim_TriLep_DYJets10to50.root
2026-04-28 20:32:08,519 - INFO - [2016preVFP] MISSING_CENTRAL: SR3Mu/Central/bjets/size in Skim_TriLep_DYJets10to50.root
2026-04-28 20:32:08,525 - INFO - [2016preVFP] MISSING_CENTRAL: SR3Mu/Central/bjets/size in Skim_TriLep_WWG.root
2026-04-28 20:32:08,601 - INFO - [2016postVFP] MISSING_CENTRAL: SR3Mu/Central/bjets/size in Skim_TriLep_DYJets10to50.root
2026-04-28 20:32:08,607 - INFO - [2016postVFP] MISSING_CENTRAL: SR3Mu/Central/bjets/size in Skim_TriLep_WWG.root
2026-04-28 20:32:08,690 - INFO - [2017] MISSING_CENTRAL: SR3Mu/Central/bjets/size in Skim_TriLep_DYJets10to50.root
2026-04-28 20:32:08,697 - INFO - [2017] MISSING_CENTRAL: SR3Mu/Central/bjets/size in Skim_TriLep_WWG.root
2026-04-28 20:32:08,784 - INFO - [2018] MISSING_CENTRAL: SR3Mu/Central/bjets/size in Skim_TriLep_DYJets10to50.root
2026-04-28 20:33:30,658 - INFO - [2016preVFP] MISSING_CENTRAL: SR3Mu/Central/bjets/size in Skim_TriLep_DYJets10to50.root
2026-04-28 20:33:30,664 - INFO - [2016preVFP] MISSING_CENTRAL: SR3Mu/Central/bjets/size in Skim_TriLep_WWG.root
2026-04-28 20:33:30,734 - INFO - [2016postVFP] MISSING_CENTRAL: SR3Mu/Central/bjets/size in Skim_TriLep_DYJets10to50.root
2026-04-28 20:33:30,739 - INFO - [2016postVFP] MISSING_CENTRAL: SR3Mu/Central/bjets/size in Skim_TriLep_WWG.root
2026-04-28 20:33:30,818 - INFO - [2017] MISSING_CENTRAL: SR3Mu/Central/bjets/size in Skim_TriLep_DYJets10to50.root
2026-04-28 20:33:30,826 - INFO - [2017] MISSING_CENTRAL: SR3Mu/Central/bjets/size in Skim_TriLep_WWG.root
2026-04-28 20:33:30,913 - INFO - [2018] MISSING_CENTRAL: SR3Mu/Central/bjets/size in Skim_TriLep_DYJets10to50.root
2026-05-04 15:21:32,988 - INFO - [2016preVFP] MISSING_CENTRAL: SR3Mu/Central/bjets/size in Skim_TriLep_DYJets10to50.root
2026-05-04 15:21:33,004 - INFO - [2016preVFP] MISSING_CENTRAL: SR3Mu/Central/bjets/size in Skim_TriLep_WWG.root
2026-05-04 15:21:33,338 - INFO - [2016postVFP] MISSING_CENTRAL: SR3Mu/Central/bjets/size in Skim_TriLep_DYJets10to50.root
2026-05-04 15:21:33,358 - INFO - [2016postVFP] MISSING_CENTRAL: SR3Mu/Central/bjets/size in Skim_TriLep_WWG.root
2026-05-04 15:21:33,732 - INFO - [2017] MISSING_CENTRAL: SR3Mu/Central/bjets/size in Skim_TriLep_DYJets10to50.root
2026-05-04 15:21:33,778 - INFO - [2017] MISSING_CENTRAL: SR3Mu/Central/bjets/size in Skim_TriLep_WWG.root
2026-05-04 15:21:34,148 - INFO - [2018] MISSING_CENTRAL: SR3Mu/Central/bjets/size in Skim_TriLep_DYJets10to50.root
2026-05-04 15:38:32,798 - INFO - [2016preVFP] MISSING_CENTRAL: SR3Mu/Central/bjets/size in Skim_TriLep_DYJets10to50.root
2026-05-04 15:38:32,803 - INFO - [2016preVFP] MISSING_CENTRAL: SR3Mu/Central/bjets/size in Skim_TriLep_WWG.root
2026-05-04 15:38:32,872 - INFO - [2016postVFP] MISSING_CENTRAL: SR3Mu/Central/bjets/size in Skim_TriLep_DYJets10to50.root
2026-05-04 15:38:32,877 - INFO - [2016postVFP] MISSING_CENTRAL: SR3Mu/Central/bjets/size in Skim_TriLep_WWG.root
2026-05-04 15:38:32,955 - INFO - [2017] MISSING_CENTRAL: SR3Mu/Central/bjets/size in Skim_TriLep_DYJets10to50.root
2026-05-04 15:38:32,962 - INFO - [2017] MISSING_CENTRAL: SR3Mu/Central/bjets/size in Skim_TriLep_WWG.root
2026-05-04 15:38:33,046 - INFO - [2018] MISSING_CENTRAL: SR3Mu/Central/bjets/size in Skim_TriLep_DYJets10to50.root
2026-05-04 15:40:04,044 - INFO - [2016preVFP] MISSING_CENTRAL: SR3Mu/Central/bjets/size in Skim_TriLep_DYJets10to50.root
2026-05-04 15:40:04,050 - INFO - [2016preVFP] MISSING_CENTRAL: SR3Mu/Central/bjets/size in Skim_TriLep_WWG.root
2026-05-04 15:40:04,125 - INFO - [2016postVFP] MISSING_CENTRAL: SR3Mu/Central/bjets/size in Skim_TriLep_DYJets10to50.root
2026-05-04 15:40:04,131 - INFO - [2016postVFP] MISSING_CENTRAL: SR3Mu/Central/bjets/size in Skim_TriLep_WWG.root
2026-05-04 15:40:04,214 - INFO - [2017] MISSING_CENTRAL: SR3Mu/Central/bjets/size in Skim_TriLep_DYJets10to50.root
2026-05-04 15:40:04,221 - INFO - [2017] MISSING_CENTRAL: SR3Mu/Central/bjets/size in Skim_TriLep_WWG.root
2026-05-04 15:40:04,310 - INFO - [2018] MISSING_CENTRAL: SR3Mu/Central/bjets/size in Skim_TriLep_DYJets10to50.root
2026-05-04 16:02:45,177 - INFO - [2016preVFP] MISSING_CENTRAL: SR3Mu/Central/bjets/size in Skim_TriLep_DYJets10to50.root
2026-05-04 16:02:45,182 - INFO - [2016preVFP] MISSING_CENTRAL: SR3Mu/Central/bjets/size in Skim_TriLep_WWG.root
2026-05-04 16:02:45,257 - INFO - [2016postVFP] MISSING_CENTRAL: SR3Mu/Central/bjets/size in Skim_TriLep_DYJets10to50.root
2026-05-04 16:02:45,262 - INFO - [2016postVFP] MISSING_CENTRAL: SR3Mu/Central/bjets/size in Skim_TriLep_WWG.root
2026-05-04 16:02:45,342 - INFO - [2017] MISSING_CENTRAL: SR3Mu/Central/bjets/size in Skim_TriLep_DYJets10to50.root
2026-05-04 16:02:45,349 - INFO - [2017] MISSING_CENTRAL: SR3Mu/Central/bjets/size in Skim_TriLep_WWG.root
2026-05-04 16:02:45,435 - INFO - [2018] MISSING_CENTRAL: SR3Mu/Central/bjets/size in Skim_TriLep_DYJets10to50.root
2026-05-04 16:04:08,863 - INFO - [2016preVFP] MISSING_CENTRAL: SR3Mu/Central/bjets/size in Skim_TriLep_DYJets10to50.root
2026-05-04 16:04:08,868 - INFO - [2016preVFP] MISSING_CENTRAL: SR3Mu/Central/bjets/size in Skim_TriLep_WWG.root
2026-05-04 16:04:08,941 - INFO - [2016postVFP] MISSING_CENTRAL: SR3Mu/Central/bjets/size in Skim_TriLep_DYJets10to50.root
2026-05-04 16:04:08,946 - INFO - [2016postVFP] MISSING_CENTRAL: SR3Mu/Central/bjets/size in Skim_TriLep_WWG.root
2026-05-04 16:04:09,025 - INFO - [2017] MISSING_CENTRAL: SR3Mu/Central/bjets/size in Skim_TriLep_DYJets10to50.root
2026-05-04 16:04:09,032 - INFO - [2017] MISSING_CENTRAL: SR3Mu/Central/bjets/size in Skim_TriLep_WWG.root
2026-05-04 16:04:09,118 - INFO - [2018] MISSING_CENTRAL: SR3Mu/Central/bjets/size in Skim_TriLep_DYJets10to50.root
2026-05-04 17:00:19,023 - INFO - [2016preVFP] MISSING_CENTRAL: SR3Mu/Central/bjets/size in Skim_TriLep_DYJets10to50.root
2026-05-04 17:00:19,028 - INFO - [2016preVFP] MISSING_CENTRAL: SR3Mu/Central/bjets/size in Skim_TriLep_WWG.root
2026-05-04 17:00:19,107 - INFO - [2016postVFP] MISSING_CENTRAL: SR3Mu/Central/bjets/size in Skim_TriLep_DYJets10to50.root
2026-05-04 17:00:19,113 - INFO - [2016postVFP] MISSING_CENTRAL: SR3Mu/Central/bjets/size in Skim_TriLep_WWG.root
2026-05-04 17:00:19,197 - INFO - [2017] MISSING_CENTRAL: SR3Mu/Central/bjets/size in Skim_TriLep_DYJets10to50.root
2026-05-04 17:00:19,204 - INFO - [2017] MISSING_CENTRAL: SR3Mu/Central/bjets/size in Skim_TriLep_WWG.root
2026-05-04 17:00:19,294 - INFO - [2018] MISSING_CENTRAL: SR3Mu/Central/bjets/size in Skim_TriLep_DYJets10to50.root
2026-05-04 17:07:26,196 - INFO - [2016preVFP] MISSING_CENTRAL: SR3Mu/Central/bjets/size in Skim_TriLep_DYJets10to50.root
2026-05-04 17:07:26,201 - INFO - [2016preVFP] MISSING_CENTRAL: SR3Mu/Central/bjets/size in Skim_TriLep_WWG.root
2026-05-04 17:07:26,273 - INFO - [2016postVFP] MISSING_CENTRAL: SR3Mu/Central/bjets/size in Skim_TriLep_DYJets10to50.root
2026-05-04 17:07:26,278 - INFO - [2016postVFP] MISSING_CENTRAL: SR3Mu/Central/bjets/size in Skim_TriLep_WWG.root
2026-05-04 17:07:26,361 - INFO - [2017] MISSING_CENTRAL: SR3Mu/Central/bjets/size in Skim_TriLep_DYJets10to50.root
2026-05-04 17:07:26,368 - INFO - [2017] MISSING_CENTRAL: SR3Mu/Central/bjets/size in Skim_TriLep_WWG.root
2026-05-04 17:07:26,455 - INFO - [2018] MISSING_CENTRAL: SR3Mu/Central/bjets/size in Skim_TriLep_DYJets10to50.root
