2026-01-16 19:02:06,123 - INFO - [2016preVFP] MISSING_CENTRAL: SR3Mu/Central/bjets/2/pz in Skim_TriLep_DYJets.root
2026-01-16 19:02:06,124 - INFO - [2016preVFP] MISSING_CENTRAL: SR3Mu/Central/bjets/2/pz in Skim_TriLep_DYJets10to50.root
2026-01-16 19:02:06,124 - INFO - [2016preVFP] MISSING_FILE: /home/choij/Sync/workspace/ChargedHiggsAnalysisV3/SKNanoOutput/PromptSelector/Run3Mu_RunSyst/2016preVFP/Skim_TriLep_ZGToLLG.root
2026-01-16 19:02:06,148 - INFO - [2016preVFP] MISSING_CENTRAL: SR3Mu/Central/bjets/2/pz in Skim_TriLep_WWG.root
2026-01-16 19:02:06,397 - INFO - [2016postVFP] MISSING_CENTRAL: SR3Mu/Central/bjets/2/pz in Skim_TriLep_DYJets.root
2026-01-16 19:02:06,397 - INFO - [2016postVFP] MISSING_CENTRAL: SR3Mu/Central/bjets/2/pz in Skim_TriLep_DYJets10to50.root
2026-01-16 19:02:06,415 - INFO - [2016postVFP] MISSING_CENTRAL: SR3Mu/Central/bjets/2/pz in Skim_TriLep_WWG.root
2026-01-16 19:02:06,697 - INFO - [2017] MISSING_CENTRAL: SR3Mu/Central/bjets/2/pz in Skim_TriLep_DYJets10to50.root
2026-01-16 19:02:06,716 - INFO - [2017] MISSING_CENTRAL: SR3Mu/Central/bjets/2/pz in Skim_TriLep_WWG.root
2026-01-16 19:02:06,977 - INFO - [2018] MISSING_CENTRAL: SR3Mu/Central/bjets/2/pz in Skim_TriLep_DYJets.root
2026-01-16 19:02:06,977 - INFO - [2018] MISSING_CENTRAL: SR3Mu/Central/bjets/2/pz in Skim_TriLep_DYJets10to50.root
2026-01-16 19:02:06,996 - INFO - [2018] MISSING_CENTRAL: SR3Mu/Central/bjets/2/pz in Skim_TriLep_WWG.root
2026-01-21 13:01:37,080 - INFO - [2016preVFP] MISSING_CENTRAL: SR3Mu/Central/bjets/2/pz in Skim_TriLep_DYJets.root
2026-01-21 13:01:37,081 - INFO - [2016preVFP] MISSING_CENTRAL: SR3Mu/Central/bjets/2/pz in Skim_TriLep_DYJets10to50.root
2026-01-21 13:01:37,081 - INFO - [2016preVFP] MISSING_FILE: /home/choij/Sync/workspace/ChargedHiggsAnalysisV3/SKNanoOutput/PromptSelector/Run3Mu_RunSyst/2016preVFP/Skim_TriLep_ZGToLLG.root
2026-01-21 13:01:37,104 - INFO - [2016preVFP] MISSING_CENTRAL: SR3Mu/Central/bjets/2/pz in Skim_TriLep_WWG.root
2026-01-21 13:01:37,352 - INFO - [2016postVFP] MISSING_CENTRAL: SR3Mu/Central/bjets/2/pz in Skim_TriLep_DYJets.root
2026-01-21 13:01:37,353 - INFO - [2016postVFP] MISSING_CENTRAL: SR3Mu/Central/bjets/2/pz in Skim_TriLep_DYJets10to50.root
2026-01-21 13:01:37,368 - INFO - [2016postVFP] MISSING_CENTRAL: SR3Mu/Central/bjets/2/pz in Skim_TriLep_WWG.root
2026-01-21 13:01:37,634 - INFO - [2017] MISSING_CENTRAL: SR3Mu/Central/bjets/2/pz in Skim_TriLep_DYJets10to50.root
2026-01-21 13:01:37,652 - INFO - [2017] MISSING_CENTRAL: SR3Mu/Central/bjets/2/pz in Skim_TriLep_WWG.root
2026-01-21 13:01:37,906 - INFO - [2018] MISSING_CENTRAL: SR3Mu/Central/bjets/2/pz in Skim_TriLep_DYJets.root
2026-01-21 13:01:37,907 - INFO - [2018] MISSING_CENTRAL: SR3Mu/Central/bjets/2/pz in Skim_TriLep_DYJets10to50.root
2026-01-21 13:01:37,925 - INFO - [2018] MISSING_CENTRAL: SR3Mu/Central/bjets/2/pz in Skim_TriLep_WWG.root
2026-01-21 14:50:06,975 - INFO - [2016preVFP] MISSING_CENTRAL: SR3Mu/Central/bjets/2/pz in Skim_TriLep_DYJets.root
2026-01-21 14:50:06,975 - INFO - [2016preVFP] MISSING_CENTRAL: SR3Mu/Central/bjets/2/pz in Skim_TriLep_DYJets10to50.root
2026-01-21 14:50:06,975 - INFO - [2016preVFP] MISSING_FILE: /home/choij/Sync/workspace/ChargedHiggsAnalysisV3/SKNanoOutput/PromptSelector/Run3Mu_RunSyst/2016preVFP/Skim_TriLep_ZGToLLG.root
2026-01-21 14:50:06,999 - INFO - [2016preVFP] MISSING_CENTRAL: SR3Mu/Central/bjets/2/pz in Skim_TriLep_WWG.root
2026-01-21 14:50:07,246 - INFO - [2016postVFP] MISSING_CENTRAL: SR3Mu/Central/bjets/2/pz in Skim_TriLep_DYJets.root
2026-01-21 14:50:07,247 - INFO - [2016postVFP] MISSING_CENTRAL: SR3Mu/Central/bjets/2/pz in Skim_TriLep_DYJets10to50.root
2026-01-21 14:50:07,264 - INFO - [2016postVFP] MISSING_CENTRAL: SR3Mu/Central/bjets/2/pz in Skim_TriLep_WWG.root
2026-01-21 14:50:07,546 - INFO - [2017] MISSING_CENTRAL: SR3Mu/Central/bjets/2/pz in Skim_TriLep_DYJets10to50.root
2026-01-21 14:50:07,564 - INFO - [2017] MISSING_CENTRAL: SR3Mu/Central/bjets/2/pz in Skim_TriLep_WWG.root
2026-01-21 14:50:07,823 - INFO - [2018] MISSING_CENTRAL: SR3Mu/Central/bjets/2/pz in Skim_TriLep_DYJets.root
2026-01-21 14:50:07,824 - INFO - [2018] MISSING_CENTRAL: SR3Mu/Central/bjets/2/pz in Skim_TriLep_DYJets10to50.root
2026-01-21 14:50:07,842 - INFO - [2018] MISSING_CENTRAL: SR3Mu/Central/bjets/2/pz in Skim_TriLep_WWG.root
2026-01-28 16:09:26,765 - INFO - [2016preVFP] MISSING_CENTRAL: SR3Mu/Central/bjets/2/pz in Skim_TriLep_DYJets.root
2026-01-28 16:09:26,765 - INFO - [2016preVFP] MISSING_CENTRAL: SR3Mu/Central/bjets/2/pz in Skim_TriLep_DYJets10to50.root
2026-01-28 16:09:26,802 - INFO - [2016preVFP] MISSING_CENTRAL: SR3Mu/Central/bjets/2/pz in Skim_TriLep_WWG.root
2026-01-28 16:09:27,196 - INFO - [2016postVFP] MISSING_CENTRAL: SR3Mu/Central/bjets/2/pz in Skim_TriLep_DYJets.root
2026-01-28 16:09:27,196 - INFO - [2016postVFP] MISSING_CENTRAL: SR3Mu/Central/bjets/2/pz in Skim_TriLep_DYJets10to50.root
2026-01-28 16:09:27,225 - INFO - [2016postVFP] MISSING_CENTRAL: SR3Mu/Central/bjets/2/pz in Skim_TriLep_WWG.root
2026-01-28 16:09:27,760 - INFO - [2017] MISSING_CENTRAL: SR3Mu/Central/bjets/2/pz in Skim_TriLep_DYJets10to50.root
2026-01-28 16:09:27,790 - INFO - [2017] MISSING_CENTRAL: SR3Mu/Central/bjets/2/pz in Skim_TriLep_WWG.root
2026-01-28 16:09:28,292 - INFO - [2018] MISSING_CENTRAL: SR3Mu/Central/bjets/2/pz in Skim_TriLep_DYJets10to50.root
2026-01-28 16:09:28,338 - INFO - [2018] MISSING_CENTRAL: SR3Mu/Central/bjets/2/pz in Skim_TriLep_WWG.root
2026-01-28 17:21:41,473 - INFO - [2016preVFP] MISSING_CENTRAL: SR3Mu/Central/bjets/2/pz in Skim_TriLep_DYJets.root
2026-01-28 17:21:41,474 - INFO - [2016preVFP] MISSING_CENTRAL: SR3Mu/Central/bjets/2/pz in Skim_TriLep_DYJets10to50.root
2026-01-28 17:21:41,521 - INFO - [2016preVFP] MISSING_CENTRAL: SR3Mu/Central/bjets/2/pz in Skim_TriLep_WWG.root
2026-01-28 17:21:41,991 - INFO - [2016postVFP] MISSING_CENTRAL: SR3Mu/Central/bjets/2/pz in Skim_TriLep_DYJets.root
2026-01-28 17:21:41,992 - INFO - [2016postVFP] MISSING_CENTRAL: SR3Mu/Central/bjets/2/pz in Skim_TriLep_DYJets10to50.root
2026-01-28 17:21:42,029 - INFO - [2016postVFP] MISSING_CENTRAL: SR3Mu/Central/bjets/2/pz in Skim_TriLep_WWG.root
2026-01-28 17:21:42,488 - INFO - [2017] MISSING_CENTRAL: SR3Mu/Central/bjets/2/pz in Skim_TriLep_DYJets10to50.root
2026-01-28 17:21:42,519 - INFO - [2017] MISSING_CENTRAL: SR3Mu/Central/bjets/2/pz in Skim_TriLep_WWG.root
2026-01-28 17:21:43,020 - INFO - [2018] MISSING_CENTRAL: SR3Mu/Central/bjets/2/pz in Skim_TriLep_DYJets10to50.root
2026-01-28 17:21:43,052 - INFO - [2018] MISSING_CENTRAL: SR3Mu/Central/bjets/2/pz in Skim_TriLep_WWG.root
2026-01-28 19:55:11,895 - INFO - [2016preVFP] MISSING_CENTRAL: SR3Mu/Central/bjets/2/pz in Skim_TriLep_DYJets.root
2026-01-28 19:55:11,896 - INFO - [2016preVFP] MISSING_CENTRAL: SR3Mu/Central/bjets/2/pz in Skim_TriLep_DYJets10to50.root
2026-01-28 19:55:11,929 - INFO - [2016preVFP] MISSING_CENTRAL: SR3Mu/Central/bjets/2/pz in Skim_TriLep_WWG.root
2026-01-28 19:55:12,387 - INFO - [2016postVFP] MISSING_CENTRAL: SR3Mu/Central/bjets/2/pz in Skim_TriLep_DYJets.root
2026-01-28 19:55:12,388 - INFO - [2016postVFP] MISSING_CENTRAL: SR3Mu/Central/bjets/2/pz in Skim_TriLep_DYJets10to50.root
2026-01-28 19:55:12,419 - INFO - [2016postVFP] MISSING_CENTRAL: SR3Mu/Central/bjets/2/pz in Skim_TriLep_WWG.root
2026-01-28 19:55:12,927 - INFO - [2017] MISSING_CENTRAL: SR3Mu/Central/bjets/2/pz in Skim_TriLep_DYJets10to50.root
2026-01-28 19:55:12,965 - INFO - [2017] MISSING_CENTRAL: SR3Mu/Central/bjets/2/pz in Skim_TriLep_WWG.root
2026-01-28 19:55:13,452 - INFO - [2018] MISSING_CENTRAL: SR3Mu/Central/bjets/2/pz in Skim_TriLep_DYJets10to50.root
2026-01-28 19:55:13,486 - INFO - [2018] MISSING_CENTRAL: SR3Mu/Central/bjets/2/pz in Skim_TriLep_WWG.root
2026-01-29 07:12:24,141 - INFO - [2016preVFP] MISSING_CENTRAL: SR3Mu/Central/bjets/2/pz in Skim_TriLep_DYJets.root
2026-01-29 07:12:24,142 - INFO - [2016preVFP] MISSING_CENTRAL: SR3Mu/Central/bjets/2/pz in Skim_TriLep_DYJets10to50.root
2026-01-29 07:12:24,170 - INFO - [2016preVFP] MISSING_CENTRAL: SR3Mu/Central/bjets/2/pz in Skim_TriLep_WWG.root
2026-01-29 07:12:24,445 - INFO - [2016postVFP] MISSING_CENTRAL: SR3Mu/Central/bjets/2/pz in Skim_TriLep_DYJets.root
2026-01-29 07:12:24,446 - INFO - [2016postVFP] MISSING_CENTRAL: SR3Mu/Central/bjets/2/pz in Skim_TriLep_DYJets10to50.root
2026-01-29 07:12:24,466 - INFO - [2016postVFP] MISSING_CENTRAL: SR3Mu/Central/bjets/2/pz in Skim_TriLep_WWG.root
2026-01-29 07:12:24,764 - INFO - [2017] MISSING_CENTRAL: SR3Mu/Central/bjets/2/pz in Skim_TriLep_DYJets10to50.root
2026-01-29 07:12:24,784 - INFO - [2017] MISSING_CENTRAL: SR3Mu/Central/bjets/2/pz in Skim_TriLep_WWG.root
2026-01-29 07:12:25,106 - INFO - [2018] MISSING_CENTRAL: SR3Mu/Central/bjets/2/pz in Skim_TriLep_DYJets10to50.root
2026-01-29 07:12:25,128 - INFO - [2018] MISSING_CENTRAL: SR3Mu/Central/bjets/2/pz in Skim_TriLep_WWG.root
2026-03-06 09:40:32,225 - INFO - [2016preVFP] MISSING_CENTRAL: SR3Mu/Central/bjets/2/pz in Skim_TriLep_DYJets.root
2026-03-06 09:40:32,225 - INFO - [2016preVFP] MISSING_CENTRAL: SR3Mu/Central/bjets/2/pz in Skim_TriLep_DYJets10to50.root
2026-03-06 09:40:32,252 - INFO - [2016preVFP] MISSING_CENTRAL: SR3Mu/Central/bjets/2/pz in Skim_TriLep_WWG.root
2026-03-06 09:40:32,524 - INFO - [2016postVFP] MISSING_CENTRAL: SR3Mu/Central/bjets/2/pz in Skim_TriLep_DYJets.root
2026-03-06 09:40:32,525 - INFO - [2016postVFP] MISSING_CENTRAL: SR3Mu/Central/bjets/2/pz in Skim_TriLep_DYJets10to50.root
2026-03-06 09:40:32,545 - INFO - [2016postVFP] MISSING_CENTRAL: SR3Mu/Central/bjets/2/pz in Skim_TriLep_WWG.root
2026-03-06 09:40:32,835 - INFO - [2017] MISSING_CENTRAL: SR3Mu/Central/bjets/2/pz in Skim_TriLep_DYJets10to50.root
2026-03-06 09:40:32,856 - INFO - [2017] MISSING_CENTRAL: SR3Mu/Central/bjets/2/pz in Skim_TriLep_WWG.root
2026-03-06 09:40:33,169 - INFO - [2018] MISSING_CENTRAL: SR3Mu/Central/bjets/2/pz in Skim_TriLep_DYJets10to50.root
2026-03-06 09:40:33,191 - INFO - [2018] MISSING_CENTRAL: SR3Mu/Central/bjets/2/pz in Skim_TriLep_WWG.root
2026-03-06 19:46:20,189 - INFO - [2016preVFP] MISSING_CENTRAL: SR3Mu/Central/bjets/2/pz in Skim_TriLep_DYJets.root
2026-03-06 19:46:20,190 - INFO - [2016preVFP] MISSING_CENTRAL: SR3Mu/Central/bjets/2/pz in Skim_TriLep_DYJets10to50.root
2026-03-06 19:46:20,218 - INFO - [2016preVFP] MISSING_CENTRAL: SR3Mu/Central/bjets/2/pz in Skim_TriLep_WWG.root
2026-03-06 19:46:20,486 - INFO - [2016postVFP] MISSING_CENTRAL: SR3Mu/Central/bjets/2/pz in Skim_TriLep_DYJets.root
2026-03-06 19:46:20,487 - INFO - [2016postVFP] MISSING_CENTRAL: SR3Mu/Central/bjets/2/pz in Skim_TriLep_DYJets10to50.root
2026-03-06 19:46:20,508 - INFO - [2016postVFP] MISSING_CENTRAL: SR3Mu/Central/bjets/2/pz in Skim_TriLep_WWG.root
2026-03-06 19:46:20,807 - INFO - [2017] MISSING_CENTRAL: SR3Mu/Central/bjets/2/pz in Skim_TriLep_DYJets10to50.root
2026-03-06 19:46:20,827 - INFO - [2017] MISSING_CENTRAL: SR3Mu/Central/bjets/2/pz in Skim_TriLep_WWG.root
2026-03-06 19:46:21,143 - INFO - [2018] MISSING_CENTRAL: SR3Mu/Central/bjets/2/pz in Skim_TriLep_DYJets10to50.root
2026-03-06 19:46:21,164 - INFO - [2018] MISSING_CENTRAL: SR3Mu/Central/bjets/2/pz in Skim_TriLep_WWG.root
2026-03-12 21:35:02,878 - INFO - [2016preVFP] MISSING_CENTRAL: SR3Mu/Central/bjets/2/pz in Skim_TriLep_DYJets.root
2026-03-12 21:35:02,879 - INFO - [2016preVFP] MISSING_CENTRAL: SR3Mu/Central/bjets/2/pz in Skim_TriLep_DYJets10to50.root
2026-03-12 21:35:02,905 - INFO - [2016preVFP] MISSING_CENTRAL: SR3Mu/Central/bjets/2/pz in Skim_TriLep_WWG.root
2026-03-12 21:35:03,186 - INFO - [2016postVFP] MISSING_CENTRAL: SR3Mu/Central/bjets/2/pz in Skim_TriLep_DYJets.root
2026-03-12 21:35:03,187 - INFO - [2016postVFP] MISSING_CENTRAL: SR3Mu/Central/bjets/2/pz in Skim_TriLep_DYJets10to50.root
2026-03-12 21:35:03,207 - INFO - [2016postVFP] MISSING_CENTRAL: SR3Mu/Central/bjets/2/pz in Skim_TriLep_WWG.root
2026-03-12 21:35:03,550 - INFO - [2017] MISSING_CENTRAL: SR3Mu/Central/bjets/2/pz in Skim_TriLep_DYJets10to50.root
2026-03-12 21:35:03,593 - INFO - [2017] MISSING_CENTRAL: SR3Mu/Central/bjets/2/pz in Skim_TriLep_WWG.root
2026-03-12 21:35:03,922 - INFO - [2018] MISSING_CENTRAL: SR3Mu/Central/bjets/2/pz in Skim_TriLep_DYJets10to50.root
2026-03-12 21:35:03,944 - INFO - [2018] MISSING_CENTRAL: SR3Mu/Central/bjets/2/pz in Skim_TriLep_WWG.root
2026-04-10 20:21:18,492 - INFO - [2016preVFP] MISSING_CENTRAL: SR3Mu/Central/bjets/2/pz in Skim_TriLep_DYJets.root
2026-04-10 20:21:18,493 - INFO - [2016preVFP] MISSING_CENTRAL: SR3Mu/Central/bjets/2/pz in Skim_TriLep_DYJets10to50.root
2026-04-10 20:21:18,518 - INFO - [2016preVFP] MISSING_CENTRAL: SR3Mu/Central/bjets/2/pz in Skim_TriLep_WWG.root
2026-04-10 20:21:18,776 - INFO - [2016postVFP] MISSING_CENTRAL: SR3Mu/Central/bjets/2/pz in Skim_TriLep_DYJets.root
2026-04-10 20:21:18,777 - INFO - [2016postVFP] MISSING_CENTRAL: SR3Mu/Central/bjets/2/pz in Skim_TriLep_DYJets10to50.root
2026-04-10 20:21:18,795 - INFO - [2016postVFP] MISSING_CENTRAL: SR3Mu/Central/bjets/2/pz in Skim_TriLep_WWG.root
2026-04-10 20:21:19,082 - INFO - [2017] MISSING_CENTRAL: SR3Mu/Central/bjets/2/pz in Skim_TriLep_DYJets10to50.root
2026-04-10 20:21:19,101 - INFO - [2017] MISSING_CENTRAL: SR3Mu/Central/bjets/2/pz in Skim_TriLep_WWG.root
2026-04-10 20:21:19,395 - INFO - [2018] MISSING_CENTRAL: SR3Mu/Central/bjets/2/pz in Skim_TriLep_DYJets10to50.root
2026-04-10 20:21:19,417 - INFO - [2018] MISSING_CENTRAL: SR3Mu/Central/bjets/2/pz in Skim_TriLep_WWG.root
2026-04-12 11:36:28,421 - INFO - [2016preVFP] MISSING_CENTRAL: SR3Mu/Central/bjets/2/pz in Skim_TriLep_DYJets.root
2026-04-12 11:36:28,422 - INFO - [2016preVFP] MISSING_CENTRAL: SR3Mu/Central/bjets/2/pz in Skim_TriLep_DYJets10to50.root
2026-04-12 11:36:28,450 - INFO - [2016preVFP] MISSING_CENTRAL: SR3Mu/Central/bjets/2/pz in Skim_TriLep_WWG.root
2026-04-12 11:36:28,729 - INFO - [2016postVFP] MISSING_CENTRAL: SR3Mu/Central/bjets/2/pz in Skim_TriLep_DYJets.root
2026-04-12 11:36:28,730 - INFO - [2016postVFP] MISSING_CENTRAL: SR3Mu/Central/bjets/2/pz in Skim_TriLep_DYJets10to50.root
2026-04-12 11:36:28,749 - INFO - [2016postVFP] MISSING_CENTRAL: SR3Mu/Central/bjets/2/pz in Skim_TriLep_WWG.root
2026-04-12 11:36:29,244 - INFO - [2017] MISSING_CENTRAL: SR3Mu/Central/bjets/2/pz in Skim_TriLep_DYJets10to50.root
2026-04-12 11:36:29,264 - INFO - [2017] MISSING_CENTRAL: SR3Mu/Central/bjets/2/pz in Skim_TriLep_WWG.root
2026-04-12 11:36:29,606 - INFO - [2018] MISSING_CENTRAL: SR3Mu/Central/bjets/2/pz in Skim_TriLep_DYJets10to50.root
2026-04-12 11:36:29,650 - INFO - [2018] MISSING_CENTRAL: SR3Mu/Central/bjets/2/pz in Skim_TriLep_WWG.root
2026-04-12 12:18:29,009 - INFO - [2016preVFP] MISSING_CENTRAL: SR3Mu/Central/bjets/2/pz in Skim_TriLep_DYJets.root
2026-04-12 12:18:29,010 - INFO - [2016preVFP] MISSING_CENTRAL: SR3Mu/Central/bjets/2/pz in Skim_TriLep_DYJets10to50.root
2026-04-12 12:18:29,035 - INFO - [2016preVFP] MISSING_CENTRAL: SR3Mu/Central/bjets/2/pz in Skim_TriLep_WWG.root
2026-04-12 12:18:29,359 - INFO - [2016postVFP] MISSING_CENTRAL: SR3Mu/Central/bjets/2/pz in Skim_TriLep_DYJets.root
2026-04-12 12:18:29,359 - INFO - [2016postVFP] MISSING_CENTRAL: SR3Mu/Central/bjets/2/pz in Skim_TriLep_DYJets10to50.root
2026-04-12 12:18:29,378 - INFO - [2016postVFP] MISSING_CENTRAL: SR3Mu/Central/bjets/2/pz in Skim_TriLep_WWG.root
2026-04-12 12:18:29,679 - INFO - [2017] MISSING_CENTRAL: SR3Mu/Central/bjets/2/pz in Skim_TriLep_DYJets10to50.root
2026-04-12 12:18:29,699 - INFO - [2017] MISSING_CENTRAL: SR3Mu/Central/bjets/2/pz in Skim_TriLep_WWG.root
2026-04-12 12:18:30,061 - INFO - [2018] MISSING_CENTRAL: SR3Mu/Central/bjets/2/pz in Skim_TriLep_DYJets10to50.root
2026-04-12 12:18:30,082 - INFO - [2018] MISSING_CENTRAL: SR3Mu/Central/bjets/2/pz in Skim_TriLep_WWG.root
2026-04-12 12:38:08,090 - INFO - [2016preVFP] MISSING_CENTRAL: SR3Mu/Central/bjets/2/pz in Skim_TriLep_DYJets.root
2026-04-12 12:38:08,091 - INFO - [2016preVFP] MISSING_CENTRAL: SR3Mu/Central/bjets/2/pz in Skim_TriLep_DYJets10to50.root
2026-04-12 12:38:08,116 - INFO - [2016preVFP] MISSING_CENTRAL: SR3Mu/Central/bjets/2/pz in Skim_TriLep_WWG.root
2026-04-12 12:38:08,381 - INFO - [2016postVFP] MISSING_CENTRAL: SR3Mu/Central/bjets/2/pz in Skim_TriLep_DYJets.root
2026-04-12 12:38:08,382 - INFO - [2016postVFP] MISSING_CENTRAL: SR3Mu/Central/bjets/2/pz in Skim_TriLep_DYJets10to50.root
2026-04-12 12:38:08,401 - INFO - [2016postVFP] MISSING_CENTRAL: SR3Mu/Central/bjets/2/pz in Skim_TriLep_WWG.root
2026-04-12 12:38:08,701 - INFO - [2017] MISSING_CENTRAL: SR3Mu/Central/bjets/2/pz in Skim_TriLep_DYJets10to50.root
2026-04-12 12:38:08,721 - INFO - [2017] MISSING_CENTRAL: SR3Mu/Central/bjets/2/pz in Skim_TriLep_WWG.root
2026-04-12 12:38:09,025 - INFO - [2018] MISSING_CENTRAL: SR3Mu/Central/bjets/2/pz in Skim_TriLep_DYJets10to50.root
2026-04-12 12:38:09,044 - INFO - [2018] MISSING_CENTRAL: SR3Mu/Central/bjets/2/pz in Skim_TriLep_WWG.root
2026-04-12 20:46:13,529 - INFO - [2016preVFP] MISSING_CENTRAL: SR3Mu/Central/bjets/2/pz in Skim_TriLep_DYJets.root
2026-04-12 20:46:13,530 - INFO - [2016preVFP] MISSING_CENTRAL: SR3Mu/Central/bjets/2/pz in Skim_TriLep_DYJets10to50.root
2026-04-12 20:46:13,567 - INFO - [2016preVFP] MISSING_CENTRAL: SR3Mu/Central/bjets/2/pz in Skim_TriLep_WWG.root
2026-04-12 20:46:13,851 - INFO - [2016postVFP] MISSING_CENTRAL: SR3Mu/Central/bjets/2/pz in Skim_TriLep_DYJets.root
2026-04-12 20:46:13,853 - INFO - [2016postVFP] MISSING_CENTRAL: SR3Mu/Central/bjets/2/pz in Skim_TriLep_DYJets10to50.root
2026-04-12 20:46:13,874 - INFO - [2016postVFP] MISSING_CENTRAL: SR3Mu/Central/bjets/2/pz in Skim_TriLep_WWG.root
2026-04-12 20:46:14,191 - INFO - [2017] MISSING_CENTRAL: SR3Mu/Central/bjets/2/pz in Skim_TriLep_DYJets10to50.root
2026-04-12 20:46:14,214 - INFO - [2017] MISSING_CENTRAL: SR3Mu/Central/bjets/2/pz in Skim_TriLep_WWG.root
2026-04-12 20:46:14,533 - INFO - [2018] MISSING_CENTRAL: SR3Mu/Central/bjets/2/pz in Skim_TriLep_DYJets10to50.root
2026-04-12 20:46:14,554 - INFO - [2018] MISSING_CENTRAL: SR3Mu/Central/bjets/2/pz in Skim_TriLep_WWG.root
2026-04-12 21:17:49,434 - INFO - [2016preVFP] MISSING_CENTRAL: SR3Mu/Central/bjets/2/pz in Skim_TriLep_DYJets.root
2026-04-12 21:17:49,435 - INFO - [2016preVFP] MISSING_CENTRAL: SR3Mu/Central/bjets/2/pz in Skim_TriLep_DYJets10to50.root
2026-04-12 21:17:49,460 - INFO - [2016preVFP] MISSING_CENTRAL: SR3Mu/Central/bjets/2/pz in Skim_TriLep_WWG.root
2026-04-12 21:17:49,735 - INFO - [2016postVFP] MISSING_CENTRAL: SR3Mu/Central/bjets/2/pz in Skim_TriLep_DYJets.root
2026-04-12 21:17:49,736 - INFO - [2016postVFP] MISSING_CENTRAL: SR3Mu/Central/bjets/2/pz in Skim_TriLep_DYJets10to50.root
2026-04-12 21:17:49,756 - INFO - [2016postVFP] MISSING_CENTRAL: SR3Mu/Central/bjets/2/pz in Skim_TriLep_WWG.root
2026-04-12 21:17:50,066 - INFO - [2017] MISSING_CENTRAL: SR3Mu/Central/bjets/2/pz in Skim_TriLep_DYJets10to50.root
2026-04-12 21:17:50,087 - INFO - [2017] MISSING_CENTRAL: SR3Mu/Central/bjets/2/pz in Skim_TriLep_WWG.root
2026-04-12 21:17:50,395 - INFO - [2018] MISSING_CENTRAL: SR3Mu/Central/bjets/2/pz in Skim_TriLep_DYJets10to50.root
2026-04-12 21:17:50,416 - INFO - [2018] MISSING_CENTRAL: SR3Mu/Central/bjets/2/pz in Skim_TriLep_WWG.root
2026-04-13 12:55:28,012 - INFO - [2016preVFP] MISSING_CENTRAL: SR3Mu/Central/bjets/2/pz in Skim_TriLep_DYJets.root
2026-04-13 12:55:28,013 - INFO - [2016preVFP] MISSING_CENTRAL: SR3Mu/Central/bjets/2/pz in Skim_TriLep_DYJets10to50.root
2026-04-13 12:55:28,042 - INFO - [2016preVFP] MISSING_CENTRAL: SR3Mu/Central/bjets/2/pz in Skim_TriLep_WWG.root
2026-04-13 12:55:28,388 - INFO - [2016postVFP] MISSING_CENTRAL: SR3Mu/Central/bjets/2/pz in Skim_TriLep_DYJets.root
2026-04-13 12:55:28,389 - INFO - [2016postVFP] MISSING_CENTRAL: SR3Mu/Central/bjets/2/pz in Skim_TriLep_DYJets10to50.root
2026-04-13 12:55:28,415 - INFO - [2016postVFP] MISSING_CENTRAL: SR3Mu/Central/bjets/2/pz in Skim_TriLep_WWG.root
2026-04-13 12:55:28,818 - INFO - [2017] MISSING_CENTRAL: SR3Mu/Central/bjets/2/pz in Skim_TriLep_DYJets10to50.root
2026-04-13 12:55:28,907 - INFO - [2017] MISSING_CENTRAL: SR3Mu/Central/bjets/2/pz in Skim_TriLep_WWG.root
2026-04-13 12:55:29,271 - INFO - [2018] MISSING_CENTRAL: SR3Mu/Central/bjets/2/pz in Skim_TriLep_DYJets10to50.root
2026-04-13 12:55:29,297 - INFO - [2018] MISSING_CENTRAL: SR3Mu/Central/bjets/2/pz in Skim_TriLep_WWG.root
2026-04-16 17:30:24,452 - INFO - [2016preVFP] MISSING_CENTRAL: SR3Mu/Central/bjets/2/pz in Skim_TriLep_DYJets.root
2026-04-16 17:30:24,455 - INFO - [2016preVFP] MISSING_CENTRAL: SR3Mu/Central/bjets/2/pz in Skim_TriLep_DYJets10to50.root
2026-04-16 17:30:24,486 - INFO - [2016preVFP] MISSING_CENTRAL: SR3Mu/Central/bjets/2/pz in Skim_TriLep_WWG.root
2026-04-16 17:30:24,813 - INFO - [2016postVFP] MISSING_CENTRAL: SR3Mu/Central/bjets/2/pz in Skim_TriLep_DYJets.root
2026-04-16 17:30:24,814 - INFO - [2016postVFP] MISSING_CENTRAL: SR3Mu/Central/bjets/2/pz in Skim_TriLep_DYJets10to50.root
2026-04-16 17:30:24,837 - INFO - [2016postVFP] MISSING_CENTRAL: SR3Mu/Central/bjets/2/pz in Skim_TriLep_WWG.root
2026-04-16 17:30:25,203 - INFO - [2017] MISSING_CENTRAL: SR3Mu/Central/bjets/2/pz in Skim_TriLep_DYJets10to50.root
2026-04-16 17:30:25,229 - INFO - [2017] MISSING_CENTRAL: SR3Mu/Central/bjets/2/pz in Skim_TriLep_WWG.root
2026-04-16 17:30:25,706 - INFO - [2018] MISSING_CENTRAL: SR3Mu/Central/bjets/2/pz in Skim_TriLep_DYJets10to50.root
2026-04-16 17:30:25,738 - INFO - [2018] MISSING_CENTRAL: SR3Mu/Central/bjets/2/pz in Skim_TriLep_WWG.root
2026-04-16 17:37:58,625 - INFO - [2016preVFP] MISSING_CENTRAL: SR3Mu/Central/bjets/2/pz in Skim_TriLep_DYJets.root
2026-04-16 17:37:58,626 - INFO - [2016preVFP] MISSING_CENTRAL: SR3Mu/Central/bjets/2/pz in Skim_TriLep_DYJets10to50.root
2026-04-16 17:37:58,657 - INFO - [2016preVFP] MISSING_CENTRAL: SR3Mu/Central/bjets/2/pz in Skim_TriLep_WWG.root
2026-04-16 17:37:59,002 - INFO - [2016postVFP] MISSING_CENTRAL: SR3Mu/Central/bjets/2/pz in Skim_TriLep_DYJets.root
2026-04-16 17:37:59,002 - INFO - [2016postVFP] MISSING_CENTRAL: SR3Mu/Central/bjets/2/pz in Skim_TriLep_DYJets10to50.root
2026-04-16 17:37:59,026 - INFO - [2016postVFP] MISSING_CENTRAL: SR3Mu/Central/bjets/2/pz in Skim_TriLep_WWG.root
2026-04-16 17:37:59,388 - INFO - [2017] MISSING_CENTRAL: SR3Mu/Central/bjets/2/pz in Skim_TriLep_DYJets10to50.root
2026-04-16 17:37:59,412 - INFO - [2017] MISSING_CENTRAL: SR3Mu/Central/bjets/2/pz in Skim_TriLep_WWG.root
2026-04-16 17:37:59,782 - INFO - [2018] MISSING_CENTRAL: SR3Mu/Central/bjets/2/pz in Skim_TriLep_DYJets10to50.root
2026-04-16 17:37:59,807 - INFO - [2018] MISSING_CENTRAL: SR3Mu/Central/bjets/2/pz in Skim_TriLep_WWG.root
2026-04-28 15:11:03,268 - INFO - [2016preVFP] MISSING_CENTRAL: SR3Mu/Central/bjets/2/pz in Skim_TriLep_DYJets.root
2026-04-28 15:11:03,268 - INFO - [2016preVFP] MISSING_CENTRAL: SR3Mu/Central/bjets/2/pz in Skim_TriLep_DYJets10to50.root
2026-04-28 15:11:03,298 - INFO - [2016preVFP] MISSING_CENTRAL: SR3Mu/Central/bjets/2/pz in Skim_TriLep_WWG.root
2026-04-28 15:11:03,623 - INFO - [2016postVFP] MISSING_CENTRAL: SR3Mu/Central/bjets/2/pz in Skim_TriLep_DYJets.root
2026-04-28 15:11:03,623 - INFO - [2016postVFP] MISSING_CENTRAL: SR3Mu/Central/bjets/2/pz in Skim_TriLep_DYJets10to50.root
2026-04-28 15:11:03,646 - INFO - [2016postVFP] MISSING_CENTRAL: SR3Mu/Central/bjets/2/pz in Skim_TriLep_WWG.root
2026-04-28 15:11:04,004 - INFO - [2017] MISSING_CENTRAL: SR3Mu/Central/bjets/2/pz in Skim_TriLep_DYJets10to50.root
2026-04-28 15:11:04,030 - INFO - [2017] MISSING_CENTRAL: SR3Mu/Central/bjets/2/pz in Skim_TriLep_WWG.root
2026-04-28 15:11:04,425 - INFO - [2018] MISSING_CENTRAL: SR3Mu/Central/bjets/2/pz in Skim_TriLep_DYJets10to50.root
2026-04-28 15:11:04,450 - INFO - [2018] MISSING_CENTRAL: SR3Mu/Central/bjets/2/pz in Skim_TriLep_WWG.root
2026-04-28 15:19:02,469 - INFO - [2016preVFP] MISSING_CENTRAL: SR3Mu/Central/bjets/2/pz in Skim_TriLep_DYJets.root
2026-04-28 15:19:02,469 - INFO - [2016preVFP] MISSING_CENTRAL: SR3Mu/Central/bjets/2/pz in Skim_TriLep_DYJets10to50.root
2026-04-28 15:19:02,498 - INFO - [2016preVFP] MISSING_CENTRAL: SR3Mu/Central/bjets/2/pz in Skim_TriLep_WWG.root
2026-04-28 15:19:02,827 - INFO - [2016postVFP] MISSING_CENTRAL: SR3Mu/Central/bjets/2/pz in Skim_TriLep_DYJets.root
2026-04-28 15:19:02,828 - INFO - [2016postVFP] MISSING_CENTRAL: SR3Mu/Central/bjets/2/pz in Skim_TriLep_DYJets10to50.root
2026-04-28 15:19:02,851 - INFO - [2016postVFP] MISSING_CENTRAL: SR3Mu/Central/bjets/2/pz in Skim_TriLep_WWG.root
2026-04-28 15:19:03,204 - INFO - [2017] MISSING_CENTRAL: SR3Mu/Central/bjets/2/pz in Skim_TriLep_DYJets10to50.root
2026-04-28 15:19:03,227 - INFO - [2017] MISSING_CENTRAL: SR3Mu/Central/bjets/2/pz in Skim_TriLep_WWG.root
2026-04-28 15:19:03,593 - INFO - [2018] MISSING_CENTRAL: SR3Mu/Central/bjets/2/pz in Skim_TriLep_DYJets10to50.root
2026-04-28 15:19:03,618 - INFO - [2018] MISSING_CENTRAL: SR3Mu/Central/bjets/2/pz in Skim_TriLep_WWG.root
2026-04-28 15:20:28,246 - INFO - [2016preVFP] MISSING_CENTRAL: SR3Mu/Central/bjets/2/pz in Skim_TriLep_DYJets.root
2026-04-28 15:20:28,246 - INFO - [2016preVFP] MISSING_CENTRAL: SR3Mu/Central/bjets/2/pz in Skim_TriLep_DYJets10to50.root
2026-04-28 15:20:28,276 - INFO - [2016preVFP] MISSING_CENTRAL: SR3Mu/Central/bjets/2/pz in Skim_TriLep_WWG.root
2026-04-28 15:20:28,604 - INFO - [2016postVFP] MISSING_CENTRAL: SR3Mu/Central/bjets/2/pz in Skim_TriLep_DYJets.root
2026-04-28 15:20:28,605 - INFO - [2016postVFP] MISSING_CENTRAL: SR3Mu/Central/bjets/2/pz in Skim_TriLep_DYJets10to50.root
2026-04-28 15:20:28,628 - INFO - [2016postVFP] MISSING_CENTRAL: SR3Mu/Central/bjets/2/pz in Skim_TriLep_WWG.root
2026-04-28 15:20:28,997 - INFO - [2017] MISSING_CENTRAL: SR3Mu/Central/bjets/2/pz in Skim_TriLep_DYJets10to50.root
2026-04-28 15:20:29,022 - INFO - [2017] MISSING_CENTRAL: SR3Mu/Central/bjets/2/pz in Skim_TriLep_WWG.root
2026-04-28 15:20:29,496 - INFO - [2018] MISSING_CENTRAL: SR3Mu/Central/bjets/2/pz in Skim_TriLep_DYJets10to50.root
2026-04-28 15:20:29,523 - INFO - [2018] MISSING_CENTRAL: SR3Mu/Central/bjets/2/pz in Skim_TriLep_WWG.root
2026-04-28 20:32:15,119 - INFO - [2016preVFP] MISSING_CENTRAL: SR3Mu/Central/bjets/2/pz in Skim_TriLep_DYJets.root
2026-04-28 20:32:15,119 - INFO - [2016preVFP] MISSING_CENTRAL: SR3Mu/Central/bjets/2/pz in Skim_TriLep_DYJets10to50.root
2026-04-28 20:32:15,149 - INFO - [2016preVFP] MISSING_CENTRAL: SR3Mu/Central/bjets/2/pz in Skim_TriLep_WWG.root
2026-04-28 20:32:15,502 - INFO - [2016postVFP] MISSING_CENTRAL: SR3Mu/Central/bjets/2/pz in Skim_TriLep_DYJets.root
2026-04-28 20:32:15,503 - INFO - [2016postVFP] MISSING_CENTRAL: SR3Mu/Central/bjets/2/pz in Skim_TriLep_DYJets10to50.root
2026-04-28 20:32:15,528 - INFO - [2016postVFP] MISSING_CENTRAL: SR3Mu/Central/bjets/2/pz in Skim_TriLep_WWG.root
2026-04-28 20:32:15,922 - INFO - [2017] MISSING_CENTRAL: SR3Mu/Central/bjets/2/pz in Skim_TriLep_DYJets10to50.root
2026-04-28 20:32:15,948 - INFO - [2017] MISSING_CENTRAL: SR3Mu/Central/bjets/2/pz in Skim_TriLep_WWG.root
2026-04-28 20:32:16,347 - INFO - [2018] MISSING_CENTRAL: SR3Mu/Central/bjets/2/pz in Skim_TriLep_DYJets10to50.root
2026-04-28 20:32:16,373 - INFO - [2018] MISSING_CENTRAL: SR3Mu/Central/bjets/2/pz in Skim_TriLep_WWG.root
2026-04-28 20:33:37,386 - INFO - [2016preVFP] MISSING_CENTRAL: SR3Mu/Central/bjets/2/pz in Skim_TriLep_DYJets.root
2026-04-28 20:33:37,387 - INFO - [2016preVFP] MISSING_CENTRAL: SR3Mu/Central/bjets/2/pz in Skim_TriLep_DYJets10to50.root
2026-04-28 20:33:37,415 - INFO - [2016preVFP] MISSING_CENTRAL: SR3Mu/Central/bjets/2/pz in Skim_TriLep_WWG.root
2026-04-28 20:33:37,738 - INFO - [2016postVFP] MISSING_CENTRAL: SR3Mu/Central/bjets/2/pz in Skim_TriLep_DYJets.root
2026-04-28 20:33:37,738 - INFO - [2016postVFP] MISSING_CENTRAL: SR3Mu/Central/bjets/2/pz in Skim_TriLep_DYJets10to50.root
2026-04-28 20:33:37,760 - INFO - [2016postVFP] MISSING_CENTRAL: SR3Mu/Central/bjets/2/pz in Skim_TriLep_WWG.root
2026-04-28 20:33:38,116 - INFO - [2017] MISSING_CENTRAL: SR3Mu/Central/bjets/2/pz in Skim_TriLep_DYJets10to50.root
2026-04-28 20:33:38,138 - INFO - [2017] MISSING_CENTRAL: SR3Mu/Central/bjets/2/pz in Skim_TriLep_WWG.root
2026-04-28 20:33:38,501 - INFO - [2018] MISSING_CENTRAL: SR3Mu/Central/bjets/2/pz in Skim_TriLep_DYJets10to50.root
2026-04-28 20:33:38,526 - INFO - [2018] MISSING_CENTRAL: SR3Mu/Central/bjets/2/pz in Skim_TriLep_WWG.root
2026-05-04 15:38:39,627 - INFO - [2016preVFP] MISSING_CENTRAL: SR3Mu/Central/bjets/2/pz in Skim_TriLep_DYJets.root
2026-05-04 15:38:39,628 - INFO - [2016preVFP] MISSING_CENTRAL: SR3Mu/Central/bjets/2/pz in Skim_TriLep_DYJets10to50.root
2026-05-04 15:38:39,658 - INFO - [2016preVFP] MISSING_CENTRAL: SR3Mu/Central/bjets/2/pz in Skim_TriLep_WWG.root
2026-05-04 15:38:40,053 - INFO - [2016postVFP] MISSING_CENTRAL: SR3Mu/Central/bjets/2/pz in Skim_TriLep_DYJets.root
2026-05-04 15:38:40,054 - INFO - [2016postVFP] MISSING_CENTRAL: SR3Mu/Central/bjets/2/pz in Skim_TriLep_DYJets10to50.root
2026-05-04 15:38:40,079 - INFO - [2016postVFP] MISSING_CENTRAL: SR3Mu/Central/bjets/2/pz in Skim_TriLep_WWG.root
2026-05-04 15:38:40,486 - INFO - [2017] MISSING_CENTRAL: SR3Mu/Central/bjets/2/pz in Skim_TriLep_DYJets10to50.root
2026-05-04 15:38:40,511 - INFO - [2017] MISSING_CENTRAL: SR3Mu/Central/bjets/2/pz in Skim_TriLep_WWG.root
2026-05-04 15:38:40,908 - INFO - [2018] MISSING_CENTRAL: SR3Mu/Central/bjets/2/pz in Skim_TriLep_DYJets10to50.root
2026-05-04 15:38:40,933 - INFO - [2018] MISSING_CENTRAL: SR3Mu/Central/bjets/2/pz in Skim_TriLep_WWG.root
2026-05-04 15:40:11,023 - INFO - [2016preVFP] MISSING_CENTRAL: SR3Mu/Central/bjets/2/pz in Skim_TriLep_DYJets.root
2026-05-04 15:40:11,024 - INFO - [2016preVFP] MISSING_CENTRAL: SR3Mu/Central/bjets/2/pz in Skim_TriLep_DYJets10to50.root
2026-05-04 15:40:11,054 - INFO - [2016preVFP] MISSING_CENTRAL: SR3Mu/Central/bjets/2/pz in Skim_TriLep_WWG.root
2026-05-04 15:40:11,382 - INFO - [2016postVFP] MISSING_CENTRAL: SR3Mu/Central/bjets/2/pz in Skim_TriLep_DYJets.root
2026-05-04 15:40:11,382 - INFO - [2016postVFP] MISSING_CENTRAL: SR3Mu/Central/bjets/2/pz in Skim_TriLep_DYJets10to50.root
2026-05-04 15:40:11,408 - INFO - [2016postVFP] MISSING_CENTRAL: SR3Mu/Central/bjets/2/pz in Skim_TriLep_WWG.root
2026-05-04 15:40:11,800 - INFO - [2017] MISSING_CENTRAL: SR3Mu/Central/bjets/2/pz in Skim_TriLep_DYJets10to50.root
2026-05-04 15:40:11,845 - INFO - [2017] MISSING_CENTRAL: SR3Mu/Central/bjets/2/pz in Skim_TriLep_WWG.root
2026-05-04 15:40:12,305 - INFO - [2018] MISSING_CENTRAL: SR3Mu/Central/bjets/2/pz in Skim_TriLep_DYJets10to50.root
2026-05-04 15:40:12,329 - INFO - [2018] MISSING_CENTRAL: SR3Mu/Central/bjets/2/pz in Skim_TriLep_WWG.root
2026-05-04 16:02:52,085 - INFO - [2016preVFP] MISSING_CENTRAL: SR3Mu/Central/bjets/2/pz in Skim_TriLep_DYJets.root
2026-05-04 16:02:52,086 - INFO - [2016preVFP] MISSING_CENTRAL: SR3Mu/Central/bjets/2/pz in Skim_TriLep_DYJets10to50.root
2026-05-04 16:02:52,115 - INFO - [2016preVFP] MISSING_CENTRAL: SR3Mu/Central/bjets/2/pz in Skim_TriLep_WWG.root
2026-05-04 16:02:52,431 - INFO - [2016postVFP] MISSING_CENTRAL: SR3Mu/Central/bjets/2/pz in Skim_TriLep_DYJets.root
2026-05-04 16:02:52,432 - INFO - [2016postVFP] MISSING_CENTRAL: SR3Mu/Central/bjets/2/pz in Skim_TriLep_DYJets10to50.root
2026-05-04 16:02:52,453 - INFO - [2016postVFP] MISSING_CENTRAL: SR3Mu/Central/bjets/2/pz in Skim_TriLep_WWG.root
2026-05-04 16:02:52,822 - INFO - [2017] MISSING_CENTRAL: SR3Mu/Central/bjets/2/pz in Skim_TriLep_DYJets10to50.root
2026-05-04 16:02:52,846 - INFO - [2017] MISSING_CENTRAL: SR3Mu/Central/bjets/2/pz in Skim_TriLep_WWG.root
2026-05-04 16:02:53,215 - INFO - [2018] MISSING_CENTRAL: SR3Mu/Central/bjets/2/pz in Skim_TriLep_DYJets10to50.root
2026-05-04 16:02:53,242 - INFO - [2018] MISSING_CENTRAL: SR3Mu/Central/bjets/2/pz in Skim_TriLep_WWG.root
2026-05-04 16:04:15,495 - INFO - [2016preVFP] MISSING_CENTRAL: SR3Mu/Central/bjets/2/pz in Skim_TriLep_DYJets.root
2026-05-04 16:04:15,495 - INFO - [2016preVFP] MISSING_CENTRAL: SR3Mu/Central/bjets/2/pz in Skim_TriLep_DYJets10to50.root
2026-05-04 16:04:15,528 - INFO - [2016preVFP] MISSING_CENTRAL: SR3Mu/Central/bjets/2/pz in Skim_TriLep_WWG.root
2026-05-04 16:04:15,941 - INFO - [2016postVFP] MISSING_CENTRAL: SR3Mu/Central/bjets/2/pz in Skim_TriLep_DYJets.root
2026-05-04 16:04:15,941 - INFO - [2016postVFP] MISSING_CENTRAL: SR3Mu/Central/bjets/2/pz in Skim_TriLep_DYJets10to50.root
2026-05-04 16:04:15,966 - INFO - [2016postVFP] MISSING_CENTRAL: SR3Mu/Central/bjets/2/pz in Skim_TriLep_WWG.root
2026-05-04 16:04:16,349 - INFO - [2017] MISSING_CENTRAL: SR3Mu/Central/bjets/2/pz in Skim_TriLep_DYJets10to50.root
2026-05-04 16:04:16,374 - INFO - [2017] MISSING_CENTRAL: SR3Mu/Central/bjets/2/pz in Skim_TriLep_WWG.root
2026-05-04 16:04:16,748 - INFO - [2018] MISSING_CENTRAL: SR3Mu/Central/bjets/2/pz in Skim_TriLep_DYJets10to50.root
2026-05-04 16:04:16,773 - INFO - [2018] MISSING_CENTRAL: SR3Mu/Central/bjets/2/pz in Skim_TriLep_WWG.root
2026-05-04 17:00:25,649 - INFO - [2016preVFP] MISSING_CENTRAL: SR3Mu/Central/bjets/2/pz in Skim_TriLep_DYJets.root
2026-05-04 17:00:25,651 - INFO - [2016preVFP] MISSING_CENTRAL: SR3Mu/Central/bjets/2/pz in Skim_TriLep_DYJets10to50.root
2026-05-04 17:00:25,678 - INFO - [2016preVFP] MISSING_CENTRAL: SR3Mu/Central/bjets/2/pz in Skim_TriLep_WWG.root
2026-05-04 17:00:26,014 - INFO - [2016postVFP] MISSING_CENTRAL: SR3Mu/Central/bjets/2/pz in Skim_TriLep_DYJets.root
2026-05-04 17:00:26,014 - INFO - [2016postVFP] MISSING_CENTRAL: SR3Mu/Central/bjets/2/pz in Skim_TriLep_DYJets10to50.root
2026-05-04 17:00:26,038 - INFO - [2016postVFP] MISSING_CENTRAL: SR3Mu/Central/bjets/2/pz in Skim_TriLep_WWG.root
2026-05-04 17:00:26,409 - INFO - [2017] MISSING_CENTRAL: SR3Mu/Central/bjets/2/pz in Skim_TriLep_DYJets10to50.root
2026-05-04 17:00:26,434 - INFO - [2017] MISSING_CENTRAL: SR3Mu/Central/bjets/2/pz in Skim_TriLep_WWG.root
2026-05-04 17:00:26,804 - INFO - [2018] MISSING_CENTRAL: SR3Mu/Central/bjets/2/pz in Skim_TriLep_DYJets10to50.root
2026-05-04 17:00:26,824 - INFO - [2018] MISSING_CENTRAL: SR3Mu/Central/bjets/2/pz in Skim_TriLep_WWG.root
2026-05-04 17:07:32,725 - INFO - [2016preVFP] MISSING_CENTRAL: SR3Mu/Central/bjets/2/pz in Skim_TriLep_DYJets.root
2026-05-04 17:07:32,726 - INFO - [2016preVFP] MISSING_CENTRAL: SR3Mu/Central/bjets/2/pz in Skim_TriLep_DYJets10to50.root
2026-05-04 17:07:32,757 - INFO - [2016preVFP] MISSING_CENTRAL: SR3Mu/Central/bjets/2/pz in Skim_TriLep_WWG.root
2026-05-04 17:07:33,115 - INFO - [2016postVFP] MISSING_CENTRAL: SR3Mu/Central/bjets/2/pz in Skim_TriLep_DYJets.root
2026-05-04 17:07:33,115 - INFO - [2016postVFP] MISSING_CENTRAL: SR3Mu/Central/bjets/2/pz in Skim_TriLep_DYJets10to50.root
2026-05-04 17:07:33,140 - INFO - [2016postVFP] MISSING_CENTRAL: SR3Mu/Central/bjets/2/pz in Skim_TriLep_WWG.root
2026-05-04 17:07:33,528 - INFO - [2017] MISSING_CENTRAL: SR3Mu/Central/bjets/2/pz in Skim_TriLep_DYJets10to50.root
2026-05-04 17:07:33,554 - INFO - [2017] MISSING_CENTRAL: SR3Mu/Central/bjets/2/pz in Skim_TriLep_WWG.root
2026-05-04 17:07:33,944 - INFO - [2018] MISSING_CENTRAL: SR3Mu/Central/bjets/2/pz in Skim_TriLep_DYJets10to50.root
2026-05-04 17:07:33,970 - INFO - [2018] MISSING_CENTRAL: SR3Mu/Central/bjets/2/pz in Skim_TriLep_WWG.root
2026-05-28 15:37:03,142 - INFO - [2016preVFP] MISSING_CENTRAL: SR3Mu/Central/bjets/2/pz in Skim_TriLep_DYJets.root
2026-05-28 15:37:03,145 - INFO - [2016preVFP] MISSING_CENTRAL: SR3Mu/Central/bjets/2/pz in Skim_TriLep_DYJets10to50.root
2026-05-28 15:37:03,213 - INFO - [2016preVFP] MISSING_CENTRAL: SR3Mu/Central/bjets/2/pz in Skim_TriLep_WWG.root
2026-05-28 15:37:03,801 - INFO - [2016postVFP] MISSING_CENTRAL: SR3Mu/Central/bjets/2/pz in Skim_TriLep_DYJets.root
2026-05-28 15:37:03,803 - INFO - [2016postVFP] MISSING_CENTRAL: SR3Mu/Central/bjets/2/pz in Skim_TriLep_DYJets10to50.root
2026-05-28 15:37:03,843 - INFO - [2016postVFP] MISSING_CENTRAL: SR3Mu/Central/bjets/2/pz in Skim_TriLep_WWG.root
2026-05-28 15:37:04,442 - INFO - [2017] MISSING_CENTRAL: SR3Mu/Central/bjets/2/pz in Skim_TriLep_DYJets10to50.root
2026-05-28 15:37:04,481 - INFO - [2017] MISSING_CENTRAL: SR3Mu/Central/bjets/2/pz in Skim_TriLep_WWG.root
2026-05-28 15:37:04,995 - INFO - [2018] MISSING_CENTRAL: SR3Mu/Central/bjets/2/pz in Skim_TriLep_DYJets10to50.root
2026-05-28 15:37:05,035 - INFO - [2018] MISSING_CENTRAL: SR3Mu/Central/bjets/2/pz in Skim_TriLep_WWG.root
2026-05-28 15:44:24,310 - INFO - [2016preVFP] MISSING_CENTRAL: SR3Mu/Central/bjets/2/pz in Skim_TriLep_DYJets.root
2026-05-28 15:44:24,312 - INFO - [2016preVFP] MISSING_CENTRAL: SR3Mu/Central/bjets/2/pz in Skim_TriLep_DYJets10to50.root
2026-05-28 15:44:24,362 - INFO - [2016preVFP] MISSING_CENTRAL: SR3Mu/Central/bjets/2/pz in Skim_TriLep_WWG.root
2026-05-28 15:44:24,935 - INFO - [2016postVFP] MISSING_CENTRAL: SR3Mu/Central/bjets/2/pz in Skim_TriLep_DYJets.root
2026-05-28 15:44:24,936 - INFO - [2016postVFP] MISSING_CENTRAL: SR3Mu/Central/bjets/2/pz in Skim_TriLep_DYJets10to50.root
2026-05-28 15:44:24,976 - INFO - [2016postVFP] MISSING_CENTRAL: SR3Mu/Central/bjets/2/pz in Skim_TriLep_WWG.root
2026-05-28 15:44:25,606 - INFO - [2017] MISSING_CENTRAL: SR3Mu/Central/bjets/2/pz in Skim_TriLep_DYJets10to50.root
2026-05-28 15:44:25,646 - INFO - [2017] MISSING_CENTRAL: SR3Mu/Central/bjets/2/pz in Skim_TriLep_WWG.root
2026-05-28 15:44:26,136 - INFO - [2018] MISSING_CENTRAL: SR3Mu/Central/bjets/2/pz in Skim_TriLep_DYJets10to50.root
2026-05-28 15:44:26,163 - INFO - [2018] MISSING_CENTRAL: SR3Mu/Central/bjets/2/pz in Skim_TriLep_WWG.root
2026-05-29 15:17:26,523 - INFO - [2016preVFP] MISSING_CENTRAL: SR3Mu/Central/bjets/2/pz in Skim_TriLep_DYJets.root
2026-05-29 15:17:26,524 - INFO - [2016preVFP] MISSING_CENTRAL: SR3Mu/Central/bjets/2/pz in Skim_TriLep_DYJets10to50.root
2026-05-29 15:17:26,557 - INFO - [2016preVFP] MISSING_CENTRAL: SR3Mu/Central/bjets/2/pz in Skim_TriLep_WWG.root
2026-05-29 15:17:26,975 - INFO - [2016postVFP] MISSING_CENTRAL: SR3Mu/Central/bjets/2/pz in Skim_TriLep_DYJets.root
2026-05-29 15:17:26,976 - INFO - [2016postVFP] MISSING_CENTRAL: SR3Mu/Central/bjets/2/pz in Skim_TriLep_DYJets10to50.root
2026-05-29 15:17:27,013 - INFO - [2016postVFP] MISSING_CENTRAL: SR3Mu/Central/bjets/2/pz in Skim_TriLep_WWG.root
2026-05-29 15:17:27,504 - INFO - [2017] MISSING_CENTRAL: SR3Mu/Central/bjets/2/pz in Skim_TriLep_DYJets10to50.root
2026-05-29 15:17:27,528 - INFO - [2017] MISSING_CENTRAL: SR3Mu/Central/bjets/2/pz in Skim_TriLep_WWG.root
2026-05-29 15:17:27,929 - INFO - [2018] MISSING_CENTRAL: SR3Mu/Central/bjets/2/pz in Skim_TriLep_DYJets10to50.root
2026-05-29 15:17:27,954 - INFO - [2018] MISSING_CENTRAL: SR3Mu/Central/bjets/2/pz in Skim_TriLep_WWG.root
2026-05-29 15:19:48,932 - INFO - [2016preVFP] MISSING_CENTRAL: SR3Mu/Central/bjets/2/pz in Skim_TriLep_DYJets.root
2026-05-29 15:19:48,933 - INFO - [2016preVFP] MISSING_CENTRAL: SR3Mu/Central/bjets/2/pz in Skim_TriLep_DYJets10to50.root
2026-05-29 15:19:48,963 - INFO - [2016preVFP] MISSING_CENTRAL: SR3Mu/Central/bjets/2/pz in Skim_TriLep_WWG.root
2026-05-29 15:19:49,291 - INFO - [2016postVFP] MISSING_CENTRAL: SR3Mu/Central/bjets/2/pz in Skim_TriLep_DYJets.root
2026-05-29 15:19:49,292 - INFO - [2016postVFP] MISSING_CENTRAL: SR3Mu/Central/bjets/2/pz in Skim_TriLep_DYJets10to50.root
2026-05-29 15:19:49,313 - INFO - [2016postVFP] MISSING_CENTRAL: SR3Mu/Central/bjets/2/pz in Skim_TriLep_WWG.root
2026-05-29 15:19:49,668 - INFO - [2017] MISSING_CENTRAL: SR3Mu/Central/bjets/2/pz in Skim_TriLep_DYJets10to50.root
2026-05-29 15:19:49,692 - INFO - [2017] MISSING_CENTRAL: SR3Mu/Central/bjets/2/pz in Skim_TriLep_WWG.root
2026-05-29 15:19:50,057 - INFO - [2018] MISSING_CENTRAL: SR3Mu/Central/bjets/2/pz in Skim_TriLep_DYJets10to50.root
2026-05-29 15:19:50,082 - INFO - [2018] MISSING_CENTRAL: SR3Mu/Central/bjets/2/pz in Skim_TriLep_WWG.root
2026-05-29 15:21:18,742 - INFO - [2016preVFP] MISSING_CENTRAL: SR3Mu/Central/bjets/2/pz in Skim_TriLep_DYJets.root
2026-05-29 15:21:18,756 - INFO - [2016preVFP] MISSING_CENTRAL: SR3Mu/Central/bjets/2/pz in Skim_TriLep_DYJets10to50.root
2026-05-29 15:21:18,786 - INFO - [2016preVFP] MISSING_CENTRAL: SR3Mu/Central/bjets/2/pz in Skim_TriLep_WWG.root
2026-05-29 15:21:19,119 - INFO - [2016postVFP] MISSING_CENTRAL: SR3Mu/Central/bjets/2/pz in Skim_TriLep_DYJets.root
2026-05-29 15:21:19,120 - INFO - [2016postVFP] MISSING_CENTRAL: SR3Mu/Central/bjets/2/pz in Skim_TriLep_DYJets10to50.root
2026-05-29 15:21:19,144 - INFO - [2016postVFP] MISSING_CENTRAL: SR3Mu/Central/bjets/2/pz in Skim_TriLep_WWG.root
2026-05-29 15:21:19,498 - INFO - [2017] MISSING_CENTRAL: SR3Mu/Central/bjets/2/pz in Skim_TriLep_DYJets10to50.root
2026-05-29 15:21:19,514 - INFO - [2017] MISSING_CENTRAL: SR3Mu/Central/bjets/2/pz in Skim_TriLep_WWG.root
2026-05-29 15:21:19,857 - INFO - [2018] MISSING_CENTRAL: SR3Mu/Central/bjets/2/pz in Skim_TriLep_DYJets10to50.root
2026-05-29 15:21:19,881 - INFO - [2018] MISSING_CENTRAL: SR3Mu/Central/bjets/2/pz in Skim_TriLep_WWG.root
2026-05-29 15:28:03,948 - INFO - [2016preVFP] MISSING_CENTRAL: SR3Mu/Central/bjets/2/pz in Skim_TriLep_DYJets.root
2026-05-29 15:28:03,948 - INFO - [2016preVFP] MISSING_CENTRAL: SR3Mu/Central/bjets/2/pz in Skim_TriLep_DYJets10to50.root
2026-05-29 15:28:03,978 - INFO - [2016preVFP] MISSING_CENTRAL: SR3Mu/Central/bjets/2/pz in Skim_TriLep_WWG.root
2026-05-29 15:28:04,298 - INFO - [2016postVFP] MISSING_CENTRAL: SR3Mu/Central/bjets/2/pz in Skim_TriLep_DYJets.root
2026-05-29 15:28:04,298 - INFO - [2016postVFP] MISSING_CENTRAL: SR3Mu/Central/bjets/2/pz in Skim_TriLep_DYJets10to50.root
2026-05-29 15:28:04,322 - INFO - [2016postVFP] MISSING_CENTRAL: SR3Mu/Central/bjets/2/pz in Skim_TriLep_WWG.root
2026-05-29 15:28:04,685 - INFO - [2017] MISSING_CENTRAL: SR3Mu/Central/bjets/2/pz in Skim_TriLep_DYJets10to50.root
2026-05-29 15:28:04,709 - INFO - [2017] MISSING_CENTRAL: SR3Mu/Central/bjets/2/pz in Skim_TriLep_WWG.root
2026-05-29 15:28:05,078 - INFO - [2018] MISSING_CENTRAL: SR3Mu/Central/bjets/2/pz in Skim_TriLep_DYJets10to50.root
2026-05-29 15:28:05,101 - INFO - [2018] MISSING_CENTRAL: SR3Mu/Central/bjets/2/pz in Skim_TriLep_WWG.root
2026-05-29 15:35:20,226 - INFO - [2016preVFP] MISSING_CENTRAL: SR3Mu/Central/bjets/2/pz in Skim_TriLep_DYJets.root
2026-05-29 15:35:20,227 - INFO - [2016preVFP] MISSING_CENTRAL: SR3Mu/Central/bjets/2/pz in Skim_TriLep_DYJets10to50.root
2026-05-29 15:35:20,255 - INFO - [2016preVFP] MISSING_CENTRAL: SR3Mu/Central/bjets/2/pz in Skim_TriLep_WWG.root
2026-05-29 15:35:20,590 - INFO - [2016postVFP] MISSING_CENTRAL: SR3Mu/Central/bjets/2/pz in Skim_TriLep_DYJets.root
2026-05-29 15:35:20,590 - INFO - [2016postVFP] MISSING_CENTRAL: SR3Mu/Central/bjets/2/pz in Skim_TriLep_DYJets10to50.root
2026-05-29 15:35:20,614 - INFO - [2016postVFP] MISSING_CENTRAL: SR3Mu/Central/bjets/2/pz in Skim_TriLep_WWG.root
2026-05-29 15:35:20,996 - INFO - [2017] MISSING_CENTRAL: SR3Mu/Central/bjets/2/pz in Skim_TriLep_DYJets10to50.root
2026-05-29 15:35:21,020 - INFO - [2017] MISSING_CENTRAL: SR3Mu/Central/bjets/2/pz in Skim_TriLep_WWG.root
2026-05-29 15:35:21,394 - INFO - [2018] MISSING_CENTRAL: SR3Mu/Central/bjets/2/pz in Skim_TriLep_DYJets10to50.root
2026-05-29 15:35:21,418 - INFO - [2018] MISSING_CENTRAL: SR3Mu/Central/bjets/2/pz in Skim_TriLep_WWG.root
2026-05-29 18:19:18,552 - INFO - [2016preVFP] MISSING_CENTRAL: SR3Mu/Central/bjets/2/pz in Skim_TriLep_DYJets.root
2026-05-29 18:19:18,553 - INFO - [2016preVFP] MISSING_CENTRAL: SR3Mu/Central/bjets/2/pz in Skim_TriLep_DYJets10to50.root
2026-05-29 18:19:18,582 - INFO - [2016preVFP] MISSING_CENTRAL: SR3Mu/Central/bjets/2/pz in Skim_TriLep_WWG.root
2026-05-29 18:19:18,903 - INFO - [2016postVFP] MISSING_CENTRAL: SR3Mu/Central/bjets/2/pz in Skim_TriLep_DYJets.root
2026-05-29 18:19:18,904 - INFO - [2016postVFP] MISSING_CENTRAL: SR3Mu/Central/bjets/2/pz in Skim_TriLep_DYJets10to50.root
2026-05-29 18:19:18,926 - INFO - [2016postVFP] MISSING_CENTRAL: SR3Mu/Central/bjets/2/pz in Skim_TriLep_WWG.root
2026-05-29 18:19:19,282 - INFO - [2017] MISSING_CENTRAL: SR3Mu/Central/bjets/2/pz in Skim_TriLep_DYJets10to50.root
2026-05-29 18:19:19,305 - INFO - [2017] MISSING_CENTRAL: SR3Mu/Central/bjets/2/pz in Skim_TriLep_WWG.root
2026-05-29 18:19:19,684 - INFO - [2018] MISSING_CENTRAL: SR3Mu/Central/bjets/2/pz in Skim_TriLep_DYJets10to50.root
2026-05-29 18:19:19,710 - INFO - [2018] MISSING_CENTRAL: SR3Mu/Central/bjets/2/pz in Skim_TriLep_WWG.root
2026-05-29 18:26:35,137 - INFO - [2016preVFP] MISSING_CENTRAL: SR3Mu/Central/bjets/2/pz in Skim_TriLep_DYJets.root
2026-05-29 18:26:35,138 - INFO - [2016preVFP] MISSING_CENTRAL: SR3Mu/Central/bjets/2/pz in Skim_TriLep_DYJets10to50.root
2026-05-29 18:26:35,167 - INFO - [2016preVFP] MISSING_CENTRAL: SR3Mu/Central/bjets/2/pz in Skim_TriLep_WWG.root
2026-05-29 18:26:35,505 - INFO - [2016postVFP] MISSING_CENTRAL: SR3Mu/Central/bjets/2/pz in Skim_TriLep_DYJets.root
2026-05-29 18:26:35,505 - INFO - [2016postVFP] MISSING_CENTRAL: SR3Mu/Central/bjets/2/pz in Skim_TriLep_DYJets10to50.root
2026-05-29 18:26:35,527 - INFO - [2016postVFP] MISSING_CENTRAL: SR3Mu/Central/bjets/2/pz in Skim_TriLep_WWG.root
2026-05-29 18:26:35,903 - INFO - [2017] MISSING_CENTRAL: SR3Mu/Central/bjets/2/pz in Skim_TriLep_DYJets10to50.root
2026-05-29 18:26:35,929 - INFO - [2017] MISSING_CENTRAL: SR3Mu/Central/bjets/2/pz in Skim_TriLep_WWG.root
2026-05-29 18:26:36,326 - INFO - [2018] MISSING_CENTRAL: SR3Mu/Central/bjets/2/pz in Skim_TriLep_DYJets10to50.root
2026-05-29 18:26:36,353 - INFO - [2018] MISSING_CENTRAL: SR3Mu/Central/bjets/2/pz in Skim_TriLep_WWG.root
2026-06-12 13:57:58,957 - INFO - [2016preVFP] MISSING_CENTRAL: SR3Mu/Central/bjets/2/pz in Skim_TriLep_DYJets.root
2026-06-12 13:57:58,958 - INFO - [2016preVFP] MISSING_CENTRAL: SR3Mu/Central/bjets/2/pz in Skim_TriLep_DYJets10to50.root
2026-06-12 13:57:58,988 - INFO - [2016preVFP] MISSING_CENTRAL: SR3Mu/Central/bjets/2/pz in Skim_TriLep_WWG.root
2026-06-12 13:57:59,316 - INFO - [2016postVFP] MISSING_CENTRAL: SR3Mu/Central/bjets/2/pz in Skim_TriLep_DYJets.root
2026-06-12 13:57:59,316 - INFO - [2016postVFP] MISSING_CENTRAL: SR3Mu/Central/bjets/2/pz in Skim_TriLep_DYJets10to50.root
2026-06-12 13:57:59,340 - INFO - [2016postVFP] MISSING_CENTRAL: SR3Mu/Central/bjets/2/pz in Skim_TriLep_WWG.root
2026-06-12 13:57:59,728 - INFO - [2017] MISSING_CENTRAL: SR3Mu/Central/bjets/2/pz in Skim_TriLep_DYJets10to50.root
2026-06-12 13:57:59,753 - INFO - [2017] MISSING_CENTRAL: SR3Mu/Central/bjets/2/pz in Skim_TriLep_WWG.root
2026-06-12 13:58:00,135 - INFO - [2018] MISSING_CENTRAL: SR3Mu/Central/bjets/2/pz in Skim_TriLep_DYJets10to50.root
2026-06-12 13:58:00,160 - INFO - [2018] MISSING_CENTRAL: SR3Mu/Central/bjets/2/pz in Skim_TriLep_WWG.root
2026-06-12 14:05:25,167 - INFO - [2016preVFP] MISSING_CENTRAL: SR3Mu/Central/bjets/2/pz in Skim_TriLep_DYJets.root
2026-06-12 14:05:25,167 - INFO - [2016preVFP] MISSING_CENTRAL: SR3Mu/Central/bjets/2/pz in Skim_TriLep_DYJets10to50.root
2026-06-12 14:05:25,195 - INFO - [2016preVFP] MISSING_CENTRAL: SR3Mu/Central/bjets/2/pz in Skim_TriLep_WWG.root
2026-06-12 14:05:25,522 - INFO - [2016postVFP] MISSING_CENTRAL: SR3Mu/Central/bjets/2/pz in Skim_TriLep_DYJets.root
2026-06-12 14:05:25,522 - INFO - [2016postVFP] MISSING_CENTRAL: SR3Mu/Central/bjets/2/pz in Skim_TriLep_DYJets10to50.root
2026-06-12 14:05:25,546 - INFO - [2016postVFP] MISSING_CENTRAL: SR3Mu/Central/bjets/2/pz in Skim_TriLep_WWG.root
2026-06-12 14:05:25,905 - INFO - [2017] MISSING_CENTRAL: SR3Mu/Central/bjets/2/pz in Skim_TriLep_DYJets10to50.root
2026-06-12 14:05:25,928 - INFO - [2017] MISSING_CENTRAL: SR3Mu/Central/bjets/2/pz in Skim_TriLep_WWG.root
2026-06-12 14:05:26,300 - INFO - [2018] MISSING_CENTRAL: SR3Mu/Central/bjets/2/pz in Skim_TriLep_DYJets10to50.root
2026-06-12 14:05:26,325 - INFO - [2018] MISSING_CENTRAL: SR3Mu/Central/bjets/2/pz in Skim_TriLep_WWG.root
2026-06-12 14:27:15,582 - INFO - [2016preVFP] MISSING_CENTRAL: SR3Mu/Central/bjets/2/pz in Skim_TriLep_DYJets.root
2026-06-12 14:27:15,583 - INFO - [2016preVFP] MISSING_CENTRAL: SR3Mu/Central/bjets/2/pz in Skim_TriLep_DYJets10to50.root
2026-06-12 14:27:15,614 - INFO - [2016preVFP] MISSING_CENTRAL: SR3Mu/Central/bjets/2/pz in Skim_TriLep_WWG.root
2026-06-12 14:27:15,946 - INFO - [2016postVFP] MISSING_CENTRAL: SR3Mu/Central/bjets/2/pz in Skim_TriLep_DYJets.root
2026-06-12 14:27:15,947 - INFO - [2016postVFP] MISSING_CENTRAL: SR3Mu/Central/bjets/2/pz in Skim_TriLep_DYJets10to50.root
2026-06-12 14:27:15,968 - INFO - [2016postVFP] MISSING_CENTRAL: SR3Mu/Central/bjets/2/pz in Skim_TriLep_WWG.root
2026-06-12 14:27:16,329 - INFO - [2017] MISSING_CENTRAL: SR3Mu/Central/bjets/2/pz in Skim_TriLep_DYJets10to50.root
2026-06-12 14:27:16,354 - INFO - [2017] MISSING_CENTRAL: SR3Mu/Central/bjets/2/pz in Skim_TriLep_WWG.root
2026-06-12 14:27:16,732 - INFO - [2018] MISSING_CENTRAL: SR3Mu/Central/bjets/2/pz in Skim_TriLep_DYJets10to50.root
2026-06-12 14:27:16,757 - INFO - [2018] MISSING_CENTRAL: SR3Mu/Central/bjets/2/pz in Skim_TriLep_WWG.root
2026-06-18 00:21:36,581 - INFO - [2016preVFP] MISSING_CENTRAL: SR3Mu/Central/bjets/2/pz in Skim_TriLep_DYJets.root
2026-06-18 00:21:36,582 - INFO - [2016preVFP] MISSING_CENTRAL: SR3Mu/Central/bjets/2/pz in Skim_TriLep_DYJets10to50.root
2026-06-18 00:21:36,612 - INFO - [2016preVFP] MISSING_CENTRAL: SR3Mu/Central/bjets/2/pz in Skim_TriLep_WWG.root
2026-06-18 00:21:36,940 - INFO - [2016postVFP] MISSING_CENTRAL: SR3Mu/Central/bjets/2/pz in Skim_TriLep_DYJets.root
2026-06-18 00:21:36,940 - INFO - [2016postVFP] MISSING_CENTRAL: SR3Mu/Central/bjets/2/pz in Skim_TriLep_DYJets10to50.root
2026-06-18 00:21:36,964 - INFO - [2016postVFP] MISSING_CENTRAL: SR3Mu/Central/bjets/2/pz in Skim_TriLep_WWG.root
2026-06-18 00:21:37,334 - INFO - [2017] MISSING_CENTRAL: SR3Mu/Central/bjets/2/pz in Skim_TriLep_DYJets10to50.root
2026-06-18 00:21:37,359 - INFO - [2017] MISSING_CENTRAL: SR3Mu/Central/bjets/2/pz in Skim_TriLep_WWG.root
2026-06-18 00:21:37,733 - INFO - [2018] MISSING_CENTRAL: SR3Mu/Central/bjets/2/pz in Skim_TriLep_DYJets10to50.root
2026-06-18 00:21:37,757 - INFO - [2018] MISSING_CENTRAL: SR3Mu/Central/bjets/2/pz in Skim_TriLep_WWG.root
