2026-01-16 19:02:06,103 - INFO - [2016preVFP] MISSING_CENTRAL: SR3Mu/Central/bjets/2/py in Skim_TriLep_DYJets.root
2026-01-16 19:02:06,103 - INFO - [2016preVFP] MISSING_CENTRAL: SR3Mu/Central/bjets/2/py in Skim_TriLep_DYJets10to50.root
2026-01-16 19:02:06,103 - INFO - [2016preVFP] MISSING_FILE: /home/choij/Sync/workspace/ChargedHiggsAnalysisV3/SKNanoOutput/PromptSelector/Run3Mu_RunSyst/2016preVFP/Skim_TriLep_ZGToLLG.root
2026-01-16 19:02:06,128 - INFO - [2016preVFP] MISSING_CENTRAL: SR3Mu/Central/bjets/2/py in Skim_TriLep_WWG.root
2026-01-16 19:02:06,369 - INFO - [2016postVFP] MISSING_CENTRAL: SR3Mu/Central/bjets/2/py in Skim_TriLep_DYJets.root
2026-01-16 19:02:06,370 - INFO - [2016postVFP] MISSING_CENTRAL: SR3Mu/Central/bjets/2/py in Skim_TriLep_DYJets10to50.root
2026-01-16 19:02:06,387 - INFO - [2016postVFP] MISSING_CENTRAL: SR3Mu/Central/bjets/2/py in Skim_TriLep_WWG.root
2026-01-16 19:02:06,651 - INFO - [2017] MISSING_CENTRAL: SR3Mu/Central/bjets/2/py in Skim_TriLep_DYJets10to50.root
2026-01-16 19:02:06,671 - INFO - [2017] MISSING_CENTRAL: SR3Mu/Central/bjets/2/py in Skim_TriLep_WWG.root
2026-01-16 19:02:06,950 - INFO - [2018] MISSING_CENTRAL: SR3Mu/Central/bjets/2/py in Skim_TriLep_DYJets.root
2026-01-16 19:02:06,951 - INFO - [2018] MISSING_CENTRAL: SR3Mu/Central/bjets/2/py in Skim_TriLep_DYJets10to50.root
2026-01-16 19:02:06,971 - INFO - [2018] MISSING_CENTRAL: SR3Mu/Central/bjets/2/py in Skim_TriLep_WWG.root
2026-01-21 13:01:36,869 - INFO - [2016preVFP] MISSING_CENTRAL: SR3Mu/Central/bjets/2/py in Skim_TriLep_DYJets.root
2026-01-21 13:01:36,870 - INFO - [2016preVFP] MISSING_CENTRAL: SR3Mu/Central/bjets/2/py in Skim_TriLep_DYJets10to50.root
2026-01-21 13:01:36,870 - INFO - [2016preVFP] MISSING_FILE: /home/choij/Sync/workspace/ChargedHiggsAnalysisV3/SKNanoOutput/PromptSelector/Run3Mu_RunSyst/2016preVFP/Skim_TriLep_ZGToLLG.root
2026-01-21 13:01:36,892 - INFO - [2016preVFP] MISSING_CENTRAL: SR3Mu/Central/bjets/2/py in Skim_TriLep_WWG.root
2026-01-21 13:01:37,114 - INFO - [2016postVFP] MISSING_CENTRAL: SR3Mu/Central/bjets/2/py in Skim_TriLep_DYJets.root
2026-01-21 13:01:37,114 - INFO - [2016postVFP] MISSING_CENTRAL: SR3Mu/Central/bjets/2/py in Skim_TriLep_DYJets10to50.root
2026-01-21 13:01:37,131 - INFO - [2016postVFP] MISSING_CENTRAL: SR3Mu/Central/bjets/2/py in Skim_TriLep_WWG.root
2026-01-21 13:01:37,399 - INFO - [2017] MISSING_CENTRAL: SR3Mu/Central/bjets/2/py in Skim_TriLep_DYJets10to50.root
2026-01-21 13:01:37,415 - INFO - [2017] MISSING_CENTRAL: SR3Mu/Central/bjets/2/py in Skim_TriLep_WWG.root
2026-01-21 13:01:37,664 - INFO - [2018] MISSING_CENTRAL: SR3Mu/Central/bjets/2/py in Skim_TriLep_DYJets.root
2026-01-21 13:01:37,665 - INFO - [2018] MISSING_CENTRAL: SR3Mu/Central/bjets/2/py in Skim_TriLep_DYJets10to50.root
2026-01-21 13:01:37,684 - INFO - [2018] MISSING_CENTRAL: SR3Mu/Central/bjets/2/py in Skim_TriLep_WWG.root
2026-01-21 14:50:06,663 - INFO - [2016preVFP] MISSING_CENTRAL: SR3Mu/Central/bjets/2/py in Skim_TriLep_DYJets.root
2026-01-21 14:50:06,664 - INFO - [2016preVFP] MISSING_CENTRAL: SR3Mu/Central/bjets/2/py in Skim_TriLep_DYJets10to50.root
2026-01-21 14:50:06,664 - INFO - [2016preVFP] MISSING_FILE: /home/choij/Sync/workspace/ChargedHiggsAnalysisV3/SKNanoOutput/PromptSelector/Run3Mu_RunSyst/2016preVFP/Skim_TriLep_ZGToLLG.root
2026-01-21 14:50:06,686 - INFO - [2016preVFP] MISSING_CENTRAL: SR3Mu/Central/bjets/2/py in Skim_TriLep_WWG.root
2026-01-21 14:50:06,932 - INFO - [2016postVFP] MISSING_CENTRAL: SR3Mu/Central/bjets/2/py in Skim_TriLep_DYJets.root
2026-01-21 14:50:06,932 - INFO - [2016postVFP] MISSING_CENTRAL: SR3Mu/Central/bjets/2/py in Skim_TriLep_DYJets10to50.root
2026-01-21 14:50:06,950 - INFO - [2016postVFP] MISSING_CENTRAL: SR3Mu/Central/bjets/2/py in Skim_TriLep_WWG.root
2026-01-21 14:50:07,220 - INFO - [2017] MISSING_CENTRAL: SR3Mu/Central/bjets/2/py in Skim_TriLep_DYJets10to50.root
2026-01-21 14:50:07,237 - INFO - [2017] MISSING_CENTRAL: SR3Mu/Central/bjets/2/py in Skim_TriLep_WWG.root
2026-01-21 14:50:07,490 - INFO - [2018] MISSING_CENTRAL: SR3Mu/Central/bjets/2/py in Skim_TriLep_DYJets.root
2026-01-21 14:50:07,491 - INFO - [2018] MISSING_CENTRAL: SR3Mu/Central/bjets/2/py in Skim_TriLep_DYJets10to50.root
2026-01-21 14:50:07,509 - INFO - [2018] MISSING_CENTRAL: SR3Mu/Central/bjets/2/py in Skim_TriLep_WWG.root
2026-01-28 16:09:26,461 - INFO - [2016preVFP] MISSING_CENTRAL: SR3Mu/Central/bjets/2/py in Skim_TriLep_DYJets.root
2026-01-28 16:09:26,462 - INFO - [2016preVFP] MISSING_CENTRAL: SR3Mu/Central/bjets/2/py in Skim_TriLep_DYJets10to50.root
2026-01-28 16:09:26,495 - INFO - [2016preVFP] MISSING_CENTRAL: SR3Mu/Central/bjets/2/py in Skim_TriLep_WWG.root
2026-01-28 16:09:26,875 - INFO - [2016postVFP] MISSING_CENTRAL: SR3Mu/Central/bjets/2/py in Skim_TriLep_DYJets.root
2026-01-28 16:09:26,877 - INFO - [2016postVFP] MISSING_CENTRAL: SR3Mu/Central/bjets/2/py in Skim_TriLep_DYJets10to50.root
2026-01-28 16:09:26,910 - INFO - [2016postVFP] MISSING_CENTRAL: SR3Mu/Central/bjets/2/py in Skim_TriLep_WWG.root
2026-01-28 16:09:27,305 - INFO - [2017] MISSING_CENTRAL: SR3Mu/Central/bjets/2/py in Skim_TriLep_DYJets10to50.root
2026-01-28 16:09:27,331 - INFO - [2017] MISSING_CENTRAL: SR3Mu/Central/bjets/2/py in Skim_TriLep_WWG.root
2026-01-28 16:09:27,806 - INFO - [2018] MISSING_CENTRAL: SR3Mu/Central/bjets/2/py in Skim_TriLep_DYJets10to50.root
2026-01-28 16:09:27,835 - INFO - [2018] MISSING_CENTRAL: SR3Mu/Central/bjets/2/py in Skim_TriLep_WWG.root
2026-01-28 17:21:41,057 - INFO - [2016preVFP] MISSING_CENTRAL: SR3Mu/Central/bjets/2/py in Skim_TriLep_DYJets.root
2026-01-28 17:21:41,058 - INFO - [2016preVFP] MISSING_CENTRAL: SR3Mu/Central/bjets/2/py in Skim_TriLep_DYJets10to50.root
2026-01-28 17:21:41,087 - INFO - [2016preVFP] MISSING_CENTRAL: SR3Mu/Central/bjets/2/py in Skim_TriLep_WWG.root
2026-01-28 17:21:41,445 - INFO - [2016postVFP] MISSING_CENTRAL: SR3Mu/Central/bjets/2/py in Skim_TriLep_DYJets.root
2026-01-28 17:21:41,446 - INFO - [2016postVFP] MISSING_CENTRAL: SR3Mu/Central/bjets/2/py in Skim_TriLep_DYJets10to50.root
2026-01-28 17:21:41,472 - INFO - [2016postVFP] MISSING_CENTRAL: SR3Mu/Central/bjets/2/py in Skim_TriLep_WWG.root
2026-01-28 17:21:41,876 - INFO - [2017] MISSING_CENTRAL: SR3Mu/Central/bjets/2/py in Skim_TriLep_DYJets10to50.root
2026-01-28 17:21:41,902 - INFO - [2017] MISSING_CENTRAL: SR3Mu/Central/bjets/2/py in Skim_TriLep_WWG.root
2026-01-28 17:21:42,282 - INFO - [2018] MISSING_CENTRAL: SR3Mu/Central/bjets/2/py in Skim_TriLep_DYJets10to50.root
2026-01-28 17:21:42,311 - INFO - [2018] MISSING_CENTRAL: SR3Mu/Central/bjets/2/py in Skim_TriLep_WWG.root
2026-01-28 19:55:11,816 - INFO - [2016preVFP] MISSING_CENTRAL: SR3Mu/Central/bjets/2/py in Skim_TriLep_DYJets.root
2026-01-28 19:55:11,817 - INFO - [2016preVFP] MISSING_CENTRAL: SR3Mu/Central/bjets/2/py in Skim_TriLep_DYJets10to50.root
2026-01-28 19:55:11,850 - INFO - [2016preVFP] MISSING_CENTRAL: SR3Mu/Central/bjets/2/py in Skim_TriLep_WWG.root
2026-01-28 19:55:12,209 - INFO - [2016postVFP] MISSING_CENTRAL: SR3Mu/Central/bjets/2/py in Skim_TriLep_DYJets.root
2026-01-28 19:55:12,210 - INFO - [2016postVFP] MISSING_CENTRAL: SR3Mu/Central/bjets/2/py in Skim_TriLep_DYJets10to50.root
2026-01-28 19:55:12,236 - INFO - [2016postVFP] MISSING_CENTRAL: SR3Mu/Central/bjets/2/py in Skim_TriLep_WWG.root
2026-01-28 19:55:12,730 - INFO - [2017] MISSING_CENTRAL: SR3Mu/Central/bjets/2/py in Skim_TriLep_DYJets10to50.root
2026-01-28 19:55:12,763 - INFO - [2017] MISSING_CENTRAL: SR3Mu/Central/bjets/2/py in Skim_TriLep_WWG.root
2026-01-28 19:55:13,188 - INFO - [2018] MISSING_CENTRAL: SR3Mu/Central/bjets/2/py in Skim_TriLep_DYJets10to50.root
2026-01-28 19:55:13,217 - INFO - [2018] MISSING_CENTRAL: SR3Mu/Central/bjets/2/py in Skim_TriLep_WWG.root
2026-01-29 07:12:24,087 - INFO - [2016preVFP] MISSING_CENTRAL: SR3Mu/Central/bjets/2/py in Skim_TriLep_DYJets.root
2026-01-29 07:12:24,087 - INFO - [2016preVFP] MISSING_CENTRAL: SR3Mu/Central/bjets/2/py in Skim_TriLep_DYJets10to50.root
2026-01-29 07:12:24,111 - INFO - [2016preVFP] MISSING_CENTRAL: SR3Mu/Central/bjets/2/py in Skim_TriLep_WWG.root
2026-01-29 07:12:24,346 - INFO - [2016postVFP] MISSING_CENTRAL: SR3Mu/Central/bjets/2/py in Skim_TriLep_DYJets.root
2026-01-29 07:12:24,347 - INFO - [2016postVFP] MISSING_CENTRAL: SR3Mu/Central/bjets/2/py in Skim_TriLep_DYJets10to50.root
2026-01-29 07:12:24,364 - INFO - [2016postVFP] MISSING_CENTRAL: SR3Mu/Central/bjets/2/py in Skim_TriLep_WWG.root
2026-01-29 07:12:24,624 - INFO - [2017] MISSING_CENTRAL: SR3Mu/Central/bjets/2/py in Skim_TriLep_DYJets10to50.root
2026-01-29 07:12:24,641 - INFO - [2017] MISSING_CENTRAL: SR3Mu/Central/bjets/2/py in Skim_TriLep_WWG.root
2026-01-29 07:12:24,905 - INFO - [2018] MISSING_CENTRAL: SR3Mu/Central/bjets/2/py in Skim_TriLep_DYJets10to50.root
2026-01-29 07:12:24,923 - INFO - [2018] MISSING_CENTRAL: SR3Mu/Central/bjets/2/py in Skim_TriLep_WWG.root
2026-03-06 09:40:32,201 - INFO - [2016preVFP] MISSING_CENTRAL: SR3Mu/Central/bjets/2/py in Skim_TriLep_DYJets.root
2026-03-06 09:40:32,202 - INFO - [2016preVFP] MISSING_CENTRAL: SR3Mu/Central/bjets/2/py in Skim_TriLep_DYJets10to50.root
2026-03-06 09:40:32,224 - INFO - [2016preVFP] MISSING_CENTRAL: SR3Mu/Central/bjets/2/py in Skim_TriLep_WWG.root
2026-03-06 09:40:32,453 - INFO - [2016postVFP] MISSING_CENTRAL: SR3Mu/Central/bjets/2/py in Skim_TriLep_DYJets.root
2026-03-06 09:40:32,453 - INFO - [2016postVFP] MISSING_CENTRAL: SR3Mu/Central/bjets/2/py in Skim_TriLep_DYJets10to50.root
2026-03-06 09:40:32,472 - INFO - [2016postVFP] MISSING_CENTRAL: SR3Mu/Central/bjets/2/py in Skim_TriLep_WWG.root
2026-03-06 09:40:32,737 - INFO - [2017] MISSING_CENTRAL: SR3Mu/Central/bjets/2/py in Skim_TriLep_DYJets10to50.root
2026-03-06 09:40:32,755 - INFO - [2017] MISSING_CENTRAL: SR3Mu/Central/bjets/2/py in Skim_TriLep_WWG.root
2026-03-06 09:40:33,020 - INFO - [2018] MISSING_CENTRAL: SR3Mu/Central/bjets/2/py in Skim_TriLep_DYJets10to50.root
2026-03-06 09:40:33,039 - INFO - [2018] MISSING_CENTRAL: SR3Mu/Central/bjets/2/py in Skim_TriLep_WWG.root
2026-03-06 19:46:20,146 - INFO - [2016preVFP] MISSING_CENTRAL: SR3Mu/Central/bjets/2/py in Skim_TriLep_DYJets.root
2026-03-06 19:46:20,147 - INFO - [2016preVFP] MISSING_CENTRAL: SR3Mu/Central/bjets/2/py in Skim_TriLep_DYJets10to50.root
2026-03-06 19:46:20,170 - INFO - [2016preVFP] MISSING_CENTRAL: SR3Mu/Central/bjets/2/py in Skim_TriLep_WWG.root
2026-03-06 19:46:20,467 - INFO - [2016postVFP] MISSING_CENTRAL: SR3Mu/Central/bjets/2/py in Skim_TriLep_DYJets.root
2026-03-06 19:46:20,468 - INFO - [2016postVFP] MISSING_CENTRAL: SR3Mu/Central/bjets/2/py in Skim_TriLep_DYJets10to50.root
2026-03-06 19:46:20,488 - INFO - [2016postVFP] MISSING_CENTRAL: SR3Mu/Central/bjets/2/py in Skim_TriLep_WWG.root
2026-03-06 19:46:20,762 - INFO - [2017] MISSING_CENTRAL: SR3Mu/Central/bjets/2/py in Skim_TriLep_DYJets10to50.root
2026-03-06 19:46:20,780 - INFO - [2017] MISSING_CENTRAL: SR3Mu/Central/bjets/2/py in Skim_TriLep_WWG.root
2026-03-06 19:46:21,049 - INFO - [2018] MISSING_CENTRAL: SR3Mu/Central/bjets/2/py in Skim_TriLep_DYJets10to50.root
2026-03-06 19:46:21,068 - INFO - [2018] MISSING_CENTRAL: SR3Mu/Central/bjets/2/py in Skim_TriLep_WWG.root
2026-03-12 21:35:02,764 - INFO - [2016preVFP] MISSING_CENTRAL: SR3Mu/Central/bjets/2/py in Skim_TriLep_DYJets.root
2026-03-12 21:35:02,765 - INFO - [2016preVFP] MISSING_CENTRAL: SR3Mu/Central/bjets/2/py in Skim_TriLep_DYJets10to50.root
2026-03-12 21:35:02,790 - INFO - [2016preVFP] MISSING_CENTRAL: SR3Mu/Central/bjets/2/py in Skim_TriLep_WWG.root
2026-03-12 21:35:03,104 - INFO - [2016postVFP] MISSING_CENTRAL: SR3Mu/Central/bjets/2/py in Skim_TriLep_DYJets.root
2026-03-12 21:35:03,104 - INFO - [2016postVFP] MISSING_CENTRAL: SR3Mu/Central/bjets/2/py in Skim_TriLep_DYJets10to50.root
2026-03-12 21:35:03,122 - INFO - [2016postVFP] MISSING_CENTRAL: SR3Mu/Central/bjets/2/py in Skim_TriLep_WWG.root
2026-03-12 21:35:03,538 - INFO - [2017] MISSING_CENTRAL: SR3Mu/Central/bjets/2/py in Skim_TriLep_DYJets10to50.root
2026-03-12 21:35:03,556 - INFO - [2017] MISSING_CENTRAL: SR3Mu/Central/bjets/2/py in Skim_TriLep_WWG.root
2026-03-12 21:35:03,847 - INFO - [2018] MISSING_CENTRAL: SR3Mu/Central/bjets/2/py in Skim_TriLep_DYJets10to50.root
2026-03-12 21:35:03,866 - INFO - [2018] MISSING_CENTRAL: SR3Mu/Central/bjets/2/py in Skim_TriLep_WWG.root
2026-04-10 20:21:18,410 - INFO - [2016preVFP] MISSING_CENTRAL: SR3Mu/Central/bjets/2/py in Skim_TriLep_DYJets.root
2026-04-10 20:21:18,410 - INFO - [2016preVFP] MISSING_CENTRAL: SR3Mu/Central/bjets/2/py in Skim_TriLep_DYJets10to50.root
2026-04-10 20:21:18,435 - INFO - [2016preVFP] MISSING_CENTRAL: SR3Mu/Central/bjets/2/py in Skim_TriLep_WWG.root
2026-04-10 20:21:18,664 - INFO - [2016postVFP] MISSING_CENTRAL: SR3Mu/Central/bjets/2/py in Skim_TriLep_DYJets.root
2026-04-10 20:21:18,665 - INFO - [2016postVFP] MISSING_CENTRAL: SR3Mu/Central/bjets/2/py in Skim_TriLep_DYJets10to50.root
2026-04-10 20:21:18,681 - INFO - [2016postVFP] MISSING_CENTRAL: SR3Mu/Central/bjets/2/py in Skim_TriLep_WWG.root
2026-04-10 20:21:18,939 - INFO - [2017] MISSING_CENTRAL: SR3Mu/Central/bjets/2/py in Skim_TriLep_DYJets10to50.root
2026-04-10 20:21:18,957 - INFO - [2017] MISSING_CENTRAL: SR3Mu/Central/bjets/2/py in Skim_TriLep_WWG.root
2026-04-10 20:21:19,223 - INFO - [2018] MISSING_CENTRAL: SR3Mu/Central/bjets/2/py in Skim_TriLep_DYJets10to50.root
2026-04-10 20:21:19,242 - INFO - [2018] MISSING_CENTRAL: SR3Mu/Central/bjets/2/py in Skim_TriLep_WWG.root
2026-04-12 11:36:28,370 - INFO - [2016preVFP] MISSING_CENTRAL: SR3Mu/Central/bjets/2/py in Skim_TriLep_DYJets.root
2026-04-12 11:36:28,371 - INFO - [2016preVFP] MISSING_CENTRAL: SR3Mu/Central/bjets/2/py in Skim_TriLep_DYJets10to50.root
2026-04-12 11:36:28,395 - INFO - [2016preVFP] MISSING_CENTRAL: SR3Mu/Central/bjets/2/py in Skim_TriLep_WWG.root
2026-04-12 11:36:28,630 - INFO - [2016postVFP] MISSING_CENTRAL: SR3Mu/Central/bjets/2/py in Skim_TriLep_DYJets.root
2026-04-12 11:36:28,631 - INFO - [2016postVFP] MISSING_CENTRAL: SR3Mu/Central/bjets/2/py in Skim_TriLep_DYJets10to50.root
2026-04-12 11:36:28,647 - INFO - [2016postVFP] MISSING_CENTRAL: SR3Mu/Central/bjets/2/py in Skim_TriLep_WWG.root
2026-04-12 11:36:28,901 - INFO - [2017] MISSING_CENTRAL: SR3Mu/Central/bjets/2/py in Skim_TriLep_DYJets10to50.root
2026-04-12 11:36:28,919 - INFO - [2017] MISSING_CENTRAL: SR3Mu/Central/bjets/2/py in Skim_TriLep_WWG.root
2026-04-12 11:36:29,191 - INFO - [2018] MISSING_CENTRAL: SR3Mu/Central/bjets/2/py in Skim_TriLep_DYJets10to50.root
2026-04-12 11:36:29,209 - INFO - [2018] MISSING_CENTRAL: SR3Mu/Central/bjets/2/py in Skim_TriLep_WWG.root
2026-04-12 12:18:28,700 - INFO - [2016preVFP] MISSING_CENTRAL: SR3Mu/Central/bjets/2/py in Skim_TriLep_DYJets.root
2026-04-12 12:18:28,700 - INFO - [2016preVFP] MISSING_CENTRAL: SR3Mu/Central/bjets/2/py in Skim_TriLep_DYJets10to50.root
2026-04-12 12:18:28,723 - INFO - [2016preVFP] MISSING_CENTRAL: SR3Mu/Central/bjets/2/py in Skim_TriLep_WWG.root
2026-04-12 12:18:28,968 - INFO - [2016postVFP] MISSING_CENTRAL: SR3Mu/Central/bjets/2/py in Skim_TriLep_DYJets.root
2026-04-12 12:18:28,972 - INFO - [2016postVFP] MISSING_CENTRAL: SR3Mu/Central/bjets/2/py in Skim_TriLep_DYJets10to50.root
2026-04-12 12:18:29,007 - INFO - [2016postVFP] MISSING_CENTRAL: SR3Mu/Central/bjets/2/py in Skim_TriLep_WWG.root
2026-04-12 12:18:29,287 - INFO - [2017] MISSING_CENTRAL: SR3Mu/Central/bjets/2/py in Skim_TriLep_DYJets10to50.root
2026-04-12 12:18:29,302 - INFO - [2017] MISSING_CENTRAL: SR3Mu/Central/bjets/2/py in Skim_TriLep_WWG.root
2026-04-12 12:18:29,559 - INFO - [2018] MISSING_CENTRAL: SR3Mu/Central/bjets/2/py in Skim_TriLep_DYJets10to50.root
2026-04-12 12:18:29,576 - INFO - [2018] MISSING_CENTRAL: SR3Mu/Central/bjets/2/py in Skim_TriLep_WWG.root
2026-04-12 12:38:07,961 - INFO - [2016preVFP] MISSING_CENTRAL: SR3Mu/Central/bjets/2/py in Skim_TriLep_DYJets.root
2026-04-12 12:38:07,962 - INFO - [2016preVFP] MISSING_CENTRAL: SR3Mu/Central/bjets/2/py in Skim_TriLep_DYJets10to50.root
2026-04-12 12:38:07,983 - INFO - [2016preVFP] MISSING_CENTRAL: SR3Mu/Central/bjets/2/py in Skim_TriLep_WWG.root
2026-04-12 12:38:08,216 - INFO - [2016postVFP] MISSING_CENTRAL: SR3Mu/Central/bjets/2/py in Skim_TriLep_DYJets.root
2026-04-12 12:38:08,217 - INFO - [2016postVFP] MISSING_CENTRAL: SR3Mu/Central/bjets/2/py in Skim_TriLep_DYJets10to50.root
2026-04-12 12:38:08,233 - INFO - [2016postVFP] MISSING_CENTRAL: SR3Mu/Central/bjets/2/py in Skim_TriLep_WWG.root
2026-04-12 12:38:08,494 - INFO - [2017] MISSING_CENTRAL: SR3Mu/Central/bjets/2/py in Skim_TriLep_DYJets10to50.root
2026-04-12 12:38:08,511 - INFO - [2017] MISSING_CENTRAL: SR3Mu/Central/bjets/2/py in Skim_TriLep_WWG.root
2026-04-12 12:38:08,777 - INFO - [2018] MISSING_CENTRAL: SR3Mu/Central/bjets/2/py in Skim_TriLep_DYJets10to50.root
2026-04-12 12:38:08,794 - INFO - [2018] MISSING_CENTRAL: SR3Mu/Central/bjets/2/py in Skim_TriLep_WWG.root
2026-04-12 20:46:13,424 - INFO - [2016preVFP] MISSING_CENTRAL: SR3Mu/Central/bjets/2/py in Skim_TriLep_DYJets.root
2026-04-12 20:46:13,425 - INFO - [2016preVFP] MISSING_CENTRAL: SR3Mu/Central/bjets/2/py in Skim_TriLep_DYJets10to50.root
2026-04-12 20:46:13,447 - INFO - [2016preVFP] MISSING_CENTRAL: SR3Mu/Central/bjets/2/py in Skim_TriLep_WWG.root
2026-04-12 20:46:13,692 - INFO - [2016postVFP] MISSING_CENTRAL: SR3Mu/Central/bjets/2/py in Skim_TriLep_DYJets.root
2026-04-12 20:46:13,693 - INFO - [2016postVFP] MISSING_CENTRAL: SR3Mu/Central/bjets/2/py in Skim_TriLep_DYJets10to50.root
2026-04-12 20:46:13,711 - INFO - [2016postVFP] MISSING_CENTRAL: SR3Mu/Central/bjets/2/py in Skim_TriLep_WWG.root
2026-04-12 20:46:14,000 - INFO - [2017] MISSING_CENTRAL: SR3Mu/Central/bjets/2/py in Skim_TriLep_DYJets10to50.root
2026-04-12 20:46:14,019 - INFO - [2017] MISSING_CENTRAL: SR3Mu/Central/bjets/2/py in Skim_TriLep_WWG.root
2026-04-12 20:46:14,306 - INFO - [2018] MISSING_CENTRAL: SR3Mu/Central/bjets/2/py in Skim_TriLep_DYJets10to50.root
2026-04-12 20:46:14,326 - INFO - [2018] MISSING_CENTRAL: SR3Mu/Central/bjets/2/py in Skim_TriLep_WWG.root
2026-04-12 21:17:49,374 - INFO - [2016preVFP] MISSING_CENTRAL: SR3Mu/Central/bjets/2/py in Skim_TriLep_DYJets.root
2026-04-12 21:17:49,375 - INFO - [2016preVFP] MISSING_CENTRAL: SR3Mu/Central/bjets/2/py in Skim_TriLep_DYJets10to50.root
2026-04-12 21:17:49,398 - INFO - [2016preVFP] MISSING_CENTRAL: SR3Mu/Central/bjets/2/py in Skim_TriLep_WWG.root
2026-04-12 21:17:49,635 - INFO - [2016postVFP] MISSING_CENTRAL: SR3Mu/Central/bjets/2/py in Skim_TriLep_DYJets.root
2026-04-12 21:17:49,636 - INFO - [2016postVFP] MISSING_CENTRAL: SR3Mu/Central/bjets/2/py in Skim_TriLep_DYJets10to50.root
2026-04-12 21:17:49,653 - INFO - [2016postVFP] MISSING_CENTRAL: SR3Mu/Central/bjets/2/py in Skim_TriLep_WWG.root
2026-04-12 21:17:49,918 - INFO - [2017] MISSING_CENTRAL: SR3Mu/Central/bjets/2/py in Skim_TriLep_DYJets10to50.root
2026-04-12 21:17:49,935 - INFO - [2017] MISSING_CENTRAL: SR3Mu/Central/bjets/2/py in Skim_TriLep_WWG.root
2026-04-12 21:17:50,194 - INFO - [2018] MISSING_CENTRAL: SR3Mu/Central/bjets/2/py in Skim_TriLep_DYJets10to50.root
2026-04-12 21:17:50,212 - INFO - [2018] MISSING_CENTRAL: SR3Mu/Central/bjets/2/py in Skim_TriLep_WWG.root
2026-04-13 12:55:27,911 - INFO - [2016preVFP] MISSING_CENTRAL: SR3Mu/Central/bjets/2/py in Skim_TriLep_DYJets.root
2026-04-13 12:55:27,912 - INFO - [2016preVFP] MISSING_CENTRAL: SR3Mu/Central/bjets/2/py in Skim_TriLep_DYJets10to50.root
2026-04-13 12:55:27,938 - INFO - [2016preVFP] MISSING_CENTRAL: SR3Mu/Central/bjets/2/py in Skim_TriLep_WWG.root
2026-04-13 12:55:28,233 - INFO - [2016postVFP] MISSING_CENTRAL: SR3Mu/Central/bjets/2/py in Skim_TriLep_DYJets.root
2026-04-13 12:55:28,234 - INFO - [2016postVFP] MISSING_CENTRAL: SR3Mu/Central/bjets/2/py in Skim_TriLep_DYJets10to50.root
2026-04-13 12:55:28,256 - INFO - [2016postVFP] MISSING_CENTRAL: SR3Mu/Central/bjets/2/py in Skim_TriLep_WWG.root
2026-04-13 12:55:28,612 - INFO - [2017] MISSING_CENTRAL: SR3Mu/Central/bjets/2/py in Skim_TriLep_DYJets10to50.root
2026-04-13 12:55:28,683 - INFO - [2017] MISSING_CENTRAL: SR3Mu/Central/bjets/2/py in Skim_TriLep_WWG.root
2026-04-13 12:55:29,018 - INFO - [2018] MISSING_CENTRAL: SR3Mu/Central/bjets/2/py in Skim_TriLep_DYJets10to50.root
2026-04-13 12:55:29,041 - INFO - [2018] MISSING_CENTRAL: SR3Mu/Central/bjets/2/py in Skim_TriLep_WWG.root
2026-04-16 17:30:24,177 - INFO - [2016preVFP] MISSING_CENTRAL: SR3Mu/Central/bjets/2/py in Skim_TriLep_DYJets.root
2026-04-16 17:30:24,179 - INFO - [2016preVFP] MISSING_CENTRAL: SR3Mu/Central/bjets/2/py in Skim_TriLep_DYJets10to50.root
2026-04-16 17:30:24,213 - INFO - [2016preVFP] MISSING_CENTRAL: SR3Mu/Central/bjets/2/py in Skim_TriLep_WWG.root
2026-04-16 17:30:24,507 - INFO - [2016postVFP] MISSING_CENTRAL: SR3Mu/Central/bjets/2/py in Skim_TriLep_DYJets.root
2026-04-16 17:30:24,508 - INFO - [2016postVFP] MISSING_CENTRAL: SR3Mu/Central/bjets/2/py in Skim_TriLep_DYJets10to50.root
2026-04-16 17:30:24,530 - INFO - [2016postVFP] MISSING_CENTRAL: SR3Mu/Central/bjets/2/py in Skim_TriLep_WWG.root
2026-04-16 17:30:24,851 - INFO - [2017] MISSING_CENTRAL: SR3Mu/Central/bjets/2/py in Skim_TriLep_DYJets10to50.root
2026-04-16 17:30:24,871 - INFO - [2017] MISSING_CENTRAL: SR3Mu/Central/bjets/2/py in Skim_TriLep_WWG.root
2026-04-16 17:30:25,197 - INFO - [2018] MISSING_CENTRAL: SR3Mu/Central/bjets/2/py in Skim_TriLep_DYJets10to50.root
2026-04-16 17:30:25,218 - INFO - [2018] MISSING_CENTRAL: SR3Mu/Central/bjets/2/py in Skim_TriLep_WWG.root
2026-04-16 17:37:58,629 - INFO - [2016preVFP] MISSING_CENTRAL: SR3Mu/Central/bjets/2/py in Skim_TriLep_DYJets.root
2026-04-16 17:37:58,629 - INFO - [2016preVFP] MISSING_CENTRAL: SR3Mu/Central/bjets/2/py in Skim_TriLep_DYJets10to50.root
2026-04-16 17:37:58,655 - INFO - [2016preVFP] MISSING_CENTRAL: SR3Mu/Central/bjets/2/py in Skim_TriLep_WWG.root
2026-04-16 17:37:58,961 - INFO - [2016postVFP] MISSING_CENTRAL: SR3Mu/Central/bjets/2/py in Skim_TriLep_DYJets.root
2026-04-16 17:37:58,962 - INFO - [2016postVFP] MISSING_CENTRAL: SR3Mu/Central/bjets/2/py in Skim_TriLep_DYJets10to50.root
2026-04-16 17:37:58,984 - INFO - [2016postVFP] MISSING_CENTRAL: SR3Mu/Central/bjets/2/py in Skim_TriLep_WWG.root
2026-04-16 17:37:59,320 - INFO - [2017] MISSING_CENTRAL: SR3Mu/Central/bjets/2/py in Skim_TriLep_DYJets10to50.root
2026-04-16 17:37:59,342 - INFO - [2017] MISSING_CENTRAL: SR3Mu/Central/bjets/2/py in Skim_TriLep_WWG.root
2026-04-16 17:37:59,664 - INFO - [2018] MISSING_CENTRAL: SR3Mu/Central/bjets/2/py in Skim_TriLep_DYJets10to50.root
2026-04-16 17:37:59,684 - INFO - [2018] MISSING_CENTRAL: SR3Mu/Central/bjets/2/py in Skim_TriLep_WWG.root
2026-04-28 15:11:03,201 - INFO - [2016preVFP] MISSING_CENTRAL: SR3Mu/Central/bjets/2/py in Skim_TriLep_DYJets.root
2026-04-28 15:11:03,202 - INFO - [2016preVFP] MISSING_CENTRAL: SR3Mu/Central/bjets/2/py in Skim_TriLep_DYJets10to50.root
2026-04-28 15:11:03,229 - INFO - [2016preVFP] MISSING_CENTRAL: SR3Mu/Central/bjets/2/py in Skim_TriLep_WWG.root
2026-04-28 15:11:03,514 - INFO - [2016postVFP] MISSING_CENTRAL: SR3Mu/Central/bjets/2/py in Skim_TriLep_DYJets.root
2026-04-28 15:11:03,514 - INFO - [2016postVFP] MISSING_CENTRAL: SR3Mu/Central/bjets/2/py in Skim_TriLep_DYJets10to50.root
2026-04-28 15:11:03,533 - INFO - [2016postVFP] MISSING_CENTRAL: SR3Mu/Central/bjets/2/py in Skim_TriLep_WWG.root
2026-04-28 15:11:03,837 - INFO - [2017] MISSING_CENTRAL: SR3Mu/Central/bjets/2/py in Skim_TriLep_DYJets10to50.root
2026-04-28 15:11:03,858 - INFO - [2017] MISSING_CENTRAL: SR3Mu/Central/bjets/2/py in Skim_TriLep_WWG.root
2026-04-28 15:11:04,188 - INFO - [2018] MISSING_CENTRAL: SR3Mu/Central/bjets/2/py in Skim_TriLep_DYJets10to50.root
2026-04-28 15:11:04,212 - INFO - [2018] MISSING_CENTRAL: SR3Mu/Central/bjets/2/py in Skim_TriLep_WWG.root
2026-04-28 15:19:02,434 - INFO - [2016preVFP] MISSING_CENTRAL: SR3Mu/Central/bjets/2/py in Skim_TriLep_DYJets.root
2026-04-28 15:19:02,435 - INFO - [2016preVFP] MISSING_CENTRAL: SR3Mu/Central/bjets/2/py in Skim_TriLep_DYJets10to50.root
2026-04-28 15:19:02,461 - INFO - [2016preVFP] MISSING_CENTRAL: SR3Mu/Central/bjets/2/py in Skim_TriLep_WWG.root
2026-04-28 15:19:02,748 - INFO - [2016postVFP] MISSING_CENTRAL: SR3Mu/Central/bjets/2/py in Skim_TriLep_DYJets.root
2026-04-28 15:19:02,749 - INFO - [2016postVFP] MISSING_CENTRAL: SR3Mu/Central/bjets/2/py in Skim_TriLep_DYJets10to50.root
2026-04-28 15:19:02,769 - INFO - [2016postVFP] MISSING_CENTRAL: SR3Mu/Central/bjets/2/py in Skim_TriLep_WWG.root
2026-04-28 15:19:03,086 - INFO - [2017] MISSING_CENTRAL: SR3Mu/Central/bjets/2/py in Skim_TriLep_DYJets10to50.root
2026-04-28 15:19:03,107 - INFO - [2017] MISSING_CENTRAL: SR3Mu/Central/bjets/2/py in Skim_TriLep_WWG.root
2026-04-28 15:19:03,432 - INFO - [2018] MISSING_CENTRAL: SR3Mu/Central/bjets/2/py in Skim_TriLep_DYJets10to50.root
2026-04-28 15:19:03,454 - INFO - [2018] MISSING_CENTRAL: SR3Mu/Central/bjets/2/py in Skim_TriLep_WWG.root
2026-04-28 15:20:28,304 - INFO - [2016preVFP] MISSING_CENTRAL: SR3Mu/Central/bjets/2/py in Skim_TriLep_DYJets.root
2026-04-28 15:20:28,306 - INFO - [2016preVFP] MISSING_CENTRAL: SR3Mu/Central/bjets/2/py in Skim_TriLep_DYJets10to50.root
2026-04-28 15:20:28,335 - INFO - [2016preVFP] MISSING_CENTRAL: SR3Mu/Central/bjets/2/py in Skim_TriLep_WWG.root
2026-04-28 15:20:28,639 - INFO - [2016postVFP] MISSING_CENTRAL: SR3Mu/Central/bjets/2/py in Skim_TriLep_DYJets.root
2026-04-28 15:20:28,639 - INFO - [2016postVFP] MISSING_CENTRAL: SR3Mu/Central/bjets/2/py in Skim_TriLep_DYJets10to50.root
2026-04-28 15:20:28,661 - INFO - [2016postVFP] MISSING_CENTRAL: SR3Mu/Central/bjets/2/py in Skim_TriLep_WWG.root
2026-04-28 15:20:29,031 - INFO - [2017] MISSING_CENTRAL: SR3Mu/Central/bjets/2/py in Skim_TriLep_DYJets10to50.root
2026-04-28 15:20:29,046 - INFO - [2017] MISSING_CENTRAL: SR3Mu/Central/bjets/2/py in Skim_TriLep_WWG.root
2026-04-28 15:20:29,344 - INFO - [2018] MISSING_CENTRAL: SR3Mu/Central/bjets/2/py in Skim_TriLep_DYJets10to50.root
2026-04-28 15:20:29,366 - INFO - [2018] MISSING_CENTRAL: SR3Mu/Central/bjets/2/py in Skim_TriLep_WWG.root
2026-04-28 20:32:15,174 - INFO - [2016preVFP] MISSING_CENTRAL: SR3Mu/Central/bjets/2/py in Skim_TriLep_DYJets.root
2026-04-28 20:32:15,174 - INFO - [2016preVFP] MISSING_CENTRAL: SR3Mu/Central/bjets/2/py in Skim_TriLep_DYJets10to50.root
2026-04-28 20:32:15,201 - INFO - [2016preVFP] MISSING_CENTRAL: SR3Mu/Central/bjets/2/py in Skim_TriLep_WWG.root
2026-04-28 20:32:15,494 - INFO - [2016postVFP] MISSING_CENTRAL: SR3Mu/Central/bjets/2/py in Skim_TriLep_DYJets.root
2026-04-28 20:32:15,494 - INFO - [2016postVFP] MISSING_CENTRAL: SR3Mu/Central/bjets/2/py in Skim_TriLep_DYJets10to50.root
2026-04-28 20:32:15,514 - INFO - [2016postVFP] MISSING_CENTRAL: SR3Mu/Central/bjets/2/py in Skim_TriLep_WWG.root
2026-04-28 20:32:15,838 - INFO - [2017] MISSING_CENTRAL: SR3Mu/Central/bjets/2/py in Skim_TriLep_DYJets10to50.root
2026-04-28 20:32:15,860 - INFO - [2017] MISSING_CENTRAL: SR3Mu/Central/bjets/2/py in Skim_TriLep_WWG.root
2026-04-28 20:32:16,188 - INFO - [2018] MISSING_CENTRAL: SR3Mu/Central/bjets/2/py in Skim_TriLep_DYJets10to50.root
2026-04-28 20:32:16,210 - INFO - [2018] MISSING_CENTRAL: SR3Mu/Central/bjets/2/py in Skim_TriLep_WWG.root
2026-04-28 20:33:37,524 - INFO - [2016preVFP] MISSING_CENTRAL: SR3Mu/Central/bjets/2/py in Skim_TriLep_DYJets.root
2026-04-28 20:33:37,524 - INFO - [2016preVFP] MISSING_CENTRAL: SR3Mu/Central/bjets/2/py in Skim_TriLep_DYJets10to50.root
2026-04-28 20:33:37,551 - INFO - [2016preVFP] MISSING_CENTRAL: SR3Mu/Central/bjets/2/py in Skim_TriLep_WWG.root
2026-04-28 20:33:37,851 - INFO - [2016postVFP] MISSING_CENTRAL: SR3Mu/Central/bjets/2/py in Skim_TriLep_DYJets.root
2026-04-28 20:33:37,852 - INFO - [2016postVFP] MISSING_CENTRAL: SR3Mu/Central/bjets/2/py in Skim_TriLep_DYJets10to50.root
2026-04-28 20:33:37,872 - INFO - [2016postVFP] MISSING_CENTRAL: SR3Mu/Central/bjets/2/py in Skim_TriLep_WWG.root
2026-04-28 20:33:38,198 - INFO - [2017] MISSING_CENTRAL: SR3Mu/Central/bjets/2/py in Skim_TriLep_DYJets10to50.root
2026-04-28 20:33:38,218 - INFO - [2017] MISSING_CENTRAL: SR3Mu/Central/bjets/2/py in Skim_TriLep_WWG.root
2026-04-28 20:33:38,539 - INFO - [2018] MISSING_CENTRAL: SR3Mu/Central/bjets/2/py in Skim_TriLep_DYJets10to50.root
2026-04-28 20:33:38,569 - INFO - [2018] MISSING_CENTRAL: SR3Mu/Central/bjets/2/py in Skim_TriLep_WWG.root
2026-05-04 15:38:39,690 - INFO - [2016preVFP] MISSING_CENTRAL: SR3Mu/Central/bjets/2/py in Skim_TriLep_DYJets.root
2026-05-04 15:38:39,691 - INFO - [2016preVFP] MISSING_CENTRAL: SR3Mu/Central/bjets/2/py in Skim_TriLep_DYJets10to50.root
2026-05-04 15:38:39,717 - INFO - [2016preVFP] MISSING_CENTRAL: SR3Mu/Central/bjets/2/py in Skim_TriLep_WWG.root
2026-05-04 15:38:40,102 - INFO - [2016postVFP] MISSING_CENTRAL: SR3Mu/Central/bjets/2/py in Skim_TriLep_DYJets.root
2026-05-04 15:38:40,103 - INFO - [2016postVFP] MISSING_CENTRAL: SR3Mu/Central/bjets/2/py in Skim_TriLep_DYJets10to50.root
2026-05-04 15:38:40,123 - INFO - [2016postVFP] MISSING_CENTRAL: SR3Mu/Central/bjets/2/py in Skim_TriLep_WWG.root
2026-05-04 15:38:40,450 - INFO - [2017] MISSING_CENTRAL: SR3Mu/Central/bjets/2/py in Skim_TriLep_DYJets10to50.root
2026-05-04 15:38:40,472 - INFO - [2017] MISSING_CENTRAL: SR3Mu/Central/bjets/2/py in Skim_TriLep_WWG.root
2026-05-04 15:38:40,903 - INFO - [2018] MISSING_CENTRAL: SR3Mu/Central/bjets/2/py in Skim_TriLep_DYJets10to50.root
2026-05-04 15:38:40,925 - INFO - [2018] MISSING_CENTRAL: SR3Mu/Central/bjets/2/py in Skim_TriLep_WWG.root
2026-05-04 15:40:10,996 - INFO - [2016preVFP] MISSING_CENTRAL: SR3Mu/Central/bjets/2/py in Skim_TriLep_DYJets.root
2026-05-04 15:40:10,997 - INFO - [2016preVFP] MISSING_CENTRAL: SR3Mu/Central/bjets/2/py in Skim_TriLep_DYJets10to50.root
2026-05-04 15:40:11,025 - INFO - [2016preVFP] MISSING_CENTRAL: SR3Mu/Central/bjets/2/py in Skim_TriLep_WWG.root
2026-05-04 15:40:11,342 - INFO - [2016postVFP] MISSING_CENTRAL: SR3Mu/Central/bjets/2/py in Skim_TriLep_DYJets.root
2026-05-04 15:40:11,342 - INFO - [2016postVFP] MISSING_CENTRAL: SR3Mu/Central/bjets/2/py in Skim_TriLep_DYJets10to50.root
2026-05-04 15:40:11,362 - INFO - [2016postVFP] MISSING_CENTRAL: SR3Mu/Central/bjets/2/py in Skim_TriLep_WWG.root
2026-05-04 15:40:11,737 - INFO - [2017] MISSING_CENTRAL: SR3Mu/Central/bjets/2/py in Skim_TriLep_DYJets10to50.root
2026-05-04 15:40:11,758 - INFO - [2017] MISSING_CENTRAL: SR3Mu/Central/bjets/2/py in Skim_TriLep_WWG.root
2026-05-04 15:40:12,092 - INFO - [2018] MISSING_CENTRAL: SR3Mu/Central/bjets/2/py in Skim_TriLep_DYJets10to50.root
2026-05-04 15:40:12,114 - INFO - [2018] MISSING_CENTRAL: SR3Mu/Central/bjets/2/py in Skim_TriLep_WWG.root
2026-05-04 16:02:51,957 - INFO - [2016preVFP] MISSING_CENTRAL: SR3Mu/Central/bjets/2/py in Skim_TriLep_DYJets.root
2026-05-04 16:02:51,958 - INFO - [2016preVFP] MISSING_CENTRAL: SR3Mu/Central/bjets/2/py in Skim_TriLep_DYJets10to50.root
2026-05-04 16:02:51,984 - INFO - [2016preVFP] MISSING_CENTRAL: SR3Mu/Central/bjets/2/py in Skim_TriLep_WWG.root
2026-05-04 16:02:52,282 - INFO - [2016postVFP] MISSING_CENTRAL: SR3Mu/Central/bjets/2/py in Skim_TriLep_DYJets.root
2026-05-04 16:02:52,283 - INFO - [2016postVFP] MISSING_CENTRAL: SR3Mu/Central/bjets/2/py in Skim_TriLep_DYJets10to50.root
2026-05-04 16:02:52,303 - INFO - [2016postVFP] MISSING_CENTRAL: SR3Mu/Central/bjets/2/py in Skim_TriLep_WWG.root
2026-05-04 16:02:52,664 - INFO - [2017] MISSING_CENTRAL: SR3Mu/Central/bjets/2/py in Skim_TriLep_DYJets10to50.root
2026-05-04 16:02:52,686 - INFO - [2017] MISSING_CENTRAL: SR3Mu/Central/bjets/2/py in Skim_TriLep_WWG.root
2026-05-04 16:02:53,020 - INFO - [2018] MISSING_CENTRAL: SR3Mu/Central/bjets/2/py in Skim_TriLep_DYJets10to50.root
2026-05-04 16:02:53,042 - INFO - [2018] MISSING_CENTRAL: SR3Mu/Central/bjets/2/py in Skim_TriLep_WWG.root
2026-05-04 16:04:15,449 - INFO - [2016preVFP] MISSING_CENTRAL: SR3Mu/Central/bjets/2/py in Skim_TriLep_DYJets.root
2026-05-04 16:04:15,450 - INFO - [2016preVFP] MISSING_CENTRAL: SR3Mu/Central/bjets/2/py in Skim_TriLep_DYJets10to50.root
2026-05-04 16:04:15,477 - INFO - [2016preVFP] MISSING_CENTRAL: SR3Mu/Central/bjets/2/py in Skim_TriLep_WWG.root
2026-05-04 16:04:15,826 - INFO - [2016postVFP] MISSING_CENTRAL: SR3Mu/Central/bjets/2/py in Skim_TriLep_DYJets.root
2026-05-04 16:04:15,827 - INFO - [2016postVFP] MISSING_CENTRAL: SR3Mu/Central/bjets/2/py in Skim_TriLep_DYJets10to50.root
2026-05-04 16:04:15,847 - INFO - [2016postVFP] MISSING_CENTRAL: SR3Mu/Central/bjets/2/py in Skim_TriLep_WWG.root
2026-05-04 16:04:16,245 - INFO - [2017] MISSING_CENTRAL: SR3Mu/Central/bjets/2/py in Skim_TriLep_DYJets10to50.root
2026-05-04 16:04:16,277 - INFO - [2017] MISSING_CENTRAL: SR3Mu/Central/bjets/2/py in Skim_TriLep_WWG.root
2026-05-04 16:04:16,638 - INFO - [2018] MISSING_CENTRAL: SR3Mu/Central/bjets/2/py in Skim_TriLep_DYJets10to50.root
2026-05-04 16:04:16,659 - INFO - [2018] MISSING_CENTRAL: SR3Mu/Central/bjets/2/py in Skim_TriLep_WWG.root
2026-05-04 17:00:25,443 - INFO - [2016preVFP] MISSING_CENTRAL: SR3Mu/Central/bjets/2/py in Skim_TriLep_DYJets.root
2026-05-04 17:00:25,444 - INFO - [2016preVFP] MISSING_CENTRAL: SR3Mu/Central/bjets/2/py in Skim_TriLep_DYJets10to50.root
2026-05-04 17:00:25,471 - INFO - [2016preVFP] MISSING_CENTRAL: SR3Mu/Central/bjets/2/py in Skim_TriLep_WWG.root
2026-05-04 17:00:25,750 - INFO - [2016postVFP] MISSING_CENTRAL: SR3Mu/Central/bjets/2/py in Skim_TriLep_DYJets.root
2026-05-04 17:00:25,751 - INFO - [2016postVFP] MISSING_CENTRAL: SR3Mu/Central/bjets/2/py in Skim_TriLep_DYJets10to50.root
2026-05-04 17:00:25,771 - INFO - [2016postVFP] MISSING_CENTRAL: SR3Mu/Central/bjets/2/py in Skim_TriLep_WWG.root
2026-05-04 17:00:26,086 - INFO - [2017] MISSING_CENTRAL: SR3Mu/Central/bjets/2/py in Skim_TriLep_DYJets10to50.root
2026-05-04 17:00:26,107 - INFO - [2017] MISSING_CENTRAL: SR3Mu/Central/bjets/2/py in Skim_TriLep_WWG.root
2026-05-04 17:00:26,428 - INFO - [2018] MISSING_CENTRAL: SR3Mu/Central/bjets/2/py in Skim_TriLep_DYJets10to50.root
2026-05-04 17:00:26,449 - INFO - [2018] MISSING_CENTRAL: SR3Mu/Central/bjets/2/py in Skim_TriLep_WWG.root
2026-05-04 17:07:32,757 - INFO - [2016preVFP] MISSING_CENTRAL: SR3Mu/Central/bjets/2/py in Skim_TriLep_DYJets.root
2026-05-04 17:07:32,758 - INFO - [2016preVFP] MISSING_CENTRAL: SR3Mu/Central/bjets/2/py in Skim_TriLep_DYJets10to50.root
2026-05-04 17:07:32,787 - INFO - [2016preVFP] MISSING_CENTRAL: SR3Mu/Central/bjets/2/py in Skim_TriLep_WWG.root
2026-05-04 17:07:33,100 - INFO - [2016postVFP] MISSING_CENTRAL: SR3Mu/Central/bjets/2/py in Skim_TriLep_DYJets.root
2026-05-04 17:07:33,100 - INFO - [2016postVFP] MISSING_CENTRAL: SR3Mu/Central/bjets/2/py in Skim_TriLep_DYJets10to50.root
2026-05-04 17:07:33,122 - INFO - [2016postVFP] MISSING_CENTRAL: SR3Mu/Central/bjets/2/py in Skim_TriLep_WWG.root
2026-05-04 17:07:33,463 - INFO - [2017] MISSING_CENTRAL: SR3Mu/Central/bjets/2/py in Skim_TriLep_DYJets10to50.root
2026-05-04 17:07:33,485 - INFO - [2017] MISSING_CENTRAL: SR3Mu/Central/bjets/2/py in Skim_TriLep_WWG.root
2026-05-04 17:07:33,830 - INFO - [2018] MISSING_CENTRAL: SR3Mu/Central/bjets/2/py in Skim_TriLep_DYJets10to50.root
2026-05-04 17:07:33,852 - INFO - [2018] MISSING_CENTRAL: SR3Mu/Central/bjets/2/py in Skim_TriLep_WWG.root
2026-05-28 15:37:03,190 - INFO - [2016preVFP] MISSING_CENTRAL: SR3Mu/Central/bjets/2/py in Skim_TriLep_DYJets.root
2026-05-28 15:37:03,192 - INFO - [2016preVFP] MISSING_CENTRAL: SR3Mu/Central/bjets/2/py in Skim_TriLep_DYJets10to50.root
2026-05-28 15:37:03,235 - INFO - [2016preVFP] MISSING_CENTRAL: SR3Mu/Central/bjets/2/py in Skim_TriLep_WWG.root
2026-05-28 15:37:03,740 - INFO - [2016postVFP] MISSING_CENTRAL: SR3Mu/Central/bjets/2/py in Skim_TriLep_DYJets.root
2026-05-28 15:37:03,741 - INFO - [2016postVFP] MISSING_CENTRAL: SR3Mu/Central/bjets/2/py in Skim_TriLep_DYJets10to50.root
2026-05-28 15:37:03,776 - INFO - [2016postVFP] MISSING_CENTRAL: SR3Mu/Central/bjets/2/py in Skim_TriLep_WWG.root
2026-05-28 15:37:04,315 - INFO - [2017] MISSING_CENTRAL: SR3Mu/Central/bjets/2/py in Skim_TriLep_DYJets10to50.root
2026-05-28 15:37:04,350 - INFO - [2017] MISSING_CENTRAL: SR3Mu/Central/bjets/2/py in Skim_TriLep_WWG.root
2026-05-28 15:37:04,881 - INFO - [2018] MISSING_CENTRAL: SR3Mu/Central/bjets/2/py in Skim_TriLep_DYJets10to50.root
2026-05-28 15:37:04,917 - INFO - [2018] MISSING_CENTRAL: SR3Mu/Central/bjets/2/py in Skim_TriLep_WWG.root
2026-05-28 15:44:24,164 - INFO - [2016preVFP] MISSING_CENTRAL: SR3Mu/Central/bjets/2/py in Skim_TriLep_DYJets.root
2026-05-28 15:44:24,165 - INFO - [2016preVFP] MISSING_CENTRAL: SR3Mu/Central/bjets/2/py in Skim_TriLep_DYJets10to50.root
2026-05-28 15:44:24,210 - INFO - [2016preVFP] MISSING_CENTRAL: SR3Mu/Central/bjets/2/py in Skim_TriLep_WWG.root
2026-05-28 15:44:24,743 - INFO - [2016postVFP] MISSING_CENTRAL: SR3Mu/Central/bjets/2/py in Skim_TriLep_DYJets.root
2026-05-28 15:44:24,744 - INFO - [2016postVFP] MISSING_CENTRAL: SR3Mu/Central/bjets/2/py in Skim_TriLep_DYJets10to50.root
2026-05-28 15:44:24,779 - INFO - [2016postVFP] MISSING_CENTRAL: SR3Mu/Central/bjets/2/py in Skim_TriLep_WWG.root
2026-05-28 15:44:25,368 - INFO - [2017] MISSING_CENTRAL: SR3Mu/Central/bjets/2/py in Skim_TriLep_DYJets10to50.root
2026-05-28 15:44:25,403 - INFO - [2017] MISSING_CENTRAL: SR3Mu/Central/bjets/2/py in Skim_TriLep_WWG.root
2026-05-28 15:44:25,913 - INFO - [2018] MISSING_CENTRAL: SR3Mu/Central/bjets/2/py in Skim_TriLep_DYJets10to50.root
2026-05-28 15:44:25,934 - INFO - [2018] MISSING_CENTRAL: SR3Mu/Central/bjets/2/py in Skim_TriLep_WWG.root
2026-05-29 15:17:26,620 - INFO - [2016preVFP] MISSING_CENTRAL: SR3Mu/Central/bjets/2/py in Skim_TriLep_DYJets.root
2026-05-29 15:17:26,621 - INFO - [2016preVFP] MISSING_CENTRAL: SR3Mu/Central/bjets/2/py in Skim_TriLep_DYJets10to50.root
2026-05-29 15:17:26,647 - INFO - [2016preVFP] MISSING_CENTRAL: SR3Mu/Central/bjets/2/py in Skim_TriLep_WWG.root
2026-05-29 15:17:27,015 - INFO - [2016postVFP] MISSING_CENTRAL: SR3Mu/Central/bjets/2/py in Skim_TriLep_DYJets.root
2026-05-29 15:17:27,016 - INFO - [2016postVFP] MISSING_CENTRAL: SR3Mu/Central/bjets/2/py in Skim_TriLep_DYJets10to50.root
2026-05-29 15:17:27,036 - INFO - [2016postVFP] MISSING_CENTRAL: SR3Mu/Central/bjets/2/py in Skim_TriLep_WWG.root
2026-05-29 15:17:27,358 - INFO - [2017] MISSING_CENTRAL: SR3Mu/Central/bjets/2/py in Skim_TriLep_DYJets10to50.root
2026-05-29 15:17:27,378 - INFO - [2017] MISSING_CENTRAL: SR3Mu/Central/bjets/2/py in Skim_TriLep_WWG.root
2026-05-29 15:17:27,795 - INFO - [2018] MISSING_CENTRAL: SR3Mu/Central/bjets/2/py in Skim_TriLep_DYJets10to50.root
2026-05-29 15:17:27,817 - INFO - [2018] MISSING_CENTRAL: SR3Mu/Central/bjets/2/py in Skim_TriLep_WWG.root
2026-05-29 15:19:48,894 - INFO - [2016preVFP] MISSING_CENTRAL: SR3Mu/Central/bjets/2/py in Skim_TriLep_DYJets.root
2026-05-29 15:19:48,894 - INFO - [2016preVFP] MISSING_CENTRAL: SR3Mu/Central/bjets/2/py in Skim_TriLep_DYJets10to50.root
2026-05-29 15:19:48,922 - INFO - [2016preVFP] MISSING_CENTRAL: SR3Mu/Central/bjets/2/py in Skim_TriLep_WWG.root
2026-05-29 15:19:49,203 - INFO - [2016postVFP] MISSING_CENTRAL: SR3Mu/Central/bjets/2/py in Skim_TriLep_DYJets.root
2026-05-29 15:19:49,203 - INFO - [2016postVFP] MISSING_CENTRAL: SR3Mu/Central/bjets/2/py in Skim_TriLep_DYJets10to50.root
2026-05-29 15:19:49,224 - INFO - [2016postVFP] MISSING_CENTRAL: SR3Mu/Central/bjets/2/py in Skim_TriLep_WWG.root
2026-05-29 15:19:49,539 - INFO - [2017] MISSING_CENTRAL: SR3Mu/Central/bjets/2/py in Skim_TriLep_DYJets10to50.root
2026-05-29 15:19:49,560 - INFO - [2017] MISSING_CENTRAL: SR3Mu/Central/bjets/2/py in Skim_TriLep_WWG.root
2026-05-29 15:19:49,898 - INFO - [2018] MISSING_CENTRAL: SR3Mu/Central/bjets/2/py in Skim_TriLep_DYJets10to50.root
2026-05-29 15:19:49,922 - INFO - [2018] MISSING_CENTRAL: SR3Mu/Central/bjets/2/py in Skim_TriLep_WWG.root
2026-05-29 15:21:18,781 - INFO - [2016preVFP] MISSING_CENTRAL: SR3Mu/Central/bjets/2/py in Skim_TriLep_DYJets.root
2026-05-29 15:21:18,782 - INFO - [2016preVFP] MISSING_CENTRAL: SR3Mu/Central/bjets/2/py in Skim_TriLep_DYJets10to50.root
2026-05-29 15:21:18,812 - INFO - [2016preVFP] MISSING_CENTRAL: SR3Mu/Central/bjets/2/py in Skim_TriLep_WWG.root
2026-05-29 15:21:19,096 - INFO - [2016postVFP] MISSING_CENTRAL: SR3Mu/Central/bjets/2/py in Skim_TriLep_DYJets.root
2026-05-29 15:21:19,096 - INFO - [2016postVFP] MISSING_CENTRAL: SR3Mu/Central/bjets/2/py in Skim_TriLep_DYJets10to50.root
2026-05-29 15:21:19,114 - INFO - [2016postVFP] MISSING_CENTRAL: SR3Mu/Central/bjets/2/py in Skim_TriLep_WWG.root
2026-05-29 15:21:19,422 - INFO - [2017] MISSING_CENTRAL: SR3Mu/Central/bjets/2/py in Skim_TriLep_DYJets10to50.root
2026-05-29 15:21:19,443 - INFO - [2017] MISSING_CENTRAL: SR3Mu/Central/bjets/2/py in Skim_TriLep_WWG.root
2026-05-29 15:21:19,763 - INFO - [2018] MISSING_CENTRAL: SR3Mu/Central/bjets/2/py in Skim_TriLep_DYJets10to50.root
2026-05-29 15:21:19,785 - INFO - [2018] MISSING_CENTRAL: SR3Mu/Central/bjets/2/py in Skim_TriLep_WWG.root
2026-05-29 15:28:03,873 - INFO - [2016preVFP] MISSING_CENTRAL: SR3Mu/Central/bjets/2/py in Skim_TriLep_DYJets.root
2026-05-29 15:28:03,873 - INFO - [2016preVFP] MISSING_CENTRAL: SR3Mu/Central/bjets/2/py in Skim_TriLep_DYJets10to50.root
2026-05-29 15:28:03,901 - INFO - [2016preVFP] MISSING_CENTRAL: SR3Mu/Central/bjets/2/py in Skim_TriLep_WWG.root
2026-05-29 15:28:04,199 - INFO - [2016postVFP] MISSING_CENTRAL: SR3Mu/Central/bjets/2/py in Skim_TriLep_DYJets.root
2026-05-29 15:28:04,200 - INFO - [2016postVFP] MISSING_CENTRAL: SR3Mu/Central/bjets/2/py in Skim_TriLep_DYJets10to50.root
2026-05-29 15:28:04,220 - INFO - [2016postVFP] MISSING_CENTRAL: SR3Mu/Central/bjets/2/py in Skim_TriLep_WWG.root
2026-05-29 15:28:04,503 - INFO - [2017] MISSING_CENTRAL: SR3Mu/Central/bjets/2/py in Skim_TriLep_DYJets10to50.root
2026-05-29 15:28:04,517 - INFO - [2017] MISSING_CENTRAL: SR3Mu/Central/bjets/2/py in Skim_TriLep_WWG.root
2026-05-29 15:28:04,809 - INFO - [2018] MISSING_CENTRAL: SR3Mu/Central/bjets/2/py in Skim_TriLep_DYJets10to50.root
2026-05-29 15:28:04,830 - INFO - [2018] MISSING_CENTRAL: SR3Mu/Central/bjets/2/py in Skim_TriLep_WWG.root
2026-05-29 15:35:20,195 - INFO - [2016preVFP] MISSING_CENTRAL: SR3Mu/Central/bjets/2/py in Skim_TriLep_DYJets.root
2026-05-29 15:35:20,196 - INFO - [2016preVFP] MISSING_CENTRAL: SR3Mu/Central/bjets/2/py in Skim_TriLep_DYJets10to50.root
2026-05-29 15:35:20,223 - INFO - [2016preVFP] MISSING_CENTRAL: SR3Mu/Central/bjets/2/py in Skim_TriLep_WWG.root
2026-05-29 15:35:20,507 - INFO - [2016postVFP] MISSING_CENTRAL: SR3Mu/Central/bjets/2/py in Skim_TriLep_DYJets.root
2026-05-29 15:35:20,508 - INFO - [2016postVFP] MISSING_CENTRAL: SR3Mu/Central/bjets/2/py in Skim_TriLep_DYJets10to50.root
2026-05-29 15:35:20,527 - INFO - [2016postVFP] MISSING_CENTRAL: SR3Mu/Central/bjets/2/py in Skim_TriLep_WWG.root
2026-05-29 15:35:20,867 - INFO - [2017] MISSING_CENTRAL: SR3Mu/Central/bjets/2/py in Skim_TriLep_DYJets10to50.root
2026-05-29 15:35:20,888 - INFO - [2017] MISSING_CENTRAL: SR3Mu/Central/bjets/2/py in Skim_TriLep_WWG.root
2026-05-29 15:35:21,215 - INFO - [2018] MISSING_CENTRAL: SR3Mu/Central/bjets/2/py in Skim_TriLep_DYJets10to50.root
2026-05-29 15:35:21,235 - INFO - [2018] MISSING_CENTRAL: SR3Mu/Central/bjets/2/py in Skim_TriLep_WWG.root
2026-05-29 18:19:18,614 - INFO - [2016preVFP] MISSING_CENTRAL: SR3Mu/Central/bjets/2/py in Skim_TriLep_DYJets.root
2026-05-29 18:19:18,615 - INFO - [2016preVFP] MISSING_CENTRAL: SR3Mu/Central/bjets/2/py in Skim_TriLep_DYJets10to50.root
2026-05-29 18:19:18,641 - INFO - [2016preVFP] MISSING_CENTRAL: SR3Mu/Central/bjets/2/py in Skim_TriLep_WWG.root
2026-05-29 18:19:18,921 - INFO - [2016postVFP] MISSING_CENTRAL: SR3Mu/Central/bjets/2/py in Skim_TriLep_DYJets.root
2026-05-29 18:19:18,921 - INFO - [2016postVFP] MISSING_CENTRAL: SR3Mu/Central/bjets/2/py in Skim_TriLep_DYJets10to50.root
2026-05-29 18:19:18,941 - INFO - [2016postVFP] MISSING_CENTRAL: SR3Mu/Central/bjets/2/py in Skim_TriLep_WWG.root
2026-05-29 18:19:19,254 - INFO - [2017] MISSING_CENTRAL: SR3Mu/Central/bjets/2/py in Skim_TriLep_DYJets10to50.root
2026-05-29 18:19:19,275 - INFO - [2017] MISSING_CENTRAL: SR3Mu/Central/bjets/2/py in Skim_TriLep_WWG.root
2026-05-29 18:19:19,585 - INFO - [2018] MISSING_CENTRAL: SR3Mu/Central/bjets/2/py in Skim_TriLep_DYJets10to50.root
2026-05-29 18:19:19,606 - INFO - [2018] MISSING_CENTRAL: SR3Mu/Central/bjets/2/py in Skim_TriLep_WWG.root
2026-05-29 18:26:35,097 - INFO - [2016preVFP] MISSING_CENTRAL: SR3Mu/Central/bjets/2/py in Skim_TriLep_DYJets.root
2026-05-29 18:26:35,098 - INFO - [2016preVFP] MISSING_CENTRAL: SR3Mu/Central/bjets/2/py in Skim_TriLep_DYJets10to50.root
2026-05-29 18:26:35,126 - INFO - [2016preVFP] MISSING_CENTRAL: SR3Mu/Central/bjets/2/py in Skim_TriLep_WWG.root
2026-05-29 18:26:35,435 - INFO - [2016postVFP] MISSING_CENTRAL: SR3Mu/Central/bjets/2/py in Skim_TriLep_DYJets.root
2026-05-29 18:26:35,435 - INFO - [2016postVFP] MISSING_CENTRAL: SR3Mu/Central/bjets/2/py in Skim_TriLep_DYJets10to50.root
2026-05-29 18:26:35,457 - INFO - [2016postVFP] MISSING_CENTRAL: SR3Mu/Central/bjets/2/py in Skim_TriLep_WWG.root
2026-05-29 18:26:35,795 - INFO - [2017] MISSING_CENTRAL: SR3Mu/Central/bjets/2/py in Skim_TriLep_DYJets10to50.root
2026-05-29 18:26:35,817 - INFO - [2017] MISSING_CENTRAL: SR3Mu/Central/bjets/2/py in Skim_TriLep_WWG.root
2026-05-29 18:26:36,152 - INFO - [2018] MISSING_CENTRAL: SR3Mu/Central/bjets/2/py in Skim_TriLep_DYJets10to50.root
2026-05-29 18:26:36,174 - INFO - [2018] MISSING_CENTRAL: SR3Mu/Central/bjets/2/py in Skim_TriLep_WWG.root
2026-06-12 13:57:58,932 - INFO - [2016preVFP] MISSING_CENTRAL: SR3Mu/Central/bjets/2/py in Skim_TriLep_DYJets.root
2026-06-12 13:57:58,933 - INFO - [2016preVFP] MISSING_CENTRAL: SR3Mu/Central/bjets/2/py in Skim_TriLep_DYJets10to50.root
2026-06-12 13:57:58,958 - INFO - [2016preVFP] MISSING_CENTRAL: SR3Mu/Central/bjets/2/py in Skim_TriLep_WWG.root
2026-06-12 13:57:59,240 - INFO - [2016postVFP] MISSING_CENTRAL: SR3Mu/Central/bjets/2/py in Skim_TriLep_DYJets.root
2026-06-12 13:57:59,240 - INFO - [2016postVFP] MISSING_CENTRAL: SR3Mu/Central/bjets/2/py in Skim_TriLep_DYJets10to50.root
2026-06-12 13:57:59,261 - INFO - [2016postVFP] MISSING_CENTRAL: SR3Mu/Central/bjets/2/py in Skim_TriLep_WWG.root
2026-06-12 13:57:59,584 - INFO - [2017] MISSING_CENTRAL: SR3Mu/Central/bjets/2/py in Skim_TriLep_DYJets10to50.root
2026-06-12 13:57:59,603 - INFO - [2017] MISSING_CENTRAL: SR3Mu/Central/bjets/2/py in Skim_TriLep_WWG.root
2026-06-12 13:57:59,936 - INFO - [2018] MISSING_CENTRAL: SR3Mu/Central/bjets/2/py in Skim_TriLep_DYJets10to50.root
2026-06-12 13:57:59,959 - INFO - [2018] MISSING_CENTRAL: SR3Mu/Central/bjets/2/py in Skim_TriLep_WWG.root
2026-06-12 14:05:25,169 - INFO - [2016preVFP] MISSING_CENTRAL: SR3Mu/Central/bjets/2/py in Skim_TriLep_DYJets.root
2026-06-12 14:05:25,169 - INFO - [2016preVFP] MISSING_CENTRAL: SR3Mu/Central/bjets/2/py in Skim_TriLep_DYJets10to50.root
2026-06-12 14:05:25,197 - INFO - [2016preVFP] MISSING_CENTRAL: SR3Mu/Central/bjets/2/py in Skim_TriLep_WWG.root
2026-06-12 14:05:25,490 - INFO - [2016postVFP] MISSING_CENTRAL: SR3Mu/Central/bjets/2/py in Skim_TriLep_DYJets.root
2026-06-12 14:05:25,491 - INFO - [2016postVFP] MISSING_CENTRAL: SR3Mu/Central/bjets/2/py in Skim_TriLep_DYJets10to50.root
2026-06-12 14:05:25,510 - INFO - [2016postVFP] MISSING_CENTRAL: SR3Mu/Central/bjets/2/py in Skim_TriLep_WWG.root
2026-06-12 14:05:25,827 - INFO - [2017] MISSING_CENTRAL: SR3Mu/Central/bjets/2/py in Skim_TriLep_DYJets10to50.root
2026-06-12 14:05:25,849 - INFO - [2017] MISSING_CENTRAL: SR3Mu/Central/bjets/2/py in Skim_TriLep_WWG.root
2026-06-12 14:05:26,174 - INFO - [2018] MISSING_CENTRAL: SR3Mu/Central/bjets/2/py in Skim_TriLep_DYJets10to50.root
2026-06-12 14:05:26,196 - INFO - [2018] MISSING_CENTRAL: SR3Mu/Central/bjets/2/py in Skim_TriLep_WWG.root
2026-06-12 14:27:15,382 - INFO - [2016preVFP] MISSING_CENTRAL: SR3Mu/Central/bjets/2/py in Skim_TriLep_DYJets.root
2026-06-12 14:27:15,383 - INFO - [2016preVFP] MISSING_CENTRAL: SR3Mu/Central/bjets/2/py in Skim_TriLep_DYJets10to50.root
2026-06-12 14:27:15,411 - INFO - [2016preVFP] MISSING_CENTRAL: SR3Mu/Central/bjets/2/py in Skim_TriLep_WWG.root
2026-06-12 14:27:15,697 - INFO - [2016postVFP] MISSING_CENTRAL: SR3Mu/Central/bjets/2/py in Skim_TriLep_DYJets.root
2026-06-12 14:27:15,697 - INFO - [2016postVFP] MISSING_CENTRAL: SR3Mu/Central/bjets/2/py in Skim_TriLep_DYJets10to50.root
2026-06-12 14:27:15,717 - INFO - [2016postVFP] MISSING_CENTRAL: SR3Mu/Central/bjets/2/py in Skim_TriLep_WWG.root
2026-06-12 14:27:16,041 - INFO - [2017] MISSING_CENTRAL: SR3Mu/Central/bjets/2/py in Skim_TriLep_DYJets10to50.root
2026-06-12 14:27:16,062 - INFO - [2017] MISSING_CENTRAL: SR3Mu/Central/bjets/2/py in Skim_TriLep_WWG.root
2026-06-12 14:27:16,383 - INFO - [2018] MISSING_CENTRAL: SR3Mu/Central/bjets/2/py in Skim_TriLep_DYJets10to50.root
2026-06-12 14:27:16,401 - INFO - [2018] MISSING_CENTRAL: SR3Mu/Central/bjets/2/py in Skim_TriLep_WWG.root
2026-06-18 00:21:36,508 - INFO - [2016preVFP] MISSING_CENTRAL: SR3Mu/Central/bjets/2/py in Skim_TriLep_DYJets.root
2026-06-18 00:21:36,508 - INFO - [2016preVFP] MISSING_CENTRAL: SR3Mu/Central/bjets/2/py in Skim_TriLep_DYJets10to50.root
2026-06-18 00:21:36,538 - INFO - [2016preVFP] MISSING_CENTRAL: SR3Mu/Central/bjets/2/py in Skim_TriLep_WWG.root
2026-06-18 00:21:36,892 - INFO - [2016postVFP] MISSING_CENTRAL: SR3Mu/Central/bjets/2/py in Skim_TriLep_DYJets.root
2026-06-18 00:21:36,893 - INFO - [2016postVFP] MISSING_CENTRAL: SR3Mu/Central/bjets/2/py in Skim_TriLep_DYJets10to50.root
2026-06-18 00:21:36,914 - INFO - [2016postVFP] MISSING_CENTRAL: SR3Mu/Central/bjets/2/py in Skim_TriLep_WWG.root
2026-06-18 00:21:37,309 - INFO - [2017] MISSING_CENTRAL: SR3Mu/Central/bjets/2/py in Skim_TriLep_DYJets10to50.root
2026-06-18 00:21:37,331 - INFO - [2017] MISSING_CENTRAL: SR3Mu/Central/bjets/2/py in Skim_TriLep_WWG.root
2026-06-18 00:21:37,695 - INFO - [2018] MISSING_CENTRAL: SR3Mu/Central/bjets/2/py in Skim_TriLep_DYJets10to50.root
2026-06-18 00:21:37,718 - INFO - [2018] MISSING_CENTRAL: SR3Mu/Central/bjets/2/py in Skim_TriLep_WWG.root
