2025-09-24 15:52:53,943 - INFO - [2016preVFP] MISSING_CENTRAL: SR3Mu/Central/muons/2/eta in Skim_TriLep_DYJets10to50.root
2025-09-24 15:52:53,951 - INFO - [2016preVFP] MISSING_CENTRAL: SR3Mu/Central/muons/2/eta in Skim_TriLep_WWG.root
2025-09-24 15:52:54,117 - INFO - [2016postVFP] MISSING_CENTRAL: SR3Mu/Central/muons/2/eta in Skim_TriLep_DYJets.root
2025-09-24 15:52:54,118 - INFO - [2016postVFP] MISSING_CENTRAL: SR3Mu/Central/muons/2/eta in Skim_TriLep_DYJets10to50.root
2025-09-24 15:52:54,132 - INFO - [2016postVFP] MISSING_CENTRAL: SR3Mu/Central/muons/2/eta in Skim_TriLep_WWG.root
2025-09-24 15:52:54,323 - INFO - [2017] MISSING_CENTRAL: SR3Mu/Central/muons/2/eta in Skim_TriLep_DYJets10to50.root
2025-09-24 15:52:54,348 - INFO - [2017] MISSING_CENTRAL: SR3Mu/Central/muons/2/eta in Skim_TriLep_WWG.root
2025-09-24 15:52:54,652 - INFO - [2018] MISSING_CENTRAL: SR3Mu/Central/muons/2/eta in Skim_TriLep_DYJets10to50.root
2025-09-24 15:52:54,662 - INFO - [2018] MISSING_FILE: /Users/choij/Sync/workspace/ChargedHiggsAnalysisV3/SKNanoOutput/PromptSelector/Run3Mu_RunSyst/2018/Skim_TriLep_TTG.root
2025-09-24 15:52:54,719 - INFO - [2018] MISSING_FILE: /Users/choij/Sync/workspace/ChargedHiggsAnalysisV3/SKNanoOutput/PromptSelector/Run3Mu_RunSyst/2018/Skim_TriLep_TTHToNonbb.root
2025-09-24 15:52:54,777 - INFO - [2018] MISSING_FILE: /Users/choij/Sync/workspace/ChargedHiggsAnalysisV3/SKNanoOutput/PromptSelector/Run3Mu_RunSyst/2018/Skim_TriLep_tHq.root
2025-09-24 15:52:54,875 - INFO - [2018] MISSING_FILE: /Users/choij/Sync/workspace/ChargedHiggsAnalysisV3/SKNanoOutput/PromptSelector/Run3Mu_RunSyst/2018/Skim_TriLep_VBFHToZZTo4L.root
2025-10-02 21:15:38,171 - INFO - [2016preVFP] MISSING_CENTRAL: SR3Mu/Central/muons/2/eta in Skim_TriLep_DYJets10to50.root
2025-10-02 21:15:38,232 - INFO - [2016preVFP] MISSING_CENTRAL: SR3Mu/Central/muons/2/eta in Skim_TriLep_WWG.root
2025-10-02 21:15:38,567 - INFO - [2016postVFP] MISSING_CENTRAL: SR3Mu/Central/muons/2/eta in Skim_TriLep_DYJets.root
2025-10-02 21:15:38,569 - INFO - [2016postVFP] MISSING_CENTRAL: SR3Mu/Central/muons/2/eta in Skim_TriLep_DYJets10to50.root
2025-10-02 21:15:38,618 - INFO - [2016postVFP] MISSING_CENTRAL: SR3Mu/Central/muons/2/eta in Skim_TriLep_WWG.root
2025-10-02 21:15:39,003 - INFO - [2017] MISSING_CENTRAL: SR3Mu/Central/muons/2/eta in Skim_TriLep_DYJets10to50.root
2025-10-02 21:15:39,131 - INFO - [2017] MISSING_CENTRAL: SR3Mu/Central/muons/2/eta in Skim_TriLep_WWG.root
2025-10-02 21:15:39,701 - INFO - [2018] MISSING_CENTRAL: SR3Mu/Central/muons/2/eta in Skim_TriLep_DYJets10to50.root
2025-10-02 21:15:39,714 - INFO - [2018] MISSING_FILE: /data9/Users/choij/Sync/workspace/ChargedHiggsAnalysisV3/SKNanoOutput/PromptSelector/Run3Mu_RunSyst/2018/Skim_TriLep_TTG.root
2025-10-02 21:15:39,763 - INFO - [2018] MISSING_FILE: /data9/Users/choij/Sync/workspace/ChargedHiggsAnalysisV3/SKNanoOutput/PromptSelector/Run3Mu_RunSyst/2018/Skim_TriLep_TTHToNonbb.root
2025-10-02 21:15:39,876 - INFO - [2018] MISSING_FILE: /data9/Users/choij/Sync/workspace/ChargedHiggsAnalysisV3/SKNanoOutput/PromptSelector/Run3Mu_RunSyst/2018/Skim_TriLep_tHq.root
2025-10-02 21:15:40,008 - INFO - [2018] MISSING_FILE: /data9/Users/choij/Sync/workspace/ChargedHiggsAnalysisV3/SKNanoOutput/PromptSelector/Run3Mu_RunSyst/2018/Skim_TriLep_VBFHToZZTo4L.root
2025-10-03 00:05:05,992 - INFO - [2016preVFP] MISSING_CENTRAL: SR3Mu/Central/muons/2/eta in Skim_TriLep_DYJets10to50.root
2025-10-03 00:05:05,999 - INFO - [2016preVFP] MISSING_CENTRAL: SR3Mu/Central/muons/2/eta in Skim_TriLep_WWG.root
2025-10-03 00:05:06,144 - INFO - [2016postVFP] MISSING_CENTRAL: SR3Mu/Central/muons/2/eta in Skim_TriLep_DYJets.root
2025-10-03 00:05:06,144 - INFO - [2016postVFP] MISSING_CENTRAL: SR3Mu/Central/muons/2/eta in Skim_TriLep_DYJets10to50.root
2025-10-03 00:05:06,153 - INFO - [2016postVFP] MISSING_CENTRAL: SR3Mu/Central/muons/2/eta in Skim_TriLep_WWG.root
2025-10-03 00:05:06,314 - INFO - [2017] MISSING_CENTRAL: SR3Mu/Central/muons/2/eta in Skim_TriLep_DYJets10to50.root
2025-10-03 00:05:06,323 - INFO - [2017] MISSING_CENTRAL: SR3Mu/Central/muons/2/eta in Skim_TriLep_WWG.root
2025-10-03 00:05:06,470 - INFO - [2018] MISSING_CENTRAL: SR3Mu/Central/muons/2/eta in Skim_TriLep_DYJets10to50.root
2025-10-03 00:05:06,475 - INFO - [2018] MISSING_FILE: /Users/choij/Sync/workspace/ChargedHiggsAnalysisV3/SKNanoOutput/PromptSelector/Run3Mu_RunSyst/2018/Skim_TriLep_TTG.root
2025-10-03 00:05:06,506 - INFO - [2018] MISSING_FILE: /Users/choij/Sync/workspace/ChargedHiggsAnalysisV3/SKNanoOutput/PromptSelector/Run3Mu_RunSyst/2018/Skim_TriLep_TTHToNonbb.root
2025-10-03 00:05:06,558 - INFO - [2018] MISSING_FILE: /Users/choij/Sync/workspace/ChargedHiggsAnalysisV3/SKNanoOutput/PromptSelector/Run3Mu_RunSyst/2018/Skim_TriLep_tHq.root
2025-10-03 00:05:06,649 - INFO - [2018] MISSING_FILE: /Users/choij/Sync/workspace/ChargedHiggsAnalysisV3/SKNanoOutput/PromptSelector/Run3Mu_RunSyst/2018/Skim_TriLep_VBFHToZZTo4L.root
2025-11-05 20:29:22,117 - INFO - [2016preVFP] MISSING_CENTRAL: SR3Mu/Central/muons/2/eta in Skim_TriLep_DYJets.root
2025-11-05 20:29:22,118 - INFO - [2016preVFP] MISSING_CENTRAL: SR3Mu/Central/muons/2/eta in Skim_TriLep_DYJets10to50.root
2025-11-05 20:29:22,135 - INFO - [2016preVFP] MISSING_CENTRAL: SR3Mu/Central/muons/2/eta in Skim_TriLep_WWG.root
2025-11-05 20:29:22,231 - INFO - [2016postVFP] MISSING_CENTRAL: SR3Mu/Central/muons/2/eta in Skim_TriLep_DYJets.root
2025-11-05 20:29:22,231 - INFO - [2016postVFP] MISSING_CENTRAL: SR3Mu/Central/muons/2/eta in Skim_TriLep_DYJets10to50.root
2025-11-05 20:29:22,245 - INFO - [2016postVFP] MISSING_CENTRAL: SR3Mu/Central/muons/2/eta in Skim_TriLep_WWG.root
2025-11-05 20:29:22,352 - INFO - [2017] MISSING_CENTRAL: SR3Mu/Central/muons/2/eta in Skim_TriLep_DYJets10to50.root
2025-11-05 20:29:22,367 - INFO - [2017] MISSING_CENTRAL: SR3Mu/Central/muons/2/eta in Skim_TriLep_WWG.root
2025-11-05 20:29:22,476 - INFO - [2018] MISSING_CENTRAL: SR3Mu/Central/muons/2/eta in Skim_TriLep_DYJets10to50.root
2025-11-05 21:34:23,533 - INFO - [2016preVFP] MISSING_CENTRAL: SR3Mu/Central/muons/2/eta in Skim_TriLep_DYJets.root
2025-11-05 21:34:23,533 - INFO - [2016preVFP] MISSING_CENTRAL: SR3Mu/Central/muons/2/eta in Skim_TriLep_DYJets10to50.root
2025-11-05 21:34:23,551 - INFO - [2016preVFP] MISSING_CENTRAL: SR3Mu/Central/muons/2/eta in Skim_TriLep_WWG.root
2025-11-05 21:34:23,646 - INFO - [2016postVFP] MISSING_CENTRAL: SR3Mu/Central/muons/2/eta in Skim_TriLep_DYJets.root
2025-11-05 21:34:23,646 - INFO - [2016postVFP] MISSING_CENTRAL: SR3Mu/Central/muons/2/eta in Skim_TriLep_DYJets10to50.root
2025-11-05 21:34:23,660 - INFO - [2016postVFP] MISSING_CENTRAL: SR3Mu/Central/muons/2/eta in Skim_TriLep_WWG.root
2025-11-05 21:34:23,765 - INFO - [2017] MISSING_CENTRAL: SR3Mu/Central/muons/2/eta in Skim_TriLep_DYJets10to50.root
2025-11-05 21:34:23,779 - INFO - [2017] MISSING_CENTRAL: SR3Mu/Central/muons/2/eta in Skim_TriLep_WWG.root
2025-11-05 21:34:23,887 - INFO - [2018] MISSING_CENTRAL: SR3Mu/Central/muons/2/eta in Skim_TriLep_DYJets10to50.root
2025-11-05 21:39:43,981 - INFO - [2016preVFP] MISSING_CENTRAL: SR3Mu/Central/muons/2/eta in Skim_TriLep_DYJets.root
2025-11-05 21:39:43,981 - INFO - [2016preVFP] MISSING_CENTRAL: SR3Mu/Central/muons/2/eta in Skim_TriLep_DYJets10to50.root
2025-11-05 21:39:43,999 - INFO - [2016preVFP] MISSING_CENTRAL: SR3Mu/Central/muons/2/eta in Skim_TriLep_WWG.root
2025-11-05 21:39:44,098 - INFO - [2016postVFP] MISSING_CENTRAL: SR3Mu/Central/muons/2/eta in Skim_TriLep_DYJets.root
2025-11-05 21:39:44,098 - INFO - [2016postVFP] MISSING_CENTRAL: SR3Mu/Central/muons/2/eta in Skim_TriLep_DYJets10to50.root
2025-11-05 21:39:44,113 - INFO - [2016postVFP] MISSING_CENTRAL: SR3Mu/Central/muons/2/eta in Skim_TriLep_WWG.root
2025-11-05 21:39:44,223 - INFO - [2017] MISSING_CENTRAL: SR3Mu/Central/muons/2/eta in Skim_TriLep_DYJets10to50.root
2025-11-05 21:39:44,238 - INFO - [2017] MISSING_CENTRAL: SR3Mu/Central/muons/2/eta in Skim_TriLep_WWG.root
2025-11-05 21:39:44,345 - INFO - [2018] MISSING_CENTRAL: SR3Mu/Central/muons/2/eta in Skim_TriLep_DYJets10to50.root
2025-11-05 22:03:33,650 - INFO - [2016preVFP] MISSING_CENTRAL: SR3Mu/Central/muons/2/eta in Skim_TriLep_DYJets.root
2025-11-05 22:03:33,651 - INFO - [2016preVFP] MISSING_CENTRAL: SR3Mu/Central/muons/2/eta in Skim_TriLep_DYJets10to50.root
2025-11-05 22:03:33,673 - INFO - [2016preVFP] MISSING_CENTRAL: SR3Mu/Central/muons/2/eta in Skim_TriLep_WWG.root
2025-11-05 22:03:33,780 - INFO - [2016postVFP] MISSING_CENTRAL: SR3Mu/Central/muons/2/eta in Skim_TriLep_DYJets.root
2025-11-05 22:03:33,780 - INFO - [2016postVFP] MISSING_CENTRAL: SR3Mu/Central/muons/2/eta in Skim_TriLep_DYJets10to50.root
2025-11-05 22:03:33,796 - INFO - [2016postVFP] MISSING_CENTRAL: SR3Mu/Central/muons/2/eta in Skim_TriLep_WWG.root
2025-11-05 22:03:33,913 - INFO - [2017] MISSING_CENTRAL: SR3Mu/Central/muons/2/eta in Skim_TriLep_DYJets10to50.root
2025-11-05 22:03:33,928 - INFO - [2017] MISSING_CENTRAL: SR3Mu/Central/muons/2/eta in Skim_TriLep_WWG.root
2025-11-05 22:03:34,049 - INFO - [2018] MISSING_CENTRAL: SR3Mu/Central/muons/2/eta in Skim_TriLep_DYJets10to50.root
2025-11-05 22:19:18,388 - INFO - [2016preVFP] MISSING_CENTRAL: SR3Mu/Central/muons/2/eta in Skim_TriLep_DYJets.root
2025-11-05 22:19:18,388 - INFO - [2016preVFP] MISSING_CENTRAL: SR3Mu/Central/muons/2/eta in Skim_TriLep_DYJets10to50.root
2025-11-05 22:19:18,406 - INFO - [2016preVFP] MISSING_CENTRAL: SR3Mu/Central/muons/2/eta in Skim_TriLep_WWG.root
2025-11-05 22:19:18,502 - INFO - [2016postVFP] MISSING_CENTRAL: SR3Mu/Central/muons/2/eta in Skim_TriLep_DYJets.root
2025-11-05 22:19:18,502 - INFO - [2016postVFP] MISSING_CENTRAL: SR3Mu/Central/muons/2/eta in Skim_TriLep_DYJets10to50.root
2025-11-05 22:19:18,516 - INFO - [2016postVFP] MISSING_CENTRAL: SR3Mu/Central/muons/2/eta in Skim_TriLep_WWG.root
2025-11-05 22:19:18,624 - INFO - [2017] MISSING_CENTRAL: SR3Mu/Central/muons/2/eta in Skim_TriLep_DYJets10to50.root
2025-11-05 22:19:18,639 - INFO - [2017] MISSING_CENTRAL: SR3Mu/Central/muons/2/eta in Skim_TriLep_WWG.root
2025-11-05 22:19:18,752 - INFO - [2018] MISSING_CENTRAL: SR3Mu/Central/muons/2/eta in Skim_TriLep_DYJets10to50.root
2025-11-05 23:23:51,916 - INFO - [2016preVFP] MISSING_CENTRAL: SR3Mu/Central/muons/2/eta in Skim_TriLep_DYJets.root
2025-11-05 23:23:51,917 - INFO - [2016preVFP] MISSING_CENTRAL: SR3Mu/Central/muons/2/eta in Skim_TriLep_DYJets10to50.root
2025-11-05 23:23:51,934 - INFO - [2016preVFP] MISSING_CENTRAL: SR3Mu/Central/muons/2/eta in Skim_TriLep_WWG.root
2025-11-05 23:23:52,035 - INFO - [2016postVFP] MISSING_CENTRAL: SR3Mu/Central/muons/2/eta in Skim_TriLep_DYJets.root
2025-11-05 23:23:52,036 - INFO - [2016postVFP] MISSING_CENTRAL: SR3Mu/Central/muons/2/eta in Skim_TriLep_DYJets10to50.root
2025-11-05 23:23:52,052 - INFO - [2016postVFP] MISSING_CENTRAL: SR3Mu/Central/muons/2/eta in Skim_TriLep_WWG.root
2025-11-05 23:23:52,166 - INFO - [2017] MISSING_CENTRAL: SR3Mu/Central/muons/2/eta in Skim_TriLep_DYJets10to50.root
2025-11-05 23:23:52,181 - INFO - [2017] MISSING_CENTRAL: SR3Mu/Central/muons/2/eta in Skim_TriLep_WWG.root
2025-11-05 23:23:52,297 - INFO - [2018] MISSING_CENTRAL: SR3Mu/Central/muons/2/eta in Skim_TriLep_DYJets10to50.root
2025-11-07 12:27:03,250 - INFO - [2016preVFP] MISSING_CENTRAL: SR3Mu/Central/muons/2/eta in Skim_TriLep_DYJets.root
2025-11-07 12:27:03,251 - INFO - [2016preVFP] MISSING_CENTRAL: SR3Mu/Central/muons/2/eta in Skim_TriLep_DYJets10to50.root
2025-11-07 12:27:03,269 - INFO - [2016preVFP] MISSING_CENTRAL: SR3Mu/Central/muons/2/eta in Skim_TriLep_WWG.root
2025-11-07 12:27:03,362 - INFO - [2016postVFP] MISSING_CENTRAL: SR3Mu/Central/muons/2/eta in Skim_TriLep_DYJets.root
2025-11-07 12:27:03,363 - INFO - [2016postVFP] MISSING_CENTRAL: SR3Mu/Central/muons/2/eta in Skim_TriLep_DYJets10to50.root
2025-11-07 12:27:03,377 - INFO - [2016postVFP] MISSING_CENTRAL: SR3Mu/Central/muons/2/eta in Skim_TriLep_WWG.root
2025-11-07 12:27:03,483 - INFO - [2017] MISSING_CENTRAL: SR3Mu/Central/muons/2/eta in Skim_TriLep_DYJets10to50.root
2025-11-07 12:27:03,496 - INFO - [2017] MISSING_CENTRAL: SR3Mu/Central/muons/2/eta in Skim_TriLep_WWG.root
2025-11-07 12:27:03,608 - INFO - [2018] MISSING_CENTRAL: SR3Mu/Central/muons/2/eta in Skim_TriLep_DYJets10to50.root
2025-11-07 13:07:38,913 - INFO - [2016preVFP] MISSING_CENTRAL: SR3Mu/Central/muons/2/eta in Skim_TriLep_DYJets.root
2025-11-07 13:07:38,914 - INFO - [2016preVFP] MISSING_CENTRAL: SR3Mu/Central/muons/2/eta in Skim_TriLep_DYJets10to50.root
2025-11-07 13:07:38,931 - INFO - [2016preVFP] MISSING_CENTRAL: SR3Mu/Central/muons/2/eta in Skim_TriLep_WWG.root
2025-11-07 13:07:39,024 - INFO - [2016postVFP] MISSING_CENTRAL: SR3Mu/Central/muons/2/eta in Skim_TriLep_DYJets.root
2025-11-07 13:07:39,025 - INFO - [2016postVFP] MISSING_CENTRAL: SR3Mu/Central/muons/2/eta in Skim_TriLep_DYJets10to50.root
2025-11-07 13:07:39,038 - INFO - [2016postVFP] MISSING_CENTRAL: SR3Mu/Central/muons/2/eta in Skim_TriLep_WWG.root
2025-11-07 13:07:39,142 - INFO - [2017] MISSING_CENTRAL: SR3Mu/Central/muons/2/eta in Skim_TriLep_DYJets10to50.root
2025-11-07 13:07:39,156 - INFO - [2017] MISSING_CENTRAL: SR3Mu/Central/muons/2/eta in Skim_TriLep_WWG.root
2025-11-07 13:07:39,265 - INFO - [2018] MISSING_CENTRAL: SR3Mu/Central/muons/2/eta in Skim_TriLep_DYJets10to50.root
2025-11-07 14:05:56,879 - INFO - [2016preVFP] MISSING_CENTRAL: SR3Mu/Central/muons/2/eta in Skim_TriLep_DYJets.root
2025-11-07 14:05:56,880 - INFO - [2016preVFP] MISSING_CENTRAL: SR3Mu/Central/muons/2/eta in Skim_TriLep_DYJets10to50.root
2025-11-07 14:05:56,897 - INFO - [2016preVFP] MISSING_CENTRAL: SR3Mu/Central/muons/2/eta in Skim_TriLep_WWG.root
2025-11-07 14:05:56,987 - INFO - [2016postVFP] MISSING_CENTRAL: SR3Mu/Central/muons/2/eta in Skim_TriLep_DYJets.root
2025-11-07 14:05:56,988 - INFO - [2016postVFP] MISSING_CENTRAL: SR3Mu/Central/muons/2/eta in Skim_TriLep_DYJets10to50.root
2025-11-07 14:05:57,001 - INFO - [2016postVFP] MISSING_CENTRAL: SR3Mu/Central/muons/2/eta in Skim_TriLep_WWG.root
2025-11-07 14:05:57,103 - INFO - [2017] MISSING_CENTRAL: SR3Mu/Central/muons/2/eta in Skim_TriLep_DYJets10to50.root
2025-11-07 14:05:57,116 - INFO - [2017] MISSING_CENTRAL: SR3Mu/Central/muons/2/eta in Skim_TriLep_WWG.root
2025-11-07 14:05:57,220 - INFO - [2018] MISSING_CENTRAL: SR3Mu/Central/muons/2/eta in Skim_TriLep_DYJets10to50.root
2025-11-10 05:58:33,301 - INFO - [2016preVFP] MISSING_CENTRAL: SR3Mu/Central/muons/2/eta in Skim_TriLep_DYJets.root
2025-11-10 05:58:33,303 - INFO - [2016preVFP] MISSING_CENTRAL: SR3Mu/Central/muons/2/eta in Skim_TriLep_DYJets10to50.root
2025-11-10 05:58:33,334 - INFO - [2016preVFP] MISSING_CENTRAL: SR3Mu/Central/muons/2/eta in Skim_TriLep_WWG.root
2025-11-10 05:58:34,067 - INFO - [2016postVFP] MISSING_CENTRAL: SR3Mu/Central/muons/2/eta in Skim_TriLep_DYJets.root
2025-11-10 05:58:34,070 - INFO - [2016postVFP] MISSING_CENTRAL: SR3Mu/Central/muons/2/eta in Skim_TriLep_DYJets10to50.root
2025-11-10 05:58:34,144 - INFO - [2016postVFP] MISSING_CENTRAL: SR3Mu/Central/muons/2/eta in Skim_TriLep_WWG.root
2025-11-10 05:58:34,789 - INFO - [2017] MISSING_CENTRAL: SR3Mu/Central/muons/2/eta in Skim_TriLep_DYJets10to50.root
2025-11-10 05:58:34,836 - INFO - [2017] MISSING_CENTRAL: SR3Mu/Central/muons/2/eta in Skim_TriLep_WWG.root
2025-11-10 05:58:35,320 - INFO - [2018] MISSING_CENTRAL: SR3Mu/Central/muons/2/eta in Skim_TriLep_DYJets10to50.root
2025-11-10 12:21:00,768 - INFO - [2016preVFP] MISSING_CENTRAL: SR3Mu/Central/muons/2/eta in Skim_TriLep_DYJets.root
2025-11-10 12:21:00,769 - INFO - [2016preVFP] MISSING_CENTRAL: SR3Mu/Central/muons/2/eta in Skim_TriLep_DYJets10to50.root
2025-11-10 12:21:00,786 - INFO - [2016preVFP] MISSING_CENTRAL: SR3Mu/Central/muons/2/eta in Skim_TriLep_WWG.root
2025-11-10 12:21:00,877 - INFO - [2016postVFP] MISSING_CENTRAL: SR3Mu/Central/muons/2/eta in Skim_TriLep_DYJets.root
2025-11-10 12:21:00,877 - INFO - [2016postVFP] MISSING_CENTRAL: SR3Mu/Central/muons/2/eta in Skim_TriLep_DYJets10to50.root
2025-11-10 12:21:00,891 - INFO - [2016postVFP] MISSING_CENTRAL: SR3Mu/Central/muons/2/eta in Skim_TriLep_WWG.root
2025-11-10 12:21:00,993 - INFO - [2017] MISSING_CENTRAL: SR3Mu/Central/muons/2/eta in Skim_TriLep_DYJets10to50.root
2025-11-10 12:21:01,007 - INFO - [2017] MISSING_CENTRAL: SR3Mu/Central/muons/2/eta in Skim_TriLep_WWG.root
2025-11-10 12:21:01,113 - INFO - [2018] MISSING_CENTRAL: SR3Mu/Central/muons/2/eta in Skim_TriLep_DYJets10to50.root
2025-11-13 11:10:32,419 - INFO - [2016preVFP] MISSING_CENTRAL: SR3Mu/Central/muons/2/eta in Skim_TriLep_DYJets.root
2025-11-13 11:10:32,422 - INFO - [2016preVFP] MISSING_CENTRAL: SR3Mu/Central/muons/2/eta in Skim_TriLep_DYJets10to50.root
2025-11-13 11:10:32,456 - INFO - [2016preVFP] MISSING_CENTRAL: SR3Mu/Central/muons/2/eta in Skim_TriLep_WWG.root
2025-11-13 11:10:32,778 - INFO - [2016postVFP] MISSING_CENTRAL: SR3Mu/Central/muons/2/eta in Skim_TriLep_DYJets.root
2025-11-13 11:10:32,780 - INFO - [2016postVFP] MISSING_CENTRAL: SR3Mu/Central/muons/2/eta in Skim_TriLep_DYJets10to50.root
2025-11-13 11:10:32,820 - INFO - [2016postVFP] MISSING_CENTRAL: SR3Mu/Central/muons/2/eta in Skim_TriLep_WWG.root
2025-11-13 11:10:33,019 - INFO - [2017] MISSING_CENTRAL: SR3Mu/Central/muons/2/eta in Skim_TriLep_DYJets10to50.root
2025-11-13 11:10:33,046 - INFO - [2017] MISSING_CENTRAL: SR3Mu/Central/muons/2/eta in Skim_TriLep_WWG.root
2025-11-13 11:10:33,255 - INFO - [2018] MISSING_CENTRAL: SR3Mu/Central/muons/2/eta in Skim_TriLep_DYJets10to50.root
2025-11-13 19:54:45,482 - INFO - [2016preVFP] MISSING_CENTRAL: SR3Mu/Central/muons/2/eta in Skim_TriLep_DYJets.root
2025-11-13 19:54:45,482 - INFO - [2016preVFP] MISSING_CENTRAL: SR3Mu/Central/muons/2/eta in Skim_TriLep_DYJets10to50.root
2025-11-13 19:54:45,499 - INFO - [2016preVFP] MISSING_CENTRAL: SR3Mu/Central/muons/2/eta in Skim_TriLep_WWG.root
2025-11-13 19:54:45,616 - INFO - [2016postVFP] MISSING_CENTRAL: SR3Mu/Central/muons/2/eta in Skim_TriLep_DYJets.root
2025-11-13 19:54:45,617 - INFO - [2016postVFP] MISSING_CENTRAL: SR3Mu/Central/muons/2/eta in Skim_TriLep_DYJets10to50.root
2025-11-13 19:54:45,631 - INFO - [2016postVFP] MISSING_CENTRAL: SR3Mu/Central/muons/2/eta in Skim_TriLep_WWG.root
2025-11-13 19:54:45,740 - INFO - [2017] MISSING_CENTRAL: SR3Mu/Central/muons/2/eta in Skim_TriLep_DYJets10to50.root
2025-11-13 19:54:45,755 - INFO - [2017] MISSING_CENTRAL: SR3Mu/Central/muons/2/eta in Skim_TriLep_WWG.root
2025-11-13 19:54:45,867 - INFO - [2018] MISSING_CENTRAL: SR3Mu/Central/muons/2/eta in Skim_TriLep_DYJets10to50.root
2025-11-13 20:01:40,512 - INFO - [2016preVFP] MISSING_CENTRAL: SR3Mu/Central/muons/2/eta in Skim_TriLep_DYJets.root
2025-11-13 20:01:40,512 - INFO - [2016preVFP] MISSING_CENTRAL: SR3Mu/Central/muons/2/eta in Skim_TriLep_DYJets10to50.root
2025-11-13 20:01:40,530 - INFO - [2016preVFP] MISSING_CENTRAL: SR3Mu/Central/muons/2/eta in Skim_TriLep_WWG.root
2025-11-13 20:01:40,622 - INFO - [2016postVFP] MISSING_CENTRAL: SR3Mu/Central/muons/2/eta in Skim_TriLep_DYJets.root
2025-11-13 20:01:40,623 - INFO - [2016postVFP] MISSING_CENTRAL: SR3Mu/Central/muons/2/eta in Skim_TriLep_DYJets10to50.root
2025-11-13 20:01:40,637 - INFO - [2016postVFP] MISSING_CENTRAL: SR3Mu/Central/muons/2/eta in Skim_TriLep_WWG.root
2025-11-13 20:01:40,744 - INFO - [2017] MISSING_CENTRAL: SR3Mu/Central/muons/2/eta in Skim_TriLep_DYJets10to50.root
2025-11-13 20:01:40,758 - INFO - [2017] MISSING_CENTRAL: SR3Mu/Central/muons/2/eta in Skim_TriLep_WWG.root
2025-11-13 20:01:40,869 - INFO - [2018] MISSING_CENTRAL: SR3Mu/Central/muons/2/eta in Skim_TriLep_DYJets10to50.root
2025-11-19 16:23:23,739 - INFO - [2016preVFP] MISSING_CENTRAL: SR3Mu/Central/muons/2/eta in Skim_TriLep_DYJets.root
2025-11-19 16:23:23,740 - INFO - [2016preVFP] MISSING_CENTRAL: SR3Mu/Central/muons/2/eta in Skim_TriLep_DYJets10to50.root
2025-11-19 16:23:23,757 - INFO - [2016preVFP] MISSING_CENTRAL: SR3Mu/Central/muons/2/eta in Skim_TriLep_WWG.root
2025-11-19 16:23:23,853 - INFO - [2016postVFP] MISSING_CENTRAL: SR3Mu/Central/muons/2/eta in Skim_TriLep_DYJets.root
2025-11-19 16:23:23,854 - INFO - [2016postVFP] MISSING_CENTRAL: SR3Mu/Central/muons/2/eta in Skim_TriLep_DYJets10to50.root
2025-11-19 16:23:23,867 - INFO - [2016postVFP] MISSING_CENTRAL: SR3Mu/Central/muons/2/eta in Skim_TriLep_WWG.root
2025-11-19 16:23:23,977 - INFO - [2017] MISSING_CENTRAL: SR3Mu/Central/muons/2/eta in Skim_TriLep_DYJets10to50.root
2025-11-19 16:23:23,992 - INFO - [2017] MISSING_CENTRAL: SR3Mu/Central/muons/2/eta in Skim_TriLep_WWG.root
2025-11-19 16:23:24,108 - INFO - [2018] MISSING_CENTRAL: SR3Mu/Central/muons/2/eta in Skim_TriLep_DYJets10to50.root
2025-12-17 22:37:49,449 - INFO - [2016preVFP] MISSING_CENTRAL: SR3Mu/Central/muons/2/eta in Skim_TriLep_DYJets10to50.root
2025-12-17 22:37:49,449 - INFO - [2016preVFP] MISSING_FILE: /data9/Users/choij/Sync/workspace/ChargedHiggsAnalysisV3/SKNanoOutput/PromptSelector/Run3Mu_RunSyst/2016preVFP/Skim_TriLep_ZGToLLG.root
2025-12-17 22:37:49,476 - INFO - [2016preVFP] MISSING_CENTRAL: SR3Mu/Central/muons/2/eta in Skim_TriLep_WWG.root
2025-12-17 22:37:49,703 - INFO - [2016postVFP] MISSING_CENTRAL: SR3Mu/Central/muons/2/eta in Skim_TriLep_DYJets10to50.root
2025-12-17 22:37:49,718 - INFO - [2016postVFP] MISSING_CENTRAL: SR3Mu/Central/muons/2/eta in Skim_TriLep_WWG.root
2025-12-17 22:37:49,928 - INFO - [2017] MISSING_CENTRAL: SR3Mu/Central/muons/2/eta in Skim_TriLep_DYJets10to50.root
2025-12-17 22:37:49,942 - INFO - [2017] MISSING_CENTRAL: SR3Mu/Central/muons/2/eta in Skim_TriLep_WWG.root
2025-12-17 22:37:50,156 - INFO - [2018] MISSING_CENTRAL: SR3Mu/Central/muons/2/eta in Skim_TriLep_DYJets10to50.root
2025-12-18 14:22:06,100 - INFO - [2016preVFP] MISSING_CENTRAL: SR3Mu/Central/muons/2/eta in Skim_TriLep_DYJets10to50.root
2025-12-18 14:22:06,101 - INFO - [2016preVFP] MISSING_FILE: /data9/Users/choij/Sync/workspace/ChargedHiggsAnalysisV3/SKNanoOutput/PromptSelector/Run3Mu_RunSyst/2016preVFP/Skim_TriLep_ZGToLLG.root
2025-12-18 14:22:06,159 - INFO - [2016preVFP] MISSING_CENTRAL: SR3Mu/Central/muons/2/eta in Skim_TriLep_WWG.root
2025-12-18 14:22:06,412 - INFO - [2016postVFP] MISSING_CENTRAL: SR3Mu/Central/muons/2/eta in Skim_TriLep_DYJets10to50.root
2025-12-18 14:22:06,425 - INFO - [2016postVFP] MISSING_CENTRAL: SR3Mu/Central/muons/2/eta in Skim_TriLep_WWG.root
2025-12-18 14:22:06,704 - INFO - [2017] MISSING_CENTRAL: SR3Mu/Central/muons/2/eta in Skim_TriLep_DYJets10to50.root
2025-12-18 14:22:06,718 - INFO - [2017] MISSING_CENTRAL: SR3Mu/Central/muons/2/eta in Skim_TriLep_WWG.root
2025-12-18 14:22:06,966 - INFO - [2018] MISSING_CENTRAL: SR3Mu/Central/muons/2/eta in Skim_TriLep_DYJets10to50.root
2025-12-18 14:37:31,328 - INFO - [2016preVFP] MISSING_CENTRAL: SR3Mu/Central/muons/2/eta in Skim_TriLep_DYJets10to50.root
2025-12-18 14:37:31,328 - INFO - [2016preVFP] MISSING_FILE: /data9/Users/choij/Sync/workspace/ChargedHiggsAnalysisV3/SKNanoOutput/PromptSelector/Run3Mu_RunSyst/2016preVFP/Skim_TriLep_ZGToLLG.root
2025-12-18 14:37:31,343 - INFO - [2016preVFP] MISSING_CENTRAL: SR3Mu/Central/muons/2/eta in Skim_TriLep_WWG.root
2025-12-18 14:37:31,597 - INFO - [2016postVFP] MISSING_CENTRAL: SR3Mu/Central/muons/2/eta in Skim_TriLep_DYJets10to50.root
2025-12-18 14:37:31,610 - INFO - [2016postVFP] MISSING_CENTRAL: SR3Mu/Central/muons/2/eta in Skim_TriLep_WWG.root
2025-12-18 14:37:31,840 - INFO - [2017] MISSING_CENTRAL: SR3Mu/Central/muons/2/eta in Skim_TriLep_DYJets10to50.root
2025-12-18 14:37:31,854 - INFO - [2017] MISSING_CENTRAL: SR3Mu/Central/muons/2/eta in Skim_TriLep_WWG.root
2025-12-18 14:37:32,106 - INFO - [2018] MISSING_CENTRAL: SR3Mu/Central/muons/2/eta in Skim_TriLep_DYJets10to50.root
2026-01-07 11:47:16,809 - INFO - [2016preVFP] MISSING_CENTRAL: SR3Mu/Central/muons/2/eta in Skim_TriLep_DYJets10to50.root
2026-01-07 11:47:16,809 - INFO - [2016preVFP] MISSING_FILE: /data9/Users/choij/Sync/workspace/ChargedHiggsAnalysisV3/SKNanoOutput/PromptSelector/Run3Mu_RunSyst/2016preVFP/Skim_TriLep_ZGToLLG.root
2026-01-07 11:47:16,820 - INFO - [2016preVFP] MISSING_CENTRAL: SR3Mu/Central/muons/2/eta in Skim_TriLep_WWG.root
2026-01-07 11:47:16,989 - INFO - [2016postVFP] MISSING_CENTRAL: SR3Mu/Central/muons/2/eta in Skim_TriLep_DYJets10to50.root
2026-01-07 11:47:17,001 - INFO - [2016postVFP] MISSING_CENTRAL: SR3Mu/Central/muons/2/eta in Skim_TriLep_WWG.root
2026-01-07 11:47:17,185 - INFO - [2017] MISSING_CENTRAL: SR3Mu/Central/muons/2/eta in Skim_TriLep_DYJets10to50.root
2026-01-07 11:47:17,198 - INFO - [2017] MISSING_CENTRAL: SR3Mu/Central/muons/2/eta in Skim_TriLep_WWG.root
2026-01-07 11:47:17,381 - INFO - [2018] MISSING_CENTRAL: SR3Mu/Central/muons/2/eta in Skim_TriLep_DYJets10to50.root
2026-01-07 18:44:02,373 - INFO - [2016preVFP] MISSING_CENTRAL: SR3Mu/Central/muons/2/eta in Skim_TriLep_DYJets10to50.root
2026-01-07 18:44:02,373 - INFO - [2016preVFP] MISSING_FILE: /data9/Users/choij/Sync/workspace/ChargedHiggsAnalysisV3/SKNanoOutput/PromptSelector/Run3Mu_RunSyst/2016preVFP/Skim_TriLep_ZGToLLG.root
2026-01-07 18:44:02,384 - INFO - [2016preVFP] MISSING_CENTRAL: SR3Mu/Central/muons/2/eta in Skim_TriLep_WWG.root
2026-01-07 18:44:02,557 - INFO - [2016postVFP] MISSING_CENTRAL: SR3Mu/Central/muons/2/eta in Skim_TriLep_DYJets10to50.root
2026-01-07 18:44:02,570 - INFO - [2016postVFP] MISSING_CENTRAL: SR3Mu/Central/muons/2/eta in Skim_TriLep_WWG.root
2026-01-07 18:44:02,756 - INFO - [2017] MISSING_CENTRAL: SR3Mu/Central/muons/2/eta in Skim_TriLep_DYJets10to50.root
2026-01-07 18:44:02,769 - INFO - [2017] MISSING_CENTRAL: SR3Mu/Central/muons/2/eta in Skim_TriLep_WWG.root
2026-01-07 18:44:02,958 - INFO - [2018] MISSING_CENTRAL: SR3Mu/Central/muons/2/eta in Skim_TriLep_DYJets10to50.root
2026-01-07 19:29:04,950 - INFO - [2016preVFP] MISSING_CENTRAL: SR3Mu/Central/muons/2/eta in Skim_TriLep_DYJets10to50.root
2026-01-07 19:29:04,951 - INFO - [2016preVFP] MISSING_FILE: /data9/Users/choij/Sync/workspace/ChargedHiggsAnalysisV3/SKNanoOutput/PromptSelector/Run3Mu_RunSyst/2016preVFP/Skim_TriLep_ZGToLLG.root
2026-01-07 19:29:04,963 - INFO - [2016preVFP] MISSING_CENTRAL: SR3Mu/Central/muons/2/eta in Skim_TriLep_WWG.root
2026-01-07 19:29:05,152 - INFO - [2016postVFP] MISSING_CENTRAL: SR3Mu/Central/muons/2/eta in Skim_TriLep_DYJets10to50.root
2026-01-07 19:29:05,164 - INFO - [2016postVFP] MISSING_CENTRAL: SR3Mu/Central/muons/2/eta in Skim_TriLep_WWG.root
2026-01-07 19:29:05,354 - INFO - [2017] MISSING_CENTRAL: SR3Mu/Central/muons/2/eta in Skim_TriLep_DYJets10to50.root
2026-01-07 19:29:05,367 - INFO - [2017] MISSING_CENTRAL: SR3Mu/Central/muons/2/eta in Skim_TriLep_WWG.root
2026-01-07 19:29:05,557 - INFO - [2018] MISSING_CENTRAL: SR3Mu/Central/muons/2/eta in Skim_TriLep_DYJets10to50.root
2026-01-09 12:18:05,545 - INFO - [2016preVFP] MISSING_CENTRAL: SR3Mu/Central/muons/2/eta in Skim_TriLep_DYJets10to50.root
2026-01-09 12:18:05,545 - INFO - [2016preVFP] MISSING_FILE: /home/choij/Sync/workspace/ChargedHiggsAnalysisV3/SKNanoOutput/PromptSelector/Run3Mu_RunSyst/2016preVFP/Skim_TriLep_ZGToLLG.root
2026-01-09 12:18:05,553 - INFO - [2016preVFP] MISSING_CENTRAL: SR3Mu/Central/muons/2/eta in Skim_TriLep_WWG.root
2026-01-09 12:18:05,653 - INFO - [2016postVFP] MISSING_CENTRAL: SR3Mu/Central/muons/2/eta in Skim_TriLep_DYJets10to50.root
2026-01-09 12:18:05,661 - INFO - [2016postVFP] MISSING_CENTRAL: SR3Mu/Central/muons/2/eta in Skim_TriLep_WWG.root
2026-01-09 12:18:05,767 - INFO - [2017] MISSING_CENTRAL: SR3Mu/Central/muons/2/eta in Skim_TriLep_DYJets10to50.root
2026-01-09 12:18:05,775 - INFO - [2017] MISSING_CENTRAL: SR3Mu/Central/muons/2/eta in Skim_TriLep_WWG.root
2026-01-09 12:18:05,883 - INFO - [2018] MISSING_CENTRAL: SR3Mu/Central/muons/2/eta in Skim_TriLep_DYJets10to50.root
2026-01-11 09:38:09,585 - INFO - [2016preVFP] MISSING_CENTRAL: SR3Mu/Central/muons/2/eta in Skim_TriLep_DYJets10to50.root
2026-01-11 09:38:09,586 - INFO - [2016preVFP] MISSING_FILE: /home/choij/Sync/workspace/ChargedHiggsAnalysisV3/SKNanoOutput/PromptSelector/Run3Mu_RunSyst/2016preVFP/Skim_TriLep_ZGToLLG.root
2026-01-11 09:38:09,593 - INFO - [2016preVFP] MISSING_CENTRAL: SR3Mu/Central/muons/2/eta in Skim_TriLep_WWG.root
2026-01-11 09:38:09,713 - INFO - [2016postVFP] MISSING_CENTRAL: SR3Mu/Central/muons/2/eta in Skim_TriLep_DYJets10to50.root
2026-01-11 09:38:09,722 - INFO - [2016postVFP] MISSING_CENTRAL: SR3Mu/Central/muons/2/eta in Skim_TriLep_WWG.root
2026-01-11 09:38:09,832 - INFO - [2017] MISSING_CENTRAL: SR3Mu/Central/muons/2/eta in Skim_TriLep_DYJets10to50.root
2026-01-11 09:38:09,839 - INFO - [2017] MISSING_CENTRAL: SR3Mu/Central/muons/2/eta in Skim_TriLep_WWG.root
2026-01-11 09:38:09,949 - INFO - [2018] MISSING_CENTRAL: SR3Mu/Central/muons/2/eta in Skim_TriLep_DYJets10to50.root
2026-01-12 13:46:48,794 - INFO - [2016preVFP] MISSING_FILE: /home/choij/Sync/workspace/ChargedHiggsAnalysisV3/SKNanoOutput/MatrixSelector/Run3Mu/2016preVFP/Skim_TriLep_DoubleMuon_B.root
2026-01-12 13:46:48,795 - INFO - [2016preVFP] MISSING_FILE: /home/choij/Sync/workspace/ChargedHiggsAnalysisV3/SKNanoOutput/MatrixSelector/Run3Mu/2016preVFP/Skim_TriLep_DoubleMuon_C.root
2026-01-12 13:46:48,795 - INFO - [2016preVFP] MISSING_FILE: /home/choij/Sync/workspace/ChargedHiggsAnalysisV3/SKNanoOutput/MatrixSelector/Run3Mu/2016preVFP/Skim_TriLep_DoubleMuon_D.root
2026-01-12 13:46:48,795 - INFO - [2016preVFP] MISSING_FILE: /home/choij/Sync/workspace/ChargedHiggsAnalysisV3/SKNanoOutput/MatrixSelector/Run3Mu/2016preVFP/Skim_TriLep_DoubleMuon_E.root
2026-01-12 13:46:48,795 - INFO - [2016preVFP] MISSING_FILE: /home/choij/Sync/workspace/ChargedHiggsAnalysisV3/SKNanoOutput/MatrixSelector/Run3Mu/2016preVFP/Skim_TriLep_DoubleMuon_F.root
2026-01-12 13:46:48,820 - INFO - [2016preVFP] MISSING_CENTRAL: SR3Mu/Central/muons/2/eta in Skim_TriLep_DYJets10to50.root
2026-01-12 13:46:48,821 - INFO - [2016preVFP] MISSING_FILE: /home/choij/Sync/workspace/ChargedHiggsAnalysisV3/SKNanoOutput/PromptSelector/Run3Mu_RunSyst/2016preVFP/Skim_TriLep_ZGToLLG.root
2026-01-12 13:46:48,829 - INFO - [2016preVFP] MISSING_CENTRAL: SR3Mu/Central/muons/2/eta in Skim_TriLep_WWG.root
2026-01-12 13:46:48,928 - INFO - [2016postVFP] MISSING_FILE: /home/choij/Sync/workspace/ChargedHiggsAnalysisV3/SKNanoOutput/MatrixSelector/Run3Mu/2016postVFP/Skim_TriLep_DoubleMuon_F.root
2026-01-12 13:46:48,929 - INFO - [2016postVFP] MISSING_FILE: /home/choij/Sync/workspace/ChargedHiggsAnalysisV3/SKNanoOutput/MatrixSelector/Run3Mu/2016postVFP/Skim_TriLep_DoubleMuon_G.root
2026-01-12 13:46:48,929 - INFO - [2016postVFP] MISSING_FILE: /home/choij/Sync/workspace/ChargedHiggsAnalysisV3/SKNanoOutput/MatrixSelector/Run3Mu/2016postVFP/Skim_TriLep_DoubleMuon_H.root
2026-01-12 13:46:48,937 - INFO - [2016postVFP] MISSING_CENTRAL: SR3Mu/Central/muons/2/eta in Skim_TriLep_DYJets10to50.root
2026-01-12 13:46:48,944 - INFO - [2016postVFP] MISSING_CENTRAL: SR3Mu/Central/muons/2/eta in Skim_TriLep_WWG.root
2026-01-12 13:46:49,040 - INFO - [2017] MISSING_FILE: /home/choij/Sync/workspace/ChargedHiggsAnalysisV3/SKNanoOutput/MatrixSelector/Run3Mu/2017/Skim_TriLep_DoubleMuon_B.root
2026-01-12 13:46:49,041 - INFO - [2017] MISSING_FILE: /home/choij/Sync/workspace/ChargedHiggsAnalysisV3/SKNanoOutput/MatrixSelector/Run3Mu/2017/Skim_TriLep_DoubleMuon_C.root
2026-01-12 13:46:49,041 - INFO - [2017] MISSING_FILE: /home/choij/Sync/workspace/ChargedHiggsAnalysisV3/SKNanoOutput/MatrixSelector/Run3Mu/2017/Skim_TriLep_DoubleMuon_D.root
2026-01-12 13:46:49,041 - INFO - [2017] MISSING_FILE: /home/choij/Sync/workspace/ChargedHiggsAnalysisV3/SKNanoOutput/MatrixSelector/Run3Mu/2017/Skim_TriLep_DoubleMuon_E.root
2026-01-12 13:46:49,041 - INFO - [2017] MISSING_FILE: /home/choij/Sync/workspace/ChargedHiggsAnalysisV3/SKNanoOutput/MatrixSelector/Run3Mu/2017/Skim_TriLep_DoubleMuon_F.root
2026-01-12 13:46:49,049 - INFO - [2017] MISSING_CENTRAL: SR3Mu/Central/muons/2/eta in Skim_TriLep_DYJets10to50.root
2026-01-12 13:46:49,056 - INFO - [2017] MISSING_CENTRAL: SR3Mu/Central/muons/2/eta in Skim_TriLep_WWG.root
2026-01-12 13:46:49,154 - INFO - [2018] MISSING_FILE: /home/choij/Sync/workspace/ChargedHiggsAnalysisV3/SKNanoOutput/MatrixSelector/Run3Mu/2018/Skim_TriLep_DoubleMuon_A.root
2026-01-12 13:46:49,154 - INFO - [2018] MISSING_FILE: /home/choij/Sync/workspace/ChargedHiggsAnalysisV3/SKNanoOutput/MatrixSelector/Run3Mu/2018/Skim_TriLep_DoubleMuon_B.root
2026-01-12 13:46:49,154 - INFO - [2018] MISSING_FILE: /home/choij/Sync/workspace/ChargedHiggsAnalysisV3/SKNanoOutput/MatrixSelector/Run3Mu/2018/Skim_TriLep_DoubleMuon_C.root
2026-01-12 13:46:49,154 - INFO - [2018] MISSING_FILE: /home/choij/Sync/workspace/ChargedHiggsAnalysisV3/SKNanoOutput/MatrixSelector/Run3Mu/2018/Skim_TriLep_DoubleMuon_D.root
2026-01-12 13:46:49,162 - INFO - [2018] MISSING_CENTRAL: SR3Mu/Central/muons/2/eta in Skim_TriLep_DYJets10to50.root
2026-01-16 19:01:55,342 - INFO - [2016preVFP] MISSING_CENTRAL: SR3Mu/Central/muons/2/eta in Skim_TriLep_DYJets10to50.root
2026-01-16 19:01:55,342 - INFO - [2016preVFP] MISSING_FILE: /home/choij/Sync/workspace/ChargedHiggsAnalysisV3/SKNanoOutput/PromptSelector/Run3Mu_RunSyst/2016preVFP/Skim_TriLep_ZGToLLG.root
2026-01-16 19:01:55,348 - INFO - [2016preVFP] MISSING_CENTRAL: SR3Mu/Central/muons/2/eta in Skim_TriLep_WWG.root
2026-01-16 19:01:55,456 - INFO - [2016postVFP] MISSING_CENTRAL: SR3Mu/Central/muons/2/eta in Skim_TriLep_DYJets10to50.root
2026-01-16 19:01:55,464 - INFO - [2016postVFP] MISSING_CENTRAL: SR3Mu/Central/muons/2/eta in Skim_TriLep_WWG.root
2026-01-16 19:01:55,583 - INFO - [2017] MISSING_CENTRAL: SR3Mu/Central/muons/2/eta in Skim_TriLep_DYJets10to50.root
2026-01-16 19:01:55,591 - INFO - [2017] MISSING_CENTRAL: SR3Mu/Central/muons/2/eta in Skim_TriLep_WWG.root
2026-01-16 19:01:55,711 - INFO - [2018] MISSING_CENTRAL: SR3Mu/Central/muons/2/eta in Skim_TriLep_DYJets10to50.root
2026-01-21 13:01:24,843 - INFO - [2016preVFP] MISSING_CENTRAL: SR3Mu/Central/muons/2/eta in Skim_TriLep_DYJets10to50.root
2026-01-21 13:01:24,843 - INFO - [2016preVFP] MISSING_FILE: /home/choij/Sync/workspace/ChargedHiggsAnalysisV3/SKNanoOutput/PromptSelector/Run3Mu_RunSyst/2016preVFP/Skim_TriLep_ZGToLLG.root
2026-01-21 13:01:24,863 - INFO - [2016preVFP] MISSING_CENTRAL: SR3Mu/Central/muons/2/eta in Skim_TriLep_WWG.root
2026-01-21 13:01:25,396 - INFO - [2016postVFP] MISSING_CENTRAL: SR3Mu/Central/muons/2/eta in Skim_TriLep_DYJets10to50.root
2026-01-21 13:01:25,420 - INFO - [2016postVFP] MISSING_CENTRAL: SR3Mu/Central/muons/2/eta in Skim_TriLep_WWG.root
2026-01-21 13:01:25,964 - INFO - [2017] MISSING_CENTRAL: SR3Mu/Central/muons/2/eta in Skim_TriLep_DYJets10to50.root
2026-01-21 13:01:25,992 - INFO - [2017] MISSING_CENTRAL: SR3Mu/Central/muons/2/eta in Skim_TriLep_WWG.root
2026-01-21 13:01:26,524 - INFO - [2018] MISSING_CENTRAL: SR3Mu/Central/muons/2/eta in Skim_TriLep_DYJets10to50.root
2026-01-21 14:49:56,276 - INFO - [2016preVFP] MISSING_CENTRAL: SR3Mu/Central/muons/2/eta in Skim_TriLep_DYJets10to50.root
2026-01-21 14:49:56,276 - INFO - [2016preVFP] MISSING_FILE: /home/choij/Sync/workspace/ChargedHiggsAnalysisV3/SKNanoOutput/PromptSelector/Run3Mu_RunSyst/2016preVFP/Skim_TriLep_ZGToLLG.root
2026-01-21 14:49:56,283 - INFO - [2016preVFP] MISSING_CENTRAL: SR3Mu/Central/muons/2/eta in Skim_TriLep_WWG.root
2026-01-21 14:49:56,391 - INFO - [2016postVFP] MISSING_CENTRAL: SR3Mu/Central/muons/2/eta in Skim_TriLep_DYJets10to50.root
2026-01-21 14:49:56,398 - INFO - [2016postVFP] MISSING_CENTRAL: SR3Mu/Central/muons/2/eta in Skim_TriLep_WWG.root
2026-01-21 14:49:56,506 - INFO - [2017] MISSING_CENTRAL: SR3Mu/Central/muons/2/eta in Skim_TriLep_DYJets10to50.root
2026-01-21 14:49:56,513 - INFO - [2017] MISSING_CENTRAL: SR3Mu/Central/muons/2/eta in Skim_TriLep_WWG.root
2026-01-21 14:49:56,636 - INFO - [2018] MISSING_CENTRAL: SR3Mu/Central/muons/2/eta in Skim_TriLep_DYJets10to50.root
2026-01-28 16:09:15,348 - INFO - [2016preVFP] MISSING_CENTRAL: SR3Mu/Central/muons/2/eta in Skim_TriLep_DYJets10to50.root
2026-01-28 16:09:15,356 - INFO - [2016preVFP] MISSING_CENTRAL: SR3Mu/Central/muons/2/eta in Skim_TriLep_WWG.root
2026-01-28 16:09:15,474 - INFO - [2016postVFP] MISSING_CENTRAL: SR3Mu/Central/muons/2/eta in Skim_TriLep_DYJets10to50.root
2026-01-28 16:09:15,482 - INFO - [2016postVFP] MISSING_CENTRAL: SR3Mu/Central/muons/2/eta in Skim_TriLep_WWG.root
2026-01-28 16:09:15,598 - INFO - [2017] MISSING_CENTRAL: SR3Mu/Central/muons/2/eta in Skim_TriLep_DYJets10to50.root
2026-01-28 16:09:15,606 - INFO - [2017] MISSING_CENTRAL: SR3Mu/Central/muons/2/eta in Skim_TriLep_WWG.root
2026-01-28 16:09:15,724 - INFO - [2018] MISSING_CENTRAL: SR3Mu/Central/muons/2/eta in Skim_TriLep_DYJets10to50.root
2026-01-28 17:21:30,377 - INFO - [2016preVFP] MISSING_CENTRAL: SR3Mu/Central/muons/2/eta in Skim_TriLep_DYJets10to50.root
2026-01-28 17:21:30,385 - INFO - [2016preVFP] MISSING_CENTRAL: SR3Mu/Central/muons/2/eta in Skim_TriLep_WWG.root
2026-01-28 17:21:30,515 - INFO - [2016postVFP] MISSING_CENTRAL: SR3Mu/Central/muons/2/eta in Skim_TriLep_DYJets10to50.root
2026-01-28 17:21:30,523 - INFO - [2016postVFP] MISSING_CENTRAL: SR3Mu/Central/muons/2/eta in Skim_TriLep_WWG.root
2026-01-28 17:21:30,658 - INFO - [2017] MISSING_CENTRAL: SR3Mu/Central/muons/2/eta in Skim_TriLep_DYJets10to50.root
2026-01-28 17:21:30,667 - INFO - [2017] MISSING_CENTRAL: SR3Mu/Central/muons/2/eta in Skim_TriLep_WWG.root
2026-01-28 17:21:30,810 - INFO - [2018] MISSING_CENTRAL: SR3Mu/Central/muons/2/eta in Skim_TriLep_DYJets10to50.root
2026-01-28 19:55:00,665 - INFO - [2016preVFP] MISSING_CENTRAL: SR3Mu/Central/muons/2/eta in Skim_TriLep_DYJets10to50.root
2026-01-28 19:55:00,674 - INFO - [2016preVFP] MISSING_CENTRAL: SR3Mu/Central/muons/2/eta in Skim_TriLep_WWG.root
2026-01-28 19:55:00,792 - INFO - [2016postVFP] MISSING_CENTRAL: SR3Mu/Central/muons/2/eta in Skim_TriLep_DYJets10to50.root
2026-01-28 19:55:00,800 - INFO - [2016postVFP] MISSING_CENTRAL: SR3Mu/Central/muons/2/eta in Skim_TriLep_WWG.root
2026-01-28 19:55:00,913 - INFO - [2017] MISSING_CENTRAL: SR3Mu/Central/muons/2/eta in Skim_TriLep_DYJets10to50.root
2026-01-28 19:55:00,921 - INFO - [2017] MISSING_CENTRAL: SR3Mu/Central/muons/2/eta in Skim_TriLep_WWG.root
2026-01-28 19:55:01,036 - INFO - [2018] MISSING_CENTRAL: SR3Mu/Central/muons/2/eta in Skim_TriLep_DYJets10to50.root
2026-01-29 07:12:14,273 - INFO - [2016preVFP] MISSING_CENTRAL: SR3Mu/Central/muons/2/eta in Skim_TriLep_DYJets10to50.root
2026-01-29 07:12:14,280 - INFO - [2016preVFP] MISSING_CENTRAL: SR3Mu/Central/muons/2/eta in Skim_TriLep_WWG.root
2026-01-29 07:12:14,379 - INFO - [2016postVFP] MISSING_CENTRAL: SR3Mu/Central/muons/2/eta in Skim_TriLep_DYJets10to50.root
2026-01-29 07:12:14,386 - INFO - [2016postVFP] MISSING_CENTRAL: SR3Mu/Central/muons/2/eta in Skim_TriLep_WWG.root
2026-01-29 07:12:14,492 - INFO - [2017] MISSING_CENTRAL: SR3Mu/Central/muons/2/eta in Skim_TriLep_DYJets10to50.root
2026-01-29 07:12:14,500 - INFO - [2017] MISSING_CENTRAL: SR3Mu/Central/muons/2/eta in Skim_TriLep_WWG.root
2026-01-29 07:12:14,611 - INFO - [2018] MISSING_CENTRAL: SR3Mu/Central/muons/2/eta in Skim_TriLep_DYJets10to50.root
2026-03-06 09:40:22,225 - INFO - [2016preVFP] MISSING_CENTRAL: SR3Mu/Central/muons/2/eta in Skim_TriLep_DYJets10to50.root
2026-03-06 09:40:22,232 - INFO - [2016preVFP] MISSING_CENTRAL: SR3Mu/Central/muons/2/eta in Skim_TriLep_WWG.root
2026-03-06 09:40:22,363 - INFO - [2016postVFP] MISSING_CENTRAL: SR3Mu/Central/muons/2/eta in Skim_TriLep_DYJets10to50.root
2026-03-06 09:40:22,369 - INFO - [2016postVFP] MISSING_CENTRAL: SR3Mu/Central/muons/2/eta in Skim_TriLep_WWG.root
2026-03-06 09:40:22,490 - INFO - [2017] MISSING_CENTRAL: SR3Mu/Central/muons/2/eta in Skim_TriLep_DYJets10to50.root
2026-03-06 09:40:22,497 - INFO - [2017] MISSING_CENTRAL: SR3Mu/Central/muons/2/eta in Skim_TriLep_WWG.root
2026-03-06 09:40:22,611 - INFO - [2018] MISSING_CENTRAL: SR3Mu/Central/muons/2/eta in Skim_TriLep_DYJets10to50.root
2026-03-06 19:46:10,140 - INFO - [2016preVFP] MISSING_CENTRAL: SR3Mu/Central/muons/2/eta in Skim_TriLep_DYJets10to50.root
2026-03-06 19:46:10,147 - INFO - [2016preVFP] MISSING_CENTRAL: SR3Mu/Central/muons/2/eta in Skim_TriLep_WWG.root
2026-03-06 19:46:10,252 - INFO - [2016postVFP] MISSING_CENTRAL: SR3Mu/Central/muons/2/eta in Skim_TriLep_DYJets10to50.root
2026-03-06 19:46:10,260 - INFO - [2016postVFP] MISSING_CENTRAL: SR3Mu/Central/muons/2/eta in Skim_TriLep_WWG.root
2026-03-06 19:46:10,369 - INFO - [2017] MISSING_CENTRAL: SR3Mu/Central/muons/2/eta in Skim_TriLep_DYJets10to50.root
2026-03-06 19:46:10,377 - INFO - [2017] MISSING_CENTRAL: SR3Mu/Central/muons/2/eta in Skim_TriLep_WWG.root
2026-03-06 19:46:10,486 - INFO - [2018] MISSING_CENTRAL: SR3Mu/Central/muons/2/eta in Skim_TriLep_DYJets10to50.root
2026-03-12 21:34:52,432 - INFO - [2016preVFP] MISSING_CENTRAL: SR3Mu/Central/muons/2/eta in Skim_TriLep_DYJets10to50.root
2026-03-12 21:34:52,439 - INFO - [2016preVFP] MISSING_CENTRAL: SR3Mu/Central/muons/2/eta in Skim_TriLep_WWG.root
2026-03-12 21:34:52,543 - INFO - [2016postVFP] MISSING_CENTRAL: SR3Mu/Central/muons/2/eta in Skim_TriLep_DYJets10to50.root
2026-03-12 21:34:52,550 - INFO - [2016postVFP] MISSING_CENTRAL: SR3Mu/Central/muons/2/eta in Skim_TriLep_WWG.root
2026-03-12 21:34:52,661 - INFO - [2017] MISSING_CENTRAL: SR3Mu/Central/muons/2/eta in Skim_TriLep_DYJets10to50.root
2026-03-12 21:34:52,668 - INFO - [2017] MISSING_CENTRAL: SR3Mu/Central/muons/2/eta in Skim_TriLep_WWG.root
2026-03-12 21:34:52,789 - INFO - [2018] MISSING_CENTRAL: SR3Mu/Central/muons/2/eta in Skim_TriLep_DYJets10to50.root
2026-04-10 20:21:08,944 - INFO - [2016preVFP] MISSING_CENTRAL: SR3Mu/Central/muons/2/eta in Skim_TriLep_DYJets10to50.root
2026-04-10 20:21:08,951 - INFO - [2016preVFP] MISSING_CENTRAL: SR3Mu/Central/muons/2/eta in Skim_TriLep_WWG.root
2026-04-10 20:21:09,049 - INFO - [2016postVFP] MISSING_CENTRAL: SR3Mu/Central/muons/2/eta in Skim_TriLep_DYJets10to50.root
2026-04-10 20:21:09,056 - INFO - [2016postVFP] MISSING_CENTRAL: SR3Mu/Central/muons/2/eta in Skim_TriLep_WWG.root
2026-04-10 20:21:09,160 - INFO - [2017] MISSING_CENTRAL: SR3Mu/Central/muons/2/eta in Skim_TriLep_DYJets10to50.root
2026-04-10 20:21:09,167 - INFO - [2017] MISSING_CENTRAL: SR3Mu/Central/muons/2/eta in Skim_TriLep_WWG.root
2026-04-10 20:21:09,273 - INFO - [2018] MISSING_CENTRAL: SR3Mu/Central/muons/2/eta in Skim_TriLep_DYJets10to50.root
2026-04-12 11:36:18,012 - INFO - [2016preVFP] MISSING_CENTRAL: SR3Mu/Central/muons/2/eta in Skim_TriLep_DYJets10to50.root
2026-04-12 11:36:18,018 - INFO - [2016preVFP] MISSING_CENTRAL: SR3Mu/Central/muons/2/eta in Skim_TriLep_WWG.root
2026-04-12 11:36:18,107 - INFO - [2016postVFP] MISSING_CENTRAL: SR3Mu/Central/muons/2/eta in Skim_TriLep_DYJets10to50.root
2026-04-12 11:36:18,114 - INFO - [2016postVFP] MISSING_CENTRAL: SR3Mu/Central/muons/2/eta in Skim_TriLep_WWG.root
2026-04-12 11:36:18,221 - INFO - [2017] MISSING_CENTRAL: SR3Mu/Central/muons/2/eta in Skim_TriLep_DYJets10to50.root
2026-04-12 11:36:18,229 - INFO - [2017] MISSING_CENTRAL: SR3Mu/Central/muons/2/eta in Skim_TriLep_WWG.root
2026-04-12 11:36:18,321 - INFO - [2018] MISSING_CENTRAL: SR3Mu/Central/muons/2/eta in Skim_TriLep_DYJets10to50.root
2026-04-12 12:18:19,020 - INFO - [2016preVFP] MISSING_CENTRAL: SR3Mu/Central/muons/2/eta in Skim_TriLep_DYJets10to50.root
2026-04-12 12:18:19,027 - INFO - [2016preVFP] MISSING_CENTRAL: SR3Mu/Central/muons/2/eta in Skim_TriLep_WWG.root
2026-04-12 12:18:19,114 - INFO - [2016postVFP] MISSING_CENTRAL: SR3Mu/Central/muons/2/eta in Skim_TriLep_DYJets10to50.root
2026-04-12 12:18:19,121 - INFO - [2016postVFP] MISSING_CENTRAL: SR3Mu/Central/muons/2/eta in Skim_TriLep_WWG.root
2026-04-12 12:18:19,227 - INFO - [2017] MISSING_CENTRAL: SR3Mu/Central/muons/2/eta in Skim_TriLep_DYJets10to50.root
2026-04-12 12:18:19,234 - INFO - [2017] MISSING_CENTRAL: SR3Mu/Central/muons/2/eta in Skim_TriLep_WWG.root
2026-04-12 12:18:19,341 - INFO - [2018] MISSING_CENTRAL: SR3Mu/Central/muons/2/eta in Skim_TriLep_DYJets10to50.root
2026-04-12 12:37:57,692 - INFO - [2016preVFP] MISSING_CENTRAL: SR3Mu/Central/muons/2/eta in Skim_TriLep_DYJets10to50.root
2026-04-12 12:37:57,698 - INFO - [2016preVFP] MISSING_CENTRAL: SR3Mu/Central/muons/2/eta in Skim_TriLep_WWG.root
2026-04-12 12:37:57,797 - INFO - [2016postVFP] MISSING_CENTRAL: SR3Mu/Central/muons/2/eta in Skim_TriLep_DYJets10to50.root
2026-04-12 12:37:57,804 - INFO - [2016postVFP] MISSING_CENTRAL: SR3Mu/Central/muons/2/eta in Skim_TriLep_WWG.root
2026-04-12 12:37:57,911 - INFO - [2017] MISSING_CENTRAL: SR3Mu/Central/muons/2/eta in Skim_TriLep_DYJets10to50.root
2026-04-12 12:37:57,919 - INFO - [2017] MISSING_CENTRAL: SR3Mu/Central/muons/2/eta in Skim_TriLep_WWG.root
2026-04-12 12:37:58,057 - INFO - [2018] MISSING_CENTRAL: SR3Mu/Central/muons/2/eta in Skim_TriLep_DYJets10to50.root
2026-04-12 20:46:03,507 - INFO - [2016preVFP] MISSING_CENTRAL: SR3Mu/Central/muons/2/eta in Skim_TriLep_DYJets10to50.root
2026-04-12 20:46:03,514 - INFO - [2016preVFP] MISSING_CENTRAL: SR3Mu/Central/muons/2/eta in Skim_TriLep_WWG.root
2026-04-12 20:46:03,613 - INFO - [2016postVFP] MISSING_CENTRAL: SR3Mu/Central/muons/2/eta in Skim_TriLep_DYJets10to50.root
2026-04-12 20:46:03,621 - INFO - [2016postVFP] MISSING_CENTRAL: SR3Mu/Central/muons/2/eta in Skim_TriLep_WWG.root
2026-04-12 20:46:03,726 - INFO - [2017] MISSING_CENTRAL: SR3Mu/Central/muons/2/eta in Skim_TriLep_DYJets10to50.root
2026-04-12 20:46:03,733 - INFO - [2017] MISSING_CENTRAL: SR3Mu/Central/muons/2/eta in Skim_TriLep_WWG.root
2026-04-12 20:46:03,841 - INFO - [2018] MISSING_CENTRAL: SR3Mu/Central/muons/2/eta in Skim_TriLep_DYJets10to50.root
2026-04-12 21:17:39,479 - INFO - [2016preVFP] MISSING_CENTRAL: SR3Mu/Central/muons/2/eta in Skim_TriLep_DYJets10to50.root
2026-04-12 21:17:39,486 - INFO - [2016preVFP] MISSING_CENTRAL: SR3Mu/Central/muons/2/eta in Skim_TriLep_WWG.root
2026-04-12 21:17:39,587 - INFO - [2016postVFP] MISSING_CENTRAL: SR3Mu/Central/muons/2/eta in Skim_TriLep_DYJets10to50.root
2026-04-12 21:17:39,594 - INFO - [2016postVFP] MISSING_CENTRAL: SR3Mu/Central/muons/2/eta in Skim_TriLep_WWG.root
2026-04-12 21:17:39,703 - INFO - [2017] MISSING_CENTRAL: SR3Mu/Central/muons/2/eta in Skim_TriLep_DYJets10to50.root
2026-04-12 21:17:39,711 - INFO - [2017] MISSING_CENTRAL: SR3Mu/Central/muons/2/eta in Skim_TriLep_WWG.root
2026-04-12 21:17:39,817 - INFO - [2018] MISSING_CENTRAL: SR3Mu/Central/muons/2/eta in Skim_TriLep_DYJets10to50.root
2026-04-13 12:55:17,557 - INFO - [2016preVFP] MISSING_CENTRAL: SR3Mu/Central/muons/2/eta in Skim_TriLep_DYJets10to50.root
2026-04-13 12:55:17,565 - INFO - [2016preVFP] MISSING_CENTRAL: SR3Mu/Central/muons/2/eta in Skim_TriLep_WWG.root
2026-04-13 12:55:17,681 - INFO - [2016postVFP] MISSING_CENTRAL: SR3Mu/Central/muons/2/eta in Skim_TriLep_DYJets10to50.root
2026-04-13 12:55:17,689 - INFO - [2016postVFP] MISSING_CENTRAL: SR3Mu/Central/muons/2/eta in Skim_TriLep_WWG.root
2026-04-13 12:55:17,809 - INFO - [2017] MISSING_CENTRAL: SR3Mu/Central/muons/2/eta in Skim_TriLep_DYJets10to50.root
2026-04-13 12:55:17,817 - INFO - [2017] MISSING_CENTRAL: SR3Mu/Central/muons/2/eta in Skim_TriLep_WWG.root
2026-04-13 12:55:17,940 - INFO - [2018] MISSING_CENTRAL: SR3Mu/Central/muons/2/eta in Skim_TriLep_DYJets10to50.root
2026-04-16 17:30:14,307 - INFO - [2016preVFP] MISSING_CENTRAL: SR3Mu/Central/muons/2/eta in Skim_TriLep_DYJets10to50.root
2026-04-16 17:30:14,315 - INFO - [2016preVFP] MISSING_CENTRAL: SR3Mu/Central/muons/2/eta in Skim_TriLep_WWG.root
2026-04-16 17:30:14,423 - INFO - [2016postVFP] MISSING_CENTRAL: SR3Mu/Central/muons/2/eta in Skim_TriLep_DYJets10to50.root
2026-04-16 17:30:14,431 - INFO - [2016postVFP] MISSING_CENTRAL: SR3Mu/Central/muons/2/eta in Skim_TriLep_WWG.root
2026-04-16 17:30:14,530 - INFO - [2017] MISSING_CENTRAL: SR3Mu/Central/muons/2/eta in Skim_TriLep_DYJets10to50.root
2026-04-16 17:30:14,535 - INFO - [2017] MISSING_CENTRAL: SR3Mu/Central/muons/2/eta in Skim_TriLep_WWG.root
2026-04-16 17:30:14,639 - INFO - [2018] MISSING_CENTRAL: SR3Mu/Central/muons/2/eta in Skim_TriLep_DYJets10to50.root
2026-04-16 17:37:48,610 - INFO - [2016preVFP] MISSING_CENTRAL: SR3Mu/Central/muons/2/eta in Skim_TriLep_DYJets10to50.root
2026-04-16 17:37:48,618 - INFO - [2016preVFP] MISSING_CENTRAL: SR3Mu/Central/muons/2/eta in Skim_TriLep_WWG.root
2026-04-16 17:37:48,750 - INFO - [2016postVFP] MISSING_CENTRAL: SR3Mu/Central/muons/2/eta in Skim_TriLep_DYJets10to50.root
2026-04-16 17:37:48,766 - INFO - [2016postVFP] MISSING_CENTRAL: SR3Mu/Central/muons/2/eta in Skim_TriLep_WWG.root
2026-04-16 17:37:48,951 - INFO - [2017] MISSING_CENTRAL: SR3Mu/Central/muons/2/eta in Skim_TriLep_DYJets10to50.root
2026-04-16 17:37:48,958 - INFO - [2017] MISSING_CENTRAL: SR3Mu/Central/muons/2/eta in Skim_TriLep_WWG.root
2026-04-16 17:37:49,076 - INFO - [2018] MISSING_CENTRAL: SR3Mu/Central/muons/2/eta in Skim_TriLep_DYJets10to50.root
2026-04-28 15:10:53,370 - INFO - [2016preVFP] MISSING_CENTRAL: SR3Mu/Central/muons/2/eta in Skim_TriLep_DYJets10to50.root
2026-04-28 15:10:53,378 - INFO - [2016preVFP] MISSING_CENTRAL: SR3Mu/Central/muons/2/eta in Skim_TriLep_WWG.root
2026-04-28 15:10:53,479 - INFO - [2016postVFP] MISSING_CENTRAL: SR3Mu/Central/muons/2/eta in Skim_TriLep_DYJets10to50.root
2026-04-28 15:10:53,487 - INFO - [2016postVFP] MISSING_CENTRAL: SR3Mu/Central/muons/2/eta in Skim_TriLep_WWG.root
2026-04-28 15:10:53,603 - INFO - [2017] MISSING_CENTRAL: SR3Mu/Central/muons/2/eta in Skim_TriLep_DYJets10to50.root
2026-04-28 15:10:53,610 - INFO - [2017] MISSING_CENTRAL: SR3Mu/Central/muons/2/eta in Skim_TriLep_WWG.root
2026-04-28 15:10:53,725 - INFO - [2018] MISSING_CENTRAL: SR3Mu/Central/muons/2/eta in Skim_TriLep_DYJets10to50.root
2026-04-28 15:16:47,954 - INFO - [2016preVFP] MISSING_CENTRAL: SR3Mu/Central/muons/2/eta in Skim_TriLep_DYJets10to50.root
2026-04-28 15:16:47,958 - INFO - [2016preVFP] MISSING_CENTRAL: SR3Mu/Central/muons/2/eta in Skim_TriLep_WWG.root
2026-04-28 15:16:48,021 - INFO - [2016postVFP] MISSING_CENTRAL: SR3Mu/Central/muons/2/eta in Skim_TriLep_DYJets10to50.root
2026-04-28 15:16:48,025 - INFO - [2016postVFP] MISSING_CENTRAL: SR3Mu/Central/muons/2/eta in Skim_TriLep_WWG.root
2026-04-28 15:16:48,090 - INFO - [2017] MISSING_CENTRAL: SR3Mu/Central/muons/2/eta in Skim_TriLep_DYJets10to50.root
2026-04-28 15:16:48,094 - INFO - [2017] MISSING_CENTRAL: SR3Mu/Central/muons/2/eta in Skim_TriLep_WWG.root
2026-04-28 15:16:48,160 - INFO - [2018] MISSING_CENTRAL: SR3Mu/Central/muons/2/eta in Skim_TriLep_DYJets10to50.root
2026-04-28 15:18:52,625 - INFO - [2016preVFP] MISSING_CENTRAL: SR3Mu/Central/muons/2/eta in Skim_TriLep_DYJets10to50.root
2026-04-28 15:18:52,634 - INFO - [2016preVFP] MISSING_CENTRAL: SR3Mu/Central/muons/2/eta in Skim_TriLep_WWG.root
2026-04-28 15:18:52,743 - INFO - [2016postVFP] MISSING_CENTRAL: SR3Mu/Central/muons/2/eta in Skim_TriLep_DYJets10to50.root
2026-04-28 15:18:52,751 - INFO - [2016postVFP] MISSING_CENTRAL: SR3Mu/Central/muons/2/eta in Skim_TriLep_WWG.root
2026-04-28 15:18:52,861 - INFO - [2017] MISSING_CENTRAL: SR3Mu/Central/muons/2/eta in Skim_TriLep_DYJets10to50.root
2026-04-28 15:18:52,870 - INFO - [2017] MISSING_CENTRAL: SR3Mu/Central/muons/2/eta in Skim_TriLep_WWG.root
2026-04-28 15:18:52,983 - INFO - [2018] MISSING_CENTRAL: SR3Mu/Central/muons/2/eta in Skim_TriLep_DYJets10to50.root
2026-04-28 15:20:18,417 - INFO - [2016preVFP] MISSING_CENTRAL: SR3Mu/Central/muons/2/eta in Skim_TriLep_DYJets10to50.root
2026-04-28 15:20:18,425 - INFO - [2016preVFP] MISSING_CENTRAL: SR3Mu/Central/muons/2/eta in Skim_TriLep_WWG.root
2026-04-28 15:20:18,536 - INFO - [2016postVFP] MISSING_CENTRAL: SR3Mu/Central/muons/2/eta in Skim_TriLep_DYJets10to50.root
2026-04-28 15:20:18,545 - INFO - [2016postVFP] MISSING_CENTRAL: SR3Mu/Central/muons/2/eta in Skim_TriLep_WWG.root
2026-04-28 15:20:18,662 - INFO - [2017] MISSING_CENTRAL: SR3Mu/Central/muons/2/eta in Skim_TriLep_DYJets10to50.root
2026-04-28 15:20:18,670 - INFO - [2017] MISSING_CENTRAL: SR3Mu/Central/muons/2/eta in Skim_TriLep_WWG.root
2026-04-28 15:20:18,786 - INFO - [2018] MISSING_CENTRAL: SR3Mu/Central/muons/2/eta in Skim_TriLep_DYJets10to50.root
2026-04-28 20:32:05,548 - INFO - [2016preVFP] MISSING_CENTRAL: SR3Mu/Central/muons/2/eta in Skim_TriLep_DYJets10to50.root
2026-04-28 20:32:05,555 - INFO - [2016preVFP] MISSING_CENTRAL: SR3Mu/Central/muons/2/eta in Skim_TriLep_WWG.root
2026-04-28 20:32:05,660 - INFO - [2016postVFP] MISSING_CENTRAL: SR3Mu/Central/muons/2/eta in Skim_TriLep_DYJets10to50.root
2026-04-28 20:32:05,667 - INFO - [2016postVFP] MISSING_CENTRAL: SR3Mu/Central/muons/2/eta in Skim_TriLep_WWG.root
2026-04-28 20:32:05,778 - INFO - [2017] MISSING_CENTRAL: SR3Mu/Central/muons/2/eta in Skim_TriLep_DYJets10to50.root
2026-04-28 20:32:05,786 - INFO - [2017] MISSING_CENTRAL: SR3Mu/Central/muons/2/eta in Skim_TriLep_WWG.root
2026-04-28 20:32:05,899 - INFO - [2018] MISSING_CENTRAL: SR3Mu/Central/muons/2/eta in Skim_TriLep_DYJets10to50.root
2026-04-28 20:33:27,732 - INFO - [2016preVFP] MISSING_CENTRAL: SR3Mu/Central/muons/2/eta in Skim_TriLep_DYJets10to50.root
2026-04-28 20:33:27,739 - INFO - [2016preVFP] MISSING_CENTRAL: SR3Mu/Central/muons/2/eta in Skim_TriLep_WWG.root
2026-04-28 20:33:27,844 - INFO - [2016postVFP] MISSING_CENTRAL: SR3Mu/Central/muons/2/eta in Skim_TriLep_DYJets10to50.root
2026-04-28 20:33:27,851 - INFO - [2016postVFP] MISSING_CENTRAL: SR3Mu/Central/muons/2/eta in Skim_TriLep_WWG.root
2026-04-28 20:33:27,960 - INFO - [2017] MISSING_CENTRAL: SR3Mu/Central/muons/2/eta in Skim_TriLep_DYJets10to50.root
2026-04-28 20:33:27,968 - INFO - [2017] MISSING_CENTRAL: SR3Mu/Central/muons/2/eta in Skim_TriLep_WWG.root
2026-04-28 20:33:28,080 - INFO - [2018] MISSING_CENTRAL: SR3Mu/Central/muons/2/eta in Skim_TriLep_DYJets10to50.root
2026-05-04 15:21:28,366 - INFO - [2016preVFP] MISSING_CENTRAL: SR3Mu/Central/muons/2/eta in Skim_TriLep_DYJets10to50.root
2026-05-04 15:21:28,394 - INFO - [2016preVFP] MISSING_CENTRAL: SR3Mu/Central/muons/2/eta in Skim_TriLep_WWG.root
2026-05-04 15:21:28,895 - INFO - [2016postVFP] MISSING_CENTRAL: SR3Mu/Central/muons/2/eta in Skim_TriLep_DYJets10to50.root
2026-05-04 15:21:28,921 - INFO - [2016postVFP] MISSING_CENTRAL: SR3Mu/Central/muons/2/eta in Skim_TriLep_WWG.root
2026-05-04 15:21:29,430 - INFO - [2017] MISSING_CENTRAL: SR3Mu/Central/muons/2/eta in Skim_TriLep_DYJets10to50.root
2026-05-04 15:21:29,460 - INFO - [2017] MISSING_CENTRAL: SR3Mu/Central/muons/2/eta in Skim_TriLep_WWG.root
2026-05-04 15:21:29,965 - INFO - [2018] MISSING_CENTRAL: SR3Mu/Central/muons/2/eta in Skim_TriLep_DYJets10to50.root
2026-05-04 15:38:29,854 - INFO - [2016preVFP] MISSING_CENTRAL: SR3Mu/Central/muons/2/eta in Skim_TriLep_DYJets10to50.root
2026-05-04 15:38:29,861 - INFO - [2016preVFP] MISSING_CENTRAL: SR3Mu/Central/muons/2/eta in Skim_TriLep_WWG.root
2026-05-04 15:38:29,965 - INFO - [2016postVFP] MISSING_CENTRAL: SR3Mu/Central/muons/2/eta in Skim_TriLep_DYJets10to50.root
2026-05-04 15:38:29,973 - INFO - [2016postVFP] MISSING_CENTRAL: SR3Mu/Central/muons/2/eta in Skim_TriLep_WWG.root
2026-05-04 15:38:30,084 - INFO - [2017] MISSING_CENTRAL: SR3Mu/Central/muons/2/eta in Skim_TriLep_DYJets10to50.root
2026-05-04 15:38:30,092 - INFO - [2017] MISSING_CENTRAL: SR3Mu/Central/muons/2/eta in Skim_TriLep_WWG.root
2026-05-04 15:38:30,207 - INFO - [2018] MISSING_CENTRAL: SR3Mu/Central/muons/2/eta in Skim_TriLep_DYJets10to50.root
2026-05-04 15:40:00,809 - INFO - [2016preVFP] MISSING_CENTRAL: SR3Mu/Central/muons/2/eta in Skim_TriLep_DYJets10to50.root
2026-05-04 15:40:00,817 - INFO - [2016preVFP] MISSING_CENTRAL: SR3Mu/Central/muons/2/eta in Skim_TriLep_WWG.root
2026-05-04 15:40:00,923 - INFO - [2016postVFP] MISSING_CENTRAL: SR3Mu/Central/muons/2/eta in Skim_TriLep_DYJets10to50.root
2026-05-04 15:40:00,931 - INFO - [2016postVFP] MISSING_CENTRAL: SR3Mu/Central/muons/2/eta in Skim_TriLep_WWG.root
2026-05-04 15:40:01,045 - INFO - [2017] MISSING_CENTRAL: SR3Mu/Central/muons/2/eta in Skim_TriLep_DYJets10to50.root
2026-05-04 15:40:01,053 - INFO - [2017] MISSING_CENTRAL: SR3Mu/Central/muons/2/eta in Skim_TriLep_WWG.root
2026-05-04 15:40:01,165 - INFO - [2018] MISSING_CENTRAL: SR3Mu/Central/muons/2/eta in Skim_TriLep_DYJets10to50.root
2026-05-04 16:02:42,009 - INFO - [2016preVFP] MISSING_CENTRAL: SR3Mu/Central/muons/2/eta in Skim_TriLep_DYJets10to50.root
2026-05-04 16:02:42,016 - INFO - [2016preVFP] MISSING_CENTRAL: SR3Mu/Central/muons/2/eta in Skim_TriLep_WWG.root
2026-05-04 16:02:42,125 - INFO - [2016postVFP] MISSING_CENTRAL: SR3Mu/Central/muons/2/eta in Skim_TriLep_DYJets10to50.root
2026-05-04 16:02:42,132 - INFO - [2016postVFP] MISSING_CENTRAL: SR3Mu/Central/muons/2/eta in Skim_TriLep_WWG.root
2026-05-04 16:02:42,249 - INFO - [2017] MISSING_CENTRAL: SR3Mu/Central/muons/2/eta in Skim_TriLep_DYJets10to50.root
2026-05-04 16:02:42,257 - INFO - [2017] MISSING_CENTRAL: SR3Mu/Central/muons/2/eta in Skim_TriLep_WWG.root
2026-05-04 16:02:42,374 - INFO - [2018] MISSING_CENTRAL: SR3Mu/Central/muons/2/eta in Skim_TriLep_DYJets10to50.root
2026-05-04 16:04:06,016 - INFO - [2016preVFP] MISSING_CENTRAL: SR3Mu/Central/muons/2/eta in Skim_TriLep_DYJets10to50.root
2026-05-04 16:04:06,024 - INFO - [2016preVFP] MISSING_CENTRAL: SR3Mu/Central/muons/2/eta in Skim_TriLep_WWG.root
2026-05-04 16:04:06,130 - INFO - [2016postVFP] MISSING_CENTRAL: SR3Mu/Central/muons/2/eta in Skim_TriLep_DYJets10to50.root
2026-05-04 16:04:06,138 - INFO - [2016postVFP] MISSING_CENTRAL: SR3Mu/Central/muons/2/eta in Skim_TriLep_WWG.root
2026-05-04 16:04:06,253 - INFO - [2017] MISSING_CENTRAL: SR3Mu/Central/muons/2/eta in Skim_TriLep_DYJets10to50.root
2026-05-04 16:04:06,260 - INFO - [2017] MISSING_CENTRAL: SR3Mu/Central/muons/2/eta in Skim_TriLep_WWG.root
2026-05-04 16:04:06,382 - INFO - [2018] MISSING_CENTRAL: SR3Mu/Central/muons/2/eta in Skim_TriLep_DYJets10to50.root
2026-05-04 17:00:16,186 - INFO - [2016preVFP] MISSING_CENTRAL: SR3Mu/Central/muons/2/eta in Skim_TriLep_DYJets10to50.root
2026-05-04 17:00:16,194 - INFO - [2016preVFP] MISSING_CENTRAL: SR3Mu/Central/muons/2/eta in Skim_TriLep_WWG.root
2026-05-04 17:00:16,304 - INFO - [2016postVFP] MISSING_CENTRAL: SR3Mu/Central/muons/2/eta in Skim_TriLep_DYJets10to50.root
2026-05-04 17:00:16,312 - INFO - [2016postVFP] MISSING_CENTRAL: SR3Mu/Central/muons/2/eta in Skim_TriLep_WWG.root
2026-05-04 17:00:16,427 - INFO - [2017] MISSING_CENTRAL: SR3Mu/Central/muons/2/eta in Skim_TriLep_DYJets10to50.root
2026-05-04 17:00:16,435 - INFO - [2017] MISSING_CENTRAL: SR3Mu/Central/muons/2/eta in Skim_TriLep_WWG.root
2026-05-04 17:00:16,554 - INFO - [2018] MISSING_CENTRAL: SR3Mu/Central/muons/2/eta in Skim_TriLep_DYJets10to50.root
2026-05-04 17:07:23,472 - INFO - [2016preVFP] MISSING_CENTRAL: SR3Mu/Central/muons/2/eta in Skim_TriLep_DYJets10to50.root
2026-05-04 17:07:23,480 - INFO - [2016preVFP] MISSING_CENTRAL: SR3Mu/Central/muons/2/eta in Skim_TriLep_WWG.root
2026-05-04 17:07:23,589 - INFO - [2016postVFP] MISSING_CENTRAL: SR3Mu/Central/muons/2/eta in Skim_TriLep_DYJets10to50.root
2026-05-04 17:07:23,597 - INFO - [2016postVFP] MISSING_CENTRAL: SR3Mu/Central/muons/2/eta in Skim_TriLep_WWG.root
2026-05-04 17:07:23,716 - INFO - [2017] MISSING_CENTRAL: SR3Mu/Central/muons/2/eta in Skim_TriLep_DYJets10to50.root
2026-05-04 17:07:23,724 - INFO - [2017] MISSING_CENTRAL: SR3Mu/Central/muons/2/eta in Skim_TriLep_WWG.root
2026-05-04 17:07:23,848 - INFO - [2018] MISSING_CENTRAL: SR3Mu/Central/muons/2/eta in Skim_TriLep_DYJets10to50.root
2026-05-28 15:36:57,609 - INFO - [2016preVFP] MISSING_CENTRAL: SR3Mu/Central/muons/2/eta in Skim_TriLep_DYJets10to50.root
2026-05-28 15:36:57,622 - INFO - [2016preVFP] MISSING_CENTRAL: SR3Mu/Central/muons/2/eta in Skim_TriLep_WWG.root
2026-05-28 15:36:57,820 - INFO - [2016postVFP] MISSING_CENTRAL: SR3Mu/Central/muons/2/eta in Skim_TriLep_DYJets10to50.root
2026-05-28 15:36:57,834 - INFO - [2016postVFP] MISSING_CENTRAL: SR3Mu/Central/muons/2/eta in Skim_TriLep_WWG.root
2026-05-28 15:36:58,031 - INFO - [2017] MISSING_CENTRAL: SR3Mu/Central/muons/2/eta in Skim_TriLep_DYJets10to50.root
2026-05-28 15:36:58,044 - INFO - [2017] MISSING_CENTRAL: SR3Mu/Central/muons/2/eta in Skim_TriLep_WWG.root
2026-05-28 15:36:58,235 - INFO - [2018] MISSING_CENTRAL: SR3Mu/Central/muons/2/eta in Skim_TriLep_DYJets10to50.root
2026-05-28 15:44:18,471 - INFO - [2016preVFP] MISSING_CENTRAL: SR3Mu/Central/muons/2/eta in Skim_TriLep_DYJets10to50.root
2026-05-28 15:44:18,485 - INFO - [2016preVFP] MISSING_CENTRAL: SR3Mu/Central/muons/2/eta in Skim_TriLep_WWG.root
2026-05-28 15:44:18,668 - INFO - [2016postVFP] MISSING_CENTRAL: SR3Mu/Central/muons/2/eta in Skim_TriLep_DYJets10to50.root
2026-05-28 15:44:18,682 - INFO - [2016postVFP] MISSING_CENTRAL: SR3Mu/Central/muons/2/eta in Skim_TriLep_WWG.root
2026-05-28 15:44:18,871 - INFO - [2017] MISSING_CENTRAL: SR3Mu/Central/muons/2/eta in Skim_TriLep_DYJets10to50.root
2026-05-28 15:44:18,884 - INFO - [2017] MISSING_CENTRAL: SR3Mu/Central/muons/2/eta in Skim_TriLep_WWG.root
2026-05-28 15:44:19,076 - INFO - [2018] MISSING_CENTRAL: SR3Mu/Central/muons/2/eta in Skim_TriLep_DYJets10to50.root
2026-05-29 15:17:14,341 - INFO - [2016preVFP] MISSING_CENTRAL: SR3Mu/Central/muons/2/eta in Skim_TriLep_DYJets10to50.root
2026-05-29 15:17:14,370 - INFO - [2016preVFP] MISSING_CENTRAL: SR3Mu/Central/muons/2/eta in Skim_TriLep_WWG.root
2026-05-29 15:17:14,855 - INFO - [2016postVFP] MISSING_CENTRAL: SR3Mu/Central/muons/2/eta in Skim_TriLep_DYJets10to50.root
2026-05-29 15:17:14,881 - INFO - [2016postVFP] MISSING_CENTRAL: SR3Mu/Central/muons/2/eta in Skim_TriLep_WWG.root
2026-05-29 15:17:15,390 - INFO - [2017] MISSING_CENTRAL: SR3Mu/Central/muons/2/eta in Skim_TriLep_DYJets10to50.root
2026-05-29 15:17:15,420 - INFO - [2017] MISSING_CENTRAL: SR3Mu/Central/muons/2/eta in Skim_TriLep_WWG.root
2026-05-29 15:17:15,921 - INFO - [2018] MISSING_CENTRAL: SR3Mu/Central/muons/2/eta in Skim_TriLep_DYJets10to50.root
2026-05-29 15:19:39,174 - INFO - [2016preVFP] MISSING_CENTRAL: SR3Mu/Central/muons/2/eta in Skim_TriLep_DYJets10to50.root
2026-05-29 15:19:39,181 - INFO - [2016preVFP] MISSING_CENTRAL: SR3Mu/Central/muons/2/eta in Skim_TriLep_WWG.root
2026-05-29 15:19:39,285 - INFO - [2016postVFP] MISSING_CENTRAL: SR3Mu/Central/muons/2/eta in Skim_TriLep_DYJets10to50.root
2026-05-29 15:19:39,292 - INFO - [2016postVFP] MISSING_CENTRAL: SR3Mu/Central/muons/2/eta in Skim_TriLep_WWG.root
2026-05-29 15:19:39,404 - INFO - [2017] MISSING_CENTRAL: SR3Mu/Central/muons/2/eta in Skim_TriLep_DYJets10to50.root
2026-05-29 15:19:39,411 - INFO - [2017] MISSING_CENTRAL: SR3Mu/Central/muons/2/eta in Skim_TriLep_WWG.root
2026-05-29 15:19:39,527 - INFO - [2018] MISSING_CENTRAL: SR3Mu/Central/muons/2/eta in Skim_TriLep_DYJets10to50.root
2026-05-29 15:21:08,572 - INFO - [2016preVFP] MISSING_CENTRAL: SR3Mu/Central/muons/2/eta in Skim_TriLep_DYJets10to50.root
2026-05-29 15:21:08,580 - INFO - [2016preVFP] MISSING_CENTRAL: SR3Mu/Central/muons/2/eta in Skim_TriLep_WWG.root
2026-05-29 15:21:08,690 - INFO - [2016postVFP] MISSING_CENTRAL: SR3Mu/Central/muons/2/eta in Skim_TriLep_DYJets10to50.root
2026-05-29 15:21:08,697 - INFO - [2016postVFP] MISSING_CENTRAL: SR3Mu/Central/muons/2/eta in Skim_TriLep_WWG.root
2026-05-29 15:21:08,808 - INFO - [2017] MISSING_CENTRAL: SR3Mu/Central/muons/2/eta in Skim_TriLep_DYJets10to50.root
2026-05-29 15:21:08,816 - INFO - [2017] MISSING_CENTRAL: SR3Mu/Central/muons/2/eta in Skim_TriLep_WWG.root
2026-05-29 15:21:08,934 - INFO - [2018] MISSING_CENTRAL: SR3Mu/Central/muons/2/eta in Skim_TriLep_DYJets10to50.root
2026-05-29 15:27:54,204 - INFO - [2016preVFP] MISSING_CENTRAL: SR3Mu/Central/muons/2/eta in Skim_TriLep_DYJets10to50.root
2026-05-29 15:27:54,211 - INFO - [2016preVFP] MISSING_CENTRAL: SR3Mu/Central/muons/2/eta in Skim_TriLep_WWG.root
2026-05-29 15:27:54,330 - INFO - [2016postVFP] MISSING_CENTRAL: SR3Mu/Central/muons/2/eta in Skim_TriLep_DYJets10to50.root
2026-05-29 15:27:54,337 - INFO - [2016postVFP] MISSING_CENTRAL: SR3Mu/Central/muons/2/eta in Skim_TriLep_WWG.root
2026-05-29 15:27:54,446 - INFO - [2017] MISSING_CENTRAL: SR3Mu/Central/muons/2/eta in Skim_TriLep_DYJets10to50.root
2026-05-29 15:27:54,453 - INFO - [2017] MISSING_CENTRAL: SR3Mu/Central/muons/2/eta in Skim_TriLep_WWG.root
2026-05-29 15:27:54,579 - INFO - [2018] MISSING_CENTRAL: SR3Mu/Central/muons/2/eta in Skim_TriLep_DYJets10to50.root
2026-05-29 15:35:10,614 - INFO - [2016preVFP] MISSING_CENTRAL: SR3Mu/Central/muons/2/eta in Skim_TriLep_DYJets10to50.root
2026-05-29 15:35:10,622 - INFO - [2016preVFP] MISSING_CENTRAL: SR3Mu/Central/muons/2/eta in Skim_TriLep_WWG.root
2026-05-29 15:35:10,730 - INFO - [2016postVFP] MISSING_CENTRAL: SR3Mu/Central/muons/2/eta in Skim_TriLep_DYJets10to50.root
2026-05-29 15:35:10,738 - INFO - [2016postVFP] MISSING_CENTRAL: SR3Mu/Central/muons/2/eta in Skim_TriLep_WWG.root
2026-05-29 15:35:10,854 - INFO - [2017] MISSING_CENTRAL: SR3Mu/Central/muons/2/eta in Skim_TriLep_DYJets10to50.root
2026-05-29 15:35:10,862 - INFO - [2017] MISSING_CENTRAL: SR3Mu/Central/muons/2/eta in Skim_TriLep_WWG.root
2026-05-29 15:35:10,985 - INFO - [2018] MISSING_CENTRAL: SR3Mu/Central/muons/2/eta in Skim_TriLep_DYJets10to50.root
2026-05-29 18:19:08,911 - INFO - [2016preVFP] MISSING_CENTRAL: SR3Mu/Central/muons/2/eta in Skim_TriLep_DYJets10to50.root
2026-05-29 18:19:08,919 - INFO - [2016preVFP] MISSING_CENTRAL: SR3Mu/Central/muons/2/eta in Skim_TriLep_WWG.root
2026-05-29 18:19:09,024 - INFO - [2016postVFP] MISSING_CENTRAL: SR3Mu/Central/muons/2/eta in Skim_TriLep_DYJets10to50.root
2026-05-29 18:19:09,031 - INFO - [2016postVFP] MISSING_CENTRAL: SR3Mu/Central/muons/2/eta in Skim_TriLep_WWG.root
2026-05-29 18:19:09,142 - INFO - [2017] MISSING_CENTRAL: SR3Mu/Central/muons/2/eta in Skim_TriLep_DYJets10to50.root
2026-05-29 18:19:09,150 - INFO - [2017] MISSING_CENTRAL: SR3Mu/Central/muons/2/eta in Skim_TriLep_WWG.root
2026-05-29 18:19:09,263 - INFO - [2018] MISSING_CENTRAL: SR3Mu/Central/muons/2/eta in Skim_TriLep_DYJets10to50.root
2026-05-29 18:26:24,425 - INFO - [2016preVFP] MISSING_CENTRAL: SR3Mu/Central/muons/2/eta in Skim_TriLep_DYJets10to50.root
2026-05-29 18:26:24,445 - INFO - [2016preVFP] MISSING_CENTRAL: SR3Mu/Central/muons/2/eta in Skim_TriLep_WWG.root
2026-05-29 18:26:24,920 - INFO - [2016postVFP] MISSING_CENTRAL: SR3Mu/Central/muons/2/eta in Skim_TriLep_DYJets10to50.root
2026-05-29 18:26:24,946 - INFO - [2016postVFP] MISSING_CENTRAL: SR3Mu/Central/muons/2/eta in Skim_TriLep_WWG.root
2026-05-29 18:26:25,428 - INFO - [2017] MISSING_CENTRAL: SR3Mu/Central/muons/2/eta in Skim_TriLep_DYJets10to50.root
2026-05-29 18:26:25,436 - INFO - [2017] MISSING_CENTRAL: SR3Mu/Central/muons/2/eta in Skim_TriLep_WWG.root
2026-05-29 18:26:25,599 - INFO - [2018] MISSING_CENTRAL: SR3Mu/Central/muons/2/eta in Skim_TriLep_DYJets10to50.root
