2025-09-24 15:52:57,492 - INFO - [2016preVFP] MISSING_CENTRAL: SR3Mu/Central/muons/3/phi in Skim_TriLep_DYJets10to50.root
2025-09-24 15:52:57,502 - INFO - [2016preVFP] MISSING_CENTRAL: SR3Mu/Central/muons/3/phi in Skim_TriLep_WWG.root
2025-09-24 15:52:57,642 - INFO - [2016postVFP] MISSING_CENTRAL: SR3Mu/Central/muons/3/phi in Skim_TriLep_DYJets.root
2025-09-24 15:52:57,643 - INFO - [2016postVFP] MISSING_CENTRAL: SR3Mu/Central/muons/3/phi in Skim_TriLep_DYJets10to50.root
2025-09-24 15:52:57,657 - INFO - [2016postVFP] MISSING_CENTRAL: SR3Mu/Central/muons/3/phi in Skim_TriLep_WWG.root
2025-09-24 15:52:57,756 - INFO - [2017] MISSING_CENTRAL: SR3Mu/Central/muons/3/phi in Skim_TriLep_DYJets10to50.root
2025-09-24 15:52:57,772 - INFO - [2017] MISSING_CENTRAL: SR3Mu/Central/muons/3/phi in Skim_TriLep_WWG.root
2025-09-24 15:52:57,876 - INFO - [2018] MISSING_CENTRAL: SR3Mu/Central/muons/3/phi in Skim_TriLep_DYJets10to50.root
2025-09-24 15:52:57,885 - INFO - [2018] MISSING_FILE: /Users/choij/Sync/workspace/ChargedHiggsAnalysisV3/SKNanoOutput/PromptSelector/Run3Mu_RunSyst/2018/Skim_TriLep_TTG.root
2025-09-24 15:52:57,911 - INFO - [2018] MISSING_FILE: /Users/choij/Sync/workspace/ChargedHiggsAnalysisV3/SKNanoOutput/PromptSelector/Run3Mu_RunSyst/2018/Skim_TriLep_TTHToNonbb.root
2025-09-24 15:52:57,936 - INFO - [2018] MISSING_FILE: /Users/choij/Sync/workspace/ChargedHiggsAnalysisV3/SKNanoOutput/PromptSelector/Run3Mu_RunSyst/2018/Skim_TriLep_tHq.root
2025-09-24 15:52:57,975 - INFO - [2018] MISSING_FILE: /Users/choij/Sync/workspace/ChargedHiggsAnalysisV3/SKNanoOutput/PromptSelector/Run3Mu_RunSyst/2018/Skim_TriLep_VBFHToZZTo4L.root
2025-10-02 21:15:38,008 - INFO - [2016preVFP] MISSING_CENTRAL: SR3Mu/Central/muons/3/phi in Skim_TriLep_DYJets10to50.root
2025-10-02 21:15:38,057 - INFO - [2016preVFP] MISSING_CENTRAL: SR3Mu/Central/muons/3/phi in Skim_TriLep_WWG.root
2025-10-02 21:15:38,279 - INFO - [2016postVFP] MISSING_CENTRAL: SR3Mu/Central/muons/3/phi in Skim_TriLep_DYJets.root
2025-10-02 21:15:38,281 - INFO - [2016postVFP] MISSING_CENTRAL: SR3Mu/Central/muons/3/phi in Skim_TriLep_DYJets10to50.root
2025-10-02 21:15:38,311 - INFO - [2016postVFP] MISSING_CENTRAL: SR3Mu/Central/muons/3/phi in Skim_TriLep_WWG.root
2025-10-02 21:15:38,528 - INFO - [2017] MISSING_CENTRAL: SR3Mu/Central/muons/3/phi in Skim_TriLep_DYJets10to50.root
2025-10-02 21:15:38,556 - INFO - [2017] MISSING_CENTRAL: SR3Mu/Central/muons/3/phi in Skim_TriLep_WWG.root
2025-10-02 21:15:38,776 - INFO - [2018] MISSING_CENTRAL: SR3Mu/Central/muons/3/phi in Skim_TriLep_DYJets10to50.root
2025-10-02 21:15:38,792 - INFO - [2018] MISSING_FILE: /data9/Users/choij/Sync/workspace/ChargedHiggsAnalysisV3/SKNanoOutput/PromptSelector/Run3Mu_RunSyst/2018/Skim_TriLep_TTG.root
2025-10-02 21:15:38,857 - INFO - [2018] MISSING_FILE: /data9/Users/choij/Sync/workspace/ChargedHiggsAnalysisV3/SKNanoOutput/PromptSelector/Run3Mu_RunSyst/2018/Skim_TriLep_TTHToNonbb.root
2025-10-02 21:15:38,909 - INFO - [2018] MISSING_FILE: /data9/Users/choij/Sync/workspace/ChargedHiggsAnalysisV3/SKNanoOutput/PromptSelector/Run3Mu_RunSyst/2018/Skim_TriLep_tHq.root
2025-10-02 21:15:38,971 - INFO - [2018] MISSING_FILE: /data9/Users/choij/Sync/workspace/ChargedHiggsAnalysisV3/SKNanoOutput/PromptSelector/Run3Mu_RunSyst/2018/Skim_TriLep_VBFHToZZTo4L.root
2025-10-03 00:05:09,632 - INFO - [2016preVFP] MISSING_CENTRAL: SR3Mu/Central/muons/3/phi in Skim_TriLep_DYJets10to50.root
2025-10-03 00:05:09,641 - INFO - [2016preVFP] MISSING_CENTRAL: SR3Mu/Central/muons/3/phi in Skim_TriLep_WWG.root
2025-10-03 00:05:09,750 - INFO - [2016postVFP] MISSING_CENTRAL: SR3Mu/Central/muons/3/phi in Skim_TriLep_DYJets.root
2025-10-03 00:05:09,751 - INFO - [2016postVFP] MISSING_CENTRAL: SR3Mu/Central/muons/3/phi in Skim_TriLep_DYJets10to50.root
2025-10-03 00:05:09,759 - INFO - [2016postVFP] MISSING_CENTRAL: SR3Mu/Central/muons/3/phi in Skim_TriLep_WWG.root
2025-10-03 00:05:09,858 - INFO - [2017] MISSING_CENTRAL: SR3Mu/Central/muons/3/phi in Skim_TriLep_DYJets10to50.root
2025-10-03 00:05:09,879 - INFO - [2017] MISSING_CENTRAL: SR3Mu/Central/muons/3/phi in Skim_TriLep_WWG.root
2025-10-03 00:05:09,980 - INFO - [2018] MISSING_CENTRAL: SR3Mu/Central/muons/3/phi in Skim_TriLep_DYJets10to50.root
2025-10-03 00:05:09,984 - INFO - [2018] MISSING_FILE: /Users/choij/Sync/workspace/ChargedHiggsAnalysisV3/SKNanoOutput/PromptSelector/Run3Mu_RunSyst/2018/Skim_TriLep_TTG.root
2025-10-03 00:05:10,005 - INFO - [2018] MISSING_FILE: /Users/choij/Sync/workspace/ChargedHiggsAnalysisV3/SKNanoOutput/PromptSelector/Run3Mu_RunSyst/2018/Skim_TriLep_TTHToNonbb.root
2025-10-03 00:05:10,024 - INFO - [2018] MISSING_FILE: /Users/choij/Sync/workspace/ChargedHiggsAnalysisV3/SKNanoOutput/PromptSelector/Run3Mu_RunSyst/2018/Skim_TriLep_tHq.root
2025-10-03 00:05:10,052 - INFO - [2018] MISSING_FILE: /Users/choij/Sync/workspace/ChargedHiggsAnalysisV3/SKNanoOutput/PromptSelector/Run3Mu_RunSyst/2018/Skim_TriLep_VBFHToZZTo4L.root
2025-11-05 20:29:22,101 - INFO - [2016preVFP] MISSING_CENTRAL: SR3Mu/Central/muons/3/phi in Skim_TriLep_DYJets.root
2025-11-05 20:29:22,102 - INFO - [2016preVFP] MISSING_CENTRAL: SR3Mu/Central/muons/3/phi in Skim_TriLep_DYJets10to50.root
2025-11-05 20:29:22,119 - INFO - [2016preVFP] MISSING_CENTRAL: SR3Mu/Central/muons/3/phi in Skim_TriLep_WWG.root
2025-11-05 20:29:22,222 - INFO - [2016postVFP] MISSING_CENTRAL: SR3Mu/Central/muons/3/phi in Skim_TriLep_DYJets.root
2025-11-05 20:29:22,222 - INFO - [2016postVFP] MISSING_CENTRAL: SR3Mu/Central/muons/3/phi in Skim_TriLep_DYJets10to50.root
2025-11-05 20:29:22,237 - INFO - [2016postVFP] MISSING_CENTRAL: SR3Mu/Central/muons/3/phi in Skim_TriLep_WWG.root
2025-11-05 20:29:22,352 - INFO - [2017] MISSING_CENTRAL: SR3Mu/Central/muons/3/phi in Skim_TriLep_DYJets10to50.root
2025-11-05 20:29:22,367 - INFO - [2017] MISSING_CENTRAL: SR3Mu/Central/muons/3/phi in Skim_TriLep_WWG.root
2025-11-05 20:29:22,484 - INFO - [2018] MISSING_CENTRAL: SR3Mu/Central/muons/3/phi in Skim_TriLep_DYJets10to50.root
2025-11-05 21:34:23,538 - INFO - [2016preVFP] MISSING_CENTRAL: SR3Mu/Central/muons/3/phi in Skim_TriLep_DYJets.root
2025-11-05 21:34:23,538 - INFO - [2016preVFP] MISSING_CENTRAL: SR3Mu/Central/muons/3/phi in Skim_TriLep_DYJets10to50.root
2025-11-05 21:34:23,557 - INFO - [2016preVFP] MISSING_CENTRAL: SR3Mu/Central/muons/3/phi in Skim_TriLep_WWG.root
2025-11-05 21:34:23,659 - INFO - [2016postVFP] MISSING_CENTRAL: SR3Mu/Central/muons/3/phi in Skim_TriLep_DYJets.root
2025-11-05 21:34:23,660 - INFO - [2016postVFP] MISSING_CENTRAL: SR3Mu/Central/muons/3/phi in Skim_TriLep_DYJets10to50.root
2025-11-05 21:34:23,674 - INFO - [2016postVFP] MISSING_CENTRAL: SR3Mu/Central/muons/3/phi in Skim_TriLep_WWG.root
2025-11-05 21:34:23,789 - INFO - [2017] MISSING_CENTRAL: SR3Mu/Central/muons/3/phi in Skim_TriLep_DYJets10to50.root
2025-11-05 21:34:23,803 - INFO - [2017] MISSING_CENTRAL: SR3Mu/Central/muons/3/phi in Skim_TriLep_WWG.root
2025-11-05 21:34:23,921 - INFO - [2018] MISSING_CENTRAL: SR3Mu/Central/muons/3/phi in Skim_TriLep_DYJets10to50.root
2025-11-05 21:39:44,007 - INFO - [2016preVFP] MISSING_CENTRAL: SR3Mu/Central/muons/3/phi in Skim_TriLep_DYJets.root
2025-11-05 21:39:44,008 - INFO - [2016preVFP] MISSING_CENTRAL: SR3Mu/Central/muons/3/phi in Skim_TriLep_DYJets10to50.root
2025-11-05 21:39:44,026 - INFO - [2016preVFP] MISSING_CENTRAL: SR3Mu/Central/muons/3/phi in Skim_TriLep_WWG.root
2025-11-05 21:39:44,132 - INFO - [2016postVFP] MISSING_CENTRAL: SR3Mu/Central/muons/3/phi in Skim_TriLep_DYJets.root
2025-11-05 21:39:44,132 - INFO - [2016postVFP] MISSING_CENTRAL: SR3Mu/Central/muons/3/phi in Skim_TriLep_DYJets10to50.root
2025-11-05 21:39:44,146 - INFO - [2016postVFP] MISSING_CENTRAL: SR3Mu/Central/muons/3/phi in Skim_TriLep_WWG.root
2025-11-05 21:39:44,261 - INFO - [2017] MISSING_CENTRAL: SR3Mu/Central/muons/3/phi in Skim_TriLep_DYJets10to50.root
2025-11-05 21:39:44,276 - INFO - [2017] MISSING_CENTRAL: SR3Mu/Central/muons/3/phi in Skim_TriLep_WWG.root
2025-11-05 21:39:44,393 - INFO - [2018] MISSING_CENTRAL: SR3Mu/Central/muons/3/phi in Skim_TriLep_DYJets10to50.root
2025-11-05 22:03:34,018 - INFO - [2016preVFP] MISSING_CENTRAL: SR3Mu/Central/muons/3/phi in Skim_TriLep_DYJets.root
2025-11-05 22:03:34,018 - INFO - [2016preVFP] MISSING_CENTRAL: SR3Mu/Central/muons/3/phi in Skim_TriLep_DYJets10to50.root
2025-11-05 22:03:34,037 - INFO - [2016preVFP] MISSING_CENTRAL: SR3Mu/Central/muons/3/phi in Skim_TriLep_WWG.root
2025-11-05 22:03:34,140 - INFO - [2016postVFP] MISSING_CENTRAL: SR3Mu/Central/muons/3/phi in Skim_TriLep_DYJets.root
2025-11-05 22:03:34,140 - INFO - [2016postVFP] MISSING_CENTRAL: SR3Mu/Central/muons/3/phi in Skim_TriLep_DYJets10to50.root
2025-11-05 22:03:34,155 - INFO - [2016postVFP] MISSING_CENTRAL: SR3Mu/Central/muons/3/phi in Skim_TriLep_WWG.root
2025-11-05 22:03:34,271 - INFO - [2017] MISSING_CENTRAL: SR3Mu/Central/muons/3/phi in Skim_TriLep_DYJets10to50.root
2025-11-05 22:03:34,286 - INFO - [2017] MISSING_CENTRAL: SR3Mu/Central/muons/3/phi in Skim_TriLep_WWG.root
2025-11-05 22:03:34,408 - INFO - [2018] MISSING_CENTRAL: SR3Mu/Central/muons/3/phi in Skim_TriLep_DYJets10to50.root
2025-11-05 22:19:18,416 - INFO - [2016preVFP] MISSING_CENTRAL: SR3Mu/Central/muons/3/phi in Skim_TriLep_DYJets.root
2025-11-05 22:19:18,417 - INFO - [2016preVFP] MISSING_CENTRAL: SR3Mu/Central/muons/3/phi in Skim_TriLep_DYJets10to50.root
2025-11-05 22:19:18,435 - INFO - [2016preVFP] MISSING_CENTRAL: SR3Mu/Central/muons/3/phi in Skim_TriLep_WWG.root
2025-11-05 22:19:18,537 - INFO - [2016postVFP] MISSING_CENTRAL: SR3Mu/Central/muons/3/phi in Skim_TriLep_DYJets.root
2025-11-05 22:19:18,538 - INFO - [2016postVFP] MISSING_CENTRAL: SR3Mu/Central/muons/3/phi in Skim_TriLep_DYJets10to50.root
2025-11-05 22:19:18,552 - INFO - [2016postVFP] MISSING_CENTRAL: SR3Mu/Central/muons/3/phi in Skim_TriLep_WWG.root
2025-11-05 22:19:18,666 - INFO - [2017] MISSING_CENTRAL: SR3Mu/Central/muons/3/phi in Skim_TriLep_DYJets10to50.root
2025-11-05 22:19:18,680 - INFO - [2017] MISSING_CENTRAL: SR3Mu/Central/muons/3/phi in Skim_TriLep_WWG.root
2025-11-05 22:19:18,796 - INFO - [2018] MISSING_CENTRAL: SR3Mu/Central/muons/3/phi in Skim_TriLep_DYJets10to50.root
2025-11-05 23:23:51,775 - INFO - [2016preVFP] MISSING_CENTRAL: SR3Mu/Central/muons/3/phi in Skim_TriLep_DYJets.root
2025-11-05 23:23:51,775 - INFO - [2016preVFP] MISSING_CENTRAL: SR3Mu/Central/muons/3/phi in Skim_TriLep_DYJets10to50.root
2025-11-05 23:23:51,792 - INFO - [2016preVFP] MISSING_CENTRAL: SR3Mu/Central/muons/3/phi in Skim_TriLep_WWG.root
2025-11-05 23:23:51,942 - INFO - [2016postVFP] MISSING_CENTRAL: SR3Mu/Central/muons/3/phi in Skim_TriLep_DYJets.root
2025-11-05 23:23:51,942 - INFO - [2016postVFP] MISSING_CENTRAL: SR3Mu/Central/muons/3/phi in Skim_TriLep_DYJets10to50.root
2025-11-05 23:23:51,958 - INFO - [2016postVFP] MISSING_CENTRAL: SR3Mu/Central/muons/3/phi in Skim_TriLep_WWG.root
2025-11-05 23:23:52,075 - INFO - [2017] MISSING_CENTRAL: SR3Mu/Central/muons/3/phi in Skim_TriLep_DYJets10to50.root
2025-11-05 23:23:52,090 - INFO - [2017] MISSING_CENTRAL: SR3Mu/Central/muons/3/phi in Skim_TriLep_WWG.root
2025-11-05 23:23:52,209 - INFO - [2018] MISSING_CENTRAL: SR3Mu/Central/muons/3/phi in Skim_TriLep_DYJets10to50.root
2025-11-07 12:27:03,236 - INFO - [2016preVFP] MISSING_CENTRAL: SR3Mu/Central/muons/3/phi in Skim_TriLep_DYJets.root
2025-11-07 12:27:03,237 - INFO - [2016preVFP] MISSING_CENTRAL: SR3Mu/Central/muons/3/phi in Skim_TriLep_DYJets10to50.root
2025-11-07 12:27:03,254 - INFO - [2016preVFP] MISSING_CENTRAL: SR3Mu/Central/muons/3/phi in Skim_TriLep_WWG.root
2025-11-07 12:27:03,352 - INFO - [2016postVFP] MISSING_CENTRAL: SR3Mu/Central/muons/3/phi in Skim_TriLep_DYJets.root
2025-11-07 12:27:03,352 - INFO - [2016postVFP] MISSING_CENTRAL: SR3Mu/Central/muons/3/phi in Skim_TriLep_DYJets10to50.root
2025-11-07 12:27:03,366 - INFO - [2016postVFP] MISSING_CENTRAL: SR3Mu/Central/muons/3/phi in Skim_TriLep_WWG.root
2025-11-07 12:27:03,475 - INFO - [2017] MISSING_CENTRAL: SR3Mu/Central/muons/3/phi in Skim_TriLep_DYJets10to50.root
2025-11-07 12:27:03,490 - INFO - [2017] MISSING_CENTRAL: SR3Mu/Central/muons/3/phi in Skim_TriLep_WWG.root
2025-11-07 12:27:03,601 - INFO - [2018] MISSING_CENTRAL: SR3Mu/Central/muons/3/phi in Skim_TriLep_DYJets10to50.root
2025-11-07 13:07:39,004 - INFO - [2016preVFP] MISSING_CENTRAL: SR3Mu/Central/muons/3/phi in Skim_TriLep_DYJets.root
2025-11-07 13:07:39,004 - INFO - [2016preVFP] MISSING_CENTRAL: SR3Mu/Central/muons/3/phi in Skim_TriLep_DYJets10to50.root
2025-11-07 13:07:39,022 - INFO - [2016preVFP] MISSING_CENTRAL: SR3Mu/Central/muons/3/phi in Skim_TriLep_WWG.root
2025-11-07 13:07:39,124 - INFO - [2016postVFP] MISSING_CENTRAL: SR3Mu/Central/muons/3/phi in Skim_TriLep_DYJets.root
2025-11-07 13:07:39,125 - INFO - [2016postVFP] MISSING_CENTRAL: SR3Mu/Central/muons/3/phi in Skim_TriLep_DYJets10to50.root
2025-11-07 13:07:39,140 - INFO - [2016postVFP] MISSING_CENTRAL: SR3Mu/Central/muons/3/phi in Skim_TriLep_WWG.root
2025-11-07 13:07:39,256 - INFO - [2017] MISSING_CENTRAL: SR3Mu/Central/muons/3/phi in Skim_TriLep_DYJets10to50.root
2025-11-07 13:07:39,271 - INFO - [2017] MISSING_CENTRAL: SR3Mu/Central/muons/3/phi in Skim_TriLep_WWG.root
2025-11-07 13:07:39,391 - INFO - [2018] MISSING_CENTRAL: SR3Mu/Central/muons/3/phi in Skim_TriLep_DYJets10to50.root
2025-11-07 14:05:56,968 - INFO - [2016preVFP] MISSING_CENTRAL: SR3Mu/Central/muons/3/phi in Skim_TriLep_DYJets.root
2025-11-07 14:05:56,969 - INFO - [2016preVFP] MISSING_CENTRAL: SR3Mu/Central/muons/3/phi in Skim_TriLep_DYJets10to50.root
2025-11-07 14:05:56,988 - INFO - [2016preVFP] MISSING_CENTRAL: SR3Mu/Central/muons/3/phi in Skim_TriLep_WWG.root
2025-11-07 14:05:57,089 - INFO - [2016postVFP] MISSING_CENTRAL: SR3Mu/Central/muons/3/phi in Skim_TriLep_DYJets.root
2025-11-07 14:05:57,089 - INFO - [2016postVFP] MISSING_CENTRAL: SR3Mu/Central/muons/3/phi in Skim_TriLep_DYJets10to50.root
2025-11-07 14:05:57,104 - INFO - [2016postVFP] MISSING_CENTRAL: SR3Mu/Central/muons/3/phi in Skim_TriLep_WWG.root
2025-11-07 14:05:57,223 - INFO - [2017] MISSING_CENTRAL: SR3Mu/Central/muons/3/phi in Skim_TriLep_DYJets10to50.root
2025-11-07 14:05:57,238 - INFO - [2017] MISSING_CENTRAL: SR3Mu/Central/muons/3/phi in Skim_TriLep_WWG.root
2025-11-07 14:05:57,356 - INFO - [2018] MISSING_CENTRAL: SR3Mu/Central/muons/3/phi in Skim_TriLep_DYJets10to50.root
2025-11-10 05:58:33,712 - INFO - [2016preVFP] MISSING_CENTRAL: SR3Mu/Central/muons/3/phi in Skim_TriLep_DYJets.root
2025-11-10 05:58:33,713 - INFO - [2016preVFP] MISSING_CENTRAL: SR3Mu/Central/muons/3/phi in Skim_TriLep_DYJets10to50.root
2025-11-10 05:58:33,747 - INFO - [2016preVFP] MISSING_CENTRAL: SR3Mu/Central/muons/3/phi in Skim_TriLep_WWG.root
2025-11-10 05:58:34,071 - INFO - [2016postVFP] MISSING_CENTRAL: SR3Mu/Central/muons/3/phi in Skim_TriLep_DYJets.root
2025-11-10 05:58:34,073 - INFO - [2016postVFP] MISSING_CENTRAL: SR3Mu/Central/muons/3/phi in Skim_TriLep_DYJets10to50.root
2025-11-10 05:58:34,149 - INFO - [2016postVFP] MISSING_CENTRAL: SR3Mu/Central/muons/3/phi in Skim_TriLep_WWG.root
2025-11-10 05:58:34,789 - INFO - [2017] MISSING_CENTRAL: SR3Mu/Central/muons/3/phi in Skim_TriLep_DYJets10to50.root
2025-11-10 05:58:34,853 - INFO - [2017] MISSING_CENTRAL: SR3Mu/Central/muons/3/phi in Skim_TriLep_WWG.root
2025-11-10 05:58:35,327 - INFO - [2018] MISSING_CENTRAL: SR3Mu/Central/muons/3/phi in Skim_TriLep_DYJets10to50.root
2025-11-10 12:21:00,658 - INFO - [2016preVFP] MISSING_CENTRAL: SR3Mu/Central/muons/3/phi in Skim_TriLep_DYJets.root
2025-11-10 12:21:00,659 - INFO - [2016preVFP] MISSING_CENTRAL: SR3Mu/Central/muons/3/phi in Skim_TriLep_DYJets10to50.root
2025-11-10 12:21:00,677 - INFO - [2016preVFP] MISSING_CENTRAL: SR3Mu/Central/muons/3/phi in Skim_TriLep_WWG.root
2025-11-10 12:21:00,784 - INFO - [2016postVFP] MISSING_CENTRAL: SR3Mu/Central/muons/3/phi in Skim_TriLep_DYJets.root
2025-11-10 12:21:00,785 - INFO - [2016postVFP] MISSING_CENTRAL: SR3Mu/Central/muons/3/phi in Skim_TriLep_DYJets10to50.root
2025-11-10 12:21:00,799 - INFO - [2016postVFP] MISSING_CENTRAL: SR3Mu/Central/muons/3/phi in Skim_TriLep_WWG.root
2025-11-10 12:21:00,909 - INFO - [2017] MISSING_CENTRAL: SR3Mu/Central/muons/3/phi in Skim_TriLep_DYJets10to50.root
2025-11-10 12:21:00,924 - INFO - [2017] MISSING_CENTRAL: SR3Mu/Central/muons/3/phi in Skim_TriLep_WWG.root
2025-11-10 12:21:01,039 - INFO - [2018] MISSING_CENTRAL: SR3Mu/Central/muons/3/phi in Skim_TriLep_DYJets10to50.root
2025-11-13 11:10:31,717 - INFO - [2016preVFP] MISSING_CENTRAL: SR3Mu/Central/muons/3/phi in Skim_TriLep_DYJets.root
2025-11-13 11:10:31,720 - INFO - [2016preVFP] MISSING_CENTRAL: SR3Mu/Central/muons/3/phi in Skim_TriLep_DYJets10to50.root
2025-11-13 11:10:31,755 - INFO - [2016preVFP] MISSING_CENTRAL: SR3Mu/Central/muons/3/phi in Skim_TriLep_WWG.root
2025-11-13 11:10:32,078 - INFO - [2016postVFP] MISSING_CENTRAL: SR3Mu/Central/muons/3/phi in Skim_TriLep_DYJets.root
2025-11-13 11:10:32,080 - INFO - [2016postVFP] MISSING_CENTRAL: SR3Mu/Central/muons/3/phi in Skim_TriLep_DYJets10to50.root
2025-11-13 11:10:32,114 - INFO - [2016postVFP] MISSING_CENTRAL: SR3Mu/Central/muons/3/phi in Skim_TriLep_WWG.root
2025-11-13 11:10:32,600 - INFO - [2017] MISSING_CENTRAL: SR3Mu/Central/muons/3/phi in Skim_TriLep_DYJets10to50.root
2025-11-13 11:10:32,699 - INFO - [2017] MISSING_CENTRAL: SR3Mu/Central/muons/3/phi in Skim_TriLep_WWG.root
2025-11-13 11:10:32,964 - INFO - [2018] MISSING_CENTRAL: SR3Mu/Central/muons/3/phi in Skim_TriLep_DYJets10to50.root
2025-11-13 19:54:45,495 - INFO - [2016preVFP] MISSING_CENTRAL: SR3Mu/Central/muons/3/phi in Skim_TriLep_DYJets.root
2025-11-13 19:54:45,495 - INFO - [2016preVFP] MISSING_CENTRAL: SR3Mu/Central/muons/3/phi in Skim_TriLep_DYJets10to50.root
2025-11-13 19:54:45,514 - INFO - [2016preVFP] MISSING_CENTRAL: SR3Mu/Central/muons/3/phi in Skim_TriLep_WWG.root
2025-11-13 19:54:45,634 - INFO - [2016postVFP] MISSING_CENTRAL: SR3Mu/Central/muons/3/phi in Skim_TriLep_DYJets.root
2025-11-13 19:54:45,635 - INFO - [2016postVFP] MISSING_CENTRAL: SR3Mu/Central/muons/3/phi in Skim_TriLep_DYJets10to50.root
2025-11-13 19:54:45,649 - INFO - [2016postVFP] MISSING_CENTRAL: SR3Mu/Central/muons/3/phi in Skim_TriLep_WWG.root
2025-11-13 19:54:45,763 - INFO - [2017] MISSING_CENTRAL: SR3Mu/Central/muons/3/phi in Skim_TriLep_DYJets10to50.root
2025-11-13 19:54:45,778 - INFO - [2017] MISSING_CENTRAL: SR3Mu/Central/muons/3/phi in Skim_TriLep_WWG.root
2025-11-13 19:54:45,896 - INFO - [2018] MISSING_CENTRAL: SR3Mu/Central/muons/3/phi in Skim_TriLep_DYJets10to50.root
2025-11-13 20:01:40,527 - INFO - [2016preVFP] MISSING_CENTRAL: SR3Mu/Central/muons/3/phi in Skim_TriLep_DYJets.root
2025-11-13 20:01:40,527 - INFO - [2016preVFP] MISSING_CENTRAL: SR3Mu/Central/muons/3/phi in Skim_TriLep_DYJets10to50.root
2025-11-13 20:01:40,545 - INFO - [2016preVFP] MISSING_CENTRAL: SR3Mu/Central/muons/3/phi in Skim_TriLep_WWG.root
2025-11-13 20:01:40,648 - INFO - [2016postVFP] MISSING_CENTRAL: SR3Mu/Central/muons/3/phi in Skim_TriLep_DYJets.root
2025-11-13 20:01:40,649 - INFO - [2016postVFP] MISSING_CENTRAL: SR3Mu/Central/muons/3/phi in Skim_TriLep_DYJets10to50.root
2025-11-13 20:01:40,663 - INFO - [2016postVFP] MISSING_CENTRAL: SR3Mu/Central/muons/3/phi in Skim_TriLep_WWG.root
2025-11-13 20:01:40,779 - INFO - [2017] MISSING_CENTRAL: SR3Mu/Central/muons/3/phi in Skim_TriLep_DYJets10to50.root
2025-11-13 20:01:40,794 - INFO - [2017] MISSING_CENTRAL: SR3Mu/Central/muons/3/phi in Skim_TriLep_WWG.root
2025-11-13 20:01:40,913 - INFO - [2018] MISSING_CENTRAL: SR3Mu/Central/muons/3/phi in Skim_TriLep_DYJets10to50.root
2025-11-19 16:23:23,759 - INFO - [2016preVFP] MISSING_CENTRAL: SR3Mu/Central/muons/3/phi in Skim_TriLep_DYJets.root
2025-11-19 16:23:23,760 - INFO - [2016preVFP] MISSING_CENTRAL: SR3Mu/Central/muons/3/phi in Skim_TriLep_DYJets10to50.root
2025-11-19 16:23:23,778 - INFO - [2016preVFP] MISSING_CENTRAL: SR3Mu/Central/muons/3/phi in Skim_TriLep_WWG.root
2025-11-19 16:23:23,879 - INFO - [2016postVFP] MISSING_CENTRAL: SR3Mu/Central/muons/3/phi in Skim_TriLep_DYJets.root
2025-11-19 16:23:23,880 - INFO - [2016postVFP] MISSING_CENTRAL: SR3Mu/Central/muons/3/phi in Skim_TriLep_DYJets10to50.root
2025-11-19 16:23:23,895 - INFO - [2016postVFP] MISSING_CENTRAL: SR3Mu/Central/muons/3/phi in Skim_TriLep_WWG.root
2025-11-19 16:23:24,010 - INFO - [2017] MISSING_CENTRAL: SR3Mu/Central/muons/3/phi in Skim_TriLep_DYJets10to50.root
2025-11-19 16:23:24,025 - INFO - [2017] MISSING_CENTRAL: SR3Mu/Central/muons/3/phi in Skim_TriLep_WWG.root
2025-11-19 16:23:24,144 - INFO - [2018] MISSING_CENTRAL: SR3Mu/Central/muons/3/phi in Skim_TriLep_DYJets10to50.root
2025-12-17 22:37:49,358 - INFO - [2016preVFP] MISSING_CENTRAL: SR3Mu/Central/muons/3/phi in Skim_TriLep_DYJets10to50.root
2025-12-17 22:37:49,358 - INFO - [2016preVFP] MISSING_FILE: /data9/Users/choij/Sync/workspace/ChargedHiggsAnalysisV3/SKNanoOutput/PromptSelector/Run3Mu_RunSyst/2016preVFP/Skim_TriLep_ZGToLLG.root
2025-12-17 22:37:49,373 - INFO - [2016preVFP] MISSING_CENTRAL: SR3Mu/Central/muons/3/phi in Skim_TriLep_WWG.root
2025-12-17 22:37:49,636 - INFO - [2016postVFP] MISSING_CENTRAL: SR3Mu/Central/muons/3/phi in Skim_TriLep_DYJets10to50.root
2025-12-17 22:37:49,649 - INFO - [2016postVFP] MISSING_CENTRAL: SR3Mu/Central/muons/3/phi in Skim_TriLep_WWG.root
2025-12-17 22:37:49,854 - INFO - [2017] MISSING_CENTRAL: SR3Mu/Central/muons/3/phi in Skim_TriLep_DYJets10to50.root
2025-12-17 22:37:49,868 - INFO - [2017] MISSING_CENTRAL: SR3Mu/Central/muons/3/phi in Skim_TriLep_WWG.root
2025-12-17 22:37:50,072 - INFO - [2018] MISSING_CENTRAL: SR3Mu/Central/muons/3/phi in Skim_TriLep_DYJets10to50.root
2025-12-18 14:22:06,145 - INFO - [2016preVFP] MISSING_CENTRAL: SR3Mu/Central/muons/3/phi in Skim_TriLep_DYJets10to50.root
2025-12-18 14:22:06,145 - INFO - [2016preVFP] MISSING_FILE: /data9/Users/choij/Sync/workspace/ChargedHiggsAnalysisV3/SKNanoOutput/PromptSelector/Run3Mu_RunSyst/2016preVFP/Skim_TriLep_ZGToLLG.root
2025-12-18 14:22:06,174 - INFO - [2016preVFP] MISSING_CENTRAL: SR3Mu/Central/muons/3/phi in Skim_TriLep_WWG.root
2025-12-18 14:22:06,627 - INFO - [2016postVFP] MISSING_CENTRAL: SR3Mu/Central/muons/3/phi in Skim_TriLep_DYJets10to50.root
2025-12-18 14:22:06,641 - INFO - [2016postVFP] MISSING_CENTRAL: SR3Mu/Central/muons/3/phi in Skim_TriLep_WWG.root
2025-12-18 14:22:06,875 - INFO - [2017] MISSING_CENTRAL: SR3Mu/Central/muons/3/phi in Skim_TriLep_DYJets10to50.root
2025-12-18 14:22:06,892 - INFO - [2017] MISSING_CENTRAL: SR3Mu/Central/muons/3/phi in Skim_TriLep_WWG.root
2025-12-18 14:22:07,111 - INFO - [2018] MISSING_CENTRAL: SR3Mu/Central/muons/3/phi in Skim_TriLep_DYJets10to50.root
2025-12-18 14:37:30,936 - INFO - [2016preVFP] MISSING_CENTRAL: SR3Mu/Central/muons/3/phi in Skim_TriLep_DYJets10to50.root
2025-12-18 14:37:30,936 - INFO - [2016preVFP] MISSING_FILE: /data9/Users/choij/Sync/workspace/ChargedHiggsAnalysisV3/SKNanoOutput/PromptSelector/Run3Mu_RunSyst/2016preVFP/Skim_TriLep_ZGToLLG.root
2025-12-18 14:37:30,960 - INFO - [2016preVFP] MISSING_CENTRAL: SR3Mu/Central/muons/3/phi in Skim_TriLep_WWG.root
2025-12-18 14:37:31,164 - INFO - [2016postVFP] MISSING_CENTRAL: SR3Mu/Central/muons/3/phi in Skim_TriLep_DYJets10to50.root
2025-12-18 14:37:31,179 - INFO - [2016postVFP] MISSING_CENTRAL: SR3Mu/Central/muons/3/phi in Skim_TriLep_WWG.root
2025-12-18 14:37:31,381 - INFO - [2017] MISSING_CENTRAL: SR3Mu/Central/muons/3/phi in Skim_TriLep_DYJets10to50.root
2025-12-18 14:37:31,396 - INFO - [2017] MISSING_CENTRAL: SR3Mu/Central/muons/3/phi in Skim_TriLep_WWG.root
2025-12-18 14:37:31,668 - INFO - [2018] MISSING_CENTRAL: SR3Mu/Central/muons/3/phi in Skim_TriLep_DYJets10to50.root
2026-01-07 11:47:16,734 - INFO - [2016preVFP] MISSING_CENTRAL: SR3Mu/Central/muons/3/phi in Skim_TriLep_DYJets10to50.root
2026-01-07 11:47:16,734 - INFO - [2016preVFP] MISSING_FILE: /data9/Users/choij/Sync/workspace/ChargedHiggsAnalysisV3/SKNanoOutput/PromptSelector/Run3Mu_RunSyst/2016preVFP/Skim_TriLep_ZGToLLG.root
2026-01-07 11:47:16,748 - INFO - [2016preVFP] MISSING_CENTRAL: SR3Mu/Central/muons/3/phi in Skim_TriLep_WWG.root
2026-01-07 11:47:16,954 - INFO - [2016postVFP] MISSING_CENTRAL: SR3Mu/Central/muons/3/phi in Skim_TriLep_DYJets10to50.root
2026-01-07 11:47:16,968 - INFO - [2016postVFP] MISSING_CENTRAL: SR3Mu/Central/muons/3/phi in Skim_TriLep_WWG.root
2026-01-07 11:47:17,187 - INFO - [2017] MISSING_CENTRAL: SR3Mu/Central/muons/3/phi in Skim_TriLep_DYJets10to50.root
2026-01-07 11:47:17,202 - INFO - [2017] MISSING_CENTRAL: SR3Mu/Central/muons/3/phi in Skim_TriLep_WWG.root
2026-01-07 11:47:17,430 - INFO - [2018] MISSING_CENTRAL: SR3Mu/Central/muons/3/phi in Skim_TriLep_DYJets10to50.root
2026-01-07 18:44:02,094 - INFO - [2016preVFP] MISSING_CENTRAL: SR3Mu/Central/muons/3/phi in Skim_TriLep_DYJets10to50.root
2026-01-07 18:44:02,094 - INFO - [2016preVFP] MISSING_FILE: /data9/Users/choij/Sync/workspace/ChargedHiggsAnalysisV3/SKNanoOutput/PromptSelector/Run3Mu_RunSyst/2016preVFP/Skim_TriLep_ZGToLLG.root
2026-01-07 18:44:02,107 - INFO - [2016preVFP] MISSING_CENTRAL: SR3Mu/Central/muons/3/phi in Skim_TriLep_WWG.root
2026-01-07 18:44:02,296 - INFO - [2016postVFP] MISSING_CENTRAL: SR3Mu/Central/muons/3/phi in Skim_TriLep_DYJets10to50.root
2026-01-07 18:44:02,309 - INFO - [2016postVFP] MISSING_CENTRAL: SR3Mu/Central/muons/3/phi in Skim_TriLep_WWG.root
2026-01-07 18:44:02,510 - INFO - [2017] MISSING_CENTRAL: SR3Mu/Central/muons/3/phi in Skim_TriLep_DYJets10to50.root
2026-01-07 18:44:02,524 - INFO - [2017] MISSING_CENTRAL: SR3Mu/Central/muons/3/phi in Skim_TriLep_WWG.root
2026-01-07 18:44:02,723 - INFO - [2018] MISSING_CENTRAL: SR3Mu/Central/muons/3/phi in Skim_TriLep_DYJets10to50.root
2026-01-07 19:29:04,880 - INFO - [2016preVFP] MISSING_CENTRAL: SR3Mu/Central/muons/3/phi in Skim_TriLep_DYJets10to50.root
2026-01-07 19:29:04,880 - INFO - [2016preVFP] MISSING_FILE: /data9/Users/choij/Sync/workspace/ChargedHiggsAnalysisV3/SKNanoOutput/PromptSelector/Run3Mu_RunSyst/2016preVFP/Skim_TriLep_ZGToLLG.root
2026-01-07 19:29:04,892 - INFO - [2016preVFP] MISSING_CENTRAL: SR3Mu/Central/muons/3/phi in Skim_TriLep_WWG.root
2026-01-07 19:29:05,078 - INFO - [2016postVFP] MISSING_CENTRAL: SR3Mu/Central/muons/3/phi in Skim_TriLep_DYJets10to50.root
2026-01-07 19:29:05,091 - INFO - [2016postVFP] MISSING_CENTRAL: SR3Mu/Central/muons/3/phi in Skim_TriLep_WWG.root
2026-01-07 19:29:05,295 - INFO - [2017] MISSING_CENTRAL: SR3Mu/Central/muons/3/phi in Skim_TriLep_DYJets10to50.root
2026-01-07 19:29:05,308 - INFO - [2017] MISSING_CENTRAL: SR3Mu/Central/muons/3/phi in Skim_TriLep_WWG.root
2026-01-07 19:29:05,504 - INFO - [2018] MISSING_CENTRAL: SR3Mu/Central/muons/3/phi in Skim_TriLep_DYJets10to50.root
2026-01-09 12:18:05,539 - INFO - [2016preVFP] MISSING_CENTRAL: SR3Mu/Central/muons/3/phi in Skim_TriLep_DYJets10to50.root
2026-01-09 12:18:05,539 - INFO - [2016preVFP] MISSING_FILE: /home/choij/Sync/workspace/ChargedHiggsAnalysisV3/SKNanoOutput/PromptSelector/Run3Mu_RunSyst/2016preVFP/Skim_TriLep_ZGToLLG.root
2026-01-09 12:18:05,547 - INFO - [2016preVFP] MISSING_CENTRAL: SR3Mu/Central/muons/3/phi in Skim_TriLep_WWG.root
2026-01-09 12:18:05,664 - INFO - [2016postVFP] MISSING_CENTRAL: SR3Mu/Central/muons/3/phi in Skim_TriLep_DYJets10to50.root
2026-01-09 12:18:05,671 - INFO - [2016postVFP] MISSING_CENTRAL: SR3Mu/Central/muons/3/phi in Skim_TriLep_WWG.root
2026-01-09 12:18:05,788 - INFO - [2017] MISSING_CENTRAL: SR3Mu/Central/muons/3/phi in Skim_TriLep_DYJets10to50.root
2026-01-09 12:18:05,797 - INFO - [2017] MISSING_CENTRAL: SR3Mu/Central/muons/3/phi in Skim_TriLep_WWG.root
2026-01-09 12:18:05,915 - INFO - [2018] MISSING_CENTRAL: SR3Mu/Central/muons/3/phi in Skim_TriLep_DYJets10to50.root
2026-01-11 09:38:09,602 - INFO - [2016preVFP] MISSING_CENTRAL: SR3Mu/Central/muons/3/phi in Skim_TriLep_DYJets10to50.root
2026-01-11 09:38:09,603 - INFO - [2016preVFP] MISSING_FILE: /home/choij/Sync/workspace/ChargedHiggsAnalysisV3/SKNanoOutput/PromptSelector/Run3Mu_RunSyst/2016preVFP/Skim_TriLep_ZGToLLG.root
2026-01-11 09:38:09,610 - INFO - [2016preVFP] MISSING_CENTRAL: SR3Mu/Central/muons/3/phi in Skim_TriLep_WWG.root
2026-01-11 09:38:09,759 - INFO - [2016postVFP] MISSING_CENTRAL: SR3Mu/Central/muons/3/phi in Skim_TriLep_DYJets10to50.root
2026-01-11 09:38:09,766 - INFO - [2016postVFP] MISSING_CENTRAL: SR3Mu/Central/muons/3/phi in Skim_TriLep_WWG.root
2026-01-11 09:38:09,894 - INFO - [2017] MISSING_CENTRAL: SR3Mu/Central/muons/3/phi in Skim_TriLep_DYJets10to50.root
2026-01-11 09:38:09,902 - INFO - [2017] MISSING_CENTRAL: SR3Mu/Central/muons/3/phi in Skim_TriLep_WWG.root
2026-01-11 09:38:10,020 - INFO - [2018] MISSING_CENTRAL: SR3Mu/Central/muons/3/phi in Skim_TriLep_DYJets10to50.root
2026-01-12 13:46:48,829 - INFO - [2016preVFP] MISSING_FILE: /home/choij/Sync/workspace/ChargedHiggsAnalysisV3/SKNanoOutput/MatrixSelector/Run3Mu/2016preVFP/Skim_TriLep_DoubleMuon_B.root
2026-01-12 13:46:48,829 - INFO - [2016preVFP] MISSING_FILE: /home/choij/Sync/workspace/ChargedHiggsAnalysisV3/SKNanoOutput/MatrixSelector/Run3Mu/2016preVFP/Skim_TriLep_DoubleMuon_C.root
2026-01-12 13:46:48,829 - INFO - [2016preVFP] MISSING_FILE: /home/choij/Sync/workspace/ChargedHiggsAnalysisV3/SKNanoOutput/MatrixSelector/Run3Mu/2016preVFP/Skim_TriLep_DoubleMuon_D.root
2026-01-12 13:46:48,829 - INFO - [2016preVFP] MISSING_FILE: /home/choij/Sync/workspace/ChargedHiggsAnalysisV3/SKNanoOutput/MatrixSelector/Run3Mu/2016preVFP/Skim_TriLep_DoubleMuon_E.root
2026-01-12 13:46:48,829 - INFO - [2016preVFP] MISSING_FILE: /home/choij/Sync/workspace/ChargedHiggsAnalysisV3/SKNanoOutput/MatrixSelector/Run3Mu/2016preVFP/Skim_TriLep_DoubleMuon_F.root
2026-01-12 13:46:48,853 - INFO - [2016preVFP] MISSING_CENTRAL: SR3Mu/Central/muons/3/phi in Skim_TriLep_DYJets10to50.root
2026-01-12 13:46:48,853 - INFO - [2016preVFP] MISSING_FILE: /home/choij/Sync/workspace/ChargedHiggsAnalysisV3/SKNanoOutput/PromptSelector/Run3Mu_RunSyst/2016preVFP/Skim_TriLep_ZGToLLG.root
2026-01-12 13:46:48,861 - INFO - [2016preVFP] MISSING_CENTRAL: SR3Mu/Central/muons/3/phi in Skim_TriLep_WWG.root
2026-01-12 13:46:48,967 - INFO - [2016postVFP] MISSING_FILE: /home/choij/Sync/workspace/ChargedHiggsAnalysisV3/SKNanoOutput/MatrixSelector/Run3Mu/2016postVFP/Skim_TriLep_DoubleMuon_F.root
2026-01-12 13:46:48,968 - INFO - [2016postVFP] MISSING_FILE: /home/choij/Sync/workspace/ChargedHiggsAnalysisV3/SKNanoOutput/MatrixSelector/Run3Mu/2016postVFP/Skim_TriLep_DoubleMuon_G.root
2026-01-12 13:46:48,968 - INFO - [2016postVFP] MISSING_FILE: /home/choij/Sync/workspace/ChargedHiggsAnalysisV3/SKNanoOutput/MatrixSelector/Run3Mu/2016postVFP/Skim_TriLep_DoubleMuon_H.root
2026-01-12 13:46:48,975 - INFO - [2016postVFP] MISSING_CENTRAL: SR3Mu/Central/muons/3/phi in Skim_TriLep_DYJets10to50.root
2026-01-12 13:46:48,983 - INFO - [2016postVFP] MISSING_CENTRAL: SR3Mu/Central/muons/3/phi in Skim_TriLep_WWG.root
2026-01-12 13:46:49,090 - INFO - [2017] MISSING_FILE: /home/choij/Sync/workspace/ChargedHiggsAnalysisV3/SKNanoOutput/MatrixSelector/Run3Mu/2017/Skim_TriLep_DoubleMuon_B.root
2026-01-12 13:46:49,090 - INFO - [2017] MISSING_FILE: /home/choij/Sync/workspace/ChargedHiggsAnalysisV3/SKNanoOutput/MatrixSelector/Run3Mu/2017/Skim_TriLep_DoubleMuon_C.root
2026-01-12 13:46:49,090 - INFO - [2017] MISSING_FILE: /home/choij/Sync/workspace/ChargedHiggsAnalysisV3/SKNanoOutput/MatrixSelector/Run3Mu/2017/Skim_TriLep_DoubleMuon_D.root
2026-01-12 13:46:49,090 - INFO - [2017] MISSING_FILE: /home/choij/Sync/workspace/ChargedHiggsAnalysisV3/SKNanoOutput/MatrixSelector/Run3Mu/2017/Skim_TriLep_DoubleMuon_E.root
2026-01-12 13:46:49,090 - INFO - [2017] MISSING_FILE: /home/choij/Sync/workspace/ChargedHiggsAnalysisV3/SKNanoOutput/MatrixSelector/Run3Mu/2017/Skim_TriLep_DoubleMuon_F.root
2026-01-12 13:46:49,099 - INFO - [2017] MISSING_CENTRAL: SR3Mu/Central/muons/3/phi in Skim_TriLep_DYJets10to50.root
2026-01-12 13:46:49,107 - INFO - [2017] MISSING_CENTRAL: SR3Mu/Central/muons/3/phi in Skim_TriLep_WWG.root
2026-01-12 13:46:49,218 - INFO - [2018] MISSING_FILE: /home/choij/Sync/workspace/ChargedHiggsAnalysisV3/SKNanoOutput/MatrixSelector/Run3Mu/2018/Skim_TriLep_DoubleMuon_A.root
2026-01-12 13:46:49,218 - INFO - [2018] MISSING_FILE: /home/choij/Sync/workspace/ChargedHiggsAnalysisV3/SKNanoOutput/MatrixSelector/Run3Mu/2018/Skim_TriLep_DoubleMuon_B.root
2026-01-12 13:46:49,218 - INFO - [2018] MISSING_FILE: /home/choij/Sync/workspace/ChargedHiggsAnalysisV3/SKNanoOutput/MatrixSelector/Run3Mu/2018/Skim_TriLep_DoubleMuon_C.root
2026-01-12 13:46:49,219 - INFO - [2018] MISSING_FILE: /home/choij/Sync/workspace/ChargedHiggsAnalysisV3/SKNanoOutput/MatrixSelector/Run3Mu/2018/Skim_TriLep_DoubleMuon_D.root
2026-01-12 13:46:49,227 - INFO - [2018] MISSING_CENTRAL: SR3Mu/Central/muons/3/phi in Skim_TriLep_DYJets10to50.root
2026-01-16 19:01:55,339 - INFO - [2016preVFP] MISSING_CENTRAL: SR3Mu/Central/muons/3/phi in Skim_TriLep_DYJets10to50.root
2026-01-16 19:01:55,340 - INFO - [2016preVFP] MISSING_FILE: /home/choij/Sync/workspace/ChargedHiggsAnalysisV3/SKNanoOutput/PromptSelector/Run3Mu_RunSyst/2016preVFP/Skim_TriLep_ZGToLLG.root
2026-01-16 19:01:55,349 - INFO - [2016preVFP] MISSING_CENTRAL: SR3Mu/Central/muons/3/phi in Skim_TriLep_WWG.root
2026-01-16 19:01:55,467 - INFO - [2016postVFP] MISSING_CENTRAL: SR3Mu/Central/muons/3/phi in Skim_TriLep_DYJets10to50.root
2026-01-16 19:01:55,475 - INFO - [2016postVFP] MISSING_CENTRAL: SR3Mu/Central/muons/3/phi in Skim_TriLep_WWG.root
2026-01-16 19:01:55,602 - INFO - [2017] MISSING_CENTRAL: SR3Mu/Central/muons/3/phi in Skim_TriLep_DYJets10to50.root
2026-01-16 19:01:55,611 - INFO - [2017] MISSING_CENTRAL: SR3Mu/Central/muons/3/phi in Skim_TriLep_WWG.root
2026-01-16 19:01:55,745 - INFO - [2018] MISSING_CENTRAL: SR3Mu/Central/muons/3/phi in Skim_TriLep_DYJets10to50.root
2026-01-21 13:01:24,834 - INFO - [2016preVFP] MISSING_CENTRAL: SR3Mu/Central/muons/3/phi in Skim_TriLep_DYJets10to50.root
2026-01-21 13:01:24,835 - INFO - [2016preVFP] MISSING_FILE: /home/choij/Sync/workspace/ChargedHiggsAnalysisV3/SKNanoOutput/PromptSelector/Run3Mu_RunSyst/2016preVFP/Skim_TriLep_ZGToLLG.root
2026-01-21 13:01:24,864 - INFO - [2016preVFP] MISSING_CENTRAL: SR3Mu/Central/muons/3/phi in Skim_TriLep_WWG.root
2026-01-21 13:01:25,393 - INFO - [2016postVFP] MISSING_CENTRAL: SR3Mu/Central/muons/3/phi in Skim_TriLep_DYJets10to50.root
2026-01-21 13:01:25,420 - INFO - [2016postVFP] MISSING_CENTRAL: SR3Mu/Central/muons/3/phi in Skim_TriLep_WWG.root
2026-01-21 13:01:25,963 - INFO - [2017] MISSING_CENTRAL: SR3Mu/Central/muons/3/phi in Skim_TriLep_DYJets10to50.root
2026-01-21 13:01:25,994 - INFO - [2017] MISSING_CENTRAL: SR3Mu/Central/muons/3/phi in Skim_TriLep_WWG.root
2026-01-21 13:01:26,525 - INFO - [2018] MISSING_CENTRAL: SR3Mu/Central/muons/3/phi in Skim_TriLep_DYJets10to50.root
2026-01-21 14:49:56,292 - INFO - [2016preVFP] MISSING_CENTRAL: SR3Mu/Central/muons/3/phi in Skim_TriLep_DYJets10to50.root
2026-01-21 14:49:56,292 - INFO - [2016preVFP] MISSING_FILE: /home/choij/Sync/workspace/ChargedHiggsAnalysisV3/SKNanoOutput/PromptSelector/Run3Mu_RunSyst/2016preVFP/Skim_TriLep_ZGToLLG.root
2026-01-21 14:49:56,300 - INFO - [2016preVFP] MISSING_CENTRAL: SR3Mu/Central/muons/3/phi in Skim_TriLep_WWG.root
2026-01-21 14:49:56,411 - INFO - [2016postVFP] MISSING_CENTRAL: SR3Mu/Central/muons/3/phi in Skim_TriLep_DYJets10to50.root
2026-01-21 14:49:56,418 - INFO - [2016postVFP] MISSING_CENTRAL: SR3Mu/Central/muons/3/phi in Skim_TriLep_WWG.root
2026-01-21 14:49:56,535 - INFO - [2017] MISSING_CENTRAL: SR3Mu/Central/muons/3/phi in Skim_TriLep_DYJets10to50.root
2026-01-21 14:49:56,543 - INFO - [2017] MISSING_CENTRAL: SR3Mu/Central/muons/3/phi in Skim_TriLep_WWG.root
2026-01-21 14:49:56,663 - INFO - [2018] MISSING_CENTRAL: SR3Mu/Central/muons/3/phi in Skim_TriLep_DYJets10to50.root
2026-01-28 16:09:15,299 - INFO - [2016preVFP] MISSING_CENTRAL: SR3Mu/Central/muons/3/phi in Skim_TriLep_DYJets10to50.root
2026-01-28 16:09:15,308 - INFO - [2016preVFP] MISSING_CENTRAL: SR3Mu/Central/muons/3/phi in Skim_TriLep_WWG.root
2026-01-28 16:09:15,484 - INFO - [2016postVFP] MISSING_CENTRAL: SR3Mu/Central/muons/3/phi in Skim_TriLep_DYJets10to50.root
2026-01-28 16:09:15,492 - INFO - [2016postVFP] MISSING_CENTRAL: SR3Mu/Central/muons/3/phi in Skim_TriLep_WWG.root
2026-01-28 16:09:15,624 - INFO - [2017] MISSING_CENTRAL: SR3Mu/Central/muons/3/phi in Skim_TriLep_DYJets10to50.root
2026-01-28 16:09:15,633 - INFO - [2017] MISSING_CENTRAL: SR3Mu/Central/muons/3/phi in Skim_TriLep_WWG.root
2026-01-28 16:09:15,762 - INFO - [2018] MISSING_CENTRAL: SR3Mu/Central/muons/3/phi in Skim_TriLep_DYJets10to50.root
2026-01-28 17:21:30,278 - INFO - [2016preVFP] MISSING_CENTRAL: SR3Mu/Central/muons/3/phi in Skim_TriLep_DYJets10to50.root
2026-01-28 17:21:30,287 - INFO - [2016preVFP] MISSING_CENTRAL: SR3Mu/Central/muons/3/phi in Skim_TriLep_WWG.root
2026-01-28 17:21:30,419 - INFO - [2016postVFP] MISSING_CENTRAL: SR3Mu/Central/muons/3/phi in Skim_TriLep_DYJets10to50.root
2026-01-28 17:21:30,428 - INFO - [2016postVFP] MISSING_CENTRAL: SR3Mu/Central/muons/3/phi in Skim_TriLep_WWG.root
2026-01-28 17:21:30,568 - INFO - [2017] MISSING_CENTRAL: SR3Mu/Central/muons/3/phi in Skim_TriLep_DYJets10to50.root
2026-01-28 17:21:30,578 - INFO - [2017] MISSING_CENTRAL: SR3Mu/Central/muons/3/phi in Skim_TriLep_WWG.root
2026-01-28 17:21:30,718 - INFO - [2018] MISSING_CENTRAL: SR3Mu/Central/muons/3/phi in Skim_TriLep_DYJets10to50.root
2026-01-28 19:55:00,716 - INFO - [2016preVFP] MISSING_CENTRAL: SR3Mu/Central/muons/3/phi in Skim_TriLep_DYJets10to50.root
2026-01-28 19:55:00,724 - INFO - [2016preVFP] MISSING_CENTRAL: SR3Mu/Central/muons/3/phi in Skim_TriLep_WWG.root
2026-01-28 19:55:00,851 - INFO - [2016postVFP] MISSING_CENTRAL: SR3Mu/Central/muons/3/phi in Skim_TriLep_DYJets10to50.root
2026-01-28 19:55:00,860 - INFO - [2016postVFP] MISSING_CENTRAL: SR3Mu/Central/muons/3/phi in Skim_TriLep_WWG.root
2026-01-28 19:55:01,025 - INFO - [2017] MISSING_CENTRAL: SR3Mu/Central/muons/3/phi in Skim_TriLep_DYJets10to50.root
2026-01-28 19:55:01,042 - INFO - [2017] MISSING_CENTRAL: SR3Mu/Central/muons/3/phi in Skim_TriLep_WWG.root
2026-01-28 19:55:01,181 - INFO - [2018] MISSING_CENTRAL: SR3Mu/Central/muons/3/phi in Skim_TriLep_DYJets10to50.root
2026-01-29 07:12:14,202 - INFO - [2016preVFP] MISSING_CENTRAL: SR3Mu/Central/muons/3/phi in Skim_TriLep_DYJets10to50.root
2026-01-29 07:12:14,210 - INFO - [2016preVFP] MISSING_CENTRAL: SR3Mu/Central/muons/3/phi in Skim_TriLep_WWG.root
2026-01-29 07:12:14,320 - INFO - [2016postVFP] MISSING_CENTRAL: SR3Mu/Central/muons/3/phi in Skim_TriLep_DYJets10to50.root
2026-01-29 07:12:14,327 - INFO - [2016postVFP] MISSING_CENTRAL: SR3Mu/Central/muons/3/phi in Skim_TriLep_WWG.root
2026-01-29 07:12:14,440 - INFO - [2017] MISSING_CENTRAL: SR3Mu/Central/muons/3/phi in Skim_TriLep_DYJets10to50.root
2026-01-29 07:12:14,448 - INFO - [2017] MISSING_CENTRAL: SR3Mu/Central/muons/3/phi in Skim_TriLep_WWG.root
2026-01-29 07:12:14,564 - INFO - [2018] MISSING_CENTRAL: SR3Mu/Central/muons/3/phi in Skim_TriLep_DYJets10to50.root
2026-03-06 09:40:22,237 - INFO - [2016preVFP] MISSING_CENTRAL: SR3Mu/Central/muons/3/phi in Skim_TriLep_DYJets10to50.root
2026-03-06 09:40:22,245 - INFO - [2016preVFP] MISSING_CENTRAL: SR3Mu/Central/muons/3/phi in Skim_TriLep_WWG.root
2026-03-06 09:40:22,401 - INFO - [2016postVFP] MISSING_CENTRAL: SR3Mu/Central/muons/3/phi in Skim_TriLep_DYJets10to50.root
2026-03-06 09:40:22,408 - INFO - [2016postVFP] MISSING_CENTRAL: SR3Mu/Central/muons/3/phi in Skim_TriLep_WWG.root
2026-03-06 09:40:22,526 - INFO - [2017] MISSING_CENTRAL: SR3Mu/Central/muons/3/phi in Skim_TriLep_DYJets10to50.root
2026-03-06 09:40:22,534 - INFO - [2017] MISSING_CENTRAL: SR3Mu/Central/muons/3/phi in Skim_TriLep_WWG.root
2026-03-06 09:40:22,655 - INFO - [2018] MISSING_CENTRAL: SR3Mu/Central/muons/3/phi in Skim_TriLep_DYJets10to50.root
2026-03-06 19:46:10,197 - INFO - [2016preVFP] MISSING_CENTRAL: SR3Mu/Central/muons/3/phi in Skim_TriLep_DYJets10to50.root
2026-03-06 19:46:10,205 - INFO - [2016preVFP] MISSING_CENTRAL: SR3Mu/Central/muons/3/phi in Skim_TriLep_WWG.root
2026-03-06 19:46:10,317 - INFO - [2016postVFP] MISSING_CENTRAL: SR3Mu/Central/muons/3/phi in Skim_TriLep_DYJets10to50.root
2026-03-06 19:46:10,326 - INFO - [2016postVFP] MISSING_CENTRAL: SR3Mu/Central/muons/3/phi in Skim_TriLep_WWG.root
2026-03-06 19:46:10,443 - INFO - [2017] MISSING_CENTRAL: SR3Mu/Central/muons/3/phi in Skim_TriLep_DYJets10to50.root
2026-03-06 19:46:10,451 - INFO - [2017] MISSING_CENTRAL: SR3Mu/Central/muons/3/phi in Skim_TriLep_WWG.root
2026-03-06 19:46:10,570 - INFO - [2018] MISSING_CENTRAL: SR3Mu/Central/muons/3/phi in Skim_TriLep_DYJets10to50.root
2026-03-12 21:34:52,554 - INFO - [2016preVFP] MISSING_CENTRAL: SR3Mu/Central/muons/3/phi in Skim_TriLep_DYJets10to50.root
2026-03-12 21:34:52,562 - INFO - [2016preVFP] MISSING_CENTRAL: SR3Mu/Central/muons/3/phi in Skim_TriLep_WWG.root
2026-03-12 21:34:52,672 - INFO - [2016postVFP] MISSING_CENTRAL: SR3Mu/Central/muons/3/phi in Skim_TriLep_DYJets10to50.root
2026-03-12 21:34:52,680 - INFO - [2016postVFP] MISSING_CENTRAL: SR3Mu/Central/muons/3/phi in Skim_TriLep_WWG.root
2026-03-12 21:34:52,798 - INFO - [2017] MISSING_CENTRAL: SR3Mu/Central/muons/3/phi in Skim_TriLep_DYJets10to50.root
2026-03-12 21:34:52,807 - INFO - [2017] MISSING_CENTRAL: SR3Mu/Central/muons/3/phi in Skim_TriLep_WWG.root
2026-03-12 21:34:52,926 - INFO - [2018] MISSING_CENTRAL: SR3Mu/Central/muons/3/phi in Skim_TriLep_DYJets10to50.root
2026-04-10 20:21:08,986 - INFO - [2016preVFP] MISSING_CENTRAL: SR3Mu/Central/muons/3/phi in Skim_TriLep_DYJets10to50.root
2026-04-10 20:21:08,993 - INFO - [2016preVFP] MISSING_CENTRAL: SR3Mu/Central/muons/3/phi in Skim_TriLep_WWG.root
2026-04-10 20:21:09,104 - INFO - [2016postVFP] MISSING_CENTRAL: SR3Mu/Central/muons/3/phi in Skim_TriLep_DYJets10to50.root
2026-04-10 20:21:09,111 - INFO - [2016postVFP] MISSING_CENTRAL: SR3Mu/Central/muons/3/phi in Skim_TriLep_WWG.root
2026-04-10 20:21:09,229 - INFO - [2017] MISSING_CENTRAL: SR3Mu/Central/muons/3/phi in Skim_TriLep_DYJets10to50.root
2026-04-10 20:21:09,237 - INFO - [2017] MISSING_CENTRAL: SR3Mu/Central/muons/3/phi in Skim_TriLep_WWG.root
2026-04-10 20:21:09,354 - INFO - [2018] MISSING_CENTRAL: SR3Mu/Central/muons/3/phi in Skim_TriLep_DYJets10to50.root
2026-04-12 11:36:18,047 - INFO - [2016preVFP] MISSING_CENTRAL: SR3Mu/Central/muons/3/phi in Skim_TriLep_DYJets10to50.root
2026-04-12 11:36:18,054 - INFO - [2016preVFP] MISSING_CENTRAL: SR3Mu/Central/muons/3/phi in Skim_TriLep_WWG.root
2026-04-12 11:36:18,195 - INFO - [2016postVFP] MISSING_CENTRAL: SR3Mu/Central/muons/3/phi in Skim_TriLep_DYJets10to50.root
2026-04-12 11:36:18,203 - INFO - [2016postVFP] MISSING_CENTRAL: SR3Mu/Central/muons/3/phi in Skim_TriLep_WWG.root
2026-04-12 11:36:18,322 - INFO - [2017] MISSING_CENTRAL: SR3Mu/Central/muons/3/phi in Skim_TriLep_DYJets10to50.root
2026-04-12 11:36:18,330 - INFO - [2017] MISSING_CENTRAL: SR3Mu/Central/muons/3/phi in Skim_TriLep_WWG.root
2026-04-12 11:36:18,446 - INFO - [2018] MISSING_CENTRAL: SR3Mu/Central/muons/3/phi in Skim_TriLep_DYJets10to50.root
2026-04-12 12:18:19,064 - INFO - [2016preVFP] MISSING_CENTRAL: SR3Mu/Central/muons/3/phi in Skim_TriLep_DYJets10to50.root
2026-04-12 12:18:19,071 - INFO - [2016preVFP] MISSING_CENTRAL: SR3Mu/Central/muons/3/phi in Skim_TriLep_WWG.root
2026-04-12 12:18:19,181 - INFO - [2016postVFP] MISSING_CENTRAL: SR3Mu/Central/muons/3/phi in Skim_TriLep_DYJets10to50.root
2026-04-12 12:18:19,189 - INFO - [2016postVFP] MISSING_CENTRAL: SR3Mu/Central/muons/3/phi in Skim_TriLep_WWG.root
2026-04-12 12:18:19,307 - INFO - [2017] MISSING_CENTRAL: SR3Mu/Central/muons/3/phi in Skim_TriLep_DYJets10to50.root
2026-04-12 12:18:19,315 - INFO - [2017] MISSING_CENTRAL: SR3Mu/Central/muons/3/phi in Skim_TriLep_WWG.root
2026-04-12 12:18:19,436 - INFO - [2018] MISSING_CENTRAL: SR3Mu/Central/muons/3/phi in Skim_TriLep_DYJets10to50.root
2026-04-12 12:37:57,836 - INFO - [2016preVFP] MISSING_CENTRAL: SR3Mu/Central/muons/3/phi in Skim_TriLep_DYJets10to50.root
2026-04-12 12:37:57,844 - INFO - [2016preVFP] MISSING_CENTRAL: SR3Mu/Central/muons/3/phi in Skim_TriLep_WWG.root
2026-04-12 12:37:57,956 - INFO - [2016postVFP] MISSING_CENTRAL: SR3Mu/Central/muons/3/phi in Skim_TriLep_DYJets10to50.root
2026-04-12 12:37:57,963 - INFO - [2016postVFP] MISSING_CENTRAL: SR3Mu/Central/muons/3/phi in Skim_TriLep_WWG.root
2026-04-12 12:37:58,082 - INFO - [2017] MISSING_CENTRAL: SR3Mu/Central/muons/3/phi in Skim_TriLep_DYJets10to50.root
2026-04-12 12:37:58,099 - INFO - [2017] MISSING_CENTRAL: SR3Mu/Central/muons/3/phi in Skim_TriLep_WWG.root
2026-04-12 12:37:58,343 - INFO - [2018] MISSING_CENTRAL: SR3Mu/Central/muons/3/phi in Skim_TriLep_DYJets10to50.root
2026-04-12 20:46:03,443 - INFO - [2016preVFP] MISSING_CENTRAL: SR3Mu/Central/muons/3/phi in Skim_TriLep_DYJets10to50.root
2026-04-12 20:46:03,450 - INFO - [2016preVFP] MISSING_CENTRAL: SR3Mu/Central/muons/3/phi in Skim_TriLep_WWG.root
2026-04-12 20:46:03,565 - INFO - [2016postVFP] MISSING_CENTRAL: SR3Mu/Central/muons/3/phi in Skim_TriLep_DYJets10to50.root
2026-04-12 20:46:03,574 - INFO - [2016postVFP] MISSING_CENTRAL: SR3Mu/Central/muons/3/phi in Skim_TriLep_WWG.root
2026-04-12 20:46:03,694 - INFO - [2017] MISSING_CENTRAL: SR3Mu/Central/muons/3/phi in Skim_TriLep_DYJets10to50.root
2026-04-12 20:46:03,702 - INFO - [2017] MISSING_CENTRAL: SR3Mu/Central/muons/3/phi in Skim_TriLep_WWG.root
2026-04-12 20:46:03,819 - INFO - [2018] MISSING_CENTRAL: SR3Mu/Central/muons/3/phi in Skim_TriLep_DYJets10to50.root
2026-04-12 21:17:39,637 - INFO - [2016preVFP] MISSING_CENTRAL: SR3Mu/Central/muons/3/phi in Skim_TriLep_DYJets10to50.root
2026-04-12 21:17:39,645 - INFO - [2016preVFP] MISSING_CENTRAL: SR3Mu/Central/muons/3/phi in Skim_TriLep_WWG.root
2026-04-12 21:17:39,765 - INFO - [2016postVFP] MISSING_CENTRAL: SR3Mu/Central/muons/3/phi in Skim_TriLep_DYJets10to50.root
2026-04-12 21:17:39,772 - INFO - [2016postVFP] MISSING_CENTRAL: SR3Mu/Central/muons/3/phi in Skim_TriLep_WWG.root
2026-04-12 21:17:39,890 - INFO - [2017] MISSING_CENTRAL: SR3Mu/Central/muons/3/phi in Skim_TriLep_DYJets10to50.root
2026-04-12 21:17:39,898 - INFO - [2017] MISSING_CENTRAL: SR3Mu/Central/muons/3/phi in Skim_TriLep_WWG.root
2026-04-12 21:17:40,017 - INFO - [2018] MISSING_CENTRAL: SR3Mu/Central/muons/3/phi in Skim_TriLep_DYJets10to50.root
2026-04-13 12:55:17,648 - INFO - [2016preVFP] MISSING_CENTRAL: SR3Mu/Central/muons/3/phi in Skim_TriLep_DYJets10to50.root
2026-04-13 12:55:17,656 - INFO - [2016preVFP] MISSING_CENTRAL: SR3Mu/Central/muons/3/phi in Skim_TriLep_WWG.root
2026-04-13 12:55:17,775 - INFO - [2016postVFP] MISSING_CENTRAL: SR3Mu/Central/muons/3/phi in Skim_TriLep_DYJets10to50.root
2026-04-13 12:55:17,783 - INFO - [2016postVFP] MISSING_CENTRAL: SR3Mu/Central/muons/3/phi in Skim_TriLep_WWG.root
2026-04-13 12:55:17,905 - INFO - [2017] MISSING_CENTRAL: SR3Mu/Central/muons/3/phi in Skim_TriLep_DYJets10to50.root
2026-04-13 12:55:17,913 - INFO - [2017] MISSING_CENTRAL: SR3Mu/Central/muons/3/phi in Skim_TriLep_WWG.root
2026-04-13 12:55:18,037 - INFO - [2018] MISSING_CENTRAL: SR3Mu/Central/muons/3/phi in Skim_TriLep_DYJets10to50.root
2026-04-16 17:30:14,235 - INFO - [2016preVFP] MISSING_CENTRAL: SR3Mu/Central/muons/3/phi in Skim_TriLep_DYJets10to50.root
2026-04-16 17:30:14,243 - INFO - [2016preVFP] MISSING_CENTRAL: SR3Mu/Central/muons/3/phi in Skim_TriLep_WWG.root
2026-04-16 17:30:14,361 - INFO - [2016postVFP] MISSING_CENTRAL: SR3Mu/Central/muons/3/phi in Skim_TriLep_DYJets10to50.root
2026-04-16 17:30:14,370 - INFO - [2016postVFP] MISSING_CENTRAL: SR3Mu/Central/muons/3/phi in Skim_TriLep_WWG.root
2026-04-16 17:30:14,494 - INFO - [2017] MISSING_CENTRAL: SR3Mu/Central/muons/3/phi in Skim_TriLep_DYJets10to50.root
2026-04-16 17:30:14,503 - INFO - [2017] MISSING_CENTRAL: SR3Mu/Central/muons/3/phi in Skim_TriLep_WWG.root
2026-04-16 17:30:14,663 - INFO - [2018] MISSING_CENTRAL: SR3Mu/Central/muons/3/phi in Skim_TriLep_DYJets10to50.root
2026-04-16 17:37:48,707 - INFO - [2016preVFP] MISSING_CENTRAL: SR3Mu/Central/muons/3/phi in Skim_TriLep_DYJets10to50.root
2026-04-16 17:37:48,715 - INFO - [2016preVFP] MISSING_CENTRAL: SR3Mu/Central/muons/3/phi in Skim_TriLep_WWG.root
2026-04-16 17:37:48,835 - INFO - [2016postVFP] MISSING_CENTRAL: SR3Mu/Central/muons/3/phi in Skim_TriLep_DYJets10to50.root
2026-04-16 17:37:48,843 - INFO - [2016postVFP] MISSING_CENTRAL: SR3Mu/Central/muons/3/phi in Skim_TriLep_WWG.root
2026-04-16 17:37:48,971 - INFO - [2017] MISSING_CENTRAL: SR3Mu/Central/muons/3/phi in Skim_TriLep_DYJets10to50.root
2026-04-16 17:37:48,980 - INFO - [2017] MISSING_CENTRAL: SR3Mu/Central/muons/3/phi in Skim_TriLep_WWG.root
2026-04-16 17:37:49,110 - INFO - [2018] MISSING_CENTRAL: SR3Mu/Central/muons/3/phi in Skim_TriLep_DYJets10to50.root
2026-04-28 15:10:53,478 - INFO - [2016preVFP] MISSING_CENTRAL: SR3Mu/Central/muons/3/phi in Skim_TriLep_DYJets10to50.root
2026-04-28 15:10:53,493 - INFO - [2016preVFP] MISSING_CENTRAL: SR3Mu/Central/muons/3/phi in Skim_TriLep_WWG.root
2026-04-28 15:10:53,615 - INFO - [2016postVFP] MISSING_CENTRAL: SR3Mu/Central/muons/3/phi in Skim_TriLep_DYJets10to50.root
2026-04-28 15:10:53,624 - INFO - [2016postVFP] MISSING_CENTRAL: SR3Mu/Central/muons/3/phi in Skim_TriLep_WWG.root
2026-04-28 15:10:53,750 - INFO - [2017] MISSING_CENTRAL: SR3Mu/Central/muons/3/phi in Skim_TriLep_DYJets10to50.root
2026-04-28 15:10:53,759 - INFO - [2017] MISSING_CENTRAL: SR3Mu/Central/muons/3/phi in Skim_TriLep_WWG.root
2026-04-28 15:10:53,884 - INFO - [2018] MISSING_CENTRAL: SR3Mu/Central/muons/3/phi in Skim_TriLep_DYJets10to50.root
2026-04-28 15:18:52,846 - INFO - [2016preVFP] MISSING_CENTRAL: SR3Mu/Central/muons/3/phi in Skim_TriLep_DYJets10to50.root
2026-04-28 15:18:52,854 - INFO - [2016preVFP] MISSING_CENTRAL: SR3Mu/Central/muons/3/phi in Skim_TriLep_WWG.root
2026-04-28 15:18:52,974 - INFO - [2016postVFP] MISSING_CENTRAL: SR3Mu/Central/muons/3/phi in Skim_TriLep_DYJets10to50.root
2026-04-28 15:18:52,983 - INFO - [2016postVFP] MISSING_CENTRAL: SR3Mu/Central/muons/3/phi in Skim_TriLep_WWG.root
2026-04-28 15:18:53,111 - INFO - [2017] MISSING_CENTRAL: SR3Mu/Central/muons/3/phi in Skim_TriLep_DYJets10to50.root
2026-04-28 15:18:53,121 - INFO - [2017] MISSING_CENTRAL: SR3Mu/Central/muons/3/phi in Skim_TriLep_WWG.root
2026-04-28 15:18:53,254 - INFO - [2018] MISSING_CENTRAL: SR3Mu/Central/muons/3/phi in Skim_TriLep_DYJets10to50.root
2026-04-28 15:20:18,391 - INFO - [2016preVFP] MISSING_CENTRAL: SR3Mu/Central/muons/3/phi in Skim_TriLep_DYJets10to50.root
2026-04-28 15:20:18,399 - INFO - [2016preVFP] MISSING_CENTRAL: SR3Mu/Central/muons/3/phi in Skim_TriLep_WWG.root
2026-04-28 15:20:18,515 - INFO - [2016postVFP] MISSING_CENTRAL: SR3Mu/Central/muons/3/phi in Skim_TriLep_DYJets10to50.root
2026-04-28 15:20:18,523 - INFO - [2016postVFP] MISSING_CENTRAL: SR3Mu/Central/muons/3/phi in Skim_TriLep_WWG.root
2026-04-28 15:20:18,650 - INFO - [2017] MISSING_CENTRAL: SR3Mu/Central/muons/3/phi in Skim_TriLep_DYJets10to50.root
2026-04-28 15:20:18,659 - INFO - [2017] MISSING_CENTRAL: SR3Mu/Central/muons/3/phi in Skim_TriLep_WWG.root
2026-04-28 15:20:18,790 - INFO - [2018] MISSING_CENTRAL: SR3Mu/Central/muons/3/phi in Skim_TriLep_DYJets10to50.root
2026-04-28 20:32:05,600 - INFO - [2016preVFP] MISSING_CENTRAL: SR3Mu/Central/muons/3/phi in Skim_TriLep_DYJets10to50.root
2026-04-28 20:32:05,608 - INFO - [2016preVFP] MISSING_CENTRAL: SR3Mu/Central/muons/3/phi in Skim_TriLep_WWG.root
2026-04-28 20:32:05,721 - INFO - [2016postVFP] MISSING_CENTRAL: SR3Mu/Central/muons/3/phi in Skim_TriLep_DYJets10to50.root
2026-04-28 20:32:05,729 - INFO - [2016postVFP] MISSING_CENTRAL: SR3Mu/Central/muons/3/phi in Skim_TriLep_WWG.root
2026-04-28 20:32:05,851 - INFO - [2017] MISSING_CENTRAL: SR3Mu/Central/muons/3/phi in Skim_TriLep_DYJets10to50.root
2026-04-28 20:32:05,860 - INFO - [2017] MISSING_CENTRAL: SR3Mu/Central/muons/3/phi in Skim_TriLep_WWG.root
2026-04-28 20:32:05,986 - INFO - [2018] MISSING_CENTRAL: SR3Mu/Central/muons/3/phi in Skim_TriLep_DYJets10to50.root
2026-04-28 20:33:27,802 - INFO - [2016preVFP] MISSING_CENTRAL: SR3Mu/Central/muons/3/phi in Skim_TriLep_DYJets10to50.root
2026-04-28 20:33:27,810 - INFO - [2016preVFP] MISSING_CENTRAL: SR3Mu/Central/muons/3/phi in Skim_TriLep_WWG.root
2026-04-28 20:33:27,924 - INFO - [2016postVFP] MISSING_CENTRAL: SR3Mu/Central/muons/3/phi in Skim_TriLep_DYJets10to50.root
2026-04-28 20:33:27,932 - INFO - [2016postVFP] MISSING_CENTRAL: SR3Mu/Central/muons/3/phi in Skim_TriLep_WWG.root
2026-04-28 20:33:28,052 - INFO - [2017] MISSING_CENTRAL: SR3Mu/Central/muons/3/phi in Skim_TriLep_DYJets10to50.root
2026-04-28 20:33:28,061 - INFO - [2017] MISSING_CENTRAL: SR3Mu/Central/muons/3/phi in Skim_TriLep_WWG.root
2026-04-28 20:33:28,182 - INFO - [2018] MISSING_CENTRAL: SR3Mu/Central/muons/3/phi in Skim_TriLep_DYJets10to50.root
2026-05-04 15:21:28,396 - INFO - [2016preVFP] MISSING_CENTRAL: SR3Mu/Central/muons/3/phi in Skim_TriLep_DYJets10to50.root
2026-05-04 15:21:28,404 - INFO - [2016preVFP] MISSING_CENTRAL: SR3Mu/Central/muons/3/phi in Skim_TriLep_WWG.root
2026-05-04 15:21:28,895 - INFO - [2016postVFP] MISSING_CENTRAL: SR3Mu/Central/muons/3/phi in Skim_TriLep_DYJets10to50.root
2026-05-04 15:21:28,921 - INFO - [2016postVFP] MISSING_CENTRAL: SR3Mu/Central/muons/3/phi in Skim_TriLep_WWG.root
2026-05-04 15:21:29,430 - INFO - [2017] MISSING_CENTRAL: SR3Mu/Central/muons/3/phi in Skim_TriLep_DYJets10to50.root
2026-05-04 15:21:29,460 - INFO - [2017] MISSING_CENTRAL: SR3Mu/Central/muons/3/phi in Skim_TriLep_WWG.root
2026-05-04 15:21:29,966 - INFO - [2018] MISSING_CENTRAL: SR3Mu/Central/muons/3/phi in Skim_TriLep_DYJets10to50.root
2026-05-04 15:38:29,938 - INFO - [2016preVFP] MISSING_CENTRAL: SR3Mu/Central/muons/3/phi in Skim_TriLep_DYJets10to50.root
2026-05-04 15:38:29,946 - INFO - [2016preVFP] MISSING_CENTRAL: SR3Mu/Central/muons/3/phi in Skim_TriLep_WWG.root
2026-05-04 15:38:30,073 - INFO - [2016postVFP] MISSING_CENTRAL: SR3Mu/Central/muons/3/phi in Skim_TriLep_DYJets10to50.root
2026-05-04 15:38:30,081 - INFO - [2016postVFP] MISSING_CENTRAL: SR3Mu/Central/muons/3/phi in Skim_TriLep_WWG.root
2026-05-04 15:38:30,205 - INFO - [2017] MISSING_CENTRAL: SR3Mu/Central/muons/3/phi in Skim_TriLep_DYJets10to50.root
2026-05-04 15:38:30,214 - INFO - [2017] MISSING_CENTRAL: SR3Mu/Central/muons/3/phi in Skim_TriLep_WWG.root
2026-05-04 15:38:30,343 - INFO - [2018] MISSING_CENTRAL: SR3Mu/Central/muons/3/phi in Skim_TriLep_DYJets10to50.root
2026-05-04 15:40:00,944 - INFO - [2016preVFP] MISSING_CENTRAL: SR3Mu/Central/muons/3/phi in Skim_TriLep_DYJets10to50.root
2026-05-04 15:40:00,952 - INFO - [2016preVFP] MISSING_CENTRAL: SR3Mu/Central/muons/3/phi in Skim_TriLep_WWG.root
2026-05-04 15:40:01,072 - INFO - [2016postVFP] MISSING_CENTRAL: SR3Mu/Central/muons/3/phi in Skim_TriLep_DYJets10to50.root
2026-05-04 15:40:01,081 - INFO - [2016postVFP] MISSING_CENTRAL: SR3Mu/Central/muons/3/phi in Skim_TriLep_WWG.root
2026-05-04 15:40:01,207 - INFO - [2017] MISSING_CENTRAL: SR3Mu/Central/muons/3/phi in Skim_TriLep_DYJets10to50.root
2026-05-04 15:40:01,216 - INFO - [2017] MISSING_CENTRAL: SR3Mu/Central/muons/3/phi in Skim_TriLep_WWG.root
2026-05-04 15:40:01,345 - INFO - [2018] MISSING_CENTRAL: SR3Mu/Central/muons/3/phi in Skim_TriLep_DYJets10to50.root
2026-05-04 16:02:42,259 - INFO - [2016preVFP] MISSING_CENTRAL: SR3Mu/Central/muons/3/phi in Skim_TriLep_DYJets10to50.root
2026-05-04 16:02:42,267 - INFO - [2016preVFP] MISSING_CENTRAL: SR3Mu/Central/muons/3/phi in Skim_TriLep_WWG.root
2026-05-04 16:02:42,383 - INFO - [2016postVFP] MISSING_CENTRAL: SR3Mu/Central/muons/3/phi in Skim_TriLep_DYJets10to50.root
2026-05-04 16:02:42,391 - INFO - [2016postVFP] MISSING_CENTRAL: SR3Mu/Central/muons/3/phi in Skim_TriLep_WWG.root
2026-05-04 16:02:42,546 - INFO - [2017] MISSING_CENTRAL: SR3Mu/Central/muons/3/phi in Skim_TriLep_DYJets10to50.root
2026-05-04 16:02:42,555 - INFO - [2017] MISSING_CENTRAL: SR3Mu/Central/muons/3/phi in Skim_TriLep_WWG.root
2026-05-04 16:02:42,676 - INFO - [2018] MISSING_CENTRAL: SR3Mu/Central/muons/3/phi in Skim_TriLep_DYJets10to50.root
2026-05-04 16:04:06,029 - INFO - [2016preVFP] MISSING_CENTRAL: SR3Mu/Central/muons/3/phi in Skim_TriLep_DYJets10to50.root
2026-05-04 16:04:06,037 - INFO - [2016preVFP] MISSING_CENTRAL: SR3Mu/Central/muons/3/phi in Skim_TriLep_WWG.root
2026-05-04 16:04:06,156 - INFO - [2016postVFP] MISSING_CENTRAL: SR3Mu/Central/muons/3/phi in Skim_TriLep_DYJets10to50.root
2026-05-04 16:04:06,164 - INFO - [2016postVFP] MISSING_CENTRAL: SR3Mu/Central/muons/3/phi in Skim_TriLep_WWG.root
2026-05-04 16:04:06,291 - INFO - [2017] MISSING_CENTRAL: SR3Mu/Central/muons/3/phi in Skim_TriLep_DYJets10to50.root
2026-05-04 16:04:06,300 - INFO - [2017] MISSING_CENTRAL: SR3Mu/Central/muons/3/phi in Skim_TriLep_WWG.root
2026-05-04 16:04:06,434 - INFO - [2018] MISSING_CENTRAL: SR3Mu/Central/muons/3/phi in Skim_TriLep_DYJets10to50.root
2026-05-04 17:00:16,149 - INFO - [2016preVFP] MISSING_CENTRAL: SR3Mu/Central/muons/3/phi in Skim_TriLep_DYJets10to50.root
2026-05-04 17:00:16,156 - INFO - [2016preVFP] MISSING_CENTRAL: SR3Mu/Central/muons/3/phi in Skim_TriLep_WWG.root
2026-05-04 17:00:16,274 - INFO - [2016postVFP] MISSING_CENTRAL: SR3Mu/Central/muons/3/phi in Skim_TriLep_DYJets10to50.root
2026-05-04 17:00:16,282 - INFO - [2016postVFP] MISSING_CENTRAL: SR3Mu/Central/muons/3/phi in Skim_TriLep_WWG.root
2026-05-04 17:00:16,405 - INFO - [2017] MISSING_CENTRAL: SR3Mu/Central/muons/3/phi in Skim_TriLep_DYJets10to50.root
2026-05-04 17:00:16,414 - INFO - [2017] MISSING_CENTRAL: SR3Mu/Central/muons/3/phi in Skim_TriLep_WWG.root
2026-05-04 17:00:16,541 - INFO - [2018] MISSING_CENTRAL: SR3Mu/Central/muons/3/phi in Skim_TriLep_DYJets10to50.root
2026-05-04 17:07:23,373 - INFO - [2016preVFP] MISSING_CENTRAL: SR3Mu/Central/muons/3/phi in Skim_TriLep_DYJets10to50.root
2026-05-04 17:07:23,381 - INFO - [2016preVFP] MISSING_CENTRAL: SR3Mu/Central/muons/3/phi in Skim_TriLep_WWG.root
2026-05-04 17:07:23,497 - INFO - [2016postVFP] MISSING_CENTRAL: SR3Mu/Central/muons/3/phi in Skim_TriLep_DYJets10to50.root
2026-05-04 17:07:23,505 - INFO - [2016postVFP] MISSING_CENTRAL: SR3Mu/Central/muons/3/phi in Skim_TriLep_WWG.root
2026-05-04 17:07:23,629 - INFO - [2017] MISSING_CENTRAL: SR3Mu/Central/muons/3/phi in Skim_TriLep_DYJets10to50.root
2026-05-04 17:07:23,638 - INFO - [2017] MISSING_CENTRAL: SR3Mu/Central/muons/3/phi in Skim_TriLep_WWG.root
2026-05-04 17:07:23,762 - INFO - [2018] MISSING_CENTRAL: SR3Mu/Central/muons/3/phi in Skim_TriLep_DYJets10to50.root
2026-05-28 15:36:57,552 - INFO - [2016preVFP] MISSING_CENTRAL: SR3Mu/Central/muons/3/phi in Skim_TriLep_DYJets10to50.root
2026-05-28 15:36:57,565 - INFO - [2016preVFP] MISSING_CENTRAL: SR3Mu/Central/muons/3/phi in Skim_TriLep_WWG.root
2026-05-28 15:36:57,756 - INFO - [2016postVFP] MISSING_CENTRAL: SR3Mu/Central/muons/3/phi in Skim_TriLep_DYJets10to50.root
2026-05-28 15:36:57,769 - INFO - [2016postVFP] MISSING_CENTRAL: SR3Mu/Central/muons/3/phi in Skim_TriLep_WWG.root
2026-05-28 15:36:57,974 - INFO - [2017] MISSING_CENTRAL: SR3Mu/Central/muons/3/phi in Skim_TriLep_DYJets10to50.root
2026-05-28 15:36:57,988 - INFO - [2017] MISSING_CENTRAL: SR3Mu/Central/muons/3/phi in Skim_TriLep_WWG.root
2026-05-28 15:36:58,191 - INFO - [2018] MISSING_CENTRAL: SR3Mu/Central/muons/3/phi in Skim_TriLep_DYJets10to50.root
2026-05-28 15:44:18,530 - INFO - [2016preVFP] MISSING_CENTRAL: SR3Mu/Central/muons/3/phi in Skim_TriLep_DYJets10to50.root
2026-05-28 15:44:18,543 - INFO - [2016preVFP] MISSING_CENTRAL: SR3Mu/Central/muons/3/phi in Skim_TriLep_WWG.root
2026-05-28 15:44:18,754 - INFO - [2016postVFP] MISSING_CENTRAL: SR3Mu/Central/muons/3/phi in Skim_TriLep_DYJets10to50.root
2026-05-28 15:44:18,767 - INFO - [2016postVFP] MISSING_CENTRAL: SR3Mu/Central/muons/3/phi in Skim_TriLep_WWG.root
2026-05-28 15:44:18,978 - INFO - [2017] MISSING_CENTRAL: SR3Mu/Central/muons/3/phi in Skim_TriLep_DYJets10to50.root
2026-05-28 15:44:18,992 - INFO - [2017] MISSING_CENTRAL: SR3Mu/Central/muons/3/phi in Skim_TriLep_WWG.root
2026-05-28 15:44:19,200 - INFO - [2018] MISSING_CENTRAL: SR3Mu/Central/muons/3/phi in Skim_TriLep_DYJets10to50.root
2026-05-29 15:17:14,466 - INFO - [2016preVFP] MISSING_CENTRAL: SR3Mu/Central/muons/3/phi in Skim_TriLep_DYJets10to50.root
2026-05-29 15:17:14,473 - INFO - [2016preVFP] MISSING_CENTRAL: SR3Mu/Central/muons/3/phi in Skim_TriLep_WWG.root
2026-05-29 15:17:14,854 - INFO - [2016postVFP] MISSING_CENTRAL: SR3Mu/Central/muons/3/phi in Skim_TriLep_DYJets10to50.root
2026-05-29 15:17:14,881 - INFO - [2016postVFP] MISSING_CENTRAL: SR3Mu/Central/muons/3/phi in Skim_TriLep_WWG.root
2026-05-29 15:17:15,390 - INFO - [2017] MISSING_CENTRAL: SR3Mu/Central/muons/3/phi in Skim_TriLep_DYJets10to50.root
2026-05-29 15:17:15,420 - INFO - [2017] MISSING_CENTRAL: SR3Mu/Central/muons/3/phi in Skim_TriLep_WWG.root
2026-05-29 15:17:15,922 - INFO - [2018] MISSING_CENTRAL: SR3Mu/Central/muons/3/phi in Skim_TriLep_DYJets10to50.root
2026-05-29 15:19:39,234 - INFO - [2016preVFP] MISSING_CENTRAL: SR3Mu/Central/muons/3/phi in Skim_TriLep_DYJets10to50.root
2026-05-29 15:19:39,242 - INFO - [2016preVFP] MISSING_CENTRAL: SR3Mu/Central/muons/3/phi in Skim_TriLep_WWG.root
2026-05-29 15:19:39,358 - INFO - [2016postVFP] MISSING_CENTRAL: SR3Mu/Central/muons/3/phi in Skim_TriLep_DYJets10to50.root
2026-05-29 15:19:39,366 - INFO - [2016postVFP] MISSING_CENTRAL: SR3Mu/Central/muons/3/phi in Skim_TriLep_WWG.root
2026-05-29 15:19:39,488 - INFO - [2017] MISSING_CENTRAL: SR3Mu/Central/muons/3/phi in Skim_TriLep_DYJets10to50.root
2026-05-29 15:19:39,497 - INFO - [2017] MISSING_CENTRAL: SR3Mu/Central/muons/3/phi in Skim_TriLep_WWG.root
2026-05-29 15:19:39,621 - INFO - [2018] MISSING_CENTRAL: SR3Mu/Central/muons/3/phi in Skim_TriLep_DYJets10to50.root
2026-05-29 15:21:08,652 - INFO - [2016preVFP] MISSING_CENTRAL: SR3Mu/Central/muons/3/phi in Skim_TriLep_DYJets10to50.root
2026-05-29 15:21:08,660 - INFO - [2016preVFP] MISSING_CENTRAL: SR3Mu/Central/muons/3/phi in Skim_TriLep_WWG.root
2026-05-29 15:21:08,779 - INFO - [2016postVFP] MISSING_CENTRAL: SR3Mu/Central/muons/3/phi in Skim_TriLep_DYJets10to50.root
2026-05-29 15:21:08,787 - INFO - [2016postVFP] MISSING_CENTRAL: SR3Mu/Central/muons/3/phi in Skim_TriLep_WWG.root
2026-05-29 15:21:08,914 - INFO - [2017] MISSING_CENTRAL: SR3Mu/Central/muons/3/phi in Skim_TriLep_DYJets10to50.root
2026-05-29 15:21:08,922 - INFO - [2017] MISSING_CENTRAL: SR3Mu/Central/muons/3/phi in Skim_TriLep_WWG.root
2026-05-29 15:21:09,052 - INFO - [2018] MISSING_CENTRAL: SR3Mu/Central/muons/3/phi in Skim_TriLep_DYJets10to50.root
2026-05-29 15:27:54,160 - INFO - [2016preVFP] MISSING_CENTRAL: SR3Mu/Central/muons/3/phi in Skim_TriLep_DYJets10to50.root
2026-05-29 15:27:54,168 - INFO - [2016preVFP] MISSING_CENTRAL: SR3Mu/Central/muons/3/phi in Skim_TriLep_WWG.root
2026-05-29 15:27:54,283 - INFO - [2016postVFP] MISSING_CENTRAL: SR3Mu/Central/muons/3/phi in Skim_TriLep_DYJets10to50.root
2026-05-29 15:27:54,291 - INFO - [2016postVFP] MISSING_CENTRAL: SR3Mu/Central/muons/3/phi in Skim_TriLep_WWG.root
2026-05-29 15:27:54,416 - INFO - [2017] MISSING_CENTRAL: SR3Mu/Central/muons/3/phi in Skim_TriLep_DYJets10to50.root
2026-05-29 15:27:54,425 - INFO - [2017] MISSING_CENTRAL: SR3Mu/Central/muons/3/phi in Skim_TriLep_WWG.root
2026-05-29 15:27:54,550 - INFO - [2018] MISSING_CENTRAL: SR3Mu/Central/muons/3/phi in Skim_TriLep_DYJets10to50.root
2026-05-29 15:35:10,400 - INFO - [2016preVFP] MISSING_CENTRAL: SR3Mu/Central/muons/3/phi in Skim_TriLep_DYJets10to50.root
2026-05-29 15:35:10,408 - INFO - [2016preVFP] MISSING_CENTRAL: SR3Mu/Central/muons/3/phi in Skim_TriLep_WWG.root
2026-05-29 15:35:10,529 - INFO - [2016postVFP] MISSING_CENTRAL: SR3Mu/Central/muons/3/phi in Skim_TriLep_DYJets10to50.root
2026-05-29 15:35:10,537 - INFO - [2016postVFP] MISSING_CENTRAL: SR3Mu/Central/muons/3/phi in Skim_TriLep_WWG.root
2026-05-29 15:35:10,661 - INFO - [2017] MISSING_CENTRAL: SR3Mu/Central/muons/3/phi in Skim_TriLep_DYJets10to50.root
2026-05-29 15:35:10,670 - INFO - [2017] MISSING_CENTRAL: SR3Mu/Central/muons/3/phi in Skim_TriLep_WWG.root
2026-05-29 15:35:10,796 - INFO - [2018] MISSING_CENTRAL: SR3Mu/Central/muons/3/phi in Skim_TriLep_DYJets10to50.root
2026-05-29 18:19:08,946 - INFO - [2016preVFP] MISSING_CENTRAL: SR3Mu/Central/muons/3/phi in Skim_TriLep_DYJets10to50.root
2026-05-29 18:19:08,955 - INFO - [2016preVFP] MISSING_CENTRAL: SR3Mu/Central/muons/3/phi in Skim_TriLep_WWG.root
2026-05-29 18:19:09,070 - INFO - [2016postVFP] MISSING_CENTRAL: SR3Mu/Central/muons/3/phi in Skim_TriLep_DYJets10to50.root
2026-05-29 18:19:09,078 - INFO - [2016postVFP] MISSING_CENTRAL: SR3Mu/Central/muons/3/phi in Skim_TriLep_WWG.root
2026-05-29 18:19:09,200 - INFO - [2017] MISSING_CENTRAL: SR3Mu/Central/muons/3/phi in Skim_TriLep_DYJets10to50.root
2026-05-29 18:19:09,208 - INFO - [2017] MISSING_CENTRAL: SR3Mu/Central/muons/3/phi in Skim_TriLep_WWG.root
2026-05-29 18:19:09,331 - INFO - [2018] MISSING_CENTRAL: SR3Mu/Central/muons/3/phi in Skim_TriLep_DYJets10to50.root
2026-05-29 18:26:24,444 - INFO - [2016preVFP] MISSING_CENTRAL: SR3Mu/Central/muons/3/phi in Skim_TriLep_DYJets10to50.root
2026-05-29 18:26:24,450 - INFO - [2016preVFP] MISSING_CENTRAL: SR3Mu/Central/muons/3/phi in Skim_TriLep_WWG.root
2026-05-29 18:26:24,921 - INFO - [2016postVFP] MISSING_CENTRAL: SR3Mu/Central/muons/3/phi in Skim_TriLep_DYJets10to50.root
2026-05-29 18:26:24,947 - INFO - [2016postVFP] MISSING_CENTRAL: SR3Mu/Central/muons/3/phi in Skim_TriLep_WWG.root
2026-05-29 18:26:25,429 - INFO - [2017] MISSING_CENTRAL: SR3Mu/Central/muons/3/phi in Skim_TriLep_DYJets10to50.root
2026-05-29 18:26:25,437 - INFO - [2017] MISSING_CENTRAL: SR3Mu/Central/muons/3/phi in Skim_TriLep_WWG.root
2026-05-29 18:26:25,606 - INFO - [2018] MISSING_CENTRAL: SR3Mu/Central/muons/3/phi in Skim_TriLep_DYJets10to50.root
2026-06-12 13:57:47,797 - INFO - [2016preVFP] MISSING_CENTRAL: SR3Mu/Central/muons/3/phi in Skim_TriLep_DYJets10to50.root
2026-06-12 13:57:47,805 - INFO - [2016preVFP] MISSING_CENTRAL: SR3Mu/Central/muons/3/phi in Skim_TriLep_WWG.root
2026-06-12 13:57:48,159 - INFO - [2016postVFP] MISSING_CENTRAL: SR3Mu/Central/muons/3/phi in Skim_TriLep_DYJets10to50.root
2026-06-12 13:57:48,178 - INFO - [2016postVFP] MISSING_CENTRAL: SR3Mu/Central/muons/3/phi in Skim_TriLep_WWG.root
2026-06-12 13:57:48,589 - INFO - [2017] MISSING_CENTRAL: SR3Mu/Central/muons/3/phi in Skim_TriLep_DYJets10to50.root
2026-06-12 13:57:48,612 - INFO - [2017] MISSING_CENTRAL: SR3Mu/Central/muons/3/phi in Skim_TriLep_WWG.root
2026-06-12 13:57:49,022 - INFO - [2018] MISSING_CENTRAL: SR3Mu/Central/muons/3/phi in Skim_TriLep_DYJets10to50.root
2026-06-12 14:05:15,451 - INFO - [2016preVFP] MISSING_CENTRAL: SR3Mu/Central/muons/3/phi in Skim_TriLep_DYJets10to50.root
2026-06-12 14:05:15,459 - INFO - [2016preVFP] MISSING_CENTRAL: SR3Mu/Central/muons/3/phi in Skim_TriLep_WWG.root
2026-06-12 14:05:15,572 - INFO - [2016postVFP] MISSING_CENTRAL: SR3Mu/Central/muons/3/phi in Skim_TriLep_DYJets10to50.root
2026-06-12 14:05:15,580 - INFO - [2016postVFP] MISSING_CENTRAL: SR3Mu/Central/muons/3/phi in Skim_TriLep_WWG.root
2026-06-12 14:05:15,700 - INFO - [2017] MISSING_CENTRAL: SR3Mu/Central/muons/3/phi in Skim_TriLep_DYJets10to50.root
2026-06-12 14:05:15,708 - INFO - [2017] MISSING_CENTRAL: SR3Mu/Central/muons/3/phi in Skim_TriLep_WWG.root
2026-06-12 14:05:15,831 - INFO - [2018] MISSING_CENTRAL: SR3Mu/Central/muons/3/phi in Skim_TriLep_DYJets10to50.root
2026-06-12 14:27:05,597 - INFO - [2016preVFP] MISSING_CENTRAL: SR3Mu/Central/muons/3/phi in Skim_TriLep_DYJets10to50.root
2026-06-12 14:27:05,606 - INFO - [2016preVFP] MISSING_CENTRAL: SR3Mu/Central/muons/3/phi in Skim_TriLep_WWG.root
2026-06-12 14:27:05,726 - INFO - [2016postVFP] MISSING_CENTRAL: SR3Mu/Central/muons/3/phi in Skim_TriLep_DYJets10to50.root
2026-06-12 14:27:05,734 - INFO - [2016postVFP] MISSING_CENTRAL: SR3Mu/Central/muons/3/phi in Skim_TriLep_WWG.root
2026-06-12 14:27:05,862 - INFO - [2017] MISSING_CENTRAL: SR3Mu/Central/muons/3/phi in Skim_TriLep_DYJets10to50.root
2026-06-12 14:27:05,871 - INFO - [2017] MISSING_CENTRAL: SR3Mu/Central/muons/3/phi in Skim_TriLep_WWG.root
2026-06-12 14:27:05,999 - INFO - [2018] MISSING_CENTRAL: SR3Mu/Central/muons/3/phi in Skim_TriLep_DYJets10to50.root
