2025-09-24 15:42:35,214 - INFO - [2016postVFP] MISSING_CENTRAL: ZFake1E2Mu/Central/jets/3/py in Skim_TriLep_DYJets10to50.root
2025-09-24 15:42:35,240 - INFO - [2016postVFP] MISSING_CENTRAL: ZFake1E2Mu/Central/jets/3/py in Skim_TriLep_TTG.root
2025-10-02 21:10:00,797 - INFO - [2016postVFP] MISSING_CENTRAL: ZFake1E2Mu/Central/jets/3/py in Skim_TriLep_DYJets10to50.root
2025-10-02 21:10:00,827 - INFO - [2016postVFP] MISSING_CENTRAL: ZFake1E2Mu/Central/jets/3/py in Skim_TriLep_TTG.root
2025-10-02 23:55:52,206 - INFO - [2016postVFP] MISSING_CENTRAL: ZFake1E2Mu/Central/jets/3/py in Skim_TriLep_DYJets10to50.root
2025-10-02 23:55:52,328 - INFO - [2016postVFP] MISSING_CENTRAL: ZFake1E2Mu/Central/jets/3/py in Skim_TriLep_TTG.root
2025-11-05 22:01:01,835 - INFO - [2016postVFP] MISSING_CENTRAL: ZFake1E2Mu/Central/jets/3/py in Skim_TriLep_DYJets10to50.root
2025-11-05 22:16:47,592 - INFO - [2016postVFP] MISSING_CENTRAL: ZFake1E2Mu/Central/jets/3/py in Skim_TriLep_DYJets10to50.root
2025-11-05 23:21:21,619 - INFO - [2016postVFP] MISSING_CENTRAL: ZFake1E2Mu/Central/jets/3/py in Skim_TriLep_DYJets10to50.root
2025-11-07 12:24:36,735 - INFO - [2016postVFP] MISSING_CENTRAL: ZFake1E2Mu/Central/jets/3/py in Skim_TriLep_DYJets10to50.root
2025-11-07 13:04:50,513 - INFO - [2016postVFP] MISSING_CENTRAL: ZFake1E2Mu/Central/jets/3/py in Skim_TriLep_DYJets10to50.root
2025-11-07 13:25:31,055 - INFO - [2016postVFP] MISSING_CENTRAL: ZFake1E2Mu/Central/jets/3/py in Skim_TriLep_DYJets10to50.root
2025-11-07 13:27:59,088 - INFO - [2016postVFP] MISSING_CENTRAL: ZFake1E2Mu/Central/jets/3/py in Skim_TriLep_DYJets10to50.root
2025-11-07 13:44:21,969 - INFO - [2016postVFP] MISSING_CENTRAL: ZFake1E2Mu/Central/jets/3/py in Skim_TriLep_DYJets10to50.root
2025-11-07 14:00:44,608 - INFO - [2016postVFP] MISSING_CENTRAL: ZFake1E2Mu/Central/jets/3/py in Skim_TriLep_DYJets10to50.root
2025-11-10 05:50:45,032 - INFO - [2016postVFP] MISSING_CENTRAL: ZFake1E2Mu/Central/jets/3/py in Skim_TriLep_DYJets10to50.root
2025-11-10 12:15:45,951 - INFO - [2016postVFP] MISSING_CENTRAL: ZFake1E2Mu/Central/jets/3/py in Skim_TriLep_DYJets10to50.root
2025-11-13 11:04:20,080 - INFO - [2016postVFP] MISSING_CENTRAL: ZFake1E2Mu/Central/jets/3/py in Skim_TriLep_DYJets10to50.root
2025-11-19 16:08:10,054 - INFO - [2016postVFP] MISSING_CENTRAL: ZFake1E2Mu/Central/jets/3/py in Skim_TriLep_DYJets10to50.root
2025-11-19 16:18:04,900 - INFO - [2016postVFP] MISSING_CENTRAL: ZFake1E2Mu/Central/jets/3/py in Skim_TriLep_DYJets10to50.root
2025-12-17 22:31:35,721 - INFO - [2016postVFP] MISSING_CENTRAL: ZFake1E2Mu/Central/jets/3/py in Skim_TriLep_DYJets10to50.root
2025-12-18 14:10:43,753 - INFO - [2016postVFP] MISSING_CENTRAL: ZFake1E2Mu/Central/jets/3/py in Skim_TriLep_DYJets10to50.root
2025-12-18 14:14:50,114 - INFO - [2016postVFP] MISSING_CENTRAL: ZFake1E2Mu/Central/jets/3/py in Skim_TriLep_DYJets10to50.root
2025-12-18 14:30:19,868 - INFO - [2016postVFP] MISSING_CENTRAL: ZFake1E2Mu/Central/jets/3/py in Skim_TriLep_DYJets10to50.root
2026-01-07 11:40:33,474 - INFO - [2016postVFP] MISSING_CENTRAL: ZFake1E2Mu/Central/jets/3/py in Skim_TriLep_DYJets10to50.root
2026-01-07 18:37:51,819 - INFO - [2016postVFP] MISSING_CENTRAL: ZFake1E2Mu/Central/jets/3/py in Skim_TriLep_DYJets10to50.root
2026-01-09 12:11:05,821 - INFO - [2016postVFP] MISSING_CENTRAL: ZFake1E2Mu/Central/jets/3/py in Skim_TriLep_DYJets10to50.root
2026-01-11 09:31:10,252 - INFO - [2016postVFP] MISSING_CENTRAL: ZFake1E2Mu/Central/jets/3/py in Skim_TriLep_DYJets10to50.root
2026-01-12 13:39:42,433 - INFO - [2016postVFP] MISSING_FILE: /home/choij/Sync/workspace/ChargedHiggsAnalysisV3/SKNanoOutput/MatrixSelector/Run1E2Mu/2016postVFP/Skim_TriLep_MuonEG_F.root
2026-01-12 13:39:42,434 - INFO - [2016postVFP] MISSING_FILE: /home/choij/Sync/workspace/ChargedHiggsAnalysisV3/SKNanoOutput/MatrixSelector/Run1E2Mu/2016postVFP/Skim_TriLep_MuonEG_G.root
2026-01-12 13:39:42,434 - INFO - [2016postVFP] MISSING_FILE: /home/choij/Sync/workspace/ChargedHiggsAnalysisV3/SKNanoOutput/MatrixSelector/Run1E2Mu/2016postVFP/Skim_TriLep_MuonEG_H.root
2026-01-12 13:39:42,503 - INFO - [2016postVFP] MISSING_CENTRAL: ZFake1E2Mu/Central/jets/3/py in Skim_TriLep_DYJets10to50.root
2026-01-16 18:55:06,071 - INFO - [2016postVFP] MISSING_CENTRAL: ZFake1E2Mu/Central/jets/3/py in Skim_TriLep_DYJets10to50.root
2026-01-28 16:05:27,359 - INFO - [2016postVFP] MISSING_CENTRAL: ZFake1E2Mu/Central/jets/3/py in Skim_TriLep_DYJets10to50.root
2026-01-28 16:05:27,359 - INFO - [2016postVFP] MISSING_CENTRAL: ZFake1E2Mu/Central/jets/3/py in Skim_TriLep_TTG.root
2026-01-28 17:16:11,856 - INFO - [2016postVFP] MISSING_CENTRAL: ZFake1E2Mu/Central/jets/3/py in Skim_TriLep_DYJets10to50.root
2026-01-28 17:16:11,857 - INFO - [2016postVFP] MISSING_CENTRAL: ZFake1E2Mu/Central/jets/3/py in Skim_TriLep_TTG.root
2026-01-28 19:49:53,465 - INFO - [2016postVFP] MISSING_CENTRAL: ZFake1E2Mu/Central/jets/3/py in Skim_TriLep_DYJets10to50.root
2026-01-28 19:49:53,466 - INFO - [2016postVFP] MISSING_CENTRAL: ZFake1E2Mu/Central/jets/3/py in Skim_TriLep_TTG.root
2026-01-29 07:07:26,091 - INFO - [2016postVFP] MISSING_CENTRAL: ZFake1E2Mu/Central/jets/3/py in Skim_TriLep_DYJets10to50.root
2026-01-29 07:07:26,092 - INFO - [2016postVFP] MISSING_CENTRAL: ZFake1E2Mu/Central/jets/3/py in Skim_TriLep_TTG.root
2026-03-06 09:36:53,585 - INFO - [2016postVFP] MISSING_CENTRAL: ZFake1E2Mu/Central/jets/3/py in Skim_TriLep_DYJets10to50.root
2026-03-06 09:36:53,587 - INFO - [2016postVFP] MISSING_CENTRAL: ZFake1E2Mu/Central/jets/3/py in Skim_TriLep_TTG.root
2026-03-06 19:42:45,091 - INFO - [2016postVFP] MISSING_CENTRAL: ZFake1E2Mu/Central/jets/3/py in Skim_TriLep_DYJets10to50.root
2026-03-06 19:42:45,092 - INFO - [2016postVFP] MISSING_CENTRAL: ZFake1E2Mu/Central/jets/3/py in Skim_TriLep_TTG.root
2026-04-10 20:17:13,852 - INFO - [2016postVFP] MISSING_CENTRAL: ZFake1E2Mu/Central/jets/3/py in Skim_TriLep_DYJets10to50.root
2026-04-10 20:17:13,853 - INFO - [2016postVFP] MISSING_CENTRAL: ZFake1E2Mu/Central/jets/3/py in Skim_TriLep_TTG.root
2026-04-12 11:32:10,382 - INFO - [2016postVFP] MISSING_CENTRAL: ZFake1E2Mu/Central/jets/3/py in Skim_TriLep_DYJets10to50.root
2026-04-12 11:32:10,383 - INFO - [2016postVFP] MISSING_CENTRAL: ZFake1E2Mu/Central/jets/3/py in Skim_TriLep_TTG.root
2026-04-12 12:14:28,817 - INFO - [2016postVFP] MISSING_CENTRAL: ZFake1E2Mu/Central/jets/3/py in Skim_TriLep_DYJets10to50.root
2026-04-12 12:14:28,817 - INFO - [2016postVFP] MISSING_CENTRAL: ZFake1E2Mu/Central/jets/3/py in Skim_TriLep_TTG.root
2026-04-12 12:34:07,718 - INFO - [2016postVFP] MISSING_CENTRAL: ZFake1E2Mu/Central/jets/3/py in Skim_TriLep_DYJets10to50.root
2026-04-12 12:34:07,719 - INFO - [2016postVFP] MISSING_CENTRAL: ZFake1E2Mu/Central/jets/3/py in Skim_TriLep_TTG.root
2026-04-12 20:42:08,851 - INFO - [2016postVFP] MISSING_CENTRAL: ZFake1E2Mu/Central/jets/3/py in Skim_TriLep_DYJets10to50.root
2026-04-12 20:42:08,852 - INFO - [2016postVFP] MISSING_CENTRAL: ZFake1E2Mu/Central/jets/3/py in Skim_TriLep_TTG.root
2026-04-12 21:13:47,461 - INFO - [2016postVFP] MISSING_CENTRAL: ZFake1E2Mu/Central/jets/3/py in Skim_TriLep_DYJets10to50.root
2026-04-12 21:13:47,462 - INFO - [2016postVFP] MISSING_CENTRAL: ZFake1E2Mu/Central/jets/3/py in Skim_TriLep_TTG.root
2026-04-13 12:51:16,095 - INFO - [2016postVFP] MISSING_CENTRAL: ZFake1E2Mu/Central/jets/3/py in Skim_TriLep_DYJets10to50.root
2026-04-13 12:51:16,096 - INFO - [2016postVFP] MISSING_CENTRAL: ZFake1E2Mu/Central/jets/3/py in Skim_TriLep_TTG.root
2026-04-16 17:33:45,866 - INFO - [2016postVFP] MISSING_CENTRAL: ZFake1E2Mu/Central/jets/3/py in Skim_TriLep_DYJets10to50.root
2026-04-16 17:33:45,867 - INFO - [2016postVFP] MISSING_CENTRAL: ZFake1E2Mu/Central/jets/3/py in Skim_TriLep_TTG.root
2026-04-28 15:14:22,808 - INFO - [2016postVFP] MISSING_CENTRAL: ZFake1E2Mu/Central/jets/3/py in Skim_TriLep_DYJets10to50.root
2026-04-28 15:14:22,809 - INFO - [2016postVFP] MISSING_CENTRAL: ZFake1E2Mu/Central/jets/3/py in Skim_TriLep_TTG.root
2026-05-04 17:03:32,289 - INFO - [2016postVFP] MISSING_CENTRAL: ZFake1E2Mu/Central/jets/3/py in Skim_TriLep_DYJets10to50.root
2026-05-04 17:03:32,290 - INFO - [2016postVFP] MISSING_CENTRAL: ZFake1E2Mu/Central/jets/3/py in Skim_TriLep_TTG.root
