2025-09-24 15:42:32,193 - INFO - [2016postVFP] MISSING_CENTRAL: ZFake1E2Mu/Central/jets/3/eta in Skim_TriLep_DYJets10to50.root
2025-09-24 15:42:32,199 - INFO - [2016postVFP] MISSING_CENTRAL: ZFake1E2Mu/Central/jets/3/eta in Skim_TriLep_TTG.root
2025-10-02 21:09:52,147 - INFO - [2016postVFP] MISSING_CENTRAL: ZFake1E2Mu/Central/jets/3/eta in Skim_TriLep_DYJets10to50.root
2025-10-02 21:09:52,279 - INFO - [2016postVFP] MISSING_CENTRAL: ZFake1E2Mu/Central/jets/3/eta in Skim_TriLep_TTG.root
2025-10-02 23:55:49,437 - INFO - [2016postVFP] MISSING_CENTRAL: ZFake1E2Mu/Central/jets/3/eta in Skim_TriLep_DYJets10to50.root
2025-10-02 23:55:49,444 - INFO - [2016postVFP] MISSING_CENTRAL: ZFake1E2Mu/Central/jets/3/eta in Skim_TriLep_TTG.root
2025-11-05 22:00:59,242 - INFO - [2016postVFP] MISSING_CENTRAL: ZFake1E2Mu/Central/jets/3/eta in Skim_TriLep_DYJets10to50.root
2025-11-05 22:16:47,073 - INFO - [2016postVFP] MISSING_CENTRAL: ZFake1E2Mu/Central/jets/3/eta in Skim_TriLep_DYJets10to50.root
2025-11-05 23:21:20,843 - INFO - [2016postVFP] MISSING_CENTRAL: ZFake1E2Mu/Central/jets/3/eta in Skim_TriLep_DYJets10to50.root
2025-11-07 12:24:35,877 - INFO - [2016postVFP] MISSING_CENTRAL: ZFake1E2Mu/Central/jets/3/eta in Skim_TriLep_DYJets10to50.root
2025-11-07 13:04:49,354 - INFO - [2016postVFP] MISSING_CENTRAL: ZFake1E2Mu/Central/jets/3/eta in Skim_TriLep_DYJets10to50.root
2025-11-07 13:25:30,135 - INFO - [2016postVFP] MISSING_CENTRAL: ZFake1E2Mu/Central/jets/3/eta in Skim_TriLep_DYJets10to50.root
2025-11-07 13:27:56,434 - INFO - [2016postVFP] MISSING_CENTRAL: ZFake1E2Mu/Central/jets/3/eta in Skim_TriLep_DYJets10to50.root
2025-11-07 13:44:19,513 - INFO - [2016postVFP] MISSING_CENTRAL: ZFake1E2Mu/Central/jets/3/eta in Skim_TriLep_DYJets10to50.root
2025-11-07 13:52:16,415 - INFO - [2016postVFP] MISSING_CENTRAL: ZFake1E2Mu/Central/jets/3/eta in Skim_TriLep_DYJets10to50.root
2025-11-07 14:00:41,937 - INFO - [2016postVFP] MISSING_CENTRAL: ZFake1E2Mu/Central/jets/3/eta in Skim_TriLep_DYJets10to50.root
2025-11-10 05:50:43,115 - INFO - [2016postVFP] MISSING_CENTRAL: ZFake1E2Mu/Central/jets/3/eta in Skim_TriLep_DYJets10to50.root
2025-11-10 12:15:42,943 - INFO - [2016postVFP] MISSING_CENTRAL: ZFake1E2Mu/Central/jets/3/eta in Skim_TriLep_DYJets10to50.root
2025-11-13 11:04:16,562 - INFO - [2016postVFP] MISSING_CENTRAL: ZFake1E2Mu/Central/jets/3/eta in Skim_TriLep_DYJets10to50.root
2025-11-19 16:08:07,073 - INFO - [2016postVFP] MISSING_CENTRAL: ZFake1E2Mu/Central/jets/3/eta in Skim_TriLep_DYJets10to50.root
2025-11-19 16:18:02,444 - INFO - [2016postVFP] MISSING_CENTRAL: ZFake1E2Mu/Central/jets/3/eta in Skim_TriLep_DYJets10to50.root
2025-12-17 22:31:31,971 - INFO - [2016postVFP] MISSING_CENTRAL: ZFake1E2Mu/Central/jets/3/eta in Skim_TriLep_DYJets10to50.root
2025-12-18 14:10:39,812 - INFO - [2016postVFP] MISSING_CENTRAL: ZFake1E2Mu/Central/jets/3/eta in Skim_TriLep_DYJets10to50.root
2025-12-18 14:14:44,154 - INFO - [2016postVFP] MISSING_CENTRAL: ZFake1E2Mu/Central/jets/3/eta in Skim_TriLep_DYJets10to50.root
2025-12-18 14:30:15,288 - INFO - [2016postVFP] MISSING_CENTRAL: ZFake1E2Mu/Central/jets/3/eta in Skim_TriLep_DYJets10to50.root
2026-01-07 11:40:28,918 - INFO - [2016postVFP] MISSING_CENTRAL: ZFake1E2Mu/Central/jets/3/eta in Skim_TriLep_DYJets10to50.root
2026-01-07 18:37:46,822 - INFO - [2016postVFP] MISSING_CENTRAL: ZFake1E2Mu/Central/jets/3/eta in Skim_TriLep_DYJets10to50.root
2026-01-09 12:11:02,792 - INFO - [2016postVFP] MISSING_CENTRAL: ZFake1E2Mu/Central/jets/3/eta in Skim_TriLep_DYJets10to50.root
2026-01-11 09:31:07,250 - INFO - [2016postVFP] MISSING_CENTRAL: ZFake1E2Mu/Central/jets/3/eta in Skim_TriLep_DYJets10to50.root
2026-01-12 13:39:39,556 - INFO - [2016postVFP] MISSING_FILE: /home/choij/Sync/workspace/ChargedHiggsAnalysisV3/SKNanoOutput/MatrixSelector/Run1E2Mu/2016postVFP/Skim_TriLep_MuonEG_F.root
2026-01-12 13:39:39,556 - INFO - [2016postVFP] MISSING_FILE: /home/choij/Sync/workspace/ChargedHiggsAnalysisV3/SKNanoOutput/MatrixSelector/Run1E2Mu/2016postVFP/Skim_TriLep_MuonEG_G.root
2026-01-12 13:39:39,556 - INFO - [2016postVFP] MISSING_FILE: /home/choij/Sync/workspace/ChargedHiggsAnalysisV3/SKNanoOutput/MatrixSelector/Run1E2Mu/2016postVFP/Skim_TriLep_MuonEG_H.root
2026-01-12 13:39:39,577 - INFO - [2016postVFP] MISSING_CENTRAL: ZFake1E2Mu/Central/jets/3/eta in Skim_TriLep_DYJets10to50.root
2026-01-16 18:55:05,818 - INFO - [2016postVFP] MISSING_CENTRAL: ZFake1E2Mu/Central/jets/3/eta in Skim_TriLep_DYJets10to50.root
2026-01-28 16:05:27,393 - INFO - [2016postVFP] MISSING_CENTRAL: ZFake1E2Mu/Central/jets/3/eta in Skim_TriLep_DYJets10to50.root
2026-01-28 16:05:27,394 - INFO - [2016postVFP] MISSING_CENTRAL: ZFake1E2Mu/Central/jets/3/eta in Skim_TriLep_TTG.root
2026-01-28 17:16:11,512 - INFO - [2016postVFP] MISSING_CENTRAL: ZFake1E2Mu/Central/jets/3/eta in Skim_TriLep_DYJets10to50.root
2026-01-28 17:16:11,512 - INFO - [2016postVFP] MISSING_CENTRAL: ZFake1E2Mu/Central/jets/3/eta in Skim_TriLep_TTG.root
2026-01-28 19:49:53,351 - INFO - [2016postVFP] MISSING_CENTRAL: ZFake1E2Mu/Central/jets/3/eta in Skim_TriLep_DYJets10to50.root
2026-01-28 19:49:53,352 - INFO - [2016postVFP] MISSING_CENTRAL: ZFake1E2Mu/Central/jets/3/eta in Skim_TriLep_TTG.root
2026-01-29 07:07:26,096 - INFO - [2016postVFP] MISSING_CENTRAL: ZFake1E2Mu/Central/jets/3/eta in Skim_TriLep_DYJets10to50.root
2026-01-29 07:07:26,097 - INFO - [2016postVFP] MISSING_CENTRAL: ZFake1E2Mu/Central/jets/3/eta in Skim_TriLep_TTG.root
2026-03-06 09:36:53,510 - INFO - [2016postVFP] MISSING_CENTRAL: ZFake1E2Mu/Central/jets/3/eta in Skim_TriLep_DYJets10to50.root
2026-03-06 09:36:53,511 - INFO - [2016postVFP] MISSING_CENTRAL: ZFake1E2Mu/Central/jets/3/eta in Skim_TriLep_TTG.root
2026-03-06 19:42:45,037 - INFO - [2016postVFP] MISSING_CENTRAL: ZFake1E2Mu/Central/jets/3/eta in Skim_TriLep_DYJets10to50.root
2026-03-06 19:42:45,038 - INFO - [2016postVFP] MISSING_CENTRAL: ZFake1E2Mu/Central/jets/3/eta in Skim_TriLep_TTG.root
2026-04-10 20:17:13,901 - INFO - [2016postVFP] MISSING_CENTRAL: ZFake1E2Mu/Central/jets/3/eta in Skim_TriLep_DYJets10to50.root
2026-04-10 20:17:13,901 - INFO - [2016postVFP] MISSING_CENTRAL: ZFake1E2Mu/Central/jets/3/eta in Skim_TriLep_TTG.root
2026-04-12 11:32:09,968 - INFO - [2016postVFP] MISSING_CENTRAL: ZFake1E2Mu/Central/jets/3/eta in Skim_TriLep_DYJets10to50.root
2026-04-12 11:32:09,970 - INFO - [2016postVFP] MISSING_CENTRAL: ZFake1E2Mu/Central/jets/3/eta in Skim_TriLep_TTG.root
2026-04-12 12:14:28,671 - INFO - [2016postVFP] MISSING_CENTRAL: ZFake1E2Mu/Central/jets/3/eta in Skim_TriLep_DYJets10to50.root
2026-04-12 12:14:28,672 - INFO - [2016postVFP] MISSING_CENTRAL: ZFake1E2Mu/Central/jets/3/eta in Skim_TriLep_TTG.root
2026-04-12 12:34:07,804 - INFO - [2016postVFP] MISSING_CENTRAL: ZFake1E2Mu/Central/jets/3/eta in Skim_TriLep_DYJets10to50.root
2026-04-12 12:34:07,805 - INFO - [2016postVFP] MISSING_CENTRAL: ZFake1E2Mu/Central/jets/3/eta in Skim_TriLep_TTG.root
2026-04-12 20:42:08,329 - INFO - [2016postVFP] MISSING_CENTRAL: ZFake1E2Mu/Central/jets/3/eta in Skim_TriLep_DYJets10to50.root
2026-04-12 20:42:08,330 - INFO - [2016postVFP] MISSING_CENTRAL: ZFake1E2Mu/Central/jets/3/eta in Skim_TriLep_TTG.root
2026-04-12 21:13:46,981 - INFO - [2016postVFP] MISSING_CENTRAL: ZFake1E2Mu/Central/jets/3/eta in Skim_TriLep_DYJets10to50.root
2026-04-12 21:13:46,982 - INFO - [2016postVFP] MISSING_CENTRAL: ZFake1E2Mu/Central/jets/3/eta in Skim_TriLep_TTG.root
2026-04-13 12:51:16,080 - INFO - [2016postVFP] MISSING_CENTRAL: ZFake1E2Mu/Central/jets/3/eta in Skim_TriLep_DYJets10to50.root
2026-04-13 12:51:16,080 - INFO - [2016postVFP] MISSING_CENTRAL: ZFake1E2Mu/Central/jets/3/eta in Skim_TriLep_TTG.root
2026-04-16 17:33:45,753 - INFO - [2016postVFP] MISSING_CENTRAL: ZFake1E2Mu/Central/jets/3/eta in Skim_TriLep_DYJets10to50.root
2026-04-16 17:33:45,754 - INFO - [2016postVFP] MISSING_CENTRAL: ZFake1E2Mu/Central/jets/3/eta in Skim_TriLep_TTG.root
2026-04-28 15:14:22,740 - INFO - [2016postVFP] MISSING_CENTRAL: ZFake1E2Mu/Central/jets/3/eta in Skim_TriLep_DYJets10to50.root
2026-04-28 15:14:22,741 - INFO - [2016postVFP] MISSING_CENTRAL: ZFake1E2Mu/Central/jets/3/eta in Skim_TriLep_TTG.root
2026-05-04 17:03:32,222 - INFO - [2016postVFP] MISSING_CENTRAL: ZFake1E2Mu/Central/jets/3/eta in Skim_TriLep_DYJets10to50.root
2026-05-04 17:03:32,222 - INFO - [2016postVFP] MISSING_CENTRAL: ZFake1E2Mu/Central/jets/3/eta in Skim_TriLep_TTG.root
