2025-11-07 13:11:17,996 - INFO - [2022EE] MISSING_FILE: /home/choij/Sync/workspace/ChargedHiggsAnalysisV3/SKNanoOutput/PromptSelector/Run3Mu/2022EE/Skim_TriLep_Muon_E.root
2025-11-07 13:11:17,997 - INFO - [2022EE] MISSING_FILE: /home/choij/Sync/workspace/ChargedHiggsAnalysisV3/SKNanoOutput/PromptSelector/Run3Mu/2022EE/Skim_TriLep_Muon_F.root
2025-11-07 13:11:17,997 - INFO - [2022EE] MISSING_FILE: /home/choij/Sync/workspace/ChargedHiggsAnalysisV3/SKNanoOutput/PromptSelector/Run3Mu/2022EE/Skim_TriLep_Muon_G.root
2025-11-07 14:08:55,452 - INFO - [2022EE] MISSING_FILE: /home/choij/Sync/workspace/ChargedHiggsAnalysisV3/SKNanoOutput/PromptSelector/Run3Mu/2022EE/Skim_TriLep_Muon_E.root
2025-11-07 14:08:55,453 - INFO - [2022EE] MISSING_FILE: /home/choij/Sync/workspace/ChargedHiggsAnalysisV3/SKNanoOutput/PromptSelector/Run3Mu/2022EE/Skim_TriLep_Muon_F.root
2025-11-07 14:08:55,453 - INFO - [2022EE] MISSING_FILE: /home/choij/Sync/workspace/ChargedHiggsAnalysisV3/SKNanoOutput/PromptSelector/Run3Mu/2022EE/Skim_TriLep_Muon_G.root
2025-11-10 12:24:37,124 - INFO - [2022EE] MISSING_FILE: /home/choij/Sync/workspace/ChargedHiggsAnalysisV3/SKNanoOutput/PromptSelector/Run3Mu/2022EE/Skim_TriLep_Muon_F.root
2025-11-10 12:24:37,173 - INFO - [2022EE] MISSING_CENTRAL: SR3Mu/Central/dR_pair_ss2_os in Skim_TriLep_DYJets10to50.root
2025-11-10 12:24:37,191 - INFO - [2022EE] MISSING_CENTRAL: SR3Mu/Central/dR_pair_ss2_os in Skim_TriLep_DYGTo2LG_MLL50_PTG100to200.root
2025-11-13 11:14:31,134 - INFO - [2022EE] MISSING_CENTRAL: SR3Mu/Central/dR_pair_ss2_os in Skim_TriLep_DYJets10to50.root
2025-11-13 11:14:31,172 - INFO - [2022EE] MISSING_CENTRAL: SR3Mu/Central/dR_pair_ss2_os in Skim_TriLep_DYGTo2LG_MLL50_PTG100to200.root
2025-11-13 19:55:32,220 - INFO - [2022EE] MISSING_CENTRAL: SR3Mu/Central/dR_pair_ss2_os in Skim_TriLep_DYJets10to50.root
2025-11-13 19:55:32,242 - INFO - [2022EE] MISSING_CENTRAL: SR3Mu/Central/dR_pair_ss2_os in Skim_TriLep_DYGTo2LG_MLL50_PTG100to200.root
2025-11-13 20:02:27,247 - INFO - [2022EE] MISSING_CENTRAL: SR3Mu/Central/dR_pair_ss2_os in Skim_TriLep_DYJets10to50.root
2025-11-13 20:02:27,269 - INFO - [2022EE] MISSING_CENTRAL: SR3Mu/Central/dR_pair_ss2_os in Skim_TriLep_DYGTo2LG_MLL50_PTG100to200.root
2025-11-19 16:27:04,968 - INFO - [2022EE] MISSING_CENTRAL: SR3Mu/Central/dR_pair_ss2_os in Skim_TriLep_DYJets10to50.root
2025-11-19 16:27:04,988 - INFO - [2022EE] MISSING_CENTRAL: SR3Mu/Central/dR_pair_ss2_os in Skim_TriLep_DYGTo2LG_MLL50_PTG100to200.root
2025-12-17 22:41:48,026 - INFO - [2022EE] MISSING_CENTRAL: SR3Mu/Central/dR_pair_ss2_os in Skim_TriLep_DYJets10to50.root
2025-12-18 14:26:56,187 - INFO - [2022EE] MISSING_CENTRAL: SR3Mu/Central/dR_pair_ss2_os in Skim_TriLep_DYJets10to50.root
2025-12-18 14:42:17,259 - INFO - [2022EE] MISSING_CENTRAL: SR3Mu/Central/dR_pair_ss2_os in Skim_TriLep_DYJets10to50.root
2026-01-07 11:51:30,481 - INFO - [2022EE] MISSING_CENTRAL: SR3Mu/Central/dR_pair_ss2_os in Skim_TriLep_DYJets10to50.root
2026-01-07 18:48:09,640 - INFO - [2022EE] MISSING_CENTRAL: SR3Mu/Central/dR_pair_ss2_os in Skim_TriLep_DYJets10to50.root
2026-01-07 19:30:20,663 - INFO - [2022EE] MISSING_CENTRAL: SR3Mu/Central/dR_pair_ss2_os in Skim_TriLep_DYJets10to50.root
2026-01-09 12:22:47,025 - INFO - [2022EE] MISSING_CENTRAL: SR3Mu/Central/dR_pair_ss2_os in Skim_TriLep_DYJets10to50.root
2026-01-11 09:42:49,756 - INFO - [2022EE] MISSING_CENTRAL: SR3Mu/Central/dR_pair_ss2_os in Skim_TriLep_DYJets10to50.root
2026-01-12 13:51:33,987 - INFO - [2022EE] MISSING_FILE: /home/choij/Sync/workspace/ChargedHiggsAnalysisV3/SKNanoOutput/MatrixSelector/Run3Mu/2022EE/Skim_TriLep_Muon_E.root
2026-01-12 13:51:33,987 - INFO - [2022EE] MISSING_FILE: /home/choij/Sync/workspace/ChargedHiggsAnalysisV3/SKNanoOutput/MatrixSelector/Run3Mu/2022EE/Skim_TriLep_Muon_F.root
2026-01-12 13:51:33,987 - INFO - [2022EE] MISSING_FILE: /home/choij/Sync/workspace/ChargedHiggsAnalysisV3/SKNanoOutput/MatrixSelector/Run3Mu/2022EE/Skim_TriLep_Muon_G.root
2026-01-12 13:51:34,008 - INFO - [2022EE] MISSING_CENTRAL: SR3Mu/Central/dR_pair_ss2_os in Skim_TriLep_DYJets10to50.root
2026-01-16 19:06:31,029 - INFO - [2022EE] MISSING_CENTRAL: SR3Mu/Central/dR_pair_ss2_os in Skim_TriLep_DYJets10to50.root
2026-01-28 17:04:28,852 - INFO - [2022EE] MISSING_CENTRAL: SR3Mu/Central/dR_pair_ss2_os in Skim_TriLep_DYJets10to50.root
2026-01-28 17:25:09,695 - INFO - [2022EE] MISSING_CENTRAL: SR3Mu/Central/dR_pair_ss2_os in Skim_TriLep_DYJets10to50.root
2026-01-28 19:58:43,034 - INFO - [2022EE] MISSING_CENTRAL: SR3Mu/Central/dR_pair_ss2_os in Skim_TriLep_DYJets10to50.root
2026-01-29 07:15:39,316 - INFO - [2022EE] MISSING_CENTRAL: SR3Mu/Central/dR_pair_ss2_os in Skim_TriLep_DYJets10to50.root
2026-03-06 09:42:30,691 - INFO - [2022EE] MISSING_CENTRAL: SR3Mu/Central/dR_pair_ss2_os in Skim_TriLep_DYJets10to50.root
2026-03-06 19:48:17,417 - INFO - [2022EE] MISSING_CENTRAL: SR3Mu/Central/dR_pair_ss2_os in Skim_TriLep_DYJets10to50.root
2026-04-10 20:23:13,915 - INFO - [2022EE] MISSING_CENTRAL: SR3Mu/Central/dR_pair_ss2_os in Skim_TriLep_DYJets10to50.root
2026-04-12 11:38:30,634 - INFO - [2022EE] MISSING_CENTRAL: SR3Mu/Central/dR_pair_ss2_os in Skim_TriLep_DYJets10to50.root
2026-04-12 12:20:21,715 - INFO - [2022EE] MISSING_CENTRAL: SR3Mu/Central/dR_pair_ss2_os in Skim_TriLep_DYJets10to50.root
2026-04-12 12:40:00,975 - INFO - [2022EE] MISSING_CENTRAL: SR3Mu/Central/dR_pair_ss2_os in Skim_TriLep_DYJets10to50.root
2026-04-12 20:48:09,071 - INFO - [2022EE] MISSING_CENTRAL: SR3Mu/Central/dR_pair_ss2_os in Skim_TriLep_DYJets10to50.root
2026-04-12 21:19:42,415 - INFO - [2022EE] MISSING_CENTRAL: SR3Mu/Central/dR_pair_ss2_os in Skim_TriLep_DYJets10to50.root
2026-04-13 12:57:26,838 - INFO - [2022EE] MISSING_CENTRAL: SR3Mu/Central/dR_pair_ss2_os in Skim_TriLep_DYJets10to50.root
2026-04-16 17:31:17,774 - INFO - [2022EE] MISSING_CENTRAL: SR3Mu/Central/dR_pair_ss2_os in Skim_TriLep_DYJets10to50.root
2026-04-16 17:39:58,263 - INFO - [2022EE] MISSING_CENTRAL: SR3Mu/Central/dR_pair_ss2_os in Skim_TriLep_DYJets10to50.root
2026-04-28 15:11:57,161 - INFO - [2022EE] MISSING_CENTRAL: SR3Mu/Central/dR_pair_ss2_os in Skim_TriLep_DYJets10to50.root
2026-05-04 17:01:15,940 - INFO - [2022EE] MISSING_CENTRAL: SR3Mu/Central/dR_pair_ss2_os in Skim_TriLep_DYJets10to50.root
2026-05-04 17:09:28,442 - INFO - [2022EE] MISSING_CENTRAL: SR3Mu/Central/dR_pair_ss2_os in Skim_TriLep_DYJets10to50.root
2026-05-28 15:38:04,675 - INFO - [2022EE] MISSING_CENTRAL: SR3Mu/Central/dR_pair_ss2_os in Skim_TriLep_DYJets10to50.root
2026-05-28 15:46:13,083 - INFO - [2022EE] MISSING_CENTRAL: SR3Mu/Central/dR_pair_ss2_os in Skim_TriLep_DYJets10to50.root
2026-05-29 15:28:59,167 - INFO - [2022EE] MISSING_CENTRAL: SR3Mu/Central/dR_pair_ss2_os in Skim_TriLep_DYJets10to50.root
2026-05-29 15:37:12,677 - INFO - [2022EE] MISSING_CENTRAL: SR3Mu/Central/dR_pair_ss2_os in Skim_TriLep_DYJets10to50.root
2026-05-29 18:20:10,424 - INFO - [2022EE] MISSING_CENTRAL: SR3Mu/Central/dR_pair_ss2_os in Skim_TriLep_DYJets10to50.root
2026-05-29 18:28:31,915 - INFO - [2022EE] MISSING_CENTRAL: SR3Mu/Central/dR_pair_ss2_os in Skim_TriLep_DYJets10to50.root
2026-06-12 14:07:38,274 - INFO - [2022EE] MISSING_CENTRAL: SR3Mu/Central/dR_pair_ss2_os in Skim_TriLep_DYJets10to50.root
2026-06-12 14:30:12,144 - INFO - [2022EE] MISSING_CENTRAL: SR3Mu/Central/dR_pair_ss2_os in Skim_TriLep_DYJets10to50.root
2026-06-18 00:24:43,333 - INFO - [2022EE] MISSING_CENTRAL: SR3Mu/Central/dR_pair_ss2_os in Skim_TriLep_DYJets10to50.root
2026-07-01 17:39:10,281 - INFO - [2022EE] MISSING_CENTRAL: SR3Mu/Central/dR_pair_ss2_os in Skim_TriLep_DYJets10to50.root
