2025-09-24 16:00:10,188 - INFO - [2022EE] MISSING_CENTRAL: SR3Mu/Central/jets/4/pt in Skim_TriLep_Muon_E.root
2025-09-24 16:00:10,250 - INFO - [2022EE] MISSING_CENTRAL: SR3Mu/Central/jets/4/pt in Skim_TriLep_Muon_E.root
2025-09-24 16:00:10,255 - INFO - [2022EE] MISSING_CENTRAL: SR3Mu/Central/jets/4/pt in Skim_TriLep_DYJets.root
2025-09-24 16:00:10,256 - INFO - [2022EE] MISSING_CENTRAL: SR3Mu/Central/jets/4/pt in Skim_TriLep_DYJets10to50.root
2025-09-24 16:00:10,256 - INFO - [2022EE] MISSING_CENTRAL: SR3Mu/Central/jets/4/pt in Skim_TriLep_DYGTo2LG_MLL4to50_PTG10to100.root
2025-09-24 16:00:10,256 - INFO - [2022EE] MISSING_CENTRAL: SR3Mu/Central/jets/4/pt in Skim_TriLep_DYGTo2LG_MLL4to50_PTG100to200.root
2025-09-24 16:00:10,257 - INFO - [2022EE] MISSING_CENTRAL: SR3Mu/Central/jets/4/pt in Skim_TriLep_DYGTo2LG_MLL4to50_PTG200toInf.root
2025-09-24 16:00:10,257 - INFO - [2022EE] MISSING_CENTRAL: SR3Mu/Central/jets/4/pt in Skim_TriLep_DYGTo2LG_MLL50_PTG10to100.root
2025-09-24 16:00:10,257 - INFO - [2022EE] MISSING_CENTRAL: SR3Mu/Central/jets/4/pt in Skim_TriLep_DYGTo2LG_MLL50_PTG100to200.root
2025-09-24 16:00:10,258 - INFO - [2022EE] MISSING_CENTRAL: SR3Mu/Central/jets/4/pt in Skim_TriLep_DYGTo2LG_MLL50_PTG200toInf.root
2025-09-24 16:00:10,268 - INFO - [2022EE] MISSING_CENTRAL: SR3Mu/Central/jets/4/pt in Skim_TriLep_TTG_PTG100to200.root
2025-09-24 16:00:10,268 - INFO - [2022EE] MISSING_CENTRAL: SR3Mu/Central/jets/4/pt in Skim_TriLep_TTG_PTG200toInf.root
2025-09-24 16:00:10,321 - INFO - [2022EE] MISSING_CENTRAL: SR3Mu/Central/jets/4/pt in Skim_TriLep_WZTo3LNu_powheg.root
2025-09-24 16:00:10,366 - INFO - [2022EE] MISSING_CENTRAL: SR3Mu/Central/jets/4/pt in Skim_TriLep_WWW.root
2025-10-02 21:19:36,648 - INFO - [2022EE] MISSING_CENTRAL: SR3Mu/Central/jets/4/pt in Skim_TriLep_Muon_E.root
2025-10-02 21:19:37,124 - INFO - [2022EE] MISSING_CENTRAL: SR3Mu/Central/jets/4/pt in Skim_TriLep_Muon_E.root
2025-10-02 21:19:37,156 - INFO - [2022EE] MISSING_CENTRAL: SR3Mu/Central/jets/4/pt in Skim_TriLep_DYJets.root
2025-10-02 21:19:37,157 - INFO - [2022EE] MISSING_CENTRAL: SR3Mu/Central/jets/4/pt in Skim_TriLep_DYJets10to50.root
2025-10-02 21:19:37,159 - INFO - [2022EE] MISSING_CENTRAL: SR3Mu/Central/jets/4/pt in Skim_TriLep_DYGTo2LG_MLL4to50_PTG10to100.root
2025-10-02 21:19:37,161 - INFO - [2022EE] MISSING_CENTRAL: SR3Mu/Central/jets/4/pt in Skim_TriLep_DYGTo2LG_MLL4to50_PTG100to200.root
2025-10-02 21:19:37,162 - INFO - [2022EE] MISSING_CENTRAL: SR3Mu/Central/jets/4/pt in Skim_TriLep_DYGTo2LG_MLL4to50_PTG200toInf.root
2025-10-02 21:19:37,170 - INFO - [2022EE] MISSING_CENTRAL: SR3Mu/Central/jets/4/pt in Skim_TriLep_DYGTo2LG_MLL50_PTG10to100.root
2025-10-02 21:19:37,181 - INFO - [2022EE] MISSING_CENTRAL: SR3Mu/Central/jets/4/pt in Skim_TriLep_DYGTo2LG_MLL50_PTG100to200.root
2025-10-02 21:19:37,183 - INFO - [2022EE] MISSING_CENTRAL: SR3Mu/Central/jets/4/pt in Skim_TriLep_DYGTo2LG_MLL50_PTG200toInf.root
2025-10-02 21:19:37,248 - INFO - [2022EE] MISSING_CENTRAL: SR3Mu/Central/jets/4/pt in Skim_TriLep_TTG_PTG100to200.root
2025-10-02 21:19:37,249 - INFO - [2022EE] MISSING_CENTRAL: SR3Mu/Central/jets/4/pt in Skim_TriLep_TTG_PTG200toInf.root
2025-10-02 21:19:37,385 - INFO - [2022EE] MISSING_CENTRAL: SR3Mu/Central/jets/4/pt in Skim_TriLep_WZTo3LNu_powheg.root
2025-10-02 21:19:37,537 - INFO - [2022EE] MISSING_CENTRAL: SR3Mu/Central/jets/4/pt in Skim_TriLep_WWW.root
2025-10-03 00:28:12,881 - INFO - [2022EE] MISSING_CENTRAL: SR3Mu/Central/jets/4/pt in Skim_TriLep_Muon_E.root
2025-10-03 00:28:12,991 - INFO - [2022EE] MISSING_CENTRAL: SR3Mu/Central/jets/4/pt in Skim_TriLep_Muon_E.root
2025-10-03 00:28:13,001 - INFO - [2022EE] MISSING_CENTRAL: SR3Mu/Central/jets/4/pt in Skim_TriLep_DYJets.root
2025-10-03 00:28:13,001 - INFO - [2022EE] MISSING_CENTRAL: SR3Mu/Central/jets/4/pt in Skim_TriLep_DYJets10to50.root
2025-10-03 00:28:13,002 - INFO - [2022EE] MISSING_CENTRAL: SR3Mu/Central/jets/4/pt in Skim_TriLep_DYGTo2LG_MLL4to50_PTG10to100.root
2025-10-03 00:28:13,003 - INFO - [2022EE] MISSING_CENTRAL: SR3Mu/Central/jets/4/pt in Skim_TriLep_DYGTo2LG_MLL4to50_PTG100to200.root
2025-10-03 00:28:13,003 - INFO - [2022EE] MISSING_CENTRAL: SR3Mu/Central/jets/4/pt in Skim_TriLep_DYGTo2LG_MLL4to50_PTG200toInf.root
2025-10-03 00:28:13,004 - INFO - [2022EE] MISSING_CENTRAL: SR3Mu/Central/jets/4/pt in Skim_TriLep_DYGTo2LG_MLL50_PTG10to100.root
2025-10-03 00:28:13,005 - INFO - [2022EE] MISSING_CENTRAL: SR3Mu/Central/jets/4/pt in Skim_TriLep_DYGTo2LG_MLL50_PTG100to200.root
2025-10-03 00:28:13,025 - INFO - [2022EE] MISSING_CENTRAL: SR3Mu/Central/jets/4/pt in Skim_TriLep_DYGTo2LG_MLL50_PTG200toInf.root
2025-10-03 00:28:13,056 - INFO - [2022EE] MISSING_CENTRAL: SR3Mu/Central/jets/4/pt in Skim_TriLep_TTG_PTG100to200.root
2025-10-03 00:28:13,057 - INFO - [2022EE] MISSING_CENTRAL: SR3Mu/Central/jets/4/pt in Skim_TriLep_TTG_PTG200toInf.root
2025-10-03 00:28:13,152 - INFO - [2022EE] MISSING_CENTRAL: SR3Mu/Central/jets/4/pt in Skim_TriLep_WZTo3LNu_powheg.root
2025-10-03 00:28:13,222 - INFO - [2022EE] MISSING_CENTRAL: SR3Mu/Central/jets/4/pt in Skim_TriLep_WWW.root
2025-11-07 13:11:15,537 - INFO - [2022EE] MISSING_FILE: /home/choij/Sync/workspace/ChargedHiggsAnalysisV3/SKNanoOutput/PromptSelector/Run3Mu/2022EE/Skim_TriLep_Muon_E.root
2025-11-07 13:11:15,537 - INFO - [2022EE] MISSING_FILE: /home/choij/Sync/workspace/ChargedHiggsAnalysisV3/SKNanoOutput/PromptSelector/Run3Mu/2022EE/Skim_TriLep_Muon_F.root
2025-11-07 13:11:15,538 - INFO - [2022EE] MISSING_FILE: /home/choij/Sync/workspace/ChargedHiggsAnalysisV3/SKNanoOutput/PromptSelector/Run3Mu/2022EE/Skim_TriLep_Muon_G.root
2025-11-07 14:08:52,915 - INFO - [2022EE] MISSING_FILE: /home/choij/Sync/workspace/ChargedHiggsAnalysisV3/SKNanoOutput/PromptSelector/Run3Mu/2022EE/Skim_TriLep_Muon_E.root
2025-11-07 14:08:52,915 - INFO - [2022EE] MISSING_FILE: /home/choij/Sync/workspace/ChargedHiggsAnalysisV3/SKNanoOutput/PromptSelector/Run3Mu/2022EE/Skim_TriLep_Muon_F.root
2025-11-07 14:08:52,915 - INFO - [2022EE] MISSING_FILE: /home/choij/Sync/workspace/ChargedHiggsAnalysisV3/SKNanoOutput/PromptSelector/Run3Mu/2022EE/Skim_TriLep_Muon_G.root
2025-11-10 12:24:33,480 - INFO - [2022EE] MISSING_CENTRAL: SR3Mu/Central/jets/4/pt in Skim_TriLep_Muon_E.root
2025-11-10 12:24:33,481 - INFO - [2022EE] MISSING_FILE: /home/choij/Sync/workspace/ChargedHiggsAnalysisV3/SKNanoOutput/PromptSelector/Run3Mu/2022EE/Skim_TriLep_Muon_F.root
2025-11-10 12:24:33,536 - INFO - [2022EE] MISSING_CENTRAL: SR3Mu/Central/jets/4/pt in Skim_TriLep_Muon_E.root
2025-11-10 12:24:33,547 - INFO - [2022EE] MISSING_CENTRAL: SR3Mu/Central/jets/4/pt in Skim_TriLep_DYJets.root
2025-11-10 12:24:33,547 - INFO - [2022EE] MISSING_CENTRAL: SR3Mu/Central/jets/4/pt in Skim_TriLep_DYJets10to50.root
2025-11-10 12:24:33,548 - INFO - [2022EE] MISSING_CENTRAL: SR3Mu/Central/jets/4/pt in Skim_TriLep_DYGTo2LG_MLL4to50_PTG10to100.root
2025-11-10 12:24:33,548 - INFO - [2022EE] MISSING_CENTRAL: SR3Mu/Central/jets/4/pt in Skim_TriLep_DYGTo2LG_MLL4to50_PTG100to200.root
2025-11-10 12:24:33,549 - INFO - [2022EE] MISSING_CENTRAL: SR3Mu/Central/jets/4/pt in Skim_TriLep_DYGTo2LG_MLL4to50_PTG200toInf.root
2025-11-10 12:24:33,550 - INFO - [2022EE] MISSING_CENTRAL: SR3Mu/Central/jets/4/pt in Skim_TriLep_DYGTo2LG_MLL50_PTG10to100.root
2025-11-10 12:24:33,550 - INFO - [2022EE] MISSING_CENTRAL: SR3Mu/Central/jets/4/pt in Skim_TriLep_DYGTo2LG_MLL50_PTG100to200.root
2025-11-10 12:24:33,551 - INFO - [2022EE] MISSING_CENTRAL: SR3Mu/Central/jets/4/pt in Skim_TriLep_DYGTo2LG_MLL50_PTG200toInf.root
2025-11-10 12:24:33,565 - INFO - [2022EE] MISSING_CENTRAL: SR3Mu/Central/jets/4/pt in Skim_TriLep_TTG_PTG100to200.root
2025-11-10 12:24:33,565 - INFO - [2022EE] MISSING_CENTRAL: SR3Mu/Central/jets/4/pt in Skim_TriLep_TTG_PTG200toInf.root
2025-11-10 12:24:33,648 - INFO - [2022EE] MISSING_CENTRAL: SR3Mu/Central/jets/4/pt in Skim_TriLep_WWW.root
2025-11-13 11:14:30,645 - INFO - [2022EE] MISSING_CENTRAL: SR3Mu/Central/jets/4/pt in Skim_TriLep_Muon_E.root
2025-11-13 11:14:30,759 - INFO - [2022EE] MISSING_CENTRAL: SR3Mu/Central/jets/4/pt in Skim_TriLep_Muon_E.root
2025-11-13 11:14:30,827 - INFO - [2022EE] MISSING_CENTRAL: SR3Mu/Central/jets/4/pt in Skim_TriLep_DYJets.root
2025-11-13 11:14:30,828 - INFO - [2022EE] MISSING_CENTRAL: SR3Mu/Central/jets/4/pt in Skim_TriLep_DYJets10to50.root
2025-11-13 11:14:30,829 - INFO - [2022EE] MISSING_CENTRAL: SR3Mu/Central/jets/4/pt in Skim_TriLep_DYGTo2LG_MLL4to50_PTG10to100.root
2025-11-13 11:14:30,833 - INFO - [2022EE] MISSING_CENTRAL: SR3Mu/Central/jets/4/pt in Skim_TriLep_DYGTo2LG_MLL4to50_PTG100to200.root
2025-11-13 11:14:30,841 - INFO - [2022EE] MISSING_CENTRAL: SR3Mu/Central/jets/4/pt in Skim_TriLep_DYGTo2LG_MLL4to50_PTG200toInf.root
2025-11-13 11:14:30,850 - INFO - [2022EE] MISSING_CENTRAL: SR3Mu/Central/jets/4/pt in Skim_TriLep_DYGTo2LG_MLL50_PTG10to100.root
2025-11-13 11:14:30,852 - INFO - [2022EE] MISSING_CENTRAL: SR3Mu/Central/jets/4/pt in Skim_TriLep_DYGTo2LG_MLL50_PTG100to200.root
2025-11-13 11:14:30,859 - INFO - [2022EE] MISSING_CENTRAL: SR3Mu/Central/jets/4/pt in Skim_TriLep_DYGTo2LG_MLL50_PTG200toInf.root
2025-11-13 11:14:30,889 - INFO - [2022EE] MISSING_CENTRAL: SR3Mu/Central/jets/4/pt in Skim_TriLep_TTG_PTG100to200.root
2025-11-13 11:14:30,891 - INFO - [2022EE] MISSING_CENTRAL: SR3Mu/Central/jets/4/pt in Skim_TriLep_TTG_PTG200toInf.root
2025-11-13 11:14:31,089 - INFO - [2022EE] MISSING_CENTRAL: SR3Mu/Central/jets/4/pt in Skim_TriLep_WWW.root
2025-11-13 19:55:28,163 - INFO - [2022EE] MISSING_CENTRAL: SR3Mu/Central/jets/4/pt in Skim_TriLep_Muon_E.root
2025-11-13 19:55:28,309 - INFO - [2022EE] MISSING_CENTRAL: SR3Mu/Central/jets/4/pt in Skim_TriLep_Muon_E.root
2025-11-13 19:55:28,334 - INFO - [2022EE] MISSING_CENTRAL: SR3Mu/Central/jets/4/pt in Skim_TriLep_DYJets.root
2025-11-13 19:55:28,341 - INFO - [2022EE] MISSING_CENTRAL: SR3Mu/Central/jets/4/pt in Skim_TriLep_DYJets10to50.root
2025-11-13 19:55:28,343 - INFO - [2022EE] MISSING_CENTRAL: SR3Mu/Central/jets/4/pt in Skim_TriLep_DYGTo2LG_MLL4to50_PTG10to100.root
2025-11-13 19:55:28,345 - INFO - [2022EE] MISSING_CENTRAL: SR3Mu/Central/jets/4/pt in Skim_TriLep_DYGTo2LG_MLL4to50_PTG100to200.root
2025-11-13 19:55:28,347 - INFO - [2022EE] MISSING_CENTRAL: SR3Mu/Central/jets/4/pt in Skim_TriLep_DYGTo2LG_MLL4to50_PTG200toInf.root
2025-11-13 19:55:28,349 - INFO - [2022EE] MISSING_CENTRAL: SR3Mu/Central/jets/4/pt in Skim_TriLep_DYGTo2LG_MLL50_PTG10to100.root
2025-11-13 19:55:28,351 - INFO - [2022EE] MISSING_CENTRAL: SR3Mu/Central/jets/4/pt in Skim_TriLep_DYGTo2LG_MLL50_PTG100to200.root
2025-11-13 19:55:28,352 - INFO - [2022EE] MISSING_CENTRAL: SR3Mu/Central/jets/4/pt in Skim_TriLep_DYGTo2LG_MLL50_PTG200toInf.root
2025-11-13 19:55:28,379 - INFO - [2022EE] MISSING_CENTRAL: SR3Mu/Central/jets/4/pt in Skim_TriLep_TTG_PTG100to200.root
2025-11-13 19:55:28,380 - INFO - [2022EE] MISSING_CENTRAL: SR3Mu/Central/jets/4/pt in Skim_TriLep_TTG_PTG200toInf.root
2025-11-13 19:55:28,544 - INFO - [2022EE] MISSING_CENTRAL: SR3Mu/Central/jets/4/pt in Skim_TriLep_WWW.root
2025-11-13 20:02:22,998 - INFO - [2022EE] MISSING_CENTRAL: SR3Mu/Central/jets/4/pt in Skim_TriLep_Muon_E.root
2025-11-13 20:02:23,112 - INFO - [2022EE] MISSING_CENTRAL: SR3Mu/Central/jets/4/pt in Skim_TriLep_Muon_E.root
2025-11-13 20:02:23,122 - INFO - [2022EE] MISSING_CENTRAL: SR3Mu/Central/jets/4/pt in Skim_TriLep_DYJets.root
2025-11-13 20:02:23,123 - INFO - [2022EE] MISSING_CENTRAL: SR3Mu/Central/jets/4/pt in Skim_TriLep_DYJets10to50.root
2025-11-13 20:02:23,123 - INFO - [2022EE] MISSING_CENTRAL: SR3Mu/Central/jets/4/pt in Skim_TriLep_DYGTo2LG_MLL4to50_PTG10to100.root
2025-11-13 20:02:23,124 - INFO - [2022EE] MISSING_CENTRAL: SR3Mu/Central/jets/4/pt in Skim_TriLep_DYGTo2LG_MLL4to50_PTG100to200.root
2025-11-13 20:02:23,125 - INFO - [2022EE] MISSING_CENTRAL: SR3Mu/Central/jets/4/pt in Skim_TriLep_DYGTo2LG_MLL4to50_PTG200toInf.root
2025-11-13 20:02:23,125 - INFO - [2022EE] MISSING_CENTRAL: SR3Mu/Central/jets/4/pt in Skim_TriLep_DYGTo2LG_MLL50_PTG10to100.root
2025-11-13 20:02:23,126 - INFO - [2022EE] MISSING_CENTRAL: SR3Mu/Central/jets/4/pt in Skim_TriLep_DYGTo2LG_MLL50_PTG100to200.root
2025-11-13 20:02:23,127 - INFO - [2022EE] MISSING_CENTRAL: SR3Mu/Central/jets/4/pt in Skim_TriLep_DYGTo2LG_MLL50_PTG200toInf.root
2025-11-13 20:02:23,141 - INFO - [2022EE] MISSING_CENTRAL: SR3Mu/Central/jets/4/pt in Skim_TriLep_TTG_PTG100to200.root
2025-11-13 20:02:23,142 - INFO - [2022EE] MISSING_CENTRAL: SR3Mu/Central/jets/4/pt in Skim_TriLep_TTG_PTG200toInf.root
2025-11-13 20:02:23,262 - INFO - [2022EE] MISSING_CENTRAL: SR3Mu/Central/jets/4/pt in Skim_TriLep_WWW.root
2025-11-19 16:27:01,095 - INFO - [2022EE] MISSING_CENTRAL: SR3Mu/Central/jets/4/pt in Skim_TriLep_Muon_E.root
2025-11-19 16:27:01,192 - INFO - [2022EE] MISSING_CENTRAL: SR3Mu/Central/jets/4/pt in Skim_TriLep_Muon_E.root
2025-11-19 16:27:01,217 - INFO - [2022EE] MISSING_CENTRAL: SR3Mu/Central/jets/4/pt in Skim_TriLep_DYJets.root
2025-11-19 16:27:01,218 - INFO - [2022EE] MISSING_CENTRAL: SR3Mu/Central/jets/4/pt in Skim_TriLep_DYJets10to50.root
2025-11-19 16:27:01,218 - INFO - [2022EE] MISSING_CENTRAL: SR3Mu/Central/jets/4/pt in Skim_TriLep_DYGTo2LG_MLL4to50_PTG10to100.root
2025-11-19 16:27:01,220 - INFO - [2022EE] MISSING_CENTRAL: SR3Mu/Central/jets/4/pt in Skim_TriLep_DYGTo2LG_MLL4to50_PTG100to200.root
2025-11-19 16:27:01,224 - INFO - [2022EE] MISSING_CENTRAL: SR3Mu/Central/jets/4/pt in Skim_TriLep_DYGTo2LG_MLL4to50_PTG200toInf.root
2025-11-19 16:27:01,225 - INFO - [2022EE] MISSING_CENTRAL: SR3Mu/Central/jets/4/pt in Skim_TriLep_DYGTo2LG_MLL50_PTG10to100.root
2025-11-19 16:27:01,228 - INFO - [2022EE] MISSING_CENTRAL: SR3Mu/Central/jets/4/pt in Skim_TriLep_DYGTo2LG_MLL50_PTG100to200.root
2025-11-19 16:27:01,230 - INFO - [2022EE] MISSING_CENTRAL: SR3Mu/Central/jets/4/pt in Skim_TriLep_DYGTo2LG_MLL50_PTG200toInf.root
2025-11-19 16:27:01,279 - INFO - [2022EE] MISSING_CENTRAL: SR3Mu/Central/jets/4/pt in Skim_TriLep_TTG_PTG100to200.root
2025-11-19 16:27:01,280 - INFO - [2022EE] MISSING_CENTRAL: SR3Mu/Central/jets/4/pt in Skim_TriLep_TTG_PTG200toInf.root
2025-11-19 16:27:01,446 - INFO - [2022EE] MISSING_CENTRAL: SR3Mu/Central/jets/4/pt in Skim_TriLep_WWW.root
2025-12-17 22:41:47,221 - INFO - [2022EE] MISSING_CENTRAL: SR3Mu/Central/jets/4/pt in Skim_TriLep_Muon_E.root
2025-12-17 22:41:47,440 - INFO - [2022EE] MISSING_CENTRAL: SR3Mu/Central/jets/4/pt in Skim_TriLep_Muon_E.root
2025-12-17 22:41:47,457 - INFO - [2022EE] MISSING_CENTRAL: SR3Mu/Central/jets/4/pt in Skim_TriLep_DYJets.root
2025-12-17 22:41:47,458 - INFO - [2022EE] MISSING_CENTRAL: SR3Mu/Central/jets/4/pt in Skim_TriLep_DYJets10to50.root
2025-12-17 22:41:47,480 - INFO - [2022EE] MISSING_CENTRAL: SR3Mu/Central/jets/4/pt in Skim_TriLep_TTG_PTG100to200.root
2025-12-17 22:41:47,482 - INFO - [2022EE] MISSING_CENTRAL: SR3Mu/Central/jets/4/pt in Skim_TriLep_TTG_PTG200toInf.root
2025-12-17 22:41:47,772 - INFO - [2022EE] MISSING_CENTRAL: SR3Mu/Central/jets/4/pt in Skim_TriLep_WWW.root
2025-12-18 14:26:53,326 - INFO - [2022EE] MISSING_CENTRAL: SR3Mu/Central/jets/4/pt in Skim_TriLep_Muon_E.root
2025-12-18 14:26:53,707 - INFO - [2022EE] MISSING_CENTRAL: SR3Mu/Central/jets/4/pt in Skim_TriLep_Muon_E.root
2025-12-18 14:26:53,783 - INFO - [2022EE] MISSING_CENTRAL: SR3Mu/Central/jets/4/pt in Skim_TriLep_DYJets.root
2025-12-18 14:26:53,793 - INFO - [2022EE] MISSING_CENTRAL: SR3Mu/Central/jets/4/pt in Skim_TriLep_DYJets10to50.root
2025-12-18 14:26:53,947 - INFO - [2022EE] MISSING_CENTRAL: SR3Mu/Central/jets/4/pt in Skim_TriLep_TTG_PTG100to200.root
2025-12-18 14:26:53,958 - INFO - [2022EE] MISSING_CENTRAL: SR3Mu/Central/jets/4/pt in Skim_TriLep_TTG_PTG200toInf.root
2025-12-18 14:26:54,138 - INFO - [2022EE] MISSING_CENTRAL: SR3Mu/Central/jets/4/pt in Skim_TriLep_WWW.root
2025-12-18 14:42:14,553 - INFO - [2022EE] MISSING_CENTRAL: SR3Mu/Central/jets/4/pt in Skim_TriLep_Muon_E.root
2025-12-18 14:42:14,764 - INFO - [2022EE] MISSING_CENTRAL: SR3Mu/Central/jets/4/pt in Skim_TriLep_Muon_E.root
2025-12-18 14:42:14,793 - INFO - [2022EE] MISSING_CENTRAL: SR3Mu/Central/jets/4/pt in Skim_TriLep_DYJets.root
2025-12-18 14:42:14,795 - INFO - [2022EE] MISSING_CENTRAL: SR3Mu/Central/jets/4/pt in Skim_TriLep_DYJets10to50.root
2025-12-18 14:42:14,835 - INFO - [2022EE] MISSING_CENTRAL: SR3Mu/Central/jets/4/pt in Skim_TriLep_TTG_PTG100to200.root
2025-12-18 14:42:14,837 - INFO - [2022EE] MISSING_CENTRAL: SR3Mu/Central/jets/4/pt in Skim_TriLep_TTG_PTG200toInf.root
2025-12-18 14:42:15,154 - INFO - [2022EE] MISSING_CENTRAL: SR3Mu/Central/jets/4/pt in Skim_TriLep_WWW.root
2026-01-07 11:51:30,575 - INFO - [2022EE] MISSING_CENTRAL: SR3Mu/Central/jets/4/pt in Skim_TriLep_Muon_E.root
2026-01-07 11:51:30,662 - INFO - [2022EE] MISSING_CENTRAL: SR3Mu/Central/jets/4/pt in Skim_TriLep_Muon_E.root
2026-01-07 11:51:30,679 - INFO - [2022EE] MISSING_CENTRAL: SR3Mu/Central/jets/4/pt in Skim_TriLep_DYJets.root
2026-01-07 11:51:30,680 - INFO - [2022EE] MISSING_CENTRAL: SR3Mu/Central/jets/4/pt in Skim_TriLep_DYJets10to50.root
2026-01-07 11:51:30,705 - INFO - [2022EE] MISSING_CENTRAL: SR3Mu/Central/jets/4/pt in Skim_TriLep_TTG_PTG100to200.root
2026-01-07 11:51:30,706 - INFO - [2022EE] MISSING_CENTRAL: SR3Mu/Central/jets/4/pt in Skim_TriLep_TTG_PTG200toInf.root
2026-01-07 11:51:30,836 - INFO - [2022EE] MISSING_CENTRAL: SR3Mu/Central/jets/4/pt in Skim_TriLep_WWW.root
2026-01-07 18:48:08,286 - INFO - [2022EE] MISSING_CENTRAL: SR3Mu/Central/jets/4/pt in Skim_TriLep_Muon_E.root
2026-01-07 18:48:08,679 - INFO - [2022EE] MISSING_CENTRAL: SR3Mu/Central/jets/4/pt in Skim_TriLep_Muon_E.root
2026-01-07 18:48:08,796 - INFO - [2022EE] MISSING_CENTRAL: SR3Mu/Central/jets/4/pt in Skim_TriLep_DYJets.root
2026-01-07 18:48:08,810 - INFO - [2022EE] MISSING_CENTRAL: SR3Mu/Central/jets/4/pt in Skim_TriLep_DYJets10to50.root
2026-01-07 18:48:08,923 - INFO - [2022EE] MISSING_CENTRAL: SR3Mu/Central/jets/4/pt in Skim_TriLep_TTG_PTG100to200.root
2026-01-07 18:48:08,924 - INFO - [2022EE] MISSING_CENTRAL: SR3Mu/Central/jets/4/pt in Skim_TriLep_TTG_PTG200toInf.root
2026-01-07 18:48:09,260 - INFO - [2022EE] MISSING_CENTRAL: SR3Mu/Central/jets/4/pt in Skim_TriLep_WWW.root
2026-01-07 19:30:20,163 - INFO - [2022EE] MISSING_CENTRAL: SR3Mu/Central/jets/4/pt in Skim_TriLep_Muon_E.root
2026-01-07 19:30:20,260 - INFO - [2022EE] MISSING_CENTRAL: SR3Mu/Central/jets/4/pt in Skim_TriLep_Muon_E.root
2026-01-07 19:30:20,275 - INFO - [2022EE] MISSING_CENTRAL: SR3Mu/Central/jets/4/pt in Skim_TriLep_DYJets.root
2026-01-07 19:30:20,276 - INFO - [2022EE] MISSING_CENTRAL: SR3Mu/Central/jets/4/pt in Skim_TriLep_DYJets10to50.root
2026-01-07 19:30:20,296 - INFO - [2022EE] MISSING_CENTRAL: SR3Mu/Central/jets/4/pt in Skim_TriLep_TTG_PTG100to200.root
2026-01-07 19:30:20,297 - INFO - [2022EE] MISSING_CENTRAL: SR3Mu/Central/jets/4/pt in Skim_TriLep_TTG_PTG200toInf.root
2026-01-07 19:30:20,444 - INFO - [2022EE] MISSING_CENTRAL: SR3Mu/Central/jets/4/pt in Skim_TriLep_WWW.root
2026-01-09 12:22:43,266 - INFO - [2022EE] MISSING_CENTRAL: SR3Mu/Central/jets/4/pt in Skim_TriLep_Muon_E.root
2026-01-09 12:22:43,422 - INFO - [2022EE] MISSING_CENTRAL: SR3Mu/Central/jets/4/pt in Skim_TriLep_Muon_E.root
2026-01-09 12:22:43,432 - INFO - [2022EE] MISSING_CENTRAL: SR3Mu/Central/jets/4/pt in Skim_TriLep_DYJets.root
2026-01-09 12:22:43,433 - INFO - [2022EE] MISSING_CENTRAL: SR3Mu/Central/jets/4/pt in Skim_TriLep_DYJets10to50.root
2026-01-09 12:22:43,482 - INFO - [2022EE] MISSING_CENTRAL: SR3Mu/Central/jets/4/pt in Skim_TriLep_TTG_PTG100to200.root
2026-01-09 12:22:43,491 - INFO - [2022EE] MISSING_CENTRAL: SR3Mu/Central/jets/4/pt in Skim_TriLep_TTG_PTG200toInf.root
2026-01-09 12:22:43,590 - INFO - [2022EE] MISSING_CENTRAL: SR3Mu/Central/jets/4/pt in Skim_TriLep_WWW.root
2026-01-11 09:42:45,990 - INFO - [2022EE] MISSING_CENTRAL: SR3Mu/Central/jets/4/pt in Skim_TriLep_Muon_E.root
2026-01-11 09:42:46,059 - INFO - [2022EE] MISSING_CENTRAL: SR3Mu/Central/jets/4/pt in Skim_TriLep_Muon_E.root
2026-01-11 09:42:46,071 - INFO - [2022EE] MISSING_CENTRAL: SR3Mu/Central/jets/4/pt in Skim_TriLep_DYJets.root
2026-01-11 09:42:46,072 - INFO - [2022EE] MISSING_CENTRAL: SR3Mu/Central/jets/4/pt in Skim_TriLep_DYJets10to50.root
2026-01-11 09:42:46,090 - INFO - [2022EE] MISSING_CENTRAL: SR3Mu/Central/jets/4/pt in Skim_TriLep_TTG_PTG100to200.root
2026-01-11 09:42:46,091 - INFO - [2022EE] MISSING_CENTRAL: SR3Mu/Central/jets/4/pt in Skim_TriLep_TTG_PTG200toInf.root
2026-01-11 09:42:46,177 - INFO - [2022EE] MISSING_CENTRAL: SR3Mu/Central/jets/4/pt in Skim_TriLep_WWW.root
2026-01-12 13:51:30,477 - INFO - [2022EE] MISSING_CENTRAL: SR3Mu/Central/jets/4/pt in Skim_TriLep_Muon_E.root
2026-01-12 13:51:30,547 - INFO - [2022EE] MISSING_FILE: /home/choij/Sync/workspace/ChargedHiggsAnalysisV3/SKNanoOutput/MatrixSelector/Run3Mu/2022EE/Skim_TriLep_Muon_E.root
2026-01-12 13:51:30,547 - INFO - [2022EE] MISSING_FILE: /home/choij/Sync/workspace/ChargedHiggsAnalysisV3/SKNanoOutput/MatrixSelector/Run3Mu/2022EE/Skim_TriLep_Muon_F.root
2026-01-12 13:51:30,547 - INFO - [2022EE] MISSING_FILE: /home/choij/Sync/workspace/ChargedHiggsAnalysisV3/SKNanoOutput/MatrixSelector/Run3Mu/2022EE/Skim_TriLep_Muon_G.root
2026-01-12 13:51:30,548 - INFO - [2022EE] MISSING_CENTRAL: SR3Mu/Central/jets/4/pt in Skim_TriLep_DYJets.root
2026-01-12 13:51:30,549 - INFO - [2022EE] MISSING_CENTRAL: SR3Mu/Central/jets/4/pt in Skim_TriLep_DYJets10to50.root
2026-01-12 13:51:30,575 - INFO - [2022EE] MISSING_CENTRAL: SR3Mu/Central/jets/4/pt in Skim_TriLep_TTG_PTG100to200.root
2026-01-12 13:51:30,575 - INFO - [2022EE] MISSING_CENTRAL: SR3Mu/Central/jets/4/pt in Skim_TriLep_TTG_PTG200toInf.root
2026-01-12 13:51:30,663 - INFO - [2022EE] MISSING_CENTRAL: SR3Mu/Central/jets/4/pt in Skim_TriLep_WWW.root
2026-01-16 19:06:25,171 - INFO - [2022EE] MISSING_CENTRAL: SR3Mu/Central/jets/4/pt in Skim_TriLep_Muon_E.root
2026-01-16 19:06:25,238 - INFO - [2022EE] MISSING_CENTRAL: SR3Mu/Central/jets/4/pt in Skim_TriLep_Muon_E.root
2026-01-16 19:06:25,253 - INFO - [2022EE] MISSING_CENTRAL: SR3Mu/Central/jets/4/pt in Skim_TriLep_DYJets.root
2026-01-16 19:06:25,253 - INFO - [2022EE] MISSING_CENTRAL: SR3Mu/Central/jets/4/pt in Skim_TriLep_DYJets10to50.root
2026-01-16 19:06:25,271 - INFO - [2022EE] MISSING_CENTRAL: SR3Mu/Central/jets/4/pt in Skim_TriLep_TTG_PTG100to200.root
2026-01-16 19:06:25,272 - INFO - [2022EE] MISSING_CENTRAL: SR3Mu/Central/jets/4/pt in Skim_TriLep_TTG_PTG200toInf.root
2026-01-16 19:06:25,359 - INFO - [2022EE] MISSING_CENTRAL: SR3Mu/Central/jets/4/pt in Skim_TriLep_WWW.root
2026-01-28 17:04:23,509 - INFO - [2022EE] MISSING_CENTRAL: SR3Mu/Central/jets/4/pt in Skim_TriLep_Muon_E.root
2026-01-28 17:04:23,581 - INFO - [2022EE] MISSING_CENTRAL: SR3Mu/Central/jets/4/pt in Skim_TriLep_Muon_E.root
2026-01-28 17:04:23,592 - INFO - [2022EE] MISSING_CENTRAL: SR3Mu/Central/jets/4/pt in Skim_TriLep_DYJets.root
2026-01-28 17:04:23,593 - INFO - [2022EE] MISSING_CENTRAL: SR3Mu/Central/jets/4/pt in Skim_TriLep_DYJets10to50.root
2026-01-28 17:04:23,594 - INFO - [2022EE] MISSING_CENTRAL: SR3Mu/Central/jets/4/pt in Skim_TriLep_TTG_PTG10to100.root
2026-01-28 17:04:23,594 - INFO - [2022EE] MISSING_CENTRAL: SR3Mu/Central/jets/4/pt in Skim_TriLep_TTG_PTG100to200.root
2026-01-28 17:04:23,595 - INFO - [2022EE] MISSING_CENTRAL: SR3Mu/Central/jets/4/pt in Skim_TriLep_TTG_PTG200toInf.root
2026-01-28 17:04:23,682 - INFO - [2022EE] MISSING_CENTRAL: SR3Mu/Central/jets/4/pt in Skim_TriLep_WZTo3LNu_powheg.root
2026-01-28 17:04:23,714 - INFO - [2022EE] MISSING_CENTRAL: SR3Mu/Central/jets/4/pt in Skim_TriLep_WWW.root
2026-01-28 17:04:23,787 - INFO - [2022EE] MISSING_CENTRAL: SR3Mu/Central/jets/4/pt in Skim_TriLep_ggHToZZTo4L.root
2026-01-28 17:25:04,341 - INFO - [2022EE] MISSING_CENTRAL: SR3Mu/Central/jets/4/pt in Skim_TriLep_Muon_E.root
2026-01-28 17:25:04,407 - INFO - [2022EE] MISSING_CENTRAL: SR3Mu/Central/jets/4/pt in Skim_TriLep_Muon_E.root
2026-01-28 17:25:04,423 - INFO - [2022EE] MISSING_CENTRAL: SR3Mu/Central/jets/4/pt in Skim_TriLep_DYJets.root
2026-01-28 17:25:04,423 - INFO - [2022EE] MISSING_CENTRAL: SR3Mu/Central/jets/4/pt in Skim_TriLep_DYJets10to50.root
2026-01-28 17:25:04,424 - INFO - [2022EE] MISSING_CENTRAL: SR3Mu/Central/jets/4/pt in Skim_TriLep_TTG_PTG10to100.root
2026-01-28 17:25:04,428 - INFO - [2022EE] MISSING_CENTRAL: SR3Mu/Central/jets/4/pt in Skim_TriLep_TTG_PTG100to200.root
2026-01-28 17:25:04,429 - INFO - [2022EE] MISSING_CENTRAL: SR3Mu/Central/jets/4/pt in Skim_TriLep_TTG_PTG200toInf.root
2026-01-28 17:25:04,515 - INFO - [2022EE] MISSING_CENTRAL: SR3Mu/Central/jets/4/pt in Skim_TriLep_WZTo3LNu_powheg.root
2026-01-28 17:25:04,549 - INFO - [2022EE] MISSING_CENTRAL: SR3Mu/Central/jets/4/pt in Skim_TriLep_WWW.root
2026-01-28 17:25:04,652 - INFO - [2022EE] MISSING_CENTRAL: SR3Mu/Central/jets/4/pt in Skim_TriLep_ggHToZZTo4L.root
2026-01-28 19:58:37,507 - INFO - [2022EE] MISSING_CENTRAL: SR3Mu/Central/jets/4/pt in Skim_TriLep_Muon_E.root
2026-01-28 19:58:37,600 - INFO - [2022EE] MISSING_CENTRAL: SR3Mu/Central/jets/4/pt in Skim_TriLep_Muon_E.root
2026-01-28 19:58:37,612 - INFO - [2022EE] MISSING_CENTRAL: SR3Mu/Central/jets/4/pt in Skim_TriLep_DYJets.root
2026-01-28 19:58:37,613 - INFO - [2022EE] MISSING_CENTRAL: SR3Mu/Central/jets/4/pt in Skim_TriLep_DYJets10to50.root
2026-01-28 19:58:37,614 - INFO - [2022EE] MISSING_CENTRAL: SR3Mu/Central/jets/4/pt in Skim_TriLep_TTG_PTG10to100.root
2026-01-28 19:58:37,614 - INFO - [2022EE] MISSING_CENTRAL: SR3Mu/Central/jets/4/pt in Skim_TriLep_TTG_PTG100to200.root
2026-01-28 19:58:37,615 - INFO - [2022EE] MISSING_CENTRAL: SR3Mu/Central/jets/4/pt in Skim_TriLep_TTG_PTG200toInf.root
2026-01-28 19:58:37,700 - INFO - [2022EE] MISSING_CENTRAL: SR3Mu/Central/jets/4/pt in Skim_TriLep_WZTo3LNu_powheg.root
2026-01-28 19:58:37,732 - INFO - [2022EE] MISSING_CENTRAL: SR3Mu/Central/jets/4/pt in Skim_TriLep_WWW.root
2026-01-28 19:58:37,806 - INFO - [2022EE] MISSING_CENTRAL: SR3Mu/Central/jets/4/pt in Skim_TriLep_ggHToZZTo4L.root
2026-01-29 07:15:34,707 - INFO - [2022EE] MISSING_CENTRAL: SR3Mu/Central/jets/4/pt in Skim_TriLep_Muon_E.root
2026-01-29 07:15:34,774 - INFO - [2022EE] MISSING_CENTRAL: SR3Mu/Central/jets/4/pt in Skim_TriLep_Muon_E.root
2026-01-29 07:15:34,784 - INFO - [2022EE] MISSING_CENTRAL: SR3Mu/Central/jets/4/pt in Skim_TriLep_DYJets.root
2026-01-29 07:15:34,785 - INFO - [2022EE] MISSING_CENTRAL: SR3Mu/Central/jets/4/pt in Skim_TriLep_DYJets10to50.root
2026-01-29 07:15:34,786 - INFO - [2022EE] MISSING_CENTRAL: SR3Mu/Central/jets/4/pt in Skim_TriLep_TTG_PTG10to100.root
2026-01-29 07:15:34,786 - INFO - [2022EE] MISSING_CENTRAL: SR3Mu/Central/jets/4/pt in Skim_TriLep_TTG_PTG100to200.root
2026-01-29 07:15:34,787 - INFO - [2022EE] MISSING_CENTRAL: SR3Mu/Central/jets/4/pt in Skim_TriLep_TTG_PTG200toInf.root
2026-01-29 07:15:34,848 - INFO - [2022EE] MISSING_CENTRAL: SR3Mu/Central/jets/4/pt in Skim_TriLep_WZTo3LNu_powheg.root
2026-01-29 07:15:34,871 - INFO - [2022EE] MISSING_CENTRAL: SR3Mu/Central/jets/4/pt in Skim_TriLep_WWW.root
2026-01-29 07:15:34,925 - INFO - [2022EE] MISSING_CENTRAL: SR3Mu/Central/jets/4/pt in Skim_TriLep_ggHToZZTo4L.root
2026-03-06 09:42:25,944 - INFO - [2022EE] MISSING_CENTRAL: SR3Mu/Central/jets/4/pt in Skim_TriLep_Muon_E.root
2026-03-06 09:42:26,010 - INFO - [2022EE] MISSING_CENTRAL: SR3Mu/Central/jets/4/pt in Skim_TriLep_Muon_E.root
2026-03-06 09:42:26,020 - INFO - [2022EE] MISSING_CENTRAL: SR3Mu/Central/jets/4/pt in Skim_TriLep_DYJets.root
2026-03-06 09:42:26,020 - INFO - [2022EE] MISSING_CENTRAL: SR3Mu/Central/jets/4/pt in Skim_TriLep_DYJets10to50.root
2026-03-06 09:42:26,021 - INFO - [2022EE] MISSING_CENTRAL: SR3Mu/Central/jets/4/pt in Skim_TriLep_TTG_PTG10to100.root
2026-03-06 09:42:26,022 - INFO - [2022EE] MISSING_CENTRAL: SR3Mu/Central/jets/4/pt in Skim_TriLep_TTG_PTG100to200.root
2026-03-06 09:42:26,023 - INFO - [2022EE] MISSING_CENTRAL: SR3Mu/Central/jets/4/pt in Skim_TriLep_TTG_PTG200toInf.root
2026-03-06 09:42:26,086 - INFO - [2022EE] MISSING_CENTRAL: SR3Mu/Central/jets/4/pt in Skim_TriLep_WZTo3LNu_powheg.root
2026-03-06 09:42:26,108 - INFO - [2022EE] MISSING_CENTRAL: SR3Mu/Central/jets/4/pt in Skim_TriLep_WWW.root
2026-03-06 09:42:26,162 - INFO - [2022EE] MISSING_CENTRAL: SR3Mu/Central/jets/4/pt in Skim_TriLep_ggHToZZTo4L.root
2026-03-06 19:48:12,439 - INFO - [2022EE] MISSING_CENTRAL: SR3Mu/Central/jets/4/pt in Skim_TriLep_Muon_E.root
2026-03-06 19:48:12,506 - INFO - [2022EE] MISSING_CENTRAL: SR3Mu/Central/jets/4/pt in Skim_TriLep_Muon_E.root
2026-03-06 19:48:12,517 - INFO - [2022EE] MISSING_CENTRAL: SR3Mu/Central/jets/4/pt in Skim_TriLep_DYJets.root
2026-03-06 19:48:12,517 - INFO - [2022EE] MISSING_CENTRAL: SR3Mu/Central/jets/4/pt in Skim_TriLep_DYJets10to50.root
2026-03-06 19:48:12,518 - INFO - [2022EE] MISSING_CENTRAL: SR3Mu/Central/jets/4/pt in Skim_TriLep_TTG_PTG10to100.root
2026-03-06 19:48:12,518 - INFO - [2022EE] MISSING_CENTRAL: SR3Mu/Central/jets/4/pt in Skim_TriLep_TTG_PTG100to200.root
2026-03-06 19:48:12,519 - INFO - [2022EE] MISSING_CENTRAL: SR3Mu/Central/jets/4/pt in Skim_TriLep_TTG_PTG200toInf.root
2026-03-06 19:48:12,582 - INFO - [2022EE] MISSING_CENTRAL: SR3Mu/Central/jets/4/pt in Skim_TriLep_WZTo3LNu_powheg.root
2026-03-06 19:48:12,604 - INFO - [2022EE] MISSING_CENTRAL: SR3Mu/Central/jets/4/pt in Skim_TriLep_WWW.root
2026-03-06 19:48:12,660 - INFO - [2022EE] MISSING_CENTRAL: SR3Mu/Central/jets/4/pt in Skim_TriLep_ggHToZZTo4L.root
2026-04-10 20:23:09,326 - INFO - [2022EE] MISSING_CENTRAL: SR3Mu/Central/jets/4/pt in Skim_TriLep_Muon_E.root
2026-04-10 20:23:09,397 - INFO - [2022EE] MISSING_CENTRAL: SR3Mu/Central/jets/4/pt in Skim_TriLep_Muon_E.root
2026-04-10 20:23:09,408 - INFO - [2022EE] MISSING_CENTRAL: SR3Mu/Central/jets/4/pt in Skim_TriLep_DYJets.root
2026-04-10 20:23:09,409 - INFO - [2022EE] MISSING_CENTRAL: SR3Mu/Central/jets/4/pt in Skim_TriLep_DYJets10to50.root
2026-04-10 20:23:09,410 - INFO - [2022EE] MISSING_CENTRAL: SR3Mu/Central/jets/4/pt in Skim_TriLep_TTG_PTG10to100.root
2026-04-10 20:23:09,410 - INFO - [2022EE] MISSING_CENTRAL: SR3Mu/Central/jets/4/pt in Skim_TriLep_TTG_PTG100to200.root
2026-04-10 20:23:09,411 - INFO - [2022EE] MISSING_CENTRAL: SR3Mu/Central/jets/4/pt in Skim_TriLep_TTG_PTG200toInf.root
2026-04-10 20:23:09,481 - INFO - [2022EE] MISSING_CENTRAL: SR3Mu/Central/jets/4/pt in Skim_TriLep_WZTo3LNu_powheg.root
2026-04-10 20:23:09,505 - INFO - [2022EE] MISSING_CENTRAL: SR3Mu/Central/jets/4/pt in Skim_TriLep_WWW.root
2026-04-10 20:23:09,563 - INFO - [2022EE] MISSING_CENTRAL: SR3Mu/Central/jets/4/pt in Skim_TriLep_ggHToZZTo4L.root
2026-04-12 11:38:25,497 - INFO - [2022EE] MISSING_CENTRAL: SR3Mu/Central/jets/4/pt in Skim_TriLep_Muon_E.root
2026-04-12 11:38:25,567 - INFO - [2022EE] MISSING_CENTRAL: SR3Mu/Central/jets/4/pt in Skim_TriLep_Muon_E.root
2026-04-12 11:38:25,577 - INFO - [2022EE] MISSING_CENTRAL: SR3Mu/Central/jets/4/pt in Skim_TriLep_DYJets.root
2026-04-12 11:38:25,578 - INFO - [2022EE] MISSING_CENTRAL: SR3Mu/Central/jets/4/pt in Skim_TriLep_DYJets10to50.root
2026-04-12 11:38:25,578 - INFO - [2022EE] MISSING_CENTRAL: SR3Mu/Central/jets/4/pt in Skim_TriLep_TTG_PTG10to100.root
2026-04-12 11:38:25,579 - INFO - [2022EE] MISSING_CENTRAL: SR3Mu/Central/jets/4/pt in Skim_TriLep_TTG_PTG100to200.root
2026-04-12 11:38:25,580 - INFO - [2022EE] MISSING_CENTRAL: SR3Mu/Central/jets/4/pt in Skim_TriLep_TTG_PTG200toInf.root
2026-04-12 11:38:25,649 - INFO - [2022EE] MISSING_CENTRAL: SR3Mu/Central/jets/4/pt in Skim_TriLep_WZTo3LNu_powheg.root
2026-04-12 11:38:25,674 - INFO - [2022EE] MISSING_CENTRAL: SR3Mu/Central/jets/4/pt in Skim_TriLep_WWW.root
2026-04-12 11:38:25,734 - INFO - [2022EE] MISSING_CENTRAL: SR3Mu/Central/jets/4/pt in Skim_TriLep_ggHToZZTo4L.root
2026-04-12 12:20:17,027 - INFO - [2022EE] MISSING_CENTRAL: SR3Mu/Central/jets/4/pt in Skim_TriLep_Muon_E.root
2026-04-12 12:20:17,096 - INFO - [2022EE] MISSING_CENTRAL: SR3Mu/Central/jets/4/pt in Skim_TriLep_Muon_E.root
2026-04-12 12:20:17,107 - INFO - [2022EE] MISSING_CENTRAL: SR3Mu/Central/jets/4/pt in Skim_TriLep_DYJets.root
2026-04-12 12:20:17,108 - INFO - [2022EE] MISSING_CENTRAL: SR3Mu/Central/jets/4/pt in Skim_TriLep_DYJets10to50.root
2026-04-12 12:20:17,109 - INFO - [2022EE] MISSING_CENTRAL: SR3Mu/Central/jets/4/pt in Skim_TriLep_TTG_PTG10to100.root
2026-04-12 12:20:17,109 - INFO - [2022EE] MISSING_CENTRAL: SR3Mu/Central/jets/4/pt in Skim_TriLep_TTG_PTG100to200.root
2026-04-12 12:20:17,110 - INFO - [2022EE] MISSING_CENTRAL: SR3Mu/Central/jets/4/pt in Skim_TriLep_TTG_PTG200toInf.root
2026-04-12 12:20:17,175 - INFO - [2022EE] MISSING_CENTRAL: SR3Mu/Central/jets/4/pt in Skim_TriLep_WZTo3LNu_powheg.root
2026-04-12 12:20:17,199 - INFO - [2022EE] MISSING_CENTRAL: SR3Mu/Central/jets/4/pt in Skim_TriLep_WWW.root
2026-04-12 12:20:17,257 - INFO - [2022EE] MISSING_CENTRAL: SR3Mu/Central/jets/4/pt in Skim_TriLep_ggHToZZTo4L.root
2026-04-12 12:39:56,154 - INFO - [2022EE] MISSING_CENTRAL: SR3Mu/Central/jets/4/pt in Skim_TriLep_Muon_E.root
2026-04-12 12:39:56,224 - INFO - [2022EE] MISSING_CENTRAL: SR3Mu/Central/jets/4/pt in Skim_TriLep_Muon_E.root
2026-04-12 12:39:56,235 - INFO - [2022EE] MISSING_CENTRAL: SR3Mu/Central/jets/4/pt in Skim_TriLep_DYJets.root
2026-04-12 12:39:56,235 - INFO - [2022EE] MISSING_CENTRAL: SR3Mu/Central/jets/4/pt in Skim_TriLep_DYJets10to50.root
2026-04-12 12:39:56,236 - INFO - [2022EE] MISSING_CENTRAL: SR3Mu/Central/jets/4/pt in Skim_TriLep_TTG_PTG10to100.root
2026-04-12 12:39:56,237 - INFO - [2022EE] MISSING_CENTRAL: SR3Mu/Central/jets/4/pt in Skim_TriLep_TTG_PTG100to200.root
2026-04-12 12:39:56,237 - INFO - [2022EE] MISSING_CENTRAL: SR3Mu/Central/jets/4/pt in Skim_TriLep_TTG_PTG200toInf.root
2026-04-12 12:39:56,304 - INFO - [2022EE] MISSING_CENTRAL: SR3Mu/Central/jets/4/pt in Skim_TriLep_WZTo3LNu_powheg.root
2026-04-12 12:39:56,327 - INFO - [2022EE] MISSING_CENTRAL: SR3Mu/Central/jets/4/pt in Skim_TriLep_WWW.root
2026-04-12 12:39:56,385 - INFO - [2022EE] MISSING_CENTRAL: SR3Mu/Central/jets/4/pt in Skim_TriLep_ggHToZZTo4L.root
2026-04-12 20:48:04,181 - INFO - [2022EE] MISSING_CENTRAL: SR3Mu/Central/jets/4/pt in Skim_TriLep_Muon_E.root
2026-04-12 20:48:04,247 - INFO - [2022EE] MISSING_CENTRAL: SR3Mu/Central/jets/4/pt in Skim_TriLep_Muon_E.root
2026-04-12 20:48:04,258 - INFO - [2022EE] MISSING_CENTRAL: SR3Mu/Central/jets/4/pt in Skim_TriLep_DYJets.root
2026-04-12 20:48:04,259 - INFO - [2022EE] MISSING_CENTRAL: SR3Mu/Central/jets/4/pt in Skim_TriLep_DYJets10to50.root
2026-04-12 20:48:04,260 - INFO - [2022EE] MISSING_CENTRAL: SR3Mu/Central/jets/4/pt in Skim_TriLep_TTG_PTG10to100.root
2026-04-12 20:48:04,260 - INFO - [2022EE] MISSING_CENTRAL: SR3Mu/Central/jets/4/pt in Skim_TriLep_TTG_PTG100to200.root
2026-04-12 20:48:04,261 - INFO - [2022EE] MISSING_CENTRAL: SR3Mu/Central/jets/4/pt in Skim_TriLep_TTG_PTG200toInf.root
2026-04-12 20:48:04,328 - INFO - [2022EE] MISSING_CENTRAL: SR3Mu/Central/jets/4/pt in Skim_TriLep_WZTo3LNu_powheg.root
2026-04-12 20:48:04,354 - INFO - [2022EE] MISSING_CENTRAL: SR3Mu/Central/jets/4/pt in Skim_TriLep_WWW.root
2026-04-12 20:48:04,413 - INFO - [2022EE] MISSING_CENTRAL: SR3Mu/Central/jets/4/pt in Skim_TriLep_ggHToZZTo4L.root
2026-04-12 21:19:37,622 - INFO - [2022EE] MISSING_CENTRAL: SR3Mu/Central/jets/4/pt in Skim_TriLep_Muon_E.root
2026-04-12 21:19:37,688 - INFO - [2022EE] MISSING_CENTRAL: SR3Mu/Central/jets/4/pt in Skim_TriLep_Muon_E.root
2026-04-12 21:19:37,699 - INFO - [2022EE] MISSING_CENTRAL: SR3Mu/Central/jets/4/pt in Skim_TriLep_DYJets.root
2026-04-12 21:19:37,699 - INFO - [2022EE] MISSING_CENTRAL: SR3Mu/Central/jets/4/pt in Skim_TriLep_DYJets10to50.root
2026-04-12 21:19:37,700 - INFO - [2022EE] MISSING_CENTRAL: SR3Mu/Central/jets/4/pt in Skim_TriLep_TTG_PTG10to100.root
2026-04-12 21:19:37,700 - INFO - [2022EE] MISSING_CENTRAL: SR3Mu/Central/jets/4/pt in Skim_TriLep_TTG_PTG100to200.root
2026-04-12 21:19:37,701 - INFO - [2022EE] MISSING_CENTRAL: SR3Mu/Central/jets/4/pt in Skim_TriLep_TTG_PTG200toInf.root
2026-04-12 21:19:37,769 - INFO - [2022EE] MISSING_CENTRAL: SR3Mu/Central/jets/4/pt in Skim_TriLep_WZTo3LNu_powheg.root
2026-04-12 21:19:37,794 - INFO - [2022EE] MISSING_CENTRAL: SR3Mu/Central/jets/4/pt in Skim_TriLep_WWW.root
2026-04-12 21:19:37,852 - INFO - [2022EE] MISSING_CENTRAL: SR3Mu/Central/jets/4/pt in Skim_TriLep_ggHToZZTo4L.root
2026-04-13 12:57:22,058 - INFO - [2022EE] MISSING_CENTRAL: SR3Mu/Central/jets/4/pt in Skim_TriLep_Muon_E.root
2026-04-13 12:57:22,130 - INFO - [2022EE] MISSING_CENTRAL: SR3Mu/Central/jets/4/pt in Skim_TriLep_Muon_E.root
2026-04-13 12:57:22,138 - INFO - [2022EE] MISSING_CENTRAL: SR3Mu/Central/jets/4/pt in Skim_TriLep_DYJets.root
2026-04-13 12:57:22,138 - INFO - [2022EE] MISSING_CENTRAL: SR3Mu/Central/jets/4/pt in Skim_TriLep_DYJets10to50.root
2026-04-13 12:57:22,139 - INFO - [2022EE] MISSING_CENTRAL: SR3Mu/Central/jets/4/pt in Skim_TriLep_TTG_PTG10to100.root
2026-04-13 12:57:22,139 - INFO - [2022EE] MISSING_CENTRAL: SR3Mu/Central/jets/4/pt in Skim_TriLep_TTG_PTG100to200.root
2026-04-13 12:57:22,140 - INFO - [2022EE] MISSING_CENTRAL: SR3Mu/Central/jets/4/pt in Skim_TriLep_TTG_PTG200toInf.root
2026-04-13 12:57:22,222 - INFO - [2022EE] MISSING_CENTRAL: SR3Mu/Central/jets/4/pt in Skim_TriLep_WZTo3LNu_powheg.root
2026-04-13 12:57:22,275 - INFO - [2022EE] MISSING_CENTRAL: SR3Mu/Central/jets/4/pt in Skim_TriLep_WWW.root
2026-04-13 12:57:22,343 - INFO - [2022EE] MISSING_CENTRAL: SR3Mu/Central/jets/4/pt in Skim_TriLep_ggHToZZTo4L.root
2026-04-16 17:31:13,242 - INFO - [2022EE] MISSING_CENTRAL: SR3Mu/Central/jets/4/pt in Skim_TriLep_Muon_E.root
2026-04-16 17:31:13,314 - INFO - [2022EE] MISSING_CENTRAL: SR3Mu/Central/jets/4/pt in Skim_TriLep_Muon_E.root
2026-04-16 17:31:13,322 - INFO - [2022EE] MISSING_CENTRAL: SR3Mu/Central/jets/4/pt in Skim_TriLep_DYJets.root
2026-04-16 17:31:13,322 - INFO - [2022EE] MISSING_CENTRAL: SR3Mu/Central/jets/4/pt in Skim_TriLep_DYJets10to50.root
2026-04-16 17:31:13,323 - INFO - [2022EE] MISSING_CENTRAL: SR3Mu/Central/jets/4/pt in Skim_TriLep_TTG_PTG10to100.root
2026-04-16 17:31:13,324 - INFO - [2022EE] MISSING_CENTRAL: SR3Mu/Central/jets/4/pt in Skim_TriLep_TTG_PTG100to200.root
2026-04-16 17:31:13,324 - INFO - [2022EE] MISSING_CENTRAL: SR3Mu/Central/jets/4/pt in Skim_TriLep_TTG_PTG200toInf.root
2026-04-16 17:31:13,399 - INFO - [2022EE] MISSING_CENTRAL: SR3Mu/Central/jets/4/pt in Skim_TriLep_WZTo3LNu_powheg.root
2026-04-16 17:31:13,426 - INFO - [2022EE] MISSING_CENTRAL: SR3Mu/Central/jets/4/pt in Skim_TriLep_WWW.root
2026-04-16 17:31:13,475 - INFO - [2022EE] MISSING_CENTRAL: SR3Mu/Central/jets/4/pt in Skim_TriLep_ggHToZZTo4L.root
2026-04-16 17:39:53,389 - INFO - [2022EE] MISSING_CENTRAL: SR3Mu/Central/jets/4/pt in Skim_TriLep_Muon_E.root
2026-04-16 17:39:53,466 - INFO - [2022EE] MISSING_CENTRAL: SR3Mu/Central/jets/4/pt in Skim_TriLep_Muon_E.root
2026-04-16 17:39:53,474 - INFO - [2022EE] MISSING_CENTRAL: SR3Mu/Central/jets/4/pt in Skim_TriLep_DYJets.root
2026-04-16 17:39:53,475 - INFO - [2022EE] MISSING_CENTRAL: SR3Mu/Central/jets/4/pt in Skim_TriLep_DYJets10to50.root
2026-04-16 17:39:53,475 - INFO - [2022EE] MISSING_CENTRAL: SR3Mu/Central/jets/4/pt in Skim_TriLep_TTG_PTG10to100.root
2026-04-16 17:39:53,476 - INFO - [2022EE] MISSING_CENTRAL: SR3Mu/Central/jets/4/pt in Skim_TriLep_TTG_PTG100to200.root
2026-04-16 17:39:53,477 - INFO - [2022EE] MISSING_CENTRAL: SR3Mu/Central/jets/4/pt in Skim_TriLep_TTG_PTG200toInf.root
2026-04-16 17:39:53,552 - INFO - [2022EE] MISSING_CENTRAL: SR3Mu/Central/jets/4/pt in Skim_TriLep_WZTo3LNu_powheg.root
2026-04-16 17:39:53,580 - INFO - [2022EE] MISSING_CENTRAL: SR3Mu/Central/jets/4/pt in Skim_TriLep_WWW.root
2026-04-16 17:39:53,651 - INFO - [2022EE] MISSING_CENTRAL: SR3Mu/Central/jets/4/pt in Skim_TriLep_ggHToZZTo4L.root
2026-04-28 15:11:52,528 - INFO - [2022EE] MISSING_CENTRAL: SR3Mu/Central/jets/4/pt in Skim_TriLep_Muon_E.root
2026-04-28 15:11:52,601 - INFO - [2022EE] MISSING_CENTRAL: SR3Mu/Central/jets/4/pt in Skim_TriLep_Muon_E.root
2026-04-28 15:11:52,608 - INFO - [2022EE] MISSING_CENTRAL: SR3Mu/Central/jets/4/pt in Skim_TriLep_DYJets.root
2026-04-28 15:11:52,608 - INFO - [2022EE] MISSING_CENTRAL: SR3Mu/Central/jets/4/pt in Skim_TriLep_DYJets10to50.root
2026-04-28 15:11:52,609 - INFO - [2022EE] MISSING_CENTRAL: SR3Mu/Central/jets/4/pt in Skim_TriLep_TTG_PTG10to100.root
2026-04-28 15:11:52,609 - INFO - [2022EE] MISSING_CENTRAL: SR3Mu/Central/jets/4/pt in Skim_TriLep_TTG_PTG100to200.root
2026-04-28 15:11:52,610 - INFO - [2022EE] MISSING_CENTRAL: SR3Mu/Central/jets/4/pt in Skim_TriLep_TTG_PTG200toInf.root
2026-04-28 15:11:52,686 - INFO - [2022EE] MISSING_CENTRAL: SR3Mu/Central/jets/4/pt in Skim_TriLep_WZTo3LNu_powheg.root
2026-04-28 15:11:52,714 - INFO - [2022EE] MISSING_CENTRAL: SR3Mu/Central/jets/4/pt in Skim_TriLep_WWW.root
2026-04-28 15:11:52,785 - INFO - [2022EE] MISSING_CENTRAL: SR3Mu/Central/jets/4/pt in Skim_TriLep_ggHToZZTo4L.root
2026-05-04 17:01:11,297 - INFO - [2022EE] MISSING_CENTRAL: SR3Mu/Central/jets/4/pt in Skim_TriLep_Muon_E.root
2026-05-04 17:01:11,372 - INFO - [2022EE] MISSING_CENTRAL: SR3Mu/Central/jets/4/pt in Skim_TriLep_Muon_E.root
2026-05-04 17:01:11,380 - INFO - [2022EE] MISSING_CENTRAL: SR3Mu/Central/jets/4/pt in Skim_TriLep_DYJets.root
2026-05-04 17:01:11,381 - INFO - [2022EE] MISSING_CENTRAL: SR3Mu/Central/jets/4/pt in Skim_TriLep_DYJets10to50.root
2026-05-04 17:01:11,381 - INFO - [2022EE] MISSING_CENTRAL: SR3Mu/Central/jets/4/pt in Skim_TriLep_TTG_PTG10to100.root
2026-05-04 17:01:11,382 - INFO - [2022EE] MISSING_CENTRAL: SR3Mu/Central/jets/4/pt in Skim_TriLep_TTG_PTG100to200.root
2026-05-04 17:01:11,383 - INFO - [2022EE] MISSING_CENTRAL: SR3Mu/Central/jets/4/pt in Skim_TriLep_TTG_PTG200toInf.root
2026-05-04 17:01:11,459 - INFO - [2022EE] MISSING_CENTRAL: SR3Mu/Central/jets/4/pt in Skim_TriLep_WZTo3LNu_powheg.root
2026-05-04 17:01:11,486 - INFO - [2022EE] MISSING_CENTRAL: SR3Mu/Central/jets/4/pt in Skim_TriLep_WWW.root
2026-05-04 17:01:11,557 - INFO - [2022EE] MISSING_CENTRAL: SR3Mu/Central/jets/4/pt in Skim_TriLep_ggHToZZTo4L.root
2026-05-04 17:09:23,677 - INFO - [2022EE] MISSING_CENTRAL: SR3Mu/Central/jets/4/pt in Skim_TriLep_Muon_E.root
2026-05-04 17:09:23,754 - INFO - [2022EE] MISSING_CENTRAL: SR3Mu/Central/jets/4/pt in Skim_TriLep_Muon_E.root
2026-05-04 17:09:23,762 - INFO - [2022EE] MISSING_CENTRAL: SR3Mu/Central/jets/4/pt in Skim_TriLep_DYJets.root
2026-05-04 17:09:23,762 - INFO - [2022EE] MISSING_CENTRAL: SR3Mu/Central/jets/4/pt in Skim_TriLep_DYJets10to50.root
2026-05-04 17:09:23,763 - INFO - [2022EE] MISSING_CENTRAL: SR3Mu/Central/jets/4/pt in Skim_TriLep_TTG_PTG10to100.root
2026-05-04 17:09:23,764 - INFO - [2022EE] MISSING_CENTRAL: SR3Mu/Central/jets/4/pt in Skim_TriLep_TTG_PTG100to200.root
2026-05-04 17:09:23,764 - INFO - [2022EE] MISSING_CENTRAL: SR3Mu/Central/jets/4/pt in Skim_TriLep_TTG_PTG200toInf.root
2026-05-04 17:09:23,845 - INFO - [2022EE] MISSING_CENTRAL: SR3Mu/Central/jets/4/pt in Skim_TriLep_WZTo3LNu_powheg.root
2026-05-04 17:09:23,874 - INFO - [2022EE] MISSING_CENTRAL: SR3Mu/Central/jets/4/pt in Skim_TriLep_WWW.root
2026-05-04 17:09:23,943 - INFO - [2022EE] MISSING_CENTRAL: SR3Mu/Central/jets/4/pt in Skim_TriLep_ggHToZZTo4L.root
2026-05-28 15:38:02,033 - INFO - [2022EE] MISSING_CENTRAL: SR3Mu/Central/jets/4/pt in Skim_TriLep_Muon_E.root
2026-05-28 15:38:02,131 - INFO - [2022EE] MISSING_CENTRAL: SR3Mu/Central/jets/4/pt in Skim_TriLep_Muon_E.root
2026-05-28 15:38:02,145 - INFO - [2022EE] MISSING_CENTRAL: SR3Mu/Central/jets/4/pt in Skim_TriLep_DYJets.root
2026-05-28 15:38:02,146 - INFO - [2022EE] MISSING_CENTRAL: SR3Mu/Central/jets/4/pt in Skim_TriLep_DYJets10to50.root
2026-05-28 15:38:02,147 - INFO - [2022EE] MISSING_CENTRAL: SR3Mu/Central/jets/4/pt in Skim_TriLep_TTG_PTG10to100.root
2026-05-28 15:38:02,149 - INFO - [2022EE] MISSING_CENTRAL: SR3Mu/Central/jets/4/pt in Skim_TriLep_TTG_PTG100to200.root
2026-05-28 15:38:02,151 - INFO - [2022EE] MISSING_CENTRAL: SR3Mu/Central/jets/4/pt in Skim_TriLep_TTG_PTG200toInf.root
2026-05-28 15:38:02,284 - INFO - [2022EE] MISSING_CENTRAL: SR3Mu/Central/jets/4/pt in Skim_TriLep_WZTo3LNu_powheg.root
2026-05-28 15:38:02,334 - INFO - [2022EE] MISSING_CENTRAL: SR3Mu/Central/jets/4/pt in Skim_TriLep_WWW.root
2026-05-28 15:38:02,456 - INFO - [2022EE] MISSING_CENTRAL: SR3Mu/Central/jets/4/pt in Skim_TriLep_ggHToZZTo4L.root
2026-05-28 15:46:10,504 - INFO - [2022EE] MISSING_CENTRAL: SR3Mu/Central/jets/4/pt in Skim_TriLep_Muon_E.root
2026-05-28 15:46:10,608 - INFO - [2022EE] MISSING_CENTRAL: SR3Mu/Central/jets/4/pt in Skim_TriLep_Muon_E.root
2026-05-28 15:46:10,623 - INFO - [2022EE] MISSING_CENTRAL: SR3Mu/Central/jets/4/pt in Skim_TriLep_DYJets.root
2026-05-28 15:46:10,624 - INFO - [2022EE] MISSING_CENTRAL: SR3Mu/Central/jets/4/pt in Skim_TriLep_DYJets10to50.root
2026-05-28 15:46:10,626 - INFO - [2022EE] MISSING_CENTRAL: SR3Mu/Central/jets/4/pt in Skim_TriLep_TTG_PTG10to100.root
2026-05-28 15:46:10,630 - INFO - [2022EE] MISSING_CENTRAL: SR3Mu/Central/jets/4/pt in Skim_TriLep_TTG_PTG100to200.root
2026-05-28 15:46:10,640 - INFO - [2022EE] MISSING_CENTRAL: SR3Mu/Central/jets/4/pt in Skim_TriLep_TTG_PTG200toInf.root
2026-05-28 15:46:10,778 - INFO - [2022EE] MISSING_CENTRAL: SR3Mu/Central/jets/4/pt in Skim_TriLep_WZTo3LNu_powheg.root
2026-05-28 15:46:10,826 - INFO - [2022EE] MISSING_CENTRAL: SR3Mu/Central/jets/4/pt in Skim_TriLep_WWW.root
2026-05-28 15:46:10,943 - INFO - [2022EE] MISSING_CENTRAL: SR3Mu/Central/jets/4/pt in Skim_TriLep_ggHToZZTo4L.root
2026-05-29 15:28:54,102 - INFO - [2022EE] MISSING_CENTRAL: SR3Mu/Central/jets/4/pt in Skim_TriLep_Muon_E.root
2026-05-29 15:28:54,174 - INFO - [2022EE] MISSING_CENTRAL: SR3Mu/Central/jets/4/pt in Skim_TriLep_Muon_E.root
2026-05-29 15:28:54,182 - INFO - [2022EE] MISSING_CENTRAL: SR3Mu/Central/jets/4/pt in Skim_TriLep_DYJets.root
2026-05-29 15:28:54,183 - INFO - [2022EE] MISSING_CENTRAL: SR3Mu/Central/jets/4/pt in Skim_TriLep_DYJets10to50.root
2026-05-29 15:28:54,183 - INFO - [2022EE] MISSING_CENTRAL: SR3Mu/Central/jets/4/pt in Skim_TriLep_TTG_PTG10to100.root
2026-05-29 15:28:54,184 - INFO - [2022EE] MISSING_CENTRAL: SR3Mu/Central/jets/4/pt in Skim_TriLep_TTG_PTG100to200.root
2026-05-29 15:28:54,184 - INFO - [2022EE] MISSING_CENTRAL: SR3Mu/Central/jets/4/pt in Skim_TriLep_TTG_PTG200toInf.root
2026-05-29 15:28:54,261 - INFO - [2022EE] MISSING_CENTRAL: SR3Mu/Central/jets/4/pt in Skim_TriLep_WZTo3LNu_powheg.root
2026-05-29 15:28:54,288 - INFO - [2022EE] MISSING_CENTRAL: SR3Mu/Central/jets/4/pt in Skim_TriLep_WWW.root
2026-05-29 15:28:54,387 - INFO - [2022EE] MISSING_CENTRAL: SR3Mu/Central/jets/4/pt in Skim_TriLep_ggHToZZTo4L.root
2026-05-29 15:37:08,049 - INFO - [2022EE] MISSING_CENTRAL: SR3Mu/Central/jets/4/pt in Skim_TriLep_Muon_E.root
2026-05-29 15:37:08,120 - INFO - [2022EE] MISSING_CENTRAL: SR3Mu/Central/jets/4/pt in Skim_TriLep_Muon_E.root
2026-05-29 15:37:08,127 - INFO - [2022EE] MISSING_CENTRAL: SR3Mu/Central/jets/4/pt in Skim_TriLep_DYJets.root
2026-05-29 15:37:08,128 - INFO - [2022EE] MISSING_CENTRAL: SR3Mu/Central/jets/4/pt in Skim_TriLep_DYJets10to50.root
2026-05-29 15:37:08,129 - INFO - [2022EE] MISSING_CENTRAL: SR3Mu/Central/jets/4/pt in Skim_TriLep_TTG_PTG10to100.root
2026-05-29 15:37:08,129 - INFO - [2022EE] MISSING_CENTRAL: SR3Mu/Central/jets/4/pt in Skim_TriLep_TTG_PTG100to200.root
2026-05-29 15:37:08,129 - INFO - [2022EE] MISSING_CENTRAL: SR3Mu/Central/jets/4/pt in Skim_TriLep_TTG_PTG200toInf.root
2026-05-29 15:37:08,207 - INFO - [2022EE] MISSING_CENTRAL: SR3Mu/Central/jets/4/pt in Skim_TriLep_WZTo3LNu_powheg.root
2026-05-29 15:37:08,234 - INFO - [2022EE] MISSING_CENTRAL: SR3Mu/Central/jets/4/pt in Skim_TriLep_WWW.root
2026-05-29 15:37:08,302 - INFO - [2022EE] MISSING_CENTRAL: SR3Mu/Central/jets/4/pt in Skim_TriLep_ggHToZZTo4L.root
2026-05-29 18:20:05,755 - INFO - [2022EE] MISSING_CENTRAL: SR3Mu/Central/jets/4/pt in Skim_TriLep_Muon_E.root
2026-05-29 18:20:05,829 - INFO - [2022EE] MISSING_CENTRAL: SR3Mu/Central/jets/4/pt in Skim_TriLep_Muon_E.root
2026-05-29 18:20:05,837 - INFO - [2022EE] MISSING_CENTRAL: SR3Mu/Central/jets/4/pt in Skim_TriLep_DYJets.root
2026-05-29 18:20:05,838 - INFO - [2022EE] MISSING_CENTRAL: SR3Mu/Central/jets/4/pt in Skim_TriLep_DYJets10to50.root
2026-05-29 18:20:05,839 - INFO - [2022EE] MISSING_CENTRAL: SR3Mu/Central/jets/4/pt in Skim_TriLep_TTG_PTG10to100.root
2026-05-29 18:20:05,839 - INFO - [2022EE] MISSING_CENTRAL: SR3Mu/Central/jets/4/pt in Skim_TriLep_TTG_PTG100to200.root
2026-05-29 18:20:05,840 - INFO - [2022EE] MISSING_CENTRAL: SR3Mu/Central/jets/4/pt in Skim_TriLep_TTG_PTG200toInf.root
2026-05-29 18:20:05,912 - INFO - [2022EE] MISSING_CENTRAL: SR3Mu/Central/jets/4/pt in Skim_TriLep_WZTo3LNu_powheg.root
2026-05-29 18:20:05,938 - INFO - [2022EE] MISSING_CENTRAL: SR3Mu/Central/jets/4/pt in Skim_TriLep_WWW.root
2026-05-29 18:20:06,003 - INFO - [2022EE] MISSING_CENTRAL: SR3Mu/Central/jets/4/pt in Skim_TriLep_ggHToZZTo4L.root
2026-05-29 18:28:27,176 - INFO - [2022EE] MISSING_CENTRAL: SR3Mu/Central/jets/4/pt in Skim_TriLep_Muon_E.root
2026-05-29 18:28:27,250 - INFO - [2022EE] MISSING_CENTRAL: SR3Mu/Central/jets/4/pt in Skim_TriLep_Muon_E.root
2026-05-29 18:28:27,258 - INFO - [2022EE] MISSING_CENTRAL: SR3Mu/Central/jets/4/pt in Skim_TriLep_DYJets.root
2026-05-29 18:28:27,258 - INFO - [2022EE] MISSING_CENTRAL: SR3Mu/Central/jets/4/pt in Skim_TriLep_DYJets10to50.root
2026-05-29 18:28:27,259 - INFO - [2022EE] MISSING_CENTRAL: SR3Mu/Central/jets/4/pt in Skim_TriLep_TTG_PTG10to100.root
2026-05-29 18:28:27,260 - INFO - [2022EE] MISSING_CENTRAL: SR3Mu/Central/jets/4/pt in Skim_TriLep_TTG_PTG100to200.root
2026-05-29 18:28:27,260 - INFO - [2022EE] MISSING_CENTRAL: SR3Mu/Central/jets/4/pt in Skim_TriLep_TTG_PTG200toInf.root
2026-05-29 18:28:27,338 - INFO - [2022EE] MISSING_CENTRAL: SR3Mu/Central/jets/4/pt in Skim_TriLep_WZTo3LNu_powheg.root
2026-05-29 18:28:27,366 - INFO - [2022EE] MISSING_CENTRAL: SR3Mu/Central/jets/4/pt in Skim_TriLep_WWW.root
2026-05-29 18:28:27,436 - INFO - [2022EE] MISSING_CENTRAL: SR3Mu/Central/jets/4/pt in Skim_TriLep_ggHToZZTo4L.root
2026-06-12 14:07:33,532 - INFO - [2022EE] MISSING_CENTRAL: SR3Mu/Central/jets/4/pt in Skim_TriLep_Muon_E.root
2026-06-12 14:07:33,606 - INFO - [2022EE] MISSING_CENTRAL: SR3Mu/Central/jets/4/pt in Skim_TriLep_Muon_E.root
2026-06-12 14:07:33,614 - INFO - [2022EE] MISSING_CENTRAL: SR3Mu/Central/jets/4/pt in Skim_TriLep_DYJets.root
2026-06-12 14:07:33,615 - INFO - [2022EE] MISSING_CENTRAL: SR3Mu/Central/jets/4/pt in Skim_TriLep_DYJets10to50.root
2026-06-12 14:07:33,616 - INFO - [2022EE] MISSING_CENTRAL: SR3Mu/Central/jets/4/pt in Skim_TriLep_TTG_PTG10to100.root
2026-06-12 14:07:33,616 - INFO - [2022EE] MISSING_CENTRAL: SR3Mu/Central/jets/4/pt in Skim_TriLep_TTG_PTG100to200.root
2026-06-12 14:07:33,617 - INFO - [2022EE] MISSING_CENTRAL: SR3Mu/Central/jets/4/pt in Skim_TriLep_TTG_PTG200toInf.root
2026-06-12 14:07:33,695 - INFO - [2022EE] MISSING_CENTRAL: SR3Mu/Central/jets/4/pt in Skim_TriLep_WZTo3LNu_powheg.root
2026-06-12 14:07:33,723 - INFO - [2022EE] MISSING_CENTRAL: SR3Mu/Central/jets/4/pt in Skim_TriLep_WWW.root
2026-06-12 14:07:33,794 - INFO - [2022EE] MISSING_CENTRAL: SR3Mu/Central/jets/4/pt in Skim_TriLep_ggHToZZTo4L.root
2026-06-12 14:30:07,216 - INFO - [2022EE] MISSING_CENTRAL: SR3Mu/Central/jets/4/pt in Skim_TriLep_Muon_E.root
2026-06-12 14:30:07,291 - INFO - [2022EE] MISSING_CENTRAL: SR3Mu/Central/jets/4/pt in Skim_TriLep_Muon_E.root
2026-06-12 14:30:07,298 - INFO - [2022EE] MISSING_CENTRAL: SR3Mu/Central/jets/4/pt in Skim_TriLep_DYJets.root
2026-06-12 14:30:07,299 - INFO - [2022EE] MISSING_CENTRAL: SR3Mu/Central/jets/4/pt in Skim_TriLep_DYJets10to50.root
2026-06-12 14:30:07,299 - INFO - [2022EE] MISSING_CENTRAL: SR3Mu/Central/jets/4/pt in Skim_TriLep_TTG_PTG10to100.root
2026-06-12 14:30:07,300 - INFO - [2022EE] MISSING_CENTRAL: SR3Mu/Central/jets/4/pt in Skim_TriLep_TTG_PTG100to200.root
2026-06-12 14:30:07,300 - INFO - [2022EE] MISSING_CENTRAL: SR3Mu/Central/jets/4/pt in Skim_TriLep_TTG_PTG200toInf.root
2026-06-12 14:30:07,376 - INFO - [2022EE] MISSING_CENTRAL: SR3Mu/Central/jets/4/pt in Skim_TriLep_WZTo3LNu_powheg.root
2026-06-12 14:30:07,404 - INFO - [2022EE] MISSING_CENTRAL: SR3Mu/Central/jets/4/pt in Skim_TriLep_WWW.root
2026-06-12 14:30:07,469 - INFO - [2022EE] MISSING_CENTRAL: SR3Mu/Central/jets/4/pt in Skim_TriLep_ggHToZZTo4L.root
2026-06-18 00:24:38,187 - INFO - [2022EE] MISSING_CENTRAL: SR3Mu/Central/jets/4/pt in Skim_TriLep_Muon_E.root
2026-06-18 00:24:38,260 - INFO - [2022EE] MISSING_CENTRAL: SR3Mu/Central/jets/4/pt in Skim_TriLep_Muon_E.root
2026-06-18 00:24:38,268 - INFO - [2022EE] MISSING_CENTRAL: SR3Mu/Central/jets/4/pt in Skim_TriLep_DYJets.root
2026-06-18 00:24:38,268 - INFO - [2022EE] MISSING_CENTRAL: SR3Mu/Central/jets/4/pt in Skim_TriLep_DYJets10to50.root
2026-06-18 00:24:38,269 - INFO - [2022EE] MISSING_CENTRAL: SR3Mu/Central/jets/4/pt in Skim_TriLep_TTG_PTG10to100.root
2026-06-18 00:24:38,270 - INFO - [2022EE] MISSING_CENTRAL: SR3Mu/Central/jets/4/pt in Skim_TriLep_TTG_PTG100to200.root
2026-06-18 00:24:38,270 - INFO - [2022EE] MISSING_CENTRAL: SR3Mu/Central/jets/4/pt in Skim_TriLep_TTG_PTG200toInf.root
2026-06-18 00:24:38,348 - INFO - [2022EE] MISSING_CENTRAL: SR3Mu/Central/jets/4/pt in Skim_TriLep_WZTo3LNu_powheg.root
2026-06-18 00:24:38,376 - INFO - [2022EE] MISSING_CENTRAL: SR3Mu/Central/jets/4/pt in Skim_TriLep_WWW.root
2026-06-18 00:24:38,460 - INFO - [2022EE] MISSING_CENTRAL: SR3Mu/Central/jets/4/pt in Skim_TriLep_ggHToZZTo4L.root
2026-07-01 17:39:07,066 - INFO - [2022EE] MISSING_CENTRAL: SR3Mu/Central/jets/4/pt in Skim_TriLep_Muon_E.root
2026-07-01 17:39:07,165 - INFO - [2022EE] MISSING_CENTRAL: SR3Mu/Central/jets/4/pt in Skim_TriLep_Muon_E.root
2026-07-01 17:39:07,178 - INFO - [2022EE] MISSING_CENTRAL: SR3Mu/Central/jets/4/pt in Skim_TriLep_DYJets.root
2026-07-01 17:39:07,179 - INFO - [2022EE] MISSING_CENTRAL: SR3Mu/Central/jets/4/pt in Skim_TriLep_DYJets10to50.root
2026-07-01 17:39:07,181 - INFO - [2022EE] MISSING_CENTRAL: SR3Mu/Central/jets/4/pt in Skim_TriLep_TTG_PTG10to100.root
2026-07-01 17:39:07,182 - INFO - [2022EE] MISSING_CENTRAL: SR3Mu/Central/jets/4/pt in Skim_TriLep_TTG_PTG100to200.root
2026-07-01 17:39:07,183 - INFO - [2022EE] MISSING_CENTRAL: SR3Mu/Central/jets/4/pt in Skim_TriLep_TTG_PTG200toInf.root
2026-07-01 17:39:07,334 - INFO - [2022EE] MISSING_CENTRAL: SR3Mu/Central/jets/4/pt in Skim_TriLep_WZTo3LNu_powheg.root
2026-07-01 17:39:07,486 - INFO - [2022EE] MISSING_CENTRAL: SR3Mu/Central/jets/4/pt in Skim_TriLep_WWW.root
2026-07-01 17:39:07,612 - INFO - [2022EE] MISSING_CENTRAL: SR3Mu/Central/jets/4/pt in Skim_TriLep_ggHToZZTo4L.root
2026-07-21 19:35:36,866 - INFO - [2022EE] MISSING_CENTRAL: SR3Mu/Central/jets/4/pt in Skim_TriLep_Muon_E.root
2026-07-21 19:35:36,937 - INFO - [2022EE] MISSING_CENTRAL: SR3Mu/Central/jets/4/pt in Skim_TriLep_Muon_E.root
2026-07-21 19:35:36,945 - INFO - [2022EE] MISSING_CENTRAL: SR3Mu/Central/jets/4/pt in Skim_TriLep_DYJets.root
2026-07-21 19:35:36,946 - INFO - [2022EE] MISSING_CENTRAL: SR3Mu/Central/jets/4/pt in Skim_TriLep_DYJets10to50.root
2026-07-21 19:35:36,946 - INFO - [2022EE] MISSING_CENTRAL: SR3Mu/Central/jets/4/pt in Skim_TriLep_TTG_PTG10to100.root
2026-07-21 19:35:36,946 - INFO - [2022EE] MISSING_CENTRAL: SR3Mu/Central/jets/4/pt in Skim_TriLep_TTG_PTG100to200.root
2026-07-21 19:35:36,947 - INFO - [2022EE] MISSING_CENTRAL: SR3Mu/Central/jets/4/pt in Skim_TriLep_TTG_PTG200toInf.root
2026-07-21 19:35:37,959 - INFO - [2022EE] MISSING_CENTRAL: SR3Mu/Central/jets/4/pt in Skim_TriLep_WZTo3LNu_powheg.root
2026-07-21 19:35:38,936 - INFO - [2022EE] MISSING_CENTRAL: SR3Mu/Central/jets/4/pt in Skim_TriLep_WWW.root
2026-07-21 19:35:39,351 - INFO - [2022EE] MISSING_CENTRAL: SR3Mu/Central/jets/4/pt in Skim_TriLep_ggHToZZTo4L.root
2026-08-18 18:21:05,033 - INFO - [2022EE] MISSING_CENTRAL: SR3Mu/Central/jets/4/pt in Skim_TriLep_Muon_E.root
2026-08-18 18:21:05,101 - INFO - [2022EE] MISSING_CENTRAL: SR3Mu/Central/jets/4/pt in Skim_TriLep_Muon_E.root
2026-08-18 18:21:05,109 - INFO - [2022EE] MISSING_CENTRAL: SR3Mu/Central/jets/4/pt in Skim_TriLep_DYJets.root
2026-08-18 18:21:05,110 - INFO - [2022EE] MISSING_CENTRAL: SR3Mu/Central/jets/4/pt in Skim_TriLep_DYJets10to50.root
2026-08-18 18:21:05,110 - INFO - [2022EE] MISSING_CENTRAL: SR3Mu/Central/jets/4/pt in Skim_TriLep_TTG_PTG10to100.root
2026-08-18 18:21:05,111 - INFO - [2022EE] MISSING_CENTRAL: SR3Mu/Central/jets/4/pt in Skim_TriLep_TTG_PTG100to200.root
2026-08-18 18:21:05,111 - INFO - [2022EE] MISSING_CENTRAL: SR3Mu/Central/jets/4/pt in Skim_TriLep_TTG_PTG200toInf.root
2026-08-18 18:21:05,927 - INFO - [2022EE] MISSING_CENTRAL: SR3Mu/Central/jets/4/pt in Skim_TriLep_WZTo3LNu_powheg.root
2026-08-18 18:21:07,115 - INFO - [2022EE] MISSING_CENTRAL: SR3Mu/Central/jets/4/pt in Skim_TriLep_WWW.root
2026-08-18 18:21:07,377 - INFO - [2022EE] MISSING_CENTRAL: SR3Mu/Central/jets/4/pt in Skim_TriLep_ggHToZZTo4L.root
2026-08-19 10:13:54,693 - INFO - [2022EE] MISSING_CENTRAL: SR3Mu/Central/jets/4/pt in Skim_TriLep_Muon_E.root
2026-08-19 10:13:54,768 - INFO - [2022EE] MISSING_CENTRAL: SR3Mu/Central/jets/4/pt in Skim_TriLep_Muon_E.root
2026-08-19 10:13:54,779 - INFO - [2022EE] MISSING_CENTRAL: SR3Mu/Central/jets/4/pt in Skim_TriLep_DYJets.root
2026-08-19 10:13:54,780 - INFO - [2022EE] MISSING_CENTRAL: SR3Mu/Central/jets/4/pt in Skim_TriLep_DYJets10to50.root
2026-08-19 10:13:54,781 - INFO - [2022EE] MISSING_CENTRAL: SR3Mu/Central/jets/4/pt in Skim_TriLep_TTG_PTG10to100.root
2026-08-19 10:13:54,782 - INFO - [2022EE] MISSING_CENTRAL: SR3Mu/Central/jets/4/pt in Skim_TriLep_TTG_PTG100to200.root
2026-08-19 10:13:54,783 - INFO - [2022EE] MISSING_CENTRAL: SR3Mu/Central/jets/4/pt in Skim_TriLep_TTG_PTG200toInf.root
2026-08-19 10:13:55,652 - INFO - [2022EE] MISSING_CENTRAL: SR3Mu/Central/jets/4/pt in Skim_TriLep_WZTo3LNu_powheg.root
2026-08-19 10:13:56,567 - INFO - [2022EE] MISSING_CENTRAL: SR3Mu/Central/jets/4/pt in Skim_TriLep_WWW.root
2026-08-19 10:13:56,870 - INFO - [2022EE] MISSING_CENTRAL: SR3Mu/Central/jets/4/pt in Skim_TriLep_ggHToZZTo4L.root
