2025-09-24 16:00:09,976 - INFO - [2022EE] MISSING_CENTRAL: SR3Mu/Central/jets/3/energy in Skim_TriLep_DYJets.root
2025-09-24 16:00:09,976 - INFO - [2022EE] MISSING_CENTRAL: SR3Mu/Central/jets/3/energy in Skim_TriLep_DYJets10to50.root
2025-09-24 16:00:10,017 - INFO - [2022EE] MISSING_CENTRAL: SR3Mu/Central/jets/3/energy in Skim_TriLep_DYGTo2LG_MLL4to50_PTG100to200.root
2025-09-24 16:00:10,017 - INFO - [2022EE] MISSING_CENTRAL: SR3Mu/Central/jets/3/energy in Skim_TriLep_DYGTo2LG_MLL4to50_PTG200toInf.root
2025-09-24 16:00:10,048 - INFO - [2022EE] MISSING_CENTRAL: SR3Mu/Central/jets/3/energy in Skim_TriLep_DYGTo2LG_MLL50_PTG100to200.root
2025-09-24 16:00:10,049 - INFO - [2022EE] MISSING_CENTRAL: SR3Mu/Central/jets/3/energy in Skim_TriLep_DYGTo2LG_MLL50_PTG200toInf.root
2025-09-24 16:00:10,067 - INFO - [2022EE] MISSING_CENTRAL: SR3Mu/Central/jets/3/energy in Skim_TriLep_TTG_PTG100to200.root
2025-10-02 21:19:36,761 - INFO - [2022EE] MISSING_CENTRAL: SR3Mu/Central/jets/3/energy in Skim_TriLep_DYJets.root
2025-10-02 21:19:36,762 - INFO - [2022EE] MISSING_CENTRAL: SR3Mu/Central/jets/3/energy in Skim_TriLep_DYJets10to50.root
2025-10-02 21:19:36,797 - INFO - [2022EE] MISSING_CENTRAL: SR3Mu/Central/jets/3/energy in Skim_TriLep_DYGTo2LG_MLL4to50_PTG100to200.root
2025-10-02 21:19:36,798 - INFO - [2022EE] MISSING_CENTRAL: SR3Mu/Central/jets/3/energy in Skim_TriLep_DYGTo2LG_MLL4to50_PTG200toInf.root
2025-10-02 21:19:36,875 - INFO - [2022EE] MISSING_CENTRAL: SR3Mu/Central/jets/3/energy in Skim_TriLep_DYGTo2LG_MLL50_PTG100to200.root
2025-10-02 21:19:36,887 - INFO - [2022EE] MISSING_CENTRAL: SR3Mu/Central/jets/3/energy in Skim_TriLep_DYGTo2LG_MLL50_PTG200toInf.root
2025-10-02 21:19:36,930 - INFO - [2022EE] MISSING_CENTRAL: SR3Mu/Central/jets/3/energy in Skim_TriLep_TTG_PTG100to200.root
2025-10-03 00:28:13,024 - INFO - [2022EE] MISSING_CENTRAL: SR3Mu/Central/jets/3/energy in Skim_TriLep_DYJets.root
2025-10-03 00:28:13,026 - INFO - [2022EE] MISSING_CENTRAL: SR3Mu/Central/jets/3/energy in Skim_TriLep_DYJets10to50.root
2025-10-03 00:28:13,065 - INFO - [2022EE] MISSING_CENTRAL: SR3Mu/Central/jets/3/energy in Skim_TriLep_DYGTo2LG_MLL4to50_PTG100to200.root
2025-10-03 00:28:13,066 - INFO - [2022EE] MISSING_CENTRAL: SR3Mu/Central/jets/3/energy in Skim_TriLep_DYGTo2LG_MLL4to50_PTG200toInf.root
2025-10-03 00:28:13,094 - INFO - [2022EE] MISSING_CENTRAL: SR3Mu/Central/jets/3/energy in Skim_TriLep_DYGTo2LG_MLL50_PTG100to200.root
2025-10-03 00:28:13,094 - INFO - [2022EE] MISSING_CENTRAL: SR3Mu/Central/jets/3/energy in Skim_TriLep_DYGTo2LG_MLL50_PTG200toInf.root
2025-10-03 00:28:13,116 - INFO - [2022EE] MISSING_CENTRAL: SR3Mu/Central/jets/3/energy in Skim_TriLep_TTG_PTG100to200.root
2025-11-07 13:11:15,952 - INFO - [2022EE] MISSING_FILE: /home/choij/Sync/workspace/ChargedHiggsAnalysisV3/SKNanoOutput/PromptSelector/Run3Mu/2022EE/Skim_TriLep_Muon_E.root
2025-11-07 13:11:15,952 - INFO - [2022EE] MISSING_FILE: /home/choij/Sync/workspace/ChargedHiggsAnalysisV3/SKNanoOutput/PromptSelector/Run3Mu/2022EE/Skim_TriLep_Muon_F.root
2025-11-07 13:11:15,952 - INFO - [2022EE] MISSING_FILE: /home/choij/Sync/workspace/ChargedHiggsAnalysisV3/SKNanoOutput/PromptSelector/Run3Mu/2022EE/Skim_TriLep_Muon_G.root
2025-11-07 14:08:52,918 - INFO - [2022EE] MISSING_FILE: /home/choij/Sync/workspace/ChargedHiggsAnalysisV3/SKNanoOutput/PromptSelector/Run3Mu/2022EE/Skim_TriLep_Muon_E.root
2025-11-07 14:08:52,919 - INFO - [2022EE] MISSING_FILE: /home/choij/Sync/workspace/ChargedHiggsAnalysisV3/SKNanoOutput/PromptSelector/Run3Mu/2022EE/Skim_TriLep_Muon_F.root
2025-11-07 14:08:52,919 - INFO - [2022EE] MISSING_FILE: /home/choij/Sync/workspace/ChargedHiggsAnalysisV3/SKNanoOutput/PromptSelector/Run3Mu/2022EE/Skim_TriLep_Muon_G.root
2025-11-10 12:24:33,583 - INFO - [2022EE] MISSING_FILE: /home/choij/Sync/workspace/ChargedHiggsAnalysisV3/SKNanoOutput/PromptSelector/Run3Mu/2022EE/Skim_TriLep_Muon_F.root
2025-11-10 12:24:33,667 - INFO - [2022EE] MISSING_CENTRAL: SR3Mu/Central/jets/3/energy in Skim_TriLep_DYJets.root
2025-11-10 12:24:33,668 - INFO - [2022EE] MISSING_CENTRAL: SR3Mu/Central/jets/3/energy in Skim_TriLep_DYJets10to50.root
2025-11-10 12:24:33,689 - INFO - [2022EE] MISSING_CENTRAL: SR3Mu/Central/jets/3/energy in Skim_TriLep_DYGTo2LG_MLL4to50_PTG100to200.root
2025-11-10 12:24:33,690 - INFO - [2022EE] MISSING_CENTRAL: SR3Mu/Central/jets/3/energy in Skim_TriLep_DYGTo2LG_MLL4to50_PTG200toInf.root
2025-11-10 12:24:33,700 - INFO - [2022EE] MISSING_CENTRAL: SR3Mu/Central/jets/3/energy in Skim_TriLep_DYGTo2LG_MLL50_PTG100to200.root
2025-11-10 12:24:33,701 - INFO - [2022EE] MISSING_CENTRAL: SR3Mu/Central/jets/3/energy in Skim_TriLep_DYGTo2LG_MLL50_PTG200toInf.root
2025-11-10 12:24:33,712 - INFO - [2022EE] MISSING_CENTRAL: SR3Mu/Central/jets/3/energy in Skim_TriLep_TTG_PTG100to200.root
2025-11-13 11:14:30,741 - INFO - [2022EE] MISSING_CENTRAL: SR3Mu/Central/jets/3/energy in Skim_TriLep_DYJets.root
2025-11-13 11:14:30,742 - INFO - [2022EE] MISSING_CENTRAL: SR3Mu/Central/jets/3/energy in Skim_TriLep_DYJets10to50.root
2025-11-13 11:14:30,785 - INFO - [2022EE] MISSING_CENTRAL: SR3Mu/Central/jets/3/energy in Skim_TriLep_DYGTo2LG_MLL4to50_PTG100to200.root
2025-11-13 11:14:30,787 - INFO - [2022EE] MISSING_CENTRAL: SR3Mu/Central/jets/3/energy in Skim_TriLep_DYGTo2LG_MLL4to50_PTG200toInf.root
2025-11-13 11:14:30,839 - INFO - [2022EE] MISSING_CENTRAL: SR3Mu/Central/jets/3/energy in Skim_TriLep_DYGTo2LG_MLL50_PTG100to200.root
2025-11-13 11:14:30,842 - INFO - [2022EE] MISSING_CENTRAL: SR3Mu/Central/jets/3/energy in Skim_TriLep_DYGTo2LG_MLL50_PTG200toInf.root
2025-11-13 11:14:30,877 - INFO - [2022EE] MISSING_CENTRAL: SR3Mu/Central/jets/3/energy in Skim_TriLep_TTG_PTG100to200.root
2025-11-13 19:55:28,430 - INFO - [2022EE] MISSING_CENTRAL: SR3Mu/Central/jets/3/energy in Skim_TriLep_DYJets.root
2025-11-13 19:55:28,431 - INFO - [2022EE] MISSING_CENTRAL: SR3Mu/Central/jets/3/energy in Skim_TriLep_DYJets10to50.root
2025-11-13 19:55:28,467 - INFO - [2022EE] MISSING_CENTRAL: SR3Mu/Central/jets/3/energy in Skim_TriLep_DYGTo2LG_MLL4to50_PTG100to200.root
2025-11-13 19:55:28,467 - INFO - [2022EE] MISSING_CENTRAL: SR3Mu/Central/jets/3/energy in Skim_TriLep_DYGTo2LG_MLL4to50_PTG200toInf.root
2025-11-13 19:55:28,487 - INFO - [2022EE] MISSING_CENTRAL: SR3Mu/Central/jets/3/energy in Skim_TriLep_DYGTo2LG_MLL50_PTG100to200.root
2025-11-13 19:55:28,491 - INFO - [2022EE] MISSING_CENTRAL: SR3Mu/Central/jets/3/energy in Skim_TriLep_DYGTo2LG_MLL50_PTG200toInf.root
2025-11-13 19:55:28,507 - INFO - [2022EE] MISSING_CENTRAL: SR3Mu/Central/jets/3/energy in Skim_TriLep_TTG_PTG100to200.root
2025-11-13 20:02:22,847 - INFO - [2022EE] MISSING_CENTRAL: SR3Mu/Central/jets/3/energy in Skim_TriLep_DYJets.root
2025-11-13 20:02:22,848 - INFO - [2022EE] MISSING_CENTRAL: SR3Mu/Central/jets/3/energy in Skim_TriLep_DYJets10to50.root
2025-11-13 20:02:22,862 - INFO - [2022EE] MISSING_CENTRAL: SR3Mu/Central/jets/3/energy in Skim_TriLep_DYGTo2LG_MLL4to50_PTG100to200.root
2025-11-13 20:02:22,862 - INFO - [2022EE] MISSING_CENTRAL: SR3Mu/Central/jets/3/energy in Skim_TriLep_DYGTo2LG_MLL4to50_PTG200toInf.root
2025-11-13 20:02:22,873 - INFO - [2022EE] MISSING_CENTRAL: SR3Mu/Central/jets/3/energy in Skim_TriLep_DYGTo2LG_MLL50_PTG100to200.root
2025-11-13 20:02:22,874 - INFO - [2022EE] MISSING_CENTRAL: SR3Mu/Central/jets/3/energy in Skim_TriLep_DYGTo2LG_MLL50_PTG200toInf.root
2025-11-13 20:02:22,884 - INFO - [2022EE] MISSING_CENTRAL: SR3Mu/Central/jets/3/energy in Skim_TriLep_TTG_PTG100to200.root
2025-11-19 16:27:01,290 - INFO - [2022EE] MISSING_CENTRAL: SR3Mu/Central/jets/3/energy in Skim_TriLep_DYJets.root
2025-11-19 16:27:01,290 - INFO - [2022EE] MISSING_CENTRAL: SR3Mu/Central/jets/3/energy in Skim_TriLep_DYJets10to50.root
2025-11-19 16:27:01,303 - INFO - [2022EE] MISSING_CENTRAL: SR3Mu/Central/jets/3/energy in Skim_TriLep_DYGTo2LG_MLL4to50_PTG100to200.root
2025-11-19 16:27:01,304 - INFO - [2022EE] MISSING_CENTRAL: SR3Mu/Central/jets/3/energy in Skim_TriLep_DYGTo2LG_MLL4to50_PTG200toInf.root
2025-11-19 16:27:01,313 - INFO - [2022EE] MISSING_CENTRAL: SR3Mu/Central/jets/3/energy in Skim_TriLep_DYGTo2LG_MLL50_PTG100to200.root
2025-11-19 16:27:01,314 - INFO - [2022EE] MISSING_CENTRAL: SR3Mu/Central/jets/3/energy in Skim_TriLep_DYGTo2LG_MLL50_PTG200toInf.root
2025-11-19 16:27:01,324 - INFO - [2022EE] MISSING_CENTRAL: SR3Mu/Central/jets/3/energy in Skim_TriLep_TTG_PTG100to200.root
2025-12-17 22:41:47,402 - INFO - [2022EE] MISSING_CENTRAL: SR3Mu/Central/jets/3/energy in Skim_TriLep_DYJets10to50.root
2025-12-17 22:41:47,449 - INFO - [2022EE] MISSING_CENTRAL: SR3Mu/Central/jets/3/energy in Skim_TriLep_TTG_PTG100to200.root
2025-12-18 14:26:54,525 - INFO - [2022EE] MISSING_CENTRAL: SR3Mu/Central/jets/3/energy in Skim_TriLep_DYJets10to50.root
2025-12-18 14:26:54,559 - INFO - [2022EE] MISSING_CENTRAL: SR3Mu/Central/jets/3/energy in Skim_TriLep_TTG_PTG100to200.root
2025-12-18 14:42:15,119 - INFO - [2022EE] MISSING_CENTRAL: SR3Mu/Central/jets/3/energy in Skim_TriLep_DYJets10to50.root
2025-12-18 14:42:15,211 - INFO - [2022EE] MISSING_CENTRAL: SR3Mu/Central/jets/3/energy in Skim_TriLep_TTG_PTG100to200.root
2026-01-07 11:51:30,477 - INFO - [2022EE] MISSING_CENTRAL: SR3Mu/Central/jets/3/energy in Skim_TriLep_DYJets10to50.root
2026-01-07 11:51:30,492 - INFO - [2022EE] MISSING_CENTRAL: SR3Mu/Central/jets/3/energy in Skim_TriLep_TTG_PTG100to200.root
2026-01-07 18:48:09,112 - INFO - [2022EE] MISSING_CENTRAL: SR3Mu/Central/jets/3/energy in Skim_TriLep_DYJets10to50.root
2026-01-07 18:48:09,167 - INFO - [2022EE] MISSING_CENTRAL: SR3Mu/Central/jets/3/energy in Skim_TriLep_TTG_PTG100to200.root
2026-01-07 19:30:20,028 - INFO - [2022EE] MISSING_CENTRAL: SR3Mu/Central/jets/3/energy in Skim_TriLep_DYJets10to50.root
2026-01-07 19:30:20,096 - INFO - [2022EE] MISSING_CENTRAL: SR3Mu/Central/jets/3/energy in Skim_TriLep_TTG_PTG100to200.root
2026-01-09 12:22:43,415 - INFO - [2022EE] MISSING_CENTRAL: SR3Mu/Central/jets/3/energy in Skim_TriLep_DYJets10to50.root
2026-01-09 12:22:43,426 - INFO - [2022EE] MISSING_CENTRAL: SR3Mu/Central/jets/3/energy in Skim_TriLep_TTG_PTG100to200.root
2026-01-11 09:42:45,943 - INFO - [2022EE] MISSING_CENTRAL: SR3Mu/Central/jets/3/energy in Skim_TriLep_DYJets10to50.root
2026-01-11 09:42:45,953 - INFO - [2022EE] MISSING_CENTRAL: SR3Mu/Central/jets/3/energy in Skim_TriLep_TTG_PTG100to200.root
2026-01-12 13:51:30,447 - INFO - [2022EE] MISSING_FILE: /home/choij/Sync/workspace/ChargedHiggsAnalysisV3/SKNanoOutput/MatrixSelector/Run3Mu/2022EE/Skim_TriLep_Muon_E.root
2026-01-12 13:51:30,447 - INFO - [2022EE] MISSING_FILE: /home/choij/Sync/workspace/ChargedHiggsAnalysisV3/SKNanoOutput/MatrixSelector/Run3Mu/2022EE/Skim_TriLep_Muon_F.root
2026-01-12 13:51:30,447 - INFO - [2022EE] MISSING_FILE: /home/choij/Sync/workspace/ChargedHiggsAnalysisV3/SKNanoOutput/MatrixSelector/Run3Mu/2022EE/Skim_TriLep_Muon_G.root
2026-01-12 13:51:30,475 - INFO - [2022EE] MISSING_CENTRAL: SR3Mu/Central/jets/3/energy in Skim_TriLep_DYJets10to50.root
2026-01-12 13:51:30,486 - INFO - [2022EE] MISSING_CENTRAL: SR3Mu/Central/jets/3/energy in Skim_TriLep_TTG_PTG100to200.root
2026-01-16 19:06:25,240 - INFO - [2022EE] MISSING_CENTRAL: SR3Mu/Central/jets/3/energy in Skim_TriLep_DYJets10to50.root
2026-01-16 19:06:25,252 - INFO - [2022EE] MISSING_CENTRAL: SR3Mu/Central/jets/3/energy in Skim_TriLep_TTG_PTG100to200.root
2026-01-28 17:04:23,626 - INFO - [2022EE] MISSING_CENTRAL: SR3Mu/Central/jets/3/energy in Skim_TriLep_DYJets10to50.root
2026-01-28 17:04:23,648 - INFO - [2022EE] MISSING_CENTRAL: SR3Mu/Central/jets/3/energy in Skim_TriLep_TTG_PTG100to200.root
2026-01-28 17:25:04,293 - INFO - [2022EE] MISSING_CENTRAL: SR3Mu/Central/jets/3/energy in Skim_TriLep_DYJets10to50.root
2026-01-28 17:25:04,316 - INFO - [2022EE] MISSING_CENTRAL: SR3Mu/Central/jets/3/energy in Skim_TriLep_TTG_PTG100to200.root
2026-01-28 19:58:37,612 - INFO - [2022EE] MISSING_CENTRAL: SR3Mu/Central/jets/3/energy in Skim_TriLep_DYJets10to50.root
2026-01-28 19:58:37,635 - INFO - [2022EE] MISSING_CENTRAL: SR3Mu/Central/jets/3/energy in Skim_TriLep_TTG_PTG100to200.root
2026-01-29 07:15:34,797 - INFO - [2022EE] MISSING_CENTRAL: SR3Mu/Central/jets/3/energy in Skim_TriLep_DYJets10to50.root
2026-01-29 07:15:34,813 - INFO - [2022EE] MISSING_CENTRAL: SR3Mu/Central/jets/3/energy in Skim_TriLep_TTG_PTG100to200.root
2026-03-06 09:42:25,947 - INFO - [2022EE] MISSING_CENTRAL: SR3Mu/Central/jets/3/energy in Skim_TriLep_DYJets10to50.root
2026-03-06 09:42:25,962 - INFO - [2022EE] MISSING_CENTRAL: SR3Mu/Central/jets/3/energy in Skim_TriLep_TTG_PTG100to200.root
2026-03-06 19:48:12,414 - INFO - [2022EE] MISSING_CENTRAL: SR3Mu/Central/jets/3/energy in Skim_TriLep_DYJets10to50.root
2026-03-06 19:48:12,429 - INFO - [2022EE] MISSING_CENTRAL: SR3Mu/Central/jets/3/energy in Skim_TriLep_TTG_PTG100to200.root
2026-04-10 20:23:09,415 - INFO - [2022EE] MISSING_CENTRAL: SR3Mu/Central/jets/3/energy in Skim_TriLep_DYJets10to50.root
2026-04-10 20:23:09,430 - INFO - [2022EE] MISSING_CENTRAL: SR3Mu/Central/jets/3/energy in Skim_TriLep_TTG_PTG100to200.root
2026-04-12 11:38:25,839 - INFO - [2022EE] MISSING_CENTRAL: SR3Mu/Central/jets/3/energy in Skim_TriLep_DYJets10to50.root
2026-04-12 11:38:25,856 - INFO - [2022EE] MISSING_CENTRAL: SR3Mu/Central/jets/3/energy in Skim_TriLep_TTG_PTG100to200.root
2026-04-12 12:20:17,161 - INFO - [2022EE] MISSING_CENTRAL: SR3Mu/Central/jets/3/energy in Skim_TriLep_DYJets10to50.root
2026-04-12 12:20:17,175 - INFO - [2022EE] MISSING_CENTRAL: SR3Mu/Central/jets/3/energy in Skim_TriLep_TTG_PTG100to200.root
2026-04-12 12:39:56,223 - INFO - [2022EE] MISSING_CENTRAL: SR3Mu/Central/jets/3/energy in Skim_TriLep_DYJets10to50.root
2026-04-12 12:39:56,239 - INFO - [2022EE] MISSING_CENTRAL: SR3Mu/Central/jets/3/energy in Skim_TriLep_TTG_PTG100to200.root
2026-04-12 20:48:04,176 - INFO - [2022EE] MISSING_CENTRAL: SR3Mu/Central/jets/3/energy in Skim_TriLep_DYJets10to50.root
2026-04-12 20:48:04,190 - INFO - [2022EE] MISSING_CENTRAL: SR3Mu/Central/jets/3/energy in Skim_TriLep_TTG_PTG100to200.root
2026-04-12 21:19:37,628 - INFO - [2022EE] MISSING_CENTRAL: SR3Mu/Central/jets/3/energy in Skim_TriLep_DYJets10to50.root
2026-04-12 21:19:37,644 - INFO - [2022EE] MISSING_CENTRAL: SR3Mu/Central/jets/3/energy in Skim_TriLep_TTG_PTG100to200.root
2026-04-13 12:57:21,943 - INFO - [2022EE] MISSING_CENTRAL: SR3Mu/Central/jets/3/energy in Skim_TriLep_DYJets10to50.root
2026-04-13 12:57:21,962 - INFO - [2022EE] MISSING_CENTRAL: SR3Mu/Central/jets/3/energy in Skim_TriLep_TTG_PTG100to200.root
2026-04-16 17:31:13,339 - INFO - [2022EE] MISSING_CENTRAL: SR3Mu/Central/jets/3/energy in Skim_TriLep_DYJets10to50.root
2026-04-16 17:31:13,375 - INFO - [2022EE] MISSING_CENTRAL: SR3Mu/Central/jets/3/energy in Skim_TriLep_TTG_PTG100to200.root
2026-04-16 17:39:53,616 - INFO - [2022EE] MISSING_CENTRAL: SR3Mu/Central/jets/3/energy in Skim_TriLep_DYJets10to50.root
2026-04-16 17:39:53,636 - INFO - [2022EE] MISSING_CENTRAL: SR3Mu/Central/jets/3/energy in Skim_TriLep_TTG_PTG100to200.root
2026-04-28 15:11:52,631 - INFO - [2022EE] MISSING_CENTRAL: SR3Mu/Central/jets/3/energy in Skim_TriLep_DYJets10to50.root
2026-04-28 15:11:52,650 - INFO - [2022EE] MISSING_CENTRAL: SR3Mu/Central/jets/3/energy in Skim_TriLep_TTG_PTG100to200.root
2026-05-04 17:01:11,410 - INFO - [2022EE] MISSING_CENTRAL: SR3Mu/Central/jets/3/energy in Skim_TriLep_DYJets10to50.root
2026-05-04 17:01:11,428 - INFO - [2022EE] MISSING_CENTRAL: SR3Mu/Central/jets/3/energy in Skim_TriLep_TTG_PTG100to200.root
2026-05-04 17:09:23,923 - INFO - [2022EE] MISSING_CENTRAL: SR3Mu/Central/jets/3/energy in Skim_TriLep_DYJets10to50.root
2026-05-04 17:09:23,942 - INFO - [2022EE] MISSING_CENTRAL: SR3Mu/Central/jets/3/energy in Skim_TriLep_TTG_PTG100to200.root
2026-05-28 15:38:01,982 - INFO - [2022EE] MISSING_CENTRAL: SR3Mu/Central/jets/3/energy in Skim_TriLep_DYJets10to50.root
2026-05-28 15:38:02,014 - INFO - [2022EE] MISSING_CENTRAL: SR3Mu/Central/jets/3/energy in Skim_TriLep_TTG_PTG100to200.root
2026-05-28 15:46:10,471 - INFO - [2022EE] MISSING_CENTRAL: SR3Mu/Central/jets/3/energy in Skim_TriLep_DYJets10to50.root
2026-05-28 15:46:10,504 - INFO - [2022EE] MISSING_CENTRAL: SR3Mu/Central/jets/3/energy in Skim_TriLep_TTG_PTG100to200.root
2026-05-29 15:28:54,042 - INFO - [2022EE] MISSING_CENTRAL: SR3Mu/Central/jets/3/energy in Skim_TriLep_DYJets10to50.root
2026-05-29 15:28:54,062 - INFO - [2022EE] MISSING_CENTRAL: SR3Mu/Central/jets/3/energy in Skim_TriLep_TTG_PTG100to200.root
2026-05-29 15:37:08,129 - INFO - [2022EE] MISSING_CENTRAL: SR3Mu/Central/jets/3/energy in Skim_TriLep_DYJets10to50.root
2026-05-29 15:37:08,148 - INFO - [2022EE] MISSING_CENTRAL: SR3Mu/Central/jets/3/energy in Skim_TriLep_TTG_PTG100to200.root
2026-05-29 18:20:05,868 - INFO - [2022EE] MISSING_CENTRAL: SR3Mu/Central/jets/3/energy in Skim_TriLep_DYJets10to50.root
2026-05-29 18:20:05,887 - INFO - [2022EE] MISSING_CENTRAL: SR3Mu/Central/jets/3/energy in Skim_TriLep_TTG_PTG100to200.root
2026-05-29 18:28:27,272 - INFO - [2022EE] MISSING_CENTRAL: SR3Mu/Central/jets/3/energy in Skim_TriLep_DYJets10to50.root
2026-05-29 18:28:27,290 - INFO - [2022EE] MISSING_CENTRAL: SR3Mu/Central/jets/3/energy in Skim_TriLep_TTG_PTG100to200.root
2026-06-12 14:07:33,601 - INFO - [2022EE] MISSING_CENTRAL: SR3Mu/Central/jets/3/energy in Skim_TriLep_DYJets10to50.root
2026-06-12 14:07:33,621 - INFO - [2022EE] MISSING_CENTRAL: SR3Mu/Central/jets/3/energy in Skim_TriLep_TTG_PTG100to200.root
2026-06-12 14:30:07,313 - INFO - [2022EE] MISSING_CENTRAL: SR3Mu/Central/jets/3/energy in Skim_TriLep_DYJets10to50.root
2026-06-12 14:30:07,337 - INFO - [2022EE] MISSING_CENTRAL: SR3Mu/Central/jets/3/energy in Skim_TriLep_TTG_PTG100to200.root
2026-06-18 00:24:38,231 - INFO - [2022EE] MISSING_CENTRAL: SR3Mu/Central/jets/3/energy in Skim_TriLep_DYJets10to50.root
2026-06-18 00:24:38,251 - INFO - [2022EE] MISSING_CENTRAL: SR3Mu/Central/jets/3/energy in Skim_TriLep_TTG_PTG100to200.root
2026-07-01 17:39:07,155 - INFO - [2022EE] MISSING_CENTRAL: SR3Mu/Central/jets/3/energy in Skim_TriLep_DYJets10to50.root
2026-07-01 17:39:07,185 - INFO - [2022EE] MISSING_CENTRAL: SR3Mu/Central/jets/3/energy in Skim_TriLep_TTG_PTG100to200.root
2026-07-21 19:35:36,873 - INFO - [2022EE] MISSING_CENTRAL: SR3Mu/Central/jets/3/energy in Skim_TriLep_DYJets10to50.root
2026-07-21 19:35:36,893 - INFO - [2022EE] MISSING_CENTRAL: SR3Mu/Central/jets/3/energy in Skim_TriLep_TTG_PTG100to200.root
2026-08-18 18:21:05,052 - INFO - [2022EE] MISSING_CENTRAL: SR3Mu/Central/jets/3/energy in Skim_TriLep_DYJets10to50.root
2026-08-18 18:21:05,075 - INFO - [2022EE] MISSING_CENTRAL: SR3Mu/Central/jets/3/energy in Skim_TriLep_TTG_PTG100to200.root
2026-08-19 10:13:54,939 - INFO - [2022EE] MISSING_CENTRAL: SR3Mu/Central/jets/3/energy in Skim_TriLep_DYJets10to50.root
2026-08-19 10:13:54,955 - INFO - [2022EE] MISSING_CENTRAL: SR3Mu/Central/jets/3/energy in Skim_TriLep_TTG_PTG100to200.root
