2026-06-23 22:45:48,141 - INFO - [2016preVFP] MISSING_SYSTEMATIC: WZ3Mu/UnclusteredEn_Up/ZCand/mass in Skim_TriLep_DYJets.root
2026-06-23 22:45:48,151 - INFO - [2016preVFP] MISSING_CENTRAL: WZ3Mu/Central/ZCand/mass in Skim_TriLep_DYJets10to50.root
2026-06-23 22:45:48,156 - INFO - [2016preVFP] MISSING_CENTRAL: WZ3Mu/Central/ZCand/mass in Skim_TriLep_TTG.root
2026-06-23 22:45:48,620 - INFO - [2016postVFP] MISSING_SYSTEMATIC: WZ3Mu/JetEn_Down/ZCand/mass in Skim_TriLep_DYJets.root
2026-06-23 22:45:48,633 - INFO - [2016postVFP] MISSING_CENTRAL: WZ3Mu/Central/ZCand/mass in Skim_TriLep_DYJets10to50.root
2026-06-23 22:45:48,638 - INFO - [2016postVFP] MISSING_CENTRAL: WZ3Mu/Central/ZCand/mass in Skim_TriLep_TTG.root
2026-06-23 22:45:49,144 - INFO - [2017] MISSING_CENTRAL: WZ3Mu/Central/ZCand/mass in Skim_TriLep_DYJets10to50.root
2026-06-23 22:45:49,671 - INFO - [2018] MISSING_CENTRAL: WZ3Mu/Central/ZCand/mass in Skim_TriLep_DYJets10to50.root
2026-06-23 22:45:50,178 - INFO - [2022] MISSING_CENTRAL: WZ3Mu/Central/ZCand/mass in Skim_TriLep_DYJets.root
2026-06-23 22:45:50,184 - INFO - [2022] MISSING_CENTRAL: WZ3Mu/Central/ZCand/mass in Skim_TriLep_DYJets10to50.root
2026-06-23 22:45:50,189 - INFO - [2022] MISSING_CENTRAL: WZ3Mu/Central/ZCand/mass in Skim_TriLep_TTG_PTG10to100.root
2026-06-23 22:45:50,194 - INFO - [2022] MISSING_CENTRAL: WZ3Mu/Central/ZCand/mass in Skim_TriLep_TTG_PTG100to200.root
2026-06-23 22:45:50,199 - INFO - [2022] MISSING_CENTRAL: WZ3Mu/Central/ZCand/mass in Skim_TriLep_TTG_PTG200toInf.root
2026-06-23 22:45:50,646 - INFO - [2022EE] MISSING_CENTRAL: WZ3Mu/Central/ZCand/mass in Skim_TriLep_DYJets.root
2026-06-23 22:45:50,652 - INFO - [2022EE] MISSING_CENTRAL: WZ3Mu/Central/ZCand/mass in Skim_TriLep_DYJets10to50.root
2026-06-23 22:45:51,281 - INFO - [2023] MISSING_CENTRAL: WZ3Mu/Central/ZCand/mass in Skim_TriLep_DYJets10to50.root
2026-06-23 22:45:51,307 - INFO - [2023] MISSING_CENTRAL: WZ3Mu/Central/ZCand/mass in Skim_TriLep_TTG_PTG100to200.root
2026-06-23 22:45:51,313 - INFO - [2023] MISSING_CENTRAL: WZ3Mu/Central/ZCand/mass in Skim_TriLep_TTG_PTG200toInf.root
2026-06-23 22:45:51,812 - INFO - [2023BPix] MISSING_CENTRAL: WZ3Mu/Central/ZCand/mass in Skim_TriLep_DYJets10to50.root
2026-06-23 22:45:51,839 - INFO - [2023BPix] MISSING_CENTRAL: WZ3Mu/Central/ZCand/mass in Skim_TriLep_TTG_PTG100to200.root
2026-06-23 22:45:51,845 - INFO - [2023BPix] MISSING_CENTRAL: WZ3Mu/Central/ZCand/mass in Skim_TriLep_TTG_PTG200toInf.root
2026-06-23 22:45:52,391 - INFO - [2016preVFP] MISSING_CENTRAL: TTZ2E1Mu/Central/ZCand/mass in Skim_TriLep_DYJets10to50.root
2026-06-23 22:45:52,994 - INFO - [2016postVFP] MISSING_CENTRAL: TTZ2E1Mu/Central/ZCand/mass in Skim_TriLep_DYJets.root
2026-06-23 22:45:53,001 - INFO - [2016postVFP] MISSING_CENTRAL: TTZ2E1Mu/Central/ZCand/mass in Skim_TriLep_DYJets10to50.root
2026-06-23 22:45:53,664 - INFO - [2017] MISSING_CENTRAL: TTZ2E1Mu/Central/ZCand/mass in Skim_TriLep_DYJets10to50.root
2026-06-23 22:45:54,317 - INFO - [2018] MISSING_CENTRAL: TTZ2E1Mu/Central/ZCand/mass in Skim_TriLep_DYJets10to50.root
2026-06-23 22:45:54,931 - INFO - [2022] MISSING_CENTRAL: TTZ2E1Mu/Central/ZCand/mass in Skim_TriLep_DYJets.root
2026-06-23 22:45:54,938 - INFO - [2022] MISSING_CENTRAL: TTZ2E1Mu/Central/ZCand/mass in Skim_TriLep_DYJets10to50.root
2026-06-23 22:45:55,621 - INFO - [2022EE] MISSING_CENTRAL: TTZ2E1Mu/Central/ZCand/mass in Skim_TriLep_DYJets10to50.root
2026-06-23 22:45:56,000 - INFO - [2022EE] MISSING_CENTRAL: TTZ2E1Mu/Central/ZCand/mass in Skim_TriLep_WWW.root
2026-06-23 22:45:56,281 - INFO - [2023] MISSING_CENTRAL: TTZ2E1Mu/Central/ZCand/mass in Skim_TriLep_DYJets.root
2026-06-23 22:45:56,289 - INFO - [2023] MISSING_CENTRAL: TTZ2E1Mu/Central/ZCand/mass in Skim_TriLep_DYJets10to50.root
2026-06-23 22:45:56,678 - INFO - [2023] MISSING_CENTRAL: TTZ2E1Mu/Central/ZCand/mass in Skim_TriLep_WWW.root
2026-06-23 22:45:56,955 - INFO - [2023BPix] MISSING_CENTRAL: TTZ2E1Mu/Central/ZCand/mass in Skim_TriLep_DYJets10to50.root
2026-06-23 22:50:43,166 - INFO - [2016preVFP] MISSING_SYSTEMATIC: WZ3Mu/UnclusteredEn_Up/ZCand/mass in Skim_TriLep_DYJets.root
2026-06-23 22:50:43,174 - INFO - [2016preVFP] MISSING_CENTRAL: WZ3Mu/Central/ZCand/mass in Skim_TriLep_DYJets10to50.root
2026-06-23 22:50:43,174 - INFO - [2016preVFP] MISSING_CENTRAL: WZ3Mu/Central/ZCand/mass in Skim_TriLep_TTG.root
2026-06-23 22:50:43,265 - INFO - [2016postVFP] MISSING_SYSTEMATIC: WZ3Mu/JetEn_Down/ZCand/mass in Skim_TriLep_DYJets.root
2026-06-23 22:50:43,269 - INFO - [2016postVFP] MISSING_CENTRAL: WZ3Mu/Central/ZCand/mass in Skim_TriLep_DYJets10to50.root
2026-06-23 22:50:43,269 - INFO - [2016postVFP] MISSING_CENTRAL: WZ3Mu/Central/ZCand/mass in Skim_TriLep_TTG.root
2026-06-23 22:50:43,367 - INFO - [2017] MISSING_CENTRAL: WZ3Mu/Central/ZCand/mass in Skim_TriLep_DYJets10to50.root
2026-06-23 22:50:43,471 - INFO - [2018] MISSING_CENTRAL: WZ3Mu/Central/ZCand/mass in Skim_TriLep_DYJets10to50.root
2026-06-23 22:50:43,568 - INFO - [2022] MISSING_CENTRAL: WZ3Mu/Central/ZCand/mass in Skim_TriLep_DYJets.root
2026-06-23 22:50:43,568 - INFO - [2022] MISSING_CENTRAL: WZ3Mu/Central/ZCand/mass in Skim_TriLep_DYJets10to50.root
2026-06-23 22:50:43,569 - INFO - [2022] MISSING_CENTRAL: WZ3Mu/Central/ZCand/mass in Skim_TriLep_TTG_PTG10to100.root
2026-06-23 22:50:43,569 - INFO - [2022] MISSING_CENTRAL: WZ3Mu/Central/ZCand/mass in Skim_TriLep_TTG_PTG100to200.root
2026-06-23 22:50:43,569 - INFO - [2022] MISSING_CENTRAL: WZ3Mu/Central/ZCand/mass in Skim_TriLep_TTG_PTG200toInf.root
2026-06-23 22:50:43,656 - INFO - [2022EE] MISSING_CENTRAL: WZ3Mu/Central/ZCand/mass in Skim_TriLep_DYJets.root
2026-06-23 22:50:43,657 - INFO - [2022EE] MISSING_CENTRAL: WZ3Mu/Central/ZCand/mass in Skim_TriLep_DYJets10to50.root
2026-06-23 22:50:43,771 - INFO - [2023] MISSING_CENTRAL: WZ3Mu/Central/ZCand/mass in Skim_TriLep_DYJets10to50.root
2026-06-23 22:50:43,779 - INFO - [2023] MISSING_CENTRAL: WZ3Mu/Central/ZCand/mass in Skim_TriLep_TTG_PTG100to200.root
2026-06-23 22:50:43,779 - INFO - [2023] MISSING_CENTRAL: WZ3Mu/Central/ZCand/mass in Skim_TriLep_TTG_PTG200toInf.root
2026-06-23 22:50:43,874 - INFO - [2023BPix] MISSING_CENTRAL: WZ3Mu/Central/ZCand/mass in Skim_TriLep_DYJets10to50.root
2026-06-23 22:50:43,880 - INFO - [2023BPix] MISSING_CENTRAL: WZ3Mu/Central/ZCand/mass in Skim_TriLep_TTG_PTG100to200.root
2026-06-23 22:50:43,881 - INFO - [2023BPix] MISSING_CENTRAL: WZ3Mu/Central/ZCand/mass in Skim_TriLep_TTG_PTG200toInf.root
2026-07-09 01:07:03,547 - INFO - [2016preVFP] MISSING_SYSTEMATIC: WZ3Mu/UnclusteredEn_Up/ZCand/mass in Skim_TriLep_DYJets.root
2026-07-09 01:07:03,558 - INFO - [2016preVFP] MISSING_CENTRAL: WZ3Mu/Central/ZCand/mass in Skim_TriLep_DYJets10to50.root
2026-07-09 01:07:03,565 - INFO - [2016preVFP] MISSING_CENTRAL: WZ3Mu/Central/ZCand/mass in Skim_TriLep_TTG.root
2026-07-09 01:07:04,235 - INFO - [2016postVFP] MISSING_SYSTEMATIC: WZ3Mu/JetEn_Down/ZCand/mass in Skim_TriLep_DYJets.root
2026-07-09 01:07:04,248 - INFO - [2016postVFP] MISSING_CENTRAL: WZ3Mu/Central/ZCand/mass in Skim_TriLep_DYJets10to50.root
2026-07-09 01:07:04,255 - INFO - [2016postVFP] MISSING_CENTRAL: WZ3Mu/Central/ZCand/mass in Skim_TriLep_TTG.root
2026-07-09 01:07:04,971 - INFO - [2017] MISSING_CENTRAL: WZ3Mu/Central/ZCand/mass in Skim_TriLep_DYJets10to50.root
2026-07-09 01:07:05,739 - INFO - [2018] MISSING_CENTRAL: WZ3Mu/Central/ZCand/mass in Skim_TriLep_DYJets10to50.root
2026-07-09 01:07:06,478 - INFO - [2022] MISSING_CENTRAL: WZ3Mu/Central/ZCand/mass in Skim_TriLep_DYJets.root
2026-07-09 01:07:06,486 - INFO - [2022] MISSING_CENTRAL: WZ3Mu/Central/ZCand/mass in Skim_TriLep_DYJets10to50.root
2026-07-09 01:07:06,493 - INFO - [2022] MISSING_CENTRAL: WZ3Mu/Central/ZCand/mass in Skim_TriLep_TTG_PTG10to100.root
2026-07-09 01:07:06,501 - INFO - [2022] MISSING_CENTRAL: WZ3Mu/Central/ZCand/mass in Skim_TriLep_TTG_PTG100to200.root
2026-07-09 01:07:06,509 - INFO - [2022] MISSING_CENTRAL: WZ3Mu/Central/ZCand/mass in Skim_TriLep_TTG_PTG200toInf.root
2026-07-09 01:07:07,183 - INFO - [2022EE] MISSING_CENTRAL: WZ3Mu/Central/ZCand/mass in Skim_TriLep_DYJets.root
2026-07-09 01:07:07,191 - INFO - [2022EE] MISSING_CENTRAL: WZ3Mu/Central/ZCand/mass in Skim_TriLep_DYJets10to50.root
2026-07-09 01:07:08,060 - INFO - [2023] MISSING_CENTRAL: WZ3Mu/Central/ZCand/mass in Skim_TriLep_DYJets10to50.root
2026-07-09 01:07:08,095 - INFO - [2023] MISSING_CENTRAL: WZ3Mu/Central/ZCand/mass in Skim_TriLep_TTG_PTG100to200.root
2026-07-09 01:07:08,103 - INFO - [2023] MISSING_CENTRAL: WZ3Mu/Central/ZCand/mass in Skim_TriLep_TTG_PTG200toInf.root
2026-07-09 01:07:08,833 - INFO - [2023BPix] MISSING_CENTRAL: WZ3Mu/Central/ZCand/mass in Skim_TriLep_DYJets10to50.root
2026-07-09 01:07:08,871 - INFO - [2023BPix] MISSING_CENTRAL: WZ3Mu/Central/ZCand/mass in Skim_TriLep_TTG_PTG100to200.root
2026-07-09 01:07:08,879 - INFO - [2023BPix] MISSING_CENTRAL: WZ3Mu/Central/ZCand/mass in Skim_TriLep_TTG_PTG200toInf.root
2026-07-09 01:07:09,639 - INFO - [2016preVFP] MISSING_CENTRAL: TTZ2E1Mu/Central/ZCand/mass in Skim_TriLep_DYJets10to50.root
2026-07-09 01:07:10,461 - INFO - [2016postVFP] MISSING_CENTRAL: TTZ2E1Mu/Central/ZCand/mass in Skim_TriLep_DYJets.root
2026-07-09 01:07:10,470 - INFO - [2016postVFP] MISSING_CENTRAL: TTZ2E1Mu/Central/ZCand/mass in Skim_TriLep_DYJets10to50.root
2026-07-09 01:07:11,382 - INFO - [2017] MISSING_CENTRAL: TTZ2E1Mu/Central/ZCand/mass in Skim_TriLep_DYJets10to50.root
2026-07-09 01:07:12,278 - INFO - [2018] MISSING_CENTRAL: TTZ2E1Mu/Central/ZCand/mass in Skim_TriLep_DYJets10to50.root
2026-07-09 01:07:13,112 - INFO - [2022] MISSING_CENTRAL: TTZ2E1Mu/Central/ZCand/mass in Skim_TriLep_DYJets.root
2026-07-09 01:07:13,122 - INFO - [2022] MISSING_CENTRAL: TTZ2E1Mu/Central/ZCand/mass in Skim_TriLep_DYJets10to50.root
2026-07-09 01:07:14,051 - INFO - [2022EE] MISSING_CENTRAL: TTZ2E1Mu/Central/ZCand/mass in Skim_TriLep_DYJets10to50.root
2026-07-09 01:07:14,636 - INFO - [2022EE] MISSING_CENTRAL: TTZ2E1Mu/Central/ZCand/mass in Skim_TriLep_WWW.root
2026-07-09 01:07:14,957 - INFO - [2023] MISSING_CENTRAL: TTZ2E1Mu/Central/ZCand/mass in Skim_TriLep_DYJets.root
2026-07-09 01:07:14,967 - INFO - [2023] MISSING_CENTRAL: TTZ2E1Mu/Central/ZCand/mass in Skim_TriLep_DYJets10to50.root
2026-07-09 01:07:15,553 - INFO - [2023] MISSING_CENTRAL: TTZ2E1Mu/Central/ZCand/mass in Skim_TriLep_WWW.root
2026-07-09 01:07:15,864 - INFO - [2023BPix] MISSING_CENTRAL: TTZ2E1Mu/Central/ZCand/mass in Skim_TriLep_DYJets10to50.root
2026-07-21 18:58:34,375 - INFO - [2016preVFP] MISSING_SYSTEMATIC: WZ3Mu/UnclusteredEn_Up/ZCand/mass in Skim_TriLep_DYJets.root
2026-07-21 18:58:34,380 - INFO - [2016preVFP] MISSING_CENTRAL: WZ3Mu/Central/ZCand/mass in Skim_TriLep_DYJets10to50.root
2026-07-21 18:58:34,380 - INFO - [2016preVFP] MISSING_CENTRAL: WZ3Mu/Central/ZCand/mass in Skim_TriLep_TTG.root
2026-07-21 18:58:34,593 - INFO - [2016postVFP] MISSING_SYSTEMATIC: WZ3Mu/JetEn_Down/ZCand/mass in Skim_TriLep_DYJets.root
2026-07-21 18:58:34,599 - INFO - [2016postVFP] MISSING_CENTRAL: WZ3Mu/Central/ZCand/mass in Skim_TriLep_DYJets10to50.root
2026-07-21 18:58:34,600 - INFO - [2016postVFP] MISSING_CENTRAL: WZ3Mu/Central/ZCand/mass in Skim_TriLep_TTG.root
2026-07-21 18:58:34,828 - INFO - [2017] MISSING_CENTRAL: WZ3Mu/Central/ZCand/mass in Skim_TriLep_DYJets10to50.root
2026-07-21 18:58:35,068 - INFO - [2018] MISSING_CENTRAL: WZ3Mu/Central/ZCand/mass in Skim_TriLep_DYJets10to50.root
2026-07-21 18:58:35,307 - INFO - [2022] MISSING_CENTRAL: WZ3Mu/Central/ZCand/mass in Skim_TriLep_DYJets.root
2026-07-21 18:58:35,308 - INFO - [2022] MISSING_CENTRAL: WZ3Mu/Central/ZCand/mass in Skim_TriLep_DYJets10to50.root
2026-07-21 18:58:35,308 - INFO - [2022] MISSING_CENTRAL: WZ3Mu/Central/ZCand/mass in Skim_TriLep_TTG_PTG10to100.root
2026-07-21 18:58:35,308 - INFO - [2022] MISSING_CENTRAL: WZ3Mu/Central/ZCand/mass in Skim_TriLep_TTG_PTG100to200.root
2026-07-21 18:58:35,309 - INFO - [2022] MISSING_CENTRAL: WZ3Mu/Central/ZCand/mass in Skim_TriLep_TTG_PTG200toInf.root
2026-07-21 18:58:35,529 - INFO - [2022EE] MISSING_CENTRAL: WZ3Mu/Central/ZCand/mass in Skim_TriLep_DYJets.root
2026-07-21 18:58:35,529 - INFO - [2022EE] MISSING_CENTRAL: WZ3Mu/Central/ZCand/mass in Skim_TriLep_DYJets10to50.root
2026-07-21 18:58:35,821 - INFO - [2023] MISSING_CENTRAL: WZ3Mu/Central/ZCand/mass in Skim_TriLep_DYJets10to50.root
2026-07-21 18:58:35,835 - INFO - [2023] MISSING_CENTRAL: WZ3Mu/Central/ZCand/mass in Skim_TriLep_TTG_PTG100to200.root
2026-07-21 18:58:35,836 - INFO - [2023] MISSING_CENTRAL: WZ3Mu/Central/ZCand/mass in Skim_TriLep_TTG_PTG200toInf.root
2026-07-21 18:58:36,091 - INFO - [2023BPix] MISSING_CENTRAL: WZ3Mu/Central/ZCand/mass in Skim_TriLep_DYJets10to50.root
2026-07-21 18:58:36,105 - INFO - [2023BPix] MISSING_CENTRAL: WZ3Mu/Central/ZCand/mass in Skim_TriLep_TTG_PTG100to200.root
2026-07-21 18:58:36,105 - INFO - [2023BPix] MISSING_CENTRAL: WZ3Mu/Central/ZCand/mass in Skim_TriLep_TTG_PTG200toInf.root
2026-07-21 19:47:35,015 - INFO - [2016preVFP] MISSING_SYSTEMATIC: WZ3Mu/UnclusteredEn_Up/ZCand/mass in Skim_TriLep_DYJets.root
2026-07-21 19:47:35,072 - INFO - [2016preVFP] MISSING_CENTRAL: WZ3Mu/Central/ZCand/mass in Skim_TriLep_DYJets10to50.root
2026-07-21 19:47:35,079 - INFO - [2016preVFP] MISSING_CENTRAL: WZ3Mu/Central/ZCand/mass in Skim_TriLep_TTG.root
2026-07-21 19:47:39,337 - INFO - [2016postVFP] MISSING_SYSTEMATIC: WZ3Mu/JetEn_Down/ZCand/mass in Skim_TriLep_DYJets.root
2026-07-21 19:47:39,466 - INFO - [2016postVFP] MISSING_CENTRAL: WZ3Mu/Central/ZCand/mass in Skim_TriLep_DYJets10to50.root
2026-07-21 19:47:39,473 - INFO - [2016postVFP] MISSING_CENTRAL: WZ3Mu/Central/ZCand/mass in Skim_TriLep_TTG.root
2026-07-21 19:47:44,038 - INFO - [2017] MISSING_CENTRAL: WZ3Mu/Central/ZCand/mass in Skim_TriLep_DYJets10to50.root
2026-07-21 19:47:48,788 - INFO - [2018] MISSING_CENTRAL: WZ3Mu/Central/ZCand/mass in Skim_TriLep_DYJets10to50.root
2026-07-21 19:47:53,388 - INFO - [2022] MISSING_CENTRAL: WZ3Mu/Central/ZCand/mass in Skim_TriLep_DYJets.root
2026-07-21 19:47:53,395 - INFO - [2022] MISSING_CENTRAL: WZ3Mu/Central/ZCand/mass in Skim_TriLep_DYJets10to50.root
2026-07-21 19:47:53,403 - INFO - [2022] MISSING_CENTRAL: WZ3Mu/Central/ZCand/mass in Skim_TriLep_TTG_PTG10to100.root
2026-07-21 19:47:53,411 - INFO - [2022] MISSING_CENTRAL: WZ3Mu/Central/ZCand/mass in Skim_TriLep_TTG_PTG100to200.root
2026-07-21 19:47:53,418 - INFO - [2022] MISSING_CENTRAL: WZ3Mu/Central/ZCand/mass in Skim_TriLep_TTG_PTG200toInf.root
2026-07-21 19:47:57,624 - INFO - [2022EE] MISSING_CENTRAL: WZ3Mu/Central/ZCand/mass in Skim_TriLep_DYJets.root
2026-07-21 19:47:57,632 - INFO - [2022EE] MISSING_CENTRAL: WZ3Mu/Central/ZCand/mass in Skim_TriLep_DYJets10to50.root
2026-07-21 19:48:02,902 - INFO - [2023] MISSING_CENTRAL: WZ3Mu/Central/ZCand/mass in Skim_TriLep_DYJets10to50.root
2026-07-21 19:48:03,136 - INFO - [2023] MISSING_CENTRAL: WZ3Mu/Central/ZCand/mass in Skim_TriLep_TTG_PTG100to200.root
2026-07-21 19:48:03,144 - INFO - [2023] MISSING_CENTRAL: WZ3Mu/Central/ZCand/mass in Skim_TriLep_TTG_PTG200toInf.root
2026-07-21 19:48:07,723 - INFO - [2023BPix] MISSING_CENTRAL: WZ3Mu/Central/ZCand/mass in Skim_TriLep_DYJets10to50.root
2026-07-21 19:48:07,958 - INFO - [2023BPix] MISSING_CENTRAL: WZ3Mu/Central/ZCand/mass in Skim_TriLep_TTG_PTG100to200.root
2026-07-21 19:48:07,966 - INFO - [2023BPix] MISSING_CENTRAL: WZ3Mu/Central/ZCand/mass in Skim_TriLep_TTG_PTG200toInf.root
2026-07-21 19:48:12,694 - INFO - [2016preVFP] MISSING_CENTRAL: TTZ2E1Mu/Central/ZCand/mass in Skim_TriLep_DYJets10to50.root
2026-07-21 19:48:18,153 - INFO - [2016postVFP] MISSING_CENTRAL: TTZ2E1Mu/Central/ZCand/mass in Skim_TriLep_DYJets.root
2026-07-21 19:48:18,162 - INFO - [2016postVFP] MISSING_CENTRAL: TTZ2E1Mu/Central/ZCand/mass in Skim_TriLep_DYJets10to50.root
2026-07-21 19:48:23,979 - INFO - [2017] MISSING_CENTRAL: TTZ2E1Mu/Central/ZCand/mass in Skim_TriLep_DYJets10to50.root
2026-07-21 19:48:29,822 - INFO - [2018] MISSING_CENTRAL: TTZ2E1Mu/Central/ZCand/mass in Skim_TriLep_DYJets10to50.root
2026-07-21 19:48:35,427 - INFO - [2022] MISSING_CENTRAL: TTZ2E1Mu/Central/ZCand/mass in Skim_TriLep_DYJets.root
2026-07-21 19:48:35,436 - INFO - [2022] MISSING_CENTRAL: TTZ2E1Mu/Central/ZCand/mass in Skim_TriLep_DYJets10to50.root
2026-07-21 19:48:41,622 - INFO - [2022EE] MISSING_CENTRAL: TTZ2E1Mu/Central/ZCand/mass in Skim_TriLep_DYJets10to50.root
2026-07-21 19:48:45,700 - INFO - [2022EE] MISSING_CENTRAL: TTZ2E1Mu/Central/ZCand/mass in Skim_TriLep_WWW.root
2026-07-21 19:48:47,444 - INFO - [2023] MISSING_CENTRAL: TTZ2E1Mu/Central/ZCand/mass in Skim_TriLep_DYJets.root
2026-07-21 19:48:47,453 - INFO - [2023] MISSING_CENTRAL: TTZ2E1Mu/Central/ZCand/mass in Skim_TriLep_DYJets10to50.root
2026-07-21 19:48:51,589 - INFO - [2023] MISSING_CENTRAL: TTZ2E1Mu/Central/ZCand/mass in Skim_TriLep_WWW.root
2026-07-21 19:48:53,543 - INFO - [2023BPix] MISSING_CENTRAL: TTZ2E1Mu/Central/ZCand/mass in Skim_TriLep_DYJets10to50.root
2026-07-22 15:57:39,386 - INFO - [2016preVFP] MISSING_SYSTEMATIC: WZ3Mu/UnclusteredEn_Up/ZCand/mass in Skim_TriLep_DYJets.root
2026-07-22 15:57:39,414 - INFO - [2016preVFP] MISSING_CENTRAL: WZ3Mu/Central/ZCand/mass in Skim_TriLep_DYJets10to50.root
2026-07-22 15:57:39,457 - INFO - [2016preVFP] MISSING_CENTRAL: WZ3Mu/Central/ZCand/mass in Skim_TriLep_TTG.root
2026-07-22 15:57:42,362 - INFO - [2016postVFP] MISSING_SYSTEMATIC: WZ3Mu/JetEn_Down/ZCand/mass in Skim_TriLep_DYJets.root
2026-07-22 15:57:42,392 - INFO - [2016postVFP] MISSING_CENTRAL: WZ3Mu/Central/ZCand/mass in Skim_TriLep_DYJets10to50.root
2026-07-22 15:57:42,393 - INFO - [2016postVFP] MISSING_CENTRAL: WZ3Mu/Central/ZCand/mass in Skim_TriLep_TTG.root
2026-07-22 15:57:45,124 - INFO - [2017] MISSING_CENTRAL: WZ3Mu/Central/ZCand/mass in Skim_TriLep_DYJets10to50.root
2026-07-22 15:57:47,787 - INFO - [2018] MISSING_CENTRAL: WZ3Mu/Central/ZCand/mass in Skim_TriLep_DYJets10to50.root
2026-07-22 15:57:50,287 - INFO - [2022] MISSING_CENTRAL: WZ3Mu/Central/ZCand/mass in Skim_TriLep_DYJets.root
2026-07-22 15:57:50,294 - INFO - [2022] MISSING_CENTRAL: WZ3Mu/Central/ZCand/mass in Skim_TriLep_DYJets10to50.root
2026-07-22 15:57:50,311 - INFO - [2022] MISSING_CENTRAL: WZ3Mu/Central/ZCand/mass in Skim_TriLep_TTG_PTG10to100.root
2026-07-22 15:57:50,313 - INFO - [2022] MISSING_CENTRAL: WZ3Mu/Central/ZCand/mass in Skim_TriLep_TTG_PTG100to200.root
2026-07-22 15:57:50,315 - INFO - [2022] MISSING_CENTRAL: WZ3Mu/Central/ZCand/mass in Skim_TriLep_TTG_PTG200toInf.root
2026-07-22 15:57:52,826 - INFO - [2022EE] MISSING_CENTRAL: WZ3Mu/Central/ZCand/mass in Skim_TriLep_DYJets.root
2026-07-22 15:57:52,835 - INFO - [2022EE] MISSING_CENTRAL: WZ3Mu/Central/ZCand/mass in Skim_TriLep_DYJets10to50.root
2026-07-22 15:57:56,057 - INFO - [2023] MISSING_CENTRAL: WZ3Mu/Central/ZCand/mass in Skim_TriLep_DYJets10to50.root
2026-07-22 15:57:56,131 - INFO - [2023] MISSING_CENTRAL: WZ3Mu/Central/ZCand/mass in Skim_TriLep_TTG_PTG100to200.root
2026-07-22 15:57:56,158 - INFO - [2023] MISSING_CENTRAL: WZ3Mu/Central/ZCand/mass in Skim_TriLep_TTG_PTG200toInf.root
2026-07-22 15:57:58,555 - INFO - [2023BPix] MISSING_CENTRAL: WZ3Mu/Central/ZCand/mass in Skim_TriLep_DYJets10to50.root
2026-07-22 15:57:58,626 - INFO - [2023BPix] MISSING_CENTRAL: WZ3Mu/Central/ZCand/mass in Skim_TriLep_TTG_PTG100to200.root
2026-07-22 15:57:58,628 - INFO - [2023BPix] MISSING_CENTRAL: WZ3Mu/Central/ZCand/mass in Skim_TriLep_TTG_PTG200toInf.root
2026-07-22 16:03:04,191 - INFO - [2016preVFP] MISSING_SYSTEMATIC: WZ3Mu/UnclusteredEn_Up/ZCand/mass in Skim_TriLep_DYJets.root
2026-07-22 16:03:04,250 - INFO - [2016preVFP] MISSING_CENTRAL: WZ3Mu/Central/ZCand/mass in Skim_TriLep_DYJets10to50.root
2026-07-22 16:03:04,257 - INFO - [2016preVFP] MISSING_CENTRAL: WZ3Mu/Central/ZCand/mass in Skim_TriLep_TTG.root
2026-07-22 16:03:10,214 - INFO - [2016postVFP] MISSING_SYSTEMATIC: WZ3Mu/JetEn_Down/ZCand/mass in Skim_TriLep_DYJets.root
2026-07-22 16:03:10,358 - INFO - [2016postVFP] MISSING_CENTRAL: WZ3Mu/Central/ZCand/mass in Skim_TriLep_DYJets10to50.root
2026-07-22 16:03:10,366 - INFO - [2016postVFP] MISSING_CENTRAL: WZ3Mu/Central/ZCand/mass in Skim_TriLep_TTG.root
2026-07-22 16:03:16,478 - INFO - [2017] MISSING_CENTRAL: WZ3Mu/Central/ZCand/mass in Skim_TriLep_DYJets10to50.root
2026-07-22 16:03:22,972 - INFO - [2018] MISSING_CENTRAL: WZ3Mu/Central/ZCand/mass in Skim_TriLep_DYJets10to50.root
2026-07-22 16:03:29,209 - INFO - [2022] MISSING_CENTRAL: WZ3Mu/Central/ZCand/mass in Skim_TriLep_DYJets.root
2026-07-22 16:03:29,237 - INFO - [2022] MISSING_CENTRAL: WZ3Mu/Central/ZCand/mass in Skim_TriLep_DYJets10to50.root
2026-07-22 16:03:29,255 - INFO - [2022] MISSING_CENTRAL: WZ3Mu/Central/ZCand/mass in Skim_TriLep_TTG_PTG10to100.root
2026-07-22 16:03:29,264 - INFO - [2022] MISSING_CENTRAL: WZ3Mu/Central/ZCand/mass in Skim_TriLep_TTG_PTG100to200.root
2026-07-22 16:03:29,273 - INFO - [2022] MISSING_CENTRAL: WZ3Mu/Central/ZCand/mass in Skim_TriLep_TTG_PTG200toInf.root
2026-07-22 16:03:35,047 - INFO - [2022EE] MISSING_CENTRAL: WZ3Mu/Central/ZCand/mass in Skim_TriLep_DYJets.root
2026-07-22 16:03:35,057 - INFO - [2022EE] MISSING_CENTRAL: WZ3Mu/Central/ZCand/mass in Skim_TriLep_DYJets10to50.root
2026-07-22 16:03:42,412 - INFO - [2023] MISSING_CENTRAL: WZ3Mu/Central/ZCand/mass in Skim_TriLep_DYJets10to50.root
2026-07-22 16:03:42,694 - INFO - [2023] MISSING_CENTRAL: WZ3Mu/Central/ZCand/mass in Skim_TriLep_TTG_PTG100to200.root
2026-07-22 16:03:42,724 - INFO - [2023] MISSING_CENTRAL: WZ3Mu/Central/ZCand/mass in Skim_TriLep_TTG_PTG200toInf.root
2026-07-22 16:03:48,893 - INFO - [2023BPix] MISSING_CENTRAL: WZ3Mu/Central/ZCand/mass in Skim_TriLep_DYJets10to50.root
2026-07-22 16:03:49,198 - INFO - [2023BPix] MISSING_CENTRAL: WZ3Mu/Central/ZCand/mass in Skim_TriLep_TTG_PTG100to200.root
2026-07-22 16:03:49,207 - INFO - [2023BPix] MISSING_CENTRAL: WZ3Mu/Central/ZCand/mass in Skim_TriLep_TTG_PTG200toInf.root
2026-07-22 16:03:55,702 - INFO - [2016preVFP] MISSING_CENTRAL: TTZ2E1Mu/Central/ZCand/mass in Skim_TriLep_DYJets10to50.root
2026-07-22 16:04:04,569 - INFO - [2016postVFP] MISSING_CENTRAL: TTZ2E1Mu/Central/ZCand/mass in Skim_TriLep_DYJets.root
2026-07-22 16:04:04,581 - INFO - [2016postVFP] MISSING_CENTRAL: TTZ2E1Mu/Central/ZCand/mass in Skim_TriLep_DYJets10to50.root
2026-07-22 16:04:14,883 - INFO - [2017] MISSING_CENTRAL: TTZ2E1Mu/Central/ZCand/mass in Skim_TriLep_DYJets10to50.root
2026-07-22 16:04:24,623 - INFO - [2018] MISSING_CENTRAL: TTZ2E1Mu/Central/ZCand/mass in Skim_TriLep_DYJets10to50.root
2026-07-22 16:04:34,246 - INFO - [2022] MISSING_CENTRAL: TTZ2E1Mu/Central/ZCand/mass in Skim_TriLep_DYJets.root
2026-07-22 16:04:34,270 - INFO - [2022] MISSING_CENTRAL: TTZ2E1Mu/Central/ZCand/mass in Skim_TriLep_DYJets10to50.root
2026-07-22 16:04:43,940 - INFO - [2022EE] MISSING_CENTRAL: TTZ2E1Mu/Central/ZCand/mass in Skim_TriLep_DYJets10to50.root
2026-07-22 16:04:50,032 - INFO - [2022EE] MISSING_CENTRAL: TTZ2E1Mu/Central/ZCand/mass in Skim_TriLep_WWW.root
2026-07-22 16:04:52,827 - INFO - [2023] MISSING_CENTRAL: TTZ2E1Mu/Central/ZCand/mass in Skim_TriLep_DYJets.root
2026-07-22 16:04:52,859 - INFO - [2023] MISSING_CENTRAL: TTZ2E1Mu/Central/ZCand/mass in Skim_TriLep_DYJets10to50.root
2026-07-22 16:04:58,911 - INFO - [2023] MISSING_CENTRAL: TTZ2E1Mu/Central/ZCand/mass in Skim_TriLep_WWW.root
2026-07-22 16:05:02,058 - INFO - [2023BPix] MISSING_CENTRAL: TTZ2E1Mu/Central/ZCand/mass in Skim_TriLep_DYJets10to50.root
2026-07-28 09:43:16,899 - INFO - [2016preVFP] MISSING_SYSTEMATIC: WZ3Mu/UnclusteredEn_Up/ZCand/mass in Skim_TriLep_DYJets.root
2026-07-28 09:43:16,960 - INFO - [2016preVFP] MISSING_CENTRAL: WZ3Mu/Central/ZCand/mass in Skim_TriLep_DYJets10to50.root
2026-07-28 09:43:16,967 - INFO - [2016preVFP] MISSING_CENTRAL: WZ3Mu/Central/ZCand/mass in Skim_TriLep_TTG.root
2026-07-28 09:43:22,967 - INFO - [2016postVFP] MISSING_SYSTEMATIC: WZ3Mu/JetEn_Down/ZCand/mass in Skim_TriLep_DYJets.root
2026-07-28 09:43:23,107 - INFO - [2016postVFP] MISSING_CENTRAL: WZ3Mu/Central/ZCand/mass in Skim_TriLep_DYJets10to50.root
2026-07-28 09:43:23,114 - INFO - [2016postVFP] MISSING_CENTRAL: WZ3Mu/Central/ZCand/mass in Skim_TriLep_TTG.root
2026-07-28 09:43:29,149 - INFO - [2017] MISSING_CENTRAL: WZ3Mu/Central/ZCand/mass in Skim_TriLep_DYJets10to50.root
2026-07-28 09:43:35,627 - INFO - [2018] MISSING_CENTRAL: WZ3Mu/Central/ZCand/mass in Skim_TriLep_DYJets10to50.root
2026-07-28 09:43:41,941 - INFO - [2022] MISSING_CENTRAL: WZ3Mu/Central/ZCand/mass in Skim_TriLep_DYJets.root
2026-07-28 09:43:41,948 - INFO - [2022] MISSING_CENTRAL: WZ3Mu/Central/ZCand/mass in Skim_TriLep_DYJets10to50.root
2026-07-28 09:43:41,956 - INFO - [2022] MISSING_CENTRAL: WZ3Mu/Central/ZCand/mass in Skim_TriLep_TTG_PTG10to100.root
2026-07-28 09:43:41,964 - INFO - [2022] MISSING_CENTRAL: WZ3Mu/Central/ZCand/mass in Skim_TriLep_TTG_PTG100to200.root
2026-07-28 09:43:41,972 - INFO - [2022] MISSING_CENTRAL: WZ3Mu/Central/ZCand/mass in Skim_TriLep_TTG_PTG200toInf.root
2026-07-28 09:43:47,742 - INFO - [2022EE] MISSING_CENTRAL: WZ3Mu/Central/ZCand/mass in Skim_TriLep_DYJets.root
2026-07-28 09:43:47,750 - INFO - [2022EE] MISSING_CENTRAL: WZ3Mu/Central/ZCand/mass in Skim_TriLep_DYJets10to50.root
2026-07-28 09:43:55,136 - INFO - [2023] MISSING_CENTRAL: WZ3Mu/Central/ZCand/mass in Skim_TriLep_DYJets10to50.root
2026-07-28 09:43:55,420 - INFO - [2023] MISSING_CENTRAL: WZ3Mu/Central/ZCand/mass in Skim_TriLep_TTG_PTG100to200.root
2026-07-28 09:43:55,428 - INFO - [2023] MISSING_CENTRAL: WZ3Mu/Central/ZCand/mass in Skim_TriLep_TTG_PTG200toInf.root
2026-07-28 09:44:01,518 - INFO - [2023BPix] MISSING_CENTRAL: WZ3Mu/Central/ZCand/mass in Skim_TriLep_DYJets10to50.root
2026-07-28 09:44:01,801 - INFO - [2023BPix] MISSING_CENTRAL: WZ3Mu/Central/ZCand/mass in Skim_TriLep_TTG_PTG100to200.root
2026-07-28 09:44:01,810 - INFO - [2023BPix] MISSING_CENTRAL: WZ3Mu/Central/ZCand/mass in Skim_TriLep_TTG_PTG200toInf.root
2026-07-28 09:44:08,388 - INFO - [2016preVFP] MISSING_CENTRAL: TTZ2E1Mu/Central/ZCand/mass in Skim_TriLep_DYJets10to50.root
2026-07-28 09:44:17,223 - INFO - [2016postVFP] MISSING_CENTRAL: TTZ2E1Mu/Central/ZCand/mass in Skim_TriLep_DYJets.root
2026-07-28 09:44:17,234 - INFO - [2016postVFP] MISSING_CENTRAL: TTZ2E1Mu/Central/ZCand/mass in Skim_TriLep_DYJets10to50.root
2026-07-28 09:44:27,492 - INFO - [2017] MISSING_CENTRAL: TTZ2E1Mu/Central/ZCand/mass in Skim_TriLep_DYJets10to50.root
2026-07-28 09:44:36,965 - INFO - [2018] MISSING_CENTRAL: TTZ2E1Mu/Central/ZCand/mass in Skim_TriLep_DYJets10to50.root
2026-07-28 09:44:46,355 - INFO - [2022] MISSING_CENTRAL: TTZ2E1Mu/Central/ZCand/mass in Skim_TriLep_DYJets.root
2026-07-28 09:44:46,379 - INFO - [2022] MISSING_CENTRAL: TTZ2E1Mu/Central/ZCand/mass in Skim_TriLep_DYJets10to50.root
2026-07-28 09:44:56,059 - INFO - [2022EE] MISSING_CENTRAL: TTZ2E1Mu/Central/ZCand/mass in Skim_TriLep_DYJets10to50.root
2026-07-28 09:45:01,998 - INFO - [2022EE] MISSING_CENTRAL: TTZ2E1Mu/Central/ZCand/mass in Skim_TriLep_WWW.root
2026-07-28 09:45:04,813 - INFO - [2023] MISSING_CENTRAL: TTZ2E1Mu/Central/ZCand/mass in Skim_TriLep_DYJets.root
2026-07-28 09:45:04,846 - INFO - [2023] MISSING_CENTRAL: TTZ2E1Mu/Central/ZCand/mass in Skim_TriLep_DYJets10to50.root
2026-07-28 09:45:10,877 - INFO - [2023] MISSING_CENTRAL: TTZ2E1Mu/Central/ZCand/mass in Skim_TriLep_WWW.root
2026-07-28 09:45:14,111 - INFO - [2023BPix] MISSING_CENTRAL: TTZ2E1Mu/Central/ZCand/mass in Skim_TriLep_DYJets10to50.root
2026-07-28 09:55:21,091 - INFO - [2016preVFP] MISSING_SYSTEMATIC: WZ3Mu/UnclusteredEn_Up/ZCand/mass in Skim_TriLep_DYJets.root
2026-07-28 09:55:21,148 - INFO - [2016preVFP] MISSING_CENTRAL: WZ3Mu/Central/ZCand/mass in Skim_TriLep_DYJets10to50.root
2026-07-28 09:55:21,155 - INFO - [2016preVFP] MISSING_CENTRAL: WZ3Mu/Central/ZCand/mass in Skim_TriLep_TTG.root
2026-07-28 09:55:25,469 - INFO - [2016postVFP] MISSING_SYSTEMATIC: WZ3Mu/JetEn_Down/ZCand/mass in Skim_TriLep_DYJets.root
2026-07-28 09:55:25,599 - INFO - [2016postVFP] MISSING_CENTRAL: WZ3Mu/Central/ZCand/mass in Skim_TriLep_DYJets10to50.root
2026-07-28 09:55:25,606 - INFO - [2016postVFP] MISSING_CENTRAL: WZ3Mu/Central/ZCand/mass in Skim_TriLep_TTG.root
2026-07-28 09:55:30,197 - INFO - [2017] MISSING_CENTRAL: WZ3Mu/Central/ZCand/mass in Skim_TriLep_DYJets10to50.root
2026-07-28 09:55:35,115 - INFO - [2018] MISSING_CENTRAL: WZ3Mu/Central/ZCand/mass in Skim_TriLep_DYJets10to50.root
2026-07-28 09:55:39,874 - INFO - [2022] MISSING_CENTRAL: WZ3Mu/Central/ZCand/mass in Skim_TriLep_DYJets.root
2026-07-28 09:55:39,882 - INFO - [2022] MISSING_CENTRAL: WZ3Mu/Central/ZCand/mass in Skim_TriLep_DYJets10to50.root
2026-07-28 09:55:39,889 - INFO - [2022] MISSING_CENTRAL: WZ3Mu/Central/ZCand/mass in Skim_TriLep_TTG_PTG10to100.root
2026-07-28 09:55:39,897 - INFO - [2022] MISSING_CENTRAL: WZ3Mu/Central/ZCand/mass in Skim_TriLep_TTG_PTG100to200.root
2026-07-28 09:55:39,905 - INFO - [2022] MISSING_CENTRAL: WZ3Mu/Central/ZCand/mass in Skim_TriLep_TTG_PTG200toInf.root
2026-07-28 09:55:44,223 - INFO - [2022EE] MISSING_CENTRAL: WZ3Mu/Central/ZCand/mass in Skim_TriLep_DYJets.root
2026-07-28 09:55:44,231 - INFO - [2022EE] MISSING_CENTRAL: WZ3Mu/Central/ZCand/mass in Skim_TriLep_DYJets10to50.root
2026-07-28 09:55:49,578 - INFO - [2023] MISSING_CENTRAL: WZ3Mu/Central/ZCand/mass in Skim_TriLep_DYJets10to50.root
2026-07-28 09:55:49,814 - INFO - [2023] MISSING_CENTRAL: WZ3Mu/Central/ZCand/mass in Skim_TriLep_TTG_PTG100to200.root
2026-07-28 09:55:49,822 - INFO - [2023] MISSING_CENTRAL: WZ3Mu/Central/ZCand/mass in Skim_TriLep_TTG_PTG200toInf.root
2026-07-28 09:55:54,533 - INFO - [2023BPix] MISSING_CENTRAL: WZ3Mu/Central/ZCand/mass in Skim_TriLep_DYJets10to50.root
2026-07-28 09:55:54,774 - INFO - [2023BPix] MISSING_CENTRAL: WZ3Mu/Central/ZCand/mass in Skim_TriLep_TTG_PTG100to200.root
2026-07-28 09:55:54,782 - INFO - [2023BPix] MISSING_CENTRAL: WZ3Mu/Central/ZCand/mass in Skim_TriLep_TTG_PTG200toInf.root
2026-07-28 09:55:59,629 - INFO - [2016preVFP] MISSING_CENTRAL: TTZ2E1Mu/Central/ZCand/mass in Skim_TriLep_DYJets10to50.root
2026-07-28 09:56:05,152 - INFO - [2016postVFP] MISSING_CENTRAL: TTZ2E1Mu/Central/ZCand/mass in Skim_TriLep_DYJets.root
2026-07-28 09:56:05,160 - INFO - [2016postVFP] MISSING_CENTRAL: TTZ2E1Mu/Central/ZCand/mass in Skim_TriLep_DYJets10to50.root
2026-07-28 09:56:11,113 - INFO - [2017] MISSING_CENTRAL: TTZ2E1Mu/Central/ZCand/mass in Skim_TriLep_DYJets10to50.root
2026-07-28 09:56:17,079 - INFO - [2018] MISSING_CENTRAL: TTZ2E1Mu/Central/ZCand/mass in Skim_TriLep_DYJets10to50.root
2026-07-28 09:56:22,796 - INFO - [2022] MISSING_CENTRAL: TTZ2E1Mu/Central/ZCand/mass in Skim_TriLep_DYJets.root
2026-07-28 09:56:22,805 - INFO - [2022] MISSING_CENTRAL: TTZ2E1Mu/Central/ZCand/mass in Skim_TriLep_DYJets10to50.root
2026-07-28 09:56:29,157 - INFO - [2022EE] MISSING_CENTRAL: TTZ2E1Mu/Central/ZCand/mass in Skim_TriLep_DYJets10to50.root
2026-07-28 09:56:33,367 - INFO - [2022EE] MISSING_CENTRAL: TTZ2E1Mu/Central/ZCand/mass in Skim_TriLep_WWW.root
2026-07-28 09:56:35,109 - INFO - [2023] MISSING_CENTRAL: TTZ2E1Mu/Central/ZCand/mass in Skim_TriLep_DYJets.root
2026-07-28 09:56:35,119 - INFO - [2023] MISSING_CENTRAL: TTZ2E1Mu/Central/ZCand/mass in Skim_TriLep_DYJets10to50.root
2026-07-28 09:56:39,347 - INFO - [2023] MISSING_CENTRAL: TTZ2E1Mu/Central/ZCand/mass in Skim_TriLep_WWW.root
2026-07-28 09:56:41,374 - INFO - [2023BPix] MISSING_CENTRAL: TTZ2E1Mu/Central/ZCand/mass in Skim_TriLep_DYJets10to50.root
2026-07-28 10:06:05,956 - INFO - [2016preVFP] MISSING_SYSTEMATIC: WZ3Mu/UnclusteredEn_Up/ZCand/mass in Skim_TriLep_DYJets.root
2026-07-28 10:06:06,012 - INFO - [2016preVFP] MISSING_CENTRAL: WZ3Mu/Central/ZCand/mass in Skim_TriLep_DYJets10to50.root
2026-07-28 10:06:06,019 - INFO - [2016preVFP] MISSING_CENTRAL: WZ3Mu/Central/ZCand/mass in Skim_TriLep_TTG.root
2026-07-28 10:06:10,340 - INFO - [2016postVFP] MISSING_SYSTEMATIC: WZ3Mu/JetEn_Down/ZCand/mass in Skim_TriLep_DYJets.root
2026-07-28 10:06:10,471 - INFO - [2016postVFP] MISSING_CENTRAL: WZ3Mu/Central/ZCand/mass in Skim_TriLep_DYJets10to50.root
2026-07-28 10:06:10,479 - INFO - [2016postVFP] MISSING_CENTRAL: WZ3Mu/Central/ZCand/mass in Skim_TriLep_TTG.root
2026-07-28 10:06:14,984 - INFO - [2017] MISSING_CENTRAL: WZ3Mu/Central/ZCand/mass in Skim_TriLep_DYJets10to50.root
2026-07-28 10:06:19,854 - INFO - [2018] MISSING_CENTRAL: WZ3Mu/Central/ZCand/mass in Skim_TriLep_DYJets10to50.root
2026-07-28 10:06:24,564 - INFO - [2022] MISSING_CENTRAL: WZ3Mu/Central/ZCand/mass in Skim_TriLep_DYJets.root
2026-07-28 10:06:24,572 - INFO - [2022] MISSING_CENTRAL: WZ3Mu/Central/ZCand/mass in Skim_TriLep_DYJets10to50.root
2026-07-28 10:06:24,580 - INFO - [2022] MISSING_CENTRAL: WZ3Mu/Central/ZCand/mass in Skim_TriLep_TTG_PTG10to100.root
2026-07-28 10:06:24,587 - INFO - [2022] MISSING_CENTRAL: WZ3Mu/Central/ZCand/mass in Skim_TriLep_TTG_PTG100to200.root
2026-07-28 10:06:24,595 - INFO - [2022] MISSING_CENTRAL: WZ3Mu/Central/ZCand/mass in Skim_TriLep_TTG_PTG200toInf.root
2026-07-28 10:06:28,778 - INFO - [2022EE] MISSING_CENTRAL: WZ3Mu/Central/ZCand/mass in Skim_TriLep_DYJets.root
2026-07-28 10:06:28,786 - INFO - [2022EE] MISSING_CENTRAL: WZ3Mu/Central/ZCand/mass in Skim_TriLep_DYJets10to50.root
2026-07-28 10:06:34,113 - INFO - [2023] MISSING_CENTRAL: WZ3Mu/Central/ZCand/mass in Skim_TriLep_DYJets10to50.root
2026-07-28 10:06:34,349 - INFO - [2023] MISSING_CENTRAL: WZ3Mu/Central/ZCand/mass in Skim_TriLep_TTG_PTG100to200.root
2026-07-28 10:06:34,357 - INFO - [2023] MISSING_CENTRAL: WZ3Mu/Central/ZCand/mass in Skim_TriLep_TTG_PTG200toInf.root
2026-07-28 10:06:38,982 - INFO - [2023BPix] MISSING_CENTRAL: WZ3Mu/Central/ZCand/mass in Skim_TriLep_DYJets10to50.root
2026-07-28 10:06:39,216 - INFO - [2023BPix] MISSING_CENTRAL: WZ3Mu/Central/ZCand/mass in Skim_TriLep_TTG_PTG100to200.root
2026-07-28 10:06:39,224 - INFO - [2023BPix] MISSING_CENTRAL: WZ3Mu/Central/ZCand/mass in Skim_TriLep_TTG_PTG200toInf.root
2026-07-28 10:06:43,930 - INFO - [2016preVFP] MISSING_CENTRAL: TTZ2E1Mu/Central/ZCand/mass in Skim_TriLep_DYJets10to50.root
2026-07-28 10:06:49,332 - INFO - [2016postVFP] MISSING_CENTRAL: TTZ2E1Mu/Central/ZCand/mass in Skim_TriLep_DYJets.root
2026-07-28 10:06:49,341 - INFO - [2016postVFP] MISSING_CENTRAL: TTZ2E1Mu/Central/ZCand/mass in Skim_TriLep_DYJets10to50.root
2026-07-28 10:06:55,259 - INFO - [2017] MISSING_CENTRAL: TTZ2E1Mu/Central/ZCand/mass in Skim_TriLep_DYJets10to50.root
2026-07-28 10:07:01,186 - INFO - [2018] MISSING_CENTRAL: TTZ2E1Mu/Central/ZCand/mass in Skim_TriLep_DYJets10to50.root
2026-07-28 10:07:06,811 - INFO - [2022] MISSING_CENTRAL: TTZ2E1Mu/Central/ZCand/mass in Skim_TriLep_DYJets.root
2026-07-28 10:07:06,820 - INFO - [2022] MISSING_CENTRAL: TTZ2E1Mu/Central/ZCand/mass in Skim_TriLep_DYJets10to50.root
2026-07-28 10:07:13,026 - INFO - [2022EE] MISSING_CENTRAL: TTZ2E1Mu/Central/ZCand/mass in Skim_TriLep_DYJets10to50.root
2026-07-28 10:07:17,106 - INFO - [2022EE] MISSING_CENTRAL: TTZ2E1Mu/Central/ZCand/mass in Skim_TriLep_WWW.root
2026-07-28 10:07:18,819 - INFO - [2023] MISSING_CENTRAL: TTZ2E1Mu/Central/ZCand/mass in Skim_TriLep_DYJets.root
2026-07-28 10:07:18,828 - INFO - [2023] MISSING_CENTRAL: TTZ2E1Mu/Central/ZCand/mass in Skim_TriLep_DYJets10to50.root
2026-07-28 10:07:22,990 - INFO - [2023] MISSING_CENTRAL: TTZ2E1Mu/Central/ZCand/mass in Skim_TriLep_WWW.root
2026-07-28 10:07:25,035 - INFO - [2023BPix] MISSING_CENTRAL: TTZ2E1Mu/Central/ZCand/mass in Skim_TriLep_DYJets10to50.root
2026-07-28 11:50:57,042 - INFO - [2016preVFP] MISSING_SYSTEMATIC: WZ3Mu/UnclusteredEn_Up/ZCand/mass in Skim_TriLep_DYJets.root
2026-07-28 11:50:57,099 - INFO - [2016preVFP] MISSING_CENTRAL: WZ3Mu/Central/ZCand/mass in Skim_TriLep_DYJets10to50.root
2026-07-28 11:50:57,106 - INFO - [2016preVFP] MISSING_CENTRAL: WZ3Mu/Central/ZCand/mass in Skim_TriLep_TTG.root
2026-07-28 11:51:01,433 - INFO - [2016postVFP] MISSING_SYSTEMATIC: WZ3Mu/JetEn_Down/ZCand/mass in Skim_TriLep_DYJets.root
2026-07-28 11:51:01,563 - INFO - [2016postVFP] MISSING_CENTRAL: WZ3Mu/Central/ZCand/mass in Skim_TriLep_DYJets10to50.root
2026-07-28 11:51:01,570 - INFO - [2016postVFP] MISSING_CENTRAL: WZ3Mu/Central/ZCand/mass in Skim_TriLep_TTG.root
2026-07-28 11:51:06,106 - INFO - [2017] MISSING_CENTRAL: WZ3Mu/Central/ZCand/mass in Skim_TriLep_DYJets10to50.root
2026-07-28 11:51:10,909 - INFO - [2018] MISSING_CENTRAL: WZ3Mu/Central/ZCand/mass in Skim_TriLep_DYJets10to50.root
2026-07-28 11:51:15,560 - INFO - [2022] MISSING_CENTRAL: WZ3Mu/Central/ZCand/mass in Skim_TriLep_DYJets.root
2026-07-28 11:51:15,568 - INFO - [2022] MISSING_CENTRAL: WZ3Mu/Central/ZCand/mass in Skim_TriLep_DYJets10to50.root
2026-07-28 11:51:15,576 - INFO - [2022] MISSING_CENTRAL: WZ3Mu/Central/ZCand/mass in Skim_TriLep_TTG_PTG10to100.root
2026-07-28 11:51:15,583 - INFO - [2022] MISSING_CENTRAL: WZ3Mu/Central/ZCand/mass in Skim_TriLep_TTG_PTG100to200.root
2026-07-28 11:51:15,591 - INFO - [2022] MISSING_CENTRAL: WZ3Mu/Central/ZCand/mass in Skim_TriLep_TTG_PTG200toInf.root
2026-07-28 11:51:19,823 - INFO - [2022EE] MISSING_CENTRAL: WZ3Mu/Central/ZCand/mass in Skim_TriLep_DYJets.root
2026-07-28 11:51:19,831 - INFO - [2022EE] MISSING_CENTRAL: WZ3Mu/Central/ZCand/mass in Skim_TriLep_DYJets10to50.root
2026-07-28 11:51:25,088 - INFO - [2023] MISSING_CENTRAL: WZ3Mu/Central/ZCand/mass in Skim_TriLep_DYJets10to50.root
2026-07-28 11:51:25,324 - INFO - [2023] MISSING_CENTRAL: WZ3Mu/Central/ZCand/mass in Skim_TriLep_TTG_PTG100to200.root
2026-07-28 11:51:25,332 - INFO - [2023] MISSING_CENTRAL: WZ3Mu/Central/ZCand/mass in Skim_TriLep_TTG_PTG200toInf.root
2026-07-28 11:51:29,986 - INFO - [2023BPix] MISSING_CENTRAL: WZ3Mu/Central/ZCand/mass in Skim_TriLep_DYJets10to50.root
2026-07-28 11:51:30,226 - INFO - [2023BPix] MISSING_CENTRAL: WZ3Mu/Central/ZCand/mass in Skim_TriLep_TTG_PTG100to200.root
2026-07-28 11:51:30,234 - INFO - [2023BPix] MISSING_CENTRAL: WZ3Mu/Central/ZCand/mass in Skim_TriLep_TTG_PTG200toInf.root
2026-07-28 11:51:34,924 - INFO - [2016preVFP] MISSING_CENTRAL: TTZ2E1Mu/Central/ZCand/mass in Skim_TriLep_DYJets10to50.root
2026-07-28 11:51:40,277 - INFO - [2016postVFP] MISSING_CENTRAL: TTZ2E1Mu/Central/ZCand/mass in Skim_TriLep_DYJets.root
2026-07-28 11:51:40,286 - INFO - [2016postVFP] MISSING_CENTRAL: TTZ2E1Mu/Central/ZCand/mass in Skim_TriLep_DYJets10to50.root
2026-07-28 11:51:46,135 - INFO - [2017] MISSING_CENTRAL: TTZ2E1Mu/Central/ZCand/mass in Skim_TriLep_DYJets10to50.root
2026-07-28 11:51:52,093 - INFO - [2018] MISSING_CENTRAL: TTZ2E1Mu/Central/ZCand/mass in Skim_TriLep_DYJets10to50.root
2026-07-28 11:51:57,799 - INFO - [2022] MISSING_CENTRAL: TTZ2E1Mu/Central/ZCand/mass in Skim_TriLep_DYJets.root
2026-07-28 11:51:57,808 - INFO - [2022] MISSING_CENTRAL: TTZ2E1Mu/Central/ZCand/mass in Skim_TriLep_DYJets10to50.root
2026-07-28 11:52:04,103 - INFO - [2022EE] MISSING_CENTRAL: TTZ2E1Mu/Central/ZCand/mass in Skim_TriLep_DYJets10to50.root
2026-07-28 11:52:08,153 - INFO - [2022EE] MISSING_CENTRAL: TTZ2E1Mu/Central/ZCand/mass in Skim_TriLep_WWW.root
2026-07-28 11:52:09,847 - INFO - [2023] MISSING_CENTRAL: TTZ2E1Mu/Central/ZCand/mass in Skim_TriLep_DYJets.root
2026-07-28 11:52:09,855 - INFO - [2023] MISSING_CENTRAL: TTZ2E1Mu/Central/ZCand/mass in Skim_TriLep_DYJets10to50.root
2026-07-28 11:52:14,005 - INFO - [2023] MISSING_CENTRAL: TTZ2E1Mu/Central/ZCand/mass in Skim_TriLep_WWW.root
2026-07-28 11:52:16,011 - INFO - [2023BPix] MISSING_CENTRAL: TTZ2E1Mu/Central/ZCand/mass in Skim_TriLep_DYJets10to50.root
2026-09-03 14:32:40,312 - INFO - [2016preVFP] MISSING_SYSTEMATIC: WZ3Mu/UnclusteredEn_Up/ZCand/mass in Skim_TriLep_DYJets.root
2026-09-03 14:32:40,378 - INFO - [2016preVFP] MISSING_CENTRAL: WZ3Mu/Central/ZCand/mass in Skim_TriLep_DYJets10to50.root
2026-09-03 14:32:40,386 - INFO - [2016preVFP] MISSING_CENTRAL: WZ3Mu/Central/ZCand/mass in Skim_TriLep_TTG.root
2026-09-03 14:32:45,952 - INFO - [2016postVFP] MISSING_SYSTEMATIC: WZ3Mu/JetEn_Down/ZCand/mass in Skim_TriLep_DYJets.root
2026-09-03 14:32:46,100 - INFO - [2016postVFP] MISSING_CENTRAL: WZ3Mu/Central/ZCand/mass in Skim_TriLep_DYJets10to50.root
2026-09-03 14:32:46,108 - INFO - [2016postVFP] MISSING_CENTRAL: WZ3Mu/Central/ZCand/mass in Skim_TriLep_TTG.root
2026-09-03 14:32:52,012 - INFO - [2017] MISSING_CENTRAL: WZ3Mu/Central/ZCand/mass in Skim_TriLep_DYJets10to50.root
2026-09-03 14:32:58,299 - INFO - [2018] MISSING_CENTRAL: WZ3Mu/Central/ZCand/mass in Skim_TriLep_DYJets10to50.root
2026-09-03 14:33:04,286 - INFO - [2022] MISSING_CENTRAL: WZ3Mu/Central/ZCand/mass in Skim_TriLep_DYJets.root
2026-09-03 14:33:04,294 - INFO - [2022] MISSING_CENTRAL: WZ3Mu/Central/ZCand/mass in Skim_TriLep_DYJets10to50.root
2026-09-03 14:33:04,302 - INFO - [2022] MISSING_CENTRAL: WZ3Mu/Central/ZCand/mass in Skim_TriLep_TTG_PTG10to100.root
2026-09-03 14:33:04,310 - INFO - [2022] MISSING_CENTRAL: WZ3Mu/Central/ZCand/mass in Skim_TriLep_TTG_PTG100to200.root
2026-09-03 14:33:04,318 - INFO - [2022] MISSING_CENTRAL: WZ3Mu/Central/ZCand/mass in Skim_TriLep_TTG_PTG200toInf.root
2026-09-03 14:33:09,910 - INFO - [2022EE] MISSING_CENTRAL: WZ3Mu/Central/ZCand/mass in Skim_TriLep_DYJets.root
2026-09-03 14:33:09,918 - INFO - [2022EE] MISSING_CENTRAL: WZ3Mu/Central/ZCand/mass in Skim_TriLep_DYJets10to50.root
2026-09-03 14:33:16,796 - INFO - [2023] MISSING_CENTRAL: WZ3Mu/Central/ZCand/mass in Skim_TriLep_DYJets10to50.root
2026-09-03 14:33:17,072 - INFO - [2023] MISSING_CENTRAL: WZ3Mu/Central/ZCand/mass in Skim_TriLep_TTG_PTG100to200.root
2026-09-03 14:33:17,081 - INFO - [2023] MISSING_CENTRAL: WZ3Mu/Central/ZCand/mass in Skim_TriLep_TTG_PTG200toInf.root
2026-09-03 14:33:23,035 - INFO - [2023BPix] MISSING_CENTRAL: WZ3Mu/Central/ZCand/mass in Skim_TriLep_DYJets10to50.root
2026-09-03 14:33:23,330 - INFO - [2023BPix] MISSING_CENTRAL: WZ3Mu/Central/ZCand/mass in Skim_TriLep_TTG_PTG100to200.root
2026-09-03 14:33:23,338 - INFO - [2023BPix] MISSING_CENTRAL: WZ3Mu/Central/ZCand/mass in Skim_TriLep_TTG_PTG200toInf.root
2026-09-03 14:33:29,574 - INFO - [2016preVFP] MISSING_CENTRAL: TTZ2E1Mu/Central/ZCand/mass in Skim_TriLep_DYJets10to50.root
2026-09-03 14:33:39,167 - INFO - [2016postVFP] MISSING_CENTRAL: TTZ2E1Mu/Central/ZCand/mass in Skim_TriLep_DYJets.root
2026-09-03 14:33:39,179 - INFO - [2016postVFP] MISSING_CENTRAL: TTZ2E1Mu/Central/ZCand/mass in Skim_TriLep_DYJets10to50.root
2026-09-03 14:33:49,581 - INFO - [2017] MISSING_CENTRAL: TTZ2E1Mu/Central/ZCand/mass in Skim_TriLep_DYJets10to50.root
2026-09-03 14:33:59,938 - INFO - [2018] MISSING_CENTRAL: TTZ2E1Mu/Central/ZCand/mass in Skim_TriLep_DYJets10to50.root
2026-09-03 14:34:09,749 - INFO - [2022] MISSING_CENTRAL: TTZ2E1Mu/Central/ZCand/mass in Skim_TriLep_DYJets.root
2026-09-03 14:34:09,794 - INFO - [2022] MISSING_CENTRAL: TTZ2E1Mu/Central/ZCand/mass in Skim_TriLep_DYJets10to50.root
2026-09-03 14:34:19,924 - INFO - [2022EE] MISSING_CENTRAL: TTZ2E1Mu/Central/ZCand/mass in Skim_TriLep_DYJets10to50.root
2026-09-03 14:34:26,939 - INFO - [2022EE] MISSING_CENTRAL: TTZ2E1Mu/Central/ZCand/mass in Skim_TriLep_WWW.root
2026-09-03 14:34:30,012 - INFO - [2023] MISSING_CENTRAL: TTZ2E1Mu/Central/ZCand/mass in Skim_TriLep_DYJets.root
2026-09-03 14:34:30,042 - INFO - [2023] MISSING_CENTRAL: TTZ2E1Mu/Central/ZCand/mass in Skim_TriLep_DYJets10to50.root
2026-09-03 14:34:36,780 - INFO - [2023] MISSING_CENTRAL: TTZ2E1Mu/Central/ZCand/mass in Skim_TriLep_WWW.root
2026-09-03 14:34:40,073 - INFO - [2023BPix] MISSING_CENTRAL: TTZ2E1Mu/Central/ZCand/mass in Skim_TriLep_DYJets10to50.root
2026-09-03 15:09:51,789 - INFO - [2016preVFP] MISSING_SYSTEMATIC: WZ3Mu/UnclusteredEn_Up/ZCand/mass in Skim_TriLep_DYJets.root
2026-09-03 15:09:51,850 - INFO - [2016preVFP] MISSING_CENTRAL: WZ3Mu/Central/ZCand/mass in Skim_TriLep_DYJets10to50.root
2026-09-03 15:09:51,858 - INFO - [2016preVFP] MISSING_CENTRAL: WZ3Mu/Central/ZCand/mass in Skim_TriLep_TTG.root
2026-09-03 15:09:56,334 - INFO - [2016postVFP] MISSING_SYSTEMATIC: WZ3Mu/JetEn_Down/ZCand/mass in Skim_TriLep_DYJets.root
2026-09-03 15:09:56,467 - INFO - [2016postVFP] MISSING_CENTRAL: WZ3Mu/Central/ZCand/mass in Skim_TriLep_DYJets10to50.root
2026-09-03 15:09:56,474 - INFO - [2016postVFP] MISSING_CENTRAL: WZ3Mu/Central/ZCand/mass in Skim_TriLep_TTG.root
2026-09-03 15:10:01,159 - INFO - [2017] MISSING_CENTRAL: WZ3Mu/Central/ZCand/mass in Skim_TriLep_DYJets10to50.root
2026-09-03 15:10:06,162 - INFO - [2018] MISSING_CENTRAL: WZ3Mu/Central/ZCand/mass in Skim_TriLep_DYJets10to50.root
2026-09-03 15:10:11,046 - INFO - [2022] MISSING_CENTRAL: WZ3Mu/Central/ZCand/mass in Skim_TriLep_DYJets.root
2026-09-03 15:10:11,054 - INFO - [2022] MISSING_CENTRAL: WZ3Mu/Central/ZCand/mass in Skim_TriLep_DYJets10to50.root
2026-09-03 15:10:11,062 - INFO - [2022] MISSING_CENTRAL: WZ3Mu/Central/ZCand/mass in Skim_TriLep_TTG_PTG10to100.root
2026-09-03 15:10:11,070 - INFO - [2022] MISSING_CENTRAL: WZ3Mu/Central/ZCand/mass in Skim_TriLep_TTG_PTG100to200.root
2026-09-03 15:10:11,078 - INFO - [2022] MISSING_CENTRAL: WZ3Mu/Central/ZCand/mass in Skim_TriLep_TTG_PTG200toInf.root
2026-09-03 15:10:15,441 - INFO - [2022EE] MISSING_CENTRAL: WZ3Mu/Central/ZCand/mass in Skim_TriLep_DYJets.root
2026-09-03 15:10:15,449 - INFO - [2022EE] MISSING_CENTRAL: WZ3Mu/Central/ZCand/mass in Skim_TriLep_DYJets10to50.root
2026-09-03 15:10:20,844 - INFO - [2023] MISSING_CENTRAL: WZ3Mu/Central/ZCand/mass in Skim_TriLep_DYJets10to50.root
2026-09-03 15:10:21,083 - INFO - [2023] MISSING_CENTRAL: WZ3Mu/Central/ZCand/mass in Skim_TriLep_TTG_PTG100to200.root
2026-09-03 15:10:21,091 - INFO - [2023] MISSING_CENTRAL: WZ3Mu/Central/ZCand/mass in Skim_TriLep_TTG_PTG200toInf.root
2026-09-03 15:10:25,831 - INFO - [2023BPix] MISSING_CENTRAL: WZ3Mu/Central/ZCand/mass in Skim_TriLep_DYJets10to50.root
2026-09-03 15:10:26,074 - INFO - [2023BPix] MISSING_CENTRAL: WZ3Mu/Central/ZCand/mass in Skim_TriLep_TTG_PTG100to200.root
2026-09-03 15:10:26,082 - INFO - [2023BPix] MISSING_CENTRAL: WZ3Mu/Central/ZCand/mass in Skim_TriLep_TTG_PTG200toInf.root
2026-09-03 15:10:30,984 - INFO - [2016preVFP] MISSING_CENTRAL: TTZ2E1Mu/Central/ZCand/mass in Skim_TriLep_DYJets10to50.root
2026-09-03 15:10:36,970 - INFO - [2016postVFP] MISSING_CENTRAL: TTZ2E1Mu/Central/ZCand/mass in Skim_TriLep_DYJets.root
2026-09-03 15:10:36,979 - INFO - [2016postVFP] MISSING_CENTRAL: TTZ2E1Mu/Central/ZCand/mass in Skim_TriLep_DYJets10to50.root
2026-09-03 15:10:43,369 - INFO - [2017] MISSING_CENTRAL: TTZ2E1Mu/Central/ZCand/mass in Skim_TriLep_DYJets10to50.root
2026-09-03 15:10:49,801 - INFO - [2018] MISSING_CENTRAL: TTZ2E1Mu/Central/ZCand/mass in Skim_TriLep_DYJets10to50.root
2026-09-03 15:10:55,992 - INFO - [2022] MISSING_CENTRAL: TTZ2E1Mu/Central/ZCand/mass in Skim_TriLep_DYJets.root
2026-09-03 15:10:56,001 - INFO - [2022] MISSING_CENTRAL: TTZ2E1Mu/Central/ZCand/mass in Skim_TriLep_DYJets10to50.root
2026-09-03 15:11:02,830 - INFO - [2022EE] MISSING_CENTRAL: TTZ2E1Mu/Central/ZCand/mass in Skim_TriLep_DYJets10to50.root
2026-09-03 15:11:07,379 - INFO - [2022EE] MISSING_CENTRAL: TTZ2E1Mu/Central/ZCand/mass in Skim_TriLep_WWW.root
2026-09-03 15:11:09,285 - INFO - [2023] MISSING_CENTRAL: TTZ2E1Mu/Central/ZCand/mass in Skim_TriLep_DYJets.root
2026-09-03 15:11:09,294 - INFO - [2023] MISSING_CENTRAL: TTZ2E1Mu/Central/ZCand/mass in Skim_TriLep_DYJets10to50.root
2026-09-03 15:11:13,833 - INFO - [2023] MISSING_CENTRAL: TTZ2E1Mu/Central/ZCand/mass in Skim_TriLep_WWW.root
2026-09-03 15:11:15,999 - INFO - [2023BPix] MISSING_CENTRAL: TTZ2E1Mu/Central/ZCand/mass in Skim_TriLep_DYJets10to50.root
2026-09-03 15:13:55,319 - INFO - [2016preVFP] MISSING_SYSTEMATIC: WZ3Mu/UnclusteredEn_Up/ZCand/mass in Skim_TriLep_DYJets.root
2026-09-03 15:13:55,378 - INFO - [2016preVFP] MISSING_CENTRAL: WZ3Mu/Central/ZCand/mass in Skim_TriLep_DYJets10to50.root
2026-09-03 15:13:55,385 - INFO - [2016preVFP] MISSING_CENTRAL: WZ3Mu/Central/ZCand/mass in Skim_TriLep_TTG.root
2026-09-03 15:13:59,893 - INFO - [2016postVFP] MISSING_SYSTEMATIC: WZ3Mu/JetEn_Down/ZCand/mass in Skim_TriLep_DYJets.root
2026-09-03 15:14:00,036 - INFO - [2016postVFP] MISSING_CENTRAL: WZ3Mu/Central/ZCand/mass in Skim_TriLep_DYJets10to50.root
2026-09-03 15:14:00,044 - INFO - [2016postVFP] MISSING_CENTRAL: WZ3Mu/Central/ZCand/mass in Skim_TriLep_TTG.root
2026-09-03 15:14:04,898 - INFO - [2017] MISSING_CENTRAL: WZ3Mu/Central/ZCand/mass in Skim_TriLep_DYJets10to50.root
2026-09-03 15:14:09,871 - INFO - [2018] MISSING_CENTRAL: WZ3Mu/Central/ZCand/mass in Skim_TriLep_DYJets10to50.root
2026-09-03 15:14:14,657 - INFO - [2022] MISSING_CENTRAL: WZ3Mu/Central/ZCand/mass in Skim_TriLep_DYJets.root
2026-09-03 15:14:14,665 - INFO - [2022] MISSING_CENTRAL: WZ3Mu/Central/ZCand/mass in Skim_TriLep_DYJets10to50.root
2026-09-03 15:14:14,673 - INFO - [2022] MISSING_CENTRAL: WZ3Mu/Central/ZCand/mass in Skim_TriLep_TTG_PTG10to100.root
2026-09-03 15:14:14,681 - INFO - [2022] MISSING_CENTRAL: WZ3Mu/Central/ZCand/mass in Skim_TriLep_TTG_PTG100to200.root
2026-09-03 15:14:14,688 - INFO - [2022] MISSING_CENTRAL: WZ3Mu/Central/ZCand/mass in Skim_TriLep_TTG_PTG200toInf.root
2026-09-03 15:14:19,000 - INFO - [2022EE] MISSING_CENTRAL: WZ3Mu/Central/ZCand/mass in Skim_TriLep_DYJets.root
2026-09-03 15:14:19,008 - INFO - [2022EE] MISSING_CENTRAL: WZ3Mu/Central/ZCand/mass in Skim_TriLep_DYJets10to50.root
2026-09-03 15:14:24,374 - INFO - [2023] MISSING_CENTRAL: WZ3Mu/Central/ZCand/mass in Skim_TriLep_DYJets10to50.root
2026-09-03 15:14:24,611 - INFO - [2023] MISSING_CENTRAL: WZ3Mu/Central/ZCand/mass in Skim_TriLep_TTG_PTG100to200.root
2026-09-03 15:14:24,620 - INFO - [2023] MISSING_CENTRAL: WZ3Mu/Central/ZCand/mass in Skim_TriLep_TTG_PTG200toInf.root
2026-09-03 15:14:29,394 - INFO - [2023BPix] MISSING_CENTRAL: WZ3Mu/Central/ZCand/mass in Skim_TriLep_DYJets10to50.root
2026-09-03 15:14:29,641 - INFO - [2023BPix] MISSING_CENTRAL: WZ3Mu/Central/ZCand/mass in Skim_TriLep_TTG_PTG100to200.root
2026-09-03 15:14:29,649 - INFO - [2023BPix] MISSING_CENTRAL: WZ3Mu/Central/ZCand/mass in Skim_TriLep_TTG_PTG200toInf.root
2026-09-03 15:14:34,589 - INFO - [2016preVFP] MISSING_CENTRAL: TTZ2E1Mu/Central/ZCand/mass in Skim_TriLep_DYJets10to50.root
2026-09-03 15:14:40,508 - INFO - [2016postVFP] MISSING_CENTRAL: TTZ2E1Mu/Central/ZCand/mass in Skim_TriLep_DYJets.root
2026-09-03 15:14:40,516 - INFO - [2016postVFP] MISSING_CENTRAL: TTZ2E1Mu/Central/ZCand/mass in Skim_TriLep_DYJets10to50.root
2026-09-03 15:14:46,960 - INFO - [2017] MISSING_CENTRAL: TTZ2E1Mu/Central/ZCand/mass in Skim_TriLep_DYJets10to50.root
2026-09-03 15:14:53,484 - INFO - [2018] MISSING_CENTRAL: TTZ2E1Mu/Central/ZCand/mass in Skim_TriLep_DYJets10to50.root
2026-09-03 15:14:59,865 - INFO - [2022] MISSING_CENTRAL: TTZ2E1Mu/Central/ZCand/mass in Skim_TriLep_DYJets.root
2026-09-03 15:14:59,875 - INFO - [2022] MISSING_CENTRAL: TTZ2E1Mu/Central/ZCand/mass in Skim_TriLep_DYJets10to50.root
2026-09-03 15:15:06,738 - INFO - [2022EE] MISSING_CENTRAL: TTZ2E1Mu/Central/ZCand/mass in Skim_TriLep_DYJets10to50.root
2026-09-03 15:15:11,217 - INFO - [2022EE] MISSING_CENTRAL: TTZ2E1Mu/Central/ZCand/mass in Skim_TriLep_WWW.root
2026-09-03 15:15:13,091 - INFO - [2023] MISSING_CENTRAL: TTZ2E1Mu/Central/ZCand/mass in Skim_TriLep_DYJets.root
2026-09-03 15:15:13,100 - INFO - [2023] MISSING_CENTRAL: TTZ2E1Mu/Central/ZCand/mass in Skim_TriLep_DYJets10to50.root
2026-09-03 15:15:17,668 - INFO - [2023] MISSING_CENTRAL: TTZ2E1Mu/Central/ZCand/mass in Skim_TriLep_WWW.root
2026-09-03 15:15:19,878 - INFO - [2023BPix] MISSING_CENTRAL: TTZ2E1Mu/Central/ZCand/mass in Skim_TriLep_DYJets10to50.root
2026-09-03 15:21:54,138 - INFO - [2016preVFP] MISSING_SYSTEMATIC: WZ3Mu/UnclusteredEn_Up/ZCand/mass in Skim_TriLep_DYJets.root
2026-09-03 15:21:54,199 - INFO - [2016preVFP] MISSING_CENTRAL: WZ3Mu/Central/ZCand/mass in Skim_TriLep_DYJets10to50.root
2026-09-03 15:21:54,207 - INFO - [2016preVFP] MISSING_CENTRAL: WZ3Mu/Central/ZCand/mass in Skim_TriLep_TTG.root
2026-09-03 15:21:58,742 - INFO - [2016postVFP] MISSING_SYSTEMATIC: WZ3Mu/JetEn_Down/ZCand/mass in Skim_TriLep_DYJets.root
2026-09-03 15:21:58,880 - INFO - [2016postVFP] MISSING_CENTRAL: WZ3Mu/Central/ZCand/mass in Skim_TriLep_DYJets10to50.root
2026-09-03 15:21:58,888 - INFO - [2016postVFP] MISSING_CENTRAL: WZ3Mu/Central/ZCand/mass in Skim_TriLep_TTG.root
2026-09-03 15:22:03,631 - INFO - [2017] MISSING_CENTRAL: WZ3Mu/Central/ZCand/mass in Skim_TriLep_DYJets10to50.root
2026-09-03 15:22:08,678 - INFO - [2018] MISSING_CENTRAL: WZ3Mu/Central/ZCand/mass in Skim_TriLep_DYJets10to50.root
2026-09-03 15:22:13,782 - INFO - [2022] MISSING_CENTRAL: WZ3Mu/Central/ZCand/mass in Skim_TriLep_DYJets.root
2026-09-03 15:22:13,790 - INFO - [2022] MISSING_CENTRAL: WZ3Mu/Central/ZCand/mass in Skim_TriLep_DYJets10to50.root
2026-09-03 15:22:13,799 - INFO - [2022] MISSING_CENTRAL: WZ3Mu/Central/ZCand/mass in Skim_TriLep_TTG_PTG10to100.root
2026-09-03 15:22:13,808 - INFO - [2022] MISSING_CENTRAL: WZ3Mu/Central/ZCand/mass in Skim_TriLep_TTG_PTG100to200.root
2026-09-03 15:22:13,816 - INFO - [2022] MISSING_CENTRAL: WZ3Mu/Central/ZCand/mass in Skim_TriLep_TTG_PTG200toInf.root
2026-09-03 15:22:18,473 - INFO - [2022EE] MISSING_CENTRAL: WZ3Mu/Central/ZCand/mass in Skim_TriLep_DYJets.root
2026-09-03 15:22:18,481 - INFO - [2022EE] MISSING_CENTRAL: WZ3Mu/Central/ZCand/mass in Skim_TriLep_DYJets10to50.root
2026-09-03 15:22:23,889 - INFO - [2023] MISSING_CENTRAL: WZ3Mu/Central/ZCand/mass in Skim_TriLep_DYJets10to50.root
2026-09-03 15:22:24,126 - INFO - [2023] MISSING_CENTRAL: WZ3Mu/Central/ZCand/mass in Skim_TriLep_TTG_PTG100to200.root
2026-09-03 15:22:24,134 - INFO - [2023] MISSING_CENTRAL: WZ3Mu/Central/ZCand/mass in Skim_TriLep_TTG_PTG200toInf.root
2026-09-03 15:22:28,839 - INFO - [2023BPix] MISSING_CENTRAL: WZ3Mu/Central/ZCand/mass in Skim_TriLep_DYJets10to50.root
2026-09-03 15:22:29,081 - INFO - [2023BPix] MISSING_CENTRAL: WZ3Mu/Central/ZCand/mass in Skim_TriLep_TTG_PTG100to200.root
2026-09-03 15:22:29,089 - INFO - [2023BPix] MISSING_CENTRAL: WZ3Mu/Central/ZCand/mass in Skim_TriLep_TTG_PTG200toInf.root
2026-09-03 15:22:33,974 - INFO - [2016preVFP] MISSING_CENTRAL: TTZ2E1Mu/Central/ZCand/mass in Skim_TriLep_DYJets10to50.root
2026-09-03 15:22:39,912 - INFO - [2016postVFP] MISSING_CENTRAL: TTZ2E1Mu/Central/ZCand/mass in Skim_TriLep_DYJets.root
2026-09-03 15:22:39,921 - INFO - [2016postVFP] MISSING_CENTRAL: TTZ2E1Mu/Central/ZCand/mass in Skim_TriLep_DYJets10to50.root
2026-09-03 15:22:46,285 - INFO - [2017] MISSING_CENTRAL: TTZ2E1Mu/Central/ZCand/mass in Skim_TriLep_DYJets10to50.root
2026-09-03 15:22:52,762 - INFO - [2018] MISSING_CENTRAL: TTZ2E1Mu/Central/ZCand/mass in Skim_TriLep_DYJets10to50.root
2026-09-03 15:22:58,917 - INFO - [2022] MISSING_CENTRAL: TTZ2E1Mu/Central/ZCand/mass in Skim_TriLep_DYJets.root
2026-09-03 15:22:58,926 - INFO - [2022] MISSING_CENTRAL: TTZ2E1Mu/Central/ZCand/mass in Skim_TriLep_DYJets10to50.root
2026-09-03 15:23:05,868 - INFO - [2022EE] MISSING_CENTRAL: TTZ2E1Mu/Central/ZCand/mass in Skim_TriLep_DYJets10to50.root
2026-09-03 15:23:10,343 - INFO - [2022EE] MISSING_CENTRAL: TTZ2E1Mu/Central/ZCand/mass in Skim_TriLep_WWW.root
2026-09-03 15:23:12,238 - INFO - [2023] MISSING_CENTRAL: TTZ2E1Mu/Central/ZCand/mass in Skim_TriLep_DYJets.root
2026-09-03 15:23:12,248 - INFO - [2023] MISSING_CENTRAL: TTZ2E1Mu/Central/ZCand/mass in Skim_TriLep_DYJets10to50.root
2026-09-03 15:23:16,817 - INFO - [2023] MISSING_CENTRAL: TTZ2E1Mu/Central/ZCand/mass in Skim_TriLep_WWW.root
2026-09-03 15:23:19,014 - INFO - [2023BPix] MISSING_CENTRAL: TTZ2E1Mu/Central/ZCand/mass in Skim_TriLep_DYJets10to50.root
2026-09-03 15:26:32,634 - INFO - [2016preVFP] MISSING_SYSTEMATIC: WZ3Mu/UnclusteredEn_Up/ZCand/mass in Skim_TriLep_DYJets.root
2026-09-03 15:26:32,694 - INFO - [2016preVFP] MISSING_CENTRAL: WZ3Mu/Central/ZCand/mass in Skim_TriLep_DYJets10to50.root
2026-09-03 15:26:32,701 - INFO - [2016preVFP] MISSING_CENTRAL: WZ3Mu/Central/ZCand/mass in Skim_TriLep_TTG.root
2026-09-03 15:26:37,122 - INFO - [2016postVFP] MISSING_SYSTEMATIC: WZ3Mu/JetEn_Down/ZCand/mass in Skim_TriLep_DYJets.root
2026-09-03 15:26:37,253 - INFO - [2016postVFP] MISSING_CENTRAL: WZ3Mu/Central/ZCand/mass in Skim_TriLep_DYJets10to50.root
2026-09-03 15:26:37,261 - INFO - [2016postVFP] MISSING_CENTRAL: WZ3Mu/Central/ZCand/mass in Skim_TriLep_TTG.root
2026-09-03 15:26:41,954 - INFO - [2017] MISSING_CENTRAL: WZ3Mu/Central/ZCand/mass in Skim_TriLep_DYJets10to50.root
2026-09-03 15:26:47,021 - INFO - [2018] MISSING_CENTRAL: WZ3Mu/Central/ZCand/mass in Skim_TriLep_DYJets10to50.root
2026-09-03 15:26:51,864 - INFO - [2022] MISSING_CENTRAL: WZ3Mu/Central/ZCand/mass in Skim_TriLep_DYJets.root
2026-09-03 15:26:51,872 - INFO - [2022] MISSING_CENTRAL: WZ3Mu/Central/ZCand/mass in Skim_TriLep_DYJets10to50.root
2026-09-03 15:26:51,880 - INFO - [2022] MISSING_CENTRAL: WZ3Mu/Central/ZCand/mass in Skim_TriLep_TTG_PTG10to100.root
2026-09-03 15:26:51,887 - INFO - [2022] MISSING_CENTRAL: WZ3Mu/Central/ZCand/mass in Skim_TriLep_TTG_PTG100to200.root
2026-09-03 15:26:51,895 - INFO - [2022] MISSING_CENTRAL: WZ3Mu/Central/ZCand/mass in Skim_TriLep_TTG_PTG200toInf.root
2026-09-03 15:26:56,225 - INFO - [2022EE] MISSING_CENTRAL: WZ3Mu/Central/ZCand/mass in Skim_TriLep_DYJets.root
2026-09-03 15:26:56,233 - INFO - [2022EE] MISSING_CENTRAL: WZ3Mu/Central/ZCand/mass in Skim_TriLep_DYJets10to50.root
2026-09-03 15:27:01,660 - INFO - [2023] MISSING_CENTRAL: WZ3Mu/Central/ZCand/mass in Skim_TriLep_DYJets10to50.root
2026-09-03 15:27:01,905 - INFO - [2023] MISSING_CENTRAL: WZ3Mu/Central/ZCand/mass in Skim_TriLep_TTG_PTG100to200.root
2026-09-03 15:27:01,913 - INFO - [2023] MISSING_CENTRAL: WZ3Mu/Central/ZCand/mass in Skim_TriLep_TTG_PTG200toInf.root
2026-09-03 15:27:06,709 - INFO - [2023BPix] MISSING_CENTRAL: WZ3Mu/Central/ZCand/mass in Skim_TriLep_DYJets10to50.root
2026-09-03 15:27:06,959 - INFO - [2023BPix] MISSING_CENTRAL: WZ3Mu/Central/ZCand/mass in Skim_TriLep_TTG_PTG100to200.root
2026-09-03 15:27:06,968 - INFO - [2023BPix] MISSING_CENTRAL: WZ3Mu/Central/ZCand/mass in Skim_TriLep_TTG_PTG200toInf.root
2026-09-03 15:27:11,924 - INFO - [2016preVFP] MISSING_CENTRAL: TTZ2E1Mu/Central/ZCand/mass in Skim_TriLep_DYJets10to50.root
2026-09-03 15:27:17,921 - INFO - [2016postVFP] MISSING_CENTRAL: TTZ2E1Mu/Central/ZCand/mass in Skim_TriLep_DYJets.root
2026-09-03 15:27:17,930 - INFO - [2016postVFP] MISSING_CENTRAL: TTZ2E1Mu/Central/ZCand/mass in Skim_TriLep_DYJets10to50.root
2026-09-03 15:27:24,236 - INFO - [2017] MISSING_CENTRAL: TTZ2E1Mu/Central/ZCand/mass in Skim_TriLep_DYJets10to50.root
2026-09-03 15:27:30,659 - INFO - [2018] MISSING_CENTRAL: TTZ2E1Mu/Central/ZCand/mass in Skim_TriLep_DYJets10to50.root
2026-09-03 15:27:36,810 - INFO - [2022] MISSING_CENTRAL: TTZ2E1Mu/Central/ZCand/mass in Skim_TriLep_DYJets.root
2026-09-03 15:27:36,818 - INFO - [2022] MISSING_CENTRAL: TTZ2E1Mu/Central/ZCand/mass in Skim_TriLep_DYJets10to50.root
2026-09-03 15:27:43,733 - INFO - [2022EE] MISSING_CENTRAL: TTZ2E1Mu/Central/ZCand/mass in Skim_TriLep_DYJets10to50.root
2026-09-03 15:27:48,223 - INFO - [2022EE] MISSING_CENTRAL: TTZ2E1Mu/Central/ZCand/mass in Skim_TriLep_WWW.root
2026-09-03 15:27:50,094 - INFO - [2023] MISSING_CENTRAL: TTZ2E1Mu/Central/ZCand/mass in Skim_TriLep_DYJets.root
2026-09-03 15:27:50,103 - INFO - [2023] MISSING_CENTRAL: TTZ2E1Mu/Central/ZCand/mass in Skim_TriLep_DYJets10to50.root
2026-09-03 15:27:54,663 - INFO - [2023] MISSING_CENTRAL: TTZ2E1Mu/Central/ZCand/mass in Skim_TriLep_WWW.root
2026-09-03 15:27:56,859 - INFO - [2023BPix] MISSING_CENTRAL: TTZ2E1Mu/Central/ZCand/mass in Skim_TriLep_DYJets10to50.root
2026-09-03 15:39:16,942 - INFO - [2016preVFP] MISSING_SYSTEMATIC: WZ3Mu/UnclusteredEn_Up/ZCand/mass in Skim_TriLep_DYJets.root
2026-09-03 15:39:17,004 - INFO - [2016preVFP] MISSING_CENTRAL: WZ3Mu/Central/ZCand/mass in Skim_TriLep_DYJets10to50.root
2026-09-03 15:39:17,011 - INFO - [2016preVFP] MISSING_CENTRAL: WZ3Mu/Central/ZCand/mass in Skim_TriLep_TTG.root
2026-09-03 15:39:21,642 - INFO - [2016postVFP] MISSING_SYSTEMATIC: WZ3Mu/JetEn_Down/ZCand/mass in Skim_TriLep_DYJets.root
2026-09-03 15:39:21,783 - INFO - [2016postVFP] MISSING_CENTRAL: WZ3Mu/Central/ZCand/mass in Skim_TriLep_DYJets10to50.root
2026-09-03 15:39:21,790 - INFO - [2016postVFP] MISSING_CENTRAL: WZ3Mu/Central/ZCand/mass in Skim_TriLep_TTG.root
2026-09-03 15:39:26,721 - INFO - [2017] MISSING_CENTRAL: WZ3Mu/Central/ZCand/mass in Skim_TriLep_DYJets10to50.root
2026-09-03 15:39:31,938 - INFO - [2018] MISSING_CENTRAL: WZ3Mu/Central/ZCand/mass in Skim_TriLep_DYJets10to50.root
2026-09-03 15:39:36,864 - INFO - [2022] MISSING_CENTRAL: WZ3Mu/Central/ZCand/mass in Skim_TriLep_DYJets.root
2026-09-03 15:39:36,872 - INFO - [2022] MISSING_CENTRAL: WZ3Mu/Central/ZCand/mass in Skim_TriLep_DYJets10to50.root
2026-09-03 15:39:36,881 - INFO - [2022] MISSING_CENTRAL: WZ3Mu/Central/ZCand/mass in Skim_TriLep_TTG_PTG10to100.root
2026-09-03 15:39:36,889 - INFO - [2022] MISSING_CENTRAL: WZ3Mu/Central/ZCand/mass in Skim_TriLep_TTG_PTG100to200.root
2026-09-03 15:39:36,897 - INFO - [2022] MISSING_CENTRAL: WZ3Mu/Central/ZCand/mass in Skim_TriLep_TTG_PTG200toInf.root
2026-09-03 15:39:41,366 - INFO - [2022EE] MISSING_CENTRAL: WZ3Mu/Central/ZCand/mass in Skim_TriLep_DYJets.root
2026-09-03 15:39:41,374 - INFO - [2022EE] MISSING_CENTRAL: WZ3Mu/Central/ZCand/mass in Skim_TriLep_DYJets10to50.root
2026-09-03 15:39:46,880 - INFO - [2023] MISSING_CENTRAL: WZ3Mu/Central/ZCand/mass in Skim_TriLep_DYJets10to50.root
2026-09-03 15:39:47,132 - INFO - [2023] MISSING_CENTRAL: WZ3Mu/Central/ZCand/mass in Skim_TriLep_TTG_PTG100to200.root
2026-09-03 15:39:47,140 - INFO - [2023] MISSING_CENTRAL: WZ3Mu/Central/ZCand/mass in Skim_TriLep_TTG_PTG200toInf.root
2026-09-03 15:39:51,980 - INFO - [2023BPix] MISSING_CENTRAL: WZ3Mu/Central/ZCand/mass in Skim_TriLep_DYJets10to50.root
2026-09-03 15:39:52,225 - INFO - [2023BPix] MISSING_CENTRAL: WZ3Mu/Central/ZCand/mass in Skim_TriLep_TTG_PTG100to200.root
2026-09-03 15:39:52,233 - INFO - [2023BPix] MISSING_CENTRAL: WZ3Mu/Central/ZCand/mass in Skim_TriLep_TTG_PTG200toInf.root
2026-09-03 15:39:57,213 - INFO - [2016preVFP] MISSING_CENTRAL: TTZ2E1Mu/Central/ZCand/mass in Skim_TriLep_DYJets10to50.root
2026-09-03 15:40:03,209 - INFO - [2016postVFP] MISSING_CENTRAL: TTZ2E1Mu/Central/ZCand/mass in Skim_TriLep_DYJets.root
2026-09-03 15:40:03,217 - INFO - [2016postVFP] MISSING_CENTRAL: TTZ2E1Mu/Central/ZCand/mass in Skim_TriLep_DYJets10to50.root
2026-09-03 15:40:09,667 - INFO - [2017] MISSING_CENTRAL: TTZ2E1Mu/Central/ZCand/mass in Skim_TriLep_DYJets10to50.root
2026-09-03 15:40:16,201 - INFO - [2018] MISSING_CENTRAL: TTZ2E1Mu/Central/ZCand/mass in Skim_TriLep_DYJets10to50.root
2026-09-03 15:40:22,482 - INFO - [2022] MISSING_CENTRAL: TTZ2E1Mu/Central/ZCand/mass in Skim_TriLep_DYJets.root
2026-09-03 15:40:22,491 - INFO - [2022] MISSING_CENTRAL: TTZ2E1Mu/Central/ZCand/mass in Skim_TriLep_DYJets10to50.root
2026-09-03 15:40:29,463 - INFO - [2022EE] MISSING_CENTRAL: TTZ2E1Mu/Central/ZCand/mass in Skim_TriLep_DYJets10to50.root
2026-09-03 15:40:34,052 - INFO - [2022EE] MISSING_CENTRAL: TTZ2E1Mu/Central/ZCand/mass in Skim_TriLep_WWW.root
2026-09-03 15:40:35,977 - INFO - [2023] MISSING_CENTRAL: TTZ2E1Mu/Central/ZCand/mass in Skim_TriLep_DYJets.root
2026-09-03 15:40:35,986 - INFO - [2023] MISSING_CENTRAL: TTZ2E1Mu/Central/ZCand/mass in Skim_TriLep_DYJets10to50.root
2026-09-03 15:40:40,638 - INFO - [2023] MISSING_CENTRAL: TTZ2E1Mu/Central/ZCand/mass in Skim_TriLep_WWW.root
2026-09-03 15:40:42,860 - INFO - [2023BPix] MISSING_CENTRAL: TTZ2E1Mu/Central/ZCand/mass in Skim_TriLep_DYJets10to50.root
2026-09-03 15:43:17,505 - INFO - [2016preVFP] MISSING_SYSTEMATIC: WZ3Mu/UnclusteredEn_Up/ZCand/mass in Skim_TriLep_DYJets.root
2026-09-03 15:43:17,565 - INFO - [2016preVFP] MISSING_CENTRAL: WZ3Mu/Central/ZCand/mass in Skim_TriLep_DYJets10to50.root
2026-09-03 15:43:17,572 - INFO - [2016preVFP] MISSING_CENTRAL: WZ3Mu/Central/ZCand/mass in Skim_TriLep_TTG.root
2026-09-03 15:43:22,065 - INFO - [2016postVFP] MISSING_SYSTEMATIC: WZ3Mu/JetEn_Down/ZCand/mass in Skim_TriLep_DYJets.root
2026-09-03 15:43:22,201 - INFO - [2016postVFP] MISSING_CENTRAL: WZ3Mu/Central/ZCand/mass in Skim_TriLep_DYJets10to50.root
2026-09-03 15:43:22,208 - INFO - [2016postVFP] MISSING_CENTRAL: WZ3Mu/Central/ZCand/mass in Skim_TriLep_TTG.root
2026-09-03 15:43:26,925 - INFO - [2017] MISSING_CENTRAL: WZ3Mu/Central/ZCand/mass in Skim_TriLep_DYJets10to50.root
2026-09-03 15:43:31,920 - INFO - [2018] MISSING_CENTRAL: WZ3Mu/Central/ZCand/mass in Skim_TriLep_DYJets10to50.root
2026-09-03 15:43:36,744 - INFO - [2022] MISSING_CENTRAL: WZ3Mu/Central/ZCand/mass in Skim_TriLep_DYJets.root
2026-09-03 15:43:36,752 - INFO - [2022] MISSING_CENTRAL: WZ3Mu/Central/ZCand/mass in Skim_TriLep_DYJets10to50.root
2026-09-03 15:43:36,760 - INFO - [2022] MISSING_CENTRAL: WZ3Mu/Central/ZCand/mass in Skim_TriLep_TTG_PTG10to100.root
2026-09-03 15:43:36,768 - INFO - [2022] MISSING_CENTRAL: WZ3Mu/Central/ZCand/mass in Skim_TriLep_TTG_PTG100to200.root
2026-09-03 15:43:36,775 - INFO - [2022] MISSING_CENTRAL: WZ3Mu/Central/ZCand/mass in Skim_TriLep_TTG_PTG200toInf.root
2026-09-03 15:43:41,113 - INFO - [2022EE] MISSING_CENTRAL: WZ3Mu/Central/ZCand/mass in Skim_TriLep_DYJets.root
2026-09-03 15:43:41,121 - INFO - [2022EE] MISSING_CENTRAL: WZ3Mu/Central/ZCand/mass in Skim_TriLep_DYJets10to50.root
2026-09-03 15:43:46,626 - INFO - [2023] MISSING_CENTRAL: WZ3Mu/Central/ZCand/mass in Skim_TriLep_DYJets10to50.root
2026-09-03 15:43:46,870 - INFO - [2023] MISSING_CENTRAL: WZ3Mu/Central/ZCand/mass in Skim_TriLep_TTG_PTG100to200.root
2026-09-03 15:43:46,878 - INFO - [2023] MISSING_CENTRAL: WZ3Mu/Central/ZCand/mass in Skim_TriLep_TTG_PTG200toInf.root
2026-09-03 15:43:51,791 - INFO - [2023BPix] MISSING_CENTRAL: WZ3Mu/Central/ZCand/mass in Skim_TriLep_DYJets10to50.root
2026-09-03 15:43:52,042 - INFO - [2023BPix] MISSING_CENTRAL: WZ3Mu/Central/ZCand/mass in Skim_TriLep_TTG_PTG100to200.root
2026-09-03 15:43:52,050 - INFO - [2023BPix] MISSING_CENTRAL: WZ3Mu/Central/ZCand/mass in Skim_TriLep_TTG_PTG200toInf.root
2026-09-03 15:43:57,034 - INFO - [2016preVFP] MISSING_CENTRAL: TTZ2E1Mu/Central/ZCand/mass in Skim_TriLep_DYJets10to50.root
2026-09-03 15:44:02,918 - INFO - [2016postVFP] MISSING_CENTRAL: TTZ2E1Mu/Central/ZCand/mass in Skim_TriLep_DYJets.root
2026-09-03 15:44:02,927 - INFO - [2016postVFP] MISSING_CENTRAL: TTZ2E1Mu/Central/ZCand/mass in Skim_TriLep_DYJets10to50.root
2026-09-03 15:44:09,216 - INFO - [2017] MISSING_CENTRAL: TTZ2E1Mu/Central/ZCand/mass in Skim_TriLep_DYJets10to50.root
2026-09-03 15:44:15,758 - INFO - [2018] MISSING_CENTRAL: TTZ2E1Mu/Central/ZCand/mass in Skim_TriLep_DYJets10to50.root
2026-09-03 15:44:21,982 - INFO - [2022] MISSING_CENTRAL: TTZ2E1Mu/Central/ZCand/mass in Skim_TriLep_DYJets.root
2026-09-03 15:44:21,990 - INFO - [2022] MISSING_CENTRAL: TTZ2E1Mu/Central/ZCand/mass in Skim_TriLep_DYJets10to50.root
2026-09-03 15:44:28,816 - INFO - [2022EE] MISSING_CENTRAL: TTZ2E1Mu/Central/ZCand/mass in Skim_TriLep_DYJets10to50.root
2026-09-03 15:44:33,287 - INFO - [2022EE] MISSING_CENTRAL: TTZ2E1Mu/Central/ZCand/mass in Skim_TriLep_WWW.root
2026-09-03 15:44:35,157 - INFO - [2023] MISSING_CENTRAL: TTZ2E1Mu/Central/ZCand/mass in Skim_TriLep_DYJets.root
2026-09-03 15:44:35,166 - INFO - [2023] MISSING_CENTRAL: TTZ2E1Mu/Central/ZCand/mass in Skim_TriLep_DYJets10to50.root
2026-09-03 15:44:39,693 - INFO - [2023] MISSING_CENTRAL: TTZ2E1Mu/Central/ZCand/mass in Skim_TriLep_WWW.root
2026-09-03 15:44:41,867 - INFO - [2023BPix] MISSING_CENTRAL: TTZ2E1Mu/Central/ZCand/mass in Skim_TriLep_DYJets10to50.root
2026-09-03 15:48:11,322 - INFO - [2016preVFP] MISSING_SYSTEMATIC: WZ3Mu/UnclusteredEn_Up/ZCand/mass in Skim_TriLep_DYJets.root
2026-09-03 15:48:11,381 - INFO - [2016preVFP] MISSING_CENTRAL: WZ3Mu/Central/ZCand/mass in Skim_TriLep_DYJets10to50.root
2026-09-03 15:48:11,388 - INFO - [2016preVFP] MISSING_CENTRAL: WZ3Mu/Central/ZCand/mass in Skim_TriLep_TTG.root
2026-09-03 15:48:15,816 - INFO - [2016postVFP] MISSING_SYSTEMATIC: WZ3Mu/JetEn_Down/ZCand/mass in Skim_TriLep_DYJets.root
2026-09-03 15:48:15,948 - INFO - [2016postVFP] MISSING_CENTRAL: WZ3Mu/Central/ZCand/mass in Skim_TriLep_DYJets10to50.root
2026-09-03 15:48:15,956 - INFO - [2016postVFP] MISSING_CENTRAL: WZ3Mu/Central/ZCand/mass in Skim_TriLep_TTG.root
2026-09-03 15:48:20,654 - INFO - [2017] MISSING_CENTRAL: WZ3Mu/Central/ZCand/mass in Skim_TriLep_DYJets10to50.root
2026-09-03 15:48:25,659 - INFO - [2018] MISSING_CENTRAL: WZ3Mu/Central/ZCand/mass in Skim_TriLep_DYJets10to50.root
2026-09-03 15:48:30,501 - INFO - [2022] MISSING_CENTRAL: WZ3Mu/Central/ZCand/mass in Skim_TriLep_DYJets.root
2026-09-03 15:48:30,509 - INFO - [2022] MISSING_CENTRAL: WZ3Mu/Central/ZCand/mass in Skim_TriLep_DYJets10to50.root
2026-09-03 15:48:30,517 - INFO - [2022] MISSING_CENTRAL: WZ3Mu/Central/ZCand/mass in Skim_TriLep_TTG_PTG10to100.root
2026-09-03 15:48:30,525 - INFO - [2022] MISSING_CENTRAL: WZ3Mu/Central/ZCand/mass in Skim_TriLep_TTG_PTG100to200.root
2026-09-03 15:48:30,533 - INFO - [2022] MISSING_CENTRAL: WZ3Mu/Central/ZCand/mass in Skim_TriLep_TTG_PTG200toInf.root
2026-09-03 15:48:34,881 - INFO - [2022EE] MISSING_CENTRAL: WZ3Mu/Central/ZCand/mass in Skim_TriLep_DYJets.root
2026-09-03 15:48:34,889 - INFO - [2022EE] MISSING_CENTRAL: WZ3Mu/Central/ZCand/mass in Skim_TriLep_DYJets10to50.root
2026-09-03 15:48:40,398 - INFO - [2023] MISSING_CENTRAL: WZ3Mu/Central/ZCand/mass in Skim_TriLep_DYJets10to50.root
2026-09-03 15:48:40,641 - INFO - [2023] MISSING_CENTRAL: WZ3Mu/Central/ZCand/mass in Skim_TriLep_TTG_PTG100to200.root
2026-09-03 15:48:40,649 - INFO - [2023] MISSING_CENTRAL: WZ3Mu/Central/ZCand/mass in Skim_TriLep_TTG_PTG200toInf.root
2026-09-03 15:48:45,397 - INFO - [2023BPix] MISSING_CENTRAL: WZ3Mu/Central/ZCand/mass in Skim_TriLep_DYJets10to50.root
2026-09-03 15:48:45,640 - INFO - [2023BPix] MISSING_CENTRAL: WZ3Mu/Central/ZCand/mass in Skim_TriLep_TTG_PTG100to200.root
2026-09-03 15:48:45,648 - INFO - [2023BPix] MISSING_CENTRAL: WZ3Mu/Central/ZCand/mass in Skim_TriLep_TTG_PTG200toInf.root
2026-09-03 15:48:50,603 - INFO - [2016preVFP] MISSING_CENTRAL: TTZ2E1Mu/Central/ZCand/mass in Skim_TriLep_DYJets10to50.root
2026-09-03 15:48:56,547 - INFO - [2016postVFP] MISSING_CENTRAL: TTZ2E1Mu/Central/ZCand/mass in Skim_TriLep_DYJets.root
2026-09-03 15:48:56,555 - INFO - [2016postVFP] MISSING_CENTRAL: TTZ2E1Mu/Central/ZCand/mass in Skim_TriLep_DYJets10to50.root
2026-09-03 15:49:02,903 - INFO - [2017] MISSING_CENTRAL: TTZ2E1Mu/Central/ZCand/mass in Skim_TriLep_DYJets10to50.root
2026-09-03 15:49:09,304 - INFO - [2018] MISSING_CENTRAL: TTZ2E1Mu/Central/ZCand/mass in Skim_TriLep_DYJets10to50.root
2026-09-03 15:49:15,494 - INFO - [2022] MISSING_CENTRAL: TTZ2E1Mu/Central/ZCand/mass in Skim_TriLep_DYJets.root
2026-09-03 15:49:15,503 - INFO - [2022] MISSING_CENTRAL: TTZ2E1Mu/Central/ZCand/mass in Skim_TriLep_DYJets10to50.root
2026-09-03 15:49:22,426 - INFO - [2022EE] MISSING_CENTRAL: TTZ2E1Mu/Central/ZCand/mass in Skim_TriLep_DYJets10to50.root
2026-09-03 15:49:26,913 - INFO - [2022EE] MISSING_CENTRAL: TTZ2E1Mu/Central/ZCand/mass in Skim_TriLep_WWW.root
2026-09-03 15:49:28,796 - INFO - [2023] MISSING_CENTRAL: TTZ2E1Mu/Central/ZCand/mass in Skim_TriLep_DYJets.root
2026-09-03 15:49:28,805 - INFO - [2023] MISSING_CENTRAL: TTZ2E1Mu/Central/ZCand/mass in Skim_TriLep_DYJets10to50.root
2026-09-03 15:49:33,342 - INFO - [2023] MISSING_CENTRAL: TTZ2E1Mu/Central/ZCand/mass in Skim_TriLep_WWW.root
2026-09-03 15:49:35,516 - INFO - [2023BPix] MISSING_CENTRAL: TTZ2E1Mu/Central/ZCand/mass in Skim_TriLep_DYJets10to50.root
2026-09-17 16:41:10,037 - INFO - [2016preVFP] MISSING_SYSTEMATIC: WZ3Mu/UnclusteredEn_Up/ZCand/mass in Skim_TriLep_DYJets.root
2026-09-17 16:41:10,103 - INFO - [2016preVFP] MISSING_CENTRAL: WZ3Mu/Central/ZCand/mass in Skim_TriLep_DYJets10to50.root
2026-09-17 16:41:10,111 - INFO - [2016preVFP] MISSING_CENTRAL: WZ3Mu/Central/ZCand/mass in Skim_TriLep_TTG.root
2026-09-17 16:41:15,880 - INFO - [2016postVFP] MISSING_SYSTEMATIC: WZ3Mu/JetEn_Down/ZCand/mass in Skim_TriLep_DYJets.root
2026-09-17 16:41:16,026 - INFO - [2016postVFP] MISSING_CENTRAL: WZ3Mu/Central/ZCand/mass in Skim_TriLep_DYJets10to50.root
2026-09-17 16:41:16,034 - INFO - [2016postVFP] MISSING_CENTRAL: WZ3Mu/Central/ZCand/mass in Skim_TriLep_TTG.root
2026-09-17 16:41:22,013 - INFO - [2017] MISSING_CENTRAL: WZ3Mu/Central/ZCand/mass in Skim_TriLep_DYJets10to50.root
2026-09-17 16:41:28,528 - INFO - [2018] MISSING_CENTRAL: WZ3Mu/Central/ZCand/mass in Skim_TriLep_DYJets10to50.root
2026-09-17 16:41:34,646 - INFO - [2022] MISSING_CENTRAL: WZ3Mu/Central/ZCand/mass in Skim_TriLep_DYJets.root
2026-09-17 16:41:34,655 - INFO - [2022] MISSING_CENTRAL: WZ3Mu/Central/ZCand/mass in Skim_TriLep_DYJets10to50.root
2026-09-17 16:41:34,664 - INFO - [2022] MISSING_CENTRAL: WZ3Mu/Central/ZCand/mass in Skim_TriLep_TTG_PTG10to100.root
2026-09-17 16:41:34,672 - INFO - [2022] MISSING_CENTRAL: WZ3Mu/Central/ZCand/mass in Skim_TriLep_TTG_PTG100to200.root
2026-09-17 16:41:34,680 - INFO - [2022] MISSING_CENTRAL: WZ3Mu/Central/ZCand/mass in Skim_TriLep_TTG_PTG200toInf.root
2026-09-17 16:41:40,184 - INFO - [2022EE] MISSING_CENTRAL: WZ3Mu/Central/ZCand/mass in Skim_TriLep_DYJets.root
2026-09-17 16:41:40,192 - INFO - [2022EE] MISSING_CENTRAL: WZ3Mu/Central/ZCand/mass in Skim_TriLep_DYJets10to50.root
2026-09-17 16:41:47,134 - INFO - [2023] MISSING_CENTRAL: WZ3Mu/Central/ZCand/mass in Skim_TriLep_DYJets10to50.root
2026-09-17 16:41:47,405 - INFO - [2023] MISSING_CENTRAL: WZ3Mu/Central/ZCand/mass in Skim_TriLep_TTG_PTG100to200.root
2026-09-17 16:41:47,415 - INFO - [2023] MISSING_CENTRAL: WZ3Mu/Central/ZCand/mass in Skim_TriLep_TTG_PTG200toInf.root
2026-09-17 16:41:53,513 - INFO - [2023BPix] MISSING_CENTRAL: WZ3Mu/Central/ZCand/mass in Skim_TriLep_DYJets10to50.root
2026-09-17 16:41:53,792 - INFO - [2023BPix] MISSING_CENTRAL: WZ3Mu/Central/ZCand/mass in Skim_TriLep_TTG_PTG100to200.root
2026-09-17 16:41:53,801 - INFO - [2023BPix] MISSING_CENTRAL: WZ3Mu/Central/ZCand/mass in Skim_TriLep_TTG_PTG200toInf.root
2026-09-17 16:42:00,203 - INFO - [2016preVFP] MISSING_CENTRAL: TTZ2E1Mu/Central/ZCand/mass in Skim_TriLep_DYJets10to50.root
2026-09-17 16:42:09,919 - INFO - [2016postVFP] MISSING_CENTRAL: TTZ2E1Mu/Central/ZCand/mass in Skim_TriLep_DYJets.root
2026-09-17 16:42:09,930 - INFO - [2016postVFP] MISSING_CENTRAL: TTZ2E1Mu/Central/ZCand/mass in Skim_TriLep_DYJets10to50.root
2026-09-17 16:42:20,310 - INFO - [2017] MISSING_CENTRAL: TTZ2E1Mu/Central/ZCand/mass in Skim_TriLep_DYJets10to50.root
2026-09-17 16:42:30,834 - INFO - [2018] MISSING_CENTRAL: TTZ2E1Mu/Central/ZCand/mass in Skim_TriLep_DYJets10to50.root
2026-09-17 16:42:40,700 - INFO - [2022] MISSING_CENTRAL: TTZ2E1Mu/Central/ZCand/mass in Skim_TriLep_DYJets.root
2026-09-17 16:42:40,745 - INFO - [2022] MISSING_CENTRAL: TTZ2E1Mu/Central/ZCand/mass in Skim_TriLep_DYJets10to50.root
2026-09-17 16:42:51,020 - INFO - [2022EE] MISSING_CENTRAL: TTZ2E1Mu/Central/ZCand/mass in Skim_TriLep_DYJets10to50.root
2026-09-17 16:42:58,035 - INFO - [2022EE] MISSING_CENTRAL: TTZ2E1Mu/Central/ZCand/mass in Skim_TriLep_WWW.root
2026-09-17 16:43:01,097 - INFO - [2023] MISSING_CENTRAL: TTZ2E1Mu/Central/ZCand/mass in Skim_TriLep_DYJets.root
2026-09-17 16:43:01,126 - INFO - [2023] MISSING_CENTRAL: TTZ2E1Mu/Central/ZCand/mass in Skim_TriLep_DYJets10to50.root
2026-09-17 16:43:08,010 - INFO - [2023] MISSING_CENTRAL: TTZ2E1Mu/Central/ZCand/mass in Skim_TriLep_WWW.root
2026-09-17 16:43:11,336 - INFO - [2023BPix] MISSING_CENTRAL: TTZ2E1Mu/Central/ZCand/mass in Skim_TriLep_DYJets10to50.root
2026-09-18 13:11:15,079 - INFO - [2016preVFP] MISSING_SYSTEMATIC: WZ3Mu/UnclusteredEn_Up/ZCand/mass in Skim_TriLep_DYJets.root
2026-09-18 13:11:15,145 - INFO - [2016preVFP] MISSING_CENTRAL: WZ3Mu/Central/ZCand/mass in Skim_TriLep_DYJets10to50.root
2026-09-18 13:11:15,152 - INFO - [2016preVFP] MISSING_CENTRAL: WZ3Mu/Central/ZCand/mass in Skim_TriLep_TTG.root
2026-09-18 13:11:20,770 - INFO - [2016postVFP] MISSING_SYSTEMATIC: WZ3Mu/JetEn_Down/ZCand/mass in Skim_TriLep_DYJets.root
2026-09-18 13:11:20,918 - INFO - [2016postVFP] MISSING_CENTRAL: WZ3Mu/Central/ZCand/mass in Skim_TriLep_DYJets10to50.root
2026-09-18 13:11:20,925 - INFO - [2016postVFP] MISSING_CENTRAL: WZ3Mu/Central/ZCand/mass in Skim_TriLep_TTG.root
2026-09-18 13:11:26,835 - INFO - [2017] MISSING_CENTRAL: WZ3Mu/Central/ZCand/mass in Skim_TriLep_DYJets10to50.root
2026-09-18 13:11:33,134 - INFO - [2018] MISSING_CENTRAL: WZ3Mu/Central/ZCand/mass in Skim_TriLep_DYJets10to50.root
2026-09-18 13:11:39,038 - INFO - [2022] MISSING_CENTRAL: WZ3Mu/Central/ZCand/mass in Skim_TriLep_DYJets.root
2026-09-18 13:11:39,046 - INFO - [2022] MISSING_CENTRAL: WZ3Mu/Central/ZCand/mass in Skim_TriLep_DYJets10to50.root
2026-09-18 13:11:39,054 - INFO - [2022] MISSING_CENTRAL: WZ3Mu/Central/ZCand/mass in Skim_TriLep_TTG_PTG10to100.root
2026-09-18 13:11:39,061 - INFO - [2022] MISSING_CENTRAL: WZ3Mu/Central/ZCand/mass in Skim_TriLep_TTG_PTG100to200.root
2026-09-18 13:11:39,069 - INFO - [2022] MISSING_CENTRAL: WZ3Mu/Central/ZCand/mass in Skim_TriLep_TTG_PTG200toInf.root
2026-09-18 13:11:44,506 - INFO - [2022EE] MISSING_CENTRAL: WZ3Mu/Central/ZCand/mass in Skim_TriLep_DYJets.root
2026-09-18 13:11:44,514 - INFO - [2022EE] MISSING_CENTRAL: WZ3Mu/Central/ZCand/mass in Skim_TriLep_DYJets10to50.root
2026-09-18 13:11:51,254 - INFO - [2023] MISSING_CENTRAL: WZ3Mu/Central/ZCand/mass in Skim_TriLep_DYJets10to50.root
2026-09-18 13:11:51,522 - INFO - [2023] MISSING_CENTRAL: WZ3Mu/Central/ZCand/mass in Skim_TriLep_TTG_PTG100to200.root
2026-09-18 13:11:51,530 - INFO - [2023] MISSING_CENTRAL: WZ3Mu/Central/ZCand/mass in Skim_TriLep_TTG_PTG200toInf.root
2026-09-18 13:11:57,524 - INFO - [2023BPix] MISSING_CENTRAL: WZ3Mu/Central/ZCand/mass in Skim_TriLep_DYJets10to50.root
2026-09-18 13:11:57,815 - INFO - [2023BPix] MISSING_CENTRAL: WZ3Mu/Central/ZCand/mass in Skim_TriLep_TTG_PTG100to200.root
2026-09-18 13:11:57,823 - INFO - [2023BPix] MISSING_CENTRAL: WZ3Mu/Central/ZCand/mass in Skim_TriLep_TTG_PTG200toInf.root
2026-09-18 13:12:03,981 - INFO - [2016preVFP] MISSING_CENTRAL: TTZ2E1Mu/Central/ZCand/mass in Skim_TriLep_DYJets10to50.root
2026-09-18 13:12:13,630 - INFO - [2016postVFP] MISSING_CENTRAL: TTZ2E1Mu/Central/ZCand/mass in Skim_TriLep_DYJets.root
2026-09-18 13:12:13,640 - INFO - [2016postVFP] MISSING_CENTRAL: TTZ2E1Mu/Central/ZCand/mass in Skim_TriLep_DYJets10to50.root
2026-09-18 13:12:23,943 - INFO - [2017] MISSING_CENTRAL: TTZ2E1Mu/Central/ZCand/mass in Skim_TriLep_DYJets10to50.root
2026-09-18 13:12:34,201 - INFO - [2018] MISSING_CENTRAL: TTZ2E1Mu/Central/ZCand/mass in Skim_TriLep_DYJets10to50.root
2026-09-18 13:12:43,956 - INFO - [2022] MISSING_CENTRAL: TTZ2E1Mu/Central/ZCand/mass in Skim_TriLep_DYJets.root
2026-09-18 13:12:44,001 - INFO - [2022] MISSING_CENTRAL: TTZ2E1Mu/Central/ZCand/mass in Skim_TriLep_DYJets10to50.root
2026-09-18 13:12:54,186 - INFO - [2022EE] MISSING_CENTRAL: TTZ2E1Mu/Central/ZCand/mass in Skim_TriLep_DYJets10to50.root
2026-09-18 13:13:01,112 - INFO - [2022EE] MISSING_CENTRAL: TTZ2E1Mu/Central/ZCand/mass in Skim_TriLep_WWW.root
2026-09-18 13:13:04,208 - INFO - [2023] MISSING_CENTRAL: TTZ2E1Mu/Central/ZCand/mass in Skim_TriLep_DYJets.root
2026-09-18 13:13:04,237 - INFO - [2023] MISSING_CENTRAL: TTZ2E1Mu/Central/ZCand/mass in Skim_TriLep_DYJets10to50.root
2026-09-18 13:13:11,054 - INFO - [2023] MISSING_CENTRAL: TTZ2E1Mu/Central/ZCand/mass in Skim_TriLep_WWW.root
2026-09-18 13:13:14,291 - INFO - [2023BPix] MISSING_CENTRAL: TTZ2E1Mu/Central/ZCand/mass in Skim_TriLep_DYJets10to50.root
