2025-09-24 15:55:32,642 - INFO - [2022] MISSING_CENTRAL: WZ3Mu/Central/muons/3/pt in Skim_TriLep_DYJets.root
2025-09-24 15:55:32,642 - INFO - [2022] MISSING_CENTRAL: WZ3Mu/Central/muons/3/pt in Skim_TriLep_DYJets10to50.root
2025-09-24 15:55:32,642 - INFO - [2022] MISSING_CENTRAL: WZ3Mu/Central/muons/3/pt in Skim_TriLep_DYGTo2LG_MLL4to50_PTG10to100.root
2025-09-24 15:55:32,642 - INFO - [2022] MISSING_CENTRAL: WZ3Mu/Central/muons/3/pt in Skim_TriLep_DYGTo2LG_MLL4to50_PTG100to200.root
2025-09-24 15:55:32,643 - INFO - [2022] MISSING_CENTRAL: WZ3Mu/Central/muons/3/pt in Skim_TriLep_DYGTo2LG_MLL4to50_PTG200toInf.root
2025-09-24 15:55:32,719 - INFO - [2022] MISSING_CENTRAL: WZ3Mu/Central/muons/3/pt in Skim_TriLep_TTG_PTG100to200.root
2025-09-24 15:55:32,719 - INFO - [2022] MISSING_CENTRAL: WZ3Mu/Central/muons/3/pt in Skim_TriLep_TTG_PTG200toInf.root
2025-09-24 15:55:44,035 - INFO - [2022] MISSING_CENTRAL: WZ3Mu/Central/muons/3/pt in Skim_TriLep_DYJets.root
2025-09-24 15:55:44,035 - INFO - [2022] MISSING_CENTRAL: WZ3Mu/Central/muons/3/pt in Skim_TriLep_DYJets10to50.root
2025-09-24 15:55:44,035 - INFO - [2022] MISSING_CENTRAL: WZ3Mu/Central/muons/3/pt in Skim_TriLep_DYGTo2LG_MLL4to50_PTG10to100.root
2025-09-24 15:55:44,036 - INFO - [2022] MISSING_CENTRAL: WZ3Mu/Central/muons/3/pt in Skim_TriLep_DYGTo2LG_MLL4to50_PTG100to200.root
2025-09-24 15:55:44,036 - INFO - [2022] MISSING_CENTRAL: WZ3Mu/Central/muons/3/pt in Skim_TriLep_DYGTo2LG_MLL4to50_PTG200toInf.root
2025-09-24 15:55:44,037 - INFO - [2022] MISSING_CENTRAL: WZ3Mu/Central/muons/3/pt in Skim_TriLep_TTG_PTG100to200.root
2025-09-24 15:55:44,038 - INFO - [2022] MISSING_CENTRAL: WZ3Mu/Central/muons/3/pt in Skim_TriLep_TTG_PTG200toInf.root
2025-09-24 15:55:44,039 - INFO - [2022] MISSING_FILE: /Users/choij/Sync/workspace/ChargedHiggsAnalysisV3/SKNanoOutput/CRPromptSelector/Run3Mu_RunNoWZSF_RunSyst/2022/Skim_TriLep_ZZTo4L_powheg.root
2025-09-24 15:55:44,041 - INFO - [2022] MISSING_FILE: /Users/choij/Sync/workspace/ChargedHiggsAnalysisV3/SKNanoOutput/CRPromptSelector/Run3Mu_RunNoWZSF_RunSyst/2022/Skim_TriLep_VBFHToZZTo4L.root
2025-09-24 15:55:44,041 - INFO - [2022] MISSING_FILE: /Users/choij/Sync/workspace/ChargedHiggsAnalysisV3/SKNanoOutput/CRPromptSelector/Run3Mu_RunNoWZSF_RunSyst/2022/Skim_TriLep_ggHToZZTo4L.root
2025-10-02 21:17:02,655 - INFO - [2022] MISSING_CENTRAL: WZ3Mu/Central/muons/3/pt in Skim_TriLep_DYJets.root
2025-10-02 21:17:02,656 - INFO - [2022] MISSING_CENTRAL: WZ3Mu/Central/muons/3/pt in Skim_TriLep_DYJets10to50.root
2025-10-02 21:17:02,657 - INFO - [2022] MISSING_CENTRAL: WZ3Mu/Central/muons/3/pt in Skim_TriLep_DYGTo2LG_MLL4to50_PTG10to100.root
2025-10-02 21:17:02,659 - INFO - [2022] MISSING_CENTRAL: WZ3Mu/Central/muons/3/pt in Skim_TriLep_DYGTo2LG_MLL4to50_PTG100to200.root
2025-10-02 21:17:02,660 - INFO - [2022] MISSING_CENTRAL: WZ3Mu/Central/muons/3/pt in Skim_TriLep_DYGTo2LG_MLL4to50_PTG200toInf.root
2025-10-02 21:17:02,868 - INFO - [2022] MISSING_CENTRAL: WZ3Mu/Central/muons/3/pt in Skim_TriLep_TTG_PTG100to200.root
2025-10-02 21:17:02,869 - INFO - [2022] MISSING_CENTRAL: WZ3Mu/Central/muons/3/pt in Skim_TriLep_TTG_PTG200toInf.root
2025-10-02 21:17:09,447 - INFO - [2022] MISSING_CENTRAL: WZ3Mu/Central/muons/3/pt in Skim_TriLep_DYJets.root
2025-10-02 21:17:09,448 - INFO - [2022] MISSING_CENTRAL: WZ3Mu/Central/muons/3/pt in Skim_TriLep_DYJets10to50.root
2025-10-02 21:17:09,449 - INFO - [2022] MISSING_CENTRAL: WZ3Mu/Central/muons/3/pt in Skim_TriLep_DYGTo2LG_MLL4to50_PTG10to100.root
2025-10-02 21:17:09,450 - INFO - [2022] MISSING_CENTRAL: WZ3Mu/Central/muons/3/pt in Skim_TriLep_DYGTo2LG_MLL4to50_PTG100to200.root
2025-10-02 21:17:09,451 - INFO - [2022] MISSING_CENTRAL: WZ3Mu/Central/muons/3/pt in Skim_TriLep_DYGTo2LG_MLL4to50_PTG200toInf.root
2025-10-02 21:17:09,458 - INFO - [2022] MISSING_CENTRAL: WZ3Mu/Central/muons/3/pt in Skim_TriLep_TTG_PTG100to200.root
2025-10-02 21:17:09,460 - INFO - [2022] MISSING_CENTRAL: WZ3Mu/Central/muons/3/pt in Skim_TriLep_TTG_PTG200toInf.root
2025-10-02 21:17:09,468 - INFO - [2022] MISSING_FILE: /data9/Users/choij/Sync/workspace/ChargedHiggsAnalysisV3/SKNanoOutput/CRPromptSelector/Run3Mu_RunNoWZSF_RunSyst/2022/Skim_TriLep_ZZTo4L_powheg.root
2025-10-02 21:17:09,479 - INFO - [2022] MISSING_FILE: /data9/Users/choij/Sync/workspace/ChargedHiggsAnalysisV3/SKNanoOutput/CRPromptSelector/Run3Mu_RunNoWZSF_RunSyst/2022/Skim_TriLep_VBFHToZZTo4L.root
2025-10-02 21:17:09,479 - INFO - [2022] MISSING_FILE: /data9/Users/choij/Sync/workspace/ChargedHiggsAnalysisV3/SKNanoOutput/CRPromptSelector/Run3Mu_RunNoWZSF_RunSyst/2022/Skim_TriLep_ggHToZZTo4L.root
2025-10-03 00:23:30,195 - INFO - [2022] MISSING_CENTRAL: WZ3Mu/Central/muons/3/pt in Skim_TriLep_DYJets.root
2025-10-03 00:23:30,196 - INFO - [2022] MISSING_CENTRAL: WZ3Mu/Central/muons/3/pt in Skim_TriLep_DYJets10to50.root
2025-10-03 00:23:30,196 - INFO - [2022] MISSING_CENTRAL: WZ3Mu/Central/muons/3/pt in Skim_TriLep_DYGTo2LG_MLL4to50_PTG10to100.root
2025-10-03 00:23:30,197 - INFO - [2022] MISSING_CENTRAL: WZ3Mu/Central/muons/3/pt in Skim_TriLep_DYGTo2LG_MLL4to50_PTG100to200.root
2025-10-03 00:23:30,197 - INFO - [2022] MISSING_CENTRAL: WZ3Mu/Central/muons/3/pt in Skim_TriLep_DYGTo2LG_MLL4to50_PTG200toInf.root
2025-10-03 00:23:30,239 - INFO - [2022] MISSING_CENTRAL: WZ3Mu/Central/muons/3/pt in Skim_TriLep_TTG_PTG100to200.root
2025-10-03 00:23:30,240 - INFO - [2022] MISSING_CENTRAL: WZ3Mu/Central/muons/3/pt in Skim_TriLep_TTG_PTG200toInf.root
2025-10-03 00:23:39,987 - INFO - [2022] MISSING_CENTRAL: WZ3Mu/Central/muons/3/pt in Skim_TriLep_DYJets.root
2025-10-03 00:23:39,993 - INFO - [2022] MISSING_CENTRAL: WZ3Mu/Central/muons/3/pt in Skim_TriLep_DYJets10to50.root
2025-10-03 00:23:39,993 - INFO - [2022] MISSING_CENTRAL: WZ3Mu/Central/muons/3/pt in Skim_TriLep_DYGTo2LG_MLL4to50_PTG10to100.root
2025-10-03 00:23:39,993 - INFO - [2022] MISSING_CENTRAL: WZ3Mu/Central/muons/3/pt in Skim_TriLep_DYGTo2LG_MLL4to50_PTG100to200.root
2025-10-03 00:23:39,993 - INFO - [2022] MISSING_CENTRAL: WZ3Mu/Central/muons/3/pt in Skim_TriLep_DYGTo2LG_MLL4to50_PTG200toInf.root
2025-10-03 00:23:39,995 - INFO - [2022] MISSING_CENTRAL: WZ3Mu/Central/muons/3/pt in Skim_TriLep_TTG_PTG100to200.root
2025-10-03 00:23:39,995 - INFO - [2022] MISSING_CENTRAL: WZ3Mu/Central/muons/3/pt in Skim_TriLep_TTG_PTG200toInf.root
2025-10-03 00:23:39,999 - INFO - [2022] MISSING_FILE: /Users/choij/Sync/workspace/ChargedHiggsAnalysisV3/SKNanoOutput/CRPromptSelector/Run3Mu_RunNoWZSF_RunSyst/2022/Skim_TriLep_ZZTo4L_powheg.root
2025-10-03 00:23:40,001 - INFO - [2022] MISSING_FILE: /Users/choij/Sync/workspace/ChargedHiggsAnalysisV3/SKNanoOutput/CRPromptSelector/Run3Mu_RunNoWZSF_RunSyst/2022/Skim_TriLep_VBFHToZZTo4L.root
2025-10-03 00:23:40,001 - INFO - [2022] MISSING_FILE: /Users/choij/Sync/workspace/ChargedHiggsAnalysisV3/SKNanoOutput/CRPromptSelector/Run3Mu_RunNoWZSF_RunSyst/2022/Skim_TriLep_ggHToZZTo4L.root
2025-11-07 13:09:24,666 - INFO - [2022] MISSING_CENTRAL: WZ3Mu/Central/muons/3/pt in Skim_TriLep_DYJets.root
2025-11-07 13:09:24,667 - INFO - [2022] MISSING_CENTRAL: WZ3Mu/Central/muons/3/pt in Skim_TriLep_DYJets10to50.root
2025-11-07 13:09:24,667 - INFO - [2022] MISSING_CENTRAL: WZ3Mu/Central/muons/3/pt in Skim_TriLep_DYGTo2LG_MLL4to50_PTG10to100.root
2025-11-07 13:09:24,667 - INFO - [2022] MISSING_CENTRAL: WZ3Mu/Central/muons/3/pt in Skim_TriLep_DYGTo2LG_MLL4to50_PTG100to200.root
2025-11-07 13:09:24,668 - INFO - [2022] MISSING_CENTRAL: WZ3Mu/Central/muons/3/pt in Skim_TriLep_DYGTo2LG_MLL4to50_PTG200toInf.root
2025-11-07 13:09:24,698 - INFO - [2022] MISSING_CENTRAL: WZ3Mu/Central/muons/3/pt in Skim_TriLep_TTG_PTG100to200.root
2025-11-07 13:09:24,698 - INFO - [2022] MISSING_CENTRAL: WZ3Mu/Central/muons/3/pt in Skim_TriLep_TTG_PTG200toInf.root
2025-11-07 13:09:29,954 - INFO - [2022] MISSING_CENTRAL: WZ3Mu/Central/muons/3/pt in Skim_TriLep_DYJets.root
2025-11-07 13:09:29,954 - INFO - [2022] MISSING_CENTRAL: WZ3Mu/Central/muons/3/pt in Skim_TriLep_DYJets10to50.root
2025-11-07 13:09:29,955 - INFO - [2022] MISSING_CENTRAL: WZ3Mu/Central/muons/3/pt in Skim_TriLep_DYGTo2LG_MLL4to50_PTG10to100.root
2025-11-07 13:09:29,955 - INFO - [2022] MISSING_CENTRAL: WZ3Mu/Central/muons/3/pt in Skim_TriLep_DYGTo2LG_MLL4to50_PTG100to200.root
2025-11-07 13:09:29,956 - INFO - [2022] MISSING_CENTRAL: WZ3Mu/Central/muons/3/pt in Skim_TriLep_DYGTo2LG_MLL4to50_PTG200toInf.root
2025-11-07 13:09:29,958 - INFO - [2022] MISSING_CENTRAL: WZ3Mu/Central/muons/3/pt in Skim_TriLep_TTG_PTG100to200.root
2025-11-07 13:09:29,959 - INFO - [2022] MISSING_CENTRAL: WZ3Mu/Central/muons/3/pt in Skim_TriLep_TTG_PTG200toInf.root
2025-11-07 13:09:29,966 - INFO - [2022] MISSING_FILE: /home/choij/Sync/workspace/ChargedHiggsAnalysisV3/SKNanoOutput/CRPromptSelector/Run3Mu_RunNoWZSF_RunSyst/2022/Skim_TriLep_ZZTo4L_powheg.root
2025-11-07 13:09:29,973 - INFO - [2022] MISSING_FILE: /home/choij/Sync/workspace/ChargedHiggsAnalysisV3/SKNanoOutput/CRPromptSelector/Run3Mu_RunNoWZSF_RunSyst/2022/Skim_TriLep_VBFHToZZTo4L.root
2025-11-07 13:09:29,973 - INFO - [2022] MISSING_FILE: /home/choij/Sync/workspace/ChargedHiggsAnalysisV3/SKNanoOutput/CRPromptSelector/Run3Mu_RunNoWZSF_RunSyst/2022/Skim_TriLep_ggHToZZTo4L.root
2025-11-07 14:07:05,465 - INFO - [2022] MISSING_CENTRAL: WZ3Mu/Central/muons/3/pt in Skim_TriLep_DYJets.root
2025-11-07 14:07:05,466 - INFO - [2022] MISSING_CENTRAL: WZ3Mu/Central/muons/3/pt in Skim_TriLep_DYJets10to50.root
2025-11-07 14:07:05,466 - INFO - [2022] MISSING_CENTRAL: WZ3Mu/Central/muons/3/pt in Skim_TriLep_DYGTo2LG_MLL4to50_PTG10to100.root
2025-11-07 14:07:05,467 - INFO - [2022] MISSING_CENTRAL: WZ3Mu/Central/muons/3/pt in Skim_TriLep_DYGTo2LG_MLL4to50_PTG100to200.root
2025-11-07 14:07:05,467 - INFO - [2022] MISSING_CENTRAL: WZ3Mu/Central/muons/3/pt in Skim_TriLep_DYGTo2LG_MLL4to50_PTG200toInf.root
2025-11-07 14:07:05,512 - INFO - [2022] MISSING_CENTRAL: WZ3Mu/Central/muons/3/pt in Skim_TriLep_TTG_PTG100to200.root
2025-11-07 14:07:05,512 - INFO - [2022] MISSING_CENTRAL: WZ3Mu/Central/muons/3/pt in Skim_TriLep_TTG_PTG200toInf.root
2025-11-07 14:07:10,705 - INFO - [2022] MISSING_CENTRAL: WZ3Mu/Central/muons/3/pt in Skim_TriLep_DYJets.root
2025-11-07 14:07:10,706 - INFO - [2022] MISSING_CENTRAL: WZ3Mu/Central/muons/3/pt in Skim_TriLep_DYJets10to50.root
2025-11-07 14:07:10,707 - INFO - [2022] MISSING_CENTRAL: WZ3Mu/Central/muons/3/pt in Skim_TriLep_DYGTo2LG_MLL4to50_PTG10to100.root
2025-11-07 14:07:10,707 - INFO - [2022] MISSING_CENTRAL: WZ3Mu/Central/muons/3/pt in Skim_TriLep_DYGTo2LG_MLL4to50_PTG100to200.root
2025-11-07 14:07:10,708 - INFO - [2022] MISSING_CENTRAL: WZ3Mu/Central/muons/3/pt in Skim_TriLep_DYGTo2LG_MLL4to50_PTG200toInf.root
2025-11-07 14:07:10,711 - INFO - [2022] MISSING_CENTRAL: WZ3Mu/Central/muons/3/pt in Skim_TriLep_TTG_PTG100to200.root
2025-11-07 14:07:10,711 - INFO - [2022] MISSING_CENTRAL: WZ3Mu/Central/muons/3/pt in Skim_TriLep_TTG_PTG200toInf.root
2025-11-07 14:07:10,714 - INFO - [2022] MISSING_FILE: /home/choij/Sync/workspace/ChargedHiggsAnalysisV3/SKNanoOutput/CRPromptSelector/Run3Mu_RunNoWZSF_RunSyst/2022/Skim_TriLep_ZZTo4L_powheg.root
2025-11-07 14:07:10,717 - INFO - [2022] MISSING_FILE: /home/choij/Sync/workspace/ChargedHiggsAnalysisV3/SKNanoOutput/CRPromptSelector/Run3Mu_RunNoWZSF_RunSyst/2022/Skim_TriLep_VBFHToZZTo4L.root
2025-11-07 14:07:10,718 - INFO - [2022] MISSING_FILE: /home/choij/Sync/workspace/ChargedHiggsAnalysisV3/SKNanoOutput/CRPromptSelector/Run3Mu_RunNoWZSF_RunSyst/2022/Skim_TriLep_ggHToZZTo4L.root
2025-11-10 12:22:17,937 - INFO - [2022] MISSING_CENTRAL: WZ3Mu/Central/muons/3/pt in Skim_TriLep_DYJets.root
2025-11-10 12:22:17,937 - INFO - [2022] MISSING_CENTRAL: WZ3Mu/Central/muons/3/pt in Skim_TriLep_DYJets10to50.root
2025-11-10 12:22:17,938 - INFO - [2022] MISSING_CENTRAL: WZ3Mu/Central/muons/3/pt in Skim_TriLep_DYGTo2LG_MLL4to50_PTG10to100.root
2025-11-10 12:22:17,938 - INFO - [2022] MISSING_CENTRAL: WZ3Mu/Central/muons/3/pt in Skim_TriLep_DYGTo2LG_MLL4to50_PTG100to200.root
2025-11-10 12:22:17,938 - INFO - [2022] MISSING_CENTRAL: WZ3Mu/Central/muons/3/pt in Skim_TriLep_DYGTo2LG_MLL4to50_PTG200toInf.root
2025-11-10 12:22:17,990 - INFO - [2022] MISSING_CENTRAL: WZ3Mu/Central/muons/3/pt in Skim_TriLep_TTG_PTG100to200.root
2025-11-10 12:22:17,991 - INFO - [2022] MISSING_CENTRAL: WZ3Mu/Central/muons/3/pt in Skim_TriLep_TTG_PTG200toInf.root
2025-11-10 12:22:23,377 - INFO - [2022] MISSING_CENTRAL: WZ3Mu/Central/muons/3/pt in Skim_TriLep_DYJets.root
2025-11-10 12:22:23,378 - INFO - [2022] MISSING_CENTRAL: WZ3Mu/Central/muons/3/pt in Skim_TriLep_DYJets10to50.root
2025-11-10 12:22:23,378 - INFO - [2022] MISSING_CENTRAL: WZ3Mu/Central/muons/3/pt in Skim_TriLep_DYGTo2LG_MLL4to50_PTG10to100.root
2025-11-10 12:22:23,379 - INFO - [2022] MISSING_CENTRAL: WZ3Mu/Central/muons/3/pt in Skim_TriLep_DYGTo2LG_MLL4to50_PTG100to200.root
2025-11-10 12:22:23,379 - INFO - [2022] MISSING_CENTRAL: WZ3Mu/Central/muons/3/pt in Skim_TriLep_DYGTo2LG_MLL4to50_PTG200toInf.root
2025-11-10 12:22:23,382 - INFO - [2022] MISSING_CENTRAL: WZ3Mu/Central/muons/3/pt in Skim_TriLep_TTG_PTG100to200.root
2025-11-10 12:22:23,382 - INFO - [2022] MISSING_CENTRAL: WZ3Mu/Central/muons/3/pt in Skim_TriLep_TTG_PTG200toInf.root
2025-11-10 12:22:23,385 - INFO - [2022] MISSING_FILE: /home/choij/Sync/workspace/ChargedHiggsAnalysisV3/SKNanoOutput/CRPromptSelector/Run3Mu_RunNoWZSF_RunSyst/2022/Skim_TriLep_ZZTo4L_powheg.root
2025-11-10 12:22:23,389 - INFO - [2022] MISSING_FILE: /home/choij/Sync/workspace/ChargedHiggsAnalysisV3/SKNanoOutput/CRPromptSelector/Run3Mu_RunNoWZSF_RunSyst/2022/Skim_TriLep_VBFHToZZTo4L.root
2025-11-10 12:22:23,389 - INFO - [2022] MISSING_FILE: /home/choij/Sync/workspace/ChargedHiggsAnalysisV3/SKNanoOutput/CRPromptSelector/Run3Mu_RunNoWZSF_RunSyst/2022/Skim_TriLep_ggHToZZTo4L.root
2025-11-13 11:11:55,039 - INFO - [2022] MISSING_CENTRAL: WZ3Mu/Central/muons/3/pt in Skim_TriLep_DYJets.root
2025-11-13 11:11:55,040 - INFO - [2022] MISSING_CENTRAL: WZ3Mu/Central/muons/3/pt in Skim_TriLep_DYJets10to50.root
2025-11-13 11:11:55,041 - INFO - [2022] MISSING_CENTRAL: WZ3Mu/Central/muons/3/pt in Skim_TriLep_DYGTo2LG_MLL4to50_PTG10to100.root
2025-11-13 11:11:55,050 - INFO - [2022] MISSING_CENTRAL: WZ3Mu/Central/muons/3/pt in Skim_TriLep_DYGTo2LG_MLL4to50_PTG100to200.root
2025-11-13 11:11:55,055 - INFO - [2022] MISSING_CENTRAL: WZ3Mu/Central/muons/3/pt in Skim_TriLep_DYGTo2LG_MLL4to50_PTG200toInf.root
2025-11-13 11:11:55,280 - INFO - [2022] MISSING_CENTRAL: WZ3Mu/Central/muons/3/pt in Skim_TriLep_TTG_PTG100to200.root
2025-11-13 11:11:55,282 - INFO - [2022] MISSING_CENTRAL: WZ3Mu/Central/muons/3/pt in Skim_TriLep_TTG_PTG200toInf.root
2025-11-13 11:12:01,600 - INFO - [2022] MISSING_CENTRAL: WZ3Mu/Central/muons/3/pt in Skim_TriLep_DYJets.root
2025-11-13 11:12:01,601 - INFO - [2022] MISSING_CENTRAL: WZ3Mu/Central/muons/3/pt in Skim_TriLep_DYJets10to50.root
2025-11-13 11:12:01,602 - INFO - [2022] MISSING_CENTRAL: WZ3Mu/Central/muons/3/pt in Skim_TriLep_DYGTo2LG_MLL4to50_PTG10to100.root
2025-11-13 11:12:01,604 - INFO - [2022] MISSING_CENTRAL: WZ3Mu/Central/muons/3/pt in Skim_TriLep_DYGTo2LG_MLL4to50_PTG100to200.root
2025-11-13 11:12:01,604 - INFO - [2022] MISSING_CENTRAL: WZ3Mu/Central/muons/3/pt in Skim_TriLep_DYGTo2LG_MLL4to50_PTG200toInf.root
2025-11-13 11:12:01,617 - INFO - [2022] MISSING_CENTRAL: WZ3Mu/Central/muons/3/pt in Skim_TriLep_TTG_PTG100to200.root
2025-11-13 11:12:01,618 - INFO - [2022] MISSING_CENTRAL: WZ3Mu/Central/muons/3/pt in Skim_TriLep_TTG_PTG200toInf.root
2025-11-13 11:12:01,624 - INFO - [2022] MISSING_FILE: /data9/Users/choij/Sync/workspace/ChargedHiggsAnalysisV3/SKNanoOutput/CRPromptSelector/Run3Mu_RunNoWZSF_RunSyst/2022/Skim_TriLep_ZZTo4L_powheg.root
2025-11-13 11:12:01,632 - INFO - [2022] MISSING_FILE: /data9/Users/choij/Sync/workspace/ChargedHiggsAnalysisV3/SKNanoOutput/CRPromptSelector/Run3Mu_RunNoWZSF_RunSyst/2022/Skim_TriLep_VBFHToZZTo4L.root
2025-11-13 11:12:01,632 - INFO - [2022] MISSING_FILE: /data9/Users/choij/Sync/workspace/ChargedHiggsAnalysisV3/SKNanoOutput/CRPromptSelector/Run3Mu_RunNoWZSF_RunSyst/2022/Skim_TriLep_ggHToZZTo4L.root
2025-11-19 00:18:19,774 - INFO - [2022] MISSING_CENTRAL: WZ3Mu/Central/muons/3/pt in Skim_TriLep_DYJets.root
2025-11-19 00:18:19,775 - INFO - [2022] MISSING_CENTRAL: WZ3Mu/Central/muons/3/pt in Skim_TriLep_DYJets10to50.root
2025-11-19 00:18:19,776 - INFO - [2022] MISSING_CENTRAL: WZ3Mu/Central/muons/3/pt in Skim_TriLep_DYGTo2LG_MLL4to50_PTG10to100.root
2025-11-19 00:18:19,777 - INFO - [2022] MISSING_CENTRAL: WZ3Mu/Central/muons/3/pt in Skim_TriLep_DYGTo2LG_MLL4to50_PTG100to200.root
2025-11-19 00:18:19,778 - INFO - [2022] MISSING_CENTRAL: WZ3Mu/Central/muons/3/pt in Skim_TriLep_DYGTo2LG_MLL4to50_PTG200toInf.root
2025-11-19 00:18:19,933 - INFO - [2022] MISSING_CENTRAL: WZ3Mu/Central/muons/3/pt in Skim_TriLep_TTG_PTG100to200.root
2025-11-19 00:18:19,936 - INFO - [2022] MISSING_CENTRAL: WZ3Mu/Central/muons/3/pt in Skim_TriLep_TTG_PTG200toInf.root
2025-11-19 00:18:24,866 - INFO - [2022] MISSING_CENTRAL: WZ3Mu/Central/muons/3/pt in Skim_TriLep_DYJets.root
2025-11-19 00:18:24,867 - INFO - [2022] MISSING_CENTRAL: WZ3Mu/Central/muons/3/pt in Skim_TriLep_DYJets10to50.root
2025-11-19 00:18:24,868 - INFO - [2022] MISSING_CENTRAL: WZ3Mu/Central/muons/3/pt in Skim_TriLep_DYGTo2LG_MLL4to50_PTG10to100.root
2025-11-19 00:18:24,869 - INFO - [2022] MISSING_CENTRAL: WZ3Mu/Central/muons/3/pt in Skim_TriLep_DYGTo2LG_MLL4to50_PTG100to200.root
2025-11-19 00:18:24,870 - INFO - [2022] MISSING_CENTRAL: WZ3Mu/Central/muons/3/pt in Skim_TriLep_DYGTo2LG_MLL4to50_PTG200toInf.root
2025-11-19 00:18:24,875 - INFO - [2022] MISSING_CENTRAL: WZ3Mu/Central/muons/3/pt in Skim_TriLep_TTG_PTG100to200.root
2025-11-19 00:18:24,876 - INFO - [2022] MISSING_CENTRAL: WZ3Mu/Central/muons/3/pt in Skim_TriLep_TTG_PTG200toInf.root
2025-11-19 00:18:24,887 - INFO - [2022] MISSING_FILE: /data9/Users/choij/Sync/workspace/ChargedHiggsAnalysisV3/SKNanoOutput/CRPromptSelector/Run3Mu_RunNoWZSF_RunSyst/2022/Skim_TriLep_ZZTo4L_powheg.root
2025-11-19 00:18:24,894 - INFO - [2022] MISSING_FILE: /data9/Users/choij/Sync/workspace/ChargedHiggsAnalysisV3/SKNanoOutput/CRPromptSelector/Run3Mu_RunNoWZSF_RunSyst/2022/Skim_TriLep_VBFHToZZTo4L.root
2025-11-19 00:18:24,894 - INFO - [2022] MISSING_FILE: /data9/Users/choij/Sync/workspace/ChargedHiggsAnalysisV3/SKNanoOutput/CRPromptSelector/Run3Mu_RunNoWZSF_RunSyst/2022/Skim_TriLep_ggHToZZTo4L.root
2025-11-19 15:43:30,732 - INFO - [2022] MISSING_CENTRAL: WZ3Mu/Central/muons/3/pt in Skim_TriLep_DYJets.root
2025-11-19 15:43:30,732 - INFO - [2022] MISSING_CENTRAL: WZ3Mu/Central/muons/3/pt in Skim_TriLep_DYJets10to50.root
2025-11-19 15:43:30,733 - INFO - [2022] MISSING_CENTRAL: WZ3Mu/Central/muons/3/pt in Skim_TriLep_DYGTo2LG_MLL4to50_PTG10to100.root
2025-11-19 15:43:30,733 - INFO - [2022] MISSING_CENTRAL: WZ3Mu/Central/muons/3/pt in Skim_TriLep_DYGTo2LG_MLL4to50_PTG100to200.root
2025-11-19 15:43:30,734 - INFO - [2022] MISSING_CENTRAL: WZ3Mu/Central/muons/3/pt in Skim_TriLep_DYGTo2LG_MLL4to50_PTG200toInf.root
2025-11-19 15:43:30,772 - INFO - [2022] MISSING_CENTRAL: WZ3Mu/Central/muons/3/pt in Skim_TriLep_TTG_PTG100to200.root
2025-11-19 15:43:30,773 - INFO - [2022] MISSING_CENTRAL: WZ3Mu/Central/muons/3/pt in Skim_TriLep_TTG_PTG200toInf.root
2025-11-19 15:43:36,189 - INFO - [2022] MISSING_CENTRAL: WZ3Mu/Central/muons/3/pt in Skim_TriLep_DYJets.root
2025-11-19 15:43:36,190 - INFO - [2022] MISSING_CENTRAL: WZ3Mu/Central/muons/3/pt in Skim_TriLep_DYJets10to50.root
2025-11-19 15:43:36,190 - INFO - [2022] MISSING_CENTRAL: WZ3Mu/Central/muons/3/pt in Skim_TriLep_DYGTo2LG_MLL4to50_PTG10to100.root
2025-11-19 15:43:36,191 - INFO - [2022] MISSING_CENTRAL: WZ3Mu/Central/muons/3/pt in Skim_TriLep_DYGTo2LG_MLL4to50_PTG100to200.root
2025-11-19 15:43:36,191 - INFO - [2022] MISSING_CENTRAL: WZ3Mu/Central/muons/3/pt in Skim_TriLep_DYGTo2LG_MLL4to50_PTG200toInf.root
2025-11-19 15:43:36,194 - INFO - [2022] MISSING_CENTRAL: WZ3Mu/Central/muons/3/pt in Skim_TriLep_TTG_PTG100to200.root
2025-11-19 15:43:36,195 - INFO - [2022] MISSING_CENTRAL: WZ3Mu/Central/muons/3/pt in Skim_TriLep_TTG_PTG200toInf.root
2025-11-19 15:43:36,197 - INFO - [2022] MISSING_FILE: /home/choij/Sync/workspace/ChargedHiggsAnalysisV3/SKNanoOutput/CRPromptSelector/Run3Mu_RunNoWZSF_RunSyst/2022/Skim_TriLep_ZZTo4L_powheg.root
2025-11-19 15:43:36,201 - INFO - [2022] MISSING_FILE: /home/choij/Sync/workspace/ChargedHiggsAnalysisV3/SKNanoOutput/CRPromptSelector/Run3Mu_RunNoWZSF_RunSyst/2022/Skim_TriLep_VBFHToZZTo4L.root
2025-11-19 15:43:36,201 - INFO - [2022] MISSING_FILE: /home/choij/Sync/workspace/ChargedHiggsAnalysisV3/SKNanoOutput/CRPromptSelector/Run3Mu_RunNoWZSF_RunSyst/2022/Skim_TriLep_ggHToZZTo4L.root
2025-11-19 16:24:41,177 - INFO - [2022] MISSING_CENTRAL: WZ3Mu/Central/muons/3/pt in Skim_TriLep_DYJets.root
2025-11-19 16:24:41,177 - INFO - [2022] MISSING_CENTRAL: WZ3Mu/Central/muons/3/pt in Skim_TriLep_DYJets10to50.root
2025-11-19 16:24:41,178 - INFO - [2022] MISSING_CENTRAL: WZ3Mu/Central/muons/3/pt in Skim_TriLep_DYGTo2LG_MLL4to50_PTG10to100.root
2025-11-19 16:24:41,178 - INFO - [2022] MISSING_CENTRAL: WZ3Mu/Central/muons/3/pt in Skim_TriLep_DYGTo2LG_MLL4to50_PTG100to200.root
2025-11-19 16:24:41,179 - INFO - [2022] MISSING_CENTRAL: WZ3Mu/Central/muons/3/pt in Skim_TriLep_DYGTo2LG_MLL4to50_PTG200toInf.root
2025-11-19 16:24:41,224 - INFO - [2022] MISSING_CENTRAL: WZ3Mu/Central/muons/3/pt in Skim_TriLep_TTG_PTG100to200.root
2025-11-19 16:24:41,225 - INFO - [2022] MISSING_CENTRAL: WZ3Mu/Central/muons/3/pt in Skim_TriLep_TTG_PTG200toInf.root
2025-11-19 16:24:46,515 - INFO - [2022] MISSING_CENTRAL: WZ3Mu/Central/muons/3/pt in Skim_TriLep_DYJets.root
2025-11-19 16:24:46,516 - INFO - [2022] MISSING_CENTRAL: WZ3Mu/Central/muons/3/pt in Skim_TriLep_DYJets10to50.root
2025-11-19 16:24:46,516 - INFO - [2022] MISSING_CENTRAL: WZ3Mu/Central/muons/3/pt in Skim_TriLep_DYGTo2LG_MLL4to50_PTG10to100.root
2025-11-19 16:24:46,517 - INFO - [2022] MISSING_CENTRAL: WZ3Mu/Central/muons/3/pt in Skim_TriLep_DYGTo2LG_MLL4to50_PTG100to200.root
2025-11-19 16:24:46,517 - INFO - [2022] MISSING_CENTRAL: WZ3Mu/Central/muons/3/pt in Skim_TriLep_DYGTo2LG_MLL4to50_PTG200toInf.root
2025-11-19 16:24:46,520 - INFO - [2022] MISSING_CENTRAL: WZ3Mu/Central/muons/3/pt in Skim_TriLep_TTG_PTG100to200.root
2025-11-19 16:24:46,521 - INFO - [2022] MISSING_CENTRAL: WZ3Mu/Central/muons/3/pt in Skim_TriLep_TTG_PTG200toInf.root
2025-11-19 16:24:46,524 - INFO - [2022] MISSING_FILE: /home/choij/Sync/workspace/ChargedHiggsAnalysisV3/SKNanoOutput/CRPromptSelector/Run3Mu_RunNoWZSF_RunSyst/2022/Skim_TriLep_ZZTo4L_powheg.root
2025-11-19 16:24:46,528 - INFO - [2022] MISSING_FILE: /home/choij/Sync/workspace/ChargedHiggsAnalysisV3/SKNanoOutput/CRPromptSelector/Run3Mu_RunNoWZSF_RunSyst/2022/Skim_TriLep_VBFHToZZTo4L.root
2025-11-19 16:24:46,528 - INFO - [2022] MISSING_FILE: /home/choij/Sync/workspace/ChargedHiggsAnalysisV3/SKNanoOutput/CRPromptSelector/Run3Mu_RunNoWZSF_RunSyst/2022/Skim_TriLep_ggHToZZTo4L.root
2025-12-17 12:26:46,024 - INFO - [2022] MISSING_CENTRAL: WZ3Mu/Central/muons/3/pt in Skim_TriLep_DYJets.root
2025-12-17 12:26:46,026 - INFO - [2022] MISSING_CENTRAL: WZ3Mu/Central/muons/3/pt in Skim_TriLep_DYJets10to50.root
2025-12-17 12:26:46,028 - INFO - [2022] MISSING_CENTRAL: WZ3Mu/Central/muons/3/pt in Skim_TriLep_TTG_PTG10to100.root
2025-12-17 12:26:46,030 - INFO - [2022] MISSING_CENTRAL: WZ3Mu/Central/muons/3/pt in Skim_TriLep_TTG_PTG100to200.root
2025-12-17 12:26:46,031 - INFO - [2022] MISSING_CENTRAL: WZ3Mu/Central/muons/3/pt in Skim_TriLep_TTG_PTG200toInf.root
2025-12-17 12:26:51,249 - INFO - [2022] MISSING_CENTRAL: WZ3Mu/Central/muons/3/pt in Skim_TriLep_DYJets.root
2025-12-17 12:26:51,251 - INFO - [2022] MISSING_CENTRAL: WZ3Mu/Central/muons/3/pt in Skim_TriLep_DYJets10to50.root
2025-12-17 12:26:51,252 - INFO - [2022] MISSING_CENTRAL: WZ3Mu/Central/muons/3/pt in Skim_TriLep_TTG_PTG10to100.root
2025-12-17 12:26:51,262 - INFO - [2022] MISSING_CENTRAL: WZ3Mu/Central/muons/3/pt in Skim_TriLep_TTG_PTG100to200.root
2025-12-17 12:26:51,263 - INFO - [2022] MISSING_CENTRAL: WZ3Mu/Central/muons/3/pt in Skim_TriLep_TTG_PTG200toInf.root
2025-12-17 12:26:51,271 - INFO - [2022] MISSING_FILE: /data9/Users/choij/Sync/workspace/ChargedHiggsAnalysisV3/SKNanoOutput/CRPromptSelector/Run3Mu_RunNoWZSF_RunSyst/2022/Skim_TriLep_ZZTo4L_powheg.root
2025-12-17 12:26:51,281 - INFO - [2022] MISSING_FILE: /data9/Users/choij/Sync/workspace/ChargedHiggsAnalysisV3/SKNanoOutput/CRPromptSelector/Run3Mu_RunNoWZSF_RunSyst/2022/Skim_TriLep_VBFHToZZTo4L.root
2025-12-17 12:26:51,281 - INFO - [2022] MISSING_FILE: /data9/Users/choij/Sync/workspace/ChargedHiggsAnalysisV3/SKNanoOutput/CRPromptSelector/Run3Mu_RunNoWZSF_RunSyst/2022/Skim_TriLep_ggHToZZTo4L.root
2025-12-17 16:08:27,178 - INFO - [2022] MISSING_CENTRAL: WZ3Mu/Central/muons/3/pt in Skim_TriLep_DYJets.root
2025-12-17 16:08:27,178 - INFO - [2022] MISSING_CENTRAL: WZ3Mu/Central/muons/3/pt in Skim_TriLep_DYJets10to50.root
2025-12-17 16:08:27,179 - INFO - [2022] MISSING_CENTRAL: WZ3Mu/Central/muons/3/pt in Skim_TriLep_TTG_PTG10to100.root
2025-12-17 16:08:27,179 - INFO - [2022] MISSING_CENTRAL: WZ3Mu/Central/muons/3/pt in Skim_TriLep_TTG_PTG100to200.root
2025-12-17 16:08:27,180 - INFO - [2022] MISSING_CENTRAL: WZ3Mu/Central/muons/3/pt in Skim_TriLep_TTG_PTG200toInf.root
2025-12-17 16:08:32,219 - INFO - [2022] MISSING_CENTRAL: WZ3Mu/Central/muons/3/pt in Skim_TriLep_DYJets.root
2025-12-17 16:08:32,219 - INFO - [2022] MISSING_CENTRAL: WZ3Mu/Central/muons/3/pt in Skim_TriLep_DYJets10to50.root
2025-12-17 16:08:32,220 - INFO - [2022] MISSING_CENTRAL: WZ3Mu/Central/muons/3/pt in Skim_TriLep_TTG_PTG10to100.root
2025-12-17 16:08:32,221 - INFO - [2022] MISSING_CENTRAL: WZ3Mu/Central/muons/3/pt in Skim_TriLep_TTG_PTG100to200.root
2025-12-17 16:08:32,222 - INFO - [2022] MISSING_CENTRAL: WZ3Mu/Central/muons/3/pt in Skim_TriLep_TTG_PTG200toInf.root
2025-12-17 16:08:32,226 - INFO - [2022] MISSING_FILE: /data9/Users/choij/Sync/workspace/ChargedHiggsAnalysisV3/SKNanoOutput/CRPromptSelector/Run3Mu_RunNoWZSF_RunSyst/2022/Skim_TriLep_WZTo3LNu_powheg.root
2025-12-17 16:08:32,226 - INFO - [2022] MISSING_FILE: /data9/Users/choij/Sync/workspace/ChargedHiggsAnalysisV3/SKNanoOutput/CRPromptSelector/Run3Mu_RunNoWZSF_RunSyst/2022/Skim_TriLep_ZZTo4L_powheg.root
2025-12-17 16:08:32,233 - INFO - [2022] MISSING_FILE: /data9/Users/choij/Sync/workspace/ChargedHiggsAnalysisV3/SKNanoOutput/CRPromptSelector/Run3Mu_RunNoWZSF_RunSyst/2022/Skim_TriLep_VBFHToZZTo4L.root
2025-12-17 16:08:32,234 - INFO - [2022] MISSING_FILE: /data9/Users/choij/Sync/workspace/ChargedHiggsAnalysisV3/SKNanoOutput/CRPromptSelector/Run3Mu_RunNoWZSF_RunSyst/2022/Skim_TriLep_ggHToZZTo4L.root
2025-12-17 22:39:11,354 - INFO - [2022] MISSING_CENTRAL: WZ3Mu/Central/muons/3/pt in Skim_TriLep_DYJets.root
2025-12-17 22:39:11,357 - INFO - [2022] MISSING_CENTRAL: WZ3Mu/Central/muons/3/pt in Skim_TriLep_DYJets10to50.root
2025-12-17 22:39:11,359 - INFO - [2022] MISSING_CENTRAL: WZ3Mu/Central/muons/3/pt in Skim_TriLep_TTG_PTG10to100.root
2025-12-17 22:39:11,361 - INFO - [2022] MISSING_CENTRAL: WZ3Mu/Central/muons/3/pt in Skim_TriLep_TTG_PTG100to200.root
2025-12-17 22:39:11,364 - INFO - [2022] MISSING_CENTRAL: WZ3Mu/Central/muons/3/pt in Skim_TriLep_TTG_PTG200toInf.root
2025-12-17 22:39:14,953 - INFO - [2022] MISSING_CENTRAL: WZ3Mu/Central/muons/3/pt in Skim_TriLep_DYJets.root
2025-12-17 22:39:14,955 - INFO - [2022] MISSING_CENTRAL: WZ3Mu/Central/muons/3/pt in Skim_TriLep_DYJets10to50.root
2025-12-17 22:39:15,110 - INFO - [2022] MISSING_CENTRAL: WZ3Mu/Central/muons/3/pt in Skim_TriLep_TTG_PTG10to100.root
2025-12-17 22:39:15,111 - INFO - [2022] MISSING_CENTRAL: WZ3Mu/Central/muons/3/pt in Skim_TriLep_TTG_PTG100to200.root
2025-12-17 22:39:15,112 - INFO - [2022] MISSING_CENTRAL: WZ3Mu/Central/muons/3/pt in Skim_TriLep_TTG_PTG200toInf.root
2025-12-17 22:39:15,890 - INFO - [2022] MISSING_FILE: /data9/Users/choij/Sync/workspace/ChargedHiggsAnalysisV3/SKNanoOutput/CRPromptSelector/Run3Mu_RunNoWZSF_RunSyst/2022/Skim_TriLep_WZTo3LNu_powheg.root
2025-12-17 22:39:15,890 - INFO - [2022] MISSING_FILE: /data9/Users/choij/Sync/workspace/ChargedHiggsAnalysisV3/SKNanoOutput/CRPromptSelector/Run3Mu_RunNoWZSF_RunSyst/2022/Skim_TriLep_ZZTo4L_powheg.root
2025-12-17 22:39:15,922 - INFO - [2022] MISSING_FILE: /data9/Users/choij/Sync/workspace/ChargedHiggsAnalysisV3/SKNanoOutput/CRPromptSelector/Run3Mu_RunNoWZSF_RunSyst/2022/Skim_TriLep_VBFHToZZTo4L.root
2025-12-17 22:39:15,922 - INFO - [2022] MISSING_FILE: /data9/Users/choij/Sync/workspace/ChargedHiggsAnalysisV3/SKNanoOutput/CRPromptSelector/Run3Mu_RunNoWZSF_RunSyst/2022/Skim_TriLep_ggHToZZTo4L.root
2025-12-18 14:23:58,186 - INFO - [2022] MISSING_CENTRAL: WZ3Mu/Central/muons/3/pt in Skim_TriLep_DYJets.root
2025-12-18 14:23:58,187 - INFO - [2022] MISSING_CENTRAL: WZ3Mu/Central/muons/3/pt in Skim_TriLep_DYJets10to50.root
2025-12-18 14:23:58,188 - INFO - [2022] MISSING_CENTRAL: WZ3Mu/Central/muons/3/pt in Skim_TriLep_TTG_PTG10to100.root
2025-12-18 14:23:58,189 - INFO - [2022] MISSING_CENTRAL: WZ3Mu/Central/muons/3/pt in Skim_TriLep_TTG_PTG100to200.root
2025-12-18 14:23:58,189 - INFO - [2022] MISSING_CENTRAL: WZ3Mu/Central/muons/3/pt in Skim_TriLep_TTG_PTG200toInf.root
2025-12-18 14:24:03,640 - INFO - [2022] MISSING_CENTRAL: WZ3Mu/Central/muons/3/pt in Skim_TriLep_DYJets.root
2025-12-18 14:24:03,641 - INFO - [2022] MISSING_CENTRAL: WZ3Mu/Central/muons/3/pt in Skim_TriLep_DYJets10to50.root
2025-12-18 14:24:03,641 - INFO - [2022] MISSING_CENTRAL: WZ3Mu/Central/muons/3/pt in Skim_TriLep_TTG_PTG10to100.root
2025-12-18 14:24:03,642 - INFO - [2022] MISSING_CENTRAL: WZ3Mu/Central/muons/3/pt in Skim_TriLep_TTG_PTG100to200.root
2025-12-18 14:24:03,643 - INFO - [2022] MISSING_CENTRAL: WZ3Mu/Central/muons/3/pt in Skim_TriLep_TTG_PTG200toInf.root
2025-12-18 14:24:03,646 - INFO - [2022] MISSING_FILE: /data9/Users/choij/Sync/workspace/ChargedHiggsAnalysisV3/SKNanoOutput/CRPromptSelector/Run3Mu_RunNoWZSF_RunSyst/2022/Skim_TriLep_WZTo3LNu_powheg.root
2025-12-18 14:24:03,647 - INFO - [2022] MISSING_FILE: /data9/Users/choij/Sync/workspace/ChargedHiggsAnalysisV3/SKNanoOutput/CRPromptSelector/Run3Mu_RunNoWZSF_RunSyst/2022/Skim_TriLep_ZZTo4L_powheg.root
2025-12-18 14:24:03,653 - INFO - [2022] MISSING_FILE: /data9/Users/choij/Sync/workspace/ChargedHiggsAnalysisV3/SKNanoOutput/CRPromptSelector/Run3Mu_RunNoWZSF_RunSyst/2022/Skim_TriLep_VBFHToZZTo4L.root
2025-12-18 14:24:03,653 - INFO - [2022] MISSING_FILE: /data9/Users/choij/Sync/workspace/ChargedHiggsAnalysisV3/SKNanoOutput/CRPromptSelector/Run3Mu_RunNoWZSF_RunSyst/2022/Skim_TriLep_ggHToZZTo4L.root
2025-12-18 14:39:22,954 - INFO - [2022] MISSING_CENTRAL: WZ3Mu/Central/muons/3/pt in Skim_TriLep_DYJets.root
2025-12-18 14:39:22,955 - INFO - [2022] MISSING_CENTRAL: WZ3Mu/Central/muons/3/pt in Skim_TriLep_DYJets10to50.root
2025-12-18 14:39:22,956 - INFO - [2022] MISSING_CENTRAL: WZ3Mu/Central/muons/3/pt in Skim_TriLep_TTG_PTG10to100.root
2025-12-18 14:39:22,957 - INFO - [2022] MISSING_CENTRAL: WZ3Mu/Central/muons/3/pt in Skim_TriLep_TTG_PTG100to200.root
2025-12-18 14:39:22,958 - INFO - [2022] MISSING_CENTRAL: WZ3Mu/Central/muons/3/pt in Skim_TriLep_TTG_PTG200toInf.root
2025-12-18 14:39:28,293 - INFO - [2022] MISSING_CENTRAL: WZ3Mu/Central/muons/3/pt in Skim_TriLep_DYJets.root
2025-12-18 14:39:28,294 - INFO - [2022] MISSING_CENTRAL: WZ3Mu/Central/muons/3/pt in Skim_TriLep_DYJets10to50.root
2025-12-18 14:39:28,295 - INFO - [2022] MISSING_CENTRAL: WZ3Mu/Central/muons/3/pt in Skim_TriLep_TTG_PTG10to100.root
2025-12-18 14:39:28,296 - INFO - [2022] MISSING_CENTRAL: WZ3Mu/Central/muons/3/pt in Skim_TriLep_TTG_PTG100to200.root
2025-12-18 14:39:28,297 - INFO - [2022] MISSING_CENTRAL: WZ3Mu/Central/muons/3/pt in Skim_TriLep_TTG_PTG200toInf.root
2025-12-18 14:39:28,304 - INFO - [2022] MISSING_FILE: /data9/Users/choij/Sync/workspace/ChargedHiggsAnalysisV3/SKNanoOutput/CRPromptSelector/Run3Mu_RunNoWZSF_RunSyst/2022/Skim_TriLep_WZTo3LNu_powheg.root
2025-12-18 14:39:28,305 - INFO - [2022] MISSING_FILE: /data9/Users/choij/Sync/workspace/ChargedHiggsAnalysisV3/SKNanoOutput/CRPromptSelector/Run3Mu_RunNoWZSF_RunSyst/2022/Skim_TriLep_ZZTo4L_powheg.root
2025-12-18 14:39:28,320 - INFO - [2022] MISSING_FILE: /data9/Users/choij/Sync/workspace/ChargedHiggsAnalysisV3/SKNanoOutput/CRPromptSelector/Run3Mu_RunNoWZSF_RunSyst/2022/Skim_TriLep_VBFHToZZTo4L.root
2025-12-18 14:39:28,320 - INFO - [2022] MISSING_FILE: /data9/Users/choij/Sync/workspace/ChargedHiggsAnalysisV3/SKNanoOutput/CRPromptSelector/Run3Mu_RunNoWZSF_RunSyst/2022/Skim_TriLep_ggHToZZTo4L.root
2025-12-18 22:07:31,862 - INFO - [2022] MISSING_CENTRAL: WZ3Mu/Central/muons/3/pt in Skim_TriLep_DYJets.root
2025-12-18 22:07:31,863 - INFO - [2022] MISSING_CENTRAL: WZ3Mu/Central/muons/3/pt in Skim_TriLep_DYJets10to50.root
2025-12-18 22:07:31,864 - INFO - [2022] MISSING_CENTRAL: WZ3Mu/Central/muons/3/pt in Skim_TriLep_TTG_PTG10to100.root
2025-12-18 22:07:31,864 - INFO - [2022] MISSING_CENTRAL: WZ3Mu/Central/muons/3/pt in Skim_TriLep_TTG_PTG100to200.root
2025-12-18 22:07:31,865 - INFO - [2022] MISSING_CENTRAL: WZ3Mu/Central/muons/3/pt in Skim_TriLep_TTG_PTG200toInf.root
2025-12-18 22:07:36,421 - INFO - [2022] MISSING_CENTRAL: WZ3Mu/Central/muons/3/pt in Skim_TriLep_DYJets.root
2025-12-18 22:07:36,422 - INFO - [2022] MISSING_CENTRAL: WZ3Mu/Central/muons/3/pt in Skim_TriLep_DYJets10to50.root
2025-12-18 22:07:36,423 - INFO - [2022] MISSING_CENTRAL: WZ3Mu/Central/muons/3/pt in Skim_TriLep_TTG_PTG10to100.root
2025-12-18 22:07:36,423 - INFO - [2022] MISSING_CENTRAL: WZ3Mu/Central/muons/3/pt in Skim_TriLep_TTG_PTG100to200.root
2025-12-18 22:07:36,424 - INFO - [2022] MISSING_CENTRAL: WZ3Mu/Central/muons/3/pt in Skim_TriLep_TTG_PTG200toInf.root
2025-12-18 22:07:36,432 - INFO - [2022] MISSING_FILE: /data9/Users/choij/Sync/workspace/ChargedHiggsAnalysisV3/SKNanoOutput/CRPromptSelector/Run3Mu_RunNoWZSF_RunSyst/2022/Skim_TriLep_ZZTo4L_powheg.root
2025-12-18 22:07:36,440 - INFO - [2022] MISSING_FILE: /data9/Users/choij/Sync/workspace/ChargedHiggsAnalysisV3/SKNanoOutput/CRPromptSelector/Run3Mu_RunNoWZSF_RunSyst/2022/Skim_TriLep_VBFHToZZTo4L.root
2025-12-18 22:07:36,440 - INFO - [2022] MISSING_FILE: /data9/Users/choij/Sync/workspace/ChargedHiggsAnalysisV3/SKNanoOutput/CRPromptSelector/Run3Mu_RunNoWZSF_RunSyst/2022/Skim_TriLep_ggHToZZTo4L.root
2026-01-07 11:48:53,850 - INFO - [2022] MISSING_FILE: /data9/Users/choij/Sync/workspace/ChargedHiggsAnalysisV3/SKNanoOutput/CRPromptSelector/Run3Mu/2022/Skim_TriLep_DoubleMuon_C.root
2026-01-07 11:48:53,851 - INFO - [2022] MISSING_FILE: /data9/Users/choij/Sync/workspace/ChargedHiggsAnalysisV3/SKNanoOutput/CRPromptSelector/Run3Mu/2022/Skim_TriLep_Muon_C.root
2026-01-07 11:48:53,851 - INFO - [2022] MISSING_FILE: /data9/Users/choij/Sync/workspace/ChargedHiggsAnalysisV3/SKNanoOutput/CRPromptSelector/Run3Mu/2022/Skim_TriLep_Muon_D.root
2026-01-07 11:48:56,836 - INFO - [2022] MISSING_FILE: /data9/Users/choij/Sync/workspace/ChargedHiggsAnalysisV3/SKNanoOutput/CRPromptSelector/Run3Mu/2022/Skim_TriLep_DoubleMuon_C.root
2026-01-07 11:48:56,837 - INFO - [2022] MISSING_FILE: /data9/Users/choij/Sync/workspace/ChargedHiggsAnalysisV3/SKNanoOutput/CRPromptSelector/Run3Mu/2022/Skim_TriLep_Muon_C.root
2026-01-07 11:48:56,840 - INFO - [2022] MISSING_FILE: /data9/Users/choij/Sync/workspace/ChargedHiggsAnalysisV3/SKNanoOutput/CRPromptSelector/Run3Mu/2022/Skim_TriLep_Muon_D.root
2026-01-07 18:45:39,046 - INFO - [2022] MISSING_CENTRAL: WZ3Mu/Central/muons/3/pt in Skim_TriLep_DYJets.root
2026-01-07 18:45:39,047 - INFO - [2022] MISSING_CENTRAL: WZ3Mu/Central/muons/3/pt in Skim_TriLep_DYJets10to50.root
2026-01-07 18:45:39,048 - INFO - [2022] MISSING_CENTRAL: WZ3Mu/Central/muons/3/pt in Skim_TriLep_TTG_PTG10to100.root
2026-01-07 18:45:39,049 - INFO - [2022] MISSING_CENTRAL: WZ3Mu/Central/muons/3/pt in Skim_TriLep_TTG_PTG100to200.root
2026-01-07 18:45:39,050 - INFO - [2022] MISSING_CENTRAL: WZ3Mu/Central/muons/3/pt in Skim_TriLep_TTG_PTG200toInf.root
2026-01-07 18:45:43,753 - INFO - [2022] MISSING_CENTRAL: WZ3Mu/Central/muons/3/pt in Skim_TriLep_DYJets.root
2026-01-07 18:45:43,754 - INFO - [2022] MISSING_CENTRAL: WZ3Mu/Central/muons/3/pt in Skim_TriLep_DYJets10to50.root
2026-01-07 18:45:43,755 - INFO - [2022] MISSING_CENTRAL: WZ3Mu/Central/muons/3/pt in Skim_TriLep_TTG_PTG10to100.root
2026-01-07 18:45:43,755 - INFO - [2022] MISSING_CENTRAL: WZ3Mu/Central/muons/3/pt in Skim_TriLep_TTG_PTG100to200.root
2026-01-07 18:45:43,756 - INFO - [2022] MISSING_CENTRAL: WZ3Mu/Central/muons/3/pt in Skim_TriLep_TTG_PTG200toInf.root
2026-01-07 18:45:43,760 - INFO - [2022] MISSING_FILE: /data9/Users/choij/Sync/workspace/ChargedHiggsAnalysisV3/SKNanoOutput/CRPromptSelector/Run3Mu_RunNoWZSF_RunSyst/2022/Skim_TriLep_ZZTo4L_powheg.root
2026-01-07 18:45:43,764 - INFO - [2022] MISSING_FILE: /data9/Users/choij/Sync/workspace/ChargedHiggsAnalysisV3/SKNanoOutput/CRPromptSelector/Run3Mu_RunNoWZSF_RunSyst/2022/Skim_TriLep_VBFHToZZTo4L.root
2026-01-07 18:45:43,764 - INFO - [2022] MISSING_FILE: /data9/Users/choij/Sync/workspace/ChargedHiggsAnalysisV3/SKNanoOutput/CRPromptSelector/Run3Mu_RunNoWZSF_RunSyst/2022/Skim_TriLep_ggHToZZTo4L.root
2026-01-09 12:19:55,189 - INFO - [2022] MISSING_CENTRAL: WZ3Mu/Central/muons/3/pt in Skim_TriLep_DYJets.root
2026-01-09 12:19:55,190 - INFO - [2022] MISSING_CENTRAL: WZ3Mu/Central/muons/3/pt in Skim_TriLep_DYJets10to50.root
2026-01-09 12:19:55,190 - INFO - [2022] MISSING_CENTRAL: WZ3Mu/Central/muons/3/pt in Skim_TriLep_TTG_PTG10to100.root
2026-01-09 12:19:55,191 - INFO - [2022] MISSING_CENTRAL: WZ3Mu/Central/muons/3/pt in Skim_TriLep_TTG_PTG100to200.root
2026-01-09 12:19:55,191 - INFO - [2022] MISSING_CENTRAL: WZ3Mu/Central/muons/3/pt in Skim_TriLep_TTG_PTG200toInf.root
2026-01-09 12:20:00,511 - INFO - [2022] MISSING_CENTRAL: WZ3Mu/Central/muons/3/pt in Skim_TriLep_DYJets.root
2026-01-09 12:20:00,511 - INFO - [2022] MISSING_CENTRAL: WZ3Mu/Central/muons/3/pt in Skim_TriLep_DYJets10to50.root
2026-01-09 12:20:00,512 - INFO - [2022] MISSING_CENTRAL: WZ3Mu/Central/muons/3/pt in Skim_TriLep_TTG_PTG10to100.root
2026-01-09 12:20:00,512 - INFO - [2022] MISSING_CENTRAL: WZ3Mu/Central/muons/3/pt in Skim_TriLep_TTG_PTG100to200.root
2026-01-09 12:20:00,513 - INFO - [2022] MISSING_CENTRAL: WZ3Mu/Central/muons/3/pt in Skim_TriLep_TTG_PTG200toInf.root
2026-01-09 12:20:00,516 - INFO - [2022] MISSING_FILE: /home/choij/Sync/workspace/ChargedHiggsAnalysisV3/SKNanoOutput/CRPromptSelector/Run3Mu_RunNoWZSF_RunSyst/2022/Skim_TriLep_ZZTo4L_powheg.root
2026-01-09 12:20:00,520 - INFO - [2022] MISSING_FILE: /home/choij/Sync/workspace/ChargedHiggsAnalysisV3/SKNanoOutput/CRPromptSelector/Run3Mu_RunNoWZSF_RunSyst/2022/Skim_TriLep_VBFHToZZTo4L.root
2026-01-09 12:20:00,520 - INFO - [2022] MISSING_FILE: /home/choij/Sync/workspace/ChargedHiggsAnalysisV3/SKNanoOutput/CRPromptSelector/Run3Mu_RunNoWZSF_RunSyst/2022/Skim_TriLep_ggHToZZTo4L.root
2026-01-11 09:39:58,632 - INFO - [2022] MISSING_CENTRAL: WZ3Mu/Central/muons/3/pt in Skim_TriLep_DYJets.root
2026-01-11 09:39:58,633 - INFO - [2022] MISSING_CENTRAL: WZ3Mu/Central/muons/3/pt in Skim_TriLep_DYJets10to50.root
2026-01-11 09:39:58,633 - INFO - [2022] MISSING_CENTRAL: WZ3Mu/Central/muons/3/pt in Skim_TriLep_TTG_PTG10to100.root
2026-01-11 09:39:58,634 - INFO - [2022] MISSING_CENTRAL: WZ3Mu/Central/muons/3/pt in Skim_TriLep_TTG_PTG100to200.root
2026-01-11 09:39:58,635 - INFO - [2022] MISSING_CENTRAL: WZ3Mu/Central/muons/3/pt in Skim_TriLep_TTG_PTG200toInf.root
2026-01-11 09:40:04,013 - INFO - [2022] MISSING_CENTRAL: WZ3Mu/Central/muons/3/pt in Skim_TriLep_DYJets.root
2026-01-11 09:40:04,014 - INFO - [2022] MISSING_CENTRAL: WZ3Mu/Central/muons/3/pt in Skim_TriLep_DYJets10to50.root
2026-01-11 09:40:04,014 - INFO - [2022] MISSING_CENTRAL: WZ3Mu/Central/muons/3/pt in Skim_TriLep_TTG_PTG10to100.root
2026-01-11 09:40:04,015 - INFO - [2022] MISSING_CENTRAL: WZ3Mu/Central/muons/3/pt in Skim_TriLep_TTG_PTG100to200.root
2026-01-11 09:40:04,015 - INFO - [2022] MISSING_CENTRAL: WZ3Mu/Central/muons/3/pt in Skim_TriLep_TTG_PTG200toInf.root
2026-01-11 09:40:04,018 - INFO - [2022] MISSING_FILE: /home/choij/Sync/workspace/ChargedHiggsAnalysisV3/SKNanoOutput/CRPromptSelector/Run3Mu_RunNoWZSF_RunSyst/2022/Skim_TriLep_ZZTo4L_powheg.root
2026-01-11 09:40:04,021 - INFO - [2022] MISSING_FILE: /home/choij/Sync/workspace/ChargedHiggsAnalysisV3/SKNanoOutput/CRPromptSelector/Run3Mu_RunNoWZSF_RunSyst/2022/Skim_TriLep_VBFHToZZTo4L.root
2026-01-11 09:40:04,022 - INFO - [2022] MISSING_FILE: /home/choij/Sync/workspace/ChargedHiggsAnalysisV3/SKNanoOutput/CRPromptSelector/Run3Mu_RunNoWZSF_RunSyst/2022/Skim_TriLep_ggHToZZTo4L.root
2026-01-12 13:48:40,628 - INFO - [2022] MISSING_CENTRAL: WZ3Mu/Central/muons/3/pt in Skim_TriLep_DYJets.root
2026-01-12 13:48:40,629 - INFO - [2022] MISSING_CENTRAL: WZ3Mu/Central/muons/3/pt in Skim_TriLep_DYJets10to50.root
2026-01-12 13:48:40,629 - INFO - [2022] MISSING_CENTRAL: WZ3Mu/Central/muons/3/pt in Skim_TriLep_TTG_PTG10to100.root
2026-01-12 13:48:40,630 - INFO - [2022] MISSING_CENTRAL: WZ3Mu/Central/muons/3/pt in Skim_TriLep_TTG_PTG100to200.root
2026-01-12 13:48:40,630 - INFO - [2022] MISSING_CENTRAL: WZ3Mu/Central/muons/3/pt in Skim_TriLep_TTG_PTG200toInf.root
2026-01-12 13:48:45,961 - INFO - [2022] MISSING_CENTRAL: WZ3Mu/Central/muons/3/pt in Skim_TriLep_DYJets.root
2026-01-12 13:48:45,961 - INFO - [2022] MISSING_CENTRAL: WZ3Mu/Central/muons/3/pt in Skim_TriLep_DYJets10to50.root
2026-01-12 13:48:45,962 - INFO - [2022] MISSING_CENTRAL: WZ3Mu/Central/muons/3/pt in Skim_TriLep_TTG_PTG10to100.root
2026-01-12 13:48:45,962 - INFO - [2022] MISSING_CENTRAL: WZ3Mu/Central/muons/3/pt in Skim_TriLep_TTG_PTG100to200.root
2026-01-12 13:48:45,963 - INFO - [2022] MISSING_CENTRAL: WZ3Mu/Central/muons/3/pt in Skim_TriLep_TTG_PTG200toInf.root
2026-01-12 13:48:45,966 - INFO - [2022] MISSING_FILE: /home/choij/Sync/workspace/ChargedHiggsAnalysisV3/SKNanoOutput/CRPromptSelector/Run3Mu_RunNoWZSF_RunSyst/2022/Skim_TriLep_ZZTo4L_powheg.root
2026-01-12 13:48:45,969 - INFO - [2022] MISSING_FILE: /home/choij/Sync/workspace/ChargedHiggsAnalysisV3/SKNanoOutput/CRPromptSelector/Run3Mu_RunNoWZSF_RunSyst/2022/Skim_TriLep_VBFHToZZTo4L.root
2026-01-12 13:48:45,969 - INFO - [2022] MISSING_FILE: /home/choij/Sync/workspace/ChargedHiggsAnalysisV3/SKNanoOutput/CRPromptSelector/Run3Mu_RunNoWZSF_RunSyst/2022/Skim_TriLep_ggHToZZTo4L.root
2026-01-16 19:03:41,165 - INFO - [2022] MISSING_CENTRAL: WZ3Mu/Central/muons/3/pt in Skim_TriLep_DYJets.root
2026-01-16 19:03:41,165 - INFO - [2022] MISSING_CENTRAL: WZ3Mu/Central/muons/3/pt in Skim_TriLep_DYJets10to50.root
2026-01-16 19:03:41,165 - INFO - [2022] MISSING_CENTRAL: WZ3Mu/Central/muons/3/pt in Skim_TriLep_TTG_PTG10to100.root
2026-01-16 19:03:41,166 - INFO - [2022] MISSING_CENTRAL: WZ3Mu/Central/muons/3/pt in Skim_TriLep_TTG_PTG100to200.root
2026-01-16 19:03:41,166 - INFO - [2022] MISSING_CENTRAL: WZ3Mu/Central/muons/3/pt in Skim_TriLep_TTG_PTG200toInf.root
2026-01-16 19:03:46,398 - INFO - [2022] MISSING_CENTRAL: WZ3Mu/Central/muons/3/pt in Skim_TriLep_DYJets.root
2026-01-16 19:03:46,398 - INFO - [2022] MISSING_CENTRAL: WZ3Mu/Central/muons/3/pt in Skim_TriLep_DYJets10to50.root
2026-01-16 19:03:46,399 - INFO - [2022] MISSING_CENTRAL: WZ3Mu/Central/muons/3/pt in Skim_TriLep_TTG_PTG10to100.root
2026-01-16 19:03:46,399 - INFO - [2022] MISSING_CENTRAL: WZ3Mu/Central/muons/3/pt in Skim_TriLep_TTG_PTG100to200.root
2026-01-16 19:03:46,400 - INFO - [2022] MISSING_CENTRAL: WZ3Mu/Central/muons/3/pt in Skim_TriLep_TTG_PTG200toInf.root
2026-01-16 19:03:46,403 - INFO - [2022] MISSING_FILE: /home/choij/Sync/workspace/ChargedHiggsAnalysisV3/SKNanoOutput/CRPromptSelector/Run3Mu_RunNoWZSF_RunSyst/2022/Skim_TriLep_ZZTo4L_powheg.root
2026-01-16 19:03:46,407 - INFO - [2022] MISSING_FILE: /home/choij/Sync/workspace/ChargedHiggsAnalysisV3/SKNanoOutput/CRPromptSelector/Run3Mu_RunNoWZSF_RunSyst/2022/Skim_TriLep_VBFHToZZTo4L.root
2026-01-16 19:03:46,407 - INFO - [2022] MISSING_FILE: /home/choij/Sync/workspace/ChargedHiggsAnalysisV3/SKNanoOutput/CRPromptSelector/Run3Mu_RunNoWZSF_RunSyst/2022/Skim_TriLep_ggHToZZTo4L.root
2026-01-28 15:00:32,200 - INFO - [2022] MISSING_CENTRAL: WZ3Mu/Central/muons/3/pt in Skim_TriLep_DYJets.root
2026-01-28 15:00:32,200 - INFO - [2022] MISSING_CENTRAL: WZ3Mu/Central/muons/3/pt in Skim_TriLep_DYJets10to50.root
2026-01-28 15:00:32,201 - INFO - [2022] MISSING_CENTRAL: WZ3Mu/Central/muons/3/pt in Skim_TriLep_TTG_PTG10to100.root
2026-01-28 15:00:32,201 - INFO - [2022] MISSING_CENTRAL: WZ3Mu/Central/muons/3/pt in Skim_TriLep_TTG_PTG100to200.root
2026-01-28 15:00:32,202 - INFO - [2022] MISSING_CENTRAL: WZ3Mu/Central/muons/3/pt in Skim_TriLep_TTG_PTG200toInf.root
2026-01-28 15:00:37,314 - INFO - [2022] MISSING_CENTRAL: WZ3Mu/Central/muons/3/pt in Skim_TriLep_DYJets.root
2026-01-28 15:00:37,315 - INFO - [2022] MISSING_CENTRAL: WZ3Mu/Central/muons/3/pt in Skim_TriLep_DYJets10to50.root
2026-01-28 15:00:37,315 - INFO - [2022] MISSING_CENTRAL: WZ3Mu/Central/muons/3/pt in Skim_TriLep_TTG_PTG10to100.root
2026-01-28 15:00:37,316 - INFO - [2022] MISSING_CENTRAL: WZ3Mu/Central/muons/3/pt in Skim_TriLep_TTG_PTG100to200.root
2026-01-28 15:00:37,316 - INFO - [2022] MISSING_CENTRAL: WZ3Mu/Central/muons/3/pt in Skim_TriLep_TTG_PTG200toInf.root
2026-01-28 15:00:37,330 - INFO - [2022] MISSING_FILE: /home/choij/Sync/workspace/ChargedHiggsAnalysisV3/SKNanoOutput/PromptAnalyzer/Run3Mu_RunNoWZSF_RunSyst_RunCR_NoTreeMode/2022/Skim_TriLep_ZZTo4L_powheg.root
2026-01-28 15:00:37,333 - INFO - [2022] MISSING_FILE: /home/choij/Sync/workspace/ChargedHiggsAnalysisV3/SKNanoOutput/PromptAnalyzer/Run3Mu_RunNoWZSF_RunSyst_RunCR_NoTreeMode/2022/Skim_TriLep_VBFHToZZTo4L.root
2026-01-28 15:00:37,334 - INFO - [2022] MISSING_FILE: /home/choij/Sync/workspace/ChargedHiggsAnalysisV3/SKNanoOutput/PromptAnalyzer/Run3Mu_RunNoWZSF_RunSyst_RunCR_NoTreeMode/2022/Skim_TriLep_ggHToZZTo4L.root
2026-01-28 15:13:07,977 - INFO - [2022] MISSING_CENTRAL: WZ3Mu/Central/muons/3/pt in Skim_TriLep_DYJets.root
2026-01-28 15:13:07,978 - INFO - [2022] MISSING_CENTRAL: WZ3Mu/Central/muons/3/pt in Skim_TriLep_DYJets10to50.root
2026-01-28 15:13:07,978 - INFO - [2022] MISSING_CENTRAL: WZ3Mu/Central/muons/3/pt in Skim_TriLep_TTG_PTG10to100.root
2026-01-28 15:13:07,978 - INFO - [2022] MISSING_CENTRAL: WZ3Mu/Central/muons/3/pt in Skim_TriLep_TTG_PTG100to200.root
2026-01-28 15:13:07,979 - INFO - [2022] MISSING_CENTRAL: WZ3Mu/Central/muons/3/pt in Skim_TriLep_TTG_PTG200toInf.root
2026-01-28 15:13:13,161 - INFO - [2022] MISSING_CENTRAL: WZ3Mu/Central/muons/3/pt in Skim_TriLep_DYJets.root
2026-01-28 15:13:13,161 - INFO - [2022] MISSING_CENTRAL: WZ3Mu/Central/muons/3/pt in Skim_TriLep_DYJets10to50.root
2026-01-28 15:13:13,162 - INFO - [2022] MISSING_CENTRAL: WZ3Mu/Central/muons/3/pt in Skim_TriLep_TTG_PTG10to100.root
2026-01-28 15:13:13,162 - INFO - [2022] MISSING_CENTRAL: WZ3Mu/Central/muons/3/pt in Skim_TriLep_TTG_PTG100to200.root
2026-01-28 15:13:13,163 - INFO - [2022] MISSING_CENTRAL: WZ3Mu/Central/muons/3/pt in Skim_TriLep_TTG_PTG200toInf.root
2026-01-28 15:13:13,176 - INFO - [2022] MISSING_FILE: /home/choij/Sync/workspace/ChargedHiggsAnalysisV3/SKNanoOutput/PromptAnalyzer/Run3Mu_RunNoWZSF_RunSyst_RunCR_NoTreeMode/2022/Skim_TriLep_ZZTo4L_powheg.root
2026-01-28 15:13:13,180 - INFO - [2022] MISSING_FILE: /home/choij/Sync/workspace/ChargedHiggsAnalysisV3/SKNanoOutput/PromptAnalyzer/Run3Mu_RunNoWZSF_RunSyst_RunCR_NoTreeMode/2022/Skim_TriLep_VBFHToZZTo4L.root
2026-01-28 15:13:13,180 - INFO - [2022] MISSING_FILE: /home/choij/Sync/workspace/ChargedHiggsAnalysisV3/SKNanoOutput/PromptAnalyzer/Run3Mu_RunNoWZSF_RunSyst_RunCR_NoTreeMode/2022/Skim_TriLep_ggHToZZTo4L.root
2026-01-28 17:02:06,896 - INFO - [2022] MISSING_CENTRAL: WZ3Mu/Central/muons/3/pt in Skim_TriLep_DYJets.root
2026-01-28 17:02:06,897 - INFO - [2022] MISSING_CENTRAL: WZ3Mu/Central/muons/3/pt in Skim_TriLep_DYJets10to50.root
2026-01-28 17:02:06,897 - INFO - [2022] MISSING_CENTRAL: WZ3Mu/Central/muons/3/pt in Skim_TriLep_TTG_PTG10to100.root
2026-01-28 17:02:06,897 - INFO - [2022] MISSING_CENTRAL: WZ3Mu/Central/muons/3/pt in Skim_TriLep_TTG_PTG100to200.root
2026-01-28 17:02:06,898 - INFO - [2022] MISSING_CENTRAL: WZ3Mu/Central/muons/3/pt in Skim_TriLep_TTG_PTG200toInf.root
2026-01-28 17:02:12,571 - INFO - [2022] MISSING_CENTRAL: WZ3Mu/Central/muons/3/pt in Skim_TriLep_DYJets.root
2026-01-28 17:02:12,572 - INFO - [2022] MISSING_CENTRAL: WZ3Mu/Central/muons/3/pt in Skim_TriLep_DYJets10to50.root
2026-01-28 17:02:12,572 - INFO - [2022] MISSING_CENTRAL: WZ3Mu/Central/muons/3/pt in Skim_TriLep_TTG_PTG10to100.root
2026-01-28 17:02:12,573 - INFO - [2022] MISSING_CENTRAL: WZ3Mu/Central/muons/3/pt in Skim_TriLep_TTG_PTG100to200.root
2026-01-28 17:02:12,573 - INFO - [2022] MISSING_CENTRAL: WZ3Mu/Central/muons/3/pt in Skim_TriLep_TTG_PTG200toInf.root
2026-01-28 17:02:12,589 - INFO - [2022] MISSING_FILE: /home/choij/Sync/workspace/ChargedHiggsAnalysisV3/SKNanoOutput/PromptAnalyzer/Run3Mu_RunNoWZSF_RunSyst_RunCR_NoTreeMode/2022/Skim_TriLep_ZZTo4L_powheg.root
2026-01-28 17:02:12,593 - INFO - [2022] MISSING_FILE: /home/choij/Sync/workspace/ChargedHiggsAnalysisV3/SKNanoOutput/PromptAnalyzer/Run3Mu_RunNoWZSF_RunSyst_RunCR_NoTreeMode/2022/Skim_TriLep_VBFHToZZTo4L.root
2026-01-28 17:02:12,593 - INFO - [2022] MISSING_FILE: /home/choij/Sync/workspace/ChargedHiggsAnalysisV3/SKNanoOutput/PromptAnalyzer/Run3Mu_RunNoWZSF_RunSyst_RunCR_NoTreeMode/2022/Skim_TriLep_ggHToZZTo4L.root
2026-01-28 17:22:54,211 - INFO - [2022] MISSING_CENTRAL: WZ3Mu/Central/muons/3/pt in Skim_TriLep_DYJets.root
2026-01-28 17:22:54,212 - INFO - [2022] MISSING_CENTRAL: WZ3Mu/Central/muons/3/pt in Skim_TriLep_DYJets10to50.root
2026-01-28 17:22:54,213 - INFO - [2022] MISSING_CENTRAL: WZ3Mu/Central/muons/3/pt in Skim_TriLep_TTG_PTG10to100.root
2026-01-28 17:22:54,213 - INFO - [2022] MISSING_CENTRAL: WZ3Mu/Central/muons/3/pt in Skim_TriLep_TTG_PTG100to200.root
2026-01-28 17:22:54,214 - INFO - [2022] MISSING_CENTRAL: WZ3Mu/Central/muons/3/pt in Skim_TriLep_TTG_PTG200toInf.root
2026-01-28 17:22:59,210 - INFO - [2022] MISSING_CENTRAL: WZ3Mu/Central/muons/3/pt in Skim_TriLep_DYJets.root
2026-01-28 17:22:59,211 - INFO - [2022] MISSING_CENTRAL: WZ3Mu/Central/muons/3/pt in Skim_TriLep_DYJets10to50.root
2026-01-28 17:22:59,211 - INFO - [2022] MISSING_CENTRAL: WZ3Mu/Central/muons/3/pt in Skim_TriLep_TTG_PTG10to100.root
2026-01-28 17:22:59,212 - INFO - [2022] MISSING_CENTRAL: WZ3Mu/Central/muons/3/pt in Skim_TriLep_TTG_PTG100to200.root
2026-01-28 17:22:59,212 - INFO - [2022] MISSING_CENTRAL: WZ3Mu/Central/muons/3/pt in Skim_TriLep_TTG_PTG200toInf.root
2026-01-28 17:22:59,226 - INFO - [2022] MISSING_FILE: /home/choij/Sync/workspace/ChargedHiggsAnalysisV3/SKNanoOutput/PromptAnalyzer/Run3Mu_RunNoWZSF_RunSyst_RunCR_NoTreeMode/2022/Skim_TriLep_ZZTo4L_powheg.root
2026-01-28 17:22:59,229 - INFO - [2022] MISSING_FILE: /home/choij/Sync/workspace/ChargedHiggsAnalysisV3/SKNanoOutput/PromptAnalyzer/Run3Mu_RunNoWZSF_RunSyst_RunCR_NoTreeMode/2022/Skim_TriLep_VBFHToZZTo4L.root
2026-01-28 17:22:59,229 - INFO - [2022] MISSING_FILE: /home/choij/Sync/workspace/ChargedHiggsAnalysisV3/SKNanoOutput/PromptAnalyzer/Run3Mu_RunNoWZSF_RunSyst_RunCR_NoTreeMode/2022/Skim_TriLep_ggHToZZTo4L.root
2026-01-28 19:56:26,166 - INFO - [2022] MISSING_CENTRAL: WZ3Mu/Central/muons/3/pt in Skim_TriLep_DYJets.root
2026-01-28 19:56:26,166 - INFO - [2022] MISSING_CENTRAL: WZ3Mu/Central/muons/3/pt in Skim_TriLep_DYJets10to50.root
2026-01-28 19:56:26,167 - INFO - [2022] MISSING_CENTRAL: WZ3Mu/Central/muons/3/pt in Skim_TriLep_TTG_PTG10to100.root
2026-01-28 19:56:26,167 - INFO - [2022] MISSING_CENTRAL: WZ3Mu/Central/muons/3/pt in Skim_TriLep_TTG_PTG100to200.root
2026-01-28 19:56:26,168 - INFO - [2022] MISSING_CENTRAL: WZ3Mu/Central/muons/3/pt in Skim_TriLep_TTG_PTG200toInf.root
2026-01-28 19:56:31,545 - INFO - [2022] MISSING_CENTRAL: WZ3Mu/Central/muons/3/pt in Skim_TriLep_DYJets.root
2026-01-28 19:56:31,545 - INFO - [2022] MISSING_CENTRAL: WZ3Mu/Central/muons/3/pt in Skim_TriLep_DYJets10to50.root
2026-01-28 19:56:31,546 - INFO - [2022] MISSING_CENTRAL: WZ3Mu/Central/muons/3/pt in Skim_TriLep_TTG_PTG10to100.root
2026-01-28 19:56:31,547 - INFO - [2022] MISSING_CENTRAL: WZ3Mu/Central/muons/3/pt in Skim_TriLep_TTG_PTG100to200.root
2026-01-28 19:56:31,547 - INFO - [2022] MISSING_CENTRAL: WZ3Mu/Central/muons/3/pt in Skim_TriLep_TTG_PTG200toInf.root
2026-01-28 19:56:31,560 - INFO - [2022] MISSING_FILE: /home/choij/Sync/workspace/ChargedHiggsAnalysisV3/SKNanoOutput/PromptAnalyzer/Run3Mu_RunNoWZSF_RunSyst_RunCR_NoTreeMode/2022/Skim_TriLep_ZZTo4L_powheg.root
2026-01-28 19:56:31,564 - INFO - [2022] MISSING_FILE: /home/choij/Sync/workspace/ChargedHiggsAnalysisV3/SKNanoOutput/PromptAnalyzer/Run3Mu_RunNoWZSF_RunSyst_RunCR_NoTreeMode/2022/Skim_TriLep_VBFHToZZTo4L.root
2026-01-28 19:56:31,564 - INFO - [2022] MISSING_FILE: /home/choij/Sync/workspace/ChargedHiggsAnalysisV3/SKNanoOutput/PromptAnalyzer/Run3Mu_RunNoWZSF_RunSyst_RunCR_NoTreeMode/2022/Skim_TriLep_ggHToZZTo4L.root
2026-01-29 07:13:31,095 - INFO - [2022] MISSING_CENTRAL: WZ3Mu/Central/muons/3/pt in Skim_TriLep_DYJets.root
2026-01-29 07:13:31,095 - INFO - [2022] MISSING_CENTRAL: WZ3Mu/Central/muons/3/pt in Skim_TriLep_DYJets10to50.root
2026-01-29 07:13:31,096 - INFO - [2022] MISSING_CENTRAL: WZ3Mu/Central/muons/3/pt in Skim_TriLep_TTG_PTG10to100.root
2026-01-29 07:13:31,096 - INFO - [2022] MISSING_CENTRAL: WZ3Mu/Central/muons/3/pt in Skim_TriLep_TTG_PTG100to200.root
2026-01-29 07:13:31,096 - INFO - [2022] MISSING_CENTRAL: WZ3Mu/Central/muons/3/pt in Skim_TriLep_TTG_PTG200toInf.root
2026-01-29 07:13:36,155 - INFO - [2022] MISSING_CENTRAL: WZ3Mu/Central/muons/3/pt in Skim_TriLep_DYJets.root
2026-01-29 07:13:36,156 - INFO - [2022] MISSING_CENTRAL: WZ3Mu/Central/muons/3/pt in Skim_TriLep_DYJets10to50.root
2026-01-29 07:13:36,156 - INFO - [2022] MISSING_CENTRAL: WZ3Mu/Central/muons/3/pt in Skim_TriLep_TTG_PTG10to100.root
2026-01-29 07:13:36,157 - INFO - [2022] MISSING_CENTRAL: WZ3Mu/Central/muons/3/pt in Skim_TriLep_TTG_PTG100to200.root
2026-01-29 07:13:36,157 - INFO - [2022] MISSING_CENTRAL: WZ3Mu/Central/muons/3/pt in Skim_TriLep_TTG_PTG200toInf.root
2026-01-29 07:13:36,170 - INFO - [2022] MISSING_FILE: /home/choij/Sync/workspace/ChargedHiggsAnalysisV3/SKNanoOutput/PromptAnalyzer/Run3Mu_RunNoWZSF_RunSyst_RunCR_NoTreeMode/2022/Skim_TriLep_ZZTo4L_powheg.root
2026-01-29 07:13:36,174 - INFO - [2022] MISSING_FILE: /home/choij/Sync/workspace/ChargedHiggsAnalysisV3/SKNanoOutput/PromptAnalyzer/Run3Mu_RunNoWZSF_RunSyst_RunCR_NoTreeMode/2022/Skim_TriLep_VBFHToZZTo4L.root
2026-01-29 07:13:36,174 - INFO - [2022] MISSING_FILE: /home/choij/Sync/workspace/ChargedHiggsAnalysisV3/SKNanoOutput/PromptAnalyzer/Run3Mu_RunNoWZSF_RunSyst_RunCR_NoTreeMode/2022/Skim_TriLep_ggHToZZTo4L.root
2026-03-02 12:01:27,746 - INFO - [2022] MISSING_CENTRAL: WZ3Mu/Central/muons/3/pt in Skim_TriLep_DYJets.root
2026-03-02 12:01:27,748 - INFO - [2022] MISSING_CENTRAL: WZ3Mu/Central/muons/3/pt in Skim_TriLep_DYJets10to50.root
2026-03-02 12:01:27,749 - INFO - [2022] MISSING_CENTRAL: WZ3Mu/Central/muons/3/pt in Skim_TriLep_TTG_PTG10to100.root
2026-03-02 12:01:27,749 - INFO - [2022] MISSING_CENTRAL: WZ3Mu/Central/muons/3/pt in Skim_TriLep_TTG_PTG100to200.root
2026-03-02 12:01:27,750 - INFO - [2022] MISSING_CENTRAL: WZ3Mu/Central/muons/3/pt in Skim_TriLep_TTG_PTG200toInf.root
2026-03-02 12:01:32,821 - INFO - [2022] MISSING_CENTRAL: WZ3Mu/Central/muons/3/pt in Skim_TriLep_DYJets.root
2026-03-02 12:01:32,822 - INFO - [2022] MISSING_CENTRAL: WZ3Mu/Central/muons/3/pt in Skim_TriLep_DYJets10to50.root
2026-03-02 12:01:32,822 - INFO - [2022] MISSING_CENTRAL: WZ3Mu/Central/muons/3/pt in Skim_TriLep_TTG_PTG10to100.root
2026-03-02 12:01:32,823 - INFO - [2022] MISSING_CENTRAL: WZ3Mu/Central/muons/3/pt in Skim_TriLep_TTG_PTG100to200.root
2026-03-02 12:01:32,823 - INFO - [2022] MISSING_CENTRAL: WZ3Mu/Central/muons/3/pt in Skim_TriLep_TTG_PTG200toInf.root
2026-03-02 12:01:32,836 - INFO - [2022] MISSING_FILE: /home/choij/Sync/workspace/ChargedHiggsAnalysisV3/SKNanoOutput/PromptAnalyzer/Run3Mu_RunNoWZSF_RunSyst_RunCR_NoTreeMode/2022/Skim_TriLep_ZZTo4L_powheg.root
2026-03-02 12:01:32,840 - INFO - [2022] MISSING_FILE: /home/choij/Sync/workspace/ChargedHiggsAnalysisV3/SKNanoOutput/PromptAnalyzer/Run3Mu_RunNoWZSF_RunSyst_RunCR_NoTreeMode/2022/Skim_TriLep_VBFHToZZTo4L.root
2026-03-02 12:01:32,840 - INFO - [2022] MISSING_FILE: /home/choij/Sync/workspace/ChargedHiggsAnalysisV3/SKNanoOutput/PromptAnalyzer/Run3Mu_RunNoWZSF_RunSyst_RunCR_NoTreeMode/2022/Skim_TriLep_ggHToZZTo4L.root
2026-04-10 20:13:38,793 - INFO - [2022] MISSING_CENTRAL: WZ3Mu/Central/muons/3/pt in Skim_TriLep_DYJets.root
2026-04-10 20:13:38,794 - INFO - [2022] MISSING_CENTRAL: WZ3Mu/Central/muons/3/pt in Skim_TriLep_DYJets10to50.root
2026-04-10 20:13:38,794 - INFO - [2022] MISSING_CENTRAL: WZ3Mu/Central/muons/3/pt in Skim_TriLep_TTG_PTG10to100.root
2026-04-10 20:13:38,795 - INFO - [2022] MISSING_CENTRAL: WZ3Mu/Central/muons/3/pt in Skim_TriLep_TTG_PTG100to200.root
2026-04-10 20:13:38,795 - INFO - [2022] MISSING_CENTRAL: WZ3Mu/Central/muons/3/pt in Skim_TriLep_TTG_PTG200toInf.root
2026-04-10 20:13:43,675 - INFO - [2022] MISSING_CENTRAL: WZ3Mu/Central/muons/3/pt in Skim_TriLep_DYJets.root
2026-04-10 20:13:43,676 - INFO - [2022] MISSING_CENTRAL: WZ3Mu/Central/muons/3/pt in Skim_TriLep_DYJets10to50.root
2026-04-10 20:13:43,676 - INFO - [2022] MISSING_CENTRAL: WZ3Mu/Central/muons/3/pt in Skim_TriLep_TTG_PTG10to100.root
2026-04-10 20:13:43,677 - INFO - [2022] MISSING_CENTRAL: WZ3Mu/Central/muons/3/pt in Skim_TriLep_TTG_PTG100to200.root
2026-04-10 20:13:43,677 - INFO - [2022] MISSING_CENTRAL: WZ3Mu/Central/muons/3/pt in Skim_TriLep_TTG_PTG200toInf.root
2026-04-10 20:13:43,689 - INFO - [2022] MISSING_FILE: /home/choij/Sync/workspace/ChargedHiggsAnalysisV3/SKNanoOutput/PromptAnalyzer/Run3Mu_RunNoWZSF_RunSyst_RunCR_NoTreeMode/2022/Skim_TriLep_ZZTo4L_powheg.root
2026-04-10 20:13:43,693 - INFO - [2022] MISSING_FILE: /home/choij/Sync/workspace/ChargedHiggsAnalysisV3/SKNanoOutput/PromptAnalyzer/Run3Mu_RunNoWZSF_RunSyst_RunCR_NoTreeMode/2022/Skim_TriLep_VBFHToZZTo4L.root
2026-04-10 20:13:43,693 - INFO - [2022] MISSING_FILE: /home/choij/Sync/workspace/ChargedHiggsAnalysisV3/SKNanoOutput/PromptAnalyzer/Run3Mu_RunNoWZSF_RunSyst_RunCR_NoTreeMode/2022/Skim_TriLep_ggHToZZTo4L.root
2026-04-12 11:28:22,673 - INFO - [2022] MISSING_CENTRAL: WZ3Mu/Central/muons/3/pt in Skim_TriLep_DYJets.root
2026-04-12 11:28:22,673 - INFO - [2022] MISSING_CENTRAL: WZ3Mu/Central/muons/3/pt in Skim_TriLep_DYJets10to50.root
2026-04-12 11:28:22,674 - INFO - [2022] MISSING_CENTRAL: WZ3Mu/Central/muons/3/pt in Skim_TriLep_TTG_PTG10to100.root
2026-04-12 11:28:22,675 - INFO - [2022] MISSING_CENTRAL: WZ3Mu/Central/muons/3/pt in Skim_TriLep_TTG_PTG100to200.root
2026-04-12 11:28:22,675 - INFO - [2022] MISSING_CENTRAL: WZ3Mu/Central/muons/3/pt in Skim_TriLep_TTG_PTG200toInf.root
2026-04-12 11:28:27,772 - INFO - [2022] MISSING_CENTRAL: WZ3Mu/Central/muons/3/pt in Skim_TriLep_DYJets.root
2026-04-12 11:28:27,772 - INFO - [2022] MISSING_CENTRAL: WZ3Mu/Central/muons/3/pt in Skim_TriLep_DYJets10to50.root
2026-04-12 11:28:27,773 - INFO - [2022] MISSING_CENTRAL: WZ3Mu/Central/muons/3/pt in Skim_TriLep_TTG_PTG10to100.root
2026-04-12 11:28:27,773 - INFO - [2022] MISSING_CENTRAL: WZ3Mu/Central/muons/3/pt in Skim_TriLep_TTG_PTG100to200.root
2026-04-12 11:28:27,774 - INFO - [2022] MISSING_CENTRAL: WZ3Mu/Central/muons/3/pt in Skim_TriLep_TTG_PTG200toInf.root
2026-04-12 11:28:27,786 - INFO - [2022] MISSING_FILE: /home/choij/Sync/workspace/ChargedHiggsAnalysisV3/SKNanoOutput/PromptAnalyzer/Run3Mu_RunNoWZSF_RunSyst_RunCR_NoTreeMode/2022/Skim_TriLep_ZZTo4L_powheg.root
2026-04-12 11:28:27,790 - INFO - [2022] MISSING_FILE: /home/choij/Sync/workspace/ChargedHiggsAnalysisV3/SKNanoOutput/PromptAnalyzer/Run3Mu_RunNoWZSF_RunSyst_RunCR_NoTreeMode/2022/Skim_TriLep_VBFHToZZTo4L.root
2026-04-12 11:28:27,790 - INFO - [2022] MISSING_FILE: /home/choij/Sync/workspace/ChargedHiggsAnalysisV3/SKNanoOutput/PromptAnalyzer/Run3Mu_RunNoWZSF_RunSyst_RunCR_NoTreeMode/2022/Skim_TriLep_ggHToZZTo4L.root
2026-04-12 12:10:54,635 - INFO - [2022] MISSING_CENTRAL: WZ3Mu/Central/muons/3/pt in Skim_TriLep_DYJets.root
2026-04-12 12:10:54,635 - INFO - [2022] MISSING_CENTRAL: WZ3Mu/Central/muons/3/pt in Skim_TriLep_DYJets10to50.root
2026-04-12 12:10:54,636 - INFO - [2022] MISSING_CENTRAL: WZ3Mu/Central/muons/3/pt in Skim_TriLep_TTG_PTG10to100.root
2026-04-12 12:10:54,636 - INFO - [2022] MISSING_CENTRAL: WZ3Mu/Central/muons/3/pt in Skim_TriLep_TTG_PTG100to200.root
2026-04-12 12:10:54,637 - INFO - [2022] MISSING_CENTRAL: WZ3Mu/Central/muons/3/pt in Skim_TriLep_TTG_PTG200toInf.root
2026-04-12 12:10:59,524 - INFO - [2022] MISSING_CENTRAL: WZ3Mu/Central/muons/3/pt in Skim_TriLep_DYJets.root
2026-04-12 12:10:59,525 - INFO - [2022] MISSING_CENTRAL: WZ3Mu/Central/muons/3/pt in Skim_TriLep_DYJets10to50.root
2026-04-12 12:10:59,526 - INFO - [2022] MISSING_CENTRAL: WZ3Mu/Central/muons/3/pt in Skim_TriLep_TTG_PTG10to100.root
2026-04-12 12:10:59,526 - INFO - [2022] MISSING_CENTRAL: WZ3Mu/Central/muons/3/pt in Skim_TriLep_TTG_PTG100to200.root
2026-04-12 12:10:59,527 - INFO - [2022] MISSING_CENTRAL: WZ3Mu/Central/muons/3/pt in Skim_TriLep_TTG_PTG200toInf.root
2026-04-12 12:10:59,539 - INFO - [2022] MISSING_FILE: /home/choij/Sync/workspace/ChargedHiggsAnalysisV3/SKNanoOutput/PromptAnalyzer/Run3Mu_RunNoWZSF_RunSyst_RunCR_NoTreeMode/2022/Skim_TriLep_ZZTo4L_powheg.root
2026-04-12 12:10:59,544 - INFO - [2022] MISSING_FILE: /home/choij/Sync/workspace/ChargedHiggsAnalysisV3/SKNanoOutput/PromptAnalyzer/Run3Mu_RunNoWZSF_RunSyst_RunCR_NoTreeMode/2022/Skim_TriLep_VBFHToZZTo4L.root
2026-04-12 12:10:59,544 - INFO - [2022] MISSING_FILE: /home/choij/Sync/workspace/ChargedHiggsAnalysisV3/SKNanoOutput/PromptAnalyzer/Run3Mu_RunNoWZSF_RunSyst_RunCR_NoTreeMode/2022/Skim_TriLep_ggHToZZTo4L.root
2026-04-12 12:30:34,605 - INFO - [2022] MISSING_CENTRAL: WZ3Mu/Central/muons/3/pt in Skim_TriLep_DYJets.root
2026-04-12 12:30:34,605 - INFO - [2022] MISSING_CENTRAL: WZ3Mu/Central/muons/3/pt in Skim_TriLep_DYJets10to50.root
2026-04-12 12:30:34,606 - INFO - [2022] MISSING_CENTRAL: WZ3Mu/Central/muons/3/pt in Skim_TriLep_TTG_PTG10to100.root
2026-04-12 12:30:34,606 - INFO - [2022] MISSING_CENTRAL: WZ3Mu/Central/muons/3/pt in Skim_TriLep_TTG_PTG100to200.root
2026-04-12 12:30:34,607 - INFO - [2022] MISSING_CENTRAL: WZ3Mu/Central/muons/3/pt in Skim_TriLep_TTG_PTG200toInf.root
2026-04-12 12:30:39,090 - INFO - [2022] MISSING_CENTRAL: WZ3Mu/Central/muons/3/pt in Skim_TriLep_DYJets.root
2026-04-12 12:30:39,091 - INFO - [2022] MISSING_CENTRAL: WZ3Mu/Central/muons/3/pt in Skim_TriLep_DYJets10to50.root
2026-04-12 12:30:39,091 - INFO - [2022] MISSING_CENTRAL: WZ3Mu/Central/muons/3/pt in Skim_TriLep_TTG_PTG10to100.root
2026-04-12 12:30:39,092 - INFO - [2022] MISSING_CENTRAL: WZ3Mu/Central/muons/3/pt in Skim_TriLep_TTG_PTG100to200.root
2026-04-12 12:30:39,092 - INFO - [2022] MISSING_CENTRAL: WZ3Mu/Central/muons/3/pt in Skim_TriLep_TTG_PTG200toInf.root
2026-04-12 12:30:39,104 - INFO - [2022] MISSING_FILE: /home/choij/Sync/workspace/ChargedHiggsAnalysisV3/SKNanoOutput/PromptAnalyzer/Run3Mu_RunNoWZSF_RunSyst_RunCR_NoTreeMode/2022/Skim_TriLep_ZZTo4L_powheg.root
2026-04-12 12:30:39,109 - INFO - [2022] MISSING_FILE: /home/choij/Sync/workspace/ChargedHiggsAnalysisV3/SKNanoOutput/PromptAnalyzer/Run3Mu_RunNoWZSF_RunSyst_RunCR_NoTreeMode/2022/Skim_TriLep_VBFHToZZTo4L.root
2026-04-12 12:30:39,109 - INFO - [2022] MISSING_FILE: /home/choij/Sync/workspace/ChargedHiggsAnalysisV3/SKNanoOutput/PromptAnalyzer/Run3Mu_RunNoWZSF_RunSyst_RunCR_NoTreeMode/2022/Skim_TriLep_ggHToZZTo4L.root
2026-04-12 20:38:27,765 - INFO - [2022] MISSING_CENTRAL: WZ3Mu/Central/muons/3/pt in Skim_TriLep_DYJets.root
2026-04-12 20:38:27,769 - INFO - [2022] MISSING_CENTRAL: WZ3Mu/Central/muons/3/pt in Skim_TriLep_DYJets10to50.root
2026-04-12 20:38:27,769 - INFO - [2022] MISSING_CENTRAL: WZ3Mu/Central/muons/3/pt in Skim_TriLep_TTG_PTG10to100.root
2026-04-12 20:38:27,770 - INFO - [2022] MISSING_CENTRAL: WZ3Mu/Central/muons/3/pt in Skim_TriLep_TTG_PTG100to200.root
2026-04-12 20:38:27,770 - INFO - [2022] MISSING_CENTRAL: WZ3Mu/Central/muons/3/pt in Skim_TriLep_TTG_PTG200toInf.root
2026-04-12 20:38:32,890 - INFO - [2022] MISSING_CENTRAL: WZ3Mu/Central/muons/3/pt in Skim_TriLep_DYJets.root
2026-04-12 20:38:32,891 - INFO - [2022] MISSING_CENTRAL: WZ3Mu/Central/muons/3/pt in Skim_TriLep_DYJets10to50.root
2026-04-12 20:38:32,892 - INFO - [2022] MISSING_CENTRAL: WZ3Mu/Central/muons/3/pt in Skim_TriLep_TTG_PTG10to100.root
2026-04-12 20:38:32,892 - INFO - [2022] MISSING_CENTRAL: WZ3Mu/Central/muons/3/pt in Skim_TriLep_TTG_PTG100to200.root
2026-04-12 20:38:32,893 - INFO - [2022] MISSING_CENTRAL: WZ3Mu/Central/muons/3/pt in Skim_TriLep_TTG_PTG200toInf.root
2026-04-12 20:38:32,905 - INFO - [2022] MISSING_FILE: /home/choij/Sync/workspace/ChargedHiggsAnalysisV3/SKNanoOutput/PromptAnalyzer/Run3Mu_RunNoWZSF_RunSyst_RunCR_NoTreeMode/2022/Skim_TriLep_ZZTo4L_powheg.root
2026-04-12 20:38:32,910 - INFO - [2022] MISSING_FILE: /home/choij/Sync/workspace/ChargedHiggsAnalysisV3/SKNanoOutput/PromptAnalyzer/Run3Mu_RunNoWZSF_RunSyst_RunCR_NoTreeMode/2022/Skim_TriLep_VBFHToZZTo4L.root
2026-04-12 20:38:32,910 - INFO - [2022] MISSING_FILE: /home/choij/Sync/workspace/ChargedHiggsAnalysisV3/SKNanoOutput/PromptAnalyzer/Run3Mu_RunNoWZSF_RunSyst_RunCR_NoTreeMode/2022/Skim_TriLep_ggHToZZTo4L.root
2026-04-12 21:10:11,112 - INFO - [2022] MISSING_CENTRAL: WZ3Mu/Central/muons/3/pt in Skim_TriLep_DYJets.root
2026-04-12 21:10:11,113 - INFO - [2022] MISSING_CENTRAL: WZ3Mu/Central/muons/3/pt in Skim_TriLep_DYJets10to50.root
2026-04-12 21:10:11,113 - INFO - [2022] MISSING_CENTRAL: WZ3Mu/Central/muons/3/pt in Skim_TriLep_TTG_PTG10to100.root
2026-04-12 21:10:11,114 - INFO - [2022] MISSING_CENTRAL: WZ3Mu/Central/muons/3/pt in Skim_TriLep_TTG_PTG100to200.root
2026-04-12 21:10:11,114 - INFO - [2022] MISSING_CENTRAL: WZ3Mu/Central/muons/3/pt in Skim_TriLep_TTG_PTG200toInf.root
2026-04-12 21:10:15,869 - INFO - [2022] MISSING_CENTRAL: WZ3Mu/Central/muons/3/pt in Skim_TriLep_DYJets.root
2026-04-12 21:10:15,869 - INFO - [2022] MISSING_CENTRAL: WZ3Mu/Central/muons/3/pt in Skim_TriLep_DYJets10to50.root
2026-04-12 21:10:15,870 - INFO - [2022] MISSING_CENTRAL: WZ3Mu/Central/muons/3/pt in Skim_TriLep_TTG_PTG10to100.root
2026-04-12 21:10:15,870 - INFO - [2022] MISSING_CENTRAL: WZ3Mu/Central/muons/3/pt in Skim_TriLep_TTG_PTG100to200.root
2026-04-12 21:10:15,871 - INFO - [2022] MISSING_CENTRAL: WZ3Mu/Central/muons/3/pt in Skim_TriLep_TTG_PTG200toInf.root
2026-04-12 21:10:15,884 - INFO - [2022] MISSING_FILE: /home/choij/Sync/workspace/ChargedHiggsAnalysisV3/SKNanoOutput/PromptAnalyzer/Run3Mu_RunNoWZSF_RunSyst_RunCR_NoTreeMode/2022/Skim_TriLep_ZZTo4L_powheg.root
2026-04-12 21:10:15,889 - INFO - [2022] MISSING_FILE: /home/choij/Sync/workspace/ChargedHiggsAnalysisV3/SKNanoOutput/PromptAnalyzer/Run3Mu_RunNoWZSF_RunSyst_RunCR_NoTreeMode/2022/Skim_TriLep_VBFHToZZTo4L.root
2026-04-12 21:10:15,889 - INFO - [2022] MISSING_FILE: /home/choij/Sync/workspace/ChargedHiggsAnalysisV3/SKNanoOutput/PromptAnalyzer/Run3Mu_RunNoWZSF_RunSyst_RunCR_NoTreeMode/2022/Skim_TriLep_ggHToZZTo4L.root
2026-04-13 12:47:34,654 - INFO - [2022] MISSING_CENTRAL: WZ3Mu/Central/muons/3/pt in Skim_TriLep_DYJets.root
2026-04-13 12:47:34,655 - INFO - [2022] MISSING_CENTRAL: WZ3Mu/Central/muons/3/pt in Skim_TriLep_DYJets10to50.root
2026-04-13 12:47:34,655 - INFO - [2022] MISSING_CENTRAL: WZ3Mu/Central/muons/3/pt in Skim_TriLep_TTG_PTG10to100.root
2026-04-13 12:47:34,656 - INFO - [2022] MISSING_CENTRAL: WZ3Mu/Central/muons/3/pt in Skim_TriLep_TTG_PTG100to200.root
2026-04-13 12:47:34,656 - INFO - [2022] MISSING_CENTRAL: WZ3Mu/Central/muons/3/pt in Skim_TriLep_TTG_PTG200toInf.root
2026-04-13 12:47:39,591 - INFO - [2022] MISSING_CENTRAL: WZ3Mu/Central/muons/3/pt in Skim_TriLep_DYJets.root
2026-04-13 12:47:39,592 - INFO - [2022] MISSING_CENTRAL: WZ3Mu/Central/muons/3/pt in Skim_TriLep_DYJets10to50.root
2026-04-13 12:47:39,592 - INFO - [2022] MISSING_CENTRAL: WZ3Mu/Central/muons/3/pt in Skim_TriLep_TTG_PTG10to100.root
2026-04-13 12:47:39,592 - INFO - [2022] MISSING_CENTRAL: WZ3Mu/Central/muons/3/pt in Skim_TriLep_TTG_PTG100to200.root
2026-04-13 12:47:39,593 - INFO - [2022] MISSING_CENTRAL: WZ3Mu/Central/muons/3/pt in Skim_TriLep_TTG_PTG200toInf.root
2026-04-13 12:47:39,611 - INFO - [2022] MISSING_FILE: /home/choij/Sync/workspace/ChargedHiggsAnalysisV3/SKNanoOutput/PromptAnalyzer/Run3Mu_RunNoWZSF_RunSyst_RunCR_NoTreeMode/2022/Skim_TriLep_ZZTo4L_powheg.root
2026-04-13 12:47:39,616 - INFO - [2022] MISSING_FILE: /home/choij/Sync/workspace/ChargedHiggsAnalysisV3/SKNanoOutput/PromptAnalyzer/Run3Mu_RunNoWZSF_RunSyst_RunCR_NoTreeMode/2022/Skim_TriLep_VBFHToZZTo4L.root
2026-04-13 12:47:39,616 - INFO - [2022] MISSING_FILE: /home/choij/Sync/workspace/ChargedHiggsAnalysisV3/SKNanoOutput/PromptAnalyzer/Run3Mu_RunNoWZSF_RunSyst_RunCR_NoTreeMode/2022/Skim_TriLep_ggHToZZTo4L.root
2026-06-12 14:06:56,045 - INFO - [2022] MISSING_CENTRAL: WZ3Mu/Central/muons/3/pt in Skim_TriLep_DYJets.root
2026-06-12 14:06:56,046 - INFO - [2022] MISSING_CENTRAL: WZ3Mu/Central/muons/3/pt in Skim_TriLep_DYJets10to50.root
2026-06-12 14:06:56,046 - INFO - [2022] MISSING_CENTRAL: WZ3Mu/Central/muons/3/pt in Skim_TriLep_TTG_PTG10to100.root
2026-06-12 14:06:56,047 - INFO - [2022] MISSING_CENTRAL: WZ3Mu/Central/muons/3/pt in Skim_TriLep_TTG_PTG100to200.root
2026-06-12 14:06:56,047 - INFO - [2022] MISSING_CENTRAL: WZ3Mu/Central/muons/3/pt in Skim_TriLep_TTG_PTG200toInf.root
2026-06-12 14:07:00,832 - INFO - [2022] MISSING_CENTRAL: WZ3Mu/Central/muons/3/pt in Skim_TriLep_DYJets.root
2026-06-12 14:07:00,833 - INFO - [2022] MISSING_CENTRAL: WZ3Mu/Central/muons/3/pt in Skim_TriLep_DYJets10to50.root
2026-06-12 14:07:00,833 - INFO - [2022] MISSING_CENTRAL: WZ3Mu/Central/muons/3/pt in Skim_TriLep_TTG_PTG10to100.root
2026-06-12 14:07:00,834 - INFO - [2022] MISSING_CENTRAL: WZ3Mu/Central/muons/3/pt in Skim_TriLep_TTG_PTG100to200.root
2026-06-12 14:07:00,834 - INFO - [2022] MISSING_CENTRAL: WZ3Mu/Central/muons/3/pt in Skim_TriLep_TTG_PTG200toInf.root
2026-06-12 14:07:00,846 - INFO - [2022] MISSING_FILE: /home/choij/Sync/workspace/ChargedHiggsAnalysisV3/SKNanoOutput/PromptAnalyzer/Run3Mu_RunNoWZSF_RunSyst_RunCR_NoTreeMode/2022/Skim_TriLep_ZZTo4L_powheg.root
2026-06-12 14:07:00,852 - INFO - [2022] MISSING_FILE: /home/choij/Sync/workspace/ChargedHiggsAnalysisV3/SKNanoOutput/PromptAnalyzer/Run3Mu_RunNoWZSF_RunSyst_RunCR_NoTreeMode/2022/Skim_TriLep_VBFHToZZTo4L.root
2026-06-12 14:07:00,852 - INFO - [2022] MISSING_FILE: /home/choij/Sync/workspace/ChargedHiggsAnalysisV3/SKNanoOutput/PromptAnalyzer/Run3Mu_RunNoWZSF_RunSyst_RunCR_NoTreeMode/2022/Skim_TriLep_ggHToZZTo4L.root
2026-06-12 14:29:28,984 - INFO - [2022] MISSING_CENTRAL: WZ3Mu/Central/muons/3/pt in Skim_TriLep_DYJets.root
2026-06-12 14:29:28,984 - INFO - [2022] MISSING_CENTRAL: WZ3Mu/Central/muons/3/pt in Skim_TriLep_DYJets10to50.root
2026-06-12 14:29:28,985 - INFO - [2022] MISSING_CENTRAL: WZ3Mu/Central/muons/3/pt in Skim_TriLep_TTG_PTG10to100.root
2026-06-12 14:29:28,985 - INFO - [2022] MISSING_CENTRAL: WZ3Mu/Central/muons/3/pt in Skim_TriLep_TTG_PTG100to200.root
2026-06-12 14:29:28,986 - INFO - [2022] MISSING_CENTRAL: WZ3Mu/Central/muons/3/pt in Skim_TriLep_TTG_PTG200toInf.root
2026-06-12 14:29:33,678 - INFO - [2022] MISSING_CENTRAL: WZ3Mu/Central/muons/3/pt in Skim_TriLep_DYJets.root
2026-06-12 14:29:33,679 - INFO - [2022] MISSING_CENTRAL: WZ3Mu/Central/muons/3/pt in Skim_TriLep_DYJets10to50.root
2026-06-12 14:29:33,679 - INFO - [2022] MISSING_CENTRAL: WZ3Mu/Central/muons/3/pt in Skim_TriLep_TTG_PTG10to100.root
2026-06-12 14:29:33,680 - INFO - [2022] MISSING_CENTRAL: WZ3Mu/Central/muons/3/pt in Skim_TriLep_TTG_PTG100to200.root
2026-06-12 14:29:33,680 - INFO - [2022] MISSING_CENTRAL: WZ3Mu/Central/muons/3/pt in Skim_TriLep_TTG_PTG200toInf.root
2026-06-12 14:29:33,693 - INFO - [2022] MISSING_FILE: /home/choij/Sync/workspace/ChargedHiggsAnalysisV3/SKNanoOutput/PromptAnalyzer/Run3Mu_RunNoWZSF_RunSyst_RunCR_NoTreeMode/2022/Skim_TriLep_ZZTo4L_powheg.root
2026-06-12 14:29:33,699 - INFO - [2022] MISSING_FILE: /home/choij/Sync/workspace/ChargedHiggsAnalysisV3/SKNanoOutput/PromptAnalyzer/Run3Mu_RunNoWZSF_RunSyst_RunCR_NoTreeMode/2022/Skim_TriLep_VBFHToZZTo4L.root
2026-06-12 14:29:33,699 - INFO - [2022] MISSING_FILE: /home/choij/Sync/workspace/ChargedHiggsAnalysisV3/SKNanoOutput/PromptAnalyzer/Run3Mu_RunNoWZSF_RunSyst_RunCR_NoTreeMode/2022/Skim_TriLep_ggHToZZTo4L.root
2026-06-18 00:23:57,292 - INFO - [2022] MISSING_CENTRAL: WZ3Mu/Central/muons/3/pt in Skim_TriLep_DYJets.root
2026-06-18 00:23:57,292 - INFO - [2022] MISSING_CENTRAL: WZ3Mu/Central/muons/3/pt in Skim_TriLep_DYJets10to50.root
2026-06-18 00:23:57,293 - INFO - [2022] MISSING_CENTRAL: WZ3Mu/Central/muons/3/pt in Skim_TriLep_TTG_PTG10to100.root
2026-06-18 00:23:57,293 - INFO - [2022] MISSING_CENTRAL: WZ3Mu/Central/muons/3/pt in Skim_TriLep_TTG_PTG100to200.root
2026-06-18 00:23:57,294 - INFO - [2022] MISSING_CENTRAL: WZ3Mu/Central/muons/3/pt in Skim_TriLep_TTG_PTG200toInf.root
2026-06-18 00:24:02,419 - INFO - [2022] MISSING_CENTRAL: WZ3Mu/Central/muons/3/pt in Skim_TriLep_DYJets.root
2026-06-18 00:24:02,419 - INFO - [2022] MISSING_CENTRAL: WZ3Mu/Central/muons/3/pt in Skim_TriLep_DYJets10to50.root
2026-06-18 00:24:02,420 - INFO - [2022] MISSING_CENTRAL: WZ3Mu/Central/muons/3/pt in Skim_TriLep_TTG_PTG10to100.root
2026-06-18 00:24:02,420 - INFO - [2022] MISSING_CENTRAL: WZ3Mu/Central/muons/3/pt in Skim_TriLep_TTG_PTG100to200.root
2026-06-18 00:24:02,421 - INFO - [2022] MISSING_CENTRAL: WZ3Mu/Central/muons/3/pt in Skim_TriLep_TTG_PTG200toInf.root
2026-06-29 16:37:36,221 - INFO - [2022] MISSING_CENTRAL: WZ3Mu/Central/muons/3/pt in Skim_TriLep_DYJets.root
2026-06-29 16:37:36,222 - INFO - [2022] MISSING_CENTRAL: WZ3Mu/Central/muons/3/pt in Skim_TriLep_DYJets10to50.root
2026-06-29 16:37:36,224 - INFO - [2022] MISSING_CENTRAL: WZ3Mu/Central/muons/3/pt in Skim_TriLep_TTG_PTG10to100.root
2026-06-29 16:37:36,225 - INFO - [2022] MISSING_CENTRAL: WZ3Mu/Central/muons/3/pt in Skim_TriLep_TTG_PTG100to200.root
2026-06-29 16:37:36,226 - INFO - [2022] MISSING_CENTRAL: WZ3Mu/Central/muons/3/pt in Skim_TriLep_TTG_PTG200toInf.root
2026-06-29 16:37:36,593 - INFO - [2022] MISSING_FILE: /data9/Users/choij/Sync/workspace/ChargedHiggsAnalysisV3/SKNanoOutput/PromptAnalyzer/Run3Mu_RunSyst_RunCR_NoTreeMode/2022/Skim_TriLep_tHW.root
2026-06-29 16:37:36,594 - INFO - [2022] MISSING_FILE: /data9/Users/choij/Sync/workspace/ChargedHiggsAnalysisV3/SKNanoOutput/PromptAnalyzer/Run3Mu_RunSyst_RunCR_NoTreeMode/2022/Skim_TriLep_tWZ_thadWlep.root
2026-06-29 16:37:36,594 - INFO - [2022] MISSING_FILE: /data9/Users/choij/Sync/workspace/ChargedHiggsAnalysisV3/SKNanoOutput/PromptAnalyzer/Run3Mu_RunSyst_RunCR_NoTreeMode/2022/Skim_TriLep_tWZ_tlepWhad.root
2026-06-29 16:37:36,594 - INFO - [2022] MISSING_FILE: /data9/Users/choij/Sync/workspace/ChargedHiggsAnalysisV3/SKNanoOutput/PromptAnalyzer/Run3Mu_RunSyst_RunCR_NoTreeMode/2022/Skim_TriLep_tWZ_tlepWlep.root
2026-06-29 16:37:41,033 - INFO - [2022] MISSING_CENTRAL: WZ3Mu/Central/muons/3/pt in Skim_TriLep_DYJets.root
2026-06-29 16:37:41,035 - INFO - [2022] MISSING_CENTRAL: WZ3Mu/Central/muons/3/pt in Skim_TriLep_DYJets10to50.root
2026-06-29 16:37:41,036 - INFO - [2022] MISSING_CENTRAL: WZ3Mu/Central/muons/3/pt in Skim_TriLep_TTG_PTG10to100.root
2026-06-29 16:37:41,038 - INFO - [2022] MISSING_CENTRAL: WZ3Mu/Central/muons/3/pt in Skim_TriLep_TTG_PTG100to200.root
2026-06-29 16:37:41,039 - INFO - [2022] MISSING_CENTRAL: WZ3Mu/Central/muons/3/pt in Skim_TriLep_TTG_PTG200toInf.root
2026-06-29 16:37:41,072 - INFO - [2022] MISSING_FILE: /data9/Users/choij/Sync/workspace/ChargedHiggsAnalysisV3/SKNanoOutput/PromptAnalyzer/Run3Mu_RunSyst_RunCR_NoTreeMode/2022/Skim_TriLep_tHW.root
2026-06-29 16:37:41,073 - INFO - [2022] MISSING_FILE: /data9/Users/choij/Sync/workspace/ChargedHiggsAnalysisV3/SKNanoOutput/PromptAnalyzer/Run3Mu_RunSyst_RunCR_NoTreeMode/2022/Skim_TriLep_tWZ_thadWlep.root
2026-06-29 16:37:41,073 - INFO - [2022] MISSING_FILE: /data9/Users/choij/Sync/workspace/ChargedHiggsAnalysisV3/SKNanoOutput/PromptAnalyzer/Run3Mu_RunSyst_RunCR_NoTreeMode/2022/Skim_TriLep_tWZ_tlepWhad.root
2026-06-29 16:37:41,073 - INFO - [2022] MISSING_FILE: /data9/Users/choij/Sync/workspace/ChargedHiggsAnalysisV3/SKNanoOutput/PromptAnalyzer/Run3Mu_RunSyst_RunCR_NoTreeMode/2022/Skim_TriLep_tWZ_tlepWlep.root
2026-07-01 05:32:38,868 - INFO - [2022] MISSING_CENTRAL: WZ3Mu/Central/muons/3/pt in Skim_TriLep_DYJets.root
2026-07-01 05:32:38,869 - INFO - [2022] MISSING_CENTRAL: WZ3Mu/Central/muons/3/pt in Skim_TriLep_DYJets10to50.root
2026-07-01 05:32:38,870 - INFO - [2022] MISSING_CENTRAL: WZ3Mu/Central/muons/3/pt in Skim_TriLep_TTG_PTG10to100.root
2026-07-01 05:32:38,871 - INFO - [2022] MISSING_CENTRAL: WZ3Mu/Central/muons/3/pt in Skim_TriLep_TTG_PTG100to200.root
2026-07-01 05:32:38,872 - INFO - [2022] MISSING_CENTRAL: WZ3Mu/Central/muons/3/pt in Skim_TriLep_TTG_PTG200toInf.root
2026-07-01 05:32:45,035 - INFO - [2022] MISSING_CENTRAL: WZ3Mu/Central/muons/3/pt in Skim_TriLep_DYJets.root
2026-07-01 05:32:45,036 - INFO - [2022] MISSING_CENTRAL: WZ3Mu/Central/muons/3/pt in Skim_TriLep_DYJets10to50.root
2026-07-01 05:32:45,037 - INFO - [2022] MISSING_CENTRAL: WZ3Mu/Central/muons/3/pt in Skim_TriLep_TTG_PTG10to100.root
2026-07-01 05:32:45,037 - INFO - [2022] MISSING_CENTRAL: WZ3Mu/Central/muons/3/pt in Skim_TriLep_TTG_PTG100to200.root
2026-07-01 05:32:45,038 - INFO - [2022] MISSING_CENTRAL: WZ3Mu/Central/muons/3/pt in Skim_TriLep_TTG_PTG200toInf.root
2026-07-01 05:58:51,044 - INFO - [2022] MISSING_FILE: /data9/Users/choij/Sync/workspace/ChargedHiggsAnalysisV3/SKNanoOutput/PromptAnalyzer/Run3Mu_RunCR_NoTreeMode/2022/Skim_TriLep_DoubleMuon_C.root
2026-07-01 05:58:51,045 - INFO - [2022] MISSING_FILE: /data9/Users/choij/Sync/workspace/ChargedHiggsAnalysisV3/SKNanoOutput/PromptAnalyzer/Run3Mu_RunCR_NoTreeMode/2022/Skim_TriLep_Muon_C.root
2026-07-01 05:58:51,045 - INFO - [2022] MISSING_FILE: /data9/Users/choij/Sync/workspace/ChargedHiggsAnalysisV3/SKNanoOutput/PromptAnalyzer/Run3Mu_RunCR_NoTreeMode/2022/Skim_TriLep_Muon_D.root
2026-07-01 05:58:53,209 - INFO - [2022] MISSING_FILE: /data9/Users/choij/Sync/workspace/ChargedHiggsAnalysisV3/SKNanoOutput/PromptAnalyzer/Run3Mu_RunCR_NoTreeMode/2022/Skim_TriLep_DoubleMuon_C.root
2026-07-01 05:58:53,209 - INFO - [2022] MISSING_FILE: /data9/Users/choij/Sync/workspace/ChargedHiggsAnalysisV3/SKNanoOutput/PromptAnalyzer/Run3Mu_RunCR_NoTreeMode/2022/Skim_TriLep_Muon_C.root
2026-07-01 05:58:53,209 - INFO - [2022] MISSING_FILE: /data9/Users/choij/Sync/workspace/ChargedHiggsAnalysisV3/SKNanoOutput/PromptAnalyzer/Run3Mu_RunCR_NoTreeMode/2022/Skim_TriLep_Muon_D.root
2026-07-01 06:50:28,933 - INFO - [2022] MISSING_CENTRAL: WZ3Mu/Central/muons/3/pt in Skim_TriLep_DYJets.root
2026-07-01 06:50:28,935 - INFO - [2022] MISSING_CENTRAL: WZ3Mu/Central/muons/3/pt in Skim_TriLep_DYJets10to50.root
2026-07-01 06:50:28,936 - INFO - [2022] MISSING_CENTRAL: WZ3Mu/Central/muons/3/pt in Skim_TriLep_TTG_PTG10to100.root
2026-07-01 06:50:28,937 - INFO - [2022] MISSING_CENTRAL: WZ3Mu/Central/muons/3/pt in Skim_TriLep_TTG_PTG100to200.root
2026-07-01 06:50:28,939 - INFO - [2022] MISSING_CENTRAL: WZ3Mu/Central/muons/3/pt in Skim_TriLep_TTG_PTG200toInf.root
2026-07-01 06:50:32,960 - INFO - [2022] MISSING_CENTRAL: WZ3Mu/Central/muons/3/pt in Skim_TriLep_DYJets.root
2026-07-01 06:50:32,962 - INFO - [2022] MISSING_CENTRAL: WZ3Mu/Central/muons/3/pt in Skim_TriLep_DYJets10to50.root
2026-07-01 06:50:32,962 - INFO - [2022] MISSING_CENTRAL: WZ3Mu/Central/muons/3/pt in Skim_TriLep_TTG_PTG10to100.root
2026-07-01 06:50:32,963 - INFO - [2022] MISSING_CENTRAL: WZ3Mu/Central/muons/3/pt in Skim_TriLep_TTG_PTG100to200.root
2026-07-01 06:50:32,964 - INFO - [2022] MISSING_CENTRAL: WZ3Mu/Central/muons/3/pt in Skim_TriLep_TTG_PTG200toInf.root
2026-07-01 15:25:42,815 - INFO - [2022] MISSING_CENTRAL: WZ3Mu/Central/muons/3/pt in Skim_TriLep_DYJets.root
2026-07-01 15:25:42,816 - INFO - [2022] MISSING_CENTRAL: WZ3Mu/Central/muons/3/pt in Skim_TriLep_DYJets10to50.root
2026-07-01 15:25:42,817 - INFO - [2022] MISSING_CENTRAL: WZ3Mu/Central/muons/3/pt in Skim_TriLep_TTG_PTG10to100.root
2026-07-01 15:25:42,818 - INFO - [2022] MISSING_CENTRAL: WZ3Mu/Central/muons/3/pt in Skim_TriLep_TTG_PTG100to200.root
2026-07-01 15:25:42,819 - INFO - [2022] MISSING_CENTRAL: WZ3Mu/Central/muons/3/pt in Skim_TriLep_TTG_PTG200toInf.root
2026-07-01 15:25:46,292 - INFO - [2022] MISSING_CENTRAL: WZ3Mu/Central/muons/3/pt in Skim_TriLep_DYJets.root
2026-07-01 15:25:46,293 - INFO - [2022] MISSING_CENTRAL: WZ3Mu/Central/muons/3/pt in Skim_TriLep_DYJets10to50.root
2026-07-01 15:25:46,294 - INFO - [2022] MISSING_CENTRAL: WZ3Mu/Central/muons/3/pt in Skim_TriLep_TTG_PTG10to100.root
2026-07-01 15:25:46,295 - INFO - [2022] MISSING_CENTRAL: WZ3Mu/Central/muons/3/pt in Skim_TriLep_TTG_PTG100to200.root
2026-07-01 15:25:46,296 - INFO - [2022] MISSING_CENTRAL: WZ3Mu/Central/muons/3/pt in Skim_TriLep_TTG_PTG200toInf.root
2026-07-01 17:38:14,068 - INFO - [2022] MISSING_CENTRAL: WZ3Mu/Central/muons/3/pt in Skim_TriLep_DYJets.root
2026-07-01 17:38:14,070 - INFO - [2022] MISSING_CENTRAL: WZ3Mu/Central/muons/3/pt in Skim_TriLep_DYJets10to50.root
2026-07-01 17:38:14,071 - INFO - [2022] MISSING_CENTRAL: WZ3Mu/Central/muons/3/pt in Skim_TriLep_TTG_PTG10to100.root
2026-07-01 17:38:14,072 - INFO - [2022] MISSING_CENTRAL: WZ3Mu/Central/muons/3/pt in Skim_TriLep_TTG_PTG100to200.root
2026-07-01 17:38:14,073 - INFO - [2022] MISSING_CENTRAL: WZ3Mu/Central/muons/3/pt in Skim_TriLep_TTG_PTG200toInf.root
2026-07-01 17:38:18,434 - INFO - [2022] MISSING_CENTRAL: WZ3Mu/Central/muons/3/pt in Skim_TriLep_DYJets.root
2026-07-01 17:38:18,435 - INFO - [2022] MISSING_CENTRAL: WZ3Mu/Central/muons/3/pt in Skim_TriLep_DYJets10to50.root
2026-07-01 17:38:18,436 - INFO - [2022] MISSING_CENTRAL: WZ3Mu/Central/muons/3/pt in Skim_TriLep_TTG_PTG10to100.root
2026-07-01 17:38:18,457 - INFO - [2022] MISSING_CENTRAL: WZ3Mu/Central/muons/3/pt in Skim_TriLep_TTG_PTG100to200.root
2026-07-01 17:38:18,458 - INFO - [2022] MISSING_CENTRAL: WZ3Mu/Central/muons/3/pt in Skim_TriLep_TTG_PTG200toInf.root
