2025-09-24 15:58:16,940 - INFO - [2022EE] MISSING_CENTRAL: ZG3Mu/Central/jets/1/eta in Skim_TriLep_DYJets10to50.root
2025-09-24 15:58:17,201 - INFO - [2022EE] MISSING_CENTRAL: ZG3Mu/Central/jets/1/eta in Skim_TriLep_DYGTo2LG_MLL50_PTG200toInf.root
2025-09-24 15:58:17,201 - INFO - [2022EE] MISSING_CENTRAL: ZG3Mu/Central/jets/1/eta in Skim_TriLep_TTG_PTG10to100.root
2025-09-24 15:58:17,201 - INFO - [2022EE] MISSING_CENTRAL: ZG3Mu/Central/jets/1/eta in Skim_TriLep_TTG_PTG100to200.root
2025-09-24 15:58:17,201 - INFO - [2022EE] MISSING_CENTRAL: ZG3Mu/Central/jets/1/eta in Skim_TriLep_TTG_PTG200toInf.root
2025-09-24 15:58:27,442 - INFO - [2022EE] MISSING_CENTRAL: ZG3Mu/Central/jets/1/eta in Skim_TriLep_DYJets10to50.root
2025-09-24 15:58:27,443 - INFO - [2022EE] MISSING_CENTRAL: ZG3Mu/Central/jets/1/eta in Skim_TriLep_DYGTo2LG_MLL50_PTG200toInf.root
2025-09-24 15:58:27,444 - INFO - [2022EE] MISSING_CENTRAL: ZG3Mu/Central/jets/1/eta in Skim_TriLep_TTG_PTG10to100.root
2025-09-24 15:58:27,444 - INFO - [2022EE] MISSING_CENTRAL: ZG3Mu/Central/jets/1/eta in Skim_TriLep_TTG_PTG100to200.root
2025-09-24 15:58:27,444 - INFO - [2022EE] MISSING_CENTRAL: ZG3Mu/Central/jets/1/eta in Skim_TriLep_TTG_PTG200toInf.root
2025-10-02 21:18:34,132 - INFO - [2022EE] MISSING_CENTRAL: ZG3Mu/Central/jets/1/eta in Skim_TriLep_DYJets10to50.root
2025-10-02 21:18:34,595 - INFO - [2022EE] MISSING_CENTRAL: ZG3Mu/Central/jets/1/eta in Skim_TriLep_DYGTo2LG_MLL50_PTG200toInf.root
2025-10-02 21:18:34,596 - INFO - [2022EE] MISSING_CENTRAL: ZG3Mu/Central/jets/1/eta in Skim_TriLep_TTG_PTG10to100.root
2025-10-02 21:18:34,597 - INFO - [2022EE] MISSING_CENTRAL: ZG3Mu/Central/jets/1/eta in Skim_TriLep_TTG_PTG100to200.root
2025-10-02 21:18:34,598 - INFO - [2022EE] MISSING_CENTRAL: ZG3Mu/Central/jets/1/eta in Skim_TriLep_TTG_PTG200toInf.root
2025-10-02 21:18:40,877 - INFO - [2022EE] MISSING_CENTRAL: ZG3Mu/Central/jets/1/eta in Skim_TriLep_DYJets10to50.root
2025-10-02 21:18:40,885 - INFO - [2022EE] MISSING_CENTRAL: ZG3Mu/Central/jets/1/eta in Skim_TriLep_DYGTo2LG_MLL50_PTG200toInf.root
2025-10-02 21:18:40,886 - INFO - [2022EE] MISSING_CENTRAL: ZG3Mu/Central/jets/1/eta in Skim_TriLep_TTG_PTG10to100.root
2025-10-02 21:18:40,887 - INFO - [2022EE] MISSING_CENTRAL: ZG3Mu/Central/jets/1/eta in Skim_TriLep_TTG_PTG100to200.root
2025-10-02 21:18:40,888 - INFO - [2022EE] MISSING_CENTRAL: ZG3Mu/Central/jets/1/eta in Skim_TriLep_TTG_PTG200toInf.root
2025-10-03 00:26:13,773 - INFO - [2022EE] MISSING_CENTRAL: ZG3Mu/Central/jets/1/eta in Skim_TriLep_DYJets10to50.root
2025-10-03 00:26:13,817 - INFO - [2022EE] MISSING_CENTRAL: ZG3Mu/Central/jets/1/eta in Skim_TriLep_DYGTo2LG_MLL50_PTG200toInf.root
2025-10-03 00:26:13,818 - INFO - [2022EE] MISSING_CENTRAL: ZG3Mu/Central/jets/1/eta in Skim_TriLep_TTG_PTG10to100.root
2025-10-03 00:26:13,818 - INFO - [2022EE] MISSING_CENTRAL: ZG3Mu/Central/jets/1/eta in Skim_TriLep_TTG_PTG100to200.root
2025-10-03 00:26:13,818 - INFO - [2022EE] MISSING_CENTRAL: ZG3Mu/Central/jets/1/eta in Skim_TriLep_TTG_PTG200toInf.root
2025-10-03 00:26:24,644 - INFO - [2022EE] MISSING_CENTRAL: ZG3Mu/Central/jets/1/eta in Skim_TriLep_DYJets10to50.root
2025-10-03 00:26:24,647 - INFO - [2022EE] MISSING_CENTRAL: ZG3Mu/Central/jets/1/eta in Skim_TriLep_DYGTo2LG_MLL50_PTG200toInf.root
2025-10-03 00:26:24,647 - INFO - [2022EE] MISSING_CENTRAL: ZG3Mu/Central/jets/1/eta in Skim_TriLep_TTG_PTG10to100.root
2025-10-03 00:26:24,648 - INFO - [2022EE] MISSING_CENTRAL: ZG3Mu/Central/jets/1/eta in Skim_TriLep_TTG_PTG100to200.root
2025-10-03 00:26:24,648 - INFO - [2022EE] MISSING_CENTRAL: ZG3Mu/Central/jets/1/eta in Skim_TriLep_TTG_PTG200toInf.root
2025-11-07 13:10:29,272 - INFO - [2022EE] MISSING_CENTRAL: ZG3Mu/Central/jets/1/eta in Skim_TriLep_DYJets10to50.root
2025-11-07 13:10:29,297 - INFO - [2022EE] MISSING_CENTRAL: ZG3Mu/Central/jets/1/eta in Skim_TriLep_DYGTo2LG_MLL50_PTG200toInf.root
2025-11-07 13:10:29,297 - INFO - [2022EE] MISSING_CENTRAL: ZG3Mu/Central/jets/1/eta in Skim_TriLep_TTG_PTG10to100.root
2025-11-07 13:10:29,298 - INFO - [2022EE] MISSING_CENTRAL: ZG3Mu/Central/jets/1/eta in Skim_TriLep_TTG_PTG100to200.root
2025-11-07 13:10:29,298 - INFO - [2022EE] MISSING_CENTRAL: ZG3Mu/Central/jets/1/eta in Skim_TriLep_TTG_PTG200toInf.root
2025-11-07 13:10:34,389 - INFO - [2022EE] MISSING_CENTRAL: ZG3Mu/Central/jets/1/eta in Skim_TriLep_DYJets10to50.root
2025-11-07 13:10:34,393 - INFO - [2022EE] MISSING_CENTRAL: ZG3Mu/Central/jets/1/eta in Skim_TriLep_DYGTo2LG_MLL50_PTG200toInf.root
2025-11-07 13:10:34,393 - INFO - [2022EE] MISSING_CENTRAL: ZG3Mu/Central/jets/1/eta in Skim_TriLep_TTG_PTG10to100.root
2025-11-07 13:10:34,394 - INFO - [2022EE] MISSING_CENTRAL: ZG3Mu/Central/jets/1/eta in Skim_TriLep_TTG_PTG100to200.root
2025-11-07 13:10:34,394 - INFO - [2022EE] MISSING_CENTRAL: ZG3Mu/Central/jets/1/eta in Skim_TriLep_TTG_PTG200toInf.root
2025-11-07 14:08:07,635 - INFO - [2022EE] MISSING_CENTRAL: ZG3Mu/Central/jets/1/eta in Skim_TriLep_DYJets10to50.root
2025-11-07 14:08:07,663 - INFO - [2022EE] MISSING_CENTRAL: ZG3Mu/Central/jets/1/eta in Skim_TriLep_DYGTo2LG_MLL50_PTG200toInf.root
2025-11-07 14:08:07,663 - INFO - [2022EE] MISSING_CENTRAL: ZG3Mu/Central/jets/1/eta in Skim_TriLep_TTG_PTG10to100.root
2025-11-07 14:08:07,664 - INFO - [2022EE] MISSING_CENTRAL: ZG3Mu/Central/jets/1/eta in Skim_TriLep_TTG_PTG100to200.root
2025-11-07 14:08:07,664 - INFO - [2022EE] MISSING_CENTRAL: ZG3Mu/Central/jets/1/eta in Skim_TriLep_TTG_PTG200toInf.root
2025-11-07 14:08:12,568 - INFO - [2022EE] MISSING_CENTRAL: ZG3Mu/Central/jets/1/eta in Skim_TriLep_DYJets10to50.root
2025-11-07 14:08:12,572 - INFO - [2022EE] MISSING_CENTRAL: ZG3Mu/Central/jets/1/eta in Skim_TriLep_DYGTo2LG_MLL50_PTG200toInf.root
2025-11-07 14:08:12,572 - INFO - [2022EE] MISSING_CENTRAL: ZG3Mu/Central/jets/1/eta in Skim_TriLep_TTG_PTG10to100.root
2025-11-07 14:08:12,572 - INFO - [2022EE] MISSING_CENTRAL: ZG3Mu/Central/jets/1/eta in Skim_TriLep_TTG_PTG100to200.root
2025-11-07 14:08:12,573 - INFO - [2022EE] MISSING_CENTRAL: ZG3Mu/Central/jets/1/eta in Skim_TriLep_TTG_PTG200toInf.root
2025-11-10 12:23:39,625 - INFO - [2022EE] MISSING_CENTRAL: ZG3Mu/Central/jets/1/eta in Skim_TriLep_DYJets10to50.root
2025-11-10 12:23:39,647 - INFO - [2022EE] MISSING_CENTRAL: ZG3Mu/Central/jets/1/eta in Skim_TriLep_DYGTo2LG_MLL50_PTG200toInf.root
2025-11-10 12:23:39,648 - INFO - [2022EE] MISSING_CENTRAL: ZG3Mu/Central/jets/1/eta in Skim_TriLep_TTG_PTG10to100.root
2025-11-10 12:23:39,648 - INFO - [2022EE] MISSING_CENTRAL: ZG3Mu/Central/jets/1/eta in Skim_TriLep_TTG_PTG100to200.root
2025-11-10 12:23:39,648 - INFO - [2022EE] MISSING_CENTRAL: ZG3Mu/Central/jets/1/eta in Skim_TriLep_TTG_PTG200toInf.root
2025-11-10 12:23:44,844 - INFO - [2022EE] MISSING_CENTRAL: ZG3Mu/Central/jets/1/eta in Skim_TriLep_DYJets10to50.root
2025-11-10 12:23:44,848 - INFO - [2022EE] MISSING_CENTRAL: ZG3Mu/Central/jets/1/eta in Skim_TriLep_DYGTo2LG_MLL50_PTG200toInf.root
2025-11-10 12:23:44,849 - INFO - [2022EE] MISSING_CENTRAL: ZG3Mu/Central/jets/1/eta in Skim_TriLep_TTG_PTG10to100.root
2025-11-10 12:23:44,849 - INFO - [2022EE] MISSING_CENTRAL: ZG3Mu/Central/jets/1/eta in Skim_TriLep_TTG_PTG100to200.root
2025-11-10 12:23:44,850 - INFO - [2022EE] MISSING_CENTRAL: ZG3Mu/Central/jets/1/eta in Skim_TriLep_TTG_PTG200toInf.root
2025-11-13 11:13:28,924 - INFO - [2022EE] MISSING_CENTRAL: ZG3Mu/Central/jets/1/eta in Skim_TriLep_DYJets10to50.root
2025-11-13 11:13:28,969 - INFO - [2022EE] MISSING_CENTRAL: ZG3Mu/Central/jets/1/eta in Skim_TriLep_DYGTo2LG_MLL50_PTG200toInf.root
2025-11-13 11:13:28,970 - INFO - [2022EE] MISSING_CENTRAL: ZG3Mu/Central/jets/1/eta in Skim_TriLep_TTG_PTG10to100.root
2025-11-13 11:13:28,971 - INFO - [2022EE] MISSING_CENTRAL: ZG3Mu/Central/jets/1/eta in Skim_TriLep_TTG_PTG100to200.root
2025-11-13 11:13:28,971 - INFO - [2022EE] MISSING_CENTRAL: ZG3Mu/Central/jets/1/eta in Skim_TriLep_TTG_PTG200toInf.root
2025-11-13 11:13:33,631 - INFO - [2022EE] MISSING_CENTRAL: ZG3Mu/Central/jets/1/eta in Skim_TriLep_DYJets10to50.root
2025-11-13 11:13:33,635 - INFO - [2022EE] MISSING_CENTRAL: ZG3Mu/Central/jets/1/eta in Skim_TriLep_DYGTo2LG_MLL50_PTG200toInf.root
2025-11-13 11:13:33,636 - INFO - [2022EE] MISSING_CENTRAL: ZG3Mu/Central/jets/1/eta in Skim_TriLep_TTG_PTG10to100.root
2025-11-13 11:13:33,636 - INFO - [2022EE] MISSING_CENTRAL: ZG3Mu/Central/jets/1/eta in Skim_TriLep_TTG_PTG100to200.root
2025-11-13 11:13:33,637 - INFO - [2022EE] MISSING_CENTRAL: ZG3Mu/Central/jets/1/eta in Skim_TriLep_TTG_PTG200toInf.root
2025-11-19 00:18:40,143 - INFO - [2022EE] MISSING_CENTRAL: ZG3Mu/Central/jets/1/eta in Skim_TriLep_DYJets10to50.root
2025-11-19 00:18:40,189 - INFO - [2022EE] MISSING_CENTRAL: ZG3Mu/Central/jets/1/eta in Skim_TriLep_DYGTo2LG_MLL50_PTG200toInf.root
2025-11-19 00:18:40,190 - INFO - [2022EE] MISSING_CENTRAL: ZG3Mu/Central/jets/1/eta in Skim_TriLep_TTG_PTG10to100.root
2025-11-19 00:18:40,191 - INFO - [2022EE] MISSING_CENTRAL: ZG3Mu/Central/jets/1/eta in Skim_TriLep_TTG_PTG100to200.root
2025-11-19 00:18:40,192 - INFO - [2022EE] MISSING_CENTRAL: ZG3Mu/Central/jets/1/eta in Skim_TriLep_TTG_PTG200toInf.root
2025-11-19 00:18:44,897 - INFO - [2022EE] MISSING_CENTRAL: ZG3Mu/Central/jets/1/eta in Skim_TriLep_DYJets10to50.root
2025-11-19 00:18:44,902 - INFO - [2022EE] MISSING_CENTRAL: ZG3Mu/Central/jets/1/eta in Skim_TriLep_DYGTo2LG_MLL50_PTG200toInf.root
2025-11-19 00:18:44,902 - INFO - [2022EE] MISSING_CENTRAL: ZG3Mu/Central/jets/1/eta in Skim_TriLep_TTG_PTG10to100.root
2025-11-19 00:18:44,903 - INFO - [2022EE] MISSING_CENTRAL: ZG3Mu/Central/jets/1/eta in Skim_TriLep_TTG_PTG100to200.root
2025-11-19 00:18:44,904 - INFO - [2022EE] MISSING_CENTRAL: ZG3Mu/Central/jets/1/eta in Skim_TriLep_TTG_PTG200toInf.root
2025-11-19 15:43:51,486 - INFO - [2022EE] MISSING_CENTRAL: ZG3Mu/Central/jets/1/eta in Skim_TriLep_DYJets10to50.root
2025-11-19 15:43:51,551 - INFO - [2022EE] MISSING_CENTRAL: ZG3Mu/Central/jets/1/eta in Skim_TriLep_DYGTo2LG_MLL50_PTG200toInf.root
2025-11-19 15:43:51,552 - INFO - [2022EE] MISSING_CENTRAL: ZG3Mu/Central/jets/1/eta in Skim_TriLep_TTG_PTG10to100.root
2025-11-19 15:43:51,553 - INFO - [2022EE] MISSING_CENTRAL: ZG3Mu/Central/jets/1/eta in Skim_TriLep_TTG_PTG100to200.root
2025-11-19 15:43:51,553 - INFO - [2022EE] MISSING_CENTRAL: ZG3Mu/Central/jets/1/eta in Skim_TriLep_TTG_PTG200toInf.root
2025-11-19 15:43:56,749 - INFO - [2022EE] MISSING_CENTRAL: ZG3Mu/Central/jets/1/eta in Skim_TriLep_DYJets10to50.root
2025-11-19 15:43:56,753 - INFO - [2022EE] MISSING_CENTRAL: ZG3Mu/Central/jets/1/eta in Skim_TriLep_DYGTo2LG_MLL50_PTG200toInf.root
2025-11-19 15:43:56,754 - INFO - [2022EE] MISSING_CENTRAL: ZG3Mu/Central/jets/1/eta in Skim_TriLep_TTG_PTG10to100.root
2025-11-19 15:43:56,754 - INFO - [2022EE] MISSING_CENTRAL: ZG3Mu/Central/jets/1/eta in Skim_TriLep_TTG_PTG100to200.root
2025-11-19 15:43:56,755 - INFO - [2022EE] MISSING_CENTRAL: ZG3Mu/Central/jets/1/eta in Skim_TriLep_TTG_PTG200toInf.root
2025-11-19 16:26:06,937 - INFO - [2022EE] MISSING_CENTRAL: ZG3Mu/Central/jets/1/eta in Skim_TriLep_DYJets10to50.root
2025-11-19 16:26:06,966 - INFO - [2022EE] MISSING_CENTRAL: ZG3Mu/Central/jets/1/eta in Skim_TriLep_DYGTo2LG_MLL50_PTG200toInf.root
2025-11-19 16:26:06,967 - INFO - [2022EE] MISSING_CENTRAL: ZG3Mu/Central/jets/1/eta in Skim_TriLep_TTG_PTG10to100.root
2025-11-19 16:26:06,967 - INFO - [2022EE] MISSING_CENTRAL: ZG3Mu/Central/jets/1/eta in Skim_TriLep_TTG_PTG100to200.root
2025-11-19 16:26:06,968 - INFO - [2022EE] MISSING_CENTRAL: ZG3Mu/Central/jets/1/eta in Skim_TriLep_TTG_PTG200toInf.root
2025-11-19 16:26:12,053 - INFO - [2022EE] MISSING_CENTRAL: ZG3Mu/Central/jets/1/eta in Skim_TriLep_DYJets10to50.root
2025-11-19 16:26:12,056 - INFO - [2022EE] MISSING_CENTRAL: ZG3Mu/Central/jets/1/eta in Skim_TriLep_DYGTo2LG_MLL50_PTG200toInf.root
2025-11-19 16:26:12,057 - INFO - [2022EE] MISSING_CENTRAL: ZG3Mu/Central/jets/1/eta in Skim_TriLep_TTG_PTG10to100.root
2025-11-19 16:26:12,057 - INFO - [2022EE] MISSING_CENTRAL: ZG3Mu/Central/jets/1/eta in Skim_TriLep_TTG_PTG100to200.root
2025-11-19 16:26:12,058 - INFO - [2022EE] MISSING_CENTRAL: ZG3Mu/Central/jets/1/eta in Skim_TriLep_TTG_PTG200toInf.root
2025-12-17 12:27:07,024 - INFO - [2022EE] MISSING_CENTRAL: ZG3Mu/Central/jets/1/eta in Skim_TriLep_DYJets10to50.root
2025-12-17 12:27:07,026 - INFO - [2022EE] MISSING_CENTRAL: ZG3Mu/Central/jets/1/eta in Skim_TriLep_TTG_PTG10to100.root
2025-12-17 12:27:07,027 - INFO - [2022EE] MISSING_CENTRAL: ZG3Mu/Central/jets/1/eta in Skim_TriLep_TTG_PTG100to200.root
2025-12-17 12:27:07,028 - INFO - [2022EE] MISSING_CENTRAL: ZG3Mu/Central/jets/1/eta in Skim_TriLep_TTG_PTG200toInf.root
2025-12-17 12:27:12,679 - INFO - [2022EE] MISSING_CENTRAL: ZG3Mu/Central/jets/1/eta in Skim_TriLep_DYJets10to50.root
2025-12-17 12:27:12,680 - INFO - [2022EE] MISSING_CENTRAL: ZG3Mu/Central/jets/1/eta in Skim_TriLep_TTG_PTG10to100.root
2025-12-17 12:27:12,681 - INFO - [2022EE] MISSING_CENTRAL: ZG3Mu/Central/jets/1/eta in Skim_TriLep_TTG_PTG100to200.root
2025-12-17 12:27:12,682 - INFO - [2022EE] MISSING_CENTRAL: ZG3Mu/Central/jets/1/eta in Skim_TriLep_TTG_PTG200toInf.root
2025-12-17 16:08:46,324 - INFO - [2022EE] MISSING_CENTRAL: ZG3Mu/Central/jets/1/eta in Skim_TriLep_DYJets10to50.root
2025-12-17 16:08:46,326 - INFO - [2022EE] MISSING_CENTRAL: ZG3Mu/Central/jets/1/eta in Skim_TriLep_TTG_PTG10to100.root
2025-12-17 16:08:46,327 - INFO - [2022EE] MISSING_CENTRAL: ZG3Mu/Central/jets/1/eta in Skim_TriLep_TTG_PTG100to200.root
2025-12-17 16:08:46,329 - INFO - [2022EE] MISSING_CENTRAL: ZG3Mu/Central/jets/1/eta in Skim_TriLep_TTG_PTG200toInf.root
2025-12-17 16:08:51,165 - INFO - [2022EE] MISSING_CENTRAL: ZG3Mu/Central/jets/1/eta in Skim_TriLep_DYJets10to50.root
2025-12-17 16:08:51,166 - INFO - [2022EE] MISSING_CENTRAL: ZG3Mu/Central/jets/1/eta in Skim_TriLep_TTG_PTG10to100.root
2025-12-17 16:08:51,167 - INFO - [2022EE] MISSING_CENTRAL: ZG3Mu/Central/jets/1/eta in Skim_TriLep_TTG_PTG100to200.root
2025-12-17 16:08:51,168 - INFO - [2022EE] MISSING_CENTRAL: ZG3Mu/Central/jets/1/eta in Skim_TriLep_TTG_PTG200toInf.root
2025-12-17 22:40:47,004 - INFO - [2022EE] MISSING_CENTRAL: ZG3Mu/Central/jets/1/eta in Skim_TriLep_DYJets10to50.root
2025-12-17 22:40:47,005 - INFO - [2022EE] MISSING_CENTRAL: ZG3Mu/Central/jets/1/eta in Skim_TriLep_TTG_PTG10to100.root
2025-12-17 22:40:47,005 - INFO - [2022EE] MISSING_CENTRAL: ZG3Mu/Central/jets/1/eta in Skim_TriLep_TTG_PTG100to200.root
2025-12-17 22:40:47,006 - INFO - [2022EE] MISSING_CENTRAL: ZG3Mu/Central/jets/1/eta in Skim_TriLep_TTG_PTG200toInf.root
2025-12-17 22:40:50,643 - INFO - [2022EE] MISSING_CENTRAL: ZG3Mu/Central/jets/1/eta in Skim_TriLep_DYJets10to50.root
2025-12-17 22:40:50,644 - INFO - [2022EE] MISSING_CENTRAL: ZG3Mu/Central/jets/1/eta in Skim_TriLep_TTG_PTG10to100.root
2025-12-17 22:40:50,645 - INFO - [2022EE] MISSING_CENTRAL: ZG3Mu/Central/jets/1/eta in Skim_TriLep_TTG_PTG100to200.root
2025-12-17 22:40:50,646 - INFO - [2022EE] MISSING_CENTRAL: ZG3Mu/Central/jets/1/eta in Skim_TriLep_TTG_PTG200toInf.root
2025-12-18 14:25:55,859 - INFO - [2022EE] MISSING_CENTRAL: ZG3Mu/Central/jets/1/eta in Skim_TriLep_DYJets10to50.root
2025-12-18 14:25:55,860 - INFO - [2022EE] MISSING_CENTRAL: ZG3Mu/Central/jets/1/eta in Skim_TriLep_TTG_PTG10to100.root
2025-12-18 14:25:55,880 - INFO - [2022EE] MISSING_CENTRAL: ZG3Mu/Central/jets/1/eta in Skim_TriLep_TTG_PTG100to200.root
2025-12-18 14:25:55,881 - INFO - [2022EE] MISSING_CENTRAL: ZG3Mu/Central/jets/1/eta in Skim_TriLep_TTG_PTG200toInf.root
2025-12-18 14:26:01,529 - INFO - [2022EE] MISSING_CENTRAL: ZG3Mu/Central/jets/1/eta in Skim_TriLep_DYJets10to50.root
2025-12-18 14:26:01,530 - INFO - [2022EE] MISSING_CENTRAL: ZG3Mu/Central/jets/1/eta in Skim_TriLep_TTG_PTG10to100.root
2025-12-18 14:26:01,531 - INFO - [2022EE] MISSING_CENTRAL: ZG3Mu/Central/jets/1/eta in Skim_TriLep_TTG_PTG100to200.root
2025-12-18 14:26:01,532 - INFO - [2022EE] MISSING_CENTRAL: ZG3Mu/Central/jets/1/eta in Skim_TriLep_TTG_PTG200toInf.root
2025-12-18 14:41:18,330 - INFO - [2022EE] MISSING_CENTRAL: ZG3Mu/Central/jets/1/eta in Skim_TriLep_DYJets10to50.root
2025-12-18 14:41:18,330 - INFO - [2022EE] MISSING_CENTRAL: ZG3Mu/Central/jets/1/eta in Skim_TriLep_TTG_PTG10to100.root
2025-12-18 14:41:18,331 - INFO - [2022EE] MISSING_CENTRAL: ZG3Mu/Central/jets/1/eta in Skim_TriLep_TTG_PTG100to200.root
2025-12-18 14:41:18,331 - INFO - [2022EE] MISSING_CENTRAL: ZG3Mu/Central/jets/1/eta in Skim_TriLep_TTG_PTG200toInf.root
2025-12-18 14:41:23,418 - INFO - [2022EE] MISSING_CENTRAL: ZG3Mu/Central/jets/1/eta in Skim_TriLep_DYJets10to50.root
2025-12-18 14:41:23,419 - INFO - [2022EE] MISSING_CENTRAL: ZG3Mu/Central/jets/1/eta in Skim_TriLep_TTG_PTG10to100.root
2025-12-18 14:41:23,420 - INFO - [2022EE] MISSING_CENTRAL: ZG3Mu/Central/jets/1/eta in Skim_TriLep_TTG_PTG100to200.root
2025-12-18 14:41:23,420 - INFO - [2022EE] MISSING_CENTRAL: ZG3Mu/Central/jets/1/eta in Skim_TriLep_TTG_PTG200toInf.root
2026-01-07 11:50:38,249 - INFO - [2022EE] MISSING_FILE: /data9/Users/choij/Sync/workspace/ChargedHiggsAnalysisV3/SKNanoOutput/CRPromptSelector/Run3Mu/2022EE/Skim_TriLep_Muon_E.root
2026-01-07 11:50:38,249 - INFO - [2022EE] MISSING_FILE: /data9/Users/choij/Sync/workspace/ChargedHiggsAnalysisV3/SKNanoOutput/CRPromptSelector/Run3Mu/2022EE/Skim_TriLep_Muon_F.root
2026-01-07 11:50:38,249 - INFO - [2022EE] MISSING_FILE: /data9/Users/choij/Sync/workspace/ChargedHiggsAnalysisV3/SKNanoOutput/CRPromptSelector/Run3Mu/2022EE/Skim_TriLep_Muon_G.root
2026-01-07 11:50:42,926 - INFO - [2022EE] MISSING_FILE: /data9/Users/choij/Sync/workspace/ChargedHiggsAnalysisV3/SKNanoOutput/CRPromptSelector/Run3Mu/2022EE/Skim_TriLep_Muon_E.root
2026-01-07 11:50:42,926 - INFO - [2022EE] MISSING_FILE: /data9/Users/choij/Sync/workspace/ChargedHiggsAnalysisV3/SKNanoOutput/CRPromptSelector/Run3Mu/2022EE/Skim_TriLep_Muon_F.root
2026-01-07 11:50:42,926 - INFO - [2022EE] MISSING_FILE: /data9/Users/choij/Sync/workspace/ChargedHiggsAnalysisV3/SKNanoOutput/CRPromptSelector/Run3Mu/2022EE/Skim_TriLep_Muon_G.root
2026-01-07 18:47:17,377 - INFO - [2022EE] MISSING_CENTRAL: ZG3Mu/Central/jets/1/eta in Skim_TriLep_DYJets10to50.root
2026-01-07 18:47:17,378 - INFO - [2022EE] MISSING_CENTRAL: ZG3Mu/Central/jets/1/eta in Skim_TriLep_TTG_PTG10to100.root
2026-01-07 18:47:17,379 - INFO - [2022EE] MISSING_CENTRAL: ZG3Mu/Central/jets/1/eta in Skim_TriLep_TTG_PTG100to200.root
2026-01-07 18:47:17,380 - INFO - [2022EE] MISSING_CENTRAL: ZG3Mu/Central/jets/1/eta in Skim_TriLep_TTG_PTG200toInf.root
2026-01-07 18:47:23,406 - INFO - [2022EE] MISSING_CENTRAL: ZG3Mu/Central/jets/1/eta in Skim_TriLep_DYJets10to50.root
2026-01-07 18:47:23,407 - INFO - [2022EE] MISSING_CENTRAL: ZG3Mu/Central/jets/1/eta in Skim_TriLep_TTG_PTG10to100.root
2026-01-07 18:47:23,408 - INFO - [2022EE] MISSING_CENTRAL: ZG3Mu/Central/jets/1/eta in Skim_TriLep_TTG_PTG100to200.root
2026-01-07 18:47:23,409 - INFO - [2022EE] MISSING_CENTRAL: ZG3Mu/Central/jets/1/eta in Skim_TriLep_TTG_PTG200toInf.root
2026-01-09 12:21:47,417 - INFO - [2022EE] MISSING_CENTRAL: ZG3Mu/Central/jets/1/eta in Skim_TriLep_DYJets10to50.root
2026-01-09 12:21:47,418 - INFO - [2022EE] MISSING_CENTRAL: ZG3Mu/Central/jets/1/eta in Skim_TriLep_TTG_PTG10to100.root
2026-01-09 12:21:47,419 - INFO - [2022EE] MISSING_CENTRAL: ZG3Mu/Central/jets/1/eta in Skim_TriLep_TTG_PTG100to200.root
2026-01-09 12:21:47,420 - INFO - [2022EE] MISSING_CENTRAL: ZG3Mu/Central/jets/1/eta in Skim_TriLep_TTG_PTG200toInf.root
2026-01-09 12:21:52,509 - INFO - [2022EE] MISSING_CENTRAL: ZG3Mu/Central/jets/1/eta in Skim_TriLep_DYJets10to50.root
2026-01-09 12:21:52,509 - INFO - [2022EE] MISSING_CENTRAL: ZG3Mu/Central/jets/1/eta in Skim_TriLep_TTG_PTG10to100.root
2026-01-09 12:21:52,510 - INFO - [2022EE] MISSING_CENTRAL: ZG3Mu/Central/jets/1/eta in Skim_TriLep_TTG_PTG100to200.root
2026-01-09 12:21:52,510 - INFO - [2022EE] MISSING_CENTRAL: ZG3Mu/Central/jets/1/eta in Skim_TriLep_TTG_PTG200toInf.root
2026-01-11 09:41:50,467 - INFO - [2022EE] MISSING_CENTRAL: ZG3Mu/Central/jets/1/eta in Skim_TriLep_DYJets10to50.root
2026-01-11 09:41:50,468 - INFO - [2022EE] MISSING_CENTRAL: ZG3Mu/Central/jets/1/eta in Skim_TriLep_TTG_PTG10to100.root
2026-01-11 09:41:50,468 - INFO - [2022EE] MISSING_CENTRAL: ZG3Mu/Central/jets/1/eta in Skim_TriLep_TTG_PTG100to200.root
2026-01-11 09:41:50,468 - INFO - [2022EE] MISSING_CENTRAL: ZG3Mu/Central/jets/1/eta in Skim_TriLep_TTG_PTG200toInf.root
2026-01-11 09:41:55,614 - INFO - [2022EE] MISSING_CENTRAL: ZG3Mu/Central/jets/1/eta in Skim_TriLep_DYJets10to50.root
2026-01-11 09:41:55,614 - INFO - [2022EE] MISSING_CENTRAL: ZG3Mu/Central/jets/1/eta in Skim_TriLep_TTG_PTG10to100.root
2026-01-11 09:41:55,615 - INFO - [2022EE] MISSING_CENTRAL: ZG3Mu/Central/jets/1/eta in Skim_TriLep_TTG_PTG100to200.root
2026-01-11 09:41:55,615 - INFO - [2022EE] MISSING_CENTRAL: ZG3Mu/Central/jets/1/eta in Skim_TriLep_TTG_PTG200toInf.root
2026-01-12 13:50:34,352 - INFO - [2022EE] MISSING_CENTRAL: ZG3Mu/Central/jets/1/eta in Skim_TriLep_DYJets10to50.root
2026-01-12 13:50:34,353 - INFO - [2022EE] MISSING_CENTRAL: ZG3Mu/Central/jets/1/eta in Skim_TriLep_TTG_PTG10to100.root
2026-01-12 13:50:34,354 - INFO - [2022EE] MISSING_CENTRAL: ZG3Mu/Central/jets/1/eta in Skim_TriLep_TTG_PTG100to200.root
2026-01-12 13:50:34,354 - INFO - [2022EE] MISSING_CENTRAL: ZG3Mu/Central/jets/1/eta in Skim_TriLep_TTG_PTG200toInf.root
2026-01-12 13:50:39,383 - INFO - [2022EE] MISSING_CENTRAL: ZG3Mu/Central/jets/1/eta in Skim_TriLep_DYJets10to50.root
2026-01-12 13:50:39,383 - INFO - [2022EE] MISSING_CENTRAL: ZG3Mu/Central/jets/1/eta in Skim_TriLep_TTG_PTG10to100.root
2026-01-12 13:50:39,384 - INFO - [2022EE] MISSING_CENTRAL: ZG3Mu/Central/jets/1/eta in Skim_TriLep_TTG_PTG100to200.root
2026-01-12 13:50:39,384 - INFO - [2022EE] MISSING_CENTRAL: ZG3Mu/Central/jets/1/eta in Skim_TriLep_TTG_PTG200toInf.root
2026-01-16 19:05:30,321 - INFO - [2022EE] MISSING_CENTRAL: ZG3Mu/Central/jets/1/eta in Skim_TriLep_DYJets10to50.root
2026-01-16 19:05:30,321 - INFO - [2022EE] MISSING_CENTRAL: ZG3Mu/Central/jets/1/eta in Skim_TriLep_TTG_PTG10to100.root
2026-01-16 19:05:30,322 - INFO - [2022EE] MISSING_CENTRAL: ZG3Mu/Central/jets/1/eta in Skim_TriLep_TTG_PTG100to200.root
2026-01-16 19:05:30,322 - INFO - [2022EE] MISSING_CENTRAL: ZG3Mu/Central/jets/1/eta in Skim_TriLep_TTG_PTG200toInf.root
2026-01-16 19:05:35,323 - INFO - [2022EE] MISSING_CENTRAL: ZG3Mu/Central/jets/1/eta in Skim_TriLep_DYJets10to50.root
2026-01-16 19:05:35,324 - INFO - [2022EE] MISSING_CENTRAL: ZG3Mu/Central/jets/1/eta in Skim_TriLep_TTG_PTG10to100.root
2026-01-16 19:05:35,324 - INFO - [2022EE] MISSING_CENTRAL: ZG3Mu/Central/jets/1/eta in Skim_TriLep_TTG_PTG100to200.root
2026-01-16 19:05:35,325 - INFO - [2022EE] MISSING_CENTRAL: ZG3Mu/Central/jets/1/eta in Skim_TriLep_TTG_PTG200toInf.root
2026-01-28 17:03:32,780 - INFO - [2022EE] MISSING_CENTRAL: ZG3Mu/Central/jets/1/eta in Skim_TriLep_DYJets10to50.root
2026-01-28 17:03:32,781 - INFO - [2022EE] MISSING_CENTRAL: ZG3Mu/Central/jets/1/eta in Skim_TriLep_TTG_PTG10to100.root
2026-01-28 17:03:32,781 - INFO - [2022EE] MISSING_CENTRAL: ZG3Mu/Central/jets/1/eta in Skim_TriLep_TTG_PTG100to200.root
2026-01-28 17:03:32,782 - INFO - [2022EE] MISSING_CENTRAL: ZG3Mu/Central/jets/1/eta in Skim_TriLep_TTG_PTG200toInf.root
2026-01-28 17:03:32,814 - INFO - [2022EE] MISSING_FILE: /home/choij/Sync/workspace/ChargedHiggsAnalysisV3/SKNanoOutput/PromptAnalyzer/Run3Mu_RunSyst_RunCR_NoTreeMode/2022EE/Skim_TriLep_WZTo3LNu_powheg.root
2026-01-28 17:03:37,865 - INFO - [2022EE] MISSING_CENTRAL: ZG3Mu/Central/jets/1/eta in Skim_TriLep_DYJets10to50.root
2026-01-28 17:03:37,866 - INFO - [2022EE] MISSING_CENTRAL: ZG3Mu/Central/jets/1/eta in Skim_TriLep_TTG_PTG10to100.root
2026-01-28 17:03:37,866 - INFO - [2022EE] MISSING_CENTRAL: ZG3Mu/Central/jets/1/eta in Skim_TriLep_TTG_PTG100to200.root
2026-01-28 17:03:37,867 - INFO - [2022EE] MISSING_CENTRAL: ZG3Mu/Central/jets/1/eta in Skim_TriLep_TTG_PTG200toInf.root
2026-01-28 17:03:37,890 - INFO - [2022EE] MISSING_FILE: /home/choij/Sync/workspace/ChargedHiggsAnalysisV3/SKNanoOutput/PromptAnalyzer/Run3Mu_RunSyst_RunCR_NoTreeMode/2022EE/Skim_TriLep_WZTo3LNu_powheg.root
2026-01-28 17:24:14,575 - INFO - [2022EE] MISSING_CENTRAL: ZG3Mu/Central/jets/1/eta in Skim_TriLep_DYJets10to50.root
2026-01-28 17:24:14,575 - INFO - [2022EE] MISSING_CENTRAL: ZG3Mu/Central/jets/1/eta in Skim_TriLep_TTG_PTG10to100.root
2026-01-28 17:24:14,576 - INFO - [2022EE] MISSING_CENTRAL: ZG3Mu/Central/jets/1/eta in Skim_TriLep_TTG_PTG100to200.root
2026-01-28 17:24:14,576 - INFO - [2022EE] MISSING_CENTRAL: ZG3Mu/Central/jets/1/eta in Skim_TriLep_TTG_PTG200toInf.root
2026-01-28 17:24:14,610 - INFO - [2022EE] MISSING_FILE: /home/choij/Sync/workspace/ChargedHiggsAnalysisV3/SKNanoOutput/PromptAnalyzer/Run3Mu_RunSyst_RunCR_NoTreeMode/2022EE/Skim_TriLep_WZTo3LNu_powheg.root
2026-01-28 17:24:19,577 - INFO - [2022EE] MISSING_CENTRAL: ZG3Mu/Central/jets/1/eta in Skim_TriLep_DYJets10to50.root
2026-01-28 17:24:19,577 - INFO - [2022EE] MISSING_CENTRAL: ZG3Mu/Central/jets/1/eta in Skim_TriLep_TTG_PTG10to100.root
2026-01-28 17:24:19,578 - INFO - [2022EE] MISSING_CENTRAL: ZG3Mu/Central/jets/1/eta in Skim_TriLep_TTG_PTG100to200.root
2026-01-28 17:24:19,578 - INFO - [2022EE] MISSING_CENTRAL: ZG3Mu/Central/jets/1/eta in Skim_TriLep_TTG_PTG200toInf.root
2026-01-28 17:24:19,589 - INFO - [2022EE] MISSING_FILE: /home/choij/Sync/workspace/ChargedHiggsAnalysisV3/SKNanoOutput/PromptAnalyzer/Run3Mu_RunSyst_RunCR_NoTreeMode/2022EE/Skim_TriLep_WZTo3LNu_powheg.root
2026-01-28 19:57:46,772 - INFO - [2022EE] MISSING_CENTRAL: ZG3Mu/Central/jets/1/eta in Skim_TriLep_DYJets10to50.root
2026-01-28 19:57:46,774 - INFO - [2022EE] MISSING_CENTRAL: ZG3Mu/Central/jets/1/eta in Skim_TriLep_TTG_PTG10to100.root
2026-01-28 19:57:46,775 - INFO - [2022EE] MISSING_CENTRAL: ZG3Mu/Central/jets/1/eta in Skim_TriLep_TTG_PTG100to200.root
2026-01-28 19:57:46,775 - INFO - [2022EE] MISSING_CENTRAL: ZG3Mu/Central/jets/1/eta in Skim_TriLep_TTG_PTG200toInf.root
2026-01-28 19:57:51,884 - INFO - [2022EE] MISSING_CENTRAL: ZG3Mu/Central/jets/1/eta in Skim_TriLep_DYJets10to50.root
2026-01-28 19:57:51,885 - INFO - [2022EE] MISSING_CENTRAL: ZG3Mu/Central/jets/1/eta in Skim_TriLep_TTG_PTG10to100.root
2026-01-28 19:57:51,886 - INFO - [2022EE] MISSING_CENTRAL: ZG3Mu/Central/jets/1/eta in Skim_TriLep_TTG_PTG100to200.root
2026-01-28 19:57:51,887 - INFO - [2022EE] MISSING_CENTRAL: ZG3Mu/Central/jets/1/eta in Skim_TriLep_TTG_PTG200toInf.root
2026-01-29 07:14:47,374 - INFO - [2022EE] MISSING_CENTRAL: ZG3Mu/Central/jets/1/eta in Skim_TriLep_DYJets10to50.root
2026-01-29 07:14:47,375 - INFO - [2022EE] MISSING_CENTRAL: ZG3Mu/Central/jets/1/eta in Skim_TriLep_TTG_PTG10to100.root
2026-01-29 07:14:47,376 - INFO - [2022EE] MISSING_CENTRAL: ZG3Mu/Central/jets/1/eta in Skim_TriLep_TTG_PTG100to200.root
2026-01-29 07:14:47,376 - INFO - [2022EE] MISSING_CENTRAL: ZG3Mu/Central/jets/1/eta in Skim_TriLep_TTG_PTG200toInf.root
2026-01-29 07:14:52,277 - INFO - [2022EE] MISSING_CENTRAL: ZG3Mu/Central/jets/1/eta in Skim_TriLep_DYJets10to50.root
2026-01-29 07:14:52,278 - INFO - [2022EE] MISSING_CENTRAL: ZG3Mu/Central/jets/1/eta in Skim_TriLep_TTG_PTG10to100.root
2026-01-29 07:14:52,278 - INFO - [2022EE] MISSING_CENTRAL: ZG3Mu/Central/jets/1/eta in Skim_TriLep_TTG_PTG100to200.root
2026-01-29 07:14:52,279 - INFO - [2022EE] MISSING_CENTRAL: ZG3Mu/Central/jets/1/eta in Skim_TriLep_TTG_PTG200toInf.root
2026-03-02 12:01:47,908 - INFO - [2022EE] MISSING_CENTRAL: ZG3Mu/Central/jets/1/eta in Skim_TriLep_DYJets10to50.root
2026-03-02 12:01:47,909 - INFO - [2022EE] MISSING_CENTRAL: ZG3Mu/Central/jets/1/eta in Skim_TriLep_TTG_PTG10to100.root
2026-03-02 12:01:47,909 - INFO - [2022EE] MISSING_CENTRAL: ZG3Mu/Central/jets/1/eta in Skim_TriLep_TTG_PTG100to200.root
2026-03-02 12:01:47,909 - INFO - [2022EE] MISSING_CENTRAL: ZG3Mu/Central/jets/1/eta in Skim_TriLep_TTG_PTG200toInf.root
2026-03-02 12:01:52,501 - INFO - [2022EE] MISSING_CENTRAL: ZG3Mu/Central/jets/1/eta in Skim_TriLep_DYJets10to50.root
2026-03-02 12:01:52,501 - INFO - [2022EE] MISSING_CENTRAL: ZG3Mu/Central/jets/1/eta in Skim_TriLep_TTG_PTG10to100.root
2026-03-02 12:01:52,502 - INFO - [2022EE] MISSING_CENTRAL: ZG3Mu/Central/jets/1/eta in Skim_TriLep_TTG_PTG100to200.root
2026-03-02 12:01:52,503 - INFO - [2022EE] MISSING_CENTRAL: ZG3Mu/Central/jets/1/eta in Skim_TriLep_TTG_PTG200toInf.root
2026-04-10 20:13:57,067 - INFO - [2022EE] MISSING_CENTRAL: ZG3Mu/Central/jets/1/eta in Skim_TriLep_DYJets10to50.root
2026-04-10 20:13:57,067 - INFO - [2022EE] MISSING_CENTRAL: ZG3Mu/Central/jets/1/eta in Skim_TriLep_TTG_PTG10to100.root
2026-04-10 20:13:57,068 - INFO - [2022EE] MISSING_CENTRAL: ZG3Mu/Central/jets/1/eta in Skim_TriLep_TTG_PTG100to200.root
2026-04-10 20:13:57,068 - INFO - [2022EE] MISSING_CENTRAL: ZG3Mu/Central/jets/1/eta in Skim_TriLep_TTG_PTG200toInf.root
2026-04-10 20:14:01,513 - INFO - [2022EE] MISSING_CENTRAL: ZG3Mu/Central/jets/1/eta in Skim_TriLep_DYJets10to50.root
2026-04-10 20:14:01,514 - INFO - [2022EE] MISSING_CENTRAL: ZG3Mu/Central/jets/1/eta in Skim_TriLep_TTG_PTG10to100.root
2026-04-10 20:14:01,514 - INFO - [2022EE] MISSING_CENTRAL: ZG3Mu/Central/jets/1/eta in Skim_TriLep_TTG_PTG100to200.root
2026-04-10 20:14:01,514 - INFO - [2022EE] MISSING_CENTRAL: ZG3Mu/Central/jets/1/eta in Skim_TriLep_TTG_PTG200toInf.root
2026-04-12 11:28:42,076 - INFO - [2022EE] MISSING_CENTRAL: ZG3Mu/Central/jets/1/eta in Skim_TriLep_DYJets10to50.root
2026-04-12 11:28:42,077 - INFO - [2022EE] MISSING_CENTRAL: ZG3Mu/Central/jets/1/eta in Skim_TriLep_TTG_PTG10to100.root
2026-04-12 11:28:42,078 - INFO - [2022EE] MISSING_CENTRAL: ZG3Mu/Central/jets/1/eta in Skim_TriLep_TTG_PTG100to200.root
2026-04-12 11:28:42,078 - INFO - [2022EE] MISSING_CENTRAL: ZG3Mu/Central/jets/1/eta in Skim_TriLep_TTG_PTG200toInf.root
2026-04-12 11:28:47,033 - INFO - [2022EE] MISSING_CENTRAL: ZG3Mu/Central/jets/1/eta in Skim_TriLep_DYJets10to50.root
2026-04-12 11:28:47,033 - INFO - [2022EE] MISSING_CENTRAL: ZG3Mu/Central/jets/1/eta in Skim_TriLep_TTG_PTG10to100.root
2026-04-12 11:28:47,034 - INFO - [2022EE] MISSING_CENTRAL: ZG3Mu/Central/jets/1/eta in Skim_TriLep_TTG_PTG100to200.root
2026-04-12 11:28:47,034 - INFO - [2022EE] MISSING_CENTRAL: ZG3Mu/Central/jets/1/eta in Skim_TriLep_TTG_PTG200toInf.root
2026-04-12 12:11:13,071 - INFO - [2022EE] MISSING_CENTRAL: ZG3Mu/Central/jets/1/eta in Skim_TriLep_DYJets10to50.root
2026-04-12 12:11:13,071 - INFO - [2022EE] MISSING_CENTRAL: ZG3Mu/Central/jets/1/eta in Skim_TriLep_TTG_PTG10to100.root
2026-04-12 12:11:13,072 - INFO - [2022EE] MISSING_CENTRAL: ZG3Mu/Central/jets/1/eta in Skim_TriLep_TTG_PTG100to200.root
2026-04-12 12:11:13,072 - INFO - [2022EE] MISSING_CENTRAL: ZG3Mu/Central/jets/1/eta in Skim_TriLep_TTG_PTG200toInf.root
2026-04-12 12:11:17,458 - INFO - [2022EE] MISSING_CENTRAL: ZG3Mu/Central/jets/1/eta in Skim_TriLep_DYJets10to50.root
2026-04-12 12:11:17,458 - INFO - [2022EE] MISSING_CENTRAL: ZG3Mu/Central/jets/1/eta in Skim_TriLep_TTG_PTG10to100.root
2026-04-12 12:11:17,459 - INFO - [2022EE] MISSING_CENTRAL: ZG3Mu/Central/jets/1/eta in Skim_TriLep_TTG_PTG100to200.root
2026-04-12 12:11:17,459 - INFO - [2022EE] MISSING_CENTRAL: ZG3Mu/Central/jets/1/eta in Skim_TriLep_TTG_PTG200toInf.root
2026-04-12 12:30:52,517 - INFO - [2022EE] MISSING_CENTRAL: ZG3Mu/Central/jets/1/eta in Skim_TriLep_DYJets10to50.root
2026-04-12 12:30:52,518 - INFO - [2022EE] MISSING_CENTRAL: ZG3Mu/Central/jets/1/eta in Skim_TriLep_TTG_PTG10to100.root
2026-04-12 12:30:52,518 - INFO - [2022EE] MISSING_CENTRAL: ZG3Mu/Central/jets/1/eta in Skim_TriLep_TTG_PTG100to200.root
2026-04-12 12:30:52,519 - INFO - [2022EE] MISSING_CENTRAL: ZG3Mu/Central/jets/1/eta in Skim_TriLep_TTG_PTG200toInf.root
2026-04-12 12:30:56,956 - INFO - [2022EE] MISSING_CENTRAL: ZG3Mu/Central/jets/1/eta in Skim_TriLep_DYJets10to50.root
2026-04-12 12:30:56,956 - INFO - [2022EE] MISSING_CENTRAL: ZG3Mu/Central/jets/1/eta in Skim_TriLep_TTG_PTG10to100.root
2026-04-12 12:30:56,957 - INFO - [2022EE] MISSING_CENTRAL: ZG3Mu/Central/jets/1/eta in Skim_TriLep_TTG_PTG100to200.root
2026-04-12 12:30:56,957 - INFO - [2022EE] MISSING_CENTRAL: ZG3Mu/Central/jets/1/eta in Skim_TriLep_TTG_PTG200toInf.root
2026-04-12 20:38:47,380 - INFO - [2022EE] MISSING_CENTRAL: ZG3Mu/Central/jets/1/eta in Skim_TriLep_DYJets10to50.root
2026-04-12 20:38:47,380 - INFO - [2022EE] MISSING_CENTRAL: ZG3Mu/Central/jets/1/eta in Skim_TriLep_TTG_PTG10to100.root
2026-04-12 20:38:47,381 - INFO - [2022EE] MISSING_CENTRAL: ZG3Mu/Central/jets/1/eta in Skim_TriLep_TTG_PTG100to200.root
2026-04-12 20:38:47,381 - INFO - [2022EE] MISSING_CENTRAL: ZG3Mu/Central/jets/1/eta in Skim_TriLep_TTG_PTG200toInf.root
2026-04-12 20:38:51,719 - INFO - [2022EE] MISSING_CENTRAL: ZG3Mu/Central/jets/1/eta in Skim_TriLep_DYJets10to50.root
2026-04-12 20:38:51,720 - INFO - [2022EE] MISSING_CENTRAL: ZG3Mu/Central/jets/1/eta in Skim_TriLep_TTG_PTG10to100.root
2026-04-12 20:38:51,720 - INFO - [2022EE] MISSING_CENTRAL: ZG3Mu/Central/jets/1/eta in Skim_TriLep_TTG_PTG100to200.root
2026-04-12 20:38:51,721 - INFO - [2022EE] MISSING_CENTRAL: ZG3Mu/Central/jets/1/eta in Skim_TriLep_TTG_PTG200toInf.root
2026-04-12 21:10:29,467 - INFO - [2022EE] MISSING_CENTRAL: ZG3Mu/Central/jets/1/eta in Skim_TriLep_DYJets10to50.root
2026-04-12 21:10:29,468 - INFO - [2022EE] MISSING_CENTRAL: ZG3Mu/Central/jets/1/eta in Skim_TriLep_TTG_PTG10to100.root
2026-04-12 21:10:29,469 - INFO - [2022EE] MISSING_CENTRAL: ZG3Mu/Central/jets/1/eta in Skim_TriLep_TTG_PTG100to200.root
2026-04-12 21:10:29,469 - INFO - [2022EE] MISSING_CENTRAL: ZG3Mu/Central/jets/1/eta in Skim_TriLep_TTG_PTG200toInf.root
2026-04-12 21:10:33,978 - INFO - [2022EE] MISSING_CENTRAL: ZG3Mu/Central/jets/1/eta in Skim_TriLep_DYJets10to50.root
2026-04-12 21:10:33,979 - INFO - [2022EE] MISSING_CENTRAL: ZG3Mu/Central/jets/1/eta in Skim_TriLep_TTG_PTG10to100.root
2026-04-12 21:10:33,979 - INFO - [2022EE] MISSING_CENTRAL: ZG3Mu/Central/jets/1/eta in Skim_TriLep_TTG_PTG100to200.root
2026-04-12 21:10:33,980 - INFO - [2022EE] MISSING_CENTRAL: ZG3Mu/Central/jets/1/eta in Skim_TriLep_TTG_PTG200toInf.root
2026-04-13 12:47:53,538 - INFO - [2022EE] MISSING_CENTRAL: ZG3Mu/Central/jets/1/eta in Skim_TriLep_DYJets10to50.root
2026-04-13 12:47:53,539 - INFO - [2022EE] MISSING_CENTRAL: ZG3Mu/Central/jets/1/eta in Skim_TriLep_TTG_PTG10to100.root
2026-04-13 12:47:53,540 - INFO - [2022EE] MISSING_CENTRAL: ZG3Mu/Central/jets/1/eta in Skim_TriLep_TTG_PTG100to200.root
2026-04-13 12:47:53,540 - INFO - [2022EE] MISSING_CENTRAL: ZG3Mu/Central/jets/1/eta in Skim_TriLep_TTG_PTG200toInf.root
2026-04-13 12:47:58,255 - INFO - [2022EE] MISSING_CENTRAL: ZG3Mu/Central/jets/1/eta in Skim_TriLep_DYJets10to50.root
2026-04-13 12:47:58,256 - INFO - [2022EE] MISSING_CENTRAL: ZG3Mu/Central/jets/1/eta in Skim_TriLep_TTG_PTG10to100.root
2026-04-13 12:47:58,256 - INFO - [2022EE] MISSING_CENTRAL: ZG3Mu/Central/jets/1/eta in Skim_TriLep_TTG_PTG100to200.root
2026-04-13 12:47:58,257 - INFO - [2022EE] MISSING_CENTRAL: ZG3Mu/Central/jets/1/eta in Skim_TriLep_TTG_PTG200toInf.root
2026-06-12 14:07:49,581 - INFO - [2022EE] MISSING_CENTRAL: ZG3Mu/Central/jets/1/eta in Skim_TriLep_DYJets10to50.root
2026-06-12 14:07:49,581 - INFO - [2022EE] MISSING_CENTRAL: ZG3Mu/Central/jets/1/eta in Skim_TriLep_TTG_PTG10to100.root
2026-06-12 14:07:49,582 - INFO - [2022EE] MISSING_CENTRAL: ZG3Mu/Central/jets/1/eta in Skim_TriLep_TTG_PTG100to200.root
2026-06-12 14:07:49,582 - INFO - [2022EE] MISSING_CENTRAL: ZG3Mu/Central/jets/1/eta in Skim_TriLep_TTG_PTG200toInf.root
2026-06-12 14:07:54,105 - INFO - [2022EE] MISSING_CENTRAL: ZG3Mu/Central/jets/1/eta in Skim_TriLep_DYJets10to50.root
2026-06-12 14:07:54,106 - INFO - [2022EE] MISSING_CENTRAL: ZG3Mu/Central/jets/1/eta in Skim_TriLep_TTG_PTG10to100.root
2026-06-12 14:07:54,107 - INFO - [2022EE] MISSING_CENTRAL: ZG3Mu/Central/jets/1/eta in Skim_TriLep_TTG_PTG100to200.root
2026-06-12 14:07:54,107 - INFO - [2022EE] MISSING_CENTRAL: ZG3Mu/Central/jets/1/eta in Skim_TriLep_TTG_PTG200toInf.root
2026-06-12 14:30:43,308 - INFO - [2022EE] MISSING_CENTRAL: ZG3Mu/Central/jets/1/eta in Skim_TriLep_DYJets10to50.root
2026-06-12 14:30:43,309 - INFO - [2022EE] MISSING_CENTRAL: ZG3Mu/Central/jets/1/eta in Skim_TriLep_TTG_PTG10to100.root
2026-06-12 14:30:43,309 - INFO - [2022EE] MISSING_CENTRAL: ZG3Mu/Central/jets/1/eta in Skim_TriLep_TTG_PTG100to200.root
2026-06-12 14:30:43,310 - INFO - [2022EE] MISSING_CENTRAL: ZG3Mu/Central/jets/1/eta in Skim_TriLep_TTG_PTG200toInf.root
2026-06-12 14:30:47,761 - INFO - [2022EE] MISSING_CENTRAL: ZG3Mu/Central/jets/1/eta in Skim_TriLep_DYJets10to50.root
2026-06-12 14:30:47,762 - INFO - [2022EE] MISSING_CENTRAL: ZG3Mu/Central/jets/1/eta in Skim_TriLep_TTG_PTG10to100.root
2026-06-12 14:30:47,762 - INFO - [2022EE] MISSING_CENTRAL: ZG3Mu/Central/jets/1/eta in Skim_TriLep_TTG_PTG100to200.root
2026-06-12 14:30:47,763 - INFO - [2022EE] MISSING_CENTRAL: ZG3Mu/Central/jets/1/eta in Skim_TriLep_TTG_PTG200toInf.root
2026-06-18 00:25:15,553 - INFO - [2022EE] MISSING_CENTRAL: ZG3Mu/Central/jets/1/eta in Skim_TriLep_DYJets10to50.root
2026-06-18 00:25:15,555 - INFO - [2022EE] MISSING_CENTRAL: ZG3Mu/Central/jets/1/eta in Skim_TriLep_TTG_PTG10to100.root
2026-06-18 00:25:15,556 - INFO - [2022EE] MISSING_CENTRAL: ZG3Mu/Central/jets/1/eta in Skim_TriLep_TTG_PTG100to200.root
2026-06-18 00:25:15,557 - INFO - [2022EE] MISSING_CENTRAL: ZG3Mu/Central/jets/1/eta in Skim_TriLep_TTG_PTG200toInf.root
2026-06-18 00:25:20,342 - INFO - [2022EE] MISSING_CENTRAL: ZG3Mu/Central/jets/1/eta in Skim_TriLep_DYJets10to50.root
2026-06-18 00:25:20,342 - INFO - [2022EE] MISSING_CENTRAL: ZG3Mu/Central/jets/1/eta in Skim_TriLep_TTG_PTG10to100.root
2026-06-18 00:25:20,343 - INFO - [2022EE] MISSING_CENTRAL: ZG3Mu/Central/jets/1/eta in Skim_TriLep_TTG_PTG100to200.root
2026-06-18 00:25:20,343 - INFO - [2022EE] MISSING_CENTRAL: ZG3Mu/Central/jets/1/eta in Skim_TriLep_TTG_PTG200toInf.root
2026-06-29 16:37:54,471 - INFO - [2022EE] MISSING_CENTRAL: ZG3Mu/Central/jets/1/eta in Skim_TriLep_DYJets10to50.root
2026-06-29 16:37:54,472 - INFO - [2022EE] MISSING_CENTRAL: ZG3Mu/Central/jets/1/eta in Skim_TriLep_TTG_PTG10to100.root
2026-06-29 16:37:54,473 - INFO - [2022EE] MISSING_CENTRAL: ZG3Mu/Central/jets/1/eta in Skim_TriLep_TTG_PTG100to200.root
2026-06-29 16:37:54,473 - INFO - [2022EE] MISSING_CENTRAL: ZG3Mu/Central/jets/1/eta in Skim_TriLep_TTG_PTG200toInf.root
2026-06-29 16:37:55,197 - INFO - [2022EE] MISSING_FILE: /data9/Users/choij/Sync/workspace/ChargedHiggsAnalysisV3/SKNanoOutput/PromptAnalyzer/Run3Mu_RunSyst_RunCR_NoTreeMode/2022EE/Skim_TriLep_tHW.root
2026-06-29 16:37:55,197 - INFO - [2022EE] MISSING_FILE: /data9/Users/choij/Sync/workspace/ChargedHiggsAnalysisV3/SKNanoOutput/PromptAnalyzer/Run3Mu_RunSyst_RunCR_NoTreeMode/2022EE/Skim_TriLep_tWZ_thadWlep.root
2026-06-29 16:37:55,197 - INFO - [2022EE] MISSING_FILE: /data9/Users/choij/Sync/workspace/ChargedHiggsAnalysisV3/SKNanoOutput/PromptAnalyzer/Run3Mu_RunSyst_RunCR_NoTreeMode/2022EE/Skim_TriLep_tWZ_tlepWhad.root
2026-06-29 16:37:55,197 - INFO - [2022EE] MISSING_FILE: /data9/Users/choij/Sync/workspace/ChargedHiggsAnalysisV3/SKNanoOutput/PromptAnalyzer/Run3Mu_RunSyst_RunCR_NoTreeMode/2022EE/Skim_TriLep_tWZ_tlepWlep.root
2026-06-29 16:37:58,834 - INFO - [2022EE] MISSING_CENTRAL: ZG3Mu/Central/jets/1/eta in Skim_TriLep_DYJets10to50.root
2026-06-29 16:37:58,835 - INFO - [2022EE] MISSING_CENTRAL: ZG3Mu/Central/jets/1/eta in Skim_TriLep_TTG_PTG10to100.root
2026-06-29 16:37:58,836 - INFO - [2022EE] MISSING_CENTRAL: ZG3Mu/Central/jets/1/eta in Skim_TriLep_TTG_PTG100to200.root
2026-06-29 16:37:58,836 - INFO - [2022EE] MISSING_CENTRAL: ZG3Mu/Central/jets/1/eta in Skim_TriLep_TTG_PTG200toInf.root
2026-06-29 16:37:58,851 - INFO - [2022EE] MISSING_FILE: /data9/Users/choij/Sync/workspace/ChargedHiggsAnalysisV3/SKNanoOutput/PromptAnalyzer/Run3Mu_RunSyst_RunCR_NoTreeMode/2022EE/Skim_TriLep_tHW.root
2026-06-29 16:37:58,851 - INFO - [2022EE] MISSING_FILE: /data9/Users/choij/Sync/workspace/ChargedHiggsAnalysisV3/SKNanoOutput/PromptAnalyzer/Run3Mu_RunSyst_RunCR_NoTreeMode/2022EE/Skim_TriLep_tWZ_thadWlep.root
2026-06-29 16:37:58,851 - INFO - [2022EE] MISSING_FILE: /data9/Users/choij/Sync/workspace/ChargedHiggsAnalysisV3/SKNanoOutput/PromptAnalyzer/Run3Mu_RunSyst_RunCR_NoTreeMode/2022EE/Skim_TriLep_tWZ_tlepWhad.root
2026-06-29 16:37:58,852 - INFO - [2022EE] MISSING_FILE: /data9/Users/choij/Sync/workspace/ChargedHiggsAnalysisV3/SKNanoOutput/PromptAnalyzer/Run3Mu_RunSyst_RunCR_NoTreeMode/2022EE/Skim_TriLep_tWZ_tlepWlep.root
2026-07-01 05:32:55,837 - INFO - [2022EE] MISSING_CENTRAL: ZG3Mu/Central/jets/1/eta in Skim_TriLep_DYJets10to50.root
2026-07-01 05:32:55,839 - INFO - [2022EE] MISSING_CENTRAL: ZG3Mu/Central/jets/1/eta in Skim_TriLep_TTG_PTG10to100.root
2026-07-01 05:32:55,840 - INFO - [2022EE] MISSING_CENTRAL: ZG3Mu/Central/jets/1/eta in Skim_TriLep_TTG_PTG100to200.root
2026-07-01 05:32:55,841 - INFO - [2022EE] MISSING_CENTRAL: ZG3Mu/Central/jets/1/eta in Skim_TriLep_TTG_PTG200toInf.root
2026-07-01 05:33:00,902 - INFO - [2022EE] MISSING_CENTRAL: ZG3Mu/Central/jets/1/eta in Skim_TriLep_DYJets10to50.root
2026-07-01 05:33:00,903 - INFO - [2022EE] MISSING_CENTRAL: ZG3Mu/Central/jets/1/eta in Skim_TriLep_TTG_PTG10to100.root
2026-07-01 05:33:00,903 - INFO - [2022EE] MISSING_CENTRAL: ZG3Mu/Central/jets/1/eta in Skim_TriLep_TTG_PTG100to200.root
2026-07-01 05:33:00,904 - INFO - [2022EE] MISSING_CENTRAL: ZG3Mu/Central/jets/1/eta in Skim_TriLep_TTG_PTG200toInf.root
2026-07-01 05:59:01,189 - INFO - [2022EE] MISSING_FILE: /data9/Users/choij/Sync/workspace/ChargedHiggsAnalysisV3/SKNanoOutput/PromptAnalyzer/Run3Mu_RunCR_NoTreeMode/2022EE/Skim_TriLep_Muon_E.root
2026-07-01 05:59:01,189 - INFO - [2022EE] MISSING_FILE: /data9/Users/choij/Sync/workspace/ChargedHiggsAnalysisV3/SKNanoOutput/PromptAnalyzer/Run3Mu_RunCR_NoTreeMode/2022EE/Skim_TriLep_Muon_F.root
2026-07-01 05:59:01,189 - INFO - [2022EE] MISSING_FILE: /data9/Users/choij/Sync/workspace/ChargedHiggsAnalysisV3/SKNanoOutput/PromptAnalyzer/Run3Mu_RunCR_NoTreeMode/2022EE/Skim_TriLep_Muon_G.root
2026-07-01 05:59:04,365 - INFO - [2022EE] MISSING_FILE: /data9/Users/choij/Sync/workspace/ChargedHiggsAnalysisV3/SKNanoOutput/PromptAnalyzer/Run3Mu_RunCR_NoTreeMode/2022EE/Skim_TriLep_Muon_E.root
2026-07-01 05:59:04,365 - INFO - [2022EE] MISSING_FILE: /data9/Users/choij/Sync/workspace/ChargedHiggsAnalysisV3/SKNanoOutput/PromptAnalyzer/Run3Mu_RunCR_NoTreeMode/2022EE/Skim_TriLep_Muon_F.root
2026-07-01 05:59:04,366 - INFO - [2022EE] MISSING_FILE: /data9/Users/choij/Sync/workspace/ChargedHiggsAnalysisV3/SKNanoOutput/PromptAnalyzer/Run3Mu_RunCR_NoTreeMode/2022EE/Skim_TriLep_Muon_G.root
2026-07-01 06:50:44,431 - INFO - [2022EE] MISSING_CENTRAL: ZG3Mu/Central/jets/1/eta in Skim_TriLep_DYJets10to50.root
2026-07-01 06:50:44,432 - INFO - [2022EE] MISSING_CENTRAL: ZG3Mu/Central/jets/1/eta in Skim_TriLep_TTG_PTG10to100.root
2026-07-01 06:50:44,444 - INFO - [2022EE] MISSING_CENTRAL: ZG3Mu/Central/jets/1/eta in Skim_TriLep_TTG_PTG100to200.root
2026-07-01 06:50:44,445 - INFO - [2022EE] MISSING_CENTRAL: ZG3Mu/Central/jets/1/eta in Skim_TriLep_TTG_PTG200toInf.root
2026-07-01 06:50:48,012 - INFO - [2022EE] MISSING_CENTRAL: ZG3Mu/Central/jets/1/eta in Skim_TriLep_DYJets10to50.root
2026-07-01 06:50:48,013 - INFO - [2022EE] MISSING_CENTRAL: ZG3Mu/Central/jets/1/eta in Skim_TriLep_TTG_PTG10to100.root
2026-07-01 06:50:48,015 - INFO - [2022EE] MISSING_CENTRAL: ZG3Mu/Central/jets/1/eta in Skim_TriLep_TTG_PTG100to200.root
2026-07-01 06:50:48,016 - INFO - [2022EE] MISSING_CENTRAL: ZG3Mu/Central/jets/1/eta in Skim_TriLep_TTG_PTG200toInf.root
2026-07-01 15:25:57,990 - INFO - [2022EE] MISSING_CENTRAL: ZG3Mu/Central/jets/1/eta in Skim_TriLep_DYJets10to50.root
2026-07-01 15:25:57,991 - INFO - [2022EE] MISSING_CENTRAL: ZG3Mu/Central/jets/1/eta in Skim_TriLep_TTG_PTG10to100.root
2026-07-01 15:25:57,992 - INFO - [2022EE] MISSING_CENTRAL: ZG3Mu/Central/jets/1/eta in Skim_TriLep_TTG_PTG100to200.root
2026-07-01 15:25:57,993 - INFO - [2022EE] MISSING_CENTRAL: ZG3Mu/Central/jets/1/eta in Skim_TriLep_TTG_PTG200toInf.root
2026-07-01 15:26:02,703 - INFO - [2022EE] MISSING_CENTRAL: ZG3Mu/Central/jets/1/eta in Skim_TriLep_DYJets10to50.root
2026-07-01 15:26:02,704 - INFO - [2022EE] MISSING_CENTRAL: ZG3Mu/Central/jets/1/eta in Skim_TriLep_TTG_PTG10to100.root
2026-07-01 15:26:02,705 - INFO - [2022EE] MISSING_CENTRAL: ZG3Mu/Central/jets/1/eta in Skim_TriLep_TTG_PTG100to200.root
2026-07-01 15:26:02,706 - INFO - [2022EE] MISSING_CENTRAL: ZG3Mu/Central/jets/1/eta in Skim_TriLep_TTG_PTG200toInf.root
2026-07-01 17:39:39,738 - INFO - [2022EE] MISSING_CENTRAL: ZG3Mu/Central/jets/1/eta in Skim_TriLep_DYJets10to50.root
2026-07-01 17:39:39,740 - INFO - [2022EE] MISSING_CENTRAL: ZG3Mu/Central/jets/1/eta in Skim_TriLep_TTG_PTG10to100.root
2026-07-01 17:39:39,752 - INFO - [2022EE] MISSING_CENTRAL: ZG3Mu/Central/jets/1/eta in Skim_TriLep_TTG_PTG100to200.root
2026-07-01 17:39:39,753 - INFO - [2022EE] MISSING_CENTRAL: ZG3Mu/Central/jets/1/eta in Skim_TriLep_TTG_PTG200toInf.root
2026-07-01 17:39:44,165 - INFO - [2022EE] MISSING_CENTRAL: ZG3Mu/Central/jets/1/eta in Skim_TriLep_DYJets10to50.root
2026-07-01 17:39:44,166 - INFO - [2022EE] MISSING_CENTRAL: ZG3Mu/Central/jets/1/eta in Skim_TriLep_TTG_PTG10to100.root
2026-07-01 17:39:44,184 - INFO - [2022EE] MISSING_CENTRAL: ZG3Mu/Central/jets/1/eta in Skim_TriLep_TTG_PTG100to200.root
2026-07-01 17:39:44,185 - INFO - [2022EE] MISSING_CENTRAL: ZG3Mu/Central/jets/1/eta in Skim_TriLep_TTG_PTG200toInf.root
