2025-09-24 15:40:18,247 - INFO - [2016preVFP] MISSING_CENTRAL: ZFake3Mu/Central/jets/4/eta in Skim_TriLep_DoubleMuon_C.root
2025-09-24 15:40:18,248 - INFO - [2016preVFP] MISSING_CENTRAL: ZFake3Mu/Central/jets/4/eta in Skim_TriLep_DYJets.root
2025-09-24 15:40:18,248 - INFO - [2016preVFP] MISSING_CENTRAL: ZFake3Mu/Central/jets/4/eta in Skim_TriLep_DYJets10to50.root
2025-10-02 21:06:57,193 - INFO - [2016preVFP] MISSING_CENTRAL: ZFake3Mu/Central/jets/4/eta in Skim_TriLep_DoubleMuon_C.root
2025-10-02 21:06:57,217 - INFO - [2016preVFP] MISSING_CENTRAL: ZFake3Mu/Central/jets/4/eta in Skim_TriLep_DYJets.root
2025-10-02 21:06:57,219 - INFO - [2016preVFP] MISSING_CENTRAL: ZFake3Mu/Central/jets/4/eta in Skim_TriLep_DYJets10to50.root
2025-10-02 21:08:48,957 - INFO - [2016preVFP] MISSING_CENTRAL: ZFake3Mu/Central/jets/4/eta in Skim_TriLep_DoubleMuon_C.root
2025-10-02 21:08:48,961 - INFO - [2016preVFP] MISSING_CENTRAL: ZFake3Mu/Central/jets/4/eta in Skim_TriLep_DYJets.root
2025-10-02 21:08:48,963 - INFO - [2016preVFP] MISSING_CENTRAL: ZFake3Mu/Central/jets/4/eta in Skim_TriLep_DYJets10to50.root
2025-10-02 23:53:45,650 - INFO - [2016preVFP] MISSING_CENTRAL: ZFake3Mu/Central/jets/4/eta in Skim_TriLep_DoubleMuon_C.root
2025-10-02 23:53:45,652 - INFO - [2016preVFP] MISSING_CENTRAL: ZFake3Mu/Central/jets/4/eta in Skim_TriLep_DYJets.root
2025-10-02 23:53:45,652 - INFO - [2016preVFP] MISSING_CENTRAL: ZFake3Mu/Central/jets/4/eta in Skim_TriLep_DYJets10to50.root
2025-11-05 22:00:18,300 - INFO - [2016preVFP] MISSING_CENTRAL: ZFake3Mu/Central/jets/4/eta in Skim_TriLep_DoubleMuon_C.root
2025-11-05 22:00:18,303 - INFO - [2016preVFP] MISSING_CENTRAL: ZFake3Mu/Central/jets/4/eta in Skim_TriLep_DYJets.root
2025-11-05 22:00:18,303 - INFO - [2016preVFP] MISSING_CENTRAL: ZFake3Mu/Central/jets/4/eta in Skim_TriLep_DYJets10to50.root
2025-11-05 22:16:03,409 - INFO - [2016preVFP] MISSING_CENTRAL: ZFake3Mu/Central/jets/4/eta in Skim_TriLep_DoubleMuon_C.root
2025-11-05 22:16:03,411 - INFO - [2016preVFP] MISSING_CENTRAL: ZFake3Mu/Central/jets/4/eta in Skim_TriLep_DYJets.root
2025-11-05 22:16:03,412 - INFO - [2016preVFP] MISSING_CENTRAL: ZFake3Mu/Central/jets/4/eta in Skim_TriLep_DYJets10to50.root
2025-11-05 23:20:39,488 - INFO - [2016preVFP] MISSING_CENTRAL: ZFake3Mu/Central/jets/4/eta in Skim_TriLep_DoubleMuon_C.root
2025-11-05 23:20:39,490 - INFO - [2016preVFP] MISSING_CENTRAL: ZFake3Mu/Central/jets/4/eta in Skim_TriLep_DYJets.root
2025-11-05 23:20:39,490 - INFO - [2016preVFP] MISSING_CENTRAL: ZFake3Mu/Central/jets/4/eta in Skim_TriLep_DYJets10to50.root
2025-11-07 12:23:55,006 - INFO - [2016preVFP] MISSING_CENTRAL: ZFake3Mu/Central/jets/4/eta in Skim_TriLep_DoubleMuon_C.root
2025-11-07 12:23:55,008 - INFO - [2016preVFP] MISSING_CENTRAL: ZFake3Mu/Central/jets/4/eta in Skim_TriLep_DYJets.root
2025-11-07 12:23:55,009 - INFO - [2016preVFP] MISSING_CENTRAL: ZFake3Mu/Central/jets/4/eta in Skim_TriLep_DYJets10to50.root
2025-11-07 13:04:03,115 - INFO - [2016preVFP] MISSING_CENTRAL: ZFake3Mu/Central/jets/4/eta in Skim_TriLep_DoubleMuon_C.root
2025-11-07 13:04:03,120 - INFO - [2016preVFP] MISSING_CENTRAL: ZFake3Mu/Central/jets/4/eta in Skim_TriLep_DYJets.root
2025-11-07 13:04:03,122 - INFO - [2016preVFP] MISSING_CENTRAL: ZFake3Mu/Central/jets/4/eta in Skim_TriLep_DYJets10to50.root
2025-11-07 13:24:24,813 - INFO - [2016preVFP] MISSING_CENTRAL: ZFake3Mu/Central/jets/4/eta in Skim_TriLep_DoubleMuon_C.root
2025-11-07 13:24:24,816 - INFO - [2016preVFP] MISSING_CENTRAL: ZFake3Mu/Central/jets/4/eta in Skim_TriLep_DYJets.root
2025-11-07 13:24:24,816 - INFO - [2016preVFP] MISSING_CENTRAL: ZFake3Mu/Central/jets/4/eta in Skim_TriLep_DYJets10to50.root
2025-11-07 13:26:53,354 - INFO - [2016preVFP] MISSING_CENTRAL: ZFake3Mu/Central/jets/4/eta in Skim_TriLep_DoubleMuon_C.root
2025-11-07 13:26:53,356 - INFO - [2016preVFP] MISSING_CENTRAL: ZFake3Mu/Central/jets/4/eta in Skim_TriLep_DYJets.root
2025-11-07 13:26:53,357 - INFO - [2016preVFP] MISSING_CENTRAL: ZFake3Mu/Central/jets/4/eta in Skim_TriLep_DYJets10to50.root
2025-11-07 13:43:16,724 - INFO - [2016preVFP] MISSING_CENTRAL: ZFake3Mu/Central/jets/4/eta in Skim_TriLep_DoubleMuon_C.root
2025-11-07 13:43:16,734 - INFO - [2016preVFP] MISSING_CENTRAL: ZFake3Mu/Central/jets/4/eta in Skim_TriLep_DYJets.root
2025-11-07 13:43:16,738 - INFO - [2016preVFP] MISSING_CENTRAL: ZFake3Mu/Central/jets/4/eta in Skim_TriLep_DYJets10to50.root
2025-11-07 13:51:13,735 - INFO - [2016preVFP] MISSING_CENTRAL: ZFake3Mu/Central/jets/4/eta in Skim_TriLep_DoubleMuon_C.root
2025-11-07 13:51:13,737 - INFO - [2016preVFP] MISSING_CENTRAL: ZFake3Mu/Central/jets/4/eta in Skim_TriLep_DYJets.root
2025-11-07 13:51:13,737 - INFO - [2016preVFP] MISSING_CENTRAL: ZFake3Mu/Central/jets/4/eta in Skim_TriLep_DYJets10to50.root
2025-11-07 13:59:39,528 - INFO - [2016preVFP] MISSING_CENTRAL: ZFake3Mu/Central/jets/4/eta in Skim_TriLep_DoubleMuon_C.root
2025-11-07 13:59:39,530 - INFO - [2016preVFP] MISSING_CENTRAL: ZFake3Mu/Central/jets/4/eta in Skim_TriLep_DYJets.root
2025-11-07 13:59:39,530 - INFO - [2016preVFP] MISSING_CENTRAL: ZFake3Mu/Central/jets/4/eta in Skim_TriLep_DYJets10to50.root
2025-11-10 05:49:21,676 - INFO - [2016preVFP] MISSING_CENTRAL: ZFake3Mu/Central/jets/4/eta in Skim_TriLep_DoubleMuon_C.root
2025-11-10 05:49:21,679 - INFO - [2016preVFP] MISSING_CENTRAL: ZFake3Mu/Central/jets/4/eta in Skim_TriLep_DYJets.root
2025-11-10 05:49:21,679 - INFO - [2016preVFP] MISSING_CENTRAL: ZFake3Mu/Central/jets/4/eta in Skim_TriLep_DYJets10to50.root
2025-11-10 12:14:37,563 - INFO - [2016preVFP] MISSING_CENTRAL: ZFake3Mu/Central/jets/4/eta in Skim_TriLep_DoubleMuon_C.root
2025-11-10 12:14:37,565 - INFO - [2016preVFP] MISSING_CENTRAL: ZFake3Mu/Central/jets/4/eta in Skim_TriLep_DYJets.root
2025-11-10 12:14:37,566 - INFO - [2016preVFP] MISSING_CENTRAL: ZFake3Mu/Central/jets/4/eta in Skim_TriLep_DYJets10to50.root
2025-11-13 11:03:09,365 - INFO - [2016preVFP] MISSING_CENTRAL: ZFake3Mu/Central/jets/4/eta in Skim_TriLep_DoubleMuon_C.root
2025-11-13 11:03:09,369 - INFO - [2016preVFP] MISSING_CENTRAL: ZFake3Mu/Central/jets/4/eta in Skim_TriLep_DYJets.root
2025-11-13 11:03:09,370 - INFO - [2016preVFP] MISSING_CENTRAL: ZFake3Mu/Central/jets/4/eta in Skim_TriLep_DYJets10to50.root
2025-11-19 16:07:55,604 - INFO - [2016preVFP] MISSING_CENTRAL: ZFake3Mu/Central/jets/4/eta in Skim_TriLep_DYJets.root
2025-11-19 16:07:55,605 - INFO - [2016preVFP] MISSING_CENTRAL: ZFake3Mu/Central/jets/4/eta in Skim_TriLep_DYJets10to50.root
2025-11-19 16:16:58,423 - INFO - [2016preVFP] MISSING_CENTRAL: ZFake3Mu/Central/jets/4/eta in Skim_TriLep_DYJets.root
2025-11-19 16:16:58,424 - INFO - [2016preVFP] MISSING_CENTRAL: ZFake3Mu/Central/jets/4/eta in Skim_TriLep_DYJets10to50.root
2025-12-17 22:30:21,928 - INFO - [2016preVFP] MISSING_CENTRAL: ZFake3Mu/Central/jets/4/eta in Skim_TriLep_DYJets.root
2025-12-17 22:30:21,930 - INFO - [2016preVFP] MISSING_CENTRAL: ZFake3Mu/Central/jets/4/eta in Skim_TriLep_DYJets10to50.root
2025-12-17 22:30:21,930 - INFO - [2016preVFP] MISSING_FILE: /data9/Users/choij/Sync/workspace/ChargedHiggsAnalysisV3/SKNanoOutput/PromptSelector/Run3Mu_RunSyst/2016preVFP/Skim_TriLep_ZGToLLG.root
2025-12-18 14:09:04,477 - INFO - [2016preVFP] MISSING_CENTRAL: ZFake3Mu/Central/jets/4/eta in Skim_TriLep_DYJets.root
2025-12-18 14:09:04,487 - INFO - [2016preVFP] MISSING_CENTRAL: ZFake3Mu/Central/jets/4/eta in Skim_TriLep_DYJets10to50.root
2025-12-18 14:09:04,488 - INFO - [2016preVFP] MISSING_FILE: /data9/Users/choij/Sync/workspace/ChargedHiggsAnalysisV3/SKNanoOutput/PromptSelector/Run3Mu_RunSyst/2016preVFP/Skim_TriLep_ZGToLLG.root
2025-12-18 14:13:10,646 - INFO - [2016preVFP] MISSING_CENTRAL: ZFake3Mu/Central/jets/4/eta in Skim_TriLep_DYJets.root
2025-12-18 14:13:10,647 - INFO - [2016preVFP] MISSING_CENTRAL: ZFake3Mu/Central/jets/4/eta in Skim_TriLep_DYJets10to50.root
2025-12-18 14:13:10,647 - INFO - [2016preVFP] MISSING_FILE: /data9/Users/choij/Sync/workspace/ChargedHiggsAnalysisV3/SKNanoOutput/PromptSelector/Run3Mu_RunSyst/2016preVFP/Skim_TriLep_ZGToLLG.root
2025-12-18 14:28:42,516 - INFO - [2016preVFP] MISSING_CENTRAL: ZFake3Mu/Central/jets/4/eta in Skim_TriLep_DYJets.root
2025-12-18 14:28:42,517 - INFO - [2016preVFP] MISSING_CENTRAL: ZFake3Mu/Central/jets/4/eta in Skim_TriLep_DYJets10to50.root
2025-12-18 14:28:42,517 - INFO - [2016preVFP] MISSING_FILE: /data9/Users/choij/Sync/workspace/ChargedHiggsAnalysisV3/SKNanoOutput/PromptSelector/Run3Mu_RunSyst/2016preVFP/Skim_TriLep_ZGToLLG.root
2026-01-07 11:39:03,210 - INFO - [2016preVFP] MISSING_CENTRAL: ZFake3Mu/Central/jets/4/eta in Skim_TriLep_DYJets.root
2026-01-07 11:39:03,212 - INFO - [2016preVFP] MISSING_CENTRAL: ZFake3Mu/Central/jets/4/eta in Skim_TriLep_DYJets10to50.root
2026-01-07 11:39:03,212 - INFO - [2016preVFP] MISSING_FILE: /data9/Users/choij/Sync/workspace/ChargedHiggsAnalysisV3/SKNanoOutput/PromptSelector/Run3Mu_RunSyst/2016preVFP/Skim_TriLep_ZGToLLG.root
2026-01-07 18:36:28,317 - INFO - [2016preVFP] MISSING_CENTRAL: ZFake3Mu/Central/jets/4/eta in Skim_TriLep_DYJets.root
2026-01-07 18:36:28,319 - INFO - [2016preVFP] MISSING_CENTRAL: ZFake3Mu/Central/jets/4/eta in Skim_TriLep_DYJets10to50.root
2026-01-07 18:36:28,319 - INFO - [2016preVFP] MISSING_FILE: /data9/Users/choij/Sync/workspace/ChargedHiggsAnalysisV3/SKNanoOutput/PromptSelector/Run3Mu_RunSyst/2016preVFP/Skim_TriLep_ZGToLLG.root
2026-01-09 12:09:31,224 - INFO - [2016preVFP] MISSING_CENTRAL: ZFake3Mu/Central/jets/4/eta in Skim_TriLep_DYJets.root
2026-01-09 12:09:31,229 - INFO - [2016preVFP] MISSING_CENTRAL: ZFake3Mu/Central/jets/4/eta in Skim_TriLep_DYJets10to50.root
2026-01-09 12:09:31,229 - INFO - [2016preVFP] MISSING_FILE: /home/choij/Sync/workspace/ChargedHiggsAnalysisV3/SKNanoOutput/PromptSelector/Run3Mu_RunSyst/2016preVFP/Skim_TriLep_ZGToLLG.root
2026-01-11 09:29:35,180 - INFO - [2016preVFP] MISSING_CENTRAL: ZFake3Mu/Central/jets/4/eta in Skim_TriLep_DYJets.root
2026-01-11 09:29:35,183 - INFO - [2016preVFP] MISSING_CENTRAL: ZFake3Mu/Central/jets/4/eta in Skim_TriLep_DYJets10to50.root
2026-01-11 09:29:35,183 - INFO - [2016preVFP] MISSING_FILE: /home/choij/Sync/workspace/ChargedHiggsAnalysisV3/SKNanoOutput/PromptSelector/Run3Mu_RunSyst/2016preVFP/Skim_TriLep_ZGToLLG.root
2026-01-12 13:38:05,038 - INFO - [2016preVFP] MISSING_FILE: /home/choij/Sync/workspace/ChargedHiggsAnalysisV3/SKNanoOutput/MatrixSelector/Run3Mu/2016preVFP/Skim_TriLep_DoubleMuon_B.root
2026-01-12 13:38:05,038 - INFO - [2016preVFP] MISSING_FILE: /home/choij/Sync/workspace/ChargedHiggsAnalysisV3/SKNanoOutput/MatrixSelector/Run3Mu/2016preVFP/Skim_TriLep_DoubleMuon_C.root
2026-01-12 13:38:05,038 - INFO - [2016preVFP] MISSING_FILE: /home/choij/Sync/workspace/ChargedHiggsAnalysisV3/SKNanoOutput/MatrixSelector/Run3Mu/2016preVFP/Skim_TriLep_DoubleMuon_D.root
2026-01-12 13:38:05,038 - INFO - [2016preVFP] MISSING_FILE: /home/choij/Sync/workspace/ChargedHiggsAnalysisV3/SKNanoOutput/MatrixSelector/Run3Mu/2016preVFP/Skim_TriLep_DoubleMuon_E.root
2026-01-12 13:38:05,038 - INFO - [2016preVFP] MISSING_FILE: /home/choij/Sync/workspace/ChargedHiggsAnalysisV3/SKNanoOutput/MatrixSelector/Run3Mu/2016preVFP/Skim_TriLep_DoubleMuon_F.root
2026-01-12 13:38:05,039 - INFO - [2016preVFP] MISSING_CENTRAL: ZFake3Mu/Central/jets/4/eta in Skim_TriLep_DYJets.root
2026-01-12 13:38:05,040 - INFO - [2016preVFP] MISSING_CENTRAL: ZFake3Mu/Central/jets/4/eta in Skim_TriLep_DYJets10to50.root
2026-01-12 13:38:05,040 - INFO - [2016preVFP] MISSING_FILE: /home/choij/Sync/workspace/ChargedHiggsAnalysisV3/SKNanoOutput/PromptSelector/Run3Mu_RunSyst/2016preVFP/Skim_TriLep_ZGToLLG.root
2026-01-16 18:53:35,668 - INFO - [2016preVFP] MISSING_CENTRAL: ZFake3Mu/Central/jets/4/eta in Skim_TriLep_DYJets.root
2026-01-16 18:53:35,668 - INFO - [2016preVFP] MISSING_CENTRAL: ZFake3Mu/Central/jets/4/eta in Skim_TriLep_DYJets10to50.root
2026-01-16 18:53:35,668 - INFO - [2016preVFP] MISSING_FILE: /home/choij/Sync/workspace/ChargedHiggsAnalysisV3/SKNanoOutput/PromptSelector/Run3Mu_RunSyst/2016preVFP/Skim_TriLep_ZGToLLG.root
2026-01-19 22:06:02,436 - INFO - [2016preVFP] MISSING_CENTRAL: ZFake3Mu/Central/jets/4/eta in Skim_TriLep_DYJets.root
2026-01-19 22:06:02,437 - INFO - [2016preVFP] MISSING_CENTRAL: ZFake3Mu/Central/jets/4/eta in Skim_TriLep_DYJets10to50.root
2026-01-19 22:06:02,437 - INFO - [2016preVFP] MISSING_FILE: /home/choij/Sync/workspace/ChargedHiggsAnalysisV3/SKNanoOutput/PromptSelector/Run3Mu_RunSyst/2016preVFP/Skim_TriLep_ZGToLLG.root
2026-01-28 16:04:38,797 - INFO - [2016preVFP] MISSING_CENTRAL: ZFake3Mu/Central/jets/4/eta in Skim_TriLep_DoubleMuon_C.root
2026-01-28 16:04:38,799 - INFO - [2016preVFP] MISSING_CENTRAL: ZFake3Mu/Central/jets/4/eta in Skim_TriLep_DYJets.root
2026-01-28 16:04:38,800 - INFO - [2016preVFP] MISSING_CENTRAL: ZFake3Mu/Central/jets/4/eta in Skim_TriLep_DYJets10to50.root
2026-01-28 17:15:01,470 - INFO - [2016preVFP] MISSING_CENTRAL: ZFake3Mu/Central/jets/4/eta in Skim_TriLep_DoubleMuon_C.root
2026-01-28 17:15:01,473 - INFO - [2016preVFP] MISSING_CENTRAL: ZFake3Mu/Central/jets/4/eta in Skim_TriLep_DYJets.root
2026-01-28 17:15:01,474 - INFO - [2016preVFP] MISSING_CENTRAL: ZFake3Mu/Central/jets/4/eta in Skim_TriLep_DYJets10to50.root
2026-01-28 19:48:43,941 - INFO - [2016preVFP] MISSING_CENTRAL: ZFake3Mu/Central/jets/4/eta in Skim_TriLep_DoubleMuon_C.root
2026-01-28 19:48:43,947 - INFO - [2016preVFP] MISSING_CENTRAL: ZFake3Mu/Central/jets/4/eta in Skim_TriLep_DYJets.root
2026-01-28 19:48:43,949 - INFO - [2016preVFP] MISSING_CENTRAL: ZFake3Mu/Central/jets/4/eta in Skim_TriLep_DYJets10to50.root
2026-01-29 07:06:21,633 - INFO - [2016preVFP] MISSING_CENTRAL: ZFake3Mu/Central/jets/4/eta in Skim_TriLep_DoubleMuon_C.root
2026-01-29 07:06:21,636 - INFO - [2016preVFP] MISSING_CENTRAL: ZFake3Mu/Central/jets/4/eta in Skim_TriLep_DYJets.root
2026-01-29 07:06:21,636 - INFO - [2016preVFP] MISSING_CENTRAL: ZFake3Mu/Central/jets/4/eta in Skim_TriLep_DYJets10to50.root
2026-03-06 09:36:08,077 - INFO - [2016preVFP] MISSING_CENTRAL: ZFake3Mu/Central/jets/4/eta in Skim_TriLep_DoubleMuon_C.root
2026-03-06 09:36:08,080 - INFO - [2016preVFP] MISSING_CENTRAL: ZFake3Mu/Central/jets/4/eta in Skim_TriLep_DYJets.root
2026-03-06 09:36:08,081 - INFO - [2016preVFP] MISSING_CENTRAL: ZFake3Mu/Central/jets/4/eta in Skim_TriLep_DYJets10to50.root
2026-03-06 19:42:00,756 - INFO - [2016preVFP] MISSING_CENTRAL: ZFake3Mu/Central/jets/4/eta in Skim_TriLep_DoubleMuon_C.root
2026-03-06 19:42:00,759 - INFO - [2016preVFP] MISSING_CENTRAL: ZFake3Mu/Central/jets/4/eta in Skim_TriLep_DYJets.root
2026-03-06 19:42:00,760 - INFO - [2016preVFP] MISSING_CENTRAL: ZFake3Mu/Central/jets/4/eta in Skim_TriLep_DYJets10to50.root
2026-04-10 20:16:29,904 - INFO - [2016preVFP] MISSING_CENTRAL: ZFake3Mu/Central/jets/4/eta in Skim_TriLep_DoubleMuon_C.root
2026-04-10 20:16:29,907 - INFO - [2016preVFP] MISSING_CENTRAL: ZFake3Mu/Central/jets/4/eta in Skim_TriLep_DYJets.root
2026-04-10 20:16:29,907 - INFO - [2016preVFP] MISSING_CENTRAL: ZFake3Mu/Central/jets/4/eta in Skim_TriLep_DYJets10to50.root
2026-04-12 11:31:23,992 - INFO - [2016preVFP] MISSING_CENTRAL: ZFake3Mu/Central/jets/4/eta in Skim_TriLep_DoubleMuon_C.root
2026-04-12 11:31:23,995 - INFO - [2016preVFP] MISSING_CENTRAL: ZFake3Mu/Central/jets/4/eta in Skim_TriLep_DYJets.root
2026-04-12 11:31:23,996 - INFO - [2016preVFP] MISSING_CENTRAL: ZFake3Mu/Central/jets/4/eta in Skim_TriLep_DYJets10to50.root
2026-04-12 12:13:45,628 - INFO - [2016preVFP] MISSING_CENTRAL: ZFake3Mu/Central/jets/4/eta in Skim_TriLep_DoubleMuon_C.root
2026-04-12 12:13:45,631 - INFO - [2016preVFP] MISSING_CENTRAL: ZFake3Mu/Central/jets/4/eta in Skim_TriLep_DYJets.root
2026-04-12 12:13:45,632 - INFO - [2016preVFP] MISSING_CENTRAL: ZFake3Mu/Central/jets/4/eta in Skim_TriLep_DYJets10to50.root
2026-04-12 12:33:24,237 - INFO - [2016preVFP] MISSING_CENTRAL: ZFake3Mu/Central/jets/4/eta in Skim_TriLep_DoubleMuon_C.root
2026-04-12 12:33:24,240 - INFO - [2016preVFP] MISSING_CENTRAL: ZFake3Mu/Central/jets/4/eta in Skim_TriLep_DYJets.root
2026-04-12 12:33:24,240 - INFO - [2016preVFP] MISSING_CENTRAL: ZFake3Mu/Central/jets/4/eta in Skim_TriLep_DYJets10to50.root
2026-04-12 20:41:24,930 - INFO - [2016preVFP] MISSING_CENTRAL: ZFake3Mu/Central/jets/4/eta in Skim_TriLep_DoubleMuon_C.root
2026-04-12 20:41:24,933 - INFO - [2016preVFP] MISSING_CENTRAL: ZFake3Mu/Central/jets/4/eta in Skim_TriLep_DYJets.root
2026-04-12 20:41:24,934 - INFO - [2016preVFP] MISSING_CENTRAL: ZFake3Mu/Central/jets/4/eta in Skim_TriLep_DYJets10to50.root
2026-04-12 21:13:03,115 - INFO - [2016preVFP] MISSING_CENTRAL: ZFake3Mu/Central/jets/4/eta in Skim_TriLep_DoubleMuon_C.root
2026-04-12 21:13:03,118 - INFO - [2016preVFP] MISSING_CENTRAL: ZFake3Mu/Central/jets/4/eta in Skim_TriLep_DYJets.root
2026-04-12 21:13:03,119 - INFO - [2016preVFP] MISSING_CENTRAL: ZFake3Mu/Central/jets/4/eta in Skim_TriLep_DYJets10to50.root
2026-04-13 12:50:31,392 - INFO - [2016preVFP] MISSING_CENTRAL: ZFake3Mu/Central/jets/4/eta in Skim_TriLep_DoubleMuon_C.root
2026-04-13 12:50:31,395 - INFO - [2016preVFP] MISSING_CENTRAL: ZFake3Mu/Central/jets/4/eta in Skim_TriLep_DYJets.root
2026-04-13 12:50:31,395 - INFO - [2016preVFP] MISSING_CENTRAL: ZFake3Mu/Central/jets/4/eta in Skim_TriLep_DYJets10to50.root
2026-04-16 17:33:00,245 - INFO - [2016preVFP] MISSING_CENTRAL: ZFake3Mu/Central/jets/4/eta in Skim_TriLep_DoubleMuon_C.root
2026-04-16 17:33:00,247 - INFO - [2016preVFP] MISSING_CENTRAL: ZFake3Mu/Central/jets/4/eta in Skim_TriLep_DYJets.root
2026-04-16 17:33:00,248 - INFO - [2016preVFP] MISSING_CENTRAL: ZFake3Mu/Central/jets/4/eta in Skim_TriLep_DYJets10to50.root
2026-04-28 15:13:38,946 - INFO - [2016preVFP] MISSING_CENTRAL: ZFake3Mu/Central/jets/4/eta in Skim_TriLep_DoubleMuon_C.root
2026-04-28 15:13:38,949 - INFO - [2016preVFP] MISSING_CENTRAL: ZFake3Mu/Central/jets/4/eta in Skim_TriLep_DYJets.root
2026-04-28 15:13:38,950 - INFO - [2016preVFP] MISSING_CENTRAL: ZFake3Mu/Central/jets/4/eta in Skim_TriLep_DYJets10to50.root
2026-05-04 17:02:49,549 - INFO - [2016preVFP] MISSING_CENTRAL: ZFake3Mu/Central/jets/4/eta in Skim_TriLep_DoubleMuon_C.root
2026-05-04 17:02:49,552 - INFO - [2016preVFP] MISSING_CENTRAL: ZFake3Mu/Central/jets/4/eta in Skim_TriLep_DYJets.root
2026-05-04 17:02:49,553 - INFO - [2016preVFP] MISSING_CENTRAL: ZFake3Mu/Central/jets/4/eta in Skim_TriLep_DYJets10to50.root
2026-05-28 15:39:48,914 - INFO - [2016preVFP] MISSING_CENTRAL: ZFake3Mu/Central/jets/4/eta in Skim_TriLep_DoubleMuon_C.root
2026-05-28 15:39:48,918 - INFO - [2016preVFP] MISSING_CENTRAL: ZFake3Mu/Central/jets/4/eta in Skim_TriLep_DYJets.root
2026-05-28 15:39:48,918 - INFO - [2016preVFP] MISSING_CENTRAL: ZFake3Mu/Central/jets/4/eta in Skim_TriLep_DYJets10to50.root
2026-05-29 15:30:37,749 - INFO - [2016preVFP] MISSING_CENTRAL: ZFake3Mu/Central/jets/4/eta in Skim_TriLep_DoubleMuon_C.root
2026-05-29 15:30:37,752 - INFO - [2016preVFP] MISSING_CENTRAL: ZFake3Mu/Central/jets/4/eta in Skim_TriLep_DYJets.root
2026-05-29 15:30:37,753 - INFO - [2016preVFP] MISSING_CENTRAL: ZFake3Mu/Central/jets/4/eta in Skim_TriLep_DYJets10to50.root
2026-05-29 18:21:44,386 - INFO - [2016preVFP] MISSING_CENTRAL: ZFake3Mu/Central/jets/4/eta in Skim_TriLep_DoubleMuon_C.root
2026-05-29 18:21:44,389 - INFO - [2016preVFP] MISSING_CENTRAL: ZFake3Mu/Central/jets/4/eta in Skim_TriLep_DYJets.root
2026-05-29 18:21:44,389 - INFO - [2016preVFP] MISSING_CENTRAL: ZFake3Mu/Central/jets/4/eta in Skim_TriLep_DYJets10to50.root
2026-06-12 14:22:02,280 - INFO - [2016preVFP] MISSING_CENTRAL: ZFake3Mu/Central/jets/4/eta in Skim_TriLep_DoubleMuon_C.root
2026-06-12 14:22:02,283 - INFO - [2016preVFP] MISSING_CENTRAL: ZFake3Mu/Central/jets/4/eta in Skim_TriLep_DYJets.root
2026-06-12 14:22:02,284 - INFO - [2016preVFP] MISSING_CENTRAL: ZFake3Mu/Central/jets/4/eta in Skim_TriLep_DYJets10to50.root
