2025-09-24 15:53:45,932 - INFO - [2022] MISSING_CENTRAL: ZFake1E2Mu/Central/jets/3/mass in Skim_TriLep_DYJets.root
2025-09-24 15:53:45,933 - INFO - [2022] MISSING_CENTRAL: ZFake1E2Mu/Central/jets/3/mass in Skim_TriLep_DYJets10to50.root
2025-09-24 15:53:45,933 - INFO - [2022] MISSING_CENTRAL: ZFake1E2Mu/Central/jets/3/mass in Skim_TriLep_DYGTo2LG_MLL4to50_PTG10to100.root
2025-09-24 15:53:45,933 - INFO - [2022] MISSING_CENTRAL: ZFake1E2Mu/Central/jets/3/mass in Skim_TriLep_DYGTo2LG_MLL4to50_PTG100to200.root
2025-09-24 15:53:45,933 - INFO - [2022] MISSING_CENTRAL: ZFake1E2Mu/Central/jets/3/mass in Skim_TriLep_DYGTo2LG_MLL4to50_PTG200toInf.root
2025-09-24 15:53:45,963 - INFO - [2022] MISSING_CENTRAL: ZFake1E2Mu/Central/jets/3/mass in Skim_TriLep_DYGTo2LG_MLL50_PTG100to200.root
2025-09-24 15:53:45,976 - INFO - [2022] MISSING_CENTRAL: ZFake1E2Mu/Central/jets/3/mass in Skim_TriLep_TTG_PTG10to100.root
2025-09-24 15:53:45,976 - INFO - [2022] MISSING_CENTRAL: ZFake1E2Mu/Central/jets/3/mass in Skim_TriLep_TTG_PTG100to200.root
2025-09-24 15:53:45,977 - INFO - [2022] MISSING_CENTRAL: ZFake1E2Mu/Central/jets/3/mass in Skim_TriLep_TTG_PTG200toInf.root
2025-09-24 15:53:45,978 - INFO - [2022] MISSING_CENTRAL: ZFake1E2Mu/Central/jets/3/mass in Skim_TriLep_TTWToLNu.root
2025-09-24 15:53:45,978 - INFO - [2022] MISSING_CENTRAL: ZFake1E2Mu/Central/jets/3/mass in Skim_TriLep_TTZ_M4to50.root
2025-09-24 15:53:46,027 - INFO - [2022] MISSING_CENTRAL: ZFake1E2Mu/Central/jets/3/mass in Skim_TriLep_WWW.root
2025-10-02 21:16:05,201 - INFO - [2022] MISSING_CENTRAL: ZFake1E2Mu/Central/jets/3/mass in Skim_TriLep_DYJets.root
2025-10-02 21:16:05,208 - INFO - [2022] MISSING_CENTRAL: ZFake1E2Mu/Central/jets/3/mass in Skim_TriLep_DYJets10to50.root
2025-10-02 21:16:05,210 - INFO - [2022] MISSING_CENTRAL: ZFake1E2Mu/Central/jets/3/mass in Skim_TriLep_DYGTo2LG_MLL4to50_PTG10to100.root
2025-10-02 21:16:05,211 - INFO - [2022] MISSING_CENTRAL: ZFake1E2Mu/Central/jets/3/mass in Skim_TriLep_DYGTo2LG_MLL4to50_PTG100to200.root
2025-10-02 21:16:05,212 - INFO - [2022] MISSING_CENTRAL: ZFake1E2Mu/Central/jets/3/mass in Skim_TriLep_DYGTo2LG_MLL4to50_PTG200toInf.root
2025-10-02 21:16:05,256 - INFO - [2022] MISSING_CENTRAL: ZFake1E2Mu/Central/jets/3/mass in Skim_TriLep_DYGTo2LG_MLL50_PTG100to200.root
2025-10-02 21:16:05,280 - INFO - [2022] MISSING_CENTRAL: ZFake1E2Mu/Central/jets/3/mass in Skim_TriLep_TTG_PTG10to100.root
2025-10-02 21:16:05,281 - INFO - [2022] MISSING_CENTRAL: ZFake1E2Mu/Central/jets/3/mass in Skim_TriLep_TTG_PTG100to200.root
2025-10-02 21:16:05,282 - INFO - [2022] MISSING_CENTRAL: ZFake1E2Mu/Central/jets/3/mass in Skim_TriLep_TTG_PTG200toInf.root
2025-10-02 21:16:05,283 - INFO - [2022] MISSING_CENTRAL: ZFake1E2Mu/Central/jets/3/mass in Skim_TriLep_TTWToLNu.root
2025-10-02 21:16:05,286 - INFO - [2022] MISSING_CENTRAL: ZFake1E2Mu/Central/jets/3/mass in Skim_TriLep_TTZ_M4to50.root
2025-10-02 21:16:05,459 - INFO - [2022] MISSING_CENTRAL: ZFake1E2Mu/Central/jets/3/mass in Skim_TriLep_WWW.root
2025-10-03 00:05:51,417 - INFO - [2022] MISSING_CENTRAL: ZFake1E2Mu/Central/jets/3/mass in Skim_TriLep_DYJets.root
2025-10-03 00:05:51,418 - INFO - [2022] MISSING_CENTRAL: ZFake1E2Mu/Central/jets/3/mass in Skim_TriLep_DYJets10to50.root
2025-10-03 00:05:51,418 - INFO - [2022] MISSING_CENTRAL: ZFake1E2Mu/Central/jets/3/mass in Skim_TriLep_DYGTo2LG_MLL4to50_PTG10to100.root
2025-10-03 00:05:51,418 - INFO - [2022] MISSING_CENTRAL: ZFake1E2Mu/Central/jets/3/mass in Skim_TriLep_DYGTo2LG_MLL4to50_PTG100to200.root
2025-10-03 00:05:51,419 - INFO - [2022] MISSING_CENTRAL: ZFake1E2Mu/Central/jets/3/mass in Skim_TriLep_DYGTo2LG_MLL4to50_PTG200toInf.root
2025-10-03 00:05:51,428 - INFO - [2022] MISSING_CENTRAL: ZFake1E2Mu/Central/jets/3/mass in Skim_TriLep_DYGTo2LG_MLL50_PTG100to200.root
2025-10-03 00:05:51,433 - INFO - [2022] MISSING_CENTRAL: ZFake1E2Mu/Central/jets/3/mass in Skim_TriLep_TTG_PTG10to100.root
2025-10-03 00:05:51,433 - INFO - [2022] MISSING_CENTRAL: ZFake1E2Mu/Central/jets/3/mass in Skim_TriLep_TTG_PTG100to200.root
2025-10-03 00:05:51,434 - INFO - [2022] MISSING_CENTRAL: ZFake1E2Mu/Central/jets/3/mass in Skim_TriLep_TTG_PTG200toInf.root
2025-10-03 00:05:51,434 - INFO - [2022] MISSING_CENTRAL: ZFake1E2Mu/Central/jets/3/mass in Skim_TriLep_TTWToLNu.root
2025-10-03 00:05:51,434 - INFO - [2022] MISSING_CENTRAL: ZFake1E2Mu/Central/jets/3/mass in Skim_TriLep_TTZ_M4to50.root
2025-10-03 00:05:51,484 - INFO - [2022] MISSING_CENTRAL: ZFake1E2Mu/Central/jets/3/mass in Skim_TriLep_WWW.root
2025-11-07 13:08:37,122 - INFO - [2022] MISSING_FILE: /home/choij/Sync/workspace/ChargedHiggsAnalysisV3/SKNanoOutput/PromptSelector/Run1E2Mu/2022/Skim_TriLep_MuonEG_C.root
2025-11-07 13:08:37,122 - INFO - [2022] MISSING_FILE: /home/choij/Sync/workspace/ChargedHiggsAnalysisV3/SKNanoOutput/PromptSelector/Run1E2Mu/2022/Skim_TriLep_MuonEG_D.root
2025-11-07 14:06:18,217 - INFO - [2022] MISSING_FILE: /home/choij/Sync/workspace/ChargedHiggsAnalysisV3/SKNanoOutput/PromptSelector/Run1E2Mu/2022/Skim_TriLep_MuonEG_C.root
2025-11-07 14:06:18,218 - INFO - [2022] MISSING_FILE: /home/choij/Sync/workspace/ChargedHiggsAnalysisV3/SKNanoOutput/PromptSelector/Run1E2Mu/2022/Skim_TriLep_MuonEG_D.root
2025-11-10 12:21:23,518 - INFO - [2022] MISSING_CENTRAL: ZFake1E2Mu/Central/jets/3/mass in Skim_TriLep_DYJets.root
2025-11-10 12:21:23,518 - INFO - [2022] MISSING_CENTRAL: ZFake1E2Mu/Central/jets/3/mass in Skim_TriLep_DYJets10to50.root
2025-11-10 12:21:23,519 - INFO - [2022] MISSING_CENTRAL: ZFake1E2Mu/Central/jets/3/mass in Skim_TriLep_DYGTo2LG_MLL4to50_PTG10to100.root
2025-11-10 12:21:23,520 - INFO - [2022] MISSING_CENTRAL: ZFake1E2Mu/Central/jets/3/mass in Skim_TriLep_DYGTo2LG_MLL4to50_PTG100to200.root
2025-11-10 12:21:23,520 - INFO - [2022] MISSING_CENTRAL: ZFake1E2Mu/Central/jets/3/mass in Skim_TriLep_DYGTo2LG_MLL4to50_PTG200toInf.root
2025-11-10 12:21:23,531 - INFO - [2022] MISSING_CENTRAL: ZFake1E2Mu/Central/jets/3/mass in Skim_TriLep_DYGTo2LG_MLL50_PTG100to200.root
2025-11-10 12:21:23,538 - INFO - [2022] MISSING_CENTRAL: ZFake1E2Mu/Central/jets/3/mass in Skim_TriLep_TTG_PTG10to100.root
2025-11-10 12:21:23,538 - INFO - [2022] MISSING_CENTRAL: ZFake1E2Mu/Central/jets/3/mass in Skim_TriLep_TTG_PTG100to200.root
2025-11-10 12:21:23,539 - INFO - [2022] MISSING_CENTRAL: ZFake1E2Mu/Central/jets/3/mass in Skim_TriLep_TTG_PTG200toInf.root
2025-11-10 12:21:23,540 - INFO - [2022] MISSING_CENTRAL: ZFake1E2Mu/Central/jets/3/mass in Skim_TriLep_TTWToLNu.root
2025-11-10 12:21:23,540 - INFO - [2022] MISSING_CENTRAL: ZFake1E2Mu/Central/jets/3/mass in Skim_TriLep_TTZ_M4to50.root
2025-11-10 12:21:23,582 - INFO - [2022] MISSING_CENTRAL: ZFake1E2Mu/Central/jets/3/mass in Skim_TriLep_WWW.root
2025-11-13 11:10:50,770 - INFO - [2022] MISSING_CENTRAL: ZFake1E2Mu/Central/jets/3/mass in Skim_TriLep_DYJets.root
2025-11-13 11:10:50,770 - INFO - [2022] MISSING_CENTRAL: ZFake1E2Mu/Central/jets/3/mass in Skim_TriLep_DYJets10to50.root
2025-11-13 11:10:50,771 - INFO - [2022] MISSING_CENTRAL: ZFake1E2Mu/Central/jets/3/mass in Skim_TriLep_DYGTo2LG_MLL4to50_PTG10to100.root
2025-11-13 11:10:50,772 - INFO - [2022] MISSING_CENTRAL: ZFake1E2Mu/Central/jets/3/mass in Skim_TriLep_DYGTo2LG_MLL4to50_PTG100to200.root
2025-11-13 11:10:50,772 - INFO - [2022] MISSING_CENTRAL: ZFake1E2Mu/Central/jets/3/mass in Skim_TriLep_DYGTo2LG_MLL4to50_PTG200toInf.root
2025-11-13 11:10:51,203 - INFO - [2022] MISSING_CENTRAL: ZFake1E2Mu/Central/jets/3/mass in Skim_TriLep_DYGTo2LG_MLL50_PTG100to200.root
2025-11-13 11:10:51,383 - INFO - [2022] MISSING_CENTRAL: ZFake1E2Mu/Central/jets/3/mass in Skim_TriLep_TTG_PTG10to100.root
2025-11-13 11:10:51,399 - INFO - [2022] MISSING_CENTRAL: ZFake1E2Mu/Central/jets/3/mass in Skim_TriLep_TTG_PTG100to200.root
2025-11-13 11:10:51,414 - INFO - [2022] MISSING_CENTRAL: ZFake1E2Mu/Central/jets/3/mass in Skim_TriLep_TTG_PTG200toInf.root
2025-11-13 11:10:51,461 - INFO - [2022] MISSING_CENTRAL: ZFake1E2Mu/Central/jets/3/mass in Skim_TriLep_TTWToLNu.root
2025-11-13 11:10:51,521 - INFO - [2022] MISSING_CENTRAL: ZFake1E2Mu/Central/jets/3/mass in Skim_TriLep_TTZ_M4to50.root
2025-11-13 11:10:52,790 - INFO - [2022] MISSING_CENTRAL: ZFake1E2Mu/Central/jets/3/mass in Skim_TriLep_WWW.root
2025-11-19 16:10:08,849 - INFO - [2022] MISSING_CENTRAL: ZFake1E2Mu/Central/jets/3/mass in Skim_TriLep_DYJets.root
2025-11-19 16:10:08,850 - INFO - [2022] MISSING_CENTRAL: ZFake1E2Mu/Central/jets/3/mass in Skim_TriLep_DYJets10to50.root
2025-11-19 16:10:08,850 - INFO - [2022] MISSING_CENTRAL: ZFake1E2Mu/Central/jets/3/mass in Skim_TriLep_DYGTo2LG_MLL4to50_PTG10to100.root
2025-11-19 16:10:08,851 - INFO - [2022] MISSING_CENTRAL: ZFake1E2Mu/Central/jets/3/mass in Skim_TriLep_DYGTo2LG_MLL4to50_PTG100to200.root
2025-11-19 16:10:08,851 - INFO - [2022] MISSING_CENTRAL: ZFake1E2Mu/Central/jets/3/mass in Skim_TriLep_DYGTo2LG_MLL4to50_PTG200toInf.root
2025-11-19 16:10:08,861 - INFO - [2022] MISSING_CENTRAL: ZFake1E2Mu/Central/jets/3/mass in Skim_TriLep_DYGTo2LG_MLL50_PTG100to200.root
2025-11-19 16:10:08,867 - INFO - [2022] MISSING_CENTRAL: ZFake1E2Mu/Central/jets/3/mass in Skim_TriLep_TTG_PTG10to100.root
2025-11-19 16:10:08,868 - INFO - [2022] MISSING_CENTRAL: ZFake1E2Mu/Central/jets/3/mass in Skim_TriLep_TTG_PTG100to200.root
2025-11-19 16:10:08,868 - INFO - [2022] MISSING_CENTRAL: ZFake1E2Mu/Central/jets/3/mass in Skim_TriLep_TTG_PTG200toInf.root
2025-11-19 16:10:08,868 - INFO - [2022] MISSING_CENTRAL: ZFake1E2Mu/Central/jets/3/mass in Skim_TriLep_TTWToLNu.root
2025-11-19 16:10:08,869 - INFO - [2022] MISSING_CENTRAL: ZFake1E2Mu/Central/jets/3/mass in Skim_TriLep_TTZ_M4to50.root
2025-11-19 16:10:08,907 - INFO - [2022] MISSING_CENTRAL: ZFake1E2Mu/Central/jets/3/mass in Skim_TriLep_WWW.root
2025-11-19 16:23:46,698 - INFO - [2022] MISSING_CENTRAL: ZFake1E2Mu/Central/jets/3/mass in Skim_TriLep_DYJets.root
2025-11-19 16:23:46,698 - INFO - [2022] MISSING_CENTRAL: ZFake1E2Mu/Central/jets/3/mass in Skim_TriLep_DYJets10to50.root
2025-11-19 16:23:46,699 - INFO - [2022] MISSING_CENTRAL: ZFake1E2Mu/Central/jets/3/mass in Skim_TriLep_DYGTo2LG_MLL4to50_PTG10to100.root
2025-11-19 16:23:46,699 - INFO - [2022] MISSING_CENTRAL: ZFake1E2Mu/Central/jets/3/mass in Skim_TriLep_DYGTo2LG_MLL4to50_PTG100to200.root
2025-11-19 16:23:46,700 - INFO - [2022] MISSING_CENTRAL: ZFake1E2Mu/Central/jets/3/mass in Skim_TriLep_DYGTo2LG_MLL4to50_PTG200toInf.root
2025-11-19 16:23:46,712 - INFO - [2022] MISSING_CENTRAL: ZFake1E2Mu/Central/jets/3/mass in Skim_TriLep_DYGTo2LG_MLL50_PTG100to200.root
2025-11-19 16:23:46,719 - INFO - [2022] MISSING_CENTRAL: ZFake1E2Mu/Central/jets/3/mass in Skim_TriLep_TTG_PTG10to100.root
2025-11-19 16:23:46,720 - INFO - [2022] MISSING_CENTRAL: ZFake1E2Mu/Central/jets/3/mass in Skim_TriLep_TTG_PTG100to200.root
2025-11-19 16:23:46,721 - INFO - [2022] MISSING_CENTRAL: ZFake1E2Mu/Central/jets/3/mass in Skim_TriLep_TTG_PTG200toInf.root
2025-11-19 16:23:46,721 - INFO - [2022] MISSING_CENTRAL: ZFake1E2Mu/Central/jets/3/mass in Skim_TriLep_TTWToLNu.root
2025-11-19 16:23:46,722 - INFO - [2022] MISSING_CENTRAL: ZFake1E2Mu/Central/jets/3/mass in Skim_TriLep_TTZ_M4to50.root
2025-11-19 16:23:46,766 - INFO - [2022] MISSING_CENTRAL: ZFake1E2Mu/Central/jets/3/mass in Skim_TriLep_WWW.root
2025-12-17 22:38:08,657 - INFO - [2022] MISSING_SYSTEMATIC: ZFake1E2Mu/JetEn_Down/jets/3/mass in Skim_TriLep_DYJets.root
2025-12-17 22:38:08,732 - INFO - [2022] MISSING_CENTRAL: ZFake1E2Mu/Central/jets/3/mass in Skim_TriLep_DYJets10to50.root
2025-12-17 22:38:08,765 - INFO - [2022] MISSING_CENTRAL: ZFake1E2Mu/Central/jets/3/mass in Skim_TriLep_TTG_PTG10to100.root
2025-12-17 22:38:08,808 - INFO - [2022] MISSING_CENTRAL: ZFake1E2Mu/Central/jets/3/mass in Skim_TriLep_TTG_PTG100to200.root
2025-12-17 22:38:08,887 - INFO - [2022] MISSING_CENTRAL: ZFake1E2Mu/Central/jets/3/mass in Skim_TriLep_TTG_PTG200toInf.root
2025-12-17 22:38:09,037 - INFO - [2022] MISSING_CENTRAL: ZFake1E2Mu/Central/jets/3/mass in Skim_TriLep_TTWToLNu.root
2025-12-17 22:38:09,179 - INFO - [2022] MISSING_CENTRAL: ZFake1E2Mu/Central/jets/3/mass in Skim_TriLep_TTZ_M4to50.root
2025-12-17 22:38:11,457 - INFO - [2022] MISSING_CENTRAL: ZFake1E2Mu/Central/jets/3/mass in Skim_TriLep_WWW.root
2025-12-18 14:22:53,355 - INFO - [2022] MISSING_SYSTEMATIC: ZFake1E2Mu/JetEn_Down/jets/3/mass in Skim_TriLep_DYJets.root
2025-12-18 14:22:53,410 - INFO - [2022] MISSING_CENTRAL: ZFake1E2Mu/Central/jets/3/mass in Skim_TriLep_DYJets10to50.root
2025-12-18 14:22:53,425 - INFO - [2022] MISSING_CENTRAL: ZFake1E2Mu/Central/jets/3/mass in Skim_TriLep_TTG_PTG10to100.root
2025-12-18 14:22:53,426 - INFO - [2022] MISSING_CENTRAL: ZFake1E2Mu/Central/jets/3/mass in Skim_TriLep_TTG_PTG100to200.root
2025-12-18 14:22:53,427 - INFO - [2022] MISSING_CENTRAL: ZFake1E2Mu/Central/jets/3/mass in Skim_TriLep_TTG_PTG200toInf.root
2025-12-18 14:22:53,429 - INFO - [2022] MISSING_CENTRAL: ZFake1E2Mu/Central/jets/3/mass in Skim_TriLep_TTWToLNu.root
2025-12-18 14:22:53,430 - INFO - [2022] MISSING_CENTRAL: ZFake1E2Mu/Central/jets/3/mass in Skim_TriLep_TTZ_M4to50.root
2025-12-18 14:22:53,624 - INFO - [2022] MISSING_CENTRAL: ZFake1E2Mu/Central/jets/3/mass in Skim_TriLep_WWW.root
2025-12-18 14:38:18,114 - INFO - [2022] MISSING_SYSTEMATIC: ZFake1E2Mu/JetEn_Down/jets/3/mass in Skim_TriLep_DYJets.root
2025-12-18 14:38:18,147 - INFO - [2022] MISSING_CENTRAL: ZFake1E2Mu/Central/jets/3/mass in Skim_TriLep_DYJets10to50.root
2025-12-18 14:38:18,148 - INFO - [2022] MISSING_CENTRAL: ZFake1E2Mu/Central/jets/3/mass in Skim_TriLep_TTG_PTG10to100.root
2025-12-18 14:38:18,149 - INFO - [2022] MISSING_CENTRAL: ZFake1E2Mu/Central/jets/3/mass in Skim_TriLep_TTG_PTG100to200.root
2025-12-18 14:38:18,150 - INFO - [2022] MISSING_CENTRAL: ZFake1E2Mu/Central/jets/3/mass in Skim_TriLep_TTG_PTG200toInf.root
2025-12-18 14:38:18,152 - INFO - [2022] MISSING_CENTRAL: ZFake1E2Mu/Central/jets/3/mass in Skim_TriLep_TTWToLNu.root
2025-12-18 14:38:18,153 - INFO - [2022] MISSING_CENTRAL: ZFake1E2Mu/Central/jets/3/mass in Skim_TriLep_TTZ_M4to50.root
2025-12-18 14:38:18,289 - INFO - [2022] MISSING_CENTRAL: ZFake1E2Mu/Central/jets/3/mass in Skim_TriLep_WWW.root
2026-01-07 11:47:58,141 - INFO - [2022] MISSING_SYSTEMATIC: ZFake1E2Mu/JetEn_Down/jets/3/mass in Skim_TriLep_DYJets.root
2026-01-07 11:47:58,202 - INFO - [2022] MISSING_CENTRAL: ZFake1E2Mu/Central/jets/3/mass in Skim_TriLep_DYJets10to50.root
2026-01-07 11:47:58,228 - INFO - [2022] MISSING_CENTRAL: ZFake1E2Mu/Central/jets/3/mass in Skim_TriLep_TTG_PTG10to100.root
2026-01-07 11:47:58,243 - INFO - [2022] MISSING_CENTRAL: ZFake1E2Mu/Central/jets/3/mass in Skim_TriLep_TTG_PTG100to200.root
2026-01-07 11:47:58,328 - INFO - [2022] MISSING_CENTRAL: ZFake1E2Mu/Central/jets/3/mass in Skim_TriLep_TTG_PTG200toInf.root
2026-01-07 11:47:58,402 - INFO - [2022] MISSING_CENTRAL: ZFake1E2Mu/Central/jets/3/mass in Skim_TriLep_TTWToLNu.root
2026-01-07 11:47:58,445 - INFO - [2022] MISSING_CENTRAL: ZFake1E2Mu/Central/jets/3/mass in Skim_TriLep_TTZ_M4to50.root
2026-01-07 11:47:59,941 - INFO - [2022] MISSING_CENTRAL: ZFake1E2Mu/Central/jets/3/mass in Skim_TriLep_WWW.root
2026-01-07 18:44:42,199 - INFO - [2022] MISSING_SYSTEMATIC: ZFake1E2Mu/JetEn_Down/jets/3/mass in Skim_TriLep_DYJets.root
2026-01-07 18:44:42,219 - INFO - [2022] MISSING_CENTRAL: ZFake1E2Mu/Central/jets/3/mass in Skim_TriLep_DYJets10to50.root
2026-01-07 18:44:42,219 - INFO - [2022] MISSING_CENTRAL: ZFake1E2Mu/Central/jets/3/mass in Skim_TriLep_TTG_PTG10to100.root
2026-01-07 18:44:42,220 - INFO - [2022] MISSING_CENTRAL: ZFake1E2Mu/Central/jets/3/mass in Skim_TriLep_TTG_PTG100to200.root
2026-01-07 18:44:42,221 - INFO - [2022] MISSING_CENTRAL: ZFake1E2Mu/Central/jets/3/mass in Skim_TriLep_TTG_PTG200toInf.root
2026-01-07 18:44:42,222 - INFO - [2022] MISSING_CENTRAL: ZFake1E2Mu/Central/jets/3/mass in Skim_TriLep_TTWToLNu.root
2026-01-07 18:44:42,223 - INFO - [2022] MISSING_CENTRAL: ZFake1E2Mu/Central/jets/3/mass in Skim_TriLep_TTZ_M4to50.root
2026-01-07 18:44:42,293 - INFO - [2022] MISSING_CENTRAL: ZFake1E2Mu/Central/jets/3/mass in Skim_TriLep_WWW.root
2026-01-09 12:18:54,362 - INFO - [2022] MISSING_SYSTEMATIC: ZFake1E2Mu/JetEn_Down/jets/3/mass in Skim_TriLep_DYJets.root
2026-01-09 12:18:54,376 - INFO - [2022] MISSING_CENTRAL: ZFake1E2Mu/Central/jets/3/mass in Skim_TriLep_DYJets10to50.root
2026-01-09 12:18:54,376 - INFO - [2022] MISSING_CENTRAL: ZFake1E2Mu/Central/jets/3/mass in Skim_TriLep_TTG_PTG10to100.root
2026-01-09 12:18:54,377 - INFO - [2022] MISSING_CENTRAL: ZFake1E2Mu/Central/jets/3/mass in Skim_TriLep_TTG_PTG100to200.root
2026-01-09 12:18:54,378 - INFO - [2022] MISSING_CENTRAL: ZFake1E2Mu/Central/jets/3/mass in Skim_TriLep_TTG_PTG200toInf.root
2026-01-09 12:18:54,378 - INFO - [2022] MISSING_CENTRAL: ZFake1E2Mu/Central/jets/3/mass in Skim_TriLep_TTWToLNu.root
2026-01-09 12:18:54,379 - INFO - [2022] MISSING_CENTRAL: ZFake1E2Mu/Central/jets/3/mass in Skim_TriLep_TTZ_M4to50.root
2026-01-09 12:18:54,421 - INFO - [2022] MISSING_CENTRAL: ZFake1E2Mu/Central/jets/3/mass in Skim_TriLep_WWW.root
2026-01-11 09:38:58,141 - INFO - [2022] MISSING_SYSTEMATIC: ZFake1E2Mu/JetEn_Down/jets/3/mass in Skim_TriLep_DYJets.root
2026-01-11 09:38:58,155 - INFO - [2022] MISSING_CENTRAL: ZFake1E2Mu/Central/jets/3/mass in Skim_TriLep_DYJets10to50.root
2026-01-11 09:38:58,156 - INFO - [2022] MISSING_CENTRAL: ZFake1E2Mu/Central/jets/3/mass in Skim_TriLep_TTG_PTG10to100.root
2026-01-11 09:38:58,156 - INFO - [2022] MISSING_CENTRAL: ZFake1E2Mu/Central/jets/3/mass in Skim_TriLep_TTG_PTG100to200.root
2026-01-11 09:38:58,157 - INFO - [2022] MISSING_CENTRAL: ZFake1E2Mu/Central/jets/3/mass in Skim_TriLep_TTG_PTG200toInf.root
2026-01-11 09:38:58,157 - INFO - [2022] MISSING_CENTRAL: ZFake1E2Mu/Central/jets/3/mass in Skim_TriLep_TTWToLNu.root
2026-01-11 09:38:58,158 - INFO - [2022] MISSING_CENTRAL: ZFake1E2Mu/Central/jets/3/mass in Skim_TriLep_TTZ_M4to50.root
2026-01-11 09:38:58,199 - INFO - [2022] MISSING_CENTRAL: ZFake1E2Mu/Central/jets/3/mass in Skim_TriLep_WWW.root
2026-01-12 13:47:38,399 - INFO - [2022] MISSING_FILE: /home/choij/Sync/workspace/ChargedHiggsAnalysisV3/SKNanoOutput/MatrixSelector/Run1E2Mu/2022/Skim_TriLep_MuonEG_C.root
2026-01-12 13:47:38,401 - INFO - [2022] MISSING_FILE: /home/choij/Sync/workspace/ChargedHiggsAnalysisV3/SKNanoOutput/MatrixSelector/Run1E2Mu/2022/Skim_TriLep_MuonEG_D.root
2026-01-12 13:47:38,403 - INFO - [2022] MISSING_SYSTEMATIC: ZFake1E2Mu/JetEn_Down/jets/3/mass in Skim_TriLep_DYJets.root
2026-01-12 13:47:38,429 - INFO - [2022] MISSING_CENTRAL: ZFake1E2Mu/Central/jets/3/mass in Skim_TriLep_DYJets10to50.root
2026-01-12 13:47:38,429 - INFO - [2022] MISSING_CENTRAL: ZFake1E2Mu/Central/jets/3/mass in Skim_TriLep_TTG_PTG10to100.root
2026-01-12 13:47:38,430 - INFO - [2022] MISSING_CENTRAL: ZFake1E2Mu/Central/jets/3/mass in Skim_TriLep_TTG_PTG100to200.root
2026-01-12 13:47:38,430 - INFO - [2022] MISSING_CENTRAL: ZFake1E2Mu/Central/jets/3/mass in Skim_TriLep_TTG_PTG200toInf.root
2026-01-12 13:47:38,431 - INFO - [2022] MISSING_CENTRAL: ZFake1E2Mu/Central/jets/3/mass in Skim_TriLep_TTWToLNu.root
2026-01-12 13:47:38,431 - INFO - [2022] MISSING_CENTRAL: ZFake1E2Mu/Central/jets/3/mass in Skim_TriLep_TTZ_M4to50.root
2026-01-12 13:47:38,475 - INFO - [2022] MISSING_CENTRAL: ZFake1E2Mu/Central/jets/3/mass in Skim_TriLep_WWW.root
2026-01-16 19:02:43,959 - INFO - [2022] MISSING_SYSTEMATIC: ZFake1E2Mu/JetEn_Down/jets/3/mass in Skim_TriLep_DYJets.root
2026-01-16 19:02:43,972 - INFO - [2022] MISSING_CENTRAL: ZFake1E2Mu/Central/jets/3/mass in Skim_TriLep_DYJets10to50.root
2026-01-16 19:02:43,973 - INFO - [2022] MISSING_CENTRAL: ZFake1E2Mu/Central/jets/3/mass in Skim_TriLep_TTG_PTG10to100.root
2026-01-16 19:02:43,973 - INFO - [2022] MISSING_CENTRAL: ZFake1E2Mu/Central/jets/3/mass in Skim_TriLep_TTG_PTG100to200.root
2026-01-16 19:02:43,974 - INFO - [2022] MISSING_CENTRAL: ZFake1E2Mu/Central/jets/3/mass in Skim_TriLep_TTG_PTG200toInf.root
2026-01-16 19:02:43,975 - INFO - [2022] MISSING_CENTRAL: ZFake1E2Mu/Central/jets/3/mass in Skim_TriLep_TTWToLNu.root
2026-01-16 19:02:43,975 - INFO - [2022] MISSING_CENTRAL: ZFake1E2Mu/Central/jets/3/mass in Skim_TriLep_TTZ_M4to50.root
2026-01-16 19:02:44,024 - INFO - [2022] MISSING_CENTRAL: ZFake1E2Mu/Central/jets/3/mass in Skim_TriLep_WWW.root
2026-01-28 17:01:20,660 - INFO - [2022] MISSING_SYSTEMATIC: ZFake1E2Mu/JetEn_Down/jets/3/mass in Skim_TriLep_DYJets.root
2026-01-28 17:01:20,674 - INFO - [2022] MISSING_CENTRAL: ZFake1E2Mu/Central/jets/3/mass in Skim_TriLep_DYJets10to50.root
2026-01-28 17:01:20,675 - INFO - [2022] MISSING_CENTRAL: ZFake1E2Mu/Central/jets/3/mass in Skim_TriLep_TTG_PTG10to100.root
2026-01-28 17:01:20,675 - INFO - [2022] MISSING_CENTRAL: ZFake1E2Mu/Central/jets/3/mass in Skim_TriLep_TTG_PTG100to200.root
2026-01-28 17:01:20,676 - INFO - [2022] MISSING_CENTRAL: ZFake1E2Mu/Central/jets/3/mass in Skim_TriLep_TTG_PTG200toInf.root
2026-01-28 17:01:20,678 - INFO - [2022] MISSING_CENTRAL: ZFake1E2Mu/Central/jets/3/mass in Skim_TriLep_TTWToLNu.root
2026-01-28 17:01:20,678 - INFO - [2022] MISSING_CENTRAL: ZFake1E2Mu/Central/jets/3/mass in Skim_TriLep_TTZ_M4to50.root
2026-01-28 17:01:20,730 - INFO - [2022] MISSING_CENTRAL: ZFake1E2Mu/Central/jets/3/mass in Skim_TriLep_WWW.root
2026-01-28 17:22:08,332 - INFO - [2022] MISSING_SYSTEMATIC: ZFake1E2Mu/JetEn_Down/jets/3/mass in Skim_TriLep_DYJets.root
2026-01-28 17:22:08,347 - INFO - [2022] MISSING_CENTRAL: ZFake1E2Mu/Central/jets/3/mass in Skim_TriLep_DYJets10to50.root
2026-01-28 17:22:08,347 - INFO - [2022] MISSING_CENTRAL: ZFake1E2Mu/Central/jets/3/mass in Skim_TriLep_TTG_PTG10to100.root
2026-01-28 17:22:08,348 - INFO - [2022] MISSING_CENTRAL: ZFake1E2Mu/Central/jets/3/mass in Skim_TriLep_TTG_PTG100to200.root
2026-01-28 17:22:08,349 - INFO - [2022] MISSING_CENTRAL: ZFake1E2Mu/Central/jets/3/mass in Skim_TriLep_TTG_PTG200toInf.root
2026-01-28 17:22:08,350 - INFO - [2022] MISSING_CENTRAL: ZFake1E2Mu/Central/jets/3/mass in Skim_TriLep_TTWToLNu.root
2026-01-28 17:22:08,351 - INFO - [2022] MISSING_CENTRAL: ZFake1E2Mu/Central/jets/3/mass in Skim_TriLep_TTZ_M4to50.root
2026-01-28 17:22:08,405 - INFO - [2022] MISSING_CENTRAL: ZFake1E2Mu/Central/jets/3/mass in Skim_TriLep_WWW.root
2026-01-28 19:55:39,555 - INFO - [2022] MISSING_SYSTEMATIC: ZFake1E2Mu/JetEn_Down/jets/3/mass in Skim_TriLep_DYJets.root
2026-01-28 19:55:39,567 - INFO - [2022] MISSING_CENTRAL: ZFake1E2Mu/Central/jets/3/mass in Skim_TriLep_DYJets10to50.root
2026-01-28 19:55:39,567 - INFO - [2022] MISSING_CENTRAL: ZFake1E2Mu/Central/jets/3/mass in Skim_TriLep_TTG_PTG10to100.root
2026-01-28 19:55:39,568 - INFO - [2022] MISSING_CENTRAL: ZFake1E2Mu/Central/jets/3/mass in Skim_TriLep_TTG_PTG100to200.root
2026-01-28 19:55:39,568 - INFO - [2022] MISSING_CENTRAL: ZFake1E2Mu/Central/jets/3/mass in Skim_TriLep_TTG_PTG200toInf.root
2026-01-28 19:55:39,570 - INFO - [2022] MISSING_CENTRAL: ZFake1E2Mu/Central/jets/3/mass in Skim_TriLep_TTWToLNu.root
2026-01-28 19:55:39,570 - INFO - [2022] MISSING_CENTRAL: ZFake1E2Mu/Central/jets/3/mass in Skim_TriLep_TTZ_M4to50.root
2026-01-28 19:55:39,625 - INFO - [2022] MISSING_CENTRAL: ZFake1E2Mu/Central/jets/3/mass in Skim_TriLep_WWW.root
2026-01-29 07:12:47,535 - INFO - [2022] MISSING_SYSTEMATIC: ZFake1E2Mu/JetEn_Down/jets/3/mass in Skim_TriLep_DYJets.root
2026-01-29 07:12:47,550 - INFO - [2022] MISSING_CENTRAL: ZFake1E2Mu/Central/jets/3/mass in Skim_TriLep_DYJets10to50.root
2026-01-29 07:12:47,550 - INFO - [2022] MISSING_CENTRAL: ZFake1E2Mu/Central/jets/3/mass in Skim_TriLep_TTG_PTG10to100.root
2026-01-29 07:12:47,551 - INFO - [2022] MISSING_CENTRAL: ZFake1E2Mu/Central/jets/3/mass in Skim_TriLep_TTG_PTG100to200.root
2026-01-29 07:12:47,551 - INFO - [2022] MISSING_CENTRAL: ZFake1E2Mu/Central/jets/3/mass in Skim_TriLep_TTG_PTG200toInf.root
2026-01-29 07:12:47,553 - INFO - [2022] MISSING_CENTRAL: ZFake1E2Mu/Central/jets/3/mass in Skim_TriLep_TTWToLNu.root
2026-01-29 07:12:47,554 - INFO - [2022] MISSING_CENTRAL: ZFake1E2Mu/Central/jets/3/mass in Skim_TriLep_TTZ_M4to50.root
2026-01-29 07:12:47,607 - INFO - [2022] MISSING_CENTRAL: ZFake1E2Mu/Central/jets/3/mass in Skim_TriLep_WWW.root
2026-03-06 09:40:55,698 - INFO - [2022] MISSING_CENTRAL: ZFake1E2Mu/Central/jets/3/mass in Skim_TriLep_DYJets.root
2026-03-06 09:40:55,699 - INFO - [2022] MISSING_CENTRAL: ZFake1E2Mu/Central/jets/3/mass in Skim_TriLep_DYJets10to50.root
2026-03-06 09:40:55,700 - INFO - [2022] MISSING_CENTRAL: ZFake1E2Mu/Central/jets/3/mass in Skim_TriLep_TTG_PTG10to100.root
2026-03-06 09:40:55,700 - INFO - [2022] MISSING_CENTRAL: ZFake1E2Mu/Central/jets/3/mass in Skim_TriLep_TTG_PTG100to200.root
2026-03-06 09:40:55,701 - INFO - [2022] MISSING_CENTRAL: ZFake1E2Mu/Central/jets/3/mass in Skim_TriLep_TTG_PTG200toInf.root
2026-03-06 09:40:55,702 - INFO - [2022] MISSING_CENTRAL: ZFake1E2Mu/Central/jets/3/mass in Skim_TriLep_TTWToLNu.root
2026-03-06 09:40:55,703 - INFO - [2022] MISSING_CENTRAL: ZFake1E2Mu/Central/jets/3/mass in Skim_TriLep_TTZ_M4to50.root
2026-03-06 09:40:55,755 - INFO - [2022] MISSING_CENTRAL: ZFake1E2Mu/Central/jets/3/mass in Skim_TriLep_WWW.root
2026-03-06 19:46:43,394 - INFO - [2022] MISSING_CENTRAL: ZFake1E2Mu/Central/jets/3/mass in Skim_TriLep_DYJets.root
2026-03-06 19:46:43,395 - INFO - [2022] MISSING_CENTRAL: ZFake1E2Mu/Central/jets/3/mass in Skim_TriLep_DYJets10to50.root
2026-03-06 19:46:43,395 - INFO - [2022] MISSING_CENTRAL: ZFake1E2Mu/Central/jets/3/mass in Skim_TriLep_TTG_PTG10to100.root
2026-03-06 19:46:43,396 - INFO - [2022] MISSING_CENTRAL: ZFake1E2Mu/Central/jets/3/mass in Skim_TriLep_TTG_PTG100to200.root
2026-03-06 19:46:43,397 - INFO - [2022] MISSING_CENTRAL: ZFake1E2Mu/Central/jets/3/mass in Skim_TriLep_TTG_PTG200toInf.root
2026-03-06 19:46:43,398 - INFO - [2022] MISSING_CENTRAL: ZFake1E2Mu/Central/jets/3/mass in Skim_TriLep_TTWToLNu.root
2026-03-06 19:46:43,399 - INFO - [2022] MISSING_CENTRAL: ZFake1E2Mu/Central/jets/3/mass in Skim_TriLep_TTZ_M4to50.root
2026-03-06 19:46:43,450 - INFO - [2022] MISSING_CENTRAL: ZFake1E2Mu/Central/jets/3/mass in Skim_TriLep_WWW.root
2026-04-10 20:21:41,153 - INFO - [2022] MISSING_CENTRAL: ZFake1E2Mu/Central/jets/3/mass in Skim_TriLep_DYJets.root
2026-04-10 20:21:41,154 - INFO - [2022] MISSING_CENTRAL: ZFake1E2Mu/Central/jets/3/mass in Skim_TriLep_DYJets10to50.root
2026-04-10 20:21:41,155 - INFO - [2022] MISSING_CENTRAL: ZFake1E2Mu/Central/jets/3/mass in Skim_TriLep_TTG_PTG10to100.root
2026-04-10 20:21:41,155 - INFO - [2022] MISSING_CENTRAL: ZFake1E2Mu/Central/jets/3/mass in Skim_TriLep_TTG_PTG100to200.root
2026-04-10 20:21:41,156 - INFO - [2022] MISSING_CENTRAL: ZFake1E2Mu/Central/jets/3/mass in Skim_TriLep_TTG_PTG200toInf.root
2026-04-10 20:21:41,157 - INFO - [2022] MISSING_CENTRAL: ZFake1E2Mu/Central/jets/3/mass in Skim_TriLep_TTWToLNu.root
2026-04-10 20:21:41,158 - INFO - [2022] MISSING_CENTRAL: ZFake1E2Mu/Central/jets/3/mass in Skim_TriLep_TTZ_M4to50.root
2026-04-10 20:21:41,220 - INFO - [2022] MISSING_CENTRAL: ZFake1E2Mu/Central/jets/3/mass in Skim_TriLep_WWW.root
2026-04-12 11:36:52,591 - INFO - [2022] MISSING_CENTRAL: ZFake1E2Mu/Central/jets/3/mass in Skim_TriLep_DYJets.root
2026-04-12 11:36:52,592 - INFO - [2022] MISSING_CENTRAL: ZFake1E2Mu/Central/jets/3/mass in Skim_TriLep_DYJets10to50.root
2026-04-12 11:36:52,592 - INFO - [2022] MISSING_CENTRAL: ZFake1E2Mu/Central/jets/3/mass in Skim_TriLep_TTG_PTG10to100.root
2026-04-12 11:36:52,593 - INFO - [2022] MISSING_CENTRAL: ZFake1E2Mu/Central/jets/3/mass in Skim_TriLep_TTG_PTG100to200.root
2026-04-12 11:36:52,593 - INFO - [2022] MISSING_CENTRAL: ZFake1E2Mu/Central/jets/3/mass in Skim_TriLep_TTG_PTG200toInf.root
2026-04-12 11:36:52,595 - INFO - [2022] MISSING_CENTRAL: ZFake1E2Mu/Central/jets/3/mass in Skim_TriLep_TTWToLNu.root
2026-04-12 11:36:52,595 - INFO - [2022] MISSING_CENTRAL: ZFake1E2Mu/Central/jets/3/mass in Skim_TriLep_TTZ_M4to50.root
2026-04-12 11:36:52,652 - INFO - [2022] MISSING_CENTRAL: ZFake1E2Mu/Central/jets/3/mass in Skim_TriLep_WWW.root
2026-04-12 12:18:51,460 - INFO - [2022] MISSING_CENTRAL: ZFake1E2Mu/Central/jets/3/mass in Skim_TriLep_DYJets.root
2026-04-12 12:18:51,460 - INFO - [2022] MISSING_CENTRAL: ZFake1E2Mu/Central/jets/3/mass in Skim_TriLep_DYJets10to50.root
2026-04-12 12:18:51,461 - INFO - [2022] MISSING_CENTRAL: ZFake1E2Mu/Central/jets/3/mass in Skim_TriLep_TTG_PTG10to100.root
2026-04-12 12:18:51,461 - INFO - [2022] MISSING_CENTRAL: ZFake1E2Mu/Central/jets/3/mass in Skim_TriLep_TTG_PTG100to200.root
2026-04-12 12:18:51,462 - INFO - [2022] MISSING_CENTRAL: ZFake1E2Mu/Central/jets/3/mass in Skim_TriLep_TTG_PTG200toInf.root
2026-04-12 12:18:51,463 - INFO - [2022] MISSING_CENTRAL: ZFake1E2Mu/Central/jets/3/mass in Skim_TriLep_TTWToLNu.root
2026-04-12 12:18:51,464 - INFO - [2022] MISSING_CENTRAL: ZFake1E2Mu/Central/jets/3/mass in Skim_TriLep_TTZ_M4to50.root
2026-04-12 12:18:51,517 - INFO - [2022] MISSING_CENTRAL: ZFake1E2Mu/Central/jets/3/mass in Skim_TriLep_WWW.root
2026-04-12 12:38:30,297 - INFO - [2022] MISSING_CENTRAL: ZFake1E2Mu/Central/jets/3/mass in Skim_TriLep_DYJets.root
2026-04-12 12:38:30,298 - INFO - [2022] MISSING_CENTRAL: ZFake1E2Mu/Central/jets/3/mass in Skim_TriLep_DYJets10to50.root
2026-04-12 12:38:30,298 - INFO - [2022] MISSING_CENTRAL: ZFake1E2Mu/Central/jets/3/mass in Skim_TriLep_TTG_PTG10to100.root
2026-04-12 12:38:30,299 - INFO - [2022] MISSING_CENTRAL: ZFake1E2Mu/Central/jets/3/mass in Skim_TriLep_TTG_PTG100to200.root
2026-04-12 12:38:30,299 - INFO - [2022] MISSING_CENTRAL: ZFake1E2Mu/Central/jets/3/mass in Skim_TriLep_TTG_PTG200toInf.root
2026-04-12 12:38:30,301 - INFO - [2022] MISSING_CENTRAL: ZFake1E2Mu/Central/jets/3/mass in Skim_TriLep_TTWToLNu.root
2026-04-12 12:38:30,301 - INFO - [2022] MISSING_CENTRAL: ZFake1E2Mu/Central/jets/3/mass in Skim_TriLep_TTZ_M4to50.root
2026-04-12 12:38:30,352 - INFO - [2022] MISSING_CENTRAL: ZFake1E2Mu/Central/jets/3/mass in Skim_TriLep_WWW.root
2026-04-12 20:46:36,453 - INFO - [2022] MISSING_CENTRAL: ZFake1E2Mu/Central/jets/3/mass in Skim_TriLep_DYJets.root
2026-04-12 20:46:36,454 - INFO - [2022] MISSING_CENTRAL: ZFake1E2Mu/Central/jets/3/mass in Skim_TriLep_DYJets10to50.root
2026-04-12 20:46:36,454 - INFO - [2022] MISSING_CENTRAL: ZFake1E2Mu/Central/jets/3/mass in Skim_TriLep_TTG_PTG10to100.root
2026-04-12 20:46:36,455 - INFO - [2022] MISSING_CENTRAL: ZFake1E2Mu/Central/jets/3/mass in Skim_TriLep_TTG_PTG100to200.root
2026-04-12 20:46:36,455 - INFO - [2022] MISSING_CENTRAL: ZFake1E2Mu/Central/jets/3/mass in Skim_TriLep_TTG_PTG200toInf.root
2026-04-12 20:46:36,457 - INFO - [2022] MISSING_CENTRAL: ZFake1E2Mu/Central/jets/3/mass in Skim_TriLep_TTWToLNu.root
2026-04-12 20:46:36,458 - INFO - [2022] MISSING_CENTRAL: ZFake1E2Mu/Central/jets/3/mass in Skim_TriLep_TTZ_M4to50.root
2026-04-12 20:46:36,512 - INFO - [2022] MISSING_CENTRAL: ZFake1E2Mu/Central/jets/3/mass in Skim_TriLep_WWW.root
2026-04-12 21:18:11,746 - INFO - [2022] MISSING_CENTRAL: ZFake1E2Mu/Central/jets/3/mass in Skim_TriLep_DYJets.root
2026-04-12 21:18:11,747 - INFO - [2022] MISSING_CENTRAL: ZFake1E2Mu/Central/jets/3/mass in Skim_TriLep_DYJets10to50.root
2026-04-12 21:18:11,747 - INFO - [2022] MISSING_CENTRAL: ZFake1E2Mu/Central/jets/3/mass in Skim_TriLep_TTG_PTG10to100.root
2026-04-12 21:18:11,748 - INFO - [2022] MISSING_CENTRAL: ZFake1E2Mu/Central/jets/3/mass in Skim_TriLep_TTG_PTG100to200.root
2026-04-12 21:18:11,748 - INFO - [2022] MISSING_CENTRAL: ZFake1E2Mu/Central/jets/3/mass in Skim_TriLep_TTG_PTG200toInf.root
2026-04-12 21:18:11,750 - INFO - [2022] MISSING_CENTRAL: ZFake1E2Mu/Central/jets/3/mass in Skim_TriLep_TTWToLNu.root
2026-04-12 21:18:11,751 - INFO - [2022] MISSING_CENTRAL: ZFake1E2Mu/Central/jets/3/mass in Skim_TriLep_TTZ_M4to50.root
2026-04-12 21:18:11,803 - INFO - [2022] MISSING_CENTRAL: ZFake1E2Mu/Central/jets/3/mass in Skim_TriLep_WWW.root
2026-04-13 12:55:51,670 - INFO - [2022] MISSING_CENTRAL: ZFake1E2Mu/Central/jets/3/mass in Skim_TriLep_DYJets.root
2026-04-13 12:55:51,670 - INFO - [2022] MISSING_CENTRAL: ZFake1E2Mu/Central/jets/3/mass in Skim_TriLep_DYJets10to50.root
2026-04-13 12:55:51,670 - INFO - [2022] MISSING_CENTRAL: ZFake1E2Mu/Central/jets/3/mass in Skim_TriLep_TTG_PTG10to100.root
2026-04-13 12:55:51,671 - INFO - [2022] MISSING_CENTRAL: ZFake1E2Mu/Central/jets/3/mass in Skim_TriLep_TTG_PTG100to200.root
2026-04-13 12:55:51,671 - INFO - [2022] MISSING_CENTRAL: ZFake1E2Mu/Central/jets/3/mass in Skim_TriLep_TTG_PTG200toInf.root
2026-04-13 12:55:51,672 - INFO - [2022] MISSING_CENTRAL: ZFake1E2Mu/Central/jets/3/mass in Skim_TriLep_TTWToLNu.root
2026-04-13 12:55:51,673 - INFO - [2022] MISSING_CENTRAL: ZFake1E2Mu/Central/jets/3/mass in Skim_TriLep_TTZ_M4to50.root
2026-04-13 12:55:51,731 - INFO - [2022] MISSING_CENTRAL: ZFake1E2Mu/Central/jets/3/mass in Skim_TriLep_WWW.root
2026-04-16 17:38:23,004 - INFO - [2022] MISSING_CENTRAL: ZFake1E2Mu/Central/jets/3/mass in Skim_TriLep_DYJets.root
2026-04-16 17:38:23,005 - INFO - [2022] MISSING_CENTRAL: ZFake1E2Mu/Central/jets/3/mass in Skim_TriLep_DYJets10to50.root
2026-04-16 17:38:23,005 - INFO - [2022] MISSING_CENTRAL: ZFake1E2Mu/Central/jets/3/mass in Skim_TriLep_TTG_PTG10to100.root
2026-04-16 17:38:23,006 - INFO - [2022] MISSING_CENTRAL: ZFake1E2Mu/Central/jets/3/mass in Skim_TriLep_TTG_PTG100to200.root
2026-04-16 17:38:23,006 - INFO - [2022] MISSING_CENTRAL: ZFake1E2Mu/Central/jets/3/mass in Skim_TriLep_TTG_PTG200toInf.root
2026-04-16 17:38:23,008 - INFO - [2022] MISSING_CENTRAL: ZFake1E2Mu/Central/jets/3/mass in Skim_TriLep_TTWToLNu.root
2026-04-16 17:38:23,008 - INFO - [2022] MISSING_CENTRAL: ZFake1E2Mu/Central/jets/3/mass in Skim_TriLep_TTZ_M4to50.root
2026-04-16 17:38:23,068 - INFO - [2022] MISSING_CENTRAL: ZFake1E2Mu/Central/jets/3/mass in Skim_TriLep_WWW.root
2026-05-04 17:07:56,982 - INFO - [2022] MISSING_CENTRAL: ZFake1E2Mu/Central/jets/3/mass in Skim_TriLep_DYJets.root
2026-05-04 17:07:56,983 - INFO - [2022] MISSING_CENTRAL: ZFake1E2Mu/Central/jets/3/mass in Skim_TriLep_DYJets10to50.root
2026-05-04 17:07:56,983 - INFO - [2022] MISSING_CENTRAL: ZFake1E2Mu/Central/jets/3/mass in Skim_TriLep_TTG_PTG10to100.root
2026-05-04 17:07:56,984 - INFO - [2022] MISSING_CENTRAL: ZFake1E2Mu/Central/jets/3/mass in Skim_TriLep_TTG_PTG100to200.root
2026-05-04 17:07:56,984 - INFO - [2022] MISSING_CENTRAL: ZFake1E2Mu/Central/jets/3/mass in Skim_TriLep_TTG_PTG200toInf.root
2026-05-04 17:07:56,986 - INFO - [2022] MISSING_CENTRAL: ZFake1E2Mu/Central/jets/3/mass in Skim_TriLep_TTWToLNu.root
2026-05-04 17:07:56,986 - INFO - [2022] MISSING_CENTRAL: ZFake1E2Mu/Central/jets/3/mass in Skim_TriLep_TTZ_M4to50.root
2026-05-04 17:07:57,047 - INFO - [2022] MISSING_CENTRAL: ZFake1E2Mu/Central/jets/3/mass in Skim_TriLep_WWW.root
2026-05-28 15:44:44,839 - INFO - [2022] MISSING_CENTRAL: ZFake1E2Mu/Central/jets/3/mass in Skim_TriLep_DYJets.root
2026-05-28 15:44:44,840 - INFO - [2022] MISSING_CENTRAL: ZFake1E2Mu/Central/jets/3/mass in Skim_TriLep_DYJets10to50.root
2026-05-28 15:44:44,841 - INFO - [2022] MISSING_CENTRAL: ZFake1E2Mu/Central/jets/3/mass in Skim_TriLep_TTG_PTG10to100.root
2026-05-28 15:44:44,843 - INFO - [2022] MISSING_CENTRAL: ZFake1E2Mu/Central/jets/3/mass in Skim_TriLep_TTG_PTG100to200.root
2026-05-28 15:44:44,844 - INFO - [2022] MISSING_CENTRAL: ZFake1E2Mu/Central/jets/3/mass in Skim_TriLep_TTG_PTG200toInf.root
2026-05-28 15:44:44,846 - INFO - [2022] MISSING_CENTRAL: ZFake1E2Mu/Central/jets/3/mass in Skim_TriLep_TTWToLNu.root
2026-05-28 15:44:44,847 - INFO - [2022] MISSING_CENTRAL: ZFake1E2Mu/Central/jets/3/mass in Skim_TriLep_TTZ_M4to50.root
2026-05-28 15:44:44,991 - INFO - [2022] MISSING_CENTRAL: ZFake1E2Mu/Central/jets/3/mass in Skim_TriLep_WWW.root
2026-05-29 15:35:43,620 - INFO - [2022] MISSING_CENTRAL: ZFake1E2Mu/Central/jets/3/mass in Skim_TriLep_DYJets.root
2026-05-29 15:35:43,621 - INFO - [2022] MISSING_CENTRAL: ZFake1E2Mu/Central/jets/3/mass in Skim_TriLep_DYJets10to50.root
2026-05-29 15:35:43,621 - INFO - [2022] MISSING_CENTRAL: ZFake1E2Mu/Central/jets/3/mass in Skim_TriLep_TTG_PTG10to100.root
2026-05-29 15:35:43,622 - INFO - [2022] MISSING_CENTRAL: ZFake1E2Mu/Central/jets/3/mass in Skim_TriLep_TTG_PTG100to200.root
2026-05-29 15:35:43,622 - INFO - [2022] MISSING_CENTRAL: ZFake1E2Mu/Central/jets/3/mass in Skim_TriLep_TTG_PTG200toInf.root
2026-05-29 15:35:43,624 - INFO - [2022] MISSING_CENTRAL: ZFake1E2Mu/Central/jets/3/mass in Skim_TriLep_TTWToLNu.root
2026-05-29 15:35:43,625 - INFO - [2022] MISSING_CENTRAL: ZFake1E2Mu/Central/jets/3/mass in Skim_TriLep_TTZ_M4to50.root
2026-05-29 15:35:43,683 - INFO - [2022] MISSING_CENTRAL: ZFake1E2Mu/Central/jets/3/mass in Skim_TriLep_WWW.root
2026-05-29 18:26:59,158 - INFO - [2022] MISSING_CENTRAL: ZFake1E2Mu/Central/jets/3/mass in Skim_TriLep_DYJets.root
2026-05-29 18:26:59,158 - INFO - [2022] MISSING_CENTRAL: ZFake1E2Mu/Central/jets/3/mass in Skim_TriLep_DYJets10to50.root
2026-05-29 18:26:59,159 - INFO - [2022] MISSING_CENTRAL: ZFake1E2Mu/Central/jets/3/mass in Skim_TriLep_TTG_PTG10to100.root
2026-05-29 18:26:59,159 - INFO - [2022] MISSING_CENTRAL: ZFake1E2Mu/Central/jets/3/mass in Skim_TriLep_TTG_PTG100to200.root
2026-05-29 18:26:59,160 - INFO - [2022] MISSING_CENTRAL: ZFake1E2Mu/Central/jets/3/mass in Skim_TriLep_TTG_PTG200toInf.root
2026-05-29 18:26:59,162 - INFO - [2022] MISSING_CENTRAL: ZFake1E2Mu/Central/jets/3/mass in Skim_TriLep_TTWToLNu.root
2026-05-29 18:26:59,162 - INFO - [2022] MISSING_CENTRAL: ZFake1E2Mu/Central/jets/3/mass in Skim_TriLep_TTZ_M4to50.root
2026-05-29 18:26:59,222 - INFO - [2022] MISSING_CENTRAL: ZFake1E2Mu/Central/jets/3/mass in Skim_TriLep_WWW.root
