2025-09-24 15:53:42,454 - INFO - [2022] MISSING_CENTRAL: ZFake1E2Mu/Central/jets/1/pz in Skim_TriLep_DYJets.root
2025-09-24 15:53:42,454 - INFO - [2022] MISSING_CENTRAL: ZFake1E2Mu/Central/jets/1/pz in Skim_TriLep_DYJets10to50.root
2025-09-24 15:53:42,455 - INFO - [2022] MISSING_CENTRAL: ZFake1E2Mu/Central/jets/1/pz in Skim_TriLep_DYGTo2LG_MLL4to50_PTG10to100.root
2025-09-24 15:53:42,455 - INFO - [2022] MISSING_CENTRAL: ZFake1E2Mu/Central/jets/1/pz in Skim_TriLep_DYGTo2LG_MLL4to50_PTG100to200.root
2025-09-24 15:53:42,455 - INFO - [2022] MISSING_CENTRAL: ZFake1E2Mu/Central/jets/1/pz in Skim_TriLep_DYGTo2LG_MLL4to50_PTG200toInf.root
2025-09-24 15:53:42,726 - INFO - [2022] MISSING_CENTRAL: ZFake1E2Mu/Central/jets/1/pz in Skim_TriLep_TTG_PTG10to100.root
2025-09-24 15:53:42,726 - INFO - [2022] MISSING_CENTRAL: ZFake1E2Mu/Central/jets/1/pz in Skim_TriLep_TTG_PTG100to200.root
2025-10-02 21:15:56,729 - INFO - [2022] MISSING_CENTRAL: ZFake1E2Mu/Central/jets/1/pz in Skim_TriLep_DYJets.root
2025-10-02 21:15:56,730 - INFO - [2022] MISSING_CENTRAL: ZFake1E2Mu/Central/jets/1/pz in Skim_TriLep_DYJets10to50.root
2025-10-02 21:15:56,732 - INFO - [2022] MISSING_CENTRAL: ZFake1E2Mu/Central/jets/1/pz in Skim_TriLep_DYGTo2LG_MLL4to50_PTG10to100.root
2025-10-02 21:15:56,733 - INFO - [2022] MISSING_CENTRAL: ZFake1E2Mu/Central/jets/1/pz in Skim_TriLep_DYGTo2LG_MLL4to50_PTG100to200.root
2025-10-02 21:15:56,734 - INFO - [2022] MISSING_CENTRAL: ZFake1E2Mu/Central/jets/1/pz in Skim_TriLep_DYGTo2LG_MLL4to50_PTG200toInf.root
2025-10-02 21:15:57,194 - INFO - [2022] MISSING_CENTRAL: ZFake1E2Mu/Central/jets/1/pz in Skim_TriLep_TTG_PTG10to100.root
2025-10-02 21:15:57,214 - INFO - [2022] MISSING_CENTRAL: ZFake1E2Mu/Central/jets/1/pz in Skim_TriLep_TTG_PTG100to200.root
2025-10-03 00:05:48,071 - INFO - [2022] MISSING_CENTRAL: ZFake1E2Mu/Central/jets/1/pz in Skim_TriLep_DYJets.root
2025-10-03 00:05:48,071 - INFO - [2022] MISSING_CENTRAL: ZFake1E2Mu/Central/jets/1/pz in Skim_TriLep_DYJets10to50.root
2025-10-03 00:05:48,071 - INFO - [2022] MISSING_CENTRAL: ZFake1E2Mu/Central/jets/1/pz in Skim_TriLep_DYGTo2LG_MLL4to50_PTG10to100.root
2025-10-03 00:05:48,072 - INFO - [2022] MISSING_CENTRAL: ZFake1E2Mu/Central/jets/1/pz in Skim_TriLep_DYGTo2LG_MLL4to50_PTG100to200.root
2025-10-03 00:05:48,072 - INFO - [2022] MISSING_CENTRAL: ZFake1E2Mu/Central/jets/1/pz in Skim_TriLep_DYGTo2LG_MLL4to50_PTG200toInf.root
2025-10-03 00:05:48,343 - INFO - [2022] MISSING_CENTRAL: ZFake1E2Mu/Central/jets/1/pz in Skim_TriLep_TTG_PTG10to100.root
2025-10-03 00:05:48,343 - INFO - [2022] MISSING_CENTRAL: ZFake1E2Mu/Central/jets/1/pz in Skim_TriLep_TTG_PTG100to200.root
2025-11-07 13:08:35,160 - INFO - [2022] MISSING_FILE: /home/choij/Sync/workspace/ChargedHiggsAnalysisV3/SKNanoOutput/PromptSelector/Run1E2Mu/2022/Skim_TriLep_MuonEG_C.root
2025-11-07 13:08:35,160 - INFO - [2022] MISSING_FILE: /home/choij/Sync/workspace/ChargedHiggsAnalysisV3/SKNanoOutput/PromptSelector/Run1E2Mu/2022/Skim_TriLep_MuonEG_D.root
2025-11-07 14:06:17,961 - INFO - [2022] MISSING_FILE: /home/choij/Sync/workspace/ChargedHiggsAnalysisV3/SKNanoOutput/PromptSelector/Run1E2Mu/2022/Skim_TriLep_MuonEG_C.root
2025-11-07 14:06:17,961 - INFO - [2022] MISSING_FILE: /home/choij/Sync/workspace/ChargedHiggsAnalysisV3/SKNanoOutput/PromptSelector/Run1E2Mu/2022/Skim_TriLep_MuonEG_D.root
2025-11-10 12:21:23,461 - INFO - [2022] MISSING_CENTRAL: ZFake1E2Mu/Central/jets/1/pz in Skim_TriLep_DYJets.root
2025-11-10 12:21:23,461 - INFO - [2022] MISSING_CENTRAL: ZFake1E2Mu/Central/jets/1/pz in Skim_TriLep_DYJets10to50.root
2025-11-10 12:21:23,462 - INFO - [2022] MISSING_CENTRAL: ZFake1E2Mu/Central/jets/1/pz in Skim_TriLep_DYGTo2LG_MLL4to50_PTG10to100.root
2025-11-10 12:21:23,462 - INFO - [2022] MISSING_CENTRAL: ZFake1E2Mu/Central/jets/1/pz in Skim_TriLep_DYGTo2LG_MLL4to50_PTG100to200.root
2025-11-10 12:21:23,463 - INFO - [2022] MISSING_CENTRAL: ZFake1E2Mu/Central/jets/1/pz in Skim_TriLep_DYGTo2LG_MLL4to50_PTG200toInf.root
2025-11-10 12:21:23,513 - INFO - [2022] MISSING_CENTRAL: ZFake1E2Mu/Central/jets/1/pz in Skim_TriLep_TTG_PTG10to100.root
2025-11-10 12:21:23,514 - INFO - [2022] MISSING_CENTRAL: ZFake1E2Mu/Central/jets/1/pz in Skim_TriLep_TTG_PTG100to200.root
2025-11-13 11:10:50,789 - INFO - [2022] MISSING_CENTRAL: ZFake1E2Mu/Central/jets/1/pz in Skim_TriLep_DYJets.root
2025-11-13 11:10:50,790 - INFO - [2022] MISSING_CENTRAL: ZFake1E2Mu/Central/jets/1/pz in Skim_TriLep_DYJets10to50.root
2025-11-13 11:10:50,791 - INFO - [2022] MISSING_CENTRAL: ZFake1E2Mu/Central/jets/1/pz in Skim_TriLep_DYGTo2LG_MLL4to50_PTG10to100.root
2025-11-13 11:10:50,792 - INFO - [2022] MISSING_CENTRAL: ZFake1E2Mu/Central/jets/1/pz in Skim_TriLep_DYGTo2LG_MLL4to50_PTG100to200.root
2025-11-13 11:10:50,793 - INFO - [2022] MISSING_CENTRAL: ZFake1E2Mu/Central/jets/1/pz in Skim_TriLep_DYGTo2LG_MLL4to50_PTG200toInf.root
2025-11-13 11:10:51,394 - INFO - [2022] MISSING_CENTRAL: ZFake1E2Mu/Central/jets/1/pz in Skim_TriLep_TTG_PTG10to100.root
2025-11-13 11:10:51,399 - INFO - [2022] MISSING_CENTRAL: ZFake1E2Mu/Central/jets/1/pz in Skim_TriLep_TTG_PTG100to200.root
2025-11-19 16:10:08,775 - INFO - [2022] MISSING_CENTRAL: ZFake1E2Mu/Central/jets/1/pz in Skim_TriLep_DYJets.root
2025-11-19 16:10:08,776 - INFO - [2022] MISSING_CENTRAL: ZFake1E2Mu/Central/jets/1/pz in Skim_TriLep_DYJets10to50.root
2025-11-19 16:10:08,776 - INFO - [2022] MISSING_CENTRAL: ZFake1E2Mu/Central/jets/1/pz in Skim_TriLep_DYGTo2LG_MLL4to50_PTG10to100.root
2025-11-19 16:10:08,777 - INFO - [2022] MISSING_CENTRAL: ZFake1E2Mu/Central/jets/1/pz in Skim_TriLep_DYGTo2LG_MLL4to50_PTG100to200.root
2025-11-19 16:10:08,777 - INFO - [2022] MISSING_CENTRAL: ZFake1E2Mu/Central/jets/1/pz in Skim_TriLep_DYGTo2LG_MLL4to50_PTG200toInf.root
2025-11-19 16:10:08,828 - INFO - [2022] MISSING_CENTRAL: ZFake1E2Mu/Central/jets/1/pz in Skim_TriLep_TTG_PTG10to100.root
2025-11-19 16:10:08,828 - INFO - [2022] MISSING_CENTRAL: ZFake1E2Mu/Central/jets/1/pz in Skim_TriLep_TTG_PTG100to200.root
2025-11-19 16:23:46,415 - INFO - [2022] MISSING_CENTRAL: ZFake1E2Mu/Central/jets/1/pz in Skim_TriLep_DYJets.root
2025-11-19 16:23:46,416 - INFO - [2022] MISSING_CENTRAL: ZFake1E2Mu/Central/jets/1/pz in Skim_TriLep_DYJets10to50.root
2025-11-19 16:23:46,416 - INFO - [2022] MISSING_CENTRAL: ZFake1E2Mu/Central/jets/1/pz in Skim_TriLep_DYGTo2LG_MLL4to50_PTG10to100.root
2025-11-19 16:23:46,417 - INFO - [2022] MISSING_CENTRAL: ZFake1E2Mu/Central/jets/1/pz in Skim_TriLep_DYGTo2LG_MLL4to50_PTG100to200.root
2025-11-19 16:23:46,417 - INFO - [2022] MISSING_CENTRAL: ZFake1E2Mu/Central/jets/1/pz in Skim_TriLep_DYGTo2LG_MLL4to50_PTG200toInf.root
2025-11-19 16:23:46,469 - INFO - [2022] MISSING_CENTRAL: ZFake1E2Mu/Central/jets/1/pz in Skim_TriLep_TTG_PTG10to100.root
2025-11-19 16:23:46,469 - INFO - [2022] MISSING_CENTRAL: ZFake1E2Mu/Central/jets/1/pz in Skim_TriLep_TTG_PTG100to200.root
2025-12-17 22:38:08,732 - INFO - [2022] MISSING_CENTRAL: ZFake1E2Mu/Central/jets/1/pz in Skim_TriLep_DYJets10to50.root
2025-12-17 22:38:08,766 - INFO - [2022] MISSING_CENTRAL: ZFake1E2Mu/Central/jets/1/pz in Skim_TriLep_TTG_PTG10to100.root
2025-12-17 22:38:08,809 - INFO - [2022] MISSING_CENTRAL: ZFake1E2Mu/Central/jets/1/pz in Skim_TriLep_TTG_PTG100to200.root
2025-12-18 14:22:53,748 - INFO - [2022] MISSING_CENTRAL: ZFake1E2Mu/Central/jets/1/pz in Skim_TriLep_DYJets10to50.root
2025-12-18 14:22:53,753 - INFO - [2022] MISSING_CENTRAL: ZFake1E2Mu/Central/jets/1/pz in Skim_TriLep_TTG_PTG10to100.root
2025-12-18 14:22:53,755 - INFO - [2022] MISSING_CENTRAL: ZFake1E2Mu/Central/jets/1/pz in Skim_TriLep_TTG_PTG100to200.root
2025-12-18 14:38:17,807 - INFO - [2022] MISSING_CENTRAL: ZFake1E2Mu/Central/jets/1/pz in Skim_TriLep_DYJets10to50.root
2025-12-18 14:38:17,809 - INFO - [2022] MISSING_CENTRAL: ZFake1E2Mu/Central/jets/1/pz in Skim_TriLep_TTG_PTG10to100.root
2025-12-18 14:38:17,811 - INFO - [2022] MISSING_CENTRAL: ZFake1E2Mu/Central/jets/1/pz in Skim_TriLep_TTG_PTG100to200.root
2026-01-07 11:47:58,203 - INFO - [2022] MISSING_CENTRAL: ZFake1E2Mu/Central/jets/1/pz in Skim_TriLep_DYJets10to50.root
2026-01-07 11:47:58,228 - INFO - [2022] MISSING_CENTRAL: ZFake1E2Mu/Central/jets/1/pz in Skim_TriLep_TTG_PTG10to100.root
2026-01-07 11:47:58,243 - INFO - [2022] MISSING_CENTRAL: ZFake1E2Mu/Central/jets/1/pz in Skim_TriLep_TTG_PTG100to200.root
2026-01-07 18:44:42,331 - INFO - [2022] MISSING_CENTRAL: ZFake1E2Mu/Central/jets/1/pz in Skim_TriLep_DYJets10to50.root
2026-01-07 18:44:42,332 - INFO - [2022] MISSING_CENTRAL: ZFake1E2Mu/Central/jets/1/pz in Skim_TriLep_TTG_PTG10to100.root
2026-01-07 18:44:42,333 - INFO - [2022] MISSING_CENTRAL: ZFake1E2Mu/Central/jets/1/pz in Skim_TriLep_TTG_PTG100to200.root
2026-01-09 12:18:54,259 - INFO - [2022] MISSING_CENTRAL: ZFake1E2Mu/Central/jets/1/pz in Skim_TriLep_DYJets10to50.root
2026-01-09 12:18:54,259 - INFO - [2022] MISSING_CENTRAL: ZFake1E2Mu/Central/jets/1/pz in Skim_TriLep_TTG_PTG10to100.root
2026-01-09 12:18:54,260 - INFO - [2022] MISSING_CENTRAL: ZFake1E2Mu/Central/jets/1/pz in Skim_TriLep_TTG_PTG100to200.root
2026-01-11 09:38:58,127 - INFO - [2022] MISSING_CENTRAL: ZFake1E2Mu/Central/jets/1/pz in Skim_TriLep_DYJets10to50.root
2026-01-11 09:38:58,128 - INFO - [2022] MISSING_CENTRAL: ZFake1E2Mu/Central/jets/1/pz in Skim_TriLep_TTG_PTG10to100.root
2026-01-11 09:38:58,128 - INFO - [2022] MISSING_CENTRAL: ZFake1E2Mu/Central/jets/1/pz in Skim_TriLep_TTG_PTG100to200.root
2026-01-12 13:47:38,322 - INFO - [2022] MISSING_FILE: /home/choij/Sync/workspace/ChargedHiggsAnalysisV3/SKNanoOutput/MatrixSelector/Run1E2Mu/2022/Skim_TriLep_MuonEG_C.root
2026-01-12 13:47:38,323 - INFO - [2022] MISSING_FILE: /home/choij/Sync/workspace/ChargedHiggsAnalysisV3/SKNanoOutput/MatrixSelector/Run1E2Mu/2022/Skim_TriLep_MuonEG_D.root
2026-01-12 13:47:38,357 - INFO - [2022] MISSING_CENTRAL: ZFake1E2Mu/Central/jets/1/pz in Skim_TriLep_DYJets10to50.root
2026-01-12 13:47:38,358 - INFO - [2022] MISSING_CENTRAL: ZFake1E2Mu/Central/jets/1/pz in Skim_TriLep_TTG_PTG10to100.root
2026-01-12 13:47:38,358 - INFO - [2022] MISSING_CENTRAL: ZFake1E2Mu/Central/jets/1/pz in Skim_TriLep_TTG_PTG100to200.root
2026-01-16 19:02:44,117 - INFO - [2022] MISSING_CENTRAL: ZFake1E2Mu/Central/jets/1/pz in Skim_TriLep_DYJets10to50.root
2026-01-16 19:02:44,118 - INFO - [2022] MISSING_CENTRAL: ZFake1E2Mu/Central/jets/1/pz in Skim_TriLep_TTG_PTG10to100.root
2026-01-16 19:02:44,118 - INFO - [2022] MISSING_CENTRAL: ZFake1E2Mu/Central/jets/1/pz in Skim_TriLep_TTG_PTG100to200.root
2026-01-28 17:01:20,553 - INFO - [2022] MISSING_CENTRAL: ZFake1E2Mu/Central/jets/1/pz in Skim_TriLep_DYJets10to50.root
2026-01-28 17:01:20,554 - INFO - [2022] MISSING_CENTRAL: ZFake1E2Mu/Central/jets/1/pz in Skim_TriLep_TTG_PTG10to100.root
2026-01-28 17:01:20,554 - INFO - [2022] MISSING_CENTRAL: ZFake1E2Mu/Central/jets/1/pz in Skim_TriLep_TTG_PTG100to200.root
2026-01-28 17:22:07,971 - INFO - [2022] MISSING_CENTRAL: ZFake1E2Mu/Central/jets/1/pz in Skim_TriLep_DYJets10to50.root
2026-01-28 17:22:07,972 - INFO - [2022] MISSING_CENTRAL: ZFake1E2Mu/Central/jets/1/pz in Skim_TriLep_TTG_PTG10to100.root
2026-01-28 17:22:07,972 - INFO - [2022] MISSING_CENTRAL: ZFake1E2Mu/Central/jets/1/pz in Skim_TriLep_TTG_PTG100to200.root
2026-01-28 19:55:39,115 - INFO - [2022] MISSING_CENTRAL: ZFake1E2Mu/Central/jets/1/pz in Skim_TriLep_DYJets10to50.root
2026-01-28 19:55:39,116 - INFO - [2022] MISSING_CENTRAL: ZFake1E2Mu/Central/jets/1/pz in Skim_TriLep_TTG_PTG10to100.root
2026-01-28 19:55:39,116 - INFO - [2022] MISSING_CENTRAL: ZFake1E2Mu/Central/jets/1/pz in Skim_TriLep_TTG_PTG100to200.root
2026-01-29 07:12:47,509 - INFO - [2022] MISSING_CENTRAL: ZFake1E2Mu/Central/jets/1/pz in Skim_TriLep_DYJets10to50.root
2026-01-29 07:12:47,510 - INFO - [2022] MISSING_CENTRAL: ZFake1E2Mu/Central/jets/1/pz in Skim_TriLep_TTG_PTG10to100.root
2026-01-29 07:12:47,510 - INFO - [2022] MISSING_CENTRAL: ZFake1E2Mu/Central/jets/1/pz in Skim_TriLep_TTG_PTG100to200.root
2026-03-06 09:40:55,644 - INFO - [2022] MISSING_CENTRAL: ZFake1E2Mu/Central/jets/1/pz in Skim_TriLep_DYJets10to50.root
2026-03-06 09:40:55,644 - INFO - [2022] MISSING_CENTRAL: ZFake1E2Mu/Central/jets/1/pz in Skim_TriLep_TTG_PTG10to100.root
2026-03-06 09:40:55,645 - INFO - [2022] MISSING_CENTRAL: ZFake1E2Mu/Central/jets/1/pz in Skim_TriLep_TTG_PTG100to200.root
2026-03-06 19:46:43,315 - INFO - [2022] MISSING_CENTRAL: ZFake1E2Mu/Central/jets/1/pz in Skim_TriLep_DYJets10to50.root
2026-03-06 19:46:43,316 - INFO - [2022] MISSING_CENTRAL: ZFake1E2Mu/Central/jets/1/pz in Skim_TriLep_TTG_PTG10to100.root
2026-03-06 19:46:43,316 - INFO - [2022] MISSING_CENTRAL: ZFake1E2Mu/Central/jets/1/pz in Skim_TriLep_TTG_PTG100to200.root
2026-04-10 20:21:41,159 - INFO - [2022] MISSING_CENTRAL: ZFake1E2Mu/Central/jets/1/pz in Skim_TriLep_DYJets10to50.root
2026-04-10 20:21:41,160 - INFO - [2022] MISSING_CENTRAL: ZFake1E2Mu/Central/jets/1/pz in Skim_TriLep_TTG_PTG10to100.root
2026-04-10 20:21:41,160 - INFO - [2022] MISSING_CENTRAL: ZFake1E2Mu/Central/jets/1/pz in Skim_TriLep_TTG_PTG100to200.root
2026-04-12 11:36:52,653 - INFO - [2022] MISSING_CENTRAL: ZFake1E2Mu/Central/jets/1/pz in Skim_TriLep_DYJets10to50.root
2026-04-12 11:36:52,654 - INFO - [2022] MISSING_CENTRAL: ZFake1E2Mu/Central/jets/1/pz in Skim_TriLep_TTG_PTG10to100.root
2026-04-12 11:36:52,654 - INFO - [2022] MISSING_CENTRAL: ZFake1E2Mu/Central/jets/1/pz in Skim_TriLep_TTG_PTG100to200.root
2026-04-12 12:18:51,380 - INFO - [2022] MISSING_CENTRAL: ZFake1E2Mu/Central/jets/1/pz in Skim_TriLep_DYJets10to50.root
2026-04-12 12:18:51,381 - INFO - [2022] MISSING_CENTRAL: ZFake1E2Mu/Central/jets/1/pz in Skim_TriLep_TTG_PTG10to100.root
2026-04-12 12:18:51,381 - INFO - [2022] MISSING_CENTRAL: ZFake1E2Mu/Central/jets/1/pz in Skim_TriLep_TTG_PTG100to200.root
2026-04-12 12:38:30,187 - INFO - [2022] MISSING_CENTRAL: ZFake1E2Mu/Central/jets/1/pz in Skim_TriLep_DYJets10to50.root
2026-04-12 12:38:30,187 - INFO - [2022] MISSING_CENTRAL: ZFake1E2Mu/Central/jets/1/pz in Skim_TriLep_TTG_PTG10to100.root
2026-04-12 12:38:30,188 - INFO - [2022] MISSING_CENTRAL: ZFake1E2Mu/Central/jets/1/pz in Skim_TriLep_TTG_PTG100to200.root
2026-04-12 20:46:36,308 - INFO - [2022] MISSING_CENTRAL: ZFake1E2Mu/Central/jets/1/pz in Skim_TriLep_DYJets10to50.root
2026-04-12 20:46:36,309 - INFO - [2022] MISSING_CENTRAL: ZFake1E2Mu/Central/jets/1/pz in Skim_TriLep_TTG_PTG10to100.root
2026-04-12 20:46:36,309 - INFO - [2022] MISSING_CENTRAL: ZFake1E2Mu/Central/jets/1/pz in Skim_TriLep_TTG_PTG100to200.root
2026-04-12 21:18:11,663 - INFO - [2022] MISSING_CENTRAL: ZFake1E2Mu/Central/jets/1/pz in Skim_TriLep_DYJets10to50.root
2026-04-12 21:18:11,664 - INFO - [2022] MISSING_CENTRAL: ZFake1E2Mu/Central/jets/1/pz in Skim_TriLep_TTG_PTG10to100.root
2026-04-12 21:18:11,664 - INFO - [2022] MISSING_CENTRAL: ZFake1E2Mu/Central/jets/1/pz in Skim_TriLep_TTG_PTG100to200.root
2026-04-13 12:55:51,692 - INFO - [2022] MISSING_CENTRAL: ZFake1E2Mu/Central/jets/1/pz in Skim_TriLep_DYJets10to50.root
2026-04-13 12:55:51,693 - INFO - [2022] MISSING_CENTRAL: ZFake1E2Mu/Central/jets/1/pz in Skim_TriLep_TTG_PTG10to100.root
2026-04-13 12:55:51,693 - INFO - [2022] MISSING_CENTRAL: ZFake1E2Mu/Central/jets/1/pz in Skim_TriLep_TTG_PTG100to200.root
2026-04-16 17:38:22,913 - INFO - [2022] MISSING_CENTRAL: ZFake1E2Mu/Central/jets/1/pz in Skim_TriLep_DYJets10to50.root
2026-04-16 17:38:22,913 - INFO - [2022] MISSING_CENTRAL: ZFake1E2Mu/Central/jets/1/pz in Skim_TriLep_TTG_PTG10to100.root
2026-04-16 17:38:22,914 - INFO - [2022] MISSING_CENTRAL: ZFake1E2Mu/Central/jets/1/pz in Skim_TriLep_TTG_PTG100to200.root
2026-05-04 17:07:56,608 - INFO - [2022] MISSING_CENTRAL: ZFake1E2Mu/Central/jets/1/pz in Skim_TriLep_DYJets10to50.root
2026-05-04 17:07:56,609 - INFO - [2022] MISSING_CENTRAL: ZFake1E2Mu/Central/jets/1/pz in Skim_TriLep_TTG_PTG10to100.root
2026-05-04 17:07:56,610 - INFO - [2022] MISSING_CENTRAL: ZFake1E2Mu/Central/jets/1/pz in Skim_TriLep_TTG_PTG100to200.root
2026-05-28 15:44:44,570 - INFO - [2022] MISSING_CENTRAL: ZFake1E2Mu/Central/jets/1/pz in Skim_TriLep_DYJets10to50.root
2026-05-28 15:44:44,572 - INFO - [2022] MISSING_CENTRAL: ZFake1E2Mu/Central/jets/1/pz in Skim_TriLep_TTG_PTG10to100.root
2026-05-28 15:44:44,573 - INFO - [2022] MISSING_CENTRAL: ZFake1E2Mu/Central/jets/1/pz in Skim_TriLep_TTG_PTG100to200.root
2026-05-29 15:35:43,362 - INFO - [2022] MISSING_CENTRAL: ZFake1E2Mu/Central/jets/1/pz in Skim_TriLep_DYJets10to50.root
2026-05-29 15:35:43,363 - INFO - [2022] MISSING_CENTRAL: ZFake1E2Mu/Central/jets/1/pz in Skim_TriLep_TTG_PTG10to100.root
2026-05-29 15:35:43,364 - INFO - [2022] MISSING_CENTRAL: ZFake1E2Mu/Central/jets/1/pz in Skim_TriLep_TTG_PTG100to200.root
2026-05-29 18:26:59,098 - INFO - [2022] MISSING_CENTRAL: ZFake1E2Mu/Central/jets/1/pz in Skim_TriLep_DYJets10to50.root
2026-05-29 18:26:59,099 - INFO - [2022] MISSING_CENTRAL: ZFake1E2Mu/Central/jets/1/pz in Skim_TriLep_TTG_PTG10to100.root
2026-05-29 18:26:59,099 - INFO - [2022] MISSING_CENTRAL: ZFake1E2Mu/Central/jets/1/pz in Skim_TriLep_TTG_PTG100to200.root
2026-06-12 14:28:47,340 - INFO - [2022] MISSING_CENTRAL: ZFake1E2Mu/Central/jets/1/pz in Skim_TriLep_DYJets10to50.root
2026-06-12 14:28:47,341 - INFO - [2022] MISSING_CENTRAL: ZFake1E2Mu/Central/jets/1/pz in Skim_TriLep_TTG_PTG10to100.root
2026-06-12 14:28:47,341 - INFO - [2022] MISSING_CENTRAL: ZFake1E2Mu/Central/jets/1/pz in Skim_TriLep_TTG_PTG100to200.root
2026-06-18 00:23:13,253 - INFO - [2022] MISSING_CENTRAL: ZFake1E2Mu/Central/jets/1/pz in Skim_TriLep_DYJets10to50.root
2026-06-18 00:23:13,254 - INFO - [2022] MISSING_CENTRAL: ZFake1E2Mu/Central/jets/1/pz in Skim_TriLep_TTG_PTG10to100.root
2026-06-18 00:23:13,254 - INFO - [2022] MISSING_CENTRAL: ZFake1E2Mu/Central/jets/1/pz in Skim_TriLep_TTG_PTG100to200.root
2026-07-01 17:37:32,994 - INFO - [2022] MISSING_CENTRAL: ZFake1E2Mu/Central/jets/1/pz in Skim_TriLep_DYJets10to50.root
2026-07-01 17:37:32,996 - INFO - [2022] MISSING_CENTRAL: ZFake1E2Mu/Central/jets/1/pz in Skim_TriLep_TTG_PTG10to100.root
2026-07-01 17:37:33,000 - INFO - [2022] MISSING_CENTRAL: ZFake1E2Mu/Central/jets/1/pz in Skim_TriLep_TTG_PTG100to200.root
