2025-12-18 14:16:20,052 - INFO - [2016postVFP] MISSING_CENTRAL: TTZ2E1Mu/Central/electrons/1/pt in Skim_TriLep_DYJets.root
2025-12-18 14:16:20,053 - INFO - [2016postVFP] MISSING_CENTRAL: TTZ2E1Mu/Central/electrons/1/pt in Skim_TriLep_DYJets10to50.root
2025-12-18 14:31:51,831 - INFO - [2016postVFP] MISSING_CENTRAL: TTZ2E1Mu/Central/electrons/1/pt in Skim_TriLep_DYJets.root
2025-12-18 14:31:51,832 - INFO - [2016postVFP] MISSING_CENTRAL: TTZ2E1Mu/Central/electrons/1/pt in Skim_TriLep_DYJets10to50.root
2025-12-18 21:33:36,465 - INFO - [2016postVFP] MISSING_CENTRAL: TTZ2E1Mu/Central/electrons/1/pt in Skim_TriLep_DYJets.root
2025-12-18 21:33:36,466 - INFO - [2016postVFP] MISSING_CENTRAL: TTZ2E1Mu/Central/electrons/1/pt in Skim_TriLep_DYJets10to50.root
2025-12-18 23:42:20,256 - INFO - [2016postVFP] MISSING_CENTRAL: TTZ2E1Mu/Central/electrons/1/pt in Skim_TriLep_DYJets.root
2025-12-18 23:42:20,257 - INFO - [2016postVFP] MISSING_CENTRAL: TTZ2E1Mu/Central/electrons/1/pt in Skim_TriLep_DYJets10to50.root
2026-01-07 11:17:17,264 - INFO - [2016postVFP] MISSING_FILE: /home/choij/Sync/workspace/ChargedHiggsAnalysisV3/SKNanoOutput/PromptSelector/Run2E1Mu/2016postVFP/Skim_TriLep_MuonEG_F.root
2026-01-07 11:17:17,265 - INFO - [2016postVFP] MISSING_FILE: /home/choij/Sync/workspace/ChargedHiggsAnalysisV3/SKNanoOutput/PromptSelector/Run2E1Mu/2016postVFP/Skim_TriLep_MuonEG_G.root
2026-01-07 11:17:17,265 - INFO - [2016postVFP] MISSING_FILE: /home/choij/Sync/workspace/ChargedHiggsAnalysisV3/SKNanoOutput/PromptSelector/Run2E1Mu/2016postVFP/Skim_TriLep_MuonEG_H.root
2026-01-07 11:22:05,510 - INFO - [2016postVFP] MISSING_CENTRAL: TTZ2E1Mu/Central/electrons/1/pt in Skim_TriLep_DYJets.root
2026-01-07 11:22:05,518 - INFO - [2016postVFP] MISSING_CENTRAL: TTZ2E1Mu/Central/electrons/1/pt in Skim_TriLep_DYJets10to50.root
2026-01-07 11:42:01,062 - INFO - [2016postVFP] MISSING_CENTRAL: TTZ2E1Mu/Central/electrons/1/pt in Skim_TriLep_DYJets.root
2026-01-07 11:42:01,063 - INFO - [2016postVFP] MISSING_CENTRAL: TTZ2E1Mu/Central/electrons/1/pt in Skim_TriLep_DYJets10to50.root
2026-01-07 18:39:09,976 - INFO - [2016postVFP] MISSING_CENTRAL: TTZ2E1Mu/Central/electrons/1/pt in Skim_TriLep_DYJets.root
2026-01-07 18:39:09,977 - INFO - [2016postVFP] MISSING_CENTRAL: TTZ2E1Mu/Central/electrons/1/pt in Skim_TriLep_DYJets10to50.root
2026-01-09 12:12:33,664 - INFO - [2016postVFP] MISSING_CENTRAL: TTZ2E1Mu/Central/electrons/1/pt in Skim_TriLep_DYJets.root
2026-01-09 12:12:33,665 - INFO - [2016postVFP] MISSING_CENTRAL: TTZ2E1Mu/Central/electrons/1/pt in Skim_TriLep_DYJets10to50.root
2026-01-11 09:32:37,651 - INFO - [2016postVFP] MISSING_CENTRAL: TTZ2E1Mu/Central/electrons/1/pt in Skim_TriLep_DYJets.root
2026-01-11 09:32:37,651 - INFO - [2016postVFP] MISSING_CENTRAL: TTZ2E1Mu/Central/electrons/1/pt in Skim_TriLep_DYJets10to50.root
2026-01-12 13:41:11,902 - INFO - [2016postVFP] MISSING_CENTRAL: TTZ2E1Mu/Central/electrons/1/pt in Skim_TriLep_DYJets.root
2026-01-12 13:41:11,903 - INFO - [2016postVFP] MISSING_CENTRAL: TTZ2E1Mu/Central/electrons/1/pt in Skim_TriLep_DYJets10to50.root
2026-01-12 21:59:10,716 - INFO - [2016postVFP] MISSING_CENTRAL: TTZ2E1Mu/Central/electrons/1/pt in Skim_TriLep_DYJets.root
2026-01-12 21:59:10,717 - INFO - [2016postVFP] MISSING_CENTRAL: TTZ2E1Mu/Central/electrons/1/pt in Skim_TriLep_DYJets10to50.root
2026-01-12 23:04:27,301 - INFO - [2016postVFP] MISSING_CENTRAL: TTZ2E1Mu/Central/electrons/1/pt in Skim_TriLep_DYJets.root
2026-01-12 23:04:27,315 - INFO - [2016postVFP] MISSING_CENTRAL: TTZ2E1Mu/Central/electrons/1/pt in Skim_TriLep_DYJets10to50.root
2026-01-13 14:57:29,527 - INFO - [2016postVFP] MISSING_CENTRAL: TTZ2E1Mu/Central/electrons/1/pt in Skim_TriLep_DYJets.root
2026-01-13 14:57:29,529 - INFO - [2016postVFP] MISSING_CENTRAL: TTZ2E1Mu/Central/electrons/1/pt in Skim_TriLep_DYJets10to50.root
2026-01-16 18:56:33,854 - INFO - [2016postVFP] MISSING_CENTRAL: TTZ2E1Mu/Central/electrons/1/pt in Skim_TriLep_DYJets.root
2026-01-16 18:56:33,854 - INFO - [2016postVFP] MISSING_CENTRAL: TTZ2E1Mu/Central/electrons/1/pt in Skim_TriLep_DYJets10to50.root
2026-01-28 16:06:13,205 - INFO - [2016postVFP] MISSING_CENTRAL: TTZ2E1Mu/Central/electrons/1/pt in Skim_TriLep_DYJets.root
2026-01-28 16:06:13,206 - INFO - [2016postVFP] MISSING_CENTRAL: TTZ2E1Mu/Central/electrons/1/pt in Skim_TriLep_DYJets10to50.root
2026-01-28 17:17:19,818 - INFO - [2016postVFP] MISSING_CENTRAL: TTZ2E1Mu/Central/electrons/1/pt in Skim_TriLep_DYJets.root
2026-01-28 17:17:19,819 - INFO - [2016postVFP] MISSING_CENTRAL: TTZ2E1Mu/Central/electrons/1/pt in Skim_TriLep_DYJets10to50.root
2026-01-28 19:50:59,438 - INFO - [2016postVFP] MISSING_CENTRAL: TTZ2E1Mu/Central/electrons/1/pt in Skim_TriLep_DYJets.root
2026-01-28 19:50:59,439 - INFO - [2016postVFP] MISSING_CENTRAL: TTZ2E1Mu/Central/electrons/1/pt in Skim_TriLep_DYJets10to50.root
2026-01-29 07:08:28,061 - INFO - [2016postVFP] MISSING_CENTRAL: TTZ2E1Mu/Central/electrons/1/pt in Skim_TriLep_DYJets.root
2026-01-29 07:08:28,062 - INFO - [2016postVFP] MISSING_CENTRAL: TTZ2E1Mu/Central/electrons/1/pt in Skim_TriLep_DYJets10to50.root
2026-03-06 09:37:36,348 - INFO - [2016postVFP] MISSING_CENTRAL: TTZ2E1Mu/Central/electrons/1/pt in Skim_TriLep_DYJets.root
2026-03-06 09:37:36,349 - INFO - [2016postVFP] MISSING_CENTRAL: TTZ2E1Mu/Central/electrons/1/pt in Skim_TriLep_DYJets10to50.root
2026-03-06 19:43:26,749 - INFO - [2016postVFP] MISSING_CENTRAL: TTZ2E1Mu/Central/electrons/1/pt in Skim_TriLep_DYJets.root
2026-03-06 19:43:26,749 - INFO - [2016postVFP] MISSING_CENTRAL: TTZ2E1Mu/Central/electrons/1/pt in Skim_TriLep_DYJets10to50.root
2026-04-10 20:17:55,263 - INFO - [2016postVFP] MISSING_CENTRAL: TTZ2E1Mu/Central/electrons/1/pt in Skim_TriLep_DYJets.root
2026-04-10 20:17:55,264 - INFO - [2016postVFP] MISSING_CENTRAL: TTZ2E1Mu/Central/electrons/1/pt in Skim_TriLep_DYJets10to50.root
2026-04-12 11:32:53,277 - INFO - [2016postVFP] MISSING_CENTRAL: TTZ2E1Mu/Central/electrons/1/pt in Skim_TriLep_DYJets.root
2026-04-12 11:32:53,278 - INFO - [2016postVFP] MISSING_CENTRAL: TTZ2E1Mu/Central/electrons/1/pt in Skim_TriLep_DYJets10to50.root
2026-04-12 12:15:09,365 - INFO - [2016postVFP] MISSING_CENTRAL: TTZ2E1Mu/Central/electrons/1/pt in Skim_TriLep_DYJets.root
2026-04-12 12:15:09,366 - INFO - [2016postVFP] MISSING_CENTRAL: TTZ2E1Mu/Central/electrons/1/pt in Skim_TriLep_DYJets10to50.root
2026-04-12 12:34:47,869 - INFO - [2016postVFP] MISSING_CENTRAL: TTZ2E1Mu/Central/electrons/1/pt in Skim_TriLep_DYJets.root
2026-04-12 12:34:47,870 - INFO - [2016postVFP] MISSING_CENTRAL: TTZ2E1Mu/Central/electrons/1/pt in Skim_TriLep_DYJets10to50.root
2026-04-12 20:42:49,232 - INFO - [2016postVFP] MISSING_CENTRAL: TTZ2E1Mu/Central/electrons/1/pt in Skim_TriLep_DYJets.root
2026-04-12 20:42:49,233 - INFO - [2016postVFP] MISSING_CENTRAL: TTZ2E1Mu/Central/electrons/1/pt in Skim_TriLep_DYJets10to50.root
2026-04-12 21:14:27,971 - INFO - [2016postVFP] MISSING_CENTRAL: TTZ2E1Mu/Central/electrons/1/pt in Skim_TriLep_DYJets.root
2026-04-12 21:14:27,972 - INFO - [2016postVFP] MISSING_CENTRAL: TTZ2E1Mu/Central/electrons/1/pt in Skim_TriLep_DYJets10to50.root
2026-04-13 12:51:57,913 - INFO - [2016postVFP] MISSING_CENTRAL: TTZ2E1Mu/Central/electrons/1/pt in Skim_TriLep_DYJets.root
2026-04-13 12:51:57,914 - INFO - [2016postVFP] MISSING_CENTRAL: TTZ2E1Mu/Central/electrons/1/pt in Skim_TriLep_DYJets10to50.root
2026-04-16 17:34:27,323 - INFO - [2016postVFP] MISSING_CENTRAL: TTZ2E1Mu/Central/electrons/1/pt in Skim_TriLep_DYJets.root
2026-04-16 17:34:27,325 - INFO - [2016postVFP] MISSING_CENTRAL: TTZ2E1Mu/Central/electrons/1/pt in Skim_TriLep_DYJets10to50.root
2026-04-28 15:15:03,892 - INFO - [2016postVFP] MISSING_CENTRAL: TTZ2E1Mu/Central/electrons/1/pt in Skim_TriLep_DYJets.root
2026-04-28 15:15:03,893 - INFO - [2016postVFP] MISSING_CENTRAL: TTZ2E1Mu/Central/electrons/1/pt in Skim_TriLep_DYJets10to50.root
2026-05-04 17:04:12,014 - INFO - [2016postVFP] MISSING_CENTRAL: TTZ2E1Mu/Central/electrons/1/pt in Skim_TriLep_DYJets.root
2026-05-04 17:04:12,015 - INFO - [2016postVFP] MISSING_CENTRAL: TTZ2E1Mu/Central/electrons/1/pt in Skim_TriLep_DYJets10to50.root
2026-05-28 15:41:08,159 - INFO - [2016postVFP] MISSING_CENTRAL: TTZ2E1Mu/Central/electrons/1/pt in Skim_TriLep_DYJets.root
2026-05-28 15:41:08,176 - INFO - [2016postVFP] MISSING_CENTRAL: TTZ2E1Mu/Central/electrons/1/pt in Skim_TriLep_DYJets10to50.root
2026-05-29 15:32:00,017 - INFO - [2016postVFP] MISSING_CENTRAL: TTZ2E1Mu/Central/electrons/1/pt in Skim_TriLep_DYJets.root
2026-05-29 15:32:00,018 - INFO - [2016postVFP] MISSING_CENTRAL: TTZ2E1Mu/Central/electrons/1/pt in Skim_TriLep_DYJets10to50.root
2026-05-29 18:23:07,337 - INFO - [2016postVFP] MISSING_CENTRAL: TTZ2E1Mu/Central/electrons/1/pt in Skim_TriLep_DYJets.root
2026-05-29 18:23:07,338 - INFO - [2016postVFP] MISSING_CENTRAL: TTZ2E1Mu/Central/electrons/1/pt in Skim_TriLep_DYJets10to50.root
2026-06-12 14:02:34,748 - INFO - [2016postVFP] MISSING_CENTRAL: TTZ2E1Mu/Central/electrons/1/pt in Skim_TriLep_DYJets.root
2026-06-12 14:02:34,748 - INFO - [2016postVFP] MISSING_CENTRAL: TTZ2E1Mu/Central/electrons/1/pt in Skim_TriLep_DYJets10to50.root
2026-06-12 14:23:38,393 - INFO - [2016postVFP] MISSING_CENTRAL: TTZ2E1Mu/Central/electrons/1/pt in Skim_TriLep_DYJets.root
2026-06-12 14:23:38,394 - INFO - [2016postVFP] MISSING_CENTRAL: TTZ2E1Mu/Central/electrons/1/pt in Skim_TriLep_DYJets10to50.root
