2025-12-18 14:16:19,829 - INFO - [2016postVFP] MISSING_CENTRAL: TTZ2E1Mu/Central/electrons/1/energy in Skim_TriLep_DYJets.root
2025-12-18 14:16:19,830 - INFO - [2016postVFP] MISSING_CENTRAL: TTZ2E1Mu/Central/electrons/1/energy in Skim_TriLep_DYJets10to50.root
2025-12-18 14:31:50,719 - INFO - [2016postVFP] MISSING_CENTRAL: TTZ2E1Mu/Central/electrons/1/energy in Skim_TriLep_DYJets.root
2025-12-18 14:31:50,720 - INFO - [2016postVFP] MISSING_CENTRAL: TTZ2E1Mu/Central/electrons/1/energy in Skim_TriLep_DYJets10to50.root
2025-12-18 21:33:36,343 - INFO - [2016postVFP] MISSING_CENTRAL: TTZ2E1Mu/Central/electrons/1/energy in Skim_TriLep_DYJets.root
2025-12-18 21:33:36,344 - INFO - [2016postVFP] MISSING_CENTRAL: TTZ2E1Mu/Central/electrons/1/energy in Skim_TriLep_DYJets10to50.root
2025-12-18 23:42:20,270 - INFO - [2016postVFP] MISSING_CENTRAL: TTZ2E1Mu/Central/electrons/1/energy in Skim_TriLep_DYJets.root
2025-12-18 23:42:20,271 - INFO - [2016postVFP] MISSING_CENTRAL: TTZ2E1Mu/Central/electrons/1/energy in Skim_TriLep_DYJets10to50.root
2026-01-07 11:17:17,265 - INFO - [2016postVFP] MISSING_FILE: /home/choij/Sync/workspace/ChargedHiggsAnalysisV3/SKNanoOutput/PromptSelector/Run2E1Mu/2016postVFP/Skim_TriLep_MuonEG_F.root
2026-01-07 11:17:17,265 - INFO - [2016postVFP] MISSING_FILE: /home/choij/Sync/workspace/ChargedHiggsAnalysisV3/SKNanoOutput/PromptSelector/Run2E1Mu/2016postVFP/Skim_TriLep_MuonEG_G.root
2026-01-07 11:17:17,265 - INFO - [2016postVFP] MISSING_FILE: /home/choij/Sync/workspace/ChargedHiggsAnalysisV3/SKNanoOutput/PromptSelector/Run2E1Mu/2016postVFP/Skim_TriLep_MuonEG_H.root
2026-01-07 11:22:05,511 - INFO - [2016postVFP] MISSING_CENTRAL: TTZ2E1Mu/Central/electrons/1/energy in Skim_TriLep_DYJets.root
2026-01-07 11:22:05,519 - INFO - [2016postVFP] MISSING_CENTRAL: TTZ2E1Mu/Central/electrons/1/energy in Skim_TriLep_DYJets10to50.root
2026-01-07 11:42:00,955 - INFO - [2016postVFP] MISSING_CENTRAL: TTZ2E1Mu/Central/electrons/1/energy in Skim_TriLep_DYJets.root
2026-01-07 11:42:00,956 - INFO - [2016postVFP] MISSING_CENTRAL: TTZ2E1Mu/Central/electrons/1/energy in Skim_TriLep_DYJets10to50.root
2026-01-07 18:39:09,839 - INFO - [2016postVFP] MISSING_CENTRAL: TTZ2E1Mu/Central/electrons/1/energy in Skim_TriLep_DYJets.root
2026-01-07 18:39:09,840 - INFO - [2016postVFP] MISSING_CENTRAL: TTZ2E1Mu/Central/electrons/1/energy in Skim_TriLep_DYJets10to50.root
2026-01-09 12:12:33,681 - INFO - [2016postVFP] MISSING_CENTRAL: TTZ2E1Mu/Central/electrons/1/energy in Skim_TriLep_DYJets.root
2026-01-09 12:12:33,681 - INFO - [2016postVFP] MISSING_CENTRAL: TTZ2E1Mu/Central/electrons/1/energy in Skim_TriLep_DYJets10to50.root
2026-01-11 09:32:37,639 - INFO - [2016postVFP] MISSING_CENTRAL: TTZ2E1Mu/Central/electrons/1/energy in Skim_TriLep_DYJets.root
2026-01-11 09:32:37,639 - INFO - [2016postVFP] MISSING_CENTRAL: TTZ2E1Mu/Central/electrons/1/energy in Skim_TriLep_DYJets10to50.root
2026-01-12 13:41:11,922 - INFO - [2016postVFP] MISSING_CENTRAL: TTZ2E1Mu/Central/electrons/1/energy in Skim_TriLep_DYJets.root
2026-01-12 13:41:11,922 - INFO - [2016postVFP] MISSING_CENTRAL: TTZ2E1Mu/Central/electrons/1/energy in Skim_TriLep_DYJets10to50.root
2026-01-12 21:59:10,755 - INFO - [2016postVFP] MISSING_CENTRAL: TTZ2E1Mu/Central/electrons/1/energy in Skim_TriLep_DYJets.root
2026-01-12 21:59:10,756 - INFO - [2016postVFP] MISSING_CENTRAL: TTZ2E1Mu/Central/electrons/1/energy in Skim_TriLep_DYJets10to50.root
2026-01-12 23:04:27,568 - INFO - [2016postVFP] MISSING_CENTRAL: TTZ2E1Mu/Central/electrons/1/energy in Skim_TriLep_DYJets.root
2026-01-12 23:04:27,570 - INFO - [2016postVFP] MISSING_CENTRAL: TTZ2E1Mu/Central/electrons/1/energy in Skim_TriLep_DYJets10to50.root
2026-01-13 14:57:29,730 - INFO - [2016postVFP] MISSING_CENTRAL: TTZ2E1Mu/Central/electrons/1/energy in Skim_TriLep_DYJets.root
2026-01-13 14:57:29,732 - INFO - [2016postVFP] MISSING_CENTRAL: TTZ2E1Mu/Central/electrons/1/energy in Skim_TriLep_DYJets10to50.root
2026-01-16 18:56:33,936 - INFO - [2016postVFP] MISSING_CENTRAL: TTZ2E1Mu/Central/electrons/1/energy in Skim_TriLep_DYJets.root
2026-01-16 18:56:33,937 - INFO - [2016postVFP] MISSING_CENTRAL: TTZ2E1Mu/Central/electrons/1/energy in Skim_TriLep_DYJets10to50.root
2026-01-28 16:06:13,222 - INFO - [2016postVFP] MISSING_CENTRAL: TTZ2E1Mu/Central/electrons/1/energy in Skim_TriLep_DYJets.root
2026-01-28 16:06:13,223 - INFO - [2016postVFP] MISSING_CENTRAL: TTZ2E1Mu/Central/electrons/1/energy in Skim_TriLep_DYJets10to50.root
2026-01-28 17:17:19,729 - INFO - [2016postVFP] MISSING_CENTRAL: TTZ2E1Mu/Central/electrons/1/energy in Skim_TriLep_DYJets.root
2026-01-28 17:17:19,730 - INFO - [2016postVFP] MISSING_CENTRAL: TTZ2E1Mu/Central/electrons/1/energy in Skim_TriLep_DYJets10to50.root
2026-01-28 19:50:59,528 - INFO - [2016postVFP] MISSING_CENTRAL: TTZ2E1Mu/Central/electrons/1/energy in Skim_TriLep_DYJets.root
2026-01-28 19:50:59,529 - INFO - [2016postVFP] MISSING_CENTRAL: TTZ2E1Mu/Central/electrons/1/energy in Skim_TriLep_DYJets10to50.root
2026-01-29 07:08:28,071 - INFO - [2016postVFP] MISSING_CENTRAL: TTZ2E1Mu/Central/electrons/1/energy in Skim_TriLep_DYJets.root
2026-01-29 07:08:28,072 - INFO - [2016postVFP] MISSING_CENTRAL: TTZ2E1Mu/Central/electrons/1/energy in Skim_TriLep_DYJets10to50.root
2026-03-06 09:37:36,379 - INFO - [2016postVFP] MISSING_CENTRAL: TTZ2E1Mu/Central/electrons/1/energy in Skim_TriLep_DYJets.root
2026-03-06 09:37:36,380 - INFO - [2016postVFP] MISSING_CENTRAL: TTZ2E1Mu/Central/electrons/1/energy in Skim_TriLep_DYJets10to50.root
2026-03-06 19:43:26,784 - INFO - [2016postVFP] MISSING_CENTRAL: TTZ2E1Mu/Central/electrons/1/energy in Skim_TriLep_DYJets.root
2026-03-06 19:43:26,785 - INFO - [2016postVFP] MISSING_CENTRAL: TTZ2E1Mu/Central/electrons/1/energy in Skim_TriLep_DYJets10to50.root
2026-04-10 20:17:55,157 - INFO - [2016postVFP] MISSING_CENTRAL: TTZ2E1Mu/Central/electrons/1/energy in Skim_TriLep_DYJets.root
2026-04-10 20:17:55,158 - INFO - [2016postVFP] MISSING_CENTRAL: TTZ2E1Mu/Central/electrons/1/energy in Skim_TriLep_DYJets10to50.root
2026-04-12 11:32:53,249 - INFO - [2016postVFP] MISSING_CENTRAL: TTZ2E1Mu/Central/electrons/1/energy in Skim_TriLep_DYJets.root
2026-04-12 11:32:53,250 - INFO - [2016postVFP] MISSING_CENTRAL: TTZ2E1Mu/Central/electrons/1/energy in Skim_TriLep_DYJets10to50.root
2026-04-12 12:15:09,297 - INFO - [2016postVFP] MISSING_CENTRAL: TTZ2E1Mu/Central/electrons/1/energy in Skim_TriLep_DYJets.root
2026-04-12 12:15:09,298 - INFO - [2016postVFP] MISSING_CENTRAL: TTZ2E1Mu/Central/electrons/1/energy in Skim_TriLep_DYJets10to50.root
2026-04-12 12:34:47,860 - INFO - [2016postVFP] MISSING_CENTRAL: TTZ2E1Mu/Central/electrons/1/energy in Skim_TriLep_DYJets.root
2026-04-12 12:34:47,861 - INFO - [2016postVFP] MISSING_CENTRAL: TTZ2E1Mu/Central/electrons/1/energy in Skim_TriLep_DYJets10to50.root
2026-04-12 20:42:49,274 - INFO - [2016postVFP] MISSING_CENTRAL: TTZ2E1Mu/Central/electrons/1/energy in Skim_TriLep_DYJets.root
2026-04-12 20:42:49,275 - INFO - [2016postVFP] MISSING_CENTRAL: TTZ2E1Mu/Central/electrons/1/energy in Skim_TriLep_DYJets10to50.root
2026-04-12 21:14:28,447 - INFO - [2016postVFP] MISSING_CENTRAL: TTZ2E1Mu/Central/electrons/1/energy in Skim_TriLep_DYJets.root
2026-04-12 21:14:28,447 - INFO - [2016postVFP] MISSING_CENTRAL: TTZ2E1Mu/Central/electrons/1/energy in Skim_TriLep_DYJets10to50.root
2026-04-13 12:51:58,005 - INFO - [2016postVFP] MISSING_CENTRAL: TTZ2E1Mu/Central/electrons/1/energy in Skim_TriLep_DYJets.root
2026-04-13 12:51:58,005 - INFO - [2016postVFP] MISSING_CENTRAL: TTZ2E1Mu/Central/electrons/1/energy in Skim_TriLep_DYJets10to50.root
2026-04-16 17:34:27,437 - INFO - [2016postVFP] MISSING_CENTRAL: TTZ2E1Mu/Central/electrons/1/energy in Skim_TriLep_DYJets.root
2026-04-16 17:34:27,438 - INFO - [2016postVFP] MISSING_CENTRAL: TTZ2E1Mu/Central/electrons/1/energy in Skim_TriLep_DYJets10to50.root
2026-04-28 15:15:03,931 - INFO - [2016postVFP] MISSING_CENTRAL: TTZ2E1Mu/Central/electrons/1/energy in Skim_TriLep_DYJets.root
2026-04-28 15:15:03,932 - INFO - [2016postVFP] MISSING_CENTRAL: TTZ2E1Mu/Central/electrons/1/energy in Skim_TriLep_DYJets10to50.root
2026-05-04 17:04:11,945 - INFO - [2016postVFP] MISSING_CENTRAL: TTZ2E1Mu/Central/electrons/1/energy in Skim_TriLep_DYJets.root
2026-05-04 17:04:11,948 - INFO - [2016postVFP] MISSING_CENTRAL: TTZ2E1Mu/Central/electrons/1/energy in Skim_TriLep_DYJets10to50.root
