2026-06-29 16:41:52,770 - INFO - [2016postVFP] MISSING_CENTRAL: WZ3Mu/Central/jets/2/mass in Skim_TriLep_DYJets.root
2026-06-29 16:41:52,771 - INFO - [2016postVFP] MISSING_CENTRAL: WZ3Mu/Central/jets/2/mass in Skim_TriLep_DYJets10to50.root
2026-06-29 16:41:52,771 - INFO - [2016postVFP] MISSING_CENTRAL: WZ3Mu/Central/jets/2/mass in Skim_TriLep_TTG.root
2026-06-29 16:41:58,444 - INFO - [2016postVFP] MISSING_CENTRAL: WZ3Mu/Central/jets/2/mass in Skim_TriLep_DYJets.root
2026-06-29 16:41:58,445 - INFO - [2016postVFP] MISSING_CENTRAL: WZ3Mu/Central/jets/2/mass in Skim_TriLep_DYJets10to50.root
2026-06-29 16:41:58,446 - INFO - [2016postVFP] MISSING_CENTRAL: WZ3Mu/Central/jets/2/mass in Skim_TriLep_TTG.root
2026-06-29 16:41:58,458 - INFO - [2016postVFP] MISSING_FILE: /data9/Users/choij/Sync/workspace/ChargedHiggsAnalysisV3/SKNanoOutput/PromptAnalyzer/Run3Mu_RunNoWZSF_RunSyst_RunCR_NoTreeMode/2016postVFP/Skim_TriLep_WZTo3LNu_amcatnlo.root
2026-07-01 05:30:54,876 - INFO - [2016postVFP] MISSING_CENTRAL: WZ3Mu/Central/jets/2/mass in Skim_TriLep_DYJets.root
2026-07-01 05:30:54,877 - INFO - [2016postVFP] MISSING_CENTRAL: WZ3Mu/Central/jets/2/mass in Skim_TriLep_DYJets10to50.root
2026-07-01 05:30:54,878 - INFO - [2016postVFP] MISSING_CENTRAL: WZ3Mu/Central/jets/2/mass in Skim_TriLep_TTG.root
2026-07-01 05:57:44,828 - INFO - [2016postVFP] MISSING_FILE: /data9/Users/choij/Sync/workspace/ChargedHiggsAnalysisV3/SKNanoOutput/PromptAnalyzer/Run3Mu_RunCR_NoTreeMode/2016postVFP/Skim_TriLep_DoubleMuon_F.root
2026-07-01 05:57:44,828 - INFO - [2016postVFP] MISSING_FILE: /data9/Users/choij/Sync/workspace/ChargedHiggsAnalysisV3/SKNanoOutput/PromptAnalyzer/Run3Mu_RunCR_NoTreeMode/2016postVFP/Skim_TriLep_DoubleMuon_G.root
2026-07-01 05:57:44,828 - INFO - [2016postVFP] MISSING_FILE: /data9/Users/choij/Sync/workspace/ChargedHiggsAnalysisV3/SKNanoOutput/PromptAnalyzer/Run3Mu_RunCR_NoTreeMode/2016postVFP/Skim_TriLep_DoubleMuon_H.root
2026-07-01 15:24:01,051 - INFO - [2016postVFP] MISSING_CENTRAL: WZ3Mu/Central/jets/2/mass in Skim_TriLep_DYJets.root
2026-07-01 15:24:01,053 - INFO - [2016postVFP] MISSING_CENTRAL: WZ3Mu/Central/jets/2/mass in Skim_TriLep_DYJets10to50.root
2026-07-01 15:24:01,054 - INFO - [2016postVFP] MISSING_CENTRAL: WZ3Mu/Central/jets/2/mass in Skim_TriLep_TTG.root
2026-07-22 10:24:28,578 - INFO - [2016postVFP] MISSING_CENTRAL: WZ3Mu/Central/jets/2/mass in Skim_TriLep_DYJets.root
2026-07-22 10:24:28,579 - INFO - [2016postVFP] MISSING_CENTRAL: WZ3Mu/Central/jets/2/mass in Skim_TriLep_DYJets10to50.root
2026-07-22 10:24:28,579 - INFO - [2016postVFP] MISSING_CENTRAL: WZ3Mu/Central/jets/2/mass in Skim_TriLep_TTG.root
2026-08-19 12:37:23,808 - INFO - [2016postVFP] MISSING_CENTRAL: WZ3Mu/Central/jets/2/mass in Skim_TriLep_DYJets.root
2026-08-19 12:37:23,809 - INFO - [2016postVFP] MISSING_CENTRAL: WZ3Mu/Central/jets/2/mass in Skim_TriLep_DYJets10to50.root
2026-08-19 12:37:23,809 - INFO - [2016postVFP] MISSING_CENTRAL: WZ3Mu/Central/jets/2/mass in Skim_TriLep_TTG.root
