2026-06-29 16:41:52,281 - INFO - [2016postVFP] MISSING_SYSTEMATIC: WZ3Mu/JetEn_Down/nZCand/eta in Skim_TriLep_DYJets.root
2026-06-29 16:41:52,300 - INFO - [2016postVFP] MISSING_CENTRAL: WZ3Mu/Central/nZCand/eta in Skim_TriLep_DYJets10to50.root
2026-06-29 16:41:52,301 - INFO - [2016postVFP] MISSING_CENTRAL: WZ3Mu/Central/nZCand/eta in Skim_TriLep_TTG.root
2026-06-29 16:41:58,439 - INFO - [2016postVFP] MISSING_CENTRAL: WZ3Mu/Central/nZCand/eta in Skim_TriLep_DYJets10to50.root
2026-06-29 16:41:58,440 - INFO - [2016postVFP] MISSING_CENTRAL: WZ3Mu/Central/nZCand/eta in Skim_TriLep_TTG.root
2026-06-29 16:41:58,444 - INFO - [2016postVFP] MISSING_FILE: /data9/Users/choij/Sync/workspace/ChargedHiggsAnalysisV3/SKNanoOutput/PromptAnalyzer/Run3Mu_RunNoWZSF_RunSyst_RunCR_NoTreeMode/2016postVFP/Skim_TriLep_WZTo3LNu_amcatnlo.root
2026-07-01 05:30:54,746 - INFO - [2016postVFP] MISSING_SYSTEMATIC: WZ3Mu/JetEn_Down/nZCand/eta in Skim_TriLep_DYJets.root
2026-07-01 05:30:54,758 - INFO - [2016postVFP] MISSING_CENTRAL: WZ3Mu/Central/nZCand/eta in Skim_TriLep_DYJets10to50.root
2026-07-01 05:30:54,759 - INFO - [2016postVFP] MISSING_CENTRAL: WZ3Mu/Central/nZCand/eta in Skim_TriLep_TTG.root
2026-07-01 05:57:44,779 - INFO - [2016postVFP] MISSING_FILE: /data9/Users/choij/Sync/workspace/ChargedHiggsAnalysisV3/SKNanoOutput/PromptAnalyzer/Run3Mu_RunCR_NoTreeMode/2016postVFP/Skim_TriLep_DoubleMuon_F.root
2026-07-01 05:57:44,779 - INFO - [2016postVFP] MISSING_FILE: /data9/Users/choij/Sync/workspace/ChargedHiggsAnalysisV3/SKNanoOutput/PromptAnalyzer/Run3Mu_RunCR_NoTreeMode/2016postVFP/Skim_TriLep_DoubleMuon_G.root
2026-07-01 05:57:44,779 - INFO - [2016postVFP] MISSING_FILE: /data9/Users/choij/Sync/workspace/ChargedHiggsAnalysisV3/SKNanoOutput/PromptAnalyzer/Run3Mu_RunCR_NoTreeMode/2016postVFP/Skim_TriLep_DoubleMuon_H.root
2026-07-01 15:24:01,296 - INFO - [2016postVFP] MISSING_SYSTEMATIC: WZ3Mu/JetEn_Down/nZCand/eta in Skim_TriLep_DYJets.root
2026-07-01 15:24:01,314 - INFO - [2016postVFP] MISSING_CENTRAL: WZ3Mu/Central/nZCand/eta in Skim_TriLep_DYJets10to50.root
2026-07-01 15:24:01,316 - INFO - [2016postVFP] MISSING_CENTRAL: WZ3Mu/Central/nZCand/eta in Skim_TriLep_TTG.root
2026-07-22 10:24:33,777 - INFO - [2016postVFP] MISSING_SYSTEMATIC: WZ3Mu/JetEn_Down/nZCand/eta in Skim_TriLep_DYJets.root
2026-07-22 10:24:33,784 - INFO - [2016postVFP] MISSING_CENTRAL: WZ3Mu/Central/nZCand/eta in Skim_TriLep_DYJets10to50.root
2026-07-22 10:24:33,784 - INFO - [2016postVFP] MISSING_CENTRAL: WZ3Mu/Central/nZCand/eta in Skim_TriLep_TTG.root
2026-08-19 12:37:26,622 - INFO - [2016postVFP] MISSING_SYSTEMATIC: WZ3Mu/JetEn_Down/nZCand/eta in Skim_TriLep_DYJets.root
2026-08-19 12:37:26,629 - INFO - [2016postVFP] MISSING_CENTRAL: WZ3Mu/Central/nZCand/eta in Skim_TriLep_DYJets10to50.root
2026-08-19 12:37:26,629 - INFO - [2016postVFP] MISSING_CENTRAL: WZ3Mu/Central/nZCand/eta in Skim_TriLep_TTG.root
