2026-06-29 16:43:42,746 - INFO - [2016preVFP] MISSING_SYSTEMATIC: WZ3Mu/UnclusteredEn_Up/jets/size in Skim_TriLep_DYJets.root
2026-06-29 16:43:42,761 - INFO - [2016preVFP] MISSING_CENTRAL: WZ3Mu/Central/jets/size in Skim_TriLep_DYJets10to50.root
2026-06-29 16:43:42,762 - INFO - [2016preVFP] MISSING_CENTRAL: WZ3Mu/Central/jets/size in Skim_TriLep_TTG.root
2026-06-29 16:43:42,921 - INFO - [2016postVFP] MISSING_SYSTEMATIC: WZ3Mu/JetEn_Down/jets/size in Skim_TriLep_DYJets.root
2026-06-29 16:43:42,927 - INFO - [2016postVFP] MISSING_CENTRAL: WZ3Mu/Central/jets/size in Skim_TriLep_DYJets10to50.root
2026-06-29 16:43:42,928 - INFO - [2016postVFP] MISSING_CENTRAL: WZ3Mu/Central/jets/size in Skim_TriLep_TTG.root
2026-06-29 16:43:43,105 - INFO - [2017] MISSING_CENTRAL: WZ3Mu/Central/jets/size in Skim_TriLep_DYJets10to50.root
2026-06-29 16:43:43,293 - INFO - [2018] MISSING_CENTRAL: WZ3Mu/Central/jets/size in Skim_TriLep_DYJets10to50.root
2026-06-29 16:43:48,435 - INFO - [2016preVFP] MISSING_CENTRAL: WZ3Mu/Central/jets/size in Skim_TriLep_DYJets10to50.root
2026-06-29 16:43:48,436 - INFO - [2016preVFP] MISSING_CENTRAL: WZ3Mu/Central/jets/size in Skim_TriLep_TTG.root
2026-06-29 16:43:48,442 - INFO - [2016preVFP] MISSING_FILE: /data9/Users/choij/Sync/workspace/ChargedHiggsAnalysisV3/SKNanoOutput/PromptAnalyzer/Run3Mu_RunNoWZSF_RunSyst_RunCR_NoTreeMode/2016preVFP/Skim_TriLep_WZTo3LNu_amcatnlo.root
2026-06-29 16:43:48,462 - INFO - [2016postVFP] MISSING_CENTRAL: WZ3Mu/Central/jets/size in Skim_TriLep_DYJets10to50.root
2026-06-29 16:43:48,463 - INFO - [2016postVFP] MISSING_CENTRAL: WZ3Mu/Central/jets/size in Skim_TriLep_TTG.root
2026-06-29 16:43:48,469 - INFO - [2016postVFP] MISSING_FILE: /data9/Users/choij/Sync/workspace/ChargedHiggsAnalysisV3/SKNanoOutput/PromptAnalyzer/Run3Mu_RunNoWZSF_RunSyst_RunCR_NoTreeMode/2016postVFP/Skim_TriLep_WZTo3LNu_amcatnlo.root
2026-06-29 16:43:48,491 - INFO - [2017] MISSING_CENTRAL: WZ3Mu/Central/jets/size in Skim_TriLep_DYJets10to50.root
2026-06-29 16:43:48,498 - INFO - [2017] MISSING_FILE: /data9/Users/choij/Sync/workspace/ChargedHiggsAnalysisV3/SKNanoOutput/PromptAnalyzer/Run3Mu_RunNoWZSF_RunSyst_RunCR_NoTreeMode/2017/Skim_TriLep_WZTo3LNu_amcatnlo.root
2026-06-29 16:43:48,519 - INFO - [2018] MISSING_CENTRAL: WZ3Mu/Central/jets/size in Skim_TriLep_DYJets10to50.root
2026-06-29 16:43:48,526 - INFO - [2018] MISSING_FILE: /data9/Users/choij/Sync/workspace/ChargedHiggsAnalysisV3/SKNanoOutput/PromptAnalyzer/Run3Mu_RunNoWZSF_RunSyst_RunCR_NoTreeMode/2018/Skim_TriLep_WZTo3LNu_amcatnlo.root
2026-07-01 05:32:10,435 - INFO - [2016preVFP] MISSING_SYSTEMATIC: WZ3Mu/UnclusteredEn_Up/jets/size in Skim_TriLep_DYJets.root
2026-07-01 05:32:10,449 - INFO - [2016preVFP] MISSING_CENTRAL: WZ3Mu/Central/jets/size in Skim_TriLep_DYJets10to50.root
2026-07-01 05:32:10,450 - INFO - [2016preVFP] MISSING_CENTRAL: WZ3Mu/Central/jets/size in Skim_TriLep_TTG.root
2026-07-01 05:32:10,602 - INFO - [2016postVFP] MISSING_SYSTEMATIC: WZ3Mu/JetEn_Down/jets/size in Skim_TriLep_DYJets.root
2026-07-01 05:32:10,607 - INFO - [2016postVFP] MISSING_CENTRAL: WZ3Mu/Central/jets/size in Skim_TriLep_DYJets10to50.root
2026-07-01 05:32:10,608 - INFO - [2016postVFP] MISSING_CENTRAL: WZ3Mu/Central/jets/size in Skim_TriLep_TTG.root
2026-07-01 05:32:10,777 - INFO - [2017] MISSING_CENTRAL: WZ3Mu/Central/jets/size in Skim_TriLep_DYJets10to50.root
2026-07-01 05:32:10,956 - INFO - [2018] MISSING_CENTRAL: WZ3Mu/Central/jets/size in Skim_TriLep_DYJets10to50.root
2026-07-01 05:58:32,587 - INFO - [2016preVFP] MISSING_FILE: /data9/Users/choij/Sync/workspace/ChargedHiggsAnalysisV3/SKNanoOutput/PromptAnalyzer/Run3Mu_RunCR_NoTreeMode/2016preVFP/Skim_TriLep_DoubleMuon_B.root
2026-07-01 05:58:32,588 - INFO - [2016preVFP] MISSING_FILE: /data9/Users/choij/Sync/workspace/ChargedHiggsAnalysisV3/SKNanoOutput/PromptAnalyzer/Run3Mu_RunCR_NoTreeMode/2016preVFP/Skim_TriLep_DoubleMuon_C.root
2026-07-01 05:58:32,588 - INFO - [2016preVFP] MISSING_FILE: /data9/Users/choij/Sync/workspace/ChargedHiggsAnalysisV3/SKNanoOutput/PromptAnalyzer/Run3Mu_RunCR_NoTreeMode/2016preVFP/Skim_TriLep_DoubleMuon_D.root
2026-07-01 05:58:32,588 - INFO - [2016preVFP] MISSING_FILE: /data9/Users/choij/Sync/workspace/ChargedHiggsAnalysisV3/SKNanoOutput/PromptAnalyzer/Run3Mu_RunCR_NoTreeMode/2016preVFP/Skim_TriLep_DoubleMuon_E.root
2026-07-01 05:58:32,588 - INFO - [2016preVFP] MISSING_FILE: /data9/Users/choij/Sync/workspace/ChargedHiggsAnalysisV3/SKNanoOutput/PromptAnalyzer/Run3Mu_RunCR_NoTreeMode/2016preVFP/Skim_TriLep_DoubleMuon_F.root
2026-07-01 05:58:32,588 - INFO - [2016postVFP] MISSING_FILE: /data9/Users/choij/Sync/workspace/ChargedHiggsAnalysisV3/SKNanoOutput/PromptAnalyzer/Run3Mu_RunCR_NoTreeMode/2016postVFP/Skim_TriLep_DoubleMuon_F.root
2026-07-01 05:58:32,588 - INFO - [2016postVFP] MISSING_FILE: /data9/Users/choij/Sync/workspace/ChargedHiggsAnalysisV3/SKNanoOutput/PromptAnalyzer/Run3Mu_RunCR_NoTreeMode/2016postVFP/Skim_TriLep_DoubleMuon_G.root
2026-07-01 05:58:32,588 - INFO - [2016postVFP] MISSING_FILE: /data9/Users/choij/Sync/workspace/ChargedHiggsAnalysisV3/SKNanoOutput/PromptAnalyzer/Run3Mu_RunCR_NoTreeMode/2016postVFP/Skim_TriLep_DoubleMuon_H.root
2026-07-01 05:58:32,588 - INFO - [2017] MISSING_FILE: /data9/Users/choij/Sync/workspace/ChargedHiggsAnalysisV3/SKNanoOutput/PromptAnalyzer/Run3Mu_RunCR_NoTreeMode/2017/Skim_TriLep_DoubleMuon_B.root
2026-07-01 05:58:32,588 - INFO - [2017] MISSING_FILE: /data9/Users/choij/Sync/workspace/ChargedHiggsAnalysisV3/SKNanoOutput/PromptAnalyzer/Run3Mu_RunCR_NoTreeMode/2017/Skim_TriLep_DoubleMuon_C.root
2026-07-01 05:58:32,588 - INFO - [2017] MISSING_FILE: /data9/Users/choij/Sync/workspace/ChargedHiggsAnalysisV3/SKNanoOutput/PromptAnalyzer/Run3Mu_RunCR_NoTreeMode/2017/Skim_TriLep_DoubleMuon_D.root
2026-07-01 05:58:32,588 - INFO - [2017] MISSING_FILE: /data9/Users/choij/Sync/workspace/ChargedHiggsAnalysisV3/SKNanoOutput/PromptAnalyzer/Run3Mu_RunCR_NoTreeMode/2017/Skim_TriLep_DoubleMuon_E.root
2026-07-01 05:58:32,588 - INFO - [2017] MISSING_FILE: /data9/Users/choij/Sync/workspace/ChargedHiggsAnalysisV3/SKNanoOutput/PromptAnalyzer/Run3Mu_RunCR_NoTreeMode/2017/Skim_TriLep_DoubleMuon_F.root
2026-07-01 05:58:32,588 - INFO - [2018] MISSING_FILE: /data9/Users/choij/Sync/workspace/ChargedHiggsAnalysisV3/SKNanoOutput/PromptAnalyzer/Run3Mu_RunCR_NoTreeMode/2018/Skim_TriLep_DoubleMuon_A.root
2026-07-01 05:58:32,588 - INFO - [2018] MISSING_FILE: /data9/Users/choij/Sync/workspace/ChargedHiggsAnalysisV3/SKNanoOutput/PromptAnalyzer/Run3Mu_RunCR_NoTreeMode/2018/Skim_TriLep_DoubleMuon_B.root
2026-07-01 05:58:32,588 - INFO - [2018] MISSING_FILE: /data9/Users/choij/Sync/workspace/ChargedHiggsAnalysisV3/SKNanoOutput/PromptAnalyzer/Run3Mu_RunCR_NoTreeMode/2018/Skim_TriLep_DoubleMuon_C.root
2026-07-01 05:58:32,588 - INFO - [2018] MISSING_FILE: /data9/Users/choij/Sync/workspace/ChargedHiggsAnalysisV3/SKNanoOutput/PromptAnalyzer/Run3Mu_RunCR_NoTreeMode/2018/Skim_TriLep_DoubleMuon_D.root
2026-07-01 15:25:14,206 - INFO - [2016preVFP] MISSING_SYSTEMATIC: WZ3Mu/UnclusteredEn_Up/jets/size in Skim_TriLep_DYJets.root
2026-07-01 15:25:14,216 - INFO - [2016preVFP] MISSING_CENTRAL: WZ3Mu/Central/jets/size in Skim_TriLep_DYJets10to50.root
2026-07-01 15:25:14,217 - INFO - [2016preVFP] MISSING_CENTRAL: WZ3Mu/Central/jets/size in Skim_TriLep_TTG.root
2026-07-01 15:25:14,317 - INFO - [2016postVFP] MISSING_SYSTEMATIC: WZ3Mu/JetEn_Down/jets/size in Skim_TriLep_DYJets.root
2026-07-01 15:25:14,320 - INFO - [2016postVFP] MISSING_CENTRAL: WZ3Mu/Central/jets/size in Skim_TriLep_DYJets10to50.root
2026-07-01 15:25:14,321 - INFO - [2016postVFP] MISSING_CENTRAL: WZ3Mu/Central/jets/size in Skim_TriLep_TTG.root
2026-07-01 15:25:14,433 - INFO - [2017] MISSING_CENTRAL: WZ3Mu/Central/jets/size in Skim_TriLep_DYJets10to50.root
2026-07-01 15:25:14,554 - INFO - [2018] MISSING_CENTRAL: WZ3Mu/Central/jets/size in Skim_TriLep_DYJets10to50.root
2026-07-22 10:25:19,304 - INFO - [2016preVFP] MISSING_SYSTEMATIC: WZ3Mu/UnclusteredEn_Up/jets/size in Skim_TriLep_DYJets.root
2026-07-22 10:25:19,310 - INFO - [2016preVFP] MISSING_CENTRAL: WZ3Mu/Central/jets/size in Skim_TriLep_DYJets10to50.root
2026-07-22 10:25:19,311 - INFO - [2016preVFP] MISSING_CENTRAL: WZ3Mu/Central/jets/size in Skim_TriLep_TTG.root
2026-07-22 10:25:19,633 - INFO - [2016postVFP] MISSING_SYSTEMATIC: WZ3Mu/JetEn_Down/jets/size in Skim_TriLep_DYJets.root
2026-07-22 10:25:19,643 - INFO - [2016postVFP] MISSING_CENTRAL: WZ3Mu/Central/jets/size in Skim_TriLep_DYJets10to50.root
2026-07-22 10:25:19,644 - INFO - [2016postVFP] MISSING_CENTRAL: WZ3Mu/Central/jets/size in Skim_TriLep_TTG.root
2026-07-22 10:25:19,993 - INFO - [2017] MISSING_CENTRAL: WZ3Mu/Central/jets/size in Skim_TriLep_DYJets10to50.root
2026-07-22 10:25:20,363 - INFO - [2018] MISSING_CENTRAL: WZ3Mu/Central/jets/size in Skim_TriLep_DYJets10to50.root
2026-08-19 12:38:02,352 - INFO - [2016preVFP] MISSING_SYSTEMATIC: WZ3Mu/UnclusteredEn_Up/jets/size in Skim_TriLep_DYJets.root
2026-08-19 12:38:02,362 - INFO - [2016preVFP] MISSING_CENTRAL: WZ3Mu/Central/jets/size in Skim_TriLep_DYJets10to50.root
2026-08-19 12:38:02,365 - INFO - [2016preVFP] MISSING_CENTRAL: WZ3Mu/Central/jets/size in Skim_TriLep_TTG.root
2026-08-19 12:38:02,702 - INFO - [2016postVFP] MISSING_SYSTEMATIC: WZ3Mu/JetEn_Down/jets/size in Skim_TriLep_DYJets.root
2026-08-19 12:38:02,721 - INFO - [2016postVFP] MISSING_CENTRAL: WZ3Mu/Central/jets/size in Skim_TriLep_DYJets10to50.root
2026-08-19 12:38:02,724 - INFO - [2016postVFP] MISSING_CENTRAL: WZ3Mu/Central/jets/size in Skim_TriLep_TTG.root
2026-08-19 12:38:03,128 - INFO - [2017] MISSING_CENTRAL: WZ3Mu/Central/jets/size in Skim_TriLep_DYJets10to50.root
2026-08-19 12:38:04,273 - INFO - [2018] MISSING_CENTRAL: WZ3Mu/Central/jets/size in Skim_TriLep_DYJets10to50.root
