2026-06-29 16:43:41,929 - INFO - [2016preVFP] MISSING_CENTRAL: WZ3Mu/Central/jets/4/eta in Skim_TriLep_DoubleMuon_C.root
2026-06-29 16:43:41,932 - INFO - [2016preVFP] MISSING_CENTRAL: WZ3Mu/Central/jets/4/eta in Skim_TriLep_DYJets.root
2026-06-29 16:43:41,932 - INFO - [2016preVFP] MISSING_CENTRAL: WZ3Mu/Central/jets/4/eta in Skim_TriLep_DYJets10to50.root
2026-06-29 16:43:41,933 - INFO - [2016preVFP] MISSING_CENTRAL: WZ3Mu/Central/jets/4/eta in Skim_TriLep_TTG.root
2026-06-29 16:43:42,085 - INFO - [2016postVFP] MISSING_CENTRAL: WZ3Mu/Central/jets/4/eta in Skim_TriLep_DYJets.root
2026-06-29 16:43:42,087 - INFO - [2016postVFP] MISSING_CENTRAL: WZ3Mu/Central/jets/4/eta in Skim_TriLep_DYJets10to50.root
2026-06-29 16:43:42,088 - INFO - [2016postVFP] MISSING_CENTRAL: WZ3Mu/Central/jets/4/eta in Skim_TriLep_TTG.root
2026-06-29 16:43:42,089 - INFO - [2016postVFP] MISSING_CENTRAL: WZ3Mu/Central/jets/4/eta in Skim_TriLep_WWG.root
2026-06-29 16:43:42,294 - INFO - [2017] MISSING_CENTRAL: WZ3Mu/Central/jets/4/eta in Skim_TriLep_DYJets.root
2026-06-29 16:43:42,296 - INFO - [2017] MISSING_CENTRAL: WZ3Mu/Central/jets/4/eta in Skim_TriLep_DYJets10to50.root
2026-06-29 16:43:42,300 - INFO - [2017] MISSING_SYSTEMATIC: WZ3Mu/JetEn_Down/jets/4/eta in Skim_TriLep_TTG.root
2026-06-29 16:43:42,308 - INFO - [2017] MISSING_CENTRAL: WZ3Mu/Central/jets/4/eta in Skim_TriLep_WWG.root
2026-06-29 16:43:42,534 - INFO - [2018] MISSING_CENTRAL: WZ3Mu/Central/jets/4/eta in Skim_TriLep_DYJets.root
2026-06-29 16:43:42,536 - INFO - [2018] MISSING_CENTRAL: WZ3Mu/Central/jets/4/eta in Skim_TriLep_DYJets10to50.root
2026-06-29 16:43:42,549 - INFO - [2018] MISSING_CENTRAL: WZ3Mu/Central/jets/4/eta in Skim_TriLep_WWG.root
2026-06-29 16:43:48,084 - INFO - [2016preVFP] MISSING_CENTRAL: WZ3Mu/Central/jets/4/eta in Skim_TriLep_DoubleMuon_C.root
2026-06-29 16:43:48,088 - INFO - [2016preVFP] MISSING_CENTRAL: WZ3Mu/Central/jets/4/eta in Skim_TriLep_DYJets.root
2026-06-29 16:43:48,089 - INFO - [2016preVFP] MISSING_CENTRAL: WZ3Mu/Central/jets/4/eta in Skim_TriLep_DYJets10to50.root
2026-06-29 16:43:48,090 - INFO - [2016preVFP] MISSING_CENTRAL: WZ3Mu/Central/jets/4/eta in Skim_TriLep_TTG.root
2026-06-29 16:43:48,110 - INFO - [2016preVFP] MISSING_FILE: /data9/Users/choij/Sync/workspace/ChargedHiggsAnalysisV3/SKNanoOutput/PromptAnalyzer/Run3Mu_RunNoWZSF_RunSyst_RunCR_NoTreeMode/2016preVFP/Skim_TriLep_WZTo3LNu_amcatnlo.root
2026-06-29 16:43:48,132 - INFO - [2016postVFP] MISSING_CENTRAL: WZ3Mu/Central/jets/4/eta in Skim_TriLep_DYJets.root
2026-06-29 16:43:48,133 - INFO - [2016postVFP] MISSING_CENTRAL: WZ3Mu/Central/jets/4/eta in Skim_TriLep_DYJets10to50.root
2026-06-29 16:43:48,134 - INFO - [2016postVFP] MISSING_CENTRAL: WZ3Mu/Central/jets/4/eta in Skim_TriLep_TTG.root
2026-06-29 16:43:48,135 - INFO - [2016postVFP] MISSING_CENTRAL: WZ3Mu/Central/jets/4/eta in Skim_TriLep_WWG.root
2026-06-29 16:43:48,140 - INFO - [2016postVFP] MISSING_FILE: /data9/Users/choij/Sync/workspace/ChargedHiggsAnalysisV3/SKNanoOutput/PromptAnalyzer/Run3Mu_RunNoWZSF_RunSyst_RunCR_NoTreeMode/2016postVFP/Skim_TriLep_WZTo3LNu_amcatnlo.root
2026-06-29 16:43:48,164 - INFO - [2017] MISSING_CENTRAL: WZ3Mu/Central/jets/4/eta in Skim_TriLep_DYJets.root
2026-06-29 16:43:48,165 - INFO - [2017] MISSING_CENTRAL: WZ3Mu/Central/jets/4/eta in Skim_TriLep_DYJets10to50.root
2026-06-29 16:43:48,168 - INFO - [2017] MISSING_CENTRAL: WZ3Mu/Central/jets/4/eta in Skim_TriLep_WWG.root
2026-06-29 16:43:48,173 - INFO - [2017] MISSING_FILE: /data9/Users/choij/Sync/workspace/ChargedHiggsAnalysisV3/SKNanoOutput/PromptAnalyzer/Run3Mu_RunNoWZSF_RunSyst_RunCR_NoTreeMode/2017/Skim_TriLep_WZTo3LNu_amcatnlo.root
2026-06-29 16:43:48,195 - INFO - [2018] MISSING_CENTRAL: WZ3Mu/Central/jets/4/eta in Skim_TriLep_DYJets.root
2026-06-29 16:43:48,196 - INFO - [2018] MISSING_CENTRAL: WZ3Mu/Central/jets/4/eta in Skim_TriLep_DYJets10to50.root
2026-06-29 16:43:48,198 - INFO - [2018] MISSING_CENTRAL: WZ3Mu/Central/jets/4/eta in Skim_TriLep_WWG.root
2026-06-29 16:43:48,203 - INFO - [2018] MISSING_FILE: /data9/Users/choij/Sync/workspace/ChargedHiggsAnalysisV3/SKNanoOutput/PromptAnalyzer/Run3Mu_RunNoWZSF_RunSyst_RunCR_NoTreeMode/2018/Skim_TriLep_WZTo3LNu_amcatnlo.root
2026-07-01 05:32:10,560 - INFO - [2016preVFP] MISSING_CENTRAL: WZ3Mu/Central/jets/4/eta in Skim_TriLep_DoubleMuon_C.root
2026-07-01 05:32:10,564 - INFO - [2016preVFP] MISSING_CENTRAL: WZ3Mu/Central/jets/4/eta in Skim_TriLep_DYJets.root
2026-07-01 05:32:10,565 - INFO - [2016preVFP] MISSING_CENTRAL: WZ3Mu/Central/jets/4/eta in Skim_TriLep_DYJets10to50.root
2026-07-01 05:32:10,566 - INFO - [2016preVFP] MISSING_CENTRAL: WZ3Mu/Central/jets/4/eta in Skim_TriLep_TTG.root
2026-07-01 05:32:10,791 - INFO - [2016postVFP] MISSING_CENTRAL: WZ3Mu/Central/jets/4/eta in Skim_TriLep_DYJets.root
2026-07-01 05:32:10,792 - INFO - [2016postVFP] MISSING_CENTRAL: WZ3Mu/Central/jets/4/eta in Skim_TriLep_DYJets10to50.root
2026-07-01 05:32:10,793 - INFO - [2016postVFP] MISSING_CENTRAL: WZ3Mu/Central/jets/4/eta in Skim_TriLep_TTG.root
2026-07-01 05:32:10,795 - INFO - [2016postVFP] MISSING_CENTRAL: WZ3Mu/Central/jets/4/eta in Skim_TriLep_WWG.root
2026-07-01 05:32:11,007 - INFO - [2017] MISSING_CENTRAL: WZ3Mu/Central/jets/4/eta in Skim_TriLep_DYJets.root
2026-07-01 05:32:11,009 - INFO - [2017] MISSING_CENTRAL: WZ3Mu/Central/jets/4/eta in Skim_TriLep_DYJets10to50.root
2026-07-01 05:32:11,013 - INFO - [2017] MISSING_SYSTEMATIC: WZ3Mu/JetEn_Down/jets/4/eta in Skim_TriLep_TTG.root
2026-07-01 05:32:11,020 - INFO - [2017] MISSING_CENTRAL: WZ3Mu/Central/jets/4/eta in Skim_TriLep_WWG.root
2026-07-01 05:32:11,241 - INFO - [2018] MISSING_CENTRAL: WZ3Mu/Central/jets/4/eta in Skim_TriLep_DYJets.root
2026-07-01 05:32:11,242 - INFO - [2018] MISSING_CENTRAL: WZ3Mu/Central/jets/4/eta in Skim_TriLep_DYJets10to50.root
2026-07-01 05:32:11,255 - INFO - [2018] MISSING_CENTRAL: WZ3Mu/Central/jets/4/eta in Skim_TriLep_WWG.root
2026-07-01 05:58:32,514 - INFO - [2016preVFP] MISSING_FILE: /data9/Users/choij/Sync/workspace/ChargedHiggsAnalysisV3/SKNanoOutput/PromptAnalyzer/Run3Mu_RunCR_NoTreeMode/2016preVFP/Skim_TriLep_DoubleMuon_B.root
2026-07-01 05:58:32,514 - INFO - [2016preVFP] MISSING_FILE: /data9/Users/choij/Sync/workspace/ChargedHiggsAnalysisV3/SKNanoOutput/PromptAnalyzer/Run3Mu_RunCR_NoTreeMode/2016preVFP/Skim_TriLep_DoubleMuon_C.root
2026-07-01 05:58:32,514 - INFO - [2016preVFP] MISSING_FILE: /data9/Users/choij/Sync/workspace/ChargedHiggsAnalysisV3/SKNanoOutput/PromptAnalyzer/Run3Mu_RunCR_NoTreeMode/2016preVFP/Skim_TriLep_DoubleMuon_D.root
2026-07-01 05:58:32,514 - INFO - [2016preVFP] MISSING_FILE: /data9/Users/choij/Sync/workspace/ChargedHiggsAnalysisV3/SKNanoOutput/PromptAnalyzer/Run3Mu_RunCR_NoTreeMode/2016preVFP/Skim_TriLep_DoubleMuon_E.root
2026-07-01 05:58:32,514 - INFO - [2016preVFP] MISSING_FILE: /data9/Users/choij/Sync/workspace/ChargedHiggsAnalysisV3/SKNanoOutput/PromptAnalyzer/Run3Mu_RunCR_NoTreeMode/2016preVFP/Skim_TriLep_DoubleMuon_F.root
2026-07-01 05:58:32,514 - INFO - [2016postVFP] MISSING_FILE: /data9/Users/choij/Sync/workspace/ChargedHiggsAnalysisV3/SKNanoOutput/PromptAnalyzer/Run3Mu_RunCR_NoTreeMode/2016postVFP/Skim_TriLep_DoubleMuon_F.root
2026-07-01 05:58:32,514 - INFO - [2016postVFP] MISSING_FILE: /data9/Users/choij/Sync/workspace/ChargedHiggsAnalysisV3/SKNanoOutput/PromptAnalyzer/Run3Mu_RunCR_NoTreeMode/2016postVFP/Skim_TriLep_DoubleMuon_G.root
2026-07-01 05:58:32,514 - INFO - [2016postVFP] MISSING_FILE: /data9/Users/choij/Sync/workspace/ChargedHiggsAnalysisV3/SKNanoOutput/PromptAnalyzer/Run3Mu_RunCR_NoTreeMode/2016postVFP/Skim_TriLep_DoubleMuon_H.root
2026-07-01 05:58:32,514 - INFO - [2017] MISSING_FILE: /data9/Users/choij/Sync/workspace/ChargedHiggsAnalysisV3/SKNanoOutput/PromptAnalyzer/Run3Mu_RunCR_NoTreeMode/2017/Skim_TriLep_DoubleMuon_B.root
2026-07-01 05:58:32,514 - INFO - [2017] MISSING_FILE: /data9/Users/choij/Sync/workspace/ChargedHiggsAnalysisV3/SKNanoOutput/PromptAnalyzer/Run3Mu_RunCR_NoTreeMode/2017/Skim_TriLep_DoubleMuon_C.root
2026-07-01 05:58:32,514 - INFO - [2017] MISSING_FILE: /data9/Users/choij/Sync/workspace/ChargedHiggsAnalysisV3/SKNanoOutput/PromptAnalyzer/Run3Mu_RunCR_NoTreeMode/2017/Skim_TriLep_DoubleMuon_D.root
2026-07-01 05:58:32,514 - INFO - [2017] MISSING_FILE: /data9/Users/choij/Sync/workspace/ChargedHiggsAnalysisV3/SKNanoOutput/PromptAnalyzer/Run3Mu_RunCR_NoTreeMode/2017/Skim_TriLep_DoubleMuon_E.root
2026-07-01 05:58:32,514 - INFO - [2017] MISSING_FILE: /data9/Users/choij/Sync/workspace/ChargedHiggsAnalysisV3/SKNanoOutput/PromptAnalyzer/Run3Mu_RunCR_NoTreeMode/2017/Skim_TriLep_DoubleMuon_F.root
2026-07-01 05:58:32,514 - INFO - [2018] MISSING_FILE: /data9/Users/choij/Sync/workspace/ChargedHiggsAnalysisV3/SKNanoOutput/PromptAnalyzer/Run3Mu_RunCR_NoTreeMode/2018/Skim_TriLep_DoubleMuon_A.root
2026-07-01 05:58:32,514 - INFO - [2018] MISSING_FILE: /data9/Users/choij/Sync/workspace/ChargedHiggsAnalysisV3/SKNanoOutput/PromptAnalyzer/Run3Mu_RunCR_NoTreeMode/2018/Skim_TriLep_DoubleMuon_B.root
2026-07-01 05:58:32,514 - INFO - [2018] MISSING_FILE: /data9/Users/choij/Sync/workspace/ChargedHiggsAnalysisV3/SKNanoOutput/PromptAnalyzer/Run3Mu_RunCR_NoTreeMode/2018/Skim_TriLep_DoubleMuon_C.root
2026-07-01 05:58:32,515 - INFO - [2018] MISSING_FILE: /data9/Users/choij/Sync/workspace/ChargedHiggsAnalysisV3/SKNanoOutput/PromptAnalyzer/Run3Mu_RunCR_NoTreeMode/2018/Skim_TriLep_DoubleMuon_D.root
2026-07-01 15:25:14,272 - INFO - [2016preVFP] MISSING_CENTRAL: WZ3Mu/Central/jets/4/eta in Skim_TriLep_DoubleMuon_C.root
2026-07-01 15:25:14,277 - INFO - [2016preVFP] MISSING_CENTRAL: WZ3Mu/Central/jets/4/eta in Skim_TriLep_DYJets.root
2026-07-01 15:25:14,278 - INFO - [2016preVFP] MISSING_CENTRAL: WZ3Mu/Central/jets/4/eta in Skim_TriLep_DYJets10to50.root
2026-07-01 15:25:14,279 - INFO - [2016preVFP] MISSING_CENTRAL: WZ3Mu/Central/jets/4/eta in Skim_TriLep_TTG.root
2026-07-01 15:25:14,516 - INFO - [2016postVFP] MISSING_CENTRAL: WZ3Mu/Central/jets/4/eta in Skim_TriLep_DYJets.root
2026-07-01 15:25:14,517 - INFO - [2016postVFP] MISSING_CENTRAL: WZ3Mu/Central/jets/4/eta in Skim_TriLep_DYJets10to50.root
2026-07-01 15:25:14,519 - INFO - [2016postVFP] MISSING_CENTRAL: WZ3Mu/Central/jets/4/eta in Skim_TriLep_TTG.root
2026-07-01 15:25:14,520 - INFO - [2016postVFP] MISSING_CENTRAL: WZ3Mu/Central/jets/4/eta in Skim_TriLep_WWG.root
2026-07-01 15:25:14,745 - INFO - [2017] MISSING_CENTRAL: WZ3Mu/Central/jets/4/eta in Skim_TriLep_DYJets.root
2026-07-01 15:25:14,747 - INFO - [2017] MISSING_CENTRAL: WZ3Mu/Central/jets/4/eta in Skim_TriLep_DYJets10to50.root
2026-07-01 15:25:14,752 - INFO - [2017] MISSING_SYSTEMATIC: WZ3Mu/JetEn_Down/jets/4/eta in Skim_TriLep_TTG.root
2026-07-01 15:25:14,760 - INFO - [2017] MISSING_CENTRAL: WZ3Mu/Central/jets/4/eta in Skim_TriLep_WWG.root
2026-07-01 15:25:14,987 - INFO - [2018] MISSING_CENTRAL: WZ3Mu/Central/jets/4/eta in Skim_TriLep_DYJets.root
2026-07-01 15:25:14,989 - INFO - [2018] MISSING_CENTRAL: WZ3Mu/Central/jets/4/eta in Skim_TriLep_DYJets10to50.root
2026-07-01 15:25:15,002 - INFO - [2018] MISSING_CENTRAL: WZ3Mu/Central/jets/4/eta in Skim_TriLep_WWG.root
