2026-06-29 16:43:41,945 - INFO - [2016preVFP] MISSING_SYSTEMATIC: WZ3Mu/UnclusteredEn_Up/ZCand/pt in Skim_TriLep_DYJets.root
2026-06-29 16:43:41,975 - INFO - [2016preVFP] MISSING_CENTRAL: WZ3Mu/Central/ZCand/pt in Skim_TriLep_DYJets10to50.root
2026-06-29 16:43:41,976 - INFO - [2016preVFP] MISSING_CENTRAL: WZ3Mu/Central/ZCand/pt in Skim_TriLep_TTG.root
2026-06-29 16:43:42,580 - INFO - [2016postVFP] MISSING_SYSTEMATIC: WZ3Mu/JetEn_Down/ZCand/pt in Skim_TriLep_DYJets.root
2026-06-29 16:43:42,593 - INFO - [2016postVFP] MISSING_CENTRAL: WZ3Mu/Central/ZCand/pt in Skim_TriLep_DYJets10to50.root
2026-06-29 16:43:42,594 - INFO - [2016postVFP] MISSING_CENTRAL: WZ3Mu/Central/ZCand/pt in Skim_TriLep_TTG.root
2026-06-29 16:43:42,988 - INFO - [2017] MISSING_CENTRAL: WZ3Mu/Central/ZCand/pt in Skim_TriLep_DYJets10to50.root
2026-06-29 16:43:43,406 - INFO - [2018] MISSING_CENTRAL: WZ3Mu/Central/ZCand/pt in Skim_TriLep_DYJets10to50.root
2026-06-29 16:43:48,392 - INFO - [2016preVFP] MISSING_CENTRAL: WZ3Mu/Central/ZCand/pt in Skim_TriLep_DYJets10to50.root
2026-06-29 16:43:48,393 - INFO - [2016preVFP] MISSING_CENTRAL: WZ3Mu/Central/ZCand/pt in Skim_TriLep_TTG.root
2026-06-29 16:43:48,400 - INFO - [2016preVFP] MISSING_FILE: /data9/Users/choij/Sync/workspace/ChargedHiggsAnalysisV3/SKNanoOutput/PromptAnalyzer/Run3Mu_RunNoWZSF_RunSyst_RunCR_NoTreeMode/2016preVFP/Skim_TriLep_WZTo3LNu_amcatnlo.root
2026-06-29 16:43:48,422 - INFO - [2016postVFP] MISSING_CENTRAL: WZ3Mu/Central/ZCand/pt in Skim_TriLep_DYJets10to50.root
2026-06-29 16:43:48,423 - INFO - [2016postVFP] MISSING_CENTRAL: WZ3Mu/Central/ZCand/pt in Skim_TriLep_TTG.root
2026-06-29 16:43:48,430 - INFO - [2016postVFP] MISSING_FILE: /data9/Users/choij/Sync/workspace/ChargedHiggsAnalysisV3/SKNanoOutput/PromptAnalyzer/Run3Mu_RunNoWZSF_RunSyst_RunCR_NoTreeMode/2016postVFP/Skim_TriLep_WZTo3LNu_amcatnlo.root
2026-06-29 16:43:48,454 - INFO - [2017] MISSING_CENTRAL: WZ3Mu/Central/ZCand/pt in Skim_TriLep_DYJets10to50.root
2026-06-29 16:43:48,463 - INFO - [2017] MISSING_FILE: /data9/Users/choij/Sync/workspace/ChargedHiggsAnalysisV3/SKNanoOutput/PromptAnalyzer/Run3Mu_RunNoWZSF_RunSyst_RunCR_NoTreeMode/2017/Skim_TriLep_WZTo3LNu_amcatnlo.root
2026-06-29 16:43:48,487 - INFO - [2018] MISSING_CENTRAL: WZ3Mu/Central/ZCand/pt in Skim_TriLep_DYJets10to50.root
2026-06-29 16:43:48,495 - INFO - [2018] MISSING_FILE: /data9/Users/choij/Sync/workspace/ChargedHiggsAnalysisV3/SKNanoOutput/PromptAnalyzer/Run3Mu_RunNoWZSF_RunSyst_RunCR_NoTreeMode/2018/Skim_TriLep_WZTo3LNu_amcatnlo.root
2026-07-01 05:32:10,503 - INFO - [2016preVFP] MISSING_SYSTEMATIC: WZ3Mu/UnclusteredEn_Up/ZCand/pt in Skim_TriLep_DYJets.root
2026-07-01 05:32:10,534 - INFO - [2016preVFP] MISSING_CENTRAL: WZ3Mu/Central/ZCand/pt in Skim_TriLep_DYJets10to50.root
2026-07-01 05:32:10,535 - INFO - [2016preVFP] MISSING_CENTRAL: WZ3Mu/Central/ZCand/pt in Skim_TriLep_TTG.root
2026-07-01 05:32:11,158 - INFO - [2016postVFP] MISSING_SYSTEMATIC: WZ3Mu/JetEn_Down/ZCand/pt in Skim_TriLep_DYJets.root
2026-07-01 05:32:11,182 - INFO - [2016postVFP] MISSING_CENTRAL: WZ3Mu/Central/ZCand/pt in Skim_TriLep_DYJets10to50.root
2026-07-01 05:32:11,183 - INFO - [2016postVFP] MISSING_CENTRAL: WZ3Mu/Central/ZCand/pt in Skim_TriLep_TTG.root
2026-07-01 05:32:11,647 - INFO - [2017] MISSING_CENTRAL: WZ3Mu/Central/ZCand/pt in Skim_TriLep_DYJets10to50.root
2026-07-01 05:32:12,671 - INFO - [2018] MISSING_CENTRAL: WZ3Mu/Central/ZCand/pt in Skim_TriLep_DYJets10to50.root
2026-07-01 05:58:32,233 - INFO - [2016preVFP] MISSING_FILE: /data9/Users/choij/Sync/workspace/ChargedHiggsAnalysisV3/SKNanoOutput/PromptAnalyzer/Run3Mu_RunCR_NoTreeMode/2016preVFP/Skim_TriLep_DoubleMuon_B.root
2026-07-01 05:58:32,233 - INFO - [2016preVFP] MISSING_FILE: /data9/Users/choij/Sync/workspace/ChargedHiggsAnalysisV3/SKNanoOutput/PromptAnalyzer/Run3Mu_RunCR_NoTreeMode/2016preVFP/Skim_TriLep_DoubleMuon_C.root
2026-07-01 05:58:32,242 - INFO - [2016preVFP] MISSING_FILE: /data9/Users/choij/Sync/workspace/ChargedHiggsAnalysisV3/SKNanoOutput/PromptAnalyzer/Run3Mu_RunCR_NoTreeMode/2016preVFP/Skim_TriLep_DoubleMuon_D.root
2026-07-01 05:58:32,243 - INFO - [2016preVFP] MISSING_FILE: /data9/Users/choij/Sync/workspace/ChargedHiggsAnalysisV3/SKNanoOutput/PromptAnalyzer/Run3Mu_RunCR_NoTreeMode/2016preVFP/Skim_TriLep_DoubleMuon_E.root
2026-07-01 05:58:32,243 - INFO - [2016preVFP] MISSING_FILE: /data9/Users/choij/Sync/workspace/ChargedHiggsAnalysisV3/SKNanoOutput/PromptAnalyzer/Run3Mu_RunCR_NoTreeMode/2016preVFP/Skim_TriLep_DoubleMuon_F.root
2026-07-01 05:58:32,243 - INFO - [2016postVFP] MISSING_FILE: /data9/Users/choij/Sync/workspace/ChargedHiggsAnalysisV3/SKNanoOutput/PromptAnalyzer/Run3Mu_RunCR_NoTreeMode/2016postVFP/Skim_TriLep_DoubleMuon_F.root
2026-07-01 05:58:32,244 - INFO - [2016postVFP] MISSING_FILE: /data9/Users/choij/Sync/workspace/ChargedHiggsAnalysisV3/SKNanoOutput/PromptAnalyzer/Run3Mu_RunCR_NoTreeMode/2016postVFP/Skim_TriLep_DoubleMuon_G.root
2026-07-01 05:58:32,244 - INFO - [2016postVFP] MISSING_FILE: /data9/Users/choij/Sync/workspace/ChargedHiggsAnalysisV3/SKNanoOutput/PromptAnalyzer/Run3Mu_RunCR_NoTreeMode/2016postVFP/Skim_TriLep_DoubleMuon_H.root
2026-07-01 05:58:32,244 - INFO - [2017] MISSING_FILE: /data9/Users/choij/Sync/workspace/ChargedHiggsAnalysisV3/SKNanoOutput/PromptAnalyzer/Run3Mu_RunCR_NoTreeMode/2017/Skim_TriLep_DoubleMuon_B.root
2026-07-01 05:58:32,245 - INFO - [2017] MISSING_FILE: /data9/Users/choij/Sync/workspace/ChargedHiggsAnalysisV3/SKNanoOutput/PromptAnalyzer/Run3Mu_RunCR_NoTreeMode/2017/Skim_TriLep_DoubleMuon_C.root
2026-07-01 05:58:32,245 - INFO - [2017] MISSING_FILE: /data9/Users/choij/Sync/workspace/ChargedHiggsAnalysisV3/SKNanoOutput/PromptAnalyzer/Run3Mu_RunCR_NoTreeMode/2017/Skim_TriLep_DoubleMuon_D.root
2026-07-01 05:58:32,245 - INFO - [2017] MISSING_FILE: /data9/Users/choij/Sync/workspace/ChargedHiggsAnalysisV3/SKNanoOutput/PromptAnalyzer/Run3Mu_RunCR_NoTreeMode/2017/Skim_TriLep_DoubleMuon_E.root
2026-07-01 05:58:32,245 - INFO - [2017] MISSING_FILE: /data9/Users/choij/Sync/workspace/ChargedHiggsAnalysisV3/SKNanoOutput/PromptAnalyzer/Run3Mu_RunCR_NoTreeMode/2017/Skim_TriLep_DoubleMuon_F.root
2026-07-01 05:58:32,246 - INFO - [2018] MISSING_FILE: /data9/Users/choij/Sync/workspace/ChargedHiggsAnalysisV3/SKNanoOutput/PromptAnalyzer/Run3Mu_RunCR_NoTreeMode/2018/Skim_TriLep_DoubleMuon_A.root
2026-07-01 05:58:32,246 - INFO - [2018] MISSING_FILE: /data9/Users/choij/Sync/workspace/ChargedHiggsAnalysisV3/SKNanoOutput/PromptAnalyzer/Run3Mu_RunCR_NoTreeMode/2018/Skim_TriLep_DoubleMuon_B.root
2026-07-01 05:58:32,246 - INFO - [2018] MISSING_FILE: /data9/Users/choij/Sync/workspace/ChargedHiggsAnalysisV3/SKNanoOutput/PromptAnalyzer/Run3Mu_RunCR_NoTreeMode/2018/Skim_TriLep_DoubleMuon_C.root
2026-07-01 05:58:32,246 - INFO - [2018] MISSING_FILE: /data9/Users/choij/Sync/workspace/ChargedHiggsAnalysisV3/SKNanoOutput/PromptAnalyzer/Run3Mu_RunCR_NoTreeMode/2018/Skim_TriLep_DoubleMuon_D.root
2026-07-01 15:25:14,453 - INFO - [2016preVFP] MISSING_SYSTEMATIC: WZ3Mu/UnclusteredEn_Up/ZCand/pt in Skim_TriLep_DYJets.root
2026-07-01 15:25:14,472 - INFO - [2016preVFP] MISSING_CENTRAL: WZ3Mu/Central/ZCand/pt in Skim_TriLep_DYJets10to50.root
2026-07-01 15:25:14,472 - INFO - [2016preVFP] MISSING_CENTRAL: WZ3Mu/Central/ZCand/pt in Skim_TriLep_TTG.root
2026-07-01 15:25:14,880 - INFO - [2016postVFP] MISSING_SYSTEMATIC: WZ3Mu/JetEn_Down/ZCand/pt in Skim_TriLep_DYJets.root
2026-07-01 15:25:14,904 - INFO - [2016postVFP] MISSING_CENTRAL: WZ3Mu/Central/ZCand/pt in Skim_TriLep_DYJets10to50.root
2026-07-01 15:25:14,905 - INFO - [2016postVFP] MISSING_CENTRAL: WZ3Mu/Central/ZCand/pt in Skim_TriLep_TTG.root
2026-07-01 15:25:15,588 - INFO - [2017] MISSING_CENTRAL: WZ3Mu/Central/ZCand/pt in Skim_TriLep_DYJets10to50.root
2026-07-01 15:25:16,185 - INFO - [2018] MISSING_CENTRAL: WZ3Mu/Central/ZCand/pt in Skim_TriLep_DYJets10to50.root
2026-07-22 10:25:23,643 - INFO - [2016preVFP] MISSING_SYSTEMATIC: WZ3Mu/UnclusteredEn_Up/ZCand/pt in Skim_TriLep_DYJets.root
2026-07-22 10:25:23,648 - INFO - [2016preVFP] MISSING_CENTRAL: WZ3Mu/Central/ZCand/pt in Skim_TriLep_DYJets10to50.root
2026-07-22 10:25:23,649 - INFO - [2016preVFP] MISSING_CENTRAL: WZ3Mu/Central/ZCand/pt in Skim_TriLep_TTG.root
2026-07-22 10:25:24,058 - INFO - [2016postVFP] MISSING_SYSTEMATIC: WZ3Mu/JetEn_Down/ZCand/pt in Skim_TriLep_DYJets.root
2026-07-22 10:25:24,071 - INFO - [2016postVFP] MISSING_CENTRAL: WZ3Mu/Central/ZCand/pt in Skim_TriLep_DYJets10to50.root
2026-07-22 10:25:24,071 - INFO - [2016postVFP] MISSING_CENTRAL: WZ3Mu/Central/ZCand/pt in Skim_TriLep_TTG.root
2026-07-22 10:25:24,515 - INFO - [2017] MISSING_CENTRAL: WZ3Mu/Central/ZCand/pt in Skim_TriLep_DYJets10to50.root
2026-07-22 10:25:24,989 - INFO - [2018] MISSING_CENTRAL: WZ3Mu/Central/ZCand/pt in Skim_TriLep_DYJets10to50.root
