2025-11-05 22:20:02,565 - INFO - [2016preVFP] MISSING_CENTRAL: ZFake3Mu/Central/dR_pair_ss1_os in Skim_TriLep_DYJets.root
2025-11-05 22:20:02,565 - INFO - [2016preVFP] MISSING_CENTRAL: ZFake3Mu/Central/dR_pair_ss1_os in Skim_TriLep_DYJets10to50.root
2025-11-05 22:20:02,666 - INFO - [2016postVFP] MISSING_CENTRAL: ZFake3Mu/Central/dR_pair_ss1_os in Skim_TriLep_DYJets.root
2025-11-05 22:20:02,666 - INFO - [2016postVFP] MISSING_CENTRAL: ZFake3Mu/Central/dR_pair_ss1_os in Skim_TriLep_DYJets10to50.root
2025-11-05 22:20:02,784 - INFO - [2017] MISSING_CENTRAL: ZFake3Mu/Central/dR_pair_ss1_os in Skim_TriLep_DYJets10to50.root
2025-11-05 22:20:02,932 - INFO - [2018] MISSING_CENTRAL: ZFake3Mu/Central/dR_pair_ss1_os in Skim_TriLep_DYJets10to50.root
2025-11-05 23:24:36,853 - INFO - [2016preVFP] MISSING_CENTRAL: ZFake3Mu/Central/dR_pair_ss1_os in Skim_TriLep_DYJets.root
2025-11-05 23:24:36,853 - INFO - [2016preVFP] MISSING_CENTRAL: ZFake3Mu/Central/dR_pair_ss1_os in Skim_TriLep_DYJets10to50.root
2025-11-05 23:24:36,948 - INFO - [2016postVFP] MISSING_CENTRAL: ZFake3Mu/Central/dR_pair_ss1_os in Skim_TriLep_DYJets.root
2025-11-05 23:24:36,949 - INFO - [2016postVFP] MISSING_CENTRAL: ZFake3Mu/Central/dR_pair_ss1_os in Skim_TriLep_DYJets10to50.root
2025-11-05 23:24:37,050 - INFO - [2017] MISSING_CENTRAL: ZFake3Mu/Central/dR_pair_ss1_os in Skim_TriLep_DYJets10to50.root
2025-11-05 23:24:37,156 - INFO - [2018] MISSING_CENTRAL: ZFake3Mu/Central/dR_pair_ss1_os in Skim_TriLep_DYJets10to50.root
2025-11-07 12:27:47,524 - INFO - [2016preVFP] MISSING_CENTRAL: ZFake3Mu/Central/dR_pair_ss1_os in Skim_TriLep_DYJets.root
2025-11-07 12:27:47,524 - INFO - [2016preVFP] MISSING_CENTRAL: ZFake3Mu/Central/dR_pair_ss1_os in Skim_TriLep_DYJets10to50.root
2025-11-07 12:27:47,605 - INFO - [2016postVFP] MISSING_CENTRAL: ZFake3Mu/Central/dR_pair_ss1_os in Skim_TriLep_DYJets.root
2025-11-07 12:27:47,605 - INFO - [2016postVFP] MISSING_CENTRAL: ZFake3Mu/Central/dR_pair_ss1_os in Skim_TriLep_DYJets10to50.root
2025-11-07 12:27:47,704 - INFO - [2017] MISSING_CENTRAL: ZFake3Mu/Central/dR_pair_ss1_os in Skim_TriLep_DYJets10to50.root
2025-11-07 12:27:47,838 - INFO - [2018] MISSING_CENTRAL: ZFake3Mu/Central/dR_pair_ss1_os in Skim_TriLep_DYJets10to50.root
2025-11-07 13:08:26,697 - INFO - [2016preVFP] MISSING_CENTRAL: ZFake3Mu/Central/dR_pair_ss1_os in Skim_TriLep_DYJets.root
2025-11-07 13:08:26,698 - INFO - [2016preVFP] MISSING_CENTRAL: ZFake3Mu/Central/dR_pair_ss1_os in Skim_TriLep_DYJets10to50.root
2025-11-07 13:08:26,799 - INFO - [2016postVFP] MISSING_CENTRAL: ZFake3Mu/Central/dR_pair_ss1_os in Skim_TriLep_DYJets.root
2025-11-07 13:08:26,800 - INFO - [2016postVFP] MISSING_CENTRAL: ZFake3Mu/Central/dR_pair_ss1_os in Skim_TriLep_DYJets10to50.root
2025-11-07 13:08:26,901 - INFO - [2017] MISSING_CENTRAL: ZFake3Mu/Central/dR_pair_ss1_os in Skim_TriLep_DYJets10to50.root
2025-11-07 13:08:27,044 - INFO - [2018] MISSING_CENTRAL: ZFake3Mu/Central/dR_pair_ss1_os in Skim_TriLep_DYJets10to50.root
2025-11-07 14:05:09,166 - INFO - [2016preVFP] MISSING_CENTRAL: ZFake3Mu/Central/dR_pair_ss1_os in Skim_TriLep_DYJets.root
2025-11-07 14:05:09,166 - INFO - [2016preVFP] MISSING_CENTRAL: ZFake3Mu/Central/dR_pair_ss1_os in Skim_TriLep_DYJets10to50.root
2025-11-07 14:05:09,273 - INFO - [2016postVFP] MISSING_CENTRAL: ZFake3Mu/Central/dR_pair_ss1_os in Skim_TriLep_DYJets.root
2025-11-07 14:05:09,273 - INFO - [2016postVFP] MISSING_CENTRAL: ZFake3Mu/Central/dR_pair_ss1_os in Skim_TriLep_DYJets10to50.root
2025-11-07 14:05:09,388 - INFO - [2017] MISSING_CENTRAL: ZFake3Mu/Central/dR_pair_ss1_os in Skim_TriLep_DYJets10to50.root
2025-11-07 14:05:09,556 - INFO - [2018] MISSING_CENTRAL: ZFake3Mu/Central/dR_pair_ss1_os in Skim_TriLep_DYJets10to50.root
2025-11-10 05:56:25,785 - INFO - [2016preVFP] MISSING_CENTRAL: ZFake3Mu/Central/dR_pair_ss1_os in Skim_TriLep_DYJets.root
2025-11-10 05:56:25,786 - INFO - [2016preVFP] MISSING_CENTRAL: ZFake3Mu/Central/dR_pair_ss1_os in Skim_TriLep_DYJets10to50.root
2025-11-10 05:56:25,989 - INFO - [2016postVFP] MISSING_CENTRAL: ZFake3Mu/Central/dR_pair_ss1_os in Skim_TriLep_DYJets.root
2025-11-10 05:56:25,990 - INFO - [2016postVFP] MISSING_CENTRAL: ZFake3Mu/Central/dR_pair_ss1_os in Skim_TriLep_DYJets10to50.root
2025-11-10 05:56:26,238 - INFO - [2017] MISSING_CENTRAL: ZFake3Mu/Central/dR_pair_ss1_os in Skim_TriLep_DYJets10to50.root
2025-11-10 05:56:26,422 - INFO - [2018] MISSING_CENTRAL: ZFake3Mu/Central/dR_pair_ss1_os in Skim_TriLep_DYJets10to50.root
2025-11-10 12:20:12,946 - INFO - [2016preVFP] MISSING_CENTRAL: ZFake3Mu/Central/dR_pair_ss1_os in Skim_TriLep_DYJets.root
2025-11-10 12:20:12,947 - INFO - [2016preVFP] MISSING_CENTRAL: ZFake3Mu/Central/dR_pair_ss1_os in Skim_TriLep_DYJets10to50.root
2025-11-10 12:20:13,041 - INFO - [2016postVFP] MISSING_CENTRAL: ZFake3Mu/Central/dR_pair_ss1_os in Skim_TriLep_DYJets.root
2025-11-10 12:20:13,042 - INFO - [2016postVFP] MISSING_CENTRAL: ZFake3Mu/Central/dR_pair_ss1_os in Skim_TriLep_DYJets10to50.root
2025-11-10 12:20:13,216 - INFO - [2017] MISSING_CENTRAL: ZFake3Mu/Central/dR_pair_ss1_os in Skim_TriLep_DYJets10to50.root
2025-11-10 12:20:13,342 - INFO - [2018] MISSING_CENTRAL: ZFake3Mu/Central/dR_pair_ss1_os in Skim_TriLep_DYJets10to50.root
2025-11-13 11:09:40,697 - INFO - [2016preVFP] MISSING_CENTRAL: ZFake3Mu/Central/dR_pair_ss1_os in Skim_TriLep_DYJets.root
2025-11-13 11:09:40,699 - INFO - [2016preVFP] MISSING_CENTRAL: ZFake3Mu/Central/dR_pair_ss1_os in Skim_TriLep_DYJets10to50.root
2025-11-13 11:09:40,987 - INFO - [2016postVFP] MISSING_CENTRAL: ZFake3Mu/Central/dR_pair_ss1_os in Skim_TriLep_DYJets.root
2025-11-13 11:09:40,990 - INFO - [2016postVFP] MISSING_CENTRAL: ZFake3Mu/Central/dR_pair_ss1_os in Skim_TriLep_DYJets10to50.root
2025-11-13 11:09:41,239 - INFO - [2017] MISSING_CENTRAL: ZFake3Mu/Central/dR_pair_ss1_os in Skim_TriLep_DYJets10to50.root
2025-11-13 11:09:41,469 - INFO - [2018] MISSING_CENTRAL: ZFake3Mu/Central/dR_pair_ss1_os in Skim_TriLep_DYJets10to50.root
2025-11-19 16:09:59,049 - INFO - [2016preVFP] MISSING_CENTRAL: ZFake3Mu/Central/dR_pair_ss1_os in Skim_TriLep_DYJets.root
2025-11-19 16:09:59,050 - INFO - [2016preVFP] MISSING_CENTRAL: ZFake3Mu/Central/dR_pair_ss1_os in Skim_TriLep_DYJets10to50.root
2025-11-19 16:09:59,151 - INFO - [2016postVFP] MISSING_CENTRAL: ZFake3Mu/Central/dR_pair_ss1_os in Skim_TriLep_DYJets.root
2025-11-19 16:09:59,152 - INFO - [2016postVFP] MISSING_CENTRAL: ZFake3Mu/Central/dR_pair_ss1_os in Skim_TriLep_DYJets10to50.root
2025-11-19 16:09:59,260 - INFO - [2017] MISSING_CENTRAL: ZFake3Mu/Central/dR_pair_ss1_os in Skim_TriLep_DYJets10to50.root
2025-11-19 16:09:59,376 - INFO - [2018] MISSING_CENTRAL: ZFake3Mu/Central/dR_pair_ss1_os in Skim_TriLep_DYJets10to50.root
2025-11-19 16:22:35,179 - INFO - [2016preVFP] MISSING_CENTRAL: ZFake3Mu/Central/dR_pair_ss1_os in Skim_TriLep_DYJets.root
2025-11-19 16:22:35,180 - INFO - [2016preVFP] MISSING_CENTRAL: ZFake3Mu/Central/dR_pair_ss1_os in Skim_TriLep_DYJets10to50.root
2025-11-19 16:22:35,284 - INFO - [2016postVFP] MISSING_CENTRAL: ZFake3Mu/Central/dR_pair_ss1_os in Skim_TriLep_DYJets.root
2025-11-19 16:22:35,285 - INFO - [2016postVFP] MISSING_CENTRAL: ZFake3Mu/Central/dR_pair_ss1_os in Skim_TriLep_DYJets10to50.root
2025-11-19 16:22:35,463 - INFO - [2017] MISSING_CENTRAL: ZFake3Mu/Central/dR_pair_ss1_os in Skim_TriLep_DYJets10to50.root
2025-11-19 16:22:35,586 - INFO - [2018] MISSING_CENTRAL: ZFake3Mu/Central/dR_pair_ss1_os in Skim_TriLep_DYJets10to50.root
2025-12-17 22:36:59,394 - INFO - [2016preVFP] MISSING_CENTRAL: ZFake3Mu/Central/dR_pair_ss1_os in Skim_TriLep_DYJets.root
2025-12-17 22:36:59,395 - INFO - [2016preVFP] MISSING_CENTRAL: ZFake3Mu/Central/dR_pair_ss1_os in Skim_TriLep_DYJets10to50.root
2025-12-17 22:36:59,410 - INFO - [2016preVFP] MISSING_FILE: /data9/Users/choij/Sync/workspace/ChargedHiggsAnalysisV3/SKNanoOutput/PromptSelector/Run3Mu_RunSyst/2016preVFP/Skim_TriLep_ZGToLLG.root
2025-12-17 22:36:59,796 - INFO - [2016postVFP] MISSING_CENTRAL: ZFake3Mu/Central/dR_pair_ss1_os in Skim_TriLep_DYJets.root
2025-12-17 22:36:59,798 - INFO - [2016postVFP] MISSING_CENTRAL: ZFake3Mu/Central/dR_pair_ss1_os in Skim_TriLep_DYJets10to50.root
2025-12-17 22:36:59,801 - INFO - [2016postVFP] MISSING_CENTRAL: ZFake3Mu/Central/dR_pair_ss1_os in Skim_TriLep_TTG.root
2025-12-17 22:37:00,122 - INFO - [2017] MISSING_CENTRAL: ZFake3Mu/Central/dR_pair_ss1_os in Skim_TriLep_DYJets10to50.root
2025-12-17 22:37:00,383 - INFO - [2018] MISSING_CENTRAL: ZFake3Mu/Central/dR_pair_ss1_os in Skim_TriLep_DYJets10to50.root
2025-12-18 14:21:07,292 - INFO - [2016preVFP] MISSING_CENTRAL: ZFake3Mu/Central/dR_pair_ss1_os in Skim_TriLep_DYJets.root
2025-12-18 14:21:07,293 - INFO - [2016preVFP] MISSING_CENTRAL: ZFake3Mu/Central/dR_pair_ss1_os in Skim_TriLep_DYJets10to50.root
2025-12-18 14:21:07,293 - INFO - [2016preVFP] MISSING_FILE: /data9/Users/choij/Sync/workspace/ChargedHiggsAnalysisV3/SKNanoOutput/PromptSelector/Run3Mu_RunSyst/2016preVFP/Skim_TriLep_ZGToLLG.root
2025-12-18 14:21:07,639 - INFO - [2016postVFP] MISSING_CENTRAL: ZFake3Mu/Central/dR_pair_ss1_os in Skim_TriLep_DYJets.root
2025-12-18 14:21:07,642 - INFO - [2016postVFP] MISSING_CENTRAL: ZFake3Mu/Central/dR_pair_ss1_os in Skim_TriLep_DYJets10to50.root
2025-12-18 14:21:07,650 - INFO - [2016postVFP] MISSING_CENTRAL: ZFake3Mu/Central/dR_pair_ss1_os in Skim_TriLep_TTG.root
2025-12-18 14:21:08,093 - INFO - [2017] MISSING_CENTRAL: ZFake3Mu/Central/dR_pair_ss1_os in Skim_TriLep_DYJets10to50.root
2025-12-18 14:21:08,332 - INFO - [2018] MISSING_CENTRAL: ZFake3Mu/Central/dR_pair_ss1_os in Skim_TriLep_DYJets10to50.root
2025-12-18 14:36:31,449 - INFO - [2016preVFP] MISSING_CENTRAL: ZFake3Mu/Central/dR_pair_ss1_os in Skim_TriLep_DYJets.root
2025-12-18 14:36:31,457 - INFO - [2016preVFP] MISSING_CENTRAL: ZFake3Mu/Central/dR_pair_ss1_os in Skim_TriLep_DYJets10to50.root
2025-12-18 14:36:31,457 - INFO - [2016preVFP] MISSING_FILE: /data9/Users/choij/Sync/workspace/ChargedHiggsAnalysisV3/SKNanoOutput/PromptSelector/Run3Mu_RunSyst/2016preVFP/Skim_TriLep_ZGToLLG.root
2025-12-18 14:36:31,868 - INFO - [2016postVFP] MISSING_CENTRAL: ZFake3Mu/Central/dR_pair_ss1_os in Skim_TriLep_DYJets.root
2025-12-18 14:36:31,869 - INFO - [2016postVFP] MISSING_CENTRAL: ZFake3Mu/Central/dR_pair_ss1_os in Skim_TriLep_DYJets10to50.root
2025-12-18 14:36:31,870 - INFO - [2016postVFP] MISSING_CENTRAL: ZFake3Mu/Central/dR_pair_ss1_os in Skim_TriLep_TTG.root
2025-12-18 14:36:32,331 - INFO - [2017] MISSING_CENTRAL: ZFake3Mu/Central/dR_pair_ss1_os in Skim_TriLep_DYJets10to50.root
2025-12-18 14:36:32,633 - INFO - [2018] MISSING_CENTRAL: ZFake3Mu/Central/dR_pair_ss1_os in Skim_TriLep_DYJets10to50.root
2026-01-07 11:46:29,843 - INFO - [2016preVFP] MISSING_CENTRAL: ZFake3Mu/Central/dR_pair_ss1_os in Skim_TriLep_DYJets.root
2026-01-07 11:46:29,844 - INFO - [2016preVFP] MISSING_CENTRAL: ZFake3Mu/Central/dR_pair_ss1_os in Skim_TriLep_DYJets10to50.root
2026-01-07 11:46:29,844 - INFO - [2016preVFP] MISSING_FILE: /data9/Users/choij/Sync/workspace/ChargedHiggsAnalysisV3/SKNanoOutput/PromptSelector/Run3Mu_RunSyst/2016preVFP/Skim_TriLep_ZGToLLG.root
2026-01-07 11:46:30,214 - INFO - [2016postVFP] MISSING_CENTRAL: ZFake3Mu/Central/dR_pair_ss1_os in Skim_TriLep_DYJets.root
2026-01-07 11:46:30,215 - INFO - [2016postVFP] MISSING_CENTRAL: ZFake3Mu/Central/dR_pair_ss1_os in Skim_TriLep_DYJets10to50.root
2026-01-07 11:46:30,217 - INFO - [2016postVFP] MISSING_CENTRAL: ZFake3Mu/Central/dR_pair_ss1_os in Skim_TriLep_TTG.root
2026-01-07 11:46:30,508 - INFO - [2017] MISSING_CENTRAL: ZFake3Mu/Central/dR_pair_ss1_os in Skim_TriLep_DYJets10to50.root
2026-01-07 11:46:30,681 - INFO - [2018] MISSING_CENTRAL: ZFake3Mu/Central/dR_pair_ss1_os in Skim_TriLep_DYJets10to50.root
2026-01-07 18:43:09,100 - INFO - [2016preVFP] MISSING_CENTRAL: ZFake3Mu/Central/dR_pair_ss1_os in Skim_TriLep_DYJets.root
2026-01-07 18:43:09,101 - INFO - [2016preVFP] MISSING_CENTRAL: ZFake3Mu/Central/dR_pair_ss1_os in Skim_TriLep_DYJets10to50.root
2026-01-07 18:43:09,101 - INFO - [2016preVFP] MISSING_FILE: /data9/Users/choij/Sync/workspace/ChargedHiggsAnalysisV3/SKNanoOutput/PromptSelector/Run3Mu_RunSyst/2016preVFP/Skim_TriLep_ZGToLLG.root
2026-01-07 18:43:09,399 - INFO - [2016postVFP] MISSING_CENTRAL: ZFake3Mu/Central/dR_pair_ss1_os in Skim_TriLep_DYJets.root
2026-01-07 18:43:09,402 - INFO - [2016postVFP] MISSING_CENTRAL: ZFake3Mu/Central/dR_pair_ss1_os in Skim_TriLep_DYJets10to50.root
2026-01-07 18:43:09,403 - INFO - [2016postVFP] MISSING_CENTRAL: ZFake3Mu/Central/dR_pair_ss1_os in Skim_TriLep_TTG.root
2026-01-07 18:43:09,791 - INFO - [2017] MISSING_CENTRAL: ZFake3Mu/Central/dR_pair_ss1_os in Skim_TriLep_DYJets10to50.root
2026-01-07 18:43:09,992 - INFO - [2018] MISSING_CENTRAL: ZFake3Mu/Central/dR_pair_ss1_os in Skim_TriLep_DYJets10to50.root
2026-01-09 12:17:10,358 - INFO - [2016preVFP] MISSING_CENTRAL: ZFake3Mu/Central/dR_pair_ss1_os in Skim_TriLep_DYJets.root
2026-01-09 12:17:10,359 - INFO - [2016preVFP] MISSING_CENTRAL: ZFake3Mu/Central/dR_pair_ss1_os in Skim_TriLep_DYJets10to50.root
2026-01-09 12:17:10,360 - INFO - [2016preVFP] MISSING_FILE: /home/choij/Sync/workspace/ChargedHiggsAnalysisV3/SKNanoOutput/PromptSelector/Run3Mu_RunSyst/2016preVFP/Skim_TriLep_ZGToLLG.root
2026-01-09 12:17:10,461 - INFO - [2016postVFP] MISSING_CENTRAL: ZFake3Mu/Central/dR_pair_ss1_os in Skim_TriLep_DYJets.root
2026-01-09 12:17:10,462 - INFO - [2016postVFP] MISSING_CENTRAL: ZFake3Mu/Central/dR_pair_ss1_os in Skim_TriLep_DYJets10to50.root
2026-01-09 12:17:10,462 - INFO - [2016postVFP] MISSING_CENTRAL: ZFake3Mu/Central/dR_pair_ss1_os in Skim_TriLep_TTG.root
2026-01-09 12:17:10,573 - INFO - [2017] MISSING_CENTRAL: ZFake3Mu/Central/dR_pair_ss1_os in Skim_TriLep_DYJets10to50.root
2026-01-09 12:17:10,705 - INFO - [2018] MISSING_CENTRAL: ZFake3Mu/Central/dR_pair_ss1_os in Skim_TriLep_DYJets10to50.root
2026-01-11 09:37:14,510 - INFO - [2016preVFP] MISSING_CENTRAL: ZFake3Mu/Central/dR_pair_ss1_os in Skim_TriLep_DYJets.root
2026-01-11 09:37:14,513 - INFO - [2016preVFP] MISSING_CENTRAL: ZFake3Mu/Central/dR_pair_ss1_os in Skim_TriLep_DYJets10to50.root
2026-01-11 09:37:14,513 - INFO - [2016preVFP] MISSING_FILE: /home/choij/Sync/workspace/ChargedHiggsAnalysisV3/SKNanoOutput/PromptSelector/Run3Mu_RunSyst/2016preVFP/Skim_TriLep_ZGToLLG.root
2026-01-11 09:37:14,656 - INFO - [2016postVFP] MISSING_CENTRAL: ZFake3Mu/Central/dR_pair_ss1_os in Skim_TriLep_DYJets.root
2026-01-11 09:37:14,657 - INFO - [2016postVFP] MISSING_CENTRAL: ZFake3Mu/Central/dR_pair_ss1_os in Skim_TriLep_DYJets10to50.root
2026-01-11 09:37:14,657 - INFO - [2016postVFP] MISSING_CENTRAL: ZFake3Mu/Central/dR_pair_ss1_os in Skim_TriLep_TTG.root
2026-01-11 09:37:14,760 - INFO - [2017] MISSING_CENTRAL: ZFake3Mu/Central/dR_pair_ss1_os in Skim_TriLep_DYJets10to50.root
2026-01-11 09:37:14,996 - INFO - [2018] MISSING_CENTRAL: ZFake3Mu/Central/dR_pair_ss1_os in Skim_TriLep_DYJets10to50.root
2026-01-12 13:45:52,947 - INFO - [2016preVFP] MISSING_FILE: /home/choij/Sync/workspace/ChargedHiggsAnalysisV3/SKNanoOutput/MatrixSelector/Run3Mu/2016preVFP/Skim_TriLep_DoubleMuon_B.root
2026-01-12 13:45:52,948 - INFO - [2016preVFP] MISSING_FILE: /home/choij/Sync/workspace/ChargedHiggsAnalysisV3/SKNanoOutput/MatrixSelector/Run3Mu/2016preVFP/Skim_TriLep_DoubleMuon_C.root
2026-01-12 13:45:52,948 - INFO - [2016preVFP] MISSING_FILE: /home/choij/Sync/workspace/ChargedHiggsAnalysisV3/SKNanoOutput/MatrixSelector/Run3Mu/2016preVFP/Skim_TriLep_DoubleMuon_D.root
2026-01-12 13:45:52,948 - INFO - [2016preVFP] MISSING_FILE: /home/choij/Sync/workspace/ChargedHiggsAnalysisV3/SKNanoOutput/MatrixSelector/Run3Mu/2016preVFP/Skim_TriLep_DoubleMuon_E.root
2026-01-12 13:45:52,948 - INFO - [2016preVFP] MISSING_FILE: /home/choij/Sync/workspace/ChargedHiggsAnalysisV3/SKNanoOutput/MatrixSelector/Run3Mu/2016preVFP/Skim_TriLep_DoubleMuon_F.root
2026-01-12 13:45:52,949 - INFO - [2016preVFP] MISSING_CENTRAL: ZFake3Mu/Central/dR_pair_ss1_os in Skim_TriLep_DYJets.root
2026-01-12 13:45:52,949 - INFO - [2016preVFP] MISSING_CENTRAL: ZFake3Mu/Central/dR_pair_ss1_os in Skim_TriLep_DYJets10to50.root
2026-01-12 13:45:52,949 - INFO - [2016preVFP] MISSING_FILE: /home/choij/Sync/workspace/ChargedHiggsAnalysisV3/SKNanoOutput/PromptSelector/Run3Mu_RunSyst/2016preVFP/Skim_TriLep_ZGToLLG.root
2026-01-12 13:45:53,053 - INFO - [2016postVFP] MISSING_FILE: /home/choij/Sync/workspace/ChargedHiggsAnalysisV3/SKNanoOutput/MatrixSelector/Run3Mu/2016postVFP/Skim_TriLep_DoubleMuon_F.root
2026-01-12 13:45:53,053 - INFO - [2016postVFP] MISSING_FILE: /home/choij/Sync/workspace/ChargedHiggsAnalysisV3/SKNanoOutput/MatrixSelector/Run3Mu/2016postVFP/Skim_TriLep_DoubleMuon_G.root
2026-01-12 13:45:53,053 - INFO - [2016postVFP] MISSING_FILE: /home/choij/Sync/workspace/ChargedHiggsAnalysisV3/SKNanoOutput/MatrixSelector/Run3Mu/2016postVFP/Skim_TriLep_DoubleMuon_H.root
2026-01-12 13:45:53,053 - INFO - [2016postVFP] MISSING_CENTRAL: ZFake3Mu/Central/dR_pair_ss1_os in Skim_TriLep_DYJets.root
2026-01-12 13:45:53,054 - INFO - [2016postVFP] MISSING_CENTRAL: ZFake3Mu/Central/dR_pair_ss1_os in Skim_TriLep_DYJets10to50.root
2026-01-12 13:45:53,054 - INFO - [2016postVFP] MISSING_CENTRAL: ZFake3Mu/Central/dR_pair_ss1_os in Skim_TriLep_TTG.root
2026-01-12 13:45:53,140 - INFO - [2017] MISSING_FILE: /home/choij/Sync/workspace/ChargedHiggsAnalysisV3/SKNanoOutput/MatrixSelector/Run3Mu/2017/Skim_TriLep_DoubleMuon_B.root
2026-01-12 13:45:53,141 - INFO - [2017] MISSING_FILE: /home/choij/Sync/workspace/ChargedHiggsAnalysisV3/SKNanoOutput/MatrixSelector/Run3Mu/2017/Skim_TriLep_DoubleMuon_C.root
2026-01-12 13:45:53,141 - INFO - [2017] MISSING_FILE: /home/choij/Sync/workspace/ChargedHiggsAnalysisV3/SKNanoOutput/MatrixSelector/Run3Mu/2017/Skim_TriLep_DoubleMuon_D.root
2026-01-12 13:45:53,141 - INFO - [2017] MISSING_FILE: /home/choij/Sync/workspace/ChargedHiggsAnalysisV3/SKNanoOutput/MatrixSelector/Run3Mu/2017/Skim_TriLep_DoubleMuon_E.root
2026-01-12 13:45:53,141 - INFO - [2017] MISSING_FILE: /home/choij/Sync/workspace/ChargedHiggsAnalysisV3/SKNanoOutput/MatrixSelector/Run3Mu/2017/Skim_TriLep_DoubleMuon_F.root
2026-01-12 13:45:53,148 - INFO - [2017] MISSING_CENTRAL: ZFake3Mu/Central/dR_pair_ss1_os in Skim_TriLep_DYJets10to50.root
2026-01-12 13:45:53,243 - INFO - [2018] MISSING_FILE: /home/choij/Sync/workspace/ChargedHiggsAnalysisV3/SKNanoOutput/MatrixSelector/Run3Mu/2018/Skim_TriLep_DoubleMuon_A.root
2026-01-12 13:45:53,243 - INFO - [2018] MISSING_FILE: /home/choij/Sync/workspace/ChargedHiggsAnalysisV3/SKNanoOutput/MatrixSelector/Run3Mu/2018/Skim_TriLep_DoubleMuon_B.root
2026-01-12 13:45:53,244 - INFO - [2018] MISSING_FILE: /home/choij/Sync/workspace/ChargedHiggsAnalysisV3/SKNanoOutput/MatrixSelector/Run3Mu/2018/Skim_TriLep_DoubleMuon_C.root
2026-01-12 13:45:53,244 - INFO - [2018] MISSING_FILE: /home/choij/Sync/workspace/ChargedHiggsAnalysisV3/SKNanoOutput/MatrixSelector/Run3Mu/2018/Skim_TriLep_DoubleMuon_D.root
2026-01-12 13:45:53,251 - INFO - [2018] MISSING_CENTRAL: ZFake3Mu/Central/dR_pair_ss1_os in Skim_TriLep_DYJets10to50.root
2026-01-16 19:01:01,526 - INFO - [2016preVFP] MISSING_CENTRAL: ZFake3Mu/Central/dR_pair_ss1_os in Skim_TriLep_DYJets.root
2026-01-16 19:01:01,527 - INFO - [2016preVFP] MISSING_CENTRAL: ZFake3Mu/Central/dR_pair_ss1_os in Skim_TriLep_DYJets10to50.root
2026-01-16 19:01:01,527 - INFO - [2016preVFP] MISSING_FILE: /home/choij/Sync/workspace/ChargedHiggsAnalysisV3/SKNanoOutput/PromptSelector/Run3Mu_RunSyst/2016preVFP/Skim_TriLep_ZGToLLG.root
2026-01-16 19:01:01,634 - INFO - [2016postVFP] MISSING_CENTRAL: ZFake3Mu/Central/dR_pair_ss1_os in Skim_TriLep_DYJets.root
2026-01-16 19:01:01,635 - INFO - [2016postVFP] MISSING_CENTRAL: ZFake3Mu/Central/dR_pair_ss1_os in Skim_TriLep_DYJets10to50.root
2026-01-16 19:01:01,635 - INFO - [2016postVFP] MISSING_CENTRAL: ZFake3Mu/Central/dR_pair_ss1_os in Skim_TriLep_TTG.root
2026-01-16 19:01:01,741 - INFO - [2017] MISSING_CENTRAL: ZFake3Mu/Central/dR_pair_ss1_os in Skim_TriLep_DYJets10to50.root
2026-01-16 19:01:01,842 - INFO - [2018] MISSING_CENTRAL: ZFake3Mu/Central/dR_pair_ss1_os in Skim_TriLep_DYJets10to50.root
2026-01-28 16:08:53,884 - INFO - [2016preVFP] MISSING_CENTRAL: ZFake3Mu/Central/dR_pair_ss1_os in Skim_TriLep_DYJets.root
2026-01-28 16:08:53,885 - INFO - [2016preVFP] MISSING_CENTRAL: ZFake3Mu/Central/dR_pair_ss1_os in Skim_TriLep_DYJets10to50.root
2026-01-28 16:08:54,003 - INFO - [2016postVFP] MISSING_CENTRAL: ZFake3Mu/Central/dR_pair_ss1_os in Skim_TriLep_DYJets.root
2026-01-28 16:08:54,003 - INFO - [2016postVFP] MISSING_CENTRAL: ZFake3Mu/Central/dR_pair_ss1_os in Skim_TriLep_DYJets10to50.root
2026-01-28 16:08:54,003 - INFO - [2016postVFP] MISSING_CENTRAL: ZFake3Mu/Central/dR_pair_ss1_os in Skim_TriLep_TTG.root
2026-01-28 16:08:54,089 - INFO - [2017] MISSING_CENTRAL: ZFake3Mu/Central/dR_pair_ss1_os in Skim_TriLep_DYJets10to50.root
2026-01-28 16:08:54,178 - INFO - [2018] MISSING_CENTRAL: ZFake3Mu/Central/dR_pair_ss1_os in Skim_TriLep_DYJets10to50.root
2026-01-28 17:20:45,594 - INFO - [2016preVFP] MISSING_CENTRAL: ZFake3Mu/Central/dR_pair_ss1_os in Skim_TriLep_DYJets.root
2026-01-28 17:20:45,595 - INFO - [2016preVFP] MISSING_CENTRAL: ZFake3Mu/Central/dR_pair_ss1_os in Skim_TriLep_DYJets10to50.root
2026-01-28 17:20:45,711 - INFO - [2016postVFP] MISSING_CENTRAL: ZFake3Mu/Central/dR_pair_ss1_os in Skim_TriLep_DYJets.root
2026-01-28 17:20:45,712 - INFO - [2016postVFP] MISSING_CENTRAL: ZFake3Mu/Central/dR_pair_ss1_os in Skim_TriLep_DYJets10to50.root
2026-01-28 17:20:45,712 - INFO - [2016postVFP] MISSING_CENTRAL: ZFake3Mu/Central/dR_pair_ss1_os in Skim_TriLep_TTG.root
2026-01-28 17:20:45,802 - INFO - [2017] MISSING_CENTRAL: ZFake3Mu/Central/dR_pair_ss1_os in Skim_TriLep_DYJets10to50.root
2026-01-28 17:20:45,919 - INFO - [2018] MISSING_CENTRAL: ZFake3Mu/Central/dR_pair_ss1_os in Skim_TriLep_DYJets10to50.root
2026-01-28 19:54:17,764 - INFO - [2016preVFP] MISSING_CENTRAL: ZFake3Mu/Central/dR_pair_ss1_os in Skim_TriLep_DYJets.root
2026-01-28 19:54:17,765 - INFO - [2016preVFP] MISSING_CENTRAL: ZFake3Mu/Central/dR_pair_ss1_os in Skim_TriLep_DYJets10to50.root
2026-01-28 19:54:17,880 - INFO - [2016postVFP] MISSING_CENTRAL: ZFake3Mu/Central/dR_pair_ss1_os in Skim_TriLep_DYJets.root
2026-01-28 19:54:17,880 - INFO - [2016postVFP] MISSING_CENTRAL: ZFake3Mu/Central/dR_pair_ss1_os in Skim_TriLep_DYJets10to50.root
2026-01-28 19:54:17,881 - INFO - [2016postVFP] MISSING_CENTRAL: ZFake3Mu/Central/dR_pair_ss1_os in Skim_TriLep_TTG.root
2026-01-28 19:54:17,969 - INFO - [2017] MISSING_CENTRAL: ZFake3Mu/Central/dR_pair_ss1_os in Skim_TriLep_DYJets10to50.root
2026-01-28 19:54:18,059 - INFO - [2018] MISSING_CENTRAL: ZFake3Mu/Central/dR_pair_ss1_os in Skim_TriLep_DYJets10to50.root
2026-01-29 07:11:35,518 - INFO - [2016preVFP] MISSING_CENTRAL: ZFake3Mu/Central/dR_pair_ss1_os in Skim_TriLep_DYJets.root
2026-01-29 07:11:35,518 - INFO - [2016preVFP] MISSING_CENTRAL: ZFake3Mu/Central/dR_pair_ss1_os in Skim_TriLep_DYJets10to50.root
2026-01-29 07:11:35,576 - INFO - [2016postVFP] MISSING_CENTRAL: ZFake3Mu/Central/dR_pair_ss1_os in Skim_TriLep_DYJets.root
2026-01-29 07:11:35,577 - INFO - [2016postVFP] MISSING_CENTRAL: ZFake3Mu/Central/dR_pair_ss1_os in Skim_TriLep_DYJets10to50.root
2026-01-29 07:11:35,577 - INFO - [2016postVFP] MISSING_CENTRAL: ZFake3Mu/Central/dR_pair_ss1_os in Skim_TriLep_TTG.root
2026-01-29 07:11:35,633 - INFO - [2017] MISSING_CENTRAL: ZFake3Mu/Central/dR_pair_ss1_os in Skim_TriLep_DYJets10to50.root
2026-01-29 07:11:35,691 - INFO - [2018] MISSING_CENTRAL: ZFake3Mu/Central/dR_pair_ss1_os in Skim_TriLep_DYJets10to50.root
2026-03-06 09:40:03,840 - INFO - [2016preVFP] MISSING_CENTRAL: ZFake3Mu/Central/dR_pair_ss1_os in Skim_TriLep_DYJets.root
2026-03-06 09:40:03,842 - INFO - [2016preVFP] MISSING_CENTRAL: ZFake3Mu/Central/dR_pair_ss1_os in Skim_TriLep_DYJets10to50.root
2026-03-06 09:40:03,901 - INFO - [2016postVFP] MISSING_CENTRAL: ZFake3Mu/Central/dR_pair_ss1_os in Skim_TriLep_DYJets.root
2026-03-06 09:40:03,901 - INFO - [2016postVFP] MISSING_CENTRAL: ZFake3Mu/Central/dR_pair_ss1_os in Skim_TriLep_DYJets10to50.root
2026-03-06 09:40:03,901 - INFO - [2016postVFP] MISSING_CENTRAL: ZFake3Mu/Central/dR_pair_ss1_os in Skim_TriLep_TTG.root
2026-03-06 09:40:03,957 - INFO - [2017] MISSING_CENTRAL: ZFake3Mu/Central/dR_pair_ss1_os in Skim_TriLep_DYJets10to50.root
2026-03-06 09:40:04,015 - INFO - [2018] MISSING_CENTRAL: ZFake3Mu/Central/dR_pair_ss1_os in Skim_TriLep_DYJets10to50.root
2026-03-06 19:45:51,822 - INFO - [2016preVFP] MISSING_CENTRAL: ZFake3Mu/Central/dR_pair_ss1_os in Skim_TriLep_DYJets.root
2026-03-06 19:45:51,823 - INFO - [2016preVFP] MISSING_CENTRAL: ZFake3Mu/Central/dR_pair_ss1_os in Skim_TriLep_DYJets10to50.root
2026-03-06 19:45:51,881 - INFO - [2016postVFP] MISSING_CENTRAL: ZFake3Mu/Central/dR_pair_ss1_os in Skim_TriLep_DYJets.root
2026-03-06 19:45:51,882 - INFO - [2016postVFP] MISSING_CENTRAL: ZFake3Mu/Central/dR_pair_ss1_os in Skim_TriLep_DYJets10to50.root
2026-03-06 19:45:51,882 - INFO - [2016postVFP] MISSING_CENTRAL: ZFake3Mu/Central/dR_pair_ss1_os in Skim_TriLep_TTG.root
2026-03-06 19:45:51,937 - INFO - [2017] MISSING_CENTRAL: ZFake3Mu/Central/dR_pair_ss1_os in Skim_TriLep_DYJets10to50.root
2026-03-06 19:45:51,996 - INFO - [2018] MISSING_CENTRAL: ZFake3Mu/Central/dR_pair_ss1_os in Skim_TriLep_DYJets10to50.root
2026-03-12 21:34:33,529 - INFO - [2016preVFP] MISSING_CENTRAL: ZFake3Mu/Central/dR_pair_ss1_os in Skim_TriLep_DYJets.root
2026-03-12 21:34:33,530 - INFO - [2016preVFP] MISSING_CENTRAL: ZFake3Mu/Central/dR_pair_ss1_os in Skim_TriLep_DYJets10to50.root
2026-03-12 21:34:33,591 - INFO - [2016postVFP] MISSING_CENTRAL: ZFake3Mu/Central/dR_pair_ss1_os in Skim_TriLep_DYJets.root
2026-03-12 21:34:33,591 - INFO - [2016postVFP] MISSING_CENTRAL: ZFake3Mu/Central/dR_pair_ss1_os in Skim_TriLep_DYJets10to50.root
2026-03-12 21:34:33,591 - INFO - [2016postVFP] MISSING_CENTRAL: ZFake3Mu/Central/dR_pair_ss1_os in Skim_TriLep_TTG.root
2026-03-12 21:34:33,647 - INFO - [2017] MISSING_CENTRAL: ZFake3Mu/Central/dR_pair_ss1_os in Skim_TriLep_DYJets10to50.root
2026-03-12 21:34:33,707 - INFO - [2018] MISSING_CENTRAL: ZFake3Mu/Central/dR_pair_ss1_os in Skim_TriLep_DYJets10to50.root
2026-04-10 20:20:51,083 - INFO - [2016preVFP] MISSING_CENTRAL: ZFake3Mu/Central/dR_pair_ss1_os in Skim_TriLep_DYJets.root
2026-04-10 20:20:51,084 - INFO - [2016preVFP] MISSING_CENTRAL: ZFake3Mu/Central/dR_pair_ss1_os in Skim_TriLep_DYJets10to50.root
2026-04-10 20:20:51,142 - INFO - [2016postVFP] MISSING_CENTRAL: ZFake3Mu/Central/dR_pair_ss1_os in Skim_TriLep_DYJets.root
2026-04-10 20:20:51,142 - INFO - [2016postVFP] MISSING_CENTRAL: ZFake3Mu/Central/dR_pair_ss1_os in Skim_TriLep_DYJets10to50.root
2026-04-10 20:20:51,143 - INFO - [2016postVFP] MISSING_CENTRAL: ZFake3Mu/Central/dR_pair_ss1_os in Skim_TriLep_TTG.root
2026-04-10 20:20:51,198 - INFO - [2017] MISSING_CENTRAL: ZFake3Mu/Central/dR_pair_ss1_os in Skim_TriLep_DYJets10to50.root
2026-04-10 20:20:51,257 - INFO - [2018] MISSING_CENTRAL: ZFake3Mu/Central/dR_pair_ss1_os in Skim_TriLep_DYJets10to50.root
2026-04-12 11:35:59,685 - INFO - [2016preVFP] MISSING_CENTRAL: ZFake3Mu/Central/dR_pair_ss1_os in Skim_TriLep_DYJets.root
2026-04-12 11:35:59,686 - INFO - [2016preVFP] MISSING_CENTRAL: ZFake3Mu/Central/dR_pair_ss1_os in Skim_TriLep_DYJets10to50.root
2026-04-12 11:35:59,743 - INFO - [2016postVFP] MISSING_CENTRAL: ZFake3Mu/Central/dR_pair_ss1_os in Skim_TriLep_DYJets.root
2026-04-12 11:35:59,743 - INFO - [2016postVFP] MISSING_CENTRAL: ZFake3Mu/Central/dR_pair_ss1_os in Skim_TriLep_DYJets10to50.root
2026-04-12 11:35:59,744 - INFO - [2016postVFP] MISSING_CENTRAL: ZFake3Mu/Central/dR_pair_ss1_os in Skim_TriLep_TTG.root
2026-04-12 11:35:59,797 - INFO - [2017] MISSING_CENTRAL: ZFake3Mu/Central/dR_pair_ss1_os in Skim_TriLep_DYJets10to50.root
2026-04-12 11:35:59,854 - INFO - [2018] MISSING_CENTRAL: ZFake3Mu/Central/dR_pair_ss1_os in Skim_TriLep_DYJets10to50.root
2026-04-12 12:18:01,405 - INFO - [2016preVFP] MISSING_CENTRAL: ZFake3Mu/Central/dR_pair_ss1_os in Skim_TriLep_DYJets.root
2026-04-12 12:18:01,405 - INFO - [2016preVFP] MISSING_CENTRAL: ZFake3Mu/Central/dR_pair_ss1_os in Skim_TriLep_DYJets10to50.root
2026-04-12 12:18:01,465 - INFO - [2016postVFP] MISSING_CENTRAL: ZFake3Mu/Central/dR_pair_ss1_os in Skim_TriLep_DYJets.root
2026-04-12 12:18:01,466 - INFO - [2016postVFP] MISSING_CENTRAL: ZFake3Mu/Central/dR_pair_ss1_os in Skim_TriLep_DYJets10to50.root
2026-04-12 12:18:01,466 - INFO - [2016postVFP] MISSING_CENTRAL: ZFake3Mu/Central/dR_pair_ss1_os in Skim_TriLep_TTG.root
2026-04-12 12:18:01,521 - INFO - [2017] MISSING_CENTRAL: ZFake3Mu/Central/dR_pair_ss1_os in Skim_TriLep_DYJets10to50.root
2026-04-12 12:18:01,580 - INFO - [2018] MISSING_CENTRAL: ZFake3Mu/Central/dR_pair_ss1_os in Skim_TriLep_DYJets10to50.root
2026-04-12 12:37:40,173 - INFO - [2016preVFP] MISSING_CENTRAL: ZFake3Mu/Central/dR_pair_ss1_os in Skim_TriLep_DYJets.root
2026-04-12 12:37:40,174 - INFO - [2016preVFP] MISSING_CENTRAL: ZFake3Mu/Central/dR_pair_ss1_os in Skim_TriLep_DYJets10to50.root
2026-04-12 12:37:40,230 - INFO - [2016postVFP] MISSING_CENTRAL: ZFake3Mu/Central/dR_pair_ss1_os in Skim_TriLep_DYJets.root
2026-04-12 12:37:40,231 - INFO - [2016postVFP] MISSING_CENTRAL: ZFake3Mu/Central/dR_pair_ss1_os in Skim_TriLep_DYJets10to50.root
2026-04-12 12:37:40,231 - INFO - [2016postVFP] MISSING_CENTRAL: ZFake3Mu/Central/dR_pair_ss1_os in Skim_TriLep_TTG.root
2026-04-12 12:37:40,285 - INFO - [2017] MISSING_CENTRAL: ZFake3Mu/Central/dR_pair_ss1_os in Skim_TriLep_DYJets10to50.root
2026-04-12 12:37:40,341 - INFO - [2018] MISSING_CENTRAL: ZFake3Mu/Central/dR_pair_ss1_os in Skim_TriLep_DYJets10to50.root
2026-04-12 20:45:45,426 - INFO - [2016preVFP] MISSING_CENTRAL: ZFake3Mu/Central/dR_pair_ss1_os in Skim_TriLep_DYJets.root
2026-04-12 20:45:45,427 - INFO - [2016preVFP] MISSING_CENTRAL: ZFake3Mu/Central/dR_pair_ss1_os in Skim_TriLep_DYJets10to50.root
2026-04-12 20:45:45,486 - INFO - [2016postVFP] MISSING_CENTRAL: ZFake3Mu/Central/dR_pair_ss1_os in Skim_TriLep_DYJets.root
2026-04-12 20:45:45,487 - INFO - [2016postVFP] MISSING_CENTRAL: ZFake3Mu/Central/dR_pair_ss1_os in Skim_TriLep_DYJets10to50.root
2026-04-12 20:45:45,487 - INFO - [2016postVFP] MISSING_CENTRAL: ZFake3Mu/Central/dR_pair_ss1_os in Skim_TriLep_TTG.root
2026-04-12 20:45:45,543 - INFO - [2017] MISSING_CENTRAL: ZFake3Mu/Central/dR_pair_ss1_os in Skim_TriLep_DYJets10to50.root
2026-04-12 20:45:45,602 - INFO - [2018] MISSING_CENTRAL: ZFake3Mu/Central/dR_pair_ss1_os in Skim_TriLep_DYJets10to50.root
2026-04-12 21:17:21,524 - INFO - [2016preVFP] MISSING_CENTRAL: ZFake3Mu/Central/dR_pair_ss1_os in Skim_TriLep_DYJets.root
2026-04-12 21:17:21,524 - INFO - [2016preVFP] MISSING_CENTRAL: ZFake3Mu/Central/dR_pair_ss1_os in Skim_TriLep_DYJets10to50.root
2026-04-12 21:17:21,582 - INFO - [2016postVFP] MISSING_CENTRAL: ZFake3Mu/Central/dR_pair_ss1_os in Skim_TriLep_DYJets.root
2026-04-12 21:17:21,582 - INFO - [2016postVFP] MISSING_CENTRAL: ZFake3Mu/Central/dR_pair_ss1_os in Skim_TriLep_DYJets10to50.root
2026-04-12 21:17:21,583 - INFO - [2016postVFP] MISSING_CENTRAL: ZFake3Mu/Central/dR_pair_ss1_os in Skim_TriLep_TTG.root
2026-04-12 21:17:21,637 - INFO - [2017] MISSING_CENTRAL: ZFake3Mu/Central/dR_pair_ss1_os in Skim_TriLep_DYJets10to50.root
2026-04-12 21:17:21,695 - INFO - [2018] MISSING_CENTRAL: ZFake3Mu/Central/dR_pair_ss1_os in Skim_TriLep_DYJets10to50.root
2026-04-13 12:54:59,059 - INFO - [2016preVFP] MISSING_CENTRAL: ZFake3Mu/Central/dR_pair_ss1_os in Skim_TriLep_DYJets.root
2026-04-13 12:54:59,060 - INFO - [2016preVFP] MISSING_CENTRAL: ZFake3Mu/Central/dR_pair_ss1_os in Skim_TriLep_DYJets10to50.root
2026-04-13 12:54:59,130 - INFO - [2016postVFP] MISSING_CENTRAL: ZFake3Mu/Central/dR_pair_ss1_os in Skim_TriLep_DYJets.root
2026-04-13 12:54:59,131 - INFO - [2016postVFP] MISSING_CENTRAL: ZFake3Mu/Central/dR_pair_ss1_os in Skim_TriLep_DYJets10to50.root
2026-04-13 12:54:59,131 - INFO - [2016postVFP] MISSING_CENTRAL: ZFake3Mu/Central/dR_pair_ss1_os in Skim_TriLep_TTG.root
2026-04-13 12:54:59,198 - INFO - [2017] MISSING_CENTRAL: ZFake3Mu/Central/dR_pair_ss1_os in Skim_TriLep_DYJets10to50.root
2026-04-13 12:54:59,269 - INFO - [2018] MISSING_CENTRAL: ZFake3Mu/Central/dR_pair_ss1_os in Skim_TriLep_DYJets10to50.root
2026-04-16 17:37:29,636 - INFO - [2016preVFP] MISSING_CENTRAL: ZFake3Mu/Central/dR_pair_ss1_os in Skim_TriLep_DYJets.root
2026-04-16 17:37:29,637 - INFO - [2016preVFP] MISSING_CENTRAL: ZFake3Mu/Central/dR_pair_ss1_os in Skim_TriLep_DYJets10to50.root
2026-04-16 17:37:29,708 - INFO - [2016postVFP] MISSING_CENTRAL: ZFake3Mu/Central/dR_pair_ss1_os in Skim_TriLep_DYJets.root
2026-04-16 17:37:29,708 - INFO - [2016postVFP] MISSING_CENTRAL: ZFake3Mu/Central/dR_pair_ss1_os in Skim_TriLep_DYJets10to50.root
2026-04-16 17:37:29,708 - INFO - [2016postVFP] MISSING_CENTRAL: ZFake3Mu/Central/dR_pair_ss1_os in Skim_TriLep_TTG.root
2026-04-16 17:37:29,774 - INFO - [2017] MISSING_CENTRAL: ZFake3Mu/Central/dR_pair_ss1_os in Skim_TriLep_DYJets10to50.root
2026-04-16 17:37:29,847 - INFO - [2018] MISSING_CENTRAL: ZFake3Mu/Central/dR_pair_ss1_os in Skim_TriLep_DYJets10to50.root
2026-04-28 15:19:59,581 - INFO - [2016preVFP] MISSING_CENTRAL: ZFake3Mu/Central/dR_pair_ss1_os in Skim_TriLep_DYJets.root
2026-04-28 15:19:59,582 - INFO - [2016preVFP] MISSING_CENTRAL: ZFake3Mu/Central/dR_pair_ss1_os in Skim_TriLep_DYJets10to50.root
2026-04-28 15:19:59,652 - INFO - [2016postVFP] MISSING_CENTRAL: ZFake3Mu/Central/dR_pair_ss1_os in Skim_TriLep_DYJets.root
2026-04-28 15:19:59,653 - INFO - [2016postVFP] MISSING_CENTRAL: ZFake3Mu/Central/dR_pair_ss1_os in Skim_TriLep_DYJets10to50.root
2026-04-28 15:19:59,653 - INFO - [2016postVFP] MISSING_CENTRAL: ZFake3Mu/Central/dR_pair_ss1_os in Skim_TriLep_TTG.root
2026-04-28 15:19:59,718 - INFO - [2017] MISSING_CENTRAL: ZFake3Mu/Central/dR_pair_ss1_os in Skim_TriLep_DYJets10to50.root
2026-04-28 15:19:59,787 - INFO - [2018] MISSING_CENTRAL: ZFake3Mu/Central/dR_pair_ss1_os in Skim_TriLep_DYJets10to50.root
2026-04-28 20:33:10,242 - INFO - [2016preVFP] MISSING_CENTRAL: ZFake3Mu/Central/dR_pair_ss1_os in Skim_TriLep_DYJets.root
2026-04-28 20:33:10,242 - INFO - [2016preVFP] MISSING_CENTRAL: ZFake3Mu/Central/dR_pair_ss1_os in Skim_TriLep_DYJets10to50.root
2026-04-28 20:33:10,312 - INFO - [2016postVFP] MISSING_CENTRAL: ZFake3Mu/Central/dR_pair_ss1_os in Skim_TriLep_DYJets.root
2026-04-28 20:33:10,312 - INFO - [2016postVFP] MISSING_CENTRAL: ZFake3Mu/Central/dR_pair_ss1_os in Skim_TriLep_DYJets10to50.root
2026-04-28 20:33:10,313 - INFO - [2016postVFP] MISSING_CENTRAL: ZFake3Mu/Central/dR_pair_ss1_os in Skim_TriLep_TTG.root
2026-04-28 20:33:10,383 - INFO - [2017] MISSING_CENTRAL: ZFake3Mu/Central/dR_pair_ss1_os in Skim_TriLep_DYJets10to50.root
2026-04-28 20:33:10,457 - INFO - [2018] MISSING_CENTRAL: ZFake3Mu/Central/dR_pair_ss1_os in Skim_TriLep_DYJets10to50.root
2026-05-04 15:39:42,860 - INFO - [2016preVFP] MISSING_CENTRAL: ZFake3Mu/Central/dR_pair_ss1_os in Skim_TriLep_DYJets.root
2026-05-04 15:39:42,861 - INFO - [2016preVFP] MISSING_CENTRAL: ZFake3Mu/Central/dR_pair_ss1_os in Skim_TriLep_DYJets10to50.root
2026-05-04 15:39:42,926 - INFO - [2016postVFP] MISSING_CENTRAL: ZFake3Mu/Central/dR_pair_ss1_os in Skim_TriLep_DYJets.root
2026-05-04 15:39:42,926 - INFO - [2016postVFP] MISSING_CENTRAL: ZFake3Mu/Central/dR_pair_ss1_os in Skim_TriLep_DYJets10to50.root
2026-05-04 15:39:42,927 - INFO - [2016postVFP] MISSING_CENTRAL: ZFake3Mu/Central/dR_pair_ss1_os in Skim_TriLep_TTG.root
2026-05-04 15:39:42,989 - INFO - [2017] MISSING_CENTRAL: ZFake3Mu/Central/dR_pair_ss1_os in Skim_TriLep_DYJets10to50.root
2026-05-04 15:39:43,055 - INFO - [2018] MISSING_CENTRAL: ZFake3Mu/Central/dR_pair_ss1_os in Skim_TriLep_DYJets10to50.root
2026-05-04 16:03:48,218 - INFO - [2016preVFP] MISSING_CENTRAL: ZFake3Mu/Central/dR_pair_ss1_os in Skim_TriLep_DYJets.root
2026-05-04 16:03:48,219 - INFO - [2016preVFP] MISSING_CENTRAL: ZFake3Mu/Central/dR_pair_ss1_os in Skim_TriLep_DYJets10to50.root
2026-05-04 16:03:48,287 - INFO - [2016postVFP] MISSING_CENTRAL: ZFake3Mu/Central/dR_pair_ss1_os in Skim_TriLep_DYJets.root
2026-05-04 16:03:48,288 - INFO - [2016postVFP] MISSING_CENTRAL: ZFake3Mu/Central/dR_pair_ss1_os in Skim_TriLep_DYJets10to50.root
2026-05-04 16:03:48,288 - INFO - [2016postVFP] MISSING_CENTRAL: ZFake3Mu/Central/dR_pair_ss1_os in Skim_TriLep_TTG.root
2026-05-04 16:03:48,355 - INFO - [2017] MISSING_CENTRAL: ZFake3Mu/Central/dR_pair_ss1_os in Skim_TriLep_DYJets10to50.root
2026-05-04 16:03:48,424 - INFO - [2018] MISSING_CENTRAL: ZFake3Mu/Central/dR_pair_ss1_os in Skim_TriLep_DYJets10to50.root
2026-05-04 17:07:05,526 - INFO - [2016preVFP] MISSING_CENTRAL: ZFake3Mu/Central/dR_pair_ss1_os in Skim_TriLep_DYJets.root
2026-05-04 17:07:05,527 - INFO - [2016preVFP] MISSING_CENTRAL: ZFake3Mu/Central/dR_pair_ss1_os in Skim_TriLep_DYJets10to50.root
2026-05-04 17:07:05,597 - INFO - [2016postVFP] MISSING_CENTRAL: ZFake3Mu/Central/dR_pair_ss1_os in Skim_TriLep_DYJets.root
2026-05-04 17:07:05,597 - INFO - [2016postVFP] MISSING_CENTRAL: ZFake3Mu/Central/dR_pair_ss1_os in Skim_TriLep_DYJets10to50.root
2026-05-04 17:07:05,597 - INFO - [2016postVFP] MISSING_CENTRAL: ZFake3Mu/Central/dR_pair_ss1_os in Skim_TriLep_TTG.root
2026-05-04 17:07:05,665 - INFO - [2017] MISSING_CENTRAL: ZFake3Mu/Central/dR_pair_ss1_os in Skim_TriLep_DYJets10to50.root
2026-05-04 17:07:05,738 - INFO - [2018] MISSING_CENTRAL: ZFake3Mu/Central/dR_pair_ss1_os in Skim_TriLep_DYJets10to50.root
2026-05-28 15:43:59,969 - INFO - [2016preVFP] MISSING_CENTRAL: ZFake3Mu/Central/dR_pair_ss1_os in Skim_TriLep_DYJets.root
2026-05-28 15:43:59,970 - INFO - [2016preVFP] MISSING_CENTRAL: ZFake3Mu/Central/dR_pair_ss1_os in Skim_TriLep_DYJets10to50.root
2026-05-28 15:44:00,072 - INFO - [2016postVFP] MISSING_CENTRAL: ZFake3Mu/Central/dR_pair_ss1_os in Skim_TriLep_DYJets.root
2026-05-28 15:44:00,073 - INFO - [2016postVFP] MISSING_CENTRAL: ZFake3Mu/Central/dR_pair_ss1_os in Skim_TriLep_DYJets10to50.root
2026-05-28 15:44:00,074 - INFO - [2016postVFP] MISSING_CENTRAL: ZFake3Mu/Central/dR_pair_ss1_os in Skim_TriLep_TTG.root
2026-05-28 15:44:00,175 - INFO - [2017] MISSING_CENTRAL: ZFake3Mu/Central/dR_pair_ss1_os in Skim_TriLep_DYJets10to50.root
2026-05-28 15:44:00,294 - INFO - [2018] MISSING_CENTRAL: ZFake3Mu/Central/dR_pair_ss1_os in Skim_TriLep_DYJets10to50.root
2026-05-29 15:20:50,085 - INFO - [2016preVFP] MISSING_CENTRAL: ZFake3Mu/Central/dR_pair_ss1_os in Skim_TriLep_DYJets.root
2026-05-29 15:20:50,092 - INFO - [2016preVFP] MISSING_CENTRAL: ZFake3Mu/Central/dR_pair_ss1_os in Skim_TriLep_DYJets10to50.root
2026-05-29 15:20:50,157 - INFO - [2016postVFP] MISSING_CENTRAL: ZFake3Mu/Central/dR_pair_ss1_os in Skim_TriLep_DYJets.root
2026-05-29 15:20:50,157 - INFO - [2016postVFP] MISSING_CENTRAL: ZFake3Mu/Central/dR_pair_ss1_os in Skim_TriLep_DYJets10to50.root
2026-05-29 15:20:50,157 - INFO - [2016postVFP] MISSING_CENTRAL: ZFake3Mu/Central/dR_pair_ss1_os in Skim_TriLep_TTG.root
2026-05-29 15:20:50,220 - INFO - [2017] MISSING_CENTRAL: ZFake3Mu/Central/dR_pair_ss1_os in Skim_TriLep_DYJets10to50.root
2026-05-29 15:20:50,288 - INFO - [2018] MISSING_CENTRAL: ZFake3Mu/Central/dR_pair_ss1_os in Skim_TriLep_DYJets10to50.root
2026-05-29 15:34:52,233 - INFO - [2016preVFP] MISSING_CENTRAL: ZFake3Mu/Central/dR_pair_ss1_os in Skim_TriLep_DYJets.root
2026-05-29 15:34:52,234 - INFO - [2016preVFP] MISSING_CENTRAL: ZFake3Mu/Central/dR_pair_ss1_os in Skim_TriLep_DYJets10to50.root
2026-05-29 15:34:52,306 - INFO - [2016postVFP] MISSING_CENTRAL: ZFake3Mu/Central/dR_pair_ss1_os in Skim_TriLep_DYJets.root
2026-05-29 15:34:52,306 - INFO - [2016postVFP] MISSING_CENTRAL: ZFake3Mu/Central/dR_pair_ss1_os in Skim_TriLep_DYJets10to50.root
2026-05-29 15:34:52,306 - INFO - [2016postVFP] MISSING_CENTRAL: ZFake3Mu/Central/dR_pair_ss1_os in Skim_TriLep_TTG.root
2026-05-29 15:34:52,373 - INFO - [2017] MISSING_CENTRAL: ZFake3Mu/Central/dR_pair_ss1_os in Skim_TriLep_DYJets10to50.root
2026-05-29 15:34:52,442 - INFO - [2018] MISSING_CENTRAL: ZFake3Mu/Central/dR_pair_ss1_os in Skim_TriLep_DYJets10to50.root
2026-05-29 18:26:05,562 - INFO - [2016preVFP] MISSING_CENTRAL: ZFake3Mu/Central/dR_pair_ss1_os in Skim_TriLep_DYJets.root
2026-05-29 18:26:05,564 - INFO - [2016preVFP] MISSING_CENTRAL: ZFake3Mu/Central/dR_pair_ss1_os in Skim_TriLep_DYJets10to50.root
2026-05-29 18:26:05,629 - INFO - [2016postVFP] MISSING_CENTRAL: ZFake3Mu/Central/dR_pair_ss1_os in Skim_TriLep_DYJets.root
2026-05-29 18:26:05,630 - INFO - [2016postVFP] MISSING_CENTRAL: ZFake3Mu/Central/dR_pair_ss1_os in Skim_TriLep_DYJets10to50.root
2026-05-29 18:26:05,630 - INFO - [2016postVFP] MISSING_CENTRAL: ZFake3Mu/Central/dR_pair_ss1_os in Skim_TriLep_TTG.root
2026-05-29 18:26:05,693 - INFO - [2017] MISSING_CENTRAL: ZFake3Mu/Central/dR_pair_ss1_os in Skim_TriLep_DYJets10to50.root
2026-05-29 18:26:05,759 - INFO - [2018] MISSING_CENTRAL: ZFake3Mu/Central/dR_pair_ss1_os in Skim_TriLep_DYJets10to50.root
2026-06-12 14:27:41,665 - INFO - [2016preVFP] MISSING_CENTRAL: ZFake3Mu/Central/dR_pair_ss1_os in Skim_TriLep_DYJets.root
2026-06-12 14:27:41,666 - INFO - [2016preVFP] MISSING_CENTRAL: ZFake3Mu/Central/dR_pair_ss1_os in Skim_TriLep_DYJets10to50.root
2026-06-12 14:27:41,739 - INFO - [2016postVFP] MISSING_CENTRAL: ZFake3Mu/Central/dR_pair_ss1_os in Skim_TriLep_DYJets.root
2026-06-12 14:27:41,740 - INFO - [2016postVFP] MISSING_CENTRAL: ZFake3Mu/Central/dR_pair_ss1_os in Skim_TriLep_DYJets10to50.root
2026-06-12 14:27:41,740 - INFO - [2016postVFP] MISSING_CENTRAL: ZFake3Mu/Central/dR_pair_ss1_os in Skim_TriLep_TTG.root
2026-06-12 14:27:41,804 - INFO - [2017] MISSING_CENTRAL: ZFake3Mu/Central/dR_pair_ss1_os in Skim_TriLep_DYJets10to50.root
2026-06-12 14:27:41,872 - INFO - [2018] MISSING_CENTRAL: ZFake3Mu/Central/dR_pair_ss1_os in Skim_TriLep_DYJets10to50.root
2026-06-18 00:22:03,853 - INFO - [2016preVFP] MISSING_CENTRAL: ZFake3Mu/Central/dR_pair_ss1_os in Skim_TriLep_DYJets.root
2026-06-18 00:22:03,854 - INFO - [2016preVFP] MISSING_CENTRAL: ZFake3Mu/Central/dR_pair_ss1_os in Skim_TriLep_DYJets10to50.root
2026-06-18 00:22:03,923 - INFO - [2016postVFP] MISSING_CENTRAL: ZFake3Mu/Central/dR_pair_ss1_os in Skim_TriLep_DYJets.root
2026-06-18 00:22:03,923 - INFO - [2016postVFP] MISSING_CENTRAL: ZFake3Mu/Central/dR_pair_ss1_os in Skim_TriLep_DYJets10to50.root
2026-06-18 00:22:03,923 - INFO - [2016postVFP] MISSING_CENTRAL: ZFake3Mu/Central/dR_pair_ss1_os in Skim_TriLep_TTG.root
2026-06-18 00:22:03,989 - INFO - [2017] MISSING_CENTRAL: ZFake3Mu/Central/dR_pair_ss1_os in Skim_TriLep_DYJets10to50.root
2026-06-18 00:22:04,060 - INFO - [2018] MISSING_CENTRAL: ZFake3Mu/Central/dR_pair_ss1_os in Skim_TriLep_DYJets10to50.root
2026-07-01 17:36:22,244 - INFO - [2016preVFP] MISSING_CENTRAL: ZFake3Mu/Central/dR_pair_ss1_os in Skim_TriLep_DYJets.root
2026-07-01 17:36:22,245 - INFO - [2016preVFP] MISSING_CENTRAL: ZFake3Mu/Central/dR_pair_ss1_os in Skim_TriLep_DYJets10to50.root
2026-07-01 17:36:22,497 - INFO - [2016postVFP] MISSING_CENTRAL: ZFake3Mu/Central/dR_pair_ss1_os in Skim_TriLep_DYJets.root
2026-07-01 17:36:22,498 - INFO - [2016postVFP] MISSING_CENTRAL: ZFake3Mu/Central/dR_pair_ss1_os in Skim_TriLep_DYJets10to50.root
2026-07-01 17:36:22,499 - INFO - [2016postVFP] MISSING_CENTRAL: ZFake3Mu/Central/dR_pair_ss1_os in Skim_TriLep_TTG.root
2026-07-01 17:36:22,735 - INFO - [2017] MISSING_CENTRAL: ZFake3Mu/Central/dR_pair_ss1_os in Skim_TriLep_DYJets10to50.root
2026-07-01 17:36:22,906 - INFO - [2018] MISSING_CENTRAL: ZFake3Mu/Central/dR_pair_ss1_os in Skim_TriLep_DYJets10to50.root
2026-07-21 19:31:31,792 - INFO - [2016preVFP] MISSING_CENTRAL: ZFake3Mu/Central/dR_pair_ss1_os in Skim_TriLep_DYJets.root
2026-07-21 19:31:31,792 - INFO - [2016preVFP] MISSING_CENTRAL: ZFake3Mu/Central/dR_pair_ss1_os in Skim_TriLep_DYJets10to50.root
2026-07-21 19:31:32,002 - INFO - [2016postVFP] MISSING_CENTRAL: ZFake3Mu/Central/dR_pair_ss1_os in Skim_TriLep_DYJets.root
2026-07-21 19:31:32,002 - INFO - [2016postVFP] MISSING_CENTRAL: ZFake3Mu/Central/dR_pair_ss1_os in Skim_TriLep_DYJets10to50.root
2026-07-21 19:31:32,002 - INFO - [2016postVFP] MISSING_CENTRAL: ZFake3Mu/Central/dR_pair_ss1_os in Skim_TriLep_TTG.root
2026-07-21 19:31:32,216 - INFO - [2017] MISSING_CENTRAL: ZFake3Mu/Central/dR_pair_ss1_os in Skim_TriLep_DYJets10to50.root
2026-07-21 19:31:32,438 - INFO - [2018] MISSING_CENTRAL: ZFake3Mu/Central/dR_pair_ss1_os in Skim_TriLep_DYJets10to50.root
