2025-09-24 15:50:59,624 - INFO - [2016preVFP] MISSING_CENTRAL: ZFake3Mu/Central/muons/3/py in Skim_TriLep_DYJets.root
2025-09-24 15:50:59,625 - INFO - [2016preVFP] MISSING_CENTRAL: ZFake3Mu/Central/muons/3/py in Skim_TriLep_DYJets10to50.root
2025-09-24 15:51:00,305 - INFO - [2016postVFP] MISSING_CENTRAL: ZFake3Mu/Central/muons/3/py in Skim_TriLep_DYJets.root
2025-09-24 15:51:00,305 - INFO - [2016postVFP] MISSING_CENTRAL: ZFake3Mu/Central/muons/3/py in Skim_TriLep_DYJets10to50.root
2025-09-24 15:51:01,246 - INFO - [2017] MISSING_CENTRAL: ZFake3Mu/Central/muons/3/py in Skim_TriLep_DYJets10to50.root
2025-09-24 15:51:01,795 - INFO - [2018] MISSING_CENTRAL: ZFake3Mu/Central/muons/3/py in Skim_TriLep_DYJets10to50.root
2025-09-24 15:51:01,814 - INFO - [2018] MISSING_FILE: /Users/choij/Sync/workspace/ChargedHiggsAnalysisV3/SKNanoOutput/PromptSelector/Run3Mu_RunSyst/2018/Skim_TriLep_TTG.root
2025-09-24 15:51:01,876 - INFO - [2018] MISSING_FILE: /Users/choij/Sync/workspace/ChargedHiggsAnalysisV3/SKNanoOutput/PromptSelector/Run3Mu_RunSyst/2018/Skim_TriLep_TTHToNonbb.root
2025-09-24 15:51:01,931 - INFO - [2018] MISSING_FILE: /Users/choij/Sync/workspace/ChargedHiggsAnalysisV3/SKNanoOutput/PromptSelector/Run3Mu_RunSyst/2018/Skim_TriLep_tHq.root
2025-09-24 15:51:02,016 - INFO - [2018] MISSING_FILE: /Users/choij/Sync/workspace/ChargedHiggsAnalysisV3/SKNanoOutput/PromptSelector/Run3Mu_RunSyst/2018/Skim_TriLep_VBFHToZZTo4L.root
2025-10-02 21:14:41,267 - INFO - [2016preVFP] MISSING_CENTRAL: ZFake3Mu/Central/muons/3/py in Skim_TriLep_DYJets.root
2025-10-02 21:14:41,277 - INFO - [2016preVFP] MISSING_CENTRAL: ZFake3Mu/Central/muons/3/py in Skim_TriLep_DYJets10to50.root
2025-10-02 21:14:41,980 - INFO - [2016postVFP] MISSING_CENTRAL: ZFake3Mu/Central/muons/3/py in Skim_TriLep_DYJets.root
2025-10-02 21:14:41,982 - INFO - [2016postVFP] MISSING_CENTRAL: ZFake3Mu/Central/muons/3/py in Skim_TriLep_DYJets10to50.root
2025-10-02 21:14:42,658 - INFO - [2017] MISSING_CENTRAL: ZFake3Mu/Central/muons/3/py in Skim_TriLep_DYJets10to50.root
2025-10-02 21:14:43,601 - INFO - [2018] MISSING_CENTRAL: ZFake3Mu/Central/muons/3/py in Skim_TriLep_DYJets10to50.root
2025-10-02 21:14:43,651 - INFO - [2018] MISSING_FILE: /data9/Users/choij/Sync/workspace/ChargedHiggsAnalysisV3/SKNanoOutput/PromptSelector/Run3Mu_RunSyst/2018/Skim_TriLep_TTG.root
2025-10-02 21:14:43,817 - INFO - [2018] MISSING_FILE: /data9/Users/choij/Sync/workspace/ChargedHiggsAnalysisV3/SKNanoOutput/PromptSelector/Run3Mu_RunSyst/2018/Skim_TriLep_TTHToNonbb.root
2025-10-02 21:14:43,949 - INFO - [2018] MISSING_FILE: /data9/Users/choij/Sync/workspace/ChargedHiggsAnalysisV3/SKNanoOutput/PromptSelector/Run3Mu_RunSyst/2018/Skim_TriLep_tHq.root
2025-10-02 21:14:44,159 - INFO - [2018] MISSING_FILE: /data9/Users/choij/Sync/workspace/ChargedHiggsAnalysisV3/SKNanoOutput/PromptSelector/Run3Mu_RunSyst/2018/Skim_TriLep_VBFHToZZTo4L.root
2025-10-03 00:03:24,047 - INFO - [2016preVFP] MISSING_CENTRAL: ZFake3Mu/Central/muons/3/py in Skim_TriLep_DYJets.root
2025-10-03 00:03:24,048 - INFO - [2016preVFP] MISSING_CENTRAL: ZFake3Mu/Central/muons/3/py in Skim_TriLep_DYJets10to50.root
2025-10-03 00:03:24,314 - INFO - [2016postVFP] MISSING_CENTRAL: ZFake3Mu/Central/muons/3/py in Skim_TriLep_DYJets.root
2025-10-03 00:03:24,314 - INFO - [2016postVFP] MISSING_CENTRAL: ZFake3Mu/Central/muons/3/py in Skim_TriLep_DYJets10to50.root
2025-10-03 00:03:24,978 - INFO - [2017] MISSING_CENTRAL: ZFake3Mu/Central/muons/3/py in Skim_TriLep_DYJets10to50.root
2025-10-03 00:03:25,776 - INFO - [2018] MISSING_CENTRAL: ZFake3Mu/Central/muons/3/py in Skim_TriLep_DYJets10to50.root
2025-10-03 00:03:25,791 - INFO - [2018] MISSING_FILE: /Users/choij/Sync/workspace/ChargedHiggsAnalysisV3/SKNanoOutput/PromptSelector/Run3Mu_RunSyst/2018/Skim_TriLep_TTG.root
2025-10-03 00:03:25,837 - INFO - [2018] MISSING_FILE: /Users/choij/Sync/workspace/ChargedHiggsAnalysisV3/SKNanoOutput/PromptSelector/Run3Mu_RunSyst/2018/Skim_TriLep_TTHToNonbb.root
2025-10-03 00:03:25,889 - INFO - [2018] MISSING_FILE: /Users/choij/Sync/workspace/ChargedHiggsAnalysisV3/SKNanoOutput/PromptSelector/Run3Mu_RunSyst/2018/Skim_TriLep_tHq.root
2025-10-03 00:03:25,973 - INFO - [2018] MISSING_FILE: /Users/choij/Sync/workspace/ChargedHiggsAnalysisV3/SKNanoOutput/PromptSelector/Run3Mu_RunSyst/2018/Skim_TriLep_VBFHToZZTo4L.root
2025-11-05 22:04:07,955 - INFO - [2016preVFP] MISSING_CENTRAL: ZFake3Mu/Central/muons/3/py in Skim_TriLep_DYJets.root
2025-11-05 22:04:07,956 - INFO - [2016preVFP] MISSING_CENTRAL: ZFake3Mu/Central/muons/3/py in Skim_TriLep_DYJets10to50.root
2025-11-05 22:04:08,253 - INFO - [2016postVFP] MISSING_CENTRAL: ZFake3Mu/Central/muons/3/py in Skim_TriLep_DYJets.root
2025-11-05 22:04:08,253 - INFO - [2016postVFP] MISSING_CENTRAL: ZFake3Mu/Central/muons/3/py in Skim_TriLep_DYJets10to50.root
2025-11-05 22:04:08,637 - INFO - [2017] MISSING_CENTRAL: ZFake3Mu/Central/muons/3/py in Skim_TriLep_DYJets10to50.root
2025-11-05 22:04:08,972 - INFO - [2018] MISSING_CENTRAL: ZFake3Mu/Central/muons/3/py in Skim_TriLep_DYJets10to50.root
2025-11-05 22:19:51,317 - INFO - [2016preVFP] MISSING_CENTRAL: ZFake3Mu/Central/muons/3/py in Skim_TriLep_DYJets.root
2025-11-05 22:19:51,318 - INFO - [2016preVFP] MISSING_CENTRAL: ZFake3Mu/Central/muons/3/py in Skim_TriLep_DYJets10to50.root
2025-11-05 22:19:51,604 - INFO - [2016postVFP] MISSING_CENTRAL: ZFake3Mu/Central/muons/3/py in Skim_TriLep_DYJets.root
2025-11-05 22:19:51,605 - INFO - [2016postVFP] MISSING_CENTRAL: ZFake3Mu/Central/muons/3/py in Skim_TriLep_DYJets10to50.root
2025-11-05 22:19:51,909 - INFO - [2017] MISSING_CENTRAL: ZFake3Mu/Central/muons/3/py in Skim_TriLep_DYJets10to50.root
2025-11-05 22:19:52,229 - INFO - [2018] MISSING_CENTRAL: ZFake3Mu/Central/muons/3/py in Skim_TriLep_DYJets10to50.root
2025-11-05 23:24:25,424 - INFO - [2016preVFP] MISSING_CENTRAL: ZFake3Mu/Central/muons/3/py in Skim_TriLep_DYJets.root
2025-11-05 23:24:25,425 - INFO - [2016preVFP] MISSING_CENTRAL: ZFake3Mu/Central/muons/3/py in Skim_TriLep_DYJets10to50.root
2025-11-05 23:24:25,706 - INFO - [2016postVFP] MISSING_CENTRAL: ZFake3Mu/Central/muons/3/py in Skim_TriLep_DYJets.root
2025-11-05 23:24:25,706 - INFO - [2016postVFP] MISSING_CENTRAL: ZFake3Mu/Central/muons/3/py in Skim_TriLep_DYJets10to50.root
2025-11-05 23:24:26,018 - INFO - [2017] MISSING_CENTRAL: ZFake3Mu/Central/muons/3/py in Skim_TriLep_DYJets10to50.root
2025-11-05 23:24:26,331 - INFO - [2018] MISSING_CENTRAL: ZFake3Mu/Central/muons/3/py in Skim_TriLep_DYJets10to50.root
2025-11-07 12:27:36,370 - INFO - [2016preVFP] MISSING_CENTRAL: ZFake3Mu/Central/muons/3/py in Skim_TriLep_DYJets.root
2025-11-07 12:27:36,370 - INFO - [2016preVFP] MISSING_CENTRAL: ZFake3Mu/Central/muons/3/py in Skim_TriLep_DYJets10to50.root
2025-11-07 12:27:36,647 - INFO - [2016postVFP] MISSING_CENTRAL: ZFake3Mu/Central/muons/3/py in Skim_TriLep_DYJets.root
2025-11-07 12:27:36,647 - INFO - [2016postVFP] MISSING_CENTRAL: ZFake3Mu/Central/muons/3/py in Skim_TriLep_DYJets10to50.root
2025-11-07 12:27:36,949 - INFO - [2017] MISSING_CENTRAL: ZFake3Mu/Central/muons/3/py in Skim_TriLep_DYJets10to50.root
2025-11-07 12:27:37,266 - INFO - [2018] MISSING_CENTRAL: ZFake3Mu/Central/muons/3/py in Skim_TriLep_DYJets10to50.root
2025-11-07 13:08:15,553 - INFO - [2016preVFP] MISSING_CENTRAL: ZFake3Mu/Central/muons/3/py in Skim_TriLep_DYJets.root
2025-11-07 13:08:15,554 - INFO - [2016preVFP] MISSING_CENTRAL: ZFake3Mu/Central/muons/3/py in Skim_TriLep_DYJets10to50.root
2025-11-07 13:08:15,858 - INFO - [2016postVFP] MISSING_CENTRAL: ZFake3Mu/Central/muons/3/py in Skim_TriLep_DYJets.root
2025-11-07 13:08:15,858 - INFO - [2016postVFP] MISSING_CENTRAL: ZFake3Mu/Central/muons/3/py in Skim_TriLep_DYJets10to50.root
2025-11-07 13:08:16,181 - INFO - [2017] MISSING_CENTRAL: ZFake3Mu/Central/muons/3/py in Skim_TriLep_DYJets10to50.root
2025-11-07 13:08:16,502 - INFO - [2018] MISSING_CENTRAL: ZFake3Mu/Central/muons/3/py in Skim_TriLep_DYJets10to50.root
2025-11-07 14:04:58,130 - INFO - [2016preVFP] MISSING_CENTRAL: ZFake3Mu/Central/muons/3/py in Skim_TriLep_DYJets.root
2025-11-07 14:04:58,131 - INFO - [2016preVFP] MISSING_CENTRAL: ZFake3Mu/Central/muons/3/py in Skim_TriLep_DYJets10to50.root
2025-11-07 14:04:58,421 - INFO - [2016postVFP] MISSING_CENTRAL: ZFake3Mu/Central/muons/3/py in Skim_TriLep_DYJets.root
2025-11-07 14:04:58,422 - INFO - [2016postVFP] MISSING_CENTRAL: ZFake3Mu/Central/muons/3/py in Skim_TriLep_DYJets10to50.root
2025-11-07 14:04:58,730 - INFO - [2017] MISSING_CENTRAL: ZFake3Mu/Central/muons/3/py in Skim_TriLep_DYJets10to50.root
2025-11-07 14:04:59,041 - INFO - [2018] MISSING_CENTRAL: ZFake3Mu/Central/muons/3/py in Skim_TriLep_DYJets10to50.root
2025-11-10 05:56:08,482 - INFO - [2016preVFP] MISSING_CENTRAL: ZFake3Mu/Central/muons/3/py in Skim_TriLep_DYJets.root
2025-11-10 05:56:08,483 - INFO - [2016preVFP] MISSING_CENTRAL: ZFake3Mu/Central/muons/3/py in Skim_TriLep_DYJets10to50.root
2025-11-10 05:56:08,758 - INFO - [2016postVFP] MISSING_CENTRAL: ZFake3Mu/Central/muons/3/py in Skim_TriLep_DYJets.root
2025-11-10 05:56:08,758 - INFO - [2016postVFP] MISSING_CENTRAL: ZFake3Mu/Central/muons/3/py in Skim_TriLep_DYJets10to50.root
2025-11-10 05:56:09,096 - INFO - [2017] MISSING_CENTRAL: ZFake3Mu/Central/muons/3/py in Skim_TriLep_DYJets10to50.root
2025-11-10 05:56:09,484 - INFO - [2018] MISSING_CENTRAL: ZFake3Mu/Central/muons/3/py in Skim_TriLep_DYJets10to50.root
2025-11-10 12:20:01,612 - INFO - [2016preVFP] MISSING_CENTRAL: ZFake3Mu/Central/muons/3/py in Skim_TriLep_DYJets.root
2025-11-10 12:20:01,613 - INFO - [2016preVFP] MISSING_CENTRAL: ZFake3Mu/Central/muons/3/py in Skim_TriLep_DYJets10to50.root
2025-11-10 12:20:01,905 - INFO - [2016postVFP] MISSING_CENTRAL: ZFake3Mu/Central/muons/3/py in Skim_TriLep_DYJets.root
2025-11-10 12:20:01,905 - INFO - [2016postVFP] MISSING_CENTRAL: ZFake3Mu/Central/muons/3/py in Skim_TriLep_DYJets10to50.root
2025-11-10 12:20:02,221 - INFO - [2017] MISSING_CENTRAL: ZFake3Mu/Central/muons/3/py in Skim_TriLep_DYJets10to50.root
2025-11-10 12:20:02,552 - INFO - [2018] MISSING_CENTRAL: ZFake3Mu/Central/muons/3/py in Skim_TriLep_DYJets10to50.root
2025-11-13 11:09:33,232 - INFO - [2016preVFP] MISSING_CENTRAL: ZFake3Mu/Central/muons/3/py in Skim_TriLep_DYJets.root
2025-11-13 11:09:33,233 - INFO - [2016preVFP] MISSING_CENTRAL: ZFake3Mu/Central/muons/3/py in Skim_TriLep_DYJets10to50.root
2025-11-13 11:09:33,703 - INFO - [2016postVFP] MISSING_CENTRAL: ZFake3Mu/Central/muons/3/py in Skim_TriLep_DYJets.root
2025-11-13 11:09:33,704 - INFO - [2016postVFP] MISSING_CENTRAL: ZFake3Mu/Central/muons/3/py in Skim_TriLep_DYJets10to50.root
2025-11-13 11:09:34,218 - INFO - [2017] MISSING_CENTRAL: ZFake3Mu/Central/muons/3/py in Skim_TriLep_DYJets10to50.root
2025-11-13 11:09:34,807 - INFO - [2018] MISSING_CENTRAL: ZFake3Mu/Central/muons/3/py in Skim_TriLep_DYJets10to50.root
2025-11-19 16:09:48,105 - INFO - [2016preVFP] MISSING_CENTRAL: ZFake3Mu/Central/muons/3/py in Skim_TriLep_DYJets.root
2025-11-19 16:09:48,106 - INFO - [2016preVFP] MISSING_CENTRAL: ZFake3Mu/Central/muons/3/py in Skim_TriLep_DYJets10to50.root
2025-11-19 16:09:48,397 - INFO - [2016postVFP] MISSING_CENTRAL: ZFake3Mu/Central/muons/3/py in Skim_TriLep_DYJets.root
2025-11-19 16:09:48,398 - INFO - [2016postVFP] MISSING_CENTRAL: ZFake3Mu/Central/muons/3/py in Skim_TriLep_DYJets10to50.root
2025-11-19 16:09:48,699 - INFO - [2017] MISSING_CENTRAL: ZFake3Mu/Central/muons/3/py in Skim_TriLep_DYJets10to50.root
2025-11-19 16:09:48,995 - INFO - [2018] MISSING_CENTRAL: ZFake3Mu/Central/muons/3/py in Skim_TriLep_DYJets10to50.root
2025-11-19 16:22:24,505 - INFO - [2016preVFP] MISSING_CENTRAL: ZFake3Mu/Central/muons/3/py in Skim_TriLep_DYJets.root
2025-11-19 16:22:24,505 - INFO - [2016preVFP] MISSING_CENTRAL: ZFake3Mu/Central/muons/3/py in Skim_TriLep_DYJets10to50.root
2025-11-19 16:22:24,801 - INFO - [2016postVFP] MISSING_CENTRAL: ZFake3Mu/Central/muons/3/py in Skim_TriLep_DYJets.root
2025-11-19 16:22:24,801 - INFO - [2016postVFP] MISSING_CENTRAL: ZFake3Mu/Central/muons/3/py in Skim_TriLep_DYJets10to50.root
2025-11-19 16:22:25,124 - INFO - [2017] MISSING_CENTRAL: ZFake3Mu/Central/muons/3/py in Skim_TriLep_DYJets10to50.root
2025-11-19 16:22:25,455 - INFO - [2018] MISSING_CENTRAL: ZFake3Mu/Central/muons/3/py in Skim_TriLep_DYJets10to50.root
2025-12-17 22:36:52,628 - INFO - [2016preVFP] MISSING_CENTRAL: ZFake3Mu/Central/muons/3/py in Skim_TriLep_DYJets.root
2025-12-17 22:36:52,630 - INFO - [2016preVFP] MISSING_CENTRAL: ZFake3Mu/Central/muons/3/py in Skim_TriLep_DYJets10to50.root
2025-12-17 22:36:52,630 - INFO - [2016preVFP] MISSING_FILE: /data9/Users/choij/Sync/workspace/ChargedHiggsAnalysisV3/SKNanoOutput/PromptSelector/Run3Mu_RunSyst/2016preVFP/Skim_TriLep_ZGToLLG.root
2025-12-17 22:36:53,130 - INFO - [2016postVFP] MISSING_CENTRAL: ZFake3Mu/Central/muons/3/py in Skim_TriLep_DYJets.root
2025-12-17 22:36:53,132 - INFO - [2016postVFP] MISSING_CENTRAL: ZFake3Mu/Central/muons/3/py in Skim_TriLep_DYJets10to50.root
2025-12-17 22:36:53,134 - INFO - [2016postVFP] MISSING_CENTRAL: ZFake3Mu/Central/muons/3/py in Skim_TriLep_TTG.root
2025-12-17 22:36:53,606 - INFO - [2017] MISSING_CENTRAL: ZFake3Mu/Central/muons/3/py in Skim_TriLep_DYJets10to50.root
2025-12-17 22:36:54,113 - INFO - [2018] MISSING_CENTRAL: ZFake3Mu/Central/muons/3/py in Skim_TriLep_DYJets10to50.root
2025-12-18 14:20:58,766 - INFO - [2016preVFP] MISSING_CENTRAL: ZFake3Mu/Central/muons/3/py in Skim_TriLep_DYJets.root
2025-12-18 14:20:58,767 - INFO - [2016preVFP] MISSING_CENTRAL: ZFake3Mu/Central/muons/3/py in Skim_TriLep_DYJets10to50.root
2025-12-18 14:20:58,767 - INFO - [2016preVFP] MISSING_FILE: /data9/Users/choij/Sync/workspace/ChargedHiggsAnalysisV3/SKNanoOutput/PromptSelector/Run3Mu_RunSyst/2016preVFP/Skim_TriLep_ZGToLLG.root
2025-12-18 14:20:59,689 - INFO - [2016postVFP] MISSING_CENTRAL: ZFake3Mu/Central/muons/3/py in Skim_TriLep_DYJets.root
2025-12-18 14:20:59,697 - INFO - [2016postVFP] MISSING_CENTRAL: ZFake3Mu/Central/muons/3/py in Skim_TriLep_DYJets10to50.root
2025-12-18 14:20:59,701 - INFO - [2016postVFP] MISSING_CENTRAL: ZFake3Mu/Central/muons/3/py in Skim_TriLep_TTG.root
2025-12-18 14:21:00,171 - INFO - [2017] MISSING_CENTRAL: ZFake3Mu/Central/muons/3/py in Skim_TriLep_DYJets10to50.root
2025-12-18 14:21:00,888 - INFO - [2018] MISSING_CENTRAL: ZFake3Mu/Central/muons/3/py in Skim_TriLep_DYJets10to50.root
2025-12-18 14:36:23,625 - INFO - [2016preVFP] MISSING_CENTRAL: ZFake3Mu/Central/muons/3/py in Skim_TriLep_DYJets.root
2025-12-18 14:36:23,627 - INFO - [2016preVFP] MISSING_CENTRAL: ZFake3Mu/Central/muons/3/py in Skim_TriLep_DYJets10to50.root
2025-12-18 14:36:23,627 - INFO - [2016preVFP] MISSING_FILE: /data9/Users/choij/Sync/workspace/ChargedHiggsAnalysisV3/SKNanoOutput/PromptSelector/Run3Mu_RunSyst/2016preVFP/Skim_TriLep_ZGToLLG.root
2025-12-18 14:36:24,195 - INFO - [2016postVFP] MISSING_CENTRAL: ZFake3Mu/Central/muons/3/py in Skim_TriLep_DYJets.root
2025-12-18 14:36:24,196 - INFO - [2016postVFP] MISSING_CENTRAL: ZFake3Mu/Central/muons/3/py in Skim_TriLep_DYJets10to50.root
2025-12-18 14:36:24,197 - INFO - [2016postVFP] MISSING_CENTRAL: ZFake3Mu/Central/muons/3/py in Skim_TriLep_TTG.root
2025-12-18 14:36:24,651 - INFO - [2017] MISSING_CENTRAL: ZFake3Mu/Central/muons/3/py in Skim_TriLep_DYJets10to50.root
2025-12-18 14:36:25,259 - INFO - [2018] MISSING_CENTRAL: ZFake3Mu/Central/muons/3/py in Skim_TriLep_DYJets10to50.root
2026-01-07 11:46:23,060 - INFO - [2016preVFP] MISSING_CENTRAL: ZFake3Mu/Central/muons/3/py in Skim_TriLep_DYJets.root
2026-01-07 11:46:23,060 - INFO - [2016preVFP] MISSING_CENTRAL: ZFake3Mu/Central/muons/3/py in Skim_TriLep_DYJets10to50.root
2026-01-07 11:46:23,061 - INFO - [2016preVFP] MISSING_FILE: /data9/Users/choij/Sync/workspace/ChargedHiggsAnalysisV3/SKNanoOutput/PromptSelector/Run3Mu_RunSyst/2016preVFP/Skim_TriLep_ZGToLLG.root
2026-01-07 11:46:23,517 - INFO - [2016postVFP] MISSING_CENTRAL: ZFake3Mu/Central/muons/3/py in Skim_TriLep_DYJets.root
2026-01-07 11:46:23,518 - INFO - [2016postVFP] MISSING_CENTRAL: ZFake3Mu/Central/muons/3/py in Skim_TriLep_DYJets10to50.root
2026-01-07 11:46:23,518 - INFO - [2016postVFP] MISSING_CENTRAL: ZFake3Mu/Central/muons/3/py in Skim_TriLep_TTG.root
2026-01-07 11:46:23,976 - INFO - [2017] MISSING_CENTRAL: ZFake3Mu/Central/muons/3/py in Skim_TriLep_DYJets10to50.root
2026-01-07 11:46:24,469 - INFO - [2018] MISSING_CENTRAL: ZFake3Mu/Central/muons/3/py in Skim_TriLep_DYJets10to50.root
2026-01-07 18:43:02,708 - INFO - [2016preVFP] MISSING_CENTRAL: ZFake3Mu/Central/muons/3/py in Skim_TriLep_DYJets.root
2026-01-07 18:43:02,709 - INFO - [2016preVFP] MISSING_CENTRAL: ZFake3Mu/Central/muons/3/py in Skim_TriLep_DYJets10to50.root
2026-01-07 18:43:02,709 - INFO - [2016preVFP] MISSING_FILE: /data9/Users/choij/Sync/workspace/ChargedHiggsAnalysisV3/SKNanoOutput/PromptSelector/Run3Mu_RunSyst/2016preVFP/Skim_TriLep_ZGToLLG.root
2026-01-07 18:43:03,172 - INFO - [2016postVFP] MISSING_CENTRAL: ZFake3Mu/Central/muons/3/py in Skim_TriLep_DYJets.root
2026-01-07 18:43:03,173 - INFO - [2016postVFP] MISSING_CENTRAL: ZFake3Mu/Central/muons/3/py in Skim_TriLep_DYJets10to50.root
2026-01-07 18:43:03,173 - INFO - [2016postVFP] MISSING_CENTRAL: ZFake3Mu/Central/muons/3/py in Skim_TriLep_TTG.root
2026-01-07 18:43:03,647 - INFO - [2017] MISSING_CENTRAL: ZFake3Mu/Central/muons/3/py in Skim_TriLep_DYJets10to50.root
2026-01-07 18:43:04,156 - INFO - [2018] MISSING_CENTRAL: ZFake3Mu/Central/muons/3/py in Skim_TriLep_DYJets10to50.root
2026-01-09 12:16:59,714 - INFO - [2016preVFP] MISSING_CENTRAL: ZFake3Mu/Central/muons/3/py in Skim_TriLep_DYJets.root
2026-01-09 12:16:59,715 - INFO - [2016preVFP] MISSING_CENTRAL: ZFake3Mu/Central/muons/3/py in Skim_TriLep_DYJets10to50.root
2026-01-09 12:16:59,715 - INFO - [2016preVFP] MISSING_FILE: /home/choij/Sync/workspace/ChargedHiggsAnalysisV3/SKNanoOutput/PromptSelector/Run3Mu_RunSyst/2016preVFP/Skim_TriLep_ZGToLLG.root
2026-01-09 12:16:59,996 - INFO - [2016postVFP] MISSING_CENTRAL: ZFake3Mu/Central/muons/3/py in Skim_TriLep_DYJets.root
2026-01-09 12:16:59,996 - INFO - [2016postVFP] MISSING_CENTRAL: ZFake3Mu/Central/muons/3/py in Skim_TriLep_DYJets10to50.root
2026-01-09 12:16:59,997 - INFO - [2016postVFP] MISSING_CENTRAL: ZFake3Mu/Central/muons/3/py in Skim_TriLep_TTG.root
2026-01-09 12:17:00,277 - INFO - [2017] MISSING_CENTRAL: ZFake3Mu/Central/muons/3/py in Skim_TriLep_DYJets10to50.root
2026-01-09 12:17:00,582 - INFO - [2018] MISSING_CENTRAL: ZFake3Mu/Central/muons/3/py in Skim_TriLep_DYJets10to50.root
2026-01-11 09:37:03,393 - INFO - [2016preVFP] MISSING_CENTRAL: ZFake3Mu/Central/muons/3/py in Skim_TriLep_DYJets.root
2026-01-11 09:37:03,394 - INFO - [2016preVFP] MISSING_CENTRAL: ZFake3Mu/Central/muons/3/py in Skim_TriLep_DYJets10to50.root
2026-01-11 09:37:03,394 - INFO - [2016preVFP] MISSING_FILE: /home/choij/Sync/workspace/ChargedHiggsAnalysisV3/SKNanoOutput/PromptSelector/Run3Mu_RunSyst/2016preVFP/Skim_TriLep_ZGToLLG.root
2026-01-11 09:37:03,675 - INFO - [2016postVFP] MISSING_CENTRAL: ZFake3Mu/Central/muons/3/py in Skim_TriLep_DYJets.root
2026-01-11 09:37:03,676 - INFO - [2016postVFP] MISSING_CENTRAL: ZFake3Mu/Central/muons/3/py in Skim_TriLep_DYJets10to50.root
2026-01-11 09:37:03,677 - INFO - [2016postVFP] MISSING_CENTRAL: ZFake3Mu/Central/muons/3/py in Skim_TriLep_TTG.root
2026-01-11 09:37:03,964 - INFO - [2017] MISSING_CENTRAL: ZFake3Mu/Central/muons/3/py in Skim_TriLep_DYJets10to50.root
2026-01-11 09:37:04,275 - INFO - [2018] MISSING_CENTRAL: ZFake3Mu/Central/muons/3/py in Skim_TriLep_DYJets10to50.root
2026-01-12 13:45:42,030 - INFO - [2016preVFP] MISSING_FILE: /home/choij/Sync/workspace/ChargedHiggsAnalysisV3/SKNanoOutput/MatrixSelector/Run3Mu/2016preVFP/Skim_TriLep_DoubleMuon_B.root
2026-01-12 13:45:42,030 - INFO - [2016preVFP] MISSING_FILE: /home/choij/Sync/workspace/ChargedHiggsAnalysisV3/SKNanoOutput/MatrixSelector/Run3Mu/2016preVFP/Skim_TriLep_DoubleMuon_C.root
2026-01-12 13:45:42,031 - INFO - [2016preVFP] MISSING_FILE: /home/choij/Sync/workspace/ChargedHiggsAnalysisV3/SKNanoOutput/MatrixSelector/Run3Mu/2016preVFP/Skim_TriLep_DoubleMuon_D.root
2026-01-12 13:45:42,031 - INFO - [2016preVFP] MISSING_FILE: /home/choij/Sync/workspace/ChargedHiggsAnalysisV3/SKNanoOutput/MatrixSelector/Run3Mu/2016preVFP/Skim_TriLep_DoubleMuon_E.root
2026-01-12 13:45:42,031 - INFO - [2016preVFP] MISSING_FILE: /home/choij/Sync/workspace/ChargedHiggsAnalysisV3/SKNanoOutput/MatrixSelector/Run3Mu/2016preVFP/Skim_TriLep_DoubleMuon_F.root
2026-01-12 13:45:42,031 - INFO - [2016preVFP] MISSING_CENTRAL: ZFake3Mu/Central/muons/3/py in Skim_TriLep_DYJets.root
2026-01-12 13:45:42,031 - INFO - [2016preVFP] MISSING_CENTRAL: ZFake3Mu/Central/muons/3/py in Skim_TriLep_DYJets10to50.root
2026-01-12 13:45:42,032 - INFO - [2016preVFP] MISSING_FILE: /home/choij/Sync/workspace/ChargedHiggsAnalysisV3/SKNanoOutput/PromptSelector/Run3Mu_RunSyst/2016preVFP/Skim_TriLep_ZGToLLG.root
2026-01-12 13:45:42,321 - INFO - [2016postVFP] MISSING_FILE: /home/choij/Sync/workspace/ChargedHiggsAnalysisV3/SKNanoOutput/MatrixSelector/Run3Mu/2016postVFP/Skim_TriLep_DoubleMuon_F.root
2026-01-12 13:45:42,321 - INFO - [2016postVFP] MISSING_FILE: /home/choij/Sync/workspace/ChargedHiggsAnalysisV3/SKNanoOutput/MatrixSelector/Run3Mu/2016postVFP/Skim_TriLep_DoubleMuon_G.root
2026-01-12 13:45:42,321 - INFO - [2016postVFP] MISSING_FILE: /home/choij/Sync/workspace/ChargedHiggsAnalysisV3/SKNanoOutput/MatrixSelector/Run3Mu/2016postVFP/Skim_TriLep_DoubleMuon_H.root
2026-01-12 13:45:42,322 - INFO - [2016postVFP] MISSING_CENTRAL: ZFake3Mu/Central/muons/3/py in Skim_TriLep_DYJets.root
2026-01-12 13:45:42,322 - INFO - [2016postVFP] MISSING_CENTRAL: ZFake3Mu/Central/muons/3/py in Skim_TriLep_DYJets10to50.root
2026-01-12 13:45:42,323 - INFO - [2016postVFP] MISSING_CENTRAL: ZFake3Mu/Central/muons/3/py in Skim_TriLep_TTG.root
2026-01-12 13:45:42,588 - INFO - [2017] MISSING_FILE: /home/choij/Sync/workspace/ChargedHiggsAnalysisV3/SKNanoOutput/MatrixSelector/Run3Mu/2017/Skim_TriLep_DoubleMuon_B.root
2026-01-12 13:45:42,588 - INFO - [2017] MISSING_FILE: /home/choij/Sync/workspace/ChargedHiggsAnalysisV3/SKNanoOutput/MatrixSelector/Run3Mu/2017/Skim_TriLep_DoubleMuon_C.root
2026-01-12 13:45:42,588 - INFO - [2017] MISSING_FILE: /home/choij/Sync/workspace/ChargedHiggsAnalysisV3/SKNanoOutput/MatrixSelector/Run3Mu/2017/Skim_TriLep_DoubleMuon_D.root
2026-01-12 13:45:42,588 - INFO - [2017] MISSING_FILE: /home/choij/Sync/workspace/ChargedHiggsAnalysisV3/SKNanoOutput/MatrixSelector/Run3Mu/2017/Skim_TriLep_DoubleMuon_E.root
2026-01-12 13:45:42,589 - INFO - [2017] MISSING_FILE: /home/choij/Sync/workspace/ChargedHiggsAnalysisV3/SKNanoOutput/MatrixSelector/Run3Mu/2017/Skim_TriLep_DoubleMuon_F.root
2026-01-12 13:45:42,607 - INFO - [2017] MISSING_CENTRAL: ZFake3Mu/Central/muons/3/py in Skim_TriLep_DYJets10to50.root
2026-01-12 13:45:42,894 - INFO - [2018] MISSING_FILE: /home/choij/Sync/workspace/ChargedHiggsAnalysisV3/SKNanoOutput/MatrixSelector/Run3Mu/2018/Skim_TriLep_DoubleMuon_A.root
2026-01-12 13:45:42,894 - INFO - [2018] MISSING_FILE: /home/choij/Sync/workspace/ChargedHiggsAnalysisV3/SKNanoOutput/MatrixSelector/Run3Mu/2018/Skim_TriLep_DoubleMuon_B.root
2026-01-12 13:45:42,894 - INFO - [2018] MISSING_FILE: /home/choij/Sync/workspace/ChargedHiggsAnalysisV3/SKNanoOutput/MatrixSelector/Run3Mu/2018/Skim_TriLep_DoubleMuon_C.root
2026-01-12 13:45:42,894 - INFO - [2018] MISSING_FILE: /home/choij/Sync/workspace/ChargedHiggsAnalysisV3/SKNanoOutput/MatrixSelector/Run3Mu/2018/Skim_TriLep_DoubleMuon_D.root
2026-01-12 13:45:42,913 - INFO - [2018] MISSING_CENTRAL: ZFake3Mu/Central/muons/3/py in Skim_TriLep_DYJets10to50.root
2026-01-16 19:00:51,456 - INFO - [2016preVFP] MISSING_CENTRAL: ZFake3Mu/Central/muons/3/py in Skim_TriLep_DYJets.root
2026-01-16 19:00:51,457 - INFO - [2016preVFP] MISSING_CENTRAL: ZFake3Mu/Central/muons/3/py in Skim_TriLep_DYJets10to50.root
2026-01-16 19:00:51,457 - INFO - [2016preVFP] MISSING_FILE: /home/choij/Sync/workspace/ChargedHiggsAnalysisV3/SKNanoOutput/PromptSelector/Run3Mu_RunSyst/2016preVFP/Skim_TriLep_ZGToLLG.root
2026-01-16 19:00:51,747 - INFO - [2016postVFP] MISSING_CENTRAL: ZFake3Mu/Central/muons/3/py in Skim_TriLep_DYJets.root
2026-01-16 19:00:51,748 - INFO - [2016postVFP] MISSING_CENTRAL: ZFake3Mu/Central/muons/3/py in Skim_TriLep_DYJets10to50.root
2026-01-16 19:00:51,748 - INFO - [2016postVFP] MISSING_CENTRAL: ZFake3Mu/Central/muons/3/py in Skim_TriLep_TTG.root
2026-01-16 19:00:52,083 - INFO - [2017] MISSING_CENTRAL: ZFake3Mu/Central/muons/3/py in Skim_TriLep_DYJets10to50.root
2026-01-16 19:00:52,511 - INFO - [2018] MISSING_CENTRAL: ZFake3Mu/Central/muons/3/py in Skim_TriLep_DYJets10to50.root
2026-01-28 16:08:43,907 - INFO - [2016preVFP] MISSING_CENTRAL: ZFake3Mu/Central/muons/3/py in Skim_TriLep_DYJets.root
2026-01-28 16:08:43,907 - INFO - [2016preVFP] MISSING_CENTRAL: ZFake3Mu/Central/muons/3/py in Skim_TriLep_DYJets10to50.root
2026-01-28 16:08:44,345 - INFO - [2016postVFP] MISSING_CENTRAL: ZFake3Mu/Central/muons/3/py in Skim_TriLep_DYJets.root
2026-01-28 16:08:44,346 - INFO - [2016postVFP] MISSING_CENTRAL: ZFake3Mu/Central/muons/3/py in Skim_TriLep_DYJets10to50.root
2026-01-28 16:08:44,347 - INFO - [2016postVFP] MISSING_CENTRAL: ZFake3Mu/Central/muons/3/py in Skim_TriLep_TTG.root
2026-01-28 16:08:44,769 - INFO - [2017] MISSING_CENTRAL: ZFake3Mu/Central/muons/3/py in Skim_TriLep_DYJets10to50.root
2026-01-28 16:08:45,241 - INFO - [2018] MISSING_CENTRAL: ZFake3Mu/Central/muons/3/py in Skim_TriLep_DYJets10to50.root
2026-01-28 17:20:35,776 - INFO - [2016preVFP] MISSING_CENTRAL: ZFake3Mu/Central/muons/3/py in Skim_TriLep_DYJets.root
2026-01-28 17:20:35,776 - INFO - [2016preVFP] MISSING_CENTRAL: ZFake3Mu/Central/muons/3/py in Skim_TriLep_DYJets10to50.root
2026-01-28 17:20:36,194 - INFO - [2016postVFP] MISSING_CENTRAL: ZFake3Mu/Central/muons/3/py in Skim_TriLep_DYJets.root
2026-01-28 17:20:36,194 - INFO - [2016postVFP] MISSING_CENTRAL: ZFake3Mu/Central/muons/3/py in Skim_TriLep_DYJets10to50.root
2026-01-28 17:20:36,195 - INFO - [2016postVFP] MISSING_CENTRAL: ZFake3Mu/Central/muons/3/py in Skim_TriLep_TTG.root
2026-01-28 17:20:36,615 - INFO - [2017] MISSING_CENTRAL: ZFake3Mu/Central/muons/3/py in Skim_TriLep_DYJets10to50.root
2026-01-28 17:20:37,070 - INFO - [2018] MISSING_CENTRAL: ZFake3Mu/Central/muons/3/py in Skim_TriLep_DYJets10to50.root
2026-01-28 19:54:07,928 - INFO - [2016preVFP] MISSING_CENTRAL: ZFake3Mu/Central/muons/3/py in Skim_TriLep_DYJets.root
2026-01-28 19:54:07,928 - INFO - [2016preVFP] MISSING_CENTRAL: ZFake3Mu/Central/muons/3/py in Skim_TriLep_DYJets10to50.root
2026-01-28 19:54:08,361 - INFO - [2016postVFP] MISSING_CENTRAL: ZFake3Mu/Central/muons/3/py in Skim_TriLep_DYJets.root
2026-01-28 19:54:08,362 - INFO - [2016postVFP] MISSING_CENTRAL: ZFake3Mu/Central/muons/3/py in Skim_TriLep_DYJets10to50.root
2026-01-28 19:54:08,362 - INFO - [2016postVFP] MISSING_CENTRAL: ZFake3Mu/Central/muons/3/py in Skim_TriLep_TTG.root
2026-01-28 19:54:08,841 - INFO - [2017] MISSING_CENTRAL: ZFake3Mu/Central/muons/3/py in Skim_TriLep_DYJets10to50.root
2026-01-28 19:54:09,365 - INFO - [2018] MISSING_CENTRAL: ZFake3Mu/Central/muons/3/py in Skim_TriLep_DYJets10to50.root
2026-01-29 07:11:26,402 - INFO - [2016preVFP] MISSING_CENTRAL: ZFake3Mu/Central/muons/3/py in Skim_TriLep_DYJets.root
2026-01-29 07:11:26,403 - INFO - [2016preVFP] MISSING_CENTRAL: ZFake3Mu/Central/muons/3/py in Skim_TriLep_DYJets10to50.root
2026-01-29 07:11:26,693 - INFO - [2016postVFP] MISSING_CENTRAL: ZFake3Mu/Central/muons/3/py in Skim_TriLep_DYJets.root
2026-01-29 07:11:26,693 - INFO - [2016postVFP] MISSING_CENTRAL: ZFake3Mu/Central/muons/3/py in Skim_TriLep_DYJets10to50.root
2026-01-29 07:11:26,694 - INFO - [2016postVFP] MISSING_CENTRAL: ZFake3Mu/Central/muons/3/py in Skim_TriLep_TTG.root
2026-01-29 07:11:26,986 - INFO - [2017] MISSING_CENTRAL: ZFake3Mu/Central/muons/3/py in Skim_TriLep_DYJets10to50.root
2026-01-29 07:11:27,297 - INFO - [2018] MISSING_CENTRAL: ZFake3Mu/Central/muons/3/py in Skim_TriLep_DYJets10to50.root
2026-03-06 09:39:54,478 - INFO - [2016preVFP] MISSING_CENTRAL: ZFake3Mu/Central/muons/3/py in Skim_TriLep_DYJets.root
2026-03-06 09:39:54,478 - INFO - [2016preVFP] MISSING_CENTRAL: ZFake3Mu/Central/muons/3/py in Skim_TriLep_DYJets10to50.root
2026-03-06 09:39:54,730 - INFO - [2016postVFP] MISSING_CENTRAL: ZFake3Mu/Central/muons/3/py in Skim_TriLep_DYJets.root
2026-03-06 09:39:54,730 - INFO - [2016postVFP] MISSING_CENTRAL: ZFake3Mu/Central/muons/3/py in Skim_TriLep_DYJets10to50.root
2026-03-06 09:39:54,731 - INFO - [2016postVFP] MISSING_CENTRAL: ZFake3Mu/Central/muons/3/py in Skim_TriLep_TTG.root
2026-03-06 09:39:55,016 - INFO - [2017] MISSING_CENTRAL: ZFake3Mu/Central/muons/3/py in Skim_TriLep_DYJets10to50.root
2026-03-06 09:39:55,313 - INFO - [2018] MISSING_CENTRAL: ZFake3Mu/Central/muons/3/py in Skim_TriLep_DYJets10to50.root
2026-03-06 19:45:42,739 - INFO - [2016preVFP] MISSING_CENTRAL: ZFake3Mu/Central/muons/3/py in Skim_TriLep_DYJets.root
2026-03-06 19:45:42,740 - INFO - [2016preVFP] MISSING_CENTRAL: ZFake3Mu/Central/muons/3/py in Skim_TriLep_DYJets10to50.root
2026-03-06 19:45:43,027 - INFO - [2016postVFP] MISSING_CENTRAL: ZFake3Mu/Central/muons/3/py in Skim_TriLep_DYJets.root
2026-03-06 19:45:43,028 - INFO - [2016postVFP] MISSING_CENTRAL: ZFake3Mu/Central/muons/3/py in Skim_TriLep_DYJets10to50.root
2026-03-06 19:45:43,028 - INFO - [2016postVFP] MISSING_CENTRAL: ZFake3Mu/Central/muons/3/py in Skim_TriLep_TTG.root
2026-03-06 19:45:43,312 - INFO - [2017] MISSING_CENTRAL: ZFake3Mu/Central/muons/3/py in Skim_TriLep_DYJets10to50.root
2026-03-06 19:45:43,621 - INFO - [2018] MISSING_CENTRAL: ZFake3Mu/Central/muons/3/py in Skim_TriLep_DYJets10to50.root
2026-03-12 21:34:24,167 - INFO - [2016preVFP] MISSING_CENTRAL: ZFake3Mu/Central/muons/3/py in Skim_TriLep_DYJets.root
2026-03-12 21:34:24,168 - INFO - [2016preVFP] MISSING_CENTRAL: ZFake3Mu/Central/muons/3/py in Skim_TriLep_DYJets10to50.root
2026-03-12 21:34:24,454 - INFO - [2016postVFP] MISSING_CENTRAL: ZFake3Mu/Central/muons/3/py in Skim_TriLep_DYJets.root
2026-03-12 21:34:24,455 - INFO - [2016postVFP] MISSING_CENTRAL: ZFake3Mu/Central/muons/3/py in Skim_TriLep_DYJets10to50.root
2026-03-12 21:34:24,455 - INFO - [2016postVFP] MISSING_CENTRAL: ZFake3Mu/Central/muons/3/py in Skim_TriLep_TTG.root
2026-03-12 21:34:24,725 - INFO - [2017] MISSING_CENTRAL: ZFake3Mu/Central/muons/3/py in Skim_TriLep_DYJets10to50.root
2026-03-12 21:34:25,024 - INFO - [2018] MISSING_CENTRAL: ZFake3Mu/Central/muons/3/py in Skim_TriLep_DYJets10to50.root
2026-04-10 20:20:42,380 - INFO - [2016preVFP] MISSING_CENTRAL: ZFake3Mu/Central/muons/3/py in Skim_TriLep_DYJets.root
2026-04-10 20:20:42,381 - INFO - [2016preVFP] MISSING_CENTRAL: ZFake3Mu/Central/muons/3/py in Skim_TriLep_DYJets10to50.root
2026-04-10 20:20:42,659 - INFO - [2016postVFP] MISSING_CENTRAL: ZFake3Mu/Central/muons/3/py in Skim_TriLep_DYJets.root
2026-04-10 20:20:42,659 - INFO - [2016postVFP] MISSING_CENTRAL: ZFake3Mu/Central/muons/3/py in Skim_TriLep_DYJets10to50.root
2026-04-10 20:20:42,660 - INFO - [2016postVFP] MISSING_CENTRAL: ZFake3Mu/Central/muons/3/py in Skim_TriLep_TTG.root
2026-04-10 20:20:42,939 - INFO - [2017] MISSING_CENTRAL: ZFake3Mu/Central/muons/3/py in Skim_TriLep_DYJets10to50.root
2026-04-10 20:20:43,245 - INFO - [2018] MISSING_CENTRAL: ZFake3Mu/Central/muons/3/py in Skim_TriLep_DYJets10to50.root
2026-04-12 11:35:50,271 - INFO - [2016preVFP] MISSING_CENTRAL: ZFake3Mu/Central/muons/3/py in Skim_TriLep_DYJets.root
2026-04-12 11:35:50,272 - INFO - [2016preVFP] MISSING_CENTRAL: ZFake3Mu/Central/muons/3/py in Skim_TriLep_DYJets10to50.root
2026-04-12 11:35:50,556 - INFO - [2016postVFP] MISSING_CENTRAL: ZFake3Mu/Central/muons/3/py in Skim_TriLep_DYJets.root
2026-04-12 11:35:50,557 - INFO - [2016postVFP] MISSING_CENTRAL: ZFake3Mu/Central/muons/3/py in Skim_TriLep_DYJets10to50.root
2026-04-12 11:35:50,558 - INFO - [2016postVFP] MISSING_CENTRAL: ZFake3Mu/Central/muons/3/py in Skim_TriLep_TTG.root
2026-04-12 11:35:50,839 - INFO - [2017] MISSING_CENTRAL: ZFake3Mu/Central/muons/3/py in Skim_TriLep_DYJets10to50.root
2026-04-12 11:35:51,183 - INFO - [2018] MISSING_CENTRAL: ZFake3Mu/Central/muons/3/py in Skim_TriLep_DYJets10to50.root
2026-04-12 12:17:52,662 - INFO - [2016preVFP] MISSING_CENTRAL: ZFake3Mu/Central/muons/3/py in Skim_TriLep_DYJets.root
2026-04-12 12:17:52,665 - INFO - [2016preVFP] MISSING_CENTRAL: ZFake3Mu/Central/muons/3/py in Skim_TriLep_DYJets10to50.root
2026-04-12 12:17:52,975 - INFO - [2016postVFP] MISSING_CENTRAL: ZFake3Mu/Central/muons/3/py in Skim_TriLep_DYJets.root
2026-04-12 12:17:52,975 - INFO - [2016postVFP] MISSING_CENTRAL: ZFake3Mu/Central/muons/3/py in Skim_TriLep_DYJets10to50.root
2026-04-12 12:17:52,976 - INFO - [2016postVFP] MISSING_CENTRAL: ZFake3Mu/Central/muons/3/py in Skim_TriLep_TTG.root
2026-04-12 12:17:53,313 - INFO - [2017] MISSING_CENTRAL: ZFake3Mu/Central/muons/3/py in Skim_TriLep_DYJets10to50.root
2026-04-12 12:17:53,694 - INFO - [2018] MISSING_CENTRAL: ZFake3Mu/Central/muons/3/py in Skim_TriLep_DYJets10to50.root
2026-04-12 12:37:31,336 - INFO - [2016preVFP] MISSING_CENTRAL: ZFake3Mu/Central/muons/3/py in Skim_TriLep_DYJets.root
2026-04-12 12:37:31,337 - INFO - [2016preVFP] MISSING_CENTRAL: ZFake3Mu/Central/muons/3/py in Skim_TriLep_DYJets10to50.root
2026-04-12 12:37:31,626 - INFO - [2016postVFP] MISSING_CENTRAL: ZFake3Mu/Central/muons/3/py in Skim_TriLep_DYJets.root
2026-04-12 12:37:31,627 - INFO - [2016postVFP] MISSING_CENTRAL: ZFake3Mu/Central/muons/3/py in Skim_TriLep_DYJets10to50.root
2026-04-12 12:37:31,627 - INFO - [2016postVFP] MISSING_CENTRAL: ZFake3Mu/Central/muons/3/py in Skim_TriLep_TTG.root
2026-04-12 12:37:31,920 - INFO - [2017] MISSING_CENTRAL: ZFake3Mu/Central/muons/3/py in Skim_TriLep_DYJets10to50.root
2026-04-12 12:37:32,230 - INFO - [2018] MISSING_CENTRAL: ZFake3Mu/Central/muons/3/py in Skim_TriLep_DYJets10to50.root
2026-04-12 20:45:36,709 - INFO - [2016preVFP] MISSING_CENTRAL: ZFake3Mu/Central/muons/3/py in Skim_TriLep_DYJets.root
2026-04-12 20:45:36,710 - INFO - [2016preVFP] MISSING_CENTRAL: ZFake3Mu/Central/muons/3/py in Skim_TriLep_DYJets10to50.root
2026-04-12 20:45:36,990 - INFO - [2016postVFP] MISSING_CENTRAL: ZFake3Mu/Central/muons/3/py in Skim_TriLep_DYJets.root
2026-04-12 20:45:36,990 - INFO - [2016postVFP] MISSING_CENTRAL: ZFake3Mu/Central/muons/3/py in Skim_TriLep_DYJets10to50.root
2026-04-12 20:45:36,991 - INFO - [2016postVFP] MISSING_CENTRAL: ZFake3Mu/Central/muons/3/py in Skim_TriLep_TTG.root
2026-04-12 20:45:37,263 - INFO - [2017] MISSING_CENTRAL: ZFake3Mu/Central/muons/3/py in Skim_TriLep_DYJets10to50.root
2026-04-12 20:45:37,561 - INFO - [2018] MISSING_CENTRAL: ZFake3Mu/Central/muons/3/py in Skim_TriLep_DYJets10to50.root
2026-04-12 21:17:13,028 - INFO - [2016preVFP] MISSING_CENTRAL: ZFake3Mu/Central/muons/3/py in Skim_TriLep_DYJets.root
2026-04-12 21:17:13,028 - INFO - [2016preVFP] MISSING_CENTRAL: ZFake3Mu/Central/muons/3/py in Skim_TriLep_DYJets10to50.root
2026-04-12 21:17:13,307 - INFO - [2016postVFP] MISSING_CENTRAL: ZFake3Mu/Central/muons/3/py in Skim_TriLep_DYJets.root
2026-04-12 21:17:13,308 - INFO - [2016postVFP] MISSING_CENTRAL: ZFake3Mu/Central/muons/3/py in Skim_TriLep_DYJets10to50.root
2026-04-12 21:17:13,309 - INFO - [2016postVFP] MISSING_CENTRAL: ZFake3Mu/Central/muons/3/py in Skim_TriLep_TTG.root
2026-04-12 21:17:13,599 - INFO - [2017] MISSING_CENTRAL: ZFake3Mu/Central/muons/3/py in Skim_TriLep_DYJets10to50.root
2026-04-12 21:17:13,916 - INFO - [2018] MISSING_CENTRAL: ZFake3Mu/Central/muons/3/py in Skim_TriLep_DYJets10to50.root
2026-04-13 12:54:50,175 - INFO - [2016preVFP] MISSING_CENTRAL: ZFake3Mu/Central/muons/3/py in Skim_TriLep_DYJets.root
2026-04-13 12:54:50,176 - INFO - [2016preVFP] MISSING_CENTRAL: ZFake3Mu/Central/muons/3/py in Skim_TriLep_DYJets10to50.root
2026-04-13 12:54:50,520 - INFO - [2016postVFP] MISSING_CENTRAL: ZFake3Mu/Central/muons/3/py in Skim_TriLep_DYJets.root
2026-04-13 12:54:50,520 - INFO - [2016postVFP] MISSING_CENTRAL: ZFake3Mu/Central/muons/3/py in Skim_TriLep_DYJets10to50.root
2026-04-13 12:54:50,521 - INFO - [2016postVFP] MISSING_CENTRAL: ZFake3Mu/Central/muons/3/py in Skim_TriLep_TTG.root
2026-04-13 12:54:50,865 - INFO - [2017] MISSING_CENTRAL: ZFake3Mu/Central/muons/3/py in Skim_TriLep_DYJets10to50.root
2026-04-13 12:54:51,221 - INFO - [2018] MISSING_CENTRAL: ZFake3Mu/Central/muons/3/py in Skim_TriLep_DYJets10to50.root
2026-04-16 17:37:20,036 - INFO - [2016preVFP] MISSING_CENTRAL: ZFake3Mu/Central/muons/3/py in Skim_TriLep_DYJets.root
2026-04-16 17:37:20,037 - INFO - [2016preVFP] MISSING_CENTRAL: ZFake3Mu/Central/muons/3/py in Skim_TriLep_DYJets10to50.root
2026-04-16 17:37:20,380 - INFO - [2016postVFP] MISSING_CENTRAL: ZFake3Mu/Central/muons/3/py in Skim_TriLep_DYJets.root
2026-04-16 17:37:20,380 - INFO - [2016postVFP] MISSING_CENTRAL: ZFake3Mu/Central/muons/3/py in Skim_TriLep_DYJets10to50.root
2026-04-16 17:37:20,381 - INFO - [2016postVFP] MISSING_CENTRAL: ZFake3Mu/Central/muons/3/py in Skim_TriLep_TTG.root
2026-04-16 17:37:20,743 - INFO - [2017] MISSING_CENTRAL: ZFake3Mu/Central/muons/3/py in Skim_TriLep_DYJets10to50.root
2026-04-16 17:37:21,132 - INFO - [2018] MISSING_CENTRAL: ZFake3Mu/Central/muons/3/py in Skim_TriLep_DYJets10to50.root
2026-04-28 15:19:50,741 - INFO - [2016preVFP] MISSING_CENTRAL: ZFake3Mu/Central/muons/3/py in Skim_TriLep_DYJets.root
2026-04-28 15:19:50,741 - INFO - [2016preVFP] MISSING_CENTRAL: ZFake3Mu/Central/muons/3/py in Skim_TriLep_DYJets10to50.root
2026-04-28 15:19:51,091 - INFO - [2016postVFP] MISSING_CENTRAL: ZFake3Mu/Central/muons/3/py in Skim_TriLep_DYJets.root
2026-04-28 15:19:51,091 - INFO - [2016postVFP] MISSING_CENTRAL: ZFake3Mu/Central/muons/3/py in Skim_TriLep_DYJets10to50.root
2026-04-28 15:19:51,092 - INFO - [2016postVFP] MISSING_CENTRAL: ZFake3Mu/Central/muons/3/py in Skim_TriLep_TTG.root
2026-04-28 15:19:51,440 - INFO - [2017] MISSING_CENTRAL: ZFake3Mu/Central/muons/3/py in Skim_TriLep_DYJets10to50.root
2026-04-28 15:19:51,842 - INFO - [2018] MISSING_CENTRAL: ZFake3Mu/Central/muons/3/py in Skim_TriLep_DYJets10to50.root
2026-04-28 20:33:01,541 - INFO - [2016preVFP] MISSING_CENTRAL: ZFake3Mu/Central/muons/3/py in Skim_TriLep_DYJets.root
2026-04-28 20:33:01,542 - INFO - [2016preVFP] MISSING_CENTRAL: ZFake3Mu/Central/muons/3/py in Skim_TriLep_DYJets10to50.root
2026-04-28 20:33:01,889 - INFO - [2016postVFP] MISSING_CENTRAL: ZFake3Mu/Central/muons/3/py in Skim_TriLep_DYJets.root
2026-04-28 20:33:01,890 - INFO - [2016postVFP] MISSING_CENTRAL: ZFake3Mu/Central/muons/3/py in Skim_TriLep_DYJets10to50.root
2026-04-28 20:33:01,890 - INFO - [2016postVFP] MISSING_CENTRAL: ZFake3Mu/Central/muons/3/py in Skim_TriLep_TTG.root
2026-04-28 20:33:02,236 - INFO - [2017] MISSING_CENTRAL: ZFake3Mu/Central/muons/3/py in Skim_TriLep_DYJets10to50.root
2026-04-28 20:33:02,604 - INFO - [2018] MISSING_CENTRAL: ZFake3Mu/Central/muons/3/py in Skim_TriLep_DYJets10to50.root
2026-05-04 15:39:31,902 - INFO - [2016preVFP] MISSING_CENTRAL: ZFake3Mu/Central/muons/3/py in Skim_TriLep_DYJets.root
2026-05-04 15:39:31,902 - INFO - [2016preVFP] MISSING_CENTRAL: ZFake3Mu/Central/muons/3/py in Skim_TriLep_DYJets10to50.root
2026-05-04 15:39:32,385 - INFO - [2016postVFP] MISSING_CENTRAL: ZFake3Mu/Central/muons/3/py in Skim_TriLep_DYJets.root
2026-05-04 15:39:32,385 - INFO - [2016postVFP] MISSING_CENTRAL: ZFake3Mu/Central/muons/3/py in Skim_TriLep_DYJets10to50.root
2026-05-04 15:39:32,386 - INFO - [2016postVFP] MISSING_CENTRAL: ZFake3Mu/Central/muons/3/py in Skim_TriLep_TTG.root
2026-05-04 15:39:32,863 - INFO - [2017] MISSING_CENTRAL: ZFake3Mu/Central/muons/3/py in Skim_TriLep_DYJets10to50.root
2026-05-04 15:39:33,382 - INFO - [2018] MISSING_CENTRAL: ZFake3Mu/Central/muons/3/py in Skim_TriLep_DYJets10to50.root
2026-05-04 16:03:39,291 - INFO - [2016preVFP] MISSING_CENTRAL: ZFake3Mu/Central/muons/3/py in Skim_TriLep_DYJets.root
2026-05-04 16:03:39,292 - INFO - [2016preVFP] MISSING_CENTRAL: ZFake3Mu/Central/muons/3/py in Skim_TriLep_DYJets10to50.root
2026-05-04 16:03:39,641 - INFO - [2016postVFP] MISSING_CENTRAL: ZFake3Mu/Central/muons/3/py in Skim_TriLep_DYJets.root
2026-05-04 16:03:39,642 - INFO - [2016postVFP] MISSING_CENTRAL: ZFake3Mu/Central/muons/3/py in Skim_TriLep_DYJets10to50.root
2026-05-04 16:03:39,642 - INFO - [2016postVFP] MISSING_CENTRAL: ZFake3Mu/Central/muons/3/py in Skim_TriLep_TTG.root
2026-05-04 16:03:39,992 - INFO - [2017] MISSING_CENTRAL: ZFake3Mu/Central/muons/3/py in Skim_TriLep_DYJets10to50.root
2026-05-04 16:03:40,363 - INFO - [2018] MISSING_CENTRAL: ZFake3Mu/Central/muons/3/py in Skim_TriLep_DYJets10to50.root
2026-05-04 17:06:55,933 - INFO - [2016preVFP] MISSING_CENTRAL: ZFake3Mu/Central/muons/3/py in Skim_TriLep_DYJets.root
2026-05-04 17:06:55,934 - INFO - [2016preVFP] MISSING_CENTRAL: ZFake3Mu/Central/muons/3/py in Skim_TriLep_DYJets10to50.root
2026-05-04 17:06:56,283 - INFO - [2016postVFP] MISSING_CENTRAL: ZFake3Mu/Central/muons/3/py in Skim_TriLep_DYJets.root
2026-05-04 17:06:56,284 - INFO - [2016postVFP] MISSING_CENTRAL: ZFake3Mu/Central/muons/3/py in Skim_TriLep_DYJets10to50.root
2026-05-04 17:06:56,284 - INFO - [2016postVFP] MISSING_CENTRAL: ZFake3Mu/Central/muons/3/py in Skim_TriLep_TTG.root
2026-05-04 17:06:56,643 - INFO - [2017] MISSING_CENTRAL: ZFake3Mu/Central/muons/3/py in Skim_TriLep_DYJets10to50.root
2026-05-04 17:06:57,002 - INFO - [2018] MISSING_CENTRAL: ZFake3Mu/Central/muons/3/py in Skim_TriLep_DYJets10to50.root
2026-05-28 15:43:55,088 - INFO - [2016preVFP] MISSING_CENTRAL: ZFake3Mu/Central/muons/3/py in Skim_TriLep_DYJets.root
2026-05-28 15:43:55,090 - INFO - [2016preVFP] MISSING_CENTRAL: ZFake3Mu/Central/muons/3/py in Skim_TriLep_DYJets10to50.root
2026-05-28 15:43:55,680 - INFO - [2016postVFP] MISSING_CENTRAL: ZFake3Mu/Central/muons/3/py in Skim_TriLep_DYJets.root
2026-05-28 15:43:55,681 - INFO - [2016postVFP] MISSING_CENTRAL: ZFake3Mu/Central/muons/3/py in Skim_TriLep_DYJets10to50.root
2026-05-28 15:43:55,682 - INFO - [2016postVFP] MISSING_CENTRAL: ZFake3Mu/Central/muons/3/py in Skim_TriLep_TTG.root
2026-05-28 15:43:56,309 - INFO - [2017] MISSING_CENTRAL: ZFake3Mu/Central/muons/3/py in Skim_TriLep_DYJets10to50.root
2026-05-28 15:43:56,953 - INFO - [2018] MISSING_CENTRAL: ZFake3Mu/Central/muons/3/py in Skim_TriLep_DYJets10to50.root
2026-05-29 15:20:39,285 - INFO - [2016preVFP] MISSING_CENTRAL: ZFake3Mu/Central/muons/3/py in Skim_TriLep_DYJets.root
2026-05-29 15:20:39,286 - INFO - [2016preVFP] MISSING_CENTRAL: ZFake3Mu/Central/muons/3/py in Skim_TriLep_DYJets10to50.root
2026-05-29 15:20:39,691 - INFO - [2016postVFP] MISSING_CENTRAL: ZFake3Mu/Central/muons/3/py in Skim_TriLep_DYJets.root
2026-05-29 15:20:39,691 - INFO - [2016postVFP] MISSING_CENTRAL: ZFake3Mu/Central/muons/3/py in Skim_TriLep_DYJets10to50.root
2026-05-29 15:20:39,692 - INFO - [2016postVFP] MISSING_CENTRAL: ZFake3Mu/Central/muons/3/py in Skim_TriLep_TTG.root
2026-05-29 15:20:40,187 - INFO - [2017] MISSING_CENTRAL: ZFake3Mu/Central/muons/3/py in Skim_TriLep_DYJets10to50.root
2026-05-29 15:20:40,821 - INFO - [2018] MISSING_CENTRAL: ZFake3Mu/Central/muons/3/py in Skim_TriLep_DYJets10to50.root
2026-05-29 15:34:43,386 - INFO - [2016preVFP] MISSING_CENTRAL: ZFake3Mu/Central/muons/3/py in Skim_TriLep_DYJets.root
2026-05-29 15:34:43,386 - INFO - [2016preVFP] MISSING_CENTRAL: ZFake3Mu/Central/muons/3/py in Skim_TriLep_DYJets10to50.root
2026-05-29 15:34:43,735 - INFO - [2016postVFP] MISSING_CENTRAL: ZFake3Mu/Central/muons/3/py in Skim_TriLep_DYJets.root
2026-05-29 15:34:43,736 - INFO - [2016postVFP] MISSING_CENTRAL: ZFake3Mu/Central/muons/3/py in Skim_TriLep_DYJets10to50.root
2026-05-29 15:34:43,736 - INFO - [2016postVFP] MISSING_CENTRAL: ZFake3Mu/Central/muons/3/py in Skim_TriLep_TTG.root
2026-05-29 15:34:44,086 - INFO - [2017] MISSING_CENTRAL: ZFake3Mu/Central/muons/3/py in Skim_TriLep_DYJets10to50.root
2026-05-29 15:34:44,459 - INFO - [2018] MISSING_CENTRAL: ZFake3Mu/Central/muons/3/py in Skim_TriLep_DYJets10to50.root
2026-05-29 18:25:55,485 - INFO - [2016preVFP] MISSING_CENTRAL: ZFake3Mu/Central/muons/3/py in Skim_TriLep_DYJets.root
2026-05-29 18:25:55,486 - INFO - [2016preVFP] MISSING_CENTRAL: ZFake3Mu/Central/muons/3/py in Skim_TriLep_DYJets10to50.root
2026-05-29 18:25:55,877 - INFO - [2016postVFP] MISSING_CENTRAL: ZFake3Mu/Central/muons/3/py in Skim_TriLep_DYJets.root
2026-05-29 18:25:55,877 - INFO - [2016postVFP] MISSING_CENTRAL: ZFake3Mu/Central/muons/3/py in Skim_TriLep_DYJets10to50.root
2026-05-29 18:25:55,877 - INFO - [2016postVFP] MISSING_CENTRAL: ZFake3Mu/Central/muons/3/py in Skim_TriLep_TTG.root
2026-05-29 18:25:56,387 - INFO - [2017] MISSING_CENTRAL: ZFake3Mu/Central/muons/3/py in Skim_TriLep_DYJets10to50.root
2026-05-29 18:25:56,885 - INFO - [2018] MISSING_CENTRAL: ZFake3Mu/Central/muons/3/py in Skim_TriLep_DYJets10to50.root
2026-06-12 14:27:32,641 - INFO - [2016preVFP] MISSING_CENTRAL: ZFake3Mu/Central/muons/3/py in Skim_TriLep_DYJets.root
2026-06-12 14:27:32,642 - INFO - [2016preVFP] MISSING_CENTRAL: ZFake3Mu/Central/muons/3/py in Skim_TriLep_DYJets10to50.root
2026-06-12 14:27:32,991 - INFO - [2016postVFP] MISSING_CENTRAL: ZFake3Mu/Central/muons/3/py in Skim_TriLep_DYJets.root
2026-06-12 14:27:32,991 - INFO - [2016postVFP] MISSING_CENTRAL: ZFake3Mu/Central/muons/3/py in Skim_TriLep_DYJets10to50.root
2026-06-12 14:27:32,992 - INFO - [2016postVFP] MISSING_CENTRAL: ZFake3Mu/Central/muons/3/py in Skim_TriLep_TTG.root
2026-06-12 14:27:33,353 - INFO - [2017] MISSING_CENTRAL: ZFake3Mu/Central/muons/3/py in Skim_TriLep_DYJets10to50.root
2026-06-12 14:27:33,741 - INFO - [2018] MISSING_CENTRAL: ZFake3Mu/Central/muons/3/py in Skim_TriLep_DYJets10to50.root
2026-06-18 00:21:54,581 - INFO - [2016preVFP] MISSING_CENTRAL: ZFake3Mu/Central/muons/3/py in Skim_TriLep_DYJets.root
2026-06-18 00:21:54,582 - INFO - [2016preVFP] MISSING_CENTRAL: ZFake3Mu/Central/muons/3/py in Skim_TriLep_DYJets10to50.root
2026-06-18 00:21:54,930 - INFO - [2016postVFP] MISSING_CENTRAL: ZFake3Mu/Central/muons/3/py in Skim_TriLep_DYJets.root
2026-06-18 00:21:54,930 - INFO - [2016postVFP] MISSING_CENTRAL: ZFake3Mu/Central/muons/3/py in Skim_TriLep_DYJets10to50.root
2026-06-18 00:21:54,931 - INFO - [2016postVFP] MISSING_CENTRAL: ZFake3Mu/Central/muons/3/py in Skim_TriLep_TTG.root
2026-06-18 00:21:55,302 - INFO - [2017] MISSING_CENTRAL: ZFake3Mu/Central/muons/3/py in Skim_TriLep_DYJets10to50.root
2026-06-18 00:21:55,648 - INFO - [2018] MISSING_CENTRAL: ZFake3Mu/Central/muons/3/py in Skim_TriLep_DYJets10to50.root
2026-07-01 17:36:15,645 - INFO - [2016preVFP] MISSING_CENTRAL: ZFake3Mu/Central/muons/3/py in Skim_TriLep_DYJets.root
2026-07-01 17:36:15,646 - INFO - [2016preVFP] MISSING_CENTRAL: ZFake3Mu/Central/muons/3/py in Skim_TriLep_DYJets10to50.root
2026-07-01 17:36:16,267 - INFO - [2016postVFP] MISSING_CENTRAL: ZFake3Mu/Central/muons/3/py in Skim_TriLep_DYJets.root
2026-07-01 17:36:16,268 - INFO - [2016postVFP] MISSING_CENTRAL: ZFake3Mu/Central/muons/3/py in Skim_TriLep_DYJets10to50.root
2026-07-01 17:36:16,269 - INFO - [2016postVFP] MISSING_CENTRAL: ZFake3Mu/Central/muons/3/py in Skim_TriLep_TTG.root
2026-07-01 17:36:17,082 - INFO - [2017] MISSING_CENTRAL: ZFake3Mu/Central/muons/3/py in Skim_TriLep_DYJets10to50.root
2026-07-01 17:36:17,933 - INFO - [2018] MISSING_CENTRAL: ZFake3Mu/Central/muons/3/py in Skim_TriLep_DYJets10to50.root
2026-07-21 19:31:19,513 - INFO - [2016preVFP] MISSING_CENTRAL: ZFake3Mu/Central/muons/3/py in Skim_TriLep_DYJets.root
2026-07-21 19:31:19,514 - INFO - [2016preVFP] MISSING_CENTRAL: ZFake3Mu/Central/muons/3/py in Skim_TriLep_DYJets10to50.root
2026-07-21 19:31:19,983 - INFO - [2016postVFP] MISSING_CENTRAL: ZFake3Mu/Central/muons/3/py in Skim_TriLep_DYJets.root
2026-07-21 19:31:19,984 - INFO - [2016postVFP] MISSING_CENTRAL: ZFake3Mu/Central/muons/3/py in Skim_TriLep_DYJets10to50.root
2026-07-21 19:31:19,984 - INFO - [2016postVFP] MISSING_CENTRAL: ZFake3Mu/Central/muons/3/py in Skim_TriLep_TTG.root
2026-07-21 19:31:20,511 - INFO - [2017] MISSING_CENTRAL: ZFake3Mu/Central/muons/3/py in Skim_TriLep_DYJets10to50.root
2026-07-21 19:31:21,131 - INFO - [2018] MISSING_CENTRAL: ZFake3Mu/Central/muons/3/py in Skim_TriLep_DYJets10to50.root
2026-08-18 18:17:05,793 - INFO - [2016preVFP] MISSING_CENTRAL: ZFake3Mu/Central/muons/3/py in Skim_TriLep_DYJets.root
2026-08-18 18:17:05,794 - INFO - [2016preVFP] MISSING_CENTRAL: ZFake3Mu/Central/muons/3/py in Skim_TriLep_DYJets10to50.root
2026-08-18 18:17:06,463 - INFO - [2016postVFP] MISSING_CENTRAL: ZFake3Mu/Central/muons/3/py in Skim_TriLep_DYJets.root
2026-08-18 18:17:06,463 - INFO - [2016postVFP] MISSING_CENTRAL: ZFake3Mu/Central/muons/3/py in Skim_TriLep_DYJets10to50.root
2026-08-18 18:17:06,464 - INFO - [2016postVFP] MISSING_CENTRAL: ZFake3Mu/Central/muons/3/py in Skim_TriLep_TTG.root
2026-08-18 18:17:06,992 - INFO - [2017] MISSING_CENTRAL: ZFake3Mu/Central/muons/3/py in Skim_TriLep_DYJets10to50.root
2026-08-18 18:17:07,627 - INFO - [2018] MISSING_CENTRAL: ZFake3Mu/Central/muons/3/py in Skim_TriLep_DYJets10to50.root
2026-08-19 10:09:00,070 - INFO - [2016preVFP] MISSING_CENTRAL: ZFake3Mu/Central/muons/3/py in Skim_TriLep_DYJets.root
2026-08-19 10:09:00,071 - INFO - [2016preVFP] MISSING_CENTRAL: ZFake3Mu/Central/muons/3/py in Skim_TriLep_DYJets10to50.root
2026-08-19 10:09:05,736 - INFO - [2016postVFP] MISSING_CENTRAL: ZFake3Mu/Central/muons/3/py in Skim_TriLep_DYJets.root
2026-08-19 10:09:05,737 - INFO - [2016postVFP] MISSING_CENTRAL: ZFake3Mu/Central/muons/3/py in Skim_TriLep_DYJets10to50.root
2026-08-19 10:09:05,737 - INFO - [2016postVFP] MISSING_CENTRAL: ZFake3Mu/Central/muons/3/py in Skim_TriLep_TTG.root
2026-08-19 10:09:06,106 - INFO - [2017] MISSING_CENTRAL: ZFake3Mu/Central/muons/3/py in Skim_TriLep_DYJets10to50.root
2026-08-19 10:09:06,664 - INFO - [2018] MISSING_CENTRAL: ZFake3Mu/Central/muons/3/py in Skim_TriLep_DYJets10to50.root
