2025-09-24 15:50:52,521 - INFO - [2016preVFP] MISSING_CENTRAL: ZFake3Mu/Central/muons/1/pt in Skim_TriLep_DYJets.root
2025-09-24 15:50:52,521 - INFO - [2016preVFP] MISSING_CENTRAL: ZFake3Mu/Central/muons/1/pt in Skim_TriLep_DYJets10to50.root
2025-09-24 15:50:52,983 - INFO - [2016postVFP] MISSING_CENTRAL: ZFake3Mu/Central/muons/1/pt in Skim_TriLep_DYJets.root
2025-09-24 15:50:52,984 - INFO - [2016postVFP] MISSING_CENTRAL: ZFake3Mu/Central/muons/1/pt in Skim_TriLep_DYJets10to50.root
2025-09-24 15:50:53,254 - INFO - [2017] MISSING_CENTRAL: ZFake3Mu/Central/muons/1/pt in Skim_TriLep_DYJets10to50.root
2025-09-24 15:50:53,525 - INFO - [2018] MISSING_CENTRAL: ZFake3Mu/Central/muons/1/pt in Skim_TriLep_DYJets10to50.root
2025-09-24 15:50:53,540 - INFO - [2018] MISSING_FILE: /Users/choij/Sync/workspace/ChargedHiggsAnalysisV3/SKNanoOutput/PromptSelector/Run3Mu_RunSyst/2018/Skim_TriLep_TTG.root
2025-09-24 15:50:53,583 - INFO - [2018] MISSING_FILE: /Users/choij/Sync/workspace/ChargedHiggsAnalysisV3/SKNanoOutput/PromptSelector/Run3Mu_RunSyst/2018/Skim_TriLep_TTHToNonbb.root
2025-09-24 15:50:53,635 - INFO - [2018] MISSING_FILE: /Users/choij/Sync/workspace/ChargedHiggsAnalysisV3/SKNanoOutput/PromptSelector/Run3Mu_RunSyst/2018/Skim_TriLep_tHq.root
2025-09-24 15:50:53,714 - INFO - [2018] MISSING_FILE: /Users/choij/Sync/workspace/ChargedHiggsAnalysisV3/SKNanoOutput/PromptSelector/Run3Mu_RunSyst/2018/Skim_TriLep_VBFHToZZTo4L.root
2025-10-02 21:14:40,266 - INFO - [2016preVFP] MISSING_CENTRAL: ZFake3Mu/Central/muons/1/pt in Skim_TriLep_DYJets.root
2025-10-02 21:14:40,269 - INFO - [2016preVFP] MISSING_CENTRAL: ZFake3Mu/Central/muons/1/pt in Skim_TriLep_DYJets10to50.root
2025-10-02 21:14:40,730 - INFO - [2016postVFP] MISSING_CENTRAL: ZFake3Mu/Central/muons/1/pt in Skim_TriLep_DYJets.root
2025-10-02 21:14:40,731 - INFO - [2016postVFP] MISSING_CENTRAL: ZFake3Mu/Central/muons/1/pt in Skim_TriLep_DYJets10to50.root
2025-10-02 21:14:41,230 - INFO - [2017] MISSING_CENTRAL: ZFake3Mu/Central/muons/1/pt in Skim_TriLep_DYJets10to50.root
2025-10-02 21:14:41,684 - INFO - [2018] MISSING_CENTRAL: ZFake3Mu/Central/muons/1/pt in Skim_TriLep_DYJets10to50.root
2025-10-02 21:14:41,721 - INFO - [2018] MISSING_FILE: /data9/Users/choij/Sync/workspace/ChargedHiggsAnalysisV3/SKNanoOutput/PromptSelector/Run3Mu_RunSyst/2018/Skim_TriLep_TTG.root
2025-10-02 21:14:41,850 - INFO - [2018] MISSING_FILE: /data9/Users/choij/Sync/workspace/ChargedHiggsAnalysisV3/SKNanoOutput/PromptSelector/Run3Mu_RunSyst/2018/Skim_TriLep_TTHToNonbb.root
2025-10-02 21:14:41,958 - INFO - [2018] MISSING_FILE: /data9/Users/choij/Sync/workspace/ChargedHiggsAnalysisV3/SKNanoOutput/PromptSelector/Run3Mu_RunSyst/2018/Skim_TriLep_tHq.root
2025-10-02 21:14:42,091 - INFO - [2018] MISSING_FILE: /data9/Users/choij/Sync/workspace/ChargedHiggsAnalysisV3/SKNanoOutput/PromptSelector/Run3Mu_RunSyst/2018/Skim_TriLep_VBFHToZZTo4L.root
2025-10-03 00:03:18,851 - INFO - [2016preVFP] MISSING_CENTRAL: ZFake3Mu/Central/muons/1/pt in Skim_TriLep_DYJets.root
2025-10-03 00:03:18,852 - INFO - [2016preVFP] MISSING_CENTRAL: ZFake3Mu/Central/muons/1/pt in Skim_TriLep_DYJets10to50.root
2025-10-03 00:03:19,074 - INFO - [2016postVFP] MISSING_CENTRAL: ZFake3Mu/Central/muons/1/pt in Skim_TriLep_DYJets.root
2025-10-03 00:03:19,075 - INFO - [2016postVFP] MISSING_CENTRAL: ZFake3Mu/Central/muons/1/pt in Skim_TriLep_DYJets10to50.root
2025-10-03 00:03:19,290 - INFO - [2017] MISSING_CENTRAL: ZFake3Mu/Central/muons/1/pt in Skim_TriLep_DYJets10to50.root
2025-10-03 00:03:19,505 - INFO - [2018] MISSING_CENTRAL: ZFake3Mu/Central/muons/1/pt in Skim_TriLep_DYJets10to50.root
2025-10-03 00:03:19,518 - INFO - [2018] MISSING_FILE: /Users/choij/Sync/workspace/ChargedHiggsAnalysisV3/SKNanoOutput/PromptSelector/Run3Mu_RunSyst/2018/Skim_TriLep_TTG.root
2025-10-03 00:03:19,556 - INFO - [2018] MISSING_FILE: /Users/choij/Sync/workspace/ChargedHiggsAnalysisV3/SKNanoOutput/PromptSelector/Run3Mu_RunSyst/2018/Skim_TriLep_TTHToNonbb.root
2025-10-03 00:03:19,587 - INFO - [2018] MISSING_FILE: /Users/choij/Sync/workspace/ChargedHiggsAnalysisV3/SKNanoOutput/PromptSelector/Run3Mu_RunSyst/2018/Skim_TriLep_tHq.root
2025-10-03 00:03:19,654 - INFO - [2018] MISSING_FILE: /Users/choij/Sync/workspace/ChargedHiggsAnalysisV3/SKNanoOutput/PromptSelector/Run3Mu_RunSyst/2018/Skim_TriLep_VBFHToZZTo4L.root
2025-11-05 22:04:07,841 - INFO - [2016preVFP] MISSING_CENTRAL: ZFake3Mu/Central/muons/1/pt in Skim_TriLep_DYJets.root
2025-11-05 22:04:07,841 - INFO - [2016preVFP] MISSING_CENTRAL: ZFake3Mu/Central/muons/1/pt in Skim_TriLep_DYJets10to50.root
2025-11-05 22:04:08,060 - INFO - [2016postVFP] MISSING_CENTRAL: ZFake3Mu/Central/muons/1/pt in Skim_TriLep_DYJets.root
2025-11-05 22:04:08,060 - INFO - [2016postVFP] MISSING_CENTRAL: ZFake3Mu/Central/muons/1/pt in Skim_TriLep_DYJets10to50.root
2025-11-05 22:04:08,300 - INFO - [2017] MISSING_CENTRAL: ZFake3Mu/Central/muons/1/pt in Skim_TriLep_DYJets10to50.root
2025-11-05 22:04:08,545 - INFO - [2018] MISSING_CENTRAL: ZFake3Mu/Central/muons/1/pt in Skim_TriLep_DYJets10to50.root
2025-11-05 22:19:51,225 - INFO - [2016preVFP] MISSING_CENTRAL: ZFake3Mu/Central/muons/1/pt in Skim_TriLep_DYJets.root
2025-11-05 22:19:51,225 - INFO - [2016preVFP] MISSING_CENTRAL: ZFake3Mu/Central/muons/1/pt in Skim_TriLep_DYJets10to50.root
2025-11-05 22:19:51,445 - INFO - [2016postVFP] MISSING_CENTRAL: ZFake3Mu/Central/muons/1/pt in Skim_TriLep_DYJets.root
2025-11-05 22:19:51,445 - INFO - [2016postVFP] MISSING_CENTRAL: ZFake3Mu/Central/muons/1/pt in Skim_TriLep_DYJets10to50.root
2025-11-05 22:19:51,684 - INFO - [2017] MISSING_CENTRAL: ZFake3Mu/Central/muons/1/pt in Skim_TriLep_DYJets10to50.root
2025-11-05 22:19:51,926 - INFO - [2018] MISSING_CENTRAL: ZFake3Mu/Central/muons/1/pt in Skim_TriLep_DYJets10to50.root
2025-11-05 23:24:25,505 - INFO - [2016preVFP] MISSING_CENTRAL: ZFake3Mu/Central/muons/1/pt in Skim_TriLep_DYJets.root
2025-11-05 23:24:25,506 - INFO - [2016preVFP] MISSING_CENTRAL: ZFake3Mu/Central/muons/1/pt in Skim_TriLep_DYJets10to50.root
2025-11-05 23:24:25,732 - INFO - [2016postVFP] MISSING_CENTRAL: ZFake3Mu/Central/muons/1/pt in Skim_TriLep_DYJets.root
2025-11-05 23:24:25,732 - INFO - [2016postVFP] MISSING_CENTRAL: ZFake3Mu/Central/muons/1/pt in Skim_TriLep_DYJets10to50.root
2025-11-05 23:24:25,974 - INFO - [2017] MISSING_CENTRAL: ZFake3Mu/Central/muons/1/pt in Skim_TriLep_DYJets10to50.root
2025-11-05 23:24:26,210 - INFO - [2018] MISSING_CENTRAL: ZFake3Mu/Central/muons/1/pt in Skim_TriLep_DYJets10to50.root
2025-11-07 12:27:36,280 - INFO - [2016preVFP] MISSING_CENTRAL: ZFake3Mu/Central/muons/1/pt in Skim_TriLep_DYJets.root
2025-11-07 12:27:36,281 - INFO - [2016preVFP] MISSING_CENTRAL: ZFake3Mu/Central/muons/1/pt in Skim_TriLep_DYJets10to50.root
2025-11-07 12:27:36,504 - INFO - [2016postVFP] MISSING_CENTRAL: ZFake3Mu/Central/muons/1/pt in Skim_TriLep_DYJets.root
2025-11-07 12:27:36,505 - INFO - [2016postVFP] MISSING_CENTRAL: ZFake3Mu/Central/muons/1/pt in Skim_TriLep_DYJets10to50.root
2025-11-07 12:27:36,747 - INFO - [2017] MISSING_CENTRAL: ZFake3Mu/Central/muons/1/pt in Skim_TriLep_DYJets10to50.root
2025-11-07 12:27:36,999 - INFO - [2018] MISSING_CENTRAL: ZFake3Mu/Central/muons/1/pt in Skim_TriLep_DYJets10to50.root
2025-11-07 13:08:15,508 - INFO - [2016preVFP] MISSING_CENTRAL: ZFake3Mu/Central/muons/1/pt in Skim_TriLep_DYJets.root
2025-11-07 13:08:15,509 - INFO - [2016preVFP] MISSING_CENTRAL: ZFake3Mu/Central/muons/1/pt in Skim_TriLep_DYJets10to50.root
2025-11-07 13:08:15,730 - INFO - [2016postVFP] MISSING_CENTRAL: ZFake3Mu/Central/muons/1/pt in Skim_TriLep_DYJets.root
2025-11-07 13:08:15,730 - INFO - [2016postVFP] MISSING_CENTRAL: ZFake3Mu/Central/muons/1/pt in Skim_TriLep_DYJets10to50.root
2025-11-07 13:08:15,964 - INFO - [2017] MISSING_CENTRAL: ZFake3Mu/Central/muons/1/pt in Skim_TriLep_DYJets10to50.root
2025-11-07 13:08:16,209 - INFO - [2018] MISSING_CENTRAL: ZFake3Mu/Central/muons/1/pt in Skim_TriLep_DYJets10to50.root
2025-11-07 14:04:58,052 - INFO - [2016preVFP] MISSING_CENTRAL: ZFake3Mu/Central/muons/1/pt in Skim_TriLep_DYJets.root
2025-11-07 14:04:58,053 - INFO - [2016preVFP] MISSING_CENTRAL: ZFake3Mu/Central/muons/1/pt in Skim_TriLep_DYJets10to50.root
2025-11-07 14:04:58,273 - INFO - [2016postVFP] MISSING_CENTRAL: ZFake3Mu/Central/muons/1/pt in Skim_TriLep_DYJets.root
2025-11-07 14:04:58,273 - INFO - [2016postVFP] MISSING_CENTRAL: ZFake3Mu/Central/muons/1/pt in Skim_TriLep_DYJets10to50.root
2025-11-07 14:04:58,505 - INFO - [2017] MISSING_CENTRAL: ZFake3Mu/Central/muons/1/pt in Skim_TriLep_DYJets10to50.root
2025-11-07 14:04:58,745 - INFO - [2018] MISSING_CENTRAL: ZFake3Mu/Central/muons/1/pt in Skim_TriLep_DYJets10to50.root
2025-11-10 05:56:07,901 - INFO - [2016preVFP] MISSING_CENTRAL: ZFake3Mu/Central/muons/1/pt in Skim_TriLep_DYJets.root
2025-11-10 05:56:07,905 - INFO - [2016preVFP] MISSING_CENTRAL: ZFake3Mu/Central/muons/1/pt in Skim_TriLep_DYJets10to50.root
2025-11-10 05:56:08,262 - INFO - [2016postVFP] MISSING_CENTRAL: ZFake3Mu/Central/muons/1/pt in Skim_TriLep_DYJets.root
2025-11-10 05:56:08,262 - INFO - [2016postVFP] MISSING_CENTRAL: ZFake3Mu/Central/muons/1/pt in Skim_TriLep_DYJets10to50.root
2025-11-10 05:56:08,810 - INFO - [2017] MISSING_CENTRAL: ZFake3Mu/Central/muons/1/pt in Skim_TriLep_DYJets10to50.root
2025-11-10 05:56:09,481 - INFO - [2018] MISSING_CENTRAL: ZFake3Mu/Central/muons/1/pt in Skim_TriLep_DYJets10to50.root
2025-11-10 12:20:01,592 - INFO - [2016preVFP] MISSING_CENTRAL: ZFake3Mu/Central/muons/1/pt in Skim_TriLep_DYJets.root
2025-11-10 12:20:01,592 - INFO - [2016preVFP] MISSING_CENTRAL: ZFake3Mu/Central/muons/1/pt in Skim_TriLep_DYJets10to50.root
2025-11-10 12:20:01,807 - INFO - [2016postVFP] MISSING_CENTRAL: ZFake3Mu/Central/muons/1/pt in Skim_TriLep_DYJets.root
2025-11-10 12:20:01,808 - INFO - [2016postVFP] MISSING_CENTRAL: ZFake3Mu/Central/muons/1/pt in Skim_TriLep_DYJets10to50.root
2025-11-10 12:20:02,042 - INFO - [2017] MISSING_CENTRAL: ZFake3Mu/Central/muons/1/pt in Skim_TriLep_DYJets10to50.root
2025-11-10 12:20:02,285 - INFO - [2018] MISSING_CENTRAL: ZFake3Mu/Central/muons/1/pt in Skim_TriLep_DYJets10to50.root
2025-11-13 11:09:33,667 - INFO - [2016preVFP] MISSING_CENTRAL: ZFake3Mu/Central/muons/1/pt in Skim_TriLep_DYJets.root
2025-11-13 11:09:33,668 - INFO - [2016preVFP] MISSING_CENTRAL: ZFake3Mu/Central/muons/1/pt in Skim_TriLep_DYJets10to50.root
2025-11-13 11:09:34,043 - INFO - [2016postVFP] MISSING_CENTRAL: ZFake3Mu/Central/muons/1/pt in Skim_TriLep_DYJets.root
2025-11-13 11:09:34,044 - INFO - [2016postVFP] MISSING_CENTRAL: ZFake3Mu/Central/muons/1/pt in Skim_TriLep_DYJets10to50.root
2025-11-13 11:09:34,456 - INFO - [2017] MISSING_CENTRAL: ZFake3Mu/Central/muons/1/pt in Skim_TriLep_DYJets10to50.root
2025-11-13 11:09:34,878 - INFO - [2018] MISSING_CENTRAL: ZFake3Mu/Central/muons/1/pt in Skim_TriLep_DYJets10to50.root
2025-11-19 16:09:48,031 - INFO - [2016preVFP] MISSING_CENTRAL: ZFake3Mu/Central/muons/1/pt in Skim_TriLep_DYJets.root
2025-11-19 16:09:48,032 - INFO - [2016preVFP] MISSING_CENTRAL: ZFake3Mu/Central/muons/1/pt in Skim_TriLep_DYJets10to50.root
2025-11-19 16:09:48,245 - INFO - [2016postVFP] MISSING_CENTRAL: ZFake3Mu/Central/muons/1/pt in Skim_TriLep_DYJets.root
2025-11-19 16:09:48,246 - INFO - [2016postVFP] MISSING_CENTRAL: ZFake3Mu/Central/muons/1/pt in Skim_TriLep_DYJets10to50.root
2025-11-19 16:09:48,476 - INFO - [2017] MISSING_CENTRAL: ZFake3Mu/Central/muons/1/pt in Skim_TriLep_DYJets10to50.root
2025-11-19 16:09:48,726 - INFO - [2018] MISSING_CENTRAL: ZFake3Mu/Central/muons/1/pt in Skim_TriLep_DYJets10to50.root
2025-11-19 16:22:24,033 - INFO - [2016preVFP] MISSING_CENTRAL: ZFake3Mu/Central/muons/1/pt in Skim_TriLep_DYJets.root
2025-11-19 16:22:24,034 - INFO - [2016preVFP] MISSING_CENTRAL: ZFake3Mu/Central/muons/1/pt in Skim_TriLep_DYJets10to50.root
2025-11-19 16:22:24,258 - INFO - [2016postVFP] MISSING_CENTRAL: ZFake3Mu/Central/muons/1/pt in Skim_TriLep_DYJets.root
2025-11-19 16:22:24,258 - INFO - [2016postVFP] MISSING_CENTRAL: ZFake3Mu/Central/muons/1/pt in Skim_TriLep_DYJets10to50.root
2025-11-19 16:22:24,572 - INFO - [2017] MISSING_CENTRAL: ZFake3Mu/Central/muons/1/pt in Skim_TriLep_DYJets10to50.root
2025-11-19 16:22:25,048 - INFO - [2018] MISSING_CENTRAL: ZFake3Mu/Central/muons/1/pt in Skim_TriLep_DYJets10to50.root
2025-12-17 22:36:52,472 - INFO - [2016preVFP] MISSING_CENTRAL: ZFake3Mu/Central/muons/1/pt in Skim_TriLep_DYJets.root
2025-12-17 22:36:52,473 - INFO - [2016preVFP] MISSING_CENTRAL: ZFake3Mu/Central/muons/1/pt in Skim_TriLep_DYJets10to50.root
2025-12-17 22:36:52,473 - INFO - [2016preVFP] MISSING_FILE: /data9/Users/choij/Sync/workspace/ChargedHiggsAnalysisV3/SKNanoOutput/PromptSelector/Run3Mu_RunSyst/2016preVFP/Skim_TriLep_ZGToLLG.root
2025-12-17 22:36:52,883 - INFO - [2016postVFP] MISSING_CENTRAL: ZFake3Mu/Central/muons/1/pt in Skim_TriLep_DYJets.root
2025-12-17 22:36:52,885 - INFO - [2016postVFP] MISSING_CENTRAL: ZFake3Mu/Central/muons/1/pt in Skim_TriLep_DYJets10to50.root
2025-12-17 22:36:52,886 - INFO - [2016postVFP] MISSING_CENTRAL: ZFake3Mu/Central/muons/1/pt in Skim_TriLep_TTG.root
2025-12-17 22:36:53,252 - INFO - [2017] MISSING_CENTRAL: ZFake3Mu/Central/muons/1/pt in Skim_TriLep_DYJets10to50.root
2025-12-17 22:36:53,656 - INFO - [2018] MISSING_CENTRAL: ZFake3Mu/Central/muons/1/pt in Skim_TriLep_DYJets10to50.root
2025-12-18 14:20:59,285 - INFO - [2016preVFP] MISSING_CENTRAL: ZFake3Mu/Central/muons/1/pt in Skim_TriLep_DYJets.root
2025-12-18 14:20:59,287 - INFO - [2016preVFP] MISSING_CENTRAL: ZFake3Mu/Central/muons/1/pt in Skim_TriLep_DYJets10to50.root
2025-12-18 14:20:59,300 - INFO - [2016preVFP] MISSING_FILE: /data9/Users/choij/Sync/workspace/ChargedHiggsAnalysisV3/SKNanoOutput/PromptSelector/Run3Mu_RunSyst/2016preVFP/Skim_TriLep_ZGToLLG.root
2025-12-18 14:20:59,768 - INFO - [2016postVFP] MISSING_CENTRAL: ZFake3Mu/Central/muons/1/pt in Skim_TriLep_DYJets.root
2025-12-18 14:20:59,769 - INFO - [2016postVFP] MISSING_CENTRAL: ZFake3Mu/Central/muons/1/pt in Skim_TriLep_DYJets10to50.root
2025-12-18 14:20:59,770 - INFO - [2016postVFP] MISSING_CENTRAL: ZFake3Mu/Central/muons/1/pt in Skim_TriLep_TTG.root
2025-12-18 14:21:00,184 - INFO - [2017] MISSING_CENTRAL: ZFake3Mu/Central/muons/1/pt in Skim_TriLep_DYJets10to50.root
2025-12-18 14:21:00,601 - INFO - [2018] MISSING_CENTRAL: ZFake3Mu/Central/muons/1/pt in Skim_TriLep_DYJets10to50.root
2025-12-18 14:36:24,012 - INFO - [2016preVFP] MISSING_CENTRAL: ZFake3Mu/Central/muons/1/pt in Skim_TriLep_DYJets.root
2025-12-18 14:36:24,013 - INFO - [2016preVFP] MISSING_CENTRAL: ZFake3Mu/Central/muons/1/pt in Skim_TriLep_DYJets10to50.root
2025-12-18 14:36:24,014 - INFO - [2016preVFP] MISSING_FILE: /data9/Users/choij/Sync/workspace/ChargedHiggsAnalysisV3/SKNanoOutput/PromptSelector/Run3Mu_RunSyst/2016preVFP/Skim_TriLep_ZGToLLG.root
2025-12-18 14:36:24,382 - INFO - [2016postVFP] MISSING_CENTRAL: ZFake3Mu/Central/muons/1/pt in Skim_TriLep_DYJets.root
2025-12-18 14:36:24,383 - INFO - [2016postVFP] MISSING_CENTRAL: ZFake3Mu/Central/muons/1/pt in Skim_TriLep_DYJets10to50.root
2025-12-18 14:36:24,384 - INFO - [2016postVFP] MISSING_CENTRAL: ZFake3Mu/Central/muons/1/pt in Skim_TriLep_TTG.root
2025-12-18 14:36:24,756 - INFO - [2017] MISSING_CENTRAL: ZFake3Mu/Central/muons/1/pt in Skim_TriLep_DYJets10to50.root
2025-12-18 14:36:25,291 - INFO - [2018] MISSING_CENTRAL: ZFake3Mu/Central/muons/1/pt in Skim_TriLep_DYJets10to50.root
2026-01-07 11:46:23,123 - INFO - [2016preVFP] MISSING_CENTRAL: ZFake3Mu/Central/muons/1/pt in Skim_TriLep_DYJets.root
2026-01-07 11:46:23,124 - INFO - [2016preVFP] MISSING_CENTRAL: ZFake3Mu/Central/muons/1/pt in Skim_TriLep_DYJets10to50.root
2026-01-07 11:46:23,124 - INFO - [2016preVFP] MISSING_FILE: /data9/Users/choij/Sync/workspace/ChargedHiggsAnalysisV3/SKNanoOutput/PromptSelector/Run3Mu_RunSyst/2016preVFP/Skim_TriLep_ZGToLLG.root
2026-01-07 11:46:23,477 - INFO - [2016postVFP] MISSING_CENTRAL: ZFake3Mu/Central/muons/1/pt in Skim_TriLep_DYJets.root
2026-01-07 11:46:23,478 - INFO - [2016postVFP] MISSING_CENTRAL: ZFake3Mu/Central/muons/1/pt in Skim_TriLep_DYJets10to50.root
2026-01-07 11:46:23,479 - INFO - [2016postVFP] MISSING_CENTRAL: ZFake3Mu/Central/muons/1/pt in Skim_TriLep_TTG.root
2026-01-07 11:46:23,833 - INFO - [2017] MISSING_CENTRAL: ZFake3Mu/Central/muons/1/pt in Skim_TriLep_DYJets10to50.root
2026-01-07 11:46:24,216 - INFO - [2018] MISSING_CENTRAL: ZFake3Mu/Central/muons/1/pt in Skim_TriLep_DYJets10to50.root
2026-01-07 18:43:02,506 - INFO - [2016preVFP] MISSING_CENTRAL: ZFake3Mu/Central/muons/1/pt in Skim_TriLep_DYJets.root
2026-01-07 18:43:02,507 - INFO - [2016preVFP] MISSING_CENTRAL: ZFake3Mu/Central/muons/1/pt in Skim_TriLep_DYJets10to50.root
2026-01-07 18:43:02,508 - INFO - [2016preVFP] MISSING_FILE: /data9/Users/choij/Sync/workspace/ChargedHiggsAnalysisV3/SKNanoOutput/PromptSelector/Run3Mu_RunSyst/2016preVFP/Skim_TriLep_ZGToLLG.root
2026-01-07 18:43:02,850 - INFO - [2016postVFP] MISSING_CENTRAL: ZFake3Mu/Central/muons/1/pt in Skim_TriLep_DYJets.root
2026-01-07 18:43:02,851 - INFO - [2016postVFP] MISSING_CENTRAL: ZFake3Mu/Central/muons/1/pt in Skim_TriLep_DYJets10to50.root
2026-01-07 18:43:02,852 - INFO - [2016postVFP] MISSING_CENTRAL: ZFake3Mu/Central/muons/1/pt in Skim_TriLep_TTG.root
2026-01-07 18:43:03,198 - INFO - [2017] MISSING_CENTRAL: ZFake3Mu/Central/muons/1/pt in Skim_TriLep_DYJets10to50.root
2026-01-07 18:43:03,570 - INFO - [2018] MISSING_CENTRAL: ZFake3Mu/Central/muons/1/pt in Skim_TriLep_DYJets10to50.root
2026-01-09 12:16:59,651 - INFO - [2016preVFP] MISSING_CENTRAL: ZFake3Mu/Central/muons/1/pt in Skim_TriLep_DYJets.root
2026-01-09 12:16:59,652 - INFO - [2016preVFP] MISSING_CENTRAL: ZFake3Mu/Central/muons/1/pt in Skim_TriLep_DYJets10to50.root
2026-01-09 12:16:59,652 - INFO - [2016preVFP] MISSING_FILE: /home/choij/Sync/workspace/ChargedHiggsAnalysisV3/SKNanoOutput/PromptSelector/Run3Mu_RunSyst/2016preVFP/Skim_TriLep_ZGToLLG.root
2026-01-09 12:16:59,863 - INFO - [2016postVFP] MISSING_CENTRAL: ZFake3Mu/Central/muons/1/pt in Skim_TriLep_DYJets.root
2026-01-09 12:16:59,863 - INFO - [2016postVFP] MISSING_CENTRAL: ZFake3Mu/Central/muons/1/pt in Skim_TriLep_DYJets10to50.root
2026-01-09 12:16:59,864 - INFO - [2016postVFP] MISSING_CENTRAL: ZFake3Mu/Central/muons/1/pt in Skim_TriLep_TTG.root
2026-01-09 12:17:00,078 - INFO - [2017] MISSING_CENTRAL: ZFake3Mu/Central/muons/1/pt in Skim_TriLep_DYJets10to50.root
2026-01-09 12:17:00,308 - INFO - [2018] MISSING_CENTRAL: ZFake3Mu/Central/muons/1/pt in Skim_TriLep_DYJets10to50.root
2026-01-11 09:37:03,108 - INFO - [2016preVFP] MISSING_CENTRAL: ZFake3Mu/Central/muons/1/pt in Skim_TriLep_DYJets.root
2026-01-11 09:37:03,109 - INFO - [2016preVFP] MISSING_CENTRAL: ZFake3Mu/Central/muons/1/pt in Skim_TriLep_DYJets10to50.root
2026-01-11 09:37:03,109 - INFO - [2016preVFP] MISSING_FILE: /home/choij/Sync/workspace/ChargedHiggsAnalysisV3/SKNanoOutput/PromptSelector/Run3Mu_RunSyst/2016preVFP/Skim_TriLep_ZGToLLG.root
2026-01-11 09:37:03,337 - INFO - [2016postVFP] MISSING_CENTRAL: ZFake3Mu/Central/muons/1/pt in Skim_TriLep_DYJets.root
2026-01-11 09:37:03,338 - INFO - [2016postVFP] MISSING_CENTRAL: ZFake3Mu/Central/muons/1/pt in Skim_TriLep_DYJets10to50.root
2026-01-11 09:37:03,338 - INFO - [2016postVFP] MISSING_CENTRAL: ZFake3Mu/Central/muons/1/pt in Skim_TriLep_TTG.root
2026-01-11 09:37:03,564 - INFO - [2017] MISSING_CENTRAL: ZFake3Mu/Central/muons/1/pt in Skim_TriLep_DYJets10to50.root
2026-01-11 09:37:03,790 - INFO - [2018] MISSING_CENTRAL: ZFake3Mu/Central/muons/1/pt in Skim_TriLep_DYJets10to50.root
2026-01-12 13:45:42,061 - INFO - [2016preVFP] MISSING_FILE: /home/choij/Sync/workspace/ChargedHiggsAnalysisV3/SKNanoOutput/MatrixSelector/Run3Mu/2016preVFP/Skim_TriLep_DoubleMuon_B.root
2026-01-12 13:45:42,062 - INFO - [2016preVFP] MISSING_FILE: /home/choij/Sync/workspace/ChargedHiggsAnalysisV3/SKNanoOutput/MatrixSelector/Run3Mu/2016preVFP/Skim_TriLep_DoubleMuon_C.root
2026-01-12 13:45:42,062 - INFO - [2016preVFP] MISSING_FILE: /home/choij/Sync/workspace/ChargedHiggsAnalysisV3/SKNanoOutput/MatrixSelector/Run3Mu/2016preVFP/Skim_TriLep_DoubleMuon_D.root
2026-01-12 13:45:42,063 - INFO - [2016preVFP] MISSING_FILE: /home/choij/Sync/workspace/ChargedHiggsAnalysisV3/SKNanoOutput/MatrixSelector/Run3Mu/2016preVFP/Skim_TriLep_DoubleMuon_E.root
2026-01-12 13:45:42,063 - INFO - [2016preVFP] MISSING_FILE: /home/choij/Sync/workspace/ChargedHiggsAnalysisV3/SKNanoOutput/MatrixSelector/Run3Mu/2016preVFP/Skim_TriLep_DoubleMuon_F.root
2026-01-12 13:45:42,064 - INFO - [2016preVFP] MISSING_CENTRAL: ZFake3Mu/Central/muons/1/pt in Skim_TriLep_DYJets.root
2026-01-12 13:45:42,064 - INFO - [2016preVFP] MISSING_CENTRAL: ZFake3Mu/Central/muons/1/pt in Skim_TriLep_DYJets10to50.root
2026-01-12 13:45:42,064 - INFO - [2016preVFP] MISSING_FILE: /home/choij/Sync/workspace/ChargedHiggsAnalysisV3/SKNanoOutput/PromptSelector/Run3Mu_RunSyst/2016preVFP/Skim_TriLep_ZGToLLG.root
2026-01-12 13:45:42,283 - INFO - [2016postVFP] MISSING_FILE: /home/choij/Sync/workspace/ChargedHiggsAnalysisV3/SKNanoOutput/MatrixSelector/Run3Mu/2016postVFP/Skim_TriLep_DoubleMuon_F.root
2026-01-12 13:45:42,283 - INFO - [2016postVFP] MISSING_FILE: /home/choij/Sync/workspace/ChargedHiggsAnalysisV3/SKNanoOutput/MatrixSelector/Run3Mu/2016postVFP/Skim_TriLep_DoubleMuon_G.root
2026-01-12 13:45:42,283 - INFO - [2016postVFP] MISSING_FILE: /home/choij/Sync/workspace/ChargedHiggsAnalysisV3/SKNanoOutput/MatrixSelector/Run3Mu/2016postVFP/Skim_TriLep_DoubleMuon_H.root
2026-01-12 13:45:42,284 - INFO - [2016postVFP] MISSING_CENTRAL: ZFake3Mu/Central/muons/1/pt in Skim_TriLep_DYJets.root
2026-01-12 13:45:42,284 - INFO - [2016postVFP] MISSING_CENTRAL: ZFake3Mu/Central/muons/1/pt in Skim_TriLep_DYJets10to50.root
2026-01-12 13:45:42,285 - INFO - [2016postVFP] MISSING_CENTRAL: ZFake3Mu/Central/muons/1/pt in Skim_TriLep_TTG.root
2026-01-12 13:45:42,480 - INFO - [2017] MISSING_FILE: /home/choij/Sync/workspace/ChargedHiggsAnalysisV3/SKNanoOutput/MatrixSelector/Run3Mu/2017/Skim_TriLep_DoubleMuon_B.root
2026-01-12 13:45:42,481 - INFO - [2017] MISSING_FILE: /home/choij/Sync/workspace/ChargedHiggsAnalysisV3/SKNanoOutput/MatrixSelector/Run3Mu/2017/Skim_TriLep_DoubleMuon_C.root
2026-01-12 13:45:42,481 - INFO - [2017] MISSING_FILE: /home/choij/Sync/workspace/ChargedHiggsAnalysisV3/SKNanoOutput/MatrixSelector/Run3Mu/2017/Skim_TriLep_DoubleMuon_D.root
2026-01-12 13:45:42,481 - INFO - [2017] MISSING_FILE: /home/choij/Sync/workspace/ChargedHiggsAnalysisV3/SKNanoOutput/MatrixSelector/Run3Mu/2017/Skim_TriLep_DoubleMuon_E.root
2026-01-12 13:45:42,481 - INFO - [2017] MISSING_FILE: /home/choij/Sync/workspace/ChargedHiggsAnalysisV3/SKNanoOutput/MatrixSelector/Run3Mu/2017/Skim_TriLep_DoubleMuon_F.root
2026-01-12 13:45:42,494 - INFO - [2017] MISSING_CENTRAL: ZFake3Mu/Central/muons/1/pt in Skim_TriLep_DYJets10to50.root
2026-01-12 13:45:42,709 - INFO - [2018] MISSING_FILE: /home/choij/Sync/workspace/ChargedHiggsAnalysisV3/SKNanoOutput/MatrixSelector/Run3Mu/2018/Skim_TriLep_DoubleMuon_A.root
2026-01-12 13:45:42,709 - INFO - [2018] MISSING_FILE: /home/choij/Sync/workspace/ChargedHiggsAnalysisV3/SKNanoOutput/MatrixSelector/Run3Mu/2018/Skim_TriLep_DoubleMuon_B.root
2026-01-12 13:45:42,709 - INFO - [2018] MISSING_FILE: /home/choij/Sync/workspace/ChargedHiggsAnalysisV3/SKNanoOutput/MatrixSelector/Run3Mu/2018/Skim_TriLep_DoubleMuon_C.root
2026-01-12 13:45:42,709 - INFO - [2018] MISSING_FILE: /home/choij/Sync/workspace/ChargedHiggsAnalysisV3/SKNanoOutput/MatrixSelector/Run3Mu/2018/Skim_TriLep_DoubleMuon_D.root
2026-01-12 13:45:42,722 - INFO - [2018] MISSING_CENTRAL: ZFake3Mu/Central/muons/1/pt in Skim_TriLep_DYJets10to50.root
2026-01-16 19:00:51,351 - INFO - [2016preVFP] MISSING_CENTRAL: ZFake3Mu/Central/muons/1/pt in Skim_TriLep_DYJets.root
2026-01-16 19:00:51,352 - INFO - [2016preVFP] MISSING_CENTRAL: ZFake3Mu/Central/muons/1/pt in Skim_TriLep_DYJets10to50.root
2026-01-16 19:00:51,352 - INFO - [2016preVFP] MISSING_FILE: /home/choij/Sync/workspace/ChargedHiggsAnalysisV3/SKNanoOutput/PromptSelector/Run3Mu_RunSyst/2016preVFP/Skim_TriLep_ZGToLLG.root
2026-01-16 19:00:51,573 - INFO - [2016postVFP] MISSING_CENTRAL: ZFake3Mu/Central/muons/1/pt in Skim_TriLep_DYJets.root
2026-01-16 19:00:51,574 - INFO - [2016postVFP] MISSING_CENTRAL: ZFake3Mu/Central/muons/1/pt in Skim_TriLep_DYJets10to50.root
2026-01-16 19:00:51,574 - INFO - [2016postVFP] MISSING_CENTRAL: ZFake3Mu/Central/muons/1/pt in Skim_TriLep_TTG.root
2026-01-16 19:00:51,809 - INFO - [2017] MISSING_CENTRAL: ZFake3Mu/Central/muons/1/pt in Skim_TriLep_DYJets10to50.root
2026-01-16 19:00:52,050 - INFO - [2018] MISSING_CENTRAL: ZFake3Mu/Central/muons/1/pt in Skim_TriLep_DYJets10to50.root
2026-01-28 16:08:43,688 - INFO - [2016preVFP] MISSING_CENTRAL: ZFake3Mu/Central/muons/1/pt in Skim_TriLep_DYJets.root
2026-01-28 16:08:43,688 - INFO - [2016preVFP] MISSING_CENTRAL: ZFake3Mu/Central/muons/1/pt in Skim_TriLep_DYJets10to50.root
2026-01-28 16:08:44,050 - INFO - [2016postVFP] MISSING_CENTRAL: ZFake3Mu/Central/muons/1/pt in Skim_TriLep_DYJets.root
2026-01-28 16:08:44,050 - INFO - [2016postVFP] MISSING_CENTRAL: ZFake3Mu/Central/muons/1/pt in Skim_TriLep_DYJets10to50.root
2026-01-28 16:08:44,051 - INFO - [2016postVFP] MISSING_CENTRAL: ZFake3Mu/Central/muons/1/pt in Skim_TriLep_TTG.root
2026-01-28 16:08:44,449 - INFO - [2017] MISSING_CENTRAL: ZFake3Mu/Central/muons/1/pt in Skim_TriLep_DYJets10to50.root
2026-01-28 16:08:44,803 - INFO - [2018] MISSING_CENTRAL: ZFake3Mu/Central/muons/1/pt in Skim_TriLep_DYJets10to50.root
2026-01-28 17:20:35,901 - INFO - [2016preVFP] MISSING_CENTRAL: ZFake3Mu/Central/muons/1/pt in Skim_TriLep_DYJets.root
2026-01-28 17:20:35,901 - INFO - [2016preVFP] MISSING_CENTRAL: ZFake3Mu/Central/muons/1/pt in Skim_TriLep_DYJets10to50.root
2026-01-28 17:20:36,194 - INFO - [2016postVFP] MISSING_CENTRAL: ZFake3Mu/Central/muons/1/pt in Skim_TriLep_DYJets.root
2026-01-28 17:20:36,195 - INFO - [2016postVFP] MISSING_CENTRAL: ZFake3Mu/Central/muons/1/pt in Skim_TriLep_DYJets10to50.root
2026-01-28 17:20:36,195 - INFO - [2016postVFP] MISSING_CENTRAL: ZFake3Mu/Central/muons/1/pt in Skim_TriLep_TTG.root
2026-01-28 17:20:36,495 - INFO - [2017] MISSING_CENTRAL: ZFake3Mu/Central/muons/1/pt in Skim_TriLep_DYJets10to50.root
2026-01-28 17:20:36,815 - INFO - [2018] MISSING_CENTRAL: ZFake3Mu/Central/muons/1/pt in Skim_TriLep_DYJets10to50.root
2026-01-28 19:54:07,934 - INFO - [2016preVFP] MISSING_CENTRAL: ZFake3Mu/Central/muons/1/pt in Skim_TriLep_DYJets.root
2026-01-28 19:54:07,935 - INFO - [2016preVFP] MISSING_CENTRAL: ZFake3Mu/Central/muons/1/pt in Skim_TriLep_DYJets10to50.root
2026-01-28 19:54:08,231 - INFO - [2016postVFP] MISSING_CENTRAL: ZFake3Mu/Central/muons/1/pt in Skim_TriLep_DYJets.root
2026-01-28 19:54:08,232 - INFO - [2016postVFP] MISSING_CENTRAL: ZFake3Mu/Central/muons/1/pt in Skim_TriLep_DYJets10to50.root
2026-01-28 19:54:08,232 - INFO - [2016postVFP] MISSING_CENTRAL: ZFake3Mu/Central/muons/1/pt in Skim_TriLep_TTG.root
2026-01-28 19:54:08,575 - INFO - [2017] MISSING_CENTRAL: ZFake3Mu/Central/muons/1/pt in Skim_TriLep_DYJets10to50.root
2026-01-28 19:54:08,894 - INFO - [2018] MISSING_CENTRAL: ZFake3Mu/Central/muons/1/pt in Skim_TriLep_DYJets10to50.root
2026-01-29 07:11:26,392 - INFO - [2016preVFP] MISSING_CENTRAL: ZFake3Mu/Central/muons/1/pt in Skim_TriLep_DYJets.root
2026-01-29 07:11:26,393 - INFO - [2016preVFP] MISSING_CENTRAL: ZFake3Mu/Central/muons/1/pt in Skim_TriLep_DYJets10to50.root
2026-01-29 07:11:26,602 - INFO - [2016postVFP] MISSING_CENTRAL: ZFake3Mu/Central/muons/1/pt in Skim_TriLep_DYJets.root
2026-01-29 07:11:26,603 - INFO - [2016postVFP] MISSING_CENTRAL: ZFake3Mu/Central/muons/1/pt in Skim_TriLep_DYJets10to50.root
2026-01-29 07:11:26,604 - INFO - [2016postVFP] MISSING_CENTRAL: ZFake3Mu/Central/muons/1/pt in Skim_TriLep_TTG.root
2026-01-29 07:11:26,819 - INFO - [2017] MISSING_CENTRAL: ZFake3Mu/Central/muons/1/pt in Skim_TriLep_DYJets10to50.root
2026-01-29 07:11:27,059 - INFO - [2018] MISSING_CENTRAL: ZFake3Mu/Central/muons/1/pt in Skim_TriLep_DYJets10to50.root
2026-03-06 09:39:54,494 - INFO - [2016preVFP] MISSING_CENTRAL: ZFake3Mu/Central/muons/1/pt in Skim_TriLep_DYJets.root
2026-03-06 09:39:54,495 - INFO - [2016preVFP] MISSING_CENTRAL: ZFake3Mu/Central/muons/1/pt in Skim_TriLep_DYJets10to50.root
2026-03-06 09:39:54,722 - INFO - [2016postVFP] MISSING_CENTRAL: ZFake3Mu/Central/muons/1/pt in Skim_TriLep_DYJets.root
2026-03-06 09:39:54,722 - INFO - [2016postVFP] MISSING_CENTRAL: ZFake3Mu/Central/muons/1/pt in Skim_TriLep_DYJets10to50.root
2026-03-06 09:39:54,723 - INFO - [2016postVFP] MISSING_CENTRAL: ZFake3Mu/Central/muons/1/pt in Skim_TriLep_TTG.root
2026-03-06 09:39:54,953 - INFO - [2017] MISSING_CENTRAL: ZFake3Mu/Central/muons/1/pt in Skim_TriLep_DYJets10to50.root
2026-03-06 09:39:55,176 - INFO - [2018] MISSING_CENTRAL: ZFake3Mu/Central/muons/1/pt in Skim_TriLep_DYJets10to50.root
2026-03-06 19:45:42,695 - INFO - [2016preVFP] MISSING_CENTRAL: ZFake3Mu/Central/muons/1/pt in Skim_TriLep_DYJets.root
2026-03-06 19:45:42,696 - INFO - [2016preVFP] MISSING_CENTRAL: ZFake3Mu/Central/muons/1/pt in Skim_TriLep_DYJets10to50.root
2026-03-06 19:45:42,916 - INFO - [2016postVFP] MISSING_CENTRAL: ZFake3Mu/Central/muons/1/pt in Skim_TriLep_DYJets.root
2026-03-06 19:45:42,917 - INFO - [2016postVFP] MISSING_CENTRAL: ZFake3Mu/Central/muons/1/pt in Skim_TriLep_DYJets10to50.root
2026-03-06 19:45:42,918 - INFO - [2016postVFP] MISSING_CENTRAL: ZFake3Mu/Central/muons/1/pt in Skim_TriLep_TTG.root
2026-03-06 19:45:43,130 - INFO - [2017] MISSING_CENTRAL: ZFake3Mu/Central/muons/1/pt in Skim_TriLep_DYJets10to50.root
2026-03-06 19:45:43,362 - INFO - [2018] MISSING_CENTRAL: ZFake3Mu/Central/muons/1/pt in Skim_TriLep_DYJets10to50.root
2026-03-12 21:34:24,109 - INFO - [2016preVFP] MISSING_CENTRAL: ZFake3Mu/Central/muons/1/pt in Skim_TriLep_DYJets.root
2026-03-12 21:34:24,110 - INFO - [2016preVFP] MISSING_CENTRAL: ZFake3Mu/Central/muons/1/pt in Skim_TriLep_DYJets10to50.root
2026-03-12 21:34:24,321 - INFO - [2016postVFP] MISSING_CENTRAL: ZFake3Mu/Central/muons/1/pt in Skim_TriLep_DYJets.root
2026-03-12 21:34:24,322 - INFO - [2016postVFP] MISSING_CENTRAL: ZFake3Mu/Central/muons/1/pt in Skim_TriLep_DYJets10to50.root
2026-03-12 21:34:24,322 - INFO - [2016postVFP] MISSING_CENTRAL: ZFake3Mu/Central/muons/1/pt in Skim_TriLep_TTG.root
2026-03-12 21:34:24,566 - INFO - [2017] MISSING_CENTRAL: ZFake3Mu/Central/muons/1/pt in Skim_TriLep_DYJets10to50.root
2026-03-12 21:34:24,873 - INFO - [2018] MISSING_CENTRAL: ZFake3Mu/Central/muons/1/pt in Skim_TriLep_DYJets10to50.root
2026-04-10 20:20:42,284 - INFO - [2016preVFP] MISSING_CENTRAL: ZFake3Mu/Central/muons/1/pt in Skim_TriLep_DYJets.root
2026-04-10 20:20:42,284 - INFO - [2016preVFP] MISSING_CENTRAL: ZFake3Mu/Central/muons/1/pt in Skim_TriLep_DYJets10to50.root
2026-04-10 20:20:42,493 - INFO - [2016postVFP] MISSING_CENTRAL: ZFake3Mu/Central/muons/1/pt in Skim_TriLep_DYJets.root
2026-04-10 20:20:42,494 - INFO - [2016postVFP] MISSING_CENTRAL: ZFake3Mu/Central/muons/1/pt in Skim_TriLep_DYJets10to50.root
2026-04-10 20:20:42,495 - INFO - [2016postVFP] MISSING_CENTRAL: ZFake3Mu/Central/muons/1/pt in Skim_TriLep_TTG.root
2026-04-10 20:20:42,708 - INFO - [2017] MISSING_CENTRAL: ZFake3Mu/Central/muons/1/pt in Skim_TriLep_DYJets10to50.root
2026-04-10 20:20:42,937 - INFO - [2018] MISSING_CENTRAL: ZFake3Mu/Central/muons/1/pt in Skim_TriLep_DYJets10to50.root
2026-04-12 11:35:50,259 - INFO - [2016preVFP] MISSING_CENTRAL: ZFake3Mu/Central/muons/1/pt in Skim_TriLep_DYJets.root
2026-04-12 11:35:50,260 - INFO - [2016preVFP] MISSING_CENTRAL: ZFake3Mu/Central/muons/1/pt in Skim_TriLep_DYJets10to50.root
2026-04-12 11:35:50,463 - INFO - [2016postVFP] MISSING_CENTRAL: ZFake3Mu/Central/muons/1/pt in Skim_TriLep_DYJets.root
2026-04-12 11:35:50,464 - INFO - [2016postVFP] MISSING_CENTRAL: ZFake3Mu/Central/muons/1/pt in Skim_TriLep_DYJets10to50.root
2026-04-12 11:35:50,464 - INFO - [2016postVFP] MISSING_CENTRAL: ZFake3Mu/Central/muons/1/pt in Skim_TriLep_TTG.root
2026-04-12 11:35:50,741 - INFO - [2017] MISSING_CENTRAL: ZFake3Mu/Central/muons/1/pt in Skim_TriLep_DYJets10to50.root
2026-04-12 11:35:50,960 - INFO - [2018] MISSING_CENTRAL: ZFake3Mu/Central/muons/1/pt in Skim_TriLep_DYJets10to50.root
2026-04-12 12:17:52,471 - INFO - [2016preVFP] MISSING_CENTRAL: ZFake3Mu/Central/muons/1/pt in Skim_TriLep_DYJets.root
2026-04-12 12:17:52,472 - INFO - [2016preVFP] MISSING_CENTRAL: ZFake3Mu/Central/muons/1/pt in Skim_TriLep_DYJets10to50.root
2026-04-12 12:17:52,736 - INFO - [2016postVFP] MISSING_CENTRAL: ZFake3Mu/Central/muons/1/pt in Skim_TriLep_DYJets.root
2026-04-12 12:17:52,737 - INFO - [2016postVFP] MISSING_CENTRAL: ZFake3Mu/Central/muons/1/pt in Skim_TriLep_DYJets10to50.root
2026-04-12 12:17:52,738 - INFO - [2016postVFP] MISSING_CENTRAL: ZFake3Mu/Central/muons/1/pt in Skim_TriLep_TTG.root
2026-04-12 12:17:52,952 - INFO - [2017] MISSING_CENTRAL: ZFake3Mu/Central/muons/1/pt in Skim_TriLep_DYJets10to50.root
2026-04-12 12:17:53,179 - INFO - [2018] MISSING_CENTRAL: ZFake3Mu/Central/muons/1/pt in Skim_TriLep_DYJets10to50.root
2026-04-12 12:37:31,302 - INFO - [2016preVFP] MISSING_CENTRAL: ZFake3Mu/Central/muons/1/pt in Skim_TriLep_DYJets.root
2026-04-12 12:37:31,303 - INFO - [2016preVFP] MISSING_CENTRAL: ZFake3Mu/Central/muons/1/pt in Skim_TriLep_DYJets10to50.root
2026-04-12 12:37:31,517 - INFO - [2016postVFP] MISSING_CENTRAL: ZFake3Mu/Central/muons/1/pt in Skim_TriLep_DYJets.root
2026-04-12 12:37:31,517 - INFO - [2016postVFP] MISSING_CENTRAL: ZFake3Mu/Central/muons/1/pt in Skim_TriLep_DYJets10to50.root
2026-04-12 12:37:31,518 - INFO - [2016postVFP] MISSING_CENTRAL: ZFake3Mu/Central/muons/1/pt in Skim_TriLep_TTG.root
2026-04-12 12:37:31,786 - INFO - [2017] MISSING_CENTRAL: ZFake3Mu/Central/muons/1/pt in Skim_TriLep_DYJets10to50.root
2026-04-12 12:37:32,014 - INFO - [2018] MISSING_CENTRAL: ZFake3Mu/Central/muons/1/pt in Skim_TriLep_DYJets10to50.root
2026-04-12 20:45:36,212 - INFO - [2016preVFP] MISSING_CENTRAL: ZFake3Mu/Central/muons/1/pt in Skim_TriLep_DYJets.root
2026-04-12 20:45:36,213 - INFO - [2016preVFP] MISSING_CENTRAL: ZFake3Mu/Central/muons/1/pt in Skim_TriLep_DYJets10to50.root
2026-04-12 20:45:36,427 - INFO - [2016postVFP] MISSING_CENTRAL: ZFake3Mu/Central/muons/1/pt in Skim_TriLep_DYJets.root
2026-04-12 20:45:36,427 - INFO - [2016postVFP] MISSING_CENTRAL: ZFake3Mu/Central/muons/1/pt in Skim_TriLep_DYJets10to50.root
2026-04-12 20:45:36,428 - INFO - [2016postVFP] MISSING_CENTRAL: ZFake3Mu/Central/muons/1/pt in Skim_TriLep_TTG.root
2026-04-12 20:45:36,647 - INFO - [2017] MISSING_CENTRAL: ZFake3Mu/Central/muons/1/pt in Skim_TriLep_DYJets10to50.root
2026-04-12 20:45:36,889 - INFO - [2018] MISSING_CENTRAL: ZFake3Mu/Central/muons/1/pt in Skim_TriLep_DYJets10to50.root
2026-04-12 21:17:12,945 - INFO - [2016preVFP] MISSING_CENTRAL: ZFake3Mu/Central/muons/1/pt in Skim_TriLep_DYJets.root
2026-04-12 21:17:12,946 - INFO - [2016preVFP] MISSING_CENTRAL: ZFake3Mu/Central/muons/1/pt in Skim_TriLep_DYJets10to50.root
2026-04-12 21:17:13,152 - INFO - [2016postVFP] MISSING_CENTRAL: ZFake3Mu/Central/muons/1/pt in Skim_TriLep_DYJets.root
2026-04-12 21:17:13,152 - INFO - [2016postVFP] MISSING_CENTRAL: ZFake3Mu/Central/muons/1/pt in Skim_TriLep_DYJets10to50.root
2026-04-12 21:17:13,153 - INFO - [2016postVFP] MISSING_CENTRAL: ZFake3Mu/Central/muons/1/pt in Skim_TriLep_TTG.root
2026-04-12 21:17:13,361 - INFO - [2017] MISSING_CENTRAL: ZFake3Mu/Central/muons/1/pt in Skim_TriLep_DYJets10to50.root
2026-04-12 21:17:13,582 - INFO - [2018] MISSING_CENTRAL: ZFake3Mu/Central/muons/1/pt in Skim_TriLep_DYJets10to50.root
2026-04-13 12:54:50,133 - INFO - [2016preVFP] MISSING_CENTRAL: ZFake3Mu/Central/muons/1/pt in Skim_TriLep_DYJets.root
2026-04-13 12:54:50,134 - INFO - [2016preVFP] MISSING_CENTRAL: ZFake3Mu/Central/muons/1/pt in Skim_TriLep_DYJets10to50.root
2026-04-13 12:54:50,393 - INFO - [2016postVFP] MISSING_CENTRAL: ZFake3Mu/Central/muons/1/pt in Skim_TriLep_DYJets.root
2026-04-13 12:54:50,394 - INFO - [2016postVFP] MISSING_CENTRAL: ZFake3Mu/Central/muons/1/pt in Skim_TriLep_DYJets10to50.root
2026-04-13 12:54:50,394 - INFO - [2016postVFP] MISSING_CENTRAL: ZFake3Mu/Central/muons/1/pt in Skim_TriLep_TTG.root
2026-04-13 12:54:50,666 - INFO - [2017] MISSING_CENTRAL: ZFake3Mu/Central/muons/1/pt in Skim_TriLep_DYJets10to50.root
2026-04-13 12:54:50,944 - INFO - [2018] MISSING_CENTRAL: ZFake3Mu/Central/muons/1/pt in Skim_TriLep_DYJets10to50.root
2026-04-16 17:37:20,037 - INFO - [2016preVFP] MISSING_CENTRAL: ZFake3Mu/Central/muons/1/pt in Skim_TriLep_DYJets.root
2026-04-16 17:37:20,038 - INFO - [2016preVFP] MISSING_CENTRAL: ZFake3Mu/Central/muons/1/pt in Skim_TriLep_DYJets10to50.root
2026-04-16 17:37:20,299 - INFO - [2016postVFP] MISSING_CENTRAL: ZFake3Mu/Central/muons/1/pt in Skim_TriLep_DYJets.root
2026-04-16 17:37:20,300 - INFO - [2016postVFP] MISSING_CENTRAL: ZFake3Mu/Central/muons/1/pt in Skim_TriLep_DYJets10to50.root
2026-04-16 17:37:20,300 - INFO - [2016postVFP] MISSING_CENTRAL: ZFake3Mu/Central/muons/1/pt in Skim_TriLep_TTG.root
2026-04-16 17:37:20,556 - INFO - [2017] MISSING_CENTRAL: ZFake3Mu/Central/muons/1/pt in Skim_TriLep_DYJets10to50.root
2026-04-16 17:37:20,931 - INFO - [2018] MISSING_CENTRAL: ZFake3Mu/Central/muons/1/pt in Skim_TriLep_DYJets10to50.root
2026-04-28 15:19:50,701 - INFO - [2016preVFP] MISSING_CENTRAL: ZFake3Mu/Central/muons/1/pt in Skim_TriLep_DYJets.root
2026-04-28 15:19:50,703 - INFO - [2016preVFP] MISSING_CENTRAL: ZFake3Mu/Central/muons/1/pt in Skim_TriLep_DYJets10to50.root
2026-04-28 15:19:50,953 - INFO - [2016postVFP] MISSING_CENTRAL: ZFake3Mu/Central/muons/1/pt in Skim_TriLep_DYJets.root
2026-04-28 15:19:50,954 - INFO - [2016postVFP] MISSING_CENTRAL: ZFake3Mu/Central/muons/1/pt in Skim_TriLep_DYJets10to50.root
2026-04-28 15:19:50,954 - INFO - [2016postVFP] MISSING_CENTRAL: ZFake3Mu/Central/muons/1/pt in Skim_TriLep_TTG.root
2026-04-28 15:19:51,206 - INFO - [2017] MISSING_CENTRAL: ZFake3Mu/Central/muons/1/pt in Skim_TriLep_DYJets10to50.root
2026-04-28 15:19:51,477 - INFO - [2018] MISSING_CENTRAL: ZFake3Mu/Central/muons/1/pt in Skim_TriLep_DYJets10to50.root
2026-04-28 20:33:01,512 - INFO - [2016preVFP] MISSING_CENTRAL: ZFake3Mu/Central/muons/1/pt in Skim_TriLep_DYJets.root
2026-04-28 20:33:01,512 - INFO - [2016preVFP] MISSING_CENTRAL: ZFake3Mu/Central/muons/1/pt in Skim_TriLep_DYJets10to50.root
2026-04-28 20:33:01,761 - INFO - [2016postVFP] MISSING_CENTRAL: ZFake3Mu/Central/muons/1/pt in Skim_TriLep_DYJets.root
2026-04-28 20:33:01,762 - INFO - [2016postVFP] MISSING_CENTRAL: ZFake3Mu/Central/muons/1/pt in Skim_TriLep_DYJets10to50.root
2026-04-28 20:33:01,763 - INFO - [2016postVFP] MISSING_CENTRAL: ZFake3Mu/Central/muons/1/pt in Skim_TriLep_TTG.root
2026-04-28 20:33:02,007 - INFO - [2017] MISSING_CENTRAL: ZFake3Mu/Central/muons/1/pt in Skim_TriLep_DYJets10to50.root
2026-04-28 20:33:02,274 - INFO - [2018] MISSING_CENTRAL: ZFake3Mu/Central/muons/1/pt in Skim_TriLep_DYJets10to50.root
2026-05-04 15:39:31,820 - INFO - [2016preVFP] MISSING_CENTRAL: ZFake3Mu/Central/muons/1/pt in Skim_TriLep_DYJets.root
2026-05-04 15:39:31,820 - INFO - [2016preVFP] MISSING_CENTRAL: ZFake3Mu/Central/muons/1/pt in Skim_TriLep_DYJets10to50.root
2026-05-04 15:39:32,374 - INFO - [2016postVFP] MISSING_CENTRAL: ZFake3Mu/Central/muons/1/pt in Skim_TriLep_DYJets.root
2026-05-04 15:39:32,375 - INFO - [2016postVFP] MISSING_CENTRAL: ZFake3Mu/Central/muons/1/pt in Skim_TriLep_DYJets10to50.root
2026-05-04 15:39:32,375 - INFO - [2016postVFP] MISSING_CENTRAL: ZFake3Mu/Central/muons/1/pt in Skim_TriLep_TTG.root
2026-05-04 15:39:32,858 - INFO - [2017] MISSING_CENTRAL: ZFake3Mu/Central/muons/1/pt in Skim_TriLep_DYJets10to50.root
2026-05-04 15:39:33,372 - INFO - [2018] MISSING_CENTRAL: ZFake3Mu/Central/muons/1/pt in Skim_TriLep_DYJets10to50.root
2026-05-04 16:03:39,124 - INFO - [2016preVFP] MISSING_CENTRAL: ZFake3Mu/Central/muons/1/pt in Skim_TriLep_DYJets.root
2026-05-04 16:03:39,125 - INFO - [2016preVFP] MISSING_CENTRAL: ZFake3Mu/Central/muons/1/pt in Skim_TriLep_DYJets10to50.root
2026-05-04 16:03:39,372 - INFO - [2016postVFP] MISSING_CENTRAL: ZFake3Mu/Central/muons/1/pt in Skim_TriLep_DYJets.root
2026-05-04 16:03:39,373 - INFO - [2016postVFP] MISSING_CENTRAL: ZFake3Mu/Central/muons/1/pt in Skim_TriLep_DYJets10to50.root
2026-05-04 16:03:39,373 - INFO - [2016postVFP] MISSING_CENTRAL: ZFake3Mu/Central/muons/1/pt in Skim_TriLep_TTG.root
2026-05-04 16:03:39,632 - INFO - [2017] MISSING_CENTRAL: ZFake3Mu/Central/muons/1/pt in Skim_TriLep_DYJets10to50.root
2026-05-04 16:03:39,909 - INFO - [2018] MISSING_CENTRAL: ZFake3Mu/Central/muons/1/pt in Skim_TriLep_DYJets10to50.root
2026-05-04 17:06:55,910 - INFO - [2016preVFP] MISSING_CENTRAL: ZFake3Mu/Central/muons/1/pt in Skim_TriLep_DYJets.root
2026-05-04 17:06:55,910 - INFO - [2016preVFP] MISSING_CENTRAL: ZFake3Mu/Central/muons/1/pt in Skim_TriLep_DYJets10to50.root
2026-05-04 17:06:56,163 - INFO - [2016postVFP] MISSING_CENTRAL: ZFake3Mu/Central/muons/1/pt in Skim_TriLep_DYJets.root
2026-05-04 17:06:56,164 - INFO - [2016postVFP] MISSING_CENTRAL: ZFake3Mu/Central/muons/1/pt in Skim_TriLep_DYJets10to50.root
2026-05-04 17:06:56,164 - INFO - [2016postVFP] MISSING_CENTRAL: ZFake3Mu/Central/muons/1/pt in Skim_TriLep_TTG.root
2026-05-04 17:06:56,417 - INFO - [2017] MISSING_CENTRAL: ZFake3Mu/Central/muons/1/pt in Skim_TriLep_DYJets10to50.root
2026-05-04 17:06:56,690 - INFO - [2018] MISSING_CENTRAL: ZFake3Mu/Central/muons/1/pt in Skim_TriLep_DYJets10to50.root
2026-05-28 15:43:55,013 - INFO - [2016preVFP] MISSING_CENTRAL: ZFake3Mu/Central/muons/1/pt in Skim_TriLep_DYJets.root
2026-05-28 15:43:55,015 - INFO - [2016preVFP] MISSING_CENTRAL: ZFake3Mu/Central/muons/1/pt in Skim_TriLep_DYJets10to50.root
2026-05-28 15:43:55,422 - INFO - [2016postVFP] MISSING_CENTRAL: ZFake3Mu/Central/muons/1/pt in Skim_TriLep_DYJets.root
2026-05-28 15:43:55,424 - INFO - [2016postVFP] MISSING_CENTRAL: ZFake3Mu/Central/muons/1/pt in Skim_TriLep_DYJets10to50.root
2026-05-28 15:43:55,425 - INFO - [2016postVFP] MISSING_CENTRAL: ZFake3Mu/Central/muons/1/pt in Skim_TriLep_TTG.root
2026-05-28 15:43:55,839 - INFO - [2017] MISSING_CENTRAL: ZFake3Mu/Central/muons/1/pt in Skim_TriLep_DYJets10to50.root
2026-05-28 15:43:56,321 - INFO - [2018] MISSING_CENTRAL: ZFake3Mu/Central/muons/1/pt in Skim_TriLep_DYJets10to50.root
2026-05-29 15:20:39,218 - INFO - [2016preVFP] MISSING_CENTRAL: ZFake3Mu/Central/muons/1/pt in Skim_TriLep_DYJets.root
2026-05-29 15:20:39,219 - INFO - [2016preVFP] MISSING_CENTRAL: ZFake3Mu/Central/muons/1/pt in Skim_TriLep_DYJets10to50.root
2026-05-29 15:20:39,688 - INFO - [2016postVFP] MISSING_CENTRAL: ZFake3Mu/Central/muons/1/pt in Skim_TriLep_DYJets.root
2026-05-29 15:20:39,688 - INFO - [2016postVFP] MISSING_CENTRAL: ZFake3Mu/Central/muons/1/pt in Skim_TriLep_DYJets10to50.root
2026-05-29 15:20:39,688 - INFO - [2016postVFP] MISSING_CENTRAL: ZFake3Mu/Central/muons/1/pt in Skim_TriLep_TTG.root
2026-05-29 15:20:40,183 - INFO - [2017] MISSING_CENTRAL: ZFake3Mu/Central/muons/1/pt in Skim_TriLep_DYJets10to50.root
2026-05-29 15:20:40,820 - INFO - [2018] MISSING_CENTRAL: ZFake3Mu/Central/muons/1/pt in Skim_TriLep_DYJets10to50.root
2026-05-29 15:34:43,266 - INFO - [2016preVFP] MISSING_CENTRAL: ZFake3Mu/Central/muons/1/pt in Skim_TriLep_DYJets.root
2026-05-29 15:34:43,267 - INFO - [2016preVFP] MISSING_CENTRAL: ZFake3Mu/Central/muons/1/pt in Skim_TriLep_DYJets10to50.root
2026-05-29 15:34:43,514 - INFO - [2016postVFP] MISSING_CENTRAL: ZFake3Mu/Central/muons/1/pt in Skim_TriLep_DYJets.root
2026-05-29 15:34:43,515 - INFO - [2016postVFP] MISSING_CENTRAL: ZFake3Mu/Central/muons/1/pt in Skim_TriLep_DYJets10to50.root
2026-05-29 15:34:43,515 - INFO - [2016postVFP] MISSING_CENTRAL: ZFake3Mu/Central/muons/1/pt in Skim_TriLep_TTG.root
2026-05-29 15:34:43,774 - INFO - [2017] MISSING_CENTRAL: ZFake3Mu/Central/muons/1/pt in Skim_TriLep_DYJets10to50.root
2026-05-29 15:34:44,049 - INFO - [2018] MISSING_CENTRAL: ZFake3Mu/Central/muons/1/pt in Skim_TriLep_DYJets10to50.root
2026-05-29 18:25:55,382 - INFO - [2016preVFP] MISSING_CENTRAL: ZFake3Mu/Central/muons/1/pt in Skim_TriLep_DYJets.root
2026-05-29 18:25:55,382 - INFO - [2016preVFP] MISSING_CENTRAL: ZFake3Mu/Central/muons/1/pt in Skim_TriLep_DYJets10to50.root
2026-05-29 18:25:55,875 - INFO - [2016postVFP] MISSING_CENTRAL: ZFake3Mu/Central/muons/1/pt in Skim_TriLep_DYJets.root
2026-05-29 18:25:55,875 - INFO - [2016postVFP] MISSING_CENTRAL: ZFake3Mu/Central/muons/1/pt in Skim_TriLep_DYJets10to50.root
2026-05-29 18:25:55,876 - INFO - [2016postVFP] MISSING_CENTRAL: ZFake3Mu/Central/muons/1/pt in Skim_TriLep_TTG.root
2026-05-29 18:25:56,381 - INFO - [2017] MISSING_CENTRAL: ZFake3Mu/Central/muons/1/pt in Skim_TriLep_DYJets10to50.root
2026-05-29 18:25:56,876 - INFO - [2018] MISSING_CENTRAL: ZFake3Mu/Central/muons/1/pt in Skim_TriLep_DYJets10to50.root
2026-06-12 14:27:32,581 - INFO - [2016preVFP] MISSING_CENTRAL: ZFake3Mu/Central/muons/1/pt in Skim_TriLep_DYJets.root
2026-06-12 14:27:32,582 - INFO - [2016preVFP] MISSING_CENTRAL: ZFake3Mu/Central/muons/1/pt in Skim_TriLep_DYJets10to50.root
2026-06-12 14:27:32,830 - INFO - [2016postVFP] MISSING_CENTRAL: ZFake3Mu/Central/muons/1/pt in Skim_TriLep_DYJets.root
2026-06-12 14:27:32,831 - INFO - [2016postVFP] MISSING_CENTRAL: ZFake3Mu/Central/muons/1/pt in Skim_TriLep_DYJets10to50.root
2026-06-12 14:27:32,831 - INFO - [2016postVFP] MISSING_CENTRAL: ZFake3Mu/Central/muons/1/pt in Skim_TriLep_TTG.root
2026-06-12 14:27:33,083 - INFO - [2017] MISSING_CENTRAL: ZFake3Mu/Central/muons/1/pt in Skim_TriLep_DYJets10to50.root
2026-06-12 14:27:33,359 - INFO - [2018] MISSING_CENTRAL: ZFake3Mu/Central/muons/1/pt in Skim_TriLep_DYJets10to50.root
2026-06-18 00:21:54,465 - INFO - [2016preVFP] MISSING_CENTRAL: ZFake3Mu/Central/muons/1/pt in Skim_TriLep_DYJets.root
2026-06-18 00:21:54,466 - INFO - [2016preVFP] MISSING_CENTRAL: ZFake3Mu/Central/muons/1/pt in Skim_TriLep_DYJets10to50.root
2026-06-18 00:21:54,714 - INFO - [2016postVFP] MISSING_CENTRAL: ZFake3Mu/Central/muons/1/pt in Skim_TriLep_DYJets.root
2026-06-18 00:21:54,715 - INFO - [2016postVFP] MISSING_CENTRAL: ZFake3Mu/Central/muons/1/pt in Skim_TriLep_DYJets10to50.root
2026-06-18 00:21:54,716 - INFO - [2016postVFP] MISSING_CENTRAL: ZFake3Mu/Central/muons/1/pt in Skim_TriLep_TTG.root
2026-06-18 00:21:54,975 - INFO - [2017] MISSING_CENTRAL: ZFake3Mu/Central/muons/1/pt in Skim_TriLep_DYJets10to50.root
2026-06-18 00:21:55,269 - INFO - [2018] MISSING_CENTRAL: ZFake3Mu/Central/muons/1/pt in Skim_TriLep_DYJets10to50.root
2026-07-01 17:36:15,888 - INFO - [2016preVFP] MISSING_CENTRAL: ZFake3Mu/Central/muons/1/pt in Skim_TriLep_DYJets.root
2026-07-01 17:36:15,889 - INFO - [2016preVFP] MISSING_CENTRAL: ZFake3Mu/Central/muons/1/pt in Skim_TriLep_DYJets10to50.root
2026-07-01 17:36:16,496 - INFO - [2016postVFP] MISSING_CENTRAL: ZFake3Mu/Central/muons/1/pt in Skim_TriLep_DYJets.root
2026-07-01 17:36:16,497 - INFO - [2016postVFP] MISSING_CENTRAL: ZFake3Mu/Central/muons/1/pt in Skim_TriLep_DYJets10to50.root
2026-07-01 17:36:16,498 - INFO - [2016postVFP] MISSING_CENTRAL: ZFake3Mu/Central/muons/1/pt in Skim_TriLep_TTG.root
2026-07-01 17:36:17,101 - INFO - [2017] MISSING_CENTRAL: ZFake3Mu/Central/muons/1/pt in Skim_TriLep_DYJets10to50.root
2026-07-01 17:36:17,871 - INFO - [2018] MISSING_CENTRAL: ZFake3Mu/Central/muons/1/pt in Skim_TriLep_DYJets10to50.root
