2025-09-24 15:51:21,686 - INFO - [2016preVFP] MISSING_CENTRAL: ZFake3Mu/Central/nZCand/phi in Skim_TriLep_DYJets.root
2025-09-24 15:51:21,687 - INFO - [2016preVFP] MISSING_CENTRAL: ZFake3Mu/Central/nZCand/phi in Skim_TriLep_DYJets10to50.root
2025-09-24 15:51:22,016 - INFO - [2016postVFP] MISSING_CENTRAL: ZFake3Mu/Central/nZCand/phi in Skim_TriLep_DYJets.root
2025-09-24 15:51:22,017 - INFO - [2016postVFP] MISSING_CENTRAL: ZFake3Mu/Central/nZCand/phi in Skim_TriLep_DYJets10to50.root
2025-09-24 15:51:22,277 - INFO - [2017] MISSING_CENTRAL: ZFake3Mu/Central/nZCand/phi in Skim_TriLep_DYJets10to50.root
2025-09-24 15:51:22,654 - INFO - [2018] MISSING_CENTRAL: ZFake3Mu/Central/nZCand/phi in Skim_TriLep_DYJets10to50.root
2025-09-24 15:51:22,658 - INFO - [2018] MISSING_FILE: /Users/choij/Sync/workspace/ChargedHiggsAnalysisV3/SKNanoOutput/PromptSelector/Run3Mu_RunSyst/2018/Skim_TriLep_TTG.root
2025-09-24 15:51:22,683 - INFO - [2018] MISSING_FILE: /Users/choij/Sync/workspace/ChargedHiggsAnalysisV3/SKNanoOutput/PromptSelector/Run3Mu_RunSyst/2018/Skim_TriLep_TTHToNonbb.root
2025-09-24 15:51:22,728 - INFO - [2018] MISSING_FILE: /Users/choij/Sync/workspace/ChargedHiggsAnalysisV3/SKNanoOutput/PromptSelector/Run3Mu_RunSyst/2018/Skim_TriLep_tHq.root
2025-09-24 15:51:22,749 - INFO - [2018] MISSING_FILE: /Users/choij/Sync/workspace/ChargedHiggsAnalysisV3/SKNanoOutput/PromptSelector/Run3Mu_RunSyst/2018/Skim_TriLep_VBFHToZZTo4L.root
2025-10-02 21:14:48,576 - INFO - [2016preVFP] MISSING_CENTRAL: ZFake3Mu/Central/nZCand/phi in Skim_TriLep_DYJets.root
2025-10-02 21:14:48,577 - INFO - [2016preVFP] MISSING_CENTRAL: ZFake3Mu/Central/nZCand/phi in Skim_TriLep_DYJets10to50.root
2025-10-02 21:14:48,909 - INFO - [2016postVFP] MISSING_CENTRAL: ZFake3Mu/Central/nZCand/phi in Skim_TriLep_DYJets.root
2025-10-02 21:14:48,910 - INFO - [2016postVFP] MISSING_CENTRAL: ZFake3Mu/Central/nZCand/phi in Skim_TriLep_DYJets10to50.root
2025-10-02 21:14:49,206 - INFO - [2017] MISSING_CENTRAL: ZFake3Mu/Central/nZCand/phi in Skim_TriLep_DYJets10to50.root
2025-10-02 21:14:49,537 - INFO - [2018] MISSING_CENTRAL: ZFake3Mu/Central/nZCand/phi in Skim_TriLep_DYJets10to50.root
2025-10-02 21:14:49,549 - INFO - [2018] MISSING_FILE: /data9/Users/choij/Sync/workspace/ChargedHiggsAnalysisV3/SKNanoOutput/PromptSelector/Run3Mu_RunSyst/2018/Skim_TriLep_TTG.root
2025-10-02 21:14:49,584 - INFO - [2018] MISSING_FILE: /data9/Users/choij/Sync/workspace/ChargedHiggsAnalysisV3/SKNanoOutput/PromptSelector/Run3Mu_RunSyst/2018/Skim_TriLep_TTHToNonbb.root
2025-10-02 21:14:49,620 - INFO - [2018] MISSING_FILE: /data9/Users/choij/Sync/workspace/ChargedHiggsAnalysisV3/SKNanoOutput/PromptSelector/Run3Mu_RunSyst/2018/Skim_TriLep_tHq.root
2025-10-02 21:14:49,679 - INFO - [2018] MISSING_FILE: /data9/Users/choij/Sync/workspace/ChargedHiggsAnalysisV3/SKNanoOutput/PromptSelector/Run3Mu_RunSyst/2018/Skim_TriLep_VBFHToZZTo4L.root
2025-10-03 00:03:44,305 - INFO - [2016preVFP] MISSING_CENTRAL: ZFake3Mu/Central/nZCand/phi in Skim_TriLep_DYJets.root
2025-10-03 00:03:44,306 - INFO - [2016preVFP] MISSING_CENTRAL: ZFake3Mu/Central/nZCand/phi in Skim_TriLep_DYJets10to50.root
2025-10-03 00:03:44,499 - INFO - [2016postVFP] MISSING_CENTRAL: ZFake3Mu/Central/nZCand/phi in Skim_TriLep_DYJets.root
2025-10-03 00:03:44,499 - INFO - [2016postVFP] MISSING_CENTRAL: ZFake3Mu/Central/nZCand/phi in Skim_TriLep_DYJets10to50.root
2025-10-03 00:03:44,642 - INFO - [2017] MISSING_CENTRAL: ZFake3Mu/Central/nZCand/phi in Skim_TriLep_DYJets10to50.root
2025-10-03 00:03:44,746 - INFO - [2018] MISSING_CENTRAL: ZFake3Mu/Central/nZCand/phi in Skim_TriLep_DYJets10to50.root
2025-10-03 00:03:44,750 - INFO - [2018] MISSING_FILE: /Users/choij/Sync/workspace/ChargedHiggsAnalysisV3/SKNanoOutput/PromptSelector/Run3Mu_RunSyst/2018/Skim_TriLep_TTG.root
2025-10-03 00:03:44,762 - INFO - [2018] MISSING_FILE: /Users/choij/Sync/workspace/ChargedHiggsAnalysisV3/SKNanoOutput/PromptSelector/Run3Mu_RunSyst/2018/Skim_TriLep_TTHToNonbb.root
2025-10-03 00:03:44,784 - INFO - [2018] MISSING_FILE: /Users/choij/Sync/workspace/ChargedHiggsAnalysisV3/SKNanoOutput/PromptSelector/Run3Mu_RunSyst/2018/Skim_TriLep_tHq.root
2025-10-03 00:03:44,806 - INFO - [2018] MISSING_FILE: /Users/choij/Sync/workspace/ChargedHiggsAnalysisV3/SKNanoOutput/PromptSelector/Run3Mu_RunSyst/2018/Skim_TriLep_VBFHToZZTo4L.root
2025-11-05 22:04:19,506 - INFO - [2016preVFP] MISSING_CENTRAL: ZFake3Mu/Central/nZCand/phi in Skim_TriLep_DYJets.root
2025-11-05 22:04:19,507 - INFO - [2016preVFP] MISSING_CENTRAL: ZFake3Mu/Central/nZCand/phi in Skim_TriLep_DYJets10to50.root
2025-11-05 22:04:19,606 - INFO - [2016postVFP] MISSING_CENTRAL: ZFake3Mu/Central/nZCand/phi in Skim_TriLep_DYJets.root
2025-11-05 22:04:19,607 - INFO - [2016postVFP] MISSING_CENTRAL: ZFake3Mu/Central/nZCand/phi in Skim_TriLep_DYJets10to50.root
2025-11-05 22:04:19,729 - INFO - [2017] MISSING_CENTRAL: ZFake3Mu/Central/nZCand/phi in Skim_TriLep_DYJets10to50.root
2025-11-05 22:04:19,888 - INFO - [2018] MISSING_CENTRAL: ZFake3Mu/Central/nZCand/phi in Skim_TriLep_DYJets10to50.root
2025-11-05 22:20:02,073 - INFO - [2016preVFP] MISSING_CENTRAL: ZFake3Mu/Central/nZCand/phi in Skim_TriLep_DYJets.root
2025-11-05 22:20:02,074 - INFO - [2016preVFP] MISSING_CENTRAL: ZFake3Mu/Central/nZCand/phi in Skim_TriLep_DYJets10to50.root
2025-11-05 22:20:02,182 - INFO - [2016postVFP] MISSING_CENTRAL: ZFake3Mu/Central/nZCand/phi in Skim_TriLep_DYJets.root
2025-11-05 22:20:02,183 - INFO - [2016postVFP] MISSING_CENTRAL: ZFake3Mu/Central/nZCand/phi in Skim_TriLep_DYJets10to50.root
2025-11-05 22:20:02,336 - INFO - [2017] MISSING_CENTRAL: ZFake3Mu/Central/nZCand/phi in Skim_TriLep_DYJets10to50.root
2025-11-05 22:20:02,470 - INFO - [2018] MISSING_CENTRAL: ZFake3Mu/Central/nZCand/phi in Skim_TriLep_DYJets10to50.root
2025-11-05 23:24:36,415 - INFO - [2016preVFP] MISSING_CENTRAL: ZFake3Mu/Central/nZCand/phi in Skim_TriLep_DYJets.root
2025-11-05 23:24:36,416 - INFO - [2016preVFP] MISSING_CENTRAL: ZFake3Mu/Central/nZCand/phi in Skim_TriLep_DYJets10to50.root
2025-11-05 23:24:36,586 - INFO - [2016postVFP] MISSING_CENTRAL: ZFake3Mu/Central/nZCand/phi in Skim_TriLep_DYJets.root
2025-11-05 23:24:36,587 - INFO - [2016postVFP] MISSING_CENTRAL: ZFake3Mu/Central/nZCand/phi in Skim_TriLep_DYJets10to50.root
2025-11-05 23:24:36,700 - INFO - [2017] MISSING_CENTRAL: ZFake3Mu/Central/nZCand/phi in Skim_TriLep_DYJets10to50.root
2025-11-05 23:24:36,850 - INFO - [2018] MISSING_CENTRAL: ZFake3Mu/Central/nZCand/phi in Skim_TriLep_DYJets10to50.root
2025-11-07 12:27:47,165 - INFO - [2016preVFP] MISSING_CENTRAL: ZFake3Mu/Central/nZCand/phi in Skim_TriLep_DYJets.root
2025-11-07 12:27:47,169 - INFO - [2016preVFP] MISSING_CENTRAL: ZFake3Mu/Central/nZCand/phi in Skim_TriLep_DYJets10to50.root
2025-11-07 12:27:47,342 - INFO - [2016postVFP] MISSING_CENTRAL: ZFake3Mu/Central/nZCand/phi in Skim_TriLep_DYJets.root
2025-11-07 12:27:47,343 - INFO - [2016postVFP] MISSING_CENTRAL: ZFake3Mu/Central/nZCand/phi in Skim_TriLep_DYJets10to50.root
2025-11-07 12:27:47,528 - INFO - [2017] MISSING_CENTRAL: ZFake3Mu/Central/nZCand/phi in Skim_TriLep_DYJets10to50.root
2025-11-07 12:27:47,676 - INFO - [2018] MISSING_CENTRAL: ZFake3Mu/Central/nZCand/phi in Skim_TriLep_DYJets10to50.root
2025-11-07 13:08:26,566 - INFO - [2016preVFP] MISSING_CENTRAL: ZFake3Mu/Central/nZCand/phi in Skim_TriLep_DYJets.root
2025-11-07 13:08:26,567 - INFO - [2016preVFP] MISSING_CENTRAL: ZFake3Mu/Central/nZCand/phi in Skim_TriLep_DYJets10to50.root
2025-11-07 13:08:26,728 - INFO - [2016postVFP] MISSING_CENTRAL: ZFake3Mu/Central/nZCand/phi in Skim_TriLep_DYJets.root
2025-11-07 13:08:26,729 - INFO - [2016postVFP] MISSING_CENTRAL: ZFake3Mu/Central/nZCand/phi in Skim_TriLep_DYJets10to50.root
2025-11-07 13:08:26,846 - INFO - [2017] MISSING_CENTRAL: ZFake3Mu/Central/nZCand/phi in Skim_TriLep_DYJets10to50.root
2025-11-07 13:08:27,003 - INFO - [2018] MISSING_CENTRAL: ZFake3Mu/Central/nZCand/phi in Skim_TriLep_DYJets10to50.root
2025-11-07 14:05:08,915 - INFO - [2016preVFP] MISSING_CENTRAL: ZFake3Mu/Central/nZCand/phi in Skim_TriLep_DYJets.root
2025-11-07 14:05:08,917 - INFO - [2016preVFP] MISSING_CENTRAL: ZFake3Mu/Central/nZCand/phi in Skim_TriLep_DYJets10to50.root
2025-11-07 14:05:09,061 - INFO - [2016postVFP] MISSING_CENTRAL: ZFake3Mu/Central/nZCand/phi in Skim_TriLep_DYJets.root
2025-11-07 14:05:09,062 - INFO - [2016postVFP] MISSING_CENTRAL: ZFake3Mu/Central/nZCand/phi in Skim_TriLep_DYJets10to50.root
2025-11-07 14:05:09,239 - INFO - [2017] MISSING_CENTRAL: ZFake3Mu/Central/nZCand/phi in Skim_TriLep_DYJets10to50.root
2025-11-07 14:05:09,361 - INFO - [2018] MISSING_CENTRAL: ZFake3Mu/Central/nZCand/phi in Skim_TriLep_DYJets10to50.root
2025-11-10 05:56:24,856 - INFO - [2016preVFP] MISSING_CENTRAL: ZFake3Mu/Central/nZCand/phi in Skim_TriLep_DYJets.root
2025-11-10 05:56:24,867 - INFO - [2016preVFP] MISSING_CENTRAL: ZFake3Mu/Central/nZCand/phi in Skim_TriLep_DYJets10to50.root
2025-11-10 05:56:25,070 - INFO - [2016postVFP] MISSING_CENTRAL: ZFake3Mu/Central/nZCand/phi in Skim_TriLep_DYJets.root
2025-11-10 05:56:25,070 - INFO - [2016postVFP] MISSING_CENTRAL: ZFake3Mu/Central/nZCand/phi in Skim_TriLep_DYJets10to50.root
2025-11-10 05:56:25,304 - INFO - [2017] MISSING_CENTRAL: ZFake3Mu/Central/nZCand/phi in Skim_TriLep_DYJets10to50.root
2025-11-10 05:56:26,141 - INFO - [2018] MISSING_CENTRAL: ZFake3Mu/Central/nZCand/phi in Skim_TriLep_DYJets10to50.root
2025-11-10 12:20:12,431 - INFO - [2016preVFP] MISSING_CENTRAL: ZFake3Mu/Central/nZCand/phi in Skim_TriLep_DYJets.root
2025-11-10 12:20:12,432 - INFO - [2016preVFP] MISSING_CENTRAL: ZFake3Mu/Central/nZCand/phi in Skim_TriLep_DYJets10to50.root
2025-11-10 12:20:12,534 - INFO - [2016postVFP] MISSING_CENTRAL: ZFake3Mu/Central/nZCand/phi in Skim_TriLep_DYJets.root
2025-11-10 12:20:12,534 - INFO - [2016postVFP] MISSING_CENTRAL: ZFake3Mu/Central/nZCand/phi in Skim_TriLep_DYJets10to50.root
2025-11-10 12:20:12,724 - INFO - [2017] MISSING_CENTRAL: ZFake3Mu/Central/nZCand/phi in Skim_TriLep_DYJets10to50.root
2025-11-10 12:20:12,886 - INFO - [2018] MISSING_CENTRAL: ZFake3Mu/Central/nZCand/phi in Skim_TriLep_DYJets10to50.root
2025-11-13 11:09:40,643 - INFO - [2016preVFP] MISSING_CENTRAL: ZFake3Mu/Central/nZCand/phi in Skim_TriLep_DYJets.root
2025-11-13 11:09:40,645 - INFO - [2016preVFP] MISSING_CENTRAL: ZFake3Mu/Central/nZCand/phi in Skim_TriLep_DYJets10to50.root
2025-11-13 11:09:41,010 - INFO - [2016postVFP] MISSING_CENTRAL: ZFake3Mu/Central/nZCand/phi in Skim_TriLep_DYJets.root
2025-11-13 11:09:41,011 - INFO - [2016postVFP] MISSING_CENTRAL: ZFake3Mu/Central/nZCand/phi in Skim_TriLep_DYJets10to50.root
2025-11-13 11:09:41,239 - INFO - [2017] MISSING_CENTRAL: ZFake3Mu/Central/nZCand/phi in Skim_TriLep_DYJets10to50.root
2025-11-13 11:09:41,469 - INFO - [2018] MISSING_CENTRAL: ZFake3Mu/Central/nZCand/phi in Skim_TriLep_DYJets10to50.root
2025-11-19 16:09:58,054 - INFO - [2016preVFP] MISSING_CENTRAL: ZFake3Mu/Central/nZCand/phi in Skim_TriLep_DYJets.root
2025-11-19 16:09:58,055 - INFO - [2016preVFP] MISSING_CENTRAL: ZFake3Mu/Central/nZCand/phi in Skim_TriLep_DYJets10to50.root
2025-11-19 16:09:58,163 - INFO - [2016postVFP] MISSING_CENTRAL: ZFake3Mu/Central/nZCand/phi in Skim_TriLep_DYJets.root
2025-11-19 16:09:58,163 - INFO - [2016postVFP] MISSING_CENTRAL: ZFake3Mu/Central/nZCand/phi in Skim_TriLep_DYJets10to50.root
2025-11-19 16:09:58,284 - INFO - [2017] MISSING_CENTRAL: ZFake3Mu/Central/nZCand/phi in Skim_TriLep_DYJets10to50.root
2025-11-19 16:09:58,469 - INFO - [2018] MISSING_CENTRAL: ZFake3Mu/Central/nZCand/phi in Skim_TriLep_DYJets10to50.root
2025-11-19 16:22:34,434 - INFO - [2016preVFP] MISSING_CENTRAL: ZFake3Mu/Central/nZCand/phi in Skim_TriLep_DYJets.root
2025-11-19 16:22:34,434 - INFO - [2016preVFP] MISSING_CENTRAL: ZFake3Mu/Central/nZCand/phi in Skim_TriLep_DYJets10to50.root
2025-11-19 16:22:34,548 - INFO - [2016postVFP] MISSING_CENTRAL: ZFake3Mu/Central/nZCand/phi in Skim_TriLep_DYJets.root
2025-11-19 16:22:34,548 - INFO - [2016postVFP] MISSING_CENTRAL: ZFake3Mu/Central/nZCand/phi in Skim_TriLep_DYJets10to50.root
2025-11-19 16:22:34,690 - INFO - [2017] MISSING_CENTRAL: ZFake3Mu/Central/nZCand/phi in Skim_TriLep_DYJets10to50.root
2025-11-19 16:22:34,845 - INFO - [2018] MISSING_CENTRAL: ZFake3Mu/Central/nZCand/phi in Skim_TriLep_DYJets10to50.root
2025-12-17 22:36:59,494 - INFO - [2016preVFP] MISSING_CENTRAL: ZFake3Mu/Central/nZCand/phi in Skim_TriLep_DYJets.root
2025-12-17 22:36:59,495 - INFO - [2016preVFP] MISSING_CENTRAL: ZFake3Mu/Central/nZCand/phi in Skim_TriLep_DYJets10to50.root
2025-12-17 22:36:59,495 - INFO - [2016preVFP] MISSING_FILE: /data9/Users/choij/Sync/workspace/ChargedHiggsAnalysisV3/SKNanoOutput/PromptSelector/Run3Mu_RunSyst/2016preVFP/Skim_TriLep_ZGToLLG.root
2025-12-17 22:36:59,823 - INFO - [2016postVFP] MISSING_CENTRAL: ZFake3Mu/Central/nZCand/phi in Skim_TriLep_DYJets.root
2025-12-17 22:36:59,825 - INFO - [2016postVFP] MISSING_CENTRAL: ZFake3Mu/Central/nZCand/phi in Skim_TriLep_DYJets10to50.root
2025-12-17 22:36:59,827 - INFO - [2016postVFP] MISSING_CENTRAL: ZFake3Mu/Central/nZCand/phi in Skim_TriLep_TTG.root
2025-12-17 22:37:00,189 - INFO - [2017] MISSING_CENTRAL: ZFake3Mu/Central/nZCand/phi in Skim_TriLep_DYJets10to50.root
2025-12-17 22:37:00,473 - INFO - [2018] MISSING_CENTRAL: ZFake3Mu/Central/nZCand/phi in Skim_TriLep_DYJets10to50.root
2025-12-18 14:21:06,140 - INFO - [2016preVFP] MISSING_CENTRAL: ZFake3Mu/Central/nZCand/phi in Skim_TriLep_DYJets.root
2025-12-18 14:21:06,144 - INFO - [2016preVFP] MISSING_CENTRAL: ZFake3Mu/Central/nZCand/phi in Skim_TriLep_DYJets10to50.root
2025-12-18 14:21:06,144 - INFO - [2016preVFP] MISSING_FILE: /data9/Users/choij/Sync/workspace/ChargedHiggsAnalysisV3/SKNanoOutput/PromptSelector/Run3Mu_RunSyst/2016preVFP/Skim_TriLep_ZGToLLG.root
2025-12-18 14:21:06,666 - INFO - [2016postVFP] MISSING_CENTRAL: ZFake3Mu/Central/nZCand/phi in Skim_TriLep_DYJets.root
2025-12-18 14:21:06,667 - INFO - [2016postVFP] MISSING_CENTRAL: ZFake3Mu/Central/nZCand/phi in Skim_TriLep_DYJets10to50.root
2025-12-18 14:21:06,668 - INFO - [2016postVFP] MISSING_CENTRAL: ZFake3Mu/Central/nZCand/phi in Skim_TriLep_TTG.root
2025-12-18 14:21:07,072 - INFO - [2017] MISSING_CENTRAL: ZFake3Mu/Central/nZCand/phi in Skim_TriLep_DYJets10to50.root
2025-12-18 14:21:07,369 - INFO - [2018] MISSING_CENTRAL: ZFake3Mu/Central/nZCand/phi in Skim_TriLep_DYJets10to50.root
2025-12-18 14:36:31,409 - INFO - [2016preVFP] MISSING_CENTRAL: ZFake3Mu/Central/nZCand/phi in Skim_TriLep_DYJets.root
2025-12-18 14:36:31,410 - INFO - [2016preVFP] MISSING_CENTRAL: ZFake3Mu/Central/nZCand/phi in Skim_TriLep_DYJets10to50.root
2025-12-18 14:36:31,411 - INFO - [2016preVFP] MISSING_FILE: /data9/Users/choij/Sync/workspace/ChargedHiggsAnalysisV3/SKNanoOutput/PromptSelector/Run3Mu_RunSyst/2016preVFP/Skim_TriLep_ZGToLLG.root
2025-12-18 14:36:31,780 - INFO - [2016postVFP] MISSING_CENTRAL: ZFake3Mu/Central/nZCand/phi in Skim_TriLep_DYJets.root
2025-12-18 14:36:31,782 - INFO - [2016postVFP] MISSING_CENTRAL: ZFake3Mu/Central/nZCand/phi in Skim_TriLep_DYJets10to50.root
2025-12-18 14:36:31,794 - INFO - [2016postVFP] MISSING_CENTRAL: ZFake3Mu/Central/nZCand/phi in Skim_TriLep_TTG.root
2025-12-18 14:36:32,061 - INFO - [2017] MISSING_CENTRAL: ZFake3Mu/Central/nZCand/phi in Skim_TriLep_DYJets10to50.root
2025-12-18 14:36:32,366 - INFO - [2018] MISSING_CENTRAL: ZFake3Mu/Central/nZCand/phi in Skim_TriLep_DYJets10to50.root
2026-01-07 11:46:29,710 - INFO - [2016preVFP] MISSING_CENTRAL: ZFake3Mu/Central/nZCand/phi in Skim_TriLep_DYJets.root
2026-01-07 11:46:29,712 - INFO - [2016preVFP] MISSING_CENTRAL: ZFake3Mu/Central/nZCand/phi in Skim_TriLep_DYJets10to50.root
2026-01-07 11:46:29,712 - INFO - [2016preVFP] MISSING_FILE: /data9/Users/choij/Sync/workspace/ChargedHiggsAnalysisV3/SKNanoOutput/PromptSelector/Run3Mu_RunSyst/2016preVFP/Skim_TriLep_ZGToLLG.root
2026-01-07 11:46:30,002 - INFO - [2016postVFP] MISSING_CENTRAL: ZFake3Mu/Central/nZCand/phi in Skim_TriLep_DYJets.root
2026-01-07 11:46:30,004 - INFO - [2016postVFP] MISSING_CENTRAL: ZFake3Mu/Central/nZCand/phi in Skim_TriLep_DYJets10to50.root
2026-01-07 11:46:30,005 - INFO - [2016postVFP] MISSING_CENTRAL: ZFake3Mu/Central/nZCand/phi in Skim_TriLep_TTG.root
2026-01-07 11:46:30,323 - INFO - [2017] MISSING_CENTRAL: ZFake3Mu/Central/nZCand/phi in Skim_TriLep_DYJets10to50.root
2026-01-07 11:46:30,586 - INFO - [2018] MISSING_CENTRAL: ZFake3Mu/Central/nZCand/phi in Skim_TriLep_DYJets10to50.root
2026-01-07 18:43:08,678 - INFO - [2016preVFP] MISSING_CENTRAL: ZFake3Mu/Central/nZCand/phi in Skim_TriLep_DYJets.root
2026-01-07 18:43:08,683 - INFO - [2016preVFP] MISSING_CENTRAL: ZFake3Mu/Central/nZCand/phi in Skim_TriLep_DYJets10to50.root
2026-01-07 18:43:08,683 - INFO - [2016preVFP] MISSING_FILE: /data9/Users/choij/Sync/workspace/ChargedHiggsAnalysisV3/SKNanoOutput/PromptSelector/Run3Mu_RunSyst/2016preVFP/Skim_TriLep_ZGToLLG.root
2026-01-07 18:43:09,030 - INFO - [2016postVFP] MISSING_CENTRAL: ZFake3Mu/Central/nZCand/phi in Skim_TriLep_DYJets.root
2026-01-07 18:43:09,040 - INFO - [2016postVFP] MISSING_CENTRAL: ZFake3Mu/Central/nZCand/phi in Skim_TriLep_DYJets10to50.root
2026-01-07 18:43:09,041 - INFO - [2016postVFP] MISSING_CENTRAL: ZFake3Mu/Central/nZCand/phi in Skim_TriLep_TTG.root
2026-01-07 18:43:09,432 - INFO - [2017] MISSING_CENTRAL: ZFake3Mu/Central/nZCand/phi in Skim_TriLep_DYJets10to50.root
2026-01-07 18:43:09,791 - INFO - [2018] MISSING_CENTRAL: ZFake3Mu/Central/nZCand/phi in Skim_TriLep_DYJets10to50.root
2026-01-09 12:17:09,384 - INFO - [2016preVFP] MISSING_CENTRAL: ZFake3Mu/Central/nZCand/phi in Skim_TriLep_DYJets.root
2026-01-09 12:17:09,385 - INFO - [2016preVFP] MISSING_CENTRAL: ZFake3Mu/Central/nZCand/phi in Skim_TriLep_DYJets10to50.root
2026-01-09 12:17:09,385 - INFO - [2016preVFP] MISSING_FILE: /home/choij/Sync/workspace/ChargedHiggsAnalysisV3/SKNanoOutput/PromptSelector/Run3Mu_RunSyst/2016preVFP/Skim_TriLep_ZGToLLG.root
2026-01-09 12:17:09,485 - INFO - [2016postVFP] MISSING_CENTRAL: ZFake3Mu/Central/nZCand/phi in Skim_TriLep_DYJets.root
2026-01-09 12:17:09,485 - INFO - [2016postVFP] MISSING_CENTRAL: ZFake3Mu/Central/nZCand/phi in Skim_TriLep_DYJets10to50.root
2026-01-09 12:17:09,486 - INFO - [2016postVFP] MISSING_CENTRAL: ZFake3Mu/Central/nZCand/phi in Skim_TriLep_TTG.root
2026-01-09 12:17:09,597 - INFO - [2017] MISSING_CENTRAL: ZFake3Mu/Central/nZCand/phi in Skim_TriLep_DYJets10to50.root
2026-01-09 12:17:09,720 - INFO - [2018] MISSING_CENTRAL: ZFake3Mu/Central/nZCand/phi in Skim_TriLep_DYJets10to50.root
2026-01-11 09:37:13,304 - INFO - [2016preVFP] MISSING_CENTRAL: ZFake3Mu/Central/nZCand/phi in Skim_TriLep_DYJets.root
2026-01-11 09:37:13,304 - INFO - [2016preVFP] MISSING_CENTRAL: ZFake3Mu/Central/nZCand/phi in Skim_TriLep_DYJets10to50.root
2026-01-11 09:37:13,305 - INFO - [2016preVFP] MISSING_FILE: /home/choij/Sync/workspace/ChargedHiggsAnalysisV3/SKNanoOutput/PromptSelector/Run3Mu_RunSyst/2016preVFP/Skim_TriLep_ZGToLLG.root
2026-01-11 09:37:13,453 - INFO - [2016postVFP] MISSING_CENTRAL: ZFake3Mu/Central/nZCand/phi in Skim_TriLep_DYJets.root
2026-01-11 09:37:13,453 - INFO - [2016postVFP] MISSING_CENTRAL: ZFake3Mu/Central/nZCand/phi in Skim_TriLep_DYJets10to50.root
2026-01-11 09:37:13,454 - INFO - [2016postVFP] MISSING_CENTRAL: ZFake3Mu/Central/nZCand/phi in Skim_TriLep_TTG.root
2026-01-11 09:37:13,615 - INFO - [2017] MISSING_CENTRAL: ZFake3Mu/Central/nZCand/phi in Skim_TriLep_DYJets10to50.root
2026-01-11 09:37:13,799 - INFO - [2018] MISSING_CENTRAL: ZFake3Mu/Central/nZCand/phi in Skim_TriLep_DYJets10to50.root
2026-01-12 13:45:52,061 - INFO - [2016preVFP] MISSING_FILE: /home/choij/Sync/workspace/ChargedHiggsAnalysisV3/SKNanoOutput/MatrixSelector/Run3Mu/2016preVFP/Skim_TriLep_DoubleMuon_B.root
2026-01-12 13:45:52,062 - INFO - [2016preVFP] MISSING_FILE: /home/choij/Sync/workspace/ChargedHiggsAnalysisV3/SKNanoOutput/MatrixSelector/Run3Mu/2016preVFP/Skim_TriLep_DoubleMuon_C.root
2026-01-12 13:45:52,062 - INFO - [2016preVFP] MISSING_FILE: /home/choij/Sync/workspace/ChargedHiggsAnalysisV3/SKNanoOutput/MatrixSelector/Run3Mu/2016preVFP/Skim_TriLep_DoubleMuon_D.root
2026-01-12 13:45:52,062 - INFO - [2016preVFP] MISSING_FILE: /home/choij/Sync/workspace/ChargedHiggsAnalysisV3/SKNanoOutput/MatrixSelector/Run3Mu/2016preVFP/Skim_TriLep_DoubleMuon_E.root
2026-01-12 13:45:52,062 - INFO - [2016preVFP] MISSING_FILE: /home/choij/Sync/workspace/ChargedHiggsAnalysisV3/SKNanoOutput/MatrixSelector/Run3Mu/2016preVFP/Skim_TriLep_DoubleMuon_F.root
2026-01-12 13:45:52,062 - INFO - [2016preVFP] MISSING_CENTRAL: ZFake3Mu/Central/nZCand/phi in Skim_TriLep_DYJets.root
2026-01-12 13:45:52,063 - INFO - [2016preVFP] MISSING_CENTRAL: ZFake3Mu/Central/nZCand/phi in Skim_TriLep_DYJets10to50.root
2026-01-12 13:45:52,063 - INFO - [2016preVFP] MISSING_FILE: /home/choij/Sync/workspace/ChargedHiggsAnalysisV3/SKNanoOutput/PromptSelector/Run3Mu_RunSyst/2016preVFP/Skim_TriLep_ZGToLLG.root
2026-01-12 13:45:52,198 - INFO - [2016postVFP] MISSING_FILE: /home/choij/Sync/workspace/ChargedHiggsAnalysisV3/SKNanoOutput/MatrixSelector/Run3Mu/2016postVFP/Skim_TriLep_DoubleMuon_F.root
2026-01-12 13:45:52,199 - INFO - [2016postVFP] MISSING_FILE: /home/choij/Sync/workspace/ChargedHiggsAnalysisV3/SKNanoOutput/MatrixSelector/Run3Mu/2016postVFP/Skim_TriLep_DoubleMuon_G.root
2026-01-12 13:45:52,199 - INFO - [2016postVFP] MISSING_FILE: /home/choij/Sync/workspace/ChargedHiggsAnalysisV3/SKNanoOutput/MatrixSelector/Run3Mu/2016postVFP/Skim_TriLep_DoubleMuon_H.root
2026-01-12 13:45:52,199 - INFO - [2016postVFP] MISSING_CENTRAL: ZFake3Mu/Central/nZCand/phi in Skim_TriLep_DYJets.root
2026-01-12 13:45:52,200 - INFO - [2016postVFP] MISSING_CENTRAL: ZFake3Mu/Central/nZCand/phi in Skim_TriLep_DYJets10to50.root
2026-01-12 13:45:52,200 - INFO - [2016postVFP] MISSING_CENTRAL: ZFake3Mu/Central/nZCand/phi in Skim_TriLep_TTG.root
2026-01-12 13:45:52,299 - INFO - [2017] MISSING_FILE: /home/choij/Sync/workspace/ChargedHiggsAnalysisV3/SKNanoOutput/MatrixSelector/Run3Mu/2017/Skim_TriLep_DoubleMuon_B.root
2026-01-12 13:45:52,299 - INFO - [2017] MISSING_FILE: /home/choij/Sync/workspace/ChargedHiggsAnalysisV3/SKNanoOutput/MatrixSelector/Run3Mu/2017/Skim_TriLep_DoubleMuon_C.root
2026-01-12 13:45:52,300 - INFO - [2017] MISSING_FILE: /home/choij/Sync/workspace/ChargedHiggsAnalysisV3/SKNanoOutput/MatrixSelector/Run3Mu/2017/Skim_TriLep_DoubleMuon_D.root
2026-01-12 13:45:52,300 - INFO - [2017] MISSING_FILE: /home/choij/Sync/workspace/ChargedHiggsAnalysisV3/SKNanoOutput/MatrixSelector/Run3Mu/2017/Skim_TriLep_DoubleMuon_E.root
2026-01-12 13:45:52,300 - INFO - [2017] MISSING_FILE: /home/choij/Sync/workspace/ChargedHiggsAnalysisV3/SKNanoOutput/MatrixSelector/Run3Mu/2017/Skim_TriLep_DoubleMuon_F.root
2026-01-12 13:45:52,317 - INFO - [2017] MISSING_CENTRAL: ZFake3Mu/Central/nZCand/phi in Skim_TriLep_DYJets10to50.root
2026-01-12 13:45:52,427 - INFO - [2018] MISSING_FILE: /home/choij/Sync/workspace/ChargedHiggsAnalysisV3/SKNanoOutput/MatrixSelector/Run3Mu/2018/Skim_TriLep_DoubleMuon_A.root
2026-01-12 13:45:52,427 - INFO - [2018] MISSING_FILE: /home/choij/Sync/workspace/ChargedHiggsAnalysisV3/SKNanoOutput/MatrixSelector/Run3Mu/2018/Skim_TriLep_DoubleMuon_B.root
2026-01-12 13:45:52,427 - INFO - [2018] MISSING_FILE: /home/choij/Sync/workspace/ChargedHiggsAnalysisV3/SKNanoOutput/MatrixSelector/Run3Mu/2018/Skim_TriLep_DoubleMuon_C.root
2026-01-12 13:45:52,428 - INFO - [2018] MISSING_FILE: /home/choij/Sync/workspace/ChargedHiggsAnalysisV3/SKNanoOutput/MatrixSelector/Run3Mu/2018/Skim_TriLep_DoubleMuon_D.root
2026-01-12 13:45:52,436 - INFO - [2018] MISSING_CENTRAL: ZFake3Mu/Central/nZCand/phi in Skim_TriLep_DYJets10to50.root
2026-01-16 19:00:59,470 - INFO - [2016preVFP] MISSING_CENTRAL: ZFake3Mu/Central/nZCand/phi in Skim_TriLep_DYJets.root
2026-01-16 19:00:59,471 - INFO - [2016preVFP] MISSING_CENTRAL: ZFake3Mu/Central/nZCand/phi in Skim_TriLep_DYJets10to50.root
2026-01-16 19:00:59,471 - INFO - [2016preVFP] MISSING_FILE: /home/choij/Sync/workspace/ChargedHiggsAnalysisV3/SKNanoOutput/PromptSelector/Run3Mu_RunSyst/2016preVFP/Skim_TriLep_ZGToLLG.root
2026-01-16 19:00:59,587 - INFO - [2016postVFP] MISSING_CENTRAL: ZFake3Mu/Central/nZCand/phi in Skim_TriLep_DYJets.root
2026-01-16 19:00:59,587 - INFO - [2016postVFP] MISSING_CENTRAL: ZFake3Mu/Central/nZCand/phi in Skim_TriLep_DYJets10to50.root
2026-01-16 19:00:59,588 - INFO - [2016postVFP] MISSING_CENTRAL: ZFake3Mu/Central/nZCand/phi in Skim_TriLep_TTG.root
2026-01-16 19:00:59,692 - INFO - [2017] MISSING_CENTRAL: ZFake3Mu/Central/nZCand/phi in Skim_TriLep_DYJets10to50.root
2026-01-16 19:00:59,808 - INFO - [2018] MISSING_CENTRAL: ZFake3Mu/Central/nZCand/phi in Skim_TriLep_DYJets10to50.root
2026-01-28 16:08:53,396 - INFO - [2016preVFP] MISSING_CENTRAL: ZFake3Mu/Central/nZCand/phi in Skim_TriLep_DYJets.root
2026-01-28 16:08:53,397 - INFO - [2016preVFP] MISSING_CENTRAL: ZFake3Mu/Central/nZCand/phi in Skim_TriLep_DYJets10to50.root
2026-01-28 16:08:53,505 - INFO - [2016postVFP] MISSING_CENTRAL: ZFake3Mu/Central/nZCand/phi in Skim_TriLep_DYJets.root
2026-01-28 16:08:53,505 - INFO - [2016postVFP] MISSING_CENTRAL: ZFake3Mu/Central/nZCand/phi in Skim_TriLep_DYJets10to50.root
2026-01-28 16:08:53,506 - INFO - [2016postVFP] MISSING_CENTRAL: ZFake3Mu/Central/nZCand/phi in Skim_TriLep_TTG.root
2026-01-28 16:08:53,612 - INFO - [2017] MISSING_CENTRAL: ZFake3Mu/Central/nZCand/phi in Skim_TriLep_DYJets10to50.root
2026-01-28 16:08:53,745 - INFO - [2018] MISSING_CENTRAL: ZFake3Mu/Central/nZCand/phi in Skim_TriLep_DYJets10to50.root
2026-01-28 17:20:45,133 - INFO - [2016preVFP] MISSING_CENTRAL: ZFake3Mu/Central/nZCand/phi in Skim_TriLep_DYJets.root
2026-01-28 17:20:45,134 - INFO - [2016preVFP] MISSING_CENTRAL: ZFake3Mu/Central/nZCand/phi in Skim_TriLep_DYJets10to50.root
2026-01-28 17:20:45,256 - INFO - [2016postVFP] MISSING_CENTRAL: ZFake3Mu/Central/nZCand/phi in Skim_TriLep_DYJets.root
2026-01-28 17:20:45,257 - INFO - [2016postVFP] MISSING_CENTRAL: ZFake3Mu/Central/nZCand/phi in Skim_TriLep_DYJets10to50.root
2026-01-28 17:20:45,257 - INFO - [2016postVFP] MISSING_CENTRAL: ZFake3Mu/Central/nZCand/phi in Skim_TriLep_TTG.root
2026-01-28 17:20:45,387 - INFO - [2017] MISSING_CENTRAL: ZFake3Mu/Central/nZCand/phi in Skim_TriLep_DYJets10to50.root
2026-01-28 17:20:45,530 - INFO - [2018] MISSING_CENTRAL: ZFake3Mu/Central/nZCand/phi in Skim_TriLep_DYJets10to50.root
2026-01-28 19:54:17,206 - INFO - [2016preVFP] MISSING_CENTRAL: ZFake3Mu/Central/nZCand/phi in Skim_TriLep_DYJets.root
2026-01-28 19:54:17,207 - INFO - [2016preVFP] MISSING_CENTRAL: ZFake3Mu/Central/nZCand/phi in Skim_TriLep_DYJets10to50.root
2026-01-28 19:54:17,332 - INFO - [2016postVFP] MISSING_CENTRAL: ZFake3Mu/Central/nZCand/phi in Skim_TriLep_DYJets.root
2026-01-28 19:54:17,332 - INFO - [2016postVFP] MISSING_CENTRAL: ZFake3Mu/Central/nZCand/phi in Skim_TriLep_DYJets10to50.root
2026-01-28 19:54:17,333 - INFO - [2016postVFP] MISSING_CENTRAL: ZFake3Mu/Central/nZCand/phi in Skim_TriLep_TTG.root
2026-01-28 19:54:17,451 - INFO - [2017] MISSING_CENTRAL: ZFake3Mu/Central/nZCand/phi in Skim_TriLep_DYJets10to50.root
2026-01-28 19:54:17,582 - INFO - [2018] MISSING_CENTRAL: ZFake3Mu/Central/nZCand/phi in Skim_TriLep_DYJets10to50.root
2026-01-29 07:11:33,998 - INFO - [2016preVFP] MISSING_CENTRAL: ZFake3Mu/Central/nZCand/phi in Skim_TriLep_DYJets.root
2026-01-29 07:11:33,999 - INFO - [2016preVFP] MISSING_CENTRAL: ZFake3Mu/Central/nZCand/phi in Skim_TriLep_DYJets10to50.root
2026-01-29 07:11:34,101 - INFO - [2016postVFP] MISSING_CENTRAL: ZFake3Mu/Central/nZCand/phi in Skim_TriLep_DYJets.root
2026-01-29 07:11:34,101 - INFO - [2016postVFP] MISSING_CENTRAL: ZFake3Mu/Central/nZCand/phi in Skim_TriLep_DYJets10to50.root
2026-01-29 07:11:34,102 - INFO - [2016postVFP] MISSING_CENTRAL: ZFake3Mu/Central/nZCand/phi in Skim_TriLep_TTG.root
2026-01-29 07:11:34,206 - INFO - [2017] MISSING_CENTRAL: ZFake3Mu/Central/nZCand/phi in Skim_TriLep_DYJets10to50.root
2026-01-29 07:11:34,318 - INFO - [2018] MISSING_CENTRAL: ZFake3Mu/Central/nZCand/phi in Skim_TriLep_DYJets10to50.root
2026-03-06 09:40:02,182 - INFO - [2016preVFP] MISSING_CENTRAL: ZFake3Mu/Central/nZCand/phi in Skim_TriLep_DYJets.root
2026-03-06 09:40:02,183 - INFO - [2016preVFP] MISSING_CENTRAL: ZFake3Mu/Central/nZCand/phi in Skim_TriLep_DYJets10to50.root
2026-03-06 09:40:02,290 - INFO - [2016postVFP] MISSING_CENTRAL: ZFake3Mu/Central/nZCand/phi in Skim_TriLep_DYJets.root
2026-03-06 09:40:02,290 - INFO - [2016postVFP] MISSING_CENTRAL: ZFake3Mu/Central/nZCand/phi in Skim_TriLep_DYJets10to50.root
2026-03-06 09:40:02,291 - INFO - [2016postVFP] MISSING_CENTRAL: ZFake3Mu/Central/nZCand/phi in Skim_TriLep_TTG.root
2026-03-06 09:40:02,398 - INFO - [2017] MISSING_CENTRAL: ZFake3Mu/Central/nZCand/phi in Skim_TriLep_DYJets10to50.root
2026-03-06 09:40:02,515 - INFO - [2018] MISSING_CENTRAL: ZFake3Mu/Central/nZCand/phi in Skim_TriLep_DYJets10to50.root
2026-03-06 19:45:50,519 - INFO - [2016preVFP] MISSING_CENTRAL: ZFake3Mu/Central/nZCand/phi in Skim_TriLep_DYJets.root
2026-03-06 19:45:50,519 - INFO - [2016preVFP] MISSING_CENTRAL: ZFake3Mu/Central/nZCand/phi in Skim_TriLep_DYJets10to50.root
2026-03-06 19:45:50,629 - INFO - [2016postVFP] MISSING_CENTRAL: ZFake3Mu/Central/nZCand/phi in Skim_TriLep_DYJets.root
2026-03-06 19:45:50,630 - INFO - [2016postVFP] MISSING_CENTRAL: ZFake3Mu/Central/nZCand/phi in Skim_TriLep_DYJets10to50.root
2026-03-06 19:45:50,630 - INFO - [2016postVFP] MISSING_CENTRAL: ZFake3Mu/Central/nZCand/phi in Skim_TriLep_TTG.root
2026-03-06 19:45:50,738 - INFO - [2017] MISSING_CENTRAL: ZFake3Mu/Central/nZCand/phi in Skim_TriLep_DYJets10to50.root
2026-03-06 19:45:50,860 - INFO - [2018] MISSING_CENTRAL: ZFake3Mu/Central/nZCand/phi in Skim_TriLep_DYJets10to50.root
2026-03-12 21:34:32,232 - INFO - [2016preVFP] MISSING_CENTRAL: ZFake3Mu/Central/nZCand/phi in Skim_TriLep_DYJets.root
2026-03-12 21:34:32,233 - INFO - [2016preVFP] MISSING_CENTRAL: ZFake3Mu/Central/nZCand/phi in Skim_TriLep_DYJets10to50.root
2026-03-12 21:34:32,338 - INFO - [2016postVFP] MISSING_CENTRAL: ZFake3Mu/Central/nZCand/phi in Skim_TriLep_DYJets.root
2026-03-12 21:34:32,339 - INFO - [2016postVFP] MISSING_CENTRAL: ZFake3Mu/Central/nZCand/phi in Skim_TriLep_DYJets10to50.root
2026-03-12 21:34:32,339 - INFO - [2016postVFP] MISSING_CENTRAL: ZFake3Mu/Central/nZCand/phi in Skim_TriLep_TTG.root
2026-03-12 21:34:32,440 - INFO - [2017] MISSING_CENTRAL: ZFake3Mu/Central/nZCand/phi in Skim_TriLep_DYJets10to50.root
2026-03-12 21:34:32,552 - INFO - [2018] MISSING_CENTRAL: ZFake3Mu/Central/nZCand/phi in Skim_TriLep_DYJets10to50.root
2026-04-10 20:20:49,615 - INFO - [2016preVFP] MISSING_CENTRAL: ZFake3Mu/Central/nZCand/phi in Skim_TriLep_DYJets.root
2026-04-10 20:20:49,616 - INFO - [2016preVFP] MISSING_CENTRAL: ZFake3Mu/Central/nZCand/phi in Skim_TriLep_DYJets10to50.root
2026-04-10 20:20:49,713 - INFO - [2016postVFP] MISSING_CENTRAL: ZFake3Mu/Central/nZCand/phi in Skim_TriLep_DYJets.root
2026-04-10 20:20:49,714 - INFO - [2016postVFP] MISSING_CENTRAL: ZFake3Mu/Central/nZCand/phi in Skim_TriLep_DYJets10to50.root
2026-04-10 20:20:49,714 - INFO - [2016postVFP] MISSING_CENTRAL: ZFake3Mu/Central/nZCand/phi in Skim_TriLep_TTG.root
2026-04-10 20:20:49,803 - INFO - [2017] MISSING_CENTRAL: ZFake3Mu/Central/nZCand/phi in Skim_TriLep_DYJets10to50.root
2026-04-10 20:20:49,912 - INFO - [2018] MISSING_CENTRAL: ZFake3Mu/Central/nZCand/phi in Skim_TriLep_DYJets10to50.root
2026-04-12 11:35:58,196 - INFO - [2016preVFP] MISSING_CENTRAL: ZFake3Mu/Central/nZCand/phi in Skim_TriLep_DYJets.root
2026-04-12 11:35:58,197 - INFO - [2016preVFP] MISSING_CENTRAL: ZFake3Mu/Central/nZCand/phi in Skim_TriLep_DYJets10to50.root
2026-04-12 11:35:58,312 - INFO - [2016postVFP] MISSING_CENTRAL: ZFake3Mu/Central/nZCand/phi in Skim_TriLep_DYJets.root
2026-04-12 11:35:58,312 - INFO - [2016postVFP] MISSING_CENTRAL: ZFake3Mu/Central/nZCand/phi in Skim_TriLep_DYJets10to50.root
2026-04-12 11:35:58,312 - INFO - [2016postVFP] MISSING_CENTRAL: ZFake3Mu/Central/nZCand/phi in Skim_TriLep_TTG.root
2026-04-12 11:35:58,412 - INFO - [2017] MISSING_CENTRAL: ZFake3Mu/Central/nZCand/phi in Skim_TriLep_DYJets10to50.root
2026-04-12 11:35:58,523 - INFO - [2018] MISSING_CENTRAL: ZFake3Mu/Central/nZCand/phi in Skim_TriLep_DYJets10to50.root
2026-04-12 12:18:00,089 - INFO - [2016preVFP] MISSING_CENTRAL: ZFake3Mu/Central/nZCand/phi in Skim_TriLep_DYJets.root
2026-04-12 12:18:00,089 - INFO - [2016preVFP] MISSING_CENTRAL: ZFake3Mu/Central/nZCand/phi in Skim_TriLep_DYJets10to50.root
2026-04-12 12:18:00,177 - INFO - [2016postVFP] MISSING_CENTRAL: ZFake3Mu/Central/nZCand/phi in Skim_TriLep_DYJets.root
2026-04-12 12:18:00,178 - INFO - [2016postVFP] MISSING_CENTRAL: ZFake3Mu/Central/nZCand/phi in Skim_TriLep_DYJets10to50.root
2026-04-12 12:18:00,178 - INFO - [2016postVFP] MISSING_CENTRAL: ZFake3Mu/Central/nZCand/phi in Skim_TriLep_TTG.root
2026-04-12 12:18:00,244 - INFO - [2017] MISSING_CENTRAL: ZFake3Mu/Central/nZCand/phi in Skim_TriLep_DYJets10to50.root
2026-04-12 12:18:00,312 - INFO - [2018] MISSING_CENTRAL: ZFake3Mu/Central/nZCand/phi in Skim_TriLep_DYJets10to50.root
2026-04-12 12:37:38,670 - INFO - [2016preVFP] MISSING_CENTRAL: ZFake3Mu/Central/nZCand/phi in Skim_TriLep_DYJets.root
2026-04-12 12:37:38,671 - INFO - [2016preVFP] MISSING_CENTRAL: ZFake3Mu/Central/nZCand/phi in Skim_TriLep_DYJets10to50.root
2026-04-12 12:37:38,774 - INFO - [2016postVFP] MISSING_CENTRAL: ZFake3Mu/Central/nZCand/phi in Skim_TriLep_DYJets.root
2026-04-12 12:37:38,774 - INFO - [2016postVFP] MISSING_CENTRAL: ZFake3Mu/Central/nZCand/phi in Skim_TriLep_DYJets10to50.root
2026-04-12 12:37:38,775 - INFO - [2016postVFP] MISSING_CENTRAL: ZFake3Mu/Central/nZCand/phi in Skim_TriLep_TTG.root
2026-04-12 12:37:38,872 - INFO - [2017] MISSING_CENTRAL: ZFake3Mu/Central/nZCand/phi in Skim_TriLep_DYJets10to50.root
2026-04-12 12:37:38,980 - INFO - [2018] MISSING_CENTRAL: ZFake3Mu/Central/nZCand/phi in Skim_TriLep_DYJets10to50.root
2026-04-12 20:45:44,133 - INFO - [2016preVFP] MISSING_CENTRAL: ZFake3Mu/Central/nZCand/phi in Skim_TriLep_DYJets.root
2026-04-12 20:45:44,133 - INFO - [2016preVFP] MISSING_CENTRAL: ZFake3Mu/Central/nZCand/phi in Skim_TriLep_DYJets10to50.root
2026-04-12 20:45:44,232 - INFO - [2016postVFP] MISSING_CENTRAL: ZFake3Mu/Central/nZCand/phi in Skim_TriLep_DYJets.root
2026-04-12 20:45:44,232 - INFO - [2016postVFP] MISSING_CENTRAL: ZFake3Mu/Central/nZCand/phi in Skim_TriLep_DYJets10to50.root
2026-04-12 20:45:44,233 - INFO - [2016postVFP] MISSING_CENTRAL: ZFake3Mu/Central/nZCand/phi in Skim_TriLep_TTG.root
2026-04-12 20:45:44,333 - INFO - [2017] MISSING_CENTRAL: ZFake3Mu/Central/nZCand/phi in Skim_TriLep_DYJets10to50.root
2026-04-12 20:45:44,450 - INFO - [2018] MISSING_CENTRAL: ZFake3Mu/Central/nZCand/phi in Skim_TriLep_DYJets10to50.root
2026-04-12 21:17:20,334 - INFO - [2016preVFP] MISSING_CENTRAL: ZFake3Mu/Central/nZCand/phi in Skim_TriLep_DYJets.root
2026-04-12 21:17:20,334 - INFO - [2016preVFP] MISSING_CENTRAL: ZFake3Mu/Central/nZCand/phi in Skim_TriLep_DYJets10to50.root
2026-04-12 21:17:20,441 - INFO - [2016postVFP] MISSING_CENTRAL: ZFake3Mu/Central/nZCand/phi in Skim_TriLep_DYJets.root
2026-04-12 21:17:20,441 - INFO - [2016postVFP] MISSING_CENTRAL: ZFake3Mu/Central/nZCand/phi in Skim_TriLep_DYJets10to50.root
2026-04-12 21:17:20,442 - INFO - [2016postVFP] MISSING_CENTRAL: ZFake3Mu/Central/nZCand/phi in Skim_TriLep_TTG.root
2026-04-12 21:17:20,543 - INFO - [2017] MISSING_CENTRAL: ZFake3Mu/Central/nZCand/phi in Skim_TriLep_DYJets10to50.root
2026-04-12 21:17:20,661 - INFO - [2018] MISSING_CENTRAL: ZFake3Mu/Central/nZCand/phi in Skim_TriLep_DYJets10to50.root
2026-04-13 12:54:58,152 - INFO - [2016preVFP] MISSING_CENTRAL: ZFake3Mu/Central/nZCand/phi in Skim_TriLep_DYJets.root
2026-04-13 12:54:58,152 - INFO - [2016preVFP] MISSING_CENTRAL: ZFake3Mu/Central/nZCand/phi in Skim_TriLep_DYJets10to50.root
2026-04-13 12:54:58,266 - INFO - [2016postVFP] MISSING_CENTRAL: ZFake3Mu/Central/nZCand/phi in Skim_TriLep_DYJets.root
2026-04-13 12:54:58,267 - INFO - [2016postVFP] MISSING_CENTRAL: ZFake3Mu/Central/nZCand/phi in Skim_TriLep_DYJets10to50.root
2026-04-13 12:54:58,267 - INFO - [2016postVFP] MISSING_CENTRAL: ZFake3Mu/Central/nZCand/phi in Skim_TriLep_TTG.root
2026-04-13 12:54:58,373 - INFO - [2017] MISSING_CENTRAL: ZFake3Mu/Central/nZCand/phi in Skim_TriLep_DYJets10to50.root
2026-04-13 12:54:58,454 - INFO - [2018] MISSING_CENTRAL: ZFake3Mu/Central/nZCand/phi in Skim_TriLep_DYJets10to50.root
2026-04-16 17:37:28,535 - INFO - [2016preVFP] MISSING_CENTRAL: ZFake3Mu/Central/nZCand/phi in Skim_TriLep_DYJets.root
2026-04-16 17:37:28,536 - INFO - [2016preVFP] MISSING_CENTRAL: ZFake3Mu/Central/nZCand/phi in Skim_TriLep_DYJets10to50.root
2026-04-16 17:37:28,648 - INFO - [2016postVFP] MISSING_CENTRAL: ZFake3Mu/Central/nZCand/phi in Skim_TriLep_DYJets.root
2026-04-16 17:37:28,648 - INFO - [2016postVFP] MISSING_CENTRAL: ZFake3Mu/Central/nZCand/phi in Skim_TriLep_DYJets10to50.root
2026-04-16 17:37:28,649 - INFO - [2016postVFP] MISSING_CENTRAL: ZFake3Mu/Central/nZCand/phi in Skim_TriLep_TTG.root
2026-04-16 17:37:28,751 - INFO - [2017] MISSING_CENTRAL: ZFake3Mu/Central/nZCand/phi in Skim_TriLep_DYJets10to50.root
2026-04-16 17:37:28,850 - INFO - [2018] MISSING_CENTRAL: ZFake3Mu/Central/nZCand/phi in Skim_TriLep_DYJets10to50.root
2026-04-28 15:19:58,557 - INFO - [2016preVFP] MISSING_CENTRAL: ZFake3Mu/Central/nZCand/phi in Skim_TriLep_DYJets.root
2026-04-28 15:19:58,558 - INFO - [2016preVFP] MISSING_CENTRAL: ZFake3Mu/Central/nZCand/phi in Skim_TriLep_DYJets10to50.root
2026-04-28 15:19:58,669 - INFO - [2016postVFP] MISSING_CENTRAL: ZFake3Mu/Central/nZCand/phi in Skim_TriLep_DYJets.root
2026-04-28 15:19:58,670 - INFO - [2016postVFP] MISSING_CENTRAL: ZFake3Mu/Central/nZCand/phi in Skim_TriLep_DYJets10to50.root
2026-04-28 15:19:58,670 - INFO - [2016postVFP] MISSING_CENTRAL: ZFake3Mu/Central/nZCand/phi in Skim_TriLep_TTG.root
2026-04-28 15:19:58,781 - INFO - [2017] MISSING_CENTRAL: ZFake3Mu/Central/nZCand/phi in Skim_TriLep_DYJets10to50.root
2026-04-28 15:19:58,903 - INFO - [2018] MISSING_CENTRAL: ZFake3Mu/Central/nZCand/phi in Skim_TriLep_DYJets10to50.root
2026-04-28 20:33:09,437 - INFO - [2016preVFP] MISSING_CENTRAL: ZFake3Mu/Central/nZCand/phi in Skim_TriLep_DYJets.root
2026-04-28 20:33:09,438 - INFO - [2016preVFP] MISSING_CENTRAL: ZFake3Mu/Central/nZCand/phi in Skim_TriLep_DYJets10to50.root
2026-04-28 20:33:09,552 - INFO - [2016postVFP] MISSING_CENTRAL: ZFake3Mu/Central/nZCand/phi in Skim_TriLep_DYJets.root
2026-04-28 20:33:09,552 - INFO - [2016postVFP] MISSING_CENTRAL: ZFake3Mu/Central/nZCand/phi in Skim_TriLep_DYJets10to50.root
2026-04-28 20:33:09,553 - INFO - [2016postVFP] MISSING_CENTRAL: ZFake3Mu/Central/nZCand/phi in Skim_TriLep_TTG.root
2026-04-28 20:33:09,664 - INFO - [2017] MISSING_CENTRAL: ZFake3Mu/Central/nZCand/phi in Skim_TriLep_DYJets10to50.root
2026-04-28 20:33:09,786 - INFO - [2018] MISSING_CENTRAL: ZFake3Mu/Central/nZCand/phi in Skim_TriLep_DYJets10to50.root
2026-05-04 15:39:40,950 - INFO - [2016preVFP] MISSING_CENTRAL: ZFake3Mu/Central/nZCand/phi in Skim_TriLep_DYJets.root
2026-05-04 15:39:40,951 - INFO - [2016preVFP] MISSING_CENTRAL: ZFake3Mu/Central/nZCand/phi in Skim_TriLep_DYJets10to50.root
2026-05-04 15:39:41,064 - INFO - [2016postVFP] MISSING_CENTRAL: ZFake3Mu/Central/nZCand/phi in Skim_TriLep_DYJets.root
2026-05-04 15:39:41,064 - INFO - [2016postVFP] MISSING_CENTRAL: ZFake3Mu/Central/nZCand/phi in Skim_TriLep_DYJets10to50.root
2026-05-04 15:39:41,065 - INFO - [2016postVFP] MISSING_CENTRAL: ZFake3Mu/Central/nZCand/phi in Skim_TriLep_TTG.root
2026-05-04 15:39:41,180 - INFO - [2017] MISSING_CENTRAL: ZFake3Mu/Central/nZCand/phi in Skim_TriLep_DYJets10to50.root
2026-05-04 15:39:41,305 - INFO - [2018] MISSING_CENTRAL: ZFake3Mu/Central/nZCand/phi in Skim_TriLep_DYJets10to50.root
2026-05-04 16:03:47,202 - INFO - [2016preVFP] MISSING_CENTRAL: ZFake3Mu/Central/nZCand/phi in Skim_TriLep_DYJets.root
2026-05-04 16:03:47,203 - INFO - [2016preVFP] MISSING_CENTRAL: ZFake3Mu/Central/nZCand/phi in Skim_TriLep_DYJets10to50.root
2026-05-04 16:03:47,317 - INFO - [2016postVFP] MISSING_CENTRAL: ZFake3Mu/Central/nZCand/phi in Skim_TriLep_DYJets.root
2026-05-04 16:03:47,317 - INFO - [2016postVFP] MISSING_CENTRAL: ZFake3Mu/Central/nZCand/phi in Skim_TriLep_DYJets10to50.root
2026-05-04 16:03:47,318 - INFO - [2016postVFP] MISSING_CENTRAL: ZFake3Mu/Central/nZCand/phi in Skim_TriLep_TTG.root
2026-05-04 16:03:47,429 - INFO - [2017] MISSING_CENTRAL: ZFake3Mu/Central/nZCand/phi in Skim_TriLep_DYJets10to50.root
2026-05-04 16:03:47,552 - INFO - [2018] MISSING_CENTRAL: ZFake3Mu/Central/nZCand/phi in Skim_TriLep_DYJets10to50.root
2026-05-04 17:07:04,126 - INFO - [2016preVFP] MISSING_CENTRAL: ZFake3Mu/Central/nZCand/phi in Skim_TriLep_DYJets.root
2026-05-04 17:07:04,127 - INFO - [2016preVFP] MISSING_CENTRAL: ZFake3Mu/Central/nZCand/phi in Skim_TriLep_DYJets10to50.root
2026-05-04 17:07:04,242 - INFO - [2016postVFP] MISSING_CENTRAL: ZFake3Mu/Central/nZCand/phi in Skim_TriLep_DYJets.root
2026-05-04 17:07:04,243 - INFO - [2016postVFP] MISSING_CENTRAL: ZFake3Mu/Central/nZCand/phi in Skim_TriLep_DYJets10to50.root
2026-05-04 17:07:04,244 - INFO - [2016postVFP] MISSING_CENTRAL: ZFake3Mu/Central/nZCand/phi in Skim_TriLep_TTG.root
2026-05-04 17:07:04,354 - INFO - [2017] MISSING_CENTRAL: ZFake3Mu/Central/nZCand/phi in Skim_TriLep_DYJets10to50.root
2026-05-04 17:07:04,467 - INFO - [2018] MISSING_CENTRAL: ZFake3Mu/Central/nZCand/phi in Skim_TriLep_DYJets10to50.root
2026-05-28 15:43:59,918 - INFO - [2016preVFP] MISSING_CENTRAL: ZFake3Mu/Central/nZCand/phi in Skim_TriLep_DYJets.root
2026-05-28 15:43:59,919 - INFO - [2016preVFP] MISSING_CENTRAL: ZFake3Mu/Central/nZCand/phi in Skim_TriLep_DYJets10to50.root
2026-05-28 15:44:00,026 - INFO - [2016postVFP] MISSING_CENTRAL: ZFake3Mu/Central/nZCand/phi in Skim_TriLep_DYJets.root
2026-05-28 15:44:00,027 - INFO - [2016postVFP] MISSING_CENTRAL: ZFake3Mu/Central/nZCand/phi in Skim_TriLep_DYJets10to50.root
2026-05-28 15:44:00,027 - INFO - [2016postVFP] MISSING_CENTRAL: ZFake3Mu/Central/nZCand/phi in Skim_TriLep_TTG.root
2026-05-28 15:44:00,132 - INFO - [2017] MISSING_CENTRAL: ZFake3Mu/Central/nZCand/phi in Skim_TriLep_DYJets10to50.root
2026-05-28 15:44:00,246 - INFO - [2018] MISSING_CENTRAL: ZFake3Mu/Central/nZCand/phi in Skim_TriLep_DYJets10to50.root
2026-05-29 15:20:48,044 - INFO - [2016preVFP] MISSING_CENTRAL: ZFake3Mu/Central/nZCand/phi in Skim_TriLep_DYJets.root
2026-05-29 15:20:48,045 - INFO - [2016preVFP] MISSING_CENTRAL: ZFake3Mu/Central/nZCand/phi in Skim_TriLep_DYJets10to50.root
2026-05-29 15:20:48,172 - INFO - [2016postVFP] MISSING_CENTRAL: ZFake3Mu/Central/nZCand/phi in Skim_TriLep_DYJets.root
2026-05-29 15:20:48,173 - INFO - [2016postVFP] MISSING_CENTRAL: ZFake3Mu/Central/nZCand/phi in Skim_TriLep_DYJets10to50.root
2026-05-29 15:20:48,173 - INFO - [2016postVFP] MISSING_CENTRAL: ZFake3Mu/Central/nZCand/phi in Skim_TriLep_TTG.root
2026-05-29 15:20:48,300 - INFO - [2017] MISSING_CENTRAL: ZFake3Mu/Central/nZCand/phi in Skim_TriLep_DYJets10to50.root
2026-05-29 15:20:48,437 - INFO - [2018] MISSING_CENTRAL: ZFake3Mu/Central/nZCand/phi in Skim_TriLep_DYJets10to50.root
2026-05-29 15:34:51,213 - INFO - [2016preVFP] MISSING_CENTRAL: ZFake3Mu/Central/nZCand/phi in Skim_TriLep_DYJets.root
2026-05-29 15:34:51,214 - INFO - [2016preVFP] MISSING_CENTRAL: ZFake3Mu/Central/nZCand/phi in Skim_TriLep_DYJets10to50.root
2026-05-29 15:34:51,330 - INFO - [2016postVFP] MISSING_CENTRAL: ZFake3Mu/Central/nZCand/phi in Skim_TriLep_DYJets.root
2026-05-29 15:34:51,330 - INFO - [2016postVFP] MISSING_CENTRAL: ZFake3Mu/Central/nZCand/phi in Skim_TriLep_DYJets10to50.root
2026-05-29 15:34:51,331 - INFO - [2016postVFP] MISSING_CENTRAL: ZFake3Mu/Central/nZCand/phi in Skim_TriLep_TTG.root
2026-05-29 15:34:51,419 - INFO - [2017] MISSING_CENTRAL: ZFake3Mu/Central/nZCand/phi in Skim_TriLep_DYJets10to50.root
2026-05-29 15:34:51,507 - INFO - [2018] MISSING_CENTRAL: ZFake3Mu/Central/nZCand/phi in Skim_TriLep_DYJets10to50.root
2026-05-29 18:26:03,667 - INFO - [2016preVFP] MISSING_CENTRAL: ZFake3Mu/Central/nZCand/phi in Skim_TriLep_DYJets.root
2026-05-29 18:26:03,668 - INFO - [2016preVFP] MISSING_CENTRAL: ZFake3Mu/Central/nZCand/phi in Skim_TriLep_DYJets10to50.root
2026-05-29 18:26:03,782 - INFO - [2016postVFP] MISSING_CENTRAL: ZFake3Mu/Central/nZCand/phi in Skim_TriLep_DYJets.root
2026-05-29 18:26:03,783 - INFO - [2016postVFP] MISSING_CENTRAL: ZFake3Mu/Central/nZCand/phi in Skim_TriLep_DYJets10to50.root
2026-05-29 18:26:03,783 - INFO - [2016postVFP] MISSING_CENTRAL: ZFake3Mu/Central/nZCand/phi in Skim_TriLep_TTG.root
2026-05-29 18:26:03,898 - INFO - [2017] MISSING_CENTRAL: ZFake3Mu/Central/nZCand/phi in Skim_TriLep_DYJets10to50.root
2026-05-29 18:26:04,037 - INFO - [2018] MISSING_CENTRAL: ZFake3Mu/Central/nZCand/phi in Skim_TriLep_DYJets10to50.root
2026-06-12 14:27:40,543 - INFO - [2016preVFP] MISSING_CENTRAL: ZFake3Mu/Central/nZCand/phi in Skim_TriLep_DYJets.root
2026-06-12 14:27:40,544 - INFO - [2016preVFP] MISSING_CENTRAL: ZFake3Mu/Central/nZCand/phi in Skim_TriLep_DYJets10to50.root
2026-06-12 14:27:40,653 - INFO - [2016postVFP] MISSING_CENTRAL: ZFake3Mu/Central/nZCand/phi in Skim_TriLep_DYJets.root
2026-06-12 14:27:40,653 - INFO - [2016postVFP] MISSING_CENTRAL: ZFake3Mu/Central/nZCand/phi in Skim_TriLep_DYJets10to50.root
2026-06-12 14:27:40,654 - INFO - [2016postVFP] MISSING_CENTRAL: ZFake3Mu/Central/nZCand/phi in Skim_TriLep_TTG.root
2026-06-12 14:27:40,761 - INFO - [2017] MISSING_CENTRAL: ZFake3Mu/Central/nZCand/phi in Skim_TriLep_DYJets10to50.root
2026-06-12 14:27:40,882 - INFO - [2018] MISSING_CENTRAL: ZFake3Mu/Central/nZCand/phi in Skim_TriLep_DYJets10to50.root
