2026-06-29 16:42:29,270 - INFO - [2017] MISSING_CENTRAL: WZ3Mu/Central/jets/3/mass in Skim_TriLep_DYJets.root
2026-06-29 16:42:29,271 - INFO - [2017] MISSING_CENTRAL: WZ3Mu/Central/jets/3/mass in Skim_TriLep_DYJets10to50.root
2026-06-29 16:42:29,275 - INFO - [2017] MISSING_SYSTEMATIC: WZ3Mu/JetEn_Down/jets/3/mass in Skim_TriLep_TTG.root
2026-06-29 16:42:34,858 - INFO - [2017] MISSING_CENTRAL: WZ3Mu/Central/jets/3/mass in Skim_TriLep_DYJets.root
2026-06-29 16:42:34,859 - INFO - [2017] MISSING_CENTRAL: WZ3Mu/Central/jets/3/mass in Skim_TriLep_DYJets10to50.root
2026-06-29 16:42:34,877 - INFO - [2017] MISSING_FILE: /data9/Users/choij/Sync/workspace/ChargedHiggsAnalysisV3/SKNanoOutput/PromptAnalyzer/Run3Mu_RunNoWZSF_RunSyst_RunCR_NoTreeMode/2017/Skim_TriLep_WZTo3LNu_amcatnlo.root
2026-07-01 05:31:18,958 - INFO - [2017] MISSING_CENTRAL: WZ3Mu/Central/jets/3/mass in Skim_TriLep_DYJets.root
2026-07-01 05:31:18,959 - INFO - [2017] MISSING_CENTRAL: WZ3Mu/Central/jets/3/mass in Skim_TriLep_DYJets10to50.root
2026-07-01 05:31:18,961 - INFO - [2017] MISSING_SYSTEMATIC: WZ3Mu/JetEn_Down/jets/3/mass in Skim_TriLep_TTG.root
2026-07-01 05:58:00,721 - INFO - [2017] MISSING_FILE: /data9/Users/choij/Sync/workspace/ChargedHiggsAnalysisV3/SKNanoOutput/PromptAnalyzer/Run3Mu_RunCR_NoTreeMode/2017/Skim_TriLep_DoubleMuon_B.root
2026-07-01 05:58:00,721 - INFO - [2017] MISSING_FILE: /data9/Users/choij/Sync/workspace/ChargedHiggsAnalysisV3/SKNanoOutput/PromptAnalyzer/Run3Mu_RunCR_NoTreeMode/2017/Skim_TriLep_DoubleMuon_C.root
2026-07-01 05:58:00,721 - INFO - [2017] MISSING_FILE: /data9/Users/choij/Sync/workspace/ChargedHiggsAnalysisV3/SKNanoOutput/PromptAnalyzer/Run3Mu_RunCR_NoTreeMode/2017/Skim_TriLep_DoubleMuon_D.root
2026-07-01 05:58:00,722 - INFO - [2017] MISSING_FILE: /data9/Users/choij/Sync/workspace/ChargedHiggsAnalysisV3/SKNanoOutput/PromptAnalyzer/Run3Mu_RunCR_NoTreeMode/2017/Skim_TriLep_DoubleMuon_E.root
2026-07-01 05:58:00,722 - INFO - [2017] MISSING_FILE: /data9/Users/choij/Sync/workspace/ChargedHiggsAnalysisV3/SKNanoOutput/PromptAnalyzer/Run3Mu_RunCR_NoTreeMode/2017/Skim_TriLep_DoubleMuon_F.root
2026-07-01 15:24:24,739 - INFO - [2017] MISSING_CENTRAL: WZ3Mu/Central/jets/3/mass in Skim_TriLep_DYJets.root
2026-07-01 15:24:24,740 - INFO - [2017] MISSING_CENTRAL: WZ3Mu/Central/jets/3/mass in Skim_TriLep_DYJets10to50.root
2026-07-01 15:24:24,744 - INFO - [2017] MISSING_SYSTEMATIC: WZ3Mu/JetEn_Down/jets/3/mass in Skim_TriLep_TTG.root
2026-07-22 10:24:45,879 - INFO - [2017] MISSING_CENTRAL: WZ3Mu/Central/jets/3/mass in Skim_TriLep_DYJets.root
2026-07-22 10:24:45,880 - INFO - [2017] MISSING_CENTRAL: WZ3Mu/Central/jets/3/mass in Skim_TriLep_DYJets10to50.root
2026-07-22 10:24:45,969 - INFO - [2017] MISSING_SYSTEMATIC: WZ3Mu/JetEn_Down/jets/3/mass in Skim_TriLep_TTG.root
