2025-09-24 15:46:25,028 - INFO - [2017] MISSING_CENTRAL: ZG3Mu/Central/ZCand/phi in Skim_TriLep_DYJets10to50.root
2025-09-24 15:46:25,036 - INFO - [2017] MISSING_CENTRAL: ZG3Mu/Central/ZCand/phi in Skim_TriLep_TTG.root
2025-09-24 15:46:25,063 - INFO - [2017] MISSING_FILE: /Users/choij/Sync/workspace/ChargedHiggsAnalysisV3/SKNanoOutput/CRPromptSelector/Run3Mu_RunSyst/2017/Skim_TriLep_WZTo3LNu_amcatnlo.root
2025-09-24 15:46:25,078 - INFO - [2017] MISSING_SYSTEMATIC: ZG3Mu/JetEn_Up/ZCand/phi in Skim_TriLep_WWZ.root
2025-09-24 15:46:25,089 - INFO - [2017] MISSING_CENTRAL: ZG3Mu/Central/ZCand/phi in Skim_TriLep_TTTT.root
2025-09-24 15:46:34,325 - INFO - [2017] MISSING_CENTRAL: ZG3Mu/Central/ZCand/phi in Skim_TriLep_DYJets10to50.root
2025-09-24 15:46:34,326 - INFO - [2017] MISSING_CENTRAL: ZG3Mu/Central/ZCand/phi in Skim_TriLep_TTG.root
2025-09-24 15:46:34,327 - INFO - [2017] MISSING_FILE: /Users/choij/Sync/workspace/ChargedHiggsAnalysisV3/SKNanoOutput/CRPromptSelector/Run3Mu_RunSyst/2017/Skim_TriLep_WZTo3LNu_amcatnlo.root
2025-09-24 15:46:34,330 - INFO - [2017] MISSING_CENTRAL: ZG3Mu/Central/ZCand/phi in Skim_TriLep_TTTT.root
2025-10-02 21:12:06,721 - INFO - [2017] MISSING_CENTRAL: ZG3Mu/Central/ZCand/phi in Skim_TriLep_DYJets10to50.root
2025-10-02 21:12:06,818 - INFO - [2017] MISSING_CENTRAL: ZG3Mu/Central/ZCand/phi in Skim_TriLep_TTG.root
2025-10-02 21:12:07,079 - INFO - [2017] MISSING_FILE: /data9/Users/choij/Sync/workspace/ChargedHiggsAnalysisV3/SKNanoOutput/CRPromptSelector/Run3Mu_RunSyst/2017/Skim_TriLep_WZTo3LNu_amcatnlo.root
2025-10-02 21:12:07,611 - INFO - [2017] MISSING_SYSTEMATIC: ZG3Mu/JetEn_Up/ZCand/phi in Skim_TriLep_WWZ.root
2025-10-02 21:12:07,820 - INFO - [2017] MISSING_CENTRAL: ZG3Mu/Central/ZCand/phi in Skim_TriLep_TTTT.root
2025-10-02 21:12:13,051 - INFO - [2017] MISSING_CENTRAL: ZG3Mu/Central/ZCand/phi in Skim_TriLep_DYJets10to50.root
2025-10-02 21:12:13,053 - INFO - [2017] MISSING_CENTRAL: ZG3Mu/Central/ZCand/phi in Skim_TriLep_TTG.root
2025-10-02 21:12:13,078 - INFO - [2017] MISSING_FILE: /data9/Users/choij/Sync/workspace/ChargedHiggsAnalysisV3/SKNanoOutput/CRPromptSelector/Run3Mu_RunSyst/2017/Skim_TriLep_WZTo3LNu_amcatnlo.root
2025-10-02 21:12:13,103 - INFO - [2017] MISSING_CENTRAL: ZG3Mu/Central/ZCand/phi in Skim_TriLep_TTTT.root
2025-10-02 23:59:18,197 - INFO - [2017] MISSING_CENTRAL: ZG3Mu/Central/ZCand/phi in Skim_TriLep_DYJets10to50.root
2025-10-02 23:59:18,201 - INFO - [2017] MISSING_CENTRAL: ZG3Mu/Central/ZCand/phi in Skim_TriLep_TTG.root
2025-10-02 23:59:18,213 - INFO - [2017] MISSING_FILE: /Users/choij/Sync/workspace/ChargedHiggsAnalysisV3/SKNanoOutput/CRPromptSelector/Run3Mu_RunSyst/2017/Skim_TriLep_WZTo3LNu_amcatnlo.root
2025-10-02 23:59:18,231 - INFO - [2017] MISSING_SYSTEMATIC: ZG3Mu/JetEn_Up/ZCand/phi in Skim_TriLep_WWZ.root
2025-10-02 23:59:18,244 - INFO - [2017] MISSING_CENTRAL: ZG3Mu/Central/ZCand/phi in Skim_TriLep_TTTT.root
2025-10-02 23:59:26,952 - INFO - [2017] MISSING_CENTRAL: ZG3Mu/Central/ZCand/phi in Skim_TriLep_DYJets10to50.root
2025-10-02 23:59:26,953 - INFO - [2017] MISSING_CENTRAL: ZG3Mu/Central/ZCand/phi in Skim_TriLep_TTG.root
2025-10-02 23:59:26,954 - INFO - [2017] MISSING_FILE: /Users/choij/Sync/workspace/ChargedHiggsAnalysisV3/SKNanoOutput/CRPromptSelector/Run3Mu_RunSyst/2017/Skim_TriLep_WZTo3LNu_amcatnlo.root
2025-10-02 23:59:26,957 - INFO - [2017] MISSING_CENTRAL: ZG3Mu/Central/ZCand/phi in Skim_TriLep_TTTT.root
2025-11-07 13:29:54,755 - INFO - [2017] MISSING_CENTRAL: ZG3Mu/Central/ZCand/phi in Skim_TriLep_DYJets10to50.root
2025-11-07 13:29:54,759 - INFO - [2017] MISSING_CENTRAL: ZG3Mu/Central/ZCand/phi in Skim_TriLep_TTG.root
2025-11-07 13:29:54,772 - INFO - [2017] MISSING_FILE: /home/choij/Sync/workspace/ChargedHiggsAnalysisV3/SKNanoOutput/CRPromptSelector/Run3Mu_RunSyst/2017/Skim_TriLep_WZTo3LNu_amcatnlo.root
2025-11-07 13:29:54,787 - INFO - [2017] MISSING_SYSTEMATIC: ZG3Mu/JetEn_Up/ZCand/phi in Skim_TriLep_WWZ.root
2025-11-07 13:29:54,796 - INFO - [2017] MISSING_CENTRAL: ZG3Mu/Central/ZCand/phi in Skim_TriLep_TTTT.root
2025-11-07 13:29:59,701 - INFO - [2017] MISSING_CENTRAL: ZG3Mu/Central/ZCand/phi in Skim_TriLep_DYJets10to50.root
2025-11-07 13:29:59,702 - INFO - [2017] MISSING_CENTRAL: ZG3Mu/Central/ZCand/phi in Skim_TriLep_TTG.root
2025-11-07 13:29:59,703 - INFO - [2017] MISSING_FILE: /home/choij/Sync/workspace/ChargedHiggsAnalysisV3/SKNanoOutput/CRPromptSelector/Run3Mu_RunSyst/2017/Skim_TriLep_WZTo3LNu_amcatnlo.root
2025-11-07 13:29:59,708 - INFO - [2017] MISSING_CENTRAL: ZG3Mu/Central/ZCand/phi in Skim_TriLep_TTTT.root
2025-11-07 14:02:39,870 - INFO - [2017] MISSING_CENTRAL: ZG3Mu/Central/ZCand/phi in Skim_TriLep_DYJets10to50.root
2025-11-07 14:02:39,874 - INFO - [2017] MISSING_CENTRAL: ZG3Mu/Central/ZCand/phi in Skim_TriLep_TTG.root
2025-11-07 14:02:39,887 - INFO - [2017] MISSING_FILE: /home/choij/Sync/workspace/ChargedHiggsAnalysisV3/SKNanoOutput/CRPromptSelector/Run3Mu_RunSyst/2017/Skim_TriLep_WZTo3LNu_amcatnlo.root
2025-11-07 14:02:39,902 - INFO - [2017] MISSING_SYSTEMATIC: ZG3Mu/JetEn_Up/ZCand/phi in Skim_TriLep_WWZ.root
2025-11-07 14:02:39,911 - INFO - [2017] MISSING_CENTRAL: ZG3Mu/Central/ZCand/phi in Skim_TriLep_TTTT.root
2025-11-07 14:02:44,801 - INFO - [2017] MISSING_CENTRAL: ZG3Mu/Central/ZCand/phi in Skim_TriLep_DYJets10to50.root
2025-11-07 14:02:44,802 - INFO - [2017] MISSING_CENTRAL: ZG3Mu/Central/ZCand/phi in Skim_TriLep_TTG.root
2025-11-07 14:02:44,803 - INFO - [2017] MISSING_FILE: /home/choij/Sync/workspace/ChargedHiggsAnalysisV3/SKNanoOutput/CRPromptSelector/Run3Mu_RunSyst/2017/Skim_TriLep_WZTo3LNu_amcatnlo.root
2025-11-07 14:02:44,808 - INFO - [2017] MISSING_CENTRAL: ZG3Mu/Central/ZCand/phi in Skim_TriLep_TTTT.root
2025-11-10 05:53:08,261 - INFO - [2017] MISSING_CENTRAL: ZG3Mu/Central/ZCand/phi in Skim_TriLep_DYJets10to50.root
2025-11-10 05:53:08,268 - INFO - [2017] MISSING_CENTRAL: ZG3Mu/Central/ZCand/phi in Skim_TriLep_TTG.root
2025-11-10 05:53:08,289 - INFO - [2017] MISSING_FILE: /home/choij/Sync/workspace/ChargedHiggsAnalysisV3/SKNanoOutput/CRPromptSelector/Run3Mu_RunSyst/2017/Skim_TriLep_WZTo3LNu_amcatnlo.root
2025-11-10 05:53:08,313 - INFO - [2017] MISSING_SYSTEMATIC: ZG3Mu/JetEn_Up/ZCand/phi in Skim_TriLep_WWZ.root
2025-11-10 05:53:08,326 - INFO - [2017] MISSING_CENTRAL: ZG3Mu/Central/ZCand/phi in Skim_TriLep_TTTT.root
2025-11-10 05:53:14,582 - INFO - [2017] MISSING_CENTRAL: ZG3Mu/Central/ZCand/phi in Skim_TriLep_DYJets10to50.root
2025-11-10 05:53:14,582 - INFO - [2017] MISSING_CENTRAL: ZG3Mu/Central/ZCand/phi in Skim_TriLep_TTG.root
2025-11-10 05:53:14,584 - INFO - [2017] MISSING_FILE: /home/choij/Sync/workspace/ChargedHiggsAnalysisV3/SKNanoOutput/CRPromptSelector/Run3Mu_RunSyst/2017/Skim_TriLep_WZTo3LNu_amcatnlo.root
2025-11-10 05:53:14,589 - INFO - [2017] MISSING_CENTRAL: ZG3Mu/Central/ZCand/phi in Skim_TriLep_TTTT.root
2025-11-10 12:17:41,476 - INFO - [2017] MISSING_CENTRAL: ZG3Mu/Central/ZCand/phi in Skim_TriLep_DYJets10to50.root
2025-11-10 12:17:41,480 - INFO - [2017] MISSING_CENTRAL: ZG3Mu/Central/ZCand/phi in Skim_TriLep_TTG.root
2025-11-10 12:17:41,493 - INFO - [2017] MISSING_FILE: /home/choij/Sync/workspace/ChargedHiggsAnalysisV3/SKNanoOutput/CRPromptSelector/Run3Mu_RunSyst/2017/Skim_TriLep_WZTo3LNu_amcatnlo.root
2025-11-10 12:17:41,509 - INFO - [2017] MISSING_SYSTEMATIC: ZG3Mu/JetEn_Up/ZCand/phi in Skim_TriLep_WWZ.root
2025-11-10 12:17:41,519 - INFO - [2017] MISSING_CENTRAL: ZG3Mu/Central/ZCand/phi in Skim_TriLep_TTTT.root
2025-11-10 12:17:46,471 - INFO - [2017] MISSING_CENTRAL: ZG3Mu/Central/ZCand/phi in Skim_TriLep_DYJets10to50.root
2025-11-10 12:17:46,471 - INFO - [2017] MISSING_CENTRAL: ZG3Mu/Central/ZCand/phi in Skim_TriLep_TTG.root
2025-11-10 12:17:46,473 - INFO - [2017] MISSING_FILE: /home/choij/Sync/workspace/ChargedHiggsAnalysisV3/SKNanoOutput/CRPromptSelector/Run3Mu_RunSyst/2017/Skim_TriLep_WZTo3LNu_amcatnlo.root
2025-11-10 12:17:46,478 - INFO - [2017] MISSING_CENTRAL: ZG3Mu/Central/ZCand/phi in Skim_TriLep_TTTT.root
2025-11-13 11:06:41,931 - INFO - [2017] MISSING_CENTRAL: ZG3Mu/Central/ZCand/phi in Skim_TriLep_DYJets10to50.root
2025-11-13 11:06:42,022 - INFO - [2017] MISSING_CENTRAL: ZG3Mu/Central/ZCand/phi in Skim_TriLep_TTG.root
2025-11-13 11:06:42,583 - INFO - [2017] MISSING_FILE: /data9/Users/choij/Sync/workspace/ChargedHiggsAnalysisV3/SKNanoOutput/CRPromptSelector/Run3Mu_RunSyst/2017/Skim_TriLep_WZTo3LNu_amcatnlo.root
2025-11-13 11:06:43,349 - INFO - [2017] MISSING_SYSTEMATIC: ZG3Mu/JetEn_Up/ZCand/phi in Skim_TriLep_WWZ.root
2025-11-13 11:06:43,722 - INFO - [2017] MISSING_CENTRAL: ZG3Mu/Central/ZCand/phi in Skim_TriLep_TTTT.root
2025-11-13 11:06:49,407 - INFO - [2017] MISSING_CENTRAL: ZG3Mu/Central/ZCand/phi in Skim_TriLep_DYJets10to50.root
2025-11-13 11:06:49,409 - INFO - [2017] MISSING_CENTRAL: ZG3Mu/Central/ZCand/phi in Skim_TriLep_TTG.root
2025-11-13 11:06:49,411 - INFO - [2017] MISSING_FILE: /data9/Users/choij/Sync/workspace/ChargedHiggsAnalysisV3/SKNanoOutput/CRPromptSelector/Run3Mu_RunSyst/2017/Skim_TriLep_WZTo3LNu_amcatnlo.root
2025-11-13 11:06:49,420 - INFO - [2017] MISSING_CENTRAL: ZG3Mu/Central/ZCand/phi in Skim_TriLep_TTTT.root
2025-11-19 00:16:59,520 - INFO - [2017] MISSING_CENTRAL: ZG3Mu/Central/ZCand/phi in Skim_TriLep_DYJets10to50.root
2025-11-19 00:16:59,528 - INFO - [2017] MISSING_CENTRAL: ZG3Mu/Central/ZCand/phi in Skim_TriLep_TTG.root
2025-11-19 00:16:59,550 - INFO - [2017] MISSING_FILE: /data9/Users/choij/Sync/workspace/ChargedHiggsAnalysisV3/SKNanoOutput/CRPromptSelector/Run3Mu_RunSyst/2017/Skim_TriLep_WZTo3LNu_amcatnlo.root
2025-11-19 00:16:59,684 - INFO - [2017] MISSING_SYSTEMATIC: ZG3Mu/JetEn_Up/ZCand/phi in Skim_TriLep_WWZ.root
2025-11-19 00:16:59,741 - INFO - [2017] MISSING_CENTRAL: ZG3Mu/Central/ZCand/phi in Skim_TriLep_TTTT.root
2025-11-19 00:17:05,813 - INFO - [2017] MISSING_CENTRAL: ZG3Mu/Central/ZCand/phi in Skim_TriLep_DYJets10to50.root
2025-11-19 00:17:05,815 - INFO - [2017] MISSING_CENTRAL: ZG3Mu/Central/ZCand/phi in Skim_TriLep_TTG.root
2025-11-19 00:17:05,819 - INFO - [2017] MISSING_FILE: /data9/Users/choij/Sync/workspace/ChargedHiggsAnalysisV3/SKNanoOutput/CRPromptSelector/Run3Mu_RunSyst/2017/Skim_TriLep_WZTo3LNu_amcatnlo.root
2025-11-19 00:17:05,830 - INFO - [2017] MISSING_CENTRAL: ZG3Mu/Central/ZCand/phi in Skim_TriLep_TTTT.root
2025-11-19 15:42:11,011 - INFO - [2017] MISSING_CENTRAL: ZG3Mu/Central/ZCand/phi in Skim_TriLep_DYJets10to50.root
2025-11-19 15:42:11,014 - INFO - [2017] MISSING_CENTRAL: ZG3Mu/Central/ZCand/phi in Skim_TriLep_TTG.root
2025-11-19 15:42:11,027 - INFO - [2017] MISSING_FILE: /home/choij/Sync/workspace/ChargedHiggsAnalysisV3/SKNanoOutput/CRPromptSelector/Run3Mu_RunSyst/2017/Skim_TriLep_WZTo3LNu_amcatnlo.root
2025-11-19 15:42:11,042 - INFO - [2017] MISSING_SYSTEMATIC: ZG3Mu/JetEn_Up/ZCand/phi in Skim_TriLep_WWZ.root
2025-11-19 15:42:11,051 - INFO - [2017] MISSING_CENTRAL: ZG3Mu/Central/ZCand/phi in Skim_TriLep_TTTT.root
2025-11-19 15:42:15,994 - INFO - [2017] MISSING_CENTRAL: ZG3Mu/Central/ZCand/phi in Skim_TriLep_DYJets10to50.root
2025-11-19 15:42:15,994 - INFO - [2017] MISSING_CENTRAL: ZG3Mu/Central/ZCand/phi in Skim_TriLep_TTG.root
2025-11-19 15:42:15,996 - INFO - [2017] MISSING_FILE: /home/choij/Sync/workspace/ChargedHiggsAnalysisV3/SKNanoOutput/CRPromptSelector/Run3Mu_RunSyst/2017/Skim_TriLep_WZTo3LNu_amcatnlo.root
2025-11-19 15:42:16,001 - INFO - [2017] MISSING_CENTRAL: ZG3Mu/Central/ZCand/phi in Skim_TriLep_TTTT.root
2025-11-19 16:20:01,672 - INFO - [2017] MISSING_CENTRAL: ZG3Mu/Central/ZCand/phi in Skim_TriLep_DYJets10to50.root
2025-11-19 16:20:01,676 - INFO - [2017] MISSING_CENTRAL: ZG3Mu/Central/ZCand/phi in Skim_TriLep_TTG.root
2025-11-19 16:20:01,689 - INFO - [2017] MISSING_FILE: /home/choij/Sync/workspace/ChargedHiggsAnalysisV3/SKNanoOutput/CRPromptSelector/Run3Mu_RunSyst/2017/Skim_TriLep_WZTo3LNu_amcatnlo.root
2025-11-19 16:20:01,704 - INFO - [2017] MISSING_SYSTEMATIC: ZG3Mu/JetEn_Up/ZCand/phi in Skim_TriLep_WWZ.root
2025-11-19 16:20:01,713 - INFO - [2017] MISSING_CENTRAL: ZG3Mu/Central/ZCand/phi in Skim_TriLep_TTTT.root
2025-11-19 16:20:06,687 - INFO - [2017] MISSING_CENTRAL: ZG3Mu/Central/ZCand/phi in Skim_TriLep_DYJets10to50.root
2025-11-19 16:20:06,688 - INFO - [2017] MISSING_CENTRAL: ZG3Mu/Central/ZCand/phi in Skim_TriLep_TTG.root
2025-11-19 16:20:06,689 - INFO - [2017] MISSING_FILE: /home/choij/Sync/workspace/ChargedHiggsAnalysisV3/SKNanoOutput/CRPromptSelector/Run3Mu_RunSyst/2017/Skim_TriLep_WZTo3LNu_amcatnlo.root
2025-11-19 16:20:06,694 - INFO - [2017] MISSING_CENTRAL: ZG3Mu/Central/ZCand/phi in Skim_TriLep_TTTT.root
2025-12-17 08:28:31,402 - INFO - [2017] MISSING_CENTRAL: ZG3Mu/Central/ZCand/phi in Skim_TriLep_DYJets10to50.root
2025-12-17 08:28:31,405 - INFO - [2017] MISSING_CENTRAL: ZG3Mu/Central/ZCand/phi in Skim_TriLep_TTG.root
2025-12-17 08:28:31,543 - INFO - [2017] MISSING_SYSTEMATIC: ZG3Mu/JetEn_Up/ZCand/phi in Skim_TriLep_WWZ.root
2025-12-17 08:28:35,703 - INFO - [2017] MISSING_CENTRAL: ZG3Mu/Central/ZCand/phi in Skim_TriLep_DYJets10to50.root
2025-12-17 08:28:35,705 - INFO - [2017] MISSING_CENTRAL: ZG3Mu/Central/ZCand/phi in Skim_TriLep_TTG.root
2025-12-17 12:25:21,096 - INFO - [2017] MISSING_CENTRAL: ZG3Mu/Central/ZCand/phi in Skim_TriLep_DYJets10to50.root
2025-12-17 12:25:21,097 - INFO - [2017] MISSING_CENTRAL: ZG3Mu/Central/ZCand/phi in Skim_TriLep_TTG.root
2025-12-17 12:25:21,168 - INFO - [2017] MISSING_SYSTEMATIC: ZG3Mu/JetEn_Up/ZCand/phi in Skim_TriLep_WWZ.root
2025-12-17 12:25:26,229 - INFO - [2017] MISSING_CENTRAL: ZG3Mu/Central/ZCand/phi in Skim_TriLep_DYJets10to50.root
2025-12-17 12:25:26,230 - INFO - [2017] MISSING_CENTRAL: ZG3Mu/Central/ZCand/phi in Skim_TriLep_TTG.root
2025-12-17 16:07:11,423 - INFO - [2017] MISSING_CENTRAL: ZG3Mu/Central/ZCand/phi in Skim_TriLep_DYJets10to50.root
2025-12-17 16:07:11,424 - INFO - [2017] MISSING_CENTRAL: ZG3Mu/Central/ZCand/phi in Skim_TriLep_TTG.root
2025-12-17 16:07:11,509 - INFO - [2017] MISSING_SYSTEMATIC: ZG3Mu/JetEn_Up/ZCand/phi in Skim_TriLep_WWZ.root
2025-12-17 16:07:16,407 - INFO - [2017] MISSING_CENTRAL: ZG3Mu/Central/ZCand/phi in Skim_TriLep_DYJets10to50.root
2025-12-17 16:07:16,408 - INFO - [2017] MISSING_CENTRAL: ZG3Mu/Central/ZCand/phi in Skim_TriLep_TTG.root
2025-12-17 22:33:59,576 - INFO - [2017] MISSING_CENTRAL: ZG3Mu/Central/ZCand/phi in Skim_TriLep_DYJets10to50.root
2025-12-17 22:33:59,578 - INFO - [2017] MISSING_CENTRAL: ZG3Mu/Central/ZCand/phi in Skim_TriLep_TTG.root
2025-12-17 22:33:59,710 - INFO - [2017] MISSING_SYSTEMATIC: ZG3Mu/JetEn_Up/ZCand/phi in Skim_TriLep_WWZ.root
2025-12-17 22:34:05,593 - INFO - [2017] MISSING_CENTRAL: ZG3Mu/Central/ZCand/phi in Skim_TriLep_DYJets10to50.root
2025-12-17 22:34:05,594 - INFO - [2017] MISSING_CENTRAL: ZG3Mu/Central/ZCand/phi in Skim_TriLep_TTG.root
2025-12-18 14:17:28,377 - INFO - [2017] MISSING_CENTRAL: ZG3Mu/Central/ZCand/phi in Skim_TriLep_DYJets10to50.root
2025-12-18 14:17:28,378 - INFO - [2017] MISSING_CENTRAL: ZG3Mu/Central/ZCand/phi in Skim_TriLep_TTG.root
2025-12-18 14:17:28,461 - INFO - [2017] MISSING_SYSTEMATIC: ZG3Mu/JetEn_Up/ZCand/phi in Skim_TriLep_WWZ.root
2025-12-18 14:17:32,878 - INFO - [2017] MISSING_CENTRAL: ZG3Mu/Central/ZCand/phi in Skim_TriLep_DYJets10to50.root
2025-12-18 14:17:32,879 - INFO - [2017] MISSING_CENTRAL: ZG3Mu/Central/ZCand/phi in Skim_TriLep_TTG.root
2025-12-18 14:32:56,141 - INFO - [2017] MISSING_CENTRAL: ZG3Mu/Central/ZCand/phi in Skim_TriLep_DYJets10to50.root
2025-12-18 14:32:56,142 - INFO - [2017] MISSING_CENTRAL: ZG3Mu/Central/ZCand/phi in Skim_TriLep_TTG.root
2025-12-18 14:32:56,227 - INFO - [2017] MISSING_SYSTEMATIC: ZG3Mu/JetEn_Up/ZCand/phi in Skim_TriLep_WWZ.root
2025-12-18 14:33:01,389 - INFO - [2017] MISSING_CENTRAL: ZG3Mu/Central/ZCand/phi in Skim_TriLep_DYJets10to50.root
2025-12-18 14:33:01,390 - INFO - [2017] MISSING_CENTRAL: ZG3Mu/Central/ZCand/phi in Skim_TriLep_TTG.root
2026-01-07 11:43:03,540 - INFO - [2017] MISSING_FILE: /data9/Users/choij/Sync/workspace/ChargedHiggsAnalysisV3/SKNanoOutput/CRPromptSelector/Run3Mu/2017/Skim_TriLep_DoubleMuon_B.root
2026-01-07 11:43:03,541 - INFO - [2017] MISSING_FILE: /data9/Users/choij/Sync/workspace/ChargedHiggsAnalysisV3/SKNanoOutput/CRPromptSelector/Run3Mu/2017/Skim_TriLep_DoubleMuon_C.root
2026-01-07 11:43:03,564 - INFO - [2017] MISSING_FILE: /data9/Users/choij/Sync/workspace/ChargedHiggsAnalysisV3/SKNanoOutput/CRPromptSelector/Run3Mu/2017/Skim_TriLep_DoubleMuon_D.root
2026-01-07 11:43:03,564 - INFO - [2017] MISSING_FILE: /data9/Users/choij/Sync/workspace/ChargedHiggsAnalysisV3/SKNanoOutput/CRPromptSelector/Run3Mu/2017/Skim_TriLep_DoubleMuon_E.root
2026-01-07 11:43:03,564 - INFO - [2017] MISSING_FILE: /data9/Users/choij/Sync/workspace/ChargedHiggsAnalysisV3/SKNanoOutput/CRPromptSelector/Run3Mu/2017/Skim_TriLep_DoubleMuon_F.root
2026-01-07 11:43:07,531 - INFO - [2017] MISSING_FILE: /data9/Users/choij/Sync/workspace/ChargedHiggsAnalysisV3/SKNanoOutput/CRPromptSelector/Run3Mu/2017/Skim_TriLep_DoubleMuon_B.root
2026-01-07 11:43:07,531 - INFO - [2017] MISSING_FILE: /data9/Users/choij/Sync/workspace/ChargedHiggsAnalysisV3/SKNanoOutput/CRPromptSelector/Run3Mu/2017/Skim_TriLep_DoubleMuon_C.root
2026-01-07 11:43:07,531 - INFO - [2017] MISSING_FILE: /data9/Users/choij/Sync/workspace/ChargedHiggsAnalysisV3/SKNanoOutput/CRPromptSelector/Run3Mu/2017/Skim_TriLep_DoubleMuon_D.root
2026-01-07 11:43:07,532 - INFO - [2017] MISSING_FILE: /data9/Users/choij/Sync/workspace/ChargedHiggsAnalysisV3/SKNanoOutput/CRPromptSelector/Run3Mu/2017/Skim_TriLep_DoubleMuon_E.root
2026-01-07 11:43:07,532 - INFO - [2017] MISSING_FILE: /data9/Users/choij/Sync/workspace/ChargedHiggsAnalysisV3/SKNanoOutput/CRPromptSelector/Run3Mu/2017/Skim_TriLep_DoubleMuon_F.root
2026-01-07 18:40:05,613 - INFO - [2017] MISSING_CENTRAL: ZG3Mu/Central/ZCand/phi in Skim_TriLep_DYJets10to50.root
2026-01-07 18:40:05,614 - INFO - [2017] MISSING_CENTRAL: ZG3Mu/Central/ZCand/phi in Skim_TriLep_TTG.root
2026-01-07 18:40:05,700 - INFO - [2017] MISSING_SYSTEMATIC: ZG3Mu/JetEn_Up/ZCand/phi in Skim_TriLep_WWZ.root
2026-01-07 18:40:10,571 - INFO - [2017] MISSING_CENTRAL: ZG3Mu/Central/ZCand/phi in Skim_TriLep_DYJets10to50.root
2026-01-07 18:40:10,571 - INFO - [2017] MISSING_CENTRAL: ZG3Mu/Central/ZCand/phi in Skim_TriLep_TTG.root
2026-01-09 12:13:39,760 - INFO - [2017] MISSING_CENTRAL: ZG3Mu/Central/ZCand/phi in Skim_TriLep_DYJets10to50.root
2026-01-09 12:13:39,761 - INFO - [2017] MISSING_CENTRAL: ZG3Mu/Central/ZCand/phi in Skim_TriLep_TTG.root
2026-01-09 12:13:39,793 - INFO - [2017] MISSING_SYSTEMATIC: ZG3Mu/JetEn_Up/ZCand/phi in Skim_TriLep_WWZ.root
2026-01-09 12:13:44,643 - INFO - [2017] MISSING_CENTRAL: ZG3Mu/Central/ZCand/phi in Skim_TriLep_DYJets10to50.root
2026-01-09 12:13:44,643 - INFO - [2017] MISSING_CENTRAL: ZG3Mu/Central/ZCand/phi in Skim_TriLep_TTG.root
2026-01-11 09:33:43,646 - INFO - [2017] MISSING_CENTRAL: ZG3Mu/Central/ZCand/phi in Skim_TriLep_DYJets10to50.root
2026-01-11 09:33:43,646 - INFO - [2017] MISSING_CENTRAL: ZG3Mu/Central/ZCand/phi in Skim_TriLep_TTG.root
2026-01-11 09:33:43,696 - INFO - [2017] MISSING_SYSTEMATIC: ZG3Mu/JetEn_Up/ZCand/phi in Skim_TriLep_WWZ.root
2026-01-11 09:33:48,766 - INFO - [2017] MISSING_CENTRAL: ZG3Mu/Central/ZCand/phi in Skim_TriLep_DYJets10to50.root
2026-01-11 09:33:48,766 - INFO - [2017] MISSING_CENTRAL: ZG3Mu/Central/ZCand/phi in Skim_TriLep_TTG.root
2026-01-12 13:42:19,163 - INFO - [2017] MISSING_CENTRAL: ZG3Mu/Central/ZCand/phi in Skim_TriLep_DYJets10to50.root
2026-01-12 13:42:19,164 - INFO - [2017] MISSING_CENTRAL: ZG3Mu/Central/ZCand/phi in Skim_TriLep_TTG.root
2026-01-12 13:42:19,203 - INFO - [2017] MISSING_SYSTEMATIC: ZG3Mu/JetEn_Up/ZCand/phi in Skim_TriLep_WWZ.root
2026-01-12 13:42:24,153 - INFO - [2017] MISSING_CENTRAL: ZG3Mu/Central/ZCand/phi in Skim_TriLep_DYJets10to50.root
2026-01-12 13:42:24,153 - INFO - [2017] MISSING_CENTRAL: ZG3Mu/Central/ZCand/phi in Skim_TriLep_TTG.root
2026-01-16 18:57:37,232 - INFO - [2017] MISSING_CENTRAL: ZG3Mu/Central/ZCand/phi in Skim_TriLep_DYJets10to50.root
2026-01-16 18:57:37,233 - INFO - [2017] MISSING_CENTRAL: ZG3Mu/Central/ZCand/phi in Skim_TriLep_TTG.root
2026-01-16 18:57:37,270 - INFO - [2017] MISSING_SYSTEMATIC: ZG3Mu/JetEn_Up/ZCand/phi in Skim_TriLep_WWZ.root
2026-01-16 18:57:42,092 - INFO - [2017] MISSING_CENTRAL: ZG3Mu/Central/ZCand/phi in Skim_TriLep_DYJets10to50.root
2026-01-16 18:57:42,092 - INFO - [2017] MISSING_CENTRAL: ZG3Mu/Central/ZCand/phi in Skim_TriLep_TTG.root
2026-01-28 14:59:33,693 - INFO - [2017] MISSING_CENTRAL: ZG3Mu/Central/ZCand/phi in Skim_TriLep_DYJets10to50.root
2026-01-28 14:59:33,694 - INFO - [2017] MISSING_CENTRAL: ZG3Mu/Central/ZCand/phi in Skim_TriLep_TTG.root
2026-01-28 14:59:33,739 - INFO - [2017] MISSING_SYSTEMATIC: ZG3Mu/JetEn_Up/ZCand/phi in Skim_TriLep_WWZ.root
2026-01-28 14:59:33,752 - INFO - [2017] MISSING_CENTRAL: ZG3Mu/Central/ZCand/phi in Skim_TriLep_TTTT.root
2026-01-28 14:59:38,783 - INFO - [2017] MISSING_CENTRAL: ZG3Mu/Central/ZCand/phi in Skim_TriLep_DYJets10to50.root
2026-01-28 14:59:38,783 - INFO - [2017] MISSING_CENTRAL: ZG3Mu/Central/ZCand/phi in Skim_TriLep_TTG.root
2026-01-28 14:59:38,793 - INFO - [2017] MISSING_CENTRAL: ZG3Mu/Central/ZCand/phi in Skim_TriLep_TTTT.root
2026-01-28 15:12:09,998 - INFO - [2017] MISSING_CENTRAL: ZG3Mu/Central/ZCand/phi in Skim_TriLep_DYJets10to50.root
2026-01-28 15:12:09,998 - INFO - [2017] MISSING_CENTRAL: ZG3Mu/Central/ZCand/phi in Skim_TriLep_TTG.root
2026-01-28 15:12:10,038 - INFO - [2017] MISSING_SYSTEMATIC: ZG3Mu/JetEn_Up/ZCand/phi in Skim_TriLep_WWZ.root
2026-01-28 15:12:10,050 - INFO - [2017] MISSING_CENTRAL: ZG3Mu/Central/ZCand/phi in Skim_TriLep_TTTT.root
2026-01-28 15:12:14,723 - INFO - [2017] MISSING_CENTRAL: ZG3Mu/Central/ZCand/phi in Skim_TriLep_DYJets10to50.root
2026-01-28 15:12:14,723 - INFO - [2017] MISSING_CENTRAL: ZG3Mu/Central/ZCand/phi in Skim_TriLep_TTG.root
2026-01-28 15:12:14,733 - INFO - [2017] MISSING_CENTRAL: ZG3Mu/Central/ZCand/phi in Skim_TriLep_TTTT.root
2026-01-28 17:18:06,784 - INFO - [2017] MISSING_CENTRAL: ZG3Mu/Central/ZCand/phi in Skim_TriLep_DYJets10to50.root
2026-01-28 17:18:06,784 - INFO - [2017] MISSING_CENTRAL: ZG3Mu/Central/ZCand/phi in Skim_TriLep_TTG.root
2026-01-28 17:18:06,845 - INFO - [2017] MISSING_SYSTEMATIC: ZG3Mu/JetEn_Up/ZCand/phi in Skim_TriLep_WWZ.root
2026-01-28 17:18:06,862 - INFO - [2017] MISSING_CENTRAL: ZG3Mu/Central/ZCand/phi in Skim_TriLep_TTTT.root
2026-01-28 17:18:11,844 - INFO - [2017] MISSING_CENTRAL: ZG3Mu/Central/ZCand/phi in Skim_TriLep_DYJets10to50.root
2026-01-28 17:18:11,844 - INFO - [2017] MISSING_CENTRAL: ZG3Mu/Central/ZCand/phi in Skim_TriLep_TTG.root
2026-01-28 17:18:11,854 - INFO - [2017] MISSING_CENTRAL: ZG3Mu/Central/ZCand/phi in Skim_TriLep_TTTT.root
2026-01-28 19:51:45,197 - INFO - [2017] MISSING_CENTRAL: ZG3Mu/Central/ZCand/phi in Skim_TriLep_DYJets10to50.root
2026-01-28 19:51:45,197 - INFO - [2017] MISSING_CENTRAL: ZG3Mu/Central/ZCand/phi in Skim_TriLep_TTG.root
2026-01-28 19:51:45,240 - INFO - [2017] MISSING_SYSTEMATIC: ZG3Mu/JetEn_Up/ZCand/phi in Skim_TriLep_WWZ.root
2026-01-28 19:51:45,252 - INFO - [2017] MISSING_CENTRAL: ZG3Mu/Central/ZCand/phi in Skim_TriLep_TTTT.root
2026-01-28 19:51:50,082 - INFO - [2017] MISSING_CENTRAL: ZG3Mu/Central/ZCand/phi in Skim_TriLep_DYJets10to50.root
2026-01-28 19:51:50,082 - INFO - [2017] MISSING_CENTRAL: ZG3Mu/Central/ZCand/phi in Skim_TriLep_TTG.root
2026-01-28 19:51:50,093 - INFO - [2017] MISSING_CENTRAL: ZG3Mu/Central/ZCand/phi in Skim_TriLep_TTTT.root
2026-01-29 07:09:11,517 - INFO - [2017] MISSING_CENTRAL: ZG3Mu/Central/ZCand/phi in Skim_TriLep_DYJets10to50.root
2026-01-29 07:09:11,518 - INFO - [2017] MISSING_CENTRAL: ZG3Mu/Central/ZCand/phi in Skim_TriLep_TTG.root
2026-01-29 07:09:11,550 - INFO - [2017] MISSING_SYSTEMATIC: ZG3Mu/JetEn_Up/ZCand/phi in Skim_TriLep_WWZ.root
2026-01-29 07:09:11,559 - INFO - [2017] MISSING_CENTRAL: ZG3Mu/Central/ZCand/phi in Skim_TriLep_TTTT.root
2026-01-29 07:09:16,094 - INFO - [2017] MISSING_CENTRAL: ZG3Mu/Central/ZCand/phi in Skim_TriLep_DYJets10to50.root
2026-01-29 07:09:16,094 - INFO - [2017] MISSING_CENTRAL: ZG3Mu/Central/ZCand/phi in Skim_TriLep_TTG.root
2026-01-29 07:09:16,104 - INFO - [2017] MISSING_CENTRAL: ZG3Mu/Central/ZCand/phi in Skim_TriLep_TTTT.root
2026-03-02 12:00:10,383 - INFO - [2017] MISSING_CENTRAL: ZG3Mu/Central/ZCand/phi in Skim_TriLep_DYJets10to50.root
2026-03-02 12:00:10,384 - INFO - [2017] MISSING_CENTRAL: ZG3Mu/Central/ZCand/phi in Skim_TriLep_TTG.root
2026-03-02 12:00:10,416 - INFO - [2017] MISSING_SYSTEMATIC: ZG3Mu/JetEn_Up/ZCand/phi in Skim_TriLep_WWZ.root
2026-03-02 12:00:10,425 - INFO - [2017] MISSING_CENTRAL: ZG3Mu/Central/ZCand/phi in Skim_TriLep_TTTT.root
2026-03-02 12:00:15,072 - INFO - [2017] MISSING_CENTRAL: ZG3Mu/Central/ZCand/phi in Skim_TriLep_DYJets10to50.root
2026-03-02 12:00:15,072 - INFO - [2017] MISSING_CENTRAL: ZG3Mu/Central/ZCand/phi in Skim_TriLep_TTG.root
2026-03-02 12:00:15,082 - INFO - [2017] MISSING_CENTRAL: ZG3Mu/Central/ZCand/phi in Skim_TriLep_TTTT.root
2026-04-10 20:10:28,801 - INFO - [2017] MISSING_CENTRAL: ZG3Mu/Central/ZCand/phi in Skim_TriLep_DYJets10to50.root
2026-04-10 20:10:28,802 - INFO - [2017] MISSING_CENTRAL: ZG3Mu/Central/ZCand/phi in Skim_TriLep_TTG.root
2026-04-10 20:10:28,833 - INFO - [2017] MISSING_SYSTEMATIC: ZG3Mu/JetEn_Up/ZCand/phi in Skim_TriLep_WWZ.root
2026-04-10 20:10:28,842 - INFO - [2017] MISSING_CENTRAL: ZG3Mu/Central/ZCand/phi in Skim_TriLep_TTTT.root
2026-04-10 20:10:33,252 - INFO - [2017] MISSING_CENTRAL: ZG3Mu/Central/ZCand/phi in Skim_TriLep_DYJets10to50.root
2026-04-10 20:10:33,253 - INFO - [2017] MISSING_CENTRAL: ZG3Mu/Central/ZCand/phi in Skim_TriLep_TTG.root
2026-04-10 20:10:33,262 - INFO - [2017] MISSING_CENTRAL: ZG3Mu/Central/ZCand/phi in Skim_TriLep_TTTT.root
2026-04-10 20:12:28,562 - INFO - [2017] MISSING_CENTRAL: ZG3Mu/Central/ZCand/phi in Skim_TriLep_DYJets10to50.root
2026-04-10 20:12:28,562 - INFO - [2017] MISSING_CENTRAL: ZG3Mu/Central/ZCand/phi in Skim_TriLep_TTG.root
2026-04-10 20:12:28,593 - INFO - [2017] MISSING_SYSTEMATIC: ZG3Mu/JetEn_Up/ZCand/phi in Skim_TriLep_WWZ.root
2026-04-10 20:12:28,602 - INFO - [2017] MISSING_CENTRAL: ZG3Mu/Central/ZCand/phi in Skim_TriLep_TTTT.root
2026-04-10 20:12:32,977 - INFO - [2017] MISSING_CENTRAL: ZG3Mu/Central/ZCand/phi in Skim_TriLep_DYJets10to50.root
2026-04-10 20:12:32,978 - INFO - [2017] MISSING_CENTRAL: ZG3Mu/Central/ZCand/phi in Skim_TriLep_TTG.root
2026-04-10 20:12:32,987 - INFO - [2017] MISSING_CENTRAL: ZG3Mu/Central/ZCand/phi in Skim_TriLep_TTTT.root
2026-04-12 11:27:07,696 - INFO - [2017] MISSING_CENTRAL: ZG3Mu/Central/ZCand/phi in Skim_TriLep_DYJets10to50.root
2026-04-12 11:27:07,697 - INFO - [2017] MISSING_CENTRAL: ZG3Mu/Central/ZCand/phi in Skim_TriLep_TTG.root
2026-04-12 11:27:07,736 - INFO - [2017] MISSING_SYSTEMATIC: ZG3Mu/JetEn_Up/ZCand/phi in Skim_TriLep_WWZ.root
2026-04-12 11:27:07,745 - INFO - [2017] MISSING_CENTRAL: ZG3Mu/Central/ZCand/phi in Skim_TriLep_TTTT.root
2026-04-12 11:27:12,227 - INFO - [2017] MISSING_CENTRAL: ZG3Mu/Central/ZCand/phi in Skim_TriLep_DYJets10to50.root
2026-04-12 11:27:12,227 - INFO - [2017] MISSING_CENTRAL: ZG3Mu/Central/ZCand/phi in Skim_TriLep_TTG.root
2026-04-12 11:27:12,237 - INFO - [2017] MISSING_CENTRAL: ZG3Mu/Central/ZCand/phi in Skim_TriLep_TTTT.root
2026-04-12 11:56:11,119 - INFO - [2017] MISSING_CENTRAL: ZG3Mu/Central/ZCand/phi in Skim_TriLep_DYJets10to50.root
2026-04-12 11:56:11,120 - INFO - [2017] MISSING_CENTRAL: ZG3Mu/Central/ZCand/phi in Skim_TriLep_TTG.root
2026-04-12 11:56:11,151 - INFO - [2017] MISSING_SYSTEMATIC: ZG3Mu/JetEn_Up/ZCand/phi in Skim_TriLep_WWZ.root
2026-04-12 11:56:11,159 - INFO - [2017] MISSING_CENTRAL: ZG3Mu/Central/ZCand/phi in Skim_TriLep_TTTT.root
2026-04-12 11:56:15,581 - INFO - [2017] MISSING_CENTRAL: ZG3Mu/Central/ZCand/phi in Skim_TriLep_DYJets10to50.root
2026-04-12 11:56:15,581 - INFO - [2017] MISSING_CENTRAL: ZG3Mu/Central/ZCand/phi in Skim_TriLep_TTG.root
2026-04-12 11:56:15,592 - INFO - [2017] MISSING_CENTRAL: ZG3Mu/Central/ZCand/phi in Skim_TriLep_TTTT.root
2026-04-12 12:09:44,100 - INFO - [2017] MISSING_CENTRAL: ZG3Mu/Central/ZCand/phi in Skim_TriLep_DYJets10to50.root
2026-04-12 12:09:44,101 - INFO - [2017] MISSING_CENTRAL: ZG3Mu/Central/ZCand/phi in Skim_TriLep_TTG.root
2026-04-12 12:09:44,131 - INFO - [2017] MISSING_SYSTEMATIC: ZG3Mu/JetEn_Up/ZCand/phi in Skim_TriLep_WWZ.root
2026-04-12 12:09:44,140 - INFO - [2017] MISSING_CENTRAL: ZG3Mu/Central/ZCand/phi in Skim_TriLep_TTTT.root
2026-04-12 12:09:48,609 - INFO - [2017] MISSING_CENTRAL: ZG3Mu/Central/ZCand/phi in Skim_TriLep_DYJets10to50.root
2026-04-12 12:09:48,609 - INFO - [2017] MISSING_CENTRAL: ZG3Mu/Central/ZCand/phi in Skim_TriLep_TTG.root
2026-04-12 12:09:48,619 - INFO - [2017] MISSING_CENTRAL: ZG3Mu/Central/ZCand/phi in Skim_TriLep_TTTT.root
2026-04-12 12:29:23,672 - INFO - [2017] MISSING_CENTRAL: ZG3Mu/Central/ZCand/phi in Skim_TriLep_DYJets10to50.root
2026-04-12 12:29:23,672 - INFO - [2017] MISSING_CENTRAL: ZG3Mu/Central/ZCand/phi in Skim_TriLep_TTG.root
2026-04-12 12:29:23,704 - INFO - [2017] MISSING_SYSTEMATIC: ZG3Mu/JetEn_Up/ZCand/phi in Skim_TriLep_WWZ.root
2026-04-12 12:29:23,712 - INFO - [2017] MISSING_CENTRAL: ZG3Mu/Central/ZCand/phi in Skim_TriLep_TTTT.root
2026-04-12 12:29:28,188 - INFO - [2017] MISSING_CENTRAL: ZG3Mu/Central/ZCand/phi in Skim_TriLep_DYJets10to50.root
2026-04-12 12:29:28,188 - INFO - [2017] MISSING_CENTRAL: ZG3Mu/Central/ZCand/phi in Skim_TriLep_TTG.root
2026-04-12 12:29:28,198 - INFO - [2017] MISSING_CENTRAL: ZG3Mu/Central/ZCand/phi in Skim_TriLep_TTTT.root
2026-04-12 20:37:13,780 - INFO - [2017] MISSING_CENTRAL: ZG3Mu/Central/ZCand/phi in Skim_TriLep_DYJets10to50.root
2026-04-12 20:37:13,780 - INFO - [2017] MISSING_CENTRAL: ZG3Mu/Central/ZCand/phi in Skim_TriLep_TTG.root
2026-04-12 20:37:13,811 - INFO - [2017] MISSING_SYSTEMATIC: ZG3Mu/JetEn_Up/ZCand/phi in Skim_TriLep_WWZ.root
2026-04-12 20:37:13,820 - INFO - [2017] MISSING_CENTRAL: ZG3Mu/Central/ZCand/phi in Skim_TriLep_TTTT.root
2026-04-12 20:37:18,261 - INFO - [2017] MISSING_CENTRAL: ZG3Mu/Central/ZCand/phi in Skim_TriLep_DYJets10to50.root
2026-04-12 20:37:18,261 - INFO - [2017] MISSING_CENTRAL: ZG3Mu/Central/ZCand/phi in Skim_TriLep_TTG.root
2026-04-12 20:37:18,272 - INFO - [2017] MISSING_CENTRAL: ZG3Mu/Central/ZCand/phi in Skim_TriLep_TTTT.root
2026-04-12 21:08:59,362 - INFO - [2017] MISSING_CENTRAL: ZG3Mu/Central/ZCand/phi in Skim_TriLep_DYJets10to50.root
2026-04-12 21:08:59,362 - INFO - [2017] MISSING_CENTRAL: ZG3Mu/Central/ZCand/phi in Skim_TriLep_TTG.root
2026-04-12 21:08:59,394 - INFO - [2017] MISSING_SYSTEMATIC: ZG3Mu/JetEn_Up/ZCand/phi in Skim_TriLep_WWZ.root
2026-04-12 21:08:59,404 - INFO - [2017] MISSING_CENTRAL: ZG3Mu/Central/ZCand/phi in Skim_TriLep_TTTT.root
2026-04-12 21:09:03,855 - INFO - [2017] MISSING_CENTRAL: ZG3Mu/Central/ZCand/phi in Skim_TriLep_DYJets10to50.root
2026-04-12 21:09:03,855 - INFO - [2017] MISSING_CENTRAL: ZG3Mu/Central/ZCand/phi in Skim_TriLep_TTG.root
2026-04-12 21:09:03,864 - INFO - [2017] MISSING_CENTRAL: ZG3Mu/Central/ZCand/phi in Skim_TriLep_TTTT.root
2026-04-13 12:46:22,416 - INFO - [2017] MISSING_CENTRAL: ZG3Mu/Central/ZCand/phi in Skim_TriLep_DYJets10to50.root
2026-04-13 12:46:22,416 - INFO - [2017] MISSING_CENTRAL: ZG3Mu/Central/ZCand/phi in Skim_TriLep_TTG.root
2026-04-13 12:46:22,452 - INFO - [2017] MISSING_SYSTEMATIC: ZG3Mu/JetEn_Up/ZCand/phi in Skim_TriLep_WWZ.root
2026-04-13 12:46:22,462 - INFO - [2017] MISSING_CENTRAL: ZG3Mu/Central/ZCand/phi in Skim_TriLep_TTTT.root
2026-04-13 12:46:26,987 - INFO - [2017] MISSING_CENTRAL: ZG3Mu/Central/ZCand/phi in Skim_TriLep_DYJets10to50.root
2026-04-13 12:46:26,988 - INFO - [2017] MISSING_CENTRAL: ZG3Mu/Central/ZCand/phi in Skim_TriLep_TTG.root
2026-04-13 12:46:26,998 - INFO - [2017] MISSING_CENTRAL: ZG3Mu/Central/ZCand/phi in Skim_TriLep_TTTT.root
2026-06-12 14:03:21,950 - INFO - [2017] MISSING_CENTRAL: ZG3Mu/Central/ZCand/phi in Skim_TriLep_DYJets10to50.root
2026-06-12 14:03:21,951 - INFO - [2017] MISSING_CENTRAL: ZG3Mu/Central/ZCand/phi in Skim_TriLep_TTG.root
2026-06-12 14:03:21,985 - INFO - [2017] MISSING_SYSTEMATIC: ZG3Mu/JetEn_Up/ZCand/phi in Skim_TriLep_WWZ.root
2026-06-12 14:03:21,994 - INFO - [2017] MISSING_CENTRAL: ZG3Mu/Central/ZCand/phi in Skim_TriLep_TTTT.root
2026-06-12 14:03:26,439 - INFO - [2017] MISSING_CENTRAL: ZG3Mu/Central/ZCand/phi in Skim_TriLep_DYJets10to50.root
2026-06-12 14:03:26,440 - INFO - [2017] MISSING_CENTRAL: ZG3Mu/Central/ZCand/phi in Skim_TriLep_TTG.root
2026-06-12 14:03:26,450 - INFO - [2017] MISSING_CENTRAL: ZG3Mu/Central/ZCand/phi in Skim_TriLep_TTTT.root
2026-06-12 14:24:45,257 - INFO - [2017] MISSING_CENTRAL: ZG3Mu/Central/ZCand/phi in Skim_TriLep_DYJets10to50.root
2026-06-12 14:24:45,257 - INFO - [2017] MISSING_CENTRAL: ZG3Mu/Central/ZCand/phi in Skim_TriLep_TTG.root
2026-06-12 14:24:45,294 - INFO - [2017] MISSING_SYSTEMATIC: ZG3Mu/JetEn_Up/ZCand/phi in Skim_TriLep_WWZ.root
2026-06-12 14:24:45,303 - INFO - [2017] MISSING_CENTRAL: ZG3Mu/Central/ZCand/phi in Skim_TriLep_TTTT.root
2026-06-12 14:24:49,747 - INFO - [2017] MISSING_CENTRAL: ZG3Mu/Central/ZCand/phi in Skim_TriLep_DYJets10to50.root
2026-06-12 14:24:49,747 - INFO - [2017] MISSING_CENTRAL: ZG3Mu/Central/ZCand/phi in Skim_TriLep_TTG.root
2026-06-12 14:24:49,757 - INFO - [2017] MISSING_CENTRAL: ZG3Mu/Central/ZCand/phi in Skim_TriLep_TTTT.root
2026-06-18 00:18:58,161 - INFO - [2017] MISSING_CENTRAL: ZG3Mu/Central/ZCand/phi in Skim_TriLep_DYJets10to50.root
2026-06-18 00:18:58,162 - INFO - [2017] MISSING_CENTRAL: ZG3Mu/Central/ZCand/phi in Skim_TriLep_TTG.root
2026-06-18 00:18:58,199 - INFO - [2017] MISSING_SYSTEMATIC: ZG3Mu/JetEn_Up/ZCand/phi in Skim_TriLep_WWZ.root
2026-06-18 00:18:58,209 - INFO - [2017] MISSING_CENTRAL: ZG3Mu/Central/ZCand/phi in Skim_TriLep_TTTT.root
2026-06-18 00:19:02,700 - INFO - [2017] MISSING_CENTRAL: ZG3Mu/Central/ZCand/phi in Skim_TriLep_DYJets10to50.root
2026-06-18 00:19:02,701 - INFO - [2017] MISSING_CENTRAL: ZG3Mu/Central/ZCand/phi in Skim_TriLep_TTG.root
2026-06-18 00:19:02,711 - INFO - [2017] MISSING_CENTRAL: ZG3Mu/Central/ZCand/phi in Skim_TriLep_TTTT.root
2026-06-29 16:42:11,016 - INFO - [2017] MISSING_CENTRAL: ZG3Mu/Central/ZCand/phi in Skim_TriLep_DYJets10to50.root
2026-06-29 16:42:11,017 - INFO - [2017] MISSING_CENTRAL: ZG3Mu/Central/ZCand/phi in Skim_TriLep_TTG.root
2026-06-29 16:42:11,576 - INFO - [2017] MISSING_SYSTEMATIC: ZG3Mu/JetEn_Up/ZCand/phi in Skim_TriLep_WWZ.root
2026-06-29 16:42:11,709 - INFO - [2017] MISSING_CENTRAL: ZG3Mu/Central/ZCand/phi in Skim_TriLep_TTTT.root
2026-06-29 16:42:15,773 - INFO - [2017] MISSING_CENTRAL: ZG3Mu/Central/ZCand/phi in Skim_TriLep_DYJets10to50.root
2026-06-29 16:42:15,773 - INFO - [2017] MISSING_CENTRAL: ZG3Mu/Central/ZCand/phi in Skim_TriLep_TTG.root
2026-06-29 16:42:15,794 - INFO - [2017] MISSING_CENTRAL: ZG3Mu/Central/ZCand/phi in Skim_TriLep_TTTT.root
2026-07-01 05:31:06,852 - INFO - [2017] MISSING_CENTRAL: ZG3Mu/Central/ZCand/phi in Skim_TriLep_DYJets10to50.root
2026-07-01 05:31:06,853 - INFO - [2017] MISSING_CENTRAL: ZG3Mu/Central/ZCand/phi in Skim_TriLep_TTG.root
2026-07-01 05:31:06,991 - INFO - [2017] MISSING_SYSTEMATIC: ZG3Mu/JetEn_Up/ZCand/phi in Skim_TriLep_WWZ.root
2026-07-01 05:31:07,018 - INFO - [2017] MISSING_CENTRAL: ZG3Mu/Central/ZCand/phi in Skim_TriLep_TTTT.root
2026-07-01 05:31:10,055 - INFO - [2017] MISSING_CENTRAL: ZG3Mu/Central/ZCand/phi in Skim_TriLep_DYJets10to50.root
2026-07-01 05:31:10,056 - INFO - [2017] MISSING_CENTRAL: ZG3Mu/Central/ZCand/phi in Skim_TriLep_TTG.root
2026-07-01 05:31:10,077 - INFO - [2017] MISSING_CENTRAL: ZG3Mu/Central/ZCand/phi in Skim_TriLep_TTTT.root
2026-07-01 05:57:52,906 - INFO - [2017] MISSING_FILE: /data9/Users/choij/Sync/workspace/ChargedHiggsAnalysisV3/SKNanoOutput/PromptAnalyzer/Run3Mu_RunCR_NoTreeMode/2017/Skim_TriLep_DoubleMuon_B.root
2026-07-01 05:57:52,906 - INFO - [2017] MISSING_FILE: /data9/Users/choij/Sync/workspace/ChargedHiggsAnalysisV3/SKNanoOutput/PromptAnalyzer/Run3Mu_RunCR_NoTreeMode/2017/Skim_TriLep_DoubleMuon_C.root
2026-07-01 05:57:52,906 - INFO - [2017] MISSING_FILE: /data9/Users/choij/Sync/workspace/ChargedHiggsAnalysisV3/SKNanoOutput/PromptAnalyzer/Run3Mu_RunCR_NoTreeMode/2017/Skim_TriLep_DoubleMuon_D.root
2026-07-01 05:57:52,906 - INFO - [2017] MISSING_FILE: /data9/Users/choij/Sync/workspace/ChargedHiggsAnalysisV3/SKNanoOutput/PromptAnalyzer/Run3Mu_RunCR_NoTreeMode/2017/Skim_TriLep_DoubleMuon_E.root
2026-07-01 05:57:52,907 - INFO - [2017] MISSING_FILE: /data9/Users/choij/Sync/workspace/ChargedHiggsAnalysisV3/SKNanoOutput/PromptAnalyzer/Run3Mu_RunCR_NoTreeMode/2017/Skim_TriLep_DoubleMuon_F.root
2026-07-01 05:57:54,979 - INFO - [2017] MISSING_FILE: /data9/Users/choij/Sync/workspace/ChargedHiggsAnalysisV3/SKNanoOutput/PromptAnalyzer/Run3Mu_RunCR_NoTreeMode/2017/Skim_TriLep_DoubleMuon_B.root
2026-07-01 05:57:54,979 - INFO - [2017] MISSING_FILE: /data9/Users/choij/Sync/workspace/ChargedHiggsAnalysisV3/SKNanoOutput/PromptAnalyzer/Run3Mu_RunCR_NoTreeMode/2017/Skim_TriLep_DoubleMuon_C.root
2026-07-01 05:57:54,979 - INFO - [2017] MISSING_FILE: /data9/Users/choij/Sync/workspace/ChargedHiggsAnalysisV3/SKNanoOutput/PromptAnalyzer/Run3Mu_RunCR_NoTreeMode/2017/Skim_TriLep_DoubleMuon_D.root
2026-07-01 05:57:54,979 - INFO - [2017] MISSING_FILE: /data9/Users/choij/Sync/workspace/ChargedHiggsAnalysisV3/SKNanoOutput/PromptAnalyzer/Run3Mu_RunCR_NoTreeMode/2017/Skim_TriLep_DoubleMuon_E.root
2026-07-01 05:57:54,979 - INFO - [2017] MISSING_FILE: /data9/Users/choij/Sync/workspace/ChargedHiggsAnalysisV3/SKNanoOutput/PromptAnalyzer/Run3Mu_RunCR_NoTreeMode/2017/Skim_TriLep_DoubleMuon_F.root
2026-07-01 15:24:13,344 - INFO - [2017] MISSING_CENTRAL: ZG3Mu/Central/ZCand/phi in Skim_TriLep_DYJets10to50.root
2026-07-01 15:24:13,346 - INFO - [2017] MISSING_CENTRAL: ZG3Mu/Central/ZCand/phi in Skim_TriLep_TTG.root
2026-07-01 15:24:13,483 - INFO - [2017] MISSING_SYSTEMATIC: ZG3Mu/JetEn_Up/ZCand/phi in Skim_TriLep_WWZ.root
2026-07-01 15:24:13,510 - INFO - [2017] MISSING_CENTRAL: ZG3Mu/Central/ZCand/phi in Skim_TriLep_TTTT.root
2026-07-01 15:24:16,386 - INFO - [2017] MISSING_CENTRAL: ZG3Mu/Central/ZCand/phi in Skim_TriLep_DYJets10to50.root
2026-07-01 15:24:16,387 - INFO - [2017] MISSING_CENTRAL: ZG3Mu/Central/ZCand/phi in Skim_TriLep_TTG.root
2026-07-01 15:24:16,414 - INFO - [2017] MISSING_CENTRAL: ZG3Mu/Central/ZCand/phi in Skim_TriLep_TTTT.root
2026-07-01 17:33:24,769 - INFO - [2017] MISSING_CENTRAL: ZG3Mu/Central/ZCand/phi in Skim_TriLep_DYJets10to50.root
2026-07-01 17:33:24,770 - INFO - [2017] MISSING_CENTRAL: ZG3Mu/Central/ZCand/phi in Skim_TriLep_TTG.root
2026-07-01 17:33:24,855 - INFO - [2017] MISSING_SYSTEMATIC: ZG3Mu/JetEn_Up/ZCand/phi in Skim_TriLep_WWZ.root
2026-07-01 17:33:24,887 - INFO - [2017] MISSING_CENTRAL: ZG3Mu/Central/ZCand/phi in Skim_TriLep_TTTT.root
2026-07-01 17:33:28,990 - INFO - [2017] MISSING_CENTRAL: ZG3Mu/Central/ZCand/phi in Skim_TriLep_DYJets10to50.root
2026-07-01 17:33:28,991 - INFO - [2017] MISSING_CENTRAL: ZG3Mu/Central/ZCand/phi in Skim_TriLep_TTG.root
2026-07-01 17:33:29,024 - INFO - [2017] MISSING_CENTRAL: ZG3Mu/Central/ZCand/phi in Skim_TriLep_TTTT.root
