2025-09-24 15:52:35,164 - INFO - [2016preVFP] MISSING_CENTRAL: SR1E2Mu/Central/jets/4/mass in Skim_TriLep_MuonEG_E.root
2025-09-24 15:52:35,203 - INFO - [2016preVFP] MISSING_CENTRAL: SR1E2Mu/Central/jets/4/mass in Skim_TriLep_DYJets.root
2025-09-24 15:52:35,203 - INFO - [2016preVFP] MISSING_CENTRAL: SR1E2Mu/Central/jets/4/mass in Skim_TriLep_DYJets10to50.root
2025-09-24 15:52:35,250 - INFO - [2016preVFP] MISSING_CENTRAL: SR1E2Mu/Central/jets/4/mass in Skim_TriLep_WWG.root
2025-09-24 15:52:35,490 - INFO - [2016postVFP] MISSING_CENTRAL: SR1E2Mu/Central/jets/4/mass in Skim_TriLep_DYJets.root
2025-09-24 15:52:35,490 - INFO - [2016postVFP] MISSING_CENTRAL: SR1E2Mu/Central/jets/4/mass in Skim_TriLep_DYJets10to50.root
2025-09-24 15:52:35,510 - INFO - [2016postVFP] MISSING_CENTRAL: SR1E2Mu/Central/jets/4/mass in Skim_TriLep_WWG.root
2025-09-24 15:52:35,673 - INFO - [2017] MISSING_CENTRAL: SR1E2Mu/Central/jets/4/mass in Skim_TriLep_DYJets.root
2025-09-24 15:52:35,674 - INFO - [2017] MISSING_CENTRAL: SR1E2Mu/Central/jets/4/mass in Skim_TriLep_DYJets10to50.root
2025-09-24 15:52:35,948 - INFO - [2018] MISSING_CENTRAL: SR1E2Mu/Central/jets/4/mass in Skim_TriLep_DYJets.root
2025-09-24 15:52:35,948 - INFO - [2018] MISSING_CENTRAL: SR1E2Mu/Central/jets/4/mass in Skim_TriLep_DYJets10to50.root
2025-09-24 15:52:35,956 - INFO - [2018] MISSING_FILE: /Users/choij/Sync/workspace/ChargedHiggsAnalysisV3/SKNanoOutput/PromptSelector/Run1E2Mu_RunSyst/2018/Skim_TriLep_TTG.root
2025-09-24 15:52:36,000 - INFO - [2018] MISSING_FILE: /Users/choij/Sync/workspace/ChargedHiggsAnalysisV3/SKNanoOutput/PromptSelector/Run1E2Mu_RunSyst/2018/Skim_TriLep_TTHToNonbb.root
2025-09-24 15:52:36,019 - INFO - [2018] MISSING_FILE: /Users/choij/Sync/workspace/ChargedHiggsAnalysisV3/SKNanoOutput/PromptSelector/Run1E2Mu_RunSyst/2018/Skim_TriLep_tHq.root
2025-09-24 15:52:36,049 - INFO - [2018] MISSING_FILE: /Users/choij/Sync/workspace/ChargedHiggsAnalysisV3/SKNanoOutput/PromptSelector/Run1E2Mu_RunSyst/2018/Skim_TriLep_VBFHToZZTo4L.root
2025-10-02 21:15:27,439 - INFO - [2016preVFP] MISSING_CENTRAL: SR1E2Mu/Central/jets/4/mass in Skim_TriLep_MuonEG_E.root
2025-10-02 21:15:27,669 - INFO - [2016preVFP] MISSING_CENTRAL: SR1E2Mu/Central/jets/4/mass in Skim_TriLep_DYJets.root
2025-10-02 21:15:27,670 - INFO - [2016preVFP] MISSING_CENTRAL: SR1E2Mu/Central/jets/4/mass in Skim_TriLep_DYJets10to50.root
2025-10-02 21:15:27,711 - INFO - [2016preVFP] MISSING_CENTRAL: SR1E2Mu/Central/jets/4/mass in Skim_TriLep_WWG.root
2025-10-02 21:15:28,122 - INFO - [2016postVFP] MISSING_CENTRAL: SR1E2Mu/Central/jets/4/mass in Skim_TriLep_DYJets.root
2025-10-02 21:15:28,131 - INFO - [2016postVFP] MISSING_CENTRAL: SR1E2Mu/Central/jets/4/mass in Skim_TriLep_DYJets10to50.root
2025-10-02 21:15:28,161 - INFO - [2016postVFP] MISSING_CENTRAL: SR1E2Mu/Central/jets/4/mass in Skim_TriLep_WWG.root
2025-10-02 21:15:28,571 - INFO - [2017] MISSING_CENTRAL: SR1E2Mu/Central/jets/4/mass in Skim_TriLep_DYJets.root
2025-10-02 21:15:28,572 - INFO - [2017] MISSING_CENTRAL: SR1E2Mu/Central/jets/4/mass in Skim_TriLep_DYJets10to50.root
2025-10-02 21:15:28,967 - INFO - [2018] MISSING_CENTRAL: SR1E2Mu/Central/jets/4/mass in Skim_TriLep_DYJets.root
2025-10-02 21:15:28,969 - INFO - [2018] MISSING_CENTRAL: SR1E2Mu/Central/jets/4/mass in Skim_TriLep_DYJets10to50.root
2025-10-02 21:15:28,987 - INFO - [2018] MISSING_FILE: /data9/Users/choij/Sync/workspace/ChargedHiggsAnalysisV3/SKNanoOutput/PromptSelector/Run1E2Mu_RunSyst/2018/Skim_TriLep_TTG.root
2025-10-02 21:15:29,038 - INFO - [2018] MISSING_FILE: /data9/Users/choij/Sync/workspace/ChargedHiggsAnalysisV3/SKNanoOutput/PromptSelector/Run1E2Mu_RunSyst/2018/Skim_TriLep_TTHToNonbb.root
2025-10-02 21:15:29,175 - INFO - [2018] MISSING_FILE: /data9/Users/choij/Sync/workspace/ChargedHiggsAnalysisV3/SKNanoOutput/PromptSelector/Run1E2Mu_RunSyst/2018/Skim_TriLep_tHq.root
2025-10-02 21:15:29,250 - INFO - [2018] MISSING_FILE: /data9/Users/choij/Sync/workspace/ChargedHiggsAnalysisV3/SKNanoOutput/PromptSelector/Run1E2Mu_RunSyst/2018/Skim_TriLep_VBFHToZZTo4L.root
2025-10-03 00:04:48,381 - INFO - [2016preVFP] MISSING_CENTRAL: SR1E2Mu/Central/jets/4/mass in Skim_TriLep_MuonEG_E.root
2025-10-03 00:04:48,533 - INFO - [2016preVFP] MISSING_CENTRAL: SR1E2Mu/Central/jets/4/mass in Skim_TriLep_DYJets.root
2025-10-03 00:04:48,534 - INFO - [2016preVFP] MISSING_CENTRAL: SR1E2Mu/Central/jets/4/mass in Skim_TriLep_DYJets10to50.root
2025-10-03 00:04:48,554 - INFO - [2016preVFP] MISSING_CENTRAL: SR1E2Mu/Central/jets/4/mass in Skim_TriLep_WWG.root
2025-10-03 00:04:48,734 - INFO - [2016postVFP] MISSING_CENTRAL: SR1E2Mu/Central/jets/4/mass in Skim_TriLep_DYJets.root
2025-10-03 00:04:48,734 - INFO - [2016postVFP] MISSING_CENTRAL: SR1E2Mu/Central/jets/4/mass in Skim_TriLep_DYJets10to50.root
2025-10-03 00:04:48,753 - INFO - [2016postVFP] MISSING_CENTRAL: SR1E2Mu/Central/jets/4/mass in Skim_TriLep_WWG.root
2025-10-03 00:04:48,872 - INFO - [2017] MISSING_CENTRAL: SR1E2Mu/Central/jets/4/mass in Skim_TriLep_DYJets.root
2025-10-03 00:04:48,873 - INFO - [2017] MISSING_CENTRAL: SR1E2Mu/Central/jets/4/mass in Skim_TriLep_DYJets10to50.root
2025-10-03 00:04:48,991 - INFO - [2018] MISSING_CENTRAL: SR1E2Mu/Central/jets/4/mass in Skim_TriLep_DYJets.root
2025-10-03 00:04:48,991 - INFO - [2018] MISSING_CENTRAL: SR1E2Mu/Central/jets/4/mass in Skim_TriLep_DYJets10to50.root
2025-10-03 00:04:49,000 - INFO - [2018] MISSING_FILE: /Users/choij/Sync/workspace/ChargedHiggsAnalysisV3/SKNanoOutput/PromptSelector/Run1E2Mu_RunSyst/2018/Skim_TriLep_TTG.root
2025-10-03 00:04:49,042 - INFO - [2018] MISSING_FILE: /Users/choij/Sync/workspace/ChargedHiggsAnalysisV3/SKNanoOutput/PromptSelector/Run1E2Mu_RunSyst/2018/Skim_TriLep_TTHToNonbb.root
2025-10-03 00:04:49,083 - INFO - [2018] MISSING_FILE: /Users/choij/Sync/workspace/ChargedHiggsAnalysisV3/SKNanoOutput/PromptSelector/Run1E2Mu_RunSyst/2018/Skim_TriLep_tHq.root
2025-10-03 00:04:49,114 - INFO - [2018] MISSING_FILE: /Users/choij/Sync/workspace/ChargedHiggsAnalysisV3/SKNanoOutput/PromptSelector/Run1E2Mu_RunSyst/2018/Skim_TriLep_VBFHToZZTo4L.root
2025-11-05 20:29:13,073 - INFO - [2016preVFP] MISSING_CENTRAL: SR1E2Mu/Central/jets/4/mass in Skim_TriLep_MuonEG_E.root
2025-11-05 20:29:13,147 - INFO - [2016preVFP] MISSING_CENTRAL: SR1E2Mu/Central/jets/4/mass in Skim_TriLep_DYJets.root
2025-11-05 20:29:13,151 - INFO - [2016preVFP] MISSING_CENTRAL: SR1E2Mu/Central/jets/4/mass in Skim_TriLep_DYJets10to50.root
2025-11-05 20:29:13,187 - INFO - [2016preVFP] MISSING_CENTRAL: SR1E2Mu/Central/jets/4/mass in Skim_TriLep_WWG.root
2025-11-05 20:29:13,350 - INFO - [2016postVFP] MISSING_CENTRAL: SR1E2Mu/Central/jets/4/mass in Skim_TriLep_DYJets.root
2025-11-05 20:29:13,351 - INFO - [2016postVFP] MISSING_CENTRAL: SR1E2Mu/Central/jets/4/mass in Skim_TriLep_DYJets10to50.root
2025-11-05 20:29:13,387 - INFO - [2016postVFP] MISSING_CENTRAL: SR1E2Mu/Central/jets/4/mass in Skim_TriLep_WWG.root
2025-11-05 20:29:13,570 - INFO - [2017] MISSING_CENTRAL: SR1E2Mu/Central/jets/4/mass in Skim_TriLep_DYJets.root
2025-11-05 20:29:13,570 - INFO - [2017] MISSING_CENTRAL: SR1E2Mu/Central/jets/4/mass in Skim_TriLep_DYJets10to50.root
2025-11-05 20:29:13,778 - INFO - [2018] MISSING_CENTRAL: SR1E2Mu/Central/jets/4/mass in Skim_TriLep_DYJets.root
2025-11-05 20:29:13,779 - INFO - [2018] MISSING_CENTRAL: SR1E2Mu/Central/jets/4/mass in Skim_TriLep_DYJets10to50.root
2025-11-05 21:39:33,713 - INFO - [2016preVFP] MISSING_CENTRAL: SR1E2Mu/Central/jets/4/mass in Skim_TriLep_MuonEG_E.root
2025-11-05 21:39:33,791 - INFO - [2016preVFP] MISSING_CENTRAL: SR1E2Mu/Central/jets/4/mass in Skim_TriLep_DYJets.root
2025-11-05 21:39:33,792 - INFO - [2016preVFP] MISSING_CENTRAL: SR1E2Mu/Central/jets/4/mass in Skim_TriLep_DYJets10to50.root
2025-11-05 21:39:33,823 - INFO - [2016preVFP] MISSING_CENTRAL: SR1E2Mu/Central/jets/4/mass in Skim_TriLep_WWG.root
2025-11-05 21:39:33,954 - INFO - [2016postVFP] MISSING_CENTRAL: SR1E2Mu/Central/jets/4/mass in Skim_TriLep_DYJets.root
2025-11-05 21:39:33,954 - INFO - [2016postVFP] MISSING_CENTRAL: SR1E2Mu/Central/jets/4/mass in Skim_TriLep_DYJets10to50.root
2025-11-05 21:39:33,973 - INFO - [2016postVFP] MISSING_CENTRAL: SR1E2Mu/Central/jets/4/mass in Skim_TriLep_WWG.root
2025-11-05 21:39:34,151 - INFO - [2017] MISSING_CENTRAL: SR1E2Mu/Central/jets/4/mass in Skim_TriLep_DYJets.root
2025-11-05 21:39:34,156 - INFO - [2017] MISSING_CENTRAL: SR1E2Mu/Central/jets/4/mass in Skim_TriLep_DYJets10to50.root
2025-11-05 21:39:34,344 - INFO - [2018] MISSING_CENTRAL: SR1E2Mu/Central/jets/4/mass in Skim_TriLep_DYJets.root
2025-11-05 21:39:34,345 - INFO - [2018] MISSING_CENTRAL: SR1E2Mu/Central/jets/4/mass in Skim_TriLep_DYJets10to50.root
2025-11-05 22:03:23,605 - INFO - [2016preVFP] MISSING_CENTRAL: SR1E2Mu/Central/jets/4/mass in Skim_TriLep_MuonEG_E.root
2025-11-05 22:03:23,674 - INFO - [2016preVFP] MISSING_CENTRAL: SR1E2Mu/Central/jets/4/mass in Skim_TriLep_DYJets.root
2025-11-05 22:03:23,675 - INFO - [2016preVFP] MISSING_CENTRAL: SR1E2Mu/Central/jets/4/mass in Skim_TriLep_DYJets10to50.root
2025-11-05 22:03:23,697 - INFO - [2016preVFP] MISSING_CENTRAL: SR1E2Mu/Central/jets/4/mass in Skim_TriLep_WWG.root
2025-11-05 22:03:23,877 - INFO - [2016postVFP] MISSING_CENTRAL: SR1E2Mu/Central/jets/4/mass in Skim_TriLep_DYJets.root
2025-11-05 22:03:23,879 - INFO - [2016postVFP] MISSING_CENTRAL: SR1E2Mu/Central/jets/4/mass in Skim_TriLep_DYJets10to50.root
2025-11-05 22:03:23,897 - INFO - [2016postVFP] MISSING_CENTRAL: SR1E2Mu/Central/jets/4/mass in Skim_TriLep_WWG.root
2025-11-05 22:03:24,024 - INFO - [2017] MISSING_CENTRAL: SR1E2Mu/Central/jets/4/mass in Skim_TriLep_DYJets.root
2025-11-05 22:03:24,024 - INFO - [2017] MISSING_CENTRAL: SR1E2Mu/Central/jets/4/mass in Skim_TriLep_DYJets10to50.root
2025-11-05 22:03:24,182 - INFO - [2018] MISSING_CENTRAL: SR1E2Mu/Central/jets/4/mass in Skim_TriLep_DYJets.root
2025-11-05 22:03:24,182 - INFO - [2018] MISSING_CENTRAL: SR1E2Mu/Central/jets/4/mass in Skim_TriLep_DYJets10to50.root
2025-11-05 22:19:08,260 - INFO - [2016preVFP] MISSING_CENTRAL: SR1E2Mu/Central/jets/4/mass in Skim_TriLep_MuonEG_E.root
2025-11-05 22:19:08,311 - INFO - [2016preVFP] MISSING_CENTRAL: SR1E2Mu/Central/jets/4/mass in Skim_TriLep_DYJets.root
2025-11-05 22:19:08,312 - INFO - [2016preVFP] MISSING_CENTRAL: SR1E2Mu/Central/jets/4/mass in Skim_TriLep_DYJets10to50.root
2025-11-05 22:19:08,333 - INFO - [2016preVFP] MISSING_CENTRAL: SR1E2Mu/Central/jets/4/mass in Skim_TriLep_WWG.root
2025-11-05 22:19:08,540 - INFO - [2016postVFP] MISSING_CENTRAL: SR1E2Mu/Central/jets/4/mass in Skim_TriLep_DYJets.root
2025-11-05 22:19:08,544 - INFO - [2016postVFP] MISSING_CENTRAL: SR1E2Mu/Central/jets/4/mass in Skim_TriLep_DYJets10to50.root
2025-11-05 22:19:08,567 - INFO - [2016postVFP] MISSING_CENTRAL: SR1E2Mu/Central/jets/4/mass in Skim_TriLep_WWG.root
2025-11-05 22:19:08,708 - INFO - [2017] MISSING_CENTRAL: SR1E2Mu/Central/jets/4/mass in Skim_TriLep_DYJets.root
2025-11-05 22:19:08,708 - INFO - [2017] MISSING_CENTRAL: SR1E2Mu/Central/jets/4/mass in Skim_TriLep_DYJets10to50.root
2025-11-05 22:19:08,951 - INFO - [2018] MISSING_CENTRAL: SR1E2Mu/Central/jets/4/mass in Skim_TriLep_DYJets.root
2025-11-05 22:19:08,951 - INFO - [2018] MISSING_CENTRAL: SR1E2Mu/Central/jets/4/mass in Skim_TriLep_DYJets10to50.root
2025-11-05 23:23:41,507 - INFO - [2016preVFP] MISSING_CENTRAL: SR1E2Mu/Central/jets/4/mass in Skim_TriLep_MuonEG_E.root
2025-11-05 23:23:41,572 - INFO - [2016preVFP] MISSING_CENTRAL: SR1E2Mu/Central/jets/4/mass in Skim_TriLep_DYJets.root
2025-11-05 23:23:41,573 - INFO - [2016preVFP] MISSING_CENTRAL: SR1E2Mu/Central/jets/4/mass in Skim_TriLep_DYJets10to50.root
2025-11-05 23:23:41,592 - INFO - [2016preVFP] MISSING_CENTRAL: SR1E2Mu/Central/jets/4/mass in Skim_TriLep_WWG.root
2025-11-05 23:23:41,787 - INFO - [2016postVFP] MISSING_CENTRAL: SR1E2Mu/Central/jets/4/mass in Skim_TriLep_DYJets.root
2025-11-05 23:23:41,788 - INFO - [2016postVFP] MISSING_CENTRAL: SR1E2Mu/Central/jets/4/mass in Skim_TriLep_DYJets10to50.root
2025-11-05 23:23:41,806 - INFO - [2016postVFP] MISSING_CENTRAL: SR1E2Mu/Central/jets/4/mass in Skim_TriLep_WWG.root
2025-11-05 23:23:41,960 - INFO - [2017] MISSING_CENTRAL: SR1E2Mu/Central/jets/4/mass in Skim_TriLep_DYJets.root
2025-11-05 23:23:41,961 - INFO - [2017] MISSING_CENTRAL: SR1E2Mu/Central/jets/4/mass in Skim_TriLep_DYJets10to50.root
2025-11-05 23:23:42,185 - INFO - [2018] MISSING_CENTRAL: SR1E2Mu/Central/jets/4/mass in Skim_TriLep_DYJets.root
2025-11-05 23:23:42,185 - INFO - [2018] MISSING_CENTRAL: SR1E2Mu/Central/jets/4/mass in Skim_TriLep_DYJets10to50.root
2025-11-07 12:26:53,312 - INFO - [2016preVFP] MISSING_CENTRAL: SR1E2Mu/Central/jets/4/mass in Skim_TriLep_MuonEG_E.root
2025-11-07 12:26:53,365 - INFO - [2016preVFP] MISSING_CENTRAL: SR1E2Mu/Central/jets/4/mass in Skim_TriLep_DYJets.root
2025-11-07 12:26:53,365 - INFO - [2016preVFP] MISSING_CENTRAL: SR1E2Mu/Central/jets/4/mass in Skim_TriLep_DYJets10to50.root
2025-11-07 12:26:53,386 - INFO - [2016preVFP] MISSING_CENTRAL: SR1E2Mu/Central/jets/4/mass in Skim_TriLep_WWG.root
2025-11-07 12:26:53,502 - INFO - [2016postVFP] MISSING_CENTRAL: SR1E2Mu/Central/jets/4/mass in Skim_TriLep_DYJets.root
2025-11-07 12:26:53,503 - INFO - [2016postVFP] MISSING_CENTRAL: SR1E2Mu/Central/jets/4/mass in Skim_TriLep_DYJets10to50.root
2025-11-07 12:26:53,518 - INFO - [2016postVFP] MISSING_CENTRAL: SR1E2Mu/Central/jets/4/mass in Skim_TriLep_WWG.root
2025-11-07 12:26:53,638 - INFO - [2017] MISSING_CENTRAL: SR1E2Mu/Central/jets/4/mass in Skim_TriLep_DYJets.root
2025-11-07 12:26:53,639 - INFO - [2017] MISSING_CENTRAL: SR1E2Mu/Central/jets/4/mass in Skim_TriLep_DYJets10to50.root
2025-11-07 12:26:53,831 - INFO - [2018] MISSING_CENTRAL: SR1E2Mu/Central/jets/4/mass in Skim_TriLep_DYJets.root
2025-11-07 12:26:53,831 - INFO - [2018] MISSING_CENTRAL: SR1E2Mu/Central/jets/4/mass in Skim_TriLep_DYJets10to50.root
2025-11-07 13:07:27,272 - INFO - [2016preVFP] MISSING_CENTRAL: SR1E2Mu/Central/jets/4/mass in Skim_TriLep_MuonEG_E.root
2025-11-07 13:07:27,366 - INFO - [2016preVFP] MISSING_CENTRAL: SR1E2Mu/Central/jets/4/mass in Skim_TriLep_DYJets.root
2025-11-07 13:07:27,366 - INFO - [2016preVFP] MISSING_CENTRAL: SR1E2Mu/Central/jets/4/mass in Skim_TriLep_DYJets10to50.root
2025-11-07 13:07:27,387 - INFO - [2016preVFP] MISSING_CENTRAL: SR1E2Mu/Central/jets/4/mass in Skim_TriLep_WWG.root
2025-11-07 13:07:27,545 - INFO - [2016postVFP] MISSING_CENTRAL: SR1E2Mu/Central/jets/4/mass in Skim_TriLep_DYJets.root
2025-11-07 13:07:27,546 - INFO - [2016postVFP] MISSING_CENTRAL: SR1E2Mu/Central/jets/4/mass in Skim_TriLep_DYJets10to50.root
2025-11-07 13:07:27,565 - INFO - [2016postVFP] MISSING_CENTRAL: SR1E2Mu/Central/jets/4/mass in Skim_TriLep_WWG.root
2025-11-07 13:07:27,718 - INFO - [2017] MISSING_CENTRAL: SR1E2Mu/Central/jets/4/mass in Skim_TriLep_DYJets.root
2025-11-07 13:07:27,720 - INFO - [2017] MISSING_CENTRAL: SR1E2Mu/Central/jets/4/mass in Skim_TriLep_DYJets10to50.root
2025-11-07 13:07:27,881 - INFO - [2018] MISSING_CENTRAL: SR1E2Mu/Central/jets/4/mass in Skim_TriLep_DYJets.root
2025-11-07 13:07:27,882 - INFO - [2018] MISSING_CENTRAL: SR1E2Mu/Central/jets/4/mass in Skim_TriLep_DYJets10to50.root
2025-11-07 14:05:45,104 - INFO - [2016preVFP] MISSING_CENTRAL: SR1E2Mu/Central/jets/4/mass in Skim_TriLep_MuonEG_E.root
2025-11-07 14:05:45,183 - INFO - [2016preVFP] MISSING_CENTRAL: SR1E2Mu/Central/jets/4/mass in Skim_TriLep_DYJets.root
2025-11-07 14:05:45,187 - INFO - [2016preVFP] MISSING_CENTRAL: SR1E2Mu/Central/jets/4/mass in Skim_TriLep_DYJets10to50.root
2025-11-07 14:05:45,221 - INFO - [2016preVFP] MISSING_CENTRAL: SR1E2Mu/Central/jets/4/mass in Skim_TriLep_WWG.root
2025-11-07 14:05:45,338 - INFO - [2016postVFP] MISSING_CENTRAL: SR1E2Mu/Central/jets/4/mass in Skim_TriLep_DYJets.root
2025-11-07 14:05:45,339 - INFO - [2016postVFP] MISSING_CENTRAL: SR1E2Mu/Central/jets/4/mass in Skim_TriLep_DYJets10to50.root
2025-11-07 14:05:45,354 - INFO - [2016postVFP] MISSING_CENTRAL: SR1E2Mu/Central/jets/4/mass in Skim_TriLep_WWG.root
2025-11-07 14:05:45,511 - INFO - [2017] MISSING_CENTRAL: SR1E2Mu/Central/jets/4/mass in Skim_TriLep_DYJets.root
2025-11-07 14:05:45,512 - INFO - [2017] MISSING_CENTRAL: SR1E2Mu/Central/jets/4/mass in Skim_TriLep_DYJets10to50.root
2025-11-07 14:05:45,726 - INFO - [2018] MISSING_CENTRAL: SR1E2Mu/Central/jets/4/mass in Skim_TriLep_DYJets.root
2025-11-07 14:05:45,726 - INFO - [2018] MISSING_CENTRAL: SR1E2Mu/Central/jets/4/mass in Skim_TriLep_DYJets10to50.root
2025-11-10 05:58:11,996 - INFO - [2016preVFP] MISSING_CENTRAL: SR1E2Mu/Central/jets/4/mass in Skim_TriLep_MuonEG_E.root
2025-11-10 05:58:12,042 - INFO - [2016preVFP] MISSING_CENTRAL: SR1E2Mu/Central/jets/4/mass in Skim_TriLep_DYJets.root
2025-11-10 05:58:12,042 - INFO - [2016preVFP] MISSING_CENTRAL: SR1E2Mu/Central/jets/4/mass in Skim_TriLep_DYJets10to50.root
2025-11-10 05:58:12,059 - INFO - [2016preVFP] MISSING_CENTRAL: SR1E2Mu/Central/jets/4/mass in Skim_TriLep_WWG.root
2025-11-10 05:58:12,465 - INFO - [2016postVFP] MISSING_CENTRAL: SR1E2Mu/Central/jets/4/mass in Skim_TriLep_DYJets.root
2025-11-10 05:58:12,466 - INFO - [2016postVFP] MISSING_CENTRAL: SR1E2Mu/Central/jets/4/mass in Skim_TriLep_DYJets10to50.root
2025-11-10 05:58:12,553 - INFO - [2016postVFP] MISSING_CENTRAL: SR1E2Mu/Central/jets/4/mass in Skim_TriLep_WWG.root
2025-11-10 05:58:13,202 - INFO - [2017] MISSING_CENTRAL: SR1E2Mu/Central/jets/4/mass in Skim_TriLep_DYJets.root
2025-11-10 05:58:13,206 - INFO - [2017] MISSING_CENTRAL: SR1E2Mu/Central/jets/4/mass in Skim_TriLep_DYJets10to50.root
2025-11-10 05:58:13,898 - INFO - [2018] MISSING_CENTRAL: SR1E2Mu/Central/jets/4/mass in Skim_TriLep_DYJets.root
2025-11-10 05:58:13,900 - INFO - [2018] MISSING_CENTRAL: SR1E2Mu/Central/jets/4/mass in Skim_TriLep_DYJets10to50.root
2025-11-10 12:20:48,888 - INFO - [2016preVFP] MISSING_CENTRAL: SR1E2Mu/Central/jets/4/mass in Skim_TriLep_MuonEG_E.root
2025-11-10 12:20:48,952 - INFO - [2016preVFP] MISSING_CENTRAL: SR1E2Mu/Central/jets/4/mass in Skim_TriLep_DYJets.root
2025-11-10 12:20:48,952 - INFO - [2016preVFP] MISSING_CENTRAL: SR1E2Mu/Central/jets/4/mass in Skim_TriLep_DYJets10to50.root
2025-11-10 12:20:48,971 - INFO - [2016preVFP] MISSING_CENTRAL: SR1E2Mu/Central/jets/4/mass in Skim_TriLep_WWG.root
2025-11-10 12:20:49,088 - INFO - [2016postVFP] MISSING_CENTRAL: SR1E2Mu/Central/jets/4/mass in Skim_TriLep_DYJets.root
2025-11-10 12:20:49,088 - INFO - [2016postVFP] MISSING_CENTRAL: SR1E2Mu/Central/jets/4/mass in Skim_TriLep_DYJets10to50.root
2025-11-10 12:20:49,106 - INFO - [2016postVFP] MISSING_CENTRAL: SR1E2Mu/Central/jets/4/mass in Skim_TriLep_WWG.root
2025-11-10 12:20:49,237 - INFO - [2017] MISSING_CENTRAL: SR1E2Mu/Central/jets/4/mass in Skim_TriLep_DYJets.root
2025-11-10 12:20:49,237 - INFO - [2017] MISSING_CENTRAL: SR1E2Mu/Central/jets/4/mass in Skim_TriLep_DYJets10to50.root
2025-11-10 12:20:49,437 - INFO - [2018] MISSING_CENTRAL: SR1E2Mu/Central/jets/4/mass in Skim_TriLep_DYJets.root
2025-11-10 12:20:49,438 - INFO - [2018] MISSING_CENTRAL: SR1E2Mu/Central/jets/4/mass in Skim_TriLep_DYJets10to50.root
2025-11-13 11:10:18,381 - INFO - [2016preVFP] MISSING_CENTRAL: SR1E2Mu/Central/jets/4/mass in Skim_TriLep_MuonEG_E.root
2025-11-13 11:10:18,518 - INFO - [2016preVFP] MISSING_CENTRAL: SR1E2Mu/Central/jets/4/mass in Skim_TriLep_DYJets.root
2025-11-13 11:10:18,520 - INFO - [2016preVFP] MISSING_CENTRAL: SR1E2Mu/Central/jets/4/mass in Skim_TriLep_DYJets10to50.root
2025-11-13 11:10:18,564 - INFO - [2016preVFP] MISSING_CENTRAL: SR1E2Mu/Central/jets/4/mass in Skim_TriLep_WWG.root
2025-11-13 11:10:18,881 - INFO - [2016postVFP] MISSING_CENTRAL: SR1E2Mu/Central/jets/4/mass in Skim_TriLep_DYJets.root
2025-11-13 11:10:18,887 - INFO - [2016postVFP] MISSING_CENTRAL: SR1E2Mu/Central/jets/4/mass in Skim_TriLep_DYJets10to50.root
2025-11-13 11:10:18,974 - INFO - [2016postVFP] MISSING_CENTRAL: SR1E2Mu/Central/jets/4/mass in Skim_TriLep_WWG.root
2025-11-13 11:10:19,431 - INFO - [2017] MISSING_CENTRAL: SR1E2Mu/Central/jets/4/mass in Skim_TriLep_DYJets.root
2025-11-13 11:10:19,433 - INFO - [2017] MISSING_CENTRAL: SR1E2Mu/Central/jets/4/mass in Skim_TriLep_DYJets10to50.root
2025-11-13 11:10:19,906 - INFO - [2018] MISSING_CENTRAL: SR1E2Mu/Central/jets/4/mass in Skim_TriLep_DYJets.root
2025-11-13 11:10:19,908 - INFO - [2018] MISSING_CENTRAL: SR1E2Mu/Central/jets/4/mass in Skim_TriLep_DYJets10to50.root
2025-11-19 16:23:11,821 - INFO - [2016preVFP] MISSING_CENTRAL: SR1E2Mu/Central/jets/4/mass in Skim_TriLep_MuonEG_E.root
2025-11-19 16:23:11,899 - INFO - [2016preVFP] MISSING_CENTRAL: SR1E2Mu/Central/jets/4/mass in Skim_TriLep_DYJets.root
2025-11-19 16:23:11,900 - INFO - [2016preVFP] MISSING_CENTRAL: SR1E2Mu/Central/jets/4/mass in Skim_TriLep_DYJets10to50.root
2025-11-19 16:23:11,924 - INFO - [2016preVFP] MISSING_CENTRAL: SR1E2Mu/Central/jets/4/mass in Skim_TriLep_WWG.root
2025-11-19 16:23:12,055 - INFO - [2016postVFP] MISSING_CENTRAL: SR1E2Mu/Central/jets/4/mass in Skim_TriLep_DYJets.root
2025-11-19 16:23:12,058 - INFO - [2016postVFP] MISSING_CENTRAL: SR1E2Mu/Central/jets/4/mass in Skim_TriLep_DYJets10to50.root
2025-11-19 16:23:12,092 - INFO - [2016postVFP] MISSING_CENTRAL: SR1E2Mu/Central/jets/4/mass in Skim_TriLep_WWG.root
2025-11-19 16:23:12,249 - INFO - [2017] MISSING_CENTRAL: SR1E2Mu/Central/jets/4/mass in Skim_TriLep_DYJets.root
2025-11-19 16:23:12,253 - INFO - [2017] MISSING_CENTRAL: SR1E2Mu/Central/jets/4/mass in Skim_TriLep_DYJets10to50.root
2025-11-19 16:23:12,419 - INFO - [2018] MISSING_CENTRAL: SR1E2Mu/Central/jets/4/mass in Skim_TriLep_DYJets.root
2025-11-19 16:23:12,431 - INFO - [2018] MISSING_CENTRAL: SR1E2Mu/Central/jets/4/mass in Skim_TriLep_DYJets10to50.root
2025-12-17 22:37:37,285 - INFO - [2016preVFP] MISSING_CENTRAL: SR1E2Mu/Central/jets/4/mass in Skim_TriLep_MuonEG_E.root
2025-12-17 22:37:37,412 - INFO - [2016preVFP] MISSING_SYSTEMATIC: SR1E2Mu/JetEn_Down/jets/4/mass in Skim_TriLep_DYJets.root
2025-12-17 22:37:37,426 - INFO - [2016preVFP] MISSING_CENTRAL: SR1E2Mu/Central/jets/4/mass in Skim_TriLep_DYJets10to50.root
2025-12-17 22:37:37,459 - INFO - [2016preVFP] MISSING_CENTRAL: SR1E2Mu/Central/jets/4/mass in Skim_TriLep_WWG.root
2025-12-17 22:37:37,728 - INFO - [2016postVFP] MISSING_CENTRAL: SR1E2Mu/Central/jets/4/mass in Skim_TriLep_DYJets.root
2025-12-17 22:37:37,730 - INFO - [2016postVFP] MISSING_CENTRAL: SR1E2Mu/Central/jets/4/mass in Skim_TriLep_DYJets10to50.root
2025-12-17 22:37:37,746 - INFO - [2016postVFP] MISSING_CENTRAL: SR1E2Mu/Central/jets/4/mass in Skim_TriLep_WWG.root
2025-12-17 22:37:38,255 - INFO - [2017] MISSING_CENTRAL: SR1E2Mu/Central/jets/4/mass in Skim_TriLep_DYJets.root
2025-12-17 22:37:38,256 - INFO - [2017] MISSING_CENTRAL: SR1E2Mu/Central/jets/4/mass in Skim_TriLep_DYJets10to50.root
2025-12-17 22:37:38,754 - INFO - [2018] MISSING_CENTRAL: SR1E2Mu/Central/jets/4/mass in Skim_TriLep_DYJets10to50.root
2025-12-18 14:21:50,052 - INFO - [2016preVFP] MISSING_CENTRAL: SR1E2Mu/Central/jets/4/mass in Skim_TriLep_MuonEG_E.root
2025-12-18 14:21:50,147 - INFO - [2016preVFP] MISSING_SYSTEMATIC: SR1E2Mu/JetEn_Down/jets/4/mass in Skim_TriLep_DYJets.root
2025-12-18 14:21:50,167 - INFO - [2016preVFP] MISSING_CENTRAL: SR1E2Mu/Central/jets/4/mass in Skim_TriLep_DYJets10to50.root
2025-12-18 14:21:50,184 - INFO - [2016preVFP] MISSING_CENTRAL: SR1E2Mu/Central/jets/4/mass in Skim_TriLep_WWG.root
2025-12-18 14:21:50,438 - INFO - [2016postVFP] MISSING_CENTRAL: SR1E2Mu/Central/jets/4/mass in Skim_TriLep_DYJets.root
2025-12-18 14:21:50,443 - INFO - [2016postVFP] MISSING_CENTRAL: SR1E2Mu/Central/jets/4/mass in Skim_TriLep_DYJets10to50.root
2025-12-18 14:21:50,458 - INFO - [2016postVFP] MISSING_CENTRAL: SR1E2Mu/Central/jets/4/mass in Skim_TriLep_WWG.root
2025-12-18 14:21:50,767 - INFO - [2017] MISSING_CENTRAL: SR1E2Mu/Central/jets/4/mass in Skim_TriLep_DYJets.root
2025-12-18 14:21:50,768 - INFO - [2017] MISSING_CENTRAL: SR1E2Mu/Central/jets/4/mass in Skim_TriLep_DYJets10to50.root
2025-12-18 14:21:51,138 - INFO - [2018] MISSING_CENTRAL: SR1E2Mu/Central/jets/4/mass in Skim_TriLep_DYJets10to50.root
2025-12-18 14:37:14,262 - INFO - [2016preVFP] MISSING_CENTRAL: SR1E2Mu/Central/jets/4/mass in Skim_TriLep_MuonEG_E.root
2025-12-18 14:37:14,442 - INFO - [2016preVFP] MISSING_SYSTEMATIC: SR1E2Mu/JetEn_Down/jets/4/mass in Skim_TriLep_DYJets.root
2025-12-18 14:37:14,463 - INFO - [2016preVFP] MISSING_CENTRAL: SR1E2Mu/Central/jets/4/mass in Skim_TriLep_DYJets10to50.root
2025-12-18 14:37:14,481 - INFO - [2016preVFP] MISSING_CENTRAL: SR1E2Mu/Central/jets/4/mass in Skim_TriLep_WWG.root
2025-12-18 14:37:14,942 - INFO - [2016postVFP] MISSING_CENTRAL: SR1E2Mu/Central/jets/4/mass in Skim_TriLep_DYJets.root
2025-12-18 14:37:14,943 - INFO - [2016postVFP] MISSING_CENTRAL: SR1E2Mu/Central/jets/4/mass in Skim_TriLep_DYJets10to50.root
2025-12-18 14:37:14,971 - INFO - [2016postVFP] MISSING_CENTRAL: SR1E2Mu/Central/jets/4/mass in Skim_TriLep_WWG.root
2025-12-18 14:37:15,586 - INFO - [2017] MISSING_CENTRAL: SR1E2Mu/Central/jets/4/mass in Skim_TriLep_DYJets.root
2025-12-18 14:37:15,587 - INFO - [2017] MISSING_CENTRAL: SR1E2Mu/Central/jets/4/mass in Skim_TriLep_DYJets10to50.root
2025-12-18 14:37:16,000 - INFO - [2018] MISSING_CENTRAL: SR1E2Mu/Central/jets/4/mass in Skim_TriLep_DYJets10to50.root
2026-01-07 11:47:01,929 - INFO - [2016preVFP] MISSING_CENTRAL: SR1E2Mu/Central/jets/4/mass in Skim_TriLep_MuonEG_E.root
2026-01-07 11:47:02,078 - INFO - [2016preVFP] MISSING_SYSTEMATIC: SR1E2Mu/JetEn_Down/jets/4/mass in Skim_TriLep_DYJets.root
2026-01-07 11:47:02,123 - INFO - [2016preVFP] MISSING_CENTRAL: SR1E2Mu/Central/jets/4/mass in Skim_TriLep_DYJets10to50.root
2026-01-07 11:47:02,173 - INFO - [2016preVFP] MISSING_CENTRAL: SR1E2Mu/Central/jets/4/mass in Skim_TriLep_WWG.root
2026-01-07 11:47:02,632 - INFO - [2016postVFP] MISSING_CENTRAL: SR1E2Mu/Central/jets/4/mass in Skim_TriLep_DYJets.root
2026-01-07 11:47:02,633 - INFO - [2016postVFP] MISSING_CENTRAL: SR1E2Mu/Central/jets/4/mass in Skim_TriLep_DYJets10to50.root
2026-01-07 11:47:02,648 - INFO - [2016postVFP] MISSING_CENTRAL: SR1E2Mu/Central/jets/4/mass in Skim_TriLep_WWG.root
2026-01-07 11:47:02,924 - INFO - [2017] MISSING_CENTRAL: SR1E2Mu/Central/jets/4/mass in Skim_TriLep_DYJets.root
2026-01-07 11:47:02,925 - INFO - [2017] MISSING_CENTRAL: SR1E2Mu/Central/jets/4/mass in Skim_TriLep_DYJets10to50.root
2026-01-07 11:47:03,192 - INFO - [2018] MISSING_CENTRAL: SR1E2Mu/Central/jets/4/mass in Skim_TriLep_DYJets10to50.root
2026-01-07 18:43:47,219 - INFO - [2016preVFP] MISSING_CENTRAL: SR1E2Mu/Central/jets/4/mass in Skim_TriLep_MuonEG_E.root
2026-01-07 18:43:47,300 - INFO - [2016preVFP] MISSING_SYSTEMATIC: SR1E2Mu/JetEn_Down/jets/4/mass in Skim_TriLep_DYJets.root
2026-01-07 18:43:47,335 - INFO - [2016preVFP] MISSING_CENTRAL: SR1E2Mu/Central/jets/4/mass in Skim_TriLep_DYJets10to50.root
2026-01-07 18:43:47,353 - INFO - [2016preVFP] MISSING_CENTRAL: SR1E2Mu/Central/jets/4/mass in Skim_TriLep_WWG.root
2026-01-07 18:43:47,769 - INFO - [2016postVFP] MISSING_CENTRAL: SR1E2Mu/Central/jets/4/mass in Skim_TriLep_DYJets.root
2026-01-07 18:43:47,770 - INFO - [2016postVFP] MISSING_CENTRAL: SR1E2Mu/Central/jets/4/mass in Skim_TriLep_DYJets10to50.root
2026-01-07 18:43:47,807 - INFO - [2016postVFP] MISSING_CENTRAL: SR1E2Mu/Central/jets/4/mass in Skim_TriLep_WWG.root
2026-01-07 18:43:48,141 - INFO - [2017] MISSING_CENTRAL: SR1E2Mu/Central/jets/4/mass in Skim_TriLep_DYJets.root
2026-01-07 18:43:48,143 - INFO - [2017] MISSING_CENTRAL: SR1E2Mu/Central/jets/4/mass in Skim_TriLep_DYJets10to50.root
2026-01-07 18:43:48,567 - INFO - [2018] MISSING_CENTRAL: SR1E2Mu/Central/jets/4/mass in Skim_TriLep_DYJets10to50.root
2026-01-07 19:28:50,421 - INFO - [2016preVFP] MISSING_CENTRAL: SR1E2Mu/Central/jets/4/mass in Skim_TriLep_MuonEG_E.root
2026-01-07 19:28:50,538 - INFO - [2016preVFP] MISSING_SYSTEMATIC: SR1E2Mu/JetEn_Down/jets/4/mass in Skim_TriLep_DYJets.root
2026-01-07 19:28:50,558 - INFO - [2016preVFP] MISSING_CENTRAL: SR1E2Mu/Central/jets/4/mass in Skim_TriLep_DYJets10to50.root
2026-01-07 19:28:50,591 - INFO - [2016preVFP] MISSING_CENTRAL: SR1E2Mu/Central/jets/4/mass in Skim_TriLep_WWG.root
2026-01-07 19:28:51,001 - INFO - [2016postVFP] MISSING_CENTRAL: SR1E2Mu/Central/jets/4/mass in Skim_TriLep_DYJets.root
2026-01-07 19:28:51,002 - INFO - [2016postVFP] MISSING_CENTRAL: SR1E2Mu/Central/jets/4/mass in Skim_TriLep_DYJets10to50.root
2026-01-07 19:28:51,020 - INFO - [2016postVFP] MISSING_CENTRAL: SR1E2Mu/Central/jets/4/mass in Skim_TriLep_WWG.root
2026-01-07 19:28:51,298 - INFO - [2017] MISSING_CENTRAL: SR1E2Mu/Central/jets/4/mass in Skim_TriLep_DYJets.root
2026-01-07 19:28:51,300 - INFO - [2017] MISSING_CENTRAL: SR1E2Mu/Central/jets/4/mass in Skim_TriLep_DYJets10to50.root
2026-01-07 19:28:51,623 - INFO - [2018] MISSING_CENTRAL: SR1E2Mu/Central/jets/4/mass in Skim_TriLep_DYJets10to50.root
2026-01-09 12:17:50,189 - INFO - [2016preVFP] MISSING_CENTRAL: SR1E2Mu/Central/jets/4/mass in Skim_TriLep_MuonEG_E.root
2026-01-09 12:17:50,245 - INFO - [2016preVFP] MISSING_SYSTEMATIC: SR1E2Mu/JetEn_Down/jets/4/mass in Skim_TriLep_DYJets.root
2026-01-09 12:17:50,259 - INFO - [2016preVFP] MISSING_CENTRAL: SR1E2Mu/Central/jets/4/mass in Skim_TriLep_DYJets10to50.root
2026-01-09 12:17:50,269 - INFO - [2016preVFP] MISSING_CENTRAL: SR1E2Mu/Central/jets/4/mass in Skim_TriLep_WWG.root
2026-01-09 12:17:50,424 - INFO - [2016postVFP] MISSING_CENTRAL: SR1E2Mu/Central/jets/4/mass in Skim_TriLep_DYJets.root
2026-01-09 12:17:50,424 - INFO - [2016postVFP] MISSING_CENTRAL: SR1E2Mu/Central/jets/4/mass in Skim_TriLep_DYJets10to50.root
2026-01-09 12:17:50,433 - INFO - [2016postVFP] MISSING_CENTRAL: SR1E2Mu/Central/jets/4/mass in Skim_TriLep_WWG.root
2026-01-09 12:17:50,543 - INFO - [2017] MISSING_CENTRAL: SR1E2Mu/Central/jets/4/mass in Skim_TriLep_DYJets.root
2026-01-09 12:17:50,544 - INFO - [2017] MISSING_CENTRAL: SR1E2Mu/Central/jets/4/mass in Skim_TriLep_DYJets10to50.root
2026-01-09 12:17:50,722 - INFO - [2018] MISSING_CENTRAL: SR1E2Mu/Central/jets/4/mass in Skim_TriLep_DYJets10to50.root
2026-01-11 09:37:54,144 - INFO - [2016preVFP] MISSING_CENTRAL: SR1E2Mu/Central/jets/4/mass in Skim_TriLep_MuonEG_E.root
2026-01-11 09:37:54,208 - INFO - [2016preVFP] MISSING_SYSTEMATIC: SR1E2Mu/JetEn_Down/jets/4/mass in Skim_TriLep_DYJets.root
2026-01-11 09:37:54,222 - INFO - [2016preVFP] MISSING_CENTRAL: SR1E2Mu/Central/jets/4/mass in Skim_TriLep_DYJets10to50.root
2026-01-11 09:37:54,230 - INFO - [2016preVFP] MISSING_CENTRAL: SR1E2Mu/Central/jets/4/mass in Skim_TriLep_WWG.root
2026-01-11 09:37:54,383 - INFO - [2016postVFP] MISSING_CENTRAL: SR1E2Mu/Central/jets/4/mass in Skim_TriLep_DYJets.root
2026-01-11 09:37:54,387 - INFO - [2016postVFP] MISSING_CENTRAL: SR1E2Mu/Central/jets/4/mass in Skim_TriLep_DYJets10to50.root
2026-01-11 09:37:54,400 - INFO - [2016postVFP] MISSING_CENTRAL: SR1E2Mu/Central/jets/4/mass in Skim_TriLep_WWG.root
2026-01-11 09:37:54,546 - INFO - [2017] MISSING_CENTRAL: SR1E2Mu/Central/jets/4/mass in Skim_TriLep_DYJets.root
2026-01-11 09:37:54,547 - INFO - [2017] MISSING_CENTRAL: SR1E2Mu/Central/jets/4/mass in Skim_TriLep_DYJets10to50.root
2026-01-11 09:37:54,728 - INFO - [2018] MISSING_CENTRAL: SR1E2Mu/Central/jets/4/mass in Skim_TriLep_DYJets10to50.root
2026-01-12 13:46:33,355 - INFO - [2016preVFP] MISSING_CENTRAL: SR1E2Mu/Central/jets/4/mass in Skim_TriLep_MuonEG_E.root
2026-01-12 13:46:33,445 - INFO - [2016preVFP] MISSING_FILE: /home/choij/Sync/workspace/ChargedHiggsAnalysisV3/SKNanoOutput/MatrixSelector/Run1E2Mu/2016preVFP/Skim_TriLep_MuonEG_B.root
2026-01-12 13:46:33,445 - INFO - [2016preVFP] MISSING_FILE: /home/choij/Sync/workspace/ChargedHiggsAnalysisV3/SKNanoOutput/MatrixSelector/Run1E2Mu/2016preVFP/Skim_TriLep_MuonEG_C.root
2026-01-12 13:46:33,445 - INFO - [2016preVFP] MISSING_FILE: /home/choij/Sync/workspace/ChargedHiggsAnalysisV3/SKNanoOutput/MatrixSelector/Run1E2Mu/2016preVFP/Skim_TriLep_MuonEG_D.root
2026-01-12 13:46:33,445 - INFO - [2016preVFP] MISSING_FILE: /home/choij/Sync/workspace/ChargedHiggsAnalysisV3/SKNanoOutput/MatrixSelector/Run1E2Mu/2016preVFP/Skim_TriLep_MuonEG_E.root
2026-01-12 13:46:33,445 - INFO - [2016preVFP] MISSING_FILE: /home/choij/Sync/workspace/ChargedHiggsAnalysisV3/SKNanoOutput/MatrixSelector/Run1E2Mu/2016preVFP/Skim_TriLep_MuonEG_F.root
2026-01-12 13:46:33,448 - INFO - [2016preVFP] MISSING_SYSTEMATIC: SR1E2Mu/JetEn_Down/jets/4/mass in Skim_TriLep_DYJets.root
2026-01-12 13:46:33,474 - INFO - [2016preVFP] MISSING_CENTRAL: SR1E2Mu/Central/jets/4/mass in Skim_TriLep_DYJets10to50.root
2026-01-12 13:46:33,484 - INFO - [2016preVFP] MISSING_CENTRAL: SR1E2Mu/Central/jets/4/mass in Skim_TriLep_WWG.root
2026-01-12 13:46:33,605 - INFO - [2016postVFP] MISSING_FILE: /home/choij/Sync/workspace/ChargedHiggsAnalysisV3/SKNanoOutput/MatrixSelector/Run1E2Mu/2016postVFP/Skim_TriLep_MuonEG_F.root
2026-01-12 13:46:33,606 - INFO - [2016postVFP] MISSING_FILE: /home/choij/Sync/workspace/ChargedHiggsAnalysisV3/SKNanoOutput/MatrixSelector/Run1E2Mu/2016postVFP/Skim_TriLep_MuonEG_G.root
2026-01-12 13:46:33,606 - INFO - [2016postVFP] MISSING_FILE: /home/choij/Sync/workspace/ChargedHiggsAnalysisV3/SKNanoOutput/MatrixSelector/Run1E2Mu/2016postVFP/Skim_TriLep_MuonEG_H.root
2026-01-12 13:46:33,606 - INFO - [2016postVFP] MISSING_CENTRAL: SR1E2Mu/Central/jets/4/mass in Skim_TriLep_DYJets.root
2026-01-12 13:46:33,607 - INFO - [2016postVFP] MISSING_CENTRAL: SR1E2Mu/Central/jets/4/mass in Skim_TriLep_DYJets10to50.root
2026-01-12 13:46:33,618 - INFO - [2016postVFP] MISSING_CENTRAL: SR1E2Mu/Central/jets/4/mass in Skim_TriLep_WWG.root
2026-01-12 13:46:33,756 - INFO - [2017] MISSING_FILE: /home/choij/Sync/workspace/ChargedHiggsAnalysisV3/SKNanoOutput/MatrixSelector/Run1E2Mu/2017/Skim_TriLep_MuonEG_B.root
2026-01-12 13:46:33,757 - INFO - [2017] MISSING_FILE: /home/choij/Sync/workspace/ChargedHiggsAnalysisV3/SKNanoOutput/MatrixSelector/Run1E2Mu/2017/Skim_TriLep_MuonEG_C.root
2026-01-12 13:46:33,757 - INFO - [2017] MISSING_FILE: /home/choij/Sync/workspace/ChargedHiggsAnalysisV3/SKNanoOutput/MatrixSelector/Run1E2Mu/2017/Skim_TriLep_MuonEG_D.root
2026-01-12 13:46:33,757 - INFO - [2017] MISSING_FILE: /home/choij/Sync/workspace/ChargedHiggsAnalysisV3/SKNanoOutput/MatrixSelector/Run1E2Mu/2017/Skim_TriLep_MuonEG_E.root
2026-01-12 13:46:33,757 - INFO - [2017] MISSING_FILE: /home/choij/Sync/workspace/ChargedHiggsAnalysisV3/SKNanoOutput/MatrixSelector/Run1E2Mu/2017/Skim_TriLep_MuonEG_F.root
2026-01-12 13:46:33,757 - INFO - [2017] MISSING_CENTRAL: SR1E2Mu/Central/jets/4/mass in Skim_TriLep_DYJets.root
2026-01-12 13:46:33,759 - INFO - [2017] MISSING_CENTRAL: SR1E2Mu/Central/jets/4/mass in Skim_TriLep_DYJets10to50.root
2026-01-12 13:46:33,985 - INFO - [2018] MISSING_FILE: /home/choij/Sync/workspace/ChargedHiggsAnalysisV3/SKNanoOutput/MatrixSelector/Run1E2Mu/2018/Skim_TriLep_MuonEG_A.root
2026-01-12 13:46:33,985 - INFO - [2018] MISSING_FILE: /home/choij/Sync/workspace/ChargedHiggsAnalysisV3/SKNanoOutput/MatrixSelector/Run1E2Mu/2018/Skim_TriLep_MuonEG_B.root
2026-01-12 13:46:33,985 - INFO - [2018] MISSING_FILE: /home/choij/Sync/workspace/ChargedHiggsAnalysisV3/SKNanoOutput/MatrixSelector/Run1E2Mu/2018/Skim_TriLep_MuonEG_C.root
2026-01-12 13:46:33,985 - INFO - [2018] MISSING_FILE: /home/choij/Sync/workspace/ChargedHiggsAnalysisV3/SKNanoOutput/MatrixSelector/Run1E2Mu/2018/Skim_TriLep_MuonEG_D.root
2026-01-12 13:46:33,994 - INFO - [2018] MISSING_CENTRAL: SR1E2Mu/Central/jets/4/mass in Skim_TriLep_DYJets10to50.root
2026-01-16 19:01:39,512 - INFO - [2016preVFP] MISSING_CENTRAL: SR1E2Mu/Central/jets/4/mass in Skim_TriLep_MuonEG_E.root
2026-01-16 19:01:39,566 - INFO - [2016preVFP] MISSING_SYSTEMATIC: SR1E2Mu/JetEn_Down/jets/4/mass in Skim_TriLep_DYJets.root
2026-01-16 19:01:39,580 - INFO - [2016preVFP] MISSING_CENTRAL: SR1E2Mu/Central/jets/4/mass in Skim_TriLep_DYJets10to50.root
2026-01-16 19:01:39,588 - INFO - [2016preVFP] MISSING_CENTRAL: SR1E2Mu/Central/jets/4/mass in Skim_TriLep_WWG.root
2026-01-16 19:01:39,714 - INFO - [2016postVFP] MISSING_CENTRAL: SR1E2Mu/Central/jets/4/mass in Skim_TriLep_DYJets.root
2026-01-16 19:01:39,715 - INFO - [2016postVFP] MISSING_CENTRAL: SR1E2Mu/Central/jets/4/mass in Skim_TriLep_DYJets10to50.root
2026-01-16 19:01:39,728 - INFO - [2016postVFP] MISSING_CENTRAL: SR1E2Mu/Central/jets/4/mass in Skim_TriLep_WWG.root
2026-01-16 19:01:39,895 - INFO - [2017] MISSING_CENTRAL: SR1E2Mu/Central/jets/4/mass in Skim_TriLep_DYJets.root
2026-01-16 19:01:39,896 - INFO - [2017] MISSING_CENTRAL: SR1E2Mu/Central/jets/4/mass in Skim_TriLep_DYJets10to50.root
2026-01-16 19:01:40,063 - INFO - [2018] MISSING_CENTRAL: SR1E2Mu/Central/jets/4/mass in Skim_TriLep_DYJets10to50.root
2026-01-21 13:01:09,594 - INFO - [2016preVFP] MISSING_CENTRAL: SR1E2Mu/Central/jets/4/mass in Skim_TriLep_MuonEG_E.root
2026-01-21 13:01:09,647 - INFO - [2016preVFP] MISSING_SYSTEMATIC: SR1E2Mu/JetEn_Down/jets/4/mass in Skim_TriLep_DYJets.root
2026-01-21 13:01:09,661 - INFO - [2016preVFP] MISSING_CENTRAL: SR1E2Mu/Central/jets/4/mass in Skim_TriLep_DYJets10to50.root
2026-01-21 13:01:09,669 - INFO - [2016preVFP] MISSING_CENTRAL: SR1E2Mu/Central/jets/4/mass in Skim_TriLep_WWG.root
2026-01-21 13:01:09,787 - INFO - [2016postVFP] MISSING_CENTRAL: SR1E2Mu/Central/jets/4/mass in Skim_TriLep_DYJets.root
2026-01-21 13:01:09,788 - INFO - [2016postVFP] MISSING_CENTRAL: SR1E2Mu/Central/jets/4/mass in Skim_TriLep_DYJets10to50.root
2026-01-21 13:01:09,798 - INFO - [2016postVFP] MISSING_CENTRAL: SR1E2Mu/Central/jets/4/mass in Skim_TriLep_WWG.root
2026-01-21 13:01:09,917 - INFO - [2017] MISSING_CENTRAL: SR1E2Mu/Central/jets/4/mass in Skim_TriLep_DYJets.root
2026-01-21 13:01:09,917 - INFO - [2017] MISSING_CENTRAL: SR1E2Mu/Central/jets/4/mass in Skim_TriLep_DYJets10to50.root
2026-01-21 13:01:10,062 - INFO - [2018] MISSING_CENTRAL: SR1E2Mu/Central/jets/4/mass in Skim_TriLep_DYJets10to50.root
2026-01-21 14:49:41,013 - INFO - [2016preVFP] MISSING_CENTRAL: SR1E2Mu/Central/jets/4/mass in Skim_TriLep_MuonEG_E.root
2026-01-21 14:49:41,070 - INFO - [2016preVFP] MISSING_SYSTEMATIC: SR1E2Mu/JetEn_Down/jets/4/mass in Skim_TriLep_DYJets.root
2026-01-21 14:49:41,084 - INFO - [2016preVFP] MISSING_CENTRAL: SR1E2Mu/Central/jets/4/mass in Skim_TriLep_DYJets10to50.root
2026-01-21 14:49:41,092 - INFO - [2016preVFP] MISSING_CENTRAL: SR1E2Mu/Central/jets/4/mass in Skim_TriLep_WWG.root
2026-01-21 14:49:41,212 - INFO - [2016postVFP] MISSING_CENTRAL: SR1E2Mu/Central/jets/4/mass in Skim_TriLep_DYJets.root
2026-01-21 14:49:41,213 - INFO - [2016postVFP] MISSING_CENTRAL: SR1E2Mu/Central/jets/4/mass in Skim_TriLep_DYJets10to50.root
2026-01-21 14:49:41,223 - INFO - [2016postVFP] MISSING_CENTRAL: SR1E2Mu/Central/jets/4/mass in Skim_TriLep_WWG.root
2026-01-21 14:49:41,357 - INFO - [2017] MISSING_CENTRAL: SR1E2Mu/Central/jets/4/mass in Skim_TriLep_DYJets.root
2026-01-21 14:49:41,358 - INFO - [2017] MISSING_CENTRAL: SR1E2Mu/Central/jets/4/mass in Skim_TriLep_DYJets10to50.root
2026-01-21 14:49:41,523 - INFO - [2018] MISSING_CENTRAL: SR1E2Mu/Central/jets/4/mass in Skim_TriLep_DYJets10to50.root
2026-01-28 16:09:05,183 - INFO - [2016preVFP] MISSING_CENTRAL: SR1E2Mu/Central/jets/4/mass in Skim_TriLep_MuonEG_E.root
2026-01-28 16:09:05,256 - INFO - [2016preVFP] MISSING_CENTRAL: SR1E2Mu/Central/jets/4/mass in Skim_TriLep_DYJets10to50.root
2026-01-28 16:09:05,266 - INFO - [2016preVFP] MISSING_CENTRAL: SR1E2Mu/Central/jets/4/mass in Skim_TriLep_WWG.root
2026-01-28 16:09:05,432 - INFO - [2016postVFP] MISSING_CENTRAL: SR1E2Mu/Central/jets/4/mass in Skim_TriLep_DYJets10to50.root
2026-01-28 16:09:05,444 - INFO - [2016postVFP] MISSING_CENTRAL: SR1E2Mu/Central/jets/4/mass in Skim_TriLep_WWG.root
2026-01-28 16:09:05,603 - INFO - [2017] MISSING_CENTRAL: SR1E2Mu/Central/jets/4/mass in Skim_TriLep_DYJets.root
2026-01-28 16:09:05,604 - INFO - [2017] MISSING_CENTRAL: SR1E2Mu/Central/jets/4/mass in Skim_TriLep_DYJets10to50.root
2026-01-28 16:09:05,826 - INFO - [2018] MISSING_CENTRAL: SR1E2Mu/Central/jets/4/mass in Skim_TriLep_DYJets10to50.root
2026-01-28 17:21:20,865 - INFO - [2016preVFP] MISSING_CENTRAL: SR1E2Mu/Central/jets/4/mass in Skim_TriLep_MuonEG_E.root
2026-01-28 17:21:20,937 - INFO - [2016preVFP] MISSING_CENTRAL: SR1E2Mu/Central/jets/4/mass in Skim_TriLep_DYJets10to50.root
2026-01-28 17:21:20,948 - INFO - [2016preVFP] MISSING_CENTRAL: SR1E2Mu/Central/jets/4/mass in Skim_TriLep_WWG.root
2026-01-28 17:21:21,111 - INFO - [2016postVFP] MISSING_CENTRAL: SR1E2Mu/Central/jets/4/mass in Skim_TriLep_DYJets10to50.root
2026-01-28 17:21:21,122 - INFO - [2016postVFP] MISSING_CENTRAL: SR1E2Mu/Central/jets/4/mass in Skim_TriLep_WWG.root
2026-01-28 17:21:21,280 - INFO - [2017] MISSING_CENTRAL: SR1E2Mu/Central/jets/4/mass in Skim_TriLep_DYJets.root
2026-01-28 17:21:21,280 - INFO - [2017] MISSING_CENTRAL: SR1E2Mu/Central/jets/4/mass in Skim_TriLep_DYJets10to50.root
2026-01-28 17:21:21,464 - INFO - [2018] MISSING_CENTRAL: SR1E2Mu/Central/jets/4/mass in Skim_TriLep_DYJets10to50.root
2026-01-28 19:54:50,995 - INFO - [2016preVFP] MISSING_CENTRAL: SR1E2Mu/Central/jets/4/mass in Skim_TriLep_MuonEG_E.root
2026-01-28 19:54:51,103 - INFO - [2016preVFP] MISSING_CENTRAL: SR1E2Mu/Central/jets/4/mass in Skim_TriLep_DYJets10to50.root
2026-01-28 19:54:51,127 - INFO - [2016preVFP] MISSING_CENTRAL: SR1E2Mu/Central/jets/4/mass in Skim_TriLep_WWG.root
2026-01-28 19:54:51,309 - INFO - [2016postVFP] MISSING_CENTRAL: SR1E2Mu/Central/jets/4/mass in Skim_TriLep_DYJets10to50.root
2026-01-28 19:54:51,320 - INFO - [2016postVFP] MISSING_CENTRAL: SR1E2Mu/Central/jets/4/mass in Skim_TriLep_WWG.root
2026-01-28 19:54:51,483 - INFO - [2017] MISSING_CENTRAL: SR1E2Mu/Central/jets/4/mass in Skim_TriLep_DYJets.root
2026-01-28 19:54:51,484 - INFO - [2017] MISSING_CENTRAL: SR1E2Mu/Central/jets/4/mass in Skim_TriLep_DYJets10to50.root
2026-01-28 19:54:51,681 - INFO - [2018] MISSING_CENTRAL: SR1E2Mu/Central/jets/4/mass in Skim_TriLep_DYJets10to50.root
2026-01-29 07:12:05,694 - INFO - [2016preVFP] MISSING_CENTRAL: SR1E2Mu/Central/jets/4/mass in Skim_TriLep_MuonEG_E.root
2026-01-29 07:12:05,761 - INFO - [2016preVFP] MISSING_CENTRAL: SR1E2Mu/Central/jets/4/mass in Skim_TriLep_DYJets10to50.root
2026-01-29 07:12:05,771 - INFO - [2016preVFP] MISSING_CENTRAL: SR1E2Mu/Central/jets/4/mass in Skim_TriLep_WWG.root
2026-01-29 07:12:05,897 - INFO - [2016postVFP] MISSING_CENTRAL: SR1E2Mu/Central/jets/4/mass in Skim_TriLep_DYJets10to50.root
2026-01-29 07:12:05,907 - INFO - [2016postVFP] MISSING_CENTRAL: SR1E2Mu/Central/jets/4/mass in Skim_TriLep_WWG.root
2026-01-29 07:12:06,033 - INFO - [2017] MISSING_CENTRAL: SR1E2Mu/Central/jets/4/mass in Skim_TriLep_DYJets.root
2026-01-29 07:12:06,034 - INFO - [2017] MISSING_CENTRAL: SR1E2Mu/Central/jets/4/mass in Skim_TriLep_DYJets10to50.root
2026-01-29 07:12:06,199 - INFO - [2018] MISSING_CENTRAL: SR1E2Mu/Central/jets/4/mass in Skim_TriLep_DYJets10to50.root
2026-03-06 09:40:13,679 - INFO - [2016preVFP] MISSING_CENTRAL: SR1E2Mu/Central/jets/4/mass in Skim_TriLep_MuonEG_E.root
2026-03-06 09:40:13,746 - INFO - [2016preVFP] MISSING_CENTRAL: SR1E2Mu/Central/jets/4/mass in Skim_TriLep_DYJets10to50.root
2026-03-06 09:40:13,755 - INFO - [2016preVFP] MISSING_CENTRAL: SR1E2Mu/Central/jets/4/mass in Skim_TriLep_WWG.root
2026-03-06 09:40:13,886 - INFO - [2016postVFP] MISSING_CENTRAL: SR1E2Mu/Central/jets/4/mass in Skim_TriLep_DYJets10to50.root
2026-03-06 09:40:13,896 - INFO - [2016postVFP] MISSING_CENTRAL: SR1E2Mu/Central/jets/4/mass in Skim_TriLep_WWG.root
2026-03-06 09:40:14,031 - INFO - [2017] MISSING_CENTRAL: SR1E2Mu/Central/jets/4/mass in Skim_TriLep_DYJets.root
2026-03-06 09:40:14,032 - INFO - [2017] MISSING_CENTRAL: SR1E2Mu/Central/jets/4/mass in Skim_TriLep_DYJets10to50.root
2026-03-06 09:40:14,200 - INFO - [2018] MISSING_CENTRAL: SR1E2Mu/Central/jets/4/mass in Skim_TriLep_DYJets10to50.root
2026-03-06 19:46:01,621 - INFO - [2016preVFP] MISSING_CENTRAL: SR1E2Mu/Central/jets/4/mass in Skim_TriLep_MuonEG_E.root
2026-03-06 19:46:01,684 - INFO - [2016preVFP] MISSING_CENTRAL: SR1E2Mu/Central/jets/4/mass in Skim_TriLep_DYJets10to50.root
2026-03-06 19:46:01,690 - INFO - [2016preVFP] MISSING_CENTRAL: SR1E2Mu/Central/jets/4/mass in Skim_TriLep_WWG.root
2026-03-06 19:46:01,821 - INFO - [2016postVFP] MISSING_CENTRAL: SR1E2Mu/Central/jets/4/mass in Skim_TriLep_DYJets10to50.root
2026-03-06 19:46:01,832 - INFO - [2016postVFP] MISSING_CENTRAL: SR1E2Mu/Central/jets/4/mass in Skim_TriLep_WWG.root
2026-03-06 19:46:01,966 - INFO - [2017] MISSING_CENTRAL: SR1E2Mu/Central/jets/4/mass in Skim_TriLep_DYJets.root
2026-03-06 19:46:01,966 - INFO - [2017] MISSING_CENTRAL: SR1E2Mu/Central/jets/4/mass in Skim_TriLep_DYJets10to50.root
2026-03-06 19:46:02,128 - INFO - [2018] MISSING_CENTRAL: SR1E2Mu/Central/jets/4/mass in Skim_TriLep_DYJets10to50.root
2026-03-12 21:34:43,815 - INFO - [2016preVFP] MISSING_CENTRAL: SR1E2Mu/Central/jets/4/mass in Skim_TriLep_MuonEG_E.root
2026-03-12 21:34:43,886 - INFO - [2016preVFP] MISSING_CENTRAL: SR1E2Mu/Central/jets/4/mass in Skim_TriLep_DYJets10to50.root
2026-03-12 21:34:43,894 - INFO - [2016preVFP] MISSING_CENTRAL: SR1E2Mu/Central/jets/4/mass in Skim_TriLep_WWG.root
2026-03-12 21:34:44,025 - INFO - [2016postVFP] MISSING_CENTRAL: SR1E2Mu/Central/jets/4/mass in Skim_TriLep_DYJets10to50.root
2026-03-12 21:34:44,035 - INFO - [2016postVFP] MISSING_CENTRAL: SR1E2Mu/Central/jets/4/mass in Skim_TriLep_WWG.root
2026-03-12 21:34:44,169 - INFO - [2017] MISSING_CENTRAL: SR1E2Mu/Central/jets/4/mass in Skim_TriLep_DYJets.root
2026-03-12 21:34:44,170 - INFO - [2017] MISSING_CENTRAL: SR1E2Mu/Central/jets/4/mass in Skim_TriLep_DYJets10to50.root
2026-03-12 21:34:44,327 - INFO - [2018] MISSING_CENTRAL: SR1E2Mu/Central/jets/4/mass in Skim_TriLep_DYJets10to50.root
2026-04-10 20:21:00,850 - INFO - [2016preVFP] MISSING_CENTRAL: SR1E2Mu/Central/jets/4/mass in Skim_TriLep_MuonEG_E.root
2026-04-10 20:21:00,918 - INFO - [2016preVFP] MISSING_CENTRAL: SR1E2Mu/Central/jets/4/mass in Skim_TriLep_DYJets10to50.root
2026-04-10 20:21:00,926 - INFO - [2016preVFP] MISSING_CENTRAL: SR1E2Mu/Central/jets/4/mass in Skim_TriLep_WWG.root
2026-04-10 20:21:01,059 - INFO - [2016postVFP] MISSING_CENTRAL: SR1E2Mu/Central/jets/4/mass in Skim_TriLep_DYJets10to50.root
2026-04-10 20:21:01,069 - INFO - [2016postVFP] MISSING_CENTRAL: SR1E2Mu/Central/jets/4/mass in Skim_TriLep_WWG.root
2026-04-10 20:21:01,203 - INFO - [2017] MISSING_CENTRAL: SR1E2Mu/Central/jets/4/mass in Skim_TriLep_DYJets.root
2026-04-10 20:21:01,204 - INFO - [2017] MISSING_CENTRAL: SR1E2Mu/Central/jets/4/mass in Skim_TriLep_DYJets10to50.root
2026-04-10 20:21:01,366 - INFO - [2018] MISSING_CENTRAL: SR1E2Mu/Central/jets/4/mass in Skim_TriLep_DYJets10to50.root
2026-04-12 11:36:09,651 - INFO - [2016preVFP] MISSING_CENTRAL: SR1E2Mu/Central/jets/4/mass in Skim_TriLep_MuonEG_E.root
2026-04-12 11:36:09,720 - INFO - [2016preVFP] MISSING_CENTRAL: SR1E2Mu/Central/jets/4/mass in Skim_TriLep_DYJets10to50.root
2026-04-12 11:36:09,729 - INFO - [2016preVFP] MISSING_CENTRAL: SR1E2Mu/Central/jets/4/mass in Skim_TriLep_WWG.root
2026-04-12 11:36:09,861 - INFO - [2016postVFP] MISSING_CENTRAL: SR1E2Mu/Central/jets/4/mass in Skim_TriLep_DYJets10to50.root
2026-04-12 11:36:09,873 - INFO - [2016postVFP] MISSING_CENTRAL: SR1E2Mu/Central/jets/4/mass in Skim_TriLep_WWG.root
2026-04-12 11:36:10,024 - INFO - [2017] MISSING_CENTRAL: SR1E2Mu/Central/jets/4/mass in Skim_TriLep_DYJets.root
2026-04-12 11:36:10,025 - INFO - [2017] MISSING_CENTRAL: SR1E2Mu/Central/jets/4/mass in Skim_TriLep_DYJets10to50.root
2026-04-12 11:36:10,190 - INFO - [2018] MISSING_CENTRAL: SR1E2Mu/Central/jets/4/mass in Skim_TriLep_DYJets10to50.root
2026-04-12 12:18:10,861 - INFO - [2016preVFP] MISSING_CENTRAL: SR1E2Mu/Central/jets/4/mass in Skim_TriLep_MuonEG_E.root
2026-04-12 12:18:10,926 - INFO - [2016preVFP] MISSING_CENTRAL: SR1E2Mu/Central/jets/4/mass in Skim_TriLep_DYJets10to50.root
2026-04-12 12:18:10,935 - INFO - [2016preVFP] MISSING_CENTRAL: SR1E2Mu/Central/jets/4/mass in Skim_TriLep_WWG.root
2026-04-12 12:18:11,049 - INFO - [2016postVFP] MISSING_CENTRAL: SR1E2Mu/Central/jets/4/mass in Skim_TriLep_DYJets10to50.root
2026-04-12 12:18:11,058 - INFO - [2016postVFP] MISSING_CENTRAL: SR1E2Mu/Central/jets/4/mass in Skim_TriLep_WWG.root
2026-04-12 12:18:11,185 - INFO - [2017] MISSING_CENTRAL: SR1E2Mu/Central/jets/4/mass in Skim_TriLep_DYJets.root
2026-04-12 12:18:11,185 - INFO - [2017] MISSING_CENTRAL: SR1E2Mu/Central/jets/4/mass in Skim_TriLep_DYJets10to50.root
2026-04-12 12:18:11,334 - INFO - [2018] MISSING_CENTRAL: SR1E2Mu/Central/jets/4/mass in Skim_TriLep_DYJets10to50.root
2026-04-12 12:37:49,643 - INFO - [2016preVFP] MISSING_CENTRAL: SR1E2Mu/Central/jets/4/mass in Skim_TriLep_MuonEG_E.root
2026-04-12 12:37:49,711 - INFO - [2016preVFP] MISSING_CENTRAL: SR1E2Mu/Central/jets/4/mass in Skim_TriLep_DYJets10to50.root
2026-04-12 12:37:49,720 - INFO - [2016preVFP] MISSING_CENTRAL: SR1E2Mu/Central/jets/4/mass in Skim_TriLep_WWG.root
2026-04-12 12:37:49,848 - INFO - [2016postVFP] MISSING_CENTRAL: SR1E2Mu/Central/jets/4/mass in Skim_TriLep_DYJets10to50.root
2026-04-12 12:37:49,858 - INFO - [2016postVFP] MISSING_CENTRAL: SR1E2Mu/Central/jets/4/mass in Skim_TriLep_WWG.root
2026-04-12 12:37:49,988 - INFO - [2017] MISSING_CENTRAL: SR1E2Mu/Central/jets/4/mass in Skim_TriLep_DYJets.root
2026-04-12 12:37:49,988 - INFO - [2017] MISSING_CENTRAL: SR1E2Mu/Central/jets/4/mass in Skim_TriLep_DYJets10to50.root
2026-04-12 12:37:50,147 - INFO - [2018] MISSING_CENTRAL: SR1E2Mu/Central/jets/4/mass in Skim_TriLep_DYJets10to50.root
2026-04-12 20:45:55,131 - INFO - [2016preVFP] MISSING_CENTRAL: SR1E2Mu/Central/jets/4/mass in Skim_TriLep_MuonEG_E.root
2026-04-12 20:45:55,199 - INFO - [2016preVFP] MISSING_CENTRAL: SR1E2Mu/Central/jets/4/mass in Skim_TriLep_DYJets10to50.root
2026-04-12 20:45:55,207 - INFO - [2016preVFP] MISSING_CENTRAL: SR1E2Mu/Central/jets/4/mass in Skim_TriLep_WWG.root
2026-04-12 20:45:55,337 - INFO - [2016postVFP] MISSING_CENTRAL: SR1E2Mu/Central/jets/4/mass in Skim_TriLep_DYJets10to50.root
2026-04-12 20:45:55,346 - INFO - [2016postVFP] MISSING_CENTRAL: SR1E2Mu/Central/jets/4/mass in Skim_TriLep_WWG.root
2026-04-12 20:45:55,466 - INFO - [2017] MISSING_CENTRAL: SR1E2Mu/Central/jets/4/mass in Skim_TriLep_DYJets.root
2026-04-12 20:45:55,466 - INFO - [2017] MISSING_CENTRAL: SR1E2Mu/Central/jets/4/mass in Skim_TriLep_DYJets10to50.root
2026-04-12 20:45:55,625 - INFO - [2018] MISSING_CENTRAL: SR1E2Mu/Central/jets/4/mass in Skim_TriLep_DYJets10to50.root
2026-04-12 21:17:31,147 - INFO - [2016preVFP] MISSING_CENTRAL: SR1E2Mu/Central/jets/4/mass in Skim_TriLep_MuonEG_E.root
2026-04-12 21:17:31,213 - INFO - [2016preVFP] MISSING_CENTRAL: SR1E2Mu/Central/jets/4/mass in Skim_TriLep_DYJets10to50.root
2026-04-12 21:17:31,222 - INFO - [2016preVFP] MISSING_CENTRAL: SR1E2Mu/Central/jets/4/mass in Skim_TriLep_WWG.root
2026-04-12 21:17:31,346 - INFO - [2016postVFP] MISSING_CENTRAL: SR1E2Mu/Central/jets/4/mass in Skim_TriLep_DYJets10to50.root
2026-04-12 21:17:31,355 - INFO - [2016postVFP] MISSING_CENTRAL: SR1E2Mu/Central/jets/4/mass in Skim_TriLep_WWG.root
2026-04-12 21:17:31,478 - INFO - [2017] MISSING_CENTRAL: SR1E2Mu/Central/jets/4/mass in Skim_TriLep_DYJets.root
2026-04-12 21:17:31,479 - INFO - [2017] MISSING_CENTRAL: SR1E2Mu/Central/jets/4/mass in Skim_TriLep_DYJets10to50.root
2026-04-12 21:17:31,640 - INFO - [2018] MISSING_CENTRAL: SR1E2Mu/Central/jets/4/mass in Skim_TriLep_DYJets10to50.root
2026-04-13 12:55:09,013 - INFO - [2016preVFP] MISSING_CENTRAL: SR1E2Mu/Central/jets/4/mass in Skim_TriLep_MuonEG_E.root
2026-04-13 12:55:09,078 - INFO - [2016preVFP] MISSING_CENTRAL: SR1E2Mu/Central/jets/4/mass in Skim_TriLep_DYJets10to50.root
2026-04-13 12:55:09,087 - INFO - [2016preVFP] MISSING_CENTRAL: SR1E2Mu/Central/jets/4/mass in Skim_TriLep_WWG.root
2026-04-13 12:55:09,231 - INFO - [2016postVFP] MISSING_CENTRAL: SR1E2Mu/Central/jets/4/mass in Skim_TriLep_DYJets10to50.root
2026-04-13 12:55:09,242 - INFO - [2016postVFP] MISSING_CENTRAL: SR1E2Mu/Central/jets/4/mass in Skim_TriLep_WWG.root
2026-04-13 12:55:09,387 - INFO - [2017] MISSING_CENTRAL: SR1E2Mu/Central/jets/4/mass in Skim_TriLep_DYJets.root
2026-04-13 12:55:09,388 - INFO - [2017] MISSING_CENTRAL: SR1E2Mu/Central/jets/4/mass in Skim_TriLep_DYJets10to50.root
2026-04-13 12:55:09,565 - INFO - [2018] MISSING_CENTRAL: SR1E2Mu/Central/jets/4/mass in Skim_TriLep_DYJets10to50.root
2026-04-16 17:30:05,862 - INFO - [2016preVFP] MISSING_CENTRAL: SR1E2Mu/Central/jets/4/mass in Skim_TriLep_MuonEG_E.root
2026-04-16 17:30:05,931 - INFO - [2016preVFP] MISSING_CENTRAL: SR1E2Mu/Central/jets/4/mass in Skim_TriLep_DYJets10to50.root
2026-04-16 17:30:05,940 - INFO - [2016preVFP] MISSING_CENTRAL: SR1E2Mu/Central/jets/4/mass in Skim_TriLep_WWG.root
2026-04-16 17:30:06,083 - INFO - [2016postVFP] MISSING_CENTRAL: SR1E2Mu/Central/jets/4/mass in Skim_TriLep_DYJets10to50.root
2026-04-16 17:30:06,093 - INFO - [2016postVFP] MISSING_CENTRAL: SR1E2Mu/Central/jets/4/mass in Skim_TriLep_WWG.root
2026-04-16 17:30:06,236 - INFO - [2017] MISSING_CENTRAL: SR1E2Mu/Central/jets/4/mass in Skim_TriLep_DYJets.root
2026-04-16 17:30:06,237 - INFO - [2017] MISSING_CENTRAL: SR1E2Mu/Central/jets/4/mass in Skim_TriLep_DYJets10to50.root
2026-04-16 17:30:06,415 - INFO - [2018] MISSING_CENTRAL: SR1E2Mu/Central/jets/4/mass in Skim_TriLep_DYJets10to50.root
2026-04-16 17:37:39,926 - INFO - [2016preVFP] MISSING_CENTRAL: SR1E2Mu/Central/jets/4/mass in Skim_TriLep_MuonEG_E.root
2026-04-16 17:37:40,038 - INFO - [2016preVFP] MISSING_CENTRAL: SR1E2Mu/Central/jets/4/mass in Skim_TriLep_DYJets10to50.root
2026-04-16 17:37:40,060 - INFO - [2016preVFP] MISSING_CENTRAL: SR1E2Mu/Central/jets/4/mass in Skim_TriLep_WWG.root
2026-04-16 17:37:40,200 - INFO - [2016postVFP] MISSING_CENTRAL: SR1E2Mu/Central/jets/4/mass in Skim_TriLep_DYJets10to50.root
2026-04-16 17:37:40,209 - INFO - [2016postVFP] MISSING_CENTRAL: SR1E2Mu/Central/jets/4/mass in Skim_TriLep_WWG.root
2026-04-16 17:37:40,349 - INFO - [2017] MISSING_CENTRAL: SR1E2Mu/Central/jets/4/mass in Skim_TriLep_DYJets.root
2026-04-16 17:37:40,350 - INFO - [2017] MISSING_CENTRAL: SR1E2Mu/Central/jets/4/mass in Skim_TriLep_DYJets10to50.root
2026-04-16 17:37:40,556 - INFO - [2018] MISSING_CENTRAL: SR1E2Mu/Central/jets/4/mass in Skim_TriLep_DYJets10to50.root
2026-04-28 15:10:44,779 - INFO - [2016preVFP] MISSING_CENTRAL: SR1E2Mu/Central/jets/4/mass in Skim_TriLep_MuonEG_E.root
2026-04-28 15:10:44,848 - INFO - [2016preVFP] MISSING_CENTRAL: SR1E2Mu/Central/jets/4/mass in Skim_TriLep_DYJets10to50.root
2026-04-28 15:10:44,857 - INFO - [2016preVFP] MISSING_CENTRAL: SR1E2Mu/Central/jets/4/mass in Skim_TriLep_WWG.root
2026-04-28 15:10:44,992 - INFO - [2016postVFP] MISSING_CENTRAL: SR1E2Mu/Central/jets/4/mass in Skim_TriLep_DYJets10to50.root
2026-04-28 15:10:45,002 - INFO - [2016postVFP] MISSING_CENTRAL: SR1E2Mu/Central/jets/4/mass in Skim_TriLep_WWG.root
2026-04-28 15:10:45,138 - INFO - [2017] MISSING_CENTRAL: SR1E2Mu/Central/jets/4/mass in Skim_TriLep_DYJets.root
2026-04-28 15:10:45,138 - INFO - [2017] MISSING_CENTRAL: SR1E2Mu/Central/jets/4/mass in Skim_TriLep_DYJets10to50.root
2026-04-28 15:10:45,307 - INFO - [2018] MISSING_CENTRAL: SR1E2Mu/Central/jets/4/mass in Skim_TriLep_DYJets10to50.root
2026-04-28 15:18:43,869 - INFO - [2016preVFP] MISSING_CENTRAL: SR1E2Mu/Central/jets/4/mass in Skim_TriLep_MuonEG_E.root
2026-04-28 15:18:43,999 - INFO - [2016preVFP] MISSING_CENTRAL: SR1E2Mu/Central/jets/4/mass in Skim_TriLep_DYJets10to50.root
2026-04-28 15:18:44,013 - INFO - [2016preVFP] MISSING_CENTRAL: SR1E2Mu/Central/jets/4/mass in Skim_TriLep_WWG.root
2026-04-28 15:18:44,167 - INFO - [2016postVFP] MISSING_CENTRAL: SR1E2Mu/Central/jets/4/mass in Skim_TriLep_DYJets10to50.root
2026-04-28 15:18:44,179 - INFO - [2016postVFP] MISSING_CENTRAL: SR1E2Mu/Central/jets/4/mass in Skim_TriLep_WWG.root
2026-04-28 15:18:44,330 - INFO - [2017] MISSING_CENTRAL: SR1E2Mu/Central/jets/4/mass in Skim_TriLep_DYJets.root
2026-04-28 15:18:44,331 - INFO - [2017] MISSING_CENTRAL: SR1E2Mu/Central/jets/4/mass in Skim_TriLep_DYJets10to50.root
2026-04-28 15:18:44,511 - INFO - [2018] MISSING_CENTRAL: SR1E2Mu/Central/jets/4/mass in Skim_TriLep_DYJets10to50.root
2026-04-28 15:20:09,578 - INFO - [2016preVFP] MISSING_CENTRAL: SR1E2Mu/Central/jets/4/mass in Skim_TriLep_MuonEG_E.root
2026-04-28 15:20:09,650 - INFO - [2016preVFP] MISSING_CENTRAL: SR1E2Mu/Central/jets/4/mass in Skim_TriLep_DYJets10to50.root
2026-04-28 15:20:09,660 - INFO - [2016preVFP] MISSING_CENTRAL: SR1E2Mu/Central/jets/4/mass in Skim_TriLep_WWG.root
2026-04-28 15:20:09,803 - INFO - [2016postVFP] MISSING_CENTRAL: SR1E2Mu/Central/jets/4/mass in Skim_TriLep_DYJets10to50.root
2026-04-28 15:20:09,813 - INFO - [2016postVFP] MISSING_CENTRAL: SR1E2Mu/Central/jets/4/mass in Skim_TriLep_WWG.root
2026-04-28 15:20:09,957 - INFO - [2017] MISSING_CENTRAL: SR1E2Mu/Central/jets/4/mass in Skim_TriLep_DYJets.root
2026-04-28 15:20:09,958 - INFO - [2017] MISSING_CENTRAL: SR1E2Mu/Central/jets/4/mass in Skim_TriLep_DYJets10to50.root
2026-04-28 15:20:10,139 - INFO - [2018] MISSING_CENTRAL: SR1E2Mu/Central/jets/4/mass in Skim_TriLep_DYJets10to50.root
2026-04-28 20:31:57,745 - INFO - [2016preVFP] MISSING_CENTRAL: SR1E2Mu/Central/jets/4/mass in Skim_TriLep_MuonEG_E.root
2026-04-28 20:31:57,809 - INFO - [2016preVFP] MISSING_CENTRAL: SR1E2Mu/Central/jets/4/mass in Skim_TriLep_DYJets10to50.root
2026-04-28 20:31:57,819 - INFO - [2016preVFP] MISSING_CENTRAL: SR1E2Mu/Central/jets/4/mass in Skim_TriLep_WWG.root
2026-04-28 20:31:57,965 - INFO - [2016postVFP] MISSING_CENTRAL: SR1E2Mu/Central/jets/4/mass in Skim_TriLep_DYJets10to50.root
2026-04-28 20:31:57,976 - INFO - [2016postVFP] MISSING_CENTRAL: SR1E2Mu/Central/jets/4/mass in Skim_TriLep_WWG.root
2026-04-28 20:31:58,125 - INFO - [2017] MISSING_CENTRAL: SR1E2Mu/Central/jets/4/mass in Skim_TriLep_DYJets.root
2026-04-28 20:31:58,126 - INFO - [2017] MISSING_CENTRAL: SR1E2Mu/Central/jets/4/mass in Skim_TriLep_DYJets10to50.root
2026-04-28 20:31:58,307 - INFO - [2018] MISSING_CENTRAL: SR1E2Mu/Central/jets/4/mass in Skim_TriLep_DYJets10to50.root
2026-04-28 20:33:19,831 - INFO - [2016preVFP] MISSING_CENTRAL: SR1E2Mu/Central/jets/4/mass in Skim_TriLep_MuonEG_E.root
2026-04-28 20:33:19,899 - INFO - [2016preVFP] MISSING_CENTRAL: SR1E2Mu/Central/jets/4/mass in Skim_TriLep_DYJets10to50.root
2026-04-28 20:33:19,908 - INFO - [2016preVFP] MISSING_CENTRAL: SR1E2Mu/Central/jets/4/mass in Skim_TriLep_WWG.root
2026-04-28 20:33:20,036 - INFO - [2016postVFP] MISSING_CENTRAL: SR1E2Mu/Central/jets/4/mass in Skim_TriLep_DYJets10to50.root
2026-04-28 20:33:20,045 - INFO - [2016postVFP] MISSING_CENTRAL: SR1E2Mu/Central/jets/4/mass in Skim_TriLep_WWG.root
2026-04-28 20:33:20,186 - INFO - [2017] MISSING_CENTRAL: SR1E2Mu/Central/jets/4/mass in Skim_TriLep_DYJets.root
2026-04-28 20:33:20,187 - INFO - [2017] MISSING_CENTRAL: SR1E2Mu/Central/jets/4/mass in Skim_TriLep_DYJets10to50.root
2026-04-28 20:33:20,363 - INFO - [2018] MISSING_CENTRAL: SR1E2Mu/Central/jets/4/mass in Skim_TriLep_DYJets10to50.root
2026-05-04 15:21:19,943 - INFO - [2016preVFP] MISSING_CENTRAL: SR1E2Mu/Central/jets/4/mass in Skim_TriLep_MuonEG_E.root
2026-05-04 15:21:20,011 - INFO - [2016preVFP] MISSING_CENTRAL: SR1E2Mu/Central/jets/4/mass in Skim_TriLep_DYJets10to50.root
2026-05-04 15:21:20,021 - INFO - [2016preVFP] MISSING_CENTRAL: SR1E2Mu/Central/jets/4/mass in Skim_TriLep_WWG.root
2026-05-04 15:21:20,162 - INFO - [2016postVFP] MISSING_CENTRAL: SR1E2Mu/Central/jets/4/mass in Skim_TriLep_DYJets10to50.root
2026-05-04 15:21:20,172 - INFO - [2016postVFP] MISSING_CENTRAL: SR1E2Mu/Central/jets/4/mass in Skim_TriLep_WWG.root
2026-05-04 15:21:20,321 - INFO - [2017] MISSING_CENTRAL: SR1E2Mu/Central/jets/4/mass in Skim_TriLep_DYJets.root
2026-05-04 15:21:20,322 - INFO - [2017] MISSING_CENTRAL: SR1E2Mu/Central/jets/4/mass in Skim_TriLep_DYJets10to50.root
2026-05-04 15:21:20,517 - INFO - [2018] MISSING_CENTRAL: SR1E2Mu/Central/jets/4/mass in Skim_TriLep_DYJets10to50.root
2026-05-04 15:38:21,905 - INFO - [2016preVFP] MISSING_CENTRAL: SR1E2Mu/Central/jets/4/mass in Skim_TriLep_MuonEG_E.root
2026-05-04 15:38:21,969 - INFO - [2016preVFP] MISSING_CENTRAL: SR1E2Mu/Central/jets/4/mass in Skim_TriLep_DYJets10to50.root
2026-05-04 15:38:21,979 - INFO - [2016preVFP] MISSING_CENTRAL: SR1E2Mu/Central/jets/4/mass in Skim_TriLep_WWG.root
2026-05-04 15:38:22,123 - INFO - [2016postVFP] MISSING_CENTRAL: SR1E2Mu/Central/jets/4/mass in Skim_TriLep_DYJets10to50.root
2026-05-04 15:38:22,134 - INFO - [2016postVFP] MISSING_CENTRAL: SR1E2Mu/Central/jets/4/mass in Skim_TriLep_WWG.root
2026-05-04 15:38:22,281 - INFO - [2017] MISSING_CENTRAL: SR1E2Mu/Central/jets/4/mass in Skim_TriLep_DYJets.root
2026-05-04 15:38:22,282 - INFO - [2017] MISSING_CENTRAL: SR1E2Mu/Central/jets/4/mass in Skim_TriLep_DYJets10to50.root
2026-05-04 15:38:22,458 - INFO - [2018] MISSING_CENTRAL: SR1E2Mu/Central/jets/4/mass in Skim_TriLep_DYJets10to50.root
2026-05-04 15:39:52,438 - INFO - [2016preVFP] MISSING_CENTRAL: SR1E2Mu/Central/jets/4/mass in Skim_TriLep_MuonEG_E.root
2026-05-04 15:39:52,505 - INFO - [2016preVFP] MISSING_CENTRAL: SR1E2Mu/Central/jets/4/mass in Skim_TriLep_DYJets10to50.root
2026-05-04 15:39:52,515 - INFO - [2016preVFP] MISSING_CENTRAL: SR1E2Mu/Central/jets/4/mass in Skim_TriLep_WWG.root
2026-05-04 15:39:52,661 - INFO - [2016postVFP] MISSING_CENTRAL: SR1E2Mu/Central/jets/4/mass in Skim_TriLep_DYJets10to50.root
2026-05-04 15:39:52,672 - INFO - [2016postVFP] MISSING_CENTRAL: SR1E2Mu/Central/jets/4/mass in Skim_TriLep_WWG.root
2026-05-04 15:39:52,817 - INFO - [2017] MISSING_CENTRAL: SR1E2Mu/Central/jets/4/mass in Skim_TriLep_DYJets.root
2026-05-04 15:39:52,818 - INFO - [2017] MISSING_CENTRAL: SR1E2Mu/Central/jets/4/mass in Skim_TriLep_DYJets10to50.root
2026-05-04 15:39:52,996 - INFO - [2018] MISSING_CENTRAL: SR1E2Mu/Central/jets/4/mass in Skim_TriLep_DYJets10to50.root
2026-05-04 16:02:33,600 - INFO - [2016preVFP] MISSING_CENTRAL: SR1E2Mu/Central/jets/4/mass in Skim_TriLep_MuonEG_E.root
2026-05-04 16:02:33,666 - INFO - [2016preVFP] MISSING_CENTRAL: SR1E2Mu/Central/jets/4/mass in Skim_TriLep_DYJets10to50.root
2026-05-04 16:02:33,676 - INFO - [2016preVFP] MISSING_CENTRAL: SR1E2Mu/Central/jets/4/mass in Skim_TriLep_WWG.root
2026-05-04 16:02:33,840 - INFO - [2016postVFP] MISSING_CENTRAL: SR1E2Mu/Central/jets/4/mass in Skim_TriLep_DYJets10to50.root
2026-05-04 16:02:33,851 - INFO - [2016postVFP] MISSING_CENTRAL: SR1E2Mu/Central/jets/4/mass in Skim_TriLep_WWG.root
2026-05-04 16:02:33,997 - INFO - [2017] MISSING_CENTRAL: SR1E2Mu/Central/jets/4/mass in Skim_TriLep_DYJets.root
2026-05-04 16:02:33,998 - INFO - [2017] MISSING_CENTRAL: SR1E2Mu/Central/jets/4/mass in Skim_TriLep_DYJets10to50.root
2026-05-04 16:02:34,188 - INFO - [2018] MISSING_CENTRAL: SR1E2Mu/Central/jets/4/mass in Skim_TriLep_DYJets10to50.root
2026-05-04 16:03:57,898 - INFO - [2016preVFP] MISSING_CENTRAL: SR1E2Mu/Central/jets/4/mass in Skim_TriLep_MuonEG_E.root
2026-05-04 16:03:57,963 - INFO - [2016preVFP] MISSING_CENTRAL: SR1E2Mu/Central/jets/4/mass in Skim_TriLep_DYJets10to50.root
2026-05-04 16:03:57,972 - INFO - [2016preVFP] MISSING_CENTRAL: SR1E2Mu/Central/jets/4/mass in Skim_TriLep_WWG.root
2026-05-04 16:03:58,118 - INFO - [2016postVFP] MISSING_CENTRAL: SR1E2Mu/Central/jets/4/mass in Skim_TriLep_DYJets10to50.root
2026-05-04 16:03:58,128 - INFO - [2016postVFP] MISSING_CENTRAL: SR1E2Mu/Central/jets/4/mass in Skim_TriLep_WWG.root
2026-05-04 16:03:58,284 - INFO - [2017] MISSING_CENTRAL: SR1E2Mu/Central/jets/4/mass in Skim_TriLep_DYJets.root
2026-05-04 16:03:58,284 - INFO - [2017] MISSING_CENTRAL: SR1E2Mu/Central/jets/4/mass in Skim_TriLep_DYJets10to50.root
2026-05-04 16:03:58,444 - INFO - [2018] MISSING_CENTRAL: SR1E2Mu/Central/jets/4/mass in Skim_TriLep_DYJets10to50.root
2026-05-04 17:00:07,681 - INFO - [2016preVFP] MISSING_CENTRAL: SR1E2Mu/Central/jets/4/mass in Skim_TriLep_MuonEG_E.root
2026-05-04 17:00:07,749 - INFO - [2016preVFP] MISSING_CENTRAL: SR1E2Mu/Central/jets/4/mass in Skim_TriLep_DYJets10to50.root
2026-05-04 17:00:07,758 - INFO - [2016preVFP] MISSING_CENTRAL: SR1E2Mu/Central/jets/4/mass in Skim_TriLep_WWG.root
2026-05-04 17:00:07,897 - INFO - [2016postVFP] MISSING_CENTRAL: SR1E2Mu/Central/jets/4/mass in Skim_TriLep_DYJets10to50.root
2026-05-04 17:00:07,907 - INFO - [2016postVFP] MISSING_CENTRAL: SR1E2Mu/Central/jets/4/mass in Skim_TriLep_WWG.root
2026-05-04 17:00:08,050 - INFO - [2017] MISSING_CENTRAL: SR1E2Mu/Central/jets/4/mass in Skim_TriLep_DYJets.root
2026-05-04 17:00:08,051 - INFO - [2017] MISSING_CENTRAL: SR1E2Mu/Central/jets/4/mass in Skim_TriLep_DYJets10to50.root
2026-05-04 17:00:08,229 - INFO - [2018] MISSING_CENTRAL: SR1E2Mu/Central/jets/4/mass in Skim_TriLep_DYJets10to50.root
2026-05-04 17:07:15,272 - INFO - [2016preVFP] MISSING_CENTRAL: SR1E2Mu/Central/jets/4/mass in Skim_TriLep_MuonEG_E.root
2026-05-04 17:07:15,337 - INFO - [2016preVFP] MISSING_CENTRAL: SR1E2Mu/Central/jets/4/mass in Skim_TriLep_DYJets10to50.root
2026-05-04 17:07:15,346 - INFO - [2016preVFP] MISSING_CENTRAL: SR1E2Mu/Central/jets/4/mass in Skim_TriLep_WWG.root
2026-05-04 17:07:15,485 - INFO - [2016postVFP] MISSING_CENTRAL: SR1E2Mu/Central/jets/4/mass in Skim_TriLep_DYJets10to50.root
2026-05-04 17:07:15,494 - INFO - [2016postVFP] MISSING_CENTRAL: SR1E2Mu/Central/jets/4/mass in Skim_TriLep_WWG.root
2026-05-04 17:07:15,627 - INFO - [2017] MISSING_CENTRAL: SR1E2Mu/Central/jets/4/mass in Skim_TriLep_DYJets.root
2026-05-04 17:07:15,628 - INFO - [2017] MISSING_CENTRAL: SR1E2Mu/Central/jets/4/mass in Skim_TriLep_DYJets10to50.root
2026-05-04 17:07:15,797 - INFO - [2018] MISSING_CENTRAL: SR1E2Mu/Central/jets/4/mass in Skim_TriLep_DYJets10to50.root
2026-05-28 15:36:48,991 - INFO - [2016preVFP] MISSING_CENTRAL: SR1E2Mu/Central/jets/4/mass in Skim_TriLep_MuonEG_E.root
2026-05-28 15:36:49,104 - INFO - [2016preVFP] MISSING_CENTRAL: SR1E2Mu/Central/jets/4/mass in Skim_TriLep_DYJets10to50.root
2026-05-28 15:36:49,121 - INFO - [2016preVFP] MISSING_CENTRAL: SR1E2Mu/Central/jets/4/mass in Skim_TriLep_WWG.root
2026-05-28 15:36:49,383 - INFO - [2016postVFP] MISSING_CENTRAL: SR1E2Mu/Central/jets/4/mass in Skim_TriLep_DYJets10to50.root
2026-05-28 15:36:49,402 - INFO - [2016postVFP] MISSING_CENTRAL: SR1E2Mu/Central/jets/4/mass in Skim_TriLep_WWG.root
2026-05-28 15:36:49,660 - INFO - [2017] MISSING_CENTRAL: SR1E2Mu/Central/jets/4/mass in Skim_TriLep_DYJets.root
2026-05-28 15:36:49,661 - INFO - [2017] MISSING_CENTRAL: SR1E2Mu/Central/jets/4/mass in Skim_TriLep_DYJets10to50.root
2026-05-28 15:36:49,981 - INFO - [2018] MISSING_CENTRAL: SR1E2Mu/Central/jets/4/mass in Skim_TriLep_DYJets10to50.root
2026-05-28 15:44:10,329 - INFO - [2016preVFP] MISSING_CENTRAL: SR1E2Mu/Central/jets/4/mass in Skim_TriLep_MuonEG_E.root
2026-05-28 15:44:10,465 - INFO - [2016preVFP] MISSING_CENTRAL: SR1E2Mu/Central/jets/4/mass in Skim_TriLep_DYJets10to50.root
2026-05-28 15:44:10,481 - INFO - [2016preVFP] MISSING_CENTRAL: SR1E2Mu/Central/jets/4/mass in Skim_TriLep_WWG.root
2026-05-28 15:44:10,782 - INFO - [2016postVFP] MISSING_CENTRAL: SR1E2Mu/Central/jets/4/mass in Skim_TriLep_DYJets10to50.root
2026-05-28 15:44:10,800 - INFO - [2016postVFP] MISSING_CENTRAL: SR1E2Mu/Central/jets/4/mass in Skim_TriLep_WWG.root
2026-05-28 15:44:11,067 - INFO - [2017] MISSING_CENTRAL: SR1E2Mu/Central/jets/4/mass in Skim_TriLep_DYJets.root
2026-05-28 15:44:11,069 - INFO - [2017] MISSING_CENTRAL: SR1E2Mu/Central/jets/4/mass in Skim_TriLep_DYJets10to50.root
2026-05-28 15:44:11,365 - INFO - [2018] MISSING_CENTRAL: SR1E2Mu/Central/jets/4/mass in Skim_TriLep_DYJets10to50.root
2026-05-29 15:17:06,217 - INFO - [2016preVFP] MISSING_CENTRAL: SR1E2Mu/Central/jets/4/mass in Skim_TriLep_MuonEG_E.root
2026-05-29 15:17:06,280 - INFO - [2016preVFP] MISSING_CENTRAL: SR1E2Mu/Central/jets/4/mass in Skim_TriLep_DYJets10to50.root
2026-05-29 15:17:06,289 - INFO - [2016preVFP] MISSING_CENTRAL: SR1E2Mu/Central/jets/4/mass in Skim_TriLep_WWG.root
2026-05-29 15:17:06,421 - INFO - [2016postVFP] MISSING_CENTRAL: SR1E2Mu/Central/jets/4/mass in Skim_TriLep_DYJets10to50.root
2026-05-29 15:17:06,431 - INFO - [2016postVFP] MISSING_CENTRAL: SR1E2Mu/Central/jets/4/mass in Skim_TriLep_WWG.root
2026-05-29 15:17:06,560 - INFO - [2017] MISSING_CENTRAL: SR1E2Mu/Central/jets/4/mass in Skim_TriLep_DYJets.root
2026-05-29 15:17:06,561 - INFO - [2017] MISSING_CENTRAL: SR1E2Mu/Central/jets/4/mass in Skim_TriLep_DYJets10to50.root
2026-05-29 15:17:06,706 - INFO - [2018] MISSING_CENTRAL: SR1E2Mu/Central/jets/4/mass in Skim_TriLep_DYJets10to50.root
2026-05-29 15:19:31,049 - INFO - [2016preVFP] MISSING_CENTRAL: SR1E2Mu/Central/jets/4/mass in Skim_TriLep_MuonEG_E.root
2026-05-29 15:19:31,114 - INFO - [2016preVFP] MISSING_CENTRAL: SR1E2Mu/Central/jets/4/mass in Skim_TriLep_DYJets10to50.root
2026-05-29 15:19:31,123 - INFO - [2016preVFP] MISSING_CENTRAL: SR1E2Mu/Central/jets/4/mass in Skim_TriLep_WWG.root
2026-05-29 15:19:31,256 - INFO - [2016postVFP] MISSING_CENTRAL: SR1E2Mu/Central/jets/4/mass in Skim_TriLep_DYJets10to50.root
2026-05-29 15:19:31,267 - INFO - [2016postVFP] MISSING_CENTRAL: SR1E2Mu/Central/jets/4/mass in Skim_TriLep_WWG.root
2026-05-29 15:19:31,407 - INFO - [2017] MISSING_CENTRAL: SR1E2Mu/Central/jets/4/mass in Skim_TriLep_DYJets.root
2026-05-29 15:19:31,407 - INFO - [2017] MISSING_CENTRAL: SR1E2Mu/Central/jets/4/mass in Skim_TriLep_DYJets10to50.root
2026-05-29 15:19:31,579 - INFO - [2018] MISSING_CENTRAL: SR1E2Mu/Central/jets/4/mass in Skim_TriLep_DYJets10to50.root
2026-05-29 15:21:00,075 - INFO - [2016preVFP] MISSING_CENTRAL: SR1E2Mu/Central/jets/4/mass in Skim_TriLep_MuonEG_E.root
2026-05-29 15:21:00,151 - INFO - [2016preVFP] MISSING_CENTRAL: SR1E2Mu/Central/jets/4/mass in Skim_TriLep_DYJets10to50.root
2026-05-29 15:21:00,161 - INFO - [2016preVFP] MISSING_CENTRAL: SR1E2Mu/Central/jets/4/mass in Skim_TriLep_WWG.root
2026-05-29 15:21:00,301 - INFO - [2016postVFP] MISSING_CENTRAL: SR1E2Mu/Central/jets/4/mass in Skim_TriLep_DYJets10to50.root
2026-05-29 15:21:00,311 - INFO - [2016postVFP] MISSING_CENTRAL: SR1E2Mu/Central/jets/4/mass in Skim_TriLep_WWG.root
2026-05-29 15:21:00,448 - INFO - [2017] MISSING_CENTRAL: SR1E2Mu/Central/jets/4/mass in Skim_TriLep_DYJets.root
2026-05-29 15:21:00,449 - INFO - [2017] MISSING_CENTRAL: SR1E2Mu/Central/jets/4/mass in Skim_TriLep_DYJets10to50.root
2026-05-29 15:21:00,622 - INFO - [2018] MISSING_CENTRAL: SR1E2Mu/Central/jets/4/mass in Skim_TriLep_DYJets10to50.root
2026-05-29 15:27:45,700 - INFO - [2016preVFP] MISSING_CENTRAL: SR1E2Mu/Central/jets/4/mass in Skim_TriLep_MuonEG_E.root
2026-05-29 15:27:45,770 - INFO - [2016preVFP] MISSING_CENTRAL: SR1E2Mu/Central/jets/4/mass in Skim_TriLep_DYJets10to50.root
2026-05-29 15:27:45,779 - INFO - [2016preVFP] MISSING_CENTRAL: SR1E2Mu/Central/jets/4/mass in Skim_TriLep_WWG.root
2026-05-29 15:27:45,922 - INFO - [2016postVFP] MISSING_CENTRAL: SR1E2Mu/Central/jets/4/mass in Skim_TriLep_DYJets10to50.root
2026-05-29 15:27:45,933 - INFO - [2016postVFP] MISSING_CENTRAL: SR1E2Mu/Central/jets/4/mass in Skim_TriLep_WWG.root
2026-05-29 15:27:46,079 - INFO - [2017] MISSING_CENTRAL: SR1E2Mu/Central/jets/4/mass in Skim_TriLep_DYJets.root
2026-05-29 15:27:46,080 - INFO - [2017] MISSING_CENTRAL: SR1E2Mu/Central/jets/4/mass in Skim_TriLep_DYJets10to50.root
2026-05-29 15:27:46,259 - INFO - [2018] MISSING_CENTRAL: SR1E2Mu/Central/jets/4/mass in Skim_TriLep_DYJets10to50.root
2026-05-29 15:35:02,011 - INFO - [2016preVFP] MISSING_CENTRAL: SR1E2Mu/Central/jets/4/mass in Skim_TriLep_MuonEG_E.root
2026-05-29 15:35:02,078 - INFO - [2016preVFP] MISSING_CENTRAL: SR1E2Mu/Central/jets/4/mass in Skim_TriLep_DYJets10to50.root
2026-05-29 15:35:02,088 - INFO - [2016preVFP] MISSING_CENTRAL: SR1E2Mu/Central/jets/4/mass in Skim_TriLep_WWG.root
2026-05-29 15:35:02,232 - INFO - [2016postVFP] MISSING_CENTRAL: SR1E2Mu/Central/jets/4/mass in Skim_TriLep_DYJets10to50.root
2026-05-29 15:35:02,242 - INFO - [2016postVFP] MISSING_CENTRAL: SR1E2Mu/Central/jets/4/mass in Skim_TriLep_WWG.root
2026-05-29 15:35:02,379 - INFO - [2017] MISSING_CENTRAL: SR1E2Mu/Central/jets/4/mass in Skim_TriLep_DYJets.root
2026-05-29 15:35:02,380 - INFO - [2017] MISSING_CENTRAL: SR1E2Mu/Central/jets/4/mass in Skim_TriLep_DYJets10to50.root
2026-05-29 15:35:02,549 - INFO - [2018] MISSING_CENTRAL: SR1E2Mu/Central/jets/4/mass in Skim_TriLep_DYJets10to50.root
2026-05-29 18:19:00,540 - INFO - [2016preVFP] MISSING_CENTRAL: SR1E2Mu/Central/jets/4/mass in Skim_TriLep_MuonEG_E.root
2026-05-29 18:19:00,605 - INFO - [2016preVFP] MISSING_CENTRAL: SR1E2Mu/Central/jets/4/mass in Skim_TriLep_DYJets10to50.root
2026-05-29 18:19:00,614 - INFO - [2016preVFP] MISSING_CENTRAL: SR1E2Mu/Central/jets/4/mass in Skim_TriLep_WWG.root
2026-05-29 18:19:00,752 - INFO - [2016postVFP] MISSING_CENTRAL: SR1E2Mu/Central/jets/4/mass in Skim_TriLep_DYJets10to50.root
2026-05-29 18:19:00,762 - INFO - [2016postVFP] MISSING_CENTRAL: SR1E2Mu/Central/jets/4/mass in Skim_TriLep_WWG.root
2026-05-29 18:19:00,897 - INFO - [2017] MISSING_CENTRAL: SR1E2Mu/Central/jets/4/mass in Skim_TriLep_DYJets.root
2026-05-29 18:19:00,898 - INFO - [2017] MISSING_CENTRAL: SR1E2Mu/Central/jets/4/mass in Skim_TriLep_DYJets10to50.root
2026-05-29 18:19:01,058 - INFO - [2018] MISSING_CENTRAL: SR1E2Mu/Central/jets/4/mass in Skim_TriLep_DYJets10to50.root
2026-05-29 18:26:16,045 - INFO - [2016preVFP] MISSING_CENTRAL: SR1E2Mu/Central/jets/4/mass in Skim_TriLep_MuonEG_E.root
2026-05-29 18:26:16,113 - INFO - [2016preVFP] MISSING_CENTRAL: SR1E2Mu/Central/jets/4/mass in Skim_TriLep_DYJets10to50.root
2026-05-29 18:26:16,123 - INFO - [2016preVFP] MISSING_CENTRAL: SR1E2Mu/Central/jets/4/mass in Skim_TriLep_WWG.root
2026-05-29 18:26:16,267 - INFO - [2016postVFP] MISSING_CENTRAL: SR1E2Mu/Central/jets/4/mass in Skim_TriLep_DYJets10to50.root
2026-05-29 18:26:16,277 - INFO - [2016postVFP] MISSING_CENTRAL: SR1E2Mu/Central/jets/4/mass in Skim_TriLep_WWG.root
2026-05-29 18:26:16,420 - INFO - [2017] MISSING_CENTRAL: SR1E2Mu/Central/jets/4/mass in Skim_TriLep_DYJets.root
2026-05-29 18:26:16,421 - INFO - [2017] MISSING_CENTRAL: SR1E2Mu/Central/jets/4/mass in Skim_TriLep_DYJets10to50.root
2026-05-29 18:26:16,596 - INFO - [2018] MISSING_CENTRAL: SR1E2Mu/Central/jets/4/mass in Skim_TriLep_DYJets10to50.root
2026-06-12 13:57:39,602 - INFO - [2016preVFP] MISSING_CENTRAL: SR1E2Mu/Central/jets/4/mass in Skim_TriLep_MuonEG_E.root
2026-06-12 13:57:39,666 - INFO - [2016preVFP] MISSING_CENTRAL: SR1E2Mu/Central/jets/4/mass in Skim_TriLep_DYJets10to50.root
2026-06-12 13:57:39,675 - INFO - [2016preVFP] MISSING_CENTRAL: SR1E2Mu/Central/jets/4/mass in Skim_TriLep_WWG.root
2026-06-12 13:57:39,807 - INFO - [2016postVFP] MISSING_CENTRAL: SR1E2Mu/Central/jets/4/mass in Skim_TriLep_DYJets10to50.root
2026-06-12 13:57:39,817 - INFO - [2016postVFP] MISSING_CENTRAL: SR1E2Mu/Central/jets/4/mass in Skim_TriLep_WWG.root
2026-06-12 13:57:39,946 - INFO - [2017] MISSING_CENTRAL: SR1E2Mu/Central/jets/4/mass in Skim_TriLep_DYJets.root
2026-06-12 13:57:39,947 - INFO - [2017] MISSING_CENTRAL: SR1E2Mu/Central/jets/4/mass in Skim_TriLep_DYJets10to50.root
2026-06-12 13:57:40,118 - INFO - [2018] MISSING_CENTRAL: SR1E2Mu/Central/jets/4/mass in Skim_TriLep_DYJets10to50.root
2026-06-12 14:05:06,996 - INFO - [2016preVFP] MISSING_CENTRAL: SR1E2Mu/Central/jets/4/mass in Skim_TriLep_MuonEG_E.root
2026-06-12 14:05:07,061 - INFO - [2016preVFP] MISSING_CENTRAL: SR1E2Mu/Central/jets/4/mass in Skim_TriLep_DYJets10to50.root
2026-06-12 14:05:07,071 - INFO - [2016preVFP] MISSING_CENTRAL: SR1E2Mu/Central/jets/4/mass in Skim_TriLep_WWG.root
2026-06-12 14:05:07,212 - INFO - [2016postVFP] MISSING_CENTRAL: SR1E2Mu/Central/jets/4/mass in Skim_TriLep_DYJets10to50.root
2026-06-12 14:05:07,222 - INFO - [2016postVFP] MISSING_CENTRAL: SR1E2Mu/Central/jets/4/mass in Skim_TriLep_WWG.root
2026-06-12 14:05:07,363 - INFO - [2017] MISSING_CENTRAL: SR1E2Mu/Central/jets/4/mass in Skim_TriLep_DYJets.root
2026-06-12 14:05:07,364 - INFO - [2017] MISSING_CENTRAL: SR1E2Mu/Central/jets/4/mass in Skim_TriLep_DYJets10to50.root
2026-06-12 14:05:07,538 - INFO - [2018] MISSING_CENTRAL: SR1E2Mu/Central/jets/4/mass in Skim_TriLep_DYJets10to50.root
2026-06-12 14:26:57,059 - INFO - [2016preVFP] MISSING_CENTRAL: SR1E2Mu/Central/jets/4/mass in Skim_TriLep_MuonEG_E.root
2026-06-12 14:26:57,125 - INFO - [2016preVFP] MISSING_CENTRAL: SR1E2Mu/Central/jets/4/mass in Skim_TriLep_DYJets10to50.root
2026-06-12 14:26:57,134 - INFO - [2016preVFP] MISSING_CENTRAL: SR1E2Mu/Central/jets/4/mass in Skim_TriLep_WWG.root
2026-06-12 14:26:57,274 - INFO - [2016postVFP] MISSING_CENTRAL: SR1E2Mu/Central/jets/4/mass in Skim_TriLep_DYJets10to50.root
2026-06-12 14:26:57,284 - INFO - [2016postVFP] MISSING_CENTRAL: SR1E2Mu/Central/jets/4/mass in Skim_TriLep_WWG.root
2026-06-12 14:26:57,422 - INFO - [2017] MISSING_CENTRAL: SR1E2Mu/Central/jets/4/mass in Skim_TriLep_DYJets.root
2026-06-12 14:26:57,423 - INFO - [2017] MISSING_CENTRAL: SR1E2Mu/Central/jets/4/mass in Skim_TriLep_DYJets10to50.root
2026-06-12 14:26:57,599 - INFO - [2018] MISSING_CENTRAL: SR1E2Mu/Central/jets/4/mass in Skim_TriLep_DYJets10to50.root
2026-06-18 00:21:16,812 - INFO - [2016preVFP] MISSING_CENTRAL: SR1E2Mu/Central/jets/4/mass in Skim_TriLep_MuonEG_E.root
2026-06-18 00:21:16,878 - INFO - [2016preVFP] MISSING_CENTRAL: SR1E2Mu/Central/jets/4/mass in Skim_TriLep_DYJets10to50.root
2026-06-18 00:21:16,888 - INFO - [2016preVFP] MISSING_CENTRAL: SR1E2Mu/Central/jets/4/mass in Skim_TriLep_WWG.root
2026-06-18 00:21:17,057 - INFO - [2016postVFP] MISSING_CENTRAL: SR1E2Mu/Central/jets/4/mass in Skim_TriLep_DYJets10to50.root
2026-06-18 00:21:17,067 - INFO - [2016postVFP] MISSING_CENTRAL: SR1E2Mu/Central/jets/4/mass in Skim_TriLep_WWG.root
2026-06-18 00:21:17,231 - INFO - [2017] MISSING_CENTRAL: SR1E2Mu/Central/jets/4/mass in Skim_TriLep_DYJets.root
2026-06-18 00:21:17,231 - INFO - [2017] MISSING_CENTRAL: SR1E2Mu/Central/jets/4/mass in Skim_TriLep_DYJets10to50.root
2026-06-18 00:21:17,411 - INFO - [2018] MISSING_CENTRAL: SR1E2Mu/Central/jets/4/mass in Skim_TriLep_DYJets10to50.root
2026-07-01 17:35:39,436 - INFO - [2016preVFP] MISSING_CENTRAL: SR1E2Mu/Central/jets/4/mass in Skim_TriLep_MuonEG_E.root
2026-07-01 17:35:39,532 - INFO - [2016preVFP] MISSING_CENTRAL: SR1E2Mu/Central/jets/4/mass in Skim_TriLep_DYJets10to50.root
2026-07-01 17:35:39,548 - INFO - [2016preVFP] MISSING_CENTRAL: SR1E2Mu/Central/jets/4/mass in Skim_TriLep_WWG.root
2026-07-01 17:35:39,830 - INFO - [2016postVFP] MISSING_CENTRAL: SR1E2Mu/Central/jets/4/mass in Skim_TriLep_DYJets10to50.root
2026-07-01 17:35:39,846 - INFO - [2016postVFP] MISSING_CENTRAL: SR1E2Mu/Central/jets/4/mass in Skim_TriLep_WWG.root
2026-07-01 17:35:40,126 - INFO - [2017] MISSING_CENTRAL: SR1E2Mu/Central/jets/4/mass in Skim_TriLep_DYJets.root
2026-07-01 17:35:40,127 - INFO - [2017] MISSING_CENTRAL: SR1E2Mu/Central/jets/4/mass in Skim_TriLep_DYJets10to50.root
2026-07-01 17:35:40,509 - INFO - [2018] MISSING_CENTRAL: SR1E2Mu/Central/jets/4/mass in Skim_TriLep_DYJets10to50.root
