2025-09-24 15:52:46,386 - INFO - [2016preVFP] MISSING_CENTRAL: SR1E2Mu/Central/METv/px in Skim_TriLep_DYJets10to50.root
2025-09-24 15:52:46,712 - INFO - [2016postVFP] MISSING_CENTRAL: SR1E2Mu/Central/METv/px in Skim_TriLep_DYJets10to50.root
2025-09-24 15:52:47,063 - INFO - [2017] MISSING_CENTRAL: SR1E2Mu/Central/METv/px in Skim_TriLep_DYJets10to50.root
2025-09-24 15:52:47,428 - INFO - [2018] MISSING_CENTRAL: SR1E2Mu/Central/METv/px in Skim_TriLep_DYJets10to50.root
2025-09-24 15:52:47,442 - INFO - [2018] MISSING_FILE: /Users/choij/Sync/workspace/ChargedHiggsAnalysisV3/SKNanoOutput/PromptSelector/Run1E2Mu_RunSyst/2018/Skim_TriLep_TTG.root
2025-09-24 15:52:47,504 - INFO - [2018] MISSING_FILE: /Users/choij/Sync/workspace/ChargedHiggsAnalysisV3/SKNanoOutput/PromptSelector/Run1E2Mu_RunSyst/2018/Skim_TriLep_TTHToNonbb.root
2025-09-24 15:52:47,578 - INFO - [2018] MISSING_FILE: /Users/choij/Sync/workspace/ChargedHiggsAnalysisV3/SKNanoOutput/PromptSelector/Run1E2Mu_RunSyst/2018/Skim_TriLep_tHq.root
2025-09-24 15:52:47,710 - INFO - [2018] MISSING_FILE: /Users/choij/Sync/workspace/ChargedHiggsAnalysisV3/SKNanoOutput/PromptSelector/Run1E2Mu_RunSyst/2018/Skim_TriLep_VBFHToZZTo4L.root
2025-10-02 21:15:29,632 - INFO - [2016preVFP] MISSING_CENTRAL: SR1E2Mu/Central/METv/px in Skim_TriLep_DYJets10to50.root
2025-10-02 21:15:30,174 - INFO - [2016postVFP] MISSING_CENTRAL: SR1E2Mu/Central/METv/px in Skim_TriLep_DYJets10to50.root
2025-10-02 21:15:30,763 - INFO - [2017] MISSING_CENTRAL: SR1E2Mu/Central/METv/px in Skim_TriLep_DYJets10to50.root
2025-10-02 21:15:31,320 - INFO - [2018] MISSING_CENTRAL: SR1E2Mu/Central/METv/px in Skim_TriLep_DYJets10to50.root
2025-10-02 21:15:31,348 - INFO - [2018] MISSING_FILE: /data9/Users/choij/Sync/workspace/ChargedHiggsAnalysisV3/SKNanoOutput/PromptSelector/Run1E2Mu_RunSyst/2018/Skim_TriLep_TTG.root
2025-10-02 21:15:31,450 - INFO - [2018] MISSING_FILE: /data9/Users/choij/Sync/workspace/ChargedHiggsAnalysisV3/SKNanoOutput/PromptSelector/Run1E2Mu_RunSyst/2018/Skim_TriLep_TTHToNonbb.root
2025-10-02 21:15:31,547 - INFO - [2018] MISSING_FILE: /data9/Users/choij/Sync/workspace/ChargedHiggsAnalysisV3/SKNanoOutput/PromptSelector/Run1E2Mu_RunSyst/2018/Skim_TriLep_tHq.root
2025-10-02 21:15:31,696 - INFO - [2018] MISSING_FILE: /data9/Users/choij/Sync/workspace/ChargedHiggsAnalysisV3/SKNanoOutput/PromptSelector/Run1E2Mu_RunSyst/2018/Skim_TriLep_VBFHToZZTo4L.root
2025-10-03 00:04:58,706 - INFO - [2016preVFP] MISSING_CENTRAL: SR1E2Mu/Central/METv/px in Skim_TriLep_DYJets10to50.root
2025-10-03 00:04:59,404 - INFO - [2016postVFP] MISSING_CENTRAL: SR1E2Mu/Central/METv/px in Skim_TriLep_DYJets10to50.root
2025-10-03 00:04:59,724 - INFO - [2017] MISSING_CENTRAL: SR1E2Mu/Central/METv/px in Skim_TriLep_DYJets10to50.root
2025-10-03 00:05:00,039 - INFO - [2018] MISSING_CENTRAL: SR1E2Mu/Central/METv/px in Skim_TriLep_DYJets10to50.root
2025-10-03 00:05:00,053 - INFO - [2018] MISSING_FILE: /Users/choij/Sync/workspace/ChargedHiggsAnalysisV3/SKNanoOutput/PromptSelector/Run1E2Mu_RunSyst/2018/Skim_TriLep_TTG.root
2025-10-03 00:05:00,108 - INFO - [2018] MISSING_FILE: /Users/choij/Sync/workspace/ChargedHiggsAnalysisV3/SKNanoOutput/PromptSelector/Run1E2Mu_RunSyst/2018/Skim_TriLep_TTHToNonbb.root
2025-10-03 00:05:00,170 - INFO - [2018] MISSING_FILE: /Users/choij/Sync/workspace/ChargedHiggsAnalysisV3/SKNanoOutput/PromptSelector/Run1E2Mu_RunSyst/2018/Skim_TriLep_tHq.root
2025-10-03 00:05:00,257 - INFO - [2018] MISSING_FILE: /Users/choij/Sync/workspace/ChargedHiggsAnalysisV3/SKNanoOutput/PromptSelector/Run1E2Mu_RunSyst/2018/Skim_TriLep_VBFHToZZTo4L.root
2025-11-05 20:29:17,494 - INFO - [2016preVFP] MISSING_CENTRAL: SR1E2Mu/Central/METv/px in Skim_TriLep_DYJets10to50.root
2025-11-05 20:29:17,920 - INFO - [2016postVFP] MISSING_CENTRAL: SR1E2Mu/Central/METv/px in Skim_TriLep_DYJets10to50.root
2025-11-05 20:29:18,213 - INFO - [2017] MISSING_CENTRAL: SR1E2Mu/Central/METv/px in Skim_TriLep_DYJets10to50.root
2025-11-05 20:29:18,514 - INFO - [2018] MISSING_CENTRAL: SR1E2Mu/Central/METv/px in Skim_TriLep_DYJets10to50.root
2025-11-05 21:39:38,201 - INFO - [2016preVFP] MISSING_CENTRAL: SR1E2Mu/Central/METv/px in Skim_TriLep_DYJets10to50.root
2025-11-05 21:39:38,681 - INFO - [2016postVFP] MISSING_CENTRAL: SR1E2Mu/Central/METv/px in Skim_TriLep_DYJets10to50.root
2025-11-05 21:39:39,021 - INFO - [2017] MISSING_CENTRAL: SR1E2Mu/Central/METv/px in Skim_TriLep_DYJets10to50.root
2025-11-05 21:39:39,281 - INFO - [2018] MISSING_CENTRAL: SR1E2Mu/Central/METv/px in Skim_TriLep_DYJets10to50.root
2025-11-05 22:03:27,776 - INFO - [2016preVFP] MISSING_CENTRAL: SR1E2Mu/Central/METv/px in Skim_TriLep_DYJets10to50.root
2025-11-05 22:03:28,163 - INFO - [2016postVFP] MISSING_CENTRAL: SR1E2Mu/Central/METv/px in Skim_TriLep_DYJets10to50.root
2025-11-05 22:03:28,664 - INFO - [2017] MISSING_CENTRAL: SR1E2Mu/Central/METv/px in Skim_TriLep_DYJets10to50.root
2025-11-05 22:03:28,973 - INFO - [2018] MISSING_CENTRAL: SR1E2Mu/Central/METv/px in Skim_TriLep_DYJets10to50.root
2025-11-05 22:19:12,364 - INFO - [2016preVFP] MISSING_CENTRAL: SR1E2Mu/Central/METv/px in Skim_TriLep_DYJets10to50.root
2025-11-05 22:19:12,833 - INFO - [2016postVFP] MISSING_CENTRAL: SR1E2Mu/Central/METv/px in Skim_TriLep_DYJets10to50.root
2025-11-05 22:19:13,234 - INFO - [2017] MISSING_CENTRAL: SR1E2Mu/Central/METv/px in Skim_TriLep_DYJets10to50.root
2025-11-05 22:19:13,568 - INFO - [2018] MISSING_CENTRAL: SR1E2Mu/Central/METv/px in Skim_TriLep_DYJets10to50.root
2025-11-05 23:23:45,857 - INFO - [2016preVFP] MISSING_CENTRAL: SR1E2Mu/Central/METv/px in Skim_TriLep_DYJets10to50.root
2025-11-05 23:23:46,210 - INFO - [2016postVFP] MISSING_CENTRAL: SR1E2Mu/Central/METv/px in Skim_TriLep_DYJets10to50.root
2025-11-05 23:23:46,691 - INFO - [2017] MISSING_CENTRAL: SR1E2Mu/Central/METv/px in Skim_TriLep_DYJets10to50.root
2025-11-05 23:23:47,050 - INFO - [2018] MISSING_CENTRAL: SR1E2Mu/Central/METv/px in Skim_TriLep_DYJets10to50.root
2025-11-07 12:26:57,065 - INFO - [2016preVFP] MISSING_CENTRAL: SR1E2Mu/Central/METv/px in Skim_TriLep_DYJets10to50.root
2025-11-07 12:26:57,471 - INFO - [2016postVFP] MISSING_CENTRAL: SR1E2Mu/Central/METv/px in Skim_TriLep_DYJets10to50.root
2025-11-07 12:26:57,875 - INFO - [2017] MISSING_CENTRAL: SR1E2Mu/Central/METv/px in Skim_TriLep_DYJets10to50.root
2025-11-07 12:26:58,248 - INFO - [2018] MISSING_CENTRAL: SR1E2Mu/Central/METv/px in Skim_TriLep_DYJets10to50.root
2025-11-07 13:07:31,046 - INFO - [2016preVFP] MISSING_CENTRAL: SR1E2Mu/Central/METv/px in Skim_TriLep_DYJets10to50.root
2025-11-07 13:07:31,369 - INFO - [2016postVFP] MISSING_CENTRAL: SR1E2Mu/Central/METv/px in Skim_TriLep_DYJets10to50.root
2025-11-07 13:07:31,837 - INFO - [2017] MISSING_CENTRAL: SR1E2Mu/Central/METv/px in Skim_TriLep_DYJets10to50.root
2025-11-07 13:07:32,157 - INFO - [2018] MISSING_CENTRAL: SR1E2Mu/Central/METv/px in Skim_TriLep_DYJets10to50.root
2025-11-07 14:05:49,080 - INFO - [2016preVFP] MISSING_CENTRAL: SR1E2Mu/Central/METv/px in Skim_TriLep_DYJets10to50.root
2025-11-07 14:05:49,405 - INFO - [2016postVFP] MISSING_CENTRAL: SR1E2Mu/Central/METv/px in Skim_TriLep_DYJets10to50.root
2025-11-07 14:05:49,823 - INFO - [2017] MISSING_CENTRAL: SR1E2Mu/Central/METv/px in Skim_TriLep_DYJets10to50.root
2025-11-07 14:05:50,221 - INFO - [2018] MISSING_CENTRAL: SR1E2Mu/Central/METv/px in Skim_TriLep_DYJets10to50.root
2025-11-10 05:58:21,691 - INFO - [2016preVFP] MISSING_CENTRAL: SR1E2Mu/Central/METv/px in Skim_TriLep_DYJets10to50.root
2025-11-10 05:58:22,181 - INFO - [2016postVFP] MISSING_CENTRAL: SR1E2Mu/Central/METv/px in Skim_TriLep_DYJets10to50.root
2025-11-10 05:58:22,620 - INFO - [2017] MISSING_CENTRAL: SR1E2Mu/Central/METv/px in Skim_TriLep_DYJets10to50.root
2025-11-10 05:58:22,940 - INFO - [2018] MISSING_CENTRAL: SR1E2Mu/Central/METv/px in Skim_TriLep_DYJets10to50.root
2025-11-10 12:20:52,869 - INFO - [2016preVFP] MISSING_CENTRAL: SR1E2Mu/Central/METv/px in Skim_TriLep_DYJets10to50.root
2025-11-10 12:20:53,293 - INFO - [2016postVFP] MISSING_CENTRAL: SR1E2Mu/Central/METv/px in Skim_TriLep_DYJets10to50.root
2025-11-10 12:20:53,718 - INFO - [2017] MISSING_CENTRAL: SR1E2Mu/Central/METv/px in Skim_TriLep_DYJets10to50.root
2025-11-10 12:20:54,054 - INFO - [2018] MISSING_CENTRAL: SR1E2Mu/Central/METv/px in Skim_TriLep_DYJets10to50.root
2025-11-13 11:10:20,602 - INFO - [2016preVFP] MISSING_CENTRAL: SR1E2Mu/Central/METv/px in Skim_TriLep_DYJets10to50.root
2025-11-13 11:10:21,313 - INFO - [2016postVFP] MISSING_CENTRAL: SR1E2Mu/Central/METv/px in Skim_TriLep_DYJets10to50.root
2025-11-13 11:10:21,890 - INFO - [2017] MISSING_CENTRAL: SR1E2Mu/Central/METv/px in Skim_TriLep_DYJets10to50.root
2025-11-13 11:10:22,691 - INFO - [2018] MISSING_CENTRAL: SR1E2Mu/Central/METv/px in Skim_TriLep_DYJets10to50.root
2025-11-19 16:23:15,785 - INFO - [2016preVFP] MISSING_CENTRAL: SR1E2Mu/Central/METv/px in Skim_TriLep_DYJets10to50.root
2025-11-19 16:23:16,085 - INFO - [2016postVFP] MISSING_CENTRAL: SR1E2Mu/Central/METv/px in Skim_TriLep_DYJets10to50.root
2025-11-19 16:23:16,555 - INFO - [2017] MISSING_CENTRAL: SR1E2Mu/Central/METv/px in Skim_TriLep_DYJets10to50.root
2025-11-19 16:23:16,997 - INFO - [2018] MISSING_CENTRAL: SR1E2Mu/Central/METv/px in Skim_TriLep_DYJets10to50.root
2025-12-17 22:37:39,011 - INFO - [2016preVFP] MISSING_CENTRAL: SR1E2Mu/Central/METv/px in Skim_TriLep_DYJets10to50.root
2025-12-17 22:37:39,654 - INFO - [2016postVFP] MISSING_CENTRAL: SR1E2Mu/Central/METv/px in Skim_TriLep_DYJets10to50.root
2025-12-17 22:37:40,294 - INFO - [2017] MISSING_CENTRAL: SR1E2Mu/Central/METv/px in Skim_TriLep_DYJets10to50.root
2025-12-17 22:37:40,901 - INFO - [2018] MISSING_CENTRAL: SR1E2Mu/Central/METv/px in Skim_TriLep_DYJets10to50.root
2025-12-18 14:21:51,174 - INFO - [2016preVFP] MISSING_CENTRAL: SR1E2Mu/Central/METv/px in Skim_TriLep_DYJets10to50.root
2025-12-18 14:21:51,767 - INFO - [2016postVFP] MISSING_CENTRAL: SR1E2Mu/Central/METv/px in Skim_TriLep_DYJets10to50.root
2025-12-18 14:21:52,329 - INFO - [2017] MISSING_CENTRAL: SR1E2Mu/Central/METv/px in Skim_TriLep_DYJets10to50.root
2025-12-18 14:21:52,961 - INFO - [2018] MISSING_CENTRAL: SR1E2Mu/Central/METv/px in Skim_TriLep_DYJets10to50.root
2025-12-18 14:37:15,912 - INFO - [2016preVFP] MISSING_CENTRAL: SR1E2Mu/Central/METv/px in Skim_TriLep_DYJets10to50.root
2025-12-18 14:37:16,638 - INFO - [2016postVFP] MISSING_CENTRAL: SR1E2Mu/Central/METv/px in Skim_TriLep_DYJets10to50.root
2025-12-18 14:37:17,362 - INFO - [2017] MISSING_CENTRAL: SR1E2Mu/Central/METv/px in Skim_TriLep_DYJets10to50.root
2025-12-18 14:37:18,072 - INFO - [2018] MISSING_CENTRAL: SR1E2Mu/Central/METv/px in Skim_TriLep_DYJets10to50.root
2026-01-07 11:47:04,309 - INFO - [2016preVFP] MISSING_CENTRAL: SR1E2Mu/Central/METv/px in Skim_TriLep_DYJets10to50.root
2026-01-07 11:47:04,788 - INFO - [2016postVFP] MISSING_CENTRAL: SR1E2Mu/Central/METv/px in Skim_TriLep_DYJets10to50.root
2026-01-07 11:47:05,285 - INFO - [2017] MISSING_CENTRAL: SR1E2Mu/Central/METv/px in Skim_TriLep_DYJets10to50.root
2026-01-07 11:47:05,918 - INFO - [2018] MISSING_CENTRAL: SR1E2Mu/Central/METv/px in Skim_TriLep_DYJets10to50.root
2026-01-07 18:43:49,445 - INFO - [2016preVFP] MISSING_CENTRAL: SR1E2Mu/Central/METv/px in Skim_TriLep_DYJets10to50.root
2026-01-07 18:43:50,070 - INFO - [2016postVFP] MISSING_CENTRAL: SR1E2Mu/Central/METv/px in Skim_TriLep_DYJets10to50.root
2026-01-07 18:43:50,544 - INFO - [2017] MISSING_CENTRAL: SR1E2Mu/Central/METv/px in Skim_TriLep_DYJets10to50.root
2026-01-07 18:43:51,056 - INFO - [2018] MISSING_CENTRAL: SR1E2Mu/Central/METv/px in Skim_TriLep_DYJets10to50.root
2026-01-07 19:28:52,583 - INFO - [2016preVFP] MISSING_CENTRAL: SR1E2Mu/Central/METv/px in Skim_TriLep_DYJets10to50.root
2026-01-07 19:28:53,101 - INFO - [2016postVFP] MISSING_CENTRAL: SR1E2Mu/Central/METv/px in Skim_TriLep_DYJets10to50.root
2026-01-07 19:28:53,727 - INFO - [2017] MISSING_CENTRAL: SR1E2Mu/Central/METv/px in Skim_TriLep_DYJets10to50.root
2026-01-07 19:28:54,314 - INFO - [2018] MISSING_CENTRAL: SR1E2Mu/Central/METv/px in Skim_TriLep_DYJets10to50.root
2026-01-09 12:17:54,161 - INFO - [2016preVFP] MISSING_CENTRAL: SR1E2Mu/Central/METv/px in Skim_TriLep_DYJets10to50.root
2026-01-09 12:17:54,487 - INFO - [2016postVFP] MISSING_CENTRAL: SR1E2Mu/Central/METv/px in Skim_TriLep_DYJets10to50.root
2026-01-09 12:17:54,884 - INFO - [2017] MISSING_CENTRAL: SR1E2Mu/Central/METv/px in Skim_TriLep_DYJets10to50.root
2026-01-09 12:17:55,305 - INFO - [2018] MISSING_CENTRAL: SR1E2Mu/Central/METv/px in Skim_TriLep_DYJets10to50.root
2026-01-11 09:37:58,132 - INFO - [2016preVFP] MISSING_CENTRAL: SR1E2Mu/Central/METv/px in Skim_TriLep_DYJets10to50.root
2026-01-11 09:37:58,542 - INFO - [2016postVFP] MISSING_CENTRAL: SR1E2Mu/Central/METv/px in Skim_TriLep_DYJets10to50.root
2026-01-11 09:37:58,903 - INFO - [2017] MISSING_CENTRAL: SR1E2Mu/Central/METv/px in Skim_TriLep_DYJets10to50.root
2026-01-11 09:37:59,246 - INFO - [2018] MISSING_CENTRAL: SR1E2Mu/Central/METv/px in Skim_TriLep_DYJets10to50.root
2026-01-12 13:46:37,299 - INFO - [2016preVFP] MISSING_FILE: /home/choij/Sync/workspace/ChargedHiggsAnalysisV3/SKNanoOutput/MatrixSelector/Run1E2Mu/2016preVFP/Skim_TriLep_MuonEG_B.root
2026-01-12 13:46:37,300 - INFO - [2016preVFP] MISSING_FILE: /home/choij/Sync/workspace/ChargedHiggsAnalysisV3/SKNanoOutput/MatrixSelector/Run1E2Mu/2016preVFP/Skim_TriLep_MuonEG_C.root
2026-01-12 13:46:37,300 - INFO - [2016preVFP] MISSING_FILE: /home/choij/Sync/workspace/ChargedHiggsAnalysisV3/SKNanoOutput/MatrixSelector/Run1E2Mu/2016preVFP/Skim_TriLep_MuonEG_D.root
2026-01-12 13:46:37,300 - INFO - [2016preVFP] MISSING_FILE: /home/choij/Sync/workspace/ChargedHiggsAnalysisV3/SKNanoOutput/MatrixSelector/Run1E2Mu/2016preVFP/Skim_TriLep_MuonEG_E.root
2026-01-12 13:46:37,300 - INFO - [2016preVFP] MISSING_FILE: /home/choij/Sync/workspace/ChargedHiggsAnalysisV3/SKNanoOutput/MatrixSelector/Run1E2Mu/2016preVFP/Skim_TriLep_MuonEG_F.root
2026-01-12 13:46:37,345 - INFO - [2016preVFP] MISSING_CENTRAL: SR1E2Mu/Central/METv/px in Skim_TriLep_DYJets10to50.root
2026-01-12 13:46:37,751 - INFO - [2016postVFP] MISSING_FILE: /home/choij/Sync/workspace/ChargedHiggsAnalysisV3/SKNanoOutput/MatrixSelector/Run1E2Mu/2016postVFP/Skim_TriLep_MuonEG_F.root
2026-01-12 13:46:37,752 - INFO - [2016postVFP] MISSING_FILE: /home/choij/Sync/workspace/ChargedHiggsAnalysisV3/SKNanoOutput/MatrixSelector/Run1E2Mu/2016postVFP/Skim_TriLep_MuonEG_G.root
2026-01-12 13:46:37,752 - INFO - [2016postVFP] MISSING_FILE: /home/choij/Sync/workspace/ChargedHiggsAnalysisV3/SKNanoOutput/MatrixSelector/Run1E2Mu/2016postVFP/Skim_TriLep_MuonEG_H.root
2026-01-12 13:46:37,767 - INFO - [2016postVFP] MISSING_CENTRAL: SR1E2Mu/Central/METv/px in Skim_TriLep_DYJets10to50.root
2026-01-12 13:46:38,120 - INFO - [2017] MISSING_FILE: /home/choij/Sync/workspace/ChargedHiggsAnalysisV3/SKNanoOutput/MatrixSelector/Run1E2Mu/2017/Skim_TriLep_MuonEG_B.root
2026-01-12 13:46:38,120 - INFO - [2017] MISSING_FILE: /home/choij/Sync/workspace/ChargedHiggsAnalysisV3/SKNanoOutput/MatrixSelector/Run1E2Mu/2017/Skim_TriLep_MuonEG_C.root
2026-01-12 13:46:38,120 - INFO - [2017] MISSING_FILE: /home/choij/Sync/workspace/ChargedHiggsAnalysisV3/SKNanoOutput/MatrixSelector/Run1E2Mu/2017/Skim_TriLep_MuonEG_D.root
2026-01-12 13:46:38,120 - INFO - [2017] MISSING_FILE: /home/choij/Sync/workspace/ChargedHiggsAnalysisV3/SKNanoOutput/MatrixSelector/Run1E2Mu/2017/Skim_TriLep_MuonEG_E.root
2026-01-12 13:46:38,120 - INFO - [2017] MISSING_FILE: /home/choij/Sync/workspace/ChargedHiggsAnalysisV3/SKNanoOutput/MatrixSelector/Run1E2Mu/2017/Skim_TriLep_MuonEG_F.root
2026-01-12 13:46:38,137 - INFO - [2017] MISSING_CENTRAL: SR1E2Mu/Central/METv/px in Skim_TriLep_DYJets10to50.root
2026-01-12 13:46:38,454 - INFO - [2018] MISSING_FILE: /home/choij/Sync/workspace/ChargedHiggsAnalysisV3/SKNanoOutput/MatrixSelector/Run1E2Mu/2018/Skim_TriLep_MuonEG_A.root
2026-01-12 13:46:38,455 - INFO - [2018] MISSING_FILE: /home/choij/Sync/workspace/ChargedHiggsAnalysisV3/SKNanoOutput/MatrixSelector/Run1E2Mu/2018/Skim_TriLep_MuonEG_B.root
2026-01-12 13:46:38,455 - INFO - [2018] MISSING_FILE: /home/choij/Sync/workspace/ChargedHiggsAnalysisV3/SKNanoOutput/MatrixSelector/Run1E2Mu/2018/Skim_TriLep_MuonEG_C.root
2026-01-12 13:46:38,455 - INFO - [2018] MISSING_FILE: /home/choij/Sync/workspace/ChargedHiggsAnalysisV3/SKNanoOutput/MatrixSelector/Run1E2Mu/2018/Skim_TriLep_MuonEG_D.root
2026-01-12 13:46:38,472 - INFO - [2018] MISSING_CENTRAL: SR1E2Mu/Central/METv/px in Skim_TriLep_DYJets10to50.root
2026-01-16 19:01:44,235 - INFO - [2016preVFP] MISSING_CENTRAL: SR1E2Mu/Central/METv/px in Skim_TriLep_DYJets10to50.root
2026-01-16 19:01:44,528 - INFO - [2016postVFP] MISSING_CENTRAL: SR1E2Mu/Central/METv/px in Skim_TriLep_DYJets10to50.root
2026-01-16 19:01:44,832 - INFO - [2017] MISSING_CENTRAL: SR1E2Mu/Central/METv/px in Skim_TriLep_DYJets10to50.root
2026-01-16 19:01:45,141 - INFO - [2018] MISSING_CENTRAL: SR1E2Mu/Central/METv/px in Skim_TriLep_DYJets10to50.root
2026-01-21 13:01:13,401 - INFO - [2016preVFP] MISSING_CENTRAL: SR1E2Mu/Central/METv/px in Skim_TriLep_DYJets10to50.root
2026-01-21 13:01:13,699 - INFO - [2016postVFP] MISSING_CENTRAL: SR1E2Mu/Central/METv/px in Skim_TriLep_DYJets10to50.root
2026-01-21 13:01:13,991 - INFO - [2017] MISSING_CENTRAL: SR1E2Mu/Central/METv/px in Skim_TriLep_DYJets10to50.root
2026-01-21 13:01:14,290 - INFO - [2018] MISSING_CENTRAL: SR1E2Mu/Central/METv/px in Skim_TriLep_DYJets10to50.root
2026-01-21 14:49:45,361 - INFO - [2016preVFP] MISSING_CENTRAL: SR1E2Mu/Central/METv/px in Skim_TriLep_DYJets10to50.root
2026-01-21 14:49:45,658 - INFO - [2016postVFP] MISSING_CENTRAL: SR1E2Mu/Central/METv/px in Skim_TriLep_DYJets10to50.root
2026-01-21 14:49:45,965 - INFO - [2017] MISSING_CENTRAL: SR1E2Mu/Central/METv/px in Skim_TriLep_DYJets10to50.root
2026-01-21 14:49:46,269 - INFO - [2018] MISSING_CENTRAL: SR1E2Mu/Central/METv/px in Skim_TriLep_DYJets10to50.root
2026-01-28 16:09:10,467 - INFO - [2016preVFP] MISSING_CENTRAL: SR1E2Mu/Central/METv/px in Skim_TriLep_DYJets10to50.root
2026-01-28 16:09:10,999 - INFO - [2016postVFP] MISSING_CENTRAL: SR1E2Mu/Central/METv/px in Skim_TriLep_DYJets10to50.root
2026-01-28 16:09:11,414 - INFO - [2017] MISSING_CENTRAL: SR1E2Mu/Central/METv/px in Skim_TriLep_DYJets10to50.root
2026-01-28 16:09:11,786 - INFO - [2018] MISSING_CENTRAL: SR1E2Mu/Central/METv/px in Skim_TriLep_DYJets10to50.root
2026-01-28 17:21:26,094 - INFO - [2016preVFP] MISSING_CENTRAL: SR1E2Mu/Central/METv/px in Skim_TriLep_DYJets10to50.root
2026-01-28 17:21:26,551 - INFO - [2016postVFP] MISSING_CENTRAL: SR1E2Mu/Central/METv/px in Skim_TriLep_DYJets10to50.root
2026-01-28 17:21:26,961 - INFO - [2017] MISSING_CENTRAL: SR1E2Mu/Central/METv/px in Skim_TriLep_DYJets10to50.root
2026-01-28 17:21:27,284 - INFO - [2018] MISSING_CENTRAL: SR1E2Mu/Central/METv/px in Skim_TriLep_DYJets10to50.root
2026-01-28 19:54:56,294 - INFO - [2016preVFP] MISSING_CENTRAL: SR1E2Mu/Central/METv/px in Skim_TriLep_DYJets10to50.root
2026-01-28 19:54:56,721 - INFO - [2016postVFP] MISSING_CENTRAL: SR1E2Mu/Central/METv/px in Skim_TriLep_DYJets10to50.root
2026-01-28 19:54:57,159 - INFO - [2017] MISSING_CENTRAL: SR1E2Mu/Central/METv/px in Skim_TriLep_DYJets10to50.root
2026-01-28 19:54:57,548 - INFO - [2018] MISSING_CENTRAL: SR1E2Mu/Central/METv/px in Skim_TriLep_DYJets10to50.root
2026-01-29 07:12:10,156 - INFO - [2016preVFP] MISSING_CENTRAL: SR1E2Mu/Central/METv/px in Skim_TriLep_DYJets10to50.root
2026-01-29 07:12:10,451 - INFO - [2016postVFP] MISSING_CENTRAL: SR1E2Mu/Central/METv/px in Skim_TriLep_DYJets10to50.root
2026-01-29 07:12:10,752 - INFO - [2017] MISSING_CENTRAL: SR1E2Mu/Central/METv/px in Skim_TriLep_DYJets10to50.root
2026-01-29 07:12:10,986 - INFO - [2018] MISSING_CENTRAL: SR1E2Mu/Central/METv/px in Skim_TriLep_DYJets10to50.root
2026-03-06 09:40:18,118 - INFO - [2016preVFP] MISSING_CENTRAL: SR1E2Mu/Central/METv/px in Skim_TriLep_DYJets10to50.root
2026-03-06 09:40:18,381 - INFO - [2016postVFP] MISSING_CENTRAL: SR1E2Mu/Central/METv/px in Skim_TriLep_DYJets10to50.root
2026-03-06 09:40:18,683 - INFO - [2017] MISSING_CENTRAL: SR1E2Mu/Central/METv/px in Skim_TriLep_DYJets10to50.root
2026-03-06 09:40:18,995 - INFO - [2018] MISSING_CENTRAL: SR1E2Mu/Central/METv/px in Skim_TriLep_DYJets10to50.root
2026-03-06 19:46:06,228 - INFO - [2016preVFP] MISSING_CENTRAL: SR1E2Mu/Central/METv/px in Skim_TriLep_DYJets10to50.root
2026-03-06 19:46:06,528 - INFO - [2016postVFP] MISSING_CENTRAL: SR1E2Mu/Central/METv/px in Skim_TriLep_DYJets10to50.root
2026-03-06 19:46:06,832 - INFO - [2017] MISSING_CENTRAL: SR1E2Mu/Central/METv/px in Skim_TriLep_DYJets10to50.root
2026-03-06 19:46:07,104 - INFO - [2018] MISSING_CENTRAL: SR1E2Mu/Central/METv/px in Skim_TriLep_DYJets10to50.root
2026-03-12 21:34:48,266 - INFO - [2016preVFP] MISSING_CENTRAL: SR1E2Mu/Central/METv/px in Skim_TriLep_DYJets10to50.root
2026-03-12 21:34:48,567 - INFO - [2016postVFP] MISSING_CENTRAL: SR1E2Mu/Central/METv/px in Skim_TriLep_DYJets10to50.root
2026-03-12 21:34:48,847 - INFO - [2017] MISSING_CENTRAL: SR1E2Mu/Central/METv/px in Skim_TriLep_DYJets10to50.root
2026-03-12 21:34:49,145 - INFO - [2018] MISSING_CENTRAL: SR1E2Mu/Central/METv/px in Skim_TriLep_DYJets10to50.root
2026-04-10 20:21:04,839 - INFO - [2016preVFP] MISSING_CENTRAL: SR1E2Mu/Central/METv/px in Skim_TriLep_DYJets10to50.root
2026-04-10 20:21:05,114 - INFO - [2016postVFP] MISSING_CENTRAL: SR1E2Mu/Central/METv/px in Skim_TriLep_DYJets10to50.root
2026-04-10 20:21:05,403 - INFO - [2017] MISSING_CENTRAL: SR1E2Mu/Central/METv/px in Skim_TriLep_DYJets10to50.root
2026-04-10 20:21:05,622 - INFO - [2018] MISSING_CENTRAL: SR1E2Mu/Central/METv/px in Skim_TriLep_DYJets10to50.root
2026-04-12 11:36:13,990 - INFO - [2016preVFP] MISSING_CENTRAL: SR1E2Mu/Central/METv/px in Skim_TriLep_DYJets10to50.root
2026-04-12 11:36:14,263 - INFO - [2016postVFP] MISSING_CENTRAL: SR1E2Mu/Central/METv/px in Skim_TriLep_DYJets10to50.root
2026-04-12 11:36:14,575 - INFO - [2017] MISSING_CENTRAL: SR1E2Mu/Central/METv/px in Skim_TriLep_DYJets10to50.root
2026-04-12 11:36:14,772 - INFO - [2018] MISSING_CENTRAL: SR1E2Mu/Central/METv/px in Skim_TriLep_DYJets10to50.root
2026-04-12 12:18:15,057 - INFO - [2016preVFP] MISSING_CENTRAL: SR1E2Mu/Central/METv/px in Skim_TriLep_DYJets10to50.root
2026-04-12 12:18:15,341 - INFO - [2016postVFP] MISSING_CENTRAL: SR1E2Mu/Central/METv/px in Skim_TriLep_DYJets10to50.root
2026-04-12 12:18:15,600 - INFO - [2017] MISSING_CENTRAL: SR1E2Mu/Central/METv/px in Skim_TriLep_DYJets10to50.root
2026-04-12 12:18:15,893 - INFO - [2018] MISSING_CENTRAL: SR1E2Mu/Central/METv/px in Skim_TriLep_DYJets10to50.root
2026-04-12 12:37:53,919 - INFO - [2016preVFP] MISSING_CENTRAL: SR1E2Mu/Central/METv/px in Skim_TriLep_DYJets10to50.root
2026-04-12 12:37:54,213 - INFO - [2016postVFP] MISSING_CENTRAL: SR1E2Mu/Central/METv/px in Skim_TriLep_DYJets10to50.root
2026-04-12 12:37:54,470 - INFO - [2017] MISSING_CENTRAL: SR1E2Mu/Central/METv/px in Skim_TriLep_DYJets10to50.root
2026-04-12 12:37:54,683 - INFO - [2018] MISSING_CENTRAL: SR1E2Mu/Central/METv/px in Skim_TriLep_DYJets10to50.root
2026-04-12 20:45:59,293 - INFO - [2016preVFP] MISSING_CENTRAL: SR1E2Mu/Central/METv/px in Skim_TriLep_DYJets10to50.root
2026-04-12 20:45:59,580 - INFO - [2016postVFP] MISSING_CENTRAL: SR1E2Mu/Central/METv/px in Skim_TriLep_DYJets10to50.root
2026-04-12 20:45:59,878 - INFO - [2017] MISSING_CENTRAL: SR1E2Mu/Central/METv/px in Skim_TriLep_DYJets10to50.root
2026-04-12 20:46:00,139 - INFO - [2018] MISSING_CENTRAL: SR1E2Mu/Central/METv/px in Skim_TriLep_DYJets10to50.root
2026-04-12 21:17:35,351 - INFO - [2016preVFP] MISSING_CENTRAL: SR1E2Mu/Central/METv/px in Skim_TriLep_DYJets10to50.root
2026-04-12 21:17:35,647 - INFO - [2016postVFP] MISSING_CENTRAL: SR1E2Mu/Central/METv/px in Skim_TriLep_DYJets10to50.root
2026-04-12 21:17:35,953 - INFO - [2017] MISSING_CENTRAL: SR1E2Mu/Central/METv/px in Skim_TriLep_DYJets10to50.root
2026-04-12 21:17:36,253 - INFO - [2018] MISSING_CENTRAL: SR1E2Mu/Central/METv/px in Skim_TriLep_DYJets10to50.root
2026-04-13 12:55:13,712 - INFO - [2016preVFP] MISSING_CENTRAL: SR1E2Mu/Central/METv/px in Skim_TriLep_DYJets10to50.root
2026-04-13 12:55:14,081 - INFO - [2016postVFP] MISSING_CENTRAL: SR1E2Mu/Central/METv/px in Skim_TriLep_DYJets10to50.root
2026-04-13 12:55:14,465 - INFO - [2017] MISSING_CENTRAL: SR1E2Mu/Central/METv/px in Skim_TriLep_DYJets10to50.root
2026-04-13 12:55:14,746 - INFO - [2018] MISSING_CENTRAL: SR1E2Mu/Central/METv/px in Skim_TriLep_DYJets10to50.root
2026-04-16 17:30:10,508 - INFO - [2016preVFP] MISSING_CENTRAL: SR1E2Mu/Central/METv/px in Skim_TriLep_DYJets10to50.root
2026-04-16 17:30:10,884 - INFO - [2016postVFP] MISSING_CENTRAL: SR1E2Mu/Central/METv/px in Skim_TriLep_DYJets10to50.root
2026-04-16 17:30:11,262 - INFO - [2017] MISSING_CENTRAL: SR1E2Mu/Central/METv/px in Skim_TriLep_DYJets10to50.root
2026-04-16 17:30:11,495 - INFO - [2018] MISSING_CENTRAL: SR1E2Mu/Central/METv/px in Skim_TriLep_DYJets10to50.root
2026-04-16 17:37:44,414 - INFO - [2016preVFP] MISSING_CENTRAL: SR1E2Mu/Central/METv/px in Skim_TriLep_DYJets10to50.root
2026-04-16 17:37:44,731 - INFO - [2016postVFP] MISSING_CENTRAL: SR1E2Mu/Central/METv/px in Skim_TriLep_DYJets10to50.root
2026-04-16 17:37:45,088 - INFO - [2017] MISSING_CENTRAL: SR1E2Mu/Central/METv/px in Skim_TriLep_DYJets10to50.root
2026-04-16 17:37:45,463 - INFO - [2018] MISSING_CENTRAL: SR1E2Mu/Central/METv/px in Skim_TriLep_DYJets10to50.root
2026-04-28 15:10:49,316 - INFO - [2016preVFP] MISSING_CENTRAL: SR1E2Mu/Central/METv/px in Skim_TriLep_DYJets10to50.root
2026-04-28 15:10:49,677 - INFO - [2016postVFP] MISSING_CENTRAL: SR1E2Mu/Central/METv/px in Skim_TriLep_DYJets10to50.root
2026-04-28 15:10:50,038 - INFO - [2017] MISSING_CENTRAL: SR1E2Mu/Central/METv/px in Skim_TriLep_DYJets10to50.root
2026-04-28 15:10:50,300 - INFO - [2018] MISSING_CENTRAL: SR1E2Mu/Central/METv/px in Skim_TriLep_DYJets10to50.root
2026-04-28 15:18:48,746 - INFO - [2016preVFP] MISSING_CENTRAL: SR1E2Mu/Central/METv/px in Skim_TriLep_DYJets10to50.root
2026-04-28 15:18:49,017 - INFO - [2016postVFP] MISSING_CENTRAL: SR1E2Mu/Central/METv/px in Skim_TriLep_DYJets10to50.root
2026-04-28 15:18:49,298 - INFO - [2017] MISSING_CENTRAL: SR1E2Mu/Central/METv/px in Skim_TriLep_DYJets10to50.root
2026-04-28 15:18:49,542 - INFO - [2018] MISSING_CENTRAL: SR1E2Mu/Central/METv/px in Skim_TriLep_DYJets10to50.root
2026-04-28 15:20:14,207 - INFO - [2016preVFP] MISSING_CENTRAL: SR1E2Mu/Central/METv/px in Skim_TriLep_DYJets10to50.root
2026-04-28 15:20:14,568 - INFO - [2016postVFP] MISSING_CENTRAL: SR1E2Mu/Central/METv/px in Skim_TriLep_DYJets10to50.root
2026-04-28 15:20:14,924 - INFO - [2017] MISSING_CENTRAL: SR1E2Mu/Central/METv/px in Skim_TriLep_DYJets10to50.root
2026-04-28 15:20:15,213 - INFO - [2018] MISSING_CENTRAL: SR1E2Mu/Central/METv/px in Skim_TriLep_DYJets10to50.root
2026-04-28 20:32:01,990 - INFO - [2016preVFP] MISSING_CENTRAL: SR1E2Mu/Central/METv/px in Skim_TriLep_DYJets10to50.root
2026-04-28 20:32:02,304 - INFO - [2016postVFP] MISSING_CENTRAL: SR1E2Mu/Central/METv/px in Skim_TriLep_DYJets10to50.root
2026-04-28 20:32:02,669 - INFO - [2017] MISSING_CENTRAL: SR1E2Mu/Central/METv/px in Skim_TriLep_DYJets10to50.root
2026-04-28 20:32:03,031 - INFO - [2018] MISSING_CENTRAL: SR1E2Mu/Central/METv/px in Skim_TriLep_DYJets10to50.root
2026-04-28 20:33:24,166 - INFO - [2016preVFP] MISSING_CENTRAL: SR1E2Mu/Central/METv/px in Skim_TriLep_DYJets10to50.root
2026-04-28 20:33:24,491 - INFO - [2016postVFP] MISSING_CENTRAL: SR1E2Mu/Central/METv/px in Skim_TriLep_DYJets10to50.root
2026-04-28 20:33:24,732 - INFO - [2017] MISSING_CENTRAL: SR1E2Mu/Central/METv/px in Skim_TriLep_DYJets10to50.root
2026-04-28 20:33:24,970 - INFO - [2018] MISSING_CENTRAL: SR1E2Mu/Central/METv/px in Skim_TriLep_DYJets10to50.root
2026-05-04 15:21:24,051 - INFO - [2016preVFP] MISSING_CENTRAL: SR1E2Mu/Central/METv/px in Skim_TriLep_DYJets10to50.root
2026-05-04 15:21:24,437 - INFO - [2016postVFP] MISSING_CENTRAL: SR1E2Mu/Central/METv/px in Skim_TriLep_DYJets10to50.root
2026-05-04 15:21:24,831 - INFO - [2017] MISSING_CENTRAL: SR1E2Mu/Central/METv/px in Skim_TriLep_DYJets10to50.root
2026-05-04 15:21:25,205 - INFO - [2018] MISSING_CENTRAL: SR1E2Mu/Central/METv/px in Skim_TriLep_DYJets10to50.root
2026-05-04 15:38:26,287 - INFO - [2016preVFP] MISSING_CENTRAL: SR1E2Mu/Central/METv/px in Skim_TriLep_DYJets10to50.root
2026-05-04 15:38:26,639 - INFO - [2016postVFP] MISSING_CENTRAL: SR1E2Mu/Central/METv/px in Skim_TriLep_DYJets10to50.root
2026-05-04 15:38:26,914 - INFO - [2017] MISSING_CENTRAL: SR1E2Mu/Central/METv/px in Skim_TriLep_DYJets10to50.root
2026-05-04 15:38:27,152 - INFO - [2018] MISSING_CENTRAL: SR1E2Mu/Central/METv/px in Skim_TriLep_DYJets10to50.root
2026-05-04 15:39:57,165 - INFO - [2016preVFP] MISSING_CENTRAL: SR1E2Mu/Central/METv/px in Skim_TriLep_DYJets10to50.root
2026-05-04 15:39:57,408 - INFO - [2016postVFP] MISSING_CENTRAL: SR1E2Mu/Central/METv/px in Skim_TriLep_DYJets10to50.root
2026-05-04 15:39:57,649 - INFO - [2017] MISSING_CENTRAL: SR1E2Mu/Central/METv/px in Skim_TriLep_DYJets10to50.root
2026-05-04 15:39:57,886 - INFO - [2018] MISSING_CENTRAL: SR1E2Mu/Central/METv/px in Skim_TriLep_DYJets10to50.root
2026-05-04 16:02:38,194 - INFO - [2016preVFP] MISSING_CENTRAL: SR1E2Mu/Central/METv/px in Skim_TriLep_DYJets10to50.root
2026-05-04 16:02:38,536 - INFO - [2016postVFP] MISSING_CENTRAL: SR1E2Mu/Central/METv/px in Skim_TriLep_DYJets10to50.root
2026-05-04 16:02:38,905 - INFO - [2017] MISSING_CENTRAL: SR1E2Mu/Central/METv/px in Skim_TriLep_DYJets10to50.root
2026-05-04 16:02:39,183 - INFO - [2018] MISSING_CENTRAL: SR1E2Mu/Central/METv/px in Skim_TriLep_DYJets10to50.root
2026-05-04 16:04:02,326 - INFO - [2016preVFP] MISSING_CENTRAL: SR1E2Mu/Central/METv/px in Skim_TriLep_DYJets10to50.root
2026-05-04 16:04:02,563 - INFO - [2016postVFP] MISSING_CENTRAL: SR1E2Mu/Central/METv/px in Skim_TriLep_DYJets10to50.root
2026-05-04 16:04:02,811 - INFO - [2017] MISSING_CENTRAL: SR1E2Mu/Central/METv/px in Skim_TriLep_DYJets10to50.root
2026-05-04 16:04:03,057 - INFO - [2018] MISSING_CENTRAL: SR1E2Mu/Central/METv/px in Skim_TriLep_DYJets10to50.root
2026-05-04 17:00:12,396 - INFO - [2016preVFP] MISSING_CENTRAL: SR1E2Mu/Central/METv/px in Skim_TriLep_DYJets10to50.root
2026-05-04 17:00:12,729 - INFO - [2016postVFP] MISSING_CENTRAL: SR1E2Mu/Central/METv/px in Skim_TriLep_DYJets10to50.root
2026-05-04 17:00:12,973 - INFO - [2017] MISSING_CENTRAL: SR1E2Mu/Central/METv/px in Skim_TriLep_DYJets10to50.root
2026-05-04 17:00:13,208 - INFO - [2018] MISSING_CENTRAL: SR1E2Mu/Central/METv/px in Skim_TriLep_DYJets10to50.root
2026-05-04 17:07:19,638 - INFO - [2016preVFP] MISSING_CENTRAL: SR1E2Mu/Central/METv/px in Skim_TriLep_DYJets10to50.root
2026-05-04 17:07:20,008 - INFO - [2016postVFP] MISSING_CENTRAL: SR1E2Mu/Central/METv/px in Skim_TriLep_DYJets10to50.root
2026-05-04 17:07:20,386 - INFO - [2017] MISSING_CENTRAL: SR1E2Mu/Central/METv/px in Skim_TriLep_DYJets10to50.root
2026-05-04 17:07:20,707 - INFO - [2018] MISSING_CENTRAL: SR1E2Mu/Central/METv/px in Skim_TriLep_DYJets10to50.root
2026-05-28 15:36:50,895 - INFO - [2016preVFP] MISSING_CENTRAL: SR1E2Mu/Central/METv/px in Skim_TriLep_DYJets10to50.root
2026-05-28 15:36:51,491 - INFO - [2016postVFP] MISSING_CENTRAL: SR1E2Mu/Central/METv/px in Skim_TriLep_DYJets10to50.root
2026-05-28 15:36:52,101 - INFO - [2017] MISSING_CENTRAL: SR1E2Mu/Central/METv/px in Skim_TriLep_DYJets10to50.root
2026-05-28 15:36:52,712 - INFO - [2018] MISSING_CENTRAL: SR1E2Mu/Central/METv/px in Skim_TriLep_DYJets10to50.root
2026-05-28 15:44:12,561 - INFO - [2016preVFP] MISSING_CENTRAL: SR1E2Mu/Central/METv/px in Skim_TriLep_DYJets10to50.root
2026-05-28 15:44:13,070 - INFO - [2016postVFP] MISSING_CENTRAL: SR1E2Mu/Central/METv/px in Skim_TriLep_DYJets10to50.root
2026-05-28 15:44:13,667 - INFO - [2017] MISSING_CENTRAL: SR1E2Mu/Central/METv/px in Skim_TriLep_DYJets10to50.root
2026-05-28 15:44:14,071 - INFO - [2018] MISSING_CENTRAL: SR1E2Mu/Central/METv/px in Skim_TriLep_DYJets10to50.root
2026-05-29 15:17:10,183 - INFO - [2016preVFP] MISSING_CENTRAL: SR1E2Mu/Central/METv/px in Skim_TriLep_DYJets10to50.root
2026-05-29 15:17:10,598 - INFO - [2016postVFP] MISSING_CENTRAL: SR1E2Mu/Central/METv/px in Skim_TriLep_DYJets10to50.root
2026-05-29 15:17:10,986 - INFO - [2017] MISSING_CENTRAL: SR1E2Mu/Central/METv/px in Skim_TriLep_DYJets10to50.root
2026-05-29 15:17:11,384 - INFO - [2018] MISSING_CENTRAL: SR1E2Mu/Central/METv/px in Skim_TriLep_DYJets10to50.root
2026-05-29 15:19:35,491 - INFO - [2016preVFP] MISSING_CENTRAL: SR1E2Mu/Central/METv/px in Skim_TriLep_DYJets10to50.root
2026-05-29 15:19:35,925 - INFO - [2016postVFP] MISSING_CENTRAL: SR1E2Mu/Central/METv/px in Skim_TriLep_DYJets10to50.root
2026-05-29 15:19:36,279 - INFO - [2017] MISSING_CENTRAL: SR1E2Mu/Central/METv/px in Skim_TriLep_DYJets10to50.root
2026-05-29 15:19:36,521 - INFO - [2018] MISSING_CENTRAL: SR1E2Mu/Central/METv/px in Skim_TriLep_DYJets10to50.root
2026-05-29 15:21:04,560 - INFO - [2016preVFP] MISSING_CENTRAL: SR1E2Mu/Central/METv/px in Skim_TriLep_DYJets10to50.root
2026-05-29 15:21:04,901 - INFO - [2016postVFP] MISSING_CENTRAL: SR1E2Mu/Central/METv/px in Skim_TriLep_DYJets10to50.root
2026-05-29 15:21:05,212 - INFO - [2017] MISSING_CENTRAL: SR1E2Mu/Central/METv/px in Skim_TriLep_DYJets10to50.root
2026-05-29 15:21:05,455 - INFO - [2018] MISSING_CENTRAL: SR1E2Mu/Central/METv/px in Skim_TriLep_DYJets10to50.root
2026-05-29 15:27:50,223 - INFO - [2016preVFP] MISSING_CENTRAL: SR1E2Mu/Central/METv/px in Skim_TriLep_DYJets10to50.root
2026-05-29 15:27:50,566 - INFO - [2016postVFP] MISSING_CENTRAL: SR1E2Mu/Central/METv/px in Skim_TriLep_DYJets10to50.root
2026-05-29 15:27:50,943 - INFO - [2017] MISSING_CENTRAL: SR1E2Mu/Central/METv/px in Skim_TriLep_DYJets10to50.root
2026-05-29 15:27:51,303 - INFO - [2018] MISSING_CENTRAL: SR1E2Mu/Central/METv/px in Skim_TriLep_DYJets10to50.root
2026-05-29 15:35:06,501 - INFO - [2016preVFP] MISSING_CENTRAL: SR1E2Mu/Central/METv/px in Skim_TriLep_DYJets10to50.root
2026-05-29 15:35:06,880 - INFO - [2016postVFP] MISSING_CENTRAL: SR1E2Mu/Central/METv/px in Skim_TriLep_DYJets10to50.root
2026-05-29 15:35:07,242 - INFO - [2017] MISSING_CENTRAL: SR1E2Mu/Central/METv/px in Skim_TriLep_DYJets10to50.root
2026-05-29 15:35:07,540 - INFO - [2018] MISSING_CENTRAL: SR1E2Mu/Central/METv/px in Skim_TriLep_DYJets10to50.root
2026-05-29 18:19:05,121 - INFO - [2016preVFP] MISSING_CENTRAL: SR1E2Mu/Central/METv/px in Skim_TriLep_DYJets10to50.root
2026-05-29 18:19:05,356 - INFO - [2016postVFP] MISSING_CENTRAL: SR1E2Mu/Central/METv/px in Skim_TriLep_DYJets10to50.root
2026-05-29 18:19:05,599 - INFO - [2017] MISSING_CENTRAL: SR1E2Mu/Central/METv/px in Skim_TriLep_DYJets10to50.root
2026-05-29 18:19:05,841 - INFO - [2018] MISSING_CENTRAL: SR1E2Mu/Central/METv/px in Skim_TriLep_DYJets10to50.root
2026-05-29 18:26:20,290 - INFO - [2016preVFP] MISSING_CENTRAL: SR1E2Mu/Central/METv/px in Skim_TriLep_DYJets10to50.root
2026-05-29 18:26:20,669 - INFO - [2016postVFP] MISSING_CENTRAL: SR1E2Mu/Central/METv/px in Skim_TriLep_DYJets10to50.root
2026-05-29 18:26:21,053 - INFO - [2017] MISSING_CENTRAL: SR1E2Mu/Central/METv/px in Skim_TriLep_DYJets10to50.root
2026-05-29 18:26:21,376 - INFO - [2018] MISSING_CENTRAL: SR1E2Mu/Central/METv/px in Skim_TriLep_DYJets10to50.root
2026-06-12 13:57:43,695 - INFO - [2016preVFP] MISSING_CENTRAL: SR1E2Mu/Central/METv/px in Skim_TriLep_DYJets10to50.root
2026-06-12 13:57:44,035 - INFO - [2016postVFP] MISSING_CENTRAL: SR1E2Mu/Central/METv/px in Skim_TriLep_DYJets10to50.root
2026-06-12 13:57:44,394 - INFO - [2017] MISSING_CENTRAL: SR1E2Mu/Central/METv/px in Skim_TriLep_DYJets10to50.root
2026-06-12 13:57:44,746 - INFO - [2018] MISSING_CENTRAL: SR1E2Mu/Central/METv/px in Skim_TriLep_DYJets10to50.root
2026-06-12 14:05:11,458 - INFO - [2016preVFP] MISSING_CENTRAL: SR1E2Mu/Central/METv/px in Skim_TriLep_DYJets10to50.root
2026-06-12 14:05:11,833 - INFO - [2016postVFP] MISSING_CENTRAL: SR1E2Mu/Central/METv/px in Skim_TriLep_DYJets10to50.root
2026-06-12 14:05:12,086 - INFO - [2017] MISSING_CENTRAL: SR1E2Mu/Central/METv/px in Skim_TriLep_DYJets10to50.root
2026-06-12 14:05:12,329 - INFO - [2018] MISSING_CENTRAL: SR1E2Mu/Central/METv/px in Skim_TriLep_DYJets10to50.root
2026-06-12 14:27:01,715 - INFO - [2016preVFP] MISSING_CENTRAL: SR1E2Mu/Central/METv/px in Skim_TriLep_DYJets10to50.root
2026-06-12 14:27:02,091 - INFO - [2016postVFP] MISSING_CENTRAL: SR1E2Mu/Central/METv/px in Skim_TriLep_DYJets10to50.root
2026-06-12 14:27:02,358 - INFO - [2017] MISSING_CENTRAL: SR1E2Mu/Central/METv/px in Skim_TriLep_DYJets10to50.root
2026-06-12 14:27:02,598 - INFO - [2018] MISSING_CENTRAL: SR1E2Mu/Central/METv/px in Skim_TriLep_DYJets10to50.root
2026-06-18 00:21:21,766 - INFO - [2016preVFP] MISSING_CENTRAL: SR1E2Mu/Central/METv/px in Skim_TriLep_DYJets10to50.root
2026-06-18 00:21:22,128 - INFO - [2016postVFP] MISSING_CENTRAL: SR1E2Mu/Central/METv/px in Skim_TriLep_DYJets10to50.root
2026-06-18 00:21:22,468 - INFO - [2017] MISSING_CENTRAL: SR1E2Mu/Central/METv/px in Skim_TriLep_DYJets10to50.root
2026-06-18 00:21:22,778 - INFO - [2018] MISSING_CENTRAL: SR1E2Mu/Central/METv/px in Skim_TriLep_DYJets10to50.root
