2025-09-24 15:52:46,297 - INFO - [2016preVFP] MISSING_CENTRAL: SR1E2Mu/Central/pair/eta in Skim_TriLep_DYJets10to50.root
2025-09-24 15:52:46,471 - INFO - [2016postVFP] MISSING_CENTRAL: SR1E2Mu/Central/pair/eta in Skim_TriLep_DYJets10to50.root
2025-09-24 15:52:46,623 - INFO - [2017] MISSING_CENTRAL: SR1E2Mu/Central/pair/eta in Skim_TriLep_DYJets10to50.root
2025-09-24 15:52:46,791 - INFO - [2018] MISSING_CENTRAL: SR1E2Mu/Central/pair/eta in Skim_TriLep_DYJets10to50.root
2025-09-24 15:52:46,802 - INFO - [2018] MISSING_FILE: /Users/choij/Sync/workspace/ChargedHiggsAnalysisV3/SKNanoOutput/PromptSelector/Run1E2Mu_RunSyst/2018/Skim_TriLep_TTG.root
2025-09-24 15:52:46,828 - INFO - [2018] MISSING_FILE: /Users/choij/Sync/workspace/ChargedHiggsAnalysisV3/SKNanoOutput/PromptSelector/Run1E2Mu_RunSyst/2018/Skim_TriLep_TTHToNonbb.root
2025-09-24 15:52:46,865 - INFO - [2018] MISSING_FILE: /Users/choij/Sync/workspace/ChargedHiggsAnalysisV3/SKNanoOutput/PromptSelector/Run1E2Mu_RunSyst/2018/Skim_TriLep_tHq.root
2025-09-24 15:52:46,919 - INFO - [2018] MISSING_FILE: /Users/choij/Sync/workspace/ChargedHiggsAnalysisV3/SKNanoOutput/PromptSelector/Run1E2Mu_RunSyst/2018/Skim_TriLep_VBFHToZZTo4L.root
2025-10-02 21:15:30,127 - INFO - [2016preVFP] MISSING_CENTRAL: SR1E2Mu/Central/pair/eta in Skim_TriLep_DYJets10to50.root
2025-10-02 21:15:30,474 - INFO - [2016postVFP] MISSING_CENTRAL: SR1E2Mu/Central/pair/eta in Skim_TriLep_DYJets10to50.root
2025-10-02 21:15:30,738 - INFO - [2017] MISSING_CENTRAL: SR1E2Mu/Central/pair/eta in Skim_TriLep_DYJets10to50.root
2025-10-02 21:15:30,982 - INFO - [2018] MISSING_CENTRAL: SR1E2Mu/Central/pair/eta in Skim_TriLep_DYJets10to50.root
2025-10-02 21:15:30,995 - INFO - [2018] MISSING_FILE: /data9/Users/choij/Sync/workspace/ChargedHiggsAnalysisV3/SKNanoOutput/PromptSelector/Run1E2Mu_RunSyst/2018/Skim_TriLep_TTG.root
2025-10-02 21:15:31,041 - INFO - [2018] MISSING_FILE: /data9/Users/choij/Sync/workspace/ChargedHiggsAnalysisV3/SKNanoOutput/PromptSelector/Run1E2Mu_RunSyst/2018/Skim_TriLep_TTHToNonbb.root
2025-10-02 21:15:31,083 - INFO - [2018] MISSING_FILE: /data9/Users/choij/Sync/workspace/ChargedHiggsAnalysisV3/SKNanoOutput/PromptSelector/Run1E2Mu_RunSyst/2018/Skim_TriLep_tHq.root
2025-10-02 21:15:31,151 - INFO - [2018] MISSING_FILE: /data9/Users/choij/Sync/workspace/ChargedHiggsAnalysisV3/SKNanoOutput/PromptSelector/Run1E2Mu_RunSyst/2018/Skim_TriLep_VBFHToZZTo4L.root
2025-10-03 00:04:59,211 - INFO - [2016preVFP] MISSING_CENTRAL: SR1E2Mu/Central/pair/eta in Skim_TriLep_DYJets10to50.root
2025-10-03 00:04:59,344 - INFO - [2016postVFP] MISSING_CENTRAL: SR1E2Mu/Central/pair/eta in Skim_TriLep_DYJets10to50.root
2025-10-03 00:04:59,493 - INFO - [2017] MISSING_CENTRAL: SR1E2Mu/Central/pair/eta in Skim_TriLep_DYJets10to50.root
2025-10-03 00:04:59,631 - INFO - [2018] MISSING_CENTRAL: SR1E2Mu/Central/pair/eta in Skim_TriLep_DYJets10to50.root
2025-10-03 00:04:59,640 - INFO - [2018] MISSING_FILE: /Users/choij/Sync/workspace/ChargedHiggsAnalysisV3/SKNanoOutput/PromptSelector/Run1E2Mu_RunSyst/2018/Skim_TriLep_TTG.root
2025-10-03 00:04:59,664 - INFO - [2018] MISSING_FILE: /Users/choij/Sync/workspace/ChargedHiggsAnalysisV3/SKNanoOutput/PromptSelector/Run1E2Mu_RunSyst/2018/Skim_TriLep_TTHToNonbb.root
2025-10-03 00:04:59,686 - INFO - [2018] MISSING_FILE: /Users/choij/Sync/workspace/ChargedHiggsAnalysisV3/SKNanoOutput/PromptSelector/Run1E2Mu_RunSyst/2018/Skim_TriLep_tHq.root
2025-10-03 00:04:59,726 - INFO - [2018] MISSING_FILE: /Users/choij/Sync/workspace/ChargedHiggsAnalysisV3/SKNanoOutput/PromptSelector/Run1E2Mu_RunSyst/2018/Skim_TriLep_VBFHToZZTo4L.root
2025-11-05 20:29:17,728 - INFO - [2016preVFP] MISSING_CENTRAL: SR1E2Mu/Central/pair/eta in Skim_TriLep_DYJets10to50.root
2025-11-05 20:29:17,908 - INFO - [2016postVFP] MISSING_CENTRAL: SR1E2Mu/Central/pair/eta in Skim_TriLep_DYJets10to50.root
2025-11-05 20:29:18,053 - INFO - [2017] MISSING_CENTRAL: SR1E2Mu/Central/pair/eta in Skim_TriLep_DYJets10to50.root
2025-11-05 20:29:18,184 - INFO - [2018] MISSING_CENTRAL: SR1E2Mu/Central/pair/eta in Skim_TriLep_DYJets10to50.root
2025-11-05 21:39:38,772 - INFO - [2016preVFP] MISSING_CENTRAL: SR1E2Mu/Central/pair/eta in Skim_TriLep_DYJets10to50.root
2025-11-05 21:39:38,906 - INFO - [2016postVFP] MISSING_CENTRAL: SR1E2Mu/Central/pair/eta in Skim_TriLep_DYJets10to50.root
2025-11-05 21:39:39,053 - INFO - [2017] MISSING_CENTRAL: SR1E2Mu/Central/pair/eta in Skim_TriLep_DYJets10to50.root
2025-11-05 21:39:39,184 - INFO - [2018] MISSING_CENTRAL: SR1E2Mu/Central/pair/eta in Skim_TriLep_DYJets10to50.root
2025-11-05 22:03:28,017 - INFO - [2016preVFP] MISSING_CENTRAL: SR1E2Mu/Central/pair/eta in Skim_TriLep_DYJets10to50.root
2025-11-05 22:03:28,151 - INFO - [2016postVFP] MISSING_CENTRAL: SR1E2Mu/Central/pair/eta in Skim_TriLep_DYJets10to50.root
2025-11-05 22:03:28,374 - INFO - [2017] MISSING_CENTRAL: SR1E2Mu/Central/pair/eta in Skim_TriLep_DYJets10to50.root
2025-11-05 22:03:28,596 - INFO - [2018] MISSING_CENTRAL: SR1E2Mu/Central/pair/eta in Skim_TriLep_DYJets10to50.root
2025-11-05 22:19:12,919 - INFO - [2016preVFP] MISSING_CENTRAL: SR1E2Mu/Central/pair/eta in Skim_TriLep_DYJets10to50.root
2025-11-05 22:19:13,096 - INFO - [2016postVFP] MISSING_CENTRAL: SR1E2Mu/Central/pair/eta in Skim_TriLep_DYJets10to50.root
2025-11-05 22:19:13,286 - INFO - [2017] MISSING_CENTRAL: SR1E2Mu/Central/pair/eta in Skim_TriLep_DYJets10to50.root
2025-11-05 22:19:13,451 - INFO - [2018] MISSING_CENTRAL: SR1E2Mu/Central/pair/eta in Skim_TriLep_DYJets10to50.root
2025-11-05 23:23:46,628 - INFO - [2016preVFP] MISSING_CENTRAL: SR1E2Mu/Central/pair/eta in Skim_TriLep_DYJets10to50.root
2025-11-05 23:23:46,764 - INFO - [2016postVFP] MISSING_CENTRAL: SR1E2Mu/Central/pair/eta in Skim_TriLep_DYJets10to50.root
2025-11-05 23:23:46,904 - INFO - [2017] MISSING_CENTRAL: SR1E2Mu/Central/pair/eta in Skim_TriLep_DYJets10to50.root
2025-11-05 23:23:47,060 - INFO - [2018] MISSING_CENTRAL: SR1E2Mu/Central/pair/eta in Skim_TriLep_DYJets10to50.root
2025-11-07 12:26:57,572 - INFO - [2016preVFP] MISSING_CENTRAL: SR1E2Mu/Central/pair/eta in Skim_TriLep_DYJets10to50.root
2025-11-07 12:26:57,738 - INFO - [2016postVFP] MISSING_CENTRAL: SR1E2Mu/Central/pair/eta in Skim_TriLep_DYJets10to50.root
2025-11-07 12:26:57,959 - INFO - [2017] MISSING_CENTRAL: SR1E2Mu/Central/pair/eta in Skim_TriLep_DYJets10to50.root
2025-11-07 12:26:58,109 - INFO - [2018] MISSING_CENTRAL: SR1E2Mu/Central/pair/eta in Skim_TriLep_DYJets10to50.root
2025-11-07 13:07:31,875 - INFO - [2016preVFP] MISSING_CENTRAL: SR1E2Mu/Central/pair/eta in Skim_TriLep_DYJets10to50.root
2025-11-07 13:07:32,043 - INFO - [2016postVFP] MISSING_CENTRAL: SR1E2Mu/Central/pair/eta in Skim_TriLep_DYJets10to50.root
2025-11-07 13:07:32,181 - INFO - [2017] MISSING_CENTRAL: SR1E2Mu/Central/pair/eta in Skim_TriLep_DYJets10to50.root
2025-11-07 13:07:32,353 - INFO - [2018] MISSING_CENTRAL: SR1E2Mu/Central/pair/eta in Skim_TriLep_DYJets10to50.root
2025-11-07 14:05:49,843 - INFO - [2016preVFP] MISSING_CENTRAL: SR1E2Mu/Central/pair/eta in Skim_TriLep_DYJets10to50.root
2025-11-07 14:05:50,025 - INFO - [2016postVFP] MISSING_CENTRAL: SR1E2Mu/Central/pair/eta in Skim_TriLep_DYJets10to50.root
2025-11-07 14:05:50,152 - INFO - [2017] MISSING_CENTRAL: SR1E2Mu/Central/pair/eta in Skim_TriLep_DYJets10to50.root
2025-11-07 14:05:50,286 - INFO - [2018] MISSING_CENTRAL: SR1E2Mu/Central/pair/eta in Skim_TriLep_DYJets10to50.root
2025-11-10 05:58:22,129 - INFO - [2016preVFP] MISSING_CENTRAL: SR1E2Mu/Central/pair/eta in Skim_TriLep_DYJets10to50.root
2025-11-10 05:58:22,462 - INFO - [2016postVFP] MISSING_CENTRAL: SR1E2Mu/Central/pair/eta in Skim_TriLep_DYJets10to50.root
2025-11-10 05:58:22,742 - INFO - [2017] MISSING_CENTRAL: SR1E2Mu/Central/pair/eta in Skim_TriLep_DYJets10to50.root
2025-11-10 05:58:22,955 - INFO - [2018] MISSING_CENTRAL: SR1E2Mu/Central/pair/eta in Skim_TriLep_DYJets10to50.root
2025-11-10 12:20:53,465 - INFO - [2016preVFP] MISSING_CENTRAL: SR1E2Mu/Central/pair/eta in Skim_TriLep_DYJets10to50.root
2025-11-10 12:20:53,697 - INFO - [2016postVFP] MISSING_CENTRAL: SR1E2Mu/Central/pair/eta in Skim_TriLep_DYJets10to50.root
2025-11-10 12:20:53,827 - INFO - [2017] MISSING_CENTRAL: SR1E2Mu/Central/pair/eta in Skim_TriLep_DYJets10to50.root
2025-11-10 12:20:53,962 - INFO - [2018] MISSING_CENTRAL: SR1E2Mu/Central/pair/eta in Skim_TriLep_DYJets10to50.root
2025-11-13 11:10:20,916 - INFO - [2016preVFP] MISSING_CENTRAL: SR1E2Mu/Central/pair/eta in Skim_TriLep_DYJets10to50.root
2025-11-13 11:10:21,236 - INFO - [2016postVFP] MISSING_CENTRAL: SR1E2Mu/Central/pair/eta in Skim_TriLep_DYJets10to50.root
2025-11-13 11:10:21,491 - INFO - [2017] MISSING_CENTRAL: SR1E2Mu/Central/pair/eta in Skim_TriLep_DYJets10to50.root
2025-11-13 11:10:21,761 - INFO - [2018] MISSING_CENTRAL: SR1E2Mu/Central/pair/eta in Skim_TriLep_DYJets10to50.root
2025-11-19 16:23:16,763 - INFO - [2016preVFP] MISSING_CENTRAL: SR1E2Mu/Central/pair/eta in Skim_TriLep_DYJets10to50.root
2025-11-19 16:23:16,927 - INFO - [2016postVFP] MISSING_CENTRAL: SR1E2Mu/Central/pair/eta in Skim_TriLep_DYJets10to50.root
2025-11-19 16:23:17,122 - INFO - [2017] MISSING_CENTRAL: SR1E2Mu/Central/pair/eta in Skim_TriLep_DYJets10to50.root
2025-11-19 16:23:17,271 - INFO - [2018] MISSING_CENTRAL: SR1E2Mu/Central/pair/eta in Skim_TriLep_DYJets10to50.root
2025-12-17 22:37:38,796 - INFO - [2016preVFP] MISSING_CENTRAL: SR1E2Mu/Central/pair/eta in Skim_TriLep_DYJets10to50.root
2025-12-17 22:37:39,084 - INFO - [2016postVFP] MISSING_CENTRAL: SR1E2Mu/Central/pair/eta in Skim_TriLep_DYJets10to50.root
2025-12-17 22:37:39,478 - INFO - [2017] MISSING_CENTRAL: SR1E2Mu/Central/pair/eta in Skim_TriLep_DYJets10to50.root
2025-12-17 22:37:39,730 - INFO - [2018] MISSING_CENTRAL: SR1E2Mu/Central/pair/eta in Skim_TriLep_DYJets10to50.root
2025-12-18 14:21:51,647 - INFO - [2016preVFP] MISSING_CENTRAL: SR1E2Mu/Central/pair/eta in Skim_TriLep_DYJets10to50.root
2025-12-18 14:21:51,968 - INFO - [2016postVFP] MISSING_CENTRAL: SR1E2Mu/Central/pair/eta in Skim_TriLep_DYJets10to50.root
2025-12-18 14:21:52,288 - INFO - [2017] MISSING_CENTRAL: SR1E2Mu/Central/pair/eta in Skim_TriLep_DYJets10to50.root
2025-12-18 14:21:52,745 - INFO - [2018] MISSING_CENTRAL: SR1E2Mu/Central/pair/eta in Skim_TriLep_DYJets10to50.root
2025-12-18 14:37:16,733 - INFO - [2016preVFP] MISSING_CENTRAL: SR1E2Mu/Central/pair/eta in Skim_TriLep_DYJets10to50.root
2025-12-18 14:37:17,033 - INFO - [2016postVFP] MISSING_CENTRAL: SR1E2Mu/Central/pair/eta in Skim_TriLep_DYJets10to50.root
2025-12-18 14:37:17,281 - INFO - [2017] MISSING_CENTRAL: SR1E2Mu/Central/pair/eta in Skim_TriLep_DYJets10to50.root
2025-12-18 14:37:17,512 - INFO - [2018] MISSING_CENTRAL: SR1E2Mu/Central/pair/eta in Skim_TriLep_DYJets10to50.root
2026-01-07 11:47:04,437 - INFO - [2016preVFP] MISSING_CENTRAL: SR1E2Mu/Central/pair/eta in Skim_TriLep_DYJets10to50.root
2026-01-07 11:47:04,656 - INFO - [2016postVFP] MISSING_CENTRAL: SR1E2Mu/Central/pair/eta in Skim_TriLep_DYJets10to50.root
2026-01-07 11:47:04,888 - INFO - [2017] MISSING_CENTRAL: SR1E2Mu/Central/pair/eta in Skim_TriLep_DYJets10to50.root
2026-01-07 11:47:05,138 - INFO - [2018] MISSING_CENTRAL: SR1E2Mu/Central/pair/eta in Skim_TriLep_DYJets10to50.root
2026-01-07 18:43:49,718 - INFO - [2016preVFP] MISSING_CENTRAL: SR1E2Mu/Central/pair/eta in Skim_TriLep_DYJets10to50.root
2026-01-07 18:43:49,983 - INFO - [2016postVFP] MISSING_CENTRAL: SR1E2Mu/Central/pair/eta in Skim_TriLep_DYJets10to50.root
2026-01-07 18:43:50,204 - INFO - [2017] MISSING_CENTRAL: SR1E2Mu/Central/pair/eta in Skim_TriLep_DYJets10to50.root
2026-01-07 18:43:50,433 - INFO - [2018] MISSING_CENTRAL: SR1E2Mu/Central/pair/eta in Skim_TriLep_DYJets10to50.root
2026-01-07 19:28:52,472 - INFO - [2016preVFP] MISSING_CENTRAL: SR1E2Mu/Central/pair/eta in Skim_TriLep_DYJets10to50.root
2026-01-07 19:28:52,689 - INFO - [2016postVFP] MISSING_CENTRAL: SR1E2Mu/Central/pair/eta in Skim_TriLep_DYJets10to50.root
2026-01-07 19:28:52,924 - INFO - [2017] MISSING_CENTRAL: SR1E2Mu/Central/pair/eta in Skim_TriLep_DYJets10to50.root
2026-01-07 19:28:53,161 - INFO - [2018] MISSING_CENTRAL: SR1E2Mu/Central/pair/eta in Skim_TriLep_DYJets10to50.root
2026-01-09 12:17:54,539 - INFO - [2016preVFP] MISSING_CENTRAL: SR1E2Mu/Central/pair/eta in Skim_TriLep_DYJets10to50.root
2026-01-09 12:17:54,771 - INFO - [2016postVFP] MISSING_CENTRAL: SR1E2Mu/Central/pair/eta in Skim_TriLep_DYJets10to50.root
2026-01-09 12:17:54,939 - INFO - [2017] MISSING_CENTRAL: SR1E2Mu/Central/pair/eta in Skim_TriLep_DYJets10to50.root
2026-01-09 12:17:55,082 - INFO - [2018] MISSING_CENTRAL: SR1E2Mu/Central/pair/eta in Skim_TriLep_DYJets10to50.root
2026-01-11 09:37:58,742 - INFO - [2016preVFP] MISSING_CENTRAL: SR1E2Mu/Central/pair/eta in Skim_TriLep_DYJets10to50.root
2026-01-11 09:37:58,953 - INFO - [2016postVFP] MISSING_CENTRAL: SR1E2Mu/Central/pair/eta in Skim_TriLep_DYJets10to50.root
2026-01-11 09:37:59,102 - INFO - [2017] MISSING_CENTRAL: SR1E2Mu/Central/pair/eta in Skim_TriLep_DYJets10to50.root
2026-01-11 09:37:59,247 - INFO - [2018] MISSING_CENTRAL: SR1E2Mu/Central/pair/eta in Skim_TriLep_DYJets10to50.root
2026-01-12 13:46:37,801 - INFO - [2016preVFP] MISSING_FILE: /home/choij/Sync/workspace/ChargedHiggsAnalysisV3/SKNanoOutput/MatrixSelector/Run1E2Mu/2016preVFP/Skim_TriLep_MuonEG_B.root
2026-01-12 13:46:37,802 - INFO - [2016preVFP] MISSING_FILE: /home/choij/Sync/workspace/ChargedHiggsAnalysisV3/SKNanoOutput/MatrixSelector/Run1E2Mu/2016preVFP/Skim_TriLep_MuonEG_C.root
2026-01-12 13:46:37,802 - INFO - [2016preVFP] MISSING_FILE: /home/choij/Sync/workspace/ChargedHiggsAnalysisV3/SKNanoOutput/MatrixSelector/Run1E2Mu/2016preVFP/Skim_TriLep_MuonEG_D.root
2026-01-12 13:46:37,802 - INFO - [2016preVFP] MISSING_FILE: /home/choij/Sync/workspace/ChargedHiggsAnalysisV3/SKNanoOutput/MatrixSelector/Run1E2Mu/2016preVFP/Skim_TriLep_MuonEG_E.root
2026-01-12 13:46:37,802 - INFO - [2016preVFP] MISSING_FILE: /home/choij/Sync/workspace/ChargedHiggsAnalysisV3/SKNanoOutput/MatrixSelector/Run1E2Mu/2016preVFP/Skim_TriLep_MuonEG_F.root
2026-01-12 13:46:37,826 - INFO - [2016preVFP] MISSING_CENTRAL: SR1E2Mu/Central/pair/eta in Skim_TriLep_DYJets10to50.root
2026-01-12 13:46:37,939 - INFO - [2016postVFP] MISSING_FILE: /home/choij/Sync/workspace/ChargedHiggsAnalysisV3/SKNanoOutput/MatrixSelector/Run1E2Mu/2016postVFP/Skim_TriLep_MuonEG_F.root
2026-01-12 13:46:37,940 - INFO - [2016postVFP] MISSING_FILE: /home/choij/Sync/workspace/ChargedHiggsAnalysisV3/SKNanoOutput/MatrixSelector/Run1E2Mu/2016postVFP/Skim_TriLep_MuonEG_G.root
2026-01-12 13:46:37,940 - INFO - [2016postVFP] MISSING_FILE: /home/choij/Sync/workspace/ChargedHiggsAnalysisV3/SKNanoOutput/MatrixSelector/Run1E2Mu/2016postVFP/Skim_TriLep_MuonEG_H.root
2026-01-12 13:46:37,947 - INFO - [2016postVFP] MISSING_CENTRAL: SR1E2Mu/Central/pair/eta in Skim_TriLep_DYJets10to50.root
2026-01-12 13:46:38,061 - INFO - [2017] MISSING_FILE: /home/choij/Sync/workspace/ChargedHiggsAnalysisV3/SKNanoOutput/MatrixSelector/Run1E2Mu/2017/Skim_TriLep_MuonEG_B.root
2026-01-12 13:46:38,062 - INFO - [2017] MISSING_FILE: /home/choij/Sync/workspace/ChargedHiggsAnalysisV3/SKNanoOutput/MatrixSelector/Run1E2Mu/2017/Skim_TriLep_MuonEG_C.root
2026-01-12 13:46:38,062 - INFO - [2017] MISSING_FILE: /home/choij/Sync/workspace/ChargedHiggsAnalysisV3/SKNanoOutput/MatrixSelector/Run1E2Mu/2017/Skim_TriLep_MuonEG_D.root
2026-01-12 13:46:38,062 - INFO - [2017] MISSING_FILE: /home/choij/Sync/workspace/ChargedHiggsAnalysisV3/SKNanoOutput/MatrixSelector/Run1E2Mu/2017/Skim_TriLep_MuonEG_E.root
2026-01-12 13:46:38,062 - INFO - [2017] MISSING_FILE: /home/choij/Sync/workspace/ChargedHiggsAnalysisV3/SKNanoOutput/MatrixSelector/Run1E2Mu/2017/Skim_TriLep_MuonEG_F.root
2026-01-12 13:46:38,071 - INFO - [2017] MISSING_CENTRAL: SR1E2Mu/Central/pair/eta in Skim_TriLep_DYJets10to50.root
2026-01-12 13:46:38,191 - INFO - [2018] MISSING_FILE: /home/choij/Sync/workspace/ChargedHiggsAnalysisV3/SKNanoOutput/MatrixSelector/Run1E2Mu/2018/Skim_TriLep_MuonEG_A.root
2026-01-12 13:46:38,191 - INFO - [2018] MISSING_FILE: /home/choij/Sync/workspace/ChargedHiggsAnalysisV3/SKNanoOutput/MatrixSelector/Run1E2Mu/2018/Skim_TriLep_MuonEG_B.root
2026-01-12 13:46:38,191 - INFO - [2018] MISSING_FILE: /home/choij/Sync/workspace/ChargedHiggsAnalysisV3/SKNanoOutput/MatrixSelector/Run1E2Mu/2018/Skim_TriLep_MuonEG_C.root
2026-01-12 13:46:38,191 - INFO - [2018] MISSING_FILE: /home/choij/Sync/workspace/ChargedHiggsAnalysisV3/SKNanoOutput/MatrixSelector/Run1E2Mu/2018/Skim_TriLep_MuonEG_D.root
2026-01-12 13:46:38,197 - INFO - [2018] MISSING_CENTRAL: SR1E2Mu/Central/pair/eta in Skim_TriLep_DYJets10to50.root
2026-01-16 19:01:44,502 - INFO - [2016preVFP] MISSING_CENTRAL: SR1E2Mu/Central/pair/eta in Skim_TriLep_DYJets10to50.root
2026-01-16 19:01:44,626 - INFO - [2016postVFP] MISSING_CENTRAL: SR1E2Mu/Central/pair/eta in Skim_TriLep_DYJets10to50.root
2026-01-16 19:01:44,755 - INFO - [2017] MISSING_CENTRAL: SR1E2Mu/Central/pair/eta in Skim_TriLep_DYJets10to50.root
2026-01-16 19:01:44,915 - INFO - [2018] MISSING_CENTRAL: SR1E2Mu/Central/pair/eta in Skim_TriLep_DYJets10to50.root
2026-01-21 13:01:13,660 - INFO - [2016preVFP] MISSING_CENTRAL: SR1E2Mu/Central/pair/eta in Skim_TriLep_DYJets10to50.root
2026-01-21 13:01:13,789 - INFO - [2016postVFP] MISSING_CENTRAL: SR1E2Mu/Central/pair/eta in Skim_TriLep_DYJets10to50.root
2026-01-21 13:01:13,923 - INFO - [2017] MISSING_CENTRAL: SR1E2Mu/Central/pair/eta in Skim_TriLep_DYJets10to50.root
2026-01-21 13:01:14,059 - INFO - [2018] MISSING_CENTRAL: SR1E2Mu/Central/pair/eta in Skim_TriLep_DYJets10to50.root
2026-01-21 14:49:45,796 - INFO - [2016preVFP] MISSING_CENTRAL: SR1E2Mu/Central/pair/eta in Skim_TriLep_DYJets10to50.root
2026-01-21 14:49:45,930 - INFO - [2016postVFP] MISSING_CENTRAL: SR1E2Mu/Central/pair/eta in Skim_TriLep_DYJets10to50.root
2026-01-21 14:49:46,071 - INFO - [2017] MISSING_CENTRAL: SR1E2Mu/Central/pair/eta in Skim_TriLep_DYJets10to50.root
2026-01-21 14:49:46,212 - INFO - [2018] MISSING_CENTRAL: SR1E2Mu/Central/pair/eta in Skim_TriLep_DYJets10to50.root
2026-01-28 16:09:11,245 - INFO - [2016preVFP] MISSING_CENTRAL: SR1E2Mu/Central/pair/eta in Skim_TriLep_DYJets10to50.root
2026-01-28 16:09:11,355 - INFO - [2016postVFP] MISSING_CENTRAL: SR1E2Mu/Central/pair/eta in Skim_TriLep_DYJets10to50.root
2026-01-28 16:09:11,489 - INFO - [2017] MISSING_CENTRAL: SR1E2Mu/Central/pair/eta in Skim_TriLep_DYJets10to50.root
2026-01-28 16:09:11,640 - INFO - [2018] MISSING_CENTRAL: SR1E2Mu/Central/pair/eta in Skim_TriLep_DYJets10to50.root
2026-01-28 17:21:26,391 - INFO - [2016preVFP] MISSING_CENTRAL: SR1E2Mu/Central/pair/eta in Skim_TriLep_DYJets10to50.root
2026-01-28 17:21:26,520 - INFO - [2016postVFP] MISSING_CENTRAL: SR1E2Mu/Central/pair/eta in Skim_TriLep_DYJets10to50.root
2026-01-28 17:21:26,634 - INFO - [2017] MISSING_CENTRAL: SR1E2Mu/Central/pair/eta in Skim_TriLep_DYJets10to50.root
2026-01-28 17:21:26,764 - INFO - [2018] MISSING_CENTRAL: SR1E2Mu/Central/pair/eta in Skim_TriLep_DYJets10to50.root
2026-01-28 19:54:56,491 - INFO - [2016preVFP] MISSING_CENTRAL: SR1E2Mu/Central/pair/eta in Skim_TriLep_DYJets10to50.root
2026-01-28 19:54:56,651 - INFO - [2016postVFP] MISSING_CENTRAL: SR1E2Mu/Central/pair/eta in Skim_TriLep_DYJets10to50.root
2026-01-28 19:54:56,823 - INFO - [2017] MISSING_CENTRAL: SR1E2Mu/Central/pair/eta in Skim_TriLep_DYJets10to50.root
2026-01-28 19:54:56,991 - INFO - [2018] MISSING_CENTRAL: SR1E2Mu/Central/pair/eta in Skim_TriLep_DYJets10to50.root
2026-01-29 07:12:10,441 - INFO - [2016preVFP] MISSING_CENTRAL: SR1E2Mu/Central/pair/eta in Skim_TriLep_DYJets10to50.root
2026-01-29 07:12:10,539 - INFO - [2016postVFP] MISSING_CENTRAL: SR1E2Mu/Central/pair/eta in Skim_TriLep_DYJets10to50.root
2026-01-29 07:12:10,630 - INFO - [2017] MISSING_CENTRAL: SR1E2Mu/Central/pair/eta in Skim_TriLep_DYJets10to50.root
2026-01-29 07:12:10,762 - INFO - [2018] MISSING_CENTRAL: SR1E2Mu/Central/pair/eta in Skim_TriLep_DYJets10to50.root
2026-03-06 09:40:18,226 - INFO - [2016preVFP] MISSING_CENTRAL: SR1E2Mu/Central/pair/eta in Skim_TriLep_DYJets10to50.root
2026-03-06 09:40:18,354 - INFO - [2016postVFP] MISSING_CENTRAL: SR1E2Mu/Central/pair/eta in Skim_TriLep_DYJets10to50.root
2026-03-06 09:40:18,493 - INFO - [2017] MISSING_CENTRAL: SR1E2Mu/Central/pair/eta in Skim_TriLep_DYJets10to50.root
2026-03-06 09:40:18,633 - INFO - [2018] MISSING_CENTRAL: SR1E2Mu/Central/pair/eta in Skim_TriLep_DYJets10to50.root
2026-03-06 19:46:06,297 - INFO - [2016preVFP] MISSING_CENTRAL: SR1E2Mu/Central/pair/eta in Skim_TriLep_DYJets10to50.root
2026-03-06 19:46:06,425 - INFO - [2016postVFP] MISSING_CENTRAL: SR1E2Mu/Central/pair/eta in Skim_TriLep_DYJets10to50.root
2026-03-06 19:46:06,565 - INFO - [2017] MISSING_CENTRAL: SR1E2Mu/Central/pair/eta in Skim_TriLep_DYJets10to50.root
2026-03-06 19:46:06,701 - INFO - [2018] MISSING_CENTRAL: SR1E2Mu/Central/pair/eta in Skim_TriLep_DYJets10to50.root
2026-03-12 21:34:48,573 - INFO - [2016preVFP] MISSING_CENTRAL: SR1E2Mu/Central/pair/eta in Skim_TriLep_DYJets10to50.root
2026-03-12 21:34:48,693 - INFO - [2016postVFP] MISSING_CENTRAL: SR1E2Mu/Central/pair/eta in Skim_TriLep_DYJets10to50.root
2026-03-12 21:34:48,826 - INFO - [2017] MISSING_CENTRAL: SR1E2Mu/Central/pair/eta in Skim_TriLep_DYJets10to50.root
2026-03-12 21:34:48,963 - INFO - [2018] MISSING_CENTRAL: SR1E2Mu/Central/pair/eta in Skim_TriLep_DYJets10to50.root
2026-04-10 20:21:04,981 - INFO - [2016preVFP] MISSING_CENTRAL: SR1E2Mu/Central/pair/eta in Skim_TriLep_DYJets10to50.root
2026-04-10 20:21:05,110 - INFO - [2016postVFP] MISSING_CENTRAL: SR1E2Mu/Central/pair/eta in Skim_TriLep_DYJets10to50.root
2026-04-10 20:21:05,245 - INFO - [2017] MISSING_CENTRAL: SR1E2Mu/Central/pair/eta in Skim_TriLep_DYJets10to50.root
2026-04-10 20:21:05,373 - INFO - [2018] MISSING_CENTRAL: SR1E2Mu/Central/pair/eta in Skim_TriLep_DYJets10to50.root
2026-04-12 11:36:14,302 - INFO - [2016preVFP] MISSING_CENTRAL: SR1E2Mu/Central/pair/eta in Skim_TriLep_DYJets10to50.root
2026-04-12 11:36:14,443 - INFO - [2016postVFP] MISSING_CENTRAL: SR1E2Mu/Central/pair/eta in Skim_TriLep_DYJets10to50.root
2026-04-12 11:36:14,573 - INFO - [2017] MISSING_CENTRAL: SR1E2Mu/Central/pair/eta in Skim_TriLep_DYJets10to50.root
2026-04-12 11:36:14,707 - INFO - [2018] MISSING_CENTRAL: SR1E2Mu/Central/pair/eta in Skim_TriLep_DYJets10to50.root
2026-04-12 12:18:15,163 - INFO - [2016preVFP] MISSING_CENTRAL: SR1E2Mu/Central/pair/eta in Skim_TriLep_DYJets10to50.root
2026-04-12 12:18:15,274 - INFO - [2016postVFP] MISSING_CENTRAL: SR1E2Mu/Central/pair/eta in Skim_TriLep_DYJets10to50.root
2026-04-12 12:18:15,367 - INFO - [2017] MISSING_CENTRAL: SR1E2Mu/Central/pair/eta in Skim_TriLep_DYJets10to50.root
2026-04-12 12:18:15,450 - INFO - [2018] MISSING_CENTRAL: SR1E2Mu/Central/pair/eta in Skim_TriLep_DYJets10to50.root
2026-04-12 12:37:54,061 - INFO - [2016preVFP] MISSING_CENTRAL: SR1E2Mu/Central/pair/eta in Skim_TriLep_DYJets10to50.root
2026-04-12 12:37:54,194 - INFO - [2016postVFP] MISSING_CENTRAL: SR1E2Mu/Central/pair/eta in Skim_TriLep_DYJets10to50.root
2026-04-12 12:37:54,332 - INFO - [2017] MISSING_CENTRAL: SR1E2Mu/Central/pair/eta in Skim_TriLep_DYJets10to50.root
2026-04-12 12:37:54,465 - INFO - [2018] MISSING_CENTRAL: SR1E2Mu/Central/pair/eta in Skim_TriLep_DYJets10to50.root
2026-04-12 20:45:59,567 - INFO - [2016preVFP] MISSING_CENTRAL: SR1E2Mu/Central/pair/eta in Skim_TriLep_DYJets10to50.root
2026-04-12 20:45:59,685 - INFO - [2016postVFP] MISSING_CENTRAL: SR1E2Mu/Central/pair/eta in Skim_TriLep_DYJets10to50.root
2026-04-12 20:45:59,818 - INFO - [2017] MISSING_CENTRAL: SR1E2Mu/Central/pair/eta in Skim_TriLep_DYJets10to50.root
2026-04-12 20:45:59,958 - INFO - [2018] MISSING_CENTRAL: SR1E2Mu/Central/pair/eta in Skim_TriLep_DYJets10to50.root
2026-04-12 21:17:35,633 - INFO - [2016preVFP] MISSING_CENTRAL: SR1E2Mu/Central/pair/eta in Skim_TriLep_DYJets10to50.root
2026-04-12 21:17:35,758 - INFO - [2016postVFP] MISSING_CENTRAL: SR1E2Mu/Central/pair/eta in Skim_TriLep_DYJets10to50.root
2026-04-12 21:17:35,876 - INFO - [2017] MISSING_CENTRAL: SR1E2Mu/Central/pair/eta in Skim_TriLep_DYJets10to50.root
2026-04-12 21:17:35,969 - INFO - [2018] MISSING_CENTRAL: SR1E2Mu/Central/pair/eta in Skim_TriLep_DYJets10to50.root
2026-04-13 12:55:13,953 - INFO - [2016preVFP] MISSING_CENTRAL: SR1E2Mu/Central/pair/eta in Skim_TriLep_DYJets10to50.root
2026-04-13 12:55:14,082 - INFO - [2016postVFP] MISSING_CENTRAL: SR1E2Mu/Central/pair/eta in Skim_TriLep_DYJets10to50.root
2026-04-13 12:55:14,183 - INFO - [2017] MISSING_CENTRAL: SR1E2Mu/Central/pair/eta in Skim_TriLep_DYJets10to50.root
2026-04-13 12:55:14,286 - INFO - [2018] MISSING_CENTRAL: SR1E2Mu/Central/pair/eta in Skim_TriLep_DYJets10to50.root
2026-04-16 17:30:10,756 - INFO - [2016preVFP] MISSING_CENTRAL: SR1E2Mu/Central/pair/eta in Skim_TriLep_DYJets10to50.root
2026-04-16 17:30:10,877 - INFO - [2016postVFP] MISSING_CENTRAL: SR1E2Mu/Central/pair/eta in Skim_TriLep_DYJets10to50.root
2026-04-16 17:30:11,027 - INFO - [2017] MISSING_CENTRAL: SR1E2Mu/Central/pair/eta in Skim_TriLep_DYJets10to50.root
2026-04-16 17:30:11,174 - INFO - [2018] MISSING_CENTRAL: SR1E2Mu/Central/pair/eta in Skim_TriLep_DYJets10to50.root
2026-04-16 17:37:45,206 - INFO - [2016preVFP] MISSING_CENTRAL: SR1E2Mu/Central/pair/eta in Skim_TriLep_DYJets10to50.root
2026-04-16 17:37:45,302 - INFO - [2016postVFP] MISSING_CENTRAL: SR1E2Mu/Central/pair/eta in Skim_TriLep_DYJets10to50.root
2026-04-16 17:37:45,394 - INFO - [2017] MISSING_CENTRAL: SR1E2Mu/Central/pair/eta in Skim_TriLep_DYJets10to50.root
2026-04-16 17:37:45,491 - INFO - [2018] MISSING_CENTRAL: SR1E2Mu/Central/pair/eta in Skim_TriLep_DYJets10to50.root
2026-04-28 15:10:49,769 - INFO - [2016preVFP] MISSING_CENTRAL: SR1E2Mu/Central/pair/eta in Skim_TriLep_DYJets10to50.root
2026-04-28 15:10:49,903 - INFO - [2016postVFP] MISSING_CENTRAL: SR1E2Mu/Central/pair/eta in Skim_TriLep_DYJets10to50.root
2026-04-28 15:10:50,048 - INFO - [2017] MISSING_CENTRAL: SR1E2Mu/Central/pair/eta in Skim_TriLep_DYJets10to50.root
2026-04-28 15:10:50,204 - INFO - [2018] MISSING_CENTRAL: SR1E2Mu/Central/pair/eta in Skim_TriLep_DYJets10to50.root
2026-04-28 15:18:48,923 - INFO - [2016preVFP] MISSING_CENTRAL: SR1E2Mu/Central/pair/eta in Skim_TriLep_DYJets10to50.root
2026-04-28 15:18:49,059 - INFO - [2016postVFP] MISSING_CENTRAL: SR1E2Mu/Central/pair/eta in Skim_TriLep_DYJets10to50.root
2026-04-28 15:18:49,191 - INFO - [2017] MISSING_CENTRAL: SR1E2Mu/Central/pair/eta in Skim_TriLep_DYJets10to50.root
2026-04-28 15:18:49,292 - INFO - [2018] MISSING_CENTRAL: SR1E2Mu/Central/pair/eta in Skim_TriLep_DYJets10to50.root
2026-04-28 15:20:14,568 - INFO - [2016preVFP] MISSING_CENTRAL: SR1E2Mu/Central/pair/eta in Skim_TriLep_DYJets10to50.root
2026-04-28 15:20:14,703 - INFO - [2016postVFP] MISSING_CENTRAL: SR1E2Mu/Central/pair/eta in Skim_TriLep_DYJets10to50.root
2026-04-28 15:20:14,839 - INFO - [2017] MISSING_CENTRAL: SR1E2Mu/Central/pair/eta in Skim_TriLep_DYJets10to50.root
2026-04-28 15:20:14,949 - INFO - [2018] MISSING_CENTRAL: SR1E2Mu/Central/pair/eta in Skim_TriLep_DYJets10to50.root
2026-04-28 20:32:02,285 - INFO - [2016preVFP] MISSING_CENTRAL: SR1E2Mu/Central/pair/eta in Skim_TriLep_DYJets10to50.root
2026-04-28 20:32:02,422 - INFO - [2016postVFP] MISSING_CENTRAL: SR1E2Mu/Central/pair/eta in Skim_TriLep_DYJets10to50.root
2026-04-28 20:32:02,561 - INFO - [2017] MISSING_CENTRAL: SR1E2Mu/Central/pair/eta in Skim_TriLep_DYJets10to50.root
2026-04-28 20:32:02,699 - INFO - [2018] MISSING_CENTRAL: SR1E2Mu/Central/pair/eta in Skim_TriLep_DYJets10to50.root
2026-04-28 20:33:24,345 - INFO - [2016preVFP] MISSING_CENTRAL: SR1E2Mu/Central/pair/eta in Skim_TriLep_DYJets10to50.root
2026-04-28 20:33:24,482 - INFO - [2016postVFP] MISSING_CENTRAL: SR1E2Mu/Central/pair/eta in Skim_TriLep_DYJets10to50.root
2026-04-28 20:33:24,628 - INFO - [2017] MISSING_CENTRAL: SR1E2Mu/Central/pair/eta in Skim_TriLep_DYJets10to50.root
2026-04-28 20:33:24,777 - INFO - [2018] MISSING_CENTRAL: SR1E2Mu/Central/pair/eta in Skim_TriLep_DYJets10to50.root
2026-05-04 15:21:24,552 - INFO - [2016preVFP] MISSING_CENTRAL: SR1E2Mu/Central/pair/eta in Skim_TriLep_DYJets10to50.root
2026-05-04 15:21:24,691 - INFO - [2016postVFP] MISSING_CENTRAL: SR1E2Mu/Central/pair/eta in Skim_TriLep_DYJets10to50.root
2026-05-04 15:21:24,835 - INFO - [2017] MISSING_CENTRAL: SR1E2Mu/Central/pair/eta in Skim_TriLep_DYJets10to50.root
2026-05-04 15:21:24,983 - INFO - [2018] MISSING_CENTRAL: SR1E2Mu/Central/pair/eta in Skim_TriLep_DYJets10to50.root
2026-05-04 15:38:26,420 - INFO - [2016preVFP] MISSING_CENTRAL: SR1E2Mu/Central/pair/eta in Skim_TriLep_DYJets10to50.root
2026-05-04 15:38:26,515 - INFO - [2016postVFP] MISSING_CENTRAL: SR1E2Mu/Central/pair/eta in Skim_TriLep_DYJets10to50.root
2026-05-04 15:38:26,662 - INFO - [2017] MISSING_CENTRAL: SR1E2Mu/Central/pair/eta in Skim_TriLep_DYJets10to50.root
2026-05-04 15:38:26,804 - INFO - [2018] MISSING_CENTRAL: SR1E2Mu/Central/pair/eta in Skim_TriLep_DYJets10to50.root
2026-05-04 15:39:57,382 - INFO - [2016preVFP] MISSING_CENTRAL: SR1E2Mu/Central/pair/eta in Skim_TriLep_DYJets10to50.root
2026-05-04 15:39:57,521 - INFO - [2016postVFP] MISSING_CENTRAL: SR1E2Mu/Central/pair/eta in Skim_TriLep_DYJets10to50.root
2026-05-04 15:39:57,661 - INFO - [2017] MISSING_CENTRAL: SR1E2Mu/Central/pair/eta in Skim_TriLep_DYJets10to50.root
2026-05-04 15:39:57,798 - INFO - [2018] MISSING_CENTRAL: SR1E2Mu/Central/pair/eta in Skim_TriLep_DYJets10to50.root
2026-05-04 16:02:38,434 - INFO - [2016preVFP] MISSING_CENTRAL: SR1E2Mu/Central/pair/eta in Skim_TriLep_DYJets10to50.root
2026-05-04 16:02:38,567 - INFO - [2016postVFP] MISSING_CENTRAL: SR1E2Mu/Central/pair/eta in Skim_TriLep_DYJets10to50.root
2026-05-04 16:02:38,711 - INFO - [2017] MISSING_CENTRAL: SR1E2Mu/Central/pair/eta in Skim_TriLep_DYJets10to50.root
2026-05-04 16:02:38,860 - INFO - [2018] MISSING_CENTRAL: SR1E2Mu/Central/pair/eta in Skim_TriLep_DYJets10to50.root
2026-05-04 16:04:02,609 - INFO - [2016preVFP] MISSING_CENTRAL: SR1E2Mu/Central/pair/eta in Skim_TriLep_DYJets10to50.root
2026-05-04 16:04:02,743 - INFO - [2016postVFP] MISSING_CENTRAL: SR1E2Mu/Central/pair/eta in Skim_TriLep_DYJets10to50.root
2026-05-04 16:04:02,888 - INFO - [2017] MISSING_CENTRAL: SR1E2Mu/Central/pair/eta in Skim_TriLep_DYJets10to50.root
2026-05-04 16:04:03,037 - INFO - [2018] MISSING_CENTRAL: SR1E2Mu/Central/pair/eta in Skim_TriLep_DYJets10to50.root
2026-05-04 17:00:12,729 - INFO - [2016preVFP] MISSING_CENTRAL: SR1E2Mu/Central/pair/eta in Skim_TriLep_DYJets10to50.root
2026-05-04 17:00:12,866 - INFO - [2016postVFP] MISSING_CENTRAL: SR1E2Mu/Central/pair/eta in Skim_TriLep_DYJets10to50.root
2026-05-04 17:00:13,008 - INFO - [2017] MISSING_CENTRAL: SR1E2Mu/Central/pair/eta in Skim_TriLep_DYJets10to50.root
2026-05-04 17:00:13,149 - INFO - [2018] MISSING_CENTRAL: SR1E2Mu/Central/pair/eta in Skim_TriLep_DYJets10to50.root
2026-05-04 17:07:19,718 - INFO - [2016preVFP] MISSING_CENTRAL: SR1E2Mu/Central/pair/eta in Skim_TriLep_DYJets10to50.root
2026-05-04 17:07:19,859 - INFO - [2016postVFP] MISSING_CENTRAL: SR1E2Mu/Central/pair/eta in Skim_TriLep_DYJets10to50.root
2026-05-04 17:07:20,006 - INFO - [2017] MISSING_CENTRAL: SR1E2Mu/Central/pair/eta in Skim_TriLep_DYJets10to50.root
2026-05-04 17:07:20,162 - INFO - [2018] MISSING_CENTRAL: SR1E2Mu/Central/pair/eta in Skim_TriLep_DYJets10to50.root
2026-05-28 15:36:51,314 - INFO - [2016preVFP] MISSING_CENTRAL: SR1E2Mu/Central/pair/eta in Skim_TriLep_DYJets10to50.root
2026-05-28 15:36:51,469 - INFO - [2016postVFP] MISSING_CENTRAL: SR1E2Mu/Central/pair/eta in Skim_TriLep_DYJets10to50.root
2026-05-28 15:36:51,637 - INFO - [2017] MISSING_CENTRAL: SR1E2Mu/Central/pair/eta in Skim_TriLep_DYJets10to50.root
2026-05-28 15:36:51,813 - INFO - [2018] MISSING_CENTRAL: SR1E2Mu/Central/pair/eta in Skim_TriLep_DYJets10to50.root
2026-05-28 15:44:12,430 - INFO - [2016preVFP] MISSING_CENTRAL: SR1E2Mu/Central/pair/eta in Skim_TriLep_DYJets10to50.root
2026-05-28 15:44:12,655 - INFO - [2016postVFP] MISSING_CENTRAL: SR1E2Mu/Central/pair/eta in Skim_TriLep_DYJets10to50.root
2026-05-28 15:44:12,891 - INFO - [2017] MISSING_CENTRAL: SR1E2Mu/Central/pair/eta in Skim_TriLep_DYJets10to50.root
2026-05-28 15:44:13,130 - INFO - [2018] MISSING_CENTRAL: SR1E2Mu/Central/pair/eta in Skim_TriLep_DYJets10to50.root
2026-05-29 15:17:10,466 - INFO - [2016preVFP] MISSING_CENTRAL: SR1E2Mu/Central/pair/eta in Skim_TriLep_DYJets10to50.root
2026-05-29 15:17:10,602 - INFO - [2016postVFP] MISSING_CENTRAL: SR1E2Mu/Central/pair/eta in Skim_TriLep_DYJets10to50.root
2026-05-29 15:17:10,759 - INFO - [2017] MISSING_CENTRAL: SR1E2Mu/Central/pair/eta in Skim_TriLep_DYJets10to50.root
2026-05-29 15:17:10,907 - INFO - [2018] MISSING_CENTRAL: SR1E2Mu/Central/pair/eta in Skim_TriLep_DYJets10to50.root
2026-05-29 15:19:35,659 - INFO - [2016preVFP] MISSING_CENTRAL: SR1E2Mu/Central/pair/eta in Skim_TriLep_DYJets10to50.root
2026-05-29 15:19:35,894 - INFO - [2016postVFP] MISSING_CENTRAL: SR1E2Mu/Central/pair/eta in Skim_TriLep_DYJets10to50.root
2026-05-29 15:19:36,061 - INFO - [2017] MISSING_CENTRAL: SR1E2Mu/Central/pair/eta in Skim_TriLep_DYJets10to50.root
2026-05-29 15:19:36,206 - INFO - [2018] MISSING_CENTRAL: SR1E2Mu/Central/pair/eta in Skim_TriLep_DYJets10to50.root
2026-05-29 15:21:04,841 - INFO - [2016preVFP] MISSING_CENTRAL: SR1E2Mu/Central/pair/eta in Skim_TriLep_DYJets10to50.root
2026-05-29 15:21:04,978 - INFO - [2016postVFP] MISSING_CENTRAL: SR1E2Mu/Central/pair/eta in Skim_TriLep_DYJets10to50.root
2026-05-29 15:21:05,125 - INFO - [2017] MISSING_CENTRAL: SR1E2Mu/Central/pair/eta in Skim_TriLep_DYJets10to50.root
2026-05-29 15:21:05,274 - INFO - [2018] MISSING_CENTRAL: SR1E2Mu/Central/pair/eta in Skim_TriLep_DYJets10to50.root
2026-05-29 15:27:50,486 - INFO - [2016preVFP] MISSING_CENTRAL: SR1E2Mu/Central/pair/eta in Skim_TriLep_DYJets10to50.root
2026-05-29 15:27:50,632 - INFO - [2016postVFP] MISSING_CENTRAL: SR1E2Mu/Central/pair/eta in Skim_TriLep_DYJets10to50.root
2026-05-29 15:27:50,783 - INFO - [2017] MISSING_CENTRAL: SR1E2Mu/Central/pair/eta in Skim_TriLep_DYJets10to50.root
2026-05-29 15:27:50,930 - INFO - [2018] MISSING_CENTRAL: SR1E2Mu/Central/pair/eta in Skim_TriLep_DYJets10to50.root
2026-05-29 15:35:06,905 - INFO - [2016preVFP] MISSING_CENTRAL: SR1E2Mu/Central/pair/eta in Skim_TriLep_DYJets10to50.root
2026-05-29 15:35:07,044 - INFO - [2016postVFP] MISSING_CENTRAL: SR1E2Mu/Central/pair/eta in Skim_TriLep_DYJets10to50.root
2026-05-29 15:35:07,194 - INFO - [2017] MISSING_CENTRAL: SR1E2Mu/Central/pair/eta in Skim_TriLep_DYJets10to50.root
2026-05-29 15:35:07,346 - INFO - [2018] MISSING_CENTRAL: SR1E2Mu/Central/pair/eta in Skim_TriLep_DYJets10to50.root
2026-05-29 18:19:05,221 - INFO - [2016preVFP] MISSING_CENTRAL: SR1E2Mu/Central/pair/eta in Skim_TriLep_DYJets10to50.root
2026-05-29 18:19:05,362 - INFO - [2016postVFP] MISSING_CENTRAL: SR1E2Mu/Central/pair/eta in Skim_TriLep_DYJets10to50.root
2026-05-29 18:19:05,505 - INFO - [2017] MISSING_CENTRAL: SR1E2Mu/Central/pair/eta in Skim_TriLep_DYJets10to50.root
2026-05-29 18:19:05,655 - INFO - [2018] MISSING_CENTRAL: SR1E2Mu/Central/pair/eta in Skim_TriLep_DYJets10to50.root
2026-05-29 18:26:20,536 - INFO - [2016preVFP] MISSING_CENTRAL: SR1E2Mu/Central/pair/eta in Skim_TriLep_DYJets10to50.root
2026-05-29 18:26:20,671 - INFO - [2016postVFP] MISSING_CENTRAL: SR1E2Mu/Central/pair/eta in Skim_TriLep_DYJets10to50.root
2026-05-29 18:26:20,818 - INFO - [2017] MISSING_CENTRAL: SR1E2Mu/Central/pair/eta in Skim_TriLep_DYJets10to50.root
2026-05-29 18:26:20,969 - INFO - [2018] MISSING_CENTRAL: SR1E2Mu/Central/pair/eta in Skim_TriLep_DYJets10to50.root
2026-06-12 13:57:43,978 - INFO - [2016preVFP] MISSING_CENTRAL: SR1E2Mu/Central/pair/eta in Skim_TriLep_DYJets10to50.root
2026-06-12 13:57:44,117 - INFO - [2016postVFP] MISSING_CENTRAL: SR1E2Mu/Central/pair/eta in Skim_TriLep_DYJets10to50.root
2026-06-12 13:57:44,260 - INFO - [2017] MISSING_CENTRAL: SR1E2Mu/Central/pair/eta in Skim_TriLep_DYJets10to50.root
2026-06-12 13:57:44,393 - INFO - [2018] MISSING_CENTRAL: SR1E2Mu/Central/pair/eta in Skim_TriLep_DYJets10to50.root
2026-06-12 14:05:11,898 - INFO - [2016preVFP] MISSING_CENTRAL: SR1E2Mu/Central/pair/eta in Skim_TriLep_DYJets10to50.root
2026-06-12 14:05:12,039 - INFO - [2016postVFP] MISSING_CENTRAL: SR1E2Mu/Central/pair/eta in Skim_TriLep_DYJets10to50.root
2026-06-12 14:05:12,184 - INFO - [2017] MISSING_CENTRAL: SR1E2Mu/Central/pair/eta in Skim_TriLep_DYJets10to50.root
2026-06-12 14:05:12,325 - INFO - [2018] MISSING_CENTRAL: SR1E2Mu/Central/pair/eta in Skim_TriLep_DYJets10to50.root
2026-06-12 14:27:01,865 - INFO - [2016preVFP] MISSING_CENTRAL: SR1E2Mu/Central/pair/eta in Skim_TriLep_DYJets10to50.root
2026-06-12 14:27:02,006 - INFO - [2016postVFP] MISSING_CENTRAL: SR1E2Mu/Central/pair/eta in Skim_TriLep_DYJets10to50.root
2026-06-12 14:27:02,155 - INFO - [2017] MISSING_CENTRAL: SR1E2Mu/Central/pair/eta in Skim_TriLep_DYJets10to50.root
2026-06-12 14:27:02,303 - INFO - [2018] MISSING_CENTRAL: SR1E2Mu/Central/pair/eta in Skim_TriLep_DYJets10to50.root
2026-06-18 00:21:22,075 - INFO - [2016preVFP] MISSING_CENTRAL: SR1E2Mu/Central/pair/eta in Skim_TriLep_DYJets10to50.root
2026-06-18 00:21:22,180 - INFO - [2016postVFP] MISSING_CENTRAL: SR1E2Mu/Central/pair/eta in Skim_TriLep_DYJets10to50.root
2026-06-18 00:21:22,285 - INFO - [2017] MISSING_CENTRAL: SR1E2Mu/Central/pair/eta in Skim_TriLep_DYJets10to50.root
2026-06-18 00:21:22,402 - INFO - [2018] MISSING_CENTRAL: SR1E2Mu/Central/pair/eta in Skim_TriLep_DYJets10to50.root
2026-07-01 17:35:42,707 - INFO - [2016preVFP] MISSING_CENTRAL: SR1E2Mu/Central/pair/eta in Skim_TriLep_DYJets10to50.root
2026-07-01 17:35:43,003 - INFO - [2016postVFP] MISSING_CENTRAL: SR1E2Mu/Central/pair/eta in Skim_TriLep_DYJets10to50.root
2026-07-01 17:35:43,305 - INFO - [2017] MISSING_CENTRAL: SR1E2Mu/Central/pair/eta in Skim_TriLep_DYJets10to50.root
2026-07-01 17:35:43,617 - INFO - [2018] MISSING_CENTRAL: SR1E2Mu/Central/pair/eta in Skim_TriLep_DYJets10to50.root
